2026-06-26 16:44:15.736 Df lsd[13177:7ce1f6] [com.apple.launchservices:progress] Updating installPhase for <NSProgress: com.DefaultCompany.NeonDrift.run.1782463407.6244 phase=Loading; state=Active; finalPhase=Installing; fractionCompleted=0.600000> to 1
2026-06-26 16:44:15.736 Df lsd[13177:7ce1f6] [com.apple.launchservices:progress] Parent progress for installation <NSProgress: com.DefaultCompany.NeonDrift.run.1782463407.6244 phase=Installing; state=Active; finalPhase=Installing; fractionCompleted=0.600000>, adding phase 1
2026-06-26 16:44:15.736 Df lsd[13177:7ce1f6] [com.apple.launchservices:progress] #LSInstallProgressList add subscriber: <_NSProgressSubscriber: 0x1057c5c20> publishingString: com.DefaultCompany.NeonDrift.run.1782463407.6244.Installing
2026-06-26 16:44:15.736 Df lsd[13177:7ce1f6] [com.apple.launchservices:progress] Subscribing to com.DefaultCompany.NeonDrift.run.1782463407.6244.Installing
2026-06-26 16:44:15.736 Df installcoordinationd[26512:7c347a] [com.apple.launchservices:progress] Published install progress <NSProgress: com.DefaultCompany.NeonDrift.run.1782463407.6244.Installing phase=Installing; state=Waiting; finalPhase=Installing; fractionCompleted=0.000000>
2026-06-26 16:44:15.737 Df installd[26514:7ce1c9] (MobileSystemServices) 0x16bd27000 -[MIClientConnection _doInstallationForURL:identity:domain:options:operationType:completion:]: Install of "/Users/dragonkao/Library/Developer/CoreSimulator/Devices/115FDF0C-5A2F-4686-909B-7F43F1450A28/data/Containers/Shared/SystemGroup/systemgroup.com.apple.installcoordinationd/Library/InstallCoordination/PromiseStaging/1BF29E94-968A-452A-8FF2-6BEB9C4EEFE8/NeonDrift.run.1782463407.6244.app" type Developer (LSInstallType = 0, Domain: MIInstallationDomainDefault) requested by installcoordinationd (pid 26512 (501/20))
2026-06-26 16:44:15.741 Df CoreSimulatorBridge[13156:7ce1c1] [com.apple.installcoordination:framework] -[IXAppInstallCoordinator _clientDelegate_didUpdateProgress:forPhase:overallProgress:]: <IXInitiatingAppInstallCoordinator<0x103458780> identity:[com.DefaultCompany.NeonDrift.run.1782463407.6244/Invalid/[system-defined]] uuid:CB2083FF-0DFE-4733-9E24-6E525F8B94F7 creator:InstallCoordination Simple SPI>: Got did update progress delegate with percentComplete 5.000000 phase IXCoordinatorProgressPhaseInstalling overallProgress 62.000000
2026-06-26 16:44:15.741 Df CoreSimulatorBridge[13156:7ce1c1] [com.apple.installcoordination:framework] -[IXAppInstallCoordinator _clientDelegate_didUpdateProgress:forPhase:overallProgress:]: <IXInitiatingAppInstallCoordinator<0x103458780> identity:[com.DefaultCompany.NeonDrift.run.1782463407.6244/Invalid/[system-defined]] uuid:CB2083FF-0DFE-4733-9E24-6E525F8B94F7 creator:InstallCoordination Simple SPI>: Got did update progress delegate with percentComplete 15.000000 phase IXCoordinatorProgressPhaseInstalling overallProgress 66.000000
2026-06-26 16:44:15.741 Df CoreSimulatorBridge[13156:7ce1c0] [com.apple.installcoordination:framework] -[IXAppInstallCoordinator _clientDelegate_didUpdateProgress:forPhase:overallProgress:]_block_invoke: <IXInitiatingAppInstallCoordinator<0x103458780> identity:[com.DefaultCompany.NeonDrift.run.1782463407.6244/Invalid/[system-defined]] uuid:CB2083FF-0DFE-4733-9E24-6E525F8B94F7 creator:InstallCoordination Simple SPI>: Calling selector coordinator:didUpdateProgress:forPhase:overallProgress: on observer <_IXSimpleInstallerDelegate 0x0x101b1ad90>
2026-06-26 16:44:15.741 Df CoreSimulatorBridge[13156:7ce1c0] [com.apple.installcoordination:framework] -[IXAppInstallCoordinator _clientDelegate_didUpdateProgress:forPhase:overallProgress:]_block_invoke: <IXInitiatingAppInstallCoordinator<0x103458780> identity:[com.DefaultCompany.NeonDrift.run.1782463407.6244/Invalid/[system-defined]] uuid:CB2083FF-0DFE-4733-9E24-6E525F8B94F7 creator:InstallCoordination Simple SPI>: Calling selector coordinator:didUpdateProgress:forPhase:overallProgress: on observer <_IXSimpleInstallerDelegate 0x0x101b1ad90>
2026-06-26 16:44:15.741 Df CoreSimulatorBridge[13156:7ce1c1] [com.apple.installcoordination:framework] -[IXAppInstallCoordinator _clientDelegate_didUpdateProgress:forPhase:overallProgress:]: <IXInitiatingAppInstallCoordinator<0x103458780> identity:[com.DefaultCompany.NeonDrift.run.1782463407.6244/Invalid/[system-defined]] uuid:CB2083FF-0DFE-4733-9E24-6E525F8B94F7 creator:InstallCoordination Simple SPI>: Got did update progress delegate with percentComplete 20.000000 phase IXCoordinatorProgressPhaseInstalling overallProgress 68.000000
2026-06-26 16:44:15.741 Df CoreSimulatorBridge[13156:7ce1c1] [com.apple.installcoordination:framework] -[IXAppInstallCoordinator _clientDelegate_didUpdateProgress:forPhase:overallProgress:]_block_invoke: <IXInitiatingAppInstallCoordinator<0x103458780> identity:[com.DefaultCompany.NeonDrift.run.1782463407.6244/Invalid/[system-defined]] uuid:CB2083FF-0DFE-4733-9E24-6E525F8B94F7 creator:InstallCoordination Simple SPI>: Calling selector coordinator:didUpdateProgress:forPhase:overallProgress: on observer <_IXSimpleInstallerDelegate 0x0x101b1ad90>
2026-06-26 16:44:15.743 Df installd[26514:7ce1c9] [com.apple.containermanager:xpc] Query; euid = 501, uid = 501, class = 1, identifier = [com.DefaultCompany.NeonDrift.run.1782463407.6244](1), flags = 300000002
2026-06-26 16:44:15.743 Df installd[26514:7ce1c9] [com.apple.containermanager:xpc] Query; euid = 501, uid = 501, class = 1, identifier = [com.DefaultCompany.NeonDrift.run.1782463407.6244](1), flags = 300000002
2026-06-26 16:44:15.745 Df SpringBoard[13125:4bdd22] [com.apple.appinstallation:TransactionLog] com.DefaultCompany.NeonDrift.run.1782463407.6244/Unknown Persona:10:1:3:1:Created icon for placeholder.
2026-06-26 16:44:15.745 Df SpringBoard[13125:4bdd22] [com.apple.frontboard.ApplicationLibrary:sb.placeholder] Placeholders added: (
    "<SBApplicationPlaceholder: 0x11f8f1020; bundleIdentifier: com.DefaultCompany.NeonDrift.run.1782463407.6244; displayName: NeonDrift.run.1782463407.6244>"
), modified: (
), removed: (null)
2026-06-26 16:44:15.745 Df SpringBoard[13125:4bdd22] [com.apple.launchservices:progress] Got progress <NSProgress: com.DefaultCompany.NeonDrift.run.1782463407.6244 phase=InstallingPlaceholder; state=Finished; finalPhase=Installing; fractionCompleted=0.000000> for app com.DefaultCompany.NeonDrift.run.1782463407.6244,
2026-06-26 16:44:15.745 Df installd[26514:7ce1c9] [com.apple.containermanager:xpc] Query; euid = 501, uid = 501, class = 1, identifier = [com.DefaultCompany.NeonDrift.run.1782463407.6244](1), flags = 300000002
2026-06-26 16:44:15.745 Df installcoordinationd[26512:7ce1c2] [com.apple.installcoordination:daemon] -[IXSCoordinatorProgress setTotalUnitsCompleted:]: Progress for coordinator: [com.DefaultCompany.NeonDrift.run.1782463407.6244/Invalid/[system-defined]], Phase: IXCoordinatorProgressPhaseInstalling, Percentage: 20.000000: Attempt to set units completed on finished progress: 20
2026-06-26 16:44:15.746 Df SpringBoard[13125:4bdd22] [com.apple.appinstallation:TransactionLog] com.DefaultCompany.NeonDrift.run.1782463407.6244/Unknown Persona:10:2:3:1:Reloading icon image.
2026-06-26 16:44:15.746 Df installd[26514:7ce1c9] [com.apple.containermanager:xpc] Query; euid = 501, uid = 501, class = 1, identifier = [com.DefaultCompany.NeonDrift.run.1782463407.6244](1), flags = 300000002
2026-06-26 16:44:15.747 Df SpringBoard[13125:4bdd22] [com.apple.SpringBoard:Common] termination assertion acquired for com.DefaultCompany.NeonDrift.run.1782463407.6244 (app not found)
2026-06-26 16:44:15.747 Df SpringBoard[13125:4bdd22] [com.apple.appinstallation:TransactionLog] com.DefaultCompany.NeonDrift.run.1782463407.6244/Unknown Persona:10:2:3:1:Reloading icon image.
2026-06-26 16:44:15.748 Df installd[26514:7ce1c9] (MobileSystemServices) 0x16bd27000 -[MIInstaller _installInstallable:containingSymlink:error:]: Installing <MIInstallableBundle ID=com.DefaultCompany.NeonDrift.run.1782463407.6244; Persona=com.apple.containermanager.primary-persona, Version=0, ShortVersion=1.0>
2026-06-26 16:44:15.748 Df installd[26514:7ce1c9] [com.apple.appinstallation:TransactionLog] com.DefaultCompany.NeonDrift.run.1782463407.6244/com.apple.containermanager.primary-persona:7:5:1:1:Start : Install (New)
2026-06-26 16:44:15.749 Df CoreSimulatorBridge[13156:7ce1c0] [com.apple.installcoordination:framework] -[IXAppInstallCoordinator _clientDelegate_didUpdateProgress:forPhase:overallProgress:]: <IXInitiatingAppInstallCoordinator<0x103458780> identity:[com.DefaultCompany.NeonDrift.run.1782463407.6244/Invalid/[system-defined]] uuid:CB2083FF-0DFE-4733-9E24-6E525F8B94F7 creator:InstallCoordination Simple SPI>: Got did update progress delegate with percentComplete 30.000000 phase IXCoordinatorProgressPhaseInstalling overallProgress 72.000000
2026-06-26 16:44:15.749 Df CoreSimulatorBridge[13156:7ce1c0] [com.apple.installcoordination:framework] -[IXAppInstallCoordinator _clientDelegate_didUpdateProgress:forPhase:overallProgress:]_block_invoke: <IXInitiatingAppInstallCoordinator<0x103458780> identity:[com.DefaultCompany.NeonDrift.run.1782463407.6244/Invalid/[system-defined]] uuid:CB2083FF-0DFE-4733-9E24-6E525F8B94F7 creator:InstallCoordination Simple SPI>: Calling selector coordinator:didUpdateProgress:forPhase:overallProgress: on observer <_IXSimpleInstallerDelegate 0x0x101b1ad90>
2026-06-26 16:44:15.749 Df SpringBoard[13125:4bdd22] [com.apple.appinstallation:TransactionLog] com.DefaultCompany.NeonDrift.run.1782463407.6244/Unknown Persona:10:2:3:1:Reloading icon image.
2026-06-26 16:44:15.750 Df siriactionsd[13192:7c98cd] [com.apple.shortcuts:Daemon] Dispatching XPC event: <distributed notification: com.apple.LaunchServices.applicationRegistered, userInfo: [AnyHashable("bundleIDs"): <__NSSingleObjectArrayI 0x101deaf00>(
com.DefaultCompany.NeonDrift.run.1782463407.6244
)
, AnyHashable("isPlaceholder"): 1]>
2026-06-26 16:44:15.750 Df siriactionsd[13192:7c98cd] [com.apple.shortcuts:XPCEvent] Dispatching XPC event: <distributed notification: com.apple.LaunchServices.applicationRegistered, userInfo: [AnyHashable("bundleIDs"): <__NSSingleObjectArrayI 0x101deaf00>(
com.DefaultCompany.NeonDrift.run.1782463407.6244
)
, AnyHashable("isPlaceholder"): 1]>
2026-06-26 16:44:15.750 Df siriactionsd[13192:7c98cd] [com.apple.shortcuts:Daemon] Firing event: <distributed notification: com.apple.LaunchServices.applicationRegistered, userInfo: [AnyHashable("bundleIDs"): <__NSSingleObjectArrayI 0x101deaf00>(
com.DefaultCompany.NeonDrift.run.1782463407.6244
)
, AnyHashable("isPlaceholder"): 1]>
2026-06-26 16:44:15.750 E  siriactionsd[13192:7c98cd] [com.apple.shortcuts:Daemon] Received an event that we do not have a DaemonTask for: <distributed notification: com.apple.LaunchServices.applicationRegistered, userInfo: [AnyHashable("bundleIDs"): <__NSSingleObjectArrayI 0x101deaf00>(
com.DefaultCompany.NeonDrift.run.1782463407.6244
)
, AnyHashable("isPlaceholder"): 1]>. This is a serious programming error that might lead to missed messages and stuck streams.
2026-06-26 16:44:15.752 Df installd[26514:7ce1c9] [com.apple.containermanager:query] Query; euid = 501, uid = 501, class = 4, identifier = [com.DefaultCompany.NeonDrift.run.1782463407.6244](1), flags = 300000002
2026-06-26 16:44:15.752 Df CoreSimulatorBridge[13156:7ce1c1] [com.apple.installcoordination:framework] -[IXAppInstallCoordinator _clientDelegate_didUpdateProgress:forPhase:overallProgress:]: <IXInitiatingAppInstallCoordinator<0x103458780> identity:[com.DefaultCompany.NeonDrift.run.1782463407.6244/Invalid/[system-defined]] uuid:CB2083FF-0DFE-4733-9E24-6E525F8B94F7 creator:InstallCoordination Simple SPI>: Got did update progress delegate with percentComplete 40.000000 phase IXCoordinatorProgressPhaseInstalling overallProgress 76.000000
2026-06-26 16:44:15.752 Df CoreSimulatorBridge[13156:7ce1c0] [com.apple.installcoordination:framework] -[IXAppInstallCoordinator _clientDelegate_didUpdateProgress:forPhase:overallProgress:]_block_invoke: <IXInitiatingAppInstallCoordinator<0x103458780> identity:[com.DefaultCompany.NeonDrift.run.1782463407.6244/Invalid/[system-defined]] uuid:CB2083FF-0DFE-4733-9E24-6E525F8B94F7 creator:InstallCoordination Simple SPI>: Calling selector coordinator:didUpdateProgress:forPhase:overallProgress: on observer <_IXSimpleInstallerDelegate 0x0x101b1ad90>
2026-06-26 16:44:15.753 Df installd[26514:7ce1c9] [com.apple.containermanager:query] Query; euid = 501, uid = 501, class = 4, identifier = [com.DefaultCompany.NeonDrift.run.1782463407.6244](1), flags = 300000002
2026-06-26 16:44:15.753 Df installd[26514:7ce1c9] [com.apple.containermanager:xpc] Query; euid = 501, uid = 501, class = 1, identifier = [com.DefaultCompany.NeonDrift.run.1782463407.6244](1), flags = 300000003
2026-06-26 16:44:15.753 Df CoreSimulatorBridge[13156:7ce1c1] [com.apple.installcoordination:framework] -[IXAppInstallCoordinator _clientDelegate_didUpdateProgress:forPhase:overallProgress:]: <IXInitiatingAppInstallCoordinator<0x103458780> identity:[com.DefaultCompany.NeonDrift.run.1782463407.6244/Invalid/[system-defined]] uuid:CB2083FF-0DFE-4733-9E24-6E525F8B94F7 creator:InstallCoordination Simple SPI>: Got did update progress delegate with percentComplete 50.000000 phase IXCoordinatorProgressPhaseInstalling overallProgress 80.000000
2026-06-26 16:44:15.753 Df CoreSimulatorBridge[13156:7ce1c1] [com.apple.installcoordination:framework] -[IXAppInstallCoordinator _clientDelegate_didUpdateProgress:forPhase:overallProgress:]_block_invoke: <IXInitiatingAppInstallCoordinator<0x103458780> identity:[com.DefaultCompany.NeonDrift.run.1782463407.6244/Invalid/[system-defined]] uuid:CB2083FF-0DFE-4733-9E24-6E525F8B94F7 creator:InstallCoordination Simple SPI>: Calling selector coordinator:didUpdateProgress:forPhase:overallProgress: on observer <_IXSimpleInstallerDelegate 0x0x101b1ad90>
2026-06-26 16:44:15.753 E  containermanagerd_system[13173:7ce1cd] [com.apple.containermanager:schema] [com.DefaultCompany.NeonDrift.run.1782463407.6244(1)] Current schema version (1) is newer than the latest (0), ignoring.
2026-06-26 16:44:15.754 Df containermanagerd_system[13173:7ce1cd] [com.apple.containermanager:schema] [u 72C51FCC-1C69-4B3A-B147-3F8227969AC2:p 9363F7E8-374A-4F2A-A42E-B4903BE035AD:c com.DefaultCompany.NeonDrift.run.1782463407.6244(1):i30897453] Successfully updated schema from (0) → (0), actions count = 0
2026-06-26 16:44:15.754 Df PosterBoard[13202:7c9946] [com.apple.launchservices:appinstallation] LaunchServices observer: MetadataUpdate (
    "com.DefaultCompany.NeonDrift.run.1782463407.6244"
)
2026-06-26 16:44:15.754 Df appprotectiond[26556:7ce206] [com.apple.appprotection:server] Received distnoted event <dictionary: 0x101108000> { count = 3, transaction: 0, voucher = 0x101148870, contents =
	"UserInfo" => <dictionary: 0x101035140> { count = 2, transaction: 0, voucher = 0x0, contents =
		"isPlaceholder" => <bool: 0x1e6e64540>: true
		"bundleIDs" => <array: 0x10103d050> { count = 1, capacity = 1, contents =
			0: <string: 0x10103d4d0> { string cache = 0x0, length = 48, contents = "com.DefaultCompany.NeonDrift.run.1782463407.6244" }
		}
	}
	"Name" => <string: 0x10103d7d0> { string cache = 0x0, length = 46, contents = "com.apple.LaunchServices.applicationRegistered" }
	"XPCEventName" => <string: 0x10103dfb0> { string cache = 0x0, length = 21, contents = "ApplicationRegistered" }
}
2026-06-26 16:44:15.754 Df dmd[13203:4bdf71] Received xpc stream event (distributed notification matching) with name: com.apple.LaunchServices.applicationRegistered user info: {
    bundleIDs =     (
        "com.DefaultCompany.NeonDrift.run.1782463407.6244"
    );
    isPlaceholder = 1;
}
2026-06-26 16:44:15.754 Df appprotectiond[26556:7ce206] [com.apple.appprotection:server] received note: name = com.apple.LaunchServices.applicationRegistered, object = Optional(AppProtection.DistnotedXPCEventStreamTranslator), userInfo = Optional([AnyHashable("bundleIDs"): <__NSSingleObjectArrayI 0x1011e4220>(
com.DefaultCompany.NeonDrift.run.1782463407.6244
)
, AnyHashable("isPlaceholder"): 1])
2026-06-26 16:44:15.754 Df installd[26514:7ce1c9] [com.apple.containermanager:xpc] Query; euid = 501, uid = 501, class = 1, identifier = [com.DefaultCompany.NeonDrift.run.1782463407.6244](1), flags = 300000002
2026-06-26 16:44:15.754 Df PosterBoard[13202:7c9946] [com.apple.launchservices:appinstallation] LaunchServices observer: InstallsStarted (
    "<LSApplicationProxy: 0x10626d2c0> com.DefaultCompany.NeonDrift.run.1782463407.6244 file:///Users/dragonkao/Library/Developer/CoreSimulator/Devices/115FDF0C-5A2F-4686-909B-7F43F1450A28/data/Containers/Bundle/Application/3887F24D-61AE-462F-90FA-3FD3C791D017/NeonDrift.run.1782463407.6244.app/ <com.DefaultCompany.NeonDrift.run.1782463407.6244 <placeholder >:1>"
)
2026-06-26 16:44:15.754 Df appprotectiond[26556:7ce206] [com.apple.appprotection:server] processing settings authority event: SettingsAuthorityEvent.promotePreferenceFromProvisionalForApplication(com.DefaultCompany.NeonDrift.run.1782463407.6244)
2026-06-26 16:44:15.755 Df CoreSimulatorBridge[13156:7ce1c0] [com.apple.installcoordination:framework] -[IXAppInstallCoordinator _clientDelegate_didUpdateProgress:forPhase:overallProgress:]: <IXInitiatingAppInstallCoordinator<0x103458780> identity:[com.DefaultCompany.NeonDrift.run.1782463407.6244/Invalid/[system-defined]] uuid:CB2083FF-0DFE-4733-9E24-6E525F8B94F7 creator:InstallCoordination Simple SPI>: Got did update progress delegate with percentComplete 60.000000 phase IXCoordinatorProgressPhaseInstalling overallProgress 84.000000
2026-06-26 16:44:15.755 Df CoreSimulatorBridge[13156:7ce1c0] [com.apple.installcoordination:framework] -[IXAppInstallCoordinator _clientDelegate_didUpdateProgress:forPhase:overallProgress:]_block_invoke: <IXInitiatingAppInstallCoordinator<0x103458780> identity:[com.DefaultCompany.NeonDrift.run.1782463407.6244/Invalid/[system-defined]] uuid:CB2083FF-0DFE-4733-9E24-6E525F8B94F7 creator:InstallCoordination Simple SPI>: Calling selector coordinator:didUpdateProgress:forPhase:overallProgress: on observer <_IXSimpleInstallerDelegate 0x0x101b1ad90>
2026-06-26 16:44:15.756 Df installd[26514:7ce1c9] [com.apple.containermanager:query] Query; euid = 501, uid = 501, class = 2, identifier = [com.DefaultCompany.NeonDrift.run.1782463407.6244](1), flags = 300000003
2026-06-26 16:44:15.756 Df CoreSimulatorBridge[13156:7ce1c1] [com.apple.installcoordination:framework] -[IXAppInstallCoordinator _clientDelegate_didUpdateProgress:forPhase:overallProgress:]: <IXInitiatingAppInstallCoordinator<0x103458780> identity:[com.DefaultCompany.NeonDrift.run.1782463407.6244/Invalid/[system-defined]] uuid:CB2083FF-0DFE-4733-9E24-6E525F8B94F7 creator:InstallCoordination Simple SPI>: Got did update progress delegate with percentComplete 70.000000 phase IXCoordinatorProgressPhaseInstalling overallProgress 88.000000
2026-06-26 16:44:15.756 Df CoreSimulatorBridge[13156:7ce1c1] [com.apple.installcoordination:framework] -[IXAppInstallCoordinator _clientDelegate_didUpdateProgress:forPhase:overallProgress:]_block_invoke: <IXInitiatingAppInstallCoordinator<0x103458780> identity:[com.DefaultCompany.NeonDrift.run.1782463407.6244/Invalid/[system-defined]] uuid:CB2083FF-0DFE-4733-9E24-6E525F8B94F7 creator:InstallCoordination Simple SPI>: Calling selector coordinator:didUpdateProgress:forPhase:overallProgress: on observer <_IXSimpleInstallerDelegate 0x0x101b1ad90>
2026-06-26 16:44:15.757 Df installd[26514:7ce1c9] [com.apple.containermanager:query] Query; euid = 501, uid = 501, class = 2, identifier = [com.DefaultCompany.NeonDrift.run.1782463407.6244](1), flags = 300000002
2026-06-26 16:44:15.765 Df CoreSimulatorBridge[13156:7ce1c0] [com.apple.installcoordination:framework] -[IXAppInstallCoordinator _clientDelegate_didUpdateProgress:forPhase:overallProgress:]: <IXInitiatingAppInstallCoordinator<0x103458780> identity:[com.DefaultCompany.NeonDrift.run.1782463407.6244/Invalid/[system-defined]] uuid:CB2083FF-0DFE-4733-9E24-6E525F8B94F7 creator:InstallCoordination Simple SPI>: Got did update progress delegate with percentComplete 80.000000 phase IXCoordinatorProgressPhaseInstalling overallProgress 92.000000
2026-06-26 16:44:15.765 Df CoreSimulatorBridge[13156:7ce1c0] [com.apple.installcoordination:framework] -[IXAppInstallCoordinator _clientDelegate_didUpdateProgress:forPhase:overallProgress:]_block_invoke: <IXInitiatingAppInstallCoordinator<0x103458780> identity:[com.DefaultCompany.NeonDrift.run.1782463407.6244/Invalid/[system-defined]] uuid:CB2083FF-0DFE-4733-9E24-6E525F8B94F7 creator:InstallCoordination Simple SPI>: Calling selector coordinator:didUpdateProgress:forPhase:overallProgress: on observer <_IXSimpleInstallerDelegate 0x0x101b1ad90>
2026-06-26 16:44:15.766 Df installd[26514:7ce1c9] (MobileSystemServices) 0x16bd27000 -[MIInstallationJournalEntry _refreshUUIDForContainer:withError:]: Data container for com.DefaultCompany.NeonDrift.run.1782463407.6244 is now at /Users/dragonkao/Library/Developer/CoreSimulator/Devices/115FDF0C-5A2F-4686-909B-7F43F1450A28/data/Containers/Data/Application/366E4F74-3A62-4D8A-BC73-84669FF2A35A
2026-06-26 16:44:15.766 Df containermanagerd[13188:763a70] [com.apple.containermanager:schema] [u D14CFCA5-64C7-4823-8F0F-F3361748212B:p 366E4F74-3A62-4D8A-BC73-84669FF2A35A:c com.DefaultCompany.NeonDrift.run.1782463407.6244(2):i0] Successfully updated schema from (0) → (1), actions count = 6
2026-06-26 16:44:15.766 Df installd[26514:7ce1c9] [com.apple.containermanager:unspecified] Replace; old = [app:com.DefaultCompany.NeonDrift.run.1782463407.6244:501::(1136B108-5B3A-4D9A-A66E-D2BF54EF4678)], new = [temp-app:com.DefaultCompany.NeonDrift.run.1782463407.6244:501::(72C51FCC-1C69-4B3A-B147-3F8227969AC2)]
2026-06-26 16:44:15.768 Df dmd[13203:4bdf71] Received xpc stream event (distributed notification matching) with name: com.apple.LaunchServices.applicationRegistered user info: {
    bundleIDs =     (
        "com.DefaultCompany.NeonDrift.run.1782463407.6244"
    );
    isPlaceholder = 1;
}
2026-06-26 16:44:15.769 Df installd[26514:7ce1c9] [com.apple.containermanager:xpc] Query; euid = 501, uid = 501, class = 1, identifier = [com.DefaultCompany.NeonDrift.run.1782463407.6244](1), flags = 300000002
2026-06-26 16:44:15.769 Df installd[26514:7ce1c9] (MobileSystemServices) 0x16bd27000 -[MIContainer makeContainerLiveReplacingContainer:reason:waitForDeletion:withError:]: Made container live for com.DefaultCompany.NeonDrift.run.1782463407.6244 at /Users/dragonkao/Library/Developer/CoreSimulator/Devices/115FDF0C-5A2F-4686-909B-7F43F1450A28/data/Containers/Bundle/Application/0A931ECA-FEA8-462A-8833-1B4E67F17BCF
2026-06-26 16:44:15.770 Df installd[26514:7ce1c9] [com.apple.containermanager:xpc] Query; euid = 501, uid = 501, class = 1, identifier = [com.DefaultCompany.NeonDrift.run.1782463407.6244](1), flags = 300000002
2026-06-26 16:44:15.771 Df CoreSimulatorBridge[13156:7ce1c1] [com.apple.installcoordination:framework] -[IXAppInstallCoordinator _clientDelegate_didUpdateProgress:forPhase:overallProgress:]: <IXInitiatingAppInstallCoordinator<0x103458780> identity:[com.DefaultCompany.NeonDrift.run.1782463407.6244/Invalid/[system-defined]] uuid:CB2083FF-0DFE-4733-9E24-6E525F8B94F7 creator:InstallCoordination Simple SPI>: Got did update progress delegate with percentComplete 90.000000 phase IXCoordinatorProgressPhaseInstalling overallProgress 96.000000
2026-06-26 16:44:15.771 Df CoreSimulatorBridge[13156:7ce1c1] [com.apple.installcoordination:framework] -[IXAppInstallCoordinator _clientDelegate_didUpdateProgress:forPhase:overallProgress:]_block_invoke: <IXInitiatingAppInstallCoordinator<0x103458780> identity:[com.DefaultCompany.NeonDrift.run.1782463407.6244/Invalid/[system-defined]] uuid:CB2083FF-0DFE-4733-9E24-6E525F8B94F7 creator:InstallCoordination Simple SPI>: Calling selector coordinator:didUpdateProgress:forPhase:overallProgress: on observer <_IXSimpleInstallerDelegate 0x0x101b1ad90>
2026-06-26 16:44:15.772 Df containermanagerd[13188:763a70] [com.apple.containermanager:codesignmapping] Reconciled [com.DefaultCompany.NeonDrift.run.1782463407.6244]; old app groups: (null), new app groups: (null), old system groups: (null), new system groups: (null)
2026-06-26 16:44:15.772 Df installd[26514:7ce1c9] [com.apple.containermanager:unspecified] Requesting disk usage; class = 1, identifier = com.DefaultCompany.NeonDrift.run.1782463407.6244
2026-06-26 16:44:15.774 Df installd[26514:7ce1c9] [com.apple.containermanager:query] Query; euid = 501, uid = 501, class = 7, identifier = [com.DefaultCompany.NeonDrift.run.1782463407.6244](1), flags = 300000001
2026-06-26 16:44:15.775 Df SpringBoard[13125:4bdd22] [com.apple.SpringBoard:Common] termination assertion released for com.DefaultCompany.NeonDrift.run.1782463407.6244 (app not found)
2026-06-26 16:44:15.777 Df installd[26514:7ce1c9] (MobileSystemServices) 0x16bd27000 -[MILaunchServicesOperationManager _onQueue_addPendingLaunchServicesOperation:error:]: Added pending LS operation <MILaunchServicesRegisterOperation: E983D521-B20D-4519-B3AD-F55298F84399:70 com.DefaultCompany.NeonDrift.run.1782463407.6244/MIInstallationDomainSystemShared personas:[com.apple.containermanager.primary-persona]>
2026-06-26 16:44:15.777 Df lsd[13177:7ce1f6] [com.apple.launchservices:appinstallation] Post installation registration: request to register com.DefaultCompany.NeonDrift.run.1782463407.6244, operation E983D521-B20D-4519-B3AD-F55298F84399, from pid 26514
2026-06-26 16:44:15.777 Df lsd[13177:7ce1f6] [com.apple.appinstallation:TransactionLog] com.DefaultCompany.NeonDrift.run.1782463407.6244/Unknown Persona:5:4:1:1:Registering bundles via registrant - start
2026-06-26 16:44:15.779 Df lsd[13177:7ce1f6] [com.apple.appinstallation:TransactionLog] com.DefaultCompany.NeonDrift.run.1782463407.6244/Unknown Persona:5:5:1:1:Building bundle record for app
2026-06-26 16:44:15.779 Df lsd[13177:7ce1f6] [com.apple.launchservices:appinstallation] Removed existing registered placeholder for com.DefaultCompany.NeonDrift.run.1782463407.6244
2026-06-26 16:44:15.779 Df lsd[13177:7ce1f6] [com.apple.appinstallation:TransactionLog] com.DefaultCompany.NeonDrift.run.1782463407.6244/Unknown Persona:5:5:2:1:Built bundle record for app
2026-06-26 16:44:15.780 Df lsd[13177:7ce1f6] [com.apple.launchservices:icons] clearAlternateNameForBundleIdentifier: won't clear for com.DefaultCompany.NeonDrift.run.1782463407.6244
2026-06-26 16:44:15.780 Df lsd[13177:7ce1f6] [com.apple.appinstallation:TransactionLog] com.DefaultCompany.NeonDrift.run.1782463407.6244/Unknown Persona:5:4:2:1:Registered bundle status = success
2026-06-26 16:44:15.780 Df lsd[13177:7ce1f6] [com.apple.appinstallation:TransactionLog] com.DefaultCompany.NeonDrift.run.1782463407.6244/Unknown Persona:5:4:2:1:Finished registering com.DefaultCompany.NeonDrift.run.1782463407.6244, bundle unit 6bc
2026-06-26 16:44:15.780 Df lsd[13177:7ce1f5] [com.apple.launchservices:progress] Installation ended for com.DefaultCompany.NeonDrift.run.1782463407.6244 with state 5
2026-06-26 16:44:15.780 Df lsd[13177:7ce1f5] [com.apple.launchservices:progress] Discarding proportions for com.DefaultCompany.NeonDrift.run.1782463407.6244
2026-06-26 16:44:15.780 Df liveactivitiesd[26558:763bd7] [com.apple.launchservices:progress] Unpublishing progress block called for app com.DefaultCompany.NeonDrift.run.1782463407.6244
2026-06-26 16:44:15.780 Df installd[26514:7ce1c9] (MobileSystemServices) 0x16bd27000 -[MIJournal purgeJournalEntry:withError:]: Removing journal entry <MIInstallationJournalEntry<0x1050b0960> [com.DefaultCompany.NeonDrift.run.1782463407.6244/com.apple.containermanager.primary-persona/[system-defined]]/MIInstallationDomainSystemShared op:1 phase:JournalPhaseDidRegisterWithLS version:0>
2026-06-26 16:44:15.780 Df liveactivitiesd[26558:7c9902] [com.apple.launchservices:progress] #LSInstallProgressList remove subscriber: <_NSProgressSubscriber: 0x105bec8a0> publishingString: com.DefaultCompany.NeonDrift.run.1782463407.6244
2026-06-26 16:44:15.780 Df SpringBoard[13125:4bdd22] [com.apple.launchservices:progress] Unpublishing progress block called for app com.DefaultCompany.NeonDrift.run.1782463407.6244
2026-06-26 16:44:15.780 Df SpringBoard[13125:7ce216] [com.apple.launchservices:progress] #LSInstallProgressList remove subscriber: <_NSProgressSubscriber: 0x12eb1d530> publishingString: com.DefaultCompany.NeonDrift.run.1782463407.6244
2026-06-26 16:44:15.781 Df lsd[13177:7ce1f9] [com.apple.launchservices:progress] Sending applicationsDidInstall: for (
    "<LSApplicationProxy: 0x1057d8000> com.DefaultCompany.NeonDrift.run.1782463407.6244 file:///Users/dragonkao/Library/Developer/CoreSimulator/Devices/115FDF0C-5A2F-4686-909B-7F43F1450A28/data/Containers/Bundle/Application/0A931ECA-FEA8-462A-8833-1B4E67F17BCF/NeonDrift.run.1782463407.6244.app/ <com.DefaultCompany.NeonDrift.run.1782463407.6244 <installed >:0>"
)
2026-06-26 16:44:15.781 Df installd[26514:7ce1c9] [com.apple.appinstallation:TransactionLog] com.DefaultCompany.NeonDrift.run.1782463407.6244/com.apple.containermanager.primary-persona:7:5:2:1:Success (End) : Install (New)
2026-06-26 16:44:15.781 Df installd[26514:7ce1c9] (MobileSystemServices) 0x16bd27000 -[MIInstaller _logOperationCompletionWithStartTime:distributorID:]: Install successful for (Developer:com.DefaultCompany.NeonDrift.run.1782463407.6244) [Distributor: (null)]; Staging: 0.00s; Waiting: 0.00s; Preflight/Patch: 0.00s, Verifying: 0.00s; Overall: 0.04s
2026-06-26 16:44:15.781 Df appstored[13277:7ce20c] [com.apple.launchservices:appinstallation] Received applicationsDidInstall:(
    "<LSApplicationProxy: 0x1026f0000> com.DefaultCompany.NeonDrift.run.1782463407.6244 file:///Users/dragonkao/Library/Developer/CoreSimulator/Devices/115FDF0C-5A2F-4686-909B-7F43F1450A28/data/Containers/Bundle/Application/0A931ECA-FEA8-462A-8833-1B4E67F17BCF/NeonDrift.run.1782463407.6244.app/ <com.DefaultCompany.NeonDrift.run.1782463407.6244 <installed >:0>"
)
2026-06-26 16:44:15.781 Df healthappd[13951:7ce1da] [com.apple.launchservices:appinstallation] Received applicationsDidInstall:(
    "<LSApplicationProxy: 0x10f89c0c0> com.DefaultCompany.NeonDrift.run.1782463407.6244 file:///Users/dragonkao/Library/Developer/CoreSimulator/Devices/115FDF0C-5A2F-4686-909B-7F43F1450A28/data/Containers/Bundle/Application/0A931ECA-FEA8-462A-8833-1B4E67F17BCF/NeonDrift.run.1782463407.6244.app/ <com.DefaultCompany.NeonDrift.run.1782463407.6244 <installed >:0>"
)
2026-06-26 16:44:15.781 Df runningboardd[13128:7ce1c4] [com.apple.launchservices:appinstallation] Received applicationsDidInstall:(
    "<LSApplicationProxy: 0x104d98000> com.DefaultCompany.NeonDrift.run.1782463407.6244 file:///Users/dragonkao/Library/Developer/CoreSimulator/Devices/115FDF0C-5A2F-4686-909B-7F43F1450A28/data/Containers/Bundle/Application/0A931ECA-FEA8-462A-8833-1B4E67F17BCF/NeonDrift.run.1782463407.6244.app/ <com.DefaultCompany.NeonDrift.run.1782463407.6244 <installed >:0>"
)
2026-06-26 16:44:15.781 Df installcoordinationd[26512:7ce1c2] [com.apple.installcoordination:daemon] -[IXSPendingOperationsTracker endPendingOperationForIdentity:]_block_invoke: Ending pending operation for [com.DefaultCompany.NeonDrift.run.1782463407.6244/Invalid/[system-defined]]
2026-06-26 16:44:15.782 Df healthd[13135:7ce1dc] [com.apple.launchservices:appinstallation] Received applicationsDidInstall:(
    "<LSApplicationProxy: 0x101a95140> com.DefaultCompany.NeonDrift.run.1782463407.6244 file:///Users/dragonkao/Library/Developer/CoreSimulator/Devices/115FDF0C-5A2F-4686-909B-7F43F1450A28/data/Containers/Bundle/Application/0A931ECA-FEA8-462A-8833-1B4E67F17BCF/NeonDrift.run.1782463407.6244.app/ <com.DefaultCompany.NeonDrift.run.1782463407.6244 <installed >:0>"
)
2026-06-26 16:44:15.782 Df lsd[13177:4bde02] [com.apple.launchservices:progress] unsubscribing from com.DefaultCompany.NeonDrift.run.1782463407.6244.Installing as it was unpublished
2026-06-26 16:44:15.782 Df lsd[13177:4bde02] [com.apple.launchservices:progress] #LSInstallProgressList remove subscriber: <_NSProgressSubscriber: 0x1057c5c20> publishingString: com.DefaultCompany.NeonDrift.run.1782463407.6244.Installing
2026-06-26 16:44:15.782 Df CoreSimulatorBridge[13156:7ce1c1] [com.apple.installcoordination:framework] -[IXAppInstallCoordinator _clientDelegate_didUpdateProgress:forPhase:overallProgress:]: <IXInitiatingAppInstallCoordinator<0x103458780> identity:[com.DefaultCompany.NeonDrift.run.1782463407.6244/Invalid/[system-defined]] uuid:CB2083FF-0DFE-4733-9E24-6E525F8B94F7 creator:InstallCoordination Simple SPI>: Got did update progress delegate with percentComplete 100.000000 phase IXCoordinatorProgressPhaseInstalling overallProgress 100.000000
2026-06-26 16:44:15.782 Df CoreSimulatorBridge[13156:7ce1c1] [com.apple.installcoordination:framework] -[IXAppInstallCoordinator _clientDelegate_didUpdateProgress:forPhase:overallProgress:]_block_invoke: <IXInitiatingAppInstallCoordinator<0x103458780> identity:[com.DefaultCompany.NeonDrift.run.1782463407.6244/Invalid/[system-defined]] uuid:CB2083FF-0DFE-4733-9E24-6E525F8B94F7 creator:InstallCoordination Simple SPI>: Calling selector coordinator:didUpdateProgress:forPhase:overallProgress: on observer <_IXSimpleInstallerDelegate 0x0x101b1ad90>
2026-06-26 16:44:15.782 Df webbookmarksd[13224:7c31d8] [com.apple.launchservices:appinstallation] Received applicationsDidInstall:(
    "<LSApplicationProxy: 0x101dec000> com.DefaultCompany.NeonDrift.run.1782463407.6244 file:///Users/dragonkao/Library/Developer/CoreSimulator/Devices/115FDF0C-5A2F-4686-909B-7F43F1450A28/data/Containers/Bundle/Application/0A931ECA-FEA8-462A-8833-1B4E67F17BCF/NeonDrift.run.1782463407.6244.app/ <com.DefaultCompany.NeonDrift.run.1782463407.6244 <installed >:0>"
)
2026-06-26 16:44:15.782 Df SpringBoard[13125:7ce216] [com.apple.launchservices:appinstallation] Received applicationsDidInstall:(
    "<LSApplicationProxy: 0x12aaa27c0> com.DefaultCompany.NeonDrift.run.1782463407.6244 file:///Users/dragonkao/Library/Developer/CoreSimulator/Devices/115FDF0C-5A2F-4686-909B-7F43F1450A28/data/Containers/Bundle/Application/0A931ECA-FEA8-462A-8833-1B4E67F17BCF/NeonDrift.run.1782463407.6244.app/ <com.DefaultCompany.NeonDrift.run.1782463407.6244 <installed >:0>"
)
2026-06-26 16:44:15.782 Df locationd[13150:7cb4f9] [com.apple.launchservices:appinstallation] Received applicationsDidInstall:(
    "<LSApplicationProxy: 0x103b9c6c0> com.DefaultCompany.NeonDrift.run.1782463407.6244 file:///Users/dragonkao/Library/Developer/CoreSimulator/Devices/115FDF0C-5A2F-4686-909B-7F43F1450A28/data/Containers/Bundle/Application/0A931ECA-FEA8-462A-8833-1B4E67F17BCF/NeonDrift.run.1782463407.6244.app/ <com.DefaultCompany.NeonDrift.run.1782463407.6244 <installed >:0>"
)
2026-06-26 16:44:15.782 Df appstored[13277:7ce1d9] [com.apple.appinstallation:TransactionLog] com.DefaultCompany.NeonDrift.run.1782463407.6244/Unknown Persona:5:8:3:1:applicationsDidInstall <LSApplicationProxy: 0x1026f00c0> com.DefaultCompany.NeonDrift.run.1782463407.6244 file:///Users/dragonkao/Library/Developer/CoreSimulator/Devices/115FDF0C-5A2F-4686-909B-7F43F1450A28/data/Containers/Bundle/Application/0A931ECA-FEA8-462A-8833-1B4E67F17BCF/NeonDrift.run.1782463407.6244.app/ <com.DefaultCompany.NeonDrift.run.1782463407.6244 <installed >:0>
2026-06-26 16:44:15.782 Df installcoordinationd[26512:7ce1c2] [com.apple.installcoordination:daemon] -[IXSCoordinatedAppInstall setComplete:]: <IXSCoordinatedAppInstall<0x1055e4000> [P=CoreSimulatorBridge (pid 13156)] identifier:[com.DefaultCompany.NeonDrift.run.1782463407.6244/Invalid/[system-defined]] uuid:CB2083FF-0DFE-4733-9E24-6E525F8B94F7 intent:IXCoordinatorIntentInitiating creator/appDRI:InstallCoordination Simple SPI importance:UserWaiting state:IXAppCoordinationStateComplete promise-state:PA2I4> complete!
2026-06-26 16:44:15.782 Df installcoordinationd[26512:7ce1c2] [com.apple.installcoordination:daemon] -[IXSPowerAssertion invalidate]: Released power assertion IXPowerAssertion-12-[com.DefaultCompany.NeonDrift.run.1782463407.6244/Invalid/[system-defined]]
2026-06-26 16:44:15.782 Df gamed[13228:7c9f2f] [com.apple.launchservices:appinstallation] Received applicationsDidInstall:(
    "<LSApplicationProxy: 0x101f2c0c0> com.DefaultCompany.NeonDrift.run.1782463407.6244 file:///Users/dragonkao/Library/Developer/CoreSimulator/Devices/115FDF0C-5A2F-4686-909B-7F43F1450A28/data/Containers/Bundle/Application/0A931ECA-FEA8-462A-8833-1B4E67F17BCF/NeonDrift.run.1782463407.6244.app/ <com.DefaultCompany.NeonDrift.run.1782463407.6244 <installed >:0>"
)
2026-06-26 16:44:15.782 Df financed[13231:7c9940] [com.apple.launchservices:appinstallation] Received applicationsDidInstall:(
    "<LSApplicationProxy: 0x1079fb6c0> com.DefaultCompany.NeonDrift.run.1782463407.6244 file:///Users/dragonkao/Library/Developer/CoreSimulator/Devices/115FDF0C-5A2F-4686-909B-7F43F1450A28/data/Containers/Bundle/Application/0A931ECA-FEA8-462A-8833-1B4E67F17BCF/NeonDrift.run.1782463407.6244.app/ <com.DefaultCompany.NeonDrift.run.1782463407.6244 <installed >:0>"
)
2026-06-26 16:44:15.782 Df healthappd[13951:7ce1da] [com.apple.appinstallation:TransactionLog] com.DefaultCompany.NeonDrift.run.1782463407.6244/Unknown Persona:5:8:3:1:applicationsDidInstall <LSApplicationProxy: 0x10f89ce40> com.DefaultCompany.NeonDrift.run.1782463407.6244 file:///Users/dragonkao/Library/Developer/CoreSimulator/Devices/115FDF0C-5A2F-4686-909B-7F43F1450A28/data/Containers/Bundle/Application/0A931ECA-FEA8-462A-8833-1B4E67F17BCF/NeonDrift.run.1782463407.6244.app/ <com.DefaultCompany.NeonDrift.run.1782463407.6244 <installed >:0>
2026-06-26 16:44:15.782 Df deviceaccessd[26574:7c9943] [com.apple.launchservices:appinstallation] Received applicationsDidInstall:(
    "<LSApplicationProxy: 0x1061706c0> com.DefaultCompany.NeonDrift.run.1782463407.6244 file:///Users/dragonkao/Library/Developer/CoreSimulator/Devices/115FDF0C-5A2F-4686-909B-7F43F1450A28/data/Containers/Bundle/Application/0A931ECA-FEA8-462A-8833-1B4E67F17BCF/NeonDrift.run.1782463407.6244.app/ <com.DefaultCompany.NeonDrift.run.1782463407.6244 <installed >:0>"
)
2026-06-26 16:44:15.782 Df PosterBoard[13202:7ce209] [com.apple.launchservices:appinstallation] Received applicationsDidInstall:(
    "<LSApplicationProxy: 0x10626cb40> com.DefaultCompany.NeonDrift.run.1782463407.6244 file:///Users/dragonkao/Library/Developer/CoreSimulator/Devices/115FDF0C-5A2F-4686-909B-7F43F1450A28/data/Containers/Bundle/Application/0A931ECA-FEA8-462A-8833-1B4E67F17BCF/NeonDrift.run.1782463407.6244.app/ <com.DefaultCompany.NeonDrift.run.1782463407.6244 <installed >:0>"
)
2026-06-26 16:44:15.783 Df clipserviced[26555:763bf2] [com.apple.launchservices:appinstallation] Received applicationsDidInstall:(
    "<LSApplicationProxy: 0x1035a8000> com.DefaultCompany.NeonDrift.run.1782463407.6244 file:///Users/dragonkao/Library/Developer/CoreSimulator/Devices/115FDF0C-5A2F-4686-909B-7F43F1450A28/data/Containers/Bundle/Application/0A931ECA-FEA8-462A-8833-1B4E67F17BCF/NeonDrift.run.1782463407.6244.app/ <com.DefaultCompany.NeonDrift.run.1782463407.6244 <installed >:0>"
)
2026-06-26 16:44:15.783 Df runningboardd[13128:7cc220] [com.apple.appinstallation:TransactionLog] com.DefaultCompany.NeonDrift.run.1782463407.6244/Unknown Persona:5:8:3:1:applicationsDidInstall <LSApplicationProxy: 0x104d980c0> com.DefaultCompany.NeonDrift.run.1782463407.6244 file:///Users/dragonkao/Library/Developer/CoreSimulator/Devices/115FDF0C-5A2F-4686-909B-7F43F1450A28/data/Containers/Bundle/Application/0A931ECA-FEA8-462A-8833-1B4E67F17BCF/NeonDrift.run.1782463407.6244.app/ <com.DefaultCompany.NeonDrift.run.1782463407.6244 <installed >:0>
2026-06-26 16:44:15.783 Df SpringBoard[13125:7cdb67] [com.apple.appinstallation:TransactionLog] com.DefaultCompany.NeonDrift.run.1782463407.6244/Unknown Persona:5:8:3:1:applicationsDidInstall <LSApplicationProxy: 0x12aaa0b40> com.DefaultCompany.NeonDrift.run.1782463407.6244 file:///Users/dragonkao/Library/Developer/CoreSimulator/Devices/115FDF0C-5A2F-4686-909B-7F43F1450A28/data/Containers/Bundle/Application/0A931ECA-FEA8-462A-8833-1B4E67F17BCF/NeonDrift.run.1782463407.6244.app/ <com.DefaultCompany.NeonDrift.run.1782463407.6244 <installed >:0>
2026-06-26 16:44:15.783 Df SpringBoard[13125:7cdb67] [com.apple.frontboard.ApplicationLibrary:observer] -[FBSApplicationLibrary applicationsDidInstall:] com.DefaultCompany.NeonDrift.run.1782463407.6244
2026-06-26 16:44:15.783 Df installcoordinationd[26512:7ce1c2] [com.apple.installcoordination:daemon] -[IXSDataPromise decommission]: Decommissioning <IXSPromisedTransferToPath(0x1054de280) Name:Icon resources for com.DefaultCompany.NeonDrift.run.1782463407.6244 Creator:InstallCoordination Simple SPI UUID:00F0D515-7A0A-4F93-8234-24E3EA74713A Location:[system-defined]>
2026-06-26 16:44:15.783 Df SpringBoard[13125:7cdb67] [com.apple.frontboard.ApplicationLibrary:default] Removed placeholder: <SBApplicationPlaceholderProxy: 0x12e9c8b80; com.DefaultCompany.NeonDrift.run.1782463407.6244 (NeonDrift.run.1782463407.6244); LSInstallType: StoreDownload>
2026-06-26 16:44:15.783 Df healthd[13135:7c9354] [com.apple.appinstallation:TransactionLog] com.DefaultCompany.NeonDrift.run.1782463407.6244/Unknown Persona:5:8:3:1:applicationsDidInstall <LSApplicationProxy: 0x101a95680> com.DefaultCompany.NeonDrift.run.1782463407.6244 file:///Users/dragonkao/Library/Developer/CoreSimulator/Devices/115FDF0C-5A2F-4686-909B-7F43F1450A28/data/Containers/Bundle/Application/0A931ECA-FEA8-462A-8833-1B4E67F17BCF/NeonDrift.run.1782463407.6244.app/ <com.DefaultCompany.NeonDrift.run.1782463407.6244 <installed >:0>
2026-06-26 16:44:15.783 Df activityawardsd[13316:7ce1e3] [com.apple.launchservices:appinstallation] Received applicationsDidInstall:(
    "<LSApplicationProxy: 0x10192ca80> com.DefaultCompany.NeonDrift.run.1782463407.6244 file:///Users/dragonkao/Library/Developer/CoreSimulator/Devices/115FDF0C-5A2F-4686-909B-7F43F1450A28/data/Containers/Bundle/Application/0A931ECA-FEA8-462A-8833-1B4E67F17BCF/NeonDrift.run.1782463407.6244.app/ <com.DefaultCompany.NeonDrift.run.1782463407.6244 <installed >:0>"
)
2026-06-26 16:44:15.783 Df SpringBoard[13125:7cdb67] [com.apple.frontboard.ApplicationLibrary:default] Added application: <SBApplicationInfo: 0x122cf7c00; com.DefaultCompany.NeonDrift.run.1782463407.6244 (NeonDrift.run.1782463407.6244)>
2026-06-26 16:44:15.783 Df installcoordinationd[26512:7ce1c2] [com.apple.installcoordination:daemon] -[IXSDataPromise decommission]: Decommissioning <IXSPromisedInMemoryDictionary(0x1054de500) Name:Info.plist icon content for com.DefaultCompany.NeonDrift.run.1782463407.6244 Creator:InstallCoordination Simple SPI UUID:BA6A426D-4C26-41F2-8C9C-2EEB0D21FD35 Location:[system-defined]>
2026-06-26 16:44:15.783 Df sleepd[13153:7c9905] [com.apple.launchservices:appinstallation] Received applicationsDidInstall:(
    "<LSApplicationProxy: 0x103a603c0> com.DefaultCompany.NeonDrift.run.1782463407.6244 file:///Users/dragonkao/Library/Developer/CoreSimulator/Devices/115FDF0C-5A2F-4686-909B-7F43F1450A28/data/Containers/Bundle/Application/0A931ECA-FEA8-462A-8833-1B4E67F17BCF/NeonDrift.run.1782463407.6244.app/ <com.DefaultCompany.NeonDrift.run.1782463407.6244 <installed >:0>"
)
2026-06-26 16:44:15.783 Df SpringBoard[13125:7cdb67] [com.apple.SplashBoard:FileManifest] Applications were added. Updating launch images for: (
    "com.DefaultCompany.NeonDrift.run.1782463407.6244"
)
2026-06-26 16:44:15.783 Df SpringBoard[13125:4bdd22] [com.apple.frontboard.ApplicationLibrary:sb.placeholder] App placeholder proxies installed: (
    "<SBApplicationPlaceholderProxy: 0x12e9c8b80; com.DefaultCompany.NeonDrift.run.1782463407.6244 (NeonDrift.run.1782463407.6244); LSInstallType: StoreDownload>"
)
2026-06-26 16:44:15.783 Df profiled[26569:7ce1e5] [com.apple.launchservices:appinstallation] Received applicationsDidInstall:(
    "<LSApplicationProxy: 0x1067d0000> com.DefaultCompany.NeonDrift.run.1782463407.6244 file:///Users/dragonkao/Library/Developer/CoreSimulator/Devices/115FDF0C-5A2F-4686-909B-7F43F1450A28/data/Containers/Bundle/Application/0A931ECA-FEA8-462A-8833-1B4E67F17BCF/NeonDrift.run.1782463407.6244.app/ <com.DefaultCompany.NeonDrift.run.1782463407.6244 <installed >:0>"
)
2026-06-26 16:44:15.783 Df SpringBoard[13125:4bdd22] [com.apple.appinstallation:TransactionLog] com.DefaultCompany.NeonDrift.run.1782463407.6244/Unknown Persona:10:4:1:1:Placeholder remove BEGIN
2026-06-26 16:44:15.783 Df callservicesd[13196:7ce1e4] [com.apple.launchservices:appinstallation] Received applicationsDidInstall:(
    "<LSApplicationProxy: 0x106e7d080> com.DefaultCompany.NeonDrift.run.1782463407.6244 file:///Users/dragonkao/Library/Developer/CoreSimulator/Devices/115FDF0C-5A2F-4686-909B-7F43F1450A28/data/Containers/Bundle/Application/0A931ECA-FEA8-462A-8833-1B4E67F17BCF/NeonDrift.run.1782463407.6244.app/ <com.DefaultCompany.NeonDrift.run.1782463407.6244 <installed >:0>"
)
2026-06-26 16:44:15.783 Df SpringBoard[13125:4bdd22] [com.apple.appinstallation:TransactionLog] com.DefaultCompany.NeonDrift.run.1782463407.6244/Unknown Persona:10:10:3:1:Application added
2026-06-26 16:44:15.783 Df SpringBoard[13125:7cdb67] [com.apple.SplashBoard:FileManifest] com.DefaultCompany.NeonDrift.run.1782463407.6244 Manifest is empty; purging everything at /Users/dragonkao/Library/Developer/CoreSimulator/Devices/115FDF0C-5A2F-4686-909B-7F43F1450A28/data/Containers/Data/Application/366E4F74-3A62-4D8A-BC73-84669FF2A35A/Library/SplashBoard/Snapshots
2026-06-26 16:44:15.783 Df lsd[13177:7ce1f9] [com.apple.launchservices:progress] Sent distributed notification com.apple.LaunchServices.applicationRegistered with payload {
    bundleIDs =     (
        "com.DefaultCompany.NeonDrift.run.1782463407.6244"
    );
    isPlaceholder = 0;
}
2026-06-26 16:44:15.783 Df installcoordinationd[26512:7ce1c2] [com.apple.installcoordination:daemon] -[IXSDataPromise decommission]: Decommissioning <IXSPromisedInMemoryDictionary(0x1054dd980) Name:Localizations for com.DefaultCompany.NeonDrift.run.1782463407.6244 Creator:InstallCoordination Simple SPI UUID:C9D43933-FD97-42EC-851F-2D6B8928BA1F Location:[system-defined]>
2026-06-26 16:44:15.783 Df routined[13133:7ce1ec] [com.apple.launchservices:appinstallation] Received applicationsDidInstall:(
    "<LSApplicationProxy: 0x109160fc0> com.DefaultCompany.NeonDrift.run.1782463407.6244 file:///Users/dragonkao/Library/Developer/CoreSimulator/Devices/115FDF0C-5A2F-4686-909B-7F43F1450A28/data/Containers/Bundle/Application/0A931ECA-FEA8-462A-8833-1B4E67F17BCF/NeonDrift.run.1782463407.6244.app/ <com.DefaultCompany.NeonDrift.run.1782463407.6244 <installed >:0>"
)
2026-06-26 16:44:15.783 Df donotdisturbd[13175:7c9942] [com.apple.launchservices:appinstallation] Received applicationsDidInstall:(
    "<LSApplicationProxy: 0x1041e0f00> com.DefaultCompany.NeonDrift.run.1782463407.6244 file:///Users/dragonkao/Library/Developer/CoreSimulator/Devices/115FDF0C-5A2F-4686-909B-7F43F1450A28/data/Containers/Bundle/Application/0A931ECA-FEA8-462A-8833-1B4E67F17BCF/NeonDrift.run.1782463407.6244.app/ <com.DefaultCompany.NeonDrift.run.1782463407.6244 <installed >:0>"
)
2026-06-26 16:44:15.783 Df locationd[13150:7c993f] [com.apple.appinstallation:TransactionLog] com.DefaultCompany.NeonDrift.run.1782463407.6244/Unknown Persona:5:8:3:1:applicationsDidInstall <LSApplicationProxy: 0x103b9c780> com.DefaultCompany.NeonDrift.run.1782463407.6244 file:///Users/dragonkao/Library/Developer/CoreSimulator/Devices/115FDF0C-5A2F-4686-909B-7F43F1450A28/data/Containers/Bundle/Application/0A931ECA-FEA8-462A-8833-1B4E67F17BCF/NeonDrift.run.1782463407.6244.app/ <com.DefaultCompany.NeonDrift.run.1782463407.6244 <installed >:0>
2026-06-26 16:44:15.784 Df mobiletimerd[84688:7ce1e6] [com.apple.launchservices:appinstallation] Received applicationsDidInstall:(
    "<LSApplicationProxy: 0x1016346c0> com.DefaultCompany.NeonDrift.run.1782463407.6244 file:///Users/dragonkao/Library/Developer/CoreSimulator/Devices/115FDF0C-5A2F-4686-909B-7F43F1450A28/data/Containers/Bundle/Application/0A931ECA-FEA8-462A-8833-1B4E67F17BCF/NeonDrift.run.1782463407.6244.app/ <com.DefaultCompany.NeonDrift.run.1782463407.6244 <installed >:0>"
)
2026-06-26 16:44:15.784 Df locationd[13150:7c993f] [com.apple.locationd.Core:Core] {"msg":"#Warning #ClientResolution the passed keyPath is not registered. Resolving to #nullCKP", "InputCKP":icom.DefaultCompany.NeonDrift.run.1782463407.6244:}
2026-06-26 16:44:15.784 Df locationd[13150:7c993f] [com.apple.locationd.Core:Core] {"msg":"AppMonitor - application (un)installation notification", "notification":Installation, "BundleId":com.DefaultCompany.NeonDrift.run.1782463407.6244, "BundlePath":/Users/dragonkao/Library/Developer/CoreSimulator/Devices/115FDF0C-5A2F-4686-909B-7F43F1450A28/data/Containers/Bundle/Application/0A931ECA-FEA8-462A-8833-1B4E67F17BCF/NeonDrift.run.1782463407.6244.app, "ExecutablePath":/Users/dragonkao/Library/Developer/CoreSimulator/Devices/115FDF0C-5A2F-4686-909B-7F43F1450A28/data/Containers/Bundle/Application/0A931ECA-FEA8-462A-8833-1B4E67F17BCF/NeonDrift.run.1782463407.6244.app/NeonDrift.run.1782463407.6244}
2026-06-26 16:44:15.784 Df PosterBoard[13202:7ce209] [com.apple.appinstallation:TransactionLog] com.DefaultCompany.NeonDrift.run.1782463407.6244/Unknown Persona:5:8:3:1:applicationsDidInstall <LSApplicationProxy: 0x10626dd40> com.DefaultCompany.NeonDrift.run.1782463407.6244 file:///Users/dragonkao/Library/Developer/CoreSimulator/Devices/115FDF0C-5A2F-4686-909B-7F43F1450A28/data/Containers/Bundle/Application/0A931ECA-FEA8-462A-8833-1B4E67F17BCF/NeonDrift.run.1782463407.6244.app/ <com.DefaultCompany.NeonDrift.run.1782463407.6244 <installed >:0>
2026-06-26 16:44:15.784 Df activitysharingd[13524:7ce1ed] [com.apple.launchservices:appinstallation] Received applicationsDidInstall:(
