Timestamp               Ty Process[PID:TID]
2026-06-26 16:44:15.657 Df CoreSimulatorBridge[13156:7c9860] Request received for installation of file:///Users/dragonkao/.openclaw/workspace/382b9e3384298039b171c9b2a60ae644/NeonDrift_MVP/project/xcode_derived_data/Build/Products/Release-iphonesimulator/NeonDrift.run.1782463407.6244.app/ with options: {
    PackageType = Developer;
    SimulatorRootPath = "/Library/Developer/CoreSimulator/Volumes/iOS_23F77/Library/Developer/CoreSimulator/Profiles/Runtimes/iOS 26.5.simruntime/Contents/Resources/RuntimeRoot";
    SimulatorUserPath = "/Users/dragonkao/Library/Developer/CoreSimulator/Devices/115FDF0C-5A2F-4686-909B-7F43F1450A28/data";
}
2026-06-26 16:44:15.657 Df CoreSimulatorBridge[13156:7c9860] [com.apple.installcoordination:framework] +[IXAppInstallCoordinator(IXSimpleInstaller) _beginInstallForURL:forPersonaUniqueString:consumeSource:options:progressBlock:completionWithIdentity:]: Beginning install for /Users/dragonkao/.openclaw/workspace/382b9e3384298039b171c9b2a60ae644/NeonDrift_MVP/project/xcode_derived_data/Build/Products/Release-iphonesimulator/NeonDrift.run.1782463407.6244.app consuming source:N options:{
    IsUserInitiated = 1;
    PackageType = Developer;
} installationRequestorAuditToken: NULL
2026-06-26 16:44:15.659 Df installcoordinationd[26512:7c347a] [com.apple.installcoordination:daemon] -[IXSDataPromiseManager registerPromise:]: Registered promise <IXSPlaceholder(0x105510500) Name:App Placeholder: NeonDrift.run.1782463407.6244 (com.DefaultCompany.NeonDrift.run.1782463407.6244) Creator:InstallCoordination Simple SPI UUID:31D8BE1B-4E9C-4D34-843B-9EE1AAF4C7E6 Location:[system-defined]> for UUID 31D8BE1B-4E9C-4D34-843B-9EE1AAF4C7E6
2026-06-26 16:44:15.660 Df installcoordinationd[26512:7c347a] [com.apple.installcoordination:daemon] -[IXSPlaceholder setAttributes:]: <IXSPlaceholder(0x105510500) Name:App Placeholder: NeonDrift.run.1782463407.6244 (com.DefaultCompany.NeonDrift.run.1782463407.6244) Creator:InstallCoordination Simple SPI UUID:31D8BE1B-4E9C-4D34-843B-9EE1AAF4C7E6 Location:[system-defined]>: setting placeholder attributes to <IXPlaceholderAttributes<0x1054a0a00> : {
    CFBundleShortVersionString = "1.0";
    CFBundleSupportedPlatforms =     (
        iPhoneSimulator
    );
    CFBundleVersion = 0;
    DTPlatformName = iphonesimulator;
    LSRequiresIPhoneOS = 1;
    MinimumOSVersion = "13.0";
    UIDeviceFamily =     (
        1,
        2
    );
    UIRequiredDeviceCapabilities =     {
        arm64 = 1;
        metal = 1;
    };
}>
2026-06-26 16:44:15.660 Df CoreSimulatorBridge[13156:7c3478] [com.apple.installcoordination:framework] +[IXPlaceholder _setEntitlementsFromBundleExecutableURL:withBundleID:client:onPlaceholder:location:error:]: Executable for com.DefaultCompany.NeonDrift.run.1782463407.6244 at NeonDrift.run.1782463407.6244 -- file:///Users/dragonkao/.openclaw/workspace/382b9e3384298039b171c9b2a60ae644/NeonDrift_MVP/project/xcode_derived_data/Build/Products/Release-iphonesimulator/NeonDrift.run.1782463407.6244.app/ had no entitlements
2026-06-26 16:44:15.660 Df CoreSimulatorBridge[13156:7c3478] [com.apple.installcoordination:framework] +[IXPlaceholder _placeholderForBundle:client:withParent:installType:metadata:placeholderType:mayBeDeltaPackage:isFromSerializedPlaceholder:location:error:]: Using full fidelity icons for com.DefaultCompany.NeonDrift.run.1782463407.6244 at /Users/dragonkao/.openclaw/workspace/382b9e3384298039b171c9b2a60ae644/NeonDrift_MVP/project/xcode_derived_data/Build/Products/Release-iphonesimulator/NeonDrift.run.1782463407.6244.app
2026-06-26 16:44:15.661 Df installcoordinationd[26512:7c347a] [com.apple.installcoordination:daemon] -[IXSDataPromiseManager registerPromise:]: Registered promise <IXSPromisedTransferToPath(0x1054de280) Name:Icon resources for com.DefaultCompany.NeonDrift.run.1782463407.6244 Creator:InstallCoordination Simple SPI UUID:00F0D515-7A0A-4F93-8234-24E3EA74713A Location:[system-defined]> for UUID 00F0D515-7A0A-4F93-8234-24E3EA74713A
2026-06-26 16:44:15.663 Df CoreSimulatorBridge[13156:7c3478] [com.apple.installcoordination:framework] -[IXPromisedTransferToPath setComplete:]: <IXPromisedTransferToPath<0x103458880> name:"Icon resources for com.DefaultCompany.NeonDrift.run.1782463407.6244" uuid:00F0D515-7A0A-4F93-8234-24E3EA74713A creator:"InstallCoordination Simple SPI" location:[system-defined]> Move operation from /Users/dragonkao/Library/Developer/CoreSimulator/Devices/115FDF0C-5A2F-4686-909B-7F43F1450A28/data/Containers/Shared/SystemGroup/systemgroup.com.apple.installcoordinationd/Library/InstallCoordination/PromiseStaging/00F0D515-7A0A-4F93-8234-24E3EA74713A/temp.5wZO9N to /Users/dragonkao/Library/Developer/CoreSimulator/Devices/115FDF0C-5A2F-4686-909B-7F43F1450A28/data/Containers/Shared/SystemGroup/systemgroup.com.apple.installcoordinationd/Library/InstallCoordination/PromiseStaging/00F0D515-7A0A-4F93-8234-24E3EA74713A/temp.5wZO9N took 0.000040 seconds
2026-06-26 16:44:15.664 Df installcoordinationd[26512:7ce1bf] [com.apple.installcoordination:daemon] -[IXSDataPromise _setPercentComplete:saveStateIfNeeded:]: Progress: <IXSPromisedTransferToPath(0x1054de280) Name:Icon resources for com.DefaultCompany.NeonDrift.run.1782463407.6244 Creator:InstallCoordination Simple SPI UUID:00F0D515-7A0A-4F93-8234-24E3EA74713A Location:[system-defined]>
2026-06-26 16:44:15.664 Df installcoordinationd[26512:7c347a] [com.apple.installcoordination:daemon] -[IXSDataPromiseManager promiseDidBegin:]: Unowned promise began: <IXSPromisedTransferToPath(0x1054de280) Name:Icon resources for com.DefaultCompany.NeonDrift.run.1782463407.6244 Creator:InstallCoordination Simple SPI UUID:00F0D515-7A0A-4F93-8234-24E3EA74713A Location:[system-defined]>
2026-06-26 16:44:15.664 Df installcoordinationd[26512:7c347a] [com.apple.installcoordination:daemon] -[IXSDataPromiseManager promise:didUpdateProgress:]: Unowned promise update progress to 1.000000 : <IXSPromisedTransferToPath(0x1054de280) Name:Icon resources for com.DefaultCompany.NeonDrift.run.1782463407.6244 Creator:InstallCoordination Simple SPI UUID:00F0D515-7A0A-4F93-8234-24E3EA74713A Location:[system-defined]>
2026-06-26 16:44:15.664 Df installcoordinationd[26512:7ce1bf] [com.apple.installcoordination:daemon] -[IXSDataPromiseManager promiseDidComplete:]: Unowned promise completed: <IXSPromisedTransferToPath(0x1054de280) Name:Icon resources for com.DefaultCompany.NeonDrift.run.1782463407.6244 Creator:InstallCoordination Simple SPI UUID:00F0D515-7A0A-4F93-8234-24E3EA74713A Location:[system-defined]>
2026-06-26 16:44:15.665 Df installcoordinationd[26512:7c347a] [com.apple.installcoordination:daemon] -[IXSDataPromise _setPercentComplete:saveStateIfNeeded:]: Progress: <IXSPromisedInMemoryDictionary(0x1054de500) Name:Info.plist icon content for com.DefaultCompany.NeonDrift.run.1782463407.6244 Creator:InstallCoordination Simple SPI UUID:BA6A426D-4C26-41F2-8C9C-2EEB0D21FD35 Location:[system-defined]>
2026-06-26 16:44:15.665 Df installcoordinationd[26512:7c347a] [com.apple.installcoordination:daemon] -[IXSDataPromiseManager registerPromise:]: Registered promise <IXSPromisedInMemoryDictionary(0x1054de500) Name:Info.plist icon content for com.DefaultCompany.NeonDrift.run.1782463407.6244 Creator:InstallCoordination Simple SPI UUID:BA6A426D-4C26-41F2-8C9C-2EEB0D21FD35 Location:[system-defined]> for UUID BA6A426D-4C26-41F2-8C9C-2EEB0D21FD35
2026-06-26 16:44:15.665 Df installcoordinationd[26512:7ce1bf] [com.apple.installcoordination:daemon] -[IXSDataPromiseManager promiseDidBegin:]: Unowned promise began: <IXSPromisedInMemoryDictionary(0x1054de500) Name:Info.plist icon content for com.DefaultCompany.NeonDrift.run.1782463407.6244 Creator:InstallCoordination Simple SPI UUID:BA6A426D-4C26-41F2-8C9C-2EEB0D21FD35 Location:[system-defined]>
2026-06-26 16:44:15.665 Df installcoordinationd[26512:7ce1bf] [com.apple.installcoordination:daemon] -[IXSDataPromiseManager promise:didUpdateProgress:]: Unowned promise update progress to 1.000000 : <IXSPromisedInMemoryDictionary(0x1054de500) Name:Info.plist icon content for com.DefaultCompany.NeonDrift.run.1782463407.6244 Creator:InstallCoordination Simple SPI UUID:BA6A426D-4C26-41F2-8C9C-2EEB0D21FD35 Location:[system-defined]>
2026-06-26 16:44:15.665 Df installcoordinationd[26512:7ce1bf] [com.apple.installcoordination:daemon] -[IXSDataPromiseManager promiseDidComplete:]: Unowned promise completed: <IXSPromisedInMemoryDictionary(0x1054de500) Name:Info.plist icon content for com.DefaultCompany.NeonDrift.run.1782463407.6244 Creator:InstallCoordination Simple SPI UUID:BA6A426D-4C26-41F2-8C9C-2EEB0D21FD35 Location:[system-defined]>
2026-06-26 16:44:15.666 Df installcoordinationd[26512:7c347a] [com.apple.installcoordination:daemon] -[IXSPlaceholder setIconResourcesPromise:]: <IXSPlaceholder(0x105510500) Name:App Placeholder: NeonDrift.run.1782463407.6244 (com.DefaultCompany.NeonDrift.run.1782463407.6244) Creator:InstallCoordination Simple SPI UUID:31D8BE1B-4E9C-4D34-843B-9EE1AAF4C7E6 Location:[system-defined]>: setting icon resources promise to <IXSPromisedTransferToPath(0x1054de280) Name:Icon resources for com.DefaultCompany.NeonDrift.run.1782463407.6244 Creator:InstallCoordination Simple SPI UUID:00F0D515-7A0A-4F93-8234-24E3EA74713A Location:[system-defined]>
2026-06-26 16:44:15.666 Df installcoordinationd[26512:7c347a] [com.apple.installcoordination:daemon] -[IXSPlaceholder setInfoPlistIconContentPromise:]: <IXSPlaceholder(0x105510500) Name:App Placeholder: NeonDrift.run.1782463407.6244 (com.DefaultCompany.NeonDrift.run.1782463407.6244) Creator:InstallCoordination Simple SPI UUID:31D8BE1B-4E9C-4D34-843B-9EE1AAF4C7E6 Location:[system-defined]>: setting Info.plist icon content promise to <IXSPromisedInMemoryDictionary(0x1054de500) Name:Info.plist icon content for com.DefaultCompany.NeonDrift.run.1782463407.6244 Creator:InstallCoordination Simple SPI UUID:BA6A426D-4C26-41F2-8C9C-2EEB0D21FD35 Location:[system-defined]>
2026-06-26 16:44:15.667 Df installcoordinationd[26512:7c347a] [com.apple.installcoordination:daemon] -[IXSDataPromiseManager promiseDidBegin:]: Unowned promise began: <IXSPlaceholder(0x105510500) Name:App Placeholder: NeonDrift.run.1782463407.6244 (com.DefaultCompany.NeonDrift.run.1782463407.6244) Creator:InstallCoordination Simple SPI UUID:31D8BE1B-4E9C-4D34-843B-9EE1AAF4C7E6 Location:[system-defined]>
2026-06-26 16:44:15.667 Df installcoordinationd[26512:7c347a] [com.apple.installcoordination:daemon] -[IXSDataPromiseManager promise:didUpdateProgress:]: Unowned promise update progress to 0.000000 : <IXSPlaceholder(0x105510500) Name:App Placeholder: NeonDrift.run.1782463407.6244 (com.DefaultCompany.NeonDrift.run.1782463407.6244) Creator:InstallCoordination Simple SPI UUID:31D8BE1B-4E9C-4D34-843B-9EE1AAF4C7E6 Location:[system-defined]>
2026-06-26 16:44:15.667 Df installcoordinationd[26512:7c347a] [com.apple.installcoordination:daemon] -[IXSDataPromiseManager promise:didUpdateProgress:]: Unowned promise update progress to 0.000000 : <IXSPlaceholder(0x105510500) Name:App Placeholder: NeonDrift.run.1782463407.6244 (com.DefaultCompany.NeonDrift.run.1782463407.6244) Creator:InstallCoordination Simple SPI UUID:31D8BE1B-4E9C-4D34-843B-9EE1AAF4C7E6 Location:[system-defined]>
2026-06-26 16:44:15.668 Df installcoordinationd[26512:7c347a] [com.apple.installcoordination:daemon] -[IXSDataPromise _setPercentComplete:saveStateIfNeeded:]: Progress: <IXSPromisedInMemoryDictionary(0x1054dd980) Name:Localizations for com.DefaultCompany.NeonDrift.run.1782463407.6244 Creator:InstallCoordination Simple SPI UUID:C9D43933-FD97-42EC-851F-2D6B8928BA1F Location:[system-defined]>
2026-06-26 16:44:15.668 Df installcoordinationd[26512:7c347a] [com.apple.installcoordination:daemon] -[IXSDataPromiseManager registerPromise:]: Registered promise <IXSPromisedInMemoryDictionary(0x1054dd980) Name:Localizations for com.DefaultCompany.NeonDrift.run.1782463407.6244 Creator:InstallCoordination Simple SPI UUID:C9D43933-FD97-42EC-851F-2D6B8928BA1F Location:[system-defined]> for UUID C9D43933-FD97-42EC-851F-2D6B8928BA1F
2026-06-26 16:44:15.668 Df installcoordinationd[26512:7ce1c2] [com.apple.installcoordination:daemon] -[IXSDataPromiseManager promiseDidBegin:]: Unowned promise began: <IXSPromisedInMemoryDictionary(0x1054dd980) Name:Localizations for com.DefaultCompany.NeonDrift.run.1782463407.6244 Creator:InstallCoordination Simple SPI UUID:C9D43933-FD97-42EC-851F-2D6B8928BA1F Location:[system-defined]>
2026-06-26 16:44:15.668 Df installcoordinationd[26512:7ce1c2] [com.apple.installcoordination:daemon] -[IXSDataPromiseManager promise:didUpdateProgress:]: Unowned promise update progress to 1.000000 : <IXSPromisedInMemoryDictionary(0x1054dd980) Name:Localizations for com.DefaultCompany.NeonDrift.run.1782463407.6244 Creator:InstallCoordination Simple SPI UUID:C9D43933-FD97-42EC-851F-2D6B8928BA1F Location:[system-defined]>
2026-06-26 16:44:15.668 Df installcoordinationd[26512:7ce1c2] [com.apple.installcoordination:daemon] -[IXSDataPromiseManager promiseDidComplete:]: Unowned promise completed: <IXSPromisedInMemoryDictionary(0x1054dd980) Name:Localizations for com.DefaultCompany.NeonDrift.run.1782463407.6244 Creator:InstallCoordination Simple SPI UUID:C9D43933-FD97-42EC-851F-2D6B8928BA1F Location:[system-defined]>
2026-06-26 16:44:15.668 Df installcoordinationd[26512:7c347a] [com.apple.installcoordination:daemon] -[IXSPlaceholder setLocalizationDictionaryPromise:]: <IXSPlaceholder(0x105510500) Name:App Placeholder: NeonDrift.run.1782463407.6244 (com.DefaultCompany.NeonDrift.run.1782463407.6244) Creator:InstallCoordination Simple SPI UUID:31D8BE1B-4E9C-4D34-843B-9EE1AAF4C7E6 Location:[system-defined]>: setting localization dict promise to <IXSPromisedInMemoryDictionary(0x1054dd980) Name:Localizations for com.DefaultCompany.NeonDrift.run.1782463407.6244 Creator:InstallCoordination Simple SPI UUID:C9D43933-FD97-42EC-851F-2D6B8928BA1F Location:[system-defined]>
2026-06-26 16:44:15.669 Df installcoordinationd[26512:7c347a] [com.apple.installcoordination:daemon] -[IXSDataPromiseManager promise:didUpdateProgress:]: Unowned promise update progress to 0.000000 : <IXSPlaceholder(0x105510500) Name:App Placeholder: NeonDrift.run.1782463407.6244 (com.DefaultCompany.NeonDrift.run.1782463407.6244) Creator:InstallCoordination Simple SPI UUID:31D8BE1B-4E9C-4D34-843B-9EE1AAF4C7E6 Location:[system-defined]>
2026-06-26 16:44:15.669 Df installcoordinationd[26512:7ce1bf] [com.apple.installcoordination:daemon] -[IXSPlaceholder setConfigurationComplete:]: <IXSPlaceholder(0x105510500) Name:App Placeholder: NeonDrift.run.1782463407.6244 (com.DefaultCompany.NeonDrift.run.1782463407.6244) Creator:InstallCoordination Simple SPI UUID:31D8BE1B-4E9C-4D34-843B-9EE1AAF4C7E6 Location:[system-defined]>: setting configuration complete to Y
2026-06-26 16:44:15.669 Df installcoordinationd[26512:7ce1bf] [com.apple.installcoordination:daemon] -[IXSPlaceholder _materialize]: <IXSPlaceholder(0x105510500) Name:App Placeholder: NeonDrift.run.1782463407.6244 (com.DefaultCompany.NeonDrift.run.1782463407.6244) Creator:InstallCoordination Simple SPI UUID:31D8BE1B-4E9C-4D34-843B-9EE1AAF4C7E6 Location:[system-defined]>: Materializing placeholder at /Users/dragonkao/Library/Developer/CoreSimulator/Devices/115FDF0C-5A2F-4686-909B-7F43F1450A28/data/Containers/Shared/SystemGroup/systemgroup.com.apple.installcoordinationd/Library/InstallCoordination/PromiseStaging/31D8BE1B-4E9C-4D34-843B-9EE1AAF4C7E6/NeonDrift.run.1782463407.6244.app
2026-06-26 16:44:15.670 Df installcoordinationd[26512:7ce1bf] [com.apple.installcoordination:daemon] -[IXSPlaceholder _materialize]: <IXSPlaceholder(0x105510500) Name:App Placeholder: NeonDrift.run.1782463407.6244 (com.DefaultCompany.NeonDrift.run.1782463407.6244) Creator:InstallCoordination Simple SPI UUID:31D8BE1B-4E9C-4D34-843B-9EE1AAF4C7E6 Location:[system-defined]>: Using Info.plist icon content: {
    CFBundleIcons =     {
        CFBundlePrimaryIcon =         {
            CFBundleIconName = AppIcon;
        };
    };
    "CFBundleIcons~ipad" =     {
        CFBundlePrimaryIcon =         {
            CFBundleIconName = AppIcon;
        };
    };
    ISIconPlatform = iPhoneOS;
}
2026-06-26 16:44:15.670 Df installcoordinationd[26512:7ce1bf] [com.apple.installcoordination:daemon] -[IXSPlaceholder _materialize]_block_invoke: <IXSPlaceholder(0x105510500) Name:App Placeholder: NeonDrift.run.1782463407.6244 (com.DefaultCompany.NeonDrift.run.1782463407.6244) Creator:InstallCoordination Simple SPI UUID:31D8BE1B-4E9C-4D34-843B-9EE1AAF4C7E6 Location:[system-defined]>: Using icon resource Assets.car
2026-06-26 16:44:15.670 Df installcoordinationd[26512:7ce1bf] [com.apple.installcoordination:daemon] -[IXSPlaceholder _materialize]: <IXSPlaceholder(0x105510500) Name:App Placeholder: NeonDrift.run.1782463407.6244 (com.DefaultCompany.NeonDrift.run.1782463407.6244) Creator:InstallCoordination Simple SPI UUID:31D8BE1B-4E9C-4D34-843B-9EE1AAF4C7E6 Location:[system-defined]>: Including lproj localizations for (
)
2026-06-26 16:44:15.670 Df installcoordinationd[26512:7c347a] [com.apple.installcoordination:daemon] -[IXSDataPromiseManager promiseDidComplete:]: Unowned promise completed: <IXSPlaceholder(0x105510500) Name:App Placeholder: NeonDrift.run.1782463407.6244 (com.DefaultCompany.NeonDrift.run.1782463407.6244) Creator:InstallCoordination Simple SPI UUID:31D8BE1B-4E9C-4D34-843B-9EE1AAF4C7E6 Location:[system-defined]>
2026-06-26 16:44:15.671 Df installcoordinationd[26512:7c347a] [com.apple.installcoordination:daemon] -[IXSDataPromiseManager registerPromise:]: Registered promise <IXSPromisedTransferToPath(0x1054dd800) Name:App Asset: com.DefaultCompany.NeonDrift.run.1782463407.6244 Creator:InstallCoordination Simple SPI UUID:1BF29E94-968A-452A-8FF2-6BEB9C4EEFE8 Location:[system-defined]> for UUID 1BF29E94-968A-452A-8FF2-6BEB9C4EEFE8
2026-06-26 16:44:15.672 Df installcoordinationd[26512:7c347a] [com.apple.installcoordination:daemon] -[IXSCoordinatorManager coordinatorForIdentity:connection:error:creatingIfNotExisting:]_block_invoke: Registered coordinator: <IXSCoordinatedAppInstall<0x1055e4000> [P=CoreSimulatorBridge (pid 13156)] identifier:[com.DefaultCompany.NeonDrift.run.1782463407.6244/Invalid/[system-defined]] uuid:CB2083FF-0DFE-4733-9E24-6E525F8B94F7 intent:IXCoordinatorIntentInitiating creator/appDRI:InstallCoordination Simple SPI importance:Background state:IXAppCoordinationStatePlaceholderPromiseNotSet promise-state:01234>
2026-06-26 16:44:15.672 Df installcoordinationd[26512:7c347a] [com.apple.appinstallation:TransactionLog] com.DefaultCompany.NeonDrift.run.1782463407.6244/Unknown Persona:4:1:1:1:Created coordinator with intent IXCoordinatorIntentInitiating for client InstallCoordination Simple SPI
2026-06-26 16:44:15.672 Df installcoordinationd[26512:7c347a] [com.apple.installcoordination:daemon] -[IXSCoordinatedAppInstall setPriorityBoostCompletion:withSourceInfo:]: <IXSCoordinatedAppInstall<0x1055e4000> [P=CoreSimulatorBridge (pid 13156)] identifier:[com.DefaultCompany.NeonDrift.run.1782463407.6244/Invalid/[system-defined]] uuid:CB2083FF-0DFE-4733-9E24-6E525F8B94F7 intent:IXCoordinatorIntentInitiating creator/appDRI:InstallCoordination Simple SPI importance:Background state:IXAppCoordinationStatePlaceholderPromiseNotSet promise-state:01234>: Retaining completion from CoreSimulatorBridge (13156), QOS_CLASS_DEFAULT (0x15)
2026-06-26 16:44:15.672 Df installcoordinationd[26512:7c347a] [com.apple.installcoordination:daemon] -[IXSCoordinatedAppInstall setImportance:]: <IXSCoordinatedAppInstall<0x1055e4000> [P=CoreSimulatorBridge (pid 13156)] identifier:[com.DefaultCompany.NeonDrift.run.1782463407.6244/Invalid/[system-defined]] uuid:CB2083FF-0DFE-4733-9E24-6E525F8B94F7 intent:IXCoordinatorIntentInitiating creator/appDRI:InstallCoordination Simple SPI importance:UserWaiting state:IXAppCoordinationStatePlaceholderPromiseNotSet promise-state:01234>: set importance to UserWaiting
2026-06-26 16:44:15.673 Df installcoordinationd[26512:7c347a] [com.apple.installcoordination:daemon] -[IXSCoordinatedAppInstall _onQueue_fireObserversForClient:]: <IXSCoordinatedAppInstall<0x1055e4000> [P=CoreSimulatorBridge (pid 13156)] identifier:[com.DefaultCompany.NeonDrift.run.1782463407.6244/Invalid/[system-defined]] uuid:CB2083FF-0DFE-4733-9E24-6E525F8B94F7 intent:IXCoordinatorIntentInitiating creator/appDRI:InstallCoordination Simple SPI importance:UserWaiting state:IXAppCoordinationStatePlaceholderPromiseNotSet promise-state:01234>: Firing applicable observers for client <IXSClientConnection<0x1054407e0> client:CoreSimulatorBridge (pid 13156) uuid:91EA0638-10DA-4AE9-8353-ED9F7F8399EE>
2026-06-26 16:44:15.673 Df installcoordinationd[26512:7c347a] [com.apple.installcoordination:daemon] -[IXSCoordinatedAppInstall setPriorityBoostCompletion:withSourceInfo:]: <IXSCoordinatedAppInstall<0x1055e4000> [P=CoreSimulatorBridge (pid 13156)] identifier:[com.DefaultCompany.NeonDrift.run.1782463407.6244/Invalid/[system-defined]] uuid:CB2083FF-0DFE-4733-9E24-6E525F8B94F7 intent:IXCoordinatorIntentInitiating creator/appDRI:InstallCoordination Simple SPI importance:UserWaiting state:IXAppCoordinationStatePlaceholderPromiseNotSet promise-state:01234>: Disposing of completion from CoreSimulatorBridge (13156), QOS_CLASS_DEFAULT (0x15)
2026-06-26 16:44:15.673 Df installcoordinationd[26512:7c347a] [com.apple.installcoordination:daemon] -[IXSCoordinatedAppInstall setPriorityBoostCompletion:withSourceInfo:]: <IXSCoordinatedAppInstall<0x1055e4000> [P=CoreSimulatorBridge (pid 13156)] identifier:[com.DefaultCompany.NeonDrift.run.1782463407.6244/Invalid/[system-defined]] uuid:CB2083FF-0DFE-4733-9E24-6E525F8B94F7 intent:IXCoordinatorIntentInitiating creator/appDRI:InstallCoordination Simple SPI importance:UserWaiting state:IXAppCoordinationStatePlaceholderPromiseNotSet promise-state:01234>: Retaining completion from CoreSimulatorBridge (13156), QOS_CLASS_DEFAULT (0x15)
2026-06-26 16:44:15.674 Df CoreSimulatorBridge[13156:7ce1c0] [com.apple.installcoordination:framework] -[IXAppInstallCoordinator _clientDelegate_didRegisterForObservation]: <IXInitiatingAppInstallCoordinator<0x103458780> identity:[com.DefaultCompany.NeonDrift.run.1782463407.6244/Invalid/[system-defined]] uuid:CB2083FF-0DFE-4733-9E24-6E525F8B94F7 creator:InstallCoordination Simple SPI>: Got observer registration delegate
2026-06-26 16:44:15.674 Df CoreSimulatorBridge[13156:7ce1c0] [com.apple.installcoordination:framework] -[IXAppInstallCoordinator _clientDelegate_shouldResume]: <IXInitiatingAppInstallCoordinator<0x103458780> identity:[com.DefaultCompany.NeonDrift.run.1782463407.6244/Invalid/[system-defined]] uuid:CB2083FF-0DFE-4733-9E24-6E525F8B94F7 creator:InstallCoordination Simple SPI>: Got should resume delegate
2026-06-26 16:44:15.674 Df CoreSimulatorBridge[13156:7ce1c1] [com.apple.installcoordination:framework] -[IXAppInstallCoordinator _clientDelegate_didRegisterForObservation]_block_invoke: <IXInitiatingAppInstallCoordinator<0x103458780> identity:[com.DefaultCompany.NeonDrift.run.1782463407.6244/Invalid/[system-defined]] uuid:CB2083FF-0DFE-4733-9E24-6E525F8B94F7 creator:InstallCoordination Simple SPI>: Observer <_IXSimpleInstallerDelegate 0x0x101b1ad90> does not respond to coordinatorDidRegisterForObservation:
2026-06-26 16:44:15.674 Df CoreSimulatorBridge[13156:7ce1c1] [com.apple.installcoordination:framework] -[IXAppInstallCoordinator _clientDelegate_shouldResume]_block_invoke: <IXInitiatingAppInstallCoordinator<0x103458780> identity:[com.DefaultCompany.NeonDrift.run.1782463407.6244/Invalid/[system-defined]] uuid:CB2083FF-0DFE-4733-9E24-6E525F8B94F7 creator:InstallCoordination Simple SPI>: Observer <_IXSimpleInstallerDelegate 0x0x101b1ad90> does not respond to coordinatorShouldResume:
2026-06-26 16:44:15.675 Df installcoordinationd[26512:7c347a] [com.apple.installcoordination:daemon] -[IXSCoordinatedAppInstall _internal_setInstallOptionsPromise:performExternalActions:]: <IXSCoordinatedAppInstall<0x1055e4000> [P=CoreSimulatorBridge (pid 13156)] identifier:[com.DefaultCompany.NeonDrift.run.1782463407.6244/Invalid/[system-defined]] uuid:CB2083FF-0DFE-4733-9E24-6E525F8B94F7 intent:IXCoordinatorIntentInitiating creator/appDRI:InstallCoordination Simple SPI importance:UserWaiting state:IXAppCoordinationStatePlaceholderPromiseNotSet promise-state:012I4> : install options set: <IXSPromisedInMemoryData(0x1054de200) Name:MIInstallOptions data Creator:Install Coordination Internal UUID:1D409A99-824A-40D7-A5D4-1C4F0D5CF0D3 Location:[system-defined]>
2026-06-26 16:44:15.675 Df installcoordinationd[26512:7ce1c2] [com.apple.installcoordination:daemon] -[IXSCoordinatedAppInstall promiseDidComplete:]: <IXSCoordinatedAppInstall<0x1055e4000> [P=CoreSimulatorBridge (pid 13156)] identifier:[com.DefaultCompany.NeonDrift.run.1782463407.6244/Invalid/[system-defined]] uuid:CB2083FF-0DFE-4733-9E24-6E525F8B94F7 intent:IXCoordinatorIntentInitiating creator/appDRI:InstallCoordination Simple SPI importance:UserWaiting state:IXAppCoordinationStatePlaceholderPromiseNotSet promise-state:012I4> : Promise completed: <IXSPromisedInMemoryData(0x1054de200) Name:MIInstallOptions data Creator:Install Coordination Internal UUID:1D409A99-824A-40D7-A5D4-1C4F0D5CF0D3 Location:[system-defined]>
2026-06-26 16:44:15.676 Df installcoordinationd[26512:7ce1c2] [com.apple.appinstallation:TransactionLog] com.DefaultCompany.NeonDrift.run.1782463407.6244/Unknown Persona:4:13:1:1:Install Options Promise began. Coordinator State: IXAppCoordinationStatePlaceholderPromiseNotSet
2026-06-26 16:44:15.676 Df installcoordinationd[26512:7ce1c2] [com.apple.appinstallation:TransactionLog] com.DefaultCompany.NeonDrift.run.1782463407.6244/Unknown Persona:4:13:2:1:Install Options Promise completed. Coordinator State: IXAppCoordinationStatePlaceholderPromiseNotSet
2026-06-26 16:44:15.676 Df installcoordinationd[26512:7ce1c2] [com.apple.installcoordination:daemon] -[IXSCoordinatedAppInstall _internal_setAppAssetPromise:performExternalActions:]: <IXSCoordinatedAppInstall<0x1055e4000> [P=CoreSimulatorBridge (pid 13156)] identifier:[com.DefaultCompany.NeonDrift.run.1782463407.6244/Invalid/[system-defined]] uuid:CB2083FF-0DFE-4733-9E24-6E525F8B94F7 intent:IXCoordinatorIntentInitiating creator/appDRI:InstallCoordination Simple SPI importance:UserWaiting state:IXAppCoordinationStatePlaceholderPromiseNotSet promise-state:0a2I4> : App Asset Promise set: <IXSPromisedTransferToPath(0x1054dd800) Name:App Asset: com.DefaultCompany.NeonDrift.run.1782463407.6244 Creator:InstallCoordination Simple SPI UUID:1BF29E94-968A-452A-8FF2-6BEB9C4EEFE8 Location:[system-defined]>
2026-06-26 16:44:15.676 Df installcoordinationd[26512:7ce1c2] [com.apple.installcoordination:daemon] -[IXSCoordinatedAppInstall setInitialODRAssetPromises:]: <IXSCoordinatedAppInstall<0x1055e4000> [P=CoreSimulatorBridge (pid 13156)] identifier:[com.DefaultCompany.NeonDrift.run.1782463407.6244/Invalid/[system-defined]] uuid:CB2083FF-0DFE-4733-9E24-6E525F8B94F7 intent:IXCoordinatorIntentInitiating creator/appDRI:InstallCoordination Simple SPI importance:UserWaiting state:IXAppCoordinationStatePlaceholderPromiseNotSet promise-state:0a2I4> : Initial ODR Asset Promises set: (
)
2026-06-26 16:44:15.689 Df CoreSimulatorBridge[13156:7c3478] [com.apple.installcoordination:framework] -[IXPromisedTransferToPath setComplete:]: <IXPromisedTransferToPath<0x103458500> name:"App Asset: com.DefaultCompany.NeonDrift.run.1782463407.6244" uuid:1BF29E94-968A-452A-8FF2-6BEB9C4EEFE8 creator:"InstallCoordination Simple SPI" location:[system-defined]> Copy operation from /Users/dragonkao/.openclaw/workspace/382b9e3384298039b171c9b2a60ae644/NeonDrift_MVP/project/xcode_derived_data/Build/Products/Release-iphonesimulator/NeonDrift.run.1782463407.6244.app to /Users/dragonkao/Library/Developer/CoreSimulator/Devices/115FDF0C-5A2F-4686-909B-7F43F1450A28/data/Containers/Shared/SystemGroup/systemgroup.com.apple.installcoordinationd/Library/InstallCoordination/PromiseStaging/1BF29E94-968A-452A-8FF2-6BEB9C4EEFE8/NeonDrift.run.1782463407.6244.app took 0.011987 seconds
2026-06-26 16:44:15.689 Df installcoordinationd[26512:7ce1c2] [com.apple.installcoordination:daemon] -[IXSDataPromise _setPercentComplete:saveStateIfNeeded:]: Progress: <IXSPromisedTransferToPath(0x1054dd800) Name:App Asset: com.DefaultCompany.NeonDrift.run.1782463407.6244 Creator:InstallCoordination Simple SPI UUID:1BF29E94-968A-452A-8FF2-6BEB9C4EEFE8 Location:[system-defined]>
2026-06-26 16:44:15.690 Df installcoordinationd[26512:7ce1c2] [com.apple.installcoordination:daemon] -[IXSCoordinatedAppInstall promiseDidComplete:]: <IXSCoordinatedAppInstall<0x1055e4000> [P=CoreSimulatorBridge (pid 13156)] identifier:[com.DefaultCompany.NeonDrift.run.1782463407.6244/Invalid/[system-defined]] uuid:CB2083FF-0DFE-4733-9E24-6E525F8B94F7 intent:IXCoordinatorIntentInitiating creator/appDRI:InstallCoordination Simple SPI importance:UserWaiting state:IXAppCoordinationStatePlaceholderPromiseNotSet promise-state:0A2I4> : Promise completed: <IXSPromisedTransferToPath(0x1054dd800) Name:App Asset: com.DefaultCompany.NeonDrift.run.1782463407.6244 Creator:InstallCoordination Simple SPI UUID:1BF29E94-968A-452A-8FF2-6BEB9C4EEFE8 Location:[system-defined]>
2026-06-26 16:44:15.690 Df installcoordinationd[26512:7c347a] [com.apple.appinstallation:TransactionLog] com.DefaultCompany.NeonDrift.run.1782463407.6244/Unknown Persona:4:10:1:1:App Asset Promise began. Coordinator State: IXAppCoordinationStatePlaceholderPromiseNotSet
2026-06-26 16:44:15.691 Df installcoordinationd[26512:7c347a] [com.apple.appinstallation:TransactionLog] com.DefaultCompany.NeonDrift.run.1782463407.6244/Unknown Persona:4:10:2:1:App Asset Promise completed. Coordinator State: IXAppCoordinationStatePlaceholderPromiseNotSet
2026-06-26 16:44:15.691 Df installcoordinationd[26512:7ce1c2] [com.apple.installcoordination:daemon] -[IXSCoordinatedAppInstall setPlaceholderPromise:]: <IXSCoordinatedAppInstall<0x1055e4000> [P=CoreSimulatorBridge (pid 13156)] identifier:[com.DefaultCompany.NeonDrift.run.1782463407.6244/Invalid/[system-defined]] uuid:CB2083FF-0DFE-4733-9E24-6E525F8B94F7 intent:IXCoordinatorIntentInitiating creator/appDRI:InstallCoordination Simple SPI importance:UserWaiting state:IXAppCoordinationStateReadyForPlaceholderInstall promise-state:PA2I4> : Placeholder Promise set: <IXSPlaceholder(0x105510500) Name:App Placeholder: NeonDrift.run.1782463407.6244 (com.DefaultCompany.NeonDrift.run.1782463407.6244) Creator:InstallCoordination Simple SPI UUID:31D8BE1B-4E9C-4D34-843B-9EE1AAF4C7E6 Location:[system-defined]>
2026-06-26 16:44:15.691 Df CoreSimulatorBridge[13156:7ce1c0] [com.apple.installcoordination:framework] -[IXAppInstallCoordinator _clientDelegate_promiseDidBeginFulfillmentWithIdentifier:]: <IXInitiatingAppInstallCoordinator<0x103458780> identity:[com.DefaultCompany.NeonDrift.run.1782463407.6244/Invalid/[system-defined]] uuid:CB2083FF-0DFE-4733-9E24-6E525F8B94F7 creator:InstallCoordination Simple SPI>: Got promise did begin fulfillment for identifier 2
2026-06-26 16:44:15.691 Df installcoordinationd[26512:7c347a] [com.apple.installcoordination:daemon] -[IXSCoordinatedAppInstall promiseDidComplete:]: <IXSCoordinatedAppInstall<0x1055e4000> [P=CoreSimulatorBridge (pid 13156)] identifier:[com.DefaultCompany.NeonDrift.run.1782463407.6244/Invalid/[system-defined]] uuid:CB2083FF-0DFE-4733-9E24-6E525F8B94F7 intent:IXCoordinatorIntentInitiating creator/appDRI:InstallCoordination Simple SPI importance:UserWaiting state:IXAppCoordinationStateReadyForPlaceholderInstall promise-state:PA2I4> : Promise completed: <IXSPlaceholder(0x105510500) Name:App Placeholder: NeonDrift.run.1782463407.6244 (com.DefaultCompany.NeonDrift.run.1782463407.6244) Creator:InstallCoordination Simple SPI UUID:31D8BE1B-4E9C-4D34-843B-9EE1AAF4C7E6 Location:[system-defined]>
2026-06-26 16:44:15.691 Df CoreSimulatorBridge[13156:7ce1c0] [com.apple.installcoordination:framework] -[IXAppInstallCoordinator _clientDelegate_didUpdateProgress:forPhase:overallProgress:]: <IXInitiatingAppInstallCoordinator<0x103458780> identity:[com.DefaultCompany.NeonDrift.run.1782463407.6244/Invalid/[system-defined]] uuid:CB2083FF-0DFE-4733-9E24-6E525F8B94F7 creator:InstallCoordination Simple SPI>: Got did update progress delegate with percentComplete 100.000000 phase IXCoordinatorProgressPhaseLoading overallProgress 60.000000
2026-06-26 16:44:15.691 Df CoreSimulatorBridge[13156:7ce1c0] [com.apple.installcoordination:framework] -[IXAppInstallCoordinator _clientDelegate_promiseDidBeginFulfillmentWithIdentifier:]_block_invoke: <IXInitiatingAppInstallCoordinator<0x103458780> identity:[com.DefaultCompany.NeonDrift.run.1782463407.6244/Invalid/[system-defined]] uuid:CB2083FF-0DFE-4733-9E24-6E525F8B94F7 creator:InstallCoordination Simple SPI>: Observer <_IXSimpleInstallerDelegate 0x0x101b1ad90> does not respond to coordinator:configuredPromiseDidBeginFulfillment: (or any deprecated equivalent)
2026-06-26 16:44:15.691 Df CoreSimulatorBridge[13156:7ce1c0] [com.apple.installcoordination:framework] -[IXAppInstallCoordinator _clientDelegate_didUpdateProgress:forPhase:overallProgress:]_block_invoke: <IXInitiatingAppInstallCoordinator<0x103458780> identity:[com.DefaultCompany.NeonDrift.run.1782463407.6244/Invalid/[system-defined]] uuid:CB2083FF-0DFE-4733-9E24-6E525F8B94F7 creator:InstallCoordination Simple SPI>: Calling selector coordinator:didUpdateProgress:forPhase:overallProgress: on observer <_IXSimpleInstallerDelegate 0x0x101b1ad90>
2026-06-26 16:44:15.691 Df installcoordinationd[26512:7ce1c2] [com.apple.installcoordination:daemon] -[IXSCoordinatedAppInstall _onQueue_acquireAssertionAndInstallPlaceholder]: Acquiring termination assertion to install placeholder for [com.DefaultCompany.NeonDrift.run.1782463407.6244/Invalid/[system-defined]]
2026-06-26 16:44:15.691 Df installcoordinationd[26512:7ce1c2] [com.apple.installcoordination:daemon] -[IXSPendingOperationsTracker beginPendingOperationForIdentity:]_block_invoke: Beginning pending operation for [com.DefaultCompany.NeonDrift.run.1782463407.6244/Invalid/[system-defined]]
2026-06-26 16:44:15.692 Df runningboardd[13128:7cc221] [com.apple.runningboard:connection] Received termination request from [osservice<com.apple.installcoordinationd>:26512] on <RBSProcessPredicate <RBSProcessBundleIdentifierPredicate "com.DefaultCompany.NeonDrift.run.1782463407.6244">> with context <RBSTerminateContext| explanation:installcoordinationd app:[com.DefaultCompany.NeonDrift.run.1782463407.6244/Invalid/[system-defined]] uuid:CB2083FF-0DFE-4733-9E24-6E525F8B94F7 isPlaceholder:Y reportType:None maxTerminationResistance:Absolute attrs:[
	<RBSPreventLaunchLimitation| <RBSProcessPredicate <RBSProcessBundleIdentifierPredicate "com.DefaultCompany.NeonDrift.run.1782463407.6244">> allow:(null)>
	]>
2026-06-26 16:44:15.692 Df runningboardd[13128:7cc221] [com.apple.runningboard:general] failed to get LSApplicationRecord for com.DefaultCompany.NeonDrift.run.1782463407.6244 - probably OK
2026-06-26 16:44:15.693 Df runningboardd[13128:7cc221] [com.apple.runningboard:connection] skipping plugin hold for uninstalled proxy com.DefaultCompany.NeonDrift.run.1782463407.6244
2026-06-26 16:44:15.693 Df runningboardd[13128:7cc221] [com.apple.runningboard:ttl] Acquiring assertion targeting system from originator [osservice<com.apple.installcoordinationd>:26512] with description <RBSAssertionDescriptor| "installcoordinationd app:[com.DefaultCompany.NeonDrift.run.1782463407.6244/Invalid/[system-defined]] uuid:CB2083FF-0DFE-4733-9E24-6E525F8B94F7 isPlaceholder:Y" ID:13128-26512-6911 target:system attributes:[
	<RBSPreventLaunchLimitation| <RBSProcessPredicate <RBSProcessBundleIdentifierPredicate "com.DefaultCompany.NeonDrift.run.1782463407.6244">> allow:(null)>
	]>
2026-06-26 16:44:15.693 Df runningboardd[13128:7cc221] [com.apple.runningboard:process] Executing termination request for: <RBSProcessPredicate <RBSProcessBundleIdentifierPredicate "com.DefaultCompany.NeonDrift.run.1782463407.6244">>
2026-06-26 16:44:15.694 Df SpringBoard[13125:4bdd22] [com.apple.SpringBoard:Common] termination assertion acquired for com.DefaultCompany.NeonDrift.run.1782463407.6244 (app not found)
2026-06-26 16:44:15.694 Df installcoordinationd[26512:7ce1c2] [com.apple.appinstallation:TransactionLog] com.DefaultCompany.NeonDrift.run.1782463407.6244/Unknown Persona:4:9:1:1:Placeholder Promise began. Coordinator State: IXAppCoordinationStateWaitingForPlaceholderAssertion
2026-06-26 16:44:15.694 Df installcoordinationd[26512:7c347a] [com.apple.installcoordination:daemon] -[IXSCoordinatedAppInstall assertionAcquiredCallback]: RBS termination assertion observer called for <IXSCoordinatedAppInstall<0x1055e4000> [P=CoreSimulatorBridge (pid 13156)] identifier:[com.DefaultCompany.NeonDrift.run.1782463407.6244/Invalid/[system-defined]] uuid:CB2083FF-0DFE-4733-9E24-6E525F8B94F7 intent:IXCoordinatorIntentInitiating creator/appDRI:InstallCoordination Simple SPI importance:UserWaiting state:IXAppCoordinationStateWaitingForPlaceholderAssertion promise-state:PA2I4>
2026-06-26 16:44:15.694 Df installcoordinationd[26512:7ce1c2] [com.apple.installcoordination:daemon] -[IXSCoordinatorProgress setTotalUnitsCompleted:]: Progress for coordinator: [com.DefaultCompany.NeonDrift.run.1782463407.6244/Invalid/[system-defined]], Phase: IXCoordinatorProgressPhaseLoading, Percentage: 100.000000: Attempt to set units completed on finished progress: 100
2026-06-26 16:44:15.694 Df installcoordinationd[26512:7ce1c2] [com.apple.appinstallation:TransactionLog] com.DefaultCompany.NeonDrift.run.1782463407.6244/Unknown Persona:4:9:2:1:Placeholder Promise completed. Coordinator State: IXAppCoordinationStateWaitingForPlaceholderAssertion
2026-06-26 16:44:15.694 Df CoreSimulatorBridge[13156:7ce1c0] [com.apple.installcoordination:framework] -[IXAppInstallCoordinator _clientDelegate_promiseDidBeginFulfillmentWithIdentifier:]: <IXInitiatingAppInstallCoordinator<0x103458780> identity:[com.DefaultCompany.NeonDrift.run.1782463407.6244/Invalid/[system-defined]] uuid:CB2083FF-0DFE-4733-9E24-6E525F8B94F7 creator:InstallCoordination Simple SPI>: Got promise did begin fulfillment for identifier 1
2026-06-26 16:44:15.694 Df CoreSimulatorBridge[13156:7ce1c0] [com.apple.installcoordination:framework] -[IXAppInstallCoordinator _clientDelegate_promiseDidBeginFulfillmentWithIdentifier:]_block_invoke: <IXInitiatingAppInstallCoordinator<0x103458780> identity:[com.DefaultCompany.NeonDrift.run.1782463407.6244/Invalid/[system-defined]] uuid:CB2083FF-0DFE-4733-9E24-6E525F8B94F7 creator:InstallCoordination Simple SPI>: Observer <_IXSimpleInstallerDelegate 0x0x101b1ad90> does not respond to coordinator:configuredPromiseDidBeginFulfillment: (or any deprecated equivalent)
2026-06-26 16:44:15.694 Df installcoordinationd[26512:7ce1c2] [com.apple.installcoordination:daemon] -[IXSCoordinatedAppInstall _onQueue_installPlaceholder]: Acquired termination assertion for placeholder [com.DefaultCompany.NeonDrift.run.1782463407.6244/Invalid/[system-defined]]; proceeding with install.
2026-06-26 16:44:15.694 Df installcoordinationd[26512:7ce1c2] [com.apple.installcoordination:daemon] -[IXSPowerAssertion initWithAssertionName:details:]: Acquired power assertion IXPowerAssertion-12-[com.DefaultCompany.NeonDrift.run.1782463407.6244/Invalid/[system-defined]]
2026-06-26 16:44:15.695 Df installd[26514:7ce1c9] (MobileSystemServices) 0x16bd27000 -[MIClientConnection _doInstallationForURL:identity:domain:options:operationType:completion:]: Install of "/Users/dragonkao/Library/Developer/CoreSimulator/Devices/115FDF0C-5A2F-4686-909B-7F43F1450A28/data/Containers/Shared/SystemGroup/systemgroup.com.apple.installcoordinationd/Library/InstallCoordination/PromiseStaging/31D8BE1B-4E9C-4D34-843B-9EE1AAF4C7E6/NeonDrift.run.1782463407.6244.app" type Placeholder (LSInstallType = 1, Domain: MIInstallationDomainDefault) requested by installcoordinationd (pid 26512 (501/20))
2026-06-26 16:44:15.699 Df installd[26514:7ce1c9] [com.apple.containermanager:xpc] Query; euid = 501, uid = 501, class = 1, identifier = [com.DefaultCompany.NeonDrift.run.1782463407.6244](1), flags = 300000002
2026-06-26 16:44:15.699 Df installd[26514:7ce1c9] [com.apple.containermanager:xpc] Query; euid = 501, uid = 501, class = 1, identifier = [com.DefaultCompany.NeonDrift.run.1782463407.6244](1), flags = 300000002
2026-06-26 16:44:15.699 Df installd[26514:7ce1c9] (MobileSystemServices) 0x16bd27000 -[MIInstaller _installInstallable:containingSymlink:error:]: Installing <MIInstallableBundle ID=com.DefaultCompany.NeonDrift.run.1782463407.6244; Persona=com.apple.containermanager.primary-persona, Version=0, ShortVersion=1.0>
2026-06-26 16:44:15.699 Df installd[26514:7ce1c9] [com.apple.appinstallation:TransactionLog] com.DefaultCompany.NeonDrift.run.1782463407.6244/com.apple.containermanager.primary-persona:7:4:1:1:Start : Install (Placeholder)
2026-06-26 16:44:15.701 Df installd[26514:7ce1c9] [com.apple.containermanager:query] Query; euid = 501, uid = 501, class = 4, identifier = [com.DefaultCompany.NeonDrift.run.1782463407.6244](1), flags = 300000002
2026-06-26 16:44:15.702 Df installd[26514:7ce1c9] [com.apple.containermanager:query] Query; euid = 501, uid = 501, class = 4, identifier = [com.DefaultCompany.NeonDrift.run.1782463407.6244](1), flags = 300000002
2026-06-26 16:44:15.702 Df installd[26514:7ce1c9] [com.apple.containermanager:xpc] Query; euid = 501, uid = 501, class = 1, identifier = [com.DefaultCompany.NeonDrift.run.1782463407.6244](1), flags = 300000003
2026-06-26 16:44:15.702 E  containermanagerd_system[13173:7c98e1] [com.apple.containermanager:schema] [com.DefaultCompany.NeonDrift.run.1782463407.6244(1)] Current schema version (1) is newer than the latest (0), ignoring.
2026-06-26 16:44:15.702 Df containermanagerd_system[13173:7c98e1] [com.apple.containermanager:schema] [u 1136B108-5B3A-4D9A-A66E-D2BF54EF4678:p D9B29A3C-CB05-4211-8563-A0599426D4BC:c com.DefaultCompany.NeonDrift.run.1782463407.6244(1):i30897426] Successfully updated schema from (0) → (0), actions count = 0
2026-06-26 16:44:15.703 Df installd[26514:7ce1c9] [com.apple.containermanager:xpc] Query; euid = 501, uid = 501, class = 1, identifier = [com.DefaultCompany.NeonDrift.run.1782463407.6244](1), flags = 300000002
2026-06-26 16:44:15.704 Df installd[26514:7ce1c9] [com.apple.containermanager:query] Query; euid = 501, uid = 501, class = 2, identifier = [com.DefaultCompany.NeonDrift.run.1782463407.6244](1), flags = 300000003
2026-06-26 16:44:15.706 Df containermanagerd[13188:763a70] [com.apple.containermanager:schema] [u D14CFCA5-64C7-4823-8F0F-F3361748212B:p A9394433-6D93-4315-8F03-AB54632E3B93:c com.DefaultCompany.NeonDrift.run.1782463407.6244(2):i30897429] Successfully updated schema from (0) → (1), actions count = 6
2026-06-26 16:44:15.706 Df installd[26514:7ce1c9] [com.apple.containermanager:query] Query; euid = 501, uid = 501, class = 2, identifier = [com.DefaultCompany.NeonDrift.run.1782463407.6244](1), flags = 300000002
2026-06-26 16:44:15.707 Df installd[26514:7ce1c9] (MobileSystemServices) 0x16bd27000 -[MIInstallationJournalEntry _refreshUUIDForContainer:withError:]: Data container for com.DefaultCompany.NeonDrift.run.1782463407.6244 is now at /Users/dragonkao/Library/Developer/CoreSimulator/Devices/115FDF0C-5A2F-4686-909B-7F43F1450A28/data/Containers/Data/Application/CEF7D655-AFF1-417C-8C5C-78ECF7C5F34D
2026-06-26 16:44:15.708 Df containermanagerd[13188:763a70] [com.apple.containermanager:schema] [u D14CFCA5-64C7-4823-8F0F-F3361748212B:p CEF7D655-AFF1-417C-8C5C-78ECF7C5F34D:c com.DefaultCompany.NeonDrift.run.1782463407.6244(2):i0] Successfully updated schema from (0) → (1), actions count = 6
2026-06-26 16:44:15.708 Df installd[26514:7ce1c9] [com.apple.containermanager:unspecified] Replace; old = <NULL>, new = [temp-app:com.DefaultCompany.NeonDrift.run.1782463407.6244:501::(1136B108-5B3A-4D9A-A66E-D2BF54EF4678)]
2026-06-26 16:44:15.709 Df installd[26514:7ce1c9] [com.apple.containermanager:xpc] Query; euid = 501, uid = 501, class = 1, identifier = [com.DefaultCompany.NeonDrift.run.1782463407.6244](1), flags = 300000002
2026-06-26 16:44:15.709 Df installd[26514:7ce1c9] (MobileSystemServices) 0x16bd27000 -[MIContainer makeContainerLiveReplacingContainer:reason:waitForDeletion:withError:]: Made container live for com.DefaultCompany.NeonDrift.run.1782463407.6244 at /Users/dragonkao/Library/Developer/CoreSimulator/Devices/115FDF0C-5A2F-4686-909B-7F43F1450A28/data/Containers/Bundle/Application/3887F24D-61AE-462F-90FA-3FD3C791D017
2026-06-26 16:44:15.710 Df containermanagerd[13188:763a70] [com.apple.containermanager:codesignmapping] Reconciled [com.DefaultCompany.NeonDrift.run.1782463407.6244]; old app groups: (null), new app groups: (null), old system groups: (null), new system groups: (null)
2026-06-26 16:44:15.711 Df installd[26514:7ce1c9] [com.apple.containermanager:unspecified] Requesting disk usage; class = 1, identifier = com.DefaultCompany.NeonDrift.run.1782463407.6244
2026-06-26 16:44:15.712 Df installd[26514:7ce1c9] [com.apple.containermanager:query] Query; euid = 501, uid = 501, class = 7, identifier = [com.DefaultCompany.NeonDrift.run.1782463407.6244](1), flags = 300000001
2026-06-26 16:44:15.713 Df SpringBoard[13125:4bdd22] [com.apple.SpringBoard:Common] termination assertion released for com.DefaultCompany.NeonDrift.run.1782463407.6244 (app not found)
2026-06-26 16:44:15.717 Df installd[26514:7ce1c9] (MobileSystemServices) 0x16bd27000 -[MILaunchServicesOperationManager _onQueue_addPendingLaunchServicesOperation:error:]: Added pending LS operation <MILaunchServicesRegisterOperation: 995EBC12-69CC-49AF-AF9D-7B166109873E:69 com.DefaultCompany.NeonDrift.run.1782463407.6244/MIInstallationDomainSystemShared personas:[com.apple.containermanager.primary-persona]>
2026-06-26 16:44:15.717 Df lsd[13177:7c98f4] [com.apple.launchservices:appinstallation] Post installation registration: request to register com.DefaultCompany.NeonDrift.run.1782463407.6244, operation 995EBC12-69CC-49AF-AF9D-7B166109873E, from pid 26514
2026-06-26 16:44:15.718 Df lsd[13177:7c98f4] [com.apple.appinstallation:TransactionLog] com.DefaultCompany.NeonDrift.run.1782463407.6244/Unknown Persona:5:4:1:1:Registering bundles via registrant - start
2026-06-26 16:44:15.719 E  lsd[13177:7c98f4] [com.apple.launchservices:default] LSStringLocalizer development region en not found in localizations available for bundle file:///Users/dragonkao/Library/Developer/CoreSimulator/Devices/115FDF0C-5A2F-4686-909B-7F43F1450A28/data/Containers/Bundle/Application/3887F24D-61AE-462F-90FA-3FD3C791D017/NeonDrift.run.1782463407.6244.app/
2026-06-26 16:44:15.719 Df lsd[13177:7c98f4] [com.apple.appinstallation:TransactionLog] com.DefaultCompany.NeonDrift.run.1782463407.6244/Unknown Persona:5:5:1:1:Building bundle record for app
2026-06-26 16:44:15.719 Df lsd[13177:7c98f4] [com.apple.launchservices:appinstallation] No bundles to remove for com.DefaultCompany.NeonDrift.run.1782463407.6244
2026-06-26 16:44:15.719 Df lsd[13177:7c98f4] [com.apple.launchservices:appinstallation] Placeholder detected - Flagging bundle com.DefaultCompany.NeonDrift.run.1782463407.6244 incomplete
2026-06-26 16:44:15.719 Df lsd[13177:7c98f4] [com.apple.appinstallation:TransactionLog] com.DefaultCompany.NeonDrift.run.1782463407.6244/Unknown Persona:5:5:2:1:Built bundle record for app
2026-06-26 16:44:15.720 Df lsd[13177:7c98f4] [com.apple.appinstallation:TransactionLog] com.DefaultCompany.NeonDrift.run.1782463407.6244/Unknown Persona:5:4:2:1:Registered bundle status = success
2026-06-26 16:44:15.721 Df lsd[13177:7c98f4] [com.apple.appinstallation:TransactionLog] com.DefaultCompany.NeonDrift.run.1782463407.6244/Unknown Persona:5:4:2:1:Finished registering com.DefaultCompany.NeonDrift.run.1782463407.6244, bundle unit 6b8
2026-06-26 16:44:15.721 Df lsd[13177:7ce1d6] [com.apple.launchservices:progress] Sending applicationInstallsDidStart: for (
    "<LSApplicationProxy: 0x1057d8000> com.DefaultCompany.NeonDrift.run.1782463407.6244 file:///Users/dragonkao/Library/Developer/CoreSimulator/Devices/115FDF0C-5A2F-4686-909B-7F43F1450A28/data/Containers/Bundle/Application/3887F24D-61AE-462F-90FA-3FD3C791D017/NeonDrift.run.1782463407.6244.app/ <com.DefaultCompany.NeonDrift.run.1782463407.6244 <placeholder >:1>"
)
2026-06-26 16:44:15.721 Df installd[26514:7ce1c9] (MobileSystemServices) 0x16bd27000 -[MIJournal purgeJournalEntry:withError:]: Removing journal entry <MIInstallationJournalEntry<0x1050b0960> [com.DefaultCompany.NeonDrift.run.1782463407.6244/com.apple.containermanager.primary-persona/[system-defined]]/MIInstallationDomainSystemShared op:2 phase:JournalPhaseDidRegisterWithLS version:0>
2026-06-26 16:44:15.721 Df lsd[13177:7ce1d6] [com.apple.launchservices:progress] Created parent progress <NSProgress: com.DefaultCompany.NeonDrift.run.1782463407.6244 phase=InstallingPlaceholder; state=Waiting; finalPhase=Installing; fractionCompleted=0.000000>
2026-06-26 16:44:15.722 Df appstored[13277:7c9e1a] [com.apple.launchservices:appinstallation] LaunchServices observer: InstallsStarted (
    "<LSApplicationProxy: 0x1026f0000> com.DefaultCompany.NeonDrift.run.1782463407.6244 file:///Users/dragonkao/Library/Developer/CoreSimulator/Devices/115FDF0C-5A2F-4686-909B-7F43F1450A28/data/Containers/Bundle/Application/3887F24D-61AE-462F-90FA-3FD3C791D017/NeonDrift.run.1782463407.6244.app/ <com.DefaultCompany.NeonDrift.run.1782463407.6244 <placeholder >:1>"
)
2026-06-26 16:44:15.722 Df healthappd[13951:7ce1da] [com.apple.launchservices:appinstallation] LaunchServices observer: InstallsStarted (
    "<LSApplicationProxy: 0x10f89c0c0> com.DefaultCompany.NeonDrift.run.1782463407.6244 file:///Users/dragonkao/Library/Developer/CoreSimulator/Devices/115FDF0C-5A2F-4686-909B-7F43F1450A28/data/Containers/Bundle/Application/3887F24D-61AE-462F-90FA-3FD3C791D017/NeonDrift.run.1782463407.6244.app/ <com.DefaultCompany.NeonDrift.run.1782463407.6244 <placeholder >:1>"
)
