Timestamp               Ty Process[PID:TID]
2026-06-25 00:22:54.318 Df CoreSimulatorBridge[4156:192ca2] Request received for installation of file:///Users/dragonkao/.openclaw/workspace/382b9e3384298039b171c9b2a60ae644/NeonDrift_MVP/project/xcode_derived_data/Build/Products/Release-iphonesimulator/NeonDrift.app/ with options: {
    PackageType = Developer;
    SimulatorRootPath = "/Library/Developer/CoreSimulator/Volumes/iOS_23F77/Library/Developer/CoreSimulator/Profiles/Runtimes/iOS 26.5.simruntime/Contents/Resources/RuntimeRoot";
    SimulatorUserPath = "/Users/dragonkao/Library/Developer/CoreSimulator/Devices/115FDF0C-5A2F-4686-909B-7F43F1450A28/data";
}
2026-06-25 00:22:54.318 Df CoreSimulatorBridge[4156:192ca2] [com.apple.installcoordination:framework] +[IXAppInstallCoordinator(IXSimpleInstaller) _beginInstallForURL:forPersonaUniqueString:consumeSource:options:progressBlock:completionWithIdentity:]: Beginning install for /Users/dragonkao/.openclaw/workspace/382b9e3384298039b171c9b2a60ae644/NeonDrift_MVP/project/xcode_derived_data/Build/Products/Release-iphonesimulator/NeonDrift.app consuming source:N options:{
    IsUserInitiated = 1;
    PackageType = Developer;
} installationRequestorAuditToken: NULL
2026-06-25 00:22:54.321 Df installcoordinationd[4199:192ca6] [com.apple.installcoordination:daemon] -[IXSDataPromiseManager registerPromise:]: Registered promise <IXSPlaceholder(0x1041103c0) Name:App Placeholder: NeonDrift (com.DefaultCompany.NeonDrift) Creator:InstallCoordination Simple SPI UUID:198EDF84-F6A6-4C33-BD2E-9D9C2A9685E9 Location:[system-defined]> for UUID 198EDF84-F6A6-4C33-BD2E-9D9C2A9685E9
2026-06-25 00:22:54.322 Df installcoordinationd[4199:192ca6] [com.apple.installcoordination:daemon] -[IXSPlaceholder setAttributes:]: <IXSPlaceholder(0x1041103c0) Name:App Placeholder: NeonDrift (com.DefaultCompany.NeonDrift) Creator:InstallCoordination Simple SPI UUID:198EDF84-F6A6-4C33-BD2E-9D9C2A9685E9 Location:[system-defined]>: setting placeholder attributes to <IXPlaceholderAttributes<0x1040a1220> : {
    CFBundleShortVersionString = "1.0";
    CFBundleSupportedPlatforms =     (
        iPhoneSimulator
    );
    CFBundleVersion = 0;
    DTPlatformName = iphonesimulator;
    LSRequiresIPhoneOS = 1;
    MinimumOSVersion = "13.0";
    UIDeviceFamily =     (
        1,
        2
    );
    UIRequiredDeviceCapabilities =     {
        arm64 = 1;
        metal = 1;
    };
}>
2026-06-25 00:22:54.322 Df CoreSimulatorBridge[4156:192ca3] [com.apple.installcoordination:framework] +[IXPlaceholder _setEntitlementsFromBundleExecutableURL:withBundleID:client:onPlaceholder:location:error:]: Executable for com.DefaultCompany.NeonDrift at NeonDrift -- file:///Users/dragonkao/.openclaw/workspace/382b9e3384298039b171c9b2a60ae644/NeonDrift_MVP/project/xcode_derived_data/Build/Products/Release-iphonesimulator/NeonDrift.app/ had no entitlements
2026-06-25 00:22:54.322 Df CoreSimulatorBridge[4156:192ca3] [com.apple.installcoordination:framework] +[IXPlaceholder _placeholderForBundle:client:withParent:installType:metadata:placeholderType:mayBeDeltaPackage:isFromSerializedPlaceholder:location:error:]: Using full fidelity icons for com.DefaultCompany.NeonDrift at /Users/dragonkao/.openclaw/workspace/382b9e3384298039b171c9b2a60ae644/NeonDrift_MVP/project/xcode_derived_data/Build/Products/Release-iphonesimulator/NeonDrift.app
2026-06-25 00:22:54.323 Df installcoordinationd[4199:192ca6] [com.apple.installcoordination:daemon] -[IXSDataPromiseManager registerPromise:]: Registered promise <IXSPromisedTransferToPath(0x1040dd200) Name:Icon resources for com.DefaultCompany.NeonDrift Creator:InstallCoordination Simple SPI UUID:1E768FBC-0421-458F-96B3-2AE9E0D06607 Location:[system-defined]> for UUID 1E768FBC-0421-458F-96B3-2AE9E0D06607
2026-06-25 00:22:54.325 Df CoreSimulatorBridge[4156:192ca3] [com.apple.installcoordination:framework] -[IXPromisedTransferToPath setComplete:]: <IXPromisedTransferToPath<0x1014727c0> name:"Icon resources for com.DefaultCompany.NeonDrift" uuid:1E768FBC-0421-458F-96B3-2AE9E0D06607 creator:"InstallCoordination Simple SPI" location:[system-defined]> Move operation from /Users/dragonkao/Library/Developer/CoreSimulator/Devices/115FDF0C-5A2F-4686-909B-7F43F1450A28/data/Containers/Shared/SystemGroup/systemgroup.com.apple.installcoordinationd/Library/InstallCoordination/PromiseStaging/1E768FBC-0421-458F-96B3-2AE9E0D06607/temp.jrKHfZ to /Users/dragonkao/Library/Developer/CoreSimulator/Devices/115FDF0C-5A2F-4686-909B-7F43F1450A28/data/Containers/Shared/SystemGroup/systemgroup.com.apple.installcoordinationd/Library/InstallCoordination/PromiseStaging/1E768FBC-0421-458F-96B3-2AE9E0D06607/temp.jrKHfZ took 0.000040 seconds
2026-06-25 00:22:54.325 Df installcoordinationd[4199:192ca7] [com.apple.installcoordination:daemon] -[IXSDataPromise _setPercentComplete:saveStateIfNeeded:]: Progress: <IXSPromisedTransferToPath(0x1040dd200) Name:Icon resources for com.DefaultCompany.NeonDrift Creator:InstallCoordination Simple SPI UUID:1E768FBC-0421-458F-96B3-2AE9E0D06607 Location:[system-defined]>
2026-06-25 00:22:54.326 Df installcoordinationd[4199:192ca6] [com.apple.installcoordination:daemon] -[IXSDataPromiseManager promiseDidBegin:]: Unowned promise began: <IXSPromisedTransferToPath(0x1040dd200) Name:Icon resources for com.DefaultCompany.NeonDrift Creator:InstallCoordination Simple SPI UUID:1E768FBC-0421-458F-96B3-2AE9E0D06607 Location:[system-defined]>
2026-06-25 00:22:54.326 Df installcoordinationd[4199:192ca6] [com.apple.installcoordination:daemon] -[IXSDataPromiseManager promise:didUpdateProgress:]: Unowned promise update progress to 1.000000 : <IXSPromisedTransferToPath(0x1040dd200) Name:Icon resources for com.DefaultCompany.NeonDrift Creator:InstallCoordination Simple SPI UUID:1E768FBC-0421-458F-96B3-2AE9E0D06607 Location:[system-defined]>
2026-06-25 00:22:54.326 Df installcoordinationd[4199:192ca7] [com.apple.installcoordination:daemon] -[IXSDataPromiseManager promiseDidComplete:]: Unowned promise completed: <IXSPromisedTransferToPath(0x1040dd200) Name:Icon resources for com.DefaultCompany.NeonDrift Creator:InstallCoordination Simple SPI UUID:1E768FBC-0421-458F-96B3-2AE9E0D06607 Location:[system-defined]>
2026-06-25 00:22:54.327 Df installcoordinationd[4199:192ca6] [com.apple.installcoordination:daemon] -[IXSDataPromise _setPercentComplete:saveStateIfNeeded:]: Progress: <IXSPromisedInMemoryDictionary(0x1040dd800) Name:Info.plist icon content for com.DefaultCompany.NeonDrift Creator:InstallCoordination Simple SPI UUID:E3734B9A-8262-4619-BF69-D3D938312778 Location:[system-defined]>
2026-06-25 00:22:54.327 Df installcoordinationd[4199:192ca6] [com.apple.installcoordination:daemon] -[IXSDataPromiseManager registerPromise:]: Registered promise <IXSPromisedInMemoryDictionary(0x1040dd800) Name:Info.plist icon content for com.DefaultCompany.NeonDrift Creator:InstallCoordination Simple SPI UUID:E3734B9A-8262-4619-BF69-D3D938312778 Location:[system-defined]> for UUID E3734B9A-8262-4619-BF69-D3D938312778
2026-06-25 00:22:54.327 Df installcoordinationd[4199:192ca7] [com.apple.installcoordination:daemon] -[IXSDataPromiseManager promiseDidBegin:]: Unowned promise began: <IXSPromisedInMemoryDictionary(0x1040dd800) Name:Info.plist icon content for com.DefaultCompany.NeonDrift Creator:InstallCoordination Simple SPI UUID:E3734B9A-8262-4619-BF69-D3D938312778 Location:[system-defined]>
2026-06-25 00:22:54.327 Df installcoordinationd[4199:192ca7] [com.apple.installcoordination:daemon] -[IXSDataPromiseManager promise:didUpdateProgress:]: Unowned promise update progress to 1.000000 : <IXSPromisedInMemoryDictionary(0x1040dd800) Name:Info.plist icon content for com.DefaultCompany.NeonDrift Creator:InstallCoordination Simple SPI UUID:E3734B9A-8262-4619-BF69-D3D938312778 Location:[system-defined]>
2026-06-25 00:22:54.327 Df installcoordinationd[4199:192ca7] [com.apple.installcoordination:daemon] -[IXSDataPromiseManager promiseDidComplete:]: Unowned promise completed: <IXSPromisedInMemoryDictionary(0x1040dd800) Name:Info.plist icon content for com.DefaultCompany.NeonDrift Creator:InstallCoordination Simple SPI UUID:E3734B9A-8262-4619-BF69-D3D938312778 Location:[system-defined]>
2026-06-25 00:22:54.328 Df installcoordinationd[4199:192ca6] [com.apple.installcoordination:daemon] -[IXSPlaceholder setIconResourcesPromise:]: <IXSPlaceholder(0x1041103c0) Name:App Placeholder: NeonDrift (com.DefaultCompany.NeonDrift) Creator:InstallCoordination Simple SPI UUID:198EDF84-F6A6-4C33-BD2E-9D9C2A9685E9 Location:[system-defined]>: setting icon resources promise to <IXSPromisedTransferToPath(0x1040dd200) Name:Icon resources for com.DefaultCompany.NeonDrift Creator:InstallCoordination Simple SPI UUID:1E768FBC-0421-458F-96B3-2AE9E0D06607 Location:[system-defined]>
2026-06-25 00:22:54.328 Df installcoordinationd[4199:192ca6] [com.apple.installcoordination:daemon] -[IXSPlaceholder setInfoPlistIconContentPromise:]: <IXSPlaceholder(0x1041103c0) Name:App Placeholder: NeonDrift (com.DefaultCompany.NeonDrift) Creator:InstallCoordination Simple SPI UUID:198EDF84-F6A6-4C33-BD2E-9D9C2A9685E9 Location:[system-defined]>: setting Info.plist icon content promise to <IXSPromisedInMemoryDictionary(0x1040dd800) Name:Info.plist icon content for com.DefaultCompany.NeonDrift Creator:InstallCoordination Simple SPI UUID:E3734B9A-8262-4619-BF69-D3D938312778 Location:[system-defined]>
2026-06-25 00:22:54.329 Df installcoordinationd[4199:192ca6] [com.apple.installcoordination:daemon] -[IXSDataPromiseManager promiseDidBegin:]: Unowned promise began: <IXSPlaceholder(0x1041103c0) Name:App Placeholder: NeonDrift (com.DefaultCompany.NeonDrift) Creator:InstallCoordination Simple SPI UUID:198EDF84-F6A6-4C33-BD2E-9D9C2A9685E9 Location:[system-defined]>
2026-06-25 00:22:54.329 Df installcoordinationd[4199:192ca6] [com.apple.installcoordination:daemon] -[IXSDataPromiseManager promise:didUpdateProgress:]: Unowned promise update progress to 0.000000 : <IXSPlaceholder(0x1041103c0) Name:App Placeholder: NeonDrift (com.DefaultCompany.NeonDrift) Creator:InstallCoordination Simple SPI UUID:198EDF84-F6A6-4C33-BD2E-9D9C2A9685E9 Location:[system-defined]>
2026-06-25 00:22:54.329 Df installcoordinationd[4199:192ca6] [com.apple.installcoordination:daemon] -[IXSDataPromiseManager promise:didUpdateProgress:]: Unowned promise update progress to 0.000000 : <IXSPlaceholder(0x1041103c0) Name:App Placeholder: NeonDrift (com.DefaultCompany.NeonDrift) Creator:InstallCoordination Simple SPI UUID:198EDF84-F6A6-4C33-BD2E-9D9C2A9685E9 Location:[system-defined]>
2026-06-25 00:22:54.329 Df installcoordinationd[4199:192ca6] [com.apple.installcoordination:daemon] -[IXSDataPromise _setPercentComplete:saveStateIfNeeded:]: Progress: <IXSPromisedInMemoryDictionary(0x1040de680) Name:Localizations for com.DefaultCompany.NeonDrift Creator:InstallCoordination Simple SPI UUID:7DD5EA55-01A5-4DB1-930D-3438CC4D90CE Location:[system-defined]>
2026-06-25 00:22:54.330 Df installcoordinationd[4199:192ca6] [com.apple.installcoordination:daemon] -[IXSDataPromiseManager registerPromise:]: Registered promise <IXSPromisedInMemoryDictionary(0x1040de680) Name:Localizations for com.DefaultCompany.NeonDrift Creator:InstallCoordination Simple SPI UUID:7DD5EA55-01A5-4DB1-930D-3438CC4D90CE Location:[system-defined]> for UUID 7DD5EA55-01A5-4DB1-930D-3438CC4D90CE
2026-06-25 00:22:54.330 Df installcoordinationd[4199:193de8] [com.apple.installcoordination:daemon] -[IXSDataPromiseManager promiseDidBegin:]: Unowned promise began: <IXSPromisedInMemoryDictionary(0x1040de680) Name:Localizations for com.DefaultCompany.NeonDrift Creator:InstallCoordination Simple SPI UUID:7DD5EA55-01A5-4DB1-930D-3438CC4D90CE Location:[system-defined]>
2026-06-25 00:22:54.330 Df installcoordinationd[4199:193de8] [com.apple.installcoordination:daemon] -[IXSDataPromiseManager promise:didUpdateProgress:]: Unowned promise update progress to 1.000000 : <IXSPromisedInMemoryDictionary(0x1040de680) Name:Localizations for com.DefaultCompany.NeonDrift Creator:InstallCoordination Simple SPI UUID:7DD5EA55-01A5-4DB1-930D-3438CC4D90CE Location:[system-defined]>
2026-06-25 00:22:54.330 Df installcoordinationd[4199:193de8] [com.apple.installcoordination:daemon] -[IXSDataPromiseManager promiseDidComplete:]: Unowned promise completed: <IXSPromisedInMemoryDictionary(0x1040de680) Name:Localizations for com.DefaultCompany.NeonDrift Creator:InstallCoordination Simple SPI UUID:7DD5EA55-01A5-4DB1-930D-3438CC4D90CE Location:[system-defined]>
2026-06-25 00:22:54.330 Df installcoordinationd[4199:192ca6] [com.apple.installcoordination:daemon] -[IXSPlaceholder setLocalizationDictionaryPromise:]: <IXSPlaceholder(0x1041103c0) Name:App Placeholder: NeonDrift (com.DefaultCompany.NeonDrift) Creator:InstallCoordination Simple SPI UUID:198EDF84-F6A6-4C33-BD2E-9D9C2A9685E9 Location:[system-defined]>: setting localization dict promise to <IXSPromisedInMemoryDictionary(0x1040de680) Name:Localizations for com.DefaultCompany.NeonDrift Creator:InstallCoordination Simple SPI UUID:7DD5EA55-01A5-4DB1-930D-3438CC4D90CE Location:[system-defined]>
2026-06-25 00:22:54.331 Df installcoordinationd[4199:192ca7] [com.apple.installcoordination:daemon] -[IXSDataPromiseManager promise:didUpdateProgress:]: Unowned promise update progress to 0.000000 : <IXSPlaceholder(0x1041103c0) Name:App Placeholder: NeonDrift (com.DefaultCompany.NeonDrift) Creator:InstallCoordination Simple SPI UUID:198EDF84-F6A6-4C33-BD2E-9D9C2A9685E9 Location:[system-defined]>
2026-06-25 00:22:54.331 Df installcoordinationd[4199:192ca6] [com.apple.installcoordination:daemon] -[IXSPlaceholder setConfigurationComplete:]: <IXSPlaceholder(0x1041103c0) Name:App Placeholder: NeonDrift (com.DefaultCompany.NeonDrift) Creator:InstallCoordination Simple SPI UUID:198EDF84-F6A6-4C33-BD2E-9D9C2A9685E9 Location:[system-defined]>: setting configuration complete to Y
2026-06-25 00:22:54.332 Df installcoordinationd[4199:192ca6] [com.apple.installcoordination:daemon] -[IXSPlaceholder _materialize]: <IXSPlaceholder(0x1041103c0) Name:App Placeholder: NeonDrift (com.DefaultCompany.NeonDrift) Creator:InstallCoordination Simple SPI UUID:198EDF84-F6A6-4C33-BD2E-9D9C2A9685E9 Location:[system-defined]>: Materializing placeholder at /Users/dragonkao/Library/Developer/CoreSimulator/Devices/115FDF0C-5A2F-4686-909B-7F43F1450A28/data/Containers/Shared/SystemGroup/systemgroup.com.apple.installcoordinationd/Library/InstallCoordination/PromiseStaging/198EDF84-F6A6-4C33-BD2E-9D9C2A9685E9/NeonDrift.app
2026-06-25 00:22:54.332 Df installcoordinationd[4199:192ca6] [com.apple.installcoordination:daemon] -[IXSPlaceholder _materialize]: <IXSPlaceholder(0x1041103c0) Name:App Placeholder: NeonDrift (com.DefaultCompany.NeonDrift) Creator:InstallCoordination Simple SPI UUID:198EDF84-F6A6-4C33-BD2E-9D9C2A9685E9 Location:[system-defined]>: Using Info.plist icon content: {
    CFBundleIcons =     {
        CFBundlePrimaryIcon =         {
            CFBundleIconName = AppIcon;
        };
    };
    "CFBundleIcons~ipad" =     {
        CFBundlePrimaryIcon =         {
            CFBundleIconName = AppIcon;
        };
    };
    ISIconPlatform = iPhoneOS;
}
2026-06-25 00:22:54.332 Df installcoordinationd[4199:192ca6] [com.apple.installcoordination:daemon] -[IXSPlaceholder _materialize]_block_invoke: <IXSPlaceholder(0x1041103c0) Name:App Placeholder: NeonDrift (com.DefaultCompany.NeonDrift) Creator:InstallCoordination Simple SPI UUID:198EDF84-F6A6-4C33-BD2E-9D9C2A9685E9 Location:[system-defined]>: Using icon resource Assets.car
2026-06-25 00:22:54.332 Df installcoordinationd[4199:192ca6] [com.apple.installcoordination:daemon] -[IXSPlaceholder _materialize]: <IXSPlaceholder(0x1041103c0) Name:App Placeholder: NeonDrift (com.DefaultCompany.NeonDrift) Creator:InstallCoordination Simple SPI UUID:198EDF84-F6A6-4C33-BD2E-9D9C2A9685E9 Location:[system-defined]>: Including lproj localizations for (
)
2026-06-25 00:22:54.333 Df installcoordinationd[4199:192ca7] [com.apple.installcoordination:daemon] -[IXSDataPromiseManager promiseDidComplete:]: Unowned promise completed: <IXSPlaceholder(0x1041103c0) Name:App Placeholder: NeonDrift (com.DefaultCompany.NeonDrift) Creator:InstallCoordination Simple SPI UUID:198EDF84-F6A6-4C33-BD2E-9D9C2A9685E9 Location:[system-defined]>
2026-06-25 00:22:54.333 Df installcoordinationd[4199:192ca6] [com.apple.installcoordination:daemon] -[IXSDataPromiseManager registerPromise:]: Registered promise <IXSPromisedTransferToPath(0x1040dd400) Name:App Asset: com.DefaultCompany.NeonDrift Creator:InstallCoordination Simple SPI UUID:53558164-74E8-4C14-A624-3EB19576D6DB Location:[system-defined]> for UUID 53558164-74E8-4C14-A624-3EB19576D6DB
2026-06-25 00:22:54.334 Df installcoordinationd[4199:192ca7] [com.apple.installcoordination:daemon] -[IXSCoordinatorManager coordinatorForIdentity:connection:error:creatingIfNotExisting:]_block_invoke: Registered coordinator: <IXSCoordinatedAppInstall<0x1041e4000> [P=CoreSimulatorBridge (pid 4156)] identifier:[com.DefaultCompany.NeonDrift/Invalid/[system-defined]] uuid:F296AA2C-B068-4A68-93D4-790AD001DAEE intent:IXCoordinatorIntentUpdating creator/appDRI:InstallCoordination Simple SPI importance:Background state:IXAppCoordinationStatePlaceholderPromiseNotSet promise-state:01234>
2026-06-25 00:22:54.334 Df installcoordinationd[4199:192ca7] [com.apple.appinstallation:TransactionLog] com.DefaultCompany.NeonDrift/Unknown Persona:4:2:1:1:Created coordinator with intent IXCoordinatorIntentUpdating for client InstallCoordination Simple SPI
2026-06-25 00:22:54.334 Df installcoordinationd[4199:192ca7] [com.apple.installcoordination:daemon] -[IXSCoordinatedAppInstall setPriorityBoostCompletion:withSourceInfo:]: <IXSCoordinatedAppInstall<0x1041e4000> [P=CoreSimulatorBridge (pid 4156)] identifier:[com.DefaultCompany.NeonDrift/Invalid/[system-defined]] uuid:F296AA2C-B068-4A68-93D4-790AD001DAEE intent:IXCoordinatorIntentUpdating creator/appDRI:InstallCoordination Simple SPI importance:Background state:IXAppCoordinationStatePlaceholderPromiseNotSet promise-state:01234>: Retaining completion from CoreSimulatorBridge (4156), QOS_CLASS_DEFAULT (0x15)
2026-06-25 00:22:54.334 Df installcoordinationd[4199:192ca7] [com.apple.installcoordination:daemon] -[IXSCoordinatedAppInstall setImportance:]: <IXSCoordinatedAppInstall<0x1041e4000> [P=CoreSimulatorBridge (pid 4156)] identifier:[com.DefaultCompany.NeonDrift/Invalid/[system-defined]] uuid:F296AA2C-B068-4A68-93D4-790AD001DAEE intent:IXCoordinatorIntentUpdating creator/appDRI:InstallCoordination Simple SPI importance:UserWaiting state:IXAppCoordinationStatePlaceholderPromiseNotSet promise-state:01234>: set importance to UserWaiting
2026-06-25 00:22:54.335 Df installcoordinationd[4199:192ca7] [com.apple.installcoordination:daemon] -[IXSCoordinatedAppInstall _onQueue_fireObserversForClient:]: <IXSCoordinatedAppInstall<0x1041e4000> [P=CoreSimulatorBridge (pid 4156)] identifier:[com.DefaultCompany.NeonDrift/Invalid/[system-defined]] uuid:F296AA2C-B068-4A68-93D4-790AD001DAEE intent:IXCoordinatorIntentUpdating creator/appDRI:InstallCoordination Simple SPI importance:UserWaiting state:IXAppCoordinationStatePlaceholderPromiseNotSet promise-state:01234>: Firing applicable observers for client <IXSClientConnection<0x104040960> client:CoreSimulatorBridge (pid 4156) uuid:2E73EFF9-7065-4BE6-BE0A-2C451C9A968F>
2026-06-25 00:22:54.335 Df installcoordinationd[4199:192ca7] [com.apple.installcoordination:daemon] -[IXSCoordinatedAppInstall setPriorityBoostCompletion:withSourceInfo:]: <IXSCoordinatedAppInstall<0x1041e4000> [P=CoreSimulatorBridge (pid 4156)] identifier:[com.DefaultCompany.NeonDrift/Invalid/[system-defined]] uuid:F296AA2C-B068-4A68-93D4-790AD001DAEE intent:IXCoordinatorIntentUpdating creator/appDRI:InstallCoordination Simple SPI importance:UserWaiting state:IXAppCoordinationStatePlaceholderPromiseNotSet promise-state:01234>: Disposing of completion from CoreSimulatorBridge (4156), QOS_CLASS_DEFAULT (0x15)
2026-06-25 00:22:54.335 Df installcoordinationd[4199:192ca7] [com.apple.installcoordination:daemon] -[IXSCoordinatedAppInstall setPriorityBoostCompletion:withSourceInfo:]: <IXSCoordinatedAppInstall<0x1041e4000> [P=CoreSimulatorBridge (pid 4156)] identifier:[com.DefaultCompany.NeonDrift/Invalid/[system-defined]] uuid:F296AA2C-B068-4A68-93D4-790AD001DAEE intent:IXCoordinatorIntentUpdating creator/appDRI:InstallCoordination Simple SPI importance:UserWaiting state:IXAppCoordinationStatePlaceholderPromiseNotSet promise-state:01234>: Retaining completion from CoreSimulatorBridge (4156), QOS_CLASS_DEFAULT (0x15)
2026-06-25 00:22:54.335 Df CoreSimulatorBridge[4156:188647] [com.apple.installcoordination:framework] -[IXAppInstallCoordinator _clientDelegate_didRegisterForObservation]: <IXUpdatingAppInstallCoordinator<0x101472640> identity:[com.DefaultCompany.NeonDrift/Invalid/[system-defined]] uuid:F296AA2C-B068-4A68-93D4-790AD001DAEE creator:InstallCoordination Simple SPI>: Got observer registration delegate
2026-06-25 00:22:54.335 Df CoreSimulatorBridge[4156:188647] [com.apple.installcoordination:framework] -[IXAppInstallCoordinator _clientDelegate_shouldResume]: <IXUpdatingAppInstallCoordinator<0x101472640> identity:[com.DefaultCompany.NeonDrift/Invalid/[system-defined]] uuid:F296AA2C-B068-4A68-93D4-790AD001DAEE creator:InstallCoordination Simple SPI>: Got should resume delegate
2026-06-25 00:22:54.335 Df CoreSimulatorBridge[4156:192ca8] [com.apple.installcoordination:framework] -[IXAppInstallCoordinator _clientDelegate_didRegisterForObservation]_block_invoke: <IXUpdatingAppInstallCoordinator<0x101472640> identity:[com.DefaultCompany.NeonDrift/Invalid/[system-defined]] uuid:F296AA2C-B068-4A68-93D4-790AD001DAEE creator:InstallCoordination Simple SPI>: Observer <_IXSimpleInstallerDelegate 0x0x101446520> does not respond to coordinatorDidRegisterForObservation:
2026-06-25 00:22:54.335 Df CoreSimulatorBridge[4156:192ca8] [com.apple.installcoordination:framework] -[IXAppInstallCoordinator _clientDelegate_shouldResume]_block_invoke: <IXUpdatingAppInstallCoordinator<0x101472640> identity:[com.DefaultCompany.NeonDrift/Invalid/[system-defined]] uuid:F296AA2C-B068-4A68-93D4-790AD001DAEE creator:InstallCoordination Simple SPI>: Observer <_IXSimpleInstallerDelegate 0x0x101446520> does not respond to coordinatorShouldResume:
2026-06-25 00:22:54.337 Df installcoordinationd[4199:192ca7] [com.apple.installcoordination:daemon] -[IXSCoordinatedAppInstall _internal_setInstallOptionsPromise:performExternalActions:]: <IXSCoordinatedAppInstall<0x1041e4000> [P=CoreSimulatorBridge (pid 4156)] identifier:[com.DefaultCompany.NeonDrift/Invalid/[system-defined]] uuid:F296AA2C-B068-4A68-93D4-790AD001DAEE intent:IXCoordinatorIntentUpdating creator/appDRI:InstallCoordination Simple SPI importance:UserWaiting state:IXAppCoordinationStatePlaceholderPromiseNotSet promise-state:012I4> : install options set: <IXSPromisedInMemoryData(0x1040dd700) Name:MIInstallOptions data Creator:Install Coordination Internal UUID:890BB104-B826-4802-8510-818EC083A989 Location:[system-defined]>
2026-06-25 00:22:54.337 Df installcoordinationd[4199:192ca6] [com.apple.installcoordination:daemon] -[IXSCoordinatedAppInstall promiseDidComplete:]: <IXSCoordinatedAppInstall<0x1041e4000> [P=CoreSimulatorBridge (pid 4156)] identifier:[com.DefaultCompany.NeonDrift/Invalid/[system-defined]] uuid:F296AA2C-B068-4A68-93D4-790AD001DAEE intent:IXCoordinatorIntentUpdating creator/appDRI:InstallCoordination Simple SPI importance:UserWaiting state:IXAppCoordinationStatePlaceholderPromiseNotSet promise-state:012I4> : Promise completed: <IXSPromisedInMemoryData(0x1040dd700) Name:MIInstallOptions data Creator:Install Coordination Internal UUID:890BB104-B826-4802-8510-818EC083A989 Location:[system-defined]>
2026-06-25 00:22:54.337 Df installcoordinationd[4199:192ca6] [com.apple.appinstallation:TransactionLog] com.DefaultCompany.NeonDrift/Unknown Persona:4:13:1:1:Install Options Promise began. Coordinator State: IXAppCoordinationStatePlaceholderPromiseNotSet
2026-06-25 00:22:54.337 Df installcoordinationd[4199:192ca6] [com.apple.appinstallation:TransactionLog] com.DefaultCompany.NeonDrift/Unknown Persona:4:13:2:1:Install Options Promise completed. Coordinator State: IXAppCoordinationStatePlaceholderPromiseNotSet
2026-06-25 00:22:54.337 Df installcoordinationd[4199:192ca6] [com.apple.installcoordination:daemon] -[IXSCoordinatedAppInstall _internal_setAppAssetPromise:performExternalActions:]: <IXSCoordinatedAppInstall<0x1041e4000> [P=CoreSimulatorBridge (pid 4156)] identifier:[com.DefaultCompany.NeonDrift/Invalid/[system-defined]] uuid:F296AA2C-B068-4A68-93D4-790AD001DAEE intent:IXCoordinatorIntentUpdating creator/appDRI:InstallCoordination Simple SPI importance:UserWaiting state:IXAppCoordinationStatePlaceholderPromiseNotSet promise-state:0a2I4> : App Asset Promise set: <IXSPromisedTransferToPath(0x1040dd400) Name:App Asset: com.DefaultCompany.NeonDrift Creator:InstallCoordination Simple SPI UUID:53558164-74E8-4C14-A624-3EB19576D6DB Location:[system-defined]>
2026-06-25 00:22:54.338 Df installcoordinationd[4199:192ca6] [com.apple.installcoordination:daemon] -[IXSCoordinatedAppInstall setInitialODRAssetPromises:]: <IXSCoordinatedAppInstall<0x1041e4000> [P=CoreSimulatorBridge (pid 4156)] identifier:[com.DefaultCompany.NeonDrift/Invalid/[system-defined]] uuid:F296AA2C-B068-4A68-93D4-790AD001DAEE intent:IXCoordinatorIntentUpdating creator/appDRI:InstallCoordination Simple SPI importance:UserWaiting state:IXAppCoordinationStatePlaceholderPromiseNotSet promise-state:0a2I4> : Initial ODR Asset Promises set: (
)
2026-06-25 00:22:54.338 Df CoreSimulatorBridge[4156:192ca3] [com.apple.installcoordination:framework] -[IXPromisedTransferToPath _performDeltaCopyFrom:toDestination:]: Performing delta copy from /Users/dragonkao/.openclaw/workspace/382b9e3384298039b171c9b2a60ae644/NeonDrift_MVP/project/xcode_derived_data/Build/Products/Release-iphonesimulator/NeonDrift.app to /Users/dragonkao/Library/Developer/CoreSimulator/Devices/115FDF0C-5A2F-4686-909B-7F43F1450A28/data/Containers/Shared/SystemGroup/systemgroup.com.apple.installcoordinationd/Library/InstallCoordination/PromiseStaging/53558164-74E8-4C14-A624-3EB19576D6DB/NeonDrift.app with installed bundle at /Users/dragonkao/Library/Developer/CoreSimulator/Devices/115FDF0C-5A2F-4686-909B-7F43F1450A28/data/Containers/Bundle/Application/E34CD900-DFFF-4346-802F-738E3EB908D0/NeonDrift.app
2026-06-25 00:22:54.339 Df CoreSimulatorBridge[4156:192ca3] (MobileSystemServices) 0x16fc53000 MDMCreateDeltaDirectory: calling MDMDirectoryDiff with:
state->old_bundle: /Users/dragonkao/Library/Developer/CoreSimulator/Devices/115FDF0C-5A2F-4686-909B-7F43F1450A28/data/Containers/Bundle/Application/E34CD900-DFFF-4346-802F-738E3EB908D0/NeonDrift.app
state->new_bundle: /Users/dragonkao/.openclaw/workspace/382b9e3384298039b171c9b2a60ae644/NeonDrift_MVP/project/xcode_derived_data/Build/Products/Release-iphonesimulator/NeonDrift.app
state->dst_bundle: /Users/dragonkao/Library/Developer/CoreSimulator/Devices/115FDF0C-5A2F-4686-909B-7F43F1450A28/data/Containers/Shared/SystemGroup/systemgroup.com.apple.installcoordinationd/Library/InstallCoordination/PromiseStaging/53558164-74E8-4C14-A624-3EB19576D6DB/NeonDrift.app/Payload//NeonDrift.app, binaryDiff flag: FALSE
	dst_ipa: /Users/dragonkao/Library/Developer/CoreSimulator/Devices/115FDF0C-5A2F-4686-909B-7F43F1450A28/data/Containers/Shared/SystemGroup/systemgroup.com.apple.installcoordinationd/Library/InstallCoordination/PromiseStaging/53558<…>
2026-06-25 00:22:54.340 Df CoreSimulatorBridge[4156:192ca3] [com.apple.installcoordination:framework] -[IXPromisedTransferToPath setComplete:]: <IXPromisedTransferToPath<0x101472740> name:"App Asset: com.DefaultCompany.NeonDrift" uuid:53558164-74E8-4C14-A624-3EB19576D6DB creator:"InstallCoordination Simple SPI" location:[system-defined]> Delta Copy operation from /Users/dragonkao/.openclaw/workspace/382b9e3384298039b171c9b2a60ae644/NeonDrift_MVP/project/xcode_derived_data/Build/Products/Release-iphonesimulator/NeonDrift.app to /Users/dragonkao/Library/Developer/CoreSimulator/Devices/115FDF0C-5A2F-4686-909B-7F43F1450A28/data/Containers/Shared/SystemGroup/systemgroup.com.apple.installcoordinationd/Library/InstallCoordination/PromiseStaging/53558164-74E8-4C14-A624-3EB19576D6DB/NeonDrift.app took 0.002089 seconds
2026-06-25 00:22:54.340 Df installcoordinationd[4199:192ca6] [com.apple.installcoordination:daemon] -[IXSDataPromise _setPercentComplete:saveStateIfNeeded:]: Progress: <IXSPromisedTransferToPath(0x1040dd400) Name:App Asset: com.DefaultCompany.NeonDrift Creator:InstallCoordination Simple SPI UUID:53558164-74E8-4C14-A624-3EB19576D6DB Location:[system-defined]>
2026-06-25 00:22:54.340 Df installcoordinationd[4199:193de8] [com.apple.appinstallation:TransactionLog] com.DefaultCompany.NeonDrift/Unknown Persona:4:10:1:1:App Asset Promise began. Coordinator State: IXAppCoordinationStatePlaceholderPromiseNotSet
2026-06-25 00:22:54.341 Df CoreSimulatorBridge[4156:192ca8] [com.apple.installcoordination:framework] -[IXAppInstallCoordinator _clientDelegate_promiseDidBeginFulfillmentWithIdentifier:]: <IXUpdatingAppInstallCoordinator<0x101472640> identity:[com.DefaultCompany.NeonDrift/Invalid/[system-defined]] uuid:F296AA2C-B068-4A68-93D4-790AD001DAEE creator:InstallCoordination Simple SPI>: Got promise did begin fulfillment for identifier 2
2026-06-25 00:22:54.341 Df CoreSimulatorBridge[4156:192ca8] [com.apple.installcoordination:framework] -[IXAppInstallCoordinator _clientDelegate_promiseDidBeginFulfillmentWithIdentifier:]_block_invoke: <IXUpdatingAppInstallCoordinator<0x101472640> identity:[com.DefaultCompany.NeonDrift/Invalid/[system-defined]] uuid:F296AA2C-B068-4A68-93D4-790AD001DAEE creator:InstallCoordination Simple SPI>: Observer <_IXSimpleInstallerDelegate 0x0x101446520> does not respond to coordinator:configuredPromiseDidBeginFulfillment: (or any deprecated equivalent)
2026-06-25 00:22:54.341 Df installcoordinationd[4199:192ca7] [com.apple.installcoordination:daemon] -[IXSCoordinatedAppInstall promiseDidComplete:]: <IXSCoordinatedAppInstall<0x1041e4000> [P=CoreSimulatorBridge (pid 4156)] identifier:[com.DefaultCompany.NeonDrift/Invalid/[system-defined]] uuid:F296AA2C-B068-4A68-93D4-790AD001DAEE intent:IXCoordinatorIntentUpdating creator/appDRI:InstallCoordination Simple SPI importance:UserWaiting state:IXAppCoordinationStatePlaceholderPromiseNotSet promise-state:0A2I4> : Promise completed: <IXSPromisedTransferToPath(0x1040dd400) Name:App Asset: com.DefaultCompany.NeonDrift Creator:InstallCoordination Simple SPI UUID:53558164-74E8-4C14-A624-3EB19576D6DB Location:[system-defined]>
2026-06-25 00:22:54.341 Df installcoordinationd[4199:193dea] [com.apple.appinstallation:TransactionLog] com.DefaultCompany.NeonDrift/Unknown Persona:4:10:2:1:App Asset Promise completed. Coordinator State: IXAppCoordinationStatePlaceholderPromiseNotSet
2026-06-25 00:22:54.341 Df installcoordinationd[4199:193de8] [com.apple.installcoordination:daemon] -[IXSCoordinatedAppInstall setPlaceholderPromise:]: <IXSCoordinatedAppInstall<0x1041e4000> [P=CoreSimulatorBridge (pid 4156)] identifier:[com.DefaultCompany.NeonDrift/Invalid/[system-defined]] uuid:F296AA2C-B068-4A68-93D4-790AD001DAEE intent:IXCoordinatorIntentUpdating creator/appDRI:InstallCoordination Simple SPI importance:UserWaiting state:IXAppCoordinationStateReadyForPlaceholderInstall promise-state:PA2I4> : Placeholder Promise set: <IXSPlaceholder(0x1041103c0) Name:App Placeholder: NeonDrift (com.DefaultCompany.NeonDrift) Creator:InstallCoordination Simple SPI UUID:198EDF84-F6A6-4C33-BD2E-9D9C2A9685E9 Location:[system-defined]>
2026-06-25 00:22:54.341 Df installcoordinationd[4199:193dea] [com.apple.installcoordination:daemon] -[IXSCoordinatedAppInstall promiseDidComplete:]: <IXSCoordinatedAppInstall<0x1041e4000> [P=CoreSimulatorBridge (pid 4156)] identifier:[com.DefaultCompany.NeonDrift/Invalid/[system-defined]] uuid:F296AA2C-B068-4A68-93D4-790AD001DAEE intent:IXCoordinatorIntentUpdating creator/appDRI:InstallCoordination Simple SPI importance:UserWaiting state:IXAppCoordinationStateReadyForPlaceholderInstall promise-state:PA2I4> : Promise completed: <IXSPlaceholder(0x1041103c0) Name:App Placeholder: NeonDrift (com.DefaultCompany.NeonDrift) Creator:InstallCoordination Simple SPI UUID:198EDF84-F6A6-4C33-BD2E-9D9C2A9685E9 Location:[system-defined]>
2026-06-25 00:22:54.341 Df CoreSimulatorBridge[4156:188647] [com.apple.installcoordination:framework] -[IXAppInstallCoordinator _clientDelegate_didUpdateProgress:forPhase:overallProgress:]: <IXUpdatingAppInstallCoordinator<0x101472640> identity:[com.DefaultCompany.NeonDrift/Invalid/[system-defined]] uuid:F296AA2C-B068-4A68-93D4-790AD001DAEE creator:InstallCoordination Simple SPI>: Got did update progress delegate with percentComplete 100.000000 phase IXCoordinatorProgressPhaseLoading overallProgress 60.000000
2026-06-25 00:22:54.341 Df CoreSimulatorBridge[4156:192ca8] [com.apple.installcoordination:framework] -[IXAppInstallCoordinator _clientDelegate_didUpdateProgress:forPhase:overallProgress:]_block_invoke: <IXUpdatingAppInstallCoordinator<0x101472640> identity:[com.DefaultCompany.NeonDrift/Invalid/[system-defined]] uuid:F296AA2C-B068-4A68-93D4-790AD001DAEE creator:InstallCoordination Simple SPI>: Calling selector coordinator:didUpdateProgress:forPhase:overallProgress: on observer <_IXSimpleInstallerDelegate 0x0x101446520>
2026-06-25 00:22:54.341 Df installcoordinationd[4199:193de8] [com.apple.installcoordination:daemon] -[IXSCoordinatedAppInstall _onQueue_acquireAssertionAndInstallPlaceholder]: Acquiring termination assertion to install placeholder for [com.DefaultCompany.NeonDrift/Invalid/[system-defined]]
2026-06-25 00:22:54.341 Df installcoordinationd[4199:193de8] [com.apple.installcoordination:daemon] -[IXSPendingOperationsTracker beginPendingOperationForIdentity:]_block_invoke: Beginning pending operation for [com.DefaultCompany.NeonDrift/Invalid/[system-defined]]
2026-06-25 00:22:54.342 Df installcoordinationd[4199:193deb] [com.apple.runningboard:process] Hit the server for a process handle 1dbbe23100001c32 that resolved to: [app<com.DefaultCompany.NeonDrift((null))>:7218]
2026-06-25 00:22:54.342 Df runningboardd[4114:192d75] [com.apple.runningboard:connection] Received termination request from [osservice<com.apple.installcoordinationd>:4199] on <RBSProcessPredicate <RBSProcessBundleIdentifierPredicate "com.DefaultCompany.NeonDrift">> with context <RBSTerminateContext| explanation:installcoordinationd app:[com.DefaultCompany.NeonDrift/Invalid/[system-defined]] uuid:F296AA2C-B068-4A68-93D4-790AD001DAEE isPlaceholder:Y reportType:None maxTerminationResistance:Absolute attrs:[
	<RBSPreventLaunchLimitation| <RBSProcessPredicate <RBSProcessBundleIdentifierPredicate "com.DefaultCompany.NeonDrift">> allow:(null)>
	]>
2026-06-25 00:22:54.342 Df installcoordinationd[4199:193deb] [com.apple.runningboard:monitor] Received state update for 7218 (app<com.DefaultCompany.NeonDrift((null))>, running-active-NotVisible
2026-06-25 00:22:54.342 Df runningboardd[4114:192d75] [com.apple.runningboard:general] Found 0 extensions contained in com.DefaultCompany.NeonDrift
2026-06-25 00:22:54.342 Df runningboardd[4114:192d75] [com.apple.PlugInKit:holds] <PKManager:0x108ca6a00> hold request for [/Users/dragonkao/Library/Developer/CoreSimulator/Devices/115FDF0C-5A2F-4686-909B-7F43F1450A28/data/Containers/Bundle/Application/E34CD900-DFFF-4346-802F-738E3EB908D0/NeonDrift.app] with flags: 0x4
2026-06-25 00:22:54.343 Df NeonDrift[7218:192e8a] [com.apple.PlugInKit:discovery] Annotations changed, re-performing query for continuous discovery, report block = <0x11ad3b090>.
2026-06-25 00:22:54.343 Df NeonDrift[7218:192e8b] [com.apple.PlugInKit:discovery] Annotations changed, re-performing query for continuous discovery, report block = <0x11ad3b3f0>.
2026-06-25 00:22:54.343 Df NeonDrift[7218:192e74] [com.apple.PlugInKit:discovery] Annotations changed, re-performing query for continuous discovery, report block = <0x11ad3b5a0>.
2026-06-25 00:22:54.343 Df runningboardd[4114:192d75] [com.apple.PlugInKit:holds] <PKManager:0x108ca6a00> hold request for [/Users/dragonkao/Library/Developer/CoreSimulator/Devices/115FDF0C-5A2F-4686-909B-7F43F1450A28/data/Containers/Bundle/Application/E34CD900-DFFF-4346-802F-738E3EB908D0/NeonDrift.app] with flags: 0x4 completed with hold token: [6EF66C9E-1D22-400F-A7CA-9418DE4E4C7E]
2026-06-25 00:22:54.343 Df runningboardd[4114:192d75] [com.apple.runningboard:ttl] Acquiring assertion targeting system from originator [osservice<com.apple.installcoordinationd>:4199] with description <RBSAssertionDescriptor| "installcoordinationd app:[com.DefaultCompany.NeonDrift/Invalid/[system-defined]] uuid:F296AA2C-B068-4A68-93D4-790AD001DAEE isPlaceholder:Y" ID:4114-4199-819 target:system attributes:[
	<RBSPreventLaunchLimitation| <RBSProcessPredicate <RBSProcessBundleIdentifierPredicate "com.DefaultCompany.NeonDrift">> allow:(null)>
	]>
2026-06-25 00:22:54.343 Df NeonDrift[7218:192e8b] [com.apple.PlugInKit:discovery] [d FF09E19F-53EF-4C28-9713-5E5082944BF3] <PKHost:0x11ad344c0> Beginning discovery for flags: 0, point: com.apple.AudioUnit-Speech
2026-06-25 00:22:54.343 Df NeonDrift[7218:192e74] [com.apple.PlugInKit:discovery] [d 21780C0D-951A-4D58-9910-F01DD4364B39] <PKHost:0x11ad344c0> Beginning discovery for flags: 0, point: com.apple.AudioUnit-UI
2026-06-25 00:22:54.343 Df NeonDrift[7218:192e8a] [com.apple.PlugInKit:discovery] [d 8E48044E-1AB7-44FB-A607-161209B364AA] <PKHost:0x11ad344c0> Beginning discovery for flags: 0, point: com.apple.AudioUnit
2026-06-25 00:22:54.343 Df runningboardd[4114:192d75] [com.apple.runningboard:process] Executing termination request for: <RBSProcessPredicate <RBSProcessBundleIdentifierPredicate "com.DefaultCompany.NeonDrift">>
2026-06-25 00:22:54.343 Df runningboardd[4114:192d75] [com.apple.runningboard:process] [app<com.DefaultCompany.NeonDrift((null))>:7218] Terminating with context: <RBSTerminateContext| explanation:installcoordinationd app:[com.DefaultCompany.NeonDrift/Invalid/[system-defined]] uuid:F296AA2C-B068-4A68-93D4-790AD001DAEE isPlaceholder:Y reportType:None maxTerminationResistance:Absolute attrs:[
	<RBSPreventLaunchLimitation| <RBSProcessPredicate <RBSProcessBundleIdentifierPredicate "com.DefaultCompany.NeonDrift">> allow:(null)>
	]>
2026-06-25 00:22:54.343 Df SpringBoard[4111:188547] [com.apple.SpringBoard:Common] termination assertion acquired for com.DefaultCompany.NeonDrift
2026-06-25 00:22:54.343 Df SpringBoard[4111:188547] [com.apple.SpringBoard:Icon] 0x10c558000-SBApplicationIcon Data source did change: <SBApplication: 0x12cdb2d00; com.DefaultCompany.NeonDrift> {
    processState = <SBApplicationProcessState: 0x127348d60; pid: 7218; taskState: Running; visibility: Foreground>;
} (SBApplication)
2026-06-25 00:22:54.343 Df SpringBoard[4111:193df2] [com.apple.FrontBoard:ProcessWorkspace] [app<com.DefaultCompany.NeonDrift>:7218] Workspace connection invalidated.
2026-06-25 00:22:54.343 Df SpringBoard[4111:193df2] [com.apple.FrontBoard:Process] [app<com.DefaultCompany.NeonDrift>:7218] Now flagged as pending exit for reason: workspace client connection invalidated
2026-06-25 00:22:54.343 Df backboardd[4142:193df0] [com.apple.iohid:default] Connection removed: IOHIDEventSystemConnection uuid:ECDD3D84-5A6B-4221-95D5-E499FA756B2C pid:7218 process:NeonDrift type:Passive entitlements:0x0 caller:BackBoardServices: ___getHIDEventSystemClient_block_invoke + 296 attributes:{
    HighFrequency = 0;
    bundleID = "com.DefaultCompany.NeonDrift";
    pid = 7218;
} state:0x1 events:0 mask:0x0 dropped:0 dropStatus:0 droppedMask:0x0 lastDroppedTime:NONE
2026-06-25 00:22:54.343 Df backboardd[4142:193df4] [com.apple.iohid:default] Connection removed: IOHIDEventSystemConnection uuid:7E1D51A9-62B2-4886-A743-1DB13C931840 pid:7218 process:NeonDrift type:Monitor entitlements:0x0 caller:GameControllerFoundation: -[GCHIDEventSystemClient initWithQueue:type:attributes:functions:] + 116 attributes:(null) state:0x1 events:0 mask:0x0 dropped:0 dropStatus:0 droppedMask:0x0 lastDroppedTime:NONE
2026-06-25 00:22:54.344 Df backboardd[4142:193df0] [com.apple.BackBoard:HID] Removing client connection <BKHIDClientConnection: 0x10d771a40; IOHIDEventSystemConnectionRef: 0x10bcd3600; vpid: 7218(v652DB); taskPort: 0x1BA63; bundleID: com.DefaultCompany.NeonDrift> for client: IOHIDEventSystemConnection uuid:ECDD3D84-5A6B-4221-95D5-E499FA756B2C pid:7218 process:NeonDrift type:Passive entitlements:0x0 caller:BackBoardServices: ___getHIDEventSystemClient_block_invoke + 296 attributes:{
    HighFrequency = 0;
    bundleID = "com.DefaultCompany.NeonDrift";
    pid = 7218;
} state:0x1 events:0 mask:0x0 dropped:0 dropStatus:0 droppedMask:0x0 lastDroppedTime:NONE source:HID
2026-06-25 00:22:54.344 Df SpringBoard[4111:192d0f] [com.apple.KeyboardArbiter:Handle] com.DefaultCompany.NeonDrift(7218) lostConnection (invalidation)
2026-06-25 00:22:54.344 Df SpringBoard[4111:192d0f] [com.apple.KeyboardArbiter:Handle] RX com.DefaultCompany.NeonDrift(7218) setWindowContextID:0 windowState:Disabled level:0.0
    focusContext:(null)
2026-06-25 00:22:54.344 Df SpringBoard[4111:188547] [com.apple.SpringBoard:KeyboardFocus] [coordinator] using MRU target <com.apple.frontboard.systemappservices/FBSceneManager:sceneID%3Acom.DefaultCompany.NeonDrift-default pid:7218>
2026-06-25 00:22:54.344 Df backboardd[4142:193835] [com.apple.BackBoard:EventDelivery] chain did update (setDeferringRules) <keyboardFocus; display: null> containsEndOfChain: YES; [
    <token: com.apple.frontboard.systemappservices/FBSceneManager:com.apple.springboard; pid: 4111>,
    <token: com.apple.frontboard.systemappservices/FBSceneManager:sceneID%3Acom.DefaultCompany.NeonDrift-default; pid: 7218>
]
2026-06-25 00:22:54.344 Df SpringBoard[4111:188547] [com.apple.SpringBoard:KeyboardFocus] [coordinator] informing scene controller 'com.apple.springboard' of focusTarget: <com.apple.frontboard.systemappservices/FBSceneManager:sceneID%3Acom.DefaultCompany.NeonDrift-default pid:7218>
2026-06-25 00:22:54.344 Df SpringBoard[4111:188547] [com.apple.SpringBoard:KeyboardFocus] [coordinator] keyboard arbiter suggested <nothing> and we replied <com.apple.frontboard.systemappservices/FBSceneManager:sceneID%3Acom.DefaultCompany.NeonDrift-default pid:7218>
2026-06-25 00:22:54.344 Df backboardd[4142:193835] [com.apple.BackBoard:EventDelivery] chain did update (setDeferringRules) <keyboardFocus; display: builtin> containsEndOfChain: YES; [
    <token: com.apple.frontboard.systemappservices/FBSceneManager:com.apple.springboard; pid: 4111>,
    <token: com.apple.frontboard.systemappservices/FBSceneManager:sceneID%3Acom.DefaultCompany.NeonDrift-default; pid: 7218>
]
2026-06-25 00:22:54.345 E  SpringBoard[4111:193df7] [com.apple.UIKit:KeyboardArbiter] Advisor: No handle found for currently focused PID: 7218; sceneIdentity: com.apple.frontboard.systemappservices/FBSceneManager:sceneID%3Acom.DefaultCompany.NeonDrift-default
2026-06-25 00:22:54.345 Df runningboardd[4114:192d75] [com.apple.runningboard:process] [app<com.DefaultCompany.NeonDrift((null))>:7218] terminate_with_reason() success
2026-06-25 00:22:54.345 Df runningboardd[4114:192caf] [com.apple.runningboard:process] XPC connection invalidated: [app<com.DefaultCompany.NeonDrift((null))>:7218]
2026-06-25 00:22:54.345 Df installcoordinationd[4199:193de8] [com.apple.runningboard:assertion] Setting up death monitor for [app<com.DefaultCompany.NeonDrift((null))>:7218]
2026-06-25 00:22:54.345 Df installcoordinationd[4199:193de8] [com.apple.runningboard:process] Starting death monitoring for handle [app<com.DefaultCompany.NeonDrift((null))>:7218]
2026-06-25 00:22:54.345 Df installcoordinationd[4199:193dea] [com.apple.appinstallation:TransactionLog] com.DefaultCompany.NeonDrift/Unknown Persona:4:9:1:1:Placeholder Promise began. Coordinator State: IXAppCoordinationStateWaitingForPlaceholderAssertion
2026-06-25 00:22:54.345 Df installcoordinationd[4199:193dea] [com.apple.installcoordination:daemon] -[IXSCoordinatorProgress setTotalUnitsCompleted:]: Progress for coordinator: [com.DefaultCompany.NeonDrift/Invalid/[system-defined]], Phase: IXCoordinatorProgressPhaseLoading, Percentage: 100.000000: Attempt to set units completed on finished progress: 100
2026-06-25 00:22:54.345 Df installcoordinationd[4199:193dea] [com.apple.appinstallation:TransactionLog] com.DefaultCompany.NeonDrift/Unknown Persona:4:9:2:1:Placeholder Promise completed. Coordinator State: IXAppCoordinationStateWaitingForPlaceholderAssertion
2026-06-25 00:22:54.345 Df CoreSimulatorBridge[4156:192ca8] [com.apple.installcoordination:framework] -[IXAppInstallCoordinator _clientDelegate_promiseDidBeginFulfillmentWithIdentifier:]: <IXUpdatingAppInstallCoordinator<0x101472640> identity:[com.DefaultCompany.NeonDrift/Invalid/[system-defined]] uuid:F296AA2C-B068-4A68-93D4-790AD001DAEE creator:InstallCoordination Simple SPI>: Got promise did begin fulfillment for identifier 1
2026-06-25 00:22:54.346 Df CoreSimulatorBridge[4156:192ca8] [com.apple.installcoordination:framework] -[IXAppInstallCoordinator _clientDelegate_promiseDidBeginFulfillmentWithIdentifier:]_block_invoke: <IXUpdatingAppInstallCoordinator<0x101472640> identity:[com.DefaultCompany.NeonDrift/Invalid/[system-defined]] uuid:F296AA2C-B068-4A68-93D4-790AD001DAEE creator:InstallCoordination Simple SPI>: Observer <_IXSimpleInstallerDelegate 0x0x101446520> does not respond to coordinator:configuredPromiseDidBeginFulfillment: (or any deprecated equivalent)
2026-06-25 00:22:54.352 Df launchd_sim[4108:193bef] [user/501/UIKitApplication:com.DefaultCompany.NeonDrift[c4d9][rb-legacy] [7218]:] exited with exit reason (namespace: 15 code: 0x0) - OS_REASON_RUNNINGBOARD | <RBSTerminateContext| explanation:installcoordinationd app:[com.DefaultCompany.NeonDrift/Invalid/[system-defined]] uuid:F296AA2C-B068-4A68-93D4-790AD001DAEE isPlaceholder:Y reportType:None maxTerminationResistance:Absolute attrs:[
	<RBSPreventLaunchLimitation| <RBSProcessPredicate <RBSProcessBundleIdentifierPredicate "com.DefaultCompany.NeonDrift">> allow:(null)>
	]>, ran for 62745ms
2026-06-25 00:22:54.352 Df launchd_sim[4108:193bef] [user/501:] service inactive: UIKitApplication:com.DefaultCompany.NeonDrift[c4d9][rb-legacy]
2026-06-25 00:22:54.353 Df runningboardd[4114:193e01] [com.apple.runningboard:ttl] [app<com.DefaultCompany.NeonDrift((null))>:7218] termination reported by launchd (15, 0, 9)
2026-06-25 00:22:54.353 Df runningboardd[4114:193e01] [com.apple.runningboard:process] Removing process: [app<com.DefaultCompany.NeonDrift((null))>:7218]
2026-06-25 00:22:54.353 Df runningboardd[4114:193e01] [com.apple.runningboard:job] Removing launch job for: [app<com.DefaultCompany.NeonDrift((null))>:7218]
2026-06-25 00:22:54.353 Df launchd_sim[4108:193e1e] [user/501:] removing service: UIKitApplication:com.DefaultCompany.NeonDrift[c4d9][rb-legacy]
2026-06-25 00:22:54.353 Df runningboardd[4114:193e01] [com.apple.runningboard:job] Removed job for [app<com.DefaultCompany.NeonDrift((null))>:7218]
2026-06-25 00:22:54.353 Df runningboardd[4114:193e01] [com.apple.runningboard:process] Removing assertions for terminated process: [app<com.DefaultCompany.NeonDrift((null))>:7218]
2026-06-25 00:22:54.353 Df runningboardd[4114:193e01] [com.apple.runningboard:assertion] Removed last relative-start-date-defining assertion for process app<com.DefaultCompany.NeonDrift((null))>
2026-06-25 00:22:54.353 Df runningboardd[4114:193e01] [com.apple.runningboard:monitor] Calculated state for app<com.DefaultCompany.NeonDrift((null))>: none (role: None) (endowments: (null))
2026-06-25 00:22:54.353 Df runningboardd[4114:192caf] [com.apple.runningboard:process] Notifying connection [osservice<com.apple.SpringBoard>:4111] that process [app<com.DefaultCompany.NeonDrift((null))>:7218] exited with context <RBSProcessExitContext| specific, status:<RBSProcessExitStatus| domain:runningboard(15) code:0>>
2026-06-25 00:22:54.353 Df runningboardd[4114:192caf] [com.apple.runningboard:process] Notifying connection [osservice<com.apple.installcoordinationd>:4199] that process [app<com.DefaultCompany.NeonDrift((null))>:7218] exited with context <RBSProcessExitContext| specific, status:<RBSProcessExitStatus| domain:runningboard(15) code:0>>
2026-06-25 00:22:54.353 Df SpringBoard[4111:193df3] [com.apple.FrontBoard:ProcessWorkspace] [app<com.DefaultCompany.NeonDrift>:7218] Workspace assertion invalidated: <NSError: 0x127164e40; domain: RBSAssertionErrorDomain; code: 1; "Assertions were invalidated, count = 3.
4114-4111-816: invalidation reason: 1
4114-4111-811: invalidation reason: 1
4114-4111-812: invalidation reason: 1">
2026-06-25 00:22:54.353 Df runningboardd[4114:192caf] [com.apple.runningboard:monitor] Calculated state for app<com.DefaultCompany.NeonDrift((null))>: none (role: None) (endowments: (null))
2026-06-25 00:22:54.354 Df SpringBoard[4111:193df3] [com.apple.runningboard:process] Calling process death completion block for handle [app<com.DefaultCompany.NeonDrift((null))>:7218]
2026-06-25 00:22:54.354 Df installcoordinationd[4199:193de8] [com.apple.runningboard:process] Calling process death completion block for handle [app<com.DefaultCompany.NeonDrift((null))>:7218]
2026-06-25 00:22:54.354 Df SpringBoard[4111:193df3] [com.apple.FrontBoard:Process] [app<com.DefaultCompany.NeonDrift>:7218] Process exited: <RBSProcessExitContext| specific, status:<RBSProcessExitStatus| domain:runningboard(15) code:0>>.
2026-06-25 00:22:54.354 Df SpringBoard[4111:193df3] [com.apple.FrontBoard:Process] [app<com.DefaultCompany.NeonDrift>:7218] Setting process task state to: Not Running
2026-06-25 00:22:54.354 Df installcoordinationd[4199:193de8] [com.apple.runningboard:assertion] Death monitor triggered for [app<com.DefaultCompany.NeonDrift((null))>:7218]
2026-06-25 00:22:54.354 Df SpringBoard[4111:193df3] [com.apple.FrontBoard:Process] [app<com.DefaultCompany.NeonDrift>:7218] Setting process visibility to: Unknown
