2026-06-26 16:44:49.246 E  siriactionsd[13192:7ceb27] [com.apple.shortcuts:Daemon] Received an event that we do not have a DaemonTask for: <distributed notification: com.apple.LaunchServices.applicationRegistered, userInfo: [AnyHashable("bundleIDs"): <__NSSingleObjectArrayI 0x101deaf00>(
com.DefaultCompany.NeonDrift.run.1782463407.6244
)
, AnyHashable("isPlaceholder"): 1]>. This is a serious programming error that might lead to missed messages and stuck streams.
2026-06-26 16:44:49.247 Df CoreSimulatorBridge[13156:7ce1c1] [com.apple.installcoordination:framework] -[IXAppInstallCoordinator _clientDelegate_didUpdateProgress:forPhase:overallProgress:]: <IXUpdatingAppInstallCoordinator<0x103458500> identity:[com.DefaultCompany.NeonDrift.run.1782463407.6244/Invalid/[system-defined]] uuid:410F3333-D225-4F06-AF21-223AA3592D10 creator:InstallCoordination Simple SPI>: Got did update progress delegate with percentComplete 5.000000 phase IXCoordinatorProgressPhaseInstalling overallProgress 62.000000
2026-06-26 16:44:49.247 Df CoreSimulatorBridge[13156:7ce1c1] [com.apple.installcoordination:framework] -[IXAppInstallCoordinator _clientDelegate_didUpdateProgress:forPhase:overallProgress:]: <IXUpdatingAppInstallCoordinator<0x103458500> identity:[com.DefaultCompany.NeonDrift.run.1782463407.6244/Invalid/[system-defined]] uuid:410F3333-D225-4F06-AF21-223AA3592D10 creator:InstallCoordination Simple SPI>: Got did update progress delegate with percentComplete 15.000000 phase IXCoordinatorProgressPhaseInstalling overallProgress 66.000000
2026-06-26 16:44:49.247 Df CoreSimulatorBridge[13156:7ce1c1] [com.apple.installcoordination:framework] -[IXAppInstallCoordinator _clientDelegate_didUpdateProgress:forPhase:overallProgress:]: <IXUpdatingAppInstallCoordinator<0x103458500> identity:[com.DefaultCompany.NeonDrift.run.1782463407.6244/Invalid/[system-defined]] uuid:410F3333-D225-4F06-AF21-223AA3592D10 creator:InstallCoordination Simple SPI>: Got did update progress delegate with percentComplete 20.000000 phase IXCoordinatorProgressPhaseInstalling overallProgress 68.000000
2026-06-26 16:44:49.247 Df CoreSimulatorBridge[13156:7cead4] [com.apple.installcoordination:framework] -[IXAppInstallCoordinator _clientDelegate_didUpdateProgress:forPhase:overallProgress:]_block_invoke: <IXUpdatingAppInstallCoordinator<0x103458500> identity:[com.DefaultCompany.NeonDrift.run.1782463407.6244/Invalid/[system-defined]] uuid:410F3333-D225-4F06-AF21-223AA3592D10 creator:InstallCoordination Simple SPI>: Calling selector coordinator:didUpdateProgress:forPhase:overallProgress: on observer <_IXSimpleInstallerDelegate 0x0x101b19980>
2026-06-26 16:44:49.247 Df CoreSimulatorBridge[13156:7cead4] [com.apple.installcoordination:framework] -[IXAppInstallCoordinator _clientDelegate_didUpdateProgress:forPhase:overallProgress:]_block_invoke: <IXUpdatingAppInstallCoordinator<0x103458500> identity:[com.DefaultCompany.NeonDrift.run.1782463407.6244/Invalid/[system-defined]] uuid:410F3333-D225-4F06-AF21-223AA3592D10 creator:InstallCoordination Simple SPI>: Calling selector coordinator:didUpdateProgress:forPhase:overallProgress: on observer <_IXSimpleInstallerDelegate 0x0x101b19980>
2026-06-26 16:44:49.247 Df CoreSimulatorBridge[13156:7cead4] [com.apple.installcoordination:framework] -[IXAppInstallCoordinator _clientDelegate_didUpdateProgress:forPhase:overallProgress:]_block_invoke: <IXUpdatingAppInstallCoordinator<0x103458500> identity:[com.DefaultCompany.NeonDrift.run.1782463407.6244/Invalid/[system-defined]] uuid:410F3333-D225-4F06-AF21-223AA3592D10 creator:InstallCoordination Simple SPI>: Calling selector coordinator:didUpdateProgress:forPhase:overallProgress: on observer <_IXSimpleInstallerDelegate 0x0x101b19980>
2026-06-26 16:44:49.248 Df PosterBoard[13202:7ceb6a] [com.apple.launchservices:appinstallation] LaunchServices observer: InstallsStarted (
    "<LSApplicationProxy: 0x10626cb40> com.DefaultCompany.NeonDrift.run.1782463407.6244 file:///Users/dragonkao/Library/Developer/CoreSimulator/Devices/115FDF0C-5A2F-4686-909B-7F43F1450A28/data/Containers/Bundle/Application/0A931ECA-FEA8-462A-8833-1B4E67F17BCF/com.apple.mobileinstallation.placeholder/ <com.DefaultCompany.NeonDrift.run.1782463407.6244 <placeholder >:1>"
)
2026-06-26 16:44:49.249 Df installd[26514:7c9b0a] [com.apple.containermanager:xpc] Query; euid = 501, uid = 501, class = 1, identifier = [com.DefaultCompany.NeonDrift.run.1782463407.6244](1), flags = 300000002
2026-06-26 16:44:49.249 Df PosterBoard[13202:7ceb6a] [com.apple.launchservices:appinstallation] LaunchServices observer: MetadataUpdate (
    "com.DefaultCompany.NeonDrift.run.1782463407.6244"
)
2026-06-26 16:44:49.250 Df installd[26514:7c9b0a] [com.apple.containermanager:xpc] Query; euid = 501, uid = 501, class = 1, identifier = [com.DefaultCompany.NeonDrift.run.1782463407.6244](1), flags = 300000002
2026-06-26 16:44:49.252 Df installd[26514:7c9b0a] [com.apple.containermanager:xpc] Query; euid = 501, uid = 501, class = 1, identifier = [com.DefaultCompany.NeonDrift.run.1782463407.6244](1), flags = 300000002
2026-06-26 16:44:49.252 Df installcoordinationd[26512:7cead3] [com.apple.installcoordination:daemon] -[IXSCoordinatorProgress setTotalUnitsCompleted:]: Progress for coordinator: [com.DefaultCompany.NeonDrift.run.1782463407.6244/Invalid/[system-defined]], Phase: IXCoordinatorProgressPhaseInstalling, Percentage: 20.000000: Attempt to set units completed on finished progress: 20
2026-06-26 16:44:49.253 Df installd[26514:7c9b0a] [com.apple.containermanager:xpc] Query; euid = 501, uid = 501, class = 1, identifier = [com.DefaultCompany.NeonDrift.run.1782463407.6244](1), flags = 300000002
2026-06-26 16:44:49.253 Df appprotectiond[26556:7ceb7d] [com.apple.appprotection:server] Received distnoted event <dictionary: 0x101108000> { count = 3, transaction: 0, voucher = 0x101148730, contents =
	"UserInfo" => <dictionary: 0x101035140> { count = 2, transaction: 0, voucher = 0x0, contents =
		"isPlaceholder" => <bool: 0x1e6e64540>: true
		"bundleIDs" => <array: 0x10103d7d0> { count = 1, capacity = 1, contents =
			0: <string: 0x10103dfb0> { string cache = 0x0, length = 48, contents = "com.DefaultCompany.NeonDrift.run.1782463407.6244" }
		}
	}
	"Name" => <string: 0x10103d4d0> { string cache = 0x0, length = 46, contents = "com.apple.LaunchServices.applicationRegistered" }
	"XPCEventName" => <string: 0x10103d050> { string cache = 0x0, length = 21, contents = "ApplicationRegistered" }
}
2026-06-26 16:44:49.253 Df appprotectiond[26556:7ceb7d] [com.apple.appprotection:server] received note: name = com.apple.LaunchServices.applicationRegistered, object = Optional(AppProtection.DistnotedXPCEventStreamTranslator), userInfo = Optional([AnyHashable("bundleIDs"): <__NSSingleObjectArrayI 0x1011e4220>(
com.DefaultCompany.NeonDrift.run.1782463407.6244
)
, AnyHashable("isPlaceholder"): 1])
2026-06-26 16:44:49.253 Df appprotectiond[26556:7ceb7d] [com.apple.appprotection:server] processing settings authority event: SettingsAuthorityEvent.promotePreferenceFromProvisionalForApplication(com.DefaultCompany.NeonDrift.run.1782463407.6244)
2026-06-26 16:44:49.254 Df liveactivitiesd[26558:763bd7] [com.apple.launchservices:progress] Got progress <NSProgress: com.DefaultCompany.NeonDrift.run.1782463407.6244 phase=Installing; state=Active; finalPhase=Installing; fractionCompleted=0.600000> for app com.DefaultCompany.NeonDrift.run.1782463407.6244,
2026-06-26 16:44:49.254 Df liveactivitiesd[26558:7ceb62] [com.apple.launchservices:progress] #LSInstallProgressList add subscriber: <_NSProgressSubscriber: 0x105bec1e0> publishingString: com.DefaultCompany.NeonDrift.run.1782463407.6244
2026-06-26 16:44:49.254 Df liveactivitiesd[26558:7ceb62] [com.apple.launchservices:progress] Subscribing to progress for app com.DefaultCompany.NeonDrift.run.1782463407.6244,
2026-06-26 16:44:49.255 Df installd[26514:7c9b0a] (MobileSystemServices) 0x16bdb3000 -[MIInstaller _installInstallable:containingSymlink:error:]: Installing <MIInstallableBundle ID=com.DefaultCompany.NeonDrift.run.1782463407.6244; Persona=com.apple.containermanager.primary-persona, Version=0, ShortVersion=1.0>
2026-06-26 16:44:49.255 Df installd[26514:7c9b0a] [com.apple.appinstallation:TransactionLog] com.DefaultCompany.NeonDrift.run.1782463407.6244/com.apple.containermanager.primary-persona:7:1:1:1:Start : Install (Patch Update)
2026-06-26 16:44:49.255 Df installd[26514:7c9b0a] (MobileSystemServices) 0x16bdb3000 -[MIInstallable applyPatchWithError:]: Attempting Delta patch update of com.DefaultCompany.NeonDrift.run.1782463407.6244 from 0 (1.0) to 0 (1.0)
2026-06-26 16:44:49.255 Df CoreSimulatorBridge[13156:7ce1c1] [com.apple.installcoordination:framework] -[IXAppInstallCoordinator _clientDelegate_didUpdateProgress:forPhase:overallProgress:]: <IXUpdatingAppInstallCoordinator<0x103458500> identity:[com.DefaultCompany.NeonDrift.run.1782463407.6244/Invalid/[system-defined]] uuid:410F3333-D225-4F06-AF21-223AA3592D10 creator:InstallCoordination Simple SPI>: Got did update progress delegate with percentComplete 30.000000 phase IXCoordinatorProgressPhaseInstalling overallProgress 72.000000
2026-06-26 16:44:49.255 Df CoreSimulatorBridge[13156:7ce1c1] [com.apple.installcoordination:framework] -[IXAppInstallCoordinator _clientDelegate_didUpdateProgress:forPhase:overallProgress:]: <IXUpdatingAppInstallCoordinator<0x103458500> identity:[com.DefaultCompany.NeonDrift.run.1782463407.6244/Invalid/[system-defined]] uuid:410F3333-D225-4F06-AF21-223AA3592D10 creator:InstallCoordination Simple SPI>: Got did update progress delegate with percentComplete 35.000000 phase IXCoordinatorProgressPhaseInstalling overallProgress 74.000000
2026-06-26 16:44:49.255 Df CoreSimulatorBridge[13156:7cead4] [com.apple.installcoordination:framework] -[IXAppInstallCoordinator _clientDelegate_didUpdateProgress:forPhase:overallProgress:]_block_invoke: <IXUpdatingAppInstallCoordinator<0x103458500> identity:[com.DefaultCompany.NeonDrift.run.1782463407.6244/Invalid/[system-defined]] uuid:410F3333-D225-4F06-AF21-223AA3592D10 creator:InstallCoordination Simple SPI>: Calling selector coordinator:didUpdateProgress:forPhase:overallProgress: on observer <_IXSimpleInstallerDelegate 0x0x101b19980>
2026-06-26 16:44:49.255 Df CoreSimulatorBridge[13156:7cead4] [com.apple.installcoordination:framework] -[IXAppInstallCoordinator _clientDelegate_didUpdateProgress:forPhase:overallProgress:]_block_invoke: <IXUpdatingAppInstallCoordinator<0x103458500> identity:[com.DefaultCompany.NeonDrift.run.1782463407.6244/Invalid/[system-defined]] uuid:410F3333-D225-4F06-AF21-223AA3592D10 creator:InstallCoordination Simple SPI>: Calling selector coordinator:didUpdateProgress:forPhase:overallProgress: on observer <_IXSimpleInstallerDelegate 0x0x101b19980>
2026-06-26 16:44:49.260 Df SpringBoard[13125:4bdd22] [com.apple.frontboard.ApplicationLibrary:sb.placeholder] App placeholder proxies added: (
    "<SBApplicationPlaceholderProxy: 0x12eb35c80; com.DefaultCompany.NeonDrift.run.1782463407.6244 (NeonDrift.run.1782463407.6244); LSInstallType: StoreDownload>"
), currentlyKnownExistingPlaceholders: {
}
2026-06-26 16:44:49.260 Df SpringBoard[13125:4bdd22] [com.apple.appinstallation:TransactionLog] com.DefaultCompany.NeonDrift.run.1782463407.6244/Unknown Persona:10:0:1:1:Placeholder add BEGIN
2026-06-26 16:44:49.260 Df SpringBoard[13125:4bdd22] [com.apple.SpringBoard:Icon] <<SBLeafIcon:0x1085a3180 [com.DefaultCompany.NeonDrift.run.1782463407.6244]>> Changing active data source: <SBApplicationIcon: 0x1085a3180; nodeID: com.DefaultCompany.NeonDrift.run.1782463407.6244; bundleID: com.DefaultCompany.NeonDrift.run.1782463407.6244>
2026-06-26 16:44:49.260 Df SpringBoard[13125:4bdd22] [com.apple.SpringBoard:Icon] <<SBLeafIcon:0x1085a3180 [com.DefaultCompany.NeonDrift.run.1782463407.6244]>> Changing from data souce: com.DefaultCompany.NeonDrift.run.1782463407.6244 to data source:com.DefaultCompany.NeonDrift.run.1782463407.6244.
2026-06-26 16:44:49.262 Df SpringBoard[13125:4bdd22] [com.apple.appinstallation:TransactionLog] com.DefaultCompany.NeonDrift.run.1782463407.6244/Unknown Persona:10:1:3:1:Created icon for placeholder.
2026-06-26 16:44:49.262 Df SpringBoard[13125:4bdd22] [com.apple.installcoordination:framework] +[IXAppInstallCoordinator removabilityForAppWithIdentity:error:]: Returning locally read removability, PossibleAndAllowed, for identity:[com.DefaultCompany.NeonDrift.run.1782463407.6244/Invalid/[system-defined]]
2026-06-26 16:44:49.262 Df SpringBoard[13125:4bdd22] [com.apple.frontboard.ApplicationLibrary:sb.placeholder] Placeholders added: (
    "<SBApplicationPlaceholder: 0x12eb205a0; bundleIdentifier: com.DefaultCompany.NeonDrift.run.1782463407.6244; displayName: NeonDrift.run.1782463407.6244; progress: 0%; state: Waiting; canPromote?: YES; canCancel?: YES>"
), modified: (
), removed: (null)
2026-06-26 16:44:49.262 Df SpringBoard[13125:4bdd22] [com.apple.SpringBoard:Common] termination assertion acquired for com.DefaultCompany.NeonDrift.run.1782463407.6244
2026-06-26 16:44:49.264 Df PosterBoard[13202:7ceb6a] [com.apple.launchservices:appinstallation] LaunchServices observer: InstallsStarted (
    "<LSApplicationProxy: 0x10626dd40> com.DefaultCompany.NeonDrift.run.1782463407.6244 file:///Users/dragonkao/Library/Developer/CoreSimulator/Devices/115FDF0C-5A2F-4686-909B-7F43F1450A28/data/Containers/Bundle/Application/0A931ECA-FEA8-462A-8833-1B4E67F17BCF/com.apple.mobileinstallation.placeholder/ <com.DefaultCompany.NeonDrift.run.1782463407.6244 <placeholder >:1>"
)
2026-06-26 16:44:49.264 Df PosterBoard[13202:7ceb6a] [com.apple.launchservices:appinstallation] LaunchServices observer: Will install (
    "<LSApplicationProxy: 0x10626cb40> com.DefaultCompany.NeonDrift.run.1782463407.6244 file:///Users/dragonkao/Library/Developer/CoreSimulator/Devices/115FDF0C-5A2F-4686-909B-7F43F1450A28/data/Containers/Bundle/Application/0A931ECA-FEA8-462A-8833-1B4E67F17BCF/NeonDrift.run.1782463407.6244.app/ <com.DefaultCompany.NeonDrift.run.1782463407.6244 <installed >:0>"
)
2026-06-26 16:44:49.267 Df SpringBoard[13125:4bdd22] [com.apple.appinstallation:TransactionLog] com.DefaultCompany.NeonDrift.run.1782463407.6244/Unknown Persona:10:2:3:1:Reloading icon image.
2026-06-26 16:44:49.269 Df runningboardd[13128:7ce1c4] [com.apple.runningboard:process] Checking PreventLaunch: global:0 exPath:(null) predicates:{(
    <RBSProcessPredicate <RBSProcessBundleIdentifierPredicate "com.DefaultCompany.NeonDrift.run.1782463407.6244">>
)} allow:(null)
2026-06-26 16:44:49.279 Df installd[26514:7c9b0a] [com.apple.containermanager:query] Query; euid = 501, uid = 501, class = 4, identifier = [com.DefaultCompany.NeonDrift.run.1782463407.6244](1), flags = 300000002
2026-06-26 16:44:49.279 Df CoreSimulatorBridge[13156:7ce1c1] [com.apple.installcoordination:framework] -[IXAppInstallCoordinator _clientDelegate_didUpdateProgress:forPhase:overallProgress:]: <IXUpdatingAppInstallCoordinator<0x103458500> identity:[com.DefaultCompany.NeonDrift.run.1782463407.6244/Invalid/[system-defined]] uuid:410F3333-D225-4F06-AF21-223AA3592D10 creator:InstallCoordination Simple SPI>: Got did update progress delegate with percentComplete 40.000000 phase IXCoordinatorProgressPhaseInstalling overallProgress 76.000000
2026-06-26 16:44:49.279 Df CoreSimulatorBridge[13156:7ce1c1] [com.apple.installcoordination:framework] -[IXAppInstallCoordinator _clientDelegate_didUpdateProgress:forPhase:overallProgress:]_block_invoke: <IXUpdatingAppInstallCoordinator<0x103458500> identity:[com.DefaultCompany.NeonDrift.run.1782463407.6244/Invalid/[system-defined]] uuid:410F3333-D225-4F06-AF21-223AA3592D10 creator:InstallCoordination Simple SPI>: Calling selector coordinator:didUpdateProgress:forPhase:overallProgress: on observer <_IXSimpleInstallerDelegate 0x0x101b19980>
2026-06-26 16:44:49.280 Df installd[26514:7c9b0a] [com.apple.containermanager:query] Query; euid = 501, uid = 501, class = 4, identifier = [com.DefaultCompany.NeonDrift.run.1782463407.6244](1), flags = 300000002
2026-06-26 16:44:49.280 Df installd[26514:7c9b0a] [com.apple.containermanager:xpc] Query; euid = 501, uid = 501, class = 1, identifier = [com.DefaultCompany.NeonDrift.run.1782463407.6244](1), flags = 300000003
2026-06-26 16:44:49.280 Df CoreSimulatorBridge[13156:7cead4] [com.apple.installcoordination:framework] -[IXAppInstallCoordinator _clientDelegate_didUpdateProgress:forPhase:overallProgress:]: <IXUpdatingAppInstallCoordinator<0x103458500> identity:[com.DefaultCompany.NeonDrift.run.1782463407.6244/Invalid/[system-defined]] uuid:410F3333-D225-4F06-AF21-223AA3592D10 creator:InstallCoordination Simple SPI>: Got did update progress delegate with percentComplete 50.000000 phase IXCoordinatorProgressPhaseInstalling overallProgress 80.000000
2026-06-26 16:44:49.280 Df CoreSimulatorBridge[13156:7cead4] [com.apple.installcoordination:framework] -[IXAppInstallCoordinator _clientDelegate_didUpdateProgress:forPhase:overallProgress:]_block_invoke: <IXUpdatingAppInstallCoordinator<0x103458500> identity:[com.DefaultCompany.NeonDrift.run.1782463407.6244/Invalid/[system-defined]] uuid:410F3333-D225-4F06-AF21-223AA3592D10 creator:InstallCoordination Simple SPI>: Calling selector coordinator:didUpdateProgress:forPhase:overallProgress: on observer <_IXSimpleInstallerDelegate 0x0x101b19980>
2026-06-26 16:44:49.280 E  containermanagerd_system[13173:7c98e1] [com.apple.containermanager:schema] [com.DefaultCompany.NeonDrift.run.1782463407.6244(1)] Current schema version (1) is newer than the latest (0), ignoring.
2026-06-26 16:44:49.281 Df containermanagerd_system[13173:7c98e1] [com.apple.containermanager:schema] [u 714A0148-7C1C-4982-9F25-25968193C36C:p F769BC80-EB63-4B8A-B5A6-EE6CEDF4262F:c com.DefaultCompany.NeonDrift.run.1782463407.6244(1):i30899927] Successfully updated schema from (0) → (0), actions count = 0
2026-06-26 16:44:49.282 Df installd[26514:7c9b0a] [com.apple.containermanager:xpc] Query; euid = 501, uid = 501, class = 1, identifier = [com.DefaultCompany.NeonDrift.run.1782463407.6244](1), flags = 300000002
2026-06-26 16:44:49.283 Df CoreSimulatorBridge[13156:7ce1c1] [com.apple.installcoordination:framework] -[IXAppInstallCoordinator _clientDelegate_didUpdateProgress:forPhase:overallProgress:]: <IXUpdatingAppInstallCoordinator<0x103458500> identity:[com.DefaultCompany.NeonDrift.run.1782463407.6244/Invalid/[system-defined]] uuid:410F3333-D225-4F06-AF21-223AA3592D10 creator:InstallCoordination Simple SPI>: Got did update progress delegate with percentComplete 60.000000 phase IXCoordinatorProgressPhaseInstalling overallProgress 84.000000
2026-06-26 16:44:49.283 Df CoreSimulatorBridge[13156:7ce1c1] [com.apple.installcoordination:framework] -[IXAppInstallCoordinator _clientDelegate_didUpdateProgress:forPhase:overallProgress:]_block_invoke: <IXUpdatingAppInstallCoordinator<0x103458500> identity:[com.DefaultCompany.NeonDrift.run.1782463407.6244/Invalid/[system-defined]] uuid:410F3333-D225-4F06-AF21-223AA3592D10 creator:InstallCoordination Simple SPI>: Calling selector coordinator:didUpdateProgress:forPhase:overallProgress: on observer <_IXSimpleInstallerDelegate 0x0x101b19980>
2026-06-26 16:44:49.284 Df installd[26514:7c9b0a] [com.apple.containermanager:query] Query; euid = 501, uid = 501, class = 2, identifier = [com.DefaultCompany.NeonDrift.run.1782463407.6244](1), flags = 300000003
2026-06-26 16:44:49.284 Df CoreSimulatorBridge[13156:7ce1c1] [com.apple.installcoordination:framework] -[IXAppInstallCoordinator _clientDelegate_didUpdateProgress:forPhase:overallProgress:]: <IXUpdatingAppInstallCoordinator<0x103458500> identity:[com.DefaultCompany.NeonDrift.run.1782463407.6244/Invalid/[system-defined]] uuid:410F3333-D225-4F06-AF21-223AA3592D10 creator:InstallCoordination Simple SPI>: Got did update progress delegate with percentComplete 70.000000 phase IXCoordinatorProgressPhaseInstalling overallProgress 88.000000
2026-06-26 16:44:49.284 Df CoreSimulatorBridge[13156:7cead4] [com.apple.installcoordination:framework] -[IXAppInstallCoordinator _clientDelegate_didUpdateProgress:forPhase:overallProgress:]_block_invoke: <IXUpdatingAppInstallCoordinator<0x103458500> identity:[com.DefaultCompany.NeonDrift.run.1782463407.6244/Invalid/[system-defined]] uuid:410F3333-D225-4F06-AF21-223AA3592D10 creator:InstallCoordination Simple SPI>: Calling selector coordinator:didUpdateProgress:forPhase:overallProgress: on observer <_IXSimpleInstallerDelegate 0x0x101b19980>
2026-06-26 16:44:49.285 Df installd[26514:7c9b0a] [com.apple.containermanager:query] Query; euid = 501, uid = 501, class = 2, identifier = [com.DefaultCompany.NeonDrift.run.1782463407.6244](1), flags = 300000002
2026-06-26 16:44:49.292 Df CoreSimulatorBridge[13156:7ce1c1] [com.apple.installcoordination:framework] -[IXAppInstallCoordinator _clientDelegate_didUpdateProgress:forPhase:overallProgress:]: <IXUpdatingAppInstallCoordinator<0x103458500> identity:[com.DefaultCompany.NeonDrift.run.1782463407.6244/Invalid/[system-defined]] uuid:410F3333-D225-4F06-AF21-223AA3592D10 creator:InstallCoordination Simple SPI>: Got did update progress delegate with percentComplete 80.000000 phase IXCoordinatorProgressPhaseInstalling overallProgress 92.000000
2026-06-26 16:44:49.292 Df CoreSimulatorBridge[13156:7ce1c1] [com.apple.installcoordination:framework] -[IXAppInstallCoordinator _clientDelegate_didUpdateProgress:forPhase:overallProgress:]_block_invoke: <IXUpdatingAppInstallCoordinator<0x103458500> identity:[com.DefaultCompany.NeonDrift.run.1782463407.6244/Invalid/[system-defined]] uuid:410F3333-D225-4F06-AF21-223AA3592D10 creator:InstallCoordination Simple SPI>: Calling selector coordinator:didUpdateProgress:forPhase:overallProgress: on observer <_IXSimpleInstallerDelegate 0x0x101b19980>
2026-06-26 16:44:49.293 Df installd[26514:7c9b0a] (MobileSystemServices) 0x16bdb3000 -[MIInstallationJournalEntry _refreshUUIDForContainer:withError:]: Data container for com.DefaultCompany.NeonDrift.run.1782463407.6244 is now at /Users/dragonkao/Library/Developer/CoreSimulator/Devices/115FDF0C-5A2F-4686-909B-7F43F1450A28/data/Containers/Data/Application/8412287C-24D3-4BC9-B2C5-E25000584A4B
2026-06-26 16:44:49.294 Df containermanagerd[13188:763a70] [com.apple.containermanager:schema] [u D14CFCA5-64C7-4823-8F0F-F3361748212B:p 8412287C-24D3-4BC9-B2C5-E25000584A4B:c com.DefaultCompany.NeonDrift.run.1782463407.6244(2):i0] Successfully updated schema from (0) → (1), actions count = 6
2026-06-26 16:44:49.294 Df installd[26514:7c9b0a] [com.apple.containermanager:unspecified] Replace; old = [app:com.DefaultCompany.NeonDrift.run.1782463407.6244:501::(72C51FCC-1C69-4B3A-B147-3F8227969AC2)], new = [temp-app:com.DefaultCompany.NeonDrift.run.1782463407.6244:501::(714A0148-7C1C-4982-9F25-25968193C36C)]
2026-06-26 16:44:49.296 Df installd[26514:7c9b0a] [com.apple.containermanager:xpc] Query; euid = 501, uid = 501, class = 1, identifier = [com.DefaultCompany.NeonDrift.run.1782463407.6244](1), flags = 300000002
2026-06-26 16:44:49.297 Df installd[26514:7c9b0a] (MobileSystemServices) 0x16bdb3000 -[MIContainer makeContainerLiveReplacingContainer:reason:waitForDeletion:withError:]: Made container live for com.DefaultCompany.NeonDrift.run.1782463407.6244 at /Users/dragonkao/Library/Developer/CoreSimulator/Devices/115FDF0C-5A2F-4686-909B-7F43F1450A28/data/Containers/Bundle/Application/CD938C23-E082-40E4-8C70-9A8487EAA03C
2026-06-26 16:44:49.297 Df installd[26514:7c9b0a] [com.apple.containermanager:xpc] Query; euid = 501, uid = 501, class = 1, identifier = [com.DefaultCompany.NeonDrift.run.1782463407.6244](1), flags = 300000002
2026-06-26 16:44:49.299 Df CoreSimulatorBridge[13156:7cead4] [com.apple.installcoordination:framework] -[IXAppInstallCoordinator _clientDelegate_didUpdateProgress:forPhase:overallProgress:]: <IXUpdatingAppInstallCoordinator<0x103458500> identity:[com.DefaultCompany.NeonDrift.run.1782463407.6244/Invalid/[system-defined]] uuid:410F3333-D225-4F06-AF21-223AA3592D10 creator:InstallCoordination Simple SPI>: Got did update progress delegate with percentComplete 90.000000 phase IXCoordinatorProgressPhaseInstalling overallProgress 96.000000
2026-06-26 16:44:49.299 Df CoreSimulatorBridge[13156:7cead4] [com.apple.installcoordination:framework] -[IXAppInstallCoordinator _clientDelegate_didUpdateProgress:forPhase:overallProgress:]_block_invoke: <IXUpdatingAppInstallCoordinator<0x103458500> identity:[com.DefaultCompany.NeonDrift.run.1782463407.6244/Invalid/[system-defined]] uuid:410F3333-D225-4F06-AF21-223AA3592D10 creator:InstallCoordination Simple SPI>: Calling selector coordinator:didUpdateProgress:forPhase:overallProgress: on observer <_IXSimpleInstallerDelegate 0x0x101b19980>
2026-06-26 16:44:49.299 Df installd[26514:7c9b0a] [com.apple.containermanager:unspecified] Requesting disk usage; class = 1, identifier = com.DefaultCompany.NeonDrift.run.1782463407.6244
2026-06-26 16:44:49.300 Df installd[26514:7c9b0a] [com.apple.containermanager:query] Query; euid = 501, uid = 501, class = 7, identifier = [com.DefaultCompany.NeonDrift.run.1782463407.6244](1), flags = 300000001
2026-06-26 16:44:49.301 Df SpringBoard[13125:4bdd22] [com.apple.SpringBoard:Common] termination assertion released for com.DefaultCompany.NeonDrift.run.1782463407.6244
2026-06-26 16:44:49.304 Df installd[26514:7c9b0a] (MobileSystemServices) 0x16bdb3000 -[MILaunchServicesOperationManager _onQueue_addPendingLaunchServicesOperation:error:]: Added pending LS operation <MILaunchServicesRegisterOperation: 2C5194CF-444F-4BCE-AB9E-25224E960B7D:72 com.DefaultCompany.NeonDrift.run.1782463407.6244/MIInstallationDomainSystemShared personas:[com.apple.containermanager.primary-persona]>
2026-06-26 16:44:49.304 Df lsd[13177:7ce1fb] [com.apple.launchservices:appinstallation] Post installation registration: request to register com.DefaultCompany.NeonDrift.run.1782463407.6244, operation 2C5194CF-444F-4BCE-AB9E-25224E960B7D, from pid 26514
2026-06-26 16:44:49.304 Df lsd[13177:7ce1fb] [com.apple.appinstallation:TransactionLog] com.DefaultCompany.NeonDrift.run.1782463407.6244/Unknown Persona:5:4:1:1:Registering bundles via registrant - start
2026-06-26 16:44:49.306 Df lsd[13177:7ce1fb] [com.apple.appinstallation:TransactionLog] com.DefaultCompany.NeonDrift.run.1782463407.6244/Unknown Persona:5:5:1:1:Building bundle record for app
2026-06-26 16:44:49.306 Df lsd[13177:7ce1fb] [com.apple.launchservices:appinstallation] Removed existing registered placeholder for com.DefaultCompany.NeonDrift.run.1782463407.6244
2026-06-26 16:44:49.306 Df lsd[13177:7ce1fb] [com.apple.launchservices:appinstallation] Removed existing registered bundle for com.DefaultCompany.NeonDrift.run.1782463407.6244
2026-06-26 16:44:49.306 Df lsd[13177:7ce1fb] [com.apple.appinstallation:TransactionLog] com.DefaultCompany.NeonDrift.run.1782463407.6244/Unknown Persona:5:5:2:1:Built bundle record for app
2026-06-26 16:44:49.307 Df lsd[13177:7ce1fb] [com.apple.launchservices:icons] clearAlternateNameForBundleIdentifier: won't clear for com.DefaultCompany.NeonDrift.run.1782463407.6244
2026-06-26 16:44:49.307 Df lsd[13177:7ce1fb] [com.apple.appinstallation:TransactionLog] com.DefaultCompany.NeonDrift.run.1782463407.6244/Unknown Persona:5:4:2:1:Registered bundle status = success
2026-06-26 16:44:49.307 Df lsd[13177:7ce1fb] [com.apple.appinstallation:TransactionLog] com.DefaultCompany.NeonDrift.run.1782463407.6244/Unknown Persona:5:4:2:1:Finished registering com.DefaultCompany.NeonDrift.run.1782463407.6244, bundle unit 6c4
2026-06-26 16:44:49.307 Df lsd[13177:7ce1f3] [com.apple.launchservices:progress] Installation ended for com.DefaultCompany.NeonDrift.run.1782463407.6244 with state 5
2026-06-26 16:44:49.307 Df lsd[13177:7ce1f3] [com.apple.launchservices:progress] Discarding proportions for com.DefaultCompany.NeonDrift.run.1782463407.6244
2026-06-26 16:44:49.308 Df lsd[13177:7ceaf0] [com.apple.launchservices:progress] Sending applicationsDidInstall: for (
    "<LSApplicationProxy: 0x1057d8000> com.DefaultCompany.NeonDrift.run.1782463407.6244 file:///Users/dragonkao/Library/Developer/CoreSimulator/Devices/115FDF0C-5A2F-4686-909B-7F43F1450A28/data/Containers/Bundle/Application/CD938C23-E082-40E4-8C70-9A8487EAA03C/NeonDrift.run.1782463407.6244.app/ <com.DefaultCompany.NeonDrift.run.1782463407.6244 <installed >:0>"
)
2026-06-26 16:44:49.308 Df installd[26514:7c9b0a] (MobileSystemServices) 0x16bdb3000 -[MIJournal purgeJournalEntry:withError:]: Removing journal entry <MIInstallationJournalEntry<0x1050b03c0> [com.DefaultCompany.NeonDrift.run.1782463407.6244/com.apple.containermanager.primary-persona/[system-defined]]/MIInstallationDomainSystemShared op:1 phase:JournalPhaseDidRegisterWithLS version:0>
2026-06-26 16:44:49.308 Df liveactivitiesd[26558:763bd7] [com.apple.launchservices:progress] Unpublishing progress block called for app com.DefaultCompany.NeonDrift.run.1782463407.6244
2026-06-26 16:44:49.308 Df liveactivitiesd[26558:7ceb62] [com.apple.launchservices:progress] #LSInstallProgressList remove subscriber: <_NSProgressSubscriber: 0x105bec1e0> publishingString: com.DefaultCompany.NeonDrift.run.1782463407.6244
2026-06-26 16:44:49.308 Df installd[26514:7c9b0a] [com.apple.appinstallation:TransactionLog] com.DefaultCompany.NeonDrift.run.1782463407.6244/com.apple.containermanager.primary-persona:7:1:2:1:Success (End) : Install (Patch Update)
2026-06-26 16:44:49.308 Df installd[26514:7c9b0a] (MobileSystemServices) 0x16bdb3000 -[MIInstaller _logOperationCompletionWithStartTime:distributorID:]: Install successful for (Developer:com.DefaultCompany.NeonDrift.run.1782463407.6244) [Distributor: (null)]; Staging: 0.00s; Waiting: 0.00s; Preflight/Patch: 0.02s, Verifying: 0.00s; Overall: 0.06s
2026-06-26 16:44:49.308 Df appstored[13277:7ceb6c] [com.apple.launchservices:appinstallation] Received applicationsDidInstall:(
    "<LSApplicationProxy: 0x1027f0000> com.DefaultCompany.NeonDrift.run.1782463407.6244 file:///Users/dragonkao/Library/Developer/CoreSimulator/Devices/115FDF0C-5A2F-4686-909B-7F43F1450A28/data/Containers/Bundle/Application/CD938C23-E082-40E4-8C70-9A8487EAA03C/NeonDrift.run.1782463407.6244.app/ <com.DefaultCompany.NeonDrift.run.1782463407.6244 <installed >:0>"
)
2026-06-26 16:44:49.308 Df healthappd[13951:7ce22f] [com.apple.launchservices:appinstallation] Received applicationsDidInstall:(
    "<LSApplicationProxy: 0x10f89c0c0> com.DefaultCompany.NeonDrift.run.1782463407.6244 file:///Users/dragonkao/Library/Developer/CoreSimulator/Devices/115FDF0C-5A2F-4686-909B-7F43F1450A28/data/Containers/Bundle/Application/CD938C23-E082-40E4-8C70-9A8487EAA03C/NeonDrift.run.1782463407.6244.app/ <com.DefaultCompany.NeonDrift.run.1782463407.6244 <installed >:0>"
)
2026-06-26 16:44:49.308 Df runningboardd[13128:7cead7] [com.apple.launchservices:appinstallation] Received applicationsDidInstall:(
    "<LSApplicationProxy: 0x104d98000> com.DefaultCompany.NeonDrift.run.1782463407.6244 file:///Users/dragonkao/Library/Developer/CoreSimulator/Devices/115FDF0C-5A2F-4686-909B-7F43F1450A28/data/Containers/Bundle/Application/CD938C23-E082-40E4-8C70-9A8487EAA03C/NeonDrift.run.1782463407.6244.app/ <com.DefaultCompany.NeonDrift.run.1782463407.6244 <installed >:0>"
)
2026-06-26 16:44:49.309 Df healthd[13135:7ceb57] [com.apple.launchservices:appinstallation] Received applicationsDidInstall:(
    "<LSApplicationProxy: 0x101a95140> com.DefaultCompany.NeonDrift.run.1782463407.6244 file:///Users/dragonkao/Library/Developer/CoreSimulator/Devices/115FDF0C-5A2F-4686-909B-7F43F1450A28/data/Containers/Bundle/Application/CD938C23-E082-40E4-8C70-9A8487EAA03C/NeonDrift.run.1782463407.6244.app/ <com.DefaultCompany.NeonDrift.run.1782463407.6244 <installed >:0>"
)
2026-06-26 16:44:49.309 Df SpringBoard[13125:7ceb33] [com.apple.launchservices:appinstallation] Received applicationsDidInstall:(
    "<LSApplicationProxy: 0x12719aac0> com.DefaultCompany.NeonDrift.run.1782463407.6244 file:///Users/dragonkao/Library/Developer/CoreSimulator/Devices/115FDF0C-5A2F-4686-909B-7F43F1450A28/data/Containers/Bundle/Application/CD938C23-E082-40E4-8C70-9A8487EAA03C/NeonDrift.run.1782463407.6244.app/ <com.DefaultCompany.NeonDrift.run.1782463407.6244 <installed >:0>"
)
2026-06-26 16:44:49.309 Df webbookmarksd[13224:7ce1df] [com.apple.launchservices:appinstallation] Received applicationsDidInstall:(
    "<LSApplicationProxy: 0x101dec000> com.DefaultCompany.NeonDrift.run.1782463407.6244 file:///Users/dragonkao/Library/Developer/CoreSimulator/Devices/115FDF0C-5A2F-4686-909B-7F43F1450A28/data/Containers/Bundle/Application/CD938C23-E082-40E4-8C70-9A8487EAA03C/NeonDrift.run.1782463407.6244.app/ <com.DefaultCompany.NeonDrift.run.1782463407.6244 <installed >:0>"
)
2026-06-26 16:44:49.309 Df financed[13231:7ce234] [com.apple.launchservices:appinstallation] Received applicationsDidInstall:(
    "<LSApplicationProxy: 0x1079fb6c0> com.DefaultCompany.NeonDrift.run.1782463407.6244 file:///Users/dragonkao/Library/Developer/CoreSimulator/Devices/115FDF0C-5A2F-4686-909B-7F43F1450A28/data/Containers/Bundle/Application/CD938C23-E082-40E4-8C70-9A8487EAA03C/NeonDrift.run.1782463407.6244.app/ <com.DefaultCompany.NeonDrift.run.1782463407.6244 <installed >:0>"
)
2026-06-26 16:44:49.309 Df appstored[13277:7ceb55] [com.apple.appinstallation:TransactionLog] com.DefaultCompany.NeonDrift.run.1782463407.6244/Unknown Persona:5:8:3:1:applicationsDidInstall <LSApplicationProxy: 0x1027f00c0> com.DefaultCompany.NeonDrift.run.1782463407.6244 file:///Users/dragonkao/Library/Developer/CoreSimulator/Devices/115FDF0C-5A2F-4686-909B-7F43F1450A28/data/Containers/Bundle/Application/CD938C23-E082-40E4-8C70-9A8487EAA03C/NeonDrift.run.1782463407.6244.app/ <com.DefaultCompany.NeonDrift.run.1782463407.6244 <installed >:0>
2026-06-26 16:44:49.309 Df locationd[13150:7c993f] [com.apple.launchservices:appinstallation] Received applicationsDidInstall:(
    "<LSApplicationProxy: 0x103b9c6c0> com.DefaultCompany.NeonDrift.run.1782463407.6244 file:///Users/dragonkao/Library/Developer/CoreSimulator/Devices/115FDF0C-5A2F-4686-909B-7F43F1450A28/data/Containers/Bundle/Application/CD938C23-E082-40E4-8C70-9A8487EAA03C/NeonDrift.run.1782463407.6244.app/ <com.DefaultCompany.NeonDrift.run.1782463407.6244 <installed >:0>"
)
2026-06-26 16:44:49.309 Df clipserviced[26555:763bf2] [com.apple.launchservices:appinstallation] Received applicationsDidInstall:(
    "<LSApplicationProxy: 0x1035a8000> com.DefaultCompany.NeonDrift.run.1782463407.6244 file:///Users/dragonkao/Library/Developer/CoreSimulator/Devices/115FDF0C-5A2F-4686-909B-7F43F1450A28/data/Containers/Bundle/Application/CD938C23-E082-40E4-8C70-9A8487EAA03C/NeonDrift.run.1782463407.6244.app/ <com.DefaultCompany.NeonDrift.run.1782463407.6244 <installed >:0>"
)
2026-06-26 16:44:49.309 Df gamed[13228:7cea57] [com.apple.launchservices:appinstallation] Received applicationsDidInstall:(
    "<LSApplicationProxy: 0x101f2c0c0> com.DefaultCompany.NeonDrift.run.1782463407.6244 file:///Users/dragonkao/Library/Developer/CoreSimulator/Devices/115FDF0C-5A2F-4686-909B-7F43F1450A28/data/Containers/Bundle/Application/CD938C23-E082-40E4-8C70-9A8487EAA03C/NeonDrift.run.1782463407.6244.app/ <com.DefaultCompany.NeonDrift.run.1782463407.6244 <installed >:0>"
)
2026-06-26 16:44:49.309 Df installcoordinationd[26512:7ceaf8] [com.apple.installcoordination:daemon] -[IXSPendingOperationsTracker endPendingOperationForIdentity:]_block_invoke: Ending pending operation for [com.DefaultCompany.NeonDrift.run.1782463407.6244/Invalid/[system-defined]]
2026-06-26 16:44:49.309 Df activityawardsd[13316:7ce1e3] [com.apple.launchservices:appinstallation] Received applicationsDidInstall:(
    "<LSApplicationProxy: 0x10192ca80> com.DefaultCompany.NeonDrift.run.1782463407.6244 file:///Users/dragonkao/Library/Developer/CoreSimulator/Devices/115FDF0C-5A2F-4686-909B-7F43F1450A28/data/Containers/Bundle/Application/CD938C23-E082-40E4-8C70-9A8487EAA03C/NeonDrift.run.1782463407.6244.app/ <com.DefaultCompany.NeonDrift.run.1782463407.6244 <installed >:0>"
)
2026-06-26 16:44:49.310 Df SpringBoard[13125:4bdd22] [com.apple.launchservices:progress] Unpublishing progress block called for app com.DefaultCompany.NeonDrift.run.1782463407.6244
2026-06-26 16:44:49.310 Df deviceaccessd[26574:7ce235] [com.apple.launchservices:appinstallation] Received applicationsDidInstall:(
    "<LSApplicationProxy: 0x106170600> com.DefaultCompany.NeonDrift.run.1782463407.6244 file:///Users/dragonkao/Library/Developer/CoreSimulator/Devices/115FDF0C-5A2F-4686-909B-7F43F1450A28/data/Containers/Bundle/Application/CD938C23-E082-40E4-8C70-9A8487EAA03C/NeonDrift.run.1782463407.6244.app/ <com.DefaultCompany.NeonDrift.run.1782463407.6244 <installed >:0>"
)
2026-06-26 16:44:49.310 Df CoreSimulatorBridge[13156:7ce1c1] [com.apple.installcoordination:framework] -[IXAppInstallCoordinator _clientDelegate_didUpdateProgress:forPhase:overallProgress:]: <IXUpdatingAppInstallCoordinator<0x103458500> identity:[com.DefaultCompany.NeonDrift.run.1782463407.6244/Invalid/[system-defined]] uuid:410F3333-D225-4F06-AF21-223AA3592D10 creator:InstallCoordination Simple SPI>: Got did update progress delegate with percentComplete 100.000000 phase IXCoordinatorProgressPhaseInstalling overallProgress 100.000000
2026-06-26 16:44:49.310 Df CoreSimulatorBridge[13156:7ce1c1] [com.apple.installcoordination:framework] -[IXAppInstallCoordinator _clientDelegate_didUpdateProgress:forPhase:overallProgress:]_block_invoke: <IXUpdatingAppInstallCoordinator<0x103458500> identity:[com.DefaultCompany.NeonDrift.run.1782463407.6244/Invalid/[system-defined]] uuid:410F3333-D225-4F06-AF21-223AA3592D10 creator:InstallCoordination Simple SPI>: Calling selector coordinator:didUpdateProgress:forPhase:overallProgress: on observer <_IXSimpleInstallerDelegate 0x0x101b19980>
2026-06-26 16:44:49.310 Df profiled[26569:7ce236] [com.apple.launchservices:appinstallation] Received applicationsDidInstall:(
    "<LSApplicationProxy: 0x1067d0000> com.DefaultCompany.NeonDrift.run.1782463407.6244 file:///Users/dragonkao/Library/Developer/CoreSimulator/Devices/115FDF0C-5A2F-4686-909B-7F43F1450A28/data/Containers/Bundle/Application/CD938C23-E082-40E4-8C70-9A8487EAA03C/NeonDrift.run.1782463407.6244.app/ <com.DefaultCompany.NeonDrift.run.1782463407.6244 <installed >:0>"
)
2026-06-26 16:44:49.310 Df SpringBoard[13125:7ce21b] [com.apple.launchservices:progress] #LSInstallProgressList remove subscriber: <_NSProgressSubscriber: 0x122ec0210> publishingString: com.DefaultCompany.NeonDrift.run.1782463407.6244
2026-06-26 16:44:49.310 Df mobiletimerd[84688:7ce5ce] [com.apple.launchservices:appinstallation] Received applicationsDidInstall:(
    "<LSApplicationProxy: 0x101634780> com.DefaultCompany.NeonDrift.run.1782463407.6244 file:///Users/dragonkao/Library/Developer/CoreSimulator/Devices/115FDF0C-5A2F-4686-909B-7F43F1450A28/data/Containers/Bundle/Application/CD938C23-E082-40E4-8C70-9A8487EAA03C/NeonDrift.run.1782463407.6244.app/ <com.DefaultCompany.NeonDrift.run.1782463407.6244 <installed >:0>"
)
2026-06-26 16:44:49.310 Df callservicesd[13196:7ceb73] [com.apple.launchservices:appinstallation] Received applicationsDidInstall:(
    "<LSApplicationProxy: 0x106e7d080> com.DefaultCompany.NeonDrift.run.1782463407.6244 file:///Users/dragonkao/Library/Developer/CoreSimulator/Devices/115FDF0C-5A2F-4686-909B-7F43F1450A28/data/Containers/Bundle/Application/CD938C23-E082-40E4-8C70-9A8487EAA03C/NeonDrift.run.1782463407.6244.app/ <com.DefaultCompany.NeonDrift.run.1782463407.6244 <installed >:0>"
)
2026-06-26 16:44:49.310 Df lsd[13177:7ceaf0] [com.apple.launchservices:progress] Sent distributed notification com.apple.LaunchServices.applicationRegistered with payload {
    bundleIDs =     (
        "com.DefaultCompany.NeonDrift.run.1782463407.6244"
    );
    isPlaceholder = 0;
}
2026-06-26 16:44:49.310 Df lsd[13177:4bde02] [com.apple.launchservices:progress] unsubscribing from com.DefaultCompany.NeonDrift.run.1782463407.6244.Installing as it was unpublished
2026-06-26 16:44:49.310 Df lsd[13177:4bde02] [com.apple.launchservices:progress] #LSInstallProgressList remove subscriber: <_NSProgressSubscriber: 0x1057c55c0> publishingString: com.DefaultCompany.NeonDrift.run.1782463407.6244.Installing
2026-06-26 16:44:49.311 Df liveactivitiesd[26558:7ceb62] [com.apple.launchservices:appinstallation] Received applicationsDidInstall:(
    "<LSApplicationProxy: 0x105a85a40> com.DefaultCompany.NeonDrift.run.1782463407.6244 file:///Users/dragonkao/Library/Developer/CoreSimulator/Devices/115FDF0C-5A2F-4686-909B-7F43F1450A28/data/Containers/Bundle/Application/CD938C23-E082-40E4-8C70-9A8487EAA03C/NeonDrift.run.1782463407.6244.app/ <com.DefaultCompany.NeonDrift.run.1782463407.6244 <installed >:0>"
)
2026-06-26 16:44:49.311 Df sleepd[13153:7c9905] [com.apple.launchservices:appinstallation] Received applicationsDidInstall:(
    "<LSApplicationProxy: 0x103a603c0> com.DefaultCompany.NeonDrift.run.1782463407.6244 file:///Users/dragonkao/Library/Developer/CoreSimulator/Devices/115FDF0C-5A2F-4686-909B-7F43F1450A28/data/Containers/Bundle/Application/CD938C23-E082-40E4-8C70-9A8487EAA03C/NeonDrift.run.1782463407.6244.app/ <com.DefaultCompany.NeonDrift.run.1782463407.6244 <installed >:0>"
)
2026-06-26 16:44:49.311 Df runningboardd[13128:7cead7] [com.apple.appinstallation:TransactionLog] com.DefaultCompany.NeonDrift.run.1782463407.6244/Unknown Persona:5:8:3:1:applicationsDidInstall <LSApplicationProxy: 0x104d980c0> com.DefaultCompany.NeonDrift.run.1782463407.6244 file:///Users/dragonkao/Library/Developer/CoreSimulator/Devices/115FDF0C-5A2F-4686-909B-7F43F1450A28/data/Containers/Bundle/Application/CD938C23-E082-40E4-8C70-9A8487EAA03C/NeonDrift.run.1782463407.6244.app/ <com.DefaultCompany.NeonDrift.run.1782463407.6244 <installed >:0>
2026-06-26 16:44:49.311 Df routined[13133:7ceb63] [com.apple.launchservices:appinstallation] Received applicationsDidInstall:(
    "<LSApplicationProxy: 0x109160e40> com.DefaultCompany.NeonDrift.run.1782463407.6244 file:///Users/dragonkao/Library/Developer/CoreSimulator/Devices/115FDF0C-5A2F-4686-909B-7F43F1450A28/data/Containers/Bundle/Application/CD938C23-E082-40E4-8C70-9A8487EAA03C/NeonDrift.run.1782463407.6244.app/ <com.DefaultCompany.NeonDrift.run.1782463407.6244 <installed >:0>"
)
2026-06-26 16:44:49.311 Df activitysharingd[13524:7c34d5] [com.apple.launchservices:appinstallation] Received applicationsDidInstall:(
    "<LSApplicationProxy: 0x1019bce40> com.DefaultCompany.NeonDrift.run.1782463407.6244 file:///Users/dragonkao/Library/Developer/CoreSimulator/Devices/115FDF0C-5A2F-4686-909B-7F43F1450A28/data/Containers/Bundle/Application/CD938C23-E082-40E4-8C70-9A8487EAA03C/NeonDrift.run.1782463407.6244.app/ <com.DefaultCompany.NeonDrift.run.1782463407.6244 <installed >:0>"
)
2026-06-26 16:44:49.311 Df SpringBoard[13125:7ceb33] [com.apple.appinstallation:TransactionLog] com.DefaultCompany.NeonDrift.run.1782463407.6244/Unknown Persona:5:8:3:1:applicationsDidInstall <LSApplicationProxy: 0x127199c80> com.DefaultCompany.NeonDrift.run.1782463407.6244 file:///Users/dragonkao/Library/Developer/CoreSimulator/Devices/115FDF0C-5A2F-4686-909B-7F43F1450A28/data/Containers/Bundle/Application/CD938C23-E082-40E4-8C70-9A8487EAA03C/NeonDrift.run.1782463407.6244.app/ <com.DefaultCompany.NeonDrift.run.1782463407.6244 <installed >:0>
2026-06-26 16:44:49.311 Df SpringBoard[13125:7ceb33] [com.apple.frontboard.ApplicationLibrary:observer] -[FBSApplicationLibrary applicationsDidInstall:] com.DefaultCompany.NeonDrift.run.1782463407.6244
2026-06-26 16:44:49.311 Df installcoordinationd[26512:7ceaf8] [com.apple.installcoordination:daemon] -[IXSCoordinatedAppInstall setComplete:]: <IXSCoordinatedAppInstall<0x1055e4000> [P=CoreSimulatorBridge (pid 13156)] identifier:[com.DefaultCompany.NeonDrift.run.1782463407.6244/Invalid/[system-defined]] uuid:410F3333-D225-4F06-AF21-223AA3592D10 intent:IXCoordinatorIntentUpdating creator/appDRI:InstallCoordination Simple SPI importance:UserWaiting state:IXAppCoordinationStateComplete promise-state:PA2I4> complete!
2026-06-26 16:44:49.311 Df installcoordinationd[26512:7ceaf8] [com.apple.installcoordination:daemon] -[IXSPowerAssertion invalidate]: Released power assertion IXPowerAssertion-12-[com.DefaultCompany.NeonDrift.run.1782463407.6244/Invalid/[system-defined]]
2026-06-26 16:44:49.311 Df donotdisturbd[13175:7ceb29] [com.apple.launchservices:appinstallation] Received applicationsDidInstall:(
    "<LSApplicationProxy: 0x1041e0f00> com.DefaultCompany.NeonDrift.run.1782463407.6244 file:///Users/dragonkao/Library/Developer/CoreSimulator/Devices/115FDF0C-5A2F-4686-909B-7F43F1450A28/data/Containers/Bundle/Application/CD938C23-E082-40E4-8C70-9A8487EAA03C/NeonDrift.run.1782463407.6244.app/ <com.DefaultCompany.NeonDrift.run.1782463407.6244 <installed >:0>"
)
2026-06-26 16:44:49.311 Df nsurlsessiond[13176:7ce7ef] [com.apple.launchservices:appinstallation] Received applicationsDidInstall:(
    "<LSApplicationProxy: 0x10365f780> com.DefaultCompany.NeonDrift.run.1782463407.6244 file:///Users/dragonkao/Library/Developer/CoreSimulator/Devices/115FDF0C-5A2F-4686-909B-7F43F1450A28/data/Containers/Bundle/Application/CD938C23-E082-40E4-8C70-9A8487EAA03C/NeonDrift.run.1782463407.6244.app/ <com.DefaultCompany.NeonDrift.run.1782463407.6244 <installed >:0>"
)
2026-06-26 16:44:49.311 Df SpringBoard[13125:7ceb33] [com.apple.frontboard.ApplicationLibrary:default] Removed placeholder: <SBApplicationPlaceholderProxy: 0x12eb35c80; com.DefaultCompany.NeonDrift.run.1782463407.6244 (NeonDrift.run.1782463407.6244); LSInstallType: StoreDownload>
2026-06-26 16:44:49.311 Df healthappd[13951:7ce22f] [com.apple.appinstallation:TransactionLog] com.DefaultCompany.NeonDrift.run.1782463407.6244/Unknown Persona:5:8:3:1:applicationsDidInstall <LSApplicationProxy: 0x10f89ce40> com.DefaultCompany.NeonDrift.run.1782463407.6244 file:///Users/dragonkao/Library/Developer/CoreSimulator/Devices/115FDF0C-5A2F-4686-909B-7F43F1450A28/data/Containers/Bundle/Application/CD938C23-E082-40E4-8C70-9A8487EAA03C/NeonDrift.run.1782463407.6244.app/ <com.DefaultCompany.NeonDrift.run.1782463407.6244 <installed >:0>
2026-06-26 16:44:49.311 Df SpringBoard[13125:7ceb33] [com.apple.frontboard.ApplicationLibrary:default] Regenerating application com.DefaultCompany.NeonDrift.run.1782463407.6244 due to bundle path mismatch
2026-06-26 16:44:49.311 Df SpringBoard[13125:7ceb33] [com.apple.frontboard.ApplicationLibrary:default] Removed application: <SBApplicationInfo: 0x122cf7c00; com.DefaultCompany.NeonDrift.run.1782463407.6244 (NeonDrift.run.1782463407.6244)>
2026-06-26 16:44:49.311 Df installcoordinationd[26512:7ceaf8] [com.apple.installcoordination:daemon] -[IXSDataPromise decommission]: Decommissioning <IXSPromisedTransferToPath(0x1054dd080) Name:Icon resources for com.DefaultCompany.NeonDrift.run.1782463407.6244 Creator:InstallCoordination Simple SPI UUID:C20E5C26-0219-49F9-82C9-B50D6F341348 Location:[system-defined]>
2026-06-26 16:44:49.312 Df webbookmarksd[13224:7ce1df] [com.apple.appinstallation:TransactionLog] com.DefaultCompany.NeonDrift.run.1782463407.6244/Unknown Persona:5:8:3:1:applicationsDidInstall <LSApplicationProxy: 0x101dec0c0> com.DefaultCompany.NeonDrift.run.1782463407.6244 file:///Users/dragonkao/Library/Developer/CoreSimulator/Devices/115FDF0C-5A2F-4686-909B-7F43F1450A28/data/Containers/Bundle/Application/CD938C23-E082-40E4-8C70-9A8487EAA03C/NeonDrift.run.1782463407.6244.app/ <com.DefaultCompany.NeonDrift.run.1782463407.6244 <installed >:0>
2026-06-26 16:44:49.312 Df SpringBoard[13125:7ceb33] [com.apple.frontboard.ApplicationLibrary:default] Added application: <SBApplicationInfo: 0x122cf6100; com.DefaultCompany.NeonDrift.run.1782463407.6244 (NeonDrift.run.1782463407.6244)>
2026-06-26 16:44:49.312 Df installcoordinationd[26512:7ceaf8] [com.apple.installcoordination:daemon] -[IXSDataPromise decommission]: Decommissioning <IXSPromisedInMemoryDictionary(0x1054dd280) Name:Info.plist icon content for com.DefaultCompany.NeonDrift.run.1782463407.6244 Creator:InstallCoordination Simple SPI UUID:59F0F0B4-0427-4659-B530-EE785016FED0 Location:[system-defined]>
2026-06-26 16:44:49.312 Df SpringBoard[13125:7ceb33] [com.apple.SplashBoard:FileManifest] Applications were replaced. Updating launch images for: (
    "com.DefaultCompany.NeonDrift.run.1782463407.6244"
)
2026-06-26 16:44:49.312 Df installcoordinationd[26512:7ceaf8] [com.apple.installcoordination:daemon] -[IXSDataPromise decommission]: Decommissioning <IXSPromisedInMemoryDictionary(0x1054de100) Name:Localizations for com.DefaultCompany.NeonDrift.run.1782463407.6244 Creator:InstallCoordination Simple SPI UUID:68B6EDB1-99F1-43A7-93D5-5866DF1F38DF Location:[system-defined]>
2026-06-26 16:44:49.312 Df healthd[13135:7ceb57] [com.apple.appinstallation:TransactionLog] com.DefaultCompany.NeonDrift.run.1782463407.6244/Unknown Persona:5:8:3:1:applicationsDidInstall <LSApplicationProxy: 0x101a95680> com.DefaultCompany.NeonDrift.run.1782463407.6244 file:///Users/dragonkao/Library/Developer/CoreSimulator/Devices/115FDF0C-5A2F-4686-909B-7F43F1450A28/data/Containers/Bundle/Application/CD938C23-E082-40E4-8C70-9A8487EAA03C/NeonDrift.run.1782463407.6244.app/ <com.DefaultCompany.NeonDrift.run.1782463407.6244 <installed >:0>
2026-06-26 16:44:49.312 Df gamed[13228:7cea57] [com.apple.appinstallation:TransactionLog] com.DefaultCompany.NeonDrift.run.1782463407.6244/Unknown Persona:5:8:3:1:applicationsDidInstall <LSApplicationProxy: 0x101f2c240> com.DefaultCompany.NeonDrift.run.1782463407.6244 file:///Users/dragonkao/Library/Developer/CoreSimulator/Devices/115FDF0C-5A2F-4686-909B-7F43F1450A28/data/Containers/Bundle/Application/CD938C23-E082-40E4-8C70-9A8487EAA03C/NeonDrift.run.1782463407.6244.app/ <com.DefaultCompany.NeonDrift.run.1782463407.6244 <installed >:0>
