Timestamp               Ty Process[PID:TID]
2026-06-24 01:26:07.783 Df CoreSimulatorBridge[16923:98ca0a] Request received for installation of file:///Users/dragonkao/.openclaw/workspace/382b9e3384298039b171c9b2a60ae644/NeonDrift_MVP/project/xcode_derived_data/Build/Products/Release-iphonesimulator/NeonDrift.app/ with options: {
    PackageType = Developer;
    SimulatorRootPath = "/Library/Developer/CoreSimulator/Volumes/iOS_23F77/Library/Developer/CoreSimulator/Profiles/Runtimes/iOS 26.5.simruntime/Contents/Resources/RuntimeRoot";
    SimulatorUserPath = "/Users/dragonkao/Library/Developer/CoreSimulator/Devices/CCB1E793-CED4-4FCD-BF73-321AAEA77AB9/data";
}
2026-06-24 01:26:07.783 Df CoreSimulatorBridge[16923:98ca0a] [com.apple.installcoordination:framework] +[IXAppInstallCoordinator(IXSimpleInstaller) _beginInstallForURL:forPersonaUniqueString:consumeSource:options:progressBlock:completionWithIdentity:]: Beginning install for /Users/dragonkao/.openclaw/workspace/382b9e3384298039b171c9b2a60ae644/NeonDrift_MVP/project/xcode_derived_data/Build/Products/Release-iphonesimulator/NeonDrift.app consuming source:N options:{
    IsUserInitiated = 1;
    PackageType = Developer;
} installationRequestorAuditToken: NULL
2026-06-24 01:26:07.787 Df installcoordinationd[55453:976d6a] [com.apple.installcoordination:daemon] -[IXSDataPromiseManager registerPromise:]: Registered promise <IXSPlaceholder(0x105d0c500) Name:App Placeholder: NeonDrift (com.DefaultCompany.NeonDrift) Creator:InstallCoordination Simple SPI UUID:DA58FFBC-3094-4ADB-96F0-B73FB37D5DAB Location:[system-defined]> for UUID DA58FFBC-3094-4ADB-96F0-B73FB37D5DAB
2026-06-24 01:26:07.788 Df installcoordinationd[55453:976d6a] [com.apple.installcoordination:daemon] -[IXSPlaceholder setAttributes:]: <IXSPlaceholder(0x105d0c500) Name:App Placeholder: NeonDrift (com.DefaultCompany.NeonDrift) Creator:InstallCoordination Simple SPI UUID:DA58FFBC-3094-4ADB-96F0-B73FB37D5DAB Location:[system-defined]>: setting placeholder attributes to <IXPlaceholderAttributes<0x105ca4e60> : {
    CFBundleShortVersionString = "1.0";
    CFBundleSupportedPlatforms =     (
        iPhoneSimulator
    );
    CFBundleVersion = 0;
    DTPlatformName = iphonesimulator;
    LSRequiresIPhoneOS = 1;
    MinimumOSVersion = "13.0";
    UIDeviceFamily =     (
        1,
        2
    );
    UIRequiredDeviceCapabilities =     {
        arm64 = 1;
        metal = 1;
    };
}>
2026-06-24 01:26:07.789 Df CoreSimulatorBridge[16923:9771a5] [com.apple.installcoordination:framework] +[IXPlaceholder _setEntitlementsFromBundleExecutableURL:withBundleID:client:onPlaceholder:location:error:]: Executable for com.DefaultCompany.NeonDrift at NeonDrift -- file:///Users/dragonkao/.openclaw/workspace/382b9e3384298039b171c9b2a60ae644/NeonDrift_MVP/project/xcode_derived_data/Build/Products/Release-iphonesimulator/NeonDrift.app/ had no entitlements
2026-06-24 01:26:07.789 Df CoreSimulatorBridge[16923:9771a5] [com.apple.installcoordination:framework] +[IXPlaceholder _placeholderForBundle:client:withParent:installType:metadata:placeholderType:mayBeDeltaPackage:isFromSerializedPlaceholder:location:error:]: Using full fidelity icons for com.DefaultCompany.NeonDrift at /Users/dragonkao/.openclaw/workspace/382b9e3384298039b171c9b2a60ae644/NeonDrift_MVP/project/xcode_derived_data/Build/Products/Release-iphonesimulator/NeonDrift.app
2026-06-24 01:26:07.790 Df installcoordinationd[55453:976d6a] [com.apple.installcoordination:daemon] -[IXSDataPromiseManager registerPromise:]: Registered promise <IXSPromisedTransferToPath(0x105ce6680) Name:Icon resources for com.DefaultCompany.NeonDrift Creator:InstallCoordination Simple SPI UUID:D56808FF-EA5D-42C1-BC05-67752612E1A2 Location:[system-defined]> for UUID D56808FF-EA5D-42C1-BC05-67752612E1A2
2026-06-24 01:26:07.798 Df CoreSimulatorBridge[16923:9771a5] [com.apple.installcoordination:framework] -[IXPromisedTransferToPath setComplete:]: <IXPromisedTransferToPath<0x1055cdd80> name:"Icon resources for com.DefaultCompany.NeonDrift" uuid:D56808FF-EA5D-42C1-BC05-67752612E1A2 creator:"InstallCoordination Simple SPI" location:[system-defined]> Move operation from /Users/dragonkao/Library/Developer/CoreSimulator/Devices/CCB1E793-CED4-4FCD-BF73-321AAEA77AB9/data/Containers/Shared/SystemGroup/systemgroup.com.apple.installcoordinationd/Library/InstallCoordination/PromiseStaging/D56808FF-EA5D-42C1-BC05-67752612E1A2/temp.ubCHI5 to /Users/dragonkao/Library/Developer/CoreSimulator/Devices/CCB1E793-CED4-4FCD-BF73-321AAEA77AB9/data/Containers/Shared/SystemGroup/systemgroup.com.apple.installcoordinationd/Library/InstallCoordination/PromiseStaging/D56808FF-EA5D-42C1-BC05-67752612E1A2/temp.ubCHI5 took 0.000048 seconds
2026-06-24 01:26:07.800 Df installcoordinationd[55453:976d6a] [com.apple.installcoordination:daemon] -[IXSDataPromise _setPercentComplete:saveStateIfNeeded:]: Progress: <IXSPromisedTransferToPath(0x105ce6680) Name:Icon resources for com.DefaultCompany.NeonDrift Creator:InstallCoordination Simple SPI UUID:D56808FF-EA5D-42C1-BC05-67752612E1A2 Location:[system-defined]>
2026-06-24 01:26:07.800 Df installcoordinationd[55453:9771aa] [com.apple.installcoordination:daemon] -[IXSDataPromiseManager promiseDidBegin:]: Unowned promise began: <IXSPromisedTransferToPath(0x105ce6680) Name:Icon resources for com.DefaultCompany.NeonDrift Creator:InstallCoordination Simple SPI UUID:D56808FF-EA5D-42C1-BC05-67752612E1A2 Location:[system-defined]>
2026-06-24 01:26:07.800 Df installcoordinationd[55453:9771aa] [com.apple.installcoordination:daemon] -[IXSDataPromiseManager promise:didUpdateProgress:]: Unowned promise update progress to 1.000000 : <IXSPromisedTransferToPath(0x105ce6680) Name:Icon resources for com.DefaultCompany.NeonDrift Creator:InstallCoordination Simple SPI UUID:D56808FF-EA5D-42C1-BC05-67752612E1A2 Location:[system-defined]>
2026-06-24 01:26:07.800 Df installcoordinationd[55453:976d6a] [com.apple.installcoordination:daemon] -[IXSDataPromiseManager promiseDidComplete:]: Unowned promise completed: <IXSPromisedTransferToPath(0x105ce6680) Name:Icon resources for com.DefaultCompany.NeonDrift Creator:InstallCoordination Simple SPI UUID:D56808FF-EA5D-42C1-BC05-67752612E1A2 Location:[system-defined]>
2026-06-24 01:26:07.801 Df installcoordinationd[55453:9771aa] [com.apple.installcoordination:daemon] -[IXSDataPromise _setPercentComplete:saveStateIfNeeded:]: Progress: <IXSPromisedInMemoryDictionary(0x105ce4f00) Name:Info.plist icon content for com.DefaultCompany.NeonDrift Creator:InstallCoordination Simple SPI UUID:452EEF5D-38CF-44C5-81C1-25D8CD955E66 Location:[system-defined]>
2026-06-24 01:26:07.801 Df installcoordinationd[55453:9771aa] [com.apple.installcoordination:daemon] -[IXSDataPromiseManager registerPromise:]: Registered promise <IXSPromisedInMemoryDictionary(0x105ce4f00) Name:Info.plist icon content for com.DefaultCompany.NeonDrift Creator:InstallCoordination Simple SPI UUID:452EEF5D-38CF-44C5-81C1-25D8CD955E66 Location:[system-defined]> for UUID 452EEF5D-38CF-44C5-81C1-25D8CD955E66
2026-06-24 01:26:07.801 Df installcoordinationd[55453:976d6a] [com.apple.installcoordination:daemon] -[IXSDataPromiseManager promiseDidBegin:]: Unowned promise began: <IXSPromisedInMemoryDictionary(0x105ce4f00) Name:Info.plist icon content for com.DefaultCompany.NeonDrift Creator:InstallCoordination Simple SPI UUID:452EEF5D-38CF-44C5-81C1-25D8CD955E66 Location:[system-defined]>
2026-06-24 01:26:07.801 Df installcoordinationd[55453:976d6a] [com.apple.installcoordination:daemon] -[IXSDataPromiseManager promise:didUpdateProgress:]: Unowned promise update progress to 1.000000 : <IXSPromisedInMemoryDictionary(0x105ce4f00) Name:Info.plist icon content for com.DefaultCompany.NeonDrift Creator:InstallCoordination Simple SPI UUID:452EEF5D-38CF-44C5-81C1-25D8CD955E66 Location:[system-defined]>
2026-06-24 01:26:07.801 Df installcoordinationd[55453:976d6a] [com.apple.installcoordination:daemon] -[IXSDataPromiseManager promiseDidComplete:]: Unowned promise completed: <IXSPromisedInMemoryDictionary(0x105ce4f00) Name:Info.plist icon content for com.DefaultCompany.NeonDrift Creator:InstallCoordination Simple SPI UUID:452EEF5D-38CF-44C5-81C1-25D8CD955E66 Location:[system-defined]>
2026-06-24 01:26:07.802 Df installcoordinationd[55453:9771aa] [com.apple.installcoordination:daemon] -[IXSPlaceholder setIconResourcesPromise:]: <IXSPlaceholder(0x105d0c500) Name:App Placeholder: NeonDrift (com.DefaultCompany.NeonDrift) Creator:InstallCoordination Simple SPI UUID:DA58FFBC-3094-4ADB-96F0-B73FB37D5DAB Location:[system-defined]>: setting icon resources promise to <IXSPromisedTransferToPath(0x105ce6680) Name:Icon resources for com.DefaultCompany.NeonDrift Creator:InstallCoordination Simple SPI UUID:D56808FF-EA5D-42C1-BC05-67752612E1A2 Location:[system-defined]>
2026-06-24 01:26:07.802 Df installcoordinationd[55453:9771aa] [com.apple.installcoordination:daemon] -[IXSPlaceholder setInfoPlistIconContentPromise:]: <IXSPlaceholder(0x105d0c500) Name:App Placeholder: NeonDrift (com.DefaultCompany.NeonDrift) Creator:InstallCoordination Simple SPI UUID:DA58FFBC-3094-4ADB-96F0-B73FB37D5DAB Location:[system-defined]>: setting Info.plist icon content promise to <IXSPromisedInMemoryDictionary(0x105ce4f00) Name:Info.plist icon content for com.DefaultCompany.NeonDrift Creator:InstallCoordination Simple SPI UUID:452EEF5D-38CF-44C5-81C1-25D8CD955E66 Location:[system-defined]>
2026-06-24 01:26:07.803 Df installcoordinationd[55453:9771aa] [com.apple.installcoordination:daemon] -[IXSDataPromiseManager promiseDidBegin:]: Unowned promise began: <IXSPlaceholder(0x105d0c500) Name:App Placeholder: NeonDrift (com.DefaultCompany.NeonDrift) Creator:InstallCoordination Simple SPI UUID:DA58FFBC-3094-4ADB-96F0-B73FB37D5DAB Location:[system-defined]>
2026-06-24 01:26:07.803 Df installcoordinationd[55453:9771aa] [com.apple.installcoordination:daemon] -[IXSDataPromiseManager promise:didUpdateProgress:]: Unowned promise update progress to 0.000000 : <IXSPlaceholder(0x105d0c500) Name:App Placeholder: NeonDrift (com.DefaultCompany.NeonDrift) Creator:InstallCoordination Simple SPI UUID:DA58FFBC-3094-4ADB-96F0-B73FB37D5DAB Location:[system-defined]>
2026-06-24 01:26:07.803 Df installcoordinationd[55453:9771aa] [com.apple.installcoordination:daemon] -[IXSDataPromiseManager promise:didUpdateProgress:]: Unowned promise update progress to 0.000000 : <IXSPlaceholder(0x105d0c500) Name:App Placeholder: NeonDrift (com.DefaultCompany.NeonDrift) Creator:InstallCoordination Simple SPI UUID:DA58FFBC-3094-4ADB-96F0-B73FB37D5DAB Location:[system-defined]>
2026-06-24 01:26:07.804 Df installcoordinationd[55453:9771aa] [com.apple.installcoordination:daemon] -[IXSDataPromise _setPercentComplete:saveStateIfNeeded:]: Progress: <IXSPromisedInMemoryDictionary(0x105ce5300) Name:Localizations for com.DefaultCompany.NeonDrift Creator:InstallCoordination Simple SPI UUID:87AFE4B0-B820-4C33-9BE3-8392AA3777AB Location:[system-defined]>
2026-06-24 01:26:07.804 Df installcoordinationd[55453:9771aa] [com.apple.installcoordination:daemon] -[IXSDataPromiseManager registerPromise:]: Registered promise <IXSPromisedInMemoryDictionary(0x105ce5300) Name:Localizations for com.DefaultCompany.NeonDrift Creator:InstallCoordination Simple SPI UUID:87AFE4B0-B820-4C33-9BE3-8392AA3777AB Location:[system-defined]> for UUID 87AFE4B0-B820-4C33-9BE3-8392AA3777AB
2026-06-24 01:26:07.805 Df installcoordinationd[55453:976d6a] [com.apple.installcoordination:daemon] -[IXSDataPromiseManager promiseDidBegin:]: Unowned promise began: <IXSPromisedInMemoryDictionary(0x105ce5300) Name:Localizations for com.DefaultCompany.NeonDrift Creator:InstallCoordination Simple SPI UUID:87AFE4B0-B820-4C33-9BE3-8392AA3777AB Location:[system-defined]>
2026-06-24 01:26:07.805 Df installcoordinationd[55453:976d6a] [com.apple.installcoordination:daemon] -[IXSDataPromiseManager promise:didUpdateProgress:]: Unowned promise update progress to 1.000000 : <IXSPromisedInMemoryDictionary(0x105ce5300) Name:Localizations for com.DefaultCompany.NeonDrift Creator:InstallCoordination Simple SPI UUID:87AFE4B0-B820-4C33-9BE3-8392AA3777AB Location:[system-defined]>
2026-06-24 01:26:07.805 Df installcoordinationd[55453:976d6a] [com.apple.installcoordination:daemon] -[IXSDataPromiseManager promiseDidComplete:]: Unowned promise completed: <IXSPromisedInMemoryDictionary(0x105ce5300) Name:Localizations for com.DefaultCompany.NeonDrift Creator:InstallCoordination Simple SPI UUID:87AFE4B0-B820-4C33-9BE3-8392AA3777AB Location:[system-defined]>
2026-06-24 01:26:07.805 Df installcoordinationd[55453:9771aa] [com.apple.installcoordination:daemon] -[IXSPlaceholder setLocalizationDictionaryPromise:]: <IXSPlaceholder(0x105d0c500) Name:App Placeholder: NeonDrift (com.DefaultCompany.NeonDrift) Creator:InstallCoordination Simple SPI UUID:DA58FFBC-3094-4ADB-96F0-B73FB37D5DAB Location:[system-defined]>: setting localization dict promise to <IXSPromisedInMemoryDictionary(0x105ce5300) Name:Localizations for com.DefaultCompany.NeonDrift Creator:InstallCoordination Simple SPI UUID:87AFE4B0-B820-4C33-9BE3-8392AA3777AB Location:[system-defined]>
2026-06-24 01:26:07.806 Df installcoordinationd[55453:9771aa] [com.apple.installcoordination:daemon] -[IXSDataPromiseManager promise:didUpdateProgress:]: Unowned promise update progress to 0.000000 : <IXSPlaceholder(0x105d0c500) Name:App Placeholder: NeonDrift (com.DefaultCompany.NeonDrift) Creator:InstallCoordination Simple SPI UUID:DA58FFBC-3094-4ADB-96F0-B73FB37D5DAB Location:[system-defined]>
2026-06-24 01:26:07.806 Df installcoordinationd[55453:9771aa] [com.apple.installcoordination:daemon] -[IXSPlaceholder setConfigurationComplete:]: <IXSPlaceholder(0x105d0c500) Name:App Placeholder: NeonDrift (com.DefaultCompany.NeonDrift) Creator:InstallCoordination Simple SPI UUID:DA58FFBC-3094-4ADB-96F0-B73FB37D5DAB Location:[system-defined]>: setting configuration complete to Y
2026-06-24 01:26:07.807 Df installcoordinationd[55453:9771aa] [com.apple.installcoordination:daemon] -[IXSPlaceholder _materialize]: <IXSPlaceholder(0x105d0c500) Name:App Placeholder: NeonDrift (com.DefaultCompany.NeonDrift) Creator:InstallCoordination Simple SPI UUID:DA58FFBC-3094-4ADB-96F0-B73FB37D5DAB Location:[system-defined]>: Materializing placeholder at /Users/dragonkao/Library/Developer/CoreSimulator/Devices/CCB1E793-CED4-4FCD-BF73-321AAEA77AB9/data/Containers/Shared/SystemGroup/systemgroup.com.apple.installcoordinationd/Library/InstallCoordination/PromiseStaging/DA58FFBC-3094-4ADB-96F0-B73FB37D5DAB/NeonDrift.app
2026-06-24 01:26:07.807 Df installcoordinationd[55453:9771aa] [com.apple.installcoordination:daemon] -[IXSPlaceholder _materialize]: <IXSPlaceholder(0x105d0c500) Name:App Placeholder: NeonDrift (com.DefaultCompany.NeonDrift) Creator:InstallCoordination Simple SPI UUID:DA58FFBC-3094-4ADB-96F0-B73FB37D5DAB Location:[system-defined]>: Using Info.plist icon content: {
    CFBundleIcons =     {
        CFBundlePrimaryIcon =         {
            CFBundleIconName = AppIcon;
        };
    };
    "CFBundleIcons~ipad" =     {
        CFBundlePrimaryIcon =         {
            CFBundleIconName = AppIcon;
        };
    };
    ISIconPlatform = iPhoneOS;
}
2026-06-24 01:26:07.807 Df installcoordinationd[55453:9771aa] [com.apple.installcoordination:daemon] -[IXSPlaceholder _materialize]_block_invoke: <IXSPlaceholder(0x105d0c500) Name:App Placeholder: NeonDrift (com.DefaultCompany.NeonDrift) Creator:InstallCoordination Simple SPI UUID:DA58FFBC-3094-4ADB-96F0-B73FB37D5DAB Location:[system-defined]>: Using icon resource Assets.car
2026-06-24 01:26:07.808 Df installcoordinationd[55453:9771aa] [com.apple.installcoordination:daemon] -[IXSPlaceholder _materialize]: <IXSPlaceholder(0x105d0c500) Name:App Placeholder: NeonDrift (com.DefaultCompany.NeonDrift) Creator:InstallCoordination Simple SPI UUID:DA58FFBC-3094-4ADB-96F0-B73FB37D5DAB Location:[system-defined]>: Including lproj localizations for (
)
2026-06-24 01:26:07.808 Df installcoordinationd[55453:98cc6c] [com.apple.installcoordination:daemon] -[IXSDataPromiseManager promiseDidComplete:]: Unowned promise completed: <IXSPlaceholder(0x105d0c500) Name:App Placeholder: NeonDrift (com.DefaultCompany.NeonDrift) Creator:InstallCoordination Simple SPI UUID:DA58FFBC-3094-4ADB-96F0-B73FB37D5DAB Location:[system-defined]>
2026-06-24 01:26:07.809 Df installcoordinationd[55453:9771aa] [com.apple.installcoordination:daemon] -[IXSDataPromiseManager registerPromise:]: Registered promise <IXSPromisedTransferToPath(0x105ce4f80) Name:App Asset: com.DefaultCompany.NeonDrift Creator:InstallCoordination Simple SPI UUID:6645127B-93D8-4334-9019-9684E43BC7C4 Location:[system-defined]> for UUID 6645127B-93D8-4334-9019-9684E43BC7C4
2026-06-24 01:26:07.811 Df installcoordinationd[55453:9771aa] [com.apple.installcoordination:daemon] -[IXSCoordinatorManager coordinatorForIdentity:connection:error:creatingIfNotExisting:]_block_invoke: Registered coordinator: <IXSCoordinatedAppInstall<0x105df4000> [P=CoreSimulatorBridge (pid 16923)] identifier:[com.DefaultCompany.NeonDrift/Invalid/[system-defined]] uuid:7402D5D1-031D-4D3F-ADE5-A0A1DB66A775 intent:IXCoordinatorIntentUpdating creator/appDRI:InstallCoordination Simple SPI importance:Background state:IXAppCoordinationStatePlaceholderPromiseNotSet promise-state:01234>
2026-06-24 01:26:07.811 Df installcoordinationd[55453:9771aa] [com.apple.appinstallation:TransactionLog] com.DefaultCompany.NeonDrift/Unknown Persona:4:2:1:1:Created coordinator with intent IXCoordinatorIntentUpdating for client InstallCoordination Simple SPI
2026-06-24 01:26:07.811 Df installcoordinationd[55453:9771aa] [com.apple.installcoordination:daemon] -[IXSCoordinatedAppInstall setPriorityBoostCompletion:withSourceInfo:]: <IXSCoordinatedAppInstall<0x105df4000> [P=CoreSimulatorBridge (pid 16923)] identifier:[com.DefaultCompany.NeonDrift/Invalid/[system-defined]] uuid:7402D5D1-031D-4D3F-ADE5-A0A1DB66A775 intent:IXCoordinatorIntentUpdating creator/appDRI:InstallCoordination Simple SPI importance:Background state:IXAppCoordinationStatePlaceholderPromiseNotSet promise-state:01234>: Retaining completion from CoreSimulatorBridge (16923), QOS_CLASS_DEFAULT (0x15)
2026-06-24 01:26:07.811 Df installcoordinationd[55453:9771aa] [com.apple.installcoordination:daemon] -[IXSCoordinatedAppInstall setImportance:]: <IXSCoordinatedAppInstall<0x105df4000> [P=CoreSimulatorBridge (pid 16923)] identifier:[com.DefaultCompany.NeonDrift/Invalid/[system-defined]] uuid:7402D5D1-031D-4D3F-ADE5-A0A1DB66A775 intent:IXCoordinatorIntentUpdating creator/appDRI:InstallCoordination Simple SPI importance:UserWaiting state:IXAppCoordinationStatePlaceholderPromiseNotSet promise-state:01234>: set importance to UserWaiting
2026-06-24 01:26:07.812 Df installcoordinationd[55453:9771aa] [com.apple.installcoordination:daemon] -[IXSCoordinatedAppInstall setPriorityBoostCompletion:withSourceInfo:]: <IXSCoordinatedAppInstall<0x105df4000> [P=CoreSimulatorBridge (pid 16923)] identifier:[com.DefaultCompany.NeonDrift/Invalid/[system-defined]] uuid:7402D5D1-031D-4D3F-ADE5-A0A1DB66A775 intent:IXCoordinatorIntentUpdating creator/appDRI:InstallCoordination Simple SPI importance:UserWaiting state:IXAppCoordinationStatePlaceholderPromiseNotSet promise-state:01234>: Disposing of completion from CoreSimulatorBridge (16923), QOS_CLASS_DEFAULT (0x15)
2026-06-24 01:26:07.812 Df installcoordinationd[55453:9771aa] [com.apple.installcoordination:daemon] -[IXSCoordinatedAppInstall setPriorityBoostCompletion:withSourceInfo:]: <IXSCoordinatedAppInstall<0x105df4000> [P=CoreSimulatorBridge (pid 16923)] identifier:[com.DefaultCompany.NeonDrift/Invalid/[system-defined]] uuid:7402D5D1-031D-4D3F-ADE5-A0A1DB66A775 intent:IXCoordinatorIntentUpdating creator/appDRI:InstallCoordination Simple SPI importance:UserWaiting state:IXAppCoordinationStatePlaceholderPromiseNotSet promise-state:01234>: Retaining completion from CoreSimulatorBridge (16923), QOS_CLASS_DEFAULT (0x15)
2026-06-24 01:26:07.812 Df installcoordinationd[55453:9771aa] [com.apple.installcoordination:daemon] -[IXSCoordinatedAppInstall _onQueue_fireObserversForClient:]: <IXSCoordinatedAppInstall<0x105df4000> [P=CoreSimulatorBridge (pid 16923)] identifier:[com.DefaultCompany.NeonDrift/Invalid/[system-defined]] uuid:7402D5D1-031D-4D3F-ADE5-A0A1DB66A775 intent:IXCoordinatorIntentUpdating creator/appDRI:InstallCoordination Simple SPI importance:UserWaiting state:IXAppCoordinationStatePlaceholderPromiseNotSet promise-state:01234>: Firing applicable observers for client <IXSClientConnection<0x105c44480> client:CoreSimulatorBridge (pid 16923) uuid:807850CD-602B-4881-A92F-9CDF1896469D>
2026-06-24 01:26:07.812 Df CoreSimulatorBridge[16923:98cc6a] [com.apple.installcoordination:framework] -[IXAppInstallCoordinator _clientDelegate_didRegisterForObservation]: <IXUpdatingAppInstallCoordinator<0x1055cdbc0> identity:[com.DefaultCompany.NeonDrift/Invalid/[system-defined]] uuid:7402D5D1-031D-4D3F-ADE5-A0A1DB66A775 creator:InstallCoordination Simple SPI>: Got observer registration delegate
2026-06-24 01:26:07.812 Df CoreSimulatorBridge[16923:98cc6a] [com.apple.installcoordination:framework] -[IXAppInstallCoordinator _clientDelegate_didRegisterForObservation]_block_invoke: <IXUpdatingAppInstallCoordinator<0x1055cdbc0> identity:[com.DefaultCompany.NeonDrift/Invalid/[system-defined]] uuid:7402D5D1-031D-4D3F-ADE5-A0A1DB66A775 creator:InstallCoordination Simple SPI>: Observer <_IXSimpleInstallerDelegate 0x0x1055d4900> does not respond to coordinatorDidRegisterForObservation:
2026-06-24 01:26:07.813 Df CoreSimulatorBridge[16923:98cc6a] [com.apple.installcoordination:framework] -[IXAppInstallCoordinator _clientDelegate_shouldResume]: <IXUpdatingAppInstallCoordinator<0x1055cdbc0> identity:[com.DefaultCompany.NeonDrift/Invalid/[system-defined]] uuid:7402D5D1-031D-4D3F-ADE5-A0A1DB66A775 creator:InstallCoordination Simple SPI>: Got should resume delegate
2026-06-24 01:26:07.813 Df CoreSimulatorBridge[16923:98cc6a] [com.apple.installcoordination:framework] -[IXAppInstallCoordinator _clientDelegate_shouldResume]_block_invoke: <IXUpdatingAppInstallCoordinator<0x1055cdbc0> identity:[com.DefaultCompany.NeonDrift/Invalid/[system-defined]] uuid:7402D5D1-031D-4D3F-ADE5-A0A1DB66A775 creator:InstallCoordination Simple SPI>: Observer <_IXSimpleInstallerDelegate 0x0x1055d4900> does not respond to coordinatorShouldResume:
2026-06-24 01:26:07.814 Df installcoordinationd[55453:9771aa] [com.apple.installcoordination:daemon] -[IXSCoordinatedAppInstall _internal_setInstallOptionsPromise:performExternalActions:]: <IXSCoordinatedAppInstall<0x105df4000> [P=CoreSimulatorBridge (pid 16923)] identifier:[com.DefaultCompany.NeonDrift/Invalid/[system-defined]] uuid:7402D5D1-031D-4D3F-ADE5-A0A1DB66A775 intent:IXCoordinatorIntentUpdating creator/appDRI:InstallCoordination Simple SPI importance:UserWaiting state:IXAppCoordinationStatePlaceholderPromiseNotSet promise-state:012I4> : install options set: <IXSPromisedInMemoryData(0x105ce5980) Name:MIInstallOptions data Creator:Install Coordination Internal UUID:9C2ED9AB-9B52-468F-9BBD-CCE5E2EF439F Location:[system-defined]>
2026-06-24 01:26:07.814 Df installcoordinationd[55453:976d6a] [com.apple.installcoordination:daemon] -[IXSCoordinatedAppInstall promiseDidComplete:]: <IXSCoordinatedAppInstall<0x105df4000> [P=CoreSimulatorBridge (pid 16923)] identifier:[com.DefaultCompany.NeonDrift/Invalid/[system-defined]] uuid:7402D5D1-031D-4D3F-ADE5-A0A1DB66A775 intent:IXCoordinatorIntentUpdating creator/appDRI:InstallCoordination Simple SPI importance:UserWaiting state:IXAppCoordinationStatePlaceholderPromiseNotSet promise-state:012I4> : Promise completed: <IXSPromisedInMemoryData(0x105ce5980) Name:MIInstallOptions data Creator:Install Coordination Internal UUID:9C2ED9AB-9B52-468F-9BBD-CCE5E2EF439F Location:[system-defined]>
2026-06-24 01:26:07.814 Df installcoordinationd[55453:976d6a] [com.apple.appinstallation:TransactionLog] com.DefaultCompany.NeonDrift/Unknown Persona:4:13:1:1:Install Options Promise began. Coordinator State: IXAppCoordinationStatePlaceholderPromiseNotSet
2026-06-24 01:26:07.814 Df installcoordinationd[55453:976d6a] [com.apple.appinstallation:TransactionLog] com.DefaultCompany.NeonDrift/Unknown Persona:4:13:2:1:Install Options Promise completed. Coordinator State: IXAppCoordinationStatePlaceholderPromiseNotSet
2026-06-24 01:26:07.815 Df installcoordinationd[55453:98cc6c] [com.apple.installcoordination:daemon] -[IXSCoordinatedAppInstall _internal_setAppAssetPromise:performExternalActions:]: <IXSCoordinatedAppInstall<0x105df4000> [P=CoreSimulatorBridge (pid 16923)] identifier:[com.DefaultCompany.NeonDrift/Invalid/[system-defined]] uuid:7402D5D1-031D-4D3F-ADE5-A0A1DB66A775 intent:IXCoordinatorIntentUpdating creator/appDRI:InstallCoordination Simple SPI importance:UserWaiting state:IXAppCoordinationStatePlaceholderPromiseNotSet promise-state:0a2I4> : App Asset Promise set: <IXSPromisedTransferToPath(0x105ce4f80) Name:App Asset: com.DefaultCompany.NeonDrift Creator:InstallCoordination Simple SPI UUID:6645127B-93D8-4334-9019-9684E43BC7C4 Location:[system-defined]>
2026-06-24 01:26:07.815 Df installcoordinationd[55453:98cc6c] [com.apple.installcoordination:daemon] -[IXSCoordinatedAppInstall setInitialODRAssetPromises:]: <IXSCoordinatedAppInstall<0x105df4000> [P=CoreSimulatorBridge (pid 16923)] identifier:[com.DefaultCompany.NeonDrift/Invalid/[system-defined]] uuid:7402D5D1-031D-4D3F-ADE5-A0A1DB66A775 intent:IXCoordinatorIntentUpdating creator/appDRI:InstallCoordination Simple SPI importance:UserWaiting state:IXAppCoordinationStatePlaceholderPromiseNotSet promise-state:0a2I4> : Initial ODR Asset Promises set: (
)
2026-06-24 01:26:07.816 Df CoreSimulatorBridge[16923:9771a5] [com.apple.installcoordination:framework] -[IXPromisedTransferToPath _performDeltaCopyFrom:toDestination:]: Performing delta copy from /Users/dragonkao/.openclaw/workspace/382b9e3384298039b171c9b2a60ae644/NeonDrift_MVP/project/xcode_derived_data/Build/Products/Release-iphonesimulator/NeonDrift.app to /Users/dragonkao/Library/Developer/CoreSimulator/Devices/CCB1E793-CED4-4FCD-BF73-321AAEA77AB9/data/Containers/Shared/SystemGroup/systemgroup.com.apple.installcoordinationd/Library/InstallCoordination/PromiseStaging/6645127B-93D8-4334-9019-9684E43BC7C4/NeonDrift.app with installed bundle at /Users/dragonkao/Library/Developer/CoreSimulator/Devices/CCB1E793-CED4-4FCD-BF73-321AAEA77AB9/data/Containers/Bundle/Application/1392F692-4382-4520-82EC-A786A369D13E/NeonDrift.app
2026-06-24 01:26:07.816 Df CoreSimulatorBridge[16923:9771a5] (MobileSystemServices) 0x16dad3000 MDMCreateDeltaDirectory: calling MDMDirectoryDiff with:
state->old_bundle: /Users/dragonkao/Library/Developer/CoreSimulator/Devices/CCB1E793-CED4-4FCD-BF73-321AAEA77AB9/data/Containers/Bundle/Application/1392F692-4382-4520-82EC-A786A369D13E/NeonDrift.app
state->new_bundle: /Users/dragonkao/.openclaw/workspace/382b9e3384298039b171c9b2a60ae644/NeonDrift_MVP/project/xcode_derived_data/Build/Products/Release-iphonesimulator/NeonDrift.app
state->dst_bundle: /Users/dragonkao/Library/Developer/CoreSimulator/Devices/CCB1E793-CED4-4FCD-BF73-321AAEA77AB9/data/Containers/Shared/SystemGroup/systemgroup.com.apple.installcoordinationd/Library/InstallCoordination/PromiseStaging/6645127B-93D8-4334-9019-9684E43BC7C4/NeonDrift.app/Payload//NeonDrift.app, binaryDiff flag: FALSE
	dst_ipa: /Users/dragonkao/Library/Developer/CoreSimulator/Devices/CCB1E793-CED4-4FCD-BF73-321AAEA77AB9/data/Containers/Shared/SystemGroup/systemgroup.com.apple.installcoordinationd/Library/InstallCoordination/PromiseStaging/66451<…>
2026-06-24 01:26:07.933 Df CoreSimulatorBridge[16923:9771a5] [com.apple.installcoordination:framework] -[IXPromisedTransferToPath setComplete:]: <IXPromisedTransferToPath<0x1055cde80> name:"App Asset: com.DefaultCompany.NeonDrift" uuid:6645127B-93D8-4334-9019-9684E43BC7C4 creator:"InstallCoordination Simple SPI" location:[system-defined]> Delta Copy operation from /Users/dragonkao/.openclaw/workspace/382b9e3384298039b171c9b2a60ae644/NeonDrift_MVP/project/xcode_derived_data/Build/Products/Release-iphonesimulator/NeonDrift.app to /Users/dragonkao/Library/Developer/CoreSimulator/Devices/CCB1E793-CED4-4FCD-BF73-321AAEA77AB9/data/Containers/Shared/SystemGroup/systemgroup.com.apple.installcoordinationd/Library/InstallCoordination/PromiseStaging/6645127B-93D8-4334-9019-9684E43BC7C4/NeonDrift.app took 0.117776 seconds
2026-06-24 01:26:07.934 Df installcoordinationd[55453:98cc6c] [com.apple.installcoordination:daemon] -[IXSDataPromise _setPercentComplete:saveStateIfNeeded:]: Progress: <IXSPromisedTransferToPath(0x105ce4f80) Name:App Asset: com.DefaultCompany.NeonDrift Creator:InstallCoordination Simple SPI UUID:6645127B-93D8-4334-9019-9684E43BC7C4 Location:[system-defined]>
2026-06-24 01:26:07.934 Df installcoordinationd[55453:976d6a] [com.apple.appinstallation:TransactionLog] com.DefaultCompany.NeonDrift/Unknown Persona:4:10:1:1:App Asset Promise began. Coordinator State: IXAppCoordinationStatePlaceholderPromiseNotSet
2026-06-24 01:26:07.934 Df CoreSimulatorBridge[16923:98cc6a] [com.apple.installcoordination:framework] -[IXAppInstallCoordinator _clientDelegate_promiseDidBeginFulfillmentWithIdentifier:]: <IXUpdatingAppInstallCoordinator<0x1055cdbc0> identity:[com.DefaultCompany.NeonDrift/Invalid/[system-defined]] uuid:7402D5D1-031D-4D3F-ADE5-A0A1DB66A775 creator:InstallCoordination Simple SPI>: Got promise did begin fulfillment for identifier 2
2026-06-24 01:26:07.934 Df installcoordinationd[55453:9771aa] [com.apple.installcoordination:daemon] -[IXSCoordinatedAppInstall promiseDidComplete:]: <IXSCoordinatedAppInstall<0x105df4000> [P=CoreSimulatorBridge (pid 16923)] identifier:[com.DefaultCompany.NeonDrift/Invalid/[system-defined]] uuid:7402D5D1-031D-4D3F-ADE5-A0A1DB66A775 intent:IXCoordinatorIntentUpdating creator/appDRI:InstallCoordination Simple SPI importance:UserWaiting state:IXAppCoordinationStatePlaceholderPromiseNotSet promise-state:0A2I4> : Promise completed: <IXSPromisedTransferToPath(0x105ce4f80) Name:App Asset: com.DefaultCompany.NeonDrift Creator:InstallCoordination Simple SPI UUID:6645127B-93D8-4334-9019-9684E43BC7C4 Location:[system-defined]>
2026-06-24 01:26:07.934 Df CoreSimulatorBridge[16923:98cc6a] [com.apple.installcoordination:framework] -[IXAppInstallCoordinator _clientDelegate_promiseDidBeginFulfillmentWithIdentifier:]_block_invoke: <IXUpdatingAppInstallCoordinator<0x1055cdbc0> identity:[com.DefaultCompany.NeonDrift/Invalid/[system-defined]] uuid:7402D5D1-031D-4D3F-ADE5-A0A1DB66A775 creator:InstallCoordination Simple SPI>: Observer <_IXSimpleInstallerDelegate 0x0x1055d4900> does not respond to coordinator:configuredPromiseDidBeginFulfillment: (or any deprecated equivalent)
2026-06-24 01:26:07.934 Df CoreSimulatorBridge[16923:98cc6b] [com.apple.installcoordination:framework] -[IXAppInstallCoordinator _clientDelegate_didUpdateProgress:forPhase:overallProgress:]: <IXUpdatingAppInstallCoordinator<0x1055cdbc0> identity:[com.DefaultCompany.NeonDrift/Invalid/[system-defined]] uuid:7402D5D1-031D-4D3F-ADE5-A0A1DB66A775 creator:InstallCoordination Simple SPI>: Got did update progress delegate with percentComplete 100.000000 phase IXCoordinatorProgressPhaseLoading overallProgress 60.000000
2026-06-24 01:26:07.934 Df CoreSimulatorBridge[16923:98cc6b] [com.apple.installcoordination:framework] -[IXAppInstallCoordinator _clientDelegate_didUpdateProgress:forPhase:overallProgress:]_block_invoke: <IXUpdatingAppInstallCoordinator<0x1055cdbc0> identity:[com.DefaultCompany.NeonDrift/Invalid/[system-defined]] uuid:7402D5D1-031D-4D3F-ADE5-A0A1DB66A775 creator:InstallCoordination Simple SPI>: Calling selector coordinator:didUpdateProgress:forPhase:overallProgress: on observer <_IXSimpleInstallerDelegate 0x0x1055d4900>
2026-06-24 01:26:07.935 Df installcoordinationd[55453:98cc76] [com.apple.appinstallation:TransactionLog] com.DefaultCompany.NeonDrift/Unknown Persona:4:10:2:1:App Asset Promise completed. Coordinator State: IXAppCoordinationStatePlaceholderPromiseNotSet
2026-06-24 01:26:07.935 Df installcoordinationd[55453:98cc6c] [com.apple.installcoordination:daemon] -[IXSCoordinatedAppInstall setPlaceholderPromise:]: <IXSCoordinatedAppInstall<0x105df4000> [P=CoreSimulatorBridge (pid 16923)] identifier:[com.DefaultCompany.NeonDrift/Invalid/[system-defined]] uuid:7402D5D1-031D-4D3F-ADE5-A0A1DB66A775 intent:IXCoordinatorIntentUpdating creator/appDRI:InstallCoordination Simple SPI importance:UserWaiting state:IXAppCoordinationStateReadyForPlaceholderInstall promise-state:PA2I4> : Placeholder Promise set: <IXSPlaceholder(0x105d0c500) Name:App Placeholder: NeonDrift (com.DefaultCompany.NeonDrift) Creator:InstallCoordination Simple SPI UUID:DA58FFBC-3094-4ADB-96F0-B73FB37D5DAB Location:[system-defined]>
2026-06-24 01:26:07.935 Df installcoordinationd[55453:98cc76] [com.apple.installcoordination:daemon] -[IXSCoordinatedAppInstall promiseDidComplete:]: <IXSCoordinatedAppInstall<0x105df4000> [P=CoreSimulatorBridge (pid 16923)] identifier:[com.DefaultCompany.NeonDrift/Invalid/[system-defined]] uuid:7402D5D1-031D-4D3F-ADE5-A0A1DB66A775 intent:IXCoordinatorIntentUpdating creator/appDRI:InstallCoordination Simple SPI importance:UserWaiting state:IXAppCoordinationStateReadyForPlaceholderInstall promise-state:PA2I4> : Promise completed: <IXSPlaceholder(0x105d0c500) Name:App Placeholder: NeonDrift (com.DefaultCompany.NeonDrift) Creator:InstallCoordination Simple SPI UUID:DA58FFBC-3094-4ADB-96F0-B73FB37D5DAB Location:[system-defined]>
2026-06-24 01:26:07.935 Df installcoordinationd[55453:98cc6c] [com.apple.installcoordination:daemon] -[IXSCoordinatedAppInstall _onQueue_acquireAssertionAndInstallPlaceholder]: Acquiring termination assertion to install placeholder for [com.DefaultCompany.NeonDrift/Invalid/[system-defined]]
2026-06-24 01:26:07.935 Df installcoordinationd[55453:98cc6c] [com.apple.installcoordination:daemon] -[IXSPendingOperationsTracker beginPendingOperationForIdentity:]_block_invoke: Beginning pending operation for [com.DefaultCompany.NeonDrift/Invalid/[system-defined]]
2026-06-24 01:26:07.936 Df installcoordinationd[55453:976d6a] [com.apple.runningboard:process] Hit the server for a process handle 1c096f220000da9d that resolved to: [app<com.DefaultCompany.NeonDrift((null))>:55965]
2026-06-24 01:26:07.936 Df runningboardd[16896:98cc79] [com.apple.runningboard:connection] Received termination request from [osservice<com.apple.installcoordinationd>:55453] on <RBSProcessPredicate <RBSProcessBundleIdentifierPredicate "com.DefaultCompany.NeonDrift">> with context <RBSTerminateContext| explanation:installcoordinationd app:[com.DefaultCompany.NeonDrift/Invalid/[system-defined]] uuid:7402D5D1-031D-4D3F-ADE5-A0A1DB66A775 isPlaceholder:Y reportType:None maxTerminationResistance:Absolute attrs:[
	<RBSPreventLaunchLimitation| <RBSProcessPredicate <RBSProcessBundleIdentifierPredicate "com.DefaultCompany.NeonDrift">> allow:(null)>
	]>
2026-06-24 01:26:07.936 Df installcoordinationd[55453:976d6a] [com.apple.runningboard:monitor] Received state update for 55965 (app<com.DefaultCompany.NeonDrift((null))>, running-active-NotVisible
2026-06-24 01:26:07.936 Df runningboardd[16896:98cc79] [com.apple.runningboard:general] Found 0 extensions contained in com.DefaultCompany.NeonDrift
2026-06-24 01:26:07.936 Df runningboardd[16896:98cc79] [com.apple.PlugInKit:holds] <PKManager:0x107069940> hold request for [/Users/dragonkao/Library/Developer/CoreSimulator/Devices/CCB1E793-CED4-4FCD-BF73-321AAEA77AB9/data/Containers/Bundle/Application/1392F692-4382-4520-82EC-A786A369D13E/NeonDrift.app] with flags: 0x4
2026-06-24 01:26:07.937 Df NeonDrift[55965:97738e] [com.apple.PlugInKit:discovery] Annotations changed, re-performing query for continuous discovery, report block = <0x116137b40>.
2026-06-24 01:26:07.937 Df NeonDrift[55965:97738e] [com.apple.PlugInKit:discovery] [d 43D82861-99BC-4CAD-8E34-4B1C1729F418] <PKHost:0x1161304c0> Beginning discovery for flags: 0, point: com.apple.AudioUnit
2026-06-24 01:26:07.937 Df NeonDrift[55965:97738e] [com.apple.PlugInKit:discovery] Annotations changed, re-performing query for continuous discovery, report block = <0x116088150>.
2026-06-24 01:26:07.937 Df NeonDrift[55965:97738e] [com.apple.PlugInKit:discovery] [d 2B4171BC-2C75-41CE-971D-302CEF54C639] <PKHost:0x1161304c0> Beginning discovery for flags: 0, point: com.apple.AudioUnit-Speech
2026-06-24 01:26:07.937 Df runningboardd[16896:98cc79] [com.apple.PlugInKit:holds] <PKManager:0x107069940> hold request for [/Users/dragonkao/Library/Developer/CoreSimulator/Devices/CCB1E793-CED4-4FCD-BF73-321AAEA77AB9/data/Containers/Bundle/Application/1392F692-4382-4520-82EC-A786A369D13E/NeonDrift.app] with flags: 0x4 completed with hold token: [79D17DD2-6DD3-4F19-A950-4A25D87E8F38]
2026-06-24 01:26:07.937 Df NeonDrift[55965:97738e] [com.apple.PlugInKit:discovery] Annotations changed, re-performing query for continuous discovery, report block = <0x116137d80>.
2026-06-24 01:26:07.937 Df NeonDrift[55965:97738e] [com.apple.PlugInKit:discovery] [d 3F47990A-44E1-4992-96C6-B5FC950E1E66] <PKHost:0x1161304c0> Beginning discovery for flags: 0, point: com.apple.AudioUnit-UI
2026-06-24 01:26:07.937 Df runningboardd[16896:98cc79] [com.apple.runningboard:ttl] Acquiring assertion targeting system from originator [osservice<com.apple.installcoordinationd>:55453] with description <RBSAssertionDescriptor| "installcoordinationd app:[com.DefaultCompany.NeonDrift/Invalid/[system-defined]] uuid:7402D5D1-031D-4D3F-ADE5-A0A1DB66A775 isPlaceholder:Y" ID:16896-55453-10415 target:system attributes:[
	<RBSPreventLaunchLimitation| <RBSProcessPredicate <RBSProcessBundleIdentifierPredicate "com.DefaultCompany.NeonDrift">> allow:(null)>
	]>
2026-06-24 01:26:07.938 Df runningboardd[16896:98cc79] [com.apple.runningboard:process] Executing termination request for: <RBSProcessPredicate <RBSProcessBundleIdentifierPredicate "com.DefaultCompany.NeonDrift">>
2026-06-24 01:26:07.938 Df SpringBoard[16891:643be3] [com.apple.SpringBoard:Common] termination assertion acquired for com.DefaultCompany.NeonDrift
2026-06-24 01:26:07.938 Df SpringBoard[16891:643be3] [com.apple.SpringBoard:Icon] 0x10a554000-SBApplicationIcon Data source did change: <SBApplication: 0x1252d5600; com.DefaultCompany.NeonDrift> {
    processState = <SBApplicationProcessState: 0x121ee1500; pid: 55965; taskState: Running; visibility: Foreground>;
} (SBApplication)
2026-06-24 01:26:07.939 Df runningboardd[16896:98cc79] [com.apple.runningboard:process] [app<com.DefaultCompany.NeonDrift((null))>:55965] Terminating with context: <RBSTerminateContext| explanation:installcoordinationd app:[com.DefaultCompany.NeonDrift/Invalid/[system-defined]] uuid:7402D5D1-031D-4D3F-ADE5-A0A1DB66A775 isPlaceholder:Y reportType:None maxTerminationResistance:Absolute attrs:[
	<RBSPreventLaunchLimitation| <RBSProcessPredicate <RBSProcessBundleIdentifierPredicate "com.DefaultCompany.NeonDrift">> allow:(null)>
	]>
2026-06-24 01:26:07.940 Df runningboardd[16896:98cc79] [com.apple.runningboard:process] [app<com.DefaultCompany.NeonDrift((null))>:55965] terminate_with_reason() success
2026-06-24 01:26:07.940 Df installcoordinationd[55453:98cc6c] [com.apple.runningboard:assertion] Setting up death monitor for [app<com.DefaultCompany.NeonDrift((null))>:55965]
2026-06-24 01:26:07.940 Df installcoordinationd[55453:98cc6c] [com.apple.runningboard:process] Starting death monitoring for handle [app<com.DefaultCompany.NeonDrift((null))>:55965]
2026-06-24 01:26:07.941 Df installcoordinationd[55453:976d6a] [com.apple.appinstallation:TransactionLog] com.DefaultCompany.NeonDrift/Unknown Persona:4:9:1:1:Placeholder Promise began. Coordinator State: IXAppCoordinationStateWaitingForPlaceholderAssertion
2026-06-24 01:26:07.941 Df installcoordinationd[55453:976d6a] [com.apple.installcoordination:daemon] -[IXSCoordinatorProgress setTotalUnitsCompleted:]: Progress for coordinator: [com.DefaultCompany.NeonDrift/Invalid/[system-defined]], Phase: IXCoordinatorProgressPhaseLoading, Percentage: 100.000000: Attempt to set units completed on finished progress: 100
2026-06-24 01:26:07.942 Df SpringBoard[16891:98cc80] [com.apple.FrontBoard:ProcessWorkspace] [app<com.DefaultCompany.NeonDrift>:55965] Workspace connection invalidated.
2026-06-24 01:26:07.942 Df SpringBoard[16891:98cc80] [com.apple.FrontBoard:Process] [app<com.DefaultCompany.NeonDrift>:55965] Now flagged as pending exit for reason: workspace client connection invalidated
2026-06-24 01:26:07.942 Df backboardd[16914:98cc82] [com.apple.iohid:default] Connection removed: IOHIDEventSystemConnection uuid:0440D994-B3AB-413F-814C-D801BACCE463 pid:55965 process:NeonDrift type:Passive entitlements:0x0 caller:BackBoardServices: ___getHIDEventSystemClient_block_invoke + 296 attributes:{
    HighFrequency = 0;
    bundleID = "com.DefaultCompany.NeonDrift";
    pid = 55965;
} state:0x1 events:0 mask:0x0 dropped:0 dropStatus:0 droppedMask:0x0 lastDroppedTime:NONE
2026-06-24 01:26:07.942 Df backboardd[16914:98cc83] [com.apple.iohid:default] Connection removed: IOHIDEventSystemConnection uuid:F68977D2-4E29-4D25-A796-B2FCC1F0B3B5 pid:55965 process:NeonDrift type:Monitor entitlements:0x0 caller:GameControllerFoundation: -[GCHIDEventSystemClient initWithQueue:type:attributes:functions:] + 116 attributes:(null) state:0x1 events:0 mask:0x0 dropped:0 dropStatus:0 droppedMask:0x0 lastDroppedTime:NONE
2026-06-24 01:26:07.942 Df backboardd[16914:98cc82] [com.apple.BackBoard:HID] Removing client connection <BKHIDClientConnection: 0x10dd3e100; IOHIDEventSystemConnectionRef: 0x105ebce00; vpid: 55965(v1991D2); taskPort: 0x20C7B; bundleID: com.DefaultCompany.NeonDrift> for client: IOHIDEventSystemConnection uuid:0440D994-B3AB-413F-814C-D801BACCE463 pid:55965 process:NeonDrift type:Passive entitlements:0x0 caller:BackBoardServices: ___getHIDEventSystemClient_block_invoke + 296 attributes:{
    HighFrequency = 0;
    bundleID = "com.DefaultCompany.NeonDrift";
    pid = 55965;
} state:0x1 events:0 mask:0x0 dropped:0 dropStatus:0 droppedMask:0x0 lastDroppedTime:NONE source:HID
2026-06-24 01:26:07.942 Df installcoordinationd[55453:976d6a] [com.apple.appinstallation:TransactionLog] com.DefaultCompany.NeonDrift/Unknown Persona:4:9:2:1:Placeholder Promise completed. Coordinator State: IXAppCoordinationStateWaitingForPlaceholderAssertion
2026-06-24 01:26:07.942 Df SpringBoard[16891:98cc81] [com.apple.KeyboardArbiter:Handle] com.DefaultCompany.NeonDrift(55965) lostConnection (invalidation)
2026-06-24 01:26:07.943 Df SpringBoard[16891:98cc81] [com.apple.KeyboardArbiter:Handle] RX com.DefaultCompany.NeonDrift(55965) setWindowContextID:0 windowState:Disabled level:0.0
    focusContext:(null)
2026-06-24 01:26:07.943 Df SpringBoard[16891:643be3] [com.apple.SpringBoard:KeyboardFocus] [coordinator] using MRU target <com.apple.frontboard.systemappservices/FBSceneManager:sceneID%3Acom.DefaultCompany.NeonDrift-default pid:55965>
2026-06-24 01:26:07.943 Df CoreSimulatorBridge[16923:98cc6b] [com.apple.installcoordination:framework] -[IXAppInstallCoordinator _clientDelegate_promiseDidBeginFulfillmentWithIdentifier:]: <IXUpdatingAppInstallCoordinator<0x1055cdbc0> identity:[com.DefaultCompany.NeonDrift/Invalid/[system-defined]] uuid:7402D5D1-031D-4D3F-ADE5-A0A1DB66A775 creator:InstallCoordination Simple SPI>: Got promise did begin fulfillment for identifier 1
2026-06-24 01:26:07.943 Df SpringBoard[16891:643be3] [com.apple.SpringBoard:KeyboardFocus] [coordinator] informing scene controller 'com.apple.springboard' of focusTarget: <com.apple.frontboard.systemappservices/FBSceneManager:sceneID%3Acom.DefaultCompany.NeonDrift-default pid:55965>
2026-06-24 01:26:07.943 Df CoreSimulatorBridge[16923:98cc6b] [com.apple.installcoordination:framework] -[IXAppInstallCoordinator _clientDelegate_promiseDidBeginFulfillmentWithIdentifier:]_block_invoke: <IXUpdatingAppInstallCoordinator<0x1055cdbc0> identity:[com.DefaultCompany.NeonDrift/Invalid/[system-defined]] uuid:7402D5D1-031D-4D3F-ADE5-A0A1DB66A775 creator:InstallCoordination Simple SPI>: Observer <_IXSimpleInstallerDelegate 0x0x1055d4900> does not respond to coordinator:configuredPromiseDidBeginFulfillment: (or any deprecated equivalent)
2026-06-24 01:26:07.943 Df SpringBoard[16891:643be3] [com.apple.SpringBoard:KeyboardFocus] [coordinator] keyboard arbiter suggested <nothing> and we replied <com.apple.frontboard.systemappservices/FBSceneManager:sceneID%3Acom.DefaultCompany.NeonDrift-default pid:55965>
2026-06-24 01:26:07.943 E  SpringBoard[16891:98cc8a] [com.apple.UIKit:KeyboardArbiter] Advisor: No handle found for currently focused PID: 55965; sceneIdentity: com.apple.frontboard.systemappservices/FBSceneManager:sceneID%3Acom.DefaultCompany.NeonDrift-default
2026-06-24 01:26:07.943 Df backboardd[16914:979726] [com.apple.BackBoard:EventDelivery] chain did update (setDeferringRules) <keyboardFocus; display: null> containsEndOfChain: YES; [
    <token: com.apple.frontboard.systemappservices/FBSceneManager:com.apple.springboard; pid: 16891>,
    <token: com.apple.frontboard.systemappservices/FBSceneManager:sceneID%3Acom.DefaultCompany.NeonDrift-default; pid: 55965>
]
2026-06-24 01:26:07.944 Df backboardd[16914:979726] [com.apple.BackBoard:EventDelivery] chain did update (setDeferringRules) <keyboardFocus; display: builtin> containsEndOfChain: YES; [
    <token: com.apple.frontboard.systemappservices/FBSceneManager:com.apple.springboard; pid: 16891>,
    <token: com.apple.frontboard.systemappservices/FBSceneManager:sceneID%3Acom.DefaultCompany.NeonDrift-default; pid: 55965>
]
2026-06-24 01:26:07.956 Df launchd_sim[16886:98be8a] [user/501/UIKitApplication:com.DefaultCompany.NeonDrift[0419][rb-legacy] [55965]:] exited with exit reason (namespace: 15 code: 0x0) - OS_REASON_RUNNINGBOARD | <RBSTerminateContext| explanation:installcoordinationd app:[com.DefaultCompany.NeonDrift/Invalid/[system-defined]] uuid:7402D5D1-031D-4D3F-ADE5-A0A1DB66A775 isPlaceholder:Y reportType:None maxTerminationResistance:Absolute attrs:[
	<RBSPreventLaunchLimitation| <RBSProcessPredicate <RBSProcessBundleIdentifierPredicate "com.DefaultCompany.NeonDrift">> allow:(null)>
	]>, ran for 1109156ms
2026-06-24 01:26:07.956 Df launchd_sim[16886:98be8a] [user/501:] service inactive: UIKitApplication:com.DefaultCompany.NeonDrift[0419][rb-legacy]
2026-06-24 01:26:07.960 Df runningboardd[16896:98cc79] [com.apple.runningboard:ttl] [app<com.DefaultCompany.NeonDrift((null))>:55965] termination reported by launchd (15, 0, 9)
2026-06-24 01:26:07.960 Df runningboardd[16896:98cc79] [com.apple.runningboard:process] Removing process: [app<com.DefaultCompany.NeonDrift((null))>:55965]
2026-06-24 01:26:07.961 Df runningboardd[16896:98cc79] [com.apple.runningboard:job] Removing launch job for: [app<com.DefaultCompany.NeonDrift((null))>:55965]
2026-06-24 01:26:07.961 Df launchd_sim[16886:98ca6d] [user/501:] removing service: UIKitApplication:com.DefaultCompany.NeonDrift[0419][rb-legacy]
2026-06-24 01:26:07.961 Df runningboardd[16896:98cc79] [com.apple.runningboard:job] Removed job for [app<com.DefaultCompany.NeonDrift((null))>:55965]
2026-06-24 01:26:07.961 Df runningboardd[16896:98cc79] [com.apple.runningboard:process] Removing assertions for terminated process: [app<com.DefaultCompany.NeonDrift((null))>:55965]
2026-06-24 01:26:07.961 Df runningboardd[16896:98cc79] [com.apple.runningboard:assertion] Removed last relative-start-date-defining assertion for process app<com.DefaultCompany.NeonDrift((null))>
2026-06-24 01:26:07.962 Df runningboardd[16896:98ccb6] [com.apple.runningboard:process] Notifying connection [osservice<com.apple.SpringBoard>:16891] that process [app<com.DefaultCompany.NeonDrift((null))>:55965] exited with context <RBSProcessExitContext| specific, status:<RBSProcessExitStatus| domain:runningboard(15) code:0>>
2026-06-24 01:26:07.962 Df runningboardd[16896:98cc7b] [com.apple.runningboard:monitor] Calculated state for app<com.DefaultCompany.NeonDrift((null))>: none (role: None) (endowments: (null))
2026-06-24 01:26:07.962 Df runningboardd[16896:98ccb8] [com.apple.runningboard:connection] Inheritance changeset: <RBSInheritanceChangeSet| gained:(null) lost:{(
    <RBSInheritance| environment:(none) name:com.apple.frontboard.visibility origID:16896-16891-10329 0>,
    <RBSInheritance| environment:UIScene:com.apple.frontboard.systemappservices/FBSceneManager:sceneID%3Acom.DefaultCompany.NeonDrift-default name:com.apple.frontboard.visibility origID:16896-16891-10333 payload 15463113259460807867>
)}>
2026-06-24 01:26:07.962 Df runningboardd[16896:98ccb6] [com.apple.runningboard:process] Notifying connection [osservice<com.apple.installcoordinationd>:55453] that process [app<com.DefaultCompany.NeonDrift((null))>:55965] exited with context <RBSProcessExitContext| specific, status:<RBSProcessExitStatus| domain:runningboard(15) code:0>>
2026-06-24 01:26:07.962 Df SpringBoard[16891:98cc84] [com.apple.FrontBoard:ProcessWorkspace] [app<com.DefaultCompany.NeonDrift>:55965] Workspace assertion invalidated: <NSError: 0x104db27c0; domain: RBSAssertionErrorDomain; code: 1; "Assertions were invalidated, count = 3.
16896-16891-10328: invalidation reason: 1
16896-16891-10329: invalidation reason: 1
16896-16891-10333: invalidation reason: 1">
2026-06-24 01:26:07.962 Df runningboardd[16896:98ccb8] [com.apple.runningboard:monitor] Calculated state for app<com.DefaultCompany.NeonDrift((null))>: none (role: None) (endowments: (null))
2026-06-24 01:26:07.962 Df SpringBoard[16891:98cc84] [com.apple.runningboard:process] Calling process death completion block for handle [app<com.DefaultCompany.NeonDrift((null))>:55965]
2026-06-24 01:26:07.962 Df SpringBoard[16891:98cc84] [com.apple.FrontBoard:Process] [app<com.DefaultCompany.NeonDrift>:55965] Process exited: <RBSProcessExitContext| specific, status:<RBSProcessExitStatus| domain:runningboard(15) code:0>>.
