Timestamp               Ty Process[PID:TID]
2026-06-22 01:16:20.081 Df CoreSimulatorBridge[50222:4afb9f] Request received for installation of file:///Users/dragonkao/.openclaw/workspace/382b9e3384298039b171c9b2a60ae644/NeonDrift_MVP/project/xcode_derived_data/Build/Products/Release-iphonesimulator/NeonDrift.app/ with options: {
    PackageType = Developer;
    SimulatorRootPath = "/Library/Developer/CoreSimulator/Volumes/iOS_23F77/Library/Developer/CoreSimulator/Profiles/Runtimes/iOS 26.5.simruntime/Contents/Resources/RuntimeRoot";
    SimulatorUserPath = "/Users/dragonkao/Library/Developer/CoreSimulator/Devices/CCB1E793-CED4-4FCD-BF73-321AAEA77AB9/data";
}
2026-06-22 01:16:20.081 Df CoreSimulatorBridge[50222:4afb9f] [com.apple.installcoordination:framework] +[IXAppInstallCoordinator(IXSimpleInstaller) _beginInstallForURL:forPersonaUniqueString:consumeSource:options:progressBlock:completionWithIdentity:]: Beginning install for /Users/dragonkao/.openclaw/workspace/382b9e3384298039b171c9b2a60ae644/NeonDrift_MVP/project/xcode_derived_data/Build/Products/Release-iphonesimulator/NeonDrift.app consuming source:N options:{
    IsUserInitiated = 1;
    PackageType = Developer;
} installationRequestorAuditToken: NULL
2026-06-22 01:16:20.083 Df installcoordinationd[73024:4b64b0] [com.apple.installcoordination:daemon] -[IXSDataPromiseManager registerPromise:]: Registered promise <IXSPlaceholder(0x10190c500) Name:App Placeholder: NeonDrift (com.DefaultCompany.NeonDrift) Creator:InstallCoordination Simple SPI UUID:F96F8D7D-25E8-4974-83F3-8C6FC60567FC Location:[system-defined]> for UUID F96F8D7D-25E8-4974-83F3-8C6FC60567FC
2026-06-22 01:16:20.084 Df installcoordinationd[73024:4b64b0] [com.apple.installcoordination:daemon] -[IXSPlaceholder setAttributes:]: <IXSPlaceholder(0x10190c500) Name:App Placeholder: NeonDrift (com.DefaultCompany.NeonDrift) Creator:InstallCoordination Simple SPI UUID:F96F8D7D-25E8-4974-83F3-8C6FC60567FC Location:[system-defined]>: setting placeholder attributes to <IXPlaceholderAttributes<0x1018a5180> : {
    CFBundleShortVersionString = "1.0";
    CFBundleSupportedPlatforms =     (
        iPhoneSimulator
    );
    CFBundleVersion = 0;
    DTPlatformName = iphonesimulator;
    LSRequiresIPhoneOS = 1;
    MinimumOSVersion = "13.0";
    UIDeviceFamily =     (
        1,
        2
    );
    UIRequiredDeviceCapabilities =     {
        arm64 = 1;
        metal = 1;
    };
}>
2026-06-22 01:16:20.085 Df CoreSimulatorBridge[50222:4b64aa] [com.apple.installcoordination:framework] +[IXPlaceholder _setEntitlementsFromBundleExecutableURL:withBundleID:client:onPlaceholder:location:error:]: Executable for com.DefaultCompany.NeonDrift at NeonDrift -- file:///Users/dragonkao/.openclaw/workspace/382b9e3384298039b171c9b2a60ae644/NeonDrift_MVP/project/xcode_derived_data/Build/Products/Release-iphonesimulator/NeonDrift.app/ had no entitlements
2026-06-22 01:16:20.085 Df CoreSimulatorBridge[50222:4b64aa] [com.apple.installcoordination:framework] +[IXPlaceholder _placeholderForBundle:client:withParent:installType:metadata:placeholderType:mayBeDeltaPackage:isFromSerializedPlaceholder:location:error:]: Using full fidelity icons for com.DefaultCompany.NeonDrift at /Users/dragonkao/.openclaw/workspace/382b9e3384298039b171c9b2a60ae644/NeonDrift_MVP/project/xcode_derived_data/Build/Products/Release-iphonesimulator/NeonDrift.app
2026-06-22 01:16:20.085 Df installcoordinationd[73024:4b64b0] [com.apple.installcoordination:daemon] -[IXSDataPromiseManager registerPromise:]: Registered promise <IXSPromisedTransferToPath(0x1018e5400) Name:Icon resources for com.DefaultCompany.NeonDrift Creator:InstallCoordination Simple SPI UUID:9176612A-4685-4D84-AF70-874C079D6B3D Location:[system-defined]> for UUID 9176612A-4685-4D84-AF70-874C079D6B3D
2026-06-22 01:16:20.088 Df CoreSimulatorBridge[50222:4b64aa] [com.apple.installcoordination:framework] -[IXPromisedTransferToPath setComplete:]: <IXPromisedTransferToPath<0x101476bc0> name:"Icon resources for com.DefaultCompany.NeonDrift" uuid:9176612A-4685-4D84-AF70-874C079D6B3D creator:"InstallCoordination Simple SPI" location:[system-defined]> Move operation from /Users/dragonkao/Library/Developer/CoreSimulator/Devices/CCB1E793-CED4-4FCD-BF73-321AAEA77AB9/data/Containers/Shared/SystemGroup/systemgroup.com.apple.installcoordinationd/Library/InstallCoordination/PromiseStaging/9176612A-4685-4D84-AF70-874C079D6B3D/temp.0qGBKl to /Users/dragonkao/Library/Developer/CoreSimulator/Devices/CCB1E793-CED4-4FCD-BF73-321AAEA77AB9/data/Containers/Shared/SystemGroup/systemgroup.com.apple.installcoordinationd/Library/InstallCoordination/PromiseStaging/9176612A-4685-4D84-AF70-874C079D6B3D/temp.0qGBKl took 0.000039 seconds
2026-06-22 01:16:20.088 Df installcoordinationd[73024:4bc1a2] [com.apple.installcoordination:daemon] -[IXSDataPromise _setPercentComplete:saveStateIfNeeded:]: Progress: <IXSPromisedTransferToPath(0x1018e5400) Name:Icon resources for com.DefaultCompany.NeonDrift Creator:InstallCoordination Simple SPI UUID:9176612A-4685-4D84-AF70-874C079D6B3D Location:[system-defined]>
2026-06-22 01:16:20.089 Df installcoordinationd[73024:4b64b0] [com.apple.installcoordination:daemon] -[IXSDataPromiseManager promiseDidBegin:]: Unowned promise began: <IXSPromisedTransferToPath(0x1018e5400) Name:Icon resources for com.DefaultCompany.NeonDrift Creator:InstallCoordination Simple SPI UUID:9176612A-4685-4D84-AF70-874C079D6B3D Location:[system-defined]>
2026-06-22 01:16:20.089 Df installcoordinationd[73024:4b64b0] [com.apple.installcoordination:daemon] -[IXSDataPromiseManager promise:didUpdateProgress:]: Unowned promise update progress to 1.000000 : <IXSPromisedTransferToPath(0x1018e5400) Name:Icon resources for com.DefaultCompany.NeonDrift Creator:InstallCoordination Simple SPI UUID:9176612A-4685-4D84-AF70-874C079D6B3D Location:[system-defined]>
2026-06-22 01:16:20.089 Df installcoordinationd[73024:4bc1a2] [com.apple.installcoordination:daemon] -[IXSDataPromiseManager promiseDidComplete:]: Unowned promise completed: <IXSPromisedTransferToPath(0x1018e5400) Name:Icon resources for com.DefaultCompany.NeonDrift Creator:InstallCoordination Simple SPI UUID:9176612A-4685-4D84-AF70-874C079D6B3D Location:[system-defined]>
2026-06-22 01:16:20.089 Df installcoordinationd[73024:4b64b0] [com.apple.installcoordination:daemon] -[IXSDataPromise _setPercentComplete:saveStateIfNeeded:]: Progress: <IXSPromisedInMemoryDictionary(0x1018e5200) Name:Info.plist icon content for com.DefaultCompany.NeonDrift Creator:InstallCoordination Simple SPI UUID:85946290-6A72-4F8E-9254-8D209FD78A41 Location:[system-defined]>
2026-06-22 01:16:20.090 Df installcoordinationd[73024:4b64b0] [com.apple.installcoordination:daemon] -[IXSDataPromiseManager registerPromise:]: Registered promise <IXSPromisedInMemoryDictionary(0x1018e5200) Name:Info.plist icon content for com.DefaultCompany.NeonDrift Creator:InstallCoordination Simple SPI UUID:85946290-6A72-4F8E-9254-8D209FD78A41 Location:[system-defined]> for UUID 85946290-6A72-4F8E-9254-8D209FD78A41
2026-06-22 01:16:20.090 Df installcoordinationd[73024:4bc1a2] [com.apple.installcoordination:daemon] -[IXSDataPromiseManager promiseDidBegin:]: Unowned promise began: <IXSPromisedInMemoryDictionary(0x1018e5200) Name:Info.plist icon content for com.DefaultCompany.NeonDrift Creator:InstallCoordination Simple SPI UUID:85946290-6A72-4F8E-9254-8D209FD78A41 Location:[system-defined]>
2026-06-22 01:16:20.090 Df installcoordinationd[73024:4bc1a2] [com.apple.installcoordination:daemon] -[IXSDataPromiseManager promise:didUpdateProgress:]: Unowned promise update progress to 1.000000 : <IXSPromisedInMemoryDictionary(0x1018e5200) Name:Info.plist icon content for com.DefaultCompany.NeonDrift Creator:InstallCoordination Simple SPI UUID:85946290-6A72-4F8E-9254-8D209FD78A41 Location:[system-defined]>
2026-06-22 01:16:20.090 Df installcoordinationd[73024:4bc1a2] [com.apple.installcoordination:daemon] -[IXSDataPromiseManager promiseDidComplete:]: Unowned promise completed: <IXSPromisedInMemoryDictionary(0x1018e5200) Name:Info.plist icon content for com.DefaultCompany.NeonDrift Creator:InstallCoordination Simple SPI UUID:85946290-6A72-4F8E-9254-8D209FD78A41 Location:[system-defined]>
2026-06-22 01:16:20.090 Df installcoordinationd[73024:4b64b0] [com.apple.installcoordination:daemon] -[IXSPlaceholder setIconResourcesPromise:]: <IXSPlaceholder(0x10190c500) Name:App Placeholder: NeonDrift (com.DefaultCompany.NeonDrift) Creator:InstallCoordination Simple SPI UUID:F96F8D7D-25E8-4974-83F3-8C6FC60567FC Location:[system-defined]>: setting icon resources promise to <IXSPromisedTransferToPath(0x1018e5400) Name:Icon resources for com.DefaultCompany.NeonDrift Creator:InstallCoordination Simple SPI UUID:9176612A-4685-4D84-AF70-874C079D6B3D Location:[system-defined]>
2026-06-22 01:16:20.091 Df installcoordinationd[73024:4b64b0] [com.apple.installcoordination:daemon] -[IXSPlaceholder setInfoPlistIconContentPromise:]: <IXSPlaceholder(0x10190c500) Name:App Placeholder: NeonDrift (com.DefaultCompany.NeonDrift) Creator:InstallCoordination Simple SPI UUID:F96F8D7D-25E8-4974-83F3-8C6FC60567FC Location:[system-defined]>: setting Info.plist icon content promise to <IXSPromisedInMemoryDictionary(0x1018e5200) Name:Info.plist icon content for com.DefaultCompany.NeonDrift Creator:InstallCoordination Simple SPI UUID:85946290-6A72-4F8E-9254-8D209FD78A41 Location:[system-defined]>
2026-06-22 01:16:20.091 Df installcoordinationd[73024:4b64b0] [com.apple.installcoordination:daemon] -[IXSDataPromiseManager promiseDidBegin:]: Unowned promise began: <IXSPlaceholder(0x10190c500) Name:App Placeholder: NeonDrift (com.DefaultCompany.NeonDrift) Creator:InstallCoordination Simple SPI UUID:F96F8D7D-25E8-4974-83F3-8C6FC60567FC Location:[system-defined]>
2026-06-22 01:16:20.091 Df installcoordinationd[73024:4b64b0] [com.apple.installcoordination:daemon] -[IXSDataPromiseManager promise:didUpdateProgress:]: Unowned promise update progress to 0.000000 : <IXSPlaceholder(0x10190c500) Name:App Placeholder: NeonDrift (com.DefaultCompany.NeonDrift) Creator:InstallCoordination Simple SPI UUID:F96F8D7D-25E8-4974-83F3-8C6FC60567FC Location:[system-defined]>
2026-06-22 01:16:20.091 Df installcoordinationd[73024:4b64b0] [com.apple.installcoordination:daemon] -[IXSDataPromiseManager promise:didUpdateProgress:]: Unowned promise update progress to 0.000000 : <IXSPlaceholder(0x10190c500) Name:App Placeholder: NeonDrift (com.DefaultCompany.NeonDrift) Creator:InstallCoordination Simple SPI UUID:F96F8D7D-25E8-4974-83F3-8C6FC60567FC Location:[system-defined]>
2026-06-22 01:16:20.092 Df installcoordinationd[73024:4bc1a5] [com.apple.installcoordination:daemon] -[IXSDataPromise _setPercentComplete:saveStateIfNeeded:]: Progress: <IXSPromisedInMemoryDictionary(0x1018e6280) Name:Localizations for com.DefaultCompany.NeonDrift Creator:InstallCoordination Simple SPI UUID:C4CC4D4A-4DD8-4C94-87D7-0EE2CC506139 Location:[system-defined]>
2026-06-22 01:16:20.092 Df installcoordinationd[73024:4bc1a5] [com.apple.installcoordination:daemon] -[IXSDataPromiseManager registerPromise:]: Registered promise <IXSPromisedInMemoryDictionary(0x1018e6280) Name:Localizations for com.DefaultCompany.NeonDrift Creator:InstallCoordination Simple SPI UUID:C4CC4D4A-4DD8-4C94-87D7-0EE2CC506139 Location:[system-defined]> for UUID C4CC4D4A-4DD8-4C94-87D7-0EE2CC506139
2026-06-22 01:16:20.097 Df installcoordinationd[73024:4bc1a2] [com.apple.installcoordination:daemon] -[IXSDataPromiseManager promiseDidBegin:]: Unowned promise began: <IXSPromisedInMemoryDictionary(0x1018e6280) Name:Localizations for com.DefaultCompany.NeonDrift Creator:InstallCoordination Simple SPI UUID:C4CC4D4A-4DD8-4C94-87D7-0EE2CC506139 Location:[system-defined]>
2026-06-22 01:16:20.097 Df installcoordinationd[73024:4bc1a2] [com.apple.installcoordination:daemon] -[IXSDataPromiseManager promise:didUpdateProgress:]: Unowned promise update progress to 1.000000 : <IXSPromisedInMemoryDictionary(0x1018e6280) Name:Localizations for com.DefaultCompany.NeonDrift Creator:InstallCoordination Simple SPI UUID:C4CC4D4A-4DD8-4C94-87D7-0EE2CC506139 Location:[system-defined]>
2026-06-22 01:16:20.097 Df installcoordinationd[73024:4bc1a2] [com.apple.installcoordination:daemon] -[IXSDataPromiseManager promiseDidComplete:]: Unowned promise completed: <IXSPromisedInMemoryDictionary(0x1018e6280) Name:Localizations for com.DefaultCompany.NeonDrift Creator:InstallCoordination Simple SPI UUID:C4CC4D4A-4DD8-4C94-87D7-0EE2CC506139 Location:[system-defined]>
2026-06-22 01:16:20.098 Df installcoordinationd[73024:4bc1a5] [com.apple.installcoordination:daemon] -[IXSPlaceholder setLocalizationDictionaryPromise:]: <IXSPlaceholder(0x10190c500) Name:App Placeholder: NeonDrift (com.DefaultCompany.NeonDrift) Creator:InstallCoordination Simple SPI UUID:F96F8D7D-25E8-4974-83F3-8C6FC60567FC Location:[system-defined]>: setting localization dict promise to <IXSPromisedInMemoryDictionary(0x1018e6280) Name:Localizations for com.DefaultCompany.NeonDrift Creator:InstallCoordination Simple SPI UUID:C4CC4D4A-4DD8-4C94-87D7-0EE2CC506139 Location:[system-defined]>
2026-06-22 01:16:20.099 Df installcoordinationd[73024:4bc1a2] [com.apple.installcoordination:daemon] -[IXSDataPromiseManager promise:didUpdateProgress:]: Unowned promise update progress to 0.000000 : <IXSPlaceholder(0x10190c500) Name:App Placeholder: NeonDrift (com.DefaultCompany.NeonDrift) Creator:InstallCoordination Simple SPI UUID:F96F8D7D-25E8-4974-83F3-8C6FC60567FC Location:[system-defined]>
2026-06-22 01:16:20.099 Df installcoordinationd[73024:4bc1a2] [com.apple.installcoordination:daemon] -[IXSPlaceholder setConfigurationComplete:]: <IXSPlaceholder(0x10190c500) Name:App Placeholder: NeonDrift (com.DefaultCompany.NeonDrift) Creator:InstallCoordination Simple SPI UUID:F96F8D7D-25E8-4974-83F3-8C6FC60567FC Location:[system-defined]>: setting configuration complete to Y
2026-06-22 01:16:20.099 Df installcoordinationd[73024:4bc1a2] [com.apple.installcoordination:daemon] -[IXSPlaceholder _materialize]: <IXSPlaceholder(0x10190c500) Name:App Placeholder: NeonDrift (com.DefaultCompany.NeonDrift) Creator:InstallCoordination Simple SPI UUID:F96F8D7D-25E8-4974-83F3-8C6FC60567FC Location:[system-defined]>: Materializing placeholder at /Users/dragonkao/Library/Developer/CoreSimulator/Devices/CCB1E793-CED4-4FCD-BF73-321AAEA77AB9/data/Containers/Shared/SystemGroup/systemgroup.com.apple.installcoordinationd/Library/InstallCoordination/PromiseStaging/F96F8D7D-25E8-4974-83F3-8C6FC60567FC/NeonDrift.app
2026-06-22 01:16:20.100 Df installcoordinationd[73024:4bc1a2] [com.apple.installcoordination:daemon] -[IXSPlaceholder _materialize]: <IXSPlaceholder(0x10190c500) Name:App Placeholder: NeonDrift (com.DefaultCompany.NeonDrift) Creator:InstallCoordination Simple SPI UUID:F96F8D7D-25E8-4974-83F3-8C6FC60567FC Location:[system-defined]>: Using Info.plist icon content: {
    CFBundleIcons =     {
        CFBundlePrimaryIcon =         {
            CFBundleIconName = AppIcon;
        };
    };
    "CFBundleIcons~ipad" =     {
        CFBundlePrimaryIcon =         {
            CFBundleIconName = AppIcon;
        };
    };
    ISIconPlatform = iPhoneOS;
}
2026-06-22 01:16:20.100 Df installcoordinationd[73024:4bc1a2] [com.apple.installcoordination:daemon] -[IXSPlaceholder _materialize]_block_invoke: <IXSPlaceholder(0x10190c500) Name:App Placeholder: NeonDrift (com.DefaultCompany.NeonDrift) Creator:InstallCoordination Simple SPI UUID:F96F8D7D-25E8-4974-83F3-8C6FC60567FC Location:[system-defined]>: Using icon resource Assets.car
2026-06-22 01:16:20.100 Df installcoordinationd[73024:4bc1a2] [com.apple.installcoordination:daemon] -[IXSPlaceholder _materialize]: <IXSPlaceholder(0x10190c500) Name:App Placeholder: NeonDrift (com.DefaultCompany.NeonDrift) Creator:InstallCoordination Simple SPI UUID:F96F8D7D-25E8-4974-83F3-8C6FC60567FC Location:[system-defined]>: Including lproj localizations for (
)
2026-06-22 01:16:20.100 Df installcoordinationd[73024:4bc1a5] [com.apple.installcoordination:daemon] -[IXSDataPromiseManager promiseDidComplete:]: Unowned promise completed: <IXSPlaceholder(0x10190c500) Name:App Placeholder: NeonDrift (com.DefaultCompany.NeonDrift) Creator:InstallCoordination Simple SPI UUID:F96F8D7D-25E8-4974-83F3-8C6FC60567FC Location:[system-defined]>
2026-06-22 01:16:20.101 Df installcoordinationd[73024:4bc1a5] [com.apple.installcoordination:daemon] -[IXSDataPromiseManager registerPromise:]: Registered promise <IXSPromisedTransferToPath(0x1018e6100) Name:App Asset: com.DefaultCompany.NeonDrift Creator:InstallCoordination Simple SPI UUID:2A162906-9BE8-45C9-B99F-126B8CAB8F32 Location:[system-defined]> for UUID 2A162906-9BE8-45C9-B99F-126B8CAB8F32
2026-06-22 01:16:20.103 Df installcoordinationd[73024:4bc1a5] [com.apple.installcoordination:daemon] -[IXSCoordinatorManager coordinatorForIdentity:connection:error:creatingIfNotExisting:]_block_invoke: Registered coordinator: <IXSCoordinatedAppInstall<0x1019f4000> [P=CoreSimulatorBridge (pid 50222)] identifier:[com.DefaultCompany.NeonDrift/Invalid/[system-defined]] uuid:3D094155-7105-4B07-854F-8FF3204C1B14 intent:IXCoordinatorIntentUpdating creator/appDRI:InstallCoordination Simple SPI importance:Background state:IXAppCoordinationStatePlaceholderPromiseNotSet promise-state:01234>
2026-06-22 01:16:20.103 Df installcoordinationd[73024:4bc1a5] [com.apple.appinstallation:TransactionLog] com.DefaultCompany.NeonDrift/Unknown Persona:4:2:1:1:Created coordinator with intent IXCoordinatorIntentUpdating for client InstallCoordination Simple SPI
2026-06-22 01:16:20.103 Df installcoordinationd[73024:4bc1a5] [com.apple.installcoordination:daemon] -[IXSCoordinatedAppInstall setPriorityBoostCompletion:withSourceInfo:]: <IXSCoordinatedAppInstall<0x1019f4000> [P=CoreSimulatorBridge (pid 50222)] identifier:[com.DefaultCompany.NeonDrift/Invalid/[system-defined]] uuid:3D094155-7105-4B07-854F-8FF3204C1B14 intent:IXCoordinatorIntentUpdating creator/appDRI:InstallCoordination Simple SPI importance:Background state:IXAppCoordinationStatePlaceholderPromiseNotSet promise-state:01234>: Retaining completion from CoreSimulatorBridge (50222), QOS_CLASS_DEFAULT (0x15)
2026-06-22 01:16:20.103 Df installcoordinationd[73024:4bc1a5] [com.apple.installcoordination:daemon] -[IXSCoordinatedAppInstall setImportance:]: <IXSCoordinatedAppInstall<0x1019f4000> [P=CoreSimulatorBridge (pid 50222)] identifier:[com.DefaultCompany.NeonDrift/Invalid/[system-defined]] uuid:3D094155-7105-4B07-854F-8FF3204C1B14 intent:IXCoordinatorIntentUpdating creator/appDRI:InstallCoordination Simple SPI importance:UserWaiting state:IXAppCoordinationStatePlaceholderPromiseNotSet promise-state:01234>: set importance to UserWaiting
2026-06-22 01:16:20.103 Df installcoordinationd[73024:4bc1a5] [com.apple.installcoordination:daemon] -[IXSCoordinatedAppInstall _onQueue_fireObserversForClient:]: <IXSCoordinatedAppInstall<0x1019f4000> [P=CoreSimulatorBridge (pid 50222)] identifier:[com.DefaultCompany.NeonDrift/Invalid/[system-defined]] uuid:3D094155-7105-4B07-854F-8FF3204C1B14 intent:IXCoordinatorIntentUpdating creator/appDRI:InstallCoordination Simple SPI importance:UserWaiting state:IXAppCoordinationStatePlaceholderPromiseNotSet promise-state:01234>: Firing applicable observers for client <IXSClientConnection<0x1018453e0> client:CoreSimulatorBridge (pid 50222) uuid:97E4103C-0E7B-4BF2-9B64-F2D450B25CB1>
2026-06-22 01:16:20.103 Df installcoordinationd[73024:4bc1a5] [com.apple.installcoordination:daemon] -[IXSCoordinatedAppInstall setPriorityBoostCompletion:withSourceInfo:]: <IXSCoordinatedAppInstall<0x1019f4000> [P=CoreSimulatorBridge (pid 50222)] identifier:[com.DefaultCompany.NeonDrift/Invalid/[system-defined]] uuid:3D094155-7105-4B07-854F-8FF3204C1B14 intent:IXCoordinatorIntentUpdating creator/appDRI:InstallCoordination Simple SPI importance:UserWaiting state:IXAppCoordinationStatePlaceholderPromiseNotSet promise-state:01234>: Disposing of completion from CoreSimulatorBridge (50222), QOS_CLASS_DEFAULT (0x15)
2026-06-22 01:16:20.103 Df installcoordinationd[73024:4bc1a5] [com.apple.installcoordination:daemon] -[IXSCoordinatedAppInstall setPriorityBoostCompletion:withSourceInfo:]: <IXSCoordinatedAppInstall<0x1019f4000> [P=CoreSimulatorBridge (pid 50222)] identifier:[com.DefaultCompany.NeonDrift/Invalid/[system-defined]] uuid:3D094155-7105-4B07-854F-8FF3204C1B14 intent:IXCoordinatorIntentUpdating creator/appDRI:InstallCoordination Simple SPI importance:UserWaiting state:IXAppCoordinationStatePlaceholderPromiseNotSet promise-state:01234>: Retaining completion from CoreSimulatorBridge (50222), QOS_CLASS_DEFAULT (0x15)
2026-06-22 01:16:20.103 Df CoreSimulatorBridge[50222:4bc1a4] [com.apple.installcoordination:framework] -[IXAppInstallCoordinator _clientDelegate_didRegisterForObservation]: <IXUpdatingAppInstallCoordinator<0x101474f00> identity:[com.DefaultCompany.NeonDrift/Invalid/[system-defined]] uuid:3D094155-7105-4B07-854F-8FF3204C1B14 creator:InstallCoordination Simple SPI>: Got observer registration delegate
2026-06-22 01:16:20.103 Df CoreSimulatorBridge[50222:4bc1a4] [com.apple.installcoordination:framework] -[IXAppInstallCoordinator _clientDelegate_shouldResume]: <IXUpdatingAppInstallCoordinator<0x101474f00> identity:[com.DefaultCompany.NeonDrift/Invalid/[system-defined]] uuid:3D094155-7105-4B07-854F-8FF3204C1B14 creator:InstallCoordination Simple SPI>: Got should resume delegate
2026-06-22 01:16:20.103 Df CoreSimulatorBridge[50222:4937f4] [com.apple.installcoordination:framework] -[IXAppInstallCoordinator _clientDelegate_didRegisterForObservation]_block_invoke: <IXUpdatingAppInstallCoordinator<0x101474f00> identity:[com.DefaultCompany.NeonDrift/Invalid/[system-defined]] uuid:3D094155-7105-4B07-854F-8FF3204C1B14 creator:InstallCoordination Simple SPI>: Observer <_IXSimpleInstallerDelegate 0x0x1017d8900> does not respond to coordinatorDidRegisterForObservation:
2026-06-22 01:16:20.103 Df CoreSimulatorBridge[50222:4937f4] [com.apple.installcoordination:framework] -[IXAppInstallCoordinator _clientDelegate_shouldResume]_block_invoke: <IXUpdatingAppInstallCoordinator<0x101474f00> identity:[com.DefaultCompany.NeonDrift/Invalid/[system-defined]] uuid:3D094155-7105-4B07-854F-8FF3204C1B14 creator:InstallCoordination Simple SPI>: Observer <_IXSimpleInstallerDelegate 0x0x1017d8900> does not respond to coordinatorShouldResume:
2026-06-22 01:16:20.105 Df installcoordinationd[73024:4bc1a5] [com.apple.installcoordination:daemon] -[IXSCoordinatedAppInstall _internal_setInstallOptionsPromise:performExternalActions:]: <IXSCoordinatedAppInstall<0x1019f4000> [P=CoreSimulatorBridge (pid 50222)] identifier:[com.DefaultCompany.NeonDrift/Invalid/[system-defined]] uuid:3D094155-7105-4B07-854F-8FF3204C1B14 intent:IXCoordinatorIntentUpdating creator/appDRI:InstallCoordination Simple SPI importance:UserWaiting state:IXAppCoordinationStatePlaceholderPromiseNotSet promise-state:012I4> : install options set: <IXSPromisedInMemoryData(0x1018e5700) Name:MIInstallOptions data Creator:Install Coordination Internal UUID:71ADB7EA-5184-4E37-B1DF-F252190BC88B Location:[system-defined]>
2026-06-22 01:16:20.105 Df installcoordinationd[73024:4b64b0] [com.apple.installcoordination:daemon] -[IXSCoordinatedAppInstall promiseDidComplete:]: <IXSCoordinatedAppInstall<0x1019f4000> [P=CoreSimulatorBridge (pid 50222)] identifier:[com.DefaultCompany.NeonDrift/Invalid/[system-defined]] uuid:3D094155-7105-4B07-854F-8FF3204C1B14 intent:IXCoordinatorIntentUpdating creator/appDRI:InstallCoordination Simple SPI importance:UserWaiting state:IXAppCoordinationStatePlaceholderPromiseNotSet promise-state:012I4> : Promise completed: <IXSPromisedInMemoryData(0x1018e5700) Name:MIInstallOptions data Creator:Install Coordination Internal UUID:71ADB7EA-5184-4E37-B1DF-F252190BC88B Location:[system-defined]>
2026-06-22 01:16:20.105 Df installcoordinationd[73024:4b64b0] [com.apple.appinstallation:TransactionLog] com.DefaultCompany.NeonDrift/Unknown Persona:4:13:1:1:Install Options Promise began. Coordinator State: IXAppCoordinationStatePlaceholderPromiseNotSet
2026-06-22 01:16:20.105 Df installcoordinationd[73024:4b64b0] [com.apple.appinstallation:TransactionLog] com.DefaultCompany.NeonDrift/Unknown Persona:4:13:2:1:Install Options Promise completed. Coordinator State: IXAppCoordinationStatePlaceholderPromiseNotSet
2026-06-22 01:16:20.105 Df installcoordinationd[73024:4bc1a2] [com.apple.installcoordination:daemon] -[IXSCoordinatedAppInstall _internal_setAppAssetPromise:performExternalActions:]: <IXSCoordinatedAppInstall<0x1019f4000> [P=CoreSimulatorBridge (pid 50222)] identifier:[com.DefaultCompany.NeonDrift/Invalid/[system-defined]] uuid:3D094155-7105-4B07-854F-8FF3204C1B14 intent:IXCoordinatorIntentUpdating creator/appDRI:InstallCoordination Simple SPI importance:UserWaiting state:IXAppCoordinationStatePlaceholderPromiseNotSet promise-state:0a2I4> : App Asset Promise set: <IXSPromisedTransferToPath(0x1018e6100) Name:App Asset: com.DefaultCompany.NeonDrift Creator:InstallCoordination Simple SPI UUID:2A162906-9BE8-45C9-B99F-126B8CAB8F32 Location:[system-defined]>
2026-06-22 01:16:20.106 Df installcoordinationd[73024:4bc1a5] [com.apple.installcoordination:daemon] -[IXSCoordinatedAppInstall setInitialODRAssetPromises:]: <IXSCoordinatedAppInstall<0x1019f4000> [P=CoreSimulatorBridge (pid 50222)] identifier:[com.DefaultCompany.NeonDrift/Invalid/[system-defined]] uuid:3D094155-7105-4B07-854F-8FF3204C1B14 intent:IXCoordinatorIntentUpdating creator/appDRI:InstallCoordination Simple SPI importance:UserWaiting state:IXAppCoordinationStatePlaceholderPromiseNotSet promise-state:0a2I4> : Initial ODR Asset Promises set: (
)
2026-06-22 01:16:20.106 Df CoreSimulatorBridge[50222:4b64aa] [com.apple.installcoordination:framework] -[IXPromisedTransferToPath _performDeltaCopyFrom:toDestination:]: Performing delta copy from /Users/dragonkao/.openclaw/workspace/382b9e3384298039b171c9b2a60ae644/NeonDrift_MVP/project/xcode_derived_data/Build/Products/Release-iphonesimulator/NeonDrift.app to /Users/dragonkao/Library/Developer/CoreSimulator/Devices/CCB1E793-CED4-4FCD-BF73-321AAEA77AB9/data/Containers/Shared/SystemGroup/systemgroup.com.apple.installcoordinationd/Library/InstallCoordination/PromiseStaging/2A162906-9BE8-45C9-B99F-126B8CAB8F32/NeonDrift.app with installed bundle at /Users/dragonkao/Library/Developer/CoreSimulator/Devices/CCB1E793-CED4-4FCD-BF73-321AAEA77AB9/data/Containers/Bundle/Application/5EF85054-BF5D-4C77-9713-5B6BF1627588/NeonDrift.app
2026-06-22 01:16:20.107 Df CoreSimulatorBridge[50222:4b64aa] (MobileSystemServices) 0x16fc43000 MDMCreateDeltaDirectory: calling MDMDirectoryDiff with:
state->old_bundle: /Users/dragonkao/Library/Developer/CoreSimulator/Devices/CCB1E793-CED4-4FCD-BF73-321AAEA77AB9/data/Containers/Bundle/Application/5EF85054-BF5D-4C77-9713-5B6BF1627588/NeonDrift.app
state->new_bundle: /Users/dragonkao/.openclaw/workspace/382b9e3384298039b171c9b2a60ae644/NeonDrift_MVP/project/xcode_derived_data/Build/Products/Release-iphonesimulator/NeonDrift.app
state->dst_bundle: /Users/dragonkao/Library/Developer/CoreSimulator/Devices/CCB1E793-CED4-4FCD-BF73-321AAEA77AB9/data/Containers/Shared/SystemGroup/systemgroup.com.apple.installcoordinationd/Library/InstallCoordination/PromiseStaging/2A162906-9BE8-45C9-B99F-126B8CAB8F32/NeonDrift.app/Payload//NeonDrift.app, binaryDiff flag: FALSE
	dst_ipa: /Users/dragonkao/Library/Developer/CoreSimulator/Devices/CCB1E793-CED4-4FCD-BF73-321AAEA77AB9/data/Containers/Shared/SystemGroup/systemgroup.com.apple.installcoordinationd/Library/InstallCoordination/PromiseStaging/2A162<…>
2026-06-22 01:16:20.170 Df CoreSimulatorBridge[50222:4b64aa] [com.apple.installcoordination:framework] -[IXPromisedTransferToPath setComplete:]: <IXPromisedTransferToPath<0x101476ec0> name:"App Asset: com.DefaultCompany.NeonDrift" uuid:2A162906-9BE8-45C9-B99F-126B8CAB8F32 creator:"InstallCoordination Simple SPI" location:[system-defined]> Delta Copy operation from /Users/dragonkao/.openclaw/workspace/382b9e3384298039b171c9b2a60ae644/NeonDrift_MVP/project/xcode_derived_data/Build/Products/Release-iphonesimulator/NeonDrift.app to /Users/dragonkao/Library/Developer/CoreSimulator/Devices/CCB1E793-CED4-4FCD-BF73-321AAEA77AB9/data/Containers/Shared/SystemGroup/systemgroup.com.apple.installcoordinationd/Library/InstallCoordination/PromiseStaging/2A162906-9BE8-45C9-B99F-126B8CAB8F32/NeonDrift.app took 0.064424 seconds
2026-06-22 01:16:20.171 Df installcoordinationd[73024:4bc1a5] [com.apple.installcoordination:daemon] -[IXSDataPromise _setPercentComplete:saveStateIfNeeded:]: Progress: <IXSPromisedTransferToPath(0x1018e6100) Name:App Asset: com.DefaultCompany.NeonDrift Creator:InstallCoordination Simple SPI UUID:2A162906-9BE8-45C9-B99F-126B8CAB8F32 Location:[system-defined]>
2026-06-22 01:16:20.171 Df installcoordinationd[73024:4bc1a2] [com.apple.appinstallation:TransactionLog] com.DefaultCompany.NeonDrift/Unknown Persona:4:10:1:1:App Asset Promise began. Coordinator State: IXAppCoordinationStatePlaceholderPromiseNotSet
2026-06-22 01:16:20.171 Df CoreSimulatorBridge[50222:4937f4] [com.apple.installcoordination:framework] -[IXAppInstallCoordinator _clientDelegate_promiseDidBeginFulfillmentWithIdentifier:]: <IXUpdatingAppInstallCoordinator<0x101474f00> identity:[com.DefaultCompany.NeonDrift/Invalid/[system-defined]] uuid:3D094155-7105-4B07-854F-8FF3204C1B14 creator:InstallCoordination Simple SPI>: Got promise did begin fulfillment for identifier 2
2026-06-22 01:16:20.171 Df CoreSimulatorBridge[50222:4937f4] [com.apple.installcoordination:framework] -[IXAppInstallCoordinator _clientDelegate_promiseDidBeginFulfillmentWithIdentifier:]_block_invoke: <IXUpdatingAppInstallCoordinator<0x101474f00> identity:[com.DefaultCompany.NeonDrift/Invalid/[system-defined]] uuid:3D094155-7105-4B07-854F-8FF3204C1B14 creator:InstallCoordination Simple SPI>: Observer <_IXSimpleInstallerDelegate 0x0x1017d8900> does not respond to coordinator:configuredPromiseDidBeginFulfillment: (or any deprecated equivalent)
2026-06-22 01:16:20.171 Df installcoordinationd[73024:4b64b0] [com.apple.installcoordination:daemon] -[IXSCoordinatedAppInstall promiseDidComplete:]: <IXSCoordinatedAppInstall<0x1019f4000> [P=CoreSimulatorBridge (pid 50222)] identifier:[com.DefaultCompany.NeonDrift/Invalid/[system-defined]] uuid:3D094155-7105-4B07-854F-8FF3204C1B14 intent:IXCoordinatorIntentUpdating creator/appDRI:InstallCoordination Simple SPI importance:UserWaiting state:IXAppCoordinationStatePlaceholderPromiseNotSet promise-state:0A2I4> : Promise completed: <IXSPromisedTransferToPath(0x1018e6100) Name:App Asset: com.DefaultCompany.NeonDrift Creator:InstallCoordination Simple SPI UUID:2A162906-9BE8-45C9-B99F-126B8CAB8F32 Location:[system-defined]>
2026-06-22 01:16:20.171 Df installcoordinationd[73024:4bc1a2] [com.apple.appinstallation:TransactionLog] com.DefaultCompany.NeonDrift/Unknown Persona:4:10:2:1:App Asset Promise completed. Coordinator State: IXAppCoordinationStatePlaceholderPromiseNotSet
2026-06-22 01:16:20.171 Df CoreSimulatorBridge[50222:4bc1a4] [com.apple.installcoordination:framework] -[IXAppInstallCoordinator _clientDelegate_didUpdateProgress:forPhase:overallProgress:]: <IXUpdatingAppInstallCoordinator<0x101474f00> identity:[com.DefaultCompany.NeonDrift/Invalid/[system-defined]] uuid:3D094155-7105-4B07-854F-8FF3204C1B14 creator:InstallCoordination Simple SPI>: Got did update progress delegate with percentComplete 100.000000 phase IXCoordinatorProgressPhaseLoading overallProgress 60.000000
2026-06-22 01:16:20.171 Df CoreSimulatorBridge[50222:4bc1a4] [com.apple.installcoordination:framework] -[IXAppInstallCoordinator _clientDelegate_didUpdateProgress:forPhase:overallProgress:]_block_invoke: <IXUpdatingAppInstallCoordinator<0x101474f00> identity:[com.DefaultCompany.NeonDrift/Invalid/[system-defined]] uuid:3D094155-7105-4B07-854F-8FF3204C1B14 creator:InstallCoordination Simple SPI>: Calling selector coordinator:didUpdateProgress:forPhase:overallProgress: on observer <_IXSimpleInstallerDelegate 0x0x1017d8900>
2026-06-22 01:16:20.172 Df installcoordinationd[73024:4bc1aa] [com.apple.installcoordination:daemon] -[IXSCoordinatedAppInstall setPlaceholderPromise:]: <IXSCoordinatedAppInstall<0x1019f4000> [P=CoreSimulatorBridge (pid 50222)] identifier:[com.DefaultCompany.NeonDrift/Invalid/[system-defined]] uuid:3D094155-7105-4B07-854F-8FF3204C1B14 intent:IXCoordinatorIntentUpdating creator/appDRI:InstallCoordination Simple SPI importance:UserWaiting state:IXAppCoordinationStateReadyForPlaceholderInstall promise-state:PA2I4> : Placeholder Promise set: <IXSPlaceholder(0x10190c500) Name:App Placeholder: NeonDrift (com.DefaultCompany.NeonDrift) Creator:InstallCoordination Simple SPI UUID:F96F8D7D-25E8-4974-83F3-8C6FC60567FC Location:[system-defined]>
2026-06-22 01:16:20.172 Df installcoordinationd[73024:4bc1a2] [com.apple.installcoordination:daemon] -[IXSCoordinatedAppInstall promiseDidComplete:]: <IXSCoordinatedAppInstall<0x1019f4000> [P=CoreSimulatorBridge (pid 50222)] identifier:[com.DefaultCompany.NeonDrift/Invalid/[system-defined]] uuid:3D094155-7105-4B07-854F-8FF3204C1B14 intent:IXCoordinatorIntentUpdating creator/appDRI:InstallCoordination Simple SPI importance:UserWaiting state:IXAppCoordinationStateReadyForPlaceholderInstall promise-state:PA2I4> : Promise completed: <IXSPlaceholder(0x10190c500) Name:App Placeholder: NeonDrift (com.DefaultCompany.NeonDrift) Creator:InstallCoordination Simple SPI UUID:F96F8D7D-25E8-4974-83F3-8C6FC60567FC Location:[system-defined]>
2026-06-22 01:16:20.172 Df installcoordinationd[73024:4bc1aa] [com.apple.installcoordination:daemon] -[IXSCoordinatedAppInstall _onQueue_acquireAssertionAndInstallPlaceholder]: Acquiring termination assertion to install placeholder for [com.DefaultCompany.NeonDrift/Invalid/[system-defined]]
2026-06-22 01:16:20.172 Df installcoordinationd[73024:4bc1aa] [com.apple.installcoordination:daemon] -[IXSPendingOperationsTracker beginPendingOperationForIdentity:]_block_invoke: Beginning pending operation for [com.DefaultCompany.NeonDrift/Invalid/[system-defined]]
2026-06-22 01:16:20.173 Df installcoordinationd[73024:4bc1a2] [com.apple.runningboard:process] Hit the server for a process handle 1fb0aff300015ce1 that resolved to: [app<com.DefaultCompany.NeonDrift((null))>:89313]
2026-06-22 01:16:20.173 Df runningboardd[50195:4bc1ac] [com.apple.runningboard:connection] Received termination request from [osservice<com.apple.installcoordinationd>:73024] on <RBSProcessPredicate <RBSProcessBundleIdentifierPredicate "com.DefaultCompany.NeonDrift">> with context <RBSTerminateContext| explanation:installcoordinationd app:[com.DefaultCompany.NeonDrift/Invalid/[system-defined]] uuid:3D094155-7105-4B07-854F-8FF3204C1B14 isPlaceholder:Y reportType:None maxTerminationResistance:Absolute attrs:[
	<RBSPreventLaunchLimitation| <RBSProcessPredicate <RBSProcessBundleIdentifierPredicate "com.DefaultCompany.NeonDrift">> allow:(null)>
	]>
2026-06-22 01:16:20.173 Df installcoordinationd[73024:4bc1a2] [com.apple.runningboard:monitor] Received state update for 89313 (app<com.DefaultCompany.NeonDrift((null))>, running-active-NotVisible
2026-06-22 01:16:20.173 Df runningboardd[50195:4b7613] [com.apple.runningboard:general] Found 0 extensions contained in com.DefaultCompany.NeonDrift
2026-06-22 01:16:20.173 Df runningboardd[50195:4b7613] [com.apple.PlugInKit:holds] <PKManager:0x1095d5680> hold request for [/Users/dragonkao/Library/Developer/CoreSimulator/Devices/CCB1E793-CED4-4FCD-BF73-321AAEA77AB9/data/Containers/Bundle/Application/5EF85054-BF5D-4C77-9713-5B6BF1627588/NeonDrift.app] with flags: 0x4
2026-06-22 01:16:20.174 Df NeonDrift[89313:4b66d7] [com.apple.PlugInKit:discovery] Annotations changed, re-performing query for continuous discovery, report block = <0x119133f60>.
2026-06-22 01:16:20.174 Df NeonDrift[89313:4b66d6] [com.apple.PlugInKit:discovery] Annotations changed, re-performing query for continuous discovery, report block = <0x119133a20>.
2026-06-22 01:16:20.174 Df runningboardd[50195:4b7613] [com.apple.PlugInKit:holds] <PKManager:0x1095d5680> hold request for [/Users/dragonkao/Library/Developer/CoreSimulator/Devices/CCB1E793-CED4-4FCD-BF73-321AAEA77AB9/data/Containers/Bundle/Application/5EF85054-BF5D-4C77-9713-5B6BF1627588/NeonDrift.app] with flags: 0x4 completed with hold token: [F06D0A19-E29A-4895-8735-079F193C2F0E]
2026-06-22 01:16:20.174 Df NeonDrift[89313:4b66d5] [com.apple.PlugInKit:discovery] Annotations changed, re-performing query for continuous discovery, report block = <0x119133c60>.
2026-06-22 01:16:20.174 Df NeonDrift[89313:4b66d6] [com.apple.PlugInKit:discovery] [d 392868CC-3705-4E22-A304-9C47885B8248] <PKHost:0x119128500> Beginning discovery for flags: 0, point: com.apple.AudioUnit
2026-06-22 01:16:20.174 Df runningboardd[50195:4b7613] [com.apple.runningboard:ttl] Acquiring assertion targeting system from originator [osservice<com.apple.installcoordinationd>:73024] with description <RBSAssertionDescriptor| "installcoordinationd app:[com.DefaultCompany.NeonDrift/Invalid/[system-defined]] uuid:3D094155-7105-4B07-854F-8FF3204C1B14 isPlaceholder:Y" ID:50195-73024-4902 target:system attributes:[
	<RBSPreventLaunchLimitation| <RBSProcessPredicate <RBSProcessBundleIdentifierPredicate "com.DefaultCompany.NeonDrift">> allow:(null)>
	]>
2026-06-22 01:16:20.174 Df NeonDrift[89313:4b66d7] [com.apple.PlugInKit:discovery] [d 03C8FC49-1828-4BF5-B1AA-04AC890A67A5] <PKHost:0x119128500> Beginning discovery for flags: 0, point: com.apple.AudioUnit-Speech
2026-06-22 01:16:20.174 Df NeonDrift[89313:4b66d5] [com.apple.PlugInKit:discovery] [d 63F8CB7C-5C33-4721-81E0-668606F82545] <PKHost:0x119128500> Beginning discovery for flags: 0, point: com.apple.AudioUnit-UI
2026-06-22 01:16:20.174 Df runningboardd[50195:4b7613] [com.apple.runningboard:process] Executing termination request for: <RBSProcessPredicate <RBSProcessBundleIdentifierPredicate "com.DefaultCompany.NeonDrift">>
2026-06-22 01:16:20.174 Df runningboardd[50195:4b7613] [com.apple.runningboard:process] [app<com.DefaultCompany.NeonDrift((null))>:89313] Terminating with context: <RBSTerminateContext| explanation:installcoordinationd app:[com.DefaultCompany.NeonDrift/Invalid/[system-defined]] uuid:3D094155-7105-4B07-854F-8FF3204C1B14 isPlaceholder:Y reportType:None maxTerminationResistance:Absolute attrs:[
	<RBSPreventLaunchLimitation| <RBSProcessPredicate <RBSProcessBundleIdentifierPredicate "com.DefaultCompany.NeonDrift">> allow:(null)>
	]>
2026-06-22 01:16:20.174 Df SpringBoard[50190:3c6b67] [com.apple.SpringBoard:Common] termination assertion acquired for com.DefaultCompany.NeonDrift
2026-06-22 01:16:20.174 Df SpringBoard[50190:3c6b67] [com.apple.SpringBoard:Icon] 0x12b21ad00-SBApplicationIcon Data source did change: <SBApplication: 0x106ddbc00; com.DefaultCompany.NeonDrift> {
    processState = <SBApplicationProcessState: 0x127afb120; pid: 89313; taskState: Running; visibility: Foreground>;
} (SBApplication)
2026-06-22 01:16:20.174 Df runningboardd[50195:4b7613] [com.apple.runningboard:process] [app<com.DefaultCompany.NeonDrift((null))>:89313] terminate_with_reason() success
2026-06-22 01:16:20.175 Df SpringBoard[50190:4bb1ea] [com.apple.FrontBoard:ProcessWorkspace] [app<com.DefaultCompany.NeonDrift>:89313] Workspace connection invalidated.
2026-06-22 01:16:20.175 Df backboardd[50213:4bc1ba] [com.apple.iohid:default] Connection removed: IOHIDEventSystemConnection uuid:725691C5-1A95-4203-B69F-F381487E0012 pid:89313 process:NeonDrift type:Passive entitlements:0x0 caller:BackBoardServices: ___getHIDEventSystemClient_block_invoke + 296 attributes:{
    HighFrequency = 0;
    bundleID = "com.DefaultCompany.NeonDrift";
    pid = 89313;
} state:0x1 events:0 mask:0x0 dropped:0 dropStatus:0 droppedMask:0x0 lastDroppedTime:NONE
2026-06-22 01:16:20.175 Df SpringBoard[50190:4bb1ea] [com.apple.FrontBoard:Process] [app<com.DefaultCompany.NeonDrift>:89313] Now flagged as pending exit for reason: workspace client connection invalidated
2026-06-22 01:16:20.175 Df backboardd[50213:4bc1bc] [com.apple.iohid:default] Connection removed: IOHIDEventSystemConnection uuid:CC62BC9F-3BEE-4C23-A5B9-413334996BA7 pid:89313 process:NeonDrift type:Monitor entitlements:0x0 caller:GameControllerFoundation: -[GCHIDEventSystemClient initWithQueue:type:attributes:functions:] + 116 attributes:(null) state:0x1 events:0 mask:0x0 dropped:0 dropStatus:0 droppedMask:0x0 lastDroppedTime:NONE
2026-06-22 01:16:20.175 Df backboardd[50213:4bc1ba] [com.apple.BackBoard:HID] Removing client connection <BKHIDClientConnection: 0x10c966ec0; IOHIDEventSystemConnectionRef: 0x105b79c00; vpid: 89313(v69C9B); taskPort: 0x20AD3; bundleID: com.DefaultCompany.NeonDrift> for client: IOHIDEventSystemConnection uuid:725691C5-1A95-4203-B69F-F381487E0012 pid:89313 process:NeonDrift type:Passive entitlements:0x0 caller:BackBoardServices: ___getHIDEventSystemClient_block_invoke + 296 attributes:{
    HighFrequency = 0;
    bundleID = "com.DefaultCompany.NeonDrift";
    pid = 89313;
} state:0x1 events:0 mask:0x0 dropped:0 dropStatus:0 droppedMask:0x0 lastDroppedTime:NONE source:HID
2026-06-22 01:16:20.175 Df SpringBoard[50190:4bc1bd] [com.apple.KeyboardArbiter:Handle] com.DefaultCompany.NeonDrift(89313) lostConnection (invalidation)
2026-06-22 01:16:20.176 Df runningboardd[50195:4b7613] [com.apple.runningboard:process] XPC connection invalidated: [app<com.DefaultCompany.NeonDrift((null))>:89313]
2026-06-22 01:16:20.176 Df installcoordinationd[73024:4bc1aa] [com.apple.runningboard:assertion] Setting up death monitor for [app<com.DefaultCompany.NeonDrift((null))>:89313]
2026-06-22 01:16:20.176 Df installcoordinationd[73024:4bc1aa] [com.apple.runningboard:process] Starting death monitoring for handle [app<com.DefaultCompany.NeonDrift((null))>:89313]
2026-06-22 01:16:20.176 Df installcoordinationd[73024:4bc1a5] [com.apple.appinstallation:TransactionLog] com.DefaultCompany.NeonDrift/Unknown Persona:4:9:1:1:Placeholder Promise began. Coordinator State: IXAppCoordinationStateWaitingForPlaceholderAssertion
2026-06-22 01:16:20.176 Df installcoordinationd[73024:4bc1a5] [com.apple.installcoordination:daemon] -[IXSCoordinatorProgress setTotalUnitsCompleted:]: Progress for coordinator: [com.DefaultCompany.NeonDrift/Invalid/[system-defined]], Phase: IXCoordinatorProgressPhaseLoading, Percentage: 100.000000: Attempt to set units completed on finished progress: 100
2026-06-22 01:16:20.176 Df backboardd[50213:4b3c3c] [com.apple.BackBoard:EventDelivery] chain did update (setDeferringRules) <keyboardFocus; display: null> containsEndOfChain: YES; [
    <token: com.apple.frontboard.systemappservices/FBSceneManager:com.apple.springboard; pid: 50190>,
    <token: com.apple.frontboard.systemappservices/FBSceneManager:sceneID%3Acom.DefaultCompany.NeonDrift-default; pid: 89313>
]
2026-06-22 01:16:20.176 Df SpringBoard[50190:4bc1bd] [com.apple.KeyboardArbiter:Handle] RX com.DefaultCompany.NeonDrift(89313) setWindowContextID:0 windowState:Disabled level:0.0
    focusContext:(null)
2026-06-22 01:16:20.176 Df installcoordinationd[73024:4bc1a5] [com.apple.appinstallation:TransactionLog] com.DefaultCompany.NeonDrift/Unknown Persona:4:9:2:1:Placeholder Promise completed. Coordinator State: IXAppCoordinationStateWaitingForPlaceholderAssertion
2026-06-22 01:16:20.176 Df backboardd[50213:4b3c3c] [com.apple.BackBoard:EventDelivery] chain did update (setDeferringRules) <keyboardFocus; display: builtin> containsEndOfChain: YES; [
    <token: com.apple.frontboard.systemappservices/FBSceneManager:com.apple.springboard; pid: 50190>,
    <token: com.apple.frontboard.systemappservices/FBSceneManager:sceneID%3Acom.DefaultCompany.NeonDrift-default; pid: 89313>
]
2026-06-22 01:16:20.176 Df CoreSimulatorBridge[50222:4bc1a4] [com.apple.installcoordination:framework] -[IXAppInstallCoordinator _clientDelegate_promiseDidBeginFulfillmentWithIdentifier:]: <IXUpdatingAppInstallCoordinator<0x101474f00> identity:[com.DefaultCompany.NeonDrift/Invalid/[system-defined]] uuid:3D094155-7105-4B07-854F-8FF3204C1B14 creator:InstallCoordination Simple SPI>: Got promise did begin fulfillment for identifier 1
2026-06-22 01:16:20.176 Df CoreSimulatorBridge[50222:4bc1a4] [com.apple.installcoordination:framework] -[IXAppInstallCoordinator _clientDelegate_promiseDidBeginFulfillmentWithIdentifier:]_block_invoke: <IXUpdatingAppInstallCoordinator<0x101474f00> identity:[com.DefaultCompany.NeonDrift/Invalid/[system-defined]] uuid:3D094155-7105-4B07-854F-8FF3204C1B14 creator:InstallCoordination Simple SPI>: Observer <_IXSimpleInstallerDelegate 0x0x1017d8900> does not respond to coordinator:configuredPromiseDidBeginFulfillment: (or any deprecated equivalent)
2026-06-22 01:16:20.176 Df SpringBoard[50190:3c6b67] [com.apple.SpringBoard:KeyboardFocus] [coordinator] using MRU target <com.apple.frontboard.systemappservices/FBSceneManager:sceneID%3Acom.DefaultCompany.NeonDrift-default pid:89313>
2026-06-22 01:16:20.176 Df SpringBoard[50190:3c6b67] [com.apple.SpringBoard:KeyboardFocus] [coordinator] informing scene controller 'com.apple.springboard' of focusTarget: <com.apple.frontboard.systemappservices/FBSceneManager:sceneID%3Acom.DefaultCompany.NeonDrift-default pid:89313>
2026-06-22 01:16:20.177 Df SpringBoard[50190:3c6b67] [com.apple.SpringBoard:KeyboardFocus] [coordinator] keyboard arbiter suggested <nothing> and we replied <com.apple.frontboard.systemappservices/FBSceneManager:sceneID%3Acom.DefaultCompany.NeonDrift-default pid:89313>
2026-06-22 01:16:20.177 E  SpringBoard[50190:4bb1ea] [com.apple.UIKit:KeyboardArbiter] Advisor: No handle found for currently focused PID: 89313; sceneIdentity: com.apple.frontboard.systemappservices/FBSceneManager:sceneID%3Acom.DefaultCompany.NeonDrift-default
2026-06-22 01:16:20.182 Df launchd_sim[50184:4bc113] [user/501/UIKitApplication:com.DefaultCompany.NeonDrift[8052][rb-legacy] [89313]:] exited with exit reason (namespace: 15 code: 0x0) - OS_REASON_RUNNINGBOARD | <RBSTerminateContext| explanation:installcoordinationd app:[com.DefaultCompany.NeonDrift/Invalid/[system-defined]] uuid:3D094155-7105-4B07-854F-8FF3204C1B14 isPlaceholder:Y reportType:None maxTerminationResistance:Absolute attrs:[
	<RBSPreventLaunchLimitation| <RBSProcessPredicate <RBSProcessBundleIdentifierPredicate "com.DefaultCompany.NeonDrift">> allow:(null)>
	]>, ran for 229986ms
2026-06-22 01:16:20.182 Df launchd_sim[50184:4bc113] [user/501:] service inactive: UIKitApplication:com.DefaultCompany.NeonDrift[8052][rb-legacy]
2026-06-22 01:16:20.183 Df runningboardd[50195:4bc1ad] [com.apple.runningboard:ttl] [app<com.DefaultCompany.NeonDrift((null))>:89313] termination reported by launchd (15, 0, 9)
2026-06-22 01:16:20.183 Df runningboardd[50195:4bc1ad] [com.apple.runningboard:process] Removing process: [app<com.DefaultCompany.NeonDrift((null))>:89313]
2026-06-22 01:16:20.183 Df runningboardd[50195:4bc1ad] [com.apple.runningboard:job] Removing launch job for: [app<com.DefaultCompany.NeonDrift((null))>:89313]
2026-06-22 01:16:20.183 Df launchd_sim[50184:4bc0f1] [user/501:] removing service: UIKitApplication:com.DefaultCompany.NeonDrift[8052][rb-legacy]
2026-06-22 01:16:20.183 Df runningboardd[50195:4bc1ad] [com.apple.runningboard:job] Removed job for [app<com.DefaultCompany.NeonDrift((null))>:89313]
2026-06-22 01:16:20.183 Df runningboardd[50195:4bc1ad] [com.apple.runningboard:process] Removing assertions for terminated process: [app<com.DefaultCompany.NeonDrift((null))>:89313]
2026-06-22 01:16:20.183 Df runningboardd[50195:4bc1ad] [com.apple.runningboard:assertion] Removed last relative-start-date-defining assertion for process app<com.DefaultCompany.NeonDrift((null))>
2026-06-22 01:16:20.183 Df runningboardd[50195:4bc1ac] [com.apple.runningboard:monitor] Calculated state for app<com.DefaultCompany.NeonDrift((null))>: none (role: None) (endowments: (null))
2026-06-22 01:16:20.183 Df runningboardd[50195:4b7613] [com.apple.runningboard:process] Notifying connection [osservice<com.apple.SpringBoard>:50190] that process [app<com.DefaultCompany.NeonDrift((null))>:89313] exited with context <RBSProcessExitContext| specific, status:<RBSProcessExitStatus| domain:runningboard(15) code:0>>
2026-06-22 01:16:20.184 Df SpringBoard[50190:4bc1bb] [com.apple.FrontBoard:ProcessWorkspace] [app<com.DefaultCompany.NeonDrift>:89313] Workspace assertion invalidated: <NSError: 0x1304059e0; domain: RBSAssertionErrorDomain; code: 1; "Assertions were invalidated, count = 3.
50195-50190-4878: invalidation reason: 1
50195-50190-4877: invalidation reason: 1
50195-50190-4882: invalidation reason: 1">
2026-06-22 01:16:20.184 Df runningboardd[50195:4b7613] [com.apple.runningboard:process] Notifying connection [osservice<com.apple.installcoordinationd>:73024] that process [app<com.DefaultCompany.NeonDrift((null))>:89313] exited with context <RBSProcessExitContext| specific, status:<RBSProcessExitStatus| domain:runningboard(15) code:0>>
2026-06-22 01:16:20.184 Df runningboardd[50195:4b7613] [com.apple.runningboard:monitor] Calculated state for app<com.DefaultCompany.NeonDrift((null))>: none (role: None) (endowments: (null))
2026-06-22 01:16:20.184 Df SpringBoard[50190:4bc1c3] [com.apple.runningboard:process] Calling process death completion block for handle [app<com.DefaultCompany.NeonDrift((null))>:89313]
2026-06-22 01:16:20.184 Df SpringBoard[50190:4bc1c3] [com.apple.FrontBoard:Process] [app<com.DefaultCompany.NeonDrift>:89313] Process exited: <RBSProcessExitContext| specific, status:<RBSProcessExitStatus| domain:runningboard(15) code:0>>.
2026-06-22 01:16:20.184 Df SpringBoard[50190:4bc1c3] [com.apple.FrontBoard:Process] [app<com.DefaultCompany.NeonDrift>:89313] Setting process task state to: Not Running
2026-06-22 01:16:20.184 Df SpringBoard[50190:4bc1c3] [com.apple.FrontBoard:Process] [app<com.DefaultCompany.NeonDrift>:89313] Setting process visibility to: Unknown
2026-06-22 01:16:20.184 Df SpringBoard[50190:4bc1bd] [com.apple.FrontBoard:ProcessWorkspace] [app<com.DefaultCompany.NeonDrift>:89313] Invalidating workspace.
