Timestamp               Ty Process[PID:TID]
2026-06-24 01:32:15.955 Df CoreSimulatorBridge[16923:9771a5] Request received for installation of file:///Users/dragonkao/.openclaw/workspace/382b9e3384298039b171c9b2a60ae644/NeonDrift_MVP/project/xcode_derived_data/Build/Products/Release-iphonesimulator/NeonDrift.app/ with options: {
    PackageType = Developer;
    SimulatorRootPath = "/Library/Developer/CoreSimulator/Volumes/iOS_23F77/Library/Developer/CoreSimulator/Profiles/Runtimes/iOS 26.5.simruntime/Contents/Resources/RuntimeRoot";
    SimulatorUserPath = "/Users/dragonkao/Library/Developer/CoreSimulator/Devices/CCB1E793-CED4-4FCD-BF73-321AAEA77AB9/data";
}
2026-06-24 01:32:15.956 Df CoreSimulatorBridge[16923:9771a5] [com.apple.installcoordination:framework] +[IXAppInstallCoordinator(IXSimpleInstaller) _beginInstallForURL:forPersonaUniqueString:consumeSource:options:progressBlock:completionWithIdentity:]: Beginning install for /Users/dragonkao/.openclaw/workspace/382b9e3384298039b171c9b2a60ae644/NeonDrift_MVP/project/xcode_derived_data/Build/Products/Release-iphonesimulator/NeonDrift.app consuming source:N options:{
    IsUserInitiated = 1;
    PackageType = Developer;
} installationRequestorAuditToken: NULL
2026-06-24 01:32:15.958 Df installcoordinationd[55453:9909e1] [com.apple.installcoordination:daemon] -[IXSDataPromiseManager registerPromise:]: Registered promise <IXSPlaceholder(0x105d0c500) Name:App Placeholder: NeonDrift (com.DefaultCompany.NeonDrift) Creator:InstallCoordination Simple SPI UUID:AEDAFB4F-C4BD-4489-9C38-80D361886AF5 Location:[system-defined]> for UUID AEDAFB4F-C4BD-4489-9C38-80D361886AF5
2026-06-24 01:32:15.959 Df installcoordinationd[55453:9909e1] [com.apple.installcoordination:daemon] -[IXSPlaceholder setAttributes:]: <IXSPlaceholder(0x105d0c500) Name:App Placeholder: NeonDrift (com.DefaultCompany.NeonDrift) Creator:InstallCoordination Simple SPI UUID:AEDAFB4F-C4BD-4489-9C38-80D361886AF5 Location:[system-defined]>: setting placeholder attributes to <IXPlaceholderAttributes<0x105ca46e0> : {
    CFBundleShortVersionString = "1.0";
    CFBundleSupportedPlatforms =     (
        iPhoneSimulator
    );
    CFBundleVersion = 0;
    DTPlatformName = iphonesimulator;
    LSRequiresIPhoneOS = 1;
    MinimumOSVersion = "13.0";
    UIDeviceFamily =     (
        1,
        2
    );
    UIRequiredDeviceCapabilities =     {
        arm64 = 1;
        metal = 1;
    };
}>
2026-06-24 01:32:15.959 Df CoreSimulatorBridge[16923:98f9fd] [com.apple.installcoordination:framework] +[IXPlaceholder _setEntitlementsFromBundleExecutableURL:withBundleID:client:onPlaceholder:location:error:]: Executable for com.DefaultCompany.NeonDrift at NeonDrift -- file:///Users/dragonkao/.openclaw/workspace/382b9e3384298039b171c9b2a60ae644/NeonDrift_MVP/project/xcode_derived_data/Build/Products/Release-iphonesimulator/NeonDrift.app/ had no entitlements
2026-06-24 01:32:15.959 Df CoreSimulatorBridge[16923:98f9fd] [com.apple.installcoordination:framework] +[IXPlaceholder _placeholderForBundle:client:withParent:installType:metadata:placeholderType:mayBeDeltaPackage:isFromSerializedPlaceholder:location:error:]: Using full fidelity icons for com.DefaultCompany.NeonDrift at /Users/dragonkao/.openclaw/workspace/382b9e3384298039b171c9b2a60ae644/NeonDrift_MVP/project/xcode_derived_data/Build/Products/Release-iphonesimulator/NeonDrift.app
2026-06-24 01:32:15.960 Df installcoordinationd[55453:9909e1] [com.apple.installcoordination:daemon] -[IXSDataPromiseManager registerPromise:]: Registered promise <IXSPromisedTransferToPath(0x105ce5500) Name:Icon resources for com.DefaultCompany.NeonDrift Creator:InstallCoordination Simple SPI UUID:FADA786B-5752-4CB4-A86D-E940C3F46E40 Location:[system-defined]> for UUID FADA786B-5752-4CB4-A86D-E940C3F46E40
2026-06-24 01:32:15.962 Df CoreSimulatorBridge[16923:98f9fd] [com.apple.installcoordination:framework] -[IXPromisedTransferToPath setComplete:]: <IXPromisedTransferToPath<0x1055ce000> name:"Icon resources for com.DefaultCompany.NeonDrift" uuid:FADA786B-5752-4CB4-A86D-E940C3F46E40 creator:"InstallCoordination Simple SPI" location:[system-defined]> Move operation from /Users/dragonkao/Library/Developer/CoreSimulator/Devices/CCB1E793-CED4-4FCD-BF73-321AAEA77AB9/data/Containers/Shared/SystemGroup/systemgroup.com.apple.installcoordinationd/Library/InstallCoordination/PromiseStaging/FADA786B-5752-4CB4-A86D-E940C3F46E40/temp.cf6359 to /Users/dragonkao/Library/Developer/CoreSimulator/Devices/CCB1E793-CED4-4FCD-BF73-321AAEA77AB9/data/Containers/Shared/SystemGroup/systemgroup.com.apple.installcoordinationd/Library/InstallCoordination/PromiseStaging/FADA786B-5752-4CB4-A86D-E940C3F46E40/temp.cf6359 took 0.000042 seconds
2026-06-24 01:32:15.963 Df installcoordinationd[55453:9909e1] [com.apple.installcoordination:daemon] -[IXSDataPromise _setPercentComplete:saveStateIfNeeded:]: Progress: <IXSPromisedTransferToPath(0x105ce5500) Name:Icon resources for com.DefaultCompany.NeonDrift Creator:InstallCoordination Simple SPI UUID:FADA786B-5752-4CB4-A86D-E940C3F46E40 Location:[system-defined]>
2026-06-24 01:32:15.964 Df installcoordinationd[55453:9909e1] [com.apple.installcoordination:daemon] -[IXSDataPromiseManager promiseDidBegin:]: Unowned promise began: <IXSPromisedTransferToPath(0x105ce5500) Name:Icon resources for com.DefaultCompany.NeonDrift Creator:InstallCoordination Simple SPI UUID:FADA786B-5752-4CB4-A86D-E940C3F46E40 Location:[system-defined]>
2026-06-24 01:32:15.964 Df installcoordinationd[55453:9909e1] [com.apple.installcoordination:daemon] -[IXSDataPromiseManager promise:didUpdateProgress:]: Unowned promise update progress to 1.000000 : <IXSPromisedTransferToPath(0x105ce5500) Name:Icon resources for com.DefaultCompany.NeonDrift Creator:InstallCoordination Simple SPI UUID:FADA786B-5752-4CB4-A86D-E940C3F46E40 Location:[system-defined]>
2026-06-24 01:32:15.964 Df installcoordinationd[55453:9909e1] [com.apple.installcoordination:daemon] -[IXSDataPromiseManager promiseDidComplete:]: Unowned promise completed: <IXSPromisedTransferToPath(0x105ce5500) Name:Icon resources for com.DefaultCompany.NeonDrift Creator:InstallCoordination Simple SPI UUID:FADA786B-5752-4CB4-A86D-E940C3F46E40 Location:[system-defined]>
2026-06-24 01:32:15.965 Df installcoordinationd[55453:9909e7] [com.apple.installcoordination:daemon] -[IXSDataPromise _setPercentComplete:saveStateIfNeeded:]: Progress: <IXSPromisedInMemoryDictionary(0x105ce5600) Name:Info.plist icon content for com.DefaultCompany.NeonDrift Creator:InstallCoordination Simple SPI UUID:CFE256B3-4552-4821-9193-A45C45339827 Location:[system-defined]>
2026-06-24 01:32:15.965 Df installcoordinationd[55453:9909e7] [com.apple.installcoordination:daemon] -[IXSDataPromiseManager registerPromise:]: Registered promise <IXSPromisedInMemoryDictionary(0x105ce5600) Name:Info.plist icon content for com.DefaultCompany.NeonDrift Creator:InstallCoordination Simple SPI UUID:CFE256B3-4552-4821-9193-A45C45339827 Location:[system-defined]> for UUID CFE256B3-4552-4821-9193-A45C45339827
2026-06-24 01:32:15.965 Df installcoordinationd[55453:995bda] [com.apple.installcoordination:daemon] -[IXSDataPromiseManager promiseDidBegin:]: Unowned promise began: <IXSPromisedInMemoryDictionary(0x105ce5600) Name:Info.plist icon content for com.DefaultCompany.NeonDrift Creator:InstallCoordination Simple SPI UUID:CFE256B3-4552-4821-9193-A45C45339827 Location:[system-defined]>
2026-06-24 01:32:15.965 Df installcoordinationd[55453:995bda] [com.apple.installcoordination:daemon] -[IXSDataPromiseManager promise:didUpdateProgress:]: Unowned promise update progress to 1.000000 : <IXSPromisedInMemoryDictionary(0x105ce5600) Name:Info.plist icon content for com.DefaultCompany.NeonDrift Creator:InstallCoordination Simple SPI UUID:CFE256B3-4552-4821-9193-A45C45339827 Location:[system-defined]>
2026-06-24 01:32:15.965 Df installcoordinationd[55453:995bda] [com.apple.installcoordination:daemon] -[IXSDataPromiseManager promiseDidComplete:]: Unowned promise completed: <IXSPromisedInMemoryDictionary(0x105ce5600) Name:Info.plist icon content for com.DefaultCompany.NeonDrift Creator:InstallCoordination Simple SPI UUID:CFE256B3-4552-4821-9193-A45C45339827 Location:[system-defined]>
2026-06-24 01:32:15.965 Df installcoordinationd[55453:9909e7] [com.apple.installcoordination:daemon] -[IXSPlaceholder setIconResourcesPromise:]: <IXSPlaceholder(0x105d0c500) Name:App Placeholder: NeonDrift (com.DefaultCompany.NeonDrift) Creator:InstallCoordination Simple SPI UUID:AEDAFB4F-C4BD-4489-9C38-80D361886AF5 Location:[system-defined]>: setting icon resources promise to <IXSPromisedTransferToPath(0x105ce5500) Name:Icon resources for com.DefaultCompany.NeonDrift Creator:InstallCoordination Simple SPI UUID:FADA786B-5752-4CB4-A86D-E940C3F46E40 Location:[system-defined]>
2026-06-24 01:32:15.966 Df installcoordinationd[55453:9909e7] [com.apple.installcoordination:daemon] -[IXSPlaceholder setInfoPlistIconContentPromise:]: <IXSPlaceholder(0x105d0c500) Name:App Placeholder: NeonDrift (com.DefaultCompany.NeonDrift) Creator:InstallCoordination Simple SPI UUID:AEDAFB4F-C4BD-4489-9C38-80D361886AF5 Location:[system-defined]>: setting Info.plist icon content promise to <IXSPromisedInMemoryDictionary(0x105ce5600) Name:Info.plist icon content for com.DefaultCompany.NeonDrift Creator:InstallCoordination Simple SPI UUID:CFE256B3-4552-4821-9193-A45C45339827 Location:[system-defined]>
2026-06-24 01:32:15.966 Df installcoordinationd[55453:9909e7] [com.apple.installcoordination:daemon] -[IXSDataPromiseManager promiseDidBegin:]: Unowned promise began: <IXSPlaceholder(0x105d0c500) Name:App Placeholder: NeonDrift (com.DefaultCompany.NeonDrift) Creator:InstallCoordination Simple SPI UUID:AEDAFB4F-C4BD-4489-9C38-80D361886AF5 Location:[system-defined]>
2026-06-24 01:32:15.966 Df installcoordinationd[55453:9909e7] [com.apple.installcoordination:daemon] -[IXSDataPromiseManager promise:didUpdateProgress:]: Unowned promise update progress to 0.000000 : <IXSPlaceholder(0x105d0c500) Name:App Placeholder: NeonDrift (com.DefaultCompany.NeonDrift) Creator:InstallCoordination Simple SPI UUID:AEDAFB4F-C4BD-4489-9C38-80D361886AF5 Location:[system-defined]>
2026-06-24 01:32:15.966 Df installcoordinationd[55453:9909e7] [com.apple.installcoordination:daemon] -[IXSDataPromiseManager promise:didUpdateProgress:]: Unowned promise update progress to 0.000000 : <IXSPlaceholder(0x105d0c500) Name:App Placeholder: NeonDrift (com.DefaultCompany.NeonDrift) Creator:InstallCoordination Simple SPI UUID:AEDAFB4F-C4BD-4489-9C38-80D361886AF5 Location:[system-defined]>
2026-06-24 01:32:15.967 Df installcoordinationd[55453:9909e1] [com.apple.installcoordination:daemon] -[IXSDataPromise _setPercentComplete:saveStateIfNeeded:]: Progress: <IXSPromisedInMemoryDictionary(0x105ce5000) Name:Localizations for com.DefaultCompany.NeonDrift Creator:InstallCoordination Simple SPI UUID:709AD4A3-3C28-443D-AA82-0CE8B4918B67 Location:[system-defined]>
2026-06-24 01:32:15.967 Df installcoordinationd[55453:9909e1] [com.apple.installcoordination:daemon] -[IXSDataPromiseManager registerPromise:]: Registered promise <IXSPromisedInMemoryDictionary(0x105ce5000) Name:Localizations for com.DefaultCompany.NeonDrift Creator:InstallCoordination Simple SPI UUID:709AD4A3-3C28-443D-AA82-0CE8B4918B67 Location:[system-defined]> for UUID 709AD4A3-3C28-443D-AA82-0CE8B4918B67
2026-06-24 01:32:15.968 Df installcoordinationd[55453:995bda] [com.apple.installcoordination:daemon] -[IXSDataPromiseManager promiseDidBegin:]: Unowned promise began: <IXSPromisedInMemoryDictionary(0x105ce5000) Name:Localizations for com.DefaultCompany.NeonDrift Creator:InstallCoordination Simple SPI UUID:709AD4A3-3C28-443D-AA82-0CE8B4918B67 Location:[system-defined]>
2026-06-24 01:32:15.968 Df installcoordinationd[55453:995bda] [com.apple.installcoordination:daemon] -[IXSDataPromiseManager promise:didUpdateProgress:]: Unowned promise update progress to 1.000000 : <IXSPromisedInMemoryDictionary(0x105ce5000) Name:Localizations for com.DefaultCompany.NeonDrift Creator:InstallCoordination Simple SPI UUID:709AD4A3-3C28-443D-AA82-0CE8B4918B67 Location:[system-defined]>
2026-06-24 01:32:15.968 Df installcoordinationd[55453:995bda] [com.apple.installcoordination:daemon] -[IXSDataPromiseManager promiseDidComplete:]: Unowned promise completed: <IXSPromisedInMemoryDictionary(0x105ce5000) Name:Localizations for com.DefaultCompany.NeonDrift Creator:InstallCoordination Simple SPI UUID:709AD4A3-3C28-443D-AA82-0CE8B4918B67 Location:[system-defined]>
2026-06-24 01:32:15.968 Df installcoordinationd[55453:9909e1] [com.apple.installcoordination:daemon] -[IXSPlaceholder setLocalizationDictionaryPromise:]: <IXSPlaceholder(0x105d0c500) Name:App Placeholder: NeonDrift (com.DefaultCompany.NeonDrift) Creator:InstallCoordination Simple SPI UUID:AEDAFB4F-C4BD-4489-9C38-80D361886AF5 Location:[system-defined]>: setting localization dict promise to <IXSPromisedInMemoryDictionary(0x105ce5000) Name:Localizations for com.DefaultCompany.NeonDrift Creator:InstallCoordination Simple SPI UUID:709AD4A3-3C28-443D-AA82-0CE8B4918B67 Location:[system-defined]>
2026-06-24 01:32:15.969 Df installcoordinationd[55453:9909e1] [com.apple.installcoordination:daemon] -[IXSDataPromiseManager promise:didUpdateProgress:]: Unowned promise update progress to 0.000000 : <IXSPlaceholder(0x105d0c500) Name:App Placeholder: NeonDrift (com.DefaultCompany.NeonDrift) Creator:InstallCoordination Simple SPI UUID:AEDAFB4F-C4BD-4489-9C38-80D361886AF5 Location:[system-defined]>
2026-06-24 01:32:15.969 Df installcoordinationd[55453:9909e7] [com.apple.installcoordination:daemon] -[IXSPlaceholder setConfigurationComplete:]: <IXSPlaceholder(0x105d0c500) Name:App Placeholder: NeonDrift (com.DefaultCompany.NeonDrift) Creator:InstallCoordination Simple SPI UUID:AEDAFB4F-C4BD-4489-9C38-80D361886AF5 Location:[system-defined]>: setting configuration complete to Y
2026-06-24 01:32:15.970 Df installcoordinationd[55453:9909e7] [com.apple.installcoordination:daemon] -[IXSPlaceholder _materialize]: <IXSPlaceholder(0x105d0c500) Name:App Placeholder: NeonDrift (com.DefaultCompany.NeonDrift) Creator:InstallCoordination Simple SPI UUID:AEDAFB4F-C4BD-4489-9C38-80D361886AF5 Location:[system-defined]>: Materializing placeholder at /Users/dragonkao/Library/Developer/CoreSimulator/Devices/CCB1E793-CED4-4FCD-BF73-321AAEA77AB9/data/Containers/Shared/SystemGroup/systemgroup.com.apple.installcoordinationd/Library/InstallCoordination/PromiseStaging/AEDAFB4F-C4BD-4489-9C38-80D361886AF5/NeonDrift.app
2026-06-24 01:32:15.970 Df installcoordinationd[55453:9909e7] [com.apple.installcoordination:daemon] -[IXSPlaceholder _materialize]: <IXSPlaceholder(0x105d0c500) Name:App Placeholder: NeonDrift (com.DefaultCompany.NeonDrift) Creator:InstallCoordination Simple SPI UUID:AEDAFB4F-C4BD-4489-9C38-80D361886AF5 Location:[system-defined]>: Using Info.plist icon content: {
    CFBundleIcons =     {
        CFBundlePrimaryIcon =         {
            CFBundleIconName = AppIcon;
        };
    };
    "CFBundleIcons~ipad" =     {
        CFBundlePrimaryIcon =         {
            CFBundleIconName = AppIcon;
        };
    };
    ISIconPlatform = iPhoneOS;
}
2026-06-24 01:32:15.970 Df installcoordinationd[55453:9909e7] [com.apple.installcoordination:daemon] -[IXSPlaceholder _materialize]_block_invoke: <IXSPlaceholder(0x105d0c500) Name:App Placeholder: NeonDrift (com.DefaultCompany.NeonDrift) Creator:InstallCoordination Simple SPI UUID:AEDAFB4F-C4BD-4489-9C38-80D361886AF5 Location:[system-defined]>: Using icon resource Assets.car
2026-06-24 01:32:15.970 Df installcoordinationd[55453:9909e7] [com.apple.installcoordination:daemon] -[IXSPlaceholder _materialize]: <IXSPlaceholder(0x105d0c500) Name:App Placeholder: NeonDrift (com.DefaultCompany.NeonDrift) Creator:InstallCoordination Simple SPI UUID:AEDAFB4F-C4BD-4489-9C38-80D361886AF5 Location:[system-defined]>: Including lproj localizations for (
)
2026-06-24 01:32:15.970 Df installcoordinationd[55453:9909e7] [com.apple.installcoordination:daemon] -[IXSDataPromiseManager promiseDidComplete:]: Unowned promise completed: <IXSPlaceholder(0x105d0c500) Name:App Placeholder: NeonDrift (com.DefaultCompany.NeonDrift) Creator:InstallCoordination Simple SPI UUID:AEDAFB4F-C4BD-4489-9C38-80D361886AF5 Location:[system-defined]>
2026-06-24 01:32:15.971 Df installcoordinationd[55453:9909e1] [com.apple.installcoordination:daemon] -[IXSDataPromiseManager registerPromise:]: Registered promise <IXSPromisedTransferToPath(0x105ce5400) Name:App Asset: com.DefaultCompany.NeonDrift Creator:InstallCoordination Simple SPI UUID:3DEC1563-2195-4CF6-9FF0-E8B7F6093F8C Location:[system-defined]> for UUID 3DEC1563-2195-4CF6-9FF0-E8B7F6093F8C
2026-06-24 01:32:15.973 Df installcoordinationd[55453:9909e1] [com.apple.installcoordination:daemon] -[IXSCoordinatorManager coordinatorForIdentity:connection:error:creatingIfNotExisting:]_block_invoke: Registered coordinator: <IXSCoordinatedAppInstall<0x105df4000> [P=CoreSimulatorBridge (pid 16923)] identifier:[com.DefaultCompany.NeonDrift/Invalid/[system-defined]] uuid:194E39C1-139C-4D9A-857F-3A392460C214 intent:IXCoordinatorIntentUpdating creator/appDRI:InstallCoordination Simple SPI importance:Background state:IXAppCoordinationStatePlaceholderPromiseNotSet promise-state:01234>
2026-06-24 01:32:15.973 Df installcoordinationd[55453:9909e1] [com.apple.appinstallation:TransactionLog] com.DefaultCompany.NeonDrift/Unknown Persona:4:2:1:1:Created coordinator with intent IXCoordinatorIntentUpdating for client InstallCoordination Simple SPI
2026-06-24 01:32:15.973 Df installcoordinationd[55453:9909e1] [com.apple.installcoordination:daemon] -[IXSCoordinatedAppInstall setPriorityBoostCompletion:withSourceInfo:]: <IXSCoordinatedAppInstall<0x105df4000> [P=CoreSimulatorBridge (pid 16923)] identifier:[com.DefaultCompany.NeonDrift/Invalid/[system-defined]] uuid:194E39C1-139C-4D9A-857F-3A392460C214 intent:IXCoordinatorIntentUpdating creator/appDRI:InstallCoordination Simple SPI importance:Background state:IXAppCoordinationStatePlaceholderPromiseNotSet promise-state:01234>: Retaining completion from CoreSimulatorBridge (16923), QOS_CLASS_DEFAULT (0x15)
2026-06-24 01:32:15.973 Df installcoordinationd[55453:9909e1] [com.apple.installcoordination:daemon] -[IXSCoordinatedAppInstall setImportance:]: <IXSCoordinatedAppInstall<0x105df4000> [P=CoreSimulatorBridge (pid 16923)] identifier:[com.DefaultCompany.NeonDrift/Invalid/[system-defined]] uuid:194E39C1-139C-4D9A-857F-3A392460C214 intent:IXCoordinatorIntentUpdating creator/appDRI:InstallCoordination Simple SPI importance:UserWaiting state:IXAppCoordinationStatePlaceholderPromiseNotSet promise-state:01234>: set importance to UserWaiting
2026-06-24 01:32:15.973 Df installcoordinationd[55453:9909e1] [com.apple.installcoordination:daemon] -[IXSCoordinatedAppInstall _onQueue_fireObserversForClient:]: <IXSCoordinatedAppInstall<0x105df4000> [P=CoreSimulatorBridge (pid 16923)] identifier:[com.DefaultCompany.NeonDrift/Invalid/[system-defined]] uuid:194E39C1-139C-4D9A-857F-3A392460C214 intent:IXCoordinatorIntentUpdating creator/appDRI:InstallCoordination Simple SPI importance:UserWaiting state:IXAppCoordinationStatePlaceholderPromiseNotSet promise-state:01234>: Firing applicable observers for client <IXSClientConnection<0x105c44480> client:CoreSimulatorBridge (pid 16923) uuid:807850CD-602B-4881-A92F-9CDF1896469D>
2026-06-24 01:32:15.973 Df installcoordinationd[55453:9909e1] [com.apple.installcoordination:daemon] -[IXSCoordinatedAppInstall setPriorityBoostCompletion:withSourceInfo:]: <IXSCoordinatedAppInstall<0x105df4000> [P=CoreSimulatorBridge (pid 16923)] identifier:[com.DefaultCompany.NeonDrift/Invalid/[system-defined]] uuid:194E39C1-139C-4D9A-857F-3A392460C214 intent:IXCoordinatorIntentUpdating creator/appDRI:InstallCoordination Simple SPI importance:UserWaiting state:IXAppCoordinationStatePlaceholderPromiseNotSet promise-state:01234>: Disposing of completion from CoreSimulatorBridge (16923), QOS_CLASS_DEFAULT (0x15)
2026-06-24 01:32:15.973 Df installcoordinationd[55453:9909e1] [com.apple.installcoordination:daemon] -[IXSCoordinatedAppInstall setPriorityBoostCompletion:withSourceInfo:]: <IXSCoordinatedAppInstall<0x105df4000> [P=CoreSimulatorBridge (pid 16923)] identifier:[com.DefaultCompany.NeonDrift/Invalid/[system-defined]] uuid:194E39C1-139C-4D9A-857F-3A392460C214 intent:IXCoordinatorIntentUpdating creator/appDRI:InstallCoordination Simple SPI importance:UserWaiting state:IXAppCoordinationStatePlaceholderPromiseNotSet promise-state:01234>: Retaining completion from CoreSimulatorBridge (16923), QOS_CLASS_DEFAULT (0x15)
2026-06-24 01:32:15.974 Df CoreSimulatorBridge[16923:995bd9] [com.apple.installcoordination:framework] -[IXAppInstallCoordinator _clientDelegate_didRegisterForObservation]: <IXUpdatingAppInstallCoordinator<0x1055cda80> identity:[com.DefaultCompany.NeonDrift/Invalid/[system-defined]] uuid:194E39C1-139C-4D9A-857F-3A392460C214 creator:InstallCoordination Simple SPI>: Got observer registration delegate
2026-06-24 01:32:15.974 Df CoreSimulatorBridge[16923:995bd9] [com.apple.installcoordination:framework] -[IXAppInstallCoordinator _clientDelegate_shouldResume]: <IXUpdatingAppInstallCoordinator<0x1055cda80> identity:[com.DefaultCompany.NeonDrift/Invalid/[system-defined]] uuid:194E39C1-139C-4D9A-857F-3A392460C214 creator:InstallCoordination Simple SPI>: Got should resume delegate
2026-06-24 01:32:15.974 Df CoreSimulatorBridge[16923:9909e8] [com.apple.installcoordination:framework] -[IXAppInstallCoordinator _clientDelegate_didRegisterForObservation]_block_invoke: <IXUpdatingAppInstallCoordinator<0x1055cda80> identity:[com.DefaultCompany.NeonDrift/Invalid/[system-defined]] uuid:194E39C1-139C-4D9A-857F-3A392460C214 creator:InstallCoordination Simple SPI>: Observer <_IXSimpleInstallerDelegate 0x0x1055d6130> does not respond to coordinatorDidRegisterForObservation:
2026-06-24 01:32:15.974 Df CoreSimulatorBridge[16923:9909e8] [com.apple.installcoordination:framework] -[IXAppInstallCoordinator _clientDelegate_shouldResume]_block_invoke: <IXUpdatingAppInstallCoordinator<0x1055cda80> identity:[com.DefaultCompany.NeonDrift/Invalid/[system-defined]] uuid:194E39C1-139C-4D9A-857F-3A392460C214 creator:InstallCoordination Simple SPI>: Observer <_IXSimpleInstallerDelegate 0x0x1055d6130> does not respond to coordinatorShouldResume:
2026-06-24 01:32:15.975 Df installcoordinationd[55453:9909e1] [com.apple.installcoordination:daemon] -[IXSCoordinatedAppInstall _internal_setInstallOptionsPromise:performExternalActions:]: <IXSCoordinatedAppInstall<0x105df4000> [P=CoreSimulatorBridge (pid 16923)] identifier:[com.DefaultCompany.NeonDrift/Invalid/[system-defined]] uuid:194E39C1-139C-4D9A-857F-3A392460C214 intent:IXCoordinatorIntentUpdating creator/appDRI:InstallCoordination Simple SPI importance:UserWaiting state:IXAppCoordinationStatePlaceholderPromiseNotSet promise-state:012I4> : install options set: <IXSPromisedInMemoryData(0x105ce5680) Name:MIInstallOptions data Creator:Install Coordination Internal UUID:9B2E6B39-34E8-4497-84DD-986D558AEF1D Location:[system-defined]>
2026-06-24 01:32:15.975 Df installcoordinationd[55453:995bda] [com.apple.installcoordination:daemon] -[IXSCoordinatedAppInstall promiseDidComplete:]: <IXSCoordinatedAppInstall<0x105df4000> [P=CoreSimulatorBridge (pid 16923)] identifier:[com.DefaultCompany.NeonDrift/Invalid/[system-defined]] uuid:194E39C1-139C-4D9A-857F-3A392460C214 intent:IXCoordinatorIntentUpdating creator/appDRI:InstallCoordination Simple SPI importance:UserWaiting state:IXAppCoordinationStatePlaceholderPromiseNotSet promise-state:012I4> : Promise completed: <IXSPromisedInMemoryData(0x105ce5680) Name:MIInstallOptions data Creator:Install Coordination Internal UUID:9B2E6B39-34E8-4497-84DD-986D558AEF1D Location:[system-defined]>
2026-06-24 01:32:15.975 Df installcoordinationd[55453:995bda] [com.apple.appinstallation:TransactionLog] com.DefaultCompany.NeonDrift/Unknown Persona:4:13:1:1:Install Options Promise began. Coordinator State: IXAppCoordinationStatePlaceholderPromiseNotSet
2026-06-24 01:32:15.975 Df installcoordinationd[55453:995bda] [com.apple.appinstallation:TransactionLog] com.DefaultCompany.NeonDrift/Unknown Persona:4:13:2:1:Install Options Promise completed. Coordinator State: IXAppCoordinationStatePlaceholderPromiseNotSet
2026-06-24 01:32:15.975 Df installcoordinationd[55453:995bda] [com.apple.installcoordination:daemon] -[IXSCoordinatedAppInstall _internal_setAppAssetPromise:performExternalActions:]: <IXSCoordinatedAppInstall<0x105df4000> [P=CoreSimulatorBridge (pid 16923)] identifier:[com.DefaultCompany.NeonDrift/Invalid/[system-defined]] uuid:194E39C1-139C-4D9A-857F-3A392460C214 intent:IXCoordinatorIntentUpdating creator/appDRI:InstallCoordination Simple SPI importance:UserWaiting state:IXAppCoordinationStatePlaceholderPromiseNotSet promise-state:0a2I4> : App Asset Promise set: <IXSPromisedTransferToPath(0x105ce5400) Name:App Asset: com.DefaultCompany.NeonDrift Creator:InstallCoordination Simple SPI UUID:3DEC1563-2195-4CF6-9FF0-E8B7F6093F8C Location:[system-defined]>
2026-06-24 01:32:15.976 Df installcoordinationd[55453:995bda] [com.apple.installcoordination:daemon] -[IXSCoordinatedAppInstall setInitialODRAssetPromises:]: <IXSCoordinatedAppInstall<0x105df4000> [P=CoreSimulatorBridge (pid 16923)] identifier:[com.DefaultCompany.NeonDrift/Invalid/[system-defined]] uuid:194E39C1-139C-4D9A-857F-3A392460C214 intent:IXCoordinatorIntentUpdating creator/appDRI:InstallCoordination Simple SPI importance:UserWaiting state:IXAppCoordinationStatePlaceholderPromiseNotSet promise-state:0a2I4> : Initial ODR Asset Promises set: (
)
2026-06-24 01:32:15.976 Df CoreSimulatorBridge[16923:98f9fd] [com.apple.installcoordination:framework] -[IXPromisedTransferToPath _performDeltaCopyFrom:toDestination:]: Performing delta copy from /Users/dragonkao/.openclaw/workspace/382b9e3384298039b171c9b2a60ae644/NeonDrift_MVP/project/xcode_derived_data/Build/Products/Release-iphonesimulator/NeonDrift.app to /Users/dragonkao/Library/Developer/CoreSimulator/Devices/CCB1E793-CED4-4FCD-BF73-321AAEA77AB9/data/Containers/Shared/SystemGroup/systemgroup.com.apple.installcoordinationd/Library/InstallCoordination/PromiseStaging/3DEC1563-2195-4CF6-9FF0-E8B7F6093F8C/NeonDrift.app with installed bundle at /Users/dragonkao/Library/Developer/CoreSimulator/Devices/CCB1E793-CED4-4FCD-BF73-321AAEA77AB9/data/Containers/Bundle/Application/238BD938-7C6F-4D0B-B776-940C011BC6BC/NeonDrift.app
2026-06-24 01:32:15.977 Df CoreSimulatorBridge[16923:98f9fd] (MobileSystemServices) 0x16da47000 MDMCreateDeltaDirectory: calling MDMDirectoryDiff with:
state->old_bundle: /Users/dragonkao/Library/Developer/CoreSimulator/Devices/CCB1E793-CED4-4FCD-BF73-321AAEA77AB9/data/Containers/Bundle/Application/238BD938-7C6F-4D0B-B776-940C011BC6BC/NeonDrift.app
state->new_bundle: /Users/dragonkao/.openclaw/workspace/382b9e3384298039b171c9b2a60ae644/NeonDrift_MVP/project/xcode_derived_data/Build/Products/Release-iphonesimulator/NeonDrift.app
state->dst_bundle: /Users/dragonkao/Library/Developer/CoreSimulator/Devices/CCB1E793-CED4-4FCD-BF73-321AAEA77AB9/data/Containers/Shared/SystemGroup/systemgroup.com.apple.installcoordinationd/Library/InstallCoordination/PromiseStaging/3DEC1563-2195-4CF6-9FF0-E8B7F6093F8C/NeonDrift.app/Payload//NeonDrift.app, binaryDiff flag: FALSE
	dst_ipa: /Users/dragonkao/Library/Developer/CoreSimulator/Devices/CCB1E793-CED4-4FCD-BF73-321AAEA77AB9/data/Containers/Shared/SystemGroup/systemgroup.com.apple.installcoordinationd/Library/InstallCoordination/PromiseStaging/3DEC1<…>
2026-06-24 01:32:16.130 Df CoreSimulatorBridge[16923:98f9fd] [com.apple.installcoordination:framework] -[IXPromisedTransferToPath setComplete:]: <IXPromisedTransferToPath<0x1055cdd80> name:"App Asset: com.DefaultCompany.NeonDrift" uuid:3DEC1563-2195-4CF6-9FF0-E8B7F6093F8C creator:"InstallCoordination Simple SPI" location:[system-defined]> Delta Copy operation from /Users/dragonkao/.openclaw/workspace/382b9e3384298039b171c9b2a60ae644/NeonDrift_MVP/project/xcode_derived_data/Build/Products/Release-iphonesimulator/NeonDrift.app to /Users/dragonkao/Library/Developer/CoreSimulator/Devices/CCB1E793-CED4-4FCD-BF73-321AAEA77AB9/data/Containers/Shared/SystemGroup/systemgroup.com.apple.installcoordinationd/Library/InstallCoordination/PromiseStaging/3DEC1563-2195-4CF6-9FF0-E8B7F6093F8C/NeonDrift.app took 0.153830 seconds
2026-06-24 01:32:16.131 Df installcoordinationd[55453:995bda] [com.apple.installcoordination:daemon] -[IXSDataPromise _setPercentComplete:saveStateIfNeeded:]: Progress: <IXSPromisedTransferToPath(0x105ce5400) Name:App Asset: com.DefaultCompany.NeonDrift Creator:InstallCoordination Simple SPI UUID:3DEC1563-2195-4CF6-9FF0-E8B7F6093F8C Location:[system-defined]>
2026-06-24 01:32:16.131 Df installcoordinationd[55453:9909e7] [com.apple.appinstallation:TransactionLog] com.DefaultCompany.NeonDrift/Unknown Persona:4:10:1:1:App Asset Promise began. Coordinator State: IXAppCoordinationStatePlaceholderPromiseNotSet
2026-06-24 01:32:16.131 Df CoreSimulatorBridge[16923:9909e8] [com.apple.installcoordination:framework] -[IXAppInstallCoordinator _clientDelegate_promiseDidBeginFulfillmentWithIdentifier:]: <IXUpdatingAppInstallCoordinator<0x1055cda80> identity:[com.DefaultCompany.NeonDrift/Invalid/[system-defined]] uuid:194E39C1-139C-4D9A-857F-3A392460C214 creator:InstallCoordination Simple SPI>: Got promise did begin fulfillment for identifier 2
2026-06-24 01:32:16.131 Df CoreSimulatorBridge[16923:9909e8] [com.apple.installcoordination:framework] -[IXAppInstallCoordinator _clientDelegate_promiseDidBeginFulfillmentWithIdentifier:]_block_invoke: <IXUpdatingAppInstallCoordinator<0x1055cda80> identity:[com.DefaultCompany.NeonDrift/Invalid/[system-defined]] uuid:194E39C1-139C-4D9A-857F-3A392460C214 creator:InstallCoordination Simple SPI>: Observer <_IXSimpleInstallerDelegate 0x0x1055d6130> does not respond to coordinator:configuredPromiseDidBeginFulfillment: (or any deprecated equivalent)
2026-06-24 01:32:16.131 Df installcoordinationd[55453:9909e1] [com.apple.installcoordination:daemon] -[IXSCoordinatedAppInstall promiseDidComplete:]: <IXSCoordinatedAppInstall<0x105df4000> [P=CoreSimulatorBridge (pid 16923)] identifier:[com.DefaultCompany.NeonDrift/Invalid/[system-defined]] uuid:194E39C1-139C-4D9A-857F-3A392460C214 intent:IXCoordinatorIntentUpdating creator/appDRI:InstallCoordination Simple SPI importance:UserWaiting state:IXAppCoordinationStatePlaceholderPromiseNotSet promise-state:0A2I4> : Promise completed: <IXSPromisedTransferToPath(0x105ce5400) Name:App Asset: com.DefaultCompany.NeonDrift Creator:InstallCoordination Simple SPI UUID:3DEC1563-2195-4CF6-9FF0-E8B7F6093F8C Location:[system-defined]>
2026-06-24 01:32:16.131 Df installcoordinationd[55453:995bda] [com.apple.appinstallation:TransactionLog] com.DefaultCompany.NeonDrift/Unknown Persona:4:10:2:1:App Asset Promise completed. Coordinator State: IXAppCoordinationStatePlaceholderPromiseNotSet
2026-06-24 01:32:16.131 Df CoreSimulatorBridge[16923:995bd9] [com.apple.installcoordination:framework] -[IXAppInstallCoordinator _clientDelegate_didUpdateProgress:forPhase:overallProgress:]: <IXUpdatingAppInstallCoordinator<0x1055cda80> identity:[com.DefaultCompany.NeonDrift/Invalid/[system-defined]] uuid:194E39C1-139C-4D9A-857F-3A392460C214 creator:InstallCoordination Simple SPI>: Got did update progress delegate with percentComplete 100.000000 phase IXCoordinatorProgressPhaseLoading overallProgress 60.000000
2026-06-24 01:32:16.131 Df CoreSimulatorBridge[16923:995bd9] [com.apple.installcoordination:framework] -[IXAppInstallCoordinator _clientDelegate_didUpdateProgress:forPhase:overallProgress:]_block_invoke: <IXUpdatingAppInstallCoordinator<0x1055cda80> identity:[com.DefaultCompany.NeonDrift/Invalid/[system-defined]] uuid:194E39C1-139C-4D9A-857F-3A392460C214 creator:InstallCoordination Simple SPI>: Calling selector coordinator:didUpdateProgress:forPhase:overallProgress: on observer <_IXSimpleInstallerDelegate 0x0x1055d6130>
2026-06-24 01:32:16.131 Df installcoordinationd[55453:995be1] [com.apple.installcoordination:daemon] -[IXSCoordinatedAppInstall setPlaceholderPromise:]: <IXSCoordinatedAppInstall<0x105df4000> [P=CoreSimulatorBridge (pid 16923)] identifier:[com.DefaultCompany.NeonDrift/Invalid/[system-defined]] uuid:194E39C1-139C-4D9A-857F-3A392460C214 intent:IXCoordinatorIntentUpdating creator/appDRI:InstallCoordination Simple SPI importance:UserWaiting state:IXAppCoordinationStateReadyForPlaceholderInstall promise-state:PA2I4> : Placeholder Promise set: <IXSPlaceholder(0x105d0c500) Name:App Placeholder: NeonDrift (com.DefaultCompany.NeonDrift) Creator:InstallCoordination Simple SPI UUID:AEDAFB4F-C4BD-4489-9C38-80D361886AF5 Location:[system-defined]>
2026-06-24 01:32:16.131 Df installcoordinationd[55453:995bda] [com.apple.installcoordination:daemon] -[IXSCoordinatedAppInstall promiseDidComplete:]: <IXSCoordinatedAppInstall<0x105df4000> [P=CoreSimulatorBridge (pid 16923)] identifier:[com.DefaultCompany.NeonDrift/Invalid/[system-defined]] uuid:194E39C1-139C-4D9A-857F-3A392460C214 intent:IXCoordinatorIntentUpdating creator/appDRI:InstallCoordination Simple SPI importance:UserWaiting state:IXAppCoordinationStateReadyForPlaceholderInstall promise-state:PA2I4> : Promise completed: <IXSPlaceholder(0x105d0c500) Name:App Placeholder: NeonDrift (com.DefaultCompany.NeonDrift) Creator:InstallCoordination Simple SPI UUID:AEDAFB4F-C4BD-4489-9C38-80D361886AF5 Location:[system-defined]>
2026-06-24 01:32:16.132 Df installcoordinationd[55453:995be1] [com.apple.installcoordination:daemon] -[IXSCoordinatedAppInstall _onQueue_acquireAssertionAndInstallPlaceholder]: Acquiring termination assertion to install placeholder for [com.DefaultCompany.NeonDrift/Invalid/[system-defined]]
2026-06-24 01:32:16.132 Df installcoordinationd[55453:995be1] [com.apple.installcoordination:daemon] -[IXSPendingOperationsTracker beginPendingOperationForIdentity:]_block_invoke: Beginning pending operation for [com.DefaultCompany.NeonDrift/Invalid/[system-defined]]
2026-06-24 01:32:16.133 Df installcoordinationd[55453:995bda] [com.apple.runningboard:process] Hit the server for a process handle 11c13c2b00010afb that resolved to: [app<com.DefaultCompany.NeonDrift((null))>:68347]
2026-06-24 01:32:16.133 Df runningboardd[16896:995465] [com.apple.runningboard:connection] Received termination request from [osservice<com.apple.installcoordinationd>:55453] on <RBSProcessPredicate <RBSProcessBundleIdentifierPredicate "com.DefaultCompany.NeonDrift">> with context <RBSTerminateContext| explanation:installcoordinationd app:[com.DefaultCompany.NeonDrift/Invalid/[system-defined]] uuid:194E39C1-139C-4D9A-857F-3A392460C214 isPlaceholder:Y reportType:None maxTerminationResistance:Absolute attrs:[
	<RBSPreventLaunchLimitation| <RBSProcessPredicate <RBSProcessBundleIdentifierPredicate "com.DefaultCompany.NeonDrift">> allow:(null)>
	]>
2026-06-24 01:32:16.133 Df installcoordinationd[55453:995bda] [com.apple.runningboard:monitor] Received state update for 68347 (app<com.DefaultCompany.NeonDrift((null))>, running-active-NotVisible
2026-06-24 01:32:16.133 Df runningboardd[16896:995465] [com.apple.runningboard:general] Found 0 extensions contained in com.DefaultCompany.NeonDrift
2026-06-24 01:32:16.133 Df runningboardd[16896:995465] [com.apple.PlugInKit:holds] <PKManager:0x107069940> hold request for [/Users/dragonkao/Library/Developer/CoreSimulator/Devices/CCB1E793-CED4-4FCD-BF73-321AAEA77AB9/data/Containers/Bundle/Application/238BD938-7C6F-4D0B-B776-940C011BC6BC/NeonDrift.app] with flags: 0x4
2026-06-24 01:32:16.134 Df NeonDrift[68347:990bab] [com.apple.PlugInKit:discovery] Annotations changed, re-performing query for continuous discovery, report block = <0x11ad1bba0>.
2026-06-24 01:32:16.134 Df runningboardd[16896:995465] [com.apple.PlugInKit:holds] <PKManager:0x107069940> hold request for [/Users/dragonkao/Library/Developer/CoreSimulator/Devices/CCB1E793-CED4-4FCD-BF73-321AAEA77AB9/data/Containers/Bundle/Application/238BD938-7C6F-4D0B-B776-940C011BC6BC/NeonDrift.app] with flags: 0x4 completed with hold token: [5FD78E64-5BC6-4296-8C0A-F495970527BE]
2026-06-24 01:32:16.134 Df NeonDrift[68347:990bac] [com.apple.PlugInKit:discovery] Annotations changed, re-performing query for continuous discovery, report block = <0x119a341e0>.
2026-06-24 01:32:16.134 Df runningboardd[16896:995465] [com.apple.runningboard:ttl] Acquiring assertion targeting system from originator [osservice<com.apple.installcoordinationd>:55453] with description <RBSAssertionDescriptor| "installcoordinationd app:[com.DefaultCompany.NeonDrift/Invalid/[system-defined]] uuid:194E39C1-139C-4D9A-857F-3A392460C214 isPlaceholder:Y" ID:16896-55453-10579 target:system attributes:[
	<RBSPreventLaunchLimitation| <RBSProcessPredicate <RBSProcessBundleIdentifierPredicate "com.DefaultCompany.NeonDrift">> allow:(null)>
	]>
2026-06-24 01:32:16.134 Df NeonDrift[68347:990bac] [com.apple.PlugInKit:discovery] [d 93D3419D-3838-493C-A86D-DD9373E6954A] <PKHost:0x11ad28400> Beginning discovery for flags: 0, point: com.apple.AudioUnit-Speech
2026-06-24 01:32:16.134 Df NeonDrift[68347:990bab] [com.apple.PlugInKit:discovery] [d 6EDB4CDA-8A57-4373-9DAF-41B1063F5D93] <PKHost:0x11ad28400> Beginning discovery for flags: 0, point: com.apple.AudioUnit
2026-06-24 01:32:16.134 Df NeonDrift[68347:990baa] [com.apple.PlugInKit:discovery] Annotations changed, re-performing query for continuous discovery, report block = <0x11ad1bde0>.
2026-06-24 01:32:16.134 Df runningboardd[16896:995465] [com.apple.runningboard:process] Executing termination request for: <RBSProcessPredicate <RBSProcessBundleIdentifierPredicate "com.DefaultCompany.NeonDrift">>
2026-06-24 01:32:16.134 Df runningboardd[16896:995465] [com.apple.runningboard:process] [app<com.DefaultCompany.NeonDrift((null))>:68347] Terminating with context: <RBSTerminateContext| explanation:installcoordinationd app:[com.DefaultCompany.NeonDrift/Invalid/[system-defined]] uuid:194E39C1-139C-4D9A-857F-3A392460C214 isPlaceholder:Y reportType:None maxTerminationResistance:Absolute attrs:[
	<RBSPreventLaunchLimitation| <RBSProcessPredicate <RBSProcessBundleIdentifierPredicate "com.DefaultCompany.NeonDrift">> allow:(null)>
	]>
2026-06-24 01:32:16.134 Df NeonDrift[68347:990baa] [com.apple.PlugInKit:discovery] [d 1A3D8B29-0B90-4117-A89A-CCCD91212C5E] <PKHost:0x11ad28400> Beginning discovery for flags: 0, point: com.apple.AudioUnit-UI
2026-06-24 01:32:16.135 Df SpringBoard[16891:643be3] [com.apple.SpringBoard:Common] termination assertion acquired for com.DefaultCompany.NeonDrift
2026-06-24 01:32:16.135 Df SpringBoard[16891:643be3] [com.apple.SpringBoard:Icon] 0x10a554000-SBApplicationIcon Data source did change: <SBApplication: 0x1220a6800; com.DefaultCompany.NeonDrift> {
    processState = <SBApplicationProcessState: 0x12212dc20; pid: 68347; taskState: Running; visibility: Foreground>;
} (SBApplication)
2026-06-24 01:32:16.135 Df runningboardd[16896:995465] [com.apple.runningboard:process] [app<com.DefaultCompany.NeonDrift((null))>:68347] terminate_with_reason() success
2026-06-24 01:32:16.135 Df installcoordinationd[55453:995be1] [com.apple.runningboard:assertion] Setting up death monitor for [app<com.DefaultCompany.NeonDrift((null))>:68347]
2026-06-24 01:32:16.136 Df installcoordinationd[55453:995be1] [com.apple.runningboard:process] Starting death monitoring for handle [app<com.DefaultCompany.NeonDrift((null))>:68347]
2026-06-24 01:32:16.137 Df installcoordinationd[55453:995bda] [com.apple.appinstallation:TransactionLog] com.DefaultCompany.NeonDrift/Unknown Persona:4:9:1:1:Placeholder Promise began. Coordinator State: IXAppCoordinationStateWaitingForPlaceholderAssertion
2026-06-24 01:32:16.137 Df installcoordinationd[55453:995bda] [com.apple.installcoordination:daemon] -[IXSCoordinatorProgress setTotalUnitsCompleted:]: Progress for coordinator: [com.DefaultCompany.NeonDrift/Invalid/[system-defined]], Phase: IXCoordinatorProgressPhaseLoading, Percentage: 100.000000: Attempt to set units completed on finished progress: 100
2026-06-24 01:32:16.137 Df installcoordinationd[55453:995bda] [com.apple.appinstallation:TransactionLog] com.DefaultCompany.NeonDrift/Unknown Persona:4:9:2:1:Placeholder Promise completed. Coordinator State: IXAppCoordinationStateWaitingForPlaceholderAssertion
2026-06-24 01:32:16.137 Df CoreSimulatorBridge[16923:9909e8] [com.apple.installcoordination:framework] -[IXAppInstallCoordinator _clientDelegate_promiseDidBeginFulfillmentWithIdentifier:]: <IXUpdatingAppInstallCoordinator<0x1055cda80> identity:[com.DefaultCompany.NeonDrift/Invalid/[system-defined]] uuid:194E39C1-139C-4D9A-857F-3A392460C214 creator:InstallCoordination Simple SPI>: Got promise did begin fulfillment for identifier 1
2026-06-24 01:32:16.137 Df CoreSimulatorBridge[16923:9909e8] [com.apple.installcoordination:framework] -[IXAppInstallCoordinator _clientDelegate_promiseDidBeginFulfillmentWithIdentifier:]_block_invoke: <IXUpdatingAppInstallCoordinator<0x1055cda80> identity:[com.DefaultCompany.NeonDrift/Invalid/[system-defined]] uuid:194E39C1-139C-4D9A-857F-3A392460C214 creator:InstallCoordination Simple SPI>: Observer <_IXSimpleInstallerDelegate 0x0x1055d6130> does not respond to coordinator:configuredPromiseDidBeginFulfillment: (or any deprecated equivalent)
2026-06-24 01:32:16.137 Df SpringBoard[16891:9953c3] [com.apple.FrontBoard:ProcessWorkspace] [app<com.DefaultCompany.NeonDrift>:68347] Workspace connection invalidated.
2026-06-24 01:32:16.137 Df backboardd[16914:995be8] [com.apple.iohid:default] Connection removed: IOHIDEventSystemConnection uuid:00341CBB-1E3E-434C-8901-2D6286D0CEB8 pid:68347 process:NeonDrift type:Passive entitlements:0x0 caller:BackBoardServices: ___getHIDEventSystemClient_block_invoke + 296 attributes:{
    HighFrequency = 0;
    bundleID = "com.DefaultCompany.NeonDrift";
    pid = 68347;
} state:0x1 events:0 mask:0x0 dropped:0 dropStatus:0 droppedMask:0x0 lastDroppedTime:NONE
2026-06-24 01:32:16.137 Df SpringBoard[16891:9953c3] [com.apple.FrontBoard:Process] [app<com.DefaultCompany.NeonDrift>:68347] Now flagged as pending exit for reason: workspace client connection invalidated
2026-06-24 01:32:16.137 Df backboardd[16914:995be8] [com.apple.BackBoard:HID] Removing client connection <BKHIDClientConnection: 0x10dd3e700; IOHIDEventSystemConnectionRef: 0x105ebc000; vpid: 68347(v19EFF9); taskPort: 0x3F3E3; bundleID: com.DefaultCompany.NeonDrift> for client: IOHIDEventSystemConnection uuid:00341CBB-1E3E-434C-8901-2D6286D0CEB8 pid:68347 process:NeonDrift type:Passive entitlements:0x0 caller:BackBoardServices: ___getHIDEventSystemClient_block_invoke + 296 attributes:{
    HighFrequency = 0;
    bundleID = "com.DefaultCompany.NeonDrift";
    pid = 68347;
} state:0x1 events:0 mask:0x0 dropped:0 dropStatus:0 droppedMask:0x0 lastDroppedTime:NONE source:HID
2026-06-24 01:32:16.137 Df backboardd[16914:995be8] [com.apple.iohid:default] Connection removed: IOHIDEventSystemConnection uuid:06466E6A-1FA0-4939-9870-E40816DA9C04 pid:68347 process:NeonDrift type:Monitor entitlements:0x0 caller:GameControllerFoundation: -[GCHIDEventSystemClient initWithQueue:type:attributes:functions:] + 116 attributes:(null) state:0x1 events:0 mask:0x0 dropped:0 dropStatus:0 droppedMask:0x0 lastDroppedTime:NONE
2026-06-24 01:32:16.138 Df SpringBoard[16891:995be7] [com.apple.KeyboardArbiter:Handle] com.DefaultCompany.NeonDrift(68347) lostConnection (invalidation)
2026-06-24 01:32:16.139 Df SpringBoard[16891:995be7] [com.apple.KeyboardArbiter:Handle] RX com.DefaultCompany.NeonDrift(68347) setWindowContextID:0 windowState:Disabled level:0.0
    focusContext:(null)
2026-06-24 01:32:16.139 Df SpringBoard[16891:643be3] [com.apple.SpringBoard:KeyboardFocus] [coordinator] using MRU target <com.apple.frontboard.systemappservices/FBSceneManager:sceneID%3Acom.DefaultCompany.NeonDrift-default pid:68347>
2026-06-24 01:32:16.139 Df SpringBoard[16891:643be3] [com.apple.SpringBoard:KeyboardFocus] [coordinator] informing scene controller 'com.apple.springboard' of focusTarget: <com.apple.frontboard.systemappservices/FBSceneManager:sceneID%3Acom.DefaultCompany.NeonDrift-default pid:68347>
2026-06-24 01:32:16.139 Df backboardd[16914:9947ce] [com.apple.BackBoard:EventDelivery] chain did update (setDeferringRules) <keyboardFocus; display: null> containsEndOfChain: YES; [
    <token: com.apple.frontboard.systemappservices/FBSceneManager:com.apple.springboard; pid: 16891>,
    <token: com.apple.frontboard.systemappservices/FBSceneManager:sceneID%3Acom.DefaultCompany.NeonDrift-default; pid: 68347>
]
2026-06-24 01:32:16.140 Df SpringBoard[16891:643be3] [com.apple.SpringBoard:KeyboardFocus] [coordinator] keyboard arbiter suggested <nothing> and we replied <com.apple.frontboard.systemappservices/FBSceneManager:sceneID%3Acom.DefaultCompany.NeonDrift-default pid:68347>
2026-06-24 01:32:16.140 E  SpringBoard[16891:995beb] [com.apple.UIKit:KeyboardArbiter] Advisor: No handle found for currently focused PID: 68347; sceneIdentity: com.apple.frontboard.systemappservices/FBSceneManager:sceneID%3Acom.DefaultCompany.NeonDrift-default
2026-06-24 01:32:16.140 Df backboardd[16914:9947ce] [com.apple.BackBoard:EventDelivery] chain did update (setDeferringRules) <keyboardFocus; display: builtin> containsEndOfChain: YES; [
    <token: com.apple.frontboard.systemappservices/FBSceneManager:com.apple.springboard; pid: 16891>,
    <token: com.apple.frontboard.systemappservices/FBSceneManager:sceneID%3Acom.DefaultCompany.NeonDrift-default; pid: 68347>
]
2026-06-24 01:32:16.151 Df launchd_sim[16886:995987] [user/501/UIKitApplication:com.DefaultCompany.NeonDrift[46fc][rb-legacy] [68347]:] exited with exit reason (namespace: 15 code: 0x0) - OS_REASON_RUNNINGBOARD | <RBSTerminateContext| explanation:installcoordinationd app:[com.DefaultCompany.NeonDrift/Invalid/[system-defined]] uuid:194E39C1-139C-4D9A-857F-3A392460C214 isPlaceholder:Y reportType:None maxTerminationResistance:Absolute attrs:[
	<RBSPreventLaunchLimitation| <RBSProcessPredicate <RBSProcessBundleIdentifierPredicate "com.DefaultCompany.NeonDrift">> allow:(null)>
	]>, ran for 230459ms
2026-06-24 01:32:16.151 Df launchd_sim[16886:995987] [user/501:] service inactive: UIKitApplication:com.DefaultCompany.NeonDrift[46fc][rb-legacy]
2026-06-24 01:32:16.151 Df runningboardd[16896:995be5] [com.apple.runningboard:ttl] [app<com.DefaultCompany.NeonDrift((null))>:68347] termination reported by launchd (15, 0, 9)
2026-06-24 01:32:16.151 Df runningboardd[16896:995be5] [com.apple.runningboard:process] Removing process: [app<com.DefaultCompany.NeonDrift((null))>:68347]
2026-06-24 01:32:16.151 Df runningboardd[16896:995be5] [com.apple.runningboard:job] Removing launch job for: [app<com.DefaultCompany.NeonDrift((null))>:68347]
2026-06-24 01:32:16.151 Df launchd_sim[16886:995993] [user/501:] removing service: UIKitApplication:com.DefaultCompany.NeonDrift[46fc][rb-legacy]
2026-06-24 01:32:16.151 Df runningboardd[16896:995be5] [com.apple.runningboard:job] Removed job for [app<com.DefaultCompany.NeonDrift((null))>:68347]
2026-06-24 01:32:16.151 Df runningboardd[16896:995be5] [com.apple.runningboard:process] Removing assertions for terminated process: [app<com.DefaultCompany.NeonDrift((null))>:68347]
2026-06-24 01:32:16.152 Df runningboardd[16896:995be5] [com.apple.runningboard:assertion] Removed last relative-start-date-defining assertion for process app<com.DefaultCompany.NeonDrift((null))>
2026-06-24 01:32:16.152 Df SpringBoard[16891:995be9] [com.apple.FrontBoard:ProcessWorkspace] [app<com.DefaultCompany.NeonDrift>:68347] Workspace assertion invalidated: <NSError: 0x1250bb300; domain: RBSAssertionErrorDomain; code: 1; "Assertions were invalidated, count = 3.
16896-16891-10546: invalidation reason: 1
16896-16891-10545: invalidation reason: 1
16896-16891-10550: invalidation reason: 1">
2026-06-24 01:32:16.152 Df runningboardd[16896:995be5] [com.apple.runningboard:monitor] Calculated state for app<com.DefaultCompany.NeonDrift((null))>: none (role: None) (endowments: (null))
2026-06-24 01:32:16.152 Df runningboardd[16896:995c1e] [com.apple.runningboard:process] Notifying connection [osservice<com.apple.SpringBoard>:16891] that process [app<com.DefaultCompany.NeonDrift((null))>:68347] exited with context <RBSProcessExitContext| specific, status:<RBSProcessExitStatus| domain:runningboard(15) code:0>>
2026-06-24 01:32:16.152 Df runningboardd[16896:995c1e] [com.apple.runningboard:process] Notifying connection [osservice<com.apple.installcoordinationd>:55453] that process [app<com.DefaultCompany.NeonDrift((null))>:68347] exited with context <RBSProcessExitContext| specific, status:<RBSProcessExitStatus| domain:runningboard(15) code:0>>
2026-06-24 01:32:16.152 Df runningboardd[16896:995c1d] [com.apple.runningboard:connection] Inheritance changeset: <RBSInheritanceChangeSet| gained:(null) lost:{(
    <RBSInheritance| environment:(none) name:com.apple.frontboard.visibility origID:16896-16891-10546 0>,
    <RBSInheritance| environment:UIScene:com.apple.frontboard.systemappservices/FBSceneManager:sceneID%3Acom.DefaultCompany.NeonDrift-default name:com.apple.frontboard.visibility origID:16896-16891-10550 payload 15463113259460807867>
)}>
2026-06-24 01:32:16.152 Df SpringBoard[16891:995beb] [com.apple.runningboard:process] Calling process death completion block for handle [app<com.DefaultCompany.NeonDrift((null))>:68347]
2026-06-24 01:32:16.152 Df SpringBoard[16891:995beb] [com.apple.FrontBoard:Process] [app<com.DefaultCompany.NeonDrift>:68347] Process exited: <RBSProcessExitContext| specific, status:<RBSProcessExitStatus| domain:runningboard(15) code:0>>.
2026-06-24 01:32:16.152 Df SpringBoard[16891:995be9] [com.apple.runningboard:monitor] Received state update for 68347 (app<com.DefaultCompany.NeonDrift((null))>, none-NotVisible
2026-06-24 01:32:16.152 Df SpringBoard[16891:995beb] [com.apple.FrontBoard:Process] [app<com.DefaultCompany.NeonDrift>:68347] Setting process task state to: Not Running
