Timestamp               Ty Process[PID:TID]
2026-06-22 21:51:58.896 Df CoreSimulatorBridge[50222:5ec58c] Request received for installation of file:///Users/dragonkao/.openclaw/workspace/382b9e3384298039b171c9b2a60ae644/NeonDrift_MVP/project/xcode_derived_data/Build/Products/Release-iphonesimulator/NeonDrift.app/ with options: {
    PackageType = Developer;
    SimulatorRootPath = "/Library/Developer/CoreSimulator/Volumes/iOS_23F77/Library/Developer/CoreSimulator/Profiles/Runtimes/iOS 26.5.simruntime/Contents/Resources/RuntimeRoot";
    SimulatorUserPath = "/Users/dragonkao/Library/Developer/CoreSimulator/Devices/CCB1E793-CED4-4FCD-BF73-321AAEA77AB9/data";
}
2026-06-22 21:51:58.896 Df CoreSimulatorBridge[50222:5ec58c] [com.apple.installcoordination:framework] +[IXAppInstallCoordinator(IXSimpleInstaller) _beginInstallForURL:forPersonaUniqueString:consumeSource:options:progressBlock:completionWithIdentity:]: Beginning install for /Users/dragonkao/.openclaw/workspace/382b9e3384298039b171c9b2a60ae644/NeonDrift_MVP/project/xcode_derived_data/Build/Products/Release-iphonesimulator/NeonDrift.app consuming source:N options:{
    IsUserInitiated = 1;
    PackageType = Developer;
} installationRequestorAuditToken: NULL
2026-06-22 21:51:58.898 Df installcoordinationd[73024:5de7ab] [com.apple.installcoordination:daemon] -[IXSDataPromiseManager registerPromise:]: Registered promise <IXSPlaceholder(0x10190c500) Name:App Placeholder: NeonDrift (com.DefaultCompany.NeonDrift) Creator:InstallCoordination Simple SPI UUID:AA7C3994-96D6-493E-A62C-DE5E81A53C1C Location:[system-defined]> for UUID AA7C3994-96D6-493E-A62C-DE5E81A53C1C
2026-06-22 21:51:58.899 Df installcoordinationd[73024:5de7ab] [com.apple.installcoordination:daemon] -[IXSPlaceholder setAttributes:]: <IXSPlaceholder(0x10190c500) Name:App Placeholder: NeonDrift (com.DefaultCompany.NeonDrift) Creator:InstallCoordination Simple SPI UUID:AA7C3994-96D6-493E-A62C-DE5E81A53C1C Location:[system-defined]>: setting placeholder attributes to <IXPlaceholderAttributes<0x1018a4820> : {
    CFBundleShortVersionString = "1.0";
    CFBundleSupportedPlatforms =     (
        iPhoneSimulator
    );
    CFBundleVersion = 0;
    DTPlatformName = iphonesimulator;
    LSRequiresIPhoneOS = 1;
    MinimumOSVersion = "13.0";
    UIDeviceFamily =     (
        1,
        2
    );
    UIRequiredDeviceCapabilities =     {
        arm64 = 1;
        metal = 1;
    };
}>
2026-06-22 21:51:58.900 Df CoreSimulatorBridge[50222:5e946b] [com.apple.installcoordination:framework] +[IXPlaceholder _setEntitlementsFromBundleExecutableURL:withBundleID:client:onPlaceholder:location:error:]: Executable for com.DefaultCompany.NeonDrift at NeonDrift -- file:///Users/dragonkao/.openclaw/workspace/382b9e3384298039b171c9b2a60ae644/NeonDrift_MVP/project/xcode_derived_data/Build/Products/Release-iphonesimulator/NeonDrift.app/ had no entitlements
2026-06-22 21:51:58.900 Df CoreSimulatorBridge[50222:5e946b] [com.apple.installcoordination:framework] +[IXPlaceholder _placeholderForBundle:client:withParent:installType:metadata:placeholderType:mayBeDeltaPackage:isFromSerializedPlaceholder:location:error:]: Using full fidelity icons for com.DefaultCompany.NeonDrift at /Users/dragonkao/.openclaw/workspace/382b9e3384298039b171c9b2a60ae644/NeonDrift_MVP/project/xcode_derived_data/Build/Products/Release-iphonesimulator/NeonDrift.app
2026-06-22 21:51:58.900 Df installcoordinationd[73024:5de7ab] [com.apple.installcoordination:daemon] -[IXSDataPromiseManager registerPromise:]: Registered promise <IXSPromisedTransferToPath(0x1018e4f80) Name:Icon resources for com.DefaultCompany.NeonDrift Creator:InstallCoordination Simple SPI UUID:B93BC7AB-2773-4F39-940F-37D6F2E63BA8 Location:[system-defined]> for UUID B93BC7AB-2773-4F39-940F-37D6F2E63BA8
2026-06-22 21:51:58.903 Df CoreSimulatorBridge[50222:5e946b] [com.apple.installcoordination:framework] -[IXPromisedTransferToPath setComplete:]: <IXPromisedTransferToPath<0x101476bc0> name:"Icon resources for com.DefaultCompany.NeonDrift" uuid:B93BC7AB-2773-4F39-940F-37D6F2E63BA8 creator:"InstallCoordination Simple SPI" location:[system-defined]> Move operation from /Users/dragonkao/Library/Developer/CoreSimulator/Devices/CCB1E793-CED4-4FCD-BF73-321AAEA77AB9/data/Containers/Shared/SystemGroup/systemgroup.com.apple.installcoordinationd/Library/InstallCoordination/PromiseStaging/B93BC7AB-2773-4F39-940F-37D6F2E63BA8/temp.hxVsd4 to /Users/dragonkao/Library/Developer/CoreSimulator/Devices/CCB1E793-CED4-4FCD-BF73-321AAEA77AB9/data/Containers/Shared/SystemGroup/systemgroup.com.apple.installcoordinationd/Library/InstallCoordination/PromiseStaging/B93BC7AB-2773-4F39-940F-37D6F2E63BA8/temp.hxVsd4 took 0.000040 seconds
2026-06-22 21:51:58.903 Df installcoordinationd[73024:5f12f5] [com.apple.installcoordination:daemon] -[IXSDataPromise _setPercentComplete:saveStateIfNeeded:]: Progress: <IXSPromisedTransferToPath(0x1018e4f80) Name:Icon resources for com.DefaultCompany.NeonDrift Creator:InstallCoordination Simple SPI UUID:B93BC7AB-2773-4F39-940F-37D6F2E63BA8 Location:[system-defined]>
2026-06-22 21:51:58.903 Df installcoordinationd[73024:5de7ab] [com.apple.installcoordination:daemon] -[IXSDataPromiseManager promiseDidBegin:]: Unowned promise began: <IXSPromisedTransferToPath(0x1018e4f80) Name:Icon resources for com.DefaultCompany.NeonDrift Creator:InstallCoordination Simple SPI UUID:B93BC7AB-2773-4F39-940F-37D6F2E63BA8 Location:[system-defined]>
2026-06-22 21:51:58.903 Df installcoordinationd[73024:5de7ab] [com.apple.installcoordination:daemon] -[IXSDataPromiseManager promise:didUpdateProgress:]: Unowned promise update progress to 1.000000 : <IXSPromisedTransferToPath(0x1018e4f80) Name:Icon resources for com.DefaultCompany.NeonDrift Creator:InstallCoordination Simple SPI UUID:B93BC7AB-2773-4F39-940F-37D6F2E63BA8 Location:[system-defined]>
2026-06-22 21:51:58.904 Df installcoordinationd[73024:5f12f5] [com.apple.installcoordination:daemon] -[IXSDataPromiseManager promiseDidComplete:]: Unowned promise completed: <IXSPromisedTransferToPath(0x1018e4f80) Name:Icon resources for com.DefaultCompany.NeonDrift Creator:InstallCoordination Simple SPI UUID:B93BC7AB-2773-4F39-940F-37D6F2E63BA8 Location:[system-defined]>
2026-06-22 21:51:58.905 Df installcoordinationd[73024:5de7ab] [com.apple.installcoordination:daemon] -[IXSDataPromise _setPercentComplete:saveStateIfNeeded:]: Progress: <IXSPromisedInMemoryDictionary(0x1018e5480) Name:Info.plist icon content for com.DefaultCompany.NeonDrift Creator:InstallCoordination Simple SPI UUID:6219C7F4-F22B-4C2D-98B5-1D8F93CFECBD Location:[system-defined]>
2026-06-22 21:51:58.905 Df installcoordinationd[73024:5de7ab] [com.apple.installcoordination:daemon] -[IXSDataPromiseManager registerPromise:]: Registered promise <IXSPromisedInMemoryDictionary(0x1018e5480) Name:Info.plist icon content for com.DefaultCompany.NeonDrift Creator:InstallCoordination Simple SPI UUID:6219C7F4-F22B-4C2D-98B5-1D8F93CFECBD Location:[system-defined]> for UUID 6219C7F4-F22B-4C2D-98B5-1D8F93CFECBD
2026-06-22 21:51:58.905 Df installcoordinationd[73024:5f12f5] [com.apple.installcoordination:daemon] -[IXSDataPromiseManager promiseDidBegin:]: Unowned promise began: <IXSPromisedInMemoryDictionary(0x1018e5480) Name:Info.plist icon content for com.DefaultCompany.NeonDrift Creator:InstallCoordination Simple SPI UUID:6219C7F4-F22B-4C2D-98B5-1D8F93CFECBD Location:[system-defined]>
2026-06-22 21:51:58.905 Df installcoordinationd[73024:5f12f5] [com.apple.installcoordination:daemon] -[IXSDataPromiseManager promise:didUpdateProgress:]: Unowned promise update progress to 1.000000 : <IXSPromisedInMemoryDictionary(0x1018e5480) Name:Info.plist icon content for com.DefaultCompany.NeonDrift Creator:InstallCoordination Simple SPI UUID:6219C7F4-F22B-4C2D-98B5-1D8F93CFECBD Location:[system-defined]>
2026-06-22 21:51:58.905 Df installcoordinationd[73024:5f12f5] [com.apple.installcoordination:daemon] -[IXSDataPromiseManager promiseDidComplete:]: Unowned promise completed: <IXSPromisedInMemoryDictionary(0x1018e5480) Name:Info.plist icon content for com.DefaultCompany.NeonDrift Creator:InstallCoordination Simple SPI UUID:6219C7F4-F22B-4C2D-98B5-1D8F93CFECBD Location:[system-defined]>
2026-06-22 21:51:58.905 Df installcoordinationd[73024:5de7ab] [com.apple.installcoordination:daemon] -[IXSPlaceholder setIconResourcesPromise:]: <IXSPlaceholder(0x10190c500) Name:App Placeholder: NeonDrift (com.DefaultCompany.NeonDrift) Creator:InstallCoordination Simple SPI UUID:AA7C3994-96D6-493E-A62C-DE5E81A53C1C Location:[system-defined]>: setting icon resources promise to <IXSPromisedTransferToPath(0x1018e4f80) Name:Icon resources for com.DefaultCompany.NeonDrift Creator:InstallCoordination Simple SPI UUID:B93BC7AB-2773-4F39-940F-37D6F2E63BA8 Location:[system-defined]>
2026-06-22 21:51:58.906 Df installcoordinationd[73024:5de7ab] [com.apple.installcoordination:daemon] -[IXSPlaceholder setInfoPlistIconContentPromise:]: <IXSPlaceholder(0x10190c500) Name:App Placeholder: NeonDrift (com.DefaultCompany.NeonDrift) Creator:InstallCoordination Simple SPI UUID:AA7C3994-96D6-493E-A62C-DE5E81A53C1C Location:[system-defined]>: setting Info.plist icon content promise to <IXSPromisedInMemoryDictionary(0x1018e5480) Name:Info.plist icon content for com.DefaultCompany.NeonDrift Creator:InstallCoordination Simple SPI UUID:6219C7F4-F22B-4C2D-98B5-1D8F93CFECBD Location:[system-defined]>
2026-06-22 21:51:58.906 Df installcoordinationd[73024:5f12f5] [com.apple.installcoordination:daemon] -[IXSDataPromiseManager promiseDidBegin:]: Unowned promise began: <IXSPlaceholder(0x10190c500) Name:App Placeholder: NeonDrift (com.DefaultCompany.NeonDrift) Creator:InstallCoordination Simple SPI UUID:AA7C3994-96D6-493E-A62C-DE5E81A53C1C Location:[system-defined]>
2026-06-22 21:51:58.906 Df installcoordinationd[73024:5f12f5] [com.apple.installcoordination:daemon] -[IXSDataPromiseManager promise:didUpdateProgress:]: Unowned promise update progress to 0.000000 : <IXSPlaceholder(0x10190c500) Name:App Placeholder: NeonDrift (com.DefaultCompany.NeonDrift) Creator:InstallCoordination Simple SPI UUID:AA7C3994-96D6-493E-A62C-DE5E81A53C1C Location:[system-defined]>
2026-06-22 21:51:58.906 Df installcoordinationd[73024:5f12f5] [com.apple.installcoordination:daemon] -[IXSDataPromiseManager promise:didUpdateProgress:]: Unowned promise update progress to 0.000000 : <IXSPlaceholder(0x10190c500) Name:App Placeholder: NeonDrift (com.DefaultCompany.NeonDrift) Creator:InstallCoordination Simple SPI UUID:AA7C3994-96D6-493E-A62C-DE5E81A53C1C Location:[system-defined]>
2026-06-22 21:51:58.907 Df installcoordinationd[73024:5de7ab] [com.apple.installcoordination:daemon] -[IXSDataPromise _setPercentComplete:saveStateIfNeeded:]: Progress: <IXSPromisedInMemoryDictionary(0x1018e6500) Name:Localizations for com.DefaultCompany.NeonDrift Creator:InstallCoordination Simple SPI UUID:3C61FC8C-2831-4B85-B72A-424A66498C5E Location:[system-defined]>
2026-06-22 21:51:58.907 Df installcoordinationd[73024:5de7ab] [com.apple.installcoordination:daemon] -[IXSDataPromiseManager registerPromise:]: Registered promise <IXSPromisedInMemoryDictionary(0x1018e6500) Name:Localizations for com.DefaultCompany.NeonDrift Creator:InstallCoordination Simple SPI UUID:3C61FC8C-2831-4B85-B72A-424A66498C5E Location:[system-defined]> for UUID 3C61FC8C-2831-4B85-B72A-424A66498C5E
2026-06-22 21:51:58.907 Df installcoordinationd[73024:5f12f5] [com.apple.installcoordination:daemon] -[IXSDataPromiseManager promiseDidBegin:]: Unowned promise began: <IXSPromisedInMemoryDictionary(0x1018e6500) Name:Localizations for com.DefaultCompany.NeonDrift Creator:InstallCoordination Simple SPI UUID:3C61FC8C-2831-4B85-B72A-424A66498C5E Location:[system-defined]>
2026-06-22 21:51:58.907 Df installcoordinationd[73024:5f12f5] [com.apple.installcoordination:daemon] -[IXSDataPromiseManager promise:didUpdateProgress:]: Unowned promise update progress to 1.000000 : <IXSPromisedInMemoryDictionary(0x1018e6500) Name:Localizations for com.DefaultCompany.NeonDrift Creator:InstallCoordination Simple SPI UUID:3C61FC8C-2831-4B85-B72A-424A66498C5E Location:[system-defined]>
2026-06-22 21:51:58.907 Df installcoordinationd[73024:5f12f5] [com.apple.installcoordination:daemon] -[IXSDataPromiseManager promiseDidComplete:]: Unowned promise completed: <IXSPromisedInMemoryDictionary(0x1018e6500) Name:Localizations for com.DefaultCompany.NeonDrift Creator:InstallCoordination Simple SPI UUID:3C61FC8C-2831-4B85-B72A-424A66498C5E Location:[system-defined]>
2026-06-22 21:51:58.908 Df installcoordinationd[73024:5de7ab] [com.apple.installcoordination:daemon] -[IXSPlaceholder setLocalizationDictionaryPromise:]: <IXSPlaceholder(0x10190c500) Name:App Placeholder: NeonDrift (com.DefaultCompany.NeonDrift) Creator:InstallCoordination Simple SPI UUID:AA7C3994-96D6-493E-A62C-DE5E81A53C1C Location:[system-defined]>: setting localization dict promise to <IXSPromisedInMemoryDictionary(0x1018e6500) Name:Localizations for com.DefaultCompany.NeonDrift Creator:InstallCoordination Simple SPI UUID:3C61FC8C-2831-4B85-B72A-424A66498C5E Location:[system-defined]>
2026-06-22 21:51:58.908 Df installcoordinationd[73024:5f12f5] [com.apple.installcoordination:daemon] -[IXSDataPromiseManager promise:didUpdateProgress:]: Unowned promise update progress to 0.000000 : <IXSPlaceholder(0x10190c500) Name:App Placeholder: NeonDrift (com.DefaultCompany.NeonDrift) Creator:InstallCoordination Simple SPI UUID:AA7C3994-96D6-493E-A62C-DE5E81A53C1C Location:[system-defined]>
2026-06-22 21:51:58.908 Df installcoordinationd[73024:5f12f5] [com.apple.installcoordination:daemon] -[IXSPlaceholder setConfigurationComplete:]: <IXSPlaceholder(0x10190c500) Name:App Placeholder: NeonDrift (com.DefaultCompany.NeonDrift) Creator:InstallCoordination Simple SPI UUID:AA7C3994-96D6-493E-A62C-DE5E81A53C1C Location:[system-defined]>: setting configuration complete to Y
2026-06-22 21:51:58.909 Df installcoordinationd[73024:5f12f5] [com.apple.installcoordination:daemon] -[IXSPlaceholder _materialize]: <IXSPlaceholder(0x10190c500) Name:App Placeholder: NeonDrift (com.DefaultCompany.NeonDrift) Creator:InstallCoordination Simple SPI UUID:AA7C3994-96D6-493E-A62C-DE5E81A53C1C Location:[system-defined]>: Materializing placeholder at /Users/dragonkao/Library/Developer/CoreSimulator/Devices/CCB1E793-CED4-4FCD-BF73-321AAEA77AB9/data/Containers/Shared/SystemGroup/systemgroup.com.apple.installcoordinationd/Library/InstallCoordination/PromiseStaging/AA7C3994-96D6-493E-A62C-DE5E81A53C1C/NeonDrift.app
2026-06-22 21:51:58.909 Df installcoordinationd[73024:5f12f5] [com.apple.installcoordination:daemon] -[IXSPlaceholder _materialize]: <IXSPlaceholder(0x10190c500) Name:App Placeholder: NeonDrift (com.DefaultCompany.NeonDrift) Creator:InstallCoordination Simple SPI UUID:AA7C3994-96D6-493E-A62C-DE5E81A53C1C Location:[system-defined]>: Using Info.plist icon content: {
    CFBundleIcons =     {
        CFBundlePrimaryIcon =         {
            CFBundleIconName = AppIcon;
        };
    };
    "CFBundleIcons~ipad" =     {
        CFBundlePrimaryIcon =         {
            CFBundleIconName = AppIcon;
        };
    };
    ISIconPlatform = iPhoneOS;
}
2026-06-22 21:51:58.909 Df installcoordinationd[73024:5f12f5] [com.apple.installcoordination:daemon] -[IXSPlaceholder _materialize]_block_invoke: <IXSPlaceholder(0x10190c500) Name:App Placeholder: NeonDrift (com.DefaultCompany.NeonDrift) Creator:InstallCoordination Simple SPI UUID:AA7C3994-96D6-493E-A62C-DE5E81A53C1C Location:[system-defined]>: Using icon resource Assets.car
2026-06-22 21:51:58.909 Df installcoordinationd[73024:5f12f5] [com.apple.installcoordination:daemon] -[IXSPlaceholder _materialize]: <IXSPlaceholder(0x10190c500) Name:App Placeholder: NeonDrift (com.DefaultCompany.NeonDrift) Creator:InstallCoordination Simple SPI UUID:AA7C3994-96D6-493E-A62C-DE5E81A53C1C Location:[system-defined]>: Including lproj localizations for (
)
2026-06-22 21:51:58.910 Df installcoordinationd[73024:5de7ab] [com.apple.installcoordination:daemon] -[IXSDataPromiseManager promiseDidComplete:]: Unowned promise completed: <IXSPlaceholder(0x10190c500) Name:App Placeholder: NeonDrift (com.DefaultCompany.NeonDrift) Creator:InstallCoordination Simple SPI UUID:AA7C3994-96D6-493E-A62C-DE5E81A53C1C Location:[system-defined]>
2026-06-22 21:51:58.910 Df installcoordinationd[73024:5de7ab] [com.apple.installcoordination:daemon] -[IXSDataPromiseManager registerPromise:]: Registered promise <IXSPromisedTransferToPath(0x1018e6700) Name:App Asset: com.DefaultCompany.NeonDrift Creator:InstallCoordination Simple SPI UUID:99B6E8C9-125B-44B5-B427-858127A973B6 Location:[system-defined]> for UUID 99B6E8C9-125B-44B5-B427-858127A973B6
2026-06-22 21:51:58.912 Df installcoordinationd[73024:5de7ab] [com.apple.installcoordination:daemon] -[IXSCoordinatorManager coordinatorForIdentity:connection:error:creatingIfNotExisting:]_block_invoke: Registered coordinator: <IXSCoordinatedAppInstall<0x1019f4000> [P=CoreSimulatorBridge (pid 50222)] identifier:[com.DefaultCompany.NeonDrift/Invalid/[system-defined]] uuid:B73CEA6A-8FA6-4537-91CE-77171F8A223C intent:IXCoordinatorIntentUpdating creator/appDRI:InstallCoordination Simple SPI importance:Background state:IXAppCoordinationStatePlaceholderPromiseNotSet promise-state:01234>
2026-06-22 21:51:58.912 Df installcoordinationd[73024:5de7ab] [com.apple.appinstallation:TransactionLog] com.DefaultCompany.NeonDrift/Unknown Persona:4:2:1:1:Created coordinator with intent IXCoordinatorIntentUpdating for client InstallCoordination Simple SPI
2026-06-22 21:51:58.912 Df installcoordinationd[73024:5de7ab] [com.apple.installcoordination:daemon] -[IXSCoordinatedAppInstall setPriorityBoostCompletion:withSourceInfo:]: <IXSCoordinatedAppInstall<0x1019f4000> [P=CoreSimulatorBridge (pid 50222)] identifier:[com.DefaultCompany.NeonDrift/Invalid/[system-defined]] uuid:B73CEA6A-8FA6-4537-91CE-77171F8A223C intent:IXCoordinatorIntentUpdating creator/appDRI:InstallCoordination Simple SPI importance:Background state:IXAppCoordinationStatePlaceholderPromiseNotSet promise-state:01234>: Retaining completion from CoreSimulatorBridge (50222), QOS_CLASS_DEFAULT (0x15)
2026-06-22 21:51:58.912 Df installcoordinationd[73024:5de7ab] [com.apple.installcoordination:daemon] -[IXSCoordinatedAppInstall setImportance:]: <IXSCoordinatedAppInstall<0x1019f4000> [P=CoreSimulatorBridge (pid 50222)] identifier:[com.DefaultCompany.NeonDrift/Invalid/[system-defined]] uuid:B73CEA6A-8FA6-4537-91CE-77171F8A223C intent:IXCoordinatorIntentUpdating creator/appDRI:InstallCoordination Simple SPI importance:UserWaiting state:IXAppCoordinationStatePlaceholderPromiseNotSet promise-state:01234>: set importance to UserWaiting
2026-06-22 21:51:58.912 Df installcoordinationd[73024:5de7ab] [com.apple.installcoordination:daemon] -[IXSCoordinatedAppInstall _onQueue_fireObserversForClient:]: <IXSCoordinatedAppInstall<0x1019f4000> [P=CoreSimulatorBridge (pid 50222)] identifier:[com.DefaultCompany.NeonDrift/Invalid/[system-defined]] uuid:B73CEA6A-8FA6-4537-91CE-77171F8A223C intent:IXCoordinatorIntentUpdating creator/appDRI:InstallCoordination Simple SPI importance:UserWaiting state:IXAppCoordinationStatePlaceholderPromiseNotSet promise-state:01234>: Firing applicable observers for client <IXSClientConnection<0x1018453e0> client:CoreSimulatorBridge (pid 50222) uuid:97E4103C-0E7B-4BF2-9B64-F2D450B25CB1>
2026-06-22 21:51:58.912 Df installcoordinationd[73024:5de7ab] [com.apple.installcoordination:daemon] -[IXSCoordinatedAppInstall setPriorityBoostCompletion:withSourceInfo:]: <IXSCoordinatedAppInstall<0x1019f4000> [P=CoreSimulatorBridge (pid 50222)] identifier:[com.DefaultCompany.NeonDrift/Invalid/[system-defined]] uuid:B73CEA6A-8FA6-4537-91CE-77171F8A223C intent:IXCoordinatorIntentUpdating creator/appDRI:InstallCoordination Simple SPI importance:UserWaiting state:IXAppCoordinationStatePlaceholderPromiseNotSet promise-state:01234>: Disposing of completion from CoreSimulatorBridge (50222), QOS_CLASS_DEFAULT (0x15)
2026-06-22 21:51:58.912 Df installcoordinationd[73024:5de7ab] [com.apple.installcoordination:daemon] -[IXSCoordinatedAppInstall setPriorityBoostCompletion:withSourceInfo:]: <IXSCoordinatedAppInstall<0x1019f4000> [P=CoreSimulatorBridge (pid 50222)] identifier:[com.DefaultCompany.NeonDrift/Invalid/[system-defined]] uuid:B73CEA6A-8FA6-4537-91CE-77171F8A223C intent:IXCoordinatorIntentUpdating creator/appDRI:InstallCoordination Simple SPI importance:UserWaiting state:IXAppCoordinationStatePlaceholderPromiseNotSet promise-state:01234>: Retaining completion from CoreSimulatorBridge (50222), QOS_CLASS_DEFAULT (0x15)
2026-06-22 21:51:58.912 Df CoreSimulatorBridge[50222:5e946c] [com.apple.installcoordination:framework] -[IXAppInstallCoordinator _clientDelegate_didRegisterForObservation]: <IXUpdatingAppInstallCoordinator<0x101477000> identity:[com.DefaultCompany.NeonDrift/Invalid/[system-defined]] uuid:B73CEA6A-8FA6-4537-91CE-77171F8A223C creator:InstallCoordination Simple SPI>: Got observer registration delegate
2026-06-22 21:51:58.912 Df CoreSimulatorBridge[50222:5e946c] [com.apple.installcoordination:framework] -[IXAppInstallCoordinator _clientDelegate_shouldResume]: <IXUpdatingAppInstallCoordinator<0x101477000> identity:[com.DefaultCompany.NeonDrift/Invalid/[system-defined]] uuid:B73CEA6A-8FA6-4537-91CE-77171F8A223C creator:InstallCoordination Simple SPI>: Got should resume delegate
2026-06-22 21:51:58.912 Df CoreSimulatorBridge[50222:5ec58d] [com.apple.installcoordination:framework] -[IXAppInstallCoordinator _clientDelegate_didRegisterForObservation]_block_invoke: <IXUpdatingAppInstallCoordinator<0x101477000> identity:[com.DefaultCompany.NeonDrift/Invalid/[system-defined]] uuid:B73CEA6A-8FA6-4537-91CE-77171F8A223C creator:InstallCoordination Simple SPI>: Observer <_IXSimpleInstallerDelegate 0x0x1017d89f0> does not respond to coordinatorDidRegisterForObservation:
2026-06-22 21:51:58.912 Df CoreSimulatorBridge[50222:5ec58d] [com.apple.installcoordination:framework] -[IXAppInstallCoordinator _clientDelegate_shouldResume]_block_invoke: <IXUpdatingAppInstallCoordinator<0x101477000> identity:[com.DefaultCompany.NeonDrift/Invalid/[system-defined]] uuid:B73CEA6A-8FA6-4537-91CE-77171F8A223C creator:InstallCoordination Simple SPI>: Observer <_IXSimpleInstallerDelegate 0x0x1017d89f0> does not respond to coordinatorShouldResume:
2026-06-22 21:51:58.914 Df installcoordinationd[73024:5de7ab] [com.apple.installcoordination:daemon] -[IXSCoordinatedAppInstall _internal_setInstallOptionsPromise:performExternalActions:]: <IXSCoordinatedAppInstall<0x1019f4000> [P=CoreSimulatorBridge (pid 50222)] identifier:[com.DefaultCompany.NeonDrift/Invalid/[system-defined]] uuid:B73CEA6A-8FA6-4537-91CE-77171F8A223C intent:IXCoordinatorIntentUpdating creator/appDRI:InstallCoordination Simple SPI importance:UserWaiting state:IXAppCoordinationStatePlaceholderPromiseNotSet promise-state:012I4> : install options set: <IXSPromisedInMemoryData(0x1018e6480) Name:MIInstallOptions data Creator:Install Coordination Internal UUID:333AEEA9-A03D-4F60-BB4B-076A07D41E68 Location:[system-defined]>
2026-06-22 21:51:58.914 Df installcoordinationd[73024:5f12f6] [com.apple.installcoordination:daemon] -[IXSCoordinatedAppInstall promiseDidComplete:]: <IXSCoordinatedAppInstall<0x1019f4000> [P=CoreSimulatorBridge (pid 50222)] identifier:[com.DefaultCompany.NeonDrift/Invalid/[system-defined]] uuid:B73CEA6A-8FA6-4537-91CE-77171F8A223C intent:IXCoordinatorIntentUpdating creator/appDRI:InstallCoordination Simple SPI importance:UserWaiting state:IXAppCoordinationStatePlaceholderPromiseNotSet promise-state:012I4> : Promise completed: <IXSPromisedInMemoryData(0x1018e6480) Name:MIInstallOptions data Creator:Install Coordination Internal UUID:333AEEA9-A03D-4F60-BB4B-076A07D41E68 Location:[system-defined]>
2026-06-22 21:51:58.914 Df installcoordinationd[73024:5f12f6] [com.apple.appinstallation:TransactionLog] com.DefaultCompany.NeonDrift/Unknown Persona:4:13:1:1:Install Options Promise began. Coordinator State: IXAppCoordinationStatePlaceholderPromiseNotSet
2026-06-22 21:51:58.914 Df installcoordinationd[73024:5f12f6] [com.apple.appinstallation:TransactionLog] com.DefaultCompany.NeonDrift/Unknown Persona:4:13:2:1:Install Options Promise completed. Coordinator State: IXAppCoordinationStatePlaceholderPromiseNotSet
2026-06-22 21:51:58.914 Df installcoordinationd[73024:5f12f6] [com.apple.installcoordination:daemon] -[IXSCoordinatedAppInstall _internal_setAppAssetPromise:performExternalActions:]: <IXSCoordinatedAppInstall<0x1019f4000> [P=CoreSimulatorBridge (pid 50222)] identifier:[com.DefaultCompany.NeonDrift/Invalid/[system-defined]] uuid:B73CEA6A-8FA6-4537-91CE-77171F8A223C intent:IXCoordinatorIntentUpdating creator/appDRI:InstallCoordination Simple SPI importance:UserWaiting state:IXAppCoordinationStatePlaceholderPromiseNotSet promise-state:0a2I4> : App Asset Promise set: <IXSPromisedTransferToPath(0x1018e6700) Name:App Asset: com.DefaultCompany.NeonDrift Creator:InstallCoordination Simple SPI UUID:99B6E8C9-125B-44B5-B427-858127A973B6 Location:[system-defined]>
2026-06-22 21:51:58.915 Df installcoordinationd[73024:5f12f6] [com.apple.installcoordination:daemon] -[IXSCoordinatedAppInstall setInitialODRAssetPromises:]: <IXSCoordinatedAppInstall<0x1019f4000> [P=CoreSimulatorBridge (pid 50222)] identifier:[com.DefaultCompany.NeonDrift/Invalid/[system-defined]] uuid:B73CEA6A-8FA6-4537-91CE-77171F8A223C intent:IXCoordinatorIntentUpdating creator/appDRI:InstallCoordination Simple SPI importance:UserWaiting state:IXAppCoordinationStatePlaceholderPromiseNotSet promise-state:0a2I4> : Initial ODR Asset Promises set: (
)
2026-06-22 21:51:58.915 Df CoreSimulatorBridge[50222:5e946b] [com.apple.installcoordination:framework] -[IXPromisedTransferToPath _performDeltaCopyFrom:toDestination:]: Performing delta copy from /Users/dragonkao/.openclaw/workspace/382b9e3384298039b171c9b2a60ae644/NeonDrift_MVP/project/xcode_derived_data/Build/Products/Release-iphonesimulator/NeonDrift.app to /Users/dragonkao/Library/Developer/CoreSimulator/Devices/CCB1E793-CED4-4FCD-BF73-321AAEA77AB9/data/Containers/Shared/SystemGroup/systemgroup.com.apple.installcoordinationd/Library/InstallCoordination/PromiseStaging/99B6E8C9-125B-44B5-B427-858127A973B6/NeonDrift.app with installed bundle at /Users/dragonkao/Library/Developer/CoreSimulator/Devices/CCB1E793-CED4-4FCD-BF73-321AAEA77AB9/data/Containers/Bundle/Application/AA5E6F55-EDBB-48DB-8298-0A4B4B8537FE/NeonDrift.app
2026-06-22 21:51:58.916 Df CoreSimulatorBridge[50222:5e946b] (MobileSystemServices) 0x16fccf000 MDMCreateDeltaDirectory: calling MDMDirectoryDiff with:
state->old_bundle: /Users/dragonkao/Library/Developer/CoreSimulator/Devices/CCB1E793-CED4-4FCD-BF73-321AAEA77AB9/data/Containers/Bundle/Application/AA5E6F55-EDBB-48DB-8298-0A4B4B8537FE/NeonDrift.app
state->new_bundle: /Users/dragonkao/.openclaw/workspace/382b9e3384298039b171c9b2a60ae644/NeonDrift_MVP/project/xcode_derived_data/Build/Products/Release-iphonesimulator/NeonDrift.app
state->dst_bundle: /Users/dragonkao/Library/Developer/CoreSimulator/Devices/CCB1E793-CED4-4FCD-BF73-321AAEA77AB9/data/Containers/Shared/SystemGroup/systemgroup.com.apple.installcoordinationd/Library/InstallCoordination/PromiseStaging/99B6E8C9-125B-44B5-B427-858127A973B6/NeonDrift.app/Payload//NeonDrift.app, binaryDiff flag: FALSE
	dst_ipa: /Users/dragonkao/Library/Developer/CoreSimulator/Devices/CCB1E793-CED4-4FCD-BF73-321AAEA77AB9/data/Containers/Shared/SystemGroup/systemgroup.com.apple.installcoordinationd/Library/InstallCoordination/PromiseStaging/99B6E<…>
2026-06-22 21:51:58.979 Df CoreSimulatorBridge[50222:5e946b] [com.apple.installcoordination:framework] -[IXPromisedTransferToPath setComplete:]: <IXPromisedTransferToPath<0x101476c40> name:"App Asset: com.DefaultCompany.NeonDrift" uuid:99B6E8C9-125B-44B5-B427-858127A973B6 creator:"InstallCoordination Simple SPI" location:[system-defined]> Delta Copy operation from /Users/dragonkao/.openclaw/workspace/382b9e3384298039b171c9b2a60ae644/NeonDrift_MVP/project/xcode_derived_data/Build/Products/Release-iphonesimulator/NeonDrift.app to /Users/dragonkao/Library/Developer/CoreSimulator/Devices/CCB1E793-CED4-4FCD-BF73-321AAEA77AB9/data/Containers/Shared/SystemGroup/systemgroup.com.apple.installcoordinationd/Library/InstallCoordination/PromiseStaging/99B6E8C9-125B-44B5-B427-858127A973B6/NeonDrift.app took 0.064184 seconds
2026-06-22 21:51:58.980 Df installcoordinationd[73024:5f12f6] [com.apple.installcoordination:daemon] -[IXSDataPromise _setPercentComplete:saveStateIfNeeded:]: Progress: <IXSPromisedTransferToPath(0x1018e6700) Name:App Asset: com.DefaultCompany.NeonDrift Creator:InstallCoordination Simple SPI UUID:99B6E8C9-125B-44B5-B427-858127A973B6 Location:[system-defined]>
2026-06-22 21:51:58.980 Df installcoordinationd[73024:5f12f5] [com.apple.appinstallation:TransactionLog] com.DefaultCompany.NeonDrift/Unknown Persona:4:10:1:1:App Asset Promise began. Coordinator State: IXAppCoordinationStatePlaceholderPromiseNotSet
2026-06-22 21:51:58.980 Df CoreSimulatorBridge[50222:5e946c] [com.apple.installcoordination:framework] -[IXAppInstallCoordinator _clientDelegate_promiseDidBeginFulfillmentWithIdentifier:]: <IXUpdatingAppInstallCoordinator<0x101477000> identity:[com.DefaultCompany.NeonDrift/Invalid/[system-defined]] uuid:B73CEA6A-8FA6-4537-91CE-77171F8A223C creator:InstallCoordination Simple SPI>: Got promise did begin fulfillment for identifier 2
2026-06-22 21:51:58.980 Df installcoordinationd[73024:5f12f6] [com.apple.installcoordination:daemon] -[IXSCoordinatedAppInstall promiseDidComplete:]: <IXSCoordinatedAppInstall<0x1019f4000> [P=CoreSimulatorBridge (pid 50222)] identifier:[com.DefaultCompany.NeonDrift/Invalid/[system-defined]] uuid:B73CEA6A-8FA6-4537-91CE-77171F8A223C intent:IXCoordinatorIntentUpdating creator/appDRI:InstallCoordination Simple SPI importance:UserWaiting state:IXAppCoordinationStatePlaceholderPromiseNotSet promise-state:0A2I4> : Promise completed: <IXSPromisedTransferToPath(0x1018e6700) Name:App Asset: com.DefaultCompany.NeonDrift Creator:InstallCoordination Simple SPI UUID:99B6E8C9-125B-44B5-B427-858127A973B6 Location:[system-defined]>
2026-06-22 21:51:58.980 Df installcoordinationd[73024:5f12f5] [com.apple.appinstallation:TransactionLog] com.DefaultCompany.NeonDrift/Unknown Persona:4:10:2:1:App Asset Promise completed. Coordinator State: IXAppCoordinationStatePlaceholderPromiseNotSet
2026-06-22 21:51:58.980 Df CoreSimulatorBridge[50222:5ec58d] [com.apple.installcoordination:framework] -[IXAppInstallCoordinator _clientDelegate_promiseDidBeginFulfillmentWithIdentifier:]_block_invoke: <IXUpdatingAppInstallCoordinator<0x101477000> identity:[com.DefaultCompany.NeonDrift/Invalid/[system-defined]] uuid:B73CEA6A-8FA6-4537-91CE-77171F8A223C creator:InstallCoordination Simple SPI>: Observer <_IXSimpleInstallerDelegate 0x0x1017d89f0> does not respond to coordinator:configuredPromiseDidBeginFulfillment: (or any deprecated equivalent)
2026-06-22 21:51:58.980 Df CoreSimulatorBridge[50222:5e946c] [com.apple.installcoordination:framework] -[IXAppInstallCoordinator _clientDelegate_didUpdateProgress:forPhase:overallProgress:]: <IXUpdatingAppInstallCoordinator<0x101477000> identity:[com.DefaultCompany.NeonDrift/Invalid/[system-defined]] uuid:B73CEA6A-8FA6-4537-91CE-77171F8A223C creator:InstallCoordination Simple SPI>: Got did update progress delegate with percentComplete 100.000000 phase IXCoordinatorProgressPhaseLoading overallProgress 60.000000
2026-06-22 21:51:58.980 Df CoreSimulatorBridge[50222:5ec58d] [com.apple.installcoordination:framework] -[IXAppInstallCoordinator _clientDelegate_didUpdateProgress:forPhase:overallProgress:]_block_invoke: <IXUpdatingAppInstallCoordinator<0x101477000> identity:[com.DefaultCompany.NeonDrift/Invalid/[system-defined]] uuid:B73CEA6A-8FA6-4537-91CE-77171F8A223C creator:InstallCoordination Simple SPI>: Calling selector coordinator:didUpdateProgress:forPhase:overallProgress: on observer <_IXSimpleInstallerDelegate 0x0x1017d89f0>
2026-06-22 21:51:58.980 Df installcoordinationd[73024:5f12f5] [com.apple.installcoordination:daemon] -[IXSCoordinatedAppInstall setPlaceholderPromise:]: <IXSCoordinatedAppInstall<0x1019f4000> [P=CoreSimulatorBridge (pid 50222)] identifier:[com.DefaultCompany.NeonDrift/Invalid/[system-defined]] uuid:B73CEA6A-8FA6-4537-91CE-77171F8A223C intent:IXCoordinatorIntentUpdating creator/appDRI:InstallCoordination Simple SPI importance:UserWaiting state:IXAppCoordinationStateReadyForPlaceholderInstall promise-state:PA2I4> : Placeholder Promise set: <IXSPlaceholder(0x10190c500) Name:App Placeholder: NeonDrift (com.DefaultCompany.NeonDrift) Creator:InstallCoordination Simple SPI UUID:AA7C3994-96D6-493E-A62C-DE5E81A53C1C Location:[system-defined]>
2026-06-22 21:51:58.980 Df installcoordinationd[73024:5f12f6] [com.apple.installcoordination:daemon] -[IXSCoordinatedAppInstall promiseDidComplete:]: <IXSCoordinatedAppInstall<0x1019f4000> [P=CoreSimulatorBridge (pid 50222)] identifier:[com.DefaultCompany.NeonDrift/Invalid/[system-defined]] uuid:B73CEA6A-8FA6-4537-91CE-77171F8A223C intent:IXCoordinatorIntentUpdating creator/appDRI:InstallCoordination Simple SPI importance:UserWaiting state:IXAppCoordinationStateReadyForPlaceholderInstall promise-state:PA2I4> : Promise completed: <IXSPlaceholder(0x10190c500) Name:App Placeholder: NeonDrift (com.DefaultCompany.NeonDrift) Creator:InstallCoordination Simple SPI UUID:AA7C3994-96D6-493E-A62C-DE5E81A53C1C Location:[system-defined]>
2026-06-22 21:51:58.981 Df installcoordinationd[73024:5f12f5] [com.apple.installcoordination:daemon] -[IXSCoordinatedAppInstall _onQueue_acquireAssertionAndInstallPlaceholder]: Acquiring termination assertion to install placeholder for [com.DefaultCompany.NeonDrift/Invalid/[system-defined]]
2026-06-22 21:51:58.981 Df installcoordinationd[73024:5f12f5] [com.apple.installcoordination:daemon] -[IXSPendingOperationsTracker beginPendingOperationForIdentity:]_block_invoke: Beginning pending operation for [com.DefaultCompany.NeonDrift/Invalid/[system-defined]]
2026-06-22 21:51:58.982 Df installcoordinationd[73024:5f12f6] [com.apple.runningboard:process] Hit the server for a process handle 115cf87600010d74 that resolved to: [app<com.DefaultCompany.NeonDrift((null))>:68980]
2026-06-22 21:51:58.982 Df runningboardd[50195:5f12fe] [com.apple.runningboard:connection] Received termination request from [osservice<com.apple.installcoordinationd>:73024] on <RBSProcessPredicate <RBSProcessBundleIdentifierPredicate "com.DefaultCompany.NeonDrift">> with context <RBSTerminateContext| explanation:installcoordinationd app:[com.DefaultCompany.NeonDrift/Invalid/[system-defined]] uuid:B73CEA6A-8FA6-4537-91CE-77171F8A223C isPlaceholder:Y reportType:None maxTerminationResistance:Absolute attrs:[
	<RBSPreventLaunchLimitation| <RBSProcessPredicate <RBSProcessBundleIdentifierPredicate "com.DefaultCompany.NeonDrift">> allow:(null)>
	]>
2026-06-22 21:51:58.982 Df installcoordinationd[73024:5f12f6] [com.apple.runningboard:monitor] Received state update for 68980 (app<com.DefaultCompany.NeonDrift((null))>, running-active-NotVisible
2026-06-22 21:51:58.982 Df runningboardd[50195:5f12fe] [com.apple.runningboard:general] Found 0 extensions contained in com.DefaultCompany.NeonDrift
2026-06-22 21:51:58.982 Df runningboardd[50195:5f12fe] [com.apple.PlugInKit:holds] <PKManager:0x1095d5680> hold request for [/Users/dragonkao/Library/Developer/CoreSimulator/Devices/CCB1E793-CED4-4FCD-BF73-321AAEA77AB9/data/Containers/Bundle/Application/AA5E6F55-EDBB-48DB-8298-0A4B4B8537FE/NeonDrift.app] with flags: 0x4
2026-06-22 21:51:58.983 Df NeonDrift[68980:5dea7a] [com.apple.PlugInKit:discovery] Annotations changed, re-performing query for continuous discovery, report block = <0x11b49a8b0>.
2026-06-22 21:51:58.983 Df NeonDrift[68980:5dea67] [com.apple.PlugInKit:discovery] Annotations changed, re-performing query for continuous discovery, report block = <0x11b49a9a0>.
2026-06-22 21:51:58.983 Df runningboardd[50195:5f12fe] [com.apple.PlugInKit:holds] <PKManager:0x1095d5680> hold request for [/Users/dragonkao/Library/Developer/CoreSimulator/Devices/CCB1E793-CED4-4FCD-BF73-321AAEA77AB9/data/Containers/Bundle/Application/AA5E6F55-EDBB-48DB-8298-0A4B4B8537FE/NeonDrift.app] with flags: 0x4 completed with hold token: [17E7D590-A28F-4EC6-8BD0-97D4E1FAEE41]
2026-06-22 21:51:58.983 Df NeonDrift[68980:5dea68] [com.apple.PlugInKit:discovery] Annotations changed, re-performing query for continuous discovery, report block = <0x11b49aa90>.
2026-06-22 21:51:58.983 Df runningboardd[50195:5f12fe] [com.apple.runningboard:ttl] Acquiring assertion targeting system from originator [osservice<com.apple.installcoordinationd>:73024] with description <RBSAssertionDescriptor| "installcoordinationd app:[com.DefaultCompany.NeonDrift/Invalid/[system-defined]] uuid:B73CEA6A-8FA6-4537-91CE-77171F8A223C isPlaceholder:Y" ID:50195-73024-11259 target:system attributes:[
	<RBSPreventLaunchLimitation| <RBSProcessPredicate <RBSProcessBundleIdentifierPredicate "com.DefaultCompany.NeonDrift">> allow:(null)>
	]>
2026-06-22 21:51:58.983 Df NeonDrift[68980:5dea68] [com.apple.PlugInKit:discovery] [d BFDA59ED-9E6C-49FA-A1F9-8A142B3A9EF8] <PKHost:0x11b48c4c0> Beginning discovery for flags: 0, point: com.apple.AudioUnit-Speech
2026-06-22 21:51:58.983 Df NeonDrift[68980:5dea67] [com.apple.PlugInKit:discovery] [d 4532FFE0-9BDD-4DCC-948C-57289D5FF659] <PKHost:0x11b48c4c0> Beginning discovery for flags: 0, point: com.apple.AudioUnit-UI
2026-06-22 21:51:58.983 Df NeonDrift[68980:5dea7a] [com.apple.PlugInKit:discovery] [d CFEBD57B-67C8-4615-BA16-6D4F1948F739] <PKHost:0x11b48c4c0> Beginning discovery for flags: 0, point: com.apple.AudioUnit
2026-06-22 21:51:58.983 Df runningboardd[50195:5f12fe] [com.apple.runningboard:process] Executing termination request for: <RBSProcessPredicate <RBSProcessBundleIdentifierPredicate "com.DefaultCompany.NeonDrift">>
2026-06-22 21:51:58.983 Df runningboardd[50195:5f12fe] [com.apple.runningboard:process] [app<com.DefaultCompany.NeonDrift((null))>:68980] Terminating with context: <RBSTerminateContext| explanation:installcoordinationd app:[com.DefaultCompany.NeonDrift/Invalid/[system-defined]] uuid:B73CEA6A-8FA6-4537-91CE-77171F8A223C isPlaceholder:Y reportType:None maxTerminationResistance:Absolute attrs:[
	<RBSPreventLaunchLimitation| <RBSProcessPredicate <RBSProcessBundleIdentifierPredicate "com.DefaultCompany.NeonDrift">> allow:(null)>
	]>
2026-06-22 21:51:58.983 Df SpringBoard[50190:3c6b67] [com.apple.SpringBoard:Common] termination assertion acquired for com.DefaultCompany.NeonDrift
2026-06-22 21:51:58.983 Df runningboardd[50195:5f12fe] [com.apple.runningboard:process] [app<com.DefaultCompany.NeonDrift((null))>:68980] terminate_with_reason() success
2026-06-22 21:51:58.983 Df SpringBoard[50190:3c6b67] [com.apple.SpringBoard:Icon] 0x12b21ad00-SBApplicationIcon Data source did change: <SBApplication: 0x106ddb800; com.DefaultCompany.NeonDrift> {
    processState = <SBApplicationProcessState: 0x10c3924c0; pid: 68980; taskState: Running; visibility: Foreground>;
} (SBApplication)
2026-06-22 21:51:58.984 Df installcoordinationd[73024:5f12f5] [com.apple.runningboard:assertion] Setting up death monitor for [app<com.DefaultCompany.NeonDrift((null))>:68980]
2026-06-22 21:51:58.984 Df installcoordinationd[73024:5f12f5] [com.apple.runningboard:process] Starting death monitoring for handle [app<com.DefaultCompany.NeonDrift((null))>:68980]
2026-06-22 21:51:58.984 Df installcoordinationd[73024:5f12f6] [com.apple.appinstallation:TransactionLog] com.DefaultCompany.NeonDrift/Unknown Persona:4:9:1:1:Placeholder Promise began. Coordinator State: IXAppCoordinationStateWaitingForPlaceholderAssertion
2026-06-22 21:51:58.984 Df installcoordinationd[73024:5f12f6] [com.apple.installcoordination:daemon] -[IXSCoordinatorProgress setTotalUnitsCompleted:]: Progress for coordinator: [com.DefaultCompany.NeonDrift/Invalid/[system-defined]], Phase: IXCoordinatorProgressPhaseLoading, Percentage: 100.000000: Attempt to set units completed on finished progress: 100
2026-06-22 21:51:58.984 Df installcoordinationd[73024:5f12f6] [com.apple.appinstallation:TransactionLog] com.DefaultCompany.NeonDrift/Unknown Persona:4:9:2:1:Placeholder Promise completed. Coordinator State: IXAppCoordinationStateWaitingForPlaceholderAssertion
2026-06-22 21:51:58.984 Df CoreSimulatorBridge[50222:5e946c] [com.apple.installcoordination:framework] -[IXAppInstallCoordinator _clientDelegate_promiseDidBeginFulfillmentWithIdentifier:]: <IXUpdatingAppInstallCoordinator<0x101477000> identity:[com.DefaultCompany.NeonDrift/Invalid/[system-defined]] uuid:B73CEA6A-8FA6-4537-91CE-77171F8A223C creator:InstallCoordination Simple SPI>: Got promise did begin fulfillment for identifier 1
2026-06-22 21:51:58.984 Df CoreSimulatorBridge[50222:5e946c] [com.apple.installcoordination:framework] -[IXAppInstallCoordinator _clientDelegate_promiseDidBeginFulfillmentWithIdentifier:]_block_invoke: <IXUpdatingAppInstallCoordinator<0x101477000> identity:[com.DefaultCompany.NeonDrift/Invalid/[system-defined]] uuid:B73CEA6A-8FA6-4537-91CE-77171F8A223C creator:InstallCoordination Simple SPI>: Observer <_IXSimpleInstallerDelegate 0x0x1017d89f0> does not respond to coordinator:configuredPromiseDidBeginFulfillment: (or any deprecated equivalent)
2026-06-22 21:51:59.035 Df backboardd[50213:5f131e] [com.apple.iohid:default] Connection removed: IOHIDEventSystemConnection uuid:B1ECAE3A-A205-4DCA-A15F-20AB4BAB6EB3 pid:68980 process:NeonDrift type:Passive entitlements:0x0 caller:BackBoardServices: ___getHIDEventSystemClient_block_invoke + 296 attributes:{
    HighFrequency = 0;
    bundleID = "com.DefaultCompany.NeonDrift";
    pid = 68980;
} state:0x1 events:7 mask:0x808 dropped:0 dropStatus:0 droppedMask:0x0 lastDroppedTime:NONE
2026-06-22 21:51:59.035 Df SpringBoard[50190:5f1300] [com.apple.FrontBoard:ProcessWorkspace] [app<com.DefaultCompany.NeonDrift>:68980] Workspace connection invalidated.
2026-06-22 21:51:59.035 Df SpringBoard[50190:5f1300] [com.apple.FrontBoard:Process] [app<com.DefaultCompany.NeonDrift>:68980] Now flagged as pending exit for reason: workspace client connection invalidated
2026-06-22 21:51:59.035 Df backboardd[50213:5f1320] [com.apple.iohid:default] Connection removed: IOHIDEventSystemConnection uuid:1E278D12-79C8-4E24-AE25-6E324622967B pid:68980 process:NeonDrift type:Monitor entitlements:0x0 caller:GameControllerFoundation: -[GCHIDEventSystemClient initWithQueue:type:attributes:functions:] + 116 attributes:(null) state:0x1 events:0 mask:0x0 dropped:0 dropStatus:0 droppedMask:0x0 lastDroppedTime:NONE
2026-06-22 21:51:59.035 Df backboardd[50213:5f131e] [com.apple.BackBoard:HID] Removing client connection <BKHIDClientConnection: 0x10c569580; IOHIDEventSystemConnectionRef: 0x10c40ea00; vpid: 68980(v9A570); taskPort: 0x22253; bundleID: com.DefaultCompany.NeonDrift> for client: IOHIDEventSystemConnection uuid:B1ECAE3A-A205-4DCA-A15F-20AB4BAB6EB3 pid:68980 process:NeonDrift type:Passive entitlements:0x0 caller:BackBoardServices: ___getHIDEventSystemClient_block_invoke + 296 attributes:{
    HighFrequency = 0;
    bundleID = "com.DefaultCompany.NeonDrift";
    pid = 68980;
} state:0x1 events:7 mask:0x808 dropped:0 dropStatus:0 droppedMask:0x0 lastDroppedTime:NONE source:HID
2026-06-22 21:51:59.035 Df SpringBoard[50190:5f073c] [com.apple.KeyboardArbiter:Handle] com.DefaultCompany.NeonDrift(68980) lostConnection (invalidation)
2026-06-22 21:51:59.035 Df SpringBoard[50190:5f073c] [com.apple.KeyboardArbiter:Handle] RX com.DefaultCompany.NeonDrift(68980) setWindowContextID:0 windowState:Disabled level:0.0
    focusContext:(null)
2026-06-22 21:51:59.035 Df SpringBoard[50190:3c6b67] [com.apple.SpringBoard:KeyboardFocus] [coordinator] using MRU target <com.apple.frontboard.systemappservices/FBSceneManager:sceneID%3Acom.DefaultCompany.NeonDrift-default pid:68980>
2026-06-22 21:51:59.036 Df SpringBoard[50190:3c6b67] [com.apple.SpringBoard:KeyboardFocus] [coordinator] informing scene controller 'com.apple.springboard' of focusTarget: <com.apple.frontboard.systemappservices/FBSceneManager:sceneID%3Acom.DefaultCompany.NeonDrift-default pid:68980>
2026-06-22 21:51:59.036 Df backboardd[50213:5ed5f3] [com.apple.BackBoard:EventDelivery] chain did update (setDeferringRules) <keyboardFocus; display: null> containsEndOfChain: YES; [
    <token: com.apple.frontboard.systemappservices/FBSceneManager:com.apple.springboard; pid: 50190>,
    <token: com.apple.frontboard.systemappservices/FBSceneManager:sceneID%3Acom.DefaultCompany.NeonDrift-default; pid: 68980>
]
2026-06-22 21:51:59.036 Df SpringBoard[50190:3c6b67] [com.apple.SpringBoard:KeyboardFocus] [coordinator] keyboard arbiter suggested <nothing> and we replied <com.apple.frontboard.systemappservices/FBSceneManager:sceneID%3Acom.DefaultCompany.NeonDrift-default pid:68980>
2026-06-22 21:51:59.036 Df backboardd[50213:5ed5f3] [com.apple.BackBoard:EventDelivery] chain did update (setDeferringRules) <keyboardFocus; display: builtin> containsEndOfChain: YES; [
    <token: com.apple.frontboard.systemappservices/FBSceneManager:com.apple.springboard; pid: 50190>,
    <token: com.apple.frontboard.systemappservices/FBSceneManager:sceneID%3Acom.DefaultCompany.NeonDrift-default; pid: 68980>
]
2026-06-22 21:51:59.036 E  SpringBoard[50190:5f1300] [com.apple.UIKit:KeyboardArbiter] Advisor: No handle found for currently focused PID: 68980; sceneIdentity: com.apple.frontboard.systemappservices/FBSceneManager:sceneID%3Acom.DefaultCompany.NeonDrift-default
2026-06-22 21:51:59.046 Df launchd_sim[50184:5f0d14] [user/501:] service inactive: UIKitApplication:com.DefaultCompany.NeonDrift[2c3b][rb-legacy]
2026-06-22 21:51:59.046 Df runningboardd[50195:5f12fe] [com.apple.runningboard:ttl] [app<com.DefaultCompany.NeonDrift((null))>:68980] termination reported by launchd (0, 0, 9)
2026-06-22 21:51:59.046 Df runningboardd[50195:5f12fe] [com.apple.runningboard:process] Removing process: [app<com.DefaultCompany.NeonDrift((null))>:68980]
2026-06-22 21:51:59.046 Df runningboardd[50195:5f12fe] [com.apple.runningboard:job] Removing launch job for: [app<com.DefaultCompany.NeonDrift((null))>:68980]
2026-06-22 21:51:59.047 Df launchd_sim[50184:5f0fde] [user/501:] removing service: UIKitApplication:com.DefaultCompany.NeonDrift[2c3b][rb-legacy]
2026-06-22 21:51:59.047 Df runningboardd[50195:5f12fe] [com.apple.runningboard:job] Removed job for [app<com.DefaultCompany.NeonDrift((null))>:68980]
2026-06-22 21:51:59.047 Df runningboardd[50195:5f12fe] [com.apple.runningboard:process] Removing assertions for terminated process: [app<com.DefaultCompany.NeonDrift((null))>:68980]
2026-06-22 21:51:59.047 Df runningboardd[50195:5f12fe] [com.apple.runningboard:assertion] Removed last relative-start-date-defining assertion for process app<com.DefaultCompany.NeonDrift((null))>
2026-06-22 21:51:59.047 Df runningboardd[50195:5eca78] [com.apple.runningboard:monitor] Calculated state for app<com.DefaultCompany.NeonDrift((null))>: none (role: None) (endowments: (null))
2026-06-22 21:51:59.047 Df runningboardd[50195:5f1303] [com.apple.runningboard:process] Notifying connection [osservice<com.apple.SpringBoard>:50190] that process [app<com.DefaultCompany.NeonDrift((null))>:68980] exited with context <RBSProcessExitContext| specific, status:<RBSProcessExitStatus| domain:signal(2) code:SIGKILL(9)>>
2026-06-22 21:51:59.047 Df runningboardd[50195:5f12fe] [com.apple.runningboard:connection] Inheritance changeset: <RBSInheritanceChangeSet| gained:(null) lost:{(
    <RBSInheritance| environment:UIScene:com.apple.frontboard.systemappservices/FBSceneManager:sceneID%3Acom.DefaultCompany.NeonDrift-default name:com.apple.frontboard.visibility origID:50195-50190-11195 payload 988977049718614166>,
    <RBSInheritance| environment:(none) name:com.apple.frontboard.visibility origID:50195-50190-11183 0>
)}>
2026-06-22 21:51:59.047 Df SpringBoard[50190:5f1322] [com.apple.FrontBoard:ProcessWorkspace] [app<com.DefaultCompany.NeonDrift>:68980] Workspace assertion invalidated: <NSError: 0x106f39fe0; domain: RBSAssertionErrorDomain; code: 1; "Assertions were invalidated, count = 3.
50195-50190-11195: invalidation reason: 1
50195-50190-11182: invalidation reason: 1
50195-50190-11183: invalidation reason: 1">
2026-06-22 21:51:59.047 Df runningboardd[50195:5f1303] [com.apple.runningboard:process] Notifying connection [osservice<com.apple.installcoordinationd>:73024] that process [app<com.DefaultCompany.NeonDrift((null))>:68980] exited with context <RBSProcessExitContext| specific, status:<RBSProcessExitStatus| domain:signal(2) code:SIGKILL(9)>>
2026-06-22 21:51:59.047 Df SpringBoard[50190:5f1322] [com.apple.runningboard:process] Calling process death completion block for handle [app<com.DefaultCompany.NeonDrift((null))>:68980]
2026-06-22 21:51:59.048 Df SpringBoard[50190:5f1322] [com.apple.FrontBoard:Process] [app<com.DefaultCompany.NeonDrift>:68980] Process exited: <RBSProcessExitContext| specific, status:<RBSProcessExitStatus| domain:signal(2) code:SIGKILL(9)>>.
2026-06-22 21:51:59.048 Df SpringBoard[50190:5f1322] [com.apple.FrontBoard:Process] [app<com.DefaultCompany.NeonDrift>:68980] Setting process task state to: Not Running
2026-06-22 21:51:59.048 Df runningboardd[50195:5f1303] [com.apple.runningboard:monitor] Calculated state for app<com.DefaultCompany.NeonDrift((null))>: none (role: None) (endowments: (null))
2026-06-22 21:51:59.048 Df SpringBoard[50190:5f1322] [com.apple.FrontBoard:Process] [app<com.DefaultCompany.NeonDrift>:68980] Setting process visibility to: Unknown
2026-06-22 21:51:59.048 Df SpringBoard[50190:5f1321] [com.apple.FrontBoard:ProcessWorkspace] [app<com.DefaultCompany.NeonDrift>:68980] Invalidating workspace.
2026-06-22 21:51:59.048 Df installcoordinationd[73024:5f12f6] [com.apple.runningboard:process] Calling process death completion block for handle [app<com.DefaultCompany.NeonDrift((null))>:68980]
