Timestamp               Ty Process[PID:TID]
2026-06-26 22:18:45.391 Df CoreSimulatorBridge[13156:887c08] Request received for installation of file:///Users/dragonkao/.openclaw/workspace/382b9e3384298039b171c9b2a60ae644/NeonDrift_MVP/project/xcode_derived_data/Build/Products/Release-iphonesimulator/NeonDrift.run.1782483479.44964.app/ with options: {
    PackageType = Developer;
    SimulatorRootPath = "/Library/Developer/CoreSimulator/Volumes/iOS_23F77/Library/Developer/CoreSimulator/Profiles/Runtimes/iOS 26.5.simruntime/Contents/Resources/RuntimeRoot";
    SimulatorUserPath = "/Users/dragonkao/Library/Developer/CoreSimulator/Devices/115FDF0C-5A2F-4686-909B-7F43F1450A28/data";
}
2026-06-26 22:18:45.391 Df CoreSimulatorBridge[13156:887c08] [com.apple.installcoordination:framework] +[IXAppInstallCoordinator(IXSimpleInstaller) _beginInstallForURL:forPersonaUniqueString:consumeSource:options:progressBlock:completionWithIdentity:]: Beginning install for /Users/dragonkao/.openclaw/workspace/382b9e3384298039b171c9b2a60ae644/NeonDrift_MVP/project/xcode_derived_data/Build/Products/Release-iphonesimulator/NeonDrift.run.1782483479.44964.app consuming source:N options:{
    IsUserInitiated = 1;
    PackageType = Developer;
} installationRequestorAuditToken: NULL
2026-06-26 22:18:45.393 Df installcoordinationd[26512:8823cb] [com.apple.installcoordination:daemon] -[IXSDataPromiseManager registerPromise:]: Registered promise <IXSPlaceholder(0x105510500) Name:App Placeholder: NeonDrift.run.1782483479.44964 (com.DefaultCompany.NeonDrift.run.1782483479.44964) Creator:InstallCoordination Simple SPI UUID:BEEDDDB9-46EB-4A6E-98C3-A5561D74FBDA Location:[system-defined]> for UUID BEEDDDB9-46EB-4A6E-98C3-A5561D74FBDA
2026-06-26 22:18:45.394 Df installcoordinationd[26512:8823cb] [com.apple.installcoordination:daemon] -[IXSPlaceholder setAttributes:]: <IXSPlaceholder(0x105510500) Name:App Placeholder: NeonDrift.run.1782483479.44964 (com.DefaultCompany.NeonDrift.run.1782483479.44964) Creator:InstallCoordination Simple SPI UUID:BEEDDDB9-46EB-4A6E-98C3-A5561D74FBDA Location:[system-defined]>: setting placeholder attributes to <IXPlaceholderAttributes<0x1054a0dc0> : {
    CFBundleShortVersionString = "1.0";
    CFBundleSupportedPlatforms =     (
        iPhoneSimulator
    );
    CFBundleVersion = 0;
    DTPlatformName = iphonesimulator;
    LSRequiresIPhoneOS = 1;
    MinimumOSVersion = "13.0";
    UIDeviceFamily =     (
        1,
        2
    );
    UIRequiredDeviceCapabilities =     {
        arm64 = 1;
        metal = 1;
    };
}>
2026-06-26 22:18:45.394 Df CoreSimulatorBridge[13156:8846d8] [com.apple.installcoordination:framework] +[IXPlaceholder _setEntitlementsFromBundleExecutableURL:withBundleID:client:onPlaceholder:location:error:]: Executable for com.DefaultCompany.NeonDrift.run.1782483479.44964 at NeonDrift.run.1782483479.44964 -- file:///Users/dragonkao/.openclaw/workspace/382b9e3384298039b171c9b2a60ae644/NeonDrift_MVP/project/xcode_derived_data/Build/Products/Release-iphonesimulator/NeonDrift.run.1782483479.44964.app/ had no entitlements
2026-06-26 22:18:45.394 Df CoreSimulatorBridge[13156:8846d8] [com.apple.installcoordination:framework] +[IXPlaceholder _placeholderForBundle:client:withParent:installType:metadata:placeholderType:mayBeDeltaPackage:isFromSerializedPlaceholder:location:error:]: Using full fidelity icons for com.DefaultCompany.NeonDrift.run.1782483479.44964 at /Users/dragonkao/.openclaw/workspace/382b9e3384298039b171c9b2a60ae644/NeonDrift_MVP/project/xcode_derived_data/Build/Products/Release-iphonesimulator/NeonDrift.run.1782483479.44964.app
2026-06-26 22:18:45.395 Df installcoordinationd[26512:8823cb] [com.apple.installcoordination:daemon] -[IXSDataPromiseManager registerPromise:]: Registered promise <IXSPromisedTransferToPath(0x1054dd800) Name:Icon resources for com.DefaultCompany.NeonDrift.run.1782483479.44964 Creator:InstallCoordination Simple SPI UUID:A841A268-9BF6-46EA-8149-56AEBFD199F8 Location:[system-defined]> for UUID A841A268-9BF6-46EA-8149-56AEBFD199F8
2026-06-26 22:18:45.398 Df CoreSimulatorBridge[13156:8846d8] [com.apple.installcoordination:framework] -[IXPromisedTransferToPath setComplete:]: <IXPromisedTransferToPath<0x1034588c0> name:"Icon resources for com.DefaultCompany.NeonDrift.run.1782483479.44964" uuid:A841A268-9BF6-46EA-8149-56AEBFD199F8 creator:"InstallCoordination Simple SPI" location:[system-defined]> Move operation from /Users/dragonkao/Library/Developer/CoreSimulator/Devices/115FDF0C-5A2F-4686-909B-7F43F1450A28/data/Containers/Shared/SystemGroup/systemgroup.com.apple.installcoordinationd/Library/InstallCoordination/PromiseStaging/A841A268-9BF6-46EA-8149-56AEBFD199F8/temp.tdZDQ0 to /Users/dragonkao/Library/Developer/CoreSimulator/Devices/115FDF0C-5A2F-4686-909B-7F43F1450A28/data/Containers/Shared/SystemGroup/systemgroup.com.apple.installcoordinationd/Library/InstallCoordination/PromiseStaging/A841A268-9BF6-46EA-8149-56AEBFD199F8/temp.tdZDQ0 took 0.000058 seconds
2026-06-26 22:18:45.399 Df installcoordinationd[26512:8823cb] [com.apple.installcoordination:daemon] -[IXSDataPromise _setPercentComplete:saveStateIfNeeded:]: Progress: <IXSPromisedTransferToPath(0x1054dd800) Name:Icon resources for com.DefaultCompany.NeonDrift.run.1782483479.44964 Creator:InstallCoordination Simple SPI UUID:A841A268-9BF6-46EA-8149-56AEBFD199F8 Location:[system-defined]>
2026-06-26 22:18:45.399 Df installcoordinationd[26512:886baa] [com.apple.installcoordination:daemon] -[IXSDataPromiseManager promiseDidBegin:]: Unowned promise began: <IXSPromisedTransferToPath(0x1054dd800) Name:Icon resources for com.DefaultCompany.NeonDrift.run.1782483479.44964 Creator:InstallCoordination Simple SPI UUID:A841A268-9BF6-46EA-8149-56AEBFD199F8 Location:[system-defined]>
2026-06-26 22:18:45.399 Df installcoordinationd[26512:886baa] [com.apple.installcoordination:daemon] -[IXSDataPromiseManager promise:didUpdateProgress:]: Unowned promise update progress to 1.000000 : <IXSPromisedTransferToPath(0x1054dd800) Name:Icon resources for com.DefaultCompany.NeonDrift.run.1782483479.44964 Creator:InstallCoordination Simple SPI UUID:A841A268-9BF6-46EA-8149-56AEBFD199F8 Location:[system-defined]>
2026-06-26 22:18:45.399 Df installcoordinationd[26512:886baa] [com.apple.installcoordination:daemon] -[IXSDataPromiseManager promiseDidComplete:]: Unowned promise completed: <IXSPromisedTransferToPath(0x1054dd800) Name:Icon resources for com.DefaultCompany.NeonDrift.run.1782483479.44964 Creator:InstallCoordination Simple SPI UUID:A841A268-9BF6-46EA-8149-56AEBFD199F8 Location:[system-defined]>
2026-06-26 22:18:45.400 Df installcoordinationd[26512:8823cb] [com.apple.installcoordination:daemon] -[IXSDataPromise _setPercentComplete:saveStateIfNeeded:]: Progress: <IXSPromisedInMemoryDictionary(0x1054de300) Name:Info.plist icon content for com.DefaultCompany.NeonDrift.run.1782483479.44964 Creator:InstallCoordination Simple SPI UUID:1334A95B-001B-478E-9568-3853F53027D8 Location:[system-defined]>
2026-06-26 22:18:45.401 Df installcoordinationd[26512:8823cb] [com.apple.installcoordination:daemon] -[IXSDataPromiseManager registerPromise:]: Registered promise <IXSPromisedInMemoryDictionary(0x1054de300) Name:Info.plist icon content for com.DefaultCompany.NeonDrift.run.1782483479.44964 Creator:InstallCoordination Simple SPI UUID:1334A95B-001B-478E-9568-3853F53027D8 Location:[system-defined]> for UUID 1334A95B-001B-478E-9568-3853F53027D8
2026-06-26 22:18:45.401 Df installcoordinationd[26512:88c0a3] [com.apple.installcoordination:daemon] -[IXSDataPromiseManager promiseDidBegin:]: Unowned promise began: <IXSPromisedInMemoryDictionary(0x1054de300) Name:Info.plist icon content for com.DefaultCompany.NeonDrift.run.1782483479.44964 Creator:InstallCoordination Simple SPI UUID:1334A95B-001B-478E-9568-3853F53027D8 Location:[system-defined]>
2026-06-26 22:18:45.401 Df installcoordinationd[26512:88c0a3] [com.apple.installcoordination:daemon] -[IXSDataPromiseManager promise:didUpdateProgress:]: Unowned promise update progress to 1.000000 : <IXSPromisedInMemoryDictionary(0x1054de300) Name:Info.plist icon content for com.DefaultCompany.NeonDrift.run.1782483479.44964 Creator:InstallCoordination Simple SPI UUID:1334A95B-001B-478E-9568-3853F53027D8 Location:[system-defined]>
2026-06-26 22:18:45.401 Df installcoordinationd[26512:88c0a3] [com.apple.installcoordination:daemon] -[IXSDataPromiseManager promiseDidComplete:]: Unowned promise completed: <IXSPromisedInMemoryDictionary(0x1054de300) Name:Info.plist icon content for com.DefaultCompany.NeonDrift.run.1782483479.44964 Creator:InstallCoordination Simple SPI UUID:1334A95B-001B-478E-9568-3853F53027D8 Location:[system-defined]>
2026-06-26 22:18:45.402 Df installcoordinationd[26512:8823cb] [com.apple.installcoordination:daemon] -[IXSPlaceholder setIconResourcesPromise:]: <IXSPlaceholder(0x105510500) Name:App Placeholder: NeonDrift.run.1782483479.44964 (com.DefaultCompany.NeonDrift.run.1782483479.44964) Creator:InstallCoordination Simple SPI UUID:BEEDDDB9-46EB-4A6E-98C3-A5561D74FBDA Location:[system-defined]>: setting icon resources promise to <IXSPromisedTransferToPath(0x1054dd800) Name:Icon resources for com.DefaultCompany.NeonDrift.run.1782483479.44964 Creator:InstallCoordination Simple SPI UUID:A841A268-9BF6-46EA-8149-56AEBFD199F8 Location:[system-defined]>
2026-06-26 22:18:45.402 Df installcoordinationd[26512:8823cb] [com.apple.installcoordination:daemon] -[IXSPlaceholder setInfoPlistIconContentPromise:]: <IXSPlaceholder(0x105510500) Name:App Placeholder: NeonDrift.run.1782483479.44964 (com.DefaultCompany.NeonDrift.run.1782483479.44964) Creator:InstallCoordination Simple SPI UUID:BEEDDDB9-46EB-4A6E-98C3-A5561D74FBDA Location:[system-defined]>: setting Info.plist icon content promise to <IXSPromisedInMemoryDictionary(0x1054de300) Name:Info.plist icon content for com.DefaultCompany.NeonDrift.run.1782483479.44964 Creator:InstallCoordination Simple SPI UUID:1334A95B-001B-478E-9568-3853F53027D8 Location:[system-defined]>
2026-06-26 22:18:45.403 Df installcoordinationd[26512:886baa] [com.apple.installcoordination:daemon] -[IXSDataPromiseManager promiseDidBegin:]: Unowned promise began: <IXSPlaceholder(0x105510500) Name:App Placeholder: NeonDrift.run.1782483479.44964 (com.DefaultCompany.NeonDrift.run.1782483479.44964) Creator:InstallCoordination Simple SPI UUID:BEEDDDB9-46EB-4A6E-98C3-A5561D74FBDA Location:[system-defined]>
2026-06-26 22:18:45.403 Df installcoordinationd[26512:886baa] [com.apple.installcoordination:daemon] -[IXSDataPromiseManager promise:didUpdateProgress:]: Unowned promise update progress to 0.000000 : <IXSPlaceholder(0x105510500) Name:App Placeholder: NeonDrift.run.1782483479.44964 (com.DefaultCompany.NeonDrift.run.1782483479.44964) Creator:InstallCoordination Simple SPI UUID:BEEDDDB9-46EB-4A6E-98C3-A5561D74FBDA Location:[system-defined]>
2026-06-26 22:18:45.403 Df installcoordinationd[26512:886baa] [com.apple.installcoordination:daemon] -[IXSDataPromiseManager promise:didUpdateProgress:]: Unowned promise update progress to 0.000000 : <IXSPlaceholder(0x105510500) Name:App Placeholder: NeonDrift.run.1782483479.44964 (com.DefaultCompany.NeonDrift.run.1782483479.44964) Creator:InstallCoordination Simple SPI UUID:BEEDDDB9-46EB-4A6E-98C3-A5561D74FBDA Location:[system-defined]>
2026-06-26 22:18:45.404 Df installcoordinationd[26512:886baa] [com.apple.installcoordination:daemon] -[IXSDataPromise _setPercentComplete:saveStateIfNeeded:]: Progress: <IXSPromisedInMemoryDictionary(0x1054de500) Name:Localizations for com.DefaultCompany.NeonDrift.run.1782483479.44964 Creator:InstallCoordination Simple SPI UUID:61CDAE80-D127-401F-B59E-B6EBE6E5C614 Location:[system-defined]>
2026-06-26 22:18:45.404 Df installcoordinationd[26512:886baa] [com.apple.installcoordination:daemon] -[IXSDataPromiseManager registerPromise:]: Registered promise <IXSPromisedInMemoryDictionary(0x1054de500) Name:Localizations for com.DefaultCompany.NeonDrift.run.1782483479.44964 Creator:InstallCoordination Simple SPI UUID:61CDAE80-D127-401F-B59E-B6EBE6E5C614 Location:[system-defined]> for UUID 61CDAE80-D127-401F-B59E-B6EBE6E5C614
2026-06-26 22:18:45.404 Df installcoordinationd[26512:8823cb] [com.apple.installcoordination:daemon] -[IXSDataPromiseManager promiseDidBegin:]: Unowned promise began: <IXSPromisedInMemoryDictionary(0x1054de500) Name:Localizations for com.DefaultCompany.NeonDrift.run.1782483479.44964 Creator:InstallCoordination Simple SPI UUID:61CDAE80-D127-401F-B59E-B6EBE6E5C614 Location:[system-defined]>
2026-06-26 22:18:45.404 Df installcoordinationd[26512:8823cb] [com.apple.installcoordination:daemon] -[IXSDataPromiseManager promise:didUpdateProgress:]: Unowned promise update progress to 1.000000 : <IXSPromisedInMemoryDictionary(0x1054de500) Name:Localizations for com.DefaultCompany.NeonDrift.run.1782483479.44964 Creator:InstallCoordination Simple SPI UUID:61CDAE80-D127-401F-B59E-B6EBE6E5C614 Location:[system-defined]>
2026-06-26 22:18:45.404 Df installcoordinationd[26512:8823cb] [com.apple.installcoordination:daemon] -[IXSDataPromiseManager promiseDidComplete:]: Unowned promise completed: <IXSPromisedInMemoryDictionary(0x1054de500) Name:Localizations for com.DefaultCompany.NeonDrift.run.1782483479.44964 Creator:InstallCoordination Simple SPI UUID:61CDAE80-D127-401F-B59E-B6EBE6E5C614 Location:[system-defined]>
2026-06-26 22:18:45.405 Df installcoordinationd[26512:886baa] [com.apple.installcoordination:daemon] -[IXSPlaceholder setLocalizationDictionaryPromise:]: <IXSPlaceholder(0x105510500) Name:App Placeholder: NeonDrift.run.1782483479.44964 (com.DefaultCompany.NeonDrift.run.1782483479.44964) Creator:InstallCoordination Simple SPI UUID:BEEDDDB9-46EB-4A6E-98C3-A5561D74FBDA Location:[system-defined]>: setting localization dict promise to <IXSPromisedInMemoryDictionary(0x1054de500) Name:Localizations for com.DefaultCompany.NeonDrift.run.1782483479.44964 Creator:InstallCoordination Simple SPI UUID:61CDAE80-D127-401F-B59E-B6EBE6E5C614 Location:[system-defined]>
2026-06-26 22:18:45.405 Df installcoordinationd[26512:88c0a3] [com.apple.installcoordination:daemon] -[IXSDataPromiseManager promise:didUpdateProgress:]: Unowned promise update progress to 0.000000 : <IXSPlaceholder(0x105510500) Name:App Placeholder: NeonDrift.run.1782483479.44964 (com.DefaultCompany.NeonDrift.run.1782483479.44964) Creator:InstallCoordination Simple SPI UUID:BEEDDDB9-46EB-4A6E-98C3-A5561D74FBDA Location:[system-defined]>
2026-06-26 22:18:45.405 Df installcoordinationd[26512:886baa] [com.apple.installcoordination:daemon] -[IXSPlaceholder setConfigurationComplete:]: <IXSPlaceholder(0x105510500) Name:App Placeholder: NeonDrift.run.1782483479.44964 (com.DefaultCompany.NeonDrift.run.1782483479.44964) Creator:InstallCoordination Simple SPI UUID:BEEDDDB9-46EB-4A6E-98C3-A5561D74FBDA Location:[system-defined]>: setting configuration complete to Y
2026-06-26 22:18:45.406 Df installcoordinationd[26512:886baa] [com.apple.installcoordination:daemon] -[IXSPlaceholder _materialize]: <IXSPlaceholder(0x105510500) Name:App Placeholder: NeonDrift.run.1782483479.44964 (com.DefaultCompany.NeonDrift.run.1782483479.44964) Creator:InstallCoordination Simple SPI UUID:BEEDDDB9-46EB-4A6E-98C3-A5561D74FBDA Location:[system-defined]>: Materializing placeholder at /Users/dragonkao/Library/Developer/CoreSimulator/Devices/115FDF0C-5A2F-4686-909B-7F43F1450A28/data/Containers/Shared/SystemGroup/systemgroup.com.apple.installcoordinationd/Library/InstallCoordination/PromiseStaging/BEEDDDB9-46EB-4A6E-98C3-A5561D74FBDA/NeonDrift.run.1782483479.44964.app
2026-06-26 22:18:45.406 Df installcoordinationd[26512:886baa] [com.apple.installcoordination:daemon] -[IXSPlaceholder _materialize]: <IXSPlaceholder(0x105510500) Name:App Placeholder: NeonDrift.run.1782483479.44964 (com.DefaultCompany.NeonDrift.run.1782483479.44964) Creator:InstallCoordination Simple SPI UUID:BEEDDDB9-46EB-4A6E-98C3-A5561D74FBDA Location:[system-defined]>: Using Info.plist icon content: {
    CFBundleIcons =     {
        CFBundlePrimaryIcon =         {
            CFBundleIconName = AppIcon;
        };
    };
    "CFBundleIcons~ipad" =     {
        CFBundlePrimaryIcon =         {
            CFBundleIconName = AppIcon;
        };
    };
    ISIconPlatform = iPhoneOS;
}
2026-06-26 22:18:45.406 Df installcoordinationd[26512:886baa] [com.apple.installcoordination:daemon] -[IXSPlaceholder _materialize]_block_invoke: <IXSPlaceholder(0x105510500) Name:App Placeholder: NeonDrift.run.1782483479.44964 (com.DefaultCompany.NeonDrift.run.1782483479.44964) Creator:InstallCoordination Simple SPI UUID:BEEDDDB9-46EB-4A6E-98C3-A5561D74FBDA Location:[system-defined]>: Using icon resource Assets.car
2026-06-26 22:18:45.406 Df installcoordinationd[26512:886baa] [com.apple.installcoordination:daemon] -[IXSPlaceholder _materialize]: <IXSPlaceholder(0x105510500) Name:App Placeholder: NeonDrift.run.1782483479.44964 (com.DefaultCompany.NeonDrift.run.1782483479.44964) Creator:InstallCoordination Simple SPI UUID:BEEDDDB9-46EB-4A6E-98C3-A5561D74FBDA Location:[system-defined]>: Including lproj localizations for (
)
2026-06-26 22:18:45.407 Df installcoordinationd[26512:886baa] [com.apple.installcoordination:daemon] -[IXSDataPromiseManager promiseDidComplete:]: Unowned promise completed: <IXSPlaceholder(0x105510500) Name:App Placeholder: NeonDrift.run.1782483479.44964 (com.DefaultCompany.NeonDrift.run.1782483479.44964) Creator:InstallCoordination Simple SPI UUID:BEEDDDB9-46EB-4A6E-98C3-A5561D74FBDA Location:[system-defined]>
2026-06-26 22:18:45.407 Df installcoordinationd[26512:88c0a3] [com.apple.installcoordination:daemon] -[IXSDataPromiseManager registerPromise:]: Registered promise <IXSPromisedTransferToPath(0x1054dd480) Name:App Asset: com.DefaultCompany.NeonDrift.run.1782483479.44964 Creator:InstallCoordination Simple SPI UUID:7A6C6473-36E7-404A-9D24-C57B5E0BAAE0 Location:[system-defined]> for UUID 7A6C6473-36E7-404A-9D24-C57B5E0BAAE0
2026-06-26 22:18:45.409 Df installcoordinationd[26512:88c0a3] [com.apple.installcoordination:daemon] -[IXSCoordinatorManager coordinatorForIdentity:connection:error:creatingIfNotExisting:]_block_invoke: Registered coordinator: <IXSCoordinatedAppInstall<0x1055e4000> [P=CoreSimulatorBridge (pid 13156)] identifier:[com.DefaultCompany.NeonDrift.run.1782483479.44964/Invalid/[system-defined]] uuid:DC1467F6-51DC-4AE4-8766-F688067A306C intent:IXCoordinatorIntentInitiating creator/appDRI:InstallCoordination Simple SPI importance:Background state:IXAppCoordinationStatePlaceholderPromiseNotSet promise-state:01234>
2026-06-26 22:18:45.409 Df installcoordinationd[26512:88c0a3] [com.apple.appinstallation:TransactionLog] com.DefaultCompany.NeonDrift.run.1782483479.44964/Unknown Persona:4:1:1:1:Created coordinator with intent IXCoordinatorIntentInitiating for client InstallCoordination Simple SPI
2026-06-26 22:18:45.409 Df installcoordinationd[26512:88c0a3] [com.apple.installcoordination:daemon] -[IXSCoordinatedAppInstall setPriorityBoostCompletion:withSourceInfo:]: <IXSCoordinatedAppInstall<0x1055e4000> [P=CoreSimulatorBridge (pid 13156)] identifier:[com.DefaultCompany.NeonDrift.run.1782483479.44964/Invalid/[system-defined]] uuid:DC1467F6-51DC-4AE4-8766-F688067A306C intent:IXCoordinatorIntentInitiating creator/appDRI:InstallCoordination Simple SPI importance:Background state:IXAppCoordinationStatePlaceholderPromiseNotSet promise-state:01234>: Retaining completion from CoreSimulatorBridge (13156), QOS_CLASS_DEFAULT (0x15)
2026-06-26 22:18:45.409 Df installcoordinationd[26512:88c0a3] [com.apple.installcoordination:daemon] -[IXSCoordinatedAppInstall setImportance:]: <IXSCoordinatedAppInstall<0x1055e4000> [P=CoreSimulatorBridge (pid 13156)] identifier:[com.DefaultCompany.NeonDrift.run.1782483479.44964/Invalid/[system-defined]] uuid:DC1467F6-51DC-4AE4-8766-F688067A306C intent:IXCoordinatorIntentInitiating creator/appDRI:InstallCoordination Simple SPI importance:UserWaiting state:IXAppCoordinationStatePlaceholderPromiseNotSet promise-state:01234>: set importance to UserWaiting
2026-06-26 22:18:45.410 Df installcoordinationd[26512:88c0a3] [com.apple.installcoordination:daemon] -[IXSCoordinatedAppInstall _onQueue_fireObserversForClient:]: <IXSCoordinatedAppInstall<0x1055e4000> [P=CoreSimulatorBridge (pid 13156)] identifier:[com.DefaultCompany.NeonDrift.run.1782483479.44964/Invalid/[system-defined]] uuid:DC1467F6-51DC-4AE4-8766-F688067A306C intent:IXCoordinatorIntentInitiating creator/appDRI:InstallCoordination Simple SPI importance:UserWaiting state:IXAppCoordinationStatePlaceholderPromiseNotSet promise-state:01234>: Firing applicable observers for client <IXSClientConnection<0x1054407e0> client:CoreSimulatorBridge (pid 13156) uuid:91EA0638-10DA-4AE9-8353-ED9F7F8399EE>
2026-06-26 22:18:45.410 Df installcoordinationd[26512:88c0a3] [com.apple.installcoordination:daemon] -[IXSCoordinatedAppInstall setPriorityBoostCompletion:withSourceInfo:]: <IXSCoordinatedAppInstall<0x1055e4000> [P=CoreSimulatorBridge (pid 13156)] identifier:[com.DefaultCompany.NeonDrift.run.1782483479.44964/Invalid/[system-defined]] uuid:DC1467F6-51DC-4AE4-8766-F688067A306C intent:IXCoordinatorIntentInitiating creator/appDRI:InstallCoordination Simple SPI importance:UserWaiting state:IXAppCoordinationStatePlaceholderPromiseNotSet promise-state:01234>: Disposing of completion from CoreSimulatorBridge (13156), QOS_CLASS_DEFAULT (0x15)
2026-06-26 22:18:45.410 Df installcoordinationd[26512:88c0a3] [com.apple.installcoordination:daemon] -[IXSCoordinatedAppInstall setPriorityBoostCompletion:withSourceInfo:]: <IXSCoordinatedAppInstall<0x1055e4000> [P=CoreSimulatorBridge (pid 13156)] identifier:[com.DefaultCompany.NeonDrift.run.1782483479.44964/Invalid/[system-defined]] uuid:DC1467F6-51DC-4AE4-8766-F688067A306C intent:IXCoordinatorIntentInitiating creator/appDRI:InstallCoordination Simple SPI importance:UserWaiting state:IXAppCoordinationStatePlaceholderPromiseNotSet promise-state:01234>: Retaining completion from CoreSimulatorBridge (13156), QOS_CLASS_DEFAULT (0x15)
2026-06-26 22:18:45.410 Df CoreSimulatorBridge[13156:88bac4] [com.apple.installcoordination:framework] -[IXAppInstallCoordinator _clientDelegate_didRegisterForObservation]: <IXInitiatingAppInstallCoordinator<0x1034582c0> identity:[com.DefaultCompany.NeonDrift.run.1782483479.44964/Invalid/[system-defined]] uuid:DC1467F6-51DC-4AE4-8766-F688067A306C creator:InstallCoordination Simple SPI>: Got observer registration delegate
2026-06-26 22:18:45.410 Df CoreSimulatorBridge[13156:88bac4] [com.apple.installcoordination:framework] -[IXAppInstallCoordinator _clientDelegate_shouldResume]: <IXInitiatingAppInstallCoordinator<0x1034582c0> identity:[com.DefaultCompany.NeonDrift.run.1782483479.44964/Invalid/[system-defined]] uuid:DC1467F6-51DC-4AE4-8766-F688067A306C creator:InstallCoordination Simple SPI>: Got should resume delegate
2026-06-26 22:18:45.410 Df CoreSimulatorBridge[13156:88c0a2] [com.apple.installcoordination:framework] -[IXAppInstallCoordinator _clientDelegate_didRegisterForObservation]_block_invoke: <IXInitiatingAppInstallCoordinator<0x1034582c0> identity:[com.DefaultCompany.NeonDrift.run.1782483479.44964/Invalid/[system-defined]] uuid:DC1467F6-51DC-4AE4-8766-F688067A306C creator:InstallCoordination Simple SPI>: Observer <_IXSimpleInstallerDelegate 0x0x101b18630> does not respond to coordinatorDidRegisterForObservation:
2026-06-26 22:18:45.410 Df CoreSimulatorBridge[13156:88c0a2] [com.apple.installcoordination:framework] -[IXAppInstallCoordinator _clientDelegate_shouldResume]_block_invoke: <IXInitiatingAppInstallCoordinator<0x1034582c0> identity:[com.DefaultCompany.NeonDrift.run.1782483479.44964/Invalid/[system-defined]] uuid:DC1467F6-51DC-4AE4-8766-F688067A306C creator:InstallCoordination Simple SPI>: Observer <_IXSimpleInstallerDelegate 0x0x101b18630> does not respond to coordinatorShouldResume:
2026-06-26 22:18:45.411 Df installcoordinationd[26512:88c0a3] [com.apple.installcoordination:daemon] -[IXSCoordinatedAppInstall _internal_setInstallOptionsPromise:performExternalActions:]: <IXSCoordinatedAppInstall<0x1055e4000> [P=CoreSimulatorBridge (pid 13156)] identifier:[com.DefaultCompany.NeonDrift.run.1782483479.44964/Invalid/[system-defined]] uuid:DC1467F6-51DC-4AE4-8766-F688067A306C intent:IXCoordinatorIntentInitiating creator/appDRI:InstallCoordination Simple SPI importance:UserWaiting state:IXAppCoordinationStatePlaceholderPromiseNotSet promise-state:012I4> : install options set: <IXSPromisedInMemoryData(0x1054de280) Name:MIInstallOptions data Creator:Install Coordination Internal UUID:67C228C6-FD25-4742-BF83-BC3E6EBBDE27 Location:[system-defined]>
2026-06-26 22:18:45.411 Df installcoordinationd[26512:8823cb] [com.apple.installcoordination:daemon] -[IXSCoordinatedAppInstall promiseDidComplete:]: <IXSCoordinatedAppInstall<0x1055e4000> [P=CoreSimulatorBridge (pid 13156)] identifier:[com.DefaultCompany.NeonDrift.run.1782483479.44964/Invalid/[system-defined]] uuid:DC1467F6-51DC-4AE4-8766-F688067A306C intent:IXCoordinatorIntentInitiating creator/appDRI:InstallCoordination Simple SPI importance:UserWaiting state:IXAppCoordinationStatePlaceholderPromiseNotSet promise-state:012I4> : Promise completed: <IXSPromisedInMemoryData(0x1054de280) Name:MIInstallOptions data Creator:Install Coordination Internal UUID:67C228C6-FD25-4742-BF83-BC3E6EBBDE27 Location:[system-defined]>
2026-06-26 22:18:45.412 Df installcoordinationd[26512:8823cb] [com.apple.appinstallation:TransactionLog] com.DefaultCompany.NeonDrift.run.1782483479.44964/Unknown Persona:4:13:1:1:Install Options Promise began. Coordinator State: IXAppCoordinationStatePlaceholderPromiseNotSet
2026-06-26 22:18:45.412 Df installcoordinationd[26512:8823cb] [com.apple.appinstallation:TransactionLog] com.DefaultCompany.NeonDrift.run.1782483479.44964/Unknown Persona:4:13:2:1:Install Options Promise completed. Coordinator State: IXAppCoordinationStatePlaceholderPromiseNotSet
2026-06-26 22:18:45.412 Df installcoordinationd[26512:8823cb] [com.apple.installcoordination:daemon] -[IXSCoordinatedAppInstall _internal_setAppAssetPromise:performExternalActions:]: <IXSCoordinatedAppInstall<0x1055e4000> [P=CoreSimulatorBridge (pid 13156)] identifier:[com.DefaultCompany.NeonDrift.run.1782483479.44964/Invalid/[system-defined]] uuid:DC1467F6-51DC-4AE4-8766-F688067A306C intent:IXCoordinatorIntentInitiating creator/appDRI:InstallCoordination Simple SPI importance:UserWaiting state:IXAppCoordinationStatePlaceholderPromiseNotSet promise-state:0a2I4> : App Asset Promise set: <IXSPromisedTransferToPath(0x1054dd480) Name:App Asset: com.DefaultCompany.NeonDrift.run.1782483479.44964 Creator:InstallCoordination Simple SPI UUID:7A6C6473-36E7-404A-9D24-C57B5E0BAAE0 Location:[system-defined]>
2026-06-26 22:18:45.413 Df installcoordinationd[26512:8823cb] [com.apple.installcoordination:daemon] -[IXSCoordinatedAppInstall setInitialODRAssetPromises:]: <IXSCoordinatedAppInstall<0x1055e4000> [P=CoreSimulatorBridge (pid 13156)] identifier:[com.DefaultCompany.NeonDrift.run.1782483479.44964/Invalid/[system-defined]] uuid:DC1467F6-51DC-4AE4-8766-F688067A306C intent:IXCoordinatorIntentInitiating creator/appDRI:InstallCoordination Simple SPI importance:UserWaiting state:IXAppCoordinationStatePlaceholderPromiseNotSet promise-state:0a2I4> : Initial ODR Asset Promises set: (
)
2026-06-26 22:18:45.425 Df CoreSimulatorBridge[13156:8846d8] [com.apple.installcoordination:framework] -[IXPromisedTransferToPath setComplete:]: <IXPromisedTransferToPath<0x103458240> name:"App Asset: com.DefaultCompany.NeonDrift.run.1782483479.44964" uuid:7A6C6473-36E7-404A-9D24-C57B5E0BAAE0 creator:"InstallCoordination Simple SPI" location:[system-defined]> Copy operation from /Users/dragonkao/.openclaw/workspace/382b9e3384298039b171c9b2a60ae644/NeonDrift_MVP/project/xcode_derived_data/Build/Products/Release-iphonesimulator/NeonDrift.run.1782483479.44964.app to /Users/dragonkao/Library/Developer/CoreSimulator/Devices/115FDF0C-5A2F-4686-909B-7F43F1450A28/data/Containers/Shared/SystemGroup/systemgroup.com.apple.installcoordinationd/Library/InstallCoordination/PromiseStaging/7A6C6473-36E7-404A-9D24-C57B5E0BAAE0/NeonDrift.run.1782483479.44964.app took 0.012100 seconds
2026-06-26 22:18:45.426 Df installcoordinationd[26512:8823cb] [com.apple.installcoordination:daemon] -[IXSDataPromise _setPercentComplete:saveStateIfNeeded:]: Progress: <IXSPromisedTransferToPath(0x1054dd480) Name:App Asset: com.DefaultCompany.NeonDrift.run.1782483479.44964 Creator:InstallCoordination Simple SPI UUID:7A6C6473-36E7-404A-9D24-C57B5E0BAAE0 Location:[system-defined]>
2026-06-26 22:18:45.426 Df installcoordinationd[26512:886baa] [com.apple.appinstallation:TransactionLog] com.DefaultCompany.NeonDrift.run.1782483479.44964/Unknown Persona:4:10:1:1:App Asset Promise began. Coordinator State: IXAppCoordinationStatePlaceholderPromiseNotSet
2026-06-26 22:18:45.426 Df CoreSimulatorBridge[13156:88c0a2] [com.apple.installcoordination:framework] -[IXAppInstallCoordinator _clientDelegate_promiseDidBeginFulfillmentWithIdentifier:]: <IXInitiatingAppInstallCoordinator<0x1034582c0> identity:[com.DefaultCompany.NeonDrift.run.1782483479.44964/Invalid/[system-defined]] uuid:DC1467F6-51DC-4AE4-8766-F688067A306C creator:InstallCoordination Simple SPI>: Got promise did begin fulfillment for identifier 2
2026-06-26 22:18:45.426 Df CoreSimulatorBridge[13156:88c0a2] [com.apple.installcoordination:framework] -[IXAppInstallCoordinator _clientDelegate_promiseDidBeginFulfillmentWithIdentifier:]_block_invoke: <IXInitiatingAppInstallCoordinator<0x1034582c0> identity:[com.DefaultCompany.NeonDrift.run.1782483479.44964/Invalid/[system-defined]] uuid:DC1467F6-51DC-4AE4-8766-F688067A306C creator:InstallCoordination Simple SPI>: Observer <_IXSimpleInstallerDelegate 0x0x101b18630> does not respond to coordinator:configuredPromiseDidBeginFulfillment: (or any deprecated equivalent)
2026-06-26 22:18:45.426 Df installcoordinationd[26512:88c0a3] [com.apple.installcoordination:daemon] -[IXSCoordinatedAppInstall promiseDidComplete:]: <IXSCoordinatedAppInstall<0x1055e4000> [P=CoreSimulatorBridge (pid 13156)] identifier:[com.DefaultCompany.NeonDrift.run.1782483479.44964/Invalid/[system-defined]] uuid:DC1467F6-51DC-4AE4-8766-F688067A306C intent:IXCoordinatorIntentInitiating creator/appDRI:InstallCoordination Simple SPI importance:UserWaiting state:IXAppCoordinationStatePlaceholderPromiseNotSet promise-state:0A2I4> : Promise completed: <IXSPromisedTransferToPath(0x1054dd480) Name:App Asset: com.DefaultCompany.NeonDrift.run.1782483479.44964 Creator:InstallCoordination Simple SPI UUID:7A6C6473-36E7-404A-9D24-C57B5E0BAAE0 Location:[system-defined]>
2026-06-26 22:18:45.426 Df CoreSimulatorBridge[13156:88c0a2] [com.apple.installcoordination:framework] -[IXAppInstallCoordinator _clientDelegate_didUpdateProgress:forPhase:overallProgress:]: <IXInitiatingAppInstallCoordinator<0x1034582c0> identity:[com.DefaultCompany.NeonDrift.run.1782483479.44964/Invalid/[system-defined]] uuid:DC1467F6-51DC-4AE4-8766-F688067A306C creator:InstallCoordination Simple SPI>: Got did update progress delegate with percentComplete 100.000000 phase IXCoordinatorProgressPhaseLoading overallProgress 60.000000
2026-06-26 22:18:45.426 Df CoreSimulatorBridge[13156:88c0a2] [com.apple.installcoordination:framework] -[IXAppInstallCoordinator _clientDelegate_didUpdateProgress:forPhase:overallProgress:]_block_invoke: <IXInitiatingAppInstallCoordinator<0x1034582c0> identity:[com.DefaultCompany.NeonDrift.run.1782483479.44964/Invalid/[system-defined]] uuid:DC1467F6-51DC-4AE4-8766-F688067A306C creator:InstallCoordination Simple SPI>: Calling selector coordinator:didUpdateProgress:forPhase:overallProgress: on observer <_IXSimpleInstallerDelegate 0x0x101b18630>
2026-06-26 22:18:45.426 Df installcoordinationd[26512:88c0a5] [com.apple.installcoordination:daemon] -[IXSCoordinatedAppInstall setPlaceholderPromise:]: <IXSCoordinatedAppInstall<0x1055e4000> [P=CoreSimulatorBridge (pid 13156)] identifier:[com.DefaultCompany.NeonDrift.run.1782483479.44964/Invalid/[system-defined]] uuid:DC1467F6-51DC-4AE4-8766-F688067A306C intent:IXCoordinatorIntentInitiating creator/appDRI:InstallCoordination Simple SPI importance:UserWaiting state:IXAppCoordinationStateReadyForPlaceholderInstall promise-state:PA2I4> : Placeholder Promise set: <IXSPlaceholder(0x105510500) Name:App Placeholder: NeonDrift.run.1782483479.44964 (com.DefaultCompany.NeonDrift.run.1782483479.44964) Creator:InstallCoordination Simple SPI UUID:BEEDDDB9-46EB-4A6E-98C3-A5561D74FBDA Location:[system-defined]>
2026-06-26 22:18:45.426 Df installcoordinationd[26512:8823cb] [com.apple.installcoordination:daemon] -[IXSCoordinatedAppInstall promiseDidComplete:]: <IXSCoordinatedAppInstall<0x1055e4000> [P=CoreSimulatorBridge (pid 13156)] identifier:[com.DefaultCompany.NeonDrift.run.1782483479.44964/Invalid/[system-defined]] uuid:DC1467F6-51DC-4AE4-8766-F688067A306C intent:IXCoordinatorIntentInitiating creator/appDRI:InstallCoordination Simple SPI importance:UserWaiting state:IXAppCoordinationStateReadyForPlaceholderInstall promise-state:PA2I4> : Promise completed: <IXSPlaceholder(0x105510500) Name:App Placeholder: NeonDrift.run.1782483479.44964 (com.DefaultCompany.NeonDrift.run.1782483479.44964) Creator:InstallCoordination Simple SPI UUID:BEEDDDB9-46EB-4A6E-98C3-A5561D74FBDA Location:[system-defined]>
2026-06-26 22:18:45.427 Df installcoordinationd[26512:88c0a5] [com.apple.installcoordination:daemon] -[IXSCoordinatedAppInstall _onQueue_acquireAssertionAndInstallPlaceholder]: Acquiring termination assertion to install placeholder for [com.DefaultCompany.NeonDrift.run.1782483479.44964/Invalid/[system-defined]]
2026-06-26 22:18:45.427 Df installcoordinationd[26512:88c0a5] [com.apple.installcoordination:daemon] -[IXSPendingOperationsTracker beginPendingOperationForIdentity:]_block_invoke: Beginning pending operation for [com.DefaultCompany.NeonDrift.run.1782483479.44964/Invalid/[system-defined]]
2026-06-26 22:18:45.428 Df runningboardd[13128:88b802] [com.apple.runningboard:connection] Received termination request from [osservice<com.apple.installcoordinationd>:26512] on <RBSProcessPredicate <RBSProcessBundleIdentifierPredicate "com.DefaultCompany.NeonDrift.run.1782483479.44964">> with context <RBSTerminateContext| explanation:installcoordinationd app:[com.DefaultCompany.NeonDrift.run.1782483479.44964/Invalid/[system-defined]] uuid:DC1467F6-51DC-4AE4-8766-F688067A306C isPlaceholder:Y reportType:None maxTerminationResistance:Absolute attrs:[
	<RBSPreventLaunchLimitation| <RBSProcessPredicate <RBSProcessBundleIdentifierPredicate "com.DefaultCompany.NeonDrift.run.1782483479.44964">> allow:(null)>
	]>
2026-06-26 22:18:45.428 Df runningboardd[13128:88b802] [com.apple.runningboard:general] failed to get LSApplicationRecord for com.DefaultCompany.NeonDrift.run.1782483479.44964 - probably OK
2026-06-26 22:18:45.428 Df runningboardd[13128:88b802] [com.apple.runningboard:connection] skipping plugin hold for uninstalled proxy com.DefaultCompany.NeonDrift.run.1782483479.44964
2026-06-26 22:18:45.428 Df runningboardd[13128:88b802] [com.apple.runningboard:ttl] Acquiring assertion targeting system from originator [osservice<com.apple.installcoordinationd>:26512] with description <RBSAssertionDescriptor| "installcoordinationd app:[com.DefaultCompany.NeonDrift.run.1782483479.44964/Invalid/[system-defined]] uuid:DC1467F6-51DC-4AE4-8766-F688067A306C isPlaceholder:Y" ID:13128-26512-8707 target:system attributes:[
	<RBSPreventLaunchLimitation| <RBSProcessPredicate <RBSProcessBundleIdentifierPredicate "com.DefaultCompany.NeonDrift.run.1782483479.44964">> allow:(null)>
	]>
2026-06-26 22:18:45.428 Df runningboardd[13128:88b802] [com.apple.runningboard:process] Executing termination request for: <RBSProcessPredicate <RBSProcessBundleIdentifierPredicate "com.DefaultCompany.NeonDrift.run.1782483479.44964">>
2026-06-26 22:18:45.429 Df SpringBoard[13125:4bdd22] [com.apple.SpringBoard:Common] termination assertion acquired for com.DefaultCompany.NeonDrift.run.1782483479.44964 (app not found)
2026-06-26 22:18:45.429 Df installcoordinationd[26512:886baa] [com.apple.appinstallation:TransactionLog] com.DefaultCompany.NeonDrift.run.1782483479.44964/Unknown Persona:4:10:2:1:App Asset Promise completed. Coordinator State: IXAppCoordinationStateWaitingForPlaceholderAssertion
2026-06-26 22:18:45.429 Df installcoordinationd[26512:88c0a3] [com.apple.installcoordination:daemon] -[IXSCoordinatedAppInstall assertionAcquiredCallback]: RBS termination assertion observer called for <IXSCoordinatedAppInstall<0x1055e4000> [P=CoreSimulatorBridge (pid 13156)] identifier:[com.DefaultCompany.NeonDrift.run.1782483479.44964/Invalid/[system-defined]] uuid:DC1467F6-51DC-4AE4-8766-F688067A306C intent:IXCoordinatorIntentInitiating creator/appDRI:InstallCoordination Simple SPI importance:UserWaiting state:IXAppCoordinationStateWaitingForPlaceholderAssertion promise-state:PA2I4>
2026-06-26 22:18:45.429 Df installcoordinationd[26512:886baa] [com.apple.appinstallation:TransactionLog] com.DefaultCompany.NeonDrift.run.1782483479.44964/Unknown Persona:4:9:1:1:Placeholder Promise began. Coordinator State: IXAppCoordinationStateWaitingForPlaceholderAssertion
2026-06-26 22:18:45.429 Df installcoordinationd[26512:886baa] [com.apple.installcoordination:daemon] -[IXSCoordinatorProgress setTotalUnitsCompleted:]: Progress for coordinator: [com.DefaultCompany.NeonDrift.run.1782483479.44964/Invalid/[system-defined]], Phase: IXCoordinatorProgressPhaseLoading, Percentage: 100.000000: Attempt to set units completed on finished progress: 100
2026-06-26 22:18:45.429 Df installcoordinationd[26512:886baa] [com.apple.appinstallation:TransactionLog] com.DefaultCompany.NeonDrift.run.1782483479.44964/Unknown Persona:4:9:2:1:Placeholder Promise completed. Coordinator State: IXAppCoordinationStateWaitingForPlaceholderAssertion
2026-06-26 22:18:45.429 Df CoreSimulatorBridge[13156:8846d8] [com.apple.installcoordination:framework] -[IXAppInstallCoordinator _clientDelegate_promiseDidBeginFulfillmentWithIdentifier:]: <IXInitiatingAppInstallCoordinator<0x1034582c0> identity:[com.DefaultCompany.NeonDrift.run.1782483479.44964/Invalid/[system-defined]] uuid:DC1467F6-51DC-4AE4-8766-F688067A306C creator:InstallCoordination Simple SPI>: Got promise did begin fulfillment for identifier 1
2026-06-26 22:18:45.429 Df CoreSimulatorBridge[13156:8846d8] [com.apple.installcoordination:framework] -[IXAppInstallCoordinator _clientDelegate_promiseDidBeginFulfillmentWithIdentifier:]_block_invoke: <IXInitiatingAppInstallCoordinator<0x1034582c0> identity:[com.DefaultCompany.NeonDrift.run.1782483479.44964/Invalid/[system-defined]] uuid:DC1467F6-51DC-4AE4-8766-F688067A306C creator:InstallCoordination Simple SPI>: Observer <_IXSimpleInstallerDelegate 0x0x101b18630> does not respond to coordinator:configuredPromiseDidBeginFulfillment: (or any deprecated equivalent)
2026-06-26 22:18:45.429 Df installcoordinationd[26512:886baa] [com.apple.installcoordination:daemon] -[IXSCoordinatedAppInstall _onQueue_installPlaceholder]: Acquired termination assertion for placeholder [com.DefaultCompany.NeonDrift.run.1782483479.44964/Invalid/[system-defined]]; proceeding with install.
2026-06-26 22:18:45.429 Df installcoordinationd[26512:886baa] [com.apple.installcoordination:daemon] -[IXSPowerAssertion initWithAssertionName:details:]: Acquired power assertion IXPowerAssertion-12-[com.DefaultCompany.NeonDrift.run.1782483479.44964/Invalid/[system-defined]]
2026-06-26 22:18:45.430 Df installd[26514:88c0aa] (MobileSystemServices) 0x16bd27000 -[MIClientConnection _doInstallationForURL:identity:domain:options:operationType:completion:]: Install of "/Users/dragonkao/Library/Developer/CoreSimulator/Devices/115FDF0C-5A2F-4686-909B-7F43F1450A28/data/Containers/Shared/SystemGroup/systemgroup.com.apple.installcoordinationd/Library/InstallCoordination/PromiseStaging/BEEDDDB9-46EB-4A6E-98C3-A5561D74FBDA/NeonDrift.run.1782483479.44964.app" type Placeholder (LSInstallType = 1, Domain: MIInstallationDomainDefault) requested by installcoordinationd (pid 26512 (501/20))
2026-06-26 22:18:45.433 Df installd[26514:88c0aa] [com.apple.containermanager:xpc] Query; euid = 501, uid = 501, class = 1, identifier = [com.DefaultCompany.NeonDrift.run.1782483479.44964](1), flags = 300000002
2026-06-26 22:18:45.434 Df installd[26514:88c0aa] [com.apple.containermanager:xpc] Query; euid = 501, uid = 501, class = 1, identifier = [com.DefaultCompany.NeonDrift.run.1782483479.44964](1), flags = 300000002
2026-06-26 22:18:45.434 Df installd[26514:88c0aa] (MobileSystemServices) 0x16bd27000 -[MIInstaller _installInstallable:containingSymlink:error:]: Installing <MIInstallableBundle ID=com.DefaultCompany.NeonDrift.run.1782483479.44964; Persona=com.apple.containermanager.primary-persona, Version=0, ShortVersion=1.0>
2026-06-26 22:18:45.434 Df installd[26514:88c0aa] [com.apple.appinstallation:TransactionLog] com.DefaultCompany.NeonDrift.run.1782483479.44964/com.apple.containermanager.primary-persona:7:4:1:1:Start : Install (Placeholder)
2026-06-26 22:18:45.436 Df installd[26514:88c0aa] [com.apple.containermanager:query] Query; euid = 501, uid = 501, class = 4, identifier = [com.DefaultCompany.NeonDrift.run.1782483479.44964](1), flags = 300000002
2026-06-26 22:18:45.436 Df installd[26514:88c0aa] [com.apple.containermanager:query] Query; euid = 501, uid = 501, class = 4, identifier = [com.DefaultCompany.NeonDrift.run.1782483479.44964](1), flags = 300000002
2026-06-26 22:18:45.436 Df installd[26514:88c0aa] [com.apple.containermanager:xpc] Query; euid = 501, uid = 501, class = 1, identifier = [com.DefaultCompany.NeonDrift.run.1782483479.44964](1), flags = 300000003
2026-06-26 22:18:45.437 E  containermanagerd_system[13173:886c1c] [com.apple.containermanager:schema] [com.DefaultCompany.NeonDrift.run.1782483479.44964(1)] Current schema version (1) is newer than the latest (0), ignoring.
2026-06-26 22:18:45.437 Df containermanagerd_system[13173:886c1c] [com.apple.containermanager:schema] [u 3D0A55C8-C816-4B5E-AC1A-201B4FC312B7:p A64A0B1B-D799-4FFD-BADA-A987DEEEB44A:c com.DefaultCompany.NeonDrift.run.1782483479.44964(1):i31299562] Successfully updated schema from (0) → (0), actions count = 0
2026-06-26 22:18:45.438 Df installd[26514:88c0aa] [com.apple.containermanager:xpc] Query; euid = 501, uid = 501, class = 1, identifier = [com.DefaultCompany.NeonDrift.run.1782483479.44964](1), flags = 300000002
2026-06-26 22:18:45.439 Df installd[26514:88c0aa] [com.apple.containermanager:query] Query; euid = 501, uid = 501, class = 2, identifier = [com.DefaultCompany.NeonDrift.run.1782483479.44964](1), flags = 300000003
2026-06-26 22:18:45.440 Df containermanagerd[13188:763a70] [com.apple.containermanager:schema] [u 8E884E2D-C606-40A4-B1FD-C72EE275AF5A:p FF70FB6A-892E-49C7-9C8C-84DF87D11E80:c com.DefaultCompany.NeonDrift.run.1782483479.44964(2):i31299565] Successfully updated schema from (0) → (1), actions count = 6
2026-06-26 22:18:45.441 Df installd[26514:88c0aa] [com.apple.containermanager:query] Query; euid = 501, uid = 501, class = 2, identifier = [com.DefaultCompany.NeonDrift.run.1782483479.44964](1), flags = 300000002
2026-06-26 22:18:45.442 Df installd[26514:88c0aa] (MobileSystemServices) 0x16bd27000 -[MIInstallationJournalEntry _refreshUUIDForContainer:withError:]: Data container for com.DefaultCompany.NeonDrift.run.1782483479.44964 is now at /Users/dragonkao/Library/Developer/CoreSimulator/Devices/115FDF0C-5A2F-4686-909B-7F43F1450A28/data/Containers/Data/Application/18FB3D9F-80BC-4385-9243-676D85B6CF5E
2026-06-26 22:18:45.443 Df containermanagerd[13188:763a70] [com.apple.containermanager:schema] [u 8E884E2D-C606-40A4-B1FD-C72EE275AF5A:p 18FB3D9F-80BC-4385-9243-676D85B6CF5E:c com.DefaultCompany.NeonDrift.run.1782483479.44964(2):i0] Successfully updated schema from (0) → (1), actions count = 6
2026-06-26 22:18:45.443 Df installd[26514:88c0aa] [com.apple.containermanager:unspecified] Replace; old = <NULL>, new = [temp-app:com.DefaultCompany.NeonDrift.run.1782483479.44964:501::(3D0A55C8-C816-4B5E-AC1A-201B4FC312B7)]
2026-06-26 22:18:45.444 Df installd[26514:88c0aa] [com.apple.containermanager:xpc] Query; euid = 501, uid = 501, class = 1, identifier = [com.DefaultCompany.NeonDrift.run.1782483479.44964](1), flags = 300000002
2026-06-26 22:18:45.445 Df installd[26514:88c0aa] (MobileSystemServices) 0x16bd27000 -[MIContainer makeContainerLiveReplacingContainer:reason:waitForDeletion:withError:]: Made container live for com.DefaultCompany.NeonDrift.run.1782483479.44964 at /Users/dragonkao/Library/Developer/CoreSimulator/Devices/115FDF0C-5A2F-4686-909B-7F43F1450A28/data/Containers/Bundle/Application/4E7F68D8-3C53-4B37-8ADA-8E769AA1D0B0
2026-06-26 22:18:45.445 Df containermanagerd[13188:763a70] [com.apple.containermanager:codesignmapping] Reconciled [com.DefaultCompany.NeonDrift.run.1782483479.44964]; old app groups: (null), new app groups: (null), old system groups: (null), new system groups: (null)
2026-06-26 22:18:45.446 Df installd[26514:88c0aa] [com.apple.containermanager:unspecified] Requesting disk usage; class = 1, identifier = com.DefaultCompany.NeonDrift.run.1782483479.44964
2026-06-26 22:18:45.448 Df installd[26514:88c0aa] [com.apple.containermanager:query] Query; euid = 501, uid = 501, class = 7, identifier = [com.DefaultCompany.NeonDrift.run.1782483479.44964](1), flags = 300000001
2026-06-26 22:18:45.448 Df SpringBoard[13125:4bdd22] [com.apple.SpringBoard:Common] termination assertion released for com.DefaultCompany.NeonDrift.run.1782483479.44964 (app not found)
2026-06-26 22:18:45.459 Df installd[26514:88c0aa] (MobileSystemServices) 0x16bd27000 -[MILaunchServicesOperationManager _onQueue_addPendingLaunchServicesOperation:error:]: Added pending LS operation <MILaunchServicesRegisterOperation: 0F60858D-ABD3-464B-AFE7-94C5DF6689E0:95 com.DefaultCompany.NeonDrift.run.1782483479.44964/MIInstallationDomainSystemShared personas:[com.apple.containermanager.primary-persona]>
2026-06-26 22:18:45.459 Df lsd[13177:888309] [com.apple.launchservices:appinstallation] Post installation registration: request to register com.DefaultCompany.NeonDrift.run.1782483479.44964, operation 0F60858D-ABD3-464B-AFE7-94C5DF6689E0, from pid 26514
2026-06-26 22:18:45.460 Df lsd[13177:888309] [com.apple.appinstallation:TransactionLog] com.DefaultCompany.NeonDrift.run.1782483479.44964/Unknown Persona:5:4:1:1:Registering bundles via registrant - start
2026-06-26 22:18:45.461 E  lsd[13177:888309] [com.apple.launchservices:default] LSStringLocalizer development region en not found in localizations available for bundle file:///Users/dragonkao/Library/Developer/CoreSimulator/Devices/115FDF0C-5A2F-4686-909B-7F43F1450A28/data/Containers/Bundle/Application/4E7F68D8-3C53-4B37-8ADA-8E769AA1D0B0/NeonDrift.run.1782483479.44964.app/
2026-06-26 22:18:45.461 Df lsd[13177:888309] [com.apple.appinstallation:TransactionLog] com.DefaultCompany.NeonDrift.run.1782483479.44964/Unknown Persona:5:5:1:1:Building bundle record for app
2026-06-26 22:18:45.461 Df lsd[13177:888309] [com.apple.launchservices:appinstallation] No bundles to remove for com.DefaultCompany.NeonDrift.run.1782483479.44964
2026-06-26 22:18:45.461 Df lsd[13177:888309] [com.apple.launchservices:appinstallation] Placeholder detected - Flagging bundle com.DefaultCompany.NeonDrift.run.1782483479.44964 incomplete
2026-06-26 22:18:45.461 Df lsd[13177:888309] [com.apple.appinstallation:TransactionLog] com.DefaultCompany.NeonDrift.run.1782483479.44964/Unknown Persona:5:5:2:1:Built bundle record for app
2026-06-26 22:18:45.463 Df lsd[13177:888309] [com.apple.appinstallation:TransactionLog] com.DefaultCompany.NeonDrift.run.1782483479.44964/Unknown Persona:5:4:2:1:Registered bundle status = success
2026-06-26 22:18:45.463 Df lsd[13177:888309] [com.apple.appinstallation:TransactionLog] com.DefaultCompany.NeonDrift.run.1782483479.44964/Unknown Persona:5:4:2:1:Finished registering com.DefaultCompany.NeonDrift.run.1782483479.44964, bundle unit 720
2026-06-26 22:18:45.464 Df installd[26514:88c0aa] (MobileSystemServices) 0x16bd27000 -[MIJournal purgeJournalEntry:withError:]: Removing journal entry <MIInstallationJournalEntry<0x1050b0b40> [com.DefaultCompany.NeonDrift.run.1782483479.44964/com.apple.containermanager.primary-persona/[system-defined]]/MIInstallationDomainSystemShared op:2 phase:JournalPhaseDidRegisterWithLS version:0>
2026-06-26 22:18:45.464 Df lsd[13177:88c0be] [com.apple.launchservices:progress] Sending applicationInstallsDidStart: for (
    "<LSApplicationProxy: 0x1057d8000> com.DefaultCompany.NeonDrift.run.1782483479.44964 file:///Users/dragonkao/Library/Developer/CoreSimulator/Devices/115FDF0C-5A2F-4686-909B-7F43F1450A28/data/Containers/Bundle/Application/4E7F68D8-3C53-4B37-8ADA-8E769AA1D0B0/NeonDrift.run.1782483479.44964.app/ <com.DefaultCompany.NeonDrift.run.1782483479.44964 <placeholder >:1>"
)
2026-06-26 22:18:45.464 Df lsd[13177:88c0be] [com.apple.launchservices:progress] Created parent progress <NSProgress: com.DefaultCompany.NeonDrift.run.1782483479.44964 phase=InstallingPlaceholder; state=Waiting; finalPhase=Installing; fractionCompleted=0.000000>
2026-06-26 22:18:45.464 Df appstored[13277:887638] [com.apple.launchservices:appinstallation] LaunchServices observer: InstallsStarted (
    "<LSApplicationProxy: 0x1027f0000> com.DefaultCompany.NeonDrift.run.1782483479.44964 file:///Users/dragonkao/Library/Developer/CoreSimulator/Devices/115FDF0C-5A2F-4686-909B-7F43F1450A28/data/Containers/Bundle/Application/4E7F68D8-3C53-4B37-8ADA-8E769AA1D0B0/NeonDrift.run.1782483479.44964.app/ <com.DefaultCompany.NeonDrift.run.1782483479.44964 <placeholder >:1>"
)
2026-06-26 22:18:45.464 Df healthappd[13951:88c0c6] [com.apple.launchservices:appinstallation] LaunchServices observer: InstallsStarted (
