2026-06-26 22:49:15.822 Df installcoordinationd[79525:8be7c8] [com.apple.installcoordination:daemon] -[IXSCoordinatorManager coordinatorForIdentity:connection:error:creatingIfNotExisting:]_block_invoke: Registered coordinator: <IXSCoordinatedAppInstall<0x101e08000> [P=CoreSimulatorBridge (pid 79002)] identifier:[com.DefaultCompany.NeonDrift.run.1782485248.76636/Invalid/[system-defined]] uuid:F96512E1-2221-4FED-95BB-A7332D2A041A intent:IXCoordinatorIntentUpdating creator/appDRI:InstallCoordination Simple SPI importance:Background state:IXAppCoordinationStatePlaceholderPromiseNotSet promise-state:01234>
2026-06-26 22:49:15.822 Df installcoordinationd[79525:8be7c8] [com.apple.appinstallation:TransactionLog] com.DefaultCompany.NeonDrift.run.1782485248.76636/Unknown Persona:4:2:1:1:Created coordinator with intent IXCoordinatorIntentUpdating for client InstallCoordination Simple SPI
2026-06-26 22:49:15.823 Df installcoordinationd[79525:8be7c8] [com.apple.installcoordination:daemon] -[IXSCoordinatedAppInstall setPriorityBoostCompletion:withSourceInfo:]: <IXSCoordinatedAppInstall<0x101e08000> [P=CoreSimulatorBridge (pid 79002)] identifier:[com.DefaultCompany.NeonDrift.run.1782485248.76636/Invalid/[system-defined]] uuid:F96512E1-2221-4FED-95BB-A7332D2A041A intent:IXCoordinatorIntentUpdating creator/appDRI:InstallCoordination Simple SPI importance:Background state:IXAppCoordinationStatePlaceholderPromiseNotSet promise-state:01234>: Retaining completion from CoreSimulatorBridge (79002), QOS_CLASS_DEFAULT (0x15)
2026-06-26 22:49:15.823 Df installcoordinationd[79525:8be7c8] [com.apple.installcoordination:daemon] -[IXSCoordinatedAppInstall setImportance:]: <IXSCoordinatedAppInstall<0x101e08000> [P=CoreSimulatorBridge (pid 79002)] identifier:[com.DefaultCompany.NeonDrift.run.1782485248.76636/Invalid/[system-defined]] uuid:F96512E1-2221-4FED-95BB-A7332D2A041A intent:IXCoordinatorIntentUpdating creator/appDRI:InstallCoordination Simple SPI importance:UserWaiting state:IXAppCoordinationStatePlaceholderPromiseNotSet promise-state:01234>: set importance to UserWaiting
2026-06-26 22:49:15.823 Df installcoordinationd[79525:8be7c8] [com.apple.installcoordination:daemon] -[IXSCoordinatedAppInstall _onQueue_fireObserversForClient:]: <IXSCoordinatedAppInstall<0x101e08000> [P=CoreSimulatorBridge (pid 79002)] identifier:[com.DefaultCompany.NeonDrift.run.1782485248.76636/Invalid/[system-defined]] uuid:F96512E1-2221-4FED-95BB-A7332D2A041A intent:IXCoordinatorIntentUpdating creator/appDRI:InstallCoordination Simple SPI importance:UserWaiting state:IXAppCoordinationStatePlaceholderPromiseNotSet promise-state:01234>: Firing applicable observers for client <IXSClientConnection<0x101c58ba0> client:CoreSimulatorBridge (pid 79002) uuid:496534BE-88E9-4B91-9EE0-7229941716FF>
2026-06-26 22:49:15.823 Df installcoordinationd[79525:8be7c8] [com.apple.installcoordination:daemon] -[IXSCoordinatedAppInstall setPriorityBoostCompletion:withSourceInfo:]: <IXSCoordinatedAppInstall<0x101e08000> [P=CoreSimulatorBridge (pid 79002)] identifier:[com.DefaultCompany.NeonDrift.run.1782485248.76636/Invalid/[system-defined]] uuid:F96512E1-2221-4FED-95BB-A7332D2A041A intent:IXCoordinatorIntentUpdating creator/appDRI:InstallCoordination Simple SPI importance:UserWaiting state:IXAppCoordinationStatePlaceholderPromiseNotSet promise-state:01234>: Disposing of completion from CoreSimulatorBridge (79002), QOS_CLASS_DEFAULT (0x15)
2026-06-26 22:49:15.823 Df installcoordinationd[79525:8be7c8] [com.apple.installcoordination:daemon] -[IXSCoordinatedAppInstall setPriorityBoostCompletion:withSourceInfo:]: <IXSCoordinatedAppInstall<0x101e08000> [P=CoreSimulatorBridge (pid 79002)] identifier:[com.DefaultCompany.NeonDrift.run.1782485248.76636/Invalid/[system-defined]] uuid:F96512E1-2221-4FED-95BB-A7332D2A041A intent:IXCoordinatorIntentUpdating creator/appDRI:InstallCoordination Simple SPI importance:UserWaiting state:IXAppCoordinationStatePlaceholderPromiseNotSet promise-state:01234>: Retaining completion from CoreSimulatorBridge (79002), QOS_CLASS_DEFAULT (0x15)
2026-06-26 22:49:15.823 Df CoreSimulatorBridge[79002:8bde09] [com.apple.installcoordination:framework] -[IXAppInstallCoordinator _clientDelegate_didRegisterForObservation]: <IXUpdatingAppInstallCoordinator<0x104090680> identity:[com.DefaultCompany.NeonDrift.run.1782485248.76636/Invalid/[system-defined]] uuid:F96512E1-2221-4FED-95BB-A7332D2A041A creator:InstallCoordination Simple SPI>: Got observer registration delegate
2026-06-26 22:49:15.823 Df CoreSimulatorBridge[79002:8bde09] [com.apple.installcoordination:framework] -[IXAppInstallCoordinator _clientDelegate_shouldResume]: <IXUpdatingAppInstallCoordinator<0x104090680> identity:[com.DefaultCompany.NeonDrift.run.1782485248.76636/Invalid/[system-defined]] uuid:F96512E1-2221-4FED-95BB-A7332D2A041A creator:InstallCoordination Simple SPI>: Got should resume delegate
2026-06-26 22:49:15.823 Df CoreSimulatorBridge[79002:8be7f6] [com.apple.installcoordination:framework] -[IXAppInstallCoordinator _clientDelegate_didRegisterForObservation]_block_invoke: <IXUpdatingAppInstallCoordinator<0x104090680> identity:[com.DefaultCompany.NeonDrift.run.1782485248.76636/Invalid/[system-defined]] uuid:F96512E1-2221-4FED-95BB-A7332D2A041A creator:InstallCoordination Simple SPI>: Observer <_IXSimpleInstallerDelegate 0x0x104058d20> does not respond to coordinatorDidRegisterForObservation:
2026-06-26 22:49:15.823 Df CoreSimulatorBridge[79002:8be7f6] [com.apple.installcoordination:framework] -[IXAppInstallCoordinator _clientDelegate_shouldResume]_block_invoke: <IXUpdatingAppInstallCoordinator<0x104090680> identity:[com.DefaultCompany.NeonDrift.run.1782485248.76636/Invalid/[system-defined]] uuid:F96512E1-2221-4FED-95BB-A7332D2A041A creator:InstallCoordination Simple SPI>: Observer <_IXSimpleInstallerDelegate 0x0x104058d20> does not respond to coordinatorShouldResume:
2026-06-26 22:49:15.826 Df installcoordinationd[79525:8be7c8] [com.apple.installcoordination:daemon] -[IXSCoordinatedAppInstall _internal_setInstallOptionsPromise:performExternalActions:]: <IXSCoordinatedAppInstall<0x101e08000> [P=CoreSimulatorBridge (pid 79002)] identifier:[com.DefaultCompany.NeonDrift.run.1782485248.76636/Invalid/[system-defined]] uuid:F96512E1-2221-4FED-95BB-A7332D2A041A intent:IXCoordinatorIntentUpdating creator/appDRI:InstallCoordination Simple SPI importance:UserWaiting state:IXAppCoordinationStatePlaceholderPromiseNotSet promise-state:012I4> : install options set: <IXSPromisedInMemoryData(0x101cf9900) Name:MIInstallOptions data Creator:Install Coordination Internal UUID:C662EDBA-86E6-4C4F-90E1-F830FDC6B404 Location:[system-defined]>
2026-06-26 22:49:15.826 Df installcoordinationd[79525:8be7c9] [com.apple.installcoordination:daemon] -[IXSCoordinatedAppInstall promiseDidComplete:]: <IXSCoordinatedAppInstall<0x101e08000> [P=CoreSimulatorBridge (pid 79002)] identifier:[com.DefaultCompany.NeonDrift.run.1782485248.76636/Invalid/[system-defined]] uuid:F96512E1-2221-4FED-95BB-A7332D2A041A intent:IXCoordinatorIntentUpdating creator/appDRI:InstallCoordination Simple SPI importance:UserWaiting state:IXAppCoordinationStatePlaceholderPromiseNotSet promise-state:012I4> : Promise completed: <IXSPromisedInMemoryData(0x101cf9900) Name:MIInstallOptions data Creator:Install Coordination Internal UUID:C662EDBA-86E6-4C4F-90E1-F830FDC6B404 Location:[system-defined]>
2026-06-26 22:49:15.826 Df installcoordinationd[79525:8be7c9] [com.apple.appinstallation:TransactionLog] com.DefaultCompany.NeonDrift.run.1782485248.76636/Unknown Persona:4:13:1:1:Install Options Promise began. Coordinator State: IXAppCoordinationStatePlaceholderPromiseNotSet
2026-06-26 22:49:15.826 Df installcoordinationd[79525:8be7c9] [com.apple.appinstallation:TransactionLog] com.DefaultCompany.NeonDrift.run.1782485248.76636/Unknown Persona:4:13:2:1:Install Options Promise completed. Coordinator State: IXAppCoordinationStatePlaceholderPromiseNotSet
2026-06-26 22:49:15.826 Df installcoordinationd[79525:8be7c8] [com.apple.installcoordination:daemon] -[IXSCoordinatedAppInstall _internal_setAppAssetPromise:performExternalActions:]: <IXSCoordinatedAppInstall<0x101e08000> [P=CoreSimulatorBridge (pid 79002)] identifier:[com.DefaultCompany.NeonDrift.run.1782485248.76636/Invalid/[system-defined]] uuid:F96512E1-2221-4FED-95BB-A7332D2A041A intent:IXCoordinatorIntentUpdating creator/appDRI:InstallCoordination Simple SPI importance:UserWaiting state:IXAppCoordinationStatePlaceholderPromiseNotSet promise-state:0a2I4> : App Asset Promise set: <IXSPromisedTransferToPath(0x101cf9580) Name:App Asset: com.DefaultCompany.NeonDrift.run.1782485248.76636 Creator:InstallCoordination Simple SPI UUID:27CBA7DE-A062-42E6-BDFE-52BEA0DF5155 Location:[system-defined]>
2026-06-26 22:49:15.827 Df installcoordinationd[79525:8be7c8] [com.apple.installcoordination:daemon] -[IXSCoordinatedAppInstall setInitialODRAssetPromises:]: <IXSCoordinatedAppInstall<0x101e08000> [P=CoreSimulatorBridge (pid 79002)] identifier:[com.DefaultCompany.NeonDrift.run.1782485248.76636/Invalid/[system-defined]] uuid:F96512E1-2221-4FED-95BB-A7332D2A041A intent:IXCoordinatorIntentUpdating creator/appDRI:InstallCoordination Simple SPI importance:UserWaiting state:IXAppCoordinationStatePlaceholderPromiseNotSet promise-state:0a2I4> : Initial ODR Asset Promises set: (
)
2026-06-26 22:49:15.828 Df CoreSimulatorBridge[79002:8bdf2f] [com.apple.installcoordination:framework] -[IXPromisedTransferToPath _performDeltaCopyFrom:toDestination:]: Performing delta copy from /Users/dragonkao/.openclaw/workspace/382b9e3384298039b171c9b2a60ae644/NeonDrift_MVP/project/xcode_derived_data/Build/Products/Release-iphonesimulator/NeonDrift.run.1782485248.76636.app to /Users/dragonkao/Library/Developer/CoreSimulator/Devices/CC47DE7A-8196-4465-A5A5-BB852C9C6C82/data/Containers/Shared/SystemGroup/systemgroup.com.apple.installcoordinationd/Library/InstallCoordination/PromiseStaging/27CBA7DE-A062-42E6-BDFE-52BEA0DF5155/NeonDrift.run.1782485248.76636.app with installed bundle at /Users/dragonkao/Library/Developer/CoreSimulator/Devices/CC47DE7A-8196-4465-A5A5-BB852C9C6C82/data/Containers/Bundle/Application/71EFA004-723F-43A7-808E-93344DDC6665/NeonDrift.run.1782485248.76636.app
2026-06-26 22:49:15.828 Df CoreSimulatorBridge[79002:8bdf2f] (MobileSystemServices) 0x16d26f000 MDMCreateDeltaDirectory: calling MDMDirectoryDiff with:
state->old_bundle: /Users/dragonkao/Library/Developer/CoreSimulator/Devices/CC47DE7A-8196-4465-A5A5-BB852C9C6C82/data/Containers/Bundle/Application/71EFA004-723F-43A7-808E-93344DDC6665/NeonDrift.run.1782485248.76636.app
state->new_bundle: /Users/dragonkao/.openclaw/workspace/382b9e3384298039b171c9b2a60ae644/NeonDrift_MVP/project/xcode_derived_data/Build/Products/Release-iphonesimulator/NeonDrift.run.1782485248.76636.app
state->dst_bundle: /Users/dragonkao/Library/Developer/CoreSimulator/Devices/CC47DE7A-8196-4465-A5A5-BB852C9C6C82/data/Containers/Shared/SystemGroup/systemgroup.com.apple.installcoordinationd/Library/InstallCoordination/PromiseStaging/27CBA7DE-A062-42E6-BDFE-52BEA0DF5155/NeonDrift.run.1782485248.76636.app/Payload//NeonDrift.run.1782485248.76636.app, binaryDiff flag: FALSE
	dst_ipa: /Users/dragonkao/Library/Developer/CoreSimulator/Devices/CC47DE7A-8196-4465-A5A5-BB852C9C6C82/data/Containers/Shared/SystemGroup/systemg<…>
2026-06-26 22:49:15.830 Df CoreSimulatorBridge[79002:8bdf2f] [com.apple.installcoordination:framework] -[IXPromisedTransferToPath setComplete:]: <IXPromisedTransferToPath<0x104090900> name:"App Asset: com.DefaultCompany.NeonDrift.run.1782485248.76636" uuid:27CBA7DE-A062-42E6-BDFE-52BEA0DF5155 creator:"InstallCoordination Simple SPI" location:[system-defined]> Delta Copy operation from /Users/dragonkao/.openclaw/workspace/382b9e3384298039b171c9b2a60ae644/NeonDrift_MVP/project/xcode_derived_data/Build/Products/Release-iphonesimulator/NeonDrift.run.1782485248.76636.app to /Users/dragonkao/Library/Developer/CoreSimulator/Devices/CC47DE7A-8196-4465-A5A5-BB852C9C6C82/data/Containers/Shared/SystemGroup/systemgroup.com.apple.installcoordinationd/Library/InstallCoordination/PromiseStaging/27CBA7DE-A062-42E6-BDFE-52BEA0DF5155/NeonDrift.run.1782485248.76636.app took 0.002826 seconds
2026-06-26 22:49:15.831 Df installcoordinationd[79525:8be7c8] [com.apple.installcoordination:daemon] -[IXSDataPromise _setPercentComplete:saveStateIfNeeded:]: Progress: <IXSPromisedTransferToPath(0x101cf9580) Name:App Asset: com.DefaultCompany.NeonDrift.run.1782485248.76636 Creator:InstallCoordination Simple SPI UUID:27CBA7DE-A062-42E6-BDFE-52BEA0DF5155 Location:[system-defined]>
2026-06-26 22:49:15.831 Df installcoordinationd[79525:8be7c9] [com.apple.appinstallation:TransactionLog] com.DefaultCompany.NeonDrift.run.1782485248.76636/Unknown Persona:4:10:1:1:App Asset Promise began. Coordinator State: IXAppCoordinationStatePlaceholderPromiseNotSet
2026-06-26 22:49:15.831 Df CoreSimulatorBridge[79002:8be7f6] [com.apple.installcoordination:framework] -[IXAppInstallCoordinator _clientDelegate_promiseDidBeginFulfillmentWithIdentifier:]: <IXUpdatingAppInstallCoordinator<0x104090680> identity:[com.DefaultCompany.NeonDrift.run.1782485248.76636/Invalid/[system-defined]] uuid:F96512E1-2221-4FED-95BB-A7332D2A041A creator:InstallCoordination Simple SPI>: Got promise did begin fulfillment for identifier 2
2026-06-26 22:49:15.831 Df CoreSimulatorBridge[79002:8be7f6] [com.apple.installcoordination:framework] -[IXAppInstallCoordinator _clientDelegate_promiseDidBeginFulfillmentWithIdentifier:]_block_invoke: <IXUpdatingAppInstallCoordinator<0x104090680> identity:[com.DefaultCompany.NeonDrift.run.1782485248.76636/Invalid/[system-defined]] uuid:F96512E1-2221-4FED-95BB-A7332D2A041A creator:InstallCoordination Simple SPI>: Observer <_IXSimpleInstallerDelegate 0x0x104058d20> does not respond to coordinator:configuredPromiseDidBeginFulfillment: (or any deprecated equivalent)
2026-06-26 22:49:15.831 Df installcoordinationd[79525:8be7c8] [com.apple.installcoordination:daemon] -[IXSCoordinatedAppInstall promiseDidComplete:]: <IXSCoordinatedAppInstall<0x101e08000> [P=CoreSimulatorBridge (pid 79002)] identifier:[com.DefaultCompany.NeonDrift.run.1782485248.76636/Invalid/[system-defined]] uuid:F96512E1-2221-4FED-95BB-A7332D2A041A intent:IXCoordinatorIntentUpdating creator/appDRI:InstallCoordination Simple SPI importance:UserWaiting state:IXAppCoordinationStatePlaceholderPromiseNotSet promise-state:0A2I4> : Promise completed: <IXSPromisedTransferToPath(0x101cf9580) Name:App Asset: com.DefaultCompany.NeonDrift.run.1782485248.76636 Creator:InstallCoordination Simple SPI UUID:27CBA7DE-A062-42E6-BDFE-52BEA0DF5155 Location:[system-defined]>
2026-06-26 22:49:15.834 Df CoreSimulatorBridge[79002:8bde09] [com.apple.installcoordination:framework] -[IXAppInstallCoordinator _clientDelegate_didUpdateProgress:forPhase:overallProgress:]: <IXUpdatingAppInstallCoordinator<0x104090680> identity:[com.DefaultCompany.NeonDrift.run.1782485248.76636/Invalid/[system-defined]] uuid:F96512E1-2221-4FED-95BB-A7332D2A041A creator:InstallCoordination Simple SPI>: Got did update progress delegate with percentComplete 100.000000 phase IXCoordinatorProgressPhaseLoading overallProgress 60.000000
2026-06-26 22:49:15.834 Df installcoordinationd[79525:8be7c9] [com.apple.appinstallation:TransactionLog] com.DefaultCompany.NeonDrift.run.1782485248.76636/Unknown Persona:4:10:2:1:App Asset Promise completed. Coordinator State: IXAppCoordinationStatePlaceholderPromiseNotSet
2026-06-26 22:49:15.834 Df CoreSimulatorBridge[79002:8bde09] [com.apple.installcoordination:framework] -[IXAppInstallCoordinator _clientDelegate_didUpdateProgress:forPhase:overallProgress:]_block_invoke: <IXUpdatingAppInstallCoordinator<0x104090680> identity:[com.DefaultCompany.NeonDrift.run.1782485248.76636/Invalid/[system-defined]] uuid:F96512E1-2221-4FED-95BB-A7332D2A041A creator:InstallCoordination Simple SPI>: Calling selector coordinator:didUpdateProgress:forPhase:overallProgress: on observer <_IXSimpleInstallerDelegate 0x0x104058d20>
2026-06-26 22:49:15.834 Df installcoordinationd[79525:8be73a] [com.apple.installcoordination:daemon] -[IXSCoordinatedAppInstall setPlaceholderPromise:]: <IXSCoordinatedAppInstall<0x101e08000> [P=CoreSimulatorBridge (pid 79002)] identifier:[com.DefaultCompany.NeonDrift.run.1782485248.76636/Invalid/[system-defined]] uuid:F96512E1-2221-4FED-95BB-A7332D2A041A intent:IXCoordinatorIntentUpdating creator/appDRI:InstallCoordination Simple SPI importance:UserWaiting state:IXAppCoordinationStateReadyForPlaceholderInstall promise-state:PA2I4> : Placeholder Promise set: <IXSPlaceholder(0x101d24500) Name:App Placeholder: NeonDrift.run.1782485248.76636 (com.DefaultCompany.NeonDrift.run.1782485248.76636) Creator:InstallCoordination Simple SPI UUID:62F58C09-ADB3-4CDD-AB14-1EDE071B3036 Location:[system-defined]>
2026-06-26 22:49:15.834 Df installcoordinationd[79525:8be7f7] [com.apple.installcoordination:daemon] -[IXSCoordinatedAppInstall promiseDidComplete:]: <IXSCoordinatedAppInstall<0x101e08000> [P=CoreSimulatorBridge (pid 79002)] identifier:[com.DefaultCompany.NeonDrift.run.1782485248.76636/Invalid/[system-defined]] uuid:F96512E1-2221-4FED-95BB-A7332D2A041A intent:IXCoordinatorIntentUpdating creator/appDRI:InstallCoordination Simple SPI importance:UserWaiting state:IXAppCoordinationStateReadyForPlaceholderInstall promise-state:PA2I4> : Promise completed: <IXSPlaceholder(0x101d24500) Name:App Placeholder: NeonDrift.run.1782485248.76636 (com.DefaultCompany.NeonDrift.run.1782485248.76636) Creator:InstallCoordination Simple SPI UUID:62F58C09-ADB3-4CDD-AB14-1EDE071B3036 Location:[system-defined]>
2026-06-26 22:49:15.837 Df installcoordinationd[79525:8be73a] [com.apple.installcoordination:daemon] -[IXSCoordinatedAppInstall _onQueue_acquireAssertionAndInstallPlaceholder]: Acquiring termination assertion to install placeholder for [com.DefaultCompany.NeonDrift.run.1782485248.76636/Invalid/[system-defined]]
2026-06-26 22:49:15.837 Df installcoordinationd[79525:8be73a] [com.apple.installcoordination:daemon] -[IXSPendingOperationsTracker beginPendingOperationForIdentity:]_block_invoke: Beginning pending operation for [com.DefaultCompany.NeonDrift.run.1782485248.76636/Invalid/[system-defined]]
2026-06-26 22:49:15.841 Df runningboardd[78975:8bde95] [com.apple.runningboard:connection] Received termination request from [osservice<com.apple.installcoordinationd>:79525] on <RBSProcessPredicate <RBSProcessBundleIdentifierPredicate "com.DefaultCompany.NeonDrift.run.1782485248.76636">> with context <RBSTerminateContext| explanation:installcoordinationd app:[com.DefaultCompany.NeonDrift.run.1782485248.76636/Invalid/[system-defined]] uuid:F96512E1-2221-4FED-95BB-A7332D2A041A isPlaceholder:Y reportType:None maxTerminationResistance:Absolute attrs:[
	<RBSPreventLaunchLimitation| <RBSProcessPredicate <RBSProcessBundleIdentifierPredicate "com.DefaultCompany.NeonDrift.run.1782485248.76636">> allow:(null)>
	]>
2026-06-26 22:49:15.842 Df runningboardd[78975:8bde95] [com.apple.runningboard:general] Found 0 extensions contained in com.DefaultCompany.NeonDrift.run.1782485248.76636
2026-06-26 22:49:15.842 Df runningboardd[78975:8bde95] [com.apple.PlugInKit:holds] <PKManager:0x103523d20> hold request for [/Users/dragonkao/Library/Developer/CoreSimulator/Devices/CC47DE7A-8196-4465-A5A5-BB852C9C6C82/data/Containers/Bundle/Application/71EFA004-723F-43A7-808E-93344DDC6665/NeonDrift.run.1782485248.76636.app] with flags: 0x4
2026-06-26 22:49:15.843 Df runningboardd[78975:8bde88] [com.apple.PlugInKit:holds] <PKManager:0x103523d20> hold request for [/Users/dragonkao/Library/Developer/CoreSimulator/Devices/CC47DE7A-8196-4465-A5A5-BB852C9C6C82/data/Containers/Bundle/Application/71EFA004-723F-43A7-808E-93344DDC6665/NeonDrift.run.1782485248.76636.app] with flags: 0x4 completed with hold token: [7C775BCB-A090-451A-81A6-977ED3D28371]
2026-06-26 22:49:15.843 Df runningboardd[78975:8bde88] [com.apple.runningboard:ttl] Acquiring assertion targeting system from originator [osservice<com.apple.installcoordinationd>:79525] with description <RBSAssertionDescriptor| "installcoordinationd app:[com.DefaultCompany.NeonDrift.run.1782485248.76636/Invalid/[system-defined]] uuid:F96512E1-2221-4FED-95BB-A7332D2A041A isPlaceholder:Y" ID:78975-79525-163 target:system attributes:[
	<RBSPreventLaunchLimitation| <RBSProcessPredicate <RBSProcessBundleIdentifierPredicate "com.DefaultCompany.NeonDrift.run.1782485248.76636">> allow:(null)>
	]>
2026-06-26 22:49:15.843 Df runningboardd[78975:8bde88] [com.apple.runningboard:process] Executing termination request for: <RBSProcessPredicate <RBSProcessBundleIdentifierPredicate "com.DefaultCompany.NeonDrift.run.1782485248.76636">>
2026-06-26 22:49:15.843 Df SpringBoard[79384:8be46d] [com.apple.SpringBoard:Common] termination assertion acquired for com.DefaultCompany.NeonDrift.run.1782485248.76636
2026-06-26 22:49:15.843 Df SpringBoard[79384:8be46d] [com.apple.SpringBoard:Icon] 0x1095c4000-SBApplicationIcon Data source did change: <SBApplication: 0x109789700; com.DefaultCompany.NeonDrift.run.1782485248.76636> {
} (SBApplication)
2026-06-26 22:49:15.844 Df installcoordinationd[79525:8be73a] [com.apple.installcoordination:daemon] -[IXSCoordinatedAppInstall assertionAcquiredCallback]: RBS termination assertion observer called for <IXSCoordinatedAppInstall<0x101e08000> [P=CoreSimulatorBridge (pid 79002)] identifier:[com.DefaultCompany.NeonDrift.run.1782485248.76636/Invalid/[system-defined]] uuid:F96512E1-2221-4FED-95BB-A7332D2A041A intent:IXCoordinatorIntentUpdating creator/appDRI:InstallCoordination Simple SPI importance:UserWaiting state:IXAppCoordinationStateWaitingForPlaceholderAssertion promise-state:PA2I4>
2026-06-26 22:49:15.844 Df installcoordinationd[79525:8be73a] [com.apple.appinstallation:TransactionLog] com.DefaultCompany.NeonDrift.run.1782485248.76636/Unknown Persona:4:9:1:1:Placeholder Promise began. Coordinator State: IXAppCoordinationStateWaitingForPlaceholderAssertion
2026-06-26 22:49:15.844 Df installcoordinationd[79525:8be73a] [com.apple.installcoordination:daemon] -[IXSCoordinatorProgress setTotalUnitsCompleted:]: Progress for coordinator: [com.DefaultCompany.NeonDrift.run.1782485248.76636/Invalid/[system-defined]], Phase: IXCoordinatorProgressPhaseLoading, Percentage: 100.000000: Attempt to set units completed on finished progress: 100
2026-06-26 22:49:15.844 Df installcoordinationd[79525:8be73a] [com.apple.appinstallation:TransactionLog] com.DefaultCompany.NeonDrift.run.1782485248.76636/Unknown Persona:4:9:2:1:Placeholder Promise completed. Coordinator State: IXAppCoordinationStateWaitingForPlaceholderAssertion
2026-06-26 22:49:15.844 Df CoreSimulatorBridge[79002:8bdf2f] [com.apple.installcoordination:framework] -[IXAppInstallCoordinator _clientDelegate_promiseDidBeginFulfillmentWithIdentifier:]: <IXUpdatingAppInstallCoordinator<0x104090680> identity:[com.DefaultCompany.NeonDrift.run.1782485248.76636/Invalid/[system-defined]] uuid:F96512E1-2221-4FED-95BB-A7332D2A041A creator:InstallCoordination Simple SPI>: Got promise did begin fulfillment for identifier 1
2026-06-26 22:49:15.844 Df CoreSimulatorBridge[79002:8bdf2f] [com.apple.installcoordination:framework] -[IXAppInstallCoordinator _clientDelegate_promiseDidBeginFulfillmentWithIdentifier:]_block_invoke: <IXUpdatingAppInstallCoordinator<0x104090680> identity:[com.DefaultCompany.NeonDrift.run.1782485248.76636/Invalid/[system-defined]] uuid:F96512E1-2221-4FED-95BB-A7332D2A041A creator:InstallCoordination Simple SPI>: Observer <_IXSimpleInstallerDelegate 0x0x104058d20> does not respond to coordinator:configuredPromiseDidBeginFulfillment: (or any deprecated equivalent)
2026-06-26 22:49:15.844 Df installcoordinationd[79525:8be73a] [com.apple.installcoordination:daemon] -[IXSCoordinatedAppInstall _onQueue_installPlaceholder]: Acquired termination assertion for placeholder [com.DefaultCompany.NeonDrift.run.1782485248.76636/Invalid/[system-defined]]; proceeding with install.
2026-06-26 22:49:15.845 Df installcoordinationd[79525:8be73a] [com.apple.installcoordination:daemon] -[IXSPowerAssertion initWithAssertionName:details:]: Acquired power assertion IXPowerAssertion-12-[com.DefaultCompany.NeonDrift.run.1782485248.76636/Invalid/[system-defined]]
2026-06-26 22:49:15.846 Df installd[79560:8be7eb] (MobileSystemServices) 0x16b933000 -[MIClientConnection _doInstallationForURL:identity:domain:options:operationType:completion:]: Install of "/Users/dragonkao/Library/Developer/CoreSimulator/Devices/CC47DE7A-8196-4465-A5A5-BB852C9C6C82/data/Containers/Shared/SystemGroup/systemgroup.com.apple.installcoordinationd/Library/InstallCoordination/PromiseStaging/62F58C09-ADB3-4CDD-AB14-1EDE071B3036/NeonDrift.run.1782485248.76636.app" type Placeholder (LSInstallType = 1, Domain: MIInstallationDomainDefault) requested by installcoordinationd (pid 79525 (501/20))
2026-06-26 22:49:15.850 Df installd[79560:8be7eb] [com.apple.containermanager:xpc] Query; euid = 501, uid = 501, class = 1, identifier = [com.DefaultCompany.NeonDrift.run.1782485248.76636](1), flags = 300000002
2026-06-26 22:49:15.851 Df containermanagerd_system[79028:8be7be] [com.apple.containermanager:cache] Disk sync reporting on new entry: (com.DefaultCompany.NeonDrift.run.1782485248.76636|18446744073709551615|<MCMContainerPath: 0x1060f63f0; [<MCMContainerClassPath: 0x10604d1a0; persona [(null)]; [/Users/dragonkao/Library/Developer/CoreSimulator/Devices/CC47DE7A-8196-4465-A5A5-BB852C9C6C82/data/Containers]/[Bundle]/[Application] created>]/[71EFA004-723F-43A7-808E-93344DDC6665]/[(null)]>|0|61DC10B6-0628-4CA9-986A-0B5CDC28081F|(null))
2026-06-26 22:49:15.851 Df installd[79560:8be7eb] [com.apple.containermanager:xpc] Query; euid = 501, uid = 501, class = 1, identifier = [com.DefaultCompany.NeonDrift.run.1782485248.76636](1), flags = 300000002
2026-06-26 22:49:15.924 Df runningboardd[78975:8bde93] [com.apple.runningboard:process] Checking PreventLaunch: global:0 exPath:(null) predicates:{(
    <RBSProcessPredicate <RBSProcessBundleIdentifierPredicate "com.DefaultCompany.NeonDrift.run.1782485248.76636">>
)} allow:(null)
2026-06-26 22:49:16.053 Df runningboardd[78975:8bde86] [com.apple.runningboard:process] Checking PreventLaunch: global:0 exPath:(null) predicates:{(
    <RBSProcessPredicate <RBSProcessBundleIdentifierPredicate "com.DefaultCompany.NeonDrift.run.1782485248.76636">>
)} allow:(null)
2026-06-26 22:49:16.067 Df installd[79560:8be7eb] [com.apple.containermanager:xpc] Query; euid = 501, uid = 501, class = 1, identifier = [com.DefaultCompany.NeonDrift.run.1782485248.76636](1), flags = 300000002
2026-06-26 22:49:16.067 Df installd[79560:8be7eb] [com.apple.containermanager:xpc] Query; euid = 501, uid = 501, class = 1, identifier = [com.DefaultCompany.NeonDrift.run.1782485248.76636](1), flags = 300000002
2026-06-26 22:49:16.069 Df installd[79560:8be7eb] (MobileSystemServices) 0x16b933000 -[MIInstaller _installInstallable:containingSymlink:error:]: Installing <MIInstallableParallelPlaceholder ID=com.DefaultCompany.NeonDrift.run.1782485248.76636; Persona=com.apple.containermanager.primary-persona, Version=0, ShortVersion=1.0>
2026-06-26 22:49:16.070 Df installd[79560:8be7eb] [com.apple.appinstallation:TransactionLog] com.DefaultCompany.NeonDrift.run.1782485248.76636/com.apple.containermanager.primary-persona:7:2:1:1:Start : Install (Parallel Placeholder)
2026-06-26 22:49:16.173 Df runningboardd[78975:8bde93] [com.apple.runningboard:process] Checking PreventLaunch: global:0 exPath:(null) predicates:{(
    <RBSProcessPredicate <RBSProcessBundleIdentifierPredicate "com.DefaultCompany.NeonDrift.run.1782485248.76636">>
)} allow:(null)
2026-06-26 22:49:16.288 Df runningboardd[78975:8bde95] [com.apple.runningboard:process] Checking PreventLaunch: global:0 exPath:(null) predicates:{(
    <RBSProcessPredicate <RBSProcessBundleIdentifierPredicate "com.DefaultCompany.NeonDrift.run.1782485248.76636">>
)} allow:(null)
2026-06-26 22:49:16.396 Df searchd[79110:8be13e] [com.apple.spotlight:default] _allInstalledApplicationsIdentifiers: {(
    "com.apple.Passbook",
    "com.DefaultCompany.NeonDrift.run.1782485248.76636",
    "com.apple.MobileAddressBook",
    "com.apple.DocumentsApp",
    "com.apple.Fitness",
    "com.apple.MobileSMS",
    "com.apple.Maps",
    "com.apple.Passwords",
    "com.apple.mobilecal",
    "com.apple.Bridge",
    "com.apple.BarcodeScanner",
    "com.apple.Preferences",
    "com.apple.reminders",
    "com.DefaultCompany.NeonDrift.run.1782484808.68182",
    "com.apple.Health",
    "com.apple.news",
    "com.apple.mobileslideshow",
    "com.DefaultCompany.NeonDrift",
    "com.apple.mobilesafari",
    "com.DefaultCompany.NeonDrift.run.1782484537.59589",
    "com.apple.TVRemoteUIService",
    "com.apple.shortcuts",
    "com.apple.Preview",
    "com.DefaultCompany.NeonDrift.run.1782484282.54413"
)}
2026-06-26 22:49:16.407 Df runningboardd[78975:8bde86] [com.apple.runningboard:process] Checking PreventLaunch: global:0 exPath:(null) predicates:{(
    <RBSProcessPredicate <RBSProcessBundleIdentifierPredicate "com.DefaultCompany.NeonDrift.run.1782485248.76636">>
)} allow:(null)
2026-06-26 22:49:16.520 Df runningboardd[78975:8bde93] [com.apple.runningboard:process] Checking PreventLaunch: global:0 exPath:(null) predicates:{(
    <RBSProcessPredicate <RBSProcessBundleIdentifierPredicate "com.DefaultCompany.NeonDrift.run.1782485248.76636">>
)} allow:(null)
2026-06-26 22:49:16.634 Df runningboardd[78975:8bde93] [com.apple.runningboard:process] Checking PreventLaunch: global:0 exPath:(null) predicates:{(
    <RBSProcessPredicate <RBSProcessBundleIdentifierPredicate "com.DefaultCompany.NeonDrift.run.1782485248.76636">>
)} allow:(null)
2026-06-26 22:49:18.568 Df installd[79560:8be7eb] [com.apple.containermanager:query] Query; euid = 501, uid = 501, class = 4, identifier = [com.DefaultCompany.NeonDrift.run.1782485248.76636](1), flags = 300000002
2026-06-26 22:49:18.608 Df installd[79560:8be7eb] [com.apple.containermanager:query] Query; euid = 501, uid = 501, class = 4, identifier = [com.DefaultCompany.NeonDrift.run.1782485248.76636](1), flags = 300000002
2026-06-26 22:49:18.609 Df installd[79560:8be7eb] (MobileSystemServices) 0x16b933000 -[MIInstallableParallelPlaceholder performInstallationWithError:]: Installing parallel placeholder for [com.DefaultCompany.NeonDrift.run.1782485248.76636/com.apple.containermanager.primary-persona/[system-defined]]
2026-06-26 22:49:18.611 Df installd[79560:8be7eb] [com.apple.containermanager:query] Query; euid = 501, uid = 501, class = 2, identifier = [com.DefaultCompany.NeonDrift.run.1782485248.76636](1), flags = 300000003
2026-06-26 22:49:18.613 Df containermanagerd[79078:8bdf48] [com.apple.containermanager:cache] Disk sync reporting on new entry: (com.DefaultCompany.NeonDrift.run.1782485248.76636|18446744073709551615|<MCMContainerPath: 0x10171c9b0; [<MCMContainerClassPath: 0x1014497a0; persona [(null)]; [/Users/dragonkao/Library/Developer/CoreSimulator/Devices/CC47DE7A-8196-4465-A5A5-BB852C9C6C82/data/Containers]/[Data]/[Application] created>]/[0ABA6F15-BAEC-4B4C-9B16-D7C4AA1C6C6C]/[(null)]>|1|9C6EA38E-9593-4832-990C-84C37BCF18C4|(null))
2026-06-26 22:49:18.625 Df installd[79560:8be7eb] [com.apple.containermanager:query] Query; euid = 501, uid = 501, class = 2, identifier = [com.DefaultCompany.NeonDrift.run.1782485248.76636](1), flags = 300000002
2026-06-26 22:49:18.635 Df containermanagerd[79078:8bdf48] [com.apple.containermanager:schema] [u 9C6EA38E-9593-4832-990C-84C37BCF18C4:p 0ABA6F15-BAEC-4B4C-9B16-D7C4AA1C6C6C:c com.DefaultCompany.NeonDrift.run.1782485248.76636(2):i0] Successfully updated schema from (0) → (1), actions count = 6
2026-06-26 22:49:18.636 Df containermanagerd_system[79028:8be7be] [com.apple.containermanager:schema] [u 61DC10B6-0628-4CA9-986A-0B5CDC28081F:p 71EFA004-723F-43A7-808E-93344DDC6665:c com.DefaultCompany.NeonDrift.run.1782485248.76636(1):i0] Successfully updated schema from (0) → (0), actions count = 0
2026-06-26 22:49:18.636 Df installd[79560:8be7eb] [com.apple.containermanager:xpc] Query; euid = 501, uid = 501, class = 1, identifier = [com.DefaultCompany.NeonDrift.run.1782485248.76636](1), flags = 300000002
2026-06-26 22:49:18.637 Df installd[79560:8be7eb] [com.apple.containermanager:unspecified] Requesting disk usage; class = 1, identifier = com.DefaultCompany.NeonDrift.run.1782485248.76636
2026-06-26 22:49:18.638 Df installd[79560:8be7eb] [com.apple.containermanager:query] Query; euid = 501, uid = 501, class = 7, identifier = [com.DefaultCompany.NeonDrift.run.1782485248.76636](1), flags = 300000001
2026-06-26 22:49:18.639 Df SpringBoard[79384:8be46d] [com.apple.SpringBoard:Common] termination assertion released for com.DefaultCompany.NeonDrift.run.1782485248.76636
2026-06-26 22:49:18.639 Df SpringBoard[79384:8be46d] [com.apple.SpringBoard:Icon] 0x1095c4000-SBApplicationIcon Data source did change: <SBApplication: 0x109789700; com.DefaultCompany.NeonDrift.run.1782485248.76636> {
} (SBApplication)
2026-06-26 22:49:18.641 Df installd[79560:8be7eb] (MobileSystemServices) 0x16b933000 -[MILaunchServicesOperationManager _onQueue_addPendingLaunchServicesOperation:error:]: Added pending LS operation <MILaunchServicesRegisterOperation: F74F343D-CEE8-4CED-A8A8-43CCD19B9B14:1 com.DefaultCompany.NeonDrift.run.1782485248.76636/MIInstallationDomainSystemShared personas:[com.apple.containermanager.primary-persona]>
2026-06-26 22:49:18.642 Df lsd[79033:8bdebc] [com.apple.launchservices:appinstallation] Post installation registration: request to register com.DefaultCompany.NeonDrift.run.1782485248.76636, operation F74F343D-CEE8-4CED-A8A8-43CCD19B9B14, from pid 79560
2026-06-26 22:49:18.643 Df lsd[79033:8bdebc] [com.apple.appinstallation:TransactionLog] com.DefaultCompany.NeonDrift.run.1782485248.76636/Unknown Persona:5:4:1:1:Registering bundles via registrant - start
2026-06-26 22:49:18.646 Df lsd[79033:8bdebc] [com.apple.appinstallation:TransactionLog] com.DefaultCompany.NeonDrift.run.1782485248.76636/Unknown Persona:5:5:1:1:Building bundle record for app
2026-06-26 22:49:18.646 Df lsd[79033:8bdebc] [com.apple.launchservices:appinstallation] Placeholder detected - Flagging bundle com.DefaultCompany.NeonDrift.run.1782485248.76636 incomplete
2026-06-26 22:49:18.646 Df lsd[79033:8bdebc] [com.apple.appinstallation:TransactionLog] com.DefaultCompany.NeonDrift.run.1782485248.76636/Unknown Persona:5:5:2:1:Built bundle record for app
2026-06-26 22:49:18.648 Df lsd[79033:8bdebc] [com.apple.appinstallation:TransactionLog] com.DefaultCompany.NeonDrift.run.1782485248.76636/Unknown Persona:5:4:2:1:Registered bundle status = success
2026-06-26 22:49:18.649 Df lsd[79033:8bdebc] [com.apple.appinstallation:TransactionLog] com.DefaultCompany.NeonDrift.run.1782485248.76636/Unknown Persona:5:4:2:1:Finished registering com.DefaultCompany.NeonDrift.run.1782485248.76636, bundle unit 490
2026-06-26 22:49:18.649 Df installd[79560:8be7eb] (MobileSystemServices) 0x16b933000 -[MIJournal purgeJournalEntry:withError:]: Removing journal entry <MIInstallationJournalEntry<0x1058e8a00> [com.DefaultCompany.NeonDrift.run.1782485248.76636/com.apple.containermanager.primary-persona/[system-defined]]/MIInstallationDomainSystemShared op:3 phase:JournalPhaseDidRegisterWithLS version:0>
2026-06-26 22:49:18.649 Df lsd[79033:8bdebd] [com.apple.launchservices:progress] Sending applicationInstallsDidStart: for (
    "<LSApplicationProxy: 0x10172c000> com.DefaultCompany.NeonDrift.run.1782485248.76636 file:///Users/dragonkao/Library/Developer/CoreSimulator/Devices/CC47DE7A-8196-4465-A5A5-BB852C9C6C82/data/Containers/Bundle/Application/71EFA004-723F-43A7-808E-93344DDC6665/com.apple.mobileinstallation.placeholder/ <com.DefaultCompany.NeonDrift.run.1782485248.76636 <placeholder >:1>"
)
2026-06-26 22:49:18.649 Df installd[79560:8be7eb] [com.apple.appinstallation:TransactionLog] com.DefaultCompany.NeonDrift.run.1782485248.76636/com.apple.containermanager.primary-persona:7:2:2:1:Success (End) : Install (Parallel Placeholder)
2026-06-26 22:49:18.649 Df installd[79560:8be7eb] (MobileSystemServices) 0x16b933000 -[MIInstaller _logOperationCompletionWithStartTime:distributorID:]: Install successful for (Placeholder:com.DefaultCompany.NeonDrift.run.1782485248.76636) [Distributor: (null)]; Staging: 0.00s; Waiting: 0.00s; Preflight/Patch: 2.50s, Verifying: 0.04s; Overall: 2.80s
2026-06-26 22:49:18.650 Df lsd[79033:8bdebd] [com.apple.launchservices:progress] Created parent progress <NSProgress: com.DefaultCompany.NeonDrift.run.1782485248.76636 phase=InstallingPlaceholder; state=Waiting; finalPhase=Installing; fractionCompleted=0.000000>
2026-06-26 22:49:18.650 Df installcoordinationd[79525:8be73a] [com.apple.installcoordination:daemon] -[IXSPowerAssertion invalidate]: Released power assertion IXPowerAssertion-12-[com.DefaultCompany.NeonDrift.run.1782485248.76636/Invalid/[system-defined]]
2026-06-26 22:49:18.651 Df installcoordinationd[79525:8be73a] [com.apple.installcoordination:daemon] -[IXSPendingOperationsTracker endPendingOperationForIdentity:]_block_invoke: Ending pending operation for [com.DefaultCompany.NeonDrift.run.1782485248.76636/Invalid/[system-defined]]
2026-06-26 22:49:18.651 Df nsurlsessiond[79032:8bdf8a] [com.apple.launchservices:appinstallation] LaunchServices observer: InstallsStarted (
    "<LSApplicationProxy: 0x101a30240> com.DefaultCompany.NeonDrift.run.1782485248.76636 file:///Users/dragonkao/Library/Developer/CoreSimulator/Devices/CC47DE7A-8196-4465-A5A5-BB852C9C6C82/data/Containers/Bundle/Application/71EFA004-723F-43A7-808E-93344DDC6665/com.apple.mobileinstallation.placeholder/ <com.DefaultCompany.NeonDrift.run.1782485248.76636 <placeholder >:1>"
)
2026-06-26 22:49:18.651 Df installcoordinationd[79525:8be73a] [com.apple.installcoordination:daemon] -[IXSCoordinatedAppInstall setPlaceholderInstallState:withLSRecordPromiseForCompletion:]: <IXSCoordinatedAppInstall<0x101e08000> [P=CoreSimulatorBridge (pid 79002)] identifier:[com.DefaultCompany.NeonDrift.run.1782485248.76636/Invalid/[system-defined]] uuid:F96512E1-2221-4FED-95BB-A7332D2A041A intent:IXCoordinatorIntentUpdating creator/appDRI:InstallCoordination Simple SPI importance:UserWaiting state:IXAppCoordinationStateReadyForInstall promise-state:PA2I4>: Placeholder install completed.
2026-06-26 22:49:18.651 Df gamed[79397:8be583] [com.apple.launchservices:appinstallation] LaunchServices observer: InstallsStarted (
    "<LSApplicationProxy: 0x103ba0780> com.DefaultCompany.NeonDrift.run.1782485248.76636 file:///Users/dragonkao/Library/Developer/CoreSimulator/Devices/CC47DE7A-8196-4465-A5A5-BB852C9C6C82/data/Containers/Bundle/Application/71EFA004-723F-43A7-808E-93344DDC6665/com.apple.mobileinstallation.placeholder/ <com.DefaultCompany.NeonDrift.run.1782485248.76636 <placeholder >:1>"
)
2026-06-26 22:49:18.651 Df donotdisturbd[79031:8be09e] [com.apple.launchservices:appinstallation] LaunchServices observer: InstallsStarted (
    "<LSApplicationProxy: 0x1019c1380> com.DefaultCompany.NeonDrift.run.1782485248.76636 file:///Users/dragonkao/Library/Developer/CoreSimulator/Devices/CC47DE7A-8196-4465-A5A5-BB852C9C6C82/data/Containers/Bundle/Application/71EFA004-723F-43A7-808E-93344DDC6665/com.apple.mobileinstallation.placeholder/ <com.DefaultCompany.NeonDrift.run.1782485248.76636 <placeholder >:1>"
)
2026-06-26 22:49:18.651 Df usernotificationsd[79084:8be16b] [com.apple.launchservices:appinstallation] LaunchServices observer: InstallsStarted (
    "<LSApplicationProxy: 0x1041b4600> com.DefaultCompany.NeonDrift.run.1782485248.76636 file:///Users/dragonkao/Library/Developer/CoreSimulator/Devices/CC47DE7A-8196-4465-A5A5-BB852C9C6C82/data/Containers/Bundle/Application/71EFA004-723F-43A7-808E-93344DDC6665/com.apple.mobileinstallation.placeholder/ <com.DefaultCompany.NeonDrift.run.1782485248.76636 <placeholder >:1>"
)
2026-06-26 22:49:18.651 Df webbookmarksd[79099:8be918] [com.apple.launchservices:appinstallation] LaunchServices observer: InstallsStarted (
    "<LSApplicationProxy: 0x103adb520> com.DefaultCompany.NeonDrift.run.1782485248.76636 file:///Users/dragonkao/Library/Developer/CoreSimulator/Devices/CC47DE7A-8196-4465-A5A5-BB852C9C6C82/data/Containers/Bundle/Application/71EFA004-723F-43A7-808E-93344DDC6665/com.apple.mobileinstallation.placeholder/ <com.DefaultCompany.NeonDrift.run.1782485248.76636 <placeholder >:1>"
)
2026-06-26 22:49:18.651 Df installcoordinationd[79525:8be73a] [com.apple.installprogress:server] initiating progress for [com.DefaultCompany.NeonDrift.run.1782485248.76636/Invalid/[system-defined]]
2026-06-26 22:49:18.652 Df locationd[78996:8bde42] [com.apple.launchservices:appinstallation] LaunchServices observer: InstallsStarted (
    "<LSApplicationProxy: 0x103388600> com.DefaultCompany.NeonDrift.run.1782485248.76636 file:///Users/dragonkao/Library/Developer/CoreSimulator/Devices/CC47DE7A-8196-4465-A5A5-BB852C9C6C82/data/Containers/Bundle/Application/71EFA004-723F-43A7-808E-93344DDC6665/com.apple.mobileinstallation.placeholder/ <com.DefaultCompany.NeonDrift.run.1782485248.76636 <placeholder >:1>"
)
2026-06-26 22:49:18.652 Df callservicesd[79125:8be520] [com.apple.launchservices:appinstallation] LaunchServices observer: InstallsStarted (
    "<LSApplicationProxy: 0x106e90d80> com.DefaultCompany.NeonDrift.run.1782485248.76636 file:///Users/dragonkao/Library/Developer/CoreSimulator/Devices/CC47DE7A-8196-4465-A5A5-BB852C9C6C82/data/Containers/Bundle/Application/71EFA004-723F-43A7-808E-93344DDC6665/com.apple.mobileinstallation.placeholder/ <com.DefaultCompany.NeonDrift.run.1782485248.76636 <placeholder >:1>"
)
2026-06-26 22:49:18.652 Df runningboardd[78975:8bde93] [com.apple.launchservices:appinstallation] LaunchServices observer: InstallsStarted (
    "<LSApplicationProxy: 0x1035a4000> com.DefaultCompany.NeonDrift.run.1782485248.76636 file:///Users/dragonkao/Library/Developer/CoreSimulator/Devices/CC47DE7A-8196-4465-A5A5-BB852C9C6C82/data/Containers/Bundle/Application/71EFA004-723F-43A7-808E-93344DDC6665/com.apple.mobileinstallation.placeholder/ <com.DefaultCompany.NeonDrift.run.1782485248.76636 <placeholder >:1>"
)
2026-06-26 22:49:18.652 Df profiled[79189:8be1d9] [com.apple.launchservices:appinstallation] LaunchServices observer: InstallsStarted (
    "<LSApplicationProxy: 0x10554a750> com.DefaultCompany.NeonDrift.run.1782485248.76636 file:///Users/dragonkao/Library/Developer/CoreSimulator/Devices/CC47DE7A-8196-4465-A5A5-BB852C9C6C82/data/Containers/Bundle/Application/71EFA004-723F-43A7-808E-93344DDC6665/com.apple.mobileinstallation.placeholder/ <com.DefaultCompany.NeonDrift.run.1782485248.76636 <placeholder >:1>"
)
2026-06-26 22:49:18.652 Df financed[79122:8be123] [com.apple.launchservices:appinstallation] LaunchServices observer: InstallsStarted (
    "<LSApplicationProxy: 0x109ae7300> com.DefaultCompany.NeonDrift.run.1782485248.76636 file:///Users/dragonkao/Library/Developer/CoreSimulator/Devices/CC47DE7A-8196-4465-A5A5-BB852C9C6C82/data/Containers/Bundle/Application/71EFA004-723F-43A7-808E-93344DDC6665/com.apple.mobileinstallation.placeholder/ <com.DefaultCompany.NeonDrift.run.1782485248.76636 <placeholder >:1>"
)
2026-06-26 22:49:18.652 Df lsd[79033:8bdebd] [com.apple.launchservices:progress] Sent distributed notification com.apple.LaunchServices.applicationRegistered with payload {
    bundleIDs =     (
        "com.DefaultCompany.NeonDrift.run.1782485248.76636"
    );
    isPlaceholder = 1;
}
2026-06-26 22:49:18.652 Df homed[79127:8be1e0] [com.apple.launchservices:appinstallation] LaunchServices observer: InstallsStarted (
    "<LSApplicationProxy: 0x107ea8540> com.DefaultCompany.NeonDrift.run.1782485248.76636 file:///Users/dragonkao/Library/Developer/CoreSimulator/Devices/CC47DE7A-8196-4465-A5A5-BB852C9C6C82/data/Containers/Bundle/Application/71EFA004-723F-43A7-808E-93344DDC6665/com.apple.mobileinstallation.placeholder/ <com.DefaultCompany.NeonDrift.run.1782485248.76636 <placeholder >:1>"
)
2026-06-26 22:49:18.653 Df routined[78980:8bdfcf] [com.apple.launchservices:appinstallation] LaunchServices observer: InstallsStarted (
    "<LSApplicationProxy: 0x107c4cf00> com.DefaultCompany.NeonDrift.run.1782485248.76636 file:///Users/dragonkao/Library/Developer/CoreSimulator/Devices/CC47DE7A-8196-4465-A5A5-BB852C9C6C82/data/Containers/Bundle/Application/71EFA004-723F-43A7-808E-93344DDC6665/com.apple.mobileinstallation.placeholder/ <com.DefaultCompany.NeonDrift.run.1782485248.76636 <placeholder >:1>"
)
2026-06-26 22:49:18.653 Df installcoordinationd[79525:8be73a] [com.apple.installprogress:default] Created published identity progress for [com.DefaultCompany.NeonDrift.run.1782485248.76636/Invalid/[system-defined]], observer 0x101ca8d80
2026-06-26 22:49:18.653 Df installcoordinationd[79525:8be73a] [com.apple.installcoordination:daemon] -[IXSCoordinatorProgress setTotalUnitsCompleted:]: Progress for coordinator: [com.DefaultCompany.NeonDrift.run.1782485248.76636/Invalid/[system-defined]], Phase: IXCoordinatorProgressPhaseLoading, Percentage: 100.000000: Attempt to set units completed on finished progress: 100
2026-06-26 22:49:18.653 Df installcoordinationd[79525:8be73a] [com.apple.installcoordination:daemon] -[IXSCoordinatedAppInstall _onQueue_acquireAssertionAndDoInstall]: Acquiring termination assertion to install [com.DefaultCompany.NeonDrift.run.1782485248.76636/Invalid/[system-defined]]
2026-06-26 22:49:18.653 Df SpringBoard[79384:8be64b] [com.apple.launchservices:appinstallation] LaunchServices observer: InstallsStarted (
    "<LSApplicationProxy: 0x11fe6adc0> com.DefaultCompany.NeonDrift.run.1782485248.76636 file:///Users/dragonkao/Library/Developer/CoreSimulator/Devices/CC47DE7A-8196-4465-A5A5-BB852C9C6C82/data/Containers/Bundle/Application/71EFA004-723F-43A7-808E-93344DDC6665/com.apple.mobileinstallation.placeholder/ <com.DefaultCompany.NeonDrift.run.1782485248.76636 <placeholder >:1>"
)
2026-06-26 22:49:18.653 Df sleepd[78999:8bde37] [com.apple.launchservices:appinstallation] LaunchServices observer: InstallsStarted (
    "<LSApplicationProxy: 0x105a68180> com.DefaultCompany.NeonDrift.run.1782485248.76636 file:///Users/dragonkao/Library/Developer/CoreSimulator/Devices/CC47DE7A-8196-4465-A5A5-BB852C9C6C82/data/Containers/Bundle/Application/71EFA004-723F-43A7-808E-93344DDC6665/com.apple.mobileinstallation.placeholder/ <com.DefaultCompany.NeonDrift.run.1782485248.76636 <placeholder >:1>"
)
2026-06-26 22:49:18.653 Df installcoordinationd[79525:8be73a] [com.apple.installcoordination:daemon] -[IXSPendingOperationsTracker beginPendingOperationForIdentity:]_block_invoke: Beginning pending operation for [com.DefaultCompany.NeonDrift.run.1782485248.76636/Invalid/[system-defined]]
2026-06-26 22:49:18.653 Df SpringBoard[79384:8be64b] [com.apple.frontboard.ApplicationLibrary:observer] -[FBSApplicationLibrary applicationInstallsDidStart:] com.DefaultCompany.NeonDrift.run.1782485248.76636
2026-06-26 22:49:18.653 Df mobiletimerd[78987:8bdf43] [com.apple.launchservices:appinstallation] LaunchServices observer: InstallsStarted (
    "<LSApplicationProxy: 0x103290000> com.DefaultCompany.NeonDrift.run.1782485248.76636 file:///Users/dragonkao/Library/Developer/CoreSimulator/Devices/CC47DE7A-8196-4465-A5A5-BB852C9C6C82/data/Containers/Bundle/Application/71EFA004-723F-43A7-808E-93344DDC6665/com.apple.mobileinstallation.placeholder/ <com.DefaultCompany.NeonDrift.run.1782485248.76636 <placeholder >:1>"
)
2026-06-26 22:49:18.653 Df SpringBoard[79384:8be64b] [com.apple.frontboard.ApplicationLibrary:default] Added placeholder: <SBApplicationPlaceholderProxy: 0x1263c6e00; com.DefaultCompany.NeonDrift.run.1782485248.76636 (NeonDrift.run.1782485248.76636); LSInstallType: StoreDownload>
2026-06-26 22:49:18.653 Df SpringBoard[79384:8be46d] [com.apple.frontboard.ApplicationLibrary:sb.placeholder] App placeholder proxies added: (
    "<SBApplicationPlaceholderProxy: 0x1263c6e00; com.DefaultCompany.NeonDrift.run.1782485248.76636 (NeonDrift.run.1782485248.76636); LSInstallType: StoreDownload>"
), currentlyKnownExistingPlaceholders: {
}
2026-06-26 22:49:18.653 Df deviceaccessd[79190:8be1d5] [com.apple.launchservices:appinstallation] LaunchServices observer: InstallsStarted (
    "<LSApplicationProxy: 0x105574000> com.DefaultCompany.NeonDrift.run.1782485248.76636 file:///Users/dragonkao/Library/Developer/CoreSimulator/Devices/CC47DE7A-8196-4465-A5A5-BB852C9C6C82/data/Containers/Bundle/Application/71EFA004-723F-43A7-808E-93344DDC6665/com.apple.mobileinstallation.placeholder/ <com.DefaultCompany.NeonDrift.run.1782485248.76636 <placeholder >:1>"
)
2026-06-26 22:49:18.653 Df SpringBoard[79384:8be46d] [com.apple.appinstallation:TransactionLog] com.DefaultCompany.NeonDrift.run.1782485248.76636/Unknown Persona:10:0:1:1:Placeholder add BEGIN
2026-06-26 22:49:18.653 Df liveactivitiesd[79070:8be13c] [com.apple.launchservices:appinstallation] LaunchServices observer: InstallsStarted (
    "<LSApplicationProxy: 0x101e7cfc0> com.DefaultCompany.NeonDrift.run.1782485248.76636 file:///Users/dragonkao/Library/Developer/CoreSimulator/Devices/CC47DE7A-8196-4465-A5A5-BB852C9C6C82/data/Containers/Bundle/Application/71EFA004-723F-43A7-808E-93344DDC6665/com.apple.mobileinstallation.placeholder/ <com.DefaultCompany.NeonDrift.run.1782485248.76636 <placeholder >:1>"
)
2026-06-26 22:49:18.654 Df runningboardd[78975:8bde93] [com.apple.runningboard:connection] Received termination request from [osservice<com.apple.installcoordinationd>:79525] on <RBSProcessPredicate <RBSProcessBundleIdentifierPredicate "com.DefaultCompany.NeonDrift.run.1782485248.76636">> with context <RBSTerminateContext| explanation:installcoordinationd app:[com.DefaultCompany.NeonDrift.run.1782485248.76636/Invalid/[system-defined]] uuid:F96512E1-2221-4FED-95BB-A7332D2A041A isPlaceholder:N reportType:None maxTerminationResistance:Absolute attrs:[
	<RBSPreventLaunchLimitation| <RBSProcessPredicate <RBSProcessBundleIdentifierPredicate "com.DefaultCompany.NeonDrift.run.1782485248.76636">> allow:(null)>
	]>
