2026-06-27 00:41:47.057 Df CoreSimulatorBridge[64415:941196] [com.apple.installcoordination:framework] +[IXAppInstallCoordinator(IXSimpleInstaller) _beginInstallForURL:forPersonaUniqueString:consumeSource:options:progressBlock:completionWithIdentity:]: Beginning install for /Users/dragonkao/.openclaw/workspace/382b9e3384298039b171c9b2a60ae644/NeonDrift_MVP/project/xcode_derived_data/Build/Products/Release-iphonesimulator/NeonDrift.app consuming source:N options:{
    IsUserInitiated = 1;
    PackageType = Developer;
} installationRequestorAuditToken: NULL
2026-06-27 00:41:47.079 Df installcoordinationd[64557:94187f] [com.apple.installcoordination:daemon] -[IXSDataPromiseManager registerPromise:]: Registered promise <IXSPlaceholder(0x101d243c0) Name:App Placeholder: NeonDrift (com.DefaultCompany.NeonDrift) Creator:InstallCoordination Simple SPI UUID:65BA5FF4-EED9-4138-BA46-83F0BD567B3B Location:[system-defined]> for UUID 65BA5FF4-EED9-4138-BA46-83F0BD567B3B
2026-06-27 00:41:47.081 Df installcoordinationd[64557:94187f] [com.apple.installcoordination:daemon] -[IXSPlaceholder setAttributes:]: <IXSPlaceholder(0x101d243c0) Name:App Placeholder: NeonDrift (com.DefaultCompany.NeonDrift) Creator:InstallCoordination Simple SPI UUID:65BA5FF4-EED9-4138-BA46-83F0BD567B3B Location:[system-defined]>: setting placeholder attributes to <IXPlaceholderAttributes<0x101cc8960> : {
    CFBundleShortVersionString = "1.0";
    CFBundleSupportedPlatforms =     (
        iPhoneSimulator
    );
    CFBundleVersion = 0;
    DTPlatformName = iphonesimulator;
    LSRequiresIPhoneOS = 1;
    MinimumOSVersion = "13.0";
    UIDeviceFamily =     (
        1,
        2
    );
    UIRequiredDeviceCapabilities =     {
        arm64 = 1;
        metal = 1;
    };
}>
2026-06-27 00:41:47.082 Df CoreSimulatorBridge[64415:941190] [com.apple.installcoordination:framework] +[IXPlaceholder _setEntitlementsFromBundleExecutableURL:withBundleID:client:onPlaceholder:location:error:]: Executable for com.DefaultCompany.NeonDrift at NeonDrift -- file:///Users/dragonkao/.openclaw/workspace/382b9e3384298039b171c9b2a60ae644/NeonDrift_MVP/project/xcode_derived_data/Build/Products/Release-iphonesimulator/NeonDrift.app/ had no entitlements
2026-06-27 00:41:47.082 Df CoreSimulatorBridge[64415:941190] [com.apple.installcoordination:framework] +[IXPlaceholder _placeholderForBundle:client:withParent:installType:metadata:placeholderType:mayBeDeltaPackage:isFromSerializedPlaceholder:location:error:]: Using full fidelity icons for com.DefaultCompany.NeonDrift at /Users/dragonkao/.openclaw/workspace/382b9e3384298039b171c9b2a60ae644/NeonDrift_MVP/project/xcode_derived_data/Build/Products/Release-iphonesimulator/NeonDrift.app
2026-06-27 00:41:47.083 Df installcoordinationd[64557:941914] [com.apple.installcoordination:daemon] -[IXSDataPromiseManager registerPromise:]: Registered promise <IXSPromisedTransferToPath(0x101cf8c00) Name:Icon resources for com.DefaultCompany.NeonDrift Creator:InstallCoordination Simple SPI UUID:E42891E1-0B54-46AE-ACAE-8425FEC7F480 Location:[system-defined]> for UUID E42891E1-0B54-46AE-ACAE-8425FEC7F480
2026-06-27 00:41:47.089 Df CoreSimulatorBridge[64415:941190] [com.apple.installcoordination:framework] -[IXPromisedTransferToPath setComplete:]: <IXPromisedTransferToPath<0x105891180> name:"Icon resources for com.DefaultCompany.NeonDrift" uuid:E42891E1-0B54-46AE-ACAE-8425FEC7F480 creator:"InstallCoordination Simple SPI" location:[system-defined]> Move operation from /Users/dragonkao/Library/Developer/CoreSimulator/Devices/CC47DE7A-8196-4465-A5A5-BB852C9C6C82/data/Containers/Shared/SystemGroup/systemgroup.com.apple.installcoordinationd/Library/InstallCoordination/PromiseStaging/E42891E1-0B54-46AE-ACAE-8425FEC7F480/temp.tK2G2h to /Users/dragonkao/Library/Developer/CoreSimulator/Devices/CC47DE7A-8196-4465-A5A5-BB852C9C6C82/data/Containers/Shared/SystemGroup/systemgroup.com.apple.installcoordinationd/Library/InstallCoordination/PromiseStaging/E42891E1-0B54-46AE-ACAE-8425FEC7F480/temp.tK2G2h took 0.000080 seconds
2026-06-27 00:41:47.092 Df installcoordinationd[64557:941914] [com.apple.installcoordination:daemon] -[IXSDataPromise _setPercentComplete:saveStateIfNeeded:]: Progress: <IXSPromisedTransferToPath(0x101cf8c00) Name:Icon resources for com.DefaultCompany.NeonDrift Creator:InstallCoordination Simple SPI UUID:E42891E1-0B54-46AE-ACAE-8425FEC7F480 Location:[system-defined]>
2026-06-27 00:41:47.092 Df installcoordinationd[64557:94187f] [com.apple.installcoordination:daemon] -[IXSDataPromiseManager promiseDidBegin:]: Unowned promise began: <IXSPromisedTransferToPath(0x101cf8c00) Name:Icon resources for com.DefaultCompany.NeonDrift Creator:InstallCoordination Simple SPI UUID:E42891E1-0B54-46AE-ACAE-8425FEC7F480 Location:[system-defined]>
2026-06-27 00:41:47.092 Df installcoordinationd[64557:94187f] [com.apple.installcoordination:daemon] -[IXSDataPromiseManager promise:didUpdateProgress:]: Unowned promise update progress to 1.000000 : <IXSPromisedTransferToPath(0x101cf8c00) Name:Icon resources for com.DefaultCompany.NeonDrift Creator:InstallCoordination Simple SPI UUID:E42891E1-0B54-46AE-ACAE-8425FEC7F480 Location:[system-defined]>
2026-06-27 00:41:47.093 Df installcoordinationd[64557:941914] [com.apple.installcoordination:daemon] -[IXSDataPromiseManager promiseDidComplete:]: Unowned promise completed: <IXSPromisedTransferToPath(0x101cf8c00) Name:Icon resources for com.DefaultCompany.NeonDrift Creator:InstallCoordination Simple SPI UUID:E42891E1-0B54-46AE-ACAE-8425FEC7F480 Location:[system-defined]>
2026-06-27 00:41:47.095 Df installcoordinationd[64557:941914] [com.apple.installcoordination:daemon] -[IXSDataPromise _setPercentComplete:saveStateIfNeeded:]: Progress: <IXSPromisedInMemoryDictionary(0x101cf9280) Name:Info.plist icon content for com.DefaultCompany.NeonDrift Creator:InstallCoordination Simple SPI UUID:A20D316A-5780-40AF-A2FC-DB0D5BABFC4A Location:[system-defined]>
2026-06-27 00:41:47.095 Df installcoordinationd[64557:941914] [com.apple.installcoordination:daemon] -[IXSDataPromiseManager registerPromise:]: Registered promise <IXSPromisedInMemoryDictionary(0x101cf9280) Name:Info.plist icon content for com.DefaultCompany.NeonDrift Creator:InstallCoordination Simple SPI UUID:A20D316A-5780-40AF-A2FC-DB0D5BABFC4A Location:[system-defined]> for UUID A20D316A-5780-40AF-A2FC-DB0D5BABFC4A
2026-06-27 00:41:47.096 Df installcoordinationd[64557:94187f] [com.apple.installcoordination:daemon] -[IXSDataPromiseManager promiseDidBegin:]: Unowned promise began: <IXSPromisedInMemoryDictionary(0x101cf9280) Name:Info.plist icon content for com.DefaultCompany.NeonDrift Creator:InstallCoordination Simple SPI UUID:A20D316A-5780-40AF-A2FC-DB0D5BABFC4A Location:[system-defined]>
2026-06-27 00:41:47.097 Df installcoordinationd[64557:941913] [com.apple.installcoordination:daemon] -[IXSPlaceholder setIconResourcesPromise:]: <IXSPlaceholder(0x101d243c0) Name:App Placeholder: NeonDrift (com.DefaultCompany.NeonDrift) Creator:InstallCoordination Simple SPI UUID:65BA5FF4-EED9-4138-BA46-83F0BD567B3B Location:[system-defined]>: setting icon resources promise to <IXSPromisedTransferToPath(0x101cf8c00) Name:Icon resources for com.DefaultCompany.NeonDrift Creator:InstallCoordination Simple SPI UUID:E42891E1-0B54-46AE-ACAE-8425FEC7F480 Location:[system-defined]>
2026-06-27 00:41:47.097 Df installcoordinationd[64557:94187f] [com.apple.installcoordination:daemon] -[IXSDataPromiseManager promise:didUpdateProgress:]: Unowned promise update progress to 1.000000 : <IXSPromisedInMemoryDictionary(0x101cf9280) Name:Info.plist icon content for com.DefaultCompany.NeonDrift Creator:InstallCoordination Simple SPI UUID:A20D316A-5780-40AF-A2FC-DB0D5BABFC4A Location:[system-defined]>
2026-06-27 00:41:47.098 Df installcoordinationd[64557:941913] [com.apple.installcoordination:daemon] -[IXSPlaceholder setInfoPlistIconContentPromise:]: <IXSPlaceholder(0x101d243c0) Name:App Placeholder: NeonDrift (com.DefaultCompany.NeonDrift) Creator:InstallCoordination Simple SPI UUID:65BA5FF4-EED9-4138-BA46-83F0BD567B3B Location:[system-defined]>: setting Info.plist icon content promise to <IXSPromisedInMemoryDictionary(0x101cf9280) Name:Info.plist icon content for com.DefaultCompany.NeonDrift Creator:InstallCoordination Simple SPI UUID:A20D316A-5780-40AF-A2FC-DB0D5BABFC4A Location:[system-defined]>
2026-06-27 00:41:47.099 Df installcoordinationd[64557:94187f] [com.apple.installcoordination:daemon] -[IXSDataPromiseManager promiseDidComplete:]: Unowned promise completed: <IXSPromisedInMemoryDictionary(0x101cf9280) Name:Info.plist icon content for com.DefaultCompany.NeonDrift Creator:InstallCoordination Simple SPI UUID:A20D316A-5780-40AF-A2FC-DB0D5BABFC4A Location:[system-defined]>
2026-06-27 00:41:47.101 Df installcoordinationd[64557:941913] [com.apple.installcoordination:daemon] -[IXSDataPromiseManager promiseDidBegin:]: Unowned promise began: <IXSPlaceholder(0x101d243c0) Name:App Placeholder: NeonDrift (com.DefaultCompany.NeonDrift) Creator:InstallCoordination Simple SPI UUID:65BA5FF4-EED9-4138-BA46-83F0BD567B3B Location:[system-defined]>
2026-06-27 00:41:47.101 Df installcoordinationd[64557:941913] [com.apple.installcoordination:daemon] -[IXSDataPromiseManager promise:didUpdateProgress:]: Unowned promise update progress to 0.000000 : <IXSPlaceholder(0x101d243c0) Name:App Placeholder: NeonDrift (com.DefaultCompany.NeonDrift) Creator:InstallCoordination Simple SPI UUID:65BA5FF4-EED9-4138-BA46-83F0BD567B3B Location:[system-defined]>
2026-06-27 00:41:47.101 Df installcoordinationd[64557:941913] [com.apple.installcoordination:daemon] -[IXSDataPromiseManager promise:didUpdateProgress:]: Unowned promise update progress to 0.000000 : <IXSPlaceholder(0x101d243c0) Name:App Placeholder: NeonDrift (com.DefaultCompany.NeonDrift) Creator:InstallCoordination Simple SPI UUID:65BA5FF4-EED9-4138-BA46-83F0BD567B3B Location:[system-defined]>
2026-06-27 00:41:47.103 Df installcoordinationd[64557:94187f] [com.apple.installcoordination:daemon] -[IXSDataPromise _setPercentComplete:saveStateIfNeeded:]: Progress: <IXSPromisedInMemoryDictionary(0x101cf9400) Name:Localizations for com.DefaultCompany.NeonDrift Creator:InstallCoordination Simple SPI UUID:A4CBAB97-DAB8-42EA-80A5-8E4635688DE8 Location:[system-defined]>
2026-06-27 00:41:47.104 Df installcoordinationd[64557:94187f] [com.apple.installcoordination:daemon] -[IXSDataPromiseManager registerPromise:]: Registered promise <IXSPromisedInMemoryDictionary(0x101cf9400) Name:Localizations for com.DefaultCompany.NeonDrift Creator:InstallCoordination Simple SPI UUID:A4CBAB97-DAB8-42EA-80A5-8E4635688DE8 Location:[system-defined]> for UUID A4CBAB97-DAB8-42EA-80A5-8E4635688DE8
2026-06-27 00:41:47.105 Df installcoordinationd[64557:941914] [com.apple.installcoordination:daemon] -[IXSDataPromiseManager promiseDidBegin:]: Unowned promise began: <IXSPromisedInMemoryDictionary(0x101cf9400) Name:Localizations for com.DefaultCompany.NeonDrift Creator:InstallCoordination Simple SPI UUID:A4CBAB97-DAB8-42EA-80A5-8E4635688DE8 Location:[system-defined]>
2026-06-27 00:41:47.105 Df installcoordinationd[64557:94187f] [com.apple.installcoordination:daemon] -[IXSPlaceholder setLocalizationDictionaryPromise:]: <IXSPlaceholder(0x101d243c0) Name:App Placeholder: NeonDrift (com.DefaultCompany.NeonDrift) Creator:InstallCoordination Simple SPI UUID:65BA5FF4-EED9-4138-BA46-83F0BD567B3B Location:[system-defined]>: setting localization dict promise to <IXSPromisedInMemoryDictionary(0x101cf9400) Name:Localizations for com.DefaultCompany.NeonDrift Creator:InstallCoordination Simple SPI UUID:A4CBAB97-DAB8-42EA-80A5-8E4635688DE8 Location:[system-defined]>
2026-06-27 00:41:47.105 Df installcoordinationd[64557:941914] [com.apple.installcoordination:daemon] -[IXSDataPromiseManager promise:didUpdateProgress:]: Unowned promise update progress to 1.000000 : <IXSPromisedInMemoryDictionary(0x101cf9400) Name:Localizations for com.DefaultCompany.NeonDrift Creator:InstallCoordination Simple SPI UUID:A4CBAB97-DAB8-42EA-80A5-8E4635688DE8 Location:[system-defined]>
2026-06-27 00:41:47.106 Df installcoordinationd[64557:941914] [com.apple.installcoordination:daemon] -[IXSDataPromiseManager promiseDidComplete:]: Unowned promise completed: <IXSPromisedInMemoryDictionary(0x101cf9400) Name:Localizations for com.DefaultCompany.NeonDrift Creator:InstallCoordination Simple SPI UUID:A4CBAB97-DAB8-42EA-80A5-8E4635688DE8 Location:[system-defined]>
2026-06-27 00:41:47.107 Df installcoordinationd[64557:941914] [com.apple.installcoordination:daemon] -[IXSDataPromiseManager promise:didUpdateProgress:]: Unowned promise update progress to 0.000000 : <IXSPlaceholder(0x101d243c0) Name:App Placeholder: NeonDrift (com.DefaultCompany.NeonDrift) Creator:InstallCoordination Simple SPI UUID:65BA5FF4-EED9-4138-BA46-83F0BD567B3B Location:[system-defined]>
2026-06-27 00:41:47.107 Df installcoordinationd[64557:941913] [com.apple.installcoordination:daemon] -[IXSPlaceholder setConfigurationComplete:]: <IXSPlaceholder(0x101d243c0) Name:App Placeholder: NeonDrift (com.DefaultCompany.NeonDrift) Creator:InstallCoordination Simple SPI UUID:65BA5FF4-EED9-4138-BA46-83F0BD567B3B Location:[system-defined]>: setting configuration complete to Y
2026-06-27 00:41:47.108 Df installcoordinationd[64557:941913] [com.apple.installcoordination:daemon] -[IXSPlaceholder _materialize]: <IXSPlaceholder(0x101d243c0) Name:App Placeholder: NeonDrift (com.DefaultCompany.NeonDrift) Creator:InstallCoordination Simple SPI UUID:65BA5FF4-EED9-4138-BA46-83F0BD567B3B Location:[system-defined]>: Materializing placeholder at /Users/dragonkao/Library/Developer/CoreSimulator/Devices/CC47DE7A-8196-4465-A5A5-BB852C9C6C82/data/Containers/Shared/SystemGroup/systemgroup.com.apple.installcoordinationd/Library/InstallCoordination/PromiseStaging/65BA5FF4-EED9-4138-BA46-83F0BD567B3B/NeonDrift.app
2026-06-27 00:41:47.108 Df installcoordinationd[64557:941913] [com.apple.installcoordination:daemon] -[IXSPlaceholder _materialize]: <IXSPlaceholder(0x101d243c0) Name:App Placeholder: NeonDrift (com.DefaultCompany.NeonDrift) Creator:InstallCoordination Simple SPI UUID:65BA5FF4-EED9-4138-BA46-83F0BD567B3B Location:[system-defined]>: Using Info.plist icon content: {
    CFBundleIcons =     {
        CFBundlePrimaryIcon =         {
            CFBundleIconName = AppIcon;
        };
    };
    "CFBundleIcons~ipad" =     {
        CFBundlePrimaryIcon =         {
            CFBundleIconName = AppIcon;
        };
    };
    ISIconPlatform = iPhoneOS;
}
2026-06-27 00:41:47.109 Df installcoordinationd[64557:941913] [com.apple.installcoordination:daemon] -[IXSPlaceholder _materialize]_block_invoke: <IXSPlaceholder(0x101d243c0) Name:App Placeholder: NeonDrift (com.DefaultCompany.NeonDrift) Creator:InstallCoordination Simple SPI UUID:65BA5FF4-EED9-4138-BA46-83F0BD567B3B Location:[system-defined]>: Using icon resource Assets.car
2026-06-27 00:41:47.109 Df installcoordinationd[64557:941913] [com.apple.installcoordination:daemon] -[IXSPlaceholder _materialize]: <IXSPlaceholder(0x101d243c0) Name:App Placeholder: NeonDrift (com.DefaultCompany.NeonDrift) Creator:InstallCoordination Simple SPI UUID:65BA5FF4-EED9-4138-BA46-83F0BD567B3B Location:[system-defined]>: Including lproj localizations for (
)
2026-06-27 00:41:47.109 Df installcoordinationd[64557:941914] [com.apple.installcoordination:daemon] -[IXSDataPromiseManager promiseDidComplete:]: Unowned promise completed: <IXSPlaceholder(0x101d243c0) Name:App Placeholder: NeonDrift (com.DefaultCompany.NeonDrift) Creator:InstallCoordination Simple SPI UUID:65BA5FF4-EED9-4138-BA46-83F0BD567B3B Location:[system-defined]>
2026-06-27 00:41:47.111 Df installcoordinationd[64557:941914] [com.apple.installcoordination:daemon] -[IXSDataPromiseManager registerPromise:]: Registered promise <IXSPromisedTransferToPath(0x101cf9580) Name:App Asset: com.DefaultCompany.NeonDrift Creator:InstallCoordination Simple SPI UUID:FB265E39-CB4C-46C9-9EA1-348091CB51BE Location:[system-defined]> for UUID FB265E39-CB4C-46C9-9EA1-348091CB51BE
2026-06-27 00:41:47.115 Df installcoordinationd[64557:941913] [com.apple.installcoordination:daemon] -[IXSCoordinatorManager coordinatorForIdentity:connection:error:creatingIfNotExisting:]_block_invoke: Registered coordinator: <IXSCoordinatedAppInstall<0x101e0c000> [P=CoreSimulatorBridge (pid 64415)] identifier:[com.DefaultCompany.NeonDrift/Invalid/[system-defined]] uuid:68327008-46B0-4074-BD50-C16115CABF17 intent:IXCoordinatorIntentUpdating creator/appDRI:InstallCoordination Simple SPI importance:Background state:IXAppCoordinationStatePlaceholderPromiseNotSet promise-state:01234>
2026-06-27 00:41:47.115 Df installcoordinationd[64557:941913] [com.apple.appinstallation:TransactionLog] com.DefaultCompany.NeonDrift/Unknown Persona:4:2:1:1:Created coordinator with intent IXCoordinatorIntentUpdating for client InstallCoordination Simple SPI
2026-06-27 00:41:47.116 Df installcoordinationd[64557:941913] [com.apple.installcoordination:daemon] -[IXSCoordinatedAppInstall setPriorityBoostCompletion:withSourceInfo:]: <IXSCoordinatedAppInstall<0x101e0c000> [P=CoreSimulatorBridge (pid 64415)] identifier:[com.DefaultCompany.NeonDrift/Invalid/[system-defined]] uuid:68327008-46B0-4074-BD50-C16115CABF17 intent:IXCoordinatorIntentUpdating creator/appDRI:InstallCoordination Simple SPI importance:Background state:IXAppCoordinationStatePlaceholderPromiseNotSet promise-state:01234>: Retaining completion from CoreSimulatorBridge (64415), QOS_CLASS_DEFAULT (0x15)
2026-06-27 00:41:47.116 Df installcoordinationd[64557:941913] [com.apple.installcoordination:daemon] -[IXSCoordinatedAppInstall setImportance:]: <IXSCoordinatedAppInstall<0x101e0c000> [P=CoreSimulatorBridge (pid 64415)] identifier:[com.DefaultCompany.NeonDrift/Invalid/[system-defined]] uuid:68327008-46B0-4074-BD50-C16115CABF17 intent:IXCoordinatorIntentUpdating creator/appDRI:InstallCoordination Simple SPI importance:UserWaiting state:IXAppCoordinationStatePlaceholderPromiseNotSet promise-state:01234>: set importance to UserWaiting
2026-06-27 00:41:47.116 Df installcoordinationd[64557:941913] [com.apple.installcoordination:daemon] -[IXSCoordinatedAppInstall _onQueue_fireObserversForClient:]: <IXSCoordinatedAppInstall<0x101e0c000> [P=CoreSimulatorBridge (pid 64415)] identifier:[com.DefaultCompany.NeonDrift/Invalid/[system-defined]] uuid:68327008-46B0-4074-BD50-C16115CABF17 intent:IXCoordinatorIntentUpdating creator/appDRI:InstallCoordination Simple SPI importance:UserWaiting state:IXAppCoordinationStatePlaceholderPromiseNotSet promise-state:01234>: Firing applicable observers for client <IXSClientConnection<0x101c591a0> client:CoreSimulatorBridge (pid 64415) uuid:61BB9016-4250-4F0C-BCD4-FE8E8841383D>
2026-06-27 00:41:47.116 Df installcoordinationd[64557:941913] [com.apple.installcoordination:daemon] -[IXSCoordinatedAppInstall setPriorityBoostCompletion:withSourceInfo:]: <IXSCoordinatedAppInstall<0x101e0c000> [P=CoreSimulatorBridge (pid 64415)] identifier:[com.DefaultCompany.NeonDrift/Invalid/[system-defined]] uuid:68327008-46B0-4074-BD50-C16115CABF17 intent:IXCoordinatorIntentUpdating creator/appDRI:InstallCoordination Simple SPI importance:UserWaiting state:IXAppCoordinationStatePlaceholderPromiseNotSet promise-state:01234>: Disposing of completion from CoreSimulatorBridge (64415), QOS_CLASS_DEFAULT (0x15)
2026-06-27 00:41:47.116 Df installcoordinationd[64557:941913] [com.apple.installcoordination:daemon] -[IXSCoordinatedAppInstall setPriorityBoostCompletion:withSourceInfo:]: <IXSCoordinatedAppInstall<0x101e0c000> [P=CoreSimulatorBridge (pid 64415)] identifier:[com.DefaultCompany.NeonDrift/Invalid/[system-defined]] uuid:68327008-46B0-4074-BD50-C16115CABF17 intent:IXCoordinatorIntentUpdating creator/appDRI:InstallCoordination Simple SPI importance:UserWaiting state:IXAppCoordinationStatePlaceholderPromiseNotSet promise-state:01234>: Retaining completion from CoreSimulatorBridge (64415), QOS_CLASS_DEFAULT (0x15)
2026-06-27 00:41:47.117 Df CoreSimulatorBridge[64415:94171f] [com.apple.installcoordination:framework] -[IXAppInstallCoordinator _clientDelegate_didRegisterForObservation]: <IXUpdatingAppInstallCoordinator<0x105890bc0> identity:[com.DefaultCompany.NeonDrift/Invalid/[system-defined]] uuid:68327008-46B0-4074-BD50-C16115CABF17 creator:InstallCoordination Simple SPI>: Got observer registration delegate
2026-06-27 00:41:47.117 Df CoreSimulatorBridge[64415:94171f] [com.apple.installcoordination:framework] -[IXAppInstallCoordinator _clientDelegate_shouldResume]: <IXUpdatingAppInstallCoordinator<0x105890bc0> identity:[com.DefaultCompany.NeonDrift/Invalid/[system-defined]] uuid:68327008-46B0-4074-BD50-C16115CABF17 creator:InstallCoordination Simple SPI>: Got should resume delegate
2026-06-27 00:41:47.117 Df CoreSimulatorBridge[64415:94128f] [com.apple.installcoordination:framework] -[IXAppInstallCoordinator _clientDelegate_didRegisterForObservation]_block_invoke: <IXUpdatingAppInstallCoordinator<0x105890bc0> identity:[com.DefaultCompany.NeonDrift/Invalid/[system-defined]] uuid:68327008-46B0-4074-BD50-C16115CABF17 creator:InstallCoordination Simple SPI>: Observer <_IXSimpleInstallerDelegate 0x0x105858c30> does not respond to coordinatorDidRegisterForObservation:
2026-06-27 00:41:47.117 Df CoreSimulatorBridge[64415:94128f] [com.apple.installcoordination:framework] -[IXAppInstallCoordinator _clientDelegate_shouldResume]_block_invoke: <IXUpdatingAppInstallCoordinator<0x105890bc0> identity:[com.DefaultCompany.NeonDrift/Invalid/[system-defined]] uuid:68327008-46B0-4074-BD50-C16115CABF17 creator:InstallCoordination Simple SPI>: Observer <_IXSimpleInstallerDelegate 0x0x105858c30> does not respond to coordinatorShouldResume:
2026-06-27 00:41:47.119 Df installcoordinationd[64557:941914] [com.apple.installcoordination:daemon] -[IXSCoordinatedAppInstall _internal_setInstallOptionsPromise:performExternalActions:]: <IXSCoordinatedAppInstall<0x101e0c000> [P=CoreSimulatorBridge (pid 64415)] identifier:[com.DefaultCompany.NeonDrift/Invalid/[system-defined]] uuid:68327008-46B0-4074-BD50-C16115CABF17 intent:IXCoordinatorIntentUpdating creator/appDRI:InstallCoordination Simple SPI importance:UserWaiting state:IXAppCoordinationStatePlaceholderPromiseNotSet promise-state:012I4> : install options set: <IXSPromisedInMemoryData(0x101cf9980) Name:MIInstallOptions data Creator:Install Coordination Internal UUID:BB46B2CC-449E-4869-B53C-568301324C63 Location:[system-defined]>
2026-06-27 00:41:47.119 Df installcoordinationd[64557:94187f] [com.apple.installcoordination:daemon] -[IXSCoordinatedAppInstall promiseDidComplete:]: <IXSCoordinatedAppInstall<0x101e0c000> [P=CoreSimulatorBridge (pid 64415)] identifier:[com.DefaultCompany.NeonDrift/Invalid/[system-defined]] uuid:68327008-46B0-4074-BD50-C16115CABF17 intent:IXCoordinatorIntentUpdating creator/appDRI:InstallCoordination Simple SPI importance:UserWaiting state:IXAppCoordinationStatePlaceholderPromiseNotSet promise-state:012I4> : Promise completed: <IXSPromisedInMemoryData(0x101cf9980) Name:MIInstallOptions data Creator:Install Coordination Internal UUID:BB46B2CC-449E-4869-B53C-568301324C63 Location:[system-defined]>
2026-06-27 00:41:47.119 Df installcoordinationd[64557:94187f] [com.apple.appinstallation:TransactionLog] com.DefaultCompany.NeonDrift/Unknown Persona:4:13:1:1:Install Options Promise began. Coordinator State: IXAppCoordinationStatePlaceholderPromiseNotSet
2026-06-27 00:41:47.119 Df installcoordinationd[64557:94187f] [com.apple.appinstallation:TransactionLog] com.DefaultCompany.NeonDrift/Unknown Persona:4:13:2:1:Install Options Promise completed. Coordinator State: IXAppCoordinationStatePlaceholderPromiseNotSet
2026-06-27 00:41:47.119 Df installcoordinationd[64557:941914] [com.apple.installcoordination:daemon] -[IXSCoordinatedAppInstall _internal_setAppAssetPromise:performExternalActions:]: <IXSCoordinatedAppInstall<0x101e0c000> [P=CoreSimulatorBridge (pid 64415)] identifier:[com.DefaultCompany.NeonDrift/Invalid/[system-defined]] uuid:68327008-46B0-4074-BD50-C16115CABF17 intent:IXCoordinatorIntentUpdating creator/appDRI:InstallCoordination Simple SPI importance:UserWaiting state:IXAppCoordinationStatePlaceholderPromiseNotSet promise-state:0a2I4> : App Asset Promise set: <IXSPromisedTransferToPath(0x101cf9580) Name:App Asset: com.DefaultCompany.NeonDrift Creator:InstallCoordination Simple SPI UUID:FB265E39-CB4C-46C9-9EA1-348091CB51BE Location:[system-defined]>
2026-06-27 00:41:47.120 Df installcoordinationd[64557:941913] [com.apple.installcoordination:daemon] -[IXSCoordinatedAppInstall setInitialODRAssetPromises:]: <IXSCoordinatedAppInstall<0x101e0c000> [P=CoreSimulatorBridge (pid 64415)] identifier:[com.DefaultCompany.NeonDrift/Invalid/[system-defined]] uuid:68327008-46B0-4074-BD50-C16115CABF17 intent:IXCoordinatorIntentUpdating creator/appDRI:InstallCoordination Simple SPI importance:UserWaiting state:IXAppCoordinationStatePlaceholderPromiseNotSet promise-state:0a2I4> : Initial ODR Asset Promises set: (
)
2026-06-27 00:41:47.121 Df CoreSimulatorBridge[64415:941190] [com.apple.installcoordination:framework] -[IXPromisedTransferToPath _performDeltaCopyFrom:toDestination:]: Performing delta copy from /Users/dragonkao/.openclaw/workspace/382b9e3384298039b171c9b2a60ae644/NeonDrift_MVP/project/xcode_derived_data/Build/Products/Release-iphonesimulator/NeonDrift.app to /Users/dragonkao/Library/Developer/CoreSimulator/Devices/CC47DE7A-8196-4465-A5A5-BB852C9C6C82/data/Containers/Shared/SystemGroup/systemgroup.com.apple.installcoordinationd/Library/InstallCoordination/PromiseStaging/FB265E39-CB4C-46C9-9EA1-348091CB51BE/NeonDrift.app with installed bundle at /Users/dragonkao/Library/Developer/CoreSimulator/Devices/CC47DE7A-8196-4465-A5A5-BB852C9C6C82/data/Containers/Bundle/Application/0716A15D-6D98-45DB-B574-97639DF73FE7/NeonDrift.app
2026-06-27 00:41:47.121 Df CoreSimulatorBridge[64415:941190] (MobileSystemServices) 0x16b6c7000 MDMCreateDeltaDirectory: calling MDMDirectoryDiff with:
state->old_bundle: /Users/dragonkao/Library/Developer/CoreSimulator/Devices/CC47DE7A-8196-4465-A5A5-BB852C9C6C82/data/Containers/Bundle/Application/0716A15D-6D98-45DB-B574-97639DF73FE7/NeonDrift.app
state->new_bundle: /Users/dragonkao/.openclaw/workspace/382b9e3384298039b171c9b2a60ae644/NeonDrift_MVP/project/xcode_derived_data/Build/Products/Release-iphonesimulator/NeonDrift.app
state->dst_bundle: /Users/dragonkao/Library/Developer/CoreSimulator/Devices/CC47DE7A-8196-4465-A5A5-BB852C9C6C82/data/Containers/Shared/SystemGroup/systemgroup.com.apple.installcoordinationd/Library/InstallCoordination/PromiseStaging/FB265E39-CB4C-46C9-9EA1-348091CB51BE/NeonDrift.app/Payload//NeonDrift.app, binaryDiff flag: FALSE
	dst_ipa: /Users/dragonkao/Library/Developer/CoreSimulator/Devices/CC47DE7A-8196-4465-A5A5-BB852C9C6C82/data/Containers/Shared/SystemGroup/systemgroup.com.apple.installcoordinationd/Library/InstallCoordination/PromiseStaging/FB265<…>
2026-06-27 00:41:47.123 Df CoreSimulatorBridge[64415:941190] [com.apple.installcoordination:framework] -[IXPromisedTransferToPath setComplete:]: <IXPromisedTransferToPath<0x105890940> name:"App Asset: com.DefaultCompany.NeonDrift" uuid:FB265E39-CB4C-46C9-9EA1-348091CB51BE creator:"InstallCoordination Simple SPI" location:[system-defined]> Delta Copy operation from /Users/dragonkao/.openclaw/workspace/382b9e3384298039b171c9b2a60ae644/NeonDrift_MVP/project/xcode_derived_data/Build/Products/Release-iphonesimulator/NeonDrift.app to /Users/dragonkao/Library/Developer/CoreSimulator/Devices/CC47DE7A-8196-4465-A5A5-BB852C9C6C82/data/Containers/Shared/SystemGroup/systemgroup.com.apple.installcoordinationd/Library/InstallCoordination/PromiseStaging/FB265E39-CB4C-46C9-9EA1-348091CB51BE/NeonDrift.app took 0.002664 seconds
2026-06-27 00:41:47.124 Df installcoordinationd[64557:941913] [com.apple.installcoordination:daemon] -[IXSDataPromise _setPercentComplete:saveStateIfNeeded:]: Progress: <IXSPromisedTransferToPath(0x101cf9580) Name:App Asset: com.DefaultCompany.NeonDrift Creator:InstallCoordination Simple SPI UUID:FB265E39-CB4C-46C9-9EA1-348091CB51BE Location:[system-defined]>
2026-06-27 00:41:47.124 Df installcoordinationd[64557:941914] [com.apple.appinstallation:TransactionLog] com.DefaultCompany.NeonDrift/Unknown Persona:4:10:1:1:App Asset Promise began. Coordinator State: IXAppCoordinationStatePlaceholderPromiseNotSet
2026-06-27 00:41:47.124 Df CoreSimulatorBridge[64415:94171f] [com.apple.installcoordination:framework] -[IXAppInstallCoordinator _clientDelegate_promiseDidBeginFulfillmentWithIdentifier:]: <IXUpdatingAppInstallCoordinator<0x105890bc0> identity:[com.DefaultCompany.NeonDrift/Invalid/[system-defined]] uuid:68327008-46B0-4074-BD50-C16115CABF17 creator:InstallCoordination Simple SPI>: Got promise did begin fulfillment for identifier 2
2026-06-27 00:41:47.124 Df CoreSimulatorBridge[64415:94171f] [com.apple.installcoordination:framework] -[IXAppInstallCoordinator _clientDelegate_promiseDidBeginFulfillmentWithIdentifier:]_block_invoke: <IXUpdatingAppInstallCoordinator<0x105890bc0> identity:[com.DefaultCompany.NeonDrift/Invalid/[system-defined]] uuid:68327008-46B0-4074-BD50-C16115CABF17 creator:InstallCoordination Simple SPI>: Observer <_IXSimpleInstallerDelegate 0x0x105858c30> does not respond to coordinator:configuredPromiseDidBeginFulfillment: (or any deprecated equivalent)
2026-06-27 00:41:47.124 Df installcoordinationd[64557:94187f] [com.apple.installcoordination:daemon] -[IXSCoordinatedAppInstall promiseDidComplete:]: <IXSCoordinatedAppInstall<0x101e0c000> [P=CoreSimulatorBridge (pid 64415)] identifier:[com.DefaultCompany.NeonDrift/Invalid/[system-defined]] uuid:68327008-46B0-4074-BD50-C16115CABF17 intent:IXCoordinatorIntentUpdating creator/appDRI:InstallCoordination Simple SPI importance:UserWaiting state:IXAppCoordinationStatePlaceholderPromiseNotSet promise-state:0A2I4> : Promise completed: <IXSPromisedTransferToPath(0x101cf9580) Name:App Asset: com.DefaultCompany.NeonDrift Creator:InstallCoordination Simple SPI UUID:FB265E39-CB4C-46C9-9EA1-348091CB51BE Location:[system-defined]>
2026-06-27 00:41:47.124 Df installcoordinationd[64557:941925] [com.apple.appinstallation:TransactionLog] com.DefaultCompany.NeonDrift/Unknown Persona:4:10:2:1:App Asset Promise completed. Coordinator State: IXAppCoordinationStatePlaceholderPromiseNotSet
2026-06-27 00:41:47.124 Df CoreSimulatorBridge[64415:94171f] [com.apple.installcoordination:framework] -[IXAppInstallCoordinator _clientDelegate_didUpdateProgress:forPhase:overallProgress:]: <IXUpdatingAppInstallCoordinator<0x105890bc0> identity:[com.DefaultCompany.NeonDrift/Invalid/[system-defined]] uuid:68327008-46B0-4074-BD50-C16115CABF17 creator:InstallCoordination Simple SPI>: Got did update progress delegate with percentComplete 100.000000 phase IXCoordinatorProgressPhaseLoading overallProgress 60.000000
2026-06-27 00:41:47.124 Df installcoordinationd[64557:941926] [com.apple.installcoordination:daemon] -[IXSCoordinatedAppInstall setPlaceholderPromise:]: <IXSCoordinatedAppInstall<0x101e0c000> [P=CoreSimulatorBridge (pid 64415)] identifier:[com.DefaultCompany.NeonDrift/Invalid/[system-defined]] uuid:68327008-46B0-4074-BD50-C16115CABF17 intent:IXCoordinatorIntentUpdating creator/appDRI:InstallCoordination Simple SPI importance:UserWaiting state:IXAppCoordinationStateReadyForPlaceholderInstall promise-state:PA2I4> : Placeholder Promise set: <IXSPlaceholder(0x101d243c0) Name:App Placeholder: NeonDrift (com.DefaultCompany.NeonDrift) Creator:InstallCoordination Simple SPI UUID:65BA5FF4-EED9-4138-BA46-83F0BD567B3B Location:[system-defined]>
2026-06-27 00:41:47.124 Df CoreSimulatorBridge[64415:94128f] [com.apple.installcoordination:framework] -[IXAppInstallCoordinator _clientDelegate_didUpdateProgress:forPhase:overallProgress:]_block_invoke: <IXUpdatingAppInstallCoordinator<0x105890bc0> identity:[com.DefaultCompany.NeonDrift/Invalid/[system-defined]] uuid:68327008-46B0-4074-BD50-C16115CABF17 creator:InstallCoordination Simple SPI>: Calling selector coordinator:didUpdateProgress:forPhase:overallProgress: on observer <_IXSimpleInstallerDelegate 0x0x105858c30>
2026-06-27 00:41:47.124 Df installcoordinationd[64557:94187f] [com.apple.installcoordination:daemon] -[IXSCoordinatedAppInstall promiseDidComplete:]: <IXSCoordinatedAppInstall<0x101e0c000> [P=CoreSimulatorBridge (pid 64415)] identifier:[com.DefaultCompany.NeonDrift/Invalid/[system-defined]] uuid:68327008-46B0-4074-BD50-C16115CABF17 intent:IXCoordinatorIntentUpdating creator/appDRI:InstallCoordination Simple SPI importance:UserWaiting state:IXAppCoordinationStateReadyForPlaceholderInstall promise-state:PA2I4> : Promise completed: <IXSPlaceholder(0x101d243c0) Name:App Placeholder: NeonDrift (com.DefaultCompany.NeonDrift) Creator:InstallCoordination Simple SPI UUID:65BA5FF4-EED9-4138-BA46-83F0BD567B3B Location:[system-defined]>
2026-06-27 00:41:47.125 Df installcoordinationd[64557:941926] [com.apple.installcoordination:daemon] -[IXSCoordinatedAppInstall _onQueue_acquireAssertionAndInstallPlaceholder]: Acquiring termination assertion to install placeholder for [com.DefaultCompany.NeonDrift/Invalid/[system-defined]]
2026-06-27 00:41:47.125 Df installcoordinationd[64557:941926] [com.apple.installcoordination:daemon] -[IXSPendingOperationsTracker beginPendingOperationForIdentity:]_block_invoke: Beginning pending operation for [com.DefaultCompany.NeonDrift/Invalid/[system-defined]]
2026-06-27 00:41:47.128 Df runningboardd[64388:941632] [com.apple.runningboard:connection] Received termination request from [osservice<com.apple.installcoordinationd>:64557] on <RBSProcessPredicate <RBSProcessBundleIdentifierPredicate "com.DefaultCompany.NeonDrift">> with context <RBSTerminateContext| explanation:installcoordinationd app:[com.DefaultCompany.NeonDrift/Invalid/[system-defined]] uuid:68327008-46B0-4074-BD50-C16115CABF17 isPlaceholder:Y reportType:None maxTerminationResistance:Absolute attrs:[
	<RBSPreventLaunchLimitation| <RBSProcessPredicate <RBSProcessBundleIdentifierPredicate "com.DefaultCompany.NeonDrift">> allow:(null)>
	]>
2026-06-27 00:41:47.128 Df runningboardd[64388:941632] [com.apple.runningboard:general] Found 0 extensions contained in com.DefaultCompany.NeonDrift
2026-06-27 00:41:47.129 Df runningboardd[64388:941632] [com.apple.PlugInKit:holds] <PKManager:0x1078a56e0> hold request for [/Users/dragonkao/Library/Developer/CoreSimulator/Devices/CC47DE7A-8196-4465-A5A5-BB852C9C6C82/data/Containers/Bundle/Application/0716A15D-6D98-45DB-B574-97639DF73FE7/NeonDrift.app] with flags: 0x4
2026-06-27 00:41:47.130 Df runningboardd[64388:9411fc] [com.apple.PlugInKit:holds] <PKManager:0x1078a56e0> hold request for [/Users/dragonkao/Library/Developer/CoreSimulator/Devices/CC47DE7A-8196-4465-A5A5-BB852C9C6C82/data/Containers/Bundle/Application/0716A15D-6D98-45DB-B574-97639DF73FE7/NeonDrift.app] with flags: 0x4 completed with hold token: [202EA54A-22CE-4C63-AFEF-E7FD23F4F62E]
2026-06-27 00:41:47.130 Df runningboardd[64388:9411fc] [com.apple.runningboard:ttl] Acquiring assertion targeting system from originator [osservice<com.apple.installcoordinationd>:64557] with description <RBSAssertionDescriptor| "installcoordinationd app:[com.DefaultCompany.NeonDrift/Invalid/[system-defined]] uuid:68327008-46B0-4074-BD50-C16115CABF17 isPlaceholder:Y" ID:64388-64557-177 target:system attributes:[
	<RBSPreventLaunchLimitation| <RBSProcessPredicate <RBSProcessBundleIdentifierPredicate "com.DefaultCompany.NeonDrift">> allow:(null)>
	]>
2026-06-27 00:41:47.130 Df runningboardd[64388:9411fc] [com.apple.runningboard:process] Executing termination request for: <RBSProcessPredicate <RBSProcessBundleIdentifierPredicate "com.DefaultCompany.NeonDrift">>
2026-06-27 00:41:47.130 Df SpringBoard[64519:941611] [com.apple.SpringBoard:Common] termination assertion acquired for com.DefaultCompany.NeonDrift
2026-06-27 00:41:47.131 Df SpringBoard[64519:941611] [com.apple.SpringBoard:Icon] 0x108da1b00-SBApplicationIcon Data source did change: <SBApplication: 0x108fa5200; com.DefaultCompany.NeonDrift> {
} (SBApplication)
2026-06-27 00:41:47.131 Df installcoordinationd[64557:94187f] [com.apple.appinstallation:TransactionLog] com.DefaultCompany.NeonDrift/Unknown Persona:4:9:1:1:Placeholder Promise began. Coordinator State: IXAppCoordinationStateWaitingForPlaceholderAssertion
2026-06-27 00:41:47.131 Df installcoordinationd[64557:94187f] [com.apple.installcoordination:daemon] -[IXSCoordinatorProgress setTotalUnitsCompleted:]: Progress for coordinator: [com.DefaultCompany.NeonDrift/Invalid/[system-defined]], Phase: IXCoordinatorProgressPhaseLoading, Percentage: 100.000000: Attempt to set units completed on finished progress: 100
2026-06-27 00:41:47.131 Df installcoordinationd[64557:941914] [com.apple.installcoordination:daemon] -[IXSCoordinatedAppInstall assertionAcquiredCallback]: RBS termination assertion observer called for <IXSCoordinatedAppInstall<0x101e0c000> [P=CoreSimulatorBridge (pid 64415)] identifier:[com.DefaultCompany.NeonDrift/Invalid/[system-defined]] uuid:68327008-46B0-4074-BD50-C16115CABF17 intent:IXCoordinatorIntentUpdating creator/appDRI:InstallCoordination Simple SPI importance:UserWaiting state:IXAppCoordinationStateWaitingForPlaceholderAssertion promise-state:PA2I4>
2026-06-27 00:41:47.131 Df installcoordinationd[64557:94187f] [com.apple.appinstallation:TransactionLog] com.DefaultCompany.NeonDrift/Unknown Persona:4:9:2:1:Placeholder Promise completed. Coordinator State: IXAppCoordinationStateWaitingForPlaceholderAssertion
2026-06-27 00:41:47.131 Df CoreSimulatorBridge[64415:941190] [com.apple.installcoordination:framework] -[IXAppInstallCoordinator _clientDelegate_promiseDidBeginFulfillmentWithIdentifier:]: <IXUpdatingAppInstallCoordinator<0x105890bc0> identity:[com.DefaultCompany.NeonDrift/Invalid/[system-defined]] uuid:68327008-46B0-4074-BD50-C16115CABF17 creator:InstallCoordination Simple SPI>: Got promise did begin fulfillment for identifier 1
2026-06-27 00:41:47.131 Df CoreSimulatorBridge[64415:941190] [com.apple.installcoordination:framework] -[IXAppInstallCoordinator _clientDelegate_promiseDidBeginFulfillmentWithIdentifier:]_block_invoke: <IXUpdatingAppInstallCoordinator<0x105890bc0> identity:[com.DefaultCompany.NeonDrift/Invalid/[system-defined]] uuid:68327008-46B0-4074-BD50-C16115CABF17 creator:InstallCoordination Simple SPI>: Observer <_IXSimpleInstallerDelegate 0x0x105858c30> does not respond to coordinator:configuredPromiseDidBeginFulfillment: (or any deprecated equivalent)
2026-06-27 00:41:47.132 Df installcoordinationd[64557:94187f] [com.apple.installcoordination:daemon] -[IXSCoordinatedAppInstall _onQueue_installPlaceholder]: Acquired termination assertion for placeholder [com.DefaultCompany.NeonDrift/Invalid/[system-defined]]; proceeding with install.
2026-06-27 00:41:47.132 Df installcoordinationd[64557:94187f] [com.apple.installcoordination:daemon] -[IXSPowerAssertion initWithAssertionName:details:]: Acquired power assertion IXPowerAssertion-12-[com.DefaultCompany.NeonDrift/Invalid/[system-defined]]
2026-06-27 00:41:47.133 Df installd[64567:94190a] (MobileSystemServices) 0x16d7cf000 -[MIClientConnection _doInstallationForURL:identity:domain:options:operationType:completion:]: Install of "/Users/dragonkao/Library/Developer/CoreSimulator/Devices/CC47DE7A-8196-4465-A5A5-BB852C9C6C82/data/Containers/Shared/SystemGroup/systemgroup.com.apple.installcoordinationd/Library/InstallCoordination/PromiseStaging/65BA5FF4-EED9-4138-BA46-83F0BD567B3B/NeonDrift.app" type Placeholder (LSInstallType = 1, Domain: MIInstallationDomainDefault) requested by installcoordinationd (pid 64557 (501/20))
2026-06-27 00:41:47.137 Df installd[64567:94190a] [com.apple.containermanager:xpc] Query; euid = 501, uid = 501, class = 1, identifier = [com.DefaultCompany.NeonDrift](1), flags = 300000002
2026-06-27 00:41:47.137 Df containermanagerd_system[64432:9411f3] [com.apple.containermanager:cache] Disk sync reporting on new entry: (com.DefaultCompany.NeonDrift.run.1782484537.59589|18446744073709551615|<MCMContainerPath: 0x1060f6350; [<MCMContainerClassPath: 0x10604d1a0; persona [(null)]; [/Users/dragonkao/Library/Developer/CoreSimulator/Devices/CC47DE7A-8196-4465-A5A5-BB852C9C6C82/data/Containers]/[Bundle]/[Application] created>]/[1DCDE5CE-4A96-4924-9746-D506874359C8]/[(null)]>|0|CA78BCEA-E9DA-4657-BDDA-0D3066818EDB|(null))
2026-06-27 00:41:47.137 Df containermanagerd_system[64432:9411f3] [com.apple.containermanager:cache] Disk sync reporting on new entry: (com.DefaultCompany.NeonDrift.run.1782486232.95300|18446744073709551615|<MCMContainerPath: 0x1060f63a0; [<MCMContainerClassPath: 0x10604d1a0; persona [(null)]; [/Users/dragonkao/Library/Developer/CoreSimulator/Devices/CC47DE7A-8196-4465-A5A5-BB852C9C6C82/data/Containers]/[Bundle]/[Application] created>]/[8DC090CD-F12C-4CB7-8B8B-876CECF543CD]/[(null)]>|0|F8E0A204-8720-4FE0-9E2D-0C9ADBE66604|(null))
2026-06-27 00:41:47.137 Df containermanagerd_system[64432:9411f3] [com.apple.containermanager:cache] Disk sync reporting on new entry: (com.DefaultCompany.NeonDrift|18446744073709551615|<MCMContainerPath: 0x1060f63f0; [<MCMContainerClassPath: 0x10604d1a0; persona [(null)]; [/Users/dragonkao/Library/Developer/CoreSimulator/Devices/CC47DE7A-8196-4465-A5A5-BB852C9C6C82/data/Containers]/[Bundle]/[Application] created>]/[0716A15D-6D98-45DB-B574-97639DF73FE7]/[(null)]>|0|6B4DF46E-66AF-48A2-B2B4-52891DE917D7|(null))
2026-06-27 00:41:47.137 Df containermanagerd_system[64432:9411f3] [com.apple.containermanager:cache] Disk sync reporting on new entry: (com.DefaultCompany.NeonDrift.run.1782484282.54413|18446744073709551615|<MCMContainerPath: 0x1060f6440; [<MCMContainerClassPath: 0x10604d1a0; persona [(null)]; [/Users/dragonkao/Library/Developer/CoreSimulator/Devices/CC47DE7A-8196-4465-A5A5-BB852C9C6C82/data/Containers]/[Bundle]/[Application] created>]/[5C99B373-2E0D-4720-A65A-9669594A0776]/[(null)]>|0|7DB7DDF9-C350-45C5-8184-251E537D58FC|(null))
2026-06-27 00:41:47.137 Df containermanagerd_system[64432:9411f3] [com.apple.containermanager:cache] Disk sync reporting on new entry: (com.DefaultCompany.NeonDrift.run.1782484808.68182|18446744073709551615|<MCMContainerPath: 0x1060f6490; [<MCMContainerClassPath: 0x10604d1a0; persona [(null)]; [/Users/dragonkao/Library/Developer/CoreSimulator/Devices/CC47DE7A-8196-4465-A5A5-BB852C9C6C82/data/Containers]/[Bundle]/[Application] created>]/[35E2636E-F3E8-4D12-9D64-9F69C01749CE]/[(null)]>|0|E3C7D274-6DD2-4307-AC53-3596FB383B51|(null))
2026-06-27 00:41:47.138 Df containermanagerd_system[64432:9411f3] [com.apple.containermanager:cache] Disk sync reporting on new entry: (com.DefaultCompany.NeonDrift.run.1782485248.76636|18446744073709551615|<MCMContainerPath: 0x1060f64e0; [<MCMContainerClassPath: 0x10604d1a0; persona [(null)]; [/Users/dragonkao/Library/Developer/CoreSimulator/Devices/CC47DE7A-8196-4465-A5A5-BB852C9C6C82/data/Containers]/[Bundle]/[Application] created>]/[B4ABC976-10C1-4871-BD01-63E901777FC4]/[(null)]>|0|678C7A37-7585-4056-8742-94D0F2EB0FE5|(null))
2026-06-27 00:41:47.138 Df containermanagerd_system[64432:9411f3] [com.apple.containermanager:cache] Disk sync reporting on new entry: (com.DefaultCompany.NeonDrift.run.1782485533.82553|18446744073709551615|<MCMContainerPath: 0x1060f6530; [<MCMContainerClassPath: 0x10604d1a0; persona [(null)]; [/Users/dragonkao/Library/Developer/CoreSimulator/Devices/CC47DE7A-8196-4465-A5A5-BB852C9C6C82/data/Containers]/[Bundle]/[Application] created>]/[60DB0A34-B3BB-4A4D-B075-CFC8084764F2]/[(null)]>|0|AB1E03B8-9E20-4EEB-8B0D-863324D79A8C|(null))
2026-06-27 00:41:47.138 Df installd[64567:94190a] [com.apple.containermanager:xpc] Query; euid = 501, uid = 501, class = 1, identifier = [com.DefaultCompany.NeonDrift](1), flags = 300000002
2026-06-27 00:41:47.143 Df runningboardd[64388:941209] [com.apple.runningboard:process] Checking PreventLaunch: global:0 exPath:(null) predicates:{(
    <RBSProcessPredicate <RBSProcessBundleIdentifierPredicate "com.DefaultCompany.NeonDrift">>
)} allow:(null)
2026-06-27 00:41:47.155 Df runningboardd[64388:94120d] [com.apple.runningboard:process] Checking PreventLaunch: global:0 exPath:(null) predicates:{(
    <RBSProcessPredicate <RBSProcessBundleIdentifierPredicate "com.DefaultCompany.NeonDrift">>
)} allow:(null)
2026-06-27 00:41:47.233 Df installd[64567:94190a] [com.apple.containermanager:xpc] Query; euid = 501, uid = 501, class = 1, identifier = [com.DefaultCompany.NeonDrift](1), flags = 300000002
2026-06-27 00:41:47.234 Df installd[64567:94190a] [com.apple.containermanager:xpc] Query; euid = 501, uid = 501, class = 1, identifier = [com.DefaultCompany.NeonDrift](1), flags = 300000002
2026-06-27 00:41:47.236 Df installd[64567:94190a] (MobileSystemServices) 0x16d7cf000 -[MIInstaller _installInstallable:containingSymlink:error:]: Installing <MIInstallableParallelPlaceholder ID=com.DefaultCompany.NeonDrift; Persona=com.apple.containermanager.primary-persona, Version=0, ShortVersion=1.0>
2026-06-27 00:41:47.236 Df installd[64567:94190a] [com.apple.appinstallation:TransactionLog] com.DefaultCompany.NeonDrift/com.apple.containermanager.primary-persona:7:2:1:1:Start : Install (Parallel Placeholder)
2026-06-27 00:41:47.266 Df runningboardd[64388:941209] [com.apple.runningboard:process] Checking PreventLaunch: global:0 exPath:(null) predicates:{(
    <RBSProcessPredicate <RBSProcessBundleIdentifierPredicate "com.DefaultCompany.NeonDrift">>
)} allow:(null)
2026-06-27 00:41:47.390 Df runningboardd[64388:94120d] [com.apple.runningboard:process] Checking PreventLaunch: global:0 exPath:(null) predicates:{(
    <RBSProcessPredicate <RBSProcessBundleIdentifierPredicate "com.DefaultCompany.NeonDrift">>
)} allow:(null)
2026-06-27 00:41:47.509 Df runningboardd[64388:941207] [com.apple.runningboard:process] Checking PreventLaunch: global:0 exPath:(null) predicates:{(
    <RBSProcessPredicate <RBSProcessBundleIdentifierPredicate "com.DefaultCompany.NeonDrift">>
)} allow:(null)
2026-06-27 00:41:47.624 Df runningboardd[64388:94120a] [com.apple.runningboard:process] Checking PreventLaunch: global:0 exPath:(null) predicates:{(
    <RBSProcessPredicate <RBSProcessBundleIdentifierPredicate "com.DefaultCompany.NeonDrift">>
)} allow:(null)
2026-06-27 00:41:47.739 Df runningboardd[64388:94120a] [com.apple.runningboard:process] Checking PreventLaunch: global:0 exPath:(null) predicates:{(
    <RBSProcessPredicate <RBSProcessBundleIdentifierPredicate "com.DefaultCompany.NeonDrift">>
)} allow:(null)
2026-06-27 00:41:47.861 Df runningboardd[64388:941632] [com.apple.runningboard:process] Checking PreventLaunch: global:0 exPath:(null) predicates:{(
    <RBSProcessPredicate <RBSProcessBundleIdentifierPredicate "com.DefaultCompany.NeonDrift">>
)} allow:(null)
2026-06-27 00:41:47.974 Df runningboardd[64388:941207] [com.apple.runningboard:process] Checking PreventLaunch: global:0 exPath:(null) predicates:{(
    <RBSProcessPredicate <RBSProcessBundleIdentifierPredicate "com.DefaultCompany.NeonDrift">>
)} allow:(null)
2026-06-27 00:41:47.983 Df SpringBoard[64519:94169a] [com.apple.PosterLegibilityKit:Caching] -[PLKCachedImageGenerator(SpringBoardHome Legibility Label Content Generator0x122a21140) removeImagesForCacheKeys:NeonDrift.run.1782486232.95300@@zh_TW_1368232380023648501_12014554394295850968__sz119.0x46.0B23CV11@@]
2026-06-27 00:41:47.983 Df SpringBoard[64519:94169a] [com.apple.PosterLegibilityKit:Caching] -[PLKCachedImageGenerator(SpringBoardHome Legibility Label Content Generator0x122a21140) removeImagesForCacheKeys:NeonDrift.run.1782485533.82553@@zh_TW_1368232380023648501_12014554394295850968__sz119.0x46.0B23CV11@@]
2026-06-27 00:41:47.983 Df SpringBoard[64519:94169a] [com.apple.PosterLegibilityKit:Caching] -[PLKCachedImageGenerator(SpringBoardHome Label Content Generator0x122a20a80) removeImagesForCacheKeys:NeonDrift@@zh_TW_5219175189189392450_0__sz72.3x19.7B23CV11@@]
2026-06-27 00:41:47.983 Df SpringBoard[64519:94169a] [com.apple.PosterLegibilityKit:Caching] -[PLKCachedImageGenerator(SpringBoardHome Label Content Generator0x122a20a80) removeImagesForCacheKeys:NeonDrift.run.1782484537.59589@@zh_TW_1368232380023648501_0__sz101.0x26.0B23CV11@@]
2026-06-27 00:41:47.983 Df SpringBoard[64519:94169a] [com.apple.PosterLegibilityKit:Caching] -[PLKCachedImageGenerator(SpringBoardHome Label Content Generator0x122a20a80) removeImagesForCacheKeys:NeonDrift.run.1782484282.54413@@zh_TW_1368232380023648501_0__sz101.0x26.0B23CV11@@]
2026-06-27 00:41:47.983 Df SpringBoard[64519:94169a] [com.apple.PosterLegibilityKit:Caching] -[PLKCachedImageGenerator(SpringBoardHome Label Content Generator0x122a20a80) removeImagesForCacheKeys:NeonDrift.run.1782485248.76636@@zh_TW_1368232380023648501_0__sz101.0x26.0B23CV11@@]
2026-06-27 00:41:47.983 Df SpringBoard[64519:94169a] [com.apple.PosterLegibilityKit:Caching] -[PLKCachedImageGenerator(SpringBoardHome Label Content Generator0x122a20a80) removeImagesForCacheKeys:NeonDrift.run.1782486232.95300@@zh_TW_1368232380023648501_0__sz101.0x26.0B23CV11@@]
2026-06-27 00:41:48.156 Df SpringBoard[64519:9416d1] [com.apple.PosterLegibilityKit:Caching] -[PLKCachedImageGenerator(SpringBoardHome Legibility Label Content Generator0x122a21140) removeImagesForCacheKeys:NeonDrift.run.1782484808.68182@@zh_TW_1368232380023648501_12014554394295850968__sz119.0x46.0B23CV11@@]
2026-06-27 00:41:48.156 Df SpringBoard[64519:9416d1] [com.apple.PosterLegibilityKit:Caching] -[PLKCachedImageGenerator(SpringBoardHome Legibility Label Content Generator0x122a21140) removeImagesForCacheKeys:NeonDrift.run.1782485248.76636@@zh_TW_1368232380023648501_12014554394295850968__sz119.0x46.0B23CV11@@]
2026-06-27 00:41:48.156 Df SpringBoard[64519:9416d1] [com.apple.PosterLegibilityKit:Caching] -[PLKCachedImageGenerator(SpringBoardHome Label Content Generator0x122a20a80) removeImagesForCacheKeys:NeonDrift.run.1782485533.82553@@zh_TW_1368232380023648501_0__sz101.0x26.0B23CV11@@]
