Timestamp               Ty Process[PID:TID]
2026-06-25 00:28:10.621 Df CoreSimulatorBridge[4156:196582] Request received for installation of file:///Users/dragonkao/.openclaw/workspace/382b9e3384298039b171c9b2a60ae644/NeonDrift_MVP/project/xcode_derived_data/Build/Products/Release-iphonesimulator/NeonDrift.app/ with options: {
    PackageType = Developer;
    SimulatorRootPath = "/Library/Developer/CoreSimulator/Volumes/iOS_23F77/Library/Developer/CoreSimulator/Profiles/Runtimes/iOS 26.5.simruntime/Contents/Resources/RuntimeRoot";
    SimulatorUserPath = "/Users/dragonkao/Library/Developer/CoreSimulator/Devices/115FDF0C-5A2F-4686-909B-7F43F1450A28/data";
}
2026-06-25 00:28:10.622 Df CoreSimulatorBridge[4156:196582] [com.apple.installcoordination:framework] +[IXAppInstallCoordinator(IXSimpleInstaller) _beginInstallForURL:forPersonaUniqueString:consumeSource:options:progressBlock:completionWithIdentity:]: Beginning install for /Users/dragonkao/.openclaw/workspace/382b9e3384298039b171c9b2a60ae644/NeonDrift_MVP/project/xcode_derived_data/Build/Products/Release-iphonesimulator/NeonDrift.app consuming source:N options:{
    IsUserInitiated = 1;
    PackageType = Developer;
} installationRequestorAuditToken: NULL
2026-06-25 00:28:10.624 Df installcoordinationd[4199:19529a] [com.apple.installcoordination:daemon] -[IXSDataPromiseManager registerPromise:]: Registered promise <IXSPlaceholder(0x1041103c0) Name:App Placeholder: NeonDrift (com.DefaultCompany.NeonDrift) Creator:InstallCoordination Simple SPI UUID:82646BC9-EFE1-4D6C-941B-B7A6A0305BF0 Location:[system-defined]> for UUID 82646BC9-EFE1-4D6C-941B-B7A6A0305BF0
2026-06-25 00:28:10.625 Df installcoordinationd[4199:19529a] [com.apple.installcoordination:daemon] -[IXSPlaceholder setAttributes:]: <IXSPlaceholder(0x1041103c0) Name:App Placeholder: NeonDrift (com.DefaultCompany.NeonDrift) Creator:InstallCoordination Simple SPI UUID:82646BC9-EFE1-4D6C-941B-B7A6A0305BF0 Location:[system-defined]>: setting placeholder attributes to <IXPlaceholderAttributes<0x1040a0960> : {
    CFBundleShortVersionString = "1.0";
    CFBundleSupportedPlatforms =     (
        iPhoneSimulator
    );
    CFBundleVersion = 0;
    DTPlatformName = iphonesimulator;
    LSRequiresIPhoneOS = 1;
    MinimumOSVersion = "13.0";
    UIDeviceFamily =     (
        1,
        2
    );
    UIRequiredDeviceCapabilities =     {
        arm64 = 1;
        metal = 1;
    };
}>
2026-06-25 00:28:10.625 Df CoreSimulatorBridge[4156:192ca8] [com.apple.installcoordination:framework] +[IXPlaceholder _setEntitlementsFromBundleExecutableURL:withBundleID:client:onPlaceholder:location:error:]: Executable for com.DefaultCompany.NeonDrift at NeonDrift -- file:///Users/dragonkao/.openclaw/workspace/382b9e3384298039b171c9b2a60ae644/NeonDrift_MVP/project/xcode_derived_data/Build/Products/Release-iphonesimulator/NeonDrift.app/ had no entitlements
2026-06-25 00:28:10.625 Df CoreSimulatorBridge[4156:192ca8] [com.apple.installcoordination:framework] +[IXPlaceholder _placeholderForBundle:client:withParent:installType:metadata:placeholderType:mayBeDeltaPackage:isFromSerializedPlaceholder:location:error:]: Using full fidelity icons for com.DefaultCompany.NeonDrift at /Users/dragonkao/.openclaw/workspace/382b9e3384298039b171c9b2a60ae644/NeonDrift_MVP/project/xcode_derived_data/Build/Products/Release-iphonesimulator/NeonDrift.app
2026-06-25 00:28:10.626 Df installcoordinationd[4199:19529a] [com.apple.installcoordination:daemon] -[IXSDataPromiseManager registerPromise:]: Registered promise <IXSPromisedTransferToPath(0x1040dd280) Name:Icon resources for com.DefaultCompany.NeonDrift Creator:InstallCoordination Simple SPI UUID:32D7A5C4-B46A-41F0-83E7-6A0C0EAADC5F Location:[system-defined]> for UUID 32D7A5C4-B46A-41F0-83E7-6A0C0EAADC5F
2026-06-25 00:28:10.628 Df CoreSimulatorBridge[4156:192ca8] [com.apple.installcoordination:framework] -[IXPromisedTransferToPath setComplete:]: <IXPromisedTransferToPath<0x101473040> name:"Icon resources for com.DefaultCompany.NeonDrift" uuid:32D7A5C4-B46A-41F0-83E7-6A0C0EAADC5F creator:"InstallCoordination Simple SPI" location:[system-defined]> Move operation from /Users/dragonkao/Library/Developer/CoreSimulator/Devices/115FDF0C-5A2F-4686-909B-7F43F1450A28/data/Containers/Shared/SystemGroup/systemgroup.com.apple.installcoordinationd/Library/InstallCoordination/PromiseStaging/32D7A5C4-B46A-41F0-83E7-6A0C0EAADC5F/temp.ppcuAV to /Users/dragonkao/Library/Developer/CoreSimulator/Devices/115FDF0C-5A2F-4686-909B-7F43F1450A28/data/Containers/Shared/SystemGroup/systemgroup.com.apple.installcoordinationd/Library/InstallCoordination/PromiseStaging/32D7A5C4-B46A-41F0-83E7-6A0C0EAADC5F/temp.ppcuAV took 0.000045 seconds
2026-06-25 00:28:10.629 Df installcoordinationd[4199:19529a] [com.apple.installcoordination:daemon] -[IXSDataPromise _setPercentComplete:saveStateIfNeeded:]: Progress: <IXSPromisedTransferToPath(0x1040dd280) Name:Icon resources for com.DefaultCompany.NeonDrift Creator:InstallCoordination Simple SPI UUID:32D7A5C4-B46A-41F0-83E7-6A0C0EAADC5F Location:[system-defined]>
2026-06-25 00:28:10.629 Df installcoordinationd[4199:199a20] [com.apple.installcoordination:daemon] -[IXSDataPromiseManager promiseDidBegin:]: Unowned promise began: <IXSPromisedTransferToPath(0x1040dd280) Name:Icon resources for com.DefaultCompany.NeonDrift Creator:InstallCoordination Simple SPI UUID:32D7A5C4-B46A-41F0-83E7-6A0C0EAADC5F Location:[system-defined]>
2026-06-25 00:28:10.629 Df installcoordinationd[4199:199a20] [com.apple.installcoordination:daemon] -[IXSDataPromiseManager promise:didUpdateProgress:]: Unowned promise update progress to 1.000000 : <IXSPromisedTransferToPath(0x1040dd280) Name:Icon resources for com.DefaultCompany.NeonDrift Creator:InstallCoordination Simple SPI UUID:32D7A5C4-B46A-41F0-83E7-6A0C0EAADC5F Location:[system-defined]>
2026-06-25 00:28:10.630 Df installcoordinationd[4199:19529a] [com.apple.installcoordination:daemon] -[IXSDataPromiseManager promiseDidComplete:]: Unowned promise completed: <IXSPromisedTransferToPath(0x1040dd280) Name:Icon resources for com.DefaultCompany.NeonDrift Creator:InstallCoordination Simple SPI UUID:32D7A5C4-B46A-41F0-83E7-6A0C0EAADC5F Location:[system-defined]>
2026-06-25 00:28:10.630 Df installcoordinationd[4199:19529a] [com.apple.installcoordination:daemon] -[IXSDataPromise _setPercentComplete:saveStateIfNeeded:]: Progress: <IXSPromisedInMemoryDictionary(0x1040de480) Name:Info.plist icon content for com.DefaultCompany.NeonDrift Creator:InstallCoordination Simple SPI UUID:BE385452-B823-4B49-A641-A15F85F35AA1 Location:[system-defined]>
2026-06-25 00:28:10.631 Df installcoordinationd[4199:19529a] [com.apple.installcoordination:daemon] -[IXSDataPromiseManager registerPromise:]: Registered promise <IXSPromisedInMemoryDictionary(0x1040de480) Name:Info.plist icon content for com.DefaultCompany.NeonDrift Creator:InstallCoordination Simple SPI UUID:BE385452-B823-4B49-A641-A15F85F35AA1 Location:[system-defined]> for UUID BE385452-B823-4B49-A641-A15F85F35AA1
2026-06-25 00:28:10.631 Df installcoordinationd[4199:199a20] [com.apple.installcoordination:daemon] -[IXSDataPromiseManager promiseDidBegin:]: Unowned promise began: <IXSPromisedInMemoryDictionary(0x1040de480) Name:Info.plist icon content for com.DefaultCompany.NeonDrift Creator:InstallCoordination Simple SPI UUID:BE385452-B823-4B49-A641-A15F85F35AA1 Location:[system-defined]>
2026-06-25 00:28:10.631 Df installcoordinationd[4199:199a20] [com.apple.installcoordination:daemon] -[IXSDataPromiseManager promise:didUpdateProgress:]: Unowned promise update progress to 1.000000 : <IXSPromisedInMemoryDictionary(0x1040de480) Name:Info.plist icon content for com.DefaultCompany.NeonDrift Creator:InstallCoordination Simple SPI UUID:BE385452-B823-4B49-A641-A15F85F35AA1 Location:[system-defined]>
2026-06-25 00:28:10.631 Df installcoordinationd[4199:199a20] [com.apple.installcoordination:daemon] -[IXSDataPromiseManager promiseDidComplete:]: Unowned promise completed: <IXSPromisedInMemoryDictionary(0x1040de480) Name:Info.plist icon content for com.DefaultCompany.NeonDrift Creator:InstallCoordination Simple SPI UUID:BE385452-B823-4B49-A641-A15F85F35AA1 Location:[system-defined]>
2026-06-25 00:28:10.631 Df installcoordinationd[4199:19529a] [com.apple.installcoordination:daemon] -[IXSPlaceholder setIconResourcesPromise:]: <IXSPlaceholder(0x1041103c0) Name:App Placeholder: NeonDrift (com.DefaultCompany.NeonDrift) Creator:InstallCoordination Simple SPI UUID:82646BC9-EFE1-4D6C-941B-B7A6A0305BF0 Location:[system-defined]>: setting icon resources promise to <IXSPromisedTransferToPath(0x1040dd280) Name:Icon resources for com.DefaultCompany.NeonDrift Creator:InstallCoordination Simple SPI UUID:32D7A5C4-B46A-41F0-83E7-6A0C0EAADC5F Location:[system-defined]>
2026-06-25 00:28:10.632 Df installcoordinationd[4199:19529a] [com.apple.installcoordination:daemon] -[IXSPlaceholder setInfoPlistIconContentPromise:]: <IXSPlaceholder(0x1041103c0) Name:App Placeholder: NeonDrift (com.DefaultCompany.NeonDrift) Creator:InstallCoordination Simple SPI UUID:82646BC9-EFE1-4D6C-941B-B7A6A0305BF0 Location:[system-defined]>: setting Info.plist icon content promise to <IXSPromisedInMemoryDictionary(0x1040de480) Name:Info.plist icon content for com.DefaultCompany.NeonDrift Creator:InstallCoordination Simple SPI UUID:BE385452-B823-4B49-A641-A15F85F35AA1 Location:[system-defined]>
2026-06-25 00:28:10.633 Df installcoordinationd[4199:199a23] [com.apple.installcoordination:daemon] -[IXSDataPromiseManager promiseDidBegin:]: Unowned promise began: <IXSPlaceholder(0x1041103c0) Name:App Placeholder: NeonDrift (com.DefaultCompany.NeonDrift) Creator:InstallCoordination Simple SPI UUID:82646BC9-EFE1-4D6C-941B-B7A6A0305BF0 Location:[system-defined]>
2026-06-25 00:28:10.633 Df installcoordinationd[4199:199a23] [com.apple.installcoordination:daemon] -[IXSDataPromiseManager promise:didUpdateProgress:]: Unowned promise update progress to 0.000000 : <IXSPlaceholder(0x1041103c0) Name:App Placeholder: NeonDrift (com.DefaultCompany.NeonDrift) Creator:InstallCoordination Simple SPI UUID:82646BC9-EFE1-4D6C-941B-B7A6A0305BF0 Location:[system-defined]>
2026-06-25 00:28:10.633 Df installcoordinationd[4199:199a23] [com.apple.installcoordination:daemon] -[IXSDataPromiseManager promise:didUpdateProgress:]: Unowned promise update progress to 0.000000 : <IXSPlaceholder(0x1041103c0) Name:App Placeholder: NeonDrift (com.DefaultCompany.NeonDrift) Creator:InstallCoordination Simple SPI UUID:82646BC9-EFE1-4D6C-941B-B7A6A0305BF0 Location:[system-defined]>
2026-06-25 00:28:10.633 Df installcoordinationd[4199:199a23] [com.apple.installcoordination:daemon] -[IXSDataPromise _setPercentComplete:saveStateIfNeeded:]: Progress: <IXSPromisedInMemoryDictionary(0x1040dd980) Name:Localizations for com.DefaultCompany.NeonDrift Creator:InstallCoordination Simple SPI UUID:4354C298-E511-4F65-9E03-F02776A5F46A Location:[system-defined]>
2026-06-25 00:28:10.634 Df installcoordinationd[4199:199a23] [com.apple.installcoordination:daemon] -[IXSDataPromiseManager registerPromise:]: Registered promise <IXSPromisedInMemoryDictionary(0x1040dd980) Name:Localizations for com.DefaultCompany.NeonDrift Creator:InstallCoordination Simple SPI UUID:4354C298-E511-4F65-9E03-F02776A5F46A Location:[system-defined]> for UUID 4354C298-E511-4F65-9E03-F02776A5F46A
2026-06-25 00:28:10.635 Df installcoordinationd[4199:199a20] [com.apple.installcoordination:daemon] -[IXSDataPromiseManager promiseDidBegin:]: Unowned promise began: <IXSPromisedInMemoryDictionary(0x1040dd980) Name:Localizations for com.DefaultCompany.NeonDrift Creator:InstallCoordination Simple SPI UUID:4354C298-E511-4F65-9E03-F02776A5F46A Location:[system-defined]>
2026-06-25 00:28:10.635 Df installcoordinationd[4199:199a20] [com.apple.installcoordination:daemon] -[IXSDataPromiseManager promise:didUpdateProgress:]: Unowned promise update progress to 1.000000 : <IXSPromisedInMemoryDictionary(0x1040dd980) Name:Localizations for com.DefaultCompany.NeonDrift Creator:InstallCoordination Simple SPI UUID:4354C298-E511-4F65-9E03-F02776A5F46A Location:[system-defined]>
2026-06-25 00:28:10.635 Df installcoordinationd[4199:199a20] [com.apple.installcoordination:daemon] -[IXSDataPromiseManager promiseDidComplete:]: Unowned promise completed: <IXSPromisedInMemoryDictionary(0x1040dd980) Name:Localizations for com.DefaultCompany.NeonDrift Creator:InstallCoordination Simple SPI UUID:4354C298-E511-4F65-9E03-F02776A5F46A Location:[system-defined]>
2026-06-25 00:28:10.635 Df installcoordinationd[4199:199a23] [com.apple.installcoordination:daemon] -[IXSPlaceholder setLocalizationDictionaryPromise:]: <IXSPlaceholder(0x1041103c0) Name:App Placeholder: NeonDrift (com.DefaultCompany.NeonDrift) Creator:InstallCoordination Simple SPI UUID:82646BC9-EFE1-4D6C-941B-B7A6A0305BF0 Location:[system-defined]>: setting localization dict promise to <IXSPromisedInMemoryDictionary(0x1040dd980) Name:Localizations for com.DefaultCompany.NeonDrift Creator:InstallCoordination Simple SPI UUID:4354C298-E511-4F65-9E03-F02776A5F46A Location:[system-defined]>
2026-06-25 00:28:10.636 Df installcoordinationd[4199:19529a] [com.apple.installcoordination:daemon] -[IXSDataPromiseManager promise:didUpdateProgress:]: Unowned promise update progress to 0.000000 : <IXSPlaceholder(0x1041103c0) Name:App Placeholder: NeonDrift (com.DefaultCompany.NeonDrift) Creator:InstallCoordination Simple SPI UUID:82646BC9-EFE1-4D6C-941B-B7A6A0305BF0 Location:[system-defined]>
2026-06-25 00:28:10.636 Df installcoordinationd[4199:19529a] [com.apple.installcoordination:daemon] -[IXSPlaceholder setConfigurationComplete:]: <IXSPlaceholder(0x1041103c0) Name:App Placeholder: NeonDrift (com.DefaultCompany.NeonDrift) Creator:InstallCoordination Simple SPI UUID:82646BC9-EFE1-4D6C-941B-B7A6A0305BF0 Location:[system-defined]>: setting configuration complete to Y
2026-06-25 00:28:10.636 Df installcoordinationd[4199:19529a] [com.apple.installcoordination:daemon] -[IXSPlaceholder _materialize]: <IXSPlaceholder(0x1041103c0) Name:App Placeholder: NeonDrift (com.DefaultCompany.NeonDrift) Creator:InstallCoordination Simple SPI UUID:82646BC9-EFE1-4D6C-941B-B7A6A0305BF0 Location:[system-defined]>: Materializing placeholder at /Users/dragonkao/Library/Developer/CoreSimulator/Devices/115FDF0C-5A2F-4686-909B-7F43F1450A28/data/Containers/Shared/SystemGroup/systemgroup.com.apple.installcoordinationd/Library/InstallCoordination/PromiseStaging/82646BC9-EFE1-4D6C-941B-B7A6A0305BF0/NeonDrift.app
2026-06-25 00:28:10.636 Df installcoordinationd[4199:19529a] [com.apple.installcoordination:daemon] -[IXSPlaceholder _materialize]: <IXSPlaceholder(0x1041103c0) Name:App Placeholder: NeonDrift (com.DefaultCompany.NeonDrift) Creator:InstallCoordination Simple SPI UUID:82646BC9-EFE1-4D6C-941B-B7A6A0305BF0 Location:[system-defined]>: Using Info.plist icon content: {
    CFBundleIcons =     {
        CFBundlePrimaryIcon =         {
            CFBundleIconName = AppIcon;
        };
    };
    "CFBundleIcons~ipad" =     {
        CFBundlePrimaryIcon =         {
            CFBundleIconName = AppIcon;
        };
    };
    ISIconPlatform = iPhoneOS;
}
2026-06-25 00:28:10.637 Df installcoordinationd[4199:19529a] [com.apple.installcoordination:daemon] -[IXSPlaceholder _materialize]_block_invoke: <IXSPlaceholder(0x1041103c0) Name:App Placeholder: NeonDrift (com.DefaultCompany.NeonDrift) Creator:InstallCoordination Simple SPI UUID:82646BC9-EFE1-4D6C-941B-B7A6A0305BF0 Location:[system-defined]>: Using icon resource Assets.car
2026-06-25 00:28:10.637 Df installcoordinationd[4199:19529a] [com.apple.installcoordination:daemon] -[IXSPlaceholder _materialize]: <IXSPlaceholder(0x1041103c0) Name:App Placeholder: NeonDrift (com.DefaultCompany.NeonDrift) Creator:InstallCoordination Simple SPI UUID:82646BC9-EFE1-4D6C-941B-B7A6A0305BF0 Location:[system-defined]>: Including lproj localizations for (
)
2026-06-25 00:28:10.637 Df installcoordinationd[4199:199a23] [com.apple.installcoordination:daemon] -[IXSDataPromiseManager promiseDidComplete:]: Unowned promise completed: <IXSPlaceholder(0x1041103c0) Name:App Placeholder: NeonDrift (com.DefaultCompany.NeonDrift) Creator:InstallCoordination Simple SPI UUID:82646BC9-EFE1-4D6C-941B-B7A6A0305BF0 Location:[system-defined]>
2026-06-25 00:28:10.638 Df installcoordinationd[4199:19529a] [com.apple.installcoordination:daemon] -[IXSDataPromiseManager registerPromise:]: Registered promise <IXSPromisedTransferToPath(0x1040de680) Name:App Asset: com.DefaultCompany.NeonDrift Creator:InstallCoordination Simple SPI UUID:01613C56-DB23-4707-8EFE-F50AA03C3844 Location:[system-defined]> for UUID 01613C56-DB23-4707-8EFE-F50AA03C3844
2026-06-25 00:28:10.640 Df installcoordinationd[4199:19529a] [com.apple.installcoordination:daemon] -[IXSCoordinatorManager coordinatorForIdentity:connection:error:creatingIfNotExisting:]_block_invoke: Registered coordinator: <IXSCoordinatedAppInstall<0x1041e4000> [P=CoreSimulatorBridge (pid 4156)] identifier:[com.DefaultCompany.NeonDrift/Invalid/[system-defined]] uuid:02323231-2888-48E0-B27E-F1DD092A619A intent:IXCoordinatorIntentUpdating creator/appDRI:InstallCoordination Simple SPI importance:Background state:IXAppCoordinationStatePlaceholderPromiseNotSet promise-state:01234>
2026-06-25 00:28:10.640 Df installcoordinationd[4199:19529a] [com.apple.appinstallation:TransactionLog] com.DefaultCompany.NeonDrift/Unknown Persona:4:2:1:1:Created coordinator with intent IXCoordinatorIntentUpdating for client InstallCoordination Simple SPI
2026-06-25 00:28:10.640 Df installcoordinationd[4199:19529a] [com.apple.installcoordination:daemon] -[IXSCoordinatedAppInstall setPriorityBoostCompletion:withSourceInfo:]: <IXSCoordinatedAppInstall<0x1041e4000> [P=CoreSimulatorBridge (pid 4156)] identifier:[com.DefaultCompany.NeonDrift/Invalid/[system-defined]] uuid:02323231-2888-48E0-B27E-F1DD092A619A intent:IXCoordinatorIntentUpdating creator/appDRI:InstallCoordination Simple SPI importance:Background state:IXAppCoordinationStatePlaceholderPromiseNotSet promise-state:01234>: Retaining completion from CoreSimulatorBridge (4156), QOS_CLASS_DEFAULT (0x15)
2026-06-25 00:28:10.640 Df installcoordinationd[4199:19529a] [com.apple.installcoordination:daemon] -[IXSCoordinatedAppInstall setImportance:]: <IXSCoordinatedAppInstall<0x1041e4000> [P=CoreSimulatorBridge (pid 4156)] identifier:[com.DefaultCompany.NeonDrift/Invalid/[system-defined]] uuid:02323231-2888-48E0-B27E-F1DD092A619A intent:IXCoordinatorIntentUpdating creator/appDRI:InstallCoordination Simple SPI importance:UserWaiting state:IXAppCoordinationStatePlaceholderPromiseNotSet promise-state:01234>: set importance to UserWaiting
2026-06-25 00:28:10.640 Df installcoordinationd[4199:19529a] [com.apple.installcoordination:daemon] -[IXSCoordinatedAppInstall _onQueue_fireObserversForClient:]: <IXSCoordinatedAppInstall<0x1041e4000> [P=CoreSimulatorBridge (pid 4156)] identifier:[com.DefaultCompany.NeonDrift/Invalid/[system-defined]] uuid:02323231-2888-48E0-B27E-F1DD092A619A intent:IXCoordinatorIntentUpdating creator/appDRI:InstallCoordination Simple SPI importance:UserWaiting state:IXAppCoordinationStatePlaceholderPromiseNotSet promise-state:01234>: Firing applicable observers for client <IXSClientConnection<0x104040960> client:CoreSimulatorBridge (pid 4156) uuid:2E73EFF9-7065-4BE6-BE0A-2C451C9A968F>
2026-06-25 00:28:10.640 Df installcoordinationd[4199:19529a] [com.apple.installcoordination:daemon] -[IXSCoordinatedAppInstall setPriorityBoostCompletion:withSourceInfo:]: <IXSCoordinatedAppInstall<0x1041e4000> [P=CoreSimulatorBridge (pid 4156)] identifier:[com.DefaultCompany.NeonDrift/Invalid/[system-defined]] uuid:02323231-2888-48E0-B27E-F1DD092A619A intent:IXCoordinatorIntentUpdating creator/appDRI:InstallCoordination Simple SPI importance:UserWaiting state:IXAppCoordinationStatePlaceholderPromiseNotSet promise-state:01234>: Disposing of completion from CoreSimulatorBridge (4156), QOS_CLASS_DEFAULT (0x15)
2026-06-25 00:28:10.640 Df installcoordinationd[4199:19529a] [com.apple.installcoordination:daemon] -[IXSCoordinatedAppInstall setPriorityBoostCompletion:withSourceInfo:]: <IXSCoordinatedAppInstall<0x1041e4000> [P=CoreSimulatorBridge (pid 4156)] identifier:[com.DefaultCompany.NeonDrift/Invalid/[system-defined]] uuid:02323231-2888-48E0-B27E-F1DD092A619A intent:IXCoordinatorIntentUpdating creator/appDRI:InstallCoordination Simple SPI importance:UserWaiting state:IXAppCoordinationStatePlaceholderPromiseNotSet promise-state:01234>: Retaining completion from CoreSimulatorBridge (4156), QOS_CLASS_DEFAULT (0x15)
2026-06-25 00:28:10.640 Df CoreSimulatorBridge[4156:199a21] [com.apple.installcoordination:framework] -[IXAppInstallCoordinator _clientDelegate_didRegisterForObservation]: <IXUpdatingAppInstallCoordinator<0x101473240> identity:[com.DefaultCompany.NeonDrift/Invalid/[system-defined]] uuid:02323231-2888-48E0-B27E-F1DD092A619A creator:InstallCoordination Simple SPI>: Got observer registration delegate
2026-06-25 00:28:10.640 Df CoreSimulatorBridge[4156:199a21] [com.apple.installcoordination:framework] -[IXAppInstallCoordinator _clientDelegate_shouldResume]: <IXUpdatingAppInstallCoordinator<0x101473240> identity:[com.DefaultCompany.NeonDrift/Invalid/[system-defined]] uuid:02323231-2888-48E0-B27E-F1DD092A619A creator:InstallCoordination Simple SPI>: Got should resume delegate
2026-06-25 00:28:10.640 Df CoreSimulatorBridge[4156:199a22] [com.apple.installcoordination:framework] -[IXAppInstallCoordinator _clientDelegate_didRegisterForObservation]_block_invoke: <IXUpdatingAppInstallCoordinator<0x101473240> identity:[com.DefaultCompany.NeonDrift/Invalid/[system-defined]] uuid:02323231-2888-48E0-B27E-F1DD092A619A creator:InstallCoordination Simple SPI>: Observer <_IXSimpleInstallerDelegate 0x0x10175c120> does not respond to coordinatorDidRegisterForObservation:
2026-06-25 00:28:10.640 Df CoreSimulatorBridge[4156:199a22] [com.apple.installcoordination:framework] -[IXAppInstallCoordinator _clientDelegate_shouldResume]_block_invoke: <IXUpdatingAppInstallCoordinator<0x101473240> identity:[com.DefaultCompany.NeonDrift/Invalid/[system-defined]] uuid:02323231-2888-48E0-B27E-F1DD092A619A creator:InstallCoordination Simple SPI>: Observer <_IXSimpleInstallerDelegate 0x0x10175c120> does not respond to coordinatorShouldResume:
2026-06-25 00:28:10.642 Df installcoordinationd[4199:199a23] [com.apple.installcoordination:daemon] -[IXSCoordinatedAppInstall _internal_setInstallOptionsPromise:performExternalActions:]: <IXSCoordinatedAppInstall<0x1041e4000> [P=CoreSimulatorBridge (pid 4156)] identifier:[com.DefaultCompany.NeonDrift/Invalid/[system-defined]] uuid:02323231-2888-48E0-B27E-F1DD092A619A intent:IXCoordinatorIntentUpdating creator/appDRI:InstallCoordination Simple SPI importance:UserWaiting state:IXAppCoordinationStatePlaceholderPromiseNotSet promise-state:012I4> : install options set: <IXSPromisedInMemoryData(0x1040dd400) Name:MIInstallOptions data Creator:Install Coordination Internal UUID:00E797EB-6F13-4922-ACCB-576F6D7D4E64 Location:[system-defined]>
2026-06-25 00:28:10.642 Df installcoordinationd[4199:199a20] [com.apple.installcoordination:daemon] -[IXSCoordinatedAppInstall promiseDidComplete:]: <IXSCoordinatedAppInstall<0x1041e4000> [P=CoreSimulatorBridge (pid 4156)] identifier:[com.DefaultCompany.NeonDrift/Invalid/[system-defined]] uuid:02323231-2888-48E0-B27E-F1DD092A619A intent:IXCoordinatorIntentUpdating creator/appDRI:InstallCoordination Simple SPI importance:UserWaiting state:IXAppCoordinationStatePlaceholderPromiseNotSet promise-state:012I4> : Promise completed: <IXSPromisedInMemoryData(0x1040dd400) Name:MIInstallOptions data Creator:Install Coordination Internal UUID:00E797EB-6F13-4922-ACCB-576F6D7D4E64 Location:[system-defined]>
2026-06-25 00:28:10.643 Df installcoordinationd[4199:199a20] [com.apple.appinstallation:TransactionLog] com.DefaultCompany.NeonDrift/Unknown Persona:4:13:1:1:Install Options Promise began. Coordinator State: IXAppCoordinationStatePlaceholderPromiseNotSet
2026-06-25 00:28:10.643 Df installcoordinationd[4199:199a20] [com.apple.appinstallation:TransactionLog] com.DefaultCompany.NeonDrift/Unknown Persona:4:13:2:1:Install Options Promise completed. Coordinator State: IXAppCoordinationStatePlaceholderPromiseNotSet
2026-06-25 00:28:10.643 Df installcoordinationd[4199:199a23] [com.apple.installcoordination:daemon] -[IXSCoordinatedAppInstall _internal_setAppAssetPromise:performExternalActions:]: <IXSCoordinatedAppInstall<0x1041e4000> [P=CoreSimulatorBridge (pid 4156)] identifier:[com.DefaultCompany.NeonDrift/Invalid/[system-defined]] uuid:02323231-2888-48E0-B27E-F1DD092A619A intent:IXCoordinatorIntentUpdating creator/appDRI:InstallCoordination Simple SPI importance:UserWaiting state:IXAppCoordinationStatePlaceholderPromiseNotSet promise-state:0a2I4> : App Asset Promise set: <IXSPromisedTransferToPath(0x1040de680) Name:App Asset: com.DefaultCompany.NeonDrift Creator:InstallCoordination Simple SPI UUID:01613C56-DB23-4707-8EFE-F50AA03C3844 Location:[system-defined]>
2026-06-25 00:28:10.643 Df installcoordinationd[4199:199a23] [com.apple.installcoordination:daemon] -[IXSCoordinatedAppInstall setInitialODRAssetPromises:]: <IXSCoordinatedAppInstall<0x1041e4000> [P=CoreSimulatorBridge (pid 4156)] identifier:[com.DefaultCompany.NeonDrift/Invalid/[system-defined]] uuid:02323231-2888-48E0-B27E-F1DD092A619A intent:IXCoordinatorIntentUpdating creator/appDRI:InstallCoordination Simple SPI importance:UserWaiting state:IXAppCoordinationStatePlaceholderPromiseNotSet promise-state:0a2I4> : Initial ODR Asset Promises set: (
)
2026-06-25 00:28:10.644 Df CoreSimulatorBridge[4156:192ca8] [com.apple.installcoordination:framework] -[IXPromisedTransferToPath _performDeltaCopyFrom:toDestination:]: Performing delta copy from /Users/dragonkao/.openclaw/workspace/382b9e3384298039b171c9b2a60ae644/NeonDrift_MVP/project/xcode_derived_data/Build/Products/Release-iphonesimulator/NeonDrift.app to /Users/dragonkao/Library/Developer/CoreSimulator/Devices/115FDF0C-5A2F-4686-909B-7F43F1450A28/data/Containers/Shared/SystemGroup/systemgroup.com.apple.installcoordinationd/Library/InstallCoordination/PromiseStaging/01613C56-DB23-4707-8EFE-F50AA03C3844/NeonDrift.app with installed bundle at /Users/dragonkao/Library/Developer/CoreSimulator/Devices/115FDF0C-5A2F-4686-909B-7F43F1450A28/data/Containers/Bundle/Application/E522A357-7BFD-46AA-B92D-3E45D45E0AF3/NeonDrift.app
2026-06-25 00:28:10.645 Df CoreSimulatorBridge[4156:192ca8] (MobileSystemServices) 0x16fcdf000 MDMCreateDeltaDirectory: calling MDMDirectoryDiff with:
state->old_bundle: /Users/dragonkao/Library/Developer/CoreSimulator/Devices/115FDF0C-5A2F-4686-909B-7F43F1450A28/data/Containers/Bundle/Application/E522A357-7BFD-46AA-B92D-3E45D45E0AF3/NeonDrift.app
state->new_bundle: /Users/dragonkao/.openclaw/workspace/382b9e3384298039b171c9b2a60ae644/NeonDrift_MVP/project/xcode_derived_data/Build/Products/Release-iphonesimulator/NeonDrift.app
state->dst_bundle: /Users/dragonkao/Library/Developer/CoreSimulator/Devices/115FDF0C-5A2F-4686-909B-7F43F1450A28/data/Containers/Shared/SystemGroup/systemgroup.com.apple.installcoordinationd/Library/InstallCoordination/PromiseStaging/01613C56-DB23-4707-8EFE-F50AA03C3844/NeonDrift.app/Payload//NeonDrift.app, binaryDiff flag: FALSE
	dst_ipa: /Users/dragonkao/Library/Developer/CoreSimulator/Devices/115FDF0C-5A2F-4686-909B-7F43F1450A28/data/Containers/Shared/SystemGroup/systemgroup.com.apple.installcoordinationd/Library/InstallCoordination/PromiseStaging/01613<…>
2026-06-25 00:28:10.647 Df CoreSimulatorBridge[4156:192ca8] [com.apple.installcoordination:framework] -[IXPromisedTransferToPath setComplete:]: <IXPromisedTransferToPath<0x101473080> name:"App Asset: com.DefaultCompany.NeonDrift" uuid:01613C56-DB23-4707-8EFE-F50AA03C3844 creator:"InstallCoordination Simple SPI" location:[system-defined]> Delta Copy operation from /Users/dragonkao/.openclaw/workspace/382b9e3384298039b171c9b2a60ae644/NeonDrift_MVP/project/xcode_derived_data/Build/Products/Release-iphonesimulator/NeonDrift.app to /Users/dragonkao/Library/Developer/CoreSimulator/Devices/115FDF0C-5A2F-4686-909B-7F43F1450A28/data/Containers/Shared/SystemGroup/systemgroup.com.apple.installcoordinationd/Library/InstallCoordination/PromiseStaging/01613C56-DB23-4707-8EFE-F50AA03C3844/NeonDrift.app took 0.003063 seconds
2026-06-25 00:28:10.647 Df installcoordinationd[4199:199a23] [com.apple.installcoordination:daemon] -[IXSDataPromise _setPercentComplete:saveStateIfNeeded:]: Progress: <IXSPromisedTransferToPath(0x1040de680) Name:App Asset: com.DefaultCompany.NeonDrift Creator:InstallCoordination Simple SPI UUID:01613C56-DB23-4707-8EFE-F50AA03C3844 Location:[system-defined]>
2026-06-25 00:28:10.647 Df installcoordinationd[4199:199a20] [com.apple.appinstallation:TransactionLog] com.DefaultCompany.NeonDrift/Unknown Persona:4:10:1:1:App Asset Promise began. Coordinator State: IXAppCoordinationStatePlaceholderPromiseNotSet
2026-06-25 00:28:10.648 Df CoreSimulatorBridge[4156:199a21] [com.apple.installcoordination:framework] -[IXAppInstallCoordinator _clientDelegate_promiseDidBeginFulfillmentWithIdentifier:]: <IXUpdatingAppInstallCoordinator<0x101473240> identity:[com.DefaultCompany.NeonDrift/Invalid/[system-defined]] uuid:02323231-2888-48E0-B27E-F1DD092A619A creator:InstallCoordination Simple SPI>: Got promise did begin fulfillment for identifier 2
2026-06-25 00:28:10.648 Df CoreSimulatorBridge[4156:199a21] [com.apple.installcoordination:framework] -[IXAppInstallCoordinator _clientDelegate_promiseDidBeginFulfillmentWithIdentifier:]_block_invoke: <IXUpdatingAppInstallCoordinator<0x101473240> identity:[com.DefaultCompany.NeonDrift/Invalid/[system-defined]] uuid:02323231-2888-48E0-B27E-F1DD092A619A creator:InstallCoordination Simple SPI>: Observer <_IXSimpleInstallerDelegate 0x0x10175c120> does not respond to coordinator:configuredPromiseDidBeginFulfillment: (or any deprecated equivalent)
2026-06-25 00:28:10.648 Df installcoordinationd[4199:19529a] [com.apple.installcoordination:daemon] -[IXSCoordinatedAppInstall promiseDidComplete:]: <IXSCoordinatedAppInstall<0x1041e4000> [P=CoreSimulatorBridge (pid 4156)] identifier:[com.DefaultCompany.NeonDrift/Invalid/[system-defined]] uuid:02323231-2888-48E0-B27E-F1DD092A619A intent:IXCoordinatorIntentUpdating creator/appDRI:InstallCoordination Simple SPI importance:UserWaiting state:IXAppCoordinationStatePlaceholderPromiseNotSet promise-state:0A2I4> : Promise completed: <IXSPromisedTransferToPath(0x1040de680) Name:App Asset: com.DefaultCompany.NeonDrift Creator:InstallCoordination Simple SPI UUID:01613C56-DB23-4707-8EFE-F50AA03C3844 Location:[system-defined]>
2026-06-25 00:28:10.648 Df installcoordinationd[4199:199a28] [com.apple.appinstallation:TransactionLog] com.DefaultCompany.NeonDrift/Unknown Persona:4:10:2:1:App Asset Promise completed. Coordinator State: IXAppCoordinationStatePlaceholderPromiseNotSet
2026-06-25 00:28:10.648 Df CoreSimulatorBridge[4156:199a22] [com.apple.installcoordination:framework] -[IXAppInstallCoordinator _clientDelegate_didUpdateProgress:forPhase:overallProgress:]: <IXUpdatingAppInstallCoordinator<0x101473240> identity:[com.DefaultCompany.NeonDrift/Invalid/[system-defined]] uuid:02323231-2888-48E0-B27E-F1DD092A619A creator:InstallCoordination Simple SPI>: Got did update progress delegate with percentComplete 100.000000 phase IXCoordinatorProgressPhaseLoading overallProgress 60.000000
2026-06-25 00:28:10.648 Df installcoordinationd[4199:199a27] [com.apple.installcoordination:daemon] -[IXSCoordinatedAppInstall setPlaceholderPromise:]: <IXSCoordinatedAppInstall<0x1041e4000> [P=CoreSimulatorBridge (pid 4156)] identifier:[com.DefaultCompany.NeonDrift/Invalid/[system-defined]] uuid:02323231-2888-48E0-B27E-F1DD092A619A intent:IXCoordinatorIntentUpdating creator/appDRI:InstallCoordination Simple SPI importance:UserWaiting state:IXAppCoordinationStateReadyForPlaceholderInstall promise-state:PA2I4> : Placeholder Promise set: <IXSPlaceholder(0x1041103c0) Name:App Placeholder: NeonDrift (com.DefaultCompany.NeonDrift) Creator:InstallCoordination Simple SPI UUID:82646BC9-EFE1-4D6C-941B-B7A6A0305BF0 Location:[system-defined]>
2026-06-25 00:28:10.648 Df CoreSimulatorBridge[4156:199a22] [com.apple.installcoordination:framework] -[IXAppInstallCoordinator _clientDelegate_didUpdateProgress:forPhase:overallProgress:]_block_invoke: <IXUpdatingAppInstallCoordinator<0x101473240> identity:[com.DefaultCompany.NeonDrift/Invalid/[system-defined]] uuid:02323231-2888-48E0-B27E-F1DD092A619A creator:InstallCoordination Simple SPI>: Calling selector coordinator:didUpdateProgress:forPhase:overallProgress: on observer <_IXSimpleInstallerDelegate 0x0x10175c120>
2026-06-25 00:28:10.648 Df installcoordinationd[4199:199a28] [com.apple.installcoordination:daemon] -[IXSCoordinatedAppInstall promiseDidComplete:]: <IXSCoordinatedAppInstall<0x1041e4000> [P=CoreSimulatorBridge (pid 4156)] identifier:[com.DefaultCompany.NeonDrift/Invalid/[system-defined]] uuid:02323231-2888-48E0-B27E-F1DD092A619A intent:IXCoordinatorIntentUpdating creator/appDRI:InstallCoordination Simple SPI importance:UserWaiting state:IXAppCoordinationStateReadyForPlaceholderInstall promise-state:PA2I4> : Promise completed: <IXSPlaceholder(0x1041103c0) Name:App Placeholder: NeonDrift (com.DefaultCompany.NeonDrift) Creator:InstallCoordination Simple SPI UUID:82646BC9-EFE1-4D6C-941B-B7A6A0305BF0 Location:[system-defined]>
2026-06-25 00:28:10.649 Df installcoordinationd[4199:199a27] [com.apple.installcoordination:daemon] -[IXSCoordinatedAppInstall _onQueue_acquireAssertionAndInstallPlaceholder]: Acquiring termination assertion to install placeholder for [com.DefaultCompany.NeonDrift/Invalid/[system-defined]]
2026-06-25 00:28:10.649 Df installcoordinationd[4199:199a27] [com.apple.installcoordination:daemon] -[IXSPendingOperationsTracker beginPendingOperationForIdentity:]_block_invoke: Beginning pending operation for [com.DefaultCompany.NeonDrift/Invalid/[system-defined]]
2026-06-25 00:28:10.650 Df installcoordinationd[4199:199a28] [com.apple.runningboard:process] Hit the server for a process handle 20aa194000020a1 that resolved to: [app<com.DefaultCompany.NeonDrift((null))>:8353]
2026-06-25 00:28:10.650 Df runningboardd[4114:199a29] [com.apple.runningboard:connection] Received termination request from [osservice<com.apple.installcoordinationd>:4199] on <RBSProcessPredicate <RBSProcessBundleIdentifierPredicate "com.DefaultCompany.NeonDrift">> with context <RBSTerminateContext| explanation:installcoordinationd app:[com.DefaultCompany.NeonDrift/Invalid/[system-defined]] uuid:02323231-2888-48E0-B27E-F1DD092A619A isPlaceholder:Y reportType:None maxTerminationResistance:Absolute attrs:[
	<RBSPreventLaunchLimitation| <RBSProcessPredicate <RBSProcessBundleIdentifierPredicate "com.DefaultCompany.NeonDrift">> allow:(null)>
	]>
2026-06-25 00:28:10.650 Df installcoordinationd[4199:199a28] [com.apple.runningboard:monitor] Received state update for 8353 (app<com.DefaultCompany.NeonDrift((null))>, running-active-NotVisible
2026-06-25 00:28:10.650 Df runningboardd[4114:199a29] [com.apple.runningboard:general] Found 0 extensions contained in com.DefaultCompany.NeonDrift
2026-06-25 00:28:10.650 Df runningboardd[4114:199a29] [com.apple.PlugInKit:holds] <PKManager:0x108ca6a00> hold request for [/Users/dragonkao/Library/Developer/CoreSimulator/Devices/115FDF0C-5A2F-4686-909B-7F43F1450A28/data/Containers/Bundle/Application/E522A357-7BFD-46AA-B92D-3E45D45E0AF3/NeonDrift.app] with flags: 0x4
2026-06-25 00:28:10.651 Df NeonDrift[8353:196757] [com.apple.PlugInKit:discovery] Annotations changed, re-performing query for continuous discovery, report block = <0x11a90f180>.
2026-06-25 00:28:10.651 Df runningboardd[4114:199a29] [com.apple.PlugInKit:holds] <PKManager:0x108ca6a00> hold request for [/Users/dragonkao/Library/Developer/CoreSimulator/Devices/115FDF0C-5A2F-4686-909B-7F43F1450A28/data/Containers/Bundle/Application/E522A357-7BFD-46AA-B92D-3E45D45E0AF3/NeonDrift.app] with flags: 0x4 completed with hold token: [1C127A16-3FD0-4964-9093-8690A2340CE7]
2026-06-25 00:28:10.651 Df NeonDrift[8353:19676f] [com.apple.PlugInKit:discovery] Annotations changed, re-performing query for continuous discovery, report block = <0x11a90f4e0>.
2026-06-25 00:28:10.651 Df NeonDrift[8353:196758] [com.apple.PlugInKit:discovery] Annotations changed, re-performing query for continuous discovery, report block = <0x11a90f690>.
2026-06-25 00:28:10.651 Df NeonDrift[8353:196757] [com.apple.PlugInKit:discovery] [d 1C9BBC41-70D4-4373-9DE3-03C2CF7943E5] <PKHost:0x11a9084c0> Beginning discovery for flags: 0, point: com.apple.AudioUnit
2026-06-25 00:28:10.651 Df runningboardd[4114:199a29] [com.apple.runningboard:ttl] Acquiring assertion targeting system from originator [osservice<com.apple.installcoordinationd>:4199] with description <RBSAssertionDescriptor| "installcoordinationd app:[com.DefaultCompany.NeonDrift/Invalid/[system-defined]] uuid:02323231-2888-48E0-B27E-F1DD092A619A isPlaceholder:Y" ID:4114-4199-963 target:system attributes:[
	<RBSPreventLaunchLimitation| <RBSProcessPredicate <RBSProcessBundleIdentifierPredicate "com.DefaultCompany.NeonDrift">> allow:(null)>
	]>
2026-06-25 00:28:10.651 Df NeonDrift[8353:19676f] [com.apple.PlugInKit:discovery] [d CA438F0A-0AAD-4E66-AD02-3B6438897EF6] <PKHost:0x11a9084c0> Beginning discovery for flags: 0, point: com.apple.AudioUnit-Speech
2026-06-25 00:28:10.651 Df NeonDrift[8353:196758] [com.apple.PlugInKit:discovery] [d B26AA9F7-1EEF-4FD6-94E6-D05AB5DFA3F7] <PKHost:0x11a9084c0> Beginning discovery for flags: 0, point: com.apple.AudioUnit-UI
2026-06-25 00:28:10.651 Df runningboardd[4114:199a29] [com.apple.runningboard:process] Executing termination request for: <RBSProcessPredicate <RBSProcessBundleIdentifierPredicate "com.DefaultCompany.NeonDrift">>
2026-06-25 00:28:10.651 Df runningboardd[4114:199a29] [com.apple.runningboard:process] [app<com.DefaultCompany.NeonDrift((null))>:8353] Terminating with context: <RBSTerminateContext| explanation:installcoordinationd app:[com.DefaultCompany.NeonDrift/Invalid/[system-defined]] uuid:02323231-2888-48E0-B27E-F1DD092A619A isPlaceholder:Y reportType:None maxTerminationResistance:Absolute attrs:[
	<RBSPreventLaunchLimitation| <RBSProcessPredicate <RBSProcessBundleIdentifierPredicate "com.DefaultCompany.NeonDrift">> allow:(null)>
	]>
2026-06-25 00:28:10.651 Df runningboardd[4114:199a29] [com.apple.runningboard:process] [app<com.DefaultCompany.NeonDrift((null))>:8353] terminate_with_reason() success
2026-06-25 00:28:10.651 Df SpringBoard[4111:188547] [com.apple.SpringBoard:Common] termination assertion acquired for com.DefaultCompany.NeonDrift
2026-06-25 00:28:10.651 Df SpringBoard[4111:188547] [com.apple.SpringBoard:Icon] 0x10c558000-SBApplicationIcon Data source did change: <SBApplication: 0x12cdb0b00; com.DefaultCompany.NeonDrift> {
    processState = <SBApplicationProcessState: 0x123cc0760; pid: 8353; taskState: Running; visibility: Foreground>;
} (SBApplication)
2026-06-25 00:28:10.651 Df backboardd[4142:199a33] [com.apple.iohid:default] Connection removed: IOHIDEventSystemConnection uuid:6C25468B-374C-4A96-8933-0E15CF71295E pid:8353 process:NeonDrift type:Passive entitlements:0x0 caller:BackBoardServices: ___getHIDEventSystemClient_block_invoke + 296 attributes:{
    HighFrequency = 0;
    bundleID = "com.DefaultCompany.NeonDrift";
    pid = 8353;
} state:0x1 events:0 mask:0x0 dropped:0 dropStatus:0 droppedMask:0x0 lastDroppedTime:NONE
2026-06-25 00:28:10.651 Df SpringBoard[4111:199a2c] [com.apple.FrontBoard:ProcessWorkspace] [app<com.DefaultCompany.NeonDrift>:8353] Workspace connection invalidated.
2026-06-25 00:28:10.651 Df backboardd[4142:199a34] [com.apple.iohid:default] Connection removed: IOHIDEventSystemConnection uuid:57893546-0551-4A8E-9B70-8DCE8EAC4C8A pid:8353 process:NeonDrift type:Monitor entitlements:0x0 caller:GameControllerFoundation: -[GCHIDEventSystemClient initWithQueue:type:attributes:functions:] + 116 attributes:(null) state:0x1 events:0 mask:0x0 dropped:0 dropStatus:0 droppedMask:0x0 lastDroppedTime:NONE
2026-06-25 00:28:10.651 Df SpringBoard[4111:199a2c] [com.apple.FrontBoard:Process] [app<com.DefaultCompany.NeonDrift>:8353] Now flagged as pending exit for reason: workspace client connection invalidated
2026-06-25 00:28:10.651 Df backboardd[4142:199a33] [com.apple.BackBoard:HID] Removing client connection <BKHIDClientConnection: 0x10d772380; IOHIDEventSystemConnectionRef: 0x10bcd3a00; vpid: 8353(v65D75); taskPort: 0x19337; bundleID: com.DefaultCompany.NeonDrift> for client: IOHIDEventSystemConnection uuid:6C25468B-374C-4A96-8933-0E15CF71295E pid:8353 process:NeonDrift type:Passive entitlements:0x0 caller:BackBoardServices: ___getHIDEventSystemClient_block_invoke + 296 attributes:{
    HighFrequency = 0;
    bundleID = "com.DefaultCompany.NeonDrift";
    pid = 8353;
} state:0x1 events:0 mask:0x0 dropped:0 dropStatus:0 droppedMask:0x0 lastDroppedTime:NONE source:HID
2026-06-25 00:28:10.652 Df SpringBoard[4111:199a35] [com.apple.KeyboardArbiter:Handle] com.DefaultCompany.NeonDrift(8353) lostConnection (invalidation)
2026-06-25 00:28:10.652 Df installcoordinationd[4199:199a27] [com.apple.runningboard:assertion] Setting up death monitor for [app<com.DefaultCompany.NeonDrift((null))>:8353]
2026-06-25 00:28:10.652 Df installcoordinationd[4199:199a27] [com.apple.runningboard:process] Starting death monitoring for handle [app<com.DefaultCompany.NeonDrift((null))>:8353]
2026-06-25 00:28:10.652 Df runningboardd[4114:199a2a] [com.apple.runningboard:process] XPC connection invalidated: [app<com.DefaultCompany.NeonDrift((null))>:8353]
2026-06-25 00:28:10.652 Df installcoordinationd[4199:19529a] [com.apple.appinstallation:TransactionLog] com.DefaultCompany.NeonDrift/Unknown Persona:4:9:1:1:Placeholder Promise began. Coordinator State: IXAppCoordinationStateWaitingForPlaceholderAssertion
2026-06-25 00:28:10.652 Df installcoordinationd[4199:19529a] [com.apple.installcoordination:daemon] -[IXSCoordinatorProgress setTotalUnitsCompleted:]: Progress for coordinator: [com.DefaultCompany.NeonDrift/Invalid/[system-defined]], Phase: IXCoordinatorProgressPhaseLoading, Percentage: 100.000000: Attempt to set units completed on finished progress: 100
2026-06-25 00:28:10.652 Df installcoordinationd[4199:19529a] [com.apple.appinstallation:TransactionLog] com.DefaultCompany.NeonDrift/Unknown Persona:4:9:2:1:Placeholder Promise completed. Coordinator State: IXAppCoordinationStateWaitingForPlaceholderAssertion
2026-06-25 00:28:10.652 Df CoreSimulatorBridge[4156:199a21] [com.apple.installcoordination:framework] -[IXAppInstallCoordinator _clientDelegate_promiseDidBeginFulfillmentWithIdentifier:]: <IXUpdatingAppInstallCoordinator<0x101473240> identity:[com.DefaultCompany.NeonDrift/Invalid/[system-defined]] uuid:02323231-2888-48E0-B27E-F1DD092A619A creator:InstallCoordination Simple SPI>: Got promise did begin fulfillment for identifier 1
2026-06-25 00:28:10.652 Df CoreSimulatorBridge[4156:199a21] [com.apple.installcoordination:framework] -[IXAppInstallCoordinator _clientDelegate_promiseDidBeginFulfillmentWithIdentifier:]_block_invoke: <IXUpdatingAppInstallCoordinator<0x101473240> identity:[com.DefaultCompany.NeonDrift/Invalid/[system-defined]] uuid:02323231-2888-48E0-B27E-F1DD092A619A creator:InstallCoordination Simple SPI>: Observer <_IXSimpleInstallerDelegate 0x0x10175c120> does not respond to coordinator:configuredPromiseDidBeginFulfillment: (or any deprecated equivalent)
2026-06-25 00:28:10.653 Df SpringBoard[4111:199a35] [com.apple.KeyboardArbiter:Handle] RX com.DefaultCompany.NeonDrift(8353) setWindowContextID:0 windowState:Disabled level:0.0
    focusContext:(null)
2026-06-25 00:28:10.653 Df SpringBoard[4111:188547] [com.apple.SpringBoard:KeyboardFocus] [coordinator] using MRU target <com.apple.frontboard.systemappservices/FBSceneManager:sceneID%3Acom.DefaultCompany.NeonDrift-default pid:8353>
2026-06-25 00:28:10.653 Df backboardd[4142:1945e7] [com.apple.BackBoard:EventDelivery] chain did update (setDeferringRules) <keyboardFocus; display: null> containsEndOfChain: YES; [
    <token: com.apple.frontboard.systemappservices/FBSceneManager:com.apple.springboard; pid: 4111>,
    <token: com.apple.frontboard.systemappservices/FBSceneManager:sceneID%3Acom.DefaultCompany.NeonDrift-default; pid: 8353>
]
2026-06-25 00:28:10.653 Df SpringBoard[4111:188547] [com.apple.SpringBoard:KeyboardFocus] [coordinator] informing scene controller 'com.apple.springboard' of focusTarget: <com.apple.frontboard.systemappservices/FBSceneManager:sceneID%3Acom.DefaultCompany.NeonDrift-default pid:8353>
2026-06-25 00:28:10.653 Df backboardd[4142:1945e7] [com.apple.BackBoard:EventDelivery] chain did update (setDeferringRules) <keyboardFocus; display: builtin> containsEndOfChain: YES; [
    <token: com.apple.frontboard.systemappservices/FBSceneManager:com.apple.springboard; pid: 4111>,
    <token: com.apple.frontboard.systemappservices/FBSceneManager:sceneID%3Acom.DefaultCompany.NeonDrift-default; pid: 8353>
]
2026-06-25 00:28:10.654 Df SpringBoard[4111:188547] [com.apple.SpringBoard:KeyboardFocus] [coordinator] keyboard arbiter suggested <nothing> and we replied <com.apple.frontboard.systemappservices/FBSceneManager:sceneID%3Acom.DefaultCompany.NeonDrift-default pid:8353>
2026-06-25 00:28:10.654 E  SpringBoard[4111:199a2c] [com.apple.UIKit:KeyboardArbiter] Advisor: No handle found for currently focused PID: 8353; sceneIdentity: com.apple.frontboard.systemappservices/FBSceneManager:sceneID%3Acom.DefaultCompany.NeonDrift-default
2026-06-25 00:28:10.661 Df launchd_sim[4108:199529] [user/501/UIKitApplication:com.DefaultCompany.NeonDrift[2d3e][rb-legacy] [8353]:] exited with exit reason (namespace: 15 code: 0x0) - OS_REASON_RUNNINGBOARD | <RBSTerminateContext| explanation:installcoordinationd app:[com.DefaultCompany.NeonDrift/Invalid/[system-defined]] uuid:02323231-2888-48E0-B27E-F1DD092A619A isPlaceholder:Y reportType:None maxTerminationResistance:Absolute attrs:[
	<RBSPreventLaunchLimitation| <RBSProcessPredicate <RBSProcessBundleIdentifierPredicate "com.DefaultCompany.NeonDrift">> allow:(null)>
	]>, ran for 185126ms
2026-06-25 00:28:10.661 Df launchd_sim[4108:199529] [user/501:] service inactive: UIKitApplication:com.DefaultCompany.NeonDrift[2d3e][rb-legacy]
2026-06-25 00:28:10.661 Df runningboardd[4114:199a2a] [com.apple.runningboard:ttl] [app<com.DefaultCompany.NeonDrift((null))>:8353] termination reported by launchd (15, 0, 9)
2026-06-25 00:28:10.661 Df runningboardd[4114:199a2a] [com.apple.runningboard:process] Removing process: [app<com.DefaultCompany.NeonDrift((null))>:8353]
2026-06-25 00:28:10.661 Df runningboardd[4114:199a2a] [com.apple.runningboard:job] Removing launch job for: [app<com.DefaultCompany.NeonDrift((null))>:8353]
2026-06-25 00:28:10.662 Df launchd_sim[4108:199529] [user/501:] removing service: UIKitApplication:com.DefaultCompany.NeonDrift[2d3e][rb-legacy]
2026-06-25 00:28:10.662 Df runningboardd[4114:199a2a] [com.apple.runningboard:job] Removed job for [app<com.DefaultCompany.NeonDrift((null))>:8353]
2026-06-25 00:28:10.662 Df runningboardd[4114:199a2a] [com.apple.runningboard:process] Removing assertions for terminated process: [app<com.DefaultCompany.NeonDrift((null))>:8353]
2026-06-25 00:28:10.662 Df runningboardd[4114:199a2a] [com.apple.runningboard:assertion] Removed last relative-start-date-defining assertion for process app<com.DefaultCompany.NeonDrift((null))>
2026-06-25 00:28:10.662 Df runningboardd[4114:199a30] [com.apple.runningboard:process] Notifying connection [osservice<com.apple.SpringBoard>:4111] that process [app<com.DefaultCompany.NeonDrift((null))>:8353] exited with context <RBSProcessExitContext| specific, status:<RBSProcessExitStatus| domain:runningboard(15) code:0>>
2026-06-25 00:28:10.662 Df runningboardd[4114:199a2a] [com.apple.runningboard:monitor] Calculated state for app<com.DefaultCompany.NeonDrift((null))>: none (role: None) (endowments: (null))
2026-06-25 00:28:10.662 Df runningboardd[4114:199a30] [com.apple.runningboard:process] Notifying connection [osservice<com.apple.installcoordinationd>:4199] that process [app<com.DefaultCompany.NeonDrift((null))>:8353] exited with context <RBSProcessExitContext| specific, status:<RBSProcessExitStatus| domain:runningboard(15) code:0>>
2026-06-25 00:28:10.662 Df SpringBoard[4111:199a2c] [com.apple.FrontBoard:ProcessWorkspace] [app<com.DefaultCompany.NeonDrift>:8353] Workspace assertion invalidated: <NSError: 0x129494c00; domain: RBSAssertionErrorDomain; code: 1; "Assertions were invalidated, count = 3.
4114-4111-955: invalidation reason: 1
4114-4111-956: invalidation reason: 1
4114-4111-960: invalidation reason: 1">
2026-06-25 00:28:10.662 Df runningboardd[4114:199a30] [com.apple.runningboard:monitor] Calculated state for app<com.DefaultCompany.NeonDrift((null))>: none (role: None) (endowments: (null))
2026-06-25 00:28:10.662 Df SpringBoard[4111:199a2c] [com.apple.runningboard:process] Calling process death completion block for handle [app<com.DefaultCompany.NeonDrift((null))>:8353]
2026-06-25 00:28:10.662 Df SpringBoard[4111:199a2c] [com.apple.FrontBoard:Process] [app<com.DefaultCompany.NeonDrift>:8353] Process exited: <RBSProcessExitContext| specific, status:<RBSProcessExitStatus| domain:runningboard(15) code:0>>.
2026-06-25 00:28:10.662 Df SpringBoard[4111:199a2c] [com.apple.FrontBoard:Process] [app<com.DefaultCompany.NeonDrift>:8353] Setting process task state to: Not Running
2026-06-25 00:28:10.662 Df SpringBoard[4111:199a2c] [com.apple.FrontBoard:Process] [app<com.DefaultCompany.NeonDrift>:8353] Setting process visibility to: Unknown
2026-06-25 00:28:10.662 Df SpringBoard[4111:199542] [com.apple.FrontBoard:ProcessWorkspace] [app<com.DefaultCompany.NeonDrift>:8353] Invalidating workspace.
2026-06-25 00:28:10.662 Df installcoordinationd[4199:199a27] [com.apple.runningboard:process] Calling process death completion block for handle [app<com.DefaultCompany.NeonDrift((null))>:8353]
