Timestamp               Ty Process[PID:TID]
2026-06-26 22:48:15.505 Df CoreSimulatorBridge[74501:8b8d1f] Request received for installation of file:///Users/dragonkao/.openclaw/workspace/382b9e3384298039b171c9b2a60ae644/NeonDrift_MVP/project/xcode_derived_data/Build/Products/Release-iphonesimulator/NeonDrift.run.1782485248.76636.app/ with options: {
    PackageType = Developer;
    SimulatorRootPath = "/Library/Developer/CoreSimulator/Volumes/iOS_23E254a/Library/Developer/CoreSimulator/Profiles/Runtimes/iOS 26.4.simruntime/Contents/Resources/RuntimeRoot";
    SimulatorUserPath = "/Users/dragonkao/Library/Developer/CoreSimulator/Devices/CC47DE7A-8196-4465-A5A5-BB852C9C6C82/data";
}
2026-06-26 22:48:15.505 Df CoreSimulatorBridge[74501:8b8d1f] [com.apple.installcoordination:framework] +[IXAppInstallCoordinator(IXSimpleInstaller) _beginInstallForURL:forPersonaUniqueString:consumeSource:options:progressBlock:completionWithIdentity:]: Beginning install for /Users/dragonkao/.openclaw/workspace/382b9e3384298039b171c9b2a60ae644/NeonDrift_MVP/project/xcode_derived_data/Build/Products/Release-iphonesimulator/NeonDrift.run.1782485248.76636.app consuming source:N options:{
    IsUserInitiated = 1;
    PackageType = Developer;
} installationRequestorAuditToken: NULL
2026-06-26 22:48:15.507 Df installcoordinationd[74674:8b7c6c] [com.apple.installcoordination:daemon] -[IXSDataPromiseManager registerPromise:]: Registered promise <IXSPlaceholder(0x1039243c0) Name:App Placeholder: NeonDrift.run.1782485248.76636 (com.DefaultCompany.NeonDrift.run.1782485248.76636) Creator:InstallCoordination Simple SPI UUID:A78F35D1-C52A-4A8E-B1D6-7F2EA7282354 Location:[system-defined]> for UUID A78F35D1-C52A-4A8E-B1D6-7F2EA7282354
2026-06-26 22:48:15.509 Df installcoordinationd[74674:8b7c6c] [com.apple.installcoordination:daemon] -[IXSPlaceholder setAttributes:]: <IXSPlaceholder(0x1039243c0) Name:App Placeholder: NeonDrift.run.1782485248.76636 (com.DefaultCompany.NeonDrift.run.1782485248.76636) Creator:InstallCoordination Simple SPI UUID:A78F35D1-C52A-4A8E-B1D6-7F2EA7282354 Location:[system-defined]>: setting placeholder attributes to <IXPlaceholderAttributes<0x1038c8b40> : {
    CFBundleShortVersionString = "1.0";
    CFBundleSupportedPlatforms =     (
        iPhoneSimulator
    );
    CFBundleVersion = 0;
    DTPlatformName = iphonesimulator;
    LSRequiresIPhoneOS = 1;
    MinimumOSVersion = "13.0";
    UIDeviceFamily =     (
        1,
        2
    );
    UIRequiredDeviceCapabilities =     {
        arm64 = 1;
        metal = 1;
    };
}>
2026-06-26 22:48:15.509 Df CoreSimulatorBridge[74501:8bc699] [com.apple.installcoordination:framework] +[IXPlaceholder _setEntitlementsFromBundleExecutableURL:withBundleID:client:onPlaceholder:location:error:]: Executable for com.DefaultCompany.NeonDrift.run.1782485248.76636 at NeonDrift.run.1782485248.76636 -- file:///Users/dragonkao/.openclaw/workspace/382b9e3384298039b171c9b2a60ae644/NeonDrift_MVP/project/xcode_derived_data/Build/Products/Release-iphonesimulator/NeonDrift.run.1782485248.76636.app/ had no entitlements
2026-06-26 22:48:15.509 Df CoreSimulatorBridge[74501:8bc699] [com.apple.installcoordination:framework] +[IXPlaceholder _placeholderForBundle:client:withParent:installType:metadata:placeholderType:mayBeDeltaPackage:isFromSerializedPlaceholder:location:error:]: Using full fidelity icons for com.DefaultCompany.NeonDrift.run.1782485248.76636 at /Users/dragonkao/.openclaw/workspace/382b9e3384298039b171c9b2a60ae644/NeonDrift_MVP/project/xcode_derived_data/Build/Products/Release-iphonesimulator/NeonDrift.run.1782485248.76636.app
2026-06-26 22:48:15.510 Df installcoordinationd[74674:8b7c6c] [com.apple.installcoordination:daemon] -[IXSDataPromiseManager registerPromise:]: Registered promise <IXSPromisedTransferToPath(0x1038f8c00) Name:Icon resources for com.DefaultCompany.NeonDrift.run.1782485248.76636 Creator:InstallCoordination Simple SPI UUID:7238BFA9-E2BC-48C4-A2F8-F4762D1A97BF Location:[system-defined]> for UUID 7238BFA9-E2BC-48C4-A2F8-F4762D1A97BF
2026-06-26 22:48:15.513 Df CoreSimulatorBridge[74501:8bc699] [com.apple.installcoordination:framework] -[IXPromisedTransferToPath setComplete:]: <IXPromisedTransferToPath<0x105c90ec0> name:"Icon resources for com.DefaultCompany.NeonDrift.run.1782485248.76636" uuid:7238BFA9-E2BC-48C4-A2F8-F4762D1A97BF creator:"InstallCoordination Simple SPI" location:[system-defined]> Move operation from /Users/dragonkao/Library/Developer/CoreSimulator/Devices/CC47DE7A-8196-4465-A5A5-BB852C9C6C82/data/Containers/Shared/SystemGroup/systemgroup.com.apple.installcoordinationd/Library/InstallCoordination/PromiseStaging/7238BFA9-E2BC-48C4-A2F8-F4762D1A97BF/temp.iKQFcR to /Users/dragonkao/Library/Developer/CoreSimulator/Devices/CC47DE7A-8196-4465-A5A5-BB852C9C6C82/data/Containers/Shared/SystemGroup/systemgroup.com.apple.installcoordinationd/Library/InstallCoordination/PromiseStaging/7238BFA9-E2BC-48C4-A2F8-F4762D1A97BF/temp.iKQFcR took 0.000052 seconds
2026-06-26 22:48:15.513 Df installcoordinationd[74674:8b7c6c] [com.apple.installcoordination:daemon] -[IXSDataPromise _setPercentComplete:saveStateIfNeeded:]: Progress: <IXSPromisedTransferToPath(0x1038f8c00) Name:Icon resources for com.DefaultCompany.NeonDrift.run.1782485248.76636 Creator:InstallCoordination Simple SPI UUID:7238BFA9-E2BC-48C4-A2F8-F4762D1A97BF Location:[system-defined]>
2026-06-26 22:48:15.514 Df installcoordinationd[74674:8bc69b] [com.apple.installcoordination:daemon] -[IXSDataPromiseManager promiseDidBegin:]: Unowned promise began: <IXSPromisedTransferToPath(0x1038f8c00) Name:Icon resources for com.DefaultCompany.NeonDrift.run.1782485248.76636 Creator:InstallCoordination Simple SPI UUID:7238BFA9-E2BC-48C4-A2F8-F4762D1A97BF Location:[system-defined]>
2026-06-26 22:48:15.514 Df installcoordinationd[74674:8bc69b] [com.apple.installcoordination:daemon] -[IXSDataPromiseManager promise:didUpdateProgress:]: Unowned promise update progress to 1.000000 : <IXSPromisedTransferToPath(0x1038f8c00) Name:Icon resources for com.DefaultCompany.NeonDrift.run.1782485248.76636 Creator:InstallCoordination Simple SPI UUID:7238BFA9-E2BC-48C4-A2F8-F4762D1A97BF Location:[system-defined]>
2026-06-26 22:48:15.514 Df installcoordinationd[74674:8bc69b] [com.apple.installcoordination:daemon] -[IXSDataPromiseManager promiseDidComplete:]: Unowned promise completed: <IXSPromisedTransferToPath(0x1038f8c00) Name:Icon resources for com.DefaultCompany.NeonDrift.run.1782485248.76636 Creator:InstallCoordination Simple SPI UUID:7238BFA9-E2BC-48C4-A2F8-F4762D1A97BF Location:[system-defined]>
2026-06-26 22:48:15.515 Df installcoordinationd[74674:8b7c6c] [com.apple.installcoordination:daemon] -[IXSDataPromise _setPercentComplete:saveStateIfNeeded:]: Progress: <IXSPromisedInMemoryDictionary(0x1038f9180) Name:Info.plist icon content for com.DefaultCompany.NeonDrift.run.1782485248.76636 Creator:InstallCoordination Simple SPI UUID:2D664ADB-579D-47F1-8B6A-D2F7A08BB8E6 Location:[system-defined]>
2026-06-26 22:48:15.515 Df installcoordinationd[74674:8b7c6c] [com.apple.installcoordination:daemon] -[IXSDataPromiseManager registerPromise:]: Registered promise <IXSPromisedInMemoryDictionary(0x1038f9180) Name:Info.plist icon content for com.DefaultCompany.NeonDrift.run.1782485248.76636 Creator:InstallCoordination Simple SPI UUID:2D664ADB-579D-47F1-8B6A-D2F7A08BB8E6 Location:[system-defined]> for UUID 2D664ADB-579D-47F1-8B6A-D2F7A08BB8E6
2026-06-26 22:48:15.515 Df installcoordinationd[74674:8bc69f] [com.apple.installcoordination:daemon] -[IXSDataPromiseManager promiseDidBegin:]: Unowned promise began: <IXSPromisedInMemoryDictionary(0x1038f9180) Name:Info.plist icon content for com.DefaultCompany.NeonDrift.run.1782485248.76636 Creator:InstallCoordination Simple SPI UUID:2D664ADB-579D-47F1-8B6A-D2F7A08BB8E6 Location:[system-defined]>
2026-06-26 22:48:15.515 Df installcoordinationd[74674:8bc69f] [com.apple.installcoordination:daemon] -[IXSDataPromiseManager promise:didUpdateProgress:]: Unowned promise update progress to 1.000000 : <IXSPromisedInMemoryDictionary(0x1038f9180) Name:Info.plist icon content for com.DefaultCompany.NeonDrift.run.1782485248.76636 Creator:InstallCoordination Simple SPI UUID:2D664ADB-579D-47F1-8B6A-D2F7A08BB8E6 Location:[system-defined]>
2026-06-26 22:48:15.515 Df installcoordinationd[74674:8bc69f] [com.apple.installcoordination:daemon] -[IXSDataPromiseManager promiseDidComplete:]: Unowned promise completed: <IXSPromisedInMemoryDictionary(0x1038f9180) Name:Info.plist icon content for com.DefaultCompany.NeonDrift.run.1782485248.76636 Creator:InstallCoordination Simple SPI UUID:2D664ADB-579D-47F1-8B6A-D2F7A08BB8E6 Location:[system-defined]>
2026-06-26 22:48:15.516 Df installcoordinationd[74674:8b7c6c] [com.apple.installcoordination:daemon] -[IXSPlaceholder setIconResourcesPromise:]: <IXSPlaceholder(0x1039243c0) Name:App Placeholder: NeonDrift.run.1782485248.76636 (com.DefaultCompany.NeonDrift.run.1782485248.76636) Creator:InstallCoordination Simple SPI UUID:A78F35D1-C52A-4A8E-B1D6-7F2EA7282354 Location:[system-defined]>: setting icon resources promise to <IXSPromisedTransferToPath(0x1038f8c00) Name:Icon resources for com.DefaultCompany.NeonDrift.run.1782485248.76636 Creator:InstallCoordination Simple SPI UUID:7238BFA9-E2BC-48C4-A2F8-F4762D1A97BF Location:[system-defined]>
2026-06-26 22:48:15.516 Df installcoordinationd[74674:8b7c6c] [com.apple.installcoordination:daemon] -[IXSPlaceholder setInfoPlistIconContentPromise:]: <IXSPlaceholder(0x1039243c0) Name:App Placeholder: NeonDrift.run.1782485248.76636 (com.DefaultCompany.NeonDrift.run.1782485248.76636) Creator:InstallCoordination Simple SPI UUID:A78F35D1-C52A-4A8E-B1D6-7F2EA7282354 Location:[system-defined]>: setting Info.plist icon content promise to <IXSPromisedInMemoryDictionary(0x1038f9180) Name:Info.plist icon content for com.DefaultCompany.NeonDrift.run.1782485248.76636 Creator:InstallCoordination Simple SPI UUID:2D664ADB-579D-47F1-8B6A-D2F7A08BB8E6 Location:[system-defined]>
2026-06-26 22:48:15.517 Df installcoordinationd[74674:8b7c6c] [com.apple.installcoordination:daemon] -[IXSDataPromiseManager promiseDidBegin:]: Unowned promise began: <IXSPlaceholder(0x1039243c0) Name:App Placeholder: NeonDrift.run.1782485248.76636 (com.DefaultCompany.NeonDrift.run.1782485248.76636) Creator:InstallCoordination Simple SPI UUID:A78F35D1-C52A-4A8E-B1D6-7F2EA7282354 Location:[system-defined]>
2026-06-26 22:48:15.517 Df installcoordinationd[74674:8b7c6c] [com.apple.installcoordination:daemon] -[IXSDataPromiseManager promise:didUpdateProgress:]: Unowned promise update progress to 0.000000 : <IXSPlaceholder(0x1039243c0) Name:App Placeholder: NeonDrift.run.1782485248.76636 (com.DefaultCompany.NeonDrift.run.1782485248.76636) Creator:InstallCoordination Simple SPI UUID:A78F35D1-C52A-4A8E-B1D6-7F2EA7282354 Location:[system-defined]>
2026-06-26 22:48:15.517 Df installcoordinationd[74674:8bc69b] [com.apple.installcoordination:daemon] -[IXSDataPromiseManager promise:didUpdateProgress:]: Unowned promise update progress to 0.000000 : <IXSPlaceholder(0x1039243c0) Name:App Placeholder: NeonDrift.run.1782485248.76636 (com.DefaultCompany.NeonDrift.run.1782485248.76636) Creator:InstallCoordination Simple SPI UUID:A78F35D1-C52A-4A8E-B1D6-7F2EA7282354 Location:[system-defined]>
2026-06-26 22:48:15.518 Df installcoordinationd[74674:8bc69f] [com.apple.installcoordination:daemon] -[IXSDataPromise _setPercentComplete:saveStateIfNeeded:]: Progress: <IXSPromisedInMemoryDictionary(0x1038f9300) Name:Localizations for com.DefaultCompany.NeonDrift.run.1782485248.76636 Creator:InstallCoordination Simple SPI UUID:21DBBCF9-6CBD-44AF-876F-D927FF4BE09D Location:[system-defined]>
2026-06-26 22:48:15.518 Df installcoordinationd[74674:8bc69f] [com.apple.installcoordination:daemon] -[IXSDataPromiseManager registerPromise:]: Registered promise <IXSPromisedInMemoryDictionary(0x1038f9300) Name:Localizations for com.DefaultCompany.NeonDrift.run.1782485248.76636 Creator:InstallCoordination Simple SPI UUID:21DBBCF9-6CBD-44AF-876F-D927FF4BE09D Location:[system-defined]> for UUID 21DBBCF9-6CBD-44AF-876F-D927FF4BE09D
2026-06-26 22:48:15.519 Df installcoordinationd[74674:8bc69b] [com.apple.installcoordination:daemon] -[IXSDataPromiseManager promiseDidBegin:]: Unowned promise began: <IXSPromisedInMemoryDictionary(0x1038f9300) Name:Localizations for com.DefaultCompany.NeonDrift.run.1782485248.76636 Creator:InstallCoordination Simple SPI UUID:21DBBCF9-6CBD-44AF-876F-D927FF4BE09D Location:[system-defined]>
2026-06-26 22:48:15.519 Df installcoordinationd[74674:8bc69b] [com.apple.installcoordination:daemon] -[IXSDataPromiseManager promise:didUpdateProgress:]: Unowned promise update progress to 1.000000 : <IXSPromisedInMemoryDictionary(0x1038f9300) Name:Localizations for com.DefaultCompany.NeonDrift.run.1782485248.76636 Creator:InstallCoordination Simple SPI UUID:21DBBCF9-6CBD-44AF-876F-D927FF4BE09D Location:[system-defined]>
2026-06-26 22:48:15.519 Df installcoordinationd[74674:8bc69b] [com.apple.installcoordination:daemon] -[IXSDataPromiseManager promiseDidComplete:]: Unowned promise completed: <IXSPromisedInMemoryDictionary(0x1038f9300) Name:Localizations for com.DefaultCompany.NeonDrift.run.1782485248.76636 Creator:InstallCoordination Simple SPI UUID:21DBBCF9-6CBD-44AF-876F-D927FF4BE09D Location:[system-defined]>
2026-06-26 22:48:15.519 Df installcoordinationd[74674:8bc69b] [com.apple.installcoordination:daemon] -[IXSPlaceholder setLocalizationDictionaryPromise:]: <IXSPlaceholder(0x1039243c0) Name:App Placeholder: NeonDrift.run.1782485248.76636 (com.DefaultCompany.NeonDrift.run.1782485248.76636) Creator:InstallCoordination Simple SPI UUID:A78F35D1-C52A-4A8E-B1D6-7F2EA7282354 Location:[system-defined]>: setting localization dict promise to <IXSPromisedInMemoryDictionary(0x1038f9300) Name:Localizations for com.DefaultCompany.NeonDrift.run.1782485248.76636 Creator:InstallCoordination Simple SPI UUID:21DBBCF9-6CBD-44AF-876F-D927FF4BE09D Location:[system-defined]>
2026-06-26 22:48:15.519 Df installcoordinationd[74674:8bc69b] [com.apple.installcoordination:daemon] -[IXSDataPromiseManager promise:didUpdateProgress:]: Unowned promise update progress to 0.000000 : <IXSPlaceholder(0x1039243c0) Name:App Placeholder: NeonDrift.run.1782485248.76636 (com.DefaultCompany.NeonDrift.run.1782485248.76636) Creator:InstallCoordination Simple SPI UUID:A78F35D1-C52A-4A8E-B1D6-7F2EA7282354 Location:[system-defined]>
2026-06-26 22:48:15.519 Df installcoordinationd[74674:8b7c6c] [com.apple.installcoordination:daemon] -[IXSPlaceholder setConfigurationComplete:]: <IXSPlaceholder(0x1039243c0) Name:App Placeholder: NeonDrift.run.1782485248.76636 (com.DefaultCompany.NeonDrift.run.1782485248.76636) Creator:InstallCoordination Simple SPI UUID:A78F35D1-C52A-4A8E-B1D6-7F2EA7282354 Location:[system-defined]>: setting configuration complete to Y
2026-06-26 22:48:15.520 Df installcoordinationd[74674:8b7c6c] [com.apple.installcoordination:daemon] -[IXSPlaceholder _materialize]: <IXSPlaceholder(0x1039243c0) Name:App Placeholder: NeonDrift.run.1782485248.76636 (com.DefaultCompany.NeonDrift.run.1782485248.76636) Creator:InstallCoordination Simple SPI UUID:A78F35D1-C52A-4A8E-B1D6-7F2EA7282354 Location:[system-defined]>: Materializing placeholder at /Users/dragonkao/Library/Developer/CoreSimulator/Devices/CC47DE7A-8196-4465-A5A5-BB852C9C6C82/data/Containers/Shared/SystemGroup/systemgroup.com.apple.installcoordinationd/Library/InstallCoordination/PromiseStaging/A78F35D1-C52A-4A8E-B1D6-7F2EA7282354/NeonDrift.run.1782485248.76636.app
2026-06-26 22:48:15.520 Df installcoordinationd[74674:8b7c6c] [com.apple.installcoordination:daemon] -[IXSPlaceholder _materialize]: <IXSPlaceholder(0x1039243c0) Name:App Placeholder: NeonDrift.run.1782485248.76636 (com.DefaultCompany.NeonDrift.run.1782485248.76636) Creator:InstallCoordination Simple SPI UUID:A78F35D1-C52A-4A8E-B1D6-7F2EA7282354 Location:[system-defined]>: Using Info.plist icon content: {
    CFBundleIcons =     {
        CFBundlePrimaryIcon =         {
            CFBundleIconName = AppIcon;
        };
    };
    "CFBundleIcons~ipad" =     {
        CFBundlePrimaryIcon =         {
            CFBundleIconName = AppIcon;
        };
    };
    ISIconPlatform = iPhoneOS;
}
2026-06-26 22:48:15.520 Df installcoordinationd[74674:8b7c6c] [com.apple.installcoordination:daemon] -[IXSPlaceholder _materialize]_block_invoke: <IXSPlaceholder(0x1039243c0) Name:App Placeholder: NeonDrift.run.1782485248.76636 (com.DefaultCompany.NeonDrift.run.1782485248.76636) Creator:InstallCoordination Simple SPI UUID:A78F35D1-C52A-4A8E-B1D6-7F2EA7282354 Location:[system-defined]>: Using icon resource Assets.car
2026-06-26 22:48:15.520 Df installcoordinationd[74674:8b7c6c] [com.apple.installcoordination:daemon] -[IXSPlaceholder _materialize]: <IXSPlaceholder(0x1039243c0) Name:App Placeholder: NeonDrift.run.1782485248.76636 (com.DefaultCompany.NeonDrift.run.1782485248.76636) Creator:InstallCoordination Simple SPI UUID:A78F35D1-C52A-4A8E-B1D6-7F2EA7282354 Location:[system-defined]>: Including lproj localizations for (
)
2026-06-26 22:48:15.521 Df installcoordinationd[74674:8bc69b] [com.apple.installcoordination:daemon] -[IXSDataPromiseManager promiseDidComplete:]: Unowned promise completed: <IXSPlaceholder(0x1039243c0) Name:App Placeholder: NeonDrift.run.1782485248.76636 (com.DefaultCompany.NeonDrift.run.1782485248.76636) Creator:InstallCoordination Simple SPI UUID:A78F35D1-C52A-4A8E-B1D6-7F2EA7282354 Location:[system-defined]>
2026-06-26 22:48:15.521 Df installcoordinationd[74674:8b7c6c] [com.apple.installcoordination:daemon] -[IXSDataPromiseManager registerPromise:]: Registered promise <IXSPromisedTransferToPath(0x1038f9480) Name:App Asset: com.DefaultCompany.NeonDrift.run.1782485248.76636 Creator:InstallCoordination Simple SPI UUID:2AFC75B4-26A3-4EB5-9DFD-BD94349A11F8 Location:[system-defined]> for UUID 2AFC75B4-26A3-4EB5-9DFD-BD94349A11F8
2026-06-26 22:48:15.523 Df installcoordinationd[74674:8bc69b] [com.apple.installcoordination:daemon] -[IXSCoordinatorManager coordinatorForIdentity:connection:error:creatingIfNotExisting:]_block_invoke: Registered coordinator: <IXSCoordinatedAppInstall<0x103a10000> [P=CoreSimulatorBridge (pid 74501)] identifier:[com.DefaultCompany.NeonDrift.run.1782485248.76636/Invalid/[system-defined]] uuid:5F0A9FD4-7FEE-4014-BCDE-507E0BA813F8 intent:IXCoordinatorIntentInitiating creator/appDRI:InstallCoordination Simple SPI importance:Background state:IXAppCoordinationStatePlaceholderPromiseNotSet promise-state:01234>
2026-06-26 22:48:15.523 Df installcoordinationd[74674:8bc69b] [com.apple.appinstallation:TransactionLog] com.DefaultCompany.NeonDrift.run.1782485248.76636/Unknown Persona:4:1:1:1:Created coordinator with intent IXCoordinatorIntentInitiating for client InstallCoordination Simple SPI
2026-06-26 22:48:15.523 Df installcoordinationd[74674:8bc69b] [com.apple.installcoordination:daemon] -[IXSCoordinatedAppInstall setPriorityBoostCompletion:withSourceInfo:]: <IXSCoordinatedAppInstall<0x103a10000> [P=CoreSimulatorBridge (pid 74501)] identifier:[com.DefaultCompany.NeonDrift.run.1782485248.76636/Invalid/[system-defined]] uuid:5F0A9FD4-7FEE-4014-BCDE-507E0BA813F8 intent:IXCoordinatorIntentInitiating creator/appDRI:InstallCoordination Simple SPI importance:Background state:IXAppCoordinationStatePlaceholderPromiseNotSet promise-state:01234>: Retaining completion from CoreSimulatorBridge (74501), QOS_CLASS_DEFAULT (0x15)
2026-06-26 22:48:15.523 Df installcoordinationd[74674:8bc69b] [com.apple.installcoordination:daemon] -[IXSCoordinatedAppInstall setImportance:]: <IXSCoordinatedAppInstall<0x103a10000> [P=CoreSimulatorBridge (pid 74501)] identifier:[com.DefaultCompany.NeonDrift.run.1782485248.76636/Invalid/[system-defined]] uuid:5F0A9FD4-7FEE-4014-BCDE-507E0BA813F8 intent:IXCoordinatorIntentInitiating creator/appDRI:InstallCoordination Simple SPI importance:UserWaiting state:IXAppCoordinationStatePlaceholderPromiseNotSet promise-state:01234>: set importance to UserWaiting
2026-06-26 22:48:15.523 Df installcoordinationd[74674:8bc69b] [com.apple.installcoordination:daemon] -[IXSCoordinatedAppInstall _onQueue_fireObserversForClient:]: <IXSCoordinatedAppInstall<0x103a10000> [P=CoreSimulatorBridge (pid 74501)] identifier:[com.DefaultCompany.NeonDrift.run.1782485248.76636/Invalid/[system-defined]] uuid:5F0A9FD4-7FEE-4014-BCDE-507E0BA813F8 intent:IXCoordinatorIntentInitiating creator/appDRI:InstallCoordination Simple SPI importance:UserWaiting state:IXAppCoordinationStatePlaceholderPromiseNotSet promise-state:01234>: Firing applicable observers for client <IXSClientConnection<0x103858960> client:CoreSimulatorBridge (pid 74501) uuid:08E95E2A-59BE-4411-9106-5DEEEA0E4646>
2026-06-26 22:48:15.523 Df installcoordinationd[74674:8bc69b] [com.apple.installcoordination:daemon] -[IXSCoordinatedAppInstall setPriorityBoostCompletion:withSourceInfo:]: <IXSCoordinatedAppInstall<0x103a10000> [P=CoreSimulatorBridge (pid 74501)] identifier:[com.DefaultCompany.NeonDrift.run.1782485248.76636/Invalid/[system-defined]] uuid:5F0A9FD4-7FEE-4014-BCDE-507E0BA813F8 intent:IXCoordinatorIntentInitiating creator/appDRI:InstallCoordination Simple SPI importance:UserWaiting state:IXAppCoordinationStatePlaceholderPromiseNotSet promise-state:01234>: Disposing of completion from CoreSimulatorBridge (74501), QOS_CLASS_DEFAULT (0x15)
2026-06-26 22:48:15.523 Df installcoordinationd[74674:8bc69b] [com.apple.installcoordination:daemon] -[IXSCoordinatedAppInstall setPriorityBoostCompletion:withSourceInfo:]: <IXSCoordinatedAppInstall<0x103a10000> [P=CoreSimulatorBridge (pid 74501)] identifier:[com.DefaultCompany.NeonDrift.run.1782485248.76636/Invalid/[system-defined]] uuid:5F0A9FD4-7FEE-4014-BCDE-507E0BA813F8 intent:IXCoordinatorIntentInitiating creator/appDRI:InstallCoordination Simple SPI importance:UserWaiting state:IXAppCoordinationStatePlaceholderPromiseNotSet promise-state:01234>: Retaining completion from CoreSimulatorBridge (74501), QOS_CLASS_DEFAULT (0x15)
2026-06-26 22:48:15.523 Df CoreSimulatorBridge[74501:8bc69e] [com.apple.installcoordination:framework] -[IXAppInstallCoordinator _clientDelegate_didRegisterForObservation]: <IXInitiatingAppInstallCoordinator<0x105c91a80> identity:[com.DefaultCompany.NeonDrift.run.1782485248.76636/Invalid/[system-defined]] uuid:5F0A9FD4-7FEE-4014-BCDE-507E0BA813F8 creator:InstallCoordination Simple SPI>: Got observer registration delegate
2026-06-26 22:48:15.523 Df CoreSimulatorBridge[74501:8bc69e] [com.apple.installcoordination:framework] -[IXAppInstallCoordinator _clientDelegate_didRegisterForObservation]_block_invoke: <IXInitiatingAppInstallCoordinator<0x105c91a80> identity:[com.DefaultCompany.NeonDrift.run.1782485248.76636/Invalid/[system-defined]] uuid:5F0A9FD4-7FEE-4014-BCDE-507E0BA813F8 creator:InstallCoordination Simple SPI>: Observer <_IXSimpleInstallerDelegate 0x0x105c5bfc0> does not respond to coordinatorDidRegisterForObservation:
2026-06-26 22:48:15.523 Df CoreSimulatorBridge[74501:8bc69e] [com.apple.installcoordination:framework] -[IXAppInstallCoordinator _clientDelegate_shouldResume]: <IXInitiatingAppInstallCoordinator<0x105c91a80> identity:[com.DefaultCompany.NeonDrift.run.1782485248.76636/Invalid/[system-defined]] uuid:5F0A9FD4-7FEE-4014-BCDE-507E0BA813F8 creator:InstallCoordination Simple SPI>: Got should resume delegate
2026-06-26 22:48:15.523 Df CoreSimulatorBridge[74501:8bc69e] [com.apple.installcoordination:framework] -[IXAppInstallCoordinator _clientDelegate_shouldResume]_block_invoke: <IXInitiatingAppInstallCoordinator<0x105c91a80> identity:[com.DefaultCompany.NeonDrift.run.1782485248.76636/Invalid/[system-defined]] uuid:5F0A9FD4-7FEE-4014-BCDE-507E0BA813F8 creator:InstallCoordination Simple SPI>: Observer <_IXSimpleInstallerDelegate 0x0x105c5bfc0> does not respond to coordinatorShouldResume:
2026-06-26 22:48:15.525 Df installcoordinationd[74674:8bc69b] [com.apple.installcoordination:daemon] -[IXSCoordinatedAppInstall _internal_setInstallOptionsPromise:performExternalActions:]: <IXSCoordinatedAppInstall<0x103a10000> [P=CoreSimulatorBridge (pid 74501)] identifier:[com.DefaultCompany.NeonDrift.run.1782485248.76636/Invalid/[system-defined]] uuid:5F0A9FD4-7FEE-4014-BCDE-507E0BA813F8 intent:IXCoordinatorIntentInitiating creator/appDRI:InstallCoordination Simple SPI importance:UserWaiting state:IXAppCoordinationStatePlaceholderPromiseNotSet promise-state:012I4> : install options set: <IXSPromisedInMemoryData(0x1038f9780) Name:MIInstallOptions data Creator:Install Coordination Internal UUID:91D2559E-992F-43A7-B5A5-D80F3CC136B2 Location:[system-defined]>
2026-06-26 22:48:15.525 Df installcoordinationd[74674:8bc69f] [com.apple.installcoordination:daemon] -[IXSCoordinatedAppInstall promiseDidComplete:]: <IXSCoordinatedAppInstall<0x103a10000> [P=CoreSimulatorBridge (pid 74501)] identifier:[com.DefaultCompany.NeonDrift.run.1782485248.76636/Invalid/[system-defined]] uuid:5F0A9FD4-7FEE-4014-BCDE-507E0BA813F8 intent:IXCoordinatorIntentInitiating creator/appDRI:InstallCoordination Simple SPI importance:UserWaiting state:IXAppCoordinationStatePlaceholderPromiseNotSet promise-state:012I4> : Promise completed: <IXSPromisedInMemoryData(0x1038f9780) Name:MIInstallOptions data Creator:Install Coordination Internal UUID:91D2559E-992F-43A7-B5A5-D80F3CC136B2 Location:[system-defined]>
2026-06-26 22:48:15.525 Df installcoordinationd[74674:8bc69f] [com.apple.appinstallation:TransactionLog] com.DefaultCompany.NeonDrift.run.1782485248.76636/Unknown Persona:4:13:1:1:Install Options Promise began. Coordinator State: IXAppCoordinationStatePlaceholderPromiseNotSet
2026-06-26 22:48:15.525 Df installcoordinationd[74674:8bc69f] [com.apple.appinstallation:TransactionLog] com.DefaultCompany.NeonDrift.run.1782485248.76636/Unknown Persona:4:13:2:1:Install Options Promise completed. Coordinator State: IXAppCoordinationStatePlaceholderPromiseNotSet
2026-06-26 22:48:15.525 Df installcoordinationd[74674:8bc69f] [com.apple.installcoordination:daemon] -[IXSCoordinatedAppInstall _internal_setAppAssetPromise:performExternalActions:]: <IXSCoordinatedAppInstall<0x103a10000> [P=CoreSimulatorBridge (pid 74501)] identifier:[com.DefaultCompany.NeonDrift.run.1782485248.76636/Invalid/[system-defined]] uuid:5F0A9FD4-7FEE-4014-BCDE-507E0BA813F8 intent:IXCoordinatorIntentInitiating creator/appDRI:InstallCoordination Simple SPI importance:UserWaiting state:IXAppCoordinationStatePlaceholderPromiseNotSet promise-state:0a2I4> : App Asset Promise set: <IXSPromisedTransferToPath(0x1038f9480) Name:App Asset: com.DefaultCompany.NeonDrift.run.1782485248.76636 Creator:InstallCoordination Simple SPI UUID:2AFC75B4-26A3-4EB5-9DFD-BD94349A11F8 Location:[system-defined]>
2026-06-26 22:48:15.526 Df installcoordinationd[74674:8bc69f] [com.apple.installcoordination:daemon] -[IXSCoordinatedAppInstall setInitialODRAssetPromises:]: <IXSCoordinatedAppInstall<0x103a10000> [P=CoreSimulatorBridge (pid 74501)] identifier:[com.DefaultCompany.NeonDrift.run.1782485248.76636/Invalid/[system-defined]] uuid:5F0A9FD4-7FEE-4014-BCDE-507E0BA813F8 intent:IXCoordinatorIntentInitiating creator/appDRI:InstallCoordination Simple SPI importance:UserWaiting state:IXAppCoordinationStatePlaceholderPromiseNotSet promise-state:0a2I4> : Initial ODR Asset Promises set: (
)
2026-06-26 22:48:15.538 Df CoreSimulatorBridge[74501:8bc699] [com.apple.installcoordination:framework] -[IXPromisedTransferToPath setComplete:]: <IXPromisedTransferToPath<0x105c91840> name:"App Asset: com.DefaultCompany.NeonDrift.run.1782485248.76636" uuid:2AFC75B4-26A3-4EB5-9DFD-BD94349A11F8 creator:"InstallCoordination Simple SPI" location:[system-defined]> Copy operation from /Users/dragonkao/.openclaw/workspace/382b9e3384298039b171c9b2a60ae644/NeonDrift_MVP/project/xcode_derived_data/Build/Products/Release-iphonesimulator/NeonDrift.run.1782485248.76636.app to /Users/dragonkao/Library/Developer/CoreSimulator/Devices/CC47DE7A-8196-4465-A5A5-BB852C9C6C82/data/Containers/Shared/SystemGroup/systemgroup.com.apple.installcoordinationd/Library/InstallCoordination/PromiseStaging/2AFC75B4-26A3-4EB5-9DFD-BD94349A11F8/NeonDrift.run.1782485248.76636.app took 0.011713 seconds
2026-06-26 22:48:15.539 Df installcoordinationd[74674:8bc69f] [com.apple.installcoordination:daemon] -[IXSDataPromise _setPercentComplete:saveStateIfNeeded:]: Progress: <IXSPromisedTransferToPath(0x1038f9480) Name:App Asset: com.DefaultCompany.NeonDrift.run.1782485248.76636 Creator:InstallCoordination Simple SPI UUID:2AFC75B4-26A3-4EB5-9DFD-BD94349A11F8 Location:[system-defined]>
2026-06-26 22:48:15.539 Df installcoordinationd[74674:8bc69b] [com.apple.appinstallation:TransactionLog] com.DefaultCompany.NeonDrift.run.1782485248.76636/Unknown Persona:4:10:1:1:App Asset Promise began. Coordinator State: IXAppCoordinationStatePlaceholderPromiseNotSet
2026-06-26 22:48:15.539 Df CoreSimulatorBridge[74501:8bc69e] [com.apple.installcoordination:framework] -[IXAppInstallCoordinator _clientDelegate_promiseDidBeginFulfillmentWithIdentifier:]: <IXInitiatingAppInstallCoordinator<0x105c91a80> identity:[com.DefaultCompany.NeonDrift.run.1782485248.76636/Invalid/[system-defined]] uuid:5F0A9FD4-7FEE-4014-BCDE-507E0BA813F8 creator:InstallCoordination Simple SPI>: Got promise did begin fulfillment for identifier 2
2026-06-26 22:48:15.539 Df CoreSimulatorBridge[74501:8bc69e] [com.apple.installcoordination:framework] -[IXAppInstallCoordinator _clientDelegate_promiseDidBeginFulfillmentWithIdentifier:]_block_invoke: <IXInitiatingAppInstallCoordinator<0x105c91a80> identity:[com.DefaultCompany.NeonDrift.run.1782485248.76636/Invalid/[system-defined]] uuid:5F0A9FD4-7FEE-4014-BCDE-507E0BA813F8 creator:InstallCoordination Simple SPI>: Observer <_IXSimpleInstallerDelegate 0x0x105c5bfc0> does not respond to coordinator:configuredPromiseDidBeginFulfillment: (or any deprecated equivalent)
2026-06-26 22:48:15.540 Df installcoordinationd[74674:8bc69f] [com.apple.installcoordination:daemon] -[IXSCoordinatedAppInstall promiseDidComplete:]: <IXSCoordinatedAppInstall<0x103a10000> [P=CoreSimulatorBridge (pid 74501)] identifier:[com.DefaultCompany.NeonDrift.run.1782485248.76636/Invalid/[system-defined]] uuid:5F0A9FD4-7FEE-4014-BCDE-507E0BA813F8 intent:IXCoordinatorIntentInitiating creator/appDRI:InstallCoordination Simple SPI importance:UserWaiting state:IXAppCoordinationStatePlaceholderPromiseNotSet promise-state:0A2I4> : Promise completed: <IXSPromisedTransferToPath(0x1038f9480) Name:App Asset: com.DefaultCompany.NeonDrift.run.1782485248.76636 Creator:InstallCoordination Simple SPI UUID:2AFC75B4-26A3-4EB5-9DFD-BD94349A11F8 Location:[system-defined]>
2026-06-26 22:48:15.540 Df installcoordinationd[74674:8bc6a5] [com.apple.appinstallation:TransactionLog] com.DefaultCompany.NeonDrift.run.1782485248.76636/Unknown Persona:4:10:2:1:App Asset Promise completed. Coordinator State: IXAppCoordinationStatePlaceholderPromiseNotSet
2026-06-26 22:48:15.540 Df CoreSimulatorBridge[74501:8bc69e] [com.apple.installcoordination:framework] -[IXAppInstallCoordinator _clientDelegate_didUpdateProgress:forPhase:overallProgress:]: <IXInitiatingAppInstallCoordinator<0x105c91a80> identity:[com.DefaultCompany.NeonDrift.run.1782485248.76636/Invalid/[system-defined]] uuid:5F0A9FD4-7FEE-4014-BCDE-507E0BA813F8 creator:InstallCoordination Simple SPI>: Got did update progress delegate with percentComplete 100.000000 phase IXCoordinatorProgressPhaseLoading overallProgress 60.000000
2026-06-26 22:48:15.540 Df CoreSimulatorBridge[74501:8bc69e] [com.apple.installcoordination:framework] -[IXAppInstallCoordinator _clientDelegate_didUpdateProgress:forPhase:overallProgress:]_block_invoke: <IXInitiatingAppInstallCoordinator<0x105c91a80> identity:[com.DefaultCompany.NeonDrift.run.1782485248.76636/Invalid/[system-defined]] uuid:5F0A9FD4-7FEE-4014-BCDE-507E0BA813F8 creator:InstallCoordination Simple SPI>: Calling selector coordinator:didUpdateProgress:forPhase:overallProgress: on observer <_IXSimpleInstallerDelegate 0x0x105c5bfc0>
2026-06-26 22:48:15.540 Df installcoordinationd[74674:8bc6a4] [com.apple.installcoordination:daemon] -[IXSCoordinatedAppInstall setPlaceholderPromise:]: <IXSCoordinatedAppInstall<0x103a10000> [P=CoreSimulatorBridge (pid 74501)] identifier:[com.DefaultCompany.NeonDrift.run.1782485248.76636/Invalid/[system-defined]] uuid:5F0A9FD4-7FEE-4014-BCDE-507E0BA813F8 intent:IXCoordinatorIntentInitiating creator/appDRI:InstallCoordination Simple SPI importance:UserWaiting state:IXAppCoordinationStateReadyForPlaceholderInstall promise-state:PA2I4> : Placeholder Promise set: <IXSPlaceholder(0x1039243c0) Name:App Placeholder: NeonDrift.run.1782485248.76636 (com.DefaultCompany.NeonDrift.run.1782485248.76636) Creator:InstallCoordination Simple SPI UUID:A78F35D1-C52A-4A8E-B1D6-7F2EA7282354 Location:[system-defined]>
2026-06-26 22:48:15.540 Df installcoordinationd[74674:8bc6a5] [com.apple.installcoordination:daemon] -[IXSCoordinatedAppInstall promiseDidComplete:]: <IXSCoordinatedAppInstall<0x103a10000> [P=CoreSimulatorBridge (pid 74501)] identifier:[com.DefaultCompany.NeonDrift.run.1782485248.76636/Invalid/[system-defined]] uuid:5F0A9FD4-7FEE-4014-BCDE-507E0BA813F8 intent:IXCoordinatorIntentInitiating creator/appDRI:InstallCoordination Simple SPI importance:UserWaiting state:IXAppCoordinationStateReadyForPlaceholderInstall promise-state:PA2I4> : Promise completed: <IXSPlaceholder(0x1039243c0) Name:App Placeholder: NeonDrift.run.1782485248.76636 (com.DefaultCompany.NeonDrift.run.1782485248.76636) Creator:InstallCoordination Simple SPI UUID:A78F35D1-C52A-4A8E-B1D6-7F2EA7282354 Location:[system-defined]>
2026-06-26 22:48:15.540 Df installcoordinationd[74674:8bc6a4] [com.apple.installcoordination:daemon] -[IXSCoordinatedAppInstall _onQueue_acquireAssertionAndInstallPlaceholder]: Acquiring termination assertion to install placeholder for [com.DefaultCompany.NeonDrift.run.1782485248.76636/Invalid/[system-defined]]
2026-06-26 22:48:15.540 Df installcoordinationd[74674:8bc6a4] [com.apple.installcoordination:daemon] -[IXSPendingOperationsTracker beginPendingOperationForIdentity:]_block_invoke: Beginning pending operation for [com.DefaultCompany.NeonDrift.run.1782485248.76636/Invalid/[system-defined]]
2026-06-26 22:48:15.541 Df runningboardd[74472:8bc286] [com.apple.runningboard:connection] Received termination request from [osservice<com.apple.installcoordinationd>:74674] on <RBSProcessPredicate <RBSProcessBundleIdentifierPredicate "com.DefaultCompany.NeonDrift.run.1782485248.76636">> with context <RBSTerminateContext| explanation:installcoordinationd app:[com.DefaultCompany.NeonDrift.run.1782485248.76636/Invalid/[system-defined]] uuid:5F0A9FD4-7FEE-4014-BCDE-507E0BA813F8 isPlaceholder:Y reportType:None maxTerminationResistance:Absolute attrs:[
	<RBSPreventLaunchLimitation| <RBSProcessPredicate <RBSProcessBundleIdentifierPredicate "com.DefaultCompany.NeonDrift.run.1782485248.76636">> allow:(null)>
	]>
2026-06-26 22:48:15.541 Df runningboardd[74472:8bc286] [com.apple.runningboard:general] failed to get LSApplicationRecord for com.DefaultCompany.NeonDrift.run.1782485248.76636 - probably OK
2026-06-26 22:48:15.541 Df runningboardd[74472:8bc286] [com.apple.runningboard:connection] skipping plugin hold for uninstalled proxy com.DefaultCompany.NeonDrift.run.1782485248.76636
2026-06-26 22:48:15.542 Df runningboardd[74472:8bc286] [com.apple.runningboard:ttl] Acquiring assertion targeting system from originator [osservice<com.apple.installcoordinationd>:74674] with description <RBSAssertionDescriptor| "installcoordinationd app:[com.DefaultCompany.NeonDrift.run.1782485248.76636/Invalid/[system-defined]] uuid:5F0A9FD4-7FEE-4014-BCDE-507E0BA813F8 isPlaceholder:Y" ID:74472-74674-602 target:system attributes:[
	<RBSPreventLaunchLimitation| <RBSProcessPredicate <RBSProcessBundleIdentifierPredicate "com.DefaultCompany.NeonDrift.run.1782485248.76636">> allow:(null)>
	]>
2026-06-26 22:48:15.542 Df runningboardd[74472:8bc286] [com.apple.runningboard:process] Executing termination request for: <RBSProcessPredicate <RBSProcessBundleIdentifierPredicate "com.DefaultCompany.NeonDrift.run.1782485248.76636">>
2026-06-26 22:48:15.542 Df SpringBoard[74645:8b79ae] [com.apple.SpringBoard:Common] termination assertion acquired for com.DefaultCompany.NeonDrift.run.1782485248.76636 (app not found)
2026-06-26 22:48:15.542 Df installcoordinationd[74674:8bc6a5] [com.apple.appinstallation:TransactionLog] com.DefaultCompany.NeonDrift.run.1782485248.76636/Unknown Persona:4:9:1:1:Placeholder Promise began. Coordinator State: IXAppCoordinationStateWaitingForPlaceholderAssertion
2026-06-26 22:48:15.542 Df installcoordinationd[74674:8b7c6c] [com.apple.installcoordination:daemon] -[IXSCoordinatedAppInstall assertionAcquiredCallback]: RBS termination assertion observer called for <IXSCoordinatedAppInstall<0x103a10000> [P=CoreSimulatorBridge (pid 74501)] identifier:[com.DefaultCompany.NeonDrift.run.1782485248.76636/Invalid/[system-defined]] uuid:5F0A9FD4-7FEE-4014-BCDE-507E0BA813F8 intent:IXCoordinatorIntentInitiating creator/appDRI:InstallCoordination Simple SPI importance:UserWaiting state:IXAppCoordinationStateWaitingForPlaceholderAssertion promise-state:PA2I4>
2026-06-26 22:48:15.542 Df installcoordinationd[74674:8bc6a5] [com.apple.installcoordination:daemon] -[IXSCoordinatorProgress setTotalUnitsCompleted:]: Progress for coordinator: [com.DefaultCompany.NeonDrift.run.1782485248.76636/Invalid/[system-defined]], Phase: IXCoordinatorProgressPhaseLoading, Percentage: 100.000000: Attempt to set units completed on finished progress: 100
2026-06-26 22:48:15.543 Df installcoordinationd[74674:8bc6a5] [com.apple.appinstallation:TransactionLog] com.DefaultCompany.NeonDrift.run.1782485248.76636/Unknown Persona:4:9:2:1:Placeholder Promise completed. Coordinator State: IXAppCoordinationStateWaitingForPlaceholderAssertion
2026-06-26 22:48:15.543 Df CoreSimulatorBridge[74501:8bc699] [com.apple.installcoordination:framework] -[IXAppInstallCoordinator _clientDelegate_promiseDidBeginFulfillmentWithIdentifier:]: <IXInitiatingAppInstallCoordinator<0x105c91a80> identity:[com.DefaultCompany.NeonDrift.run.1782485248.76636/Invalid/[system-defined]] uuid:5F0A9FD4-7FEE-4014-BCDE-507E0BA813F8 creator:InstallCoordination Simple SPI>: Got promise did begin fulfillment for identifier 1
2026-06-26 22:48:15.543 Df CoreSimulatorBridge[74501:8bc699] [com.apple.installcoordination:framework] -[IXAppInstallCoordinator _clientDelegate_promiseDidBeginFulfillmentWithIdentifier:]_block_invoke: <IXInitiatingAppInstallCoordinator<0x105c91a80> identity:[com.DefaultCompany.NeonDrift.run.1782485248.76636/Invalid/[system-defined]] uuid:5F0A9FD4-7FEE-4014-BCDE-507E0BA813F8 creator:InstallCoordination Simple SPI>: Observer <_IXSimpleInstallerDelegate 0x0x105c5bfc0> does not respond to coordinator:configuredPromiseDidBeginFulfillment: (or any deprecated equivalent)
2026-06-26 22:48:15.543 Df installcoordinationd[74674:8bc6a5] [com.apple.installcoordination:daemon] -[IXSCoordinatedAppInstall _onQueue_installPlaceholder]: Acquired termination assertion for placeholder [com.DefaultCompany.NeonDrift.run.1782485248.76636/Invalid/[system-defined]]; proceeding with install.
2026-06-26 22:48:15.543 Df installcoordinationd[74674:8bc6a5] [com.apple.installcoordination:daemon] -[IXSPowerAssertion initWithAssertionName:details:]: Acquired power assertion IXPowerAssertion-12-[com.DefaultCompany.NeonDrift.run.1782485248.76636/Invalid/[system-defined]]
2026-06-26 22:48:15.544 Df installd[74682:8bc6aa] (MobileSystemServices) 0x16d3bb000 -[MIClientConnection _doInstallationForURL:identity:domain:options:operationType:completion:]: Install of "/Users/dragonkao/Library/Developer/CoreSimulator/Devices/CC47DE7A-8196-4465-A5A5-BB852C9C6C82/data/Containers/Shared/SystemGroup/systemgroup.com.apple.installcoordinationd/Library/InstallCoordination/PromiseStaging/A78F35D1-C52A-4A8E-B1D6-7F2EA7282354/NeonDrift.run.1782485248.76636.app" type Placeholder (LSInstallType = 1, Domain: MIInstallationDomainDefault) requested by installcoordinationd (pid 74674 (501/20))
2026-06-26 22:48:15.547 Df installd[74682:8bc6aa] [com.apple.containermanager:xpc] Query; euid = 501, uid = 501, class = 1, identifier = [com.DefaultCompany.NeonDrift.run.1782485248.76636](1), flags = 300000002
2026-06-26 22:48:15.547 Df installd[74682:8bc6aa] [com.apple.containermanager:xpc] Query; euid = 501, uid = 501, class = 1, identifier = [com.DefaultCompany.NeonDrift.run.1782485248.76636](1), flags = 300000002
2026-06-26 22:48:15.548 Df installd[74682:8bc6aa] (MobileSystemServices) 0x16d3bb000 -[MIInstaller _installInstallable:containingSymlink:error:]: Installing <MIInstallableBundle ID=com.DefaultCompany.NeonDrift.run.1782485248.76636; Persona=com.apple.containermanager.primary-persona, Version=0, ShortVersion=1.0>
2026-06-26 22:48:15.548 Df installd[74682:8bc6aa] [com.apple.appinstallation:TransactionLog] com.DefaultCompany.NeonDrift.run.1782485248.76636/com.apple.containermanager.primary-persona:7:4:1:1:Start : Install (Placeholder)
2026-06-26 22:48:15.550 Df installd[74682:8bc6aa] [com.apple.containermanager:query] Query; euid = 501, uid = 501, class = 4, identifier = [com.DefaultCompany.NeonDrift.run.1782485248.76636](1), flags = 300000002
2026-06-26 22:48:15.550 Df installd[74682:8bc6aa] [com.apple.containermanager:query] Query; euid = 501, uid = 501, class = 4, identifier = [com.DefaultCompany.NeonDrift.run.1782485248.76636](1), flags = 300000002
2026-06-26 22:48:15.550 Df installd[74682:8bc6aa] [com.apple.containermanager:xpc] Query; euid = 501, uid = 501, class = 1, identifier = [com.DefaultCompany.NeonDrift.run.1782485248.76636](1), flags = 300000003
2026-06-26 22:48:15.551 E  containermanagerd_system[74523:8b74e6] [com.apple.containermanager:schema] [com.DefaultCompany.NeonDrift.run.1782485248.76636(1)] Current schema version (1) is newer than the latest (0), ignoring.
2026-06-26 22:48:15.551 Df containermanagerd_system[74523:8b74e6] [com.apple.containermanager:schema] [u 6D640939-D01D-4FC7-96EA-F2FB35C586B8:p 34E8023D-7C82-4165-9674-3F76C9D9E2D6:c com.DefaultCompany.NeonDrift.run.1782485248.76636(1):i31426024] Successfully updated schema from (0) → (0), actions count = 0
2026-06-26 22:48:15.552 Df installd[74682:8bc6aa] [com.apple.containermanager:xpc] Query; euid = 501, uid = 501, class = 1, identifier = [com.DefaultCompany.NeonDrift.run.1782485248.76636](1), flags = 300000002
2026-06-26 22:48:15.553 Df installd[74682:8bc6aa] [com.apple.containermanager:query] Query; euid = 501, uid = 501, class = 2, identifier = [com.DefaultCompany.NeonDrift.run.1782485248.76636](1), flags = 300000003
2026-06-26 22:48:15.554 Df containermanagerd[74533:8b755d] [com.apple.containermanager:schema] [u 9C6EA38E-9593-4832-990C-84C37BCF18C4:p 793DFC33-2B57-4B6E-A10A-FB2B6D8506D0:c com.DefaultCompany.NeonDrift.run.1782485248.76636(2):i31426027] Successfully updated schema from (0) → (1), actions count = 6
2026-06-26 22:48:15.556 Df installd[74682:8bc6aa] [com.apple.containermanager:query] Query; euid = 501, uid = 501, class = 2, identifier = [com.DefaultCompany.NeonDrift.run.1782485248.76636](1), flags = 300000002
2026-06-26 22:48:15.557 Df installd[74682:8bc6aa] (MobileSystemServices) 0x16d3bb000 -[MIInstallationJournalEntry _refreshUUIDForContainer:withError:]: Data container for com.DefaultCompany.NeonDrift.run.1782485248.76636 is now at /Users/dragonkao/Library/Developer/CoreSimulator/Devices/CC47DE7A-8196-4465-A5A5-BB852C9C6C82/data/Containers/Data/Application/CCAC7772-BE58-49DA-8294-AC863A169C60
2026-06-26 22:48:15.557 Df containermanagerd[74533:8b755d] [com.apple.containermanager:schema] [u 9C6EA38E-9593-4832-990C-84C37BCF18C4:p CCAC7772-BE58-49DA-8294-AC863A169C60:c com.DefaultCompany.NeonDrift.run.1782485248.76636(2):i0] Successfully updated schema from (0) → (1), actions count = 6
2026-06-26 22:48:15.558 Df installd[74682:8bc6aa] [com.apple.containermanager:unspecified] Replace; old = <NULL>, new = [temp-app:com.DefaultCompany.NeonDrift.run.1782485248.76636:501::(6D640939-D01D-4FC7-96EA-F2FB35C586B8)]
2026-06-26 22:48:15.559 Df installd[74682:8bc6aa] [com.apple.containermanager:xpc] Query; euid = 501, uid = 501, class = 1, identifier = [com.DefaultCompany.NeonDrift.run.1782485248.76636](1), flags = 300000002
2026-06-26 22:48:15.559 Df installd[74682:8bc6aa] (MobileSystemServices) 0x16d3bb000 -[MIContainer makeContainerLiveReplacingContainer:reason:waitForDeletion:withError:]: Made container live for com.DefaultCompany.NeonDrift.run.1782485248.76636 at /Users/dragonkao/Library/Developer/CoreSimulator/Devices/CC47DE7A-8196-4465-A5A5-BB852C9C6C82/data/Containers/Bundle/Application/3E35D46C-846E-4659-A7AC-173C00AE316B
2026-06-26 22:48:15.560 Df containermanagerd[74533:8b755d] [com.apple.containermanager:codesignmapping] Reconciled [com.DefaultCompany.NeonDrift.run.1782485248.76636]; old app groups: (null), new app groups: (null), old system groups: (null), new system groups: (null)
2026-06-26 22:48:15.561 Df installd[74682:8bc6aa] [com.apple.containermanager:unspecified] Requesting disk usage; class = 1, identifier = com.DefaultCompany.NeonDrift.run.1782485248.76636
2026-06-26 22:48:15.562 Df installd[74682:8bc6aa] [com.apple.containermanager:query] Query; euid = 501, uid = 501, class = 7, identifier = [com.DefaultCompany.NeonDrift.run.1782485248.76636](1), flags = 300000001
2026-06-26 22:48:15.563 Df SpringBoard[74645:8b79ae] [com.apple.SpringBoard:Common] termination assertion released for com.DefaultCompany.NeonDrift.run.1782485248.76636 (app not found)
2026-06-26 22:48:15.572 Df installd[74682:8bc6aa] (MobileSystemServices) 0x16d3bb000 -[MILaunchServicesOperationManager _onQueue_addPendingLaunchServicesOperation:error:]: Added pending LS operation <MILaunchServicesRegisterOperation: 36B773FA-1CA1-4D84-A495-EB1396005080:3 com.DefaultCompany.NeonDrift.run.1782485248.76636/MIInstallationDomainSystemShared personas:[com.apple.containermanager.primary-persona]>
2026-06-26 22:48:15.572 Df lsd[74526:8bc124] [com.apple.launchservices:appinstallation] Post installation registration: request to register com.DefaultCompany.NeonDrift.run.1782485248.76636, operation 36B773FA-1CA1-4D84-A495-EB1396005080, from pid 74682
2026-06-26 22:48:15.572 Df lsd[74526:8bc124] [com.apple.appinstallation:TransactionLog] com.DefaultCompany.NeonDrift.run.1782485248.76636/Unknown Persona:5:4:1:1:Registering bundles via registrant - start
2026-06-26 22:48:15.574 E  lsd[74526:8bc124] [com.apple.launchservices:default] LSStringLocalizer development region en not found in localizations available for bundle file:///Users/dragonkao/Library/Developer/CoreSimulator/Devices/CC47DE7A-8196-4465-A5A5-BB852C9C6C82/data/Containers/Bundle/Application/3E35D46C-846E-4659-A7AC-173C00AE316B/NeonDrift.run.1782485248.76636.app/
2026-06-26 22:48:15.574 Df lsd[74526:8bc124] [com.apple.appinstallation:TransactionLog] com.DefaultCompany.NeonDrift.run.1782485248.76636/Unknown Persona:5:5:1:1:Building bundle record for app
2026-06-26 22:48:15.574 Df lsd[74526:8bc124] [com.apple.launchservices:appinstallation] No bundles to remove for com.DefaultCompany.NeonDrift.run.1782485248.76636
2026-06-26 22:48:15.574 Df lsd[74526:8bc124] [com.apple.launchservices:appinstallation] Placeholder detected - Flagging bundle com.DefaultCompany.NeonDrift.run.1782485248.76636 incomplete
2026-06-26 22:48:15.574 Df lsd[74526:8bc124] [com.apple.appinstallation:TransactionLog] com.DefaultCompany.NeonDrift.run.1782485248.76636/Unknown Persona:5:5:2:1:Built bundle record for app
2026-06-26 22:48:15.575 Df lsd[74526:8bc124] [com.apple.appinstallation:TransactionLog] com.DefaultCompany.NeonDrift.run.1782485248.76636/Unknown Persona:5:4:2:1:Registered bundle status = success
2026-06-26 22:48:15.576 Df lsd[74526:8bc124] [com.apple.appinstallation:TransactionLog] com.DefaultCompany.NeonDrift.run.1782485248.76636/Unknown Persona:5:4:2:1:Finished registering com.DefaultCompany.NeonDrift.run.1782485248.76636, bundle unit 488
2026-06-26 22:48:15.576 Df lsd[74526:8bc6bf] [com.apple.launchservices:progress] Sending applicationInstallsDidStart: for (
    "<LSApplicationProxy: 0x101744000> com.DefaultCompany.NeonDrift.run.1782485248.76636 file:///Users/dragonkao/Library/Developer/CoreSimulator/Devices/CC47DE7A-8196-4465-A5A5-BB852C9C6C82/data/Containers/Bundle/Application/3E35D46C-846E-4659-A7AC-173C00AE316B/NeonDrift.run.1782485248.76636.app/ <com.DefaultCompany.NeonDrift.run.1782485248.76636 <placeholder >:1>"
)
2026-06-26 22:48:15.576 Df installd[74682:8bc6aa] (MobileSystemServices) 0x16d3bb000 -[MIJournal purgeJournalEntry:withError:]: Removing journal entry <MIInstallationJournalEntry<0x103ce8820> [com.DefaultCompany.NeonDrift.run.1782485248.76636/com.apple.containermanager.primary-persona/[system-defined]]/MIInstallationDomainSystemShared op:2 phase:JournalPhaseDidRegisterWithLS version:0>
2026-06-26 22:48:15.576 Df lsd[74526:8bc6bf] [com.apple.launchservices:progress] Created parent progress <NSProgress: com.DefaultCompany.NeonDrift.run.1782485248.76636 phase=InstallingPlaceholder; state=Waiting; finalPhase=Installing; fractionCompleted=0.000000>
2026-06-26 22:48:15.576 Df installd[74682:8bc6aa] [com.apple.appinstallation:TransactionLog] com.DefaultCompany.NeonDrift.run.1782485248.76636/com.apple.containermanager.primary-persona:7:4:2:1:Success (End) : Install (Placeholder)
2026-06-26 22:48:15.576 Df installd[74682:8bc6aa] (MobileSystemServices) 0x16d3bb000 -[MIInstaller _logOperationCompletionWithStartTime:distributorID:]: Install successful for (Placeholder:com.DefaultCompany.NeonDrift.run.1782485248.76636) [Distributor: (null)]; Staging: 0.00s; Waiting: 0.00s; Preflight/Patch: 0.00s, Verifying: 0.00s; Overall: 0.03s
2026-06-26 22:48:15.577 Df healthd[74479:8bc6cc] [com.apple.launchservices:appinstallation] LaunchServices observer: InstallsStarted (
