2026-07-11 13:58:01.845 Df installcoordinationd[43527:3bf5b7] [com.apple.installcoordination:daemon] -[IXSDataPromiseManager promiseDidComplete:]: Unowned promise completed: <IXSPlaceholder(0x10593c500) Name:App Placeholder: NeonDrift (com.DefaultCompany.NeonDrift) Creator:InstallCoordination Simple SPI UUID:FA0CED3D-5D1F-48ED-90C2-EBAC625C4AF9 Location:[system-defined]>
2026-07-11 13:58:01.849 Df installcoordinationd[43527:3bf5b6] [com.apple.installcoordination:daemon] -[IXSDataPromiseManager registerPromise:]: Registered promise <IXSPromisedTransferToPath(0x105915480) Name:App Asset: com.DefaultCompany.NeonDrift Creator:InstallCoordination Simple SPI UUID:CE2A82FC-8C86-4646-B169-05BEEF524D21 Location:[system-defined]> for UUID CE2A82FC-8C86-4646-B169-05BEEF524D21
2026-07-11 13:58:01.853 Df installcoordinationd[43527:3bf5b7] [com.apple.installcoordination:daemon] -[IXSCoordinatorManager coordinatorForIdentity:connection:error:creatingIfNotExisting:]_block_invoke: Registered coordinator: <IXSCoordinatedAppInstall<0x105a10000> [P=CoreSimulatorBridge (pid 43250)] identifier:[com.DefaultCompany.NeonDrift/Invalid/[system-defined]] uuid:5E17F36E-DD1D-4693-B495-1A85B589AA42 intent:IXCoordinatorIntentUpdating creator/appDRI:InstallCoordination Simple SPI importance:Background state:IXAppCoordinationStatePlaceholderPromiseNotSet promise-state:01234>
2026-07-11 13:58:01.853 Df installcoordinationd[43527:3bf5b7] [com.apple.appinstallation:TransactionLog] com.DefaultCompany.NeonDrift/Unknown Persona:4:2:1:1:Created coordinator with intent IXCoordinatorIntentUpdating for client InstallCoordination Simple SPI
2026-07-11 13:58:01.853 Df installcoordinationd[43527:3bf5b7] [com.apple.installcoordination:daemon] -[IXSCoordinatedAppInstall setPriorityBoostCompletion:withSourceInfo:]: <IXSCoordinatedAppInstall<0x105a10000> [P=CoreSimulatorBridge (pid 43250)] identifier:[com.DefaultCompany.NeonDrift/Invalid/[system-defined]] uuid:5E17F36E-DD1D-4693-B495-1A85B589AA42 intent:IXCoordinatorIntentUpdating creator/appDRI:InstallCoordination Simple SPI importance:Background state:IXAppCoordinationStatePlaceholderPromiseNotSet promise-state:01234>: Retaining completion from CoreSimulatorBridge (43250), QOS_CLASS_DEFAULT (0x15)
2026-07-11 13:58:01.853 Df installcoordinationd[43527:3bf5b7] [com.apple.installcoordination:daemon] -[IXSCoordinatedAppInstall setImportance:]: <IXSCoordinatedAppInstall<0x105a10000> [P=CoreSimulatorBridge (pid 43250)] identifier:[com.DefaultCompany.NeonDrift/Invalid/[system-defined]] uuid:5E17F36E-DD1D-4693-B495-1A85B589AA42 intent:IXCoordinatorIntentUpdating creator/appDRI:InstallCoordination Simple SPI importance:UserWaiting state:IXAppCoordinationStatePlaceholderPromiseNotSet promise-state:01234>: set importance to UserWaiting
2026-07-11 13:58:01.854 Df installcoordinationd[43527:3bf5b7] [com.apple.installcoordination:daemon] -[IXSCoordinatedAppInstall _onQueue_fireObserversForClient:]: <IXSCoordinatedAppInstall<0x105a10000> [P=CoreSimulatorBridge (pid 43250)] identifier:[com.DefaultCompany.NeonDrift/Invalid/[system-defined]] uuid:5E17F36E-DD1D-4693-B495-1A85B589AA42 intent:IXCoordinatorIntentUpdating creator/appDRI:InstallCoordination Simple SPI importance:UserWaiting state:IXAppCoordinationStatePlaceholderPromiseNotSet promise-state:01234>: Firing applicable observers for client <IXSClientConnection<0x10585d4a0> client:CoreSimulatorBridge (pid 43250) uuid:67C0401D-22FA-451F-A859-EFC15B887255>
2026-07-11 13:58:01.854 Df installcoordinationd[43527:3bf5b7] [com.apple.installcoordination:daemon] -[IXSCoordinatedAppInstall setPriorityBoostCompletion:withSourceInfo:]: <IXSCoordinatedAppInstall<0x105a10000> [P=CoreSimulatorBridge (pid 43250)] identifier:[com.DefaultCompany.NeonDrift/Invalid/[system-defined]] uuid:5E17F36E-DD1D-4693-B495-1A85B589AA42 intent:IXCoordinatorIntentUpdating creator/appDRI:InstallCoordination Simple SPI importance:UserWaiting state:IXAppCoordinationStatePlaceholderPromiseNotSet promise-state:01234>: Disposing of completion from CoreSimulatorBridge (43250), QOS_CLASS_DEFAULT (0x15)
2026-07-11 13:58:01.854 Df installcoordinationd[43527:3bf5b7] [com.apple.installcoordination:daemon] -[IXSCoordinatedAppInstall setPriorityBoostCompletion:withSourceInfo:]: <IXSCoordinatedAppInstall<0x105a10000> [P=CoreSimulatorBridge (pid 43250)] identifier:[com.DefaultCompany.NeonDrift/Invalid/[system-defined]] uuid:5E17F36E-DD1D-4693-B495-1A85B589AA42 intent:IXCoordinatorIntentUpdating creator/appDRI:InstallCoordination Simple SPI importance:UserWaiting state:IXAppCoordinationStatePlaceholderPromiseNotSet promise-state:01234>: Retaining completion from CoreSimulatorBridge (43250), QOS_CLASS_DEFAULT (0x15)
2026-07-11 13:58:01.854 Df CoreSimulatorBridge[43250:3bf01c] [com.apple.installcoordination:framework] -[IXAppInstallCoordinator _clientDelegate_didRegisterForObservation]: <IXUpdatingAppInstallCoordinator<0x103c8cd40> identity:[com.DefaultCompany.NeonDrift/Invalid/[system-defined]] uuid:5E17F36E-DD1D-4693-B495-1A85B589AA42 creator:InstallCoordination Simple SPI>: Got observer registration delegate
2026-07-11 13:58:01.854 Df CoreSimulatorBridge[43250:3bf01c] [com.apple.installcoordination:framework] -[IXAppInstallCoordinator _clientDelegate_shouldResume]: <IXUpdatingAppInstallCoordinator<0x103c8cd40> identity:[com.DefaultCompany.NeonDrift/Invalid/[system-defined]] uuid:5E17F36E-DD1D-4693-B495-1A85B589AA42 creator:InstallCoordination Simple SPI>: Got should resume delegate
2026-07-11 13:58:01.854 Df CoreSimulatorBridge[43250:3beedc] [com.apple.installcoordination:framework] -[IXAppInstallCoordinator _clientDelegate_didRegisterForObservation]_block_invoke: <IXUpdatingAppInstallCoordinator<0x103c8cd40> identity:[com.DefaultCompany.NeonDrift/Invalid/[system-defined]] uuid:5E17F36E-DD1D-4693-B495-1A85B589AA42 creator:InstallCoordination Simple SPI>: Observer <_IXSimpleInstallerDelegate 0x0x103c59890> does not respond to coordinatorDidRegisterForObservation:
2026-07-11 13:58:01.854 Df CoreSimulatorBridge[43250:3beedc] [com.apple.installcoordination:framework] -[IXAppInstallCoordinator _clientDelegate_shouldResume]_block_invoke: <IXUpdatingAppInstallCoordinator<0x103c8cd40> identity:[com.DefaultCompany.NeonDrift/Invalid/[system-defined]] uuid:5E17F36E-DD1D-4693-B495-1A85B589AA42 creator:InstallCoordination Simple SPI>: Observer <_IXSimpleInstallerDelegate 0x0x103c59890> does not respond to coordinatorShouldResume:
2026-07-11 13:58:01.856 Df installcoordinationd[43527:3bf5b7] [com.apple.installcoordination:daemon] -[IXSCoordinatedAppInstall _internal_setInstallOptionsPromise:performExternalActions:]: <IXSCoordinatedAppInstall<0x105a10000> [P=CoreSimulatorBridge (pid 43250)] identifier:[com.DefaultCompany.NeonDrift/Invalid/[system-defined]] uuid:5E17F36E-DD1D-4693-B495-1A85B589AA42 intent:IXCoordinatorIntentUpdating creator/appDRI:InstallCoordination Simple SPI importance:UserWaiting state:IXAppCoordinationStatePlaceholderPromiseNotSet promise-state:012I4> : install options set: <IXSPromisedInMemoryData(0x105914e80) Name:MIInstallOptions data Creator:Install Coordination Internal UUID:DC17005B-E017-4BBF-BB7A-195AFC3014F1 Location:[system-defined]>
2026-07-11 13:58:01.856 Df installcoordinationd[43527:3bf504] [com.apple.installcoordination:daemon] -[IXSCoordinatedAppInstall promiseDidComplete:]: <IXSCoordinatedAppInstall<0x105a10000> [P=CoreSimulatorBridge (pid 43250)] identifier:[com.DefaultCompany.NeonDrift/Invalid/[system-defined]] uuid:5E17F36E-DD1D-4693-B495-1A85B589AA42 intent:IXCoordinatorIntentUpdating creator/appDRI:InstallCoordination Simple SPI importance:UserWaiting state:IXAppCoordinationStatePlaceholderPromiseNotSet promise-state:012I4> : Promise completed: <IXSPromisedInMemoryData(0x105914e80) Name:MIInstallOptions data Creator:Install Coordination Internal UUID:DC17005B-E017-4BBF-BB7A-195AFC3014F1 Location:[system-defined]>
2026-07-11 13:58:01.856 Df installcoordinationd[43527:3bf504] [com.apple.appinstallation:TransactionLog] com.DefaultCompany.NeonDrift/Unknown Persona:4:13:1:1:Install Options Promise began. Coordinator State: IXAppCoordinationStatePlaceholderPromiseNotSet
2026-07-11 13:58:01.856 Df installcoordinationd[43527:3bf504] [com.apple.appinstallation:TransactionLog] com.DefaultCompany.NeonDrift/Unknown Persona:4:13:2:1:Install Options Promise completed. Coordinator State: IXAppCoordinationStatePlaceholderPromiseNotSet
2026-07-11 13:58:01.856 Df installcoordinationd[43527:3bf5b7] [com.apple.installcoordination:daemon] -[IXSCoordinatedAppInstall _internal_setAppAssetPromise:performExternalActions:]: <IXSCoordinatedAppInstall<0x105a10000> [P=CoreSimulatorBridge (pid 43250)] identifier:[com.DefaultCompany.NeonDrift/Invalid/[system-defined]] uuid:5E17F36E-DD1D-4693-B495-1A85B589AA42 intent:IXCoordinatorIntentUpdating creator/appDRI:InstallCoordination Simple SPI importance:UserWaiting state:IXAppCoordinationStatePlaceholderPromiseNotSet promise-state:0a2I4> : App Asset Promise set: <IXSPromisedTransferToPath(0x105915480) Name:App Asset: com.DefaultCompany.NeonDrift Creator:InstallCoordination Simple SPI UUID:CE2A82FC-8C86-4646-B169-05BEEF524D21 Location:[system-defined]>
2026-07-11 13:58:01.857 Df installcoordinationd[43527:3bf5b7] [com.apple.installcoordination:daemon] -[IXSCoordinatedAppInstall setInitialODRAssetPromises:]: <IXSCoordinatedAppInstall<0x105a10000> [P=CoreSimulatorBridge (pid 43250)] identifier:[com.DefaultCompany.NeonDrift/Invalid/[system-defined]] uuid:5E17F36E-DD1D-4693-B495-1A85B589AA42 intent:IXCoordinatorIntentUpdating creator/appDRI:InstallCoordination Simple SPI importance:UserWaiting state:IXAppCoordinationStatePlaceholderPromiseNotSet promise-state:0a2I4> : Initial ODR Asset Promises set: (
)
2026-07-11 13:58:01.858 Df CoreSimulatorBridge[43250:3bf300] [com.apple.installcoordination:framework] -[IXPromisedTransferToPath _performDeltaCopyFrom:toDestination:]: Performing delta copy from /Users/dragonkao/.openclaw/workspace/382b9e3384298039b171c9b2a60ae644/NeonDrift_MVP/project/xcode_derived_data/Build/Products/Release-iphonesimulator/NeonDrift.app to /Users/dragonkao/Library/Developer/CoreSimulator/Devices/CC47DE7A-8196-4465-A5A5-BB852C9C6C82/data/Containers/Shared/SystemGroup/systemgroup.com.apple.installcoordinationd/Library/InstallCoordination/PromiseStaging/CE2A82FC-8C86-4646-B169-05BEEF524D21/NeonDrift.app with installed bundle at /Users/dragonkao/Library/Developer/CoreSimulator/Devices/CC47DE7A-8196-4465-A5A5-BB852C9C6C82/data/Containers/Bundle/Application/6EC7522A-6790-43AC-B97C-E70FEDC307BB/NeonDrift.app
2026-07-11 13:58:01.858 Df CoreSimulatorBridge[43250:3bf300] (MobileSystemServices) 0x16d847000 MDMCreateDeltaDirectory: calling MDMDirectoryDiff with:
state->old_bundle: /Users/dragonkao/Library/Developer/CoreSimulator/Devices/CC47DE7A-8196-4465-A5A5-BB852C9C6C82/data/Containers/Bundle/Application/6EC7522A-6790-43AC-B97C-E70FEDC307BB/NeonDrift.app
state->new_bundle: /Users/dragonkao/.openclaw/workspace/382b9e3384298039b171c9b2a60ae644/NeonDrift_MVP/project/xcode_derived_data/Build/Products/Release-iphonesimulator/NeonDrift.app
state->dst_bundle: /Users/dragonkao/Library/Developer/CoreSimulator/Devices/CC47DE7A-8196-4465-A5A5-BB852C9C6C82/data/Containers/Shared/SystemGroup/systemgroup.com.apple.installcoordinationd/Library/InstallCoordination/PromiseStaging/CE2A82FC-8C86-4646-B169-05BEEF524D21/NeonDrift.app/Payload//NeonDrift.app, binaryDiff flag: FALSE
	dst_ipa: /Users/dragonkao/Library/Developer/CoreSimulator/Devices/CC47DE7A-8196-4465-A5A5-BB852C9C6C82/data/Containers/Shared/SystemGroup/systemgroup.com.apple.installcoordinationd/Library/InstallCoordination/PromiseStaging/CE2A8<…>
2026-07-11 13:58:01.860 Df CoreSimulatorBridge[43250:3bf300] [com.apple.installcoordination:framework] -[IXPromisedTransferToPath setComplete:]: <IXPromisedTransferToPath<0x103c8cfc0> name:"App Asset: com.DefaultCompany.NeonDrift" uuid:CE2A82FC-8C86-4646-B169-05BEEF524D21 creator:"InstallCoordination Simple SPI" location:[system-defined]> Delta Copy operation from /Users/dragonkao/.openclaw/workspace/382b9e3384298039b171c9b2a60ae644/NeonDrift_MVP/project/xcode_derived_data/Build/Products/Release-iphonesimulator/NeonDrift.app to /Users/dragonkao/Library/Developer/CoreSimulator/Devices/CC47DE7A-8196-4465-A5A5-BB852C9C6C82/data/Containers/Shared/SystemGroup/systemgroup.com.apple.installcoordinationd/Library/InstallCoordination/PromiseStaging/CE2A82FC-8C86-4646-B169-05BEEF524D21/NeonDrift.app took 0.002647 seconds
2026-07-11 13:58:01.860 Df installcoordinationd[43527:3bf5b7] [com.apple.installcoordination:daemon] -[IXSDataPromise _setPercentComplete:saveStateIfNeeded:]: Progress: <IXSPromisedTransferToPath(0x105915480) Name:App Asset: com.DefaultCompany.NeonDrift Creator:InstallCoordination Simple SPI UUID:CE2A82FC-8C86-4646-B169-05BEEF524D21 Location:[system-defined]>
2026-07-11 13:58:01.860 Df installcoordinationd[43527:3bf504] [com.apple.appinstallation:TransactionLog] com.DefaultCompany.NeonDrift/Unknown Persona:4:10:1:1:App Asset Promise began. Coordinator State: IXAppCoordinationStatePlaceholderPromiseNotSet
2026-07-11 13:58:01.861 Df CoreSimulatorBridge[43250:3bf01c] [com.apple.installcoordination:framework] -[IXAppInstallCoordinator _clientDelegate_promiseDidBeginFulfillmentWithIdentifier:]: <IXUpdatingAppInstallCoordinator<0x103c8cd40> identity:[com.DefaultCompany.NeonDrift/Invalid/[system-defined]] uuid:5E17F36E-DD1D-4693-B495-1A85B589AA42 creator:InstallCoordination Simple SPI>: Got promise did begin fulfillment for identifier 2
2026-07-11 13:58:01.861 Df CoreSimulatorBridge[43250:3bf01c] [com.apple.installcoordination:framework] -[IXAppInstallCoordinator _clientDelegate_promiseDidBeginFulfillmentWithIdentifier:]_block_invoke: <IXUpdatingAppInstallCoordinator<0x103c8cd40> identity:[com.DefaultCompany.NeonDrift/Invalid/[system-defined]] uuid:5E17F36E-DD1D-4693-B495-1A85B589AA42 creator:InstallCoordination Simple SPI>: Observer <_IXSimpleInstallerDelegate 0x0x103c59890> does not respond to coordinator:configuredPromiseDidBeginFulfillment: (or any deprecated equivalent)
2026-07-11 13:58:01.861 Df installcoordinationd[43527:3bf5b6] [com.apple.installcoordination:daemon] -[IXSCoordinatedAppInstall promiseDidComplete:]: <IXSCoordinatedAppInstall<0x105a10000> [P=CoreSimulatorBridge (pid 43250)] identifier:[com.DefaultCompany.NeonDrift/Invalid/[system-defined]] uuid:5E17F36E-DD1D-4693-B495-1A85B589AA42 intent:IXCoordinatorIntentUpdating creator/appDRI:InstallCoordination Simple SPI importance:UserWaiting state:IXAppCoordinationStatePlaceholderPromiseNotSet promise-state:0A2I4> : Promise completed: <IXSPromisedTransferToPath(0x105915480) Name:App Asset: com.DefaultCompany.NeonDrift Creator:InstallCoordination Simple SPI UUID:CE2A82FC-8C86-4646-B169-05BEEF524D21 Location:[system-defined]>
2026-07-11 13:58:01.861 Df installcoordinationd[43527:3bf504] [com.apple.appinstallation:TransactionLog] com.DefaultCompany.NeonDrift/Unknown Persona:4:10:2:1:App Asset Promise completed. Coordinator State: IXAppCoordinationStatePlaceholderPromiseNotSet
2026-07-11 13:58:01.861 Df CoreSimulatorBridge[43250:3beedc] [com.apple.installcoordination:framework] -[IXAppInstallCoordinator _clientDelegate_didUpdateProgress:forPhase:overallProgress:]: <IXUpdatingAppInstallCoordinator<0x103c8cd40> identity:[com.DefaultCompany.NeonDrift/Invalid/[system-defined]] uuid:5E17F36E-DD1D-4693-B495-1A85B589AA42 creator:InstallCoordination Simple SPI>: Got did update progress delegate with percentComplete 100.000000 phase IXCoordinatorProgressPhaseLoading overallProgress 60.000000
2026-07-11 13:58:01.861 Df CoreSimulatorBridge[43250:3bf01c] [com.apple.installcoordination:framework] -[IXAppInstallCoordinator _clientDelegate_didUpdateProgress:forPhase:overallProgress:]_block_invoke: <IXUpdatingAppInstallCoordinator<0x103c8cd40> identity:[com.DefaultCompany.NeonDrift/Invalid/[system-defined]] uuid:5E17F36E-DD1D-4693-B495-1A85B589AA42 creator:InstallCoordination Simple SPI>: Calling selector coordinator:didUpdateProgress:forPhase:overallProgress: on observer <_IXSimpleInstallerDelegate 0x0x103c59890>
2026-07-11 13:58:01.861 Df installcoordinationd[43527:3bf5c2] [com.apple.installcoordination:daemon] -[IXSCoordinatedAppInstall setPlaceholderPromise:]: <IXSCoordinatedAppInstall<0x105a10000> [P=CoreSimulatorBridge (pid 43250)] identifier:[com.DefaultCompany.NeonDrift/Invalid/[system-defined]] uuid:5E17F36E-DD1D-4693-B495-1A85B589AA42 intent:IXCoordinatorIntentUpdating creator/appDRI:InstallCoordination Simple SPI importance:UserWaiting state:IXAppCoordinationStateReadyForPlaceholderInstall promise-state:PA2I4> : Placeholder Promise set: <IXSPlaceholder(0x10593c500) Name:App Placeholder: NeonDrift (com.DefaultCompany.NeonDrift) Creator:InstallCoordination Simple SPI UUID:FA0CED3D-5D1F-48ED-90C2-EBAC625C4AF9 Location:[system-defined]>
2026-07-11 13:58:01.861 Df installcoordinationd[43527:3bf5b6] [com.apple.installcoordination:daemon] -[IXSCoordinatedAppInstall promiseDidComplete:]: <IXSCoordinatedAppInstall<0x105a10000> [P=CoreSimulatorBridge (pid 43250)] identifier:[com.DefaultCompany.NeonDrift/Invalid/[system-defined]] uuid:5E17F36E-DD1D-4693-B495-1A85B589AA42 intent:IXCoordinatorIntentUpdating creator/appDRI:InstallCoordination Simple SPI importance:UserWaiting state:IXAppCoordinationStateReadyForPlaceholderInstall promise-state:PA2I4> : Promise completed: <IXSPlaceholder(0x10593c500) Name:App Placeholder: NeonDrift (com.DefaultCompany.NeonDrift) Creator:InstallCoordination Simple SPI UUID:FA0CED3D-5D1F-48ED-90C2-EBAC625C4AF9 Location:[system-defined]>
2026-07-11 13:58:01.861 Df installcoordinationd[43527:3bf5c2] [com.apple.installcoordination:daemon] -[IXSCoordinatedAppInstall _onQueue_acquireAssertionAndInstallPlaceholder]: Acquiring termination assertion to install placeholder for [com.DefaultCompany.NeonDrift/Invalid/[system-defined]]
2026-07-11 13:58:01.862 Df installcoordinationd[43527:3bf5c2] [com.apple.installcoordination:daemon] -[IXSPendingOperationsTracker beginPendingOperationForIdentity:]_block_invoke: Beginning pending operation for [com.DefaultCompany.NeonDrift/Invalid/[system-defined]]
2026-07-11 13:58:01.864 Df runningboardd[43223:3bef70] [com.apple.runningboard:connection] Received termination request from [osservice<com.apple.installcoordinationd>:43527] on <RBSProcessPredicate <RBSProcessBundleIdentifierPredicate "com.DefaultCompany.NeonDrift">> with context <RBSTerminateContext| explanation:installcoordinationd app:[com.DefaultCompany.NeonDrift/Invalid/[system-defined]] uuid:5E17F36E-DD1D-4693-B495-1A85B589AA42 isPlaceholder:Y reportType:None maxTerminationResistance:Absolute attrs:[
	<RBSPreventLaunchLimitation| <RBSProcessPredicate <RBSProcessBundleIdentifierPredicate "com.DefaultCompany.NeonDrift">> allow:(null)>
	]>
2026-07-11 13:58:01.864 Df runningboardd[43223:3bef6e] [com.apple.runningboard:general] Found 0 extensions contained in com.DefaultCompany.NeonDrift
2026-07-11 13:58:01.865 Df runningboardd[43223:3bef6e] [com.apple.PlugInKit:holds] <PKManager:0x10907ef60> hold request for [/Users/dragonkao/Library/Developer/CoreSimulator/Devices/CC47DE7A-8196-4465-A5A5-BB852C9C6C82/data/Containers/Bundle/Application/6EC7522A-6790-43AC-B97C-E70FEDC307BB/NeonDrift.app] with flags: 0x4
2026-07-11 13:58:01.865 Df runningboardd[43223:3bef6e] [com.apple.PlugInKit:holds] <PKManager:0x10907ef60> hold request for [/Users/dragonkao/Library/Developer/CoreSimulator/Devices/CC47DE7A-8196-4465-A5A5-BB852C9C6C82/data/Containers/Bundle/Application/6EC7522A-6790-43AC-B97C-E70FEDC307BB/NeonDrift.app] with flags: 0x4 completed with hold token: [253127F3-93F0-458A-807B-6B0C977D2101]
2026-07-11 13:58:01.865 Df runningboardd[43223:3bef6e] [com.apple.runningboard:ttl] Acquiring assertion targeting system from originator [osservice<com.apple.installcoordinationd>:43527] with description <RBSAssertionDescriptor| "installcoordinationd app:[com.DefaultCompany.NeonDrift/Invalid/[system-defined]] uuid:5E17F36E-DD1D-4693-B495-1A85B589AA42 isPlaceholder:Y" ID:43223-43527-123 target:system attributes:[
	<RBSPreventLaunchLimitation| <RBSProcessPredicate <RBSProcessBundleIdentifierPredicate "com.DefaultCompany.NeonDrift">> allow:(null)>
	]>
2026-07-11 13:58:01.866 Df runningboardd[43223:3bef6e] [com.apple.runningboard:process] Executing termination request for: <RBSProcessPredicate <RBSProcessBundleIdentifierPredicate "com.DefaultCompany.NeonDrift">>
2026-07-11 13:58:01.866 Df SpringBoard[43220:3bee81] [com.apple.SpringBoard:Common] termination assertion acquired for com.DefaultCompany.NeonDrift
2026-07-11 13:58:01.866 Df SpringBoard[43220:3bee81] [com.apple.SpringBoard:Icon] 0x10c1a1680-SBApplicationIcon Data source did change: <SBApplication: 0x10c3b6100; com.DefaultCompany.NeonDrift> {
} (SBApplication)
2026-07-11 13:58:01.866 Df installcoordinationd[43527:3bf5b6] [com.apple.appinstallation:TransactionLog] com.DefaultCompany.NeonDrift/Unknown Persona:4:9:1:1:Placeholder Promise began. Coordinator State: IXAppCoordinationStateWaitingForPlaceholderAssertion
2026-07-11 13:58:01.866 Df installcoordinationd[43527:3bf5b7] [com.apple.installcoordination:daemon] -[IXSCoordinatedAppInstall assertionAcquiredCallback]: RBS termination assertion observer called for <IXSCoordinatedAppInstall<0x105a10000> [P=CoreSimulatorBridge (pid 43250)] identifier:[com.DefaultCompany.NeonDrift/Invalid/[system-defined]] uuid:5E17F36E-DD1D-4693-B495-1A85B589AA42 intent:IXCoordinatorIntentUpdating creator/appDRI:InstallCoordination Simple SPI importance:UserWaiting state:IXAppCoordinationStateWaitingForPlaceholderAssertion promise-state:PA2I4>
2026-07-11 13:58:01.866 Df installcoordinationd[43527:3bf5b6] [com.apple.installcoordination:daemon] -[IXSCoordinatorProgress setTotalUnitsCompleted:]: Progress for coordinator: [com.DefaultCompany.NeonDrift/Invalid/[system-defined]], Phase: IXCoordinatorProgressPhaseLoading, Percentage: 100.000000: Attempt to set units completed on finished progress: 100
2026-07-11 13:58:01.866 Df installcoordinationd[43527:3bf5b6] [com.apple.appinstallation:TransactionLog] com.DefaultCompany.NeonDrift/Unknown Persona:4:9:2:1:Placeholder Promise completed. Coordinator State: IXAppCoordinationStateWaitingForPlaceholderAssertion
2026-07-11 13:58:01.866 Df CoreSimulatorBridge[43250:3bf01c] [com.apple.installcoordination:framework] -[IXAppInstallCoordinator _clientDelegate_promiseDidBeginFulfillmentWithIdentifier:]: <IXUpdatingAppInstallCoordinator<0x103c8cd40> identity:[com.DefaultCompany.NeonDrift/Invalid/[system-defined]] uuid:5E17F36E-DD1D-4693-B495-1A85B589AA42 creator:InstallCoordination Simple SPI>: Got promise did begin fulfillment for identifier 1
2026-07-11 13:58:01.866 Df CoreSimulatorBridge[43250:3bf01c] [com.apple.installcoordination:framework] -[IXAppInstallCoordinator _clientDelegate_promiseDidBeginFulfillmentWithIdentifier:]_block_invoke: <IXUpdatingAppInstallCoordinator<0x103c8cd40> identity:[com.DefaultCompany.NeonDrift/Invalid/[system-defined]] uuid:5E17F36E-DD1D-4693-B495-1A85B589AA42 creator:InstallCoordination Simple SPI>: Observer <_IXSimpleInstallerDelegate 0x0x103c59890> does not respond to coordinator:configuredPromiseDidBeginFulfillment: (or any deprecated equivalent)
2026-07-11 13:58:01.866 Df installcoordinationd[43527:3bf5b6] [com.apple.installcoordination:daemon] -[IXSCoordinatedAppInstall _onQueue_installPlaceholder]: Acquired termination assertion for placeholder [com.DefaultCompany.NeonDrift/Invalid/[system-defined]]; proceeding with install.
2026-07-11 13:58:01.867 Df installcoordinationd[43527:3bf5b6] [com.apple.installcoordination:daemon] -[IXSPowerAssertion initWithAssertionName:details:]: Acquired power assertion IXPowerAssertion-12-[com.DefaultCompany.NeonDrift/Invalid/[system-defined]]
2026-07-11 13:58:01.867 Df installd[43539:3bf5b4] (MobileSystemServices) 0x16f737000 -[MIClientConnection _doInstallationForURL:identity:domain:options:operationType:completion:]: Install of "/Users/dragonkao/Library/Developer/CoreSimulator/Devices/CC47DE7A-8196-4465-A5A5-BB852C9C6C82/data/Containers/Shared/SystemGroup/systemgroup.com.apple.installcoordinationd/Library/InstallCoordination/PromiseStaging/FA0CED3D-5D1F-48ED-90C2-EBAC625C4AF9/NeonDrift.app" type Placeholder (LSInstallType = 1, Domain: MIInstallationDomainDefault) requested by installcoordinationd (pid 43527 (501/20))
2026-07-11 13:58:01.871 Df installd[43539:3bf5b4] [com.apple.containermanager:xpc] Query; euid = 501, uid = 501, class = 1, identifier = [com.DefaultCompany.NeonDrift](1), flags = 300000002
2026-07-11 13:58:01.871 Df containermanagerd_system[43281:3bef67] [com.apple.containermanager:cache] Disk sync reporting on new entry: (com.DefaultCompany.NeonDrift.run.1782485533.82553|18446744073709551615|<MCMContainerPath: 0x103cea170; [<MCMContainerClassPath: 0x103c491a0; persona [(null)]; [/Users/dragonkao/Library/Developer/CoreSimulator/Devices/CC47DE7A-8196-4465-A5A5-BB852C9C6C82/data/Containers]/[Bundle]/[Application] created>]/[60DB0A34-B3BB-4A4D-B075-CFC8084764F2]/[(null)]>|0|AB1E03B8-9E20-4EEB-8B0D-863324D79A8C|(null))
2026-07-11 13:58:01.872 Df containermanagerd_system[43281:3bef67] [com.apple.containermanager:cache] Disk sync reporting on new entry: (com.DefaultCompany.NeonDrift.run.1782486232.95300|18446744073709551615|<MCMContainerPath: 0x103cea1c0; [<MCMContainerClassPath: 0x103c491a0; persona [(null)]; [/Users/dragonkao/Library/Developer/CoreSimulator/Devices/CC47DE7A-8196-4465-A5A5-BB852C9C6C82/data/Containers]/[Bundle]/[Application] created>]/[8DC090CD-F12C-4CB7-8B8B-876CECF543CD]/[(null)]>|0|F8E0A204-8720-4FE0-9E2D-0C9ADBE66604|(null))
2026-07-11 13:58:01.872 Df containermanagerd_system[43281:3bef67] [com.apple.containermanager:cache] Disk sync reporting on new entry: (com.DefaultCompany.NeonDrift|18446744073709551615|<MCMContainerPath: 0x103cea210; [<MCMContainerClassPath: 0x103c491a0; persona [(null)]; [/Users/dragonkao/Library/Developer/CoreSimulator/Devices/CC47DE7A-8196-4465-A5A5-BB852C9C6C82/data/Containers]/[Bundle]/[Application] created>]/[6EC7522A-6790-43AC-B97C-E70FEDC307BB]/[(null)]>|0|9E2FCC24-B940-478F-87A7-DC9F3D4A533F|(null))
2026-07-11 13:58:01.872 Df containermanagerd_system[43281:3bef67] [com.apple.containermanager:cache] Disk sync reporting on new entry: (com.DefaultCompany.NeonDrift.run.1782650479.26426|18446744073709551615|<MCMContainerPath: 0x103cea260; [<MCMContainerClassPath: 0x103c491a0; persona [(null)]; [/Users/dragonkao/Library/Developer/CoreSimulator/Devices/CC47DE7A-8196-4465-A5A5-BB852C9C6C82/data/Containers]/[Bundle]/[Application] created>]/[0ECB469C-A749-4BA2-B677-2105588F4229]/[(null)]>|0|C67CB0AD-5475-4E5D-8926-491998F0D11D|(null))
2026-07-11 13:58:01.872 Df containermanagerd_system[43281:3bef67] [com.apple.containermanager:cache] Disk sync reporting on new entry: (com.DefaultCompany.NeonDrift.run.1782484808.68182|18446744073709551615|<MCMContainerPath: 0x103cea2b0; [<MCMContainerClassPath: 0x103c491a0; persona [(null)]; [/Users/dragonkao/Library/Developer/CoreSimulator/Devices/CC47DE7A-8196-4465-A5A5-BB852C9C6C82/data/Containers]/[Bundle]/[Application] created>]/[35E2636E-F3E8-4D12-9D64-9F69C01749CE]/[(null)]>|0|E3C7D274-6DD2-4307-AC53-3596FB383B51|(null))
2026-07-11 13:58:01.872 Df containermanagerd_system[43281:3bef67] [com.apple.containermanager:cache] Disk sync reporting on new entry: (com.DefaultCompany.NeonDrift.run.1782641020.54193|18446744073709551615|<MCMContainerPath: 0x103cea300; [<MCMContainerClassPath: 0x103c491a0; persona [(null)]; [/Users/dragonkao/Library/Developer/CoreSimulator/Devices/CC47DE7A-8196-4465-A5A5-BB852C9C6C82/data/Containers]/[Bundle]/[Application] created>]/[02C9EC5B-380B-43F1-AB4A-A95947982CAE]/[(null)]>|0|6B7422AF-8E28-4E30-AD91-0371A0FC1D74|(null))
2026-07-11 13:58:01.872 Df containermanagerd_system[43281:3bef67] [com.apple.containermanager:cache] Disk sync reporting on new entry: (com.DefaultCompany.NeonDrift.run.1782493753.82761|18446744073709551615|<MCMContainerPath: 0x103cea350; [<MCMContainerClassPath: 0x103c491a0; persona [(null)]; [/Users/dragonkao/Library/Developer/CoreSimulator/Devices/CC47DE7A-8196-4465-A5A5-BB852C9C6C82/data/Containers]/[Bundle]/[Application] created>]/[1D19FB4A-7F72-4B84-964E-8EB113904887]/[(null)]>|0|83C79E93-0C0F-434B-8D59-B82E7CE69637|(null))
2026-07-11 13:58:01.872 Df containermanagerd_system[43281:3bef67] [com.apple.containermanager:cache] Disk sync reporting on new entry: (com.DefaultCompany.NeonDrift.run.1782573263.85778|18446744073709551615|<MCMContainerPath: 0x103cea3a0; [<MCMContainerClassPath: 0x103c491a0; persona [(null)]; [/Users/dragonkao/Library/Developer/CoreSimulator/Devices/CC47DE7A-8196-4465-A5A5-BB852C9C6C82/data/Containers]/[Bundle]/[Application] created>]/[DF33DF21-5A51-4651-B4B5-F0C0DDC499D1]/[(null)]>|0|D056E3B8-3271-499E-A3D6-91BE4A4869F7|(null))
2026-07-11 13:58:01.872 Df containermanagerd_system[43281:3bef67] [com.apple.containermanager:cache] Disk sync reporting on new entry: (com.DefaultCompany.NeonDrift.run.1782638094.21137|18446744073709551615|<MCMContainerPath: 0x103cea3f0; [<MCMContainerClassPath: 0x103c491a0; persona [(null)]; [/Users/dragonkao/Library/Developer/CoreSimulator/Devices/CC47DE7A-8196-4465-A5A5-BB852C9C6C82/data/Containers]/[Bundle]/[Application] created>]/[E94F1934-984A-4F70-890F-98DD22CB7F2D]/[(null)]>|0|86E9EDBE-1655-4664-9CA4-5DA5CB829709|(null))
2026-07-11 13:58:01.872 Df containermanagerd_system[43281:3bef67] [com.apple.containermanager:cache] Disk sync reporting on new entry: (com.DefaultCompany.NeonDrift.run.1782484537.59589|18446744073709551615|<MCMContainerPath: 0x103cea440; [<MCMContainerClassPath: 0x103c491a0; persona [(null)]; [/Users/dragonkao/Library/Developer/CoreSimulator/Devices/CC47DE7A-8196-4465-A5A5-BB852C9C6C82/data/Containers]/[Bundle]/[Application] created>]/[1DCDE5CE-4A96-4924-9746-D506874359C8]/[(null)]>|0|CA78BCEA-E9DA-4657-BDDA-0D3066818EDB|(null))
2026-07-11 13:58:01.873 Df containermanagerd_system[43281:3bef67] [com.apple.containermanager:cache] Disk sync reporting on new entry: (com.DefaultCompany.NeonDrift.run.1782485248.76636|18446744073709551615|<MCMContainerPath: 0x103cea490; [<MCMContainerClassPath: 0x103c491a0; persona [(null)]; [/Users/dragonkao/Library/Developer/CoreSimulator/Devices/CC47DE7A-8196-4465-A5A5-BB852C9C6C82/data/Containers]/[Bundle]/[Application] created>]/[B4ABC976-10C1-4871-BD01-63E901777FC4]/[(null)]>|0|678C7A37-7585-4056-8742-94D0F2EB0FE5|(null))
2026-07-11 13:58:01.873 Df containermanagerd_system[43281:3bef67] [com.apple.containermanager:cache] Disk sync reporting on new entry: (com.DefaultCompany.NeonDrift.run.1782484282.54413|18446744073709551615|<MCMContainerPath: 0x103cea4e0; [<MCMContainerClassPath: 0x103c491a0; persona [(null)]; [/Users/dragonkao/Library/Developer/CoreSimulator/Devices/CC47DE7A-8196-4465-A5A5-BB852C9C6C82/data/Containers]/[Bundle]/[Application] created>]/[5C99B373-2E0D-4720-A65A-9669594A0776]/[(null)]>|0|7DB7DDF9-C350-45C5-8184-251E537D58FC|(null))
2026-07-11 13:58:01.873 Df installd[43539:3bf5b4] [com.apple.containermanager:xpc] Query; euid = 501, uid = 501, class = 1, identifier = [com.DefaultCompany.NeonDrift](1), flags = 300000002
2026-07-11 13:58:01.970 Df installd[43539:3bf5b4] [com.apple.containermanager:xpc] Query; euid = 501, uid = 501, class = 1, identifier = [com.DefaultCompany.NeonDrift](1), flags = 300000002
2026-07-11 13:58:01.971 Df installd[43539:3bf5b4] [com.apple.containermanager:xpc] Query; euid = 501, uid = 501, class = 1, identifier = [com.DefaultCompany.NeonDrift](1), flags = 300000002
2026-07-11 13:58:01.973 Df installd[43539:3bf5b4] (MobileSystemServices) 0x16f737000 -[MIInstaller _installInstallable:containingSymlink:error:]: Installing <MIInstallableParallelPlaceholder ID=com.DefaultCompany.NeonDrift; Persona=com.apple.containermanager.primary-persona, Version=0, ShortVersion=1.0>
2026-07-11 13:58:01.973 Df installd[43539:3bf5b4] [com.apple.appinstallation:TransactionLog] com.DefaultCompany.NeonDrift/com.apple.containermanager.primary-persona:7:2:1:1:Start : Install (Parallel Placeholder)
2026-07-11 13:58:02.038 Df runningboardd[43223:3bef70] [com.apple.runningboard:process] Checking PreventLaunch: global:0 exPath:(null) predicates:{(
    <RBSProcessPredicate <RBSProcessBundleIdentifierPredicate "com.DefaultCompany.NeonDrift">>
)} allow:(null)
2026-07-11 13:58:02.135 Df runningboardd[43223:3bef70] [com.apple.runningboard:process] Checking PreventLaunch: global:0 exPath:(null) predicates:{(
    <RBSProcessPredicate <RBSProcessBundleIdentifierPredicate "com.DefaultCompany.NeonDrift">>
)} allow:(null)
2026-07-11 13:58:02.232 Df runningboardd[43223:3bef70] [com.apple.runningboard:process] Checking PreventLaunch: global:0 exPath:(null) predicates:{(
    <RBSProcessPredicate <RBSProcessBundleIdentifierPredicate "com.DefaultCompany.NeonDrift">>
)} allow:(null)
2026-07-11 13:58:02.343 Df runningboardd[43223:3bef72] [com.apple.runningboard:process] Checking PreventLaunch: global:0 exPath:(null) predicates:{(
    <RBSProcessPredicate <RBSProcessBundleIdentifierPredicate "com.DefaultCompany.NeonDrift">>
)} allow:(null)
2026-07-11 13:58:02.459 Df runningboardd[43223:3bef6e] [com.apple.runningboard:process] Checking PreventLaunch: global:0 exPath:(null) predicates:{(
    <RBSProcessPredicate <RBSProcessBundleIdentifierPredicate "com.DefaultCompany.NeonDrift">>
)} allow:(null)
2026-07-11 13:58:02.559 Df runningboardd[43223:3bef6e] [com.apple.runningboard:process] Checking PreventLaunch: global:0 exPath:(null) predicates:{(
    <RBSProcessPredicate <RBSProcessBundleIdentifierPredicate "com.DefaultCompany.NeonDrift">>
)} allow:(null)
2026-07-11 13:58:02.667 Df runningboardd[43223:3bef6e] [com.apple.runningboard:process] Checking PreventLaunch: global:0 exPath:(null) predicates:{(
    <RBSProcessPredicate <RBSProcessBundleIdentifierPredicate "com.DefaultCompany.NeonDrift">>
)} allow:(null)
2026-07-11 13:58:02.793 Df runningboardd[43223:3bef6e] [com.apple.runningboard:process] Checking PreventLaunch: global:0 exPath:(null) predicates:{(
    <RBSProcessPredicate <RBSProcessBundleIdentifierPredicate "com.DefaultCompany.NeonDrift">>
)} allow:(null)
2026-07-11 13:58:02.911 Df runningboardd[43223:3bef71] [com.apple.runningboard:process] Checking PreventLaunch: global:0 exPath:(null) predicates:{(
    <RBSProcessPredicate <RBSProcessBundleIdentifierPredicate "com.DefaultCompany.NeonDrift">>
)} allow:(null)
2026-07-11 13:58:03.026 Df runningboardd[43223:3bef60] [com.apple.runningboard:process] Checking PreventLaunch: global:0 exPath:(null) predicates:{(
    <RBSProcessPredicate <RBSProcessBundleIdentifierPredicate "com.DefaultCompany.NeonDrift">>
)} allow:(null)
2026-07-11 13:58:03.136 Df runningboardd[43223:3bef5d] [com.apple.runningboard:process] Checking PreventLaunch: global:0 exPath:(null) predicates:{(
    <RBSProcessPredicate <RBSProcessBundleIdentifierPredicate "com.DefaultCompany.NeonDrift">>
)} allow:(null)
2026-07-11 13:58:03.246 Df runningboardd[43223:3bef69] [com.apple.runningboard:process] Checking PreventLaunch: global:0 exPath:(null) predicates:{(
    <RBSProcessPredicate <RBSProcessBundleIdentifierPredicate "com.DefaultCompany.NeonDrift">>
)} allow:(null)
2026-07-11 13:58:03.358 Df runningboardd[43223:3bef71] [com.apple.runningboard:process] Checking PreventLaunch: global:0 exPath:(null) predicates:{(
    <RBSProcessPredicate <RBSProcessBundleIdentifierPredicate "com.DefaultCompany.NeonDrift">>
)} allow:(null)
2026-07-11 13:58:03.473 Df runningboardd[43223:3bef5d] [com.apple.runningboard:process] Checking PreventLaunch: global:0 exPath:(null) predicates:{(
    <RBSProcessPredicate <RBSProcessBundleIdentifierPredicate "com.DefaultCompany.NeonDrift">>
)} allow:(null)
2026-07-11 13:58:03.587 Df runningboardd[43223:3bef71] [com.apple.runningboard:process] Checking PreventLaunch: global:0 exPath:(null) predicates:{(
    <RBSProcessPredicate <RBSProcessBundleIdentifierPredicate "com.DefaultCompany.NeonDrift">>
)} allow:(null)
2026-07-11 13:58:03.701 Df runningboardd[43223:3bef60] [com.apple.runningboard:process] Checking PreventLaunch: global:0 exPath:(null) predicates:{(
    <RBSProcessPredicate <RBSProcessBundleIdentifierPredicate "com.DefaultCompany.NeonDrift">>
)} allow:(null)
2026-07-11 13:58:04.513 Df installd[43539:3bf5b4] [com.apple.containermanager:query] Query; euid = 501, uid = 501, class = 4, identifier = [com.DefaultCompany.NeonDrift](1), flags = 300000002
2026-07-11 13:58:04.582 Df installd[43539:3bf5b4] [com.apple.containermanager:query] Query; euid = 501, uid = 501, class = 4, identifier = [com.DefaultCompany.NeonDrift](1), flags = 300000002
2026-07-11 13:58:04.582 Df installd[43539:3bf5b4] (MobileSystemServices) 0x16f737000 -[MIInstallableParallelPlaceholder performInstallationWithError:]: Installing parallel placeholder for [com.DefaultCompany.NeonDrift/com.apple.containermanager.primary-persona/[system-defined]]
2026-07-11 13:58:04.585 Df installd[43539:3bf5b4] [com.apple.containermanager:query] Query; euid = 501, uid = 501, class = 2, identifier = [com.DefaultCompany.NeonDrift](1), flags = 300000003
2026-07-11 13:58:04.586 Df containermanagerd[43313:3bf5b5] [com.apple.containermanager:cache] Disk sync reporting on new entry: (com.DefaultCompany.NeonDrift.run.1782485248.76636|18446744073709551615|<MCMContainerPath: 0x1062e8500; [<MCMContainerClassPath: 0x1060497a0; persona [(null)]; [/Users/dragonkao/Library/Developer/CoreSimulator/Devices/CC47DE7A-8196-4465-A5A5-BB852C9C6C82/data/Containers]/[Data]/[Application] created>]/[15213DC8-4265-45F6-8FEC-BEE05B0A8A01]/[(null)]>|1|9C6EA38E-9593-4832-990C-84C37BCF18C4|(null))
2026-07-11 13:58:04.587 Df containermanagerd[43313:3bf5b5] [com.apple.containermanager:cache] Disk sync reporting on new entry: (com.DefaultCompany.NeonDrift|18446744073709551615|<MCMContainerPath: 0x1062e8730; [<MCMContainerClassPath: 0x1060497a0; persona [(null)]; [/Users/dragonkao/Library/Developer/CoreSimulator/Devices/CC47DE7A-8196-4465-A5A5-BB852C9C6C82/data/Containers]/[Data]/[Application] created>]/[97EC8579-A2F4-4F42-9AE5-7AE44328DD1F]/[(null)]>|1|815BD00E-79CD-4463-AD29-B14C41CCA58C|(null))
2026-07-11 13:58:04.587 Df containermanagerd[43313:3bf5b5] [com.apple.containermanager:cache] Disk sync reporting on new entry: (com.DefaultCompany.NeonDrift.run.1782486232.95300|18446744073709551615|<MCMContainerPath: 0x1062e8820; [<MCMContainerClassPath: 0x1060497a0; persona [(null)]; [/Users/dragonkao/Library/Developer/CoreSimulator/Devices/CC47DE7A-8196-4465-A5A5-BB852C9C6C82/data/Containers]/[Data]/[Application] created>]/[E6149FA8-BAEC-4126-BD64-F2F9DF0161A8]/[(null)]>|1|DC055FA7-B130-4DED-B060-E215379C83F1|(null))
2026-07-11 13:58:04.587 Df containermanagerd[43313:3bf5b5] [com.apple.containermanager:cache] Disk sync reporting on new entry: (com.DefaultCompany.NeonDrift.run.1782484808.68182|18446744073709551615|<MCMContainerPath: 0x1062e8870; [<MCMContainerClassPath: 0x1060497a0; persona [(null)]; [/Users/dragonkao/Library/Developer/CoreSimulator/Devices/CC47DE7A-8196-4465-A5A5-BB852C9C6C82/data/Containers]/[Data]/[Application] created>]/[1E2F819E-C2F0-4C04-8F11-49D3C8B6BAC5]/[(null)]>|1|7CE8CF15-7BED-4EBE-912E-617CADD00A8C|(null))
2026-07-11 13:58:04.588 Df containermanagerd[43313:3bf5b5] [com.apple.containermanager:cache] Disk sync reporting on new entry: (com.DefaultCompany.NeonDrift.run.1782650479.26426|18446744073709551615|<MCMContainerPath: 0x1062e8a50; [<MCMContainerClassPath: 0x1060497a0; persona [(null)]; [/Users/dragonkao/Library/Developer/CoreSimulator/Devices/CC47DE7A-8196-4465-A5A5-BB852C9C6C82/data/Containers]/[Data]/[Application] created>]/[65CD0163-C7A1-483B-976F-BD9D64C651EF]/[(null)]>|1|8D038B14-F68D-42F7-B5B3-CE2C91FE81DC|(null))
2026-07-11 13:58:04.594 Df containermanagerd[43313:3bf5b5] [com.apple.containermanager:cache] Disk sync reporting on new entry: (com.DefaultCompany.NeonDrift.run.1782484282.54413|18446744073709551615|<MCMContainerPath: 0x1062e9a40; [<MCMContainerClassPath: 0x1060497a0; persona [(null)]; [/Users/dragonkao/Library/Developer/CoreSimulator/Devices/CC47DE7A-8196-4465-A5A5-BB852C9C6C82/data/Containers]/[Data]/[Application] created>]/[C444D7CB-82D0-4C33-8535-2768FB88C07A]/[(null)]>|1|44B13F59-3185-47DC-B581-F8ADF836CC01|(null))
2026-07-11 13:58:04.594 Df containermanagerd[43313:3bf5b5] [com.apple.containermanager:cache] Disk sync reporting on new entry: (com.DefaultCompany.NeonDrift.run.1782484537.59589|18446744073709551615|<MCMContainerPath: 0x1062e9b30; [<MCMContainerClassPath: 0x1060497a0; persona [(null)]; [/Users/dragonkao/Library/Developer/CoreSimulator/Devices/CC47DE7A-8196-4465-A5A5-BB852C9C6C82/data/Containers]/[Data]/[Application] created>]/[1C854E62-61C8-49AD-BF79-648DF6FD7531]/[(null)]>|1|D18BA0E9-D0DA-461B-A480-7559B0E0F3C2|(null))
2026-07-11 13:58:04.595 Df containermanagerd[43313:3bf5b5] [com.apple.containermanager:cache] Disk sync reporting on new entry: (com.DefaultCompany.NeonDrift.run.1782485533.82553|18446744073709551615|<MCMContainerPath: 0x1062e9e00; [<MCMContainerClassPath: 0x1060497a0; persona [(null)]; [/Users/dragonkao/Library/Developer/CoreSimulator/Devices/CC47DE7A-8196-4465-A5A5-BB852C9C6C82/data/Containers]/[Data]/[Application] created>]/[EF1ED47B-33B9-46F7-9259-AC69DEEA4036]/[(null)]>|1|B56A13AE-9A84-47A1-BFC9-B3D869C59E21|(null))
2026-07-11 13:58:04.596 Df containermanagerd[43313:3bf5b5] [com.apple.containermanager:cache] Disk sync reporting on new entry: (com.DefaultCompany.NeonDrift.run.1782638094.21137|18446744073709551615|<MCMContainerPath: 0x1062e9f90; [<MCMContainerClassPath: 0x1060497a0; persona [(null)]; [/Users/dragonkao/Library/Developer/CoreSimulator/Devices/CC47DE7A-8196-4465-A5A5-BB852C9C6C82/data/Containers]/[Data]/[Application] created>]/[CB101454-E329-4408-9809-D723A00F7730]/[(null)]>|1|E5674EBC-CD7F-4EA4-9FA2-E521E6ED6F13|(null))
2026-07-11 13:58:04.596 Df containermanagerd[43313:3bf5b5] [com.apple.containermanager:cache] Disk sync reporting on new entry: (com.DefaultCompany.NeonDrift.run.1782573263.85778|18446744073709551615|<MCMContainerPath: 0x1062ea030; [<MCMContainerClassPath: 0x1060497a0; persona [(null)]; [/Users/dragonkao/Library/Developer/CoreSimulator/Devices/CC47DE7A-8196-4465-A5A5-BB852C9C6C82/data/Containers]/[Data]/[Application] created>]/[DDAB4FDA-59AD-4E0E-B5FE-65F0074594B1]/[(null)]>|1|580E0C6B-8685-444B-8E54-82A211DB3401|(null))
2026-07-11 13:58:04.600 Df containermanagerd[43313:3bf5b5] [com.apple.containermanager:cache] Disk sync reporting on new entry: (com.DefaultCompany.NeonDrift.run.1782493753.82761|18446744073709551615|<MCMContainerPath: 0x1062eab70; [<MCMContainerClassPath: 0x1060497a0; persona [(null)]; [/Users/dragonkao/Library/Developer/CoreSimulator/Devices/CC47DE7A-8196-4465-A5A5-BB852C9C6C82/data/Containers]/[Data]/[Application] created>]/[6C1D639D-5F57-4E6F-B264-B1380052AFAB]/[(null)]>|1|4AF633A6-A5CE-427F-A4E0-838947FBB0EF|(null))
2026-07-11 13:58:04.603 Df containermanagerd[43313:3bf5b5] [com.apple.containermanager:cache] Disk sync reporting on new entry: (com.DefaultCompany.NeonDrift.run.1782641020.54193|18446744073709551615|<MCMContainerPath: 0x1062eb340; [<MCMContainerClassPath: 0x1060497a0; persona [(null)]; [/Users/dragonkao/Library/Developer/CoreSimulator/Devices/CC47DE7A-8196-4465-A5A5-BB852C9C6C82/data/Containers]/[Data]/[Application] created>]/[54BF4EA0-04C9-499B-B287-9FF22A2ED8CB]/[(null)]>|1|5FAAD7F6-4BA8-49E5-A448-C7F46C9A17B1|(null))
2026-07-11 13:58:04.604 Df installd[43539:3bf5b4] [com.apple.containermanager:query] Query; euid = 501, uid = 501, class = 2, identifier = [com.DefaultCompany.NeonDrift](1), flags = 300000002
2026-07-11 13:58:04.614 Df containermanagerd[43313:3bf5b5] [com.apple.containermanager:schema] [u 815BD00E-79CD-4463-AD29-B14C41CCA58C:p 97EC8579-A2F4-4F42-9AE5-7AE44328DD1F:c com.DefaultCompany.NeonDrift(2):i0] Successfully updated schema from (0) → (1), actions count = 6
2026-07-11 13:58:04.615 Df containermanagerd_system[43281:3bef67] [com.apple.containermanager:schema] [u 9E2FCC24-B940-478F-87A7-DC9F3D4A533F:p 6EC7522A-6790-43AC-B97C-E70FEDC307BB:c com.DefaultCompany.NeonDrift(1):i0] Successfully updated schema from (0) → (0), actions count = 0
2026-07-11 13:58:04.615 Df installd[43539:3bf5b4] [com.apple.containermanager:xpc] Query; euid = 501, uid = 501, class = 1, identifier = [com.DefaultCompany.NeonDrift](1), flags = 300000002
2026-07-11 13:58:04.616 Df installd[43539:3bf5b4] [com.apple.containermanager:unspecified] Requesting disk usage; class = 1, identifier = com.DefaultCompany.NeonDrift
2026-07-11 13:58:04.617 Df installd[43539:3bf5b4] [com.apple.containermanager:query] Query; euid = 501, uid = 501, class = 7, identifier = [com.DefaultCompany.NeonDrift](1), flags = 300000001
2026-07-11 13:58:04.618 Df SpringBoard[43220:3bee81] [com.apple.SpringBoard:Common] termination assertion released for com.DefaultCompany.NeonDrift
2026-07-11 13:58:04.618 Df SpringBoard[43220:3bee81] [com.apple.SpringBoard:Icon] 0x10c1a1680-SBApplicationIcon Data source did change: <SBApplication: 0x10c3b6100; com.DefaultCompany.NeonDrift> {
} (SBApplication)
2026-07-11 13:58:04.622 Df installd[43539:3bf5b4] (MobileSystemServices) 0x16f737000 -[MILaunchServicesOperationManager _onQueue_addPendingLaunchServicesOperation:error:]: Added pending LS operation <MILaunchServicesRegisterOperation: 7CC8C57B-6B88-44ED-A48D-EDA8A07AD4CF:1 com.DefaultCompany.NeonDrift/MIInstallationDomainSystemShared personas:[com.apple.containermanager.primary-persona]>
2026-07-11 13:58:04.623 Df lsd[43290:3bf02e] [com.apple.launchservices:appinstallation] Post installation registration: request to register com.DefaultCompany.NeonDrift, operation 7CC8C57B-6B88-44ED-A48D-EDA8A07AD4CF, from pid 43539
2026-07-11 13:58:04.623 Df lsd[43290:3bf02e] [com.apple.appinstallation:TransactionLog] com.DefaultCompany.NeonDrift/Unknown Persona:5:4:1:1:Registering bundles via registrant - start
2026-07-11 13:58:04.627 Df lsd[43290:3bf02e] [com.apple.appinstallation:TransactionLog] com.DefaultCompany.NeonDrift/Unknown Persona:5:5:1:1:Building bundle record for app
2026-07-11 13:58:04.627 Df lsd[43290:3bf02e] [com.apple.launchservices:appinstallation] Placeholder detected - Flagging bundle com.DefaultCompany.NeonDrift incomplete
2026-07-11 13:58:04.627 Df lsd[43290:3bf02e] [com.apple.appinstallation:TransactionLog] com.DefaultCompany.NeonDrift/Unknown Persona:5:5:2:1:Built bundle record for app
2026-07-11 13:58:04.629 Df lsd[43290:3bf02e] [com.apple.appinstallation:TransactionLog] com.DefaultCompany.NeonDrift/Unknown Persona:5:4:2:1:Registered bundle status = success
2026-07-11 13:58:04.630 Df lsd[43290:3bf02e] [com.apple.appinstallation:TransactionLog] com.DefaultCompany.NeonDrift/Unknown Persona:5:4:2:1:Finished registering com.DefaultCompany.NeonDrift, bundle unit 610
2026-07-11 13:58:04.630 Df installd[43539:3bf5b4] (MobileSystemServices) 0x16f737000 -[MIJournal purgeJournalEntry:withError:]: Removing journal entry <MIInstallationJournalEntry<0x1018dc960> [com.DefaultCompany.NeonDrift/com.apple.containermanager.primary-persona/[system-defined]]/MIInstallationDomainSystemShared op:3 phase:JournalPhaseDidRegisterWithLS version:0>
2026-07-11 13:58:04.630 Df lsd[43290:3bf02e] [com.apple.launchservices:progress] Sending applicationInstallsDidStart: for (
    "<LSApplicationProxy: 0x103f34000> com.DefaultCompany.NeonDrift file:///Users/dragonkao/Library/Developer/CoreSimulator/Devices/CC47DE7A-8196-4465-A5A5-BB852C9C6C82/data/Containers/Bundle/Application/6EC7522A-6790-43AC-B97C-E70FEDC307BB/com.apple.mobileinstallation.placeholder/ <com.DefaultCompany.NeonDrift <placeholder >:1>"
)
2026-07-11 13:58:04.630 Df installd[43539:3bf5b4] [com.apple.appinstallation:TransactionLog] com.DefaultCompany.NeonDrift/com.apple.containermanager.primary-persona:7:2:2:1:Success (End) : Install (Parallel Placeholder)
2026-07-11 13:58:04.631 Df installd[43539:3bf5b4] (MobileSystemServices) 0x16f737000 -[MIInstaller _logOperationCompletionWithStartTime:distributorID:]: Install successful for (Placeholder:com.DefaultCompany.NeonDrift) [Distributor: (null)]; Staging: 0.00s; Waiting: 0.00s; Preflight/Patch: 2.54s, Verifying: 0.07s; Overall: 2.76s
2026-07-11 13:58:04.631 Df lsd[43290:3bf02e] [com.apple.launchservices:progress] Created parent progress <NSProgress: com.DefaultCompany.NeonDrift phase=InstallingPlaceholder; state=Waiting; finalPhase=Installing; fractionCompleted=0.000000>
2026-07-11 13:58:04.631 Df installcoordinationd[43527:3bf5b7] [com.apple.installcoordination:daemon] -[IXSPowerAssertion invalidate]: Released power assertion IXPowerAssertion-12-[com.DefaultCompany.NeonDrift/Invalid/[system-defined]]
2026-07-11 13:58:04.632 Df profiled[43400:3bf1db] [com.apple.launchservices:appinstallation] LaunchServices observer: InstallsStarted (
    "<LSApplicationProxy: 0x102ed7410> com.DefaultCompany.NeonDrift file:///Users/dragonkao/Library/Developer/CoreSimulator/Devices/CC47DE7A-8196-4465-A5A5-BB852C9C6C82/data/Containers/Bundle/Application/6EC7522A-6790-43AC-B97C-E70FEDC307BB/com.apple.mobileinstallation.placeholder/ <com.DefaultCompany.NeonDrift <placeholder >:1>"
)
2026-07-11 13:58:04.632 Df installcoordinationd[43527:3bf5c2] [com.apple.installcoordination:daemon] -[IXSPendingOperationsTracker endPendingOperationForIdentity:]_block_invoke: Ending pending operation for [com.DefaultCompany.NeonDrift/Invalid/[system-defined]]
2026-07-11 13:58:04.632 Df appstored[43540:3bf5db] [com.apple.launchservices:appinstallation] LaunchServices observer: InstallsStarted (
    "<LSApplicationProxy: 0x101af0240> com.DefaultCompany.NeonDrift file:///Users/dragonkao/Library/Developer/CoreSimulator/Devices/CC47DE7A-8196-4465-A5A5-BB852C9C6C82/data/Containers/Bundle/Application/6EC7522A-6790-43AC-B97C-E70FEDC307BB/com.apple.mobileinstallation.placeholder/ <com.DefaultCompany.NeonDrift <placeholder >:1>"
)
2026-07-11 13:58:04.632 Df nsurlsessiond[43298:3bf05d] [com.apple.launchservices:appinstallation] LaunchServices observer: InstallsStarted (
