2026-07-11 15:04:52.025 Df lsd[19029:2a6ab] [com.apple.launchservices:progress] Updating installPhase for <NSProgress: com.DefaultCompany.NeonDrift.run.1783753443.20835 phase=InstallingPlaceholder; state=Finished; finalPhase=Installing; fractionCompleted=0.000000> to 0
2026-07-11 15:04:52.025 Df lsd[19029:2a6ab] [com.apple.launchservices:progress] Parent progress for installation <NSProgress: com.DefaultCompany.NeonDrift.run.1783753443.20835 phase=Loading; state=Finished; finalPhase=Installing; fractionCompleted=0.000000>, adding phase 0
2026-07-11 15:04:52.025 Df activitysharingd[19312:25b7c] [com.apple.launchservices:appinstallation] LaunchServices observer: InstallsStarted (
    "<LSApplicationProxy: 0x1045a4e40> com.DefaultCompany.NeonDrift.run.1783753443.20835 file:///Users/dragonkao/Library/Developer/CoreSimulator/Devices/CC47DE7A-8196-4465-A5A5-BB852C9C6C82/data/Containers/Bundle/Application/F3B30689-0DD1-492D-9C96-8CBC05AB5D36/NeonDrift.run.1783753443.20835.app/ <com.DefaultCompany.NeonDrift.run.1783753443.20835 <placeholder >:1>"
)
2026-07-11 15:04:52.025 Df lsd[19029:2a6ab] [com.apple.launchservices:progress] #LSInstallProgressList add subscriber: <_NSProgressSubscriber: 0x103322ee0> publishingString: com.DefaultCompany.NeonDrift.run.1783753443.20835.Loading
2026-07-11 15:04:52.025 Df lsd[19029:2a6ab] [com.apple.launchservices:progress] Subscribing to com.DefaultCompany.NeonDrift.run.1783753443.20835.Loading
2026-07-11 15:04:52.025 Df appstored[19145:2a698] [com.apple.launchservices:appinstallation] LaunchServices observer: InstallsStarted (
    "<LSApplicationProxy: 0x101af4180> com.DefaultCompany.NeonDrift.run.1783753443.20835 file:///Users/dragonkao/Library/Developer/CoreSimulator/Devices/CC47DE7A-8196-4465-A5A5-BB852C9C6C82/data/Containers/Bundle/Application/F3B30689-0DD1-492D-9C96-8CBC05AB5D36/NeonDrift.run.1783753443.20835.app/ <com.DefaultCompany.NeonDrift.run.1783753443.20835 <placeholder >:1>"
)
2026-07-11 15:04:52.025 Df installcoordinationd[19154:2a657] [com.apple.launchservices:progress] Published install progress <NSProgress: com.DefaultCompany.NeonDrift.run.1783753443.20835.Loading phase=Loading; state=Waiting; finalPhase=Installing; fractionCompleted=0.000000>
2026-07-11 15:04:52.026 Df CoreSimulatorBridge[19008:2a653] [com.apple.installcoordination:framework] -[IXAppInstallCoordinator _clientDelegate_didUpdateProgress:forPhase:overallProgress:]: <IXInitiatingAppInstallCoordinator<0x101488f80> identity:[com.DefaultCompany.NeonDrift.run.1783753443.20835/Invalid/[system-defined]] uuid:995943EB-42F8-43D8-A0AB-5D9FE0997745 creator:InstallCoordination Simple SPI>: Got did update progress delegate with percentComplete 100.000000 phase IXCoordinatorProgressPhaseLoading overallProgress 60.000000
2026-07-11 15:04:52.026 Df CoreSimulatorBridge[19008:2a655] [com.apple.installcoordination:framework] -[IXAppInstallCoordinator _clientDelegate_didUpdateProgress:forPhase:overallProgress:]_block_invoke: <IXInitiatingAppInstallCoordinator<0x101488f80> identity:[com.DefaultCompany.NeonDrift.run.1783753443.20835/Invalid/[system-defined]] uuid:995943EB-42F8-43D8-A0AB-5D9FE0997745 creator:InstallCoordination Simple SPI>: Calling selector coordinator:didUpdateProgress:forPhase:overallProgress: on observer <_IXSimpleInstallerDelegate 0x0x101459c80>
2026-07-11 15:04:52.026 Df lsd[19029:248e4] [com.apple.launchservices:progress] unsubscribing from com.DefaultCompany.NeonDrift.run.1783753443.20835.Loading as it was unpublished
2026-07-11 15:04:52.026 Df lsd[19029:248e4] [com.apple.launchservices:progress] #LSInstallProgressList remove subscriber: <_NSProgressSubscriber: 0x103322ee0> publishingString: com.DefaultCompany.NeonDrift.run.1783753443.20835.Loading
2026-07-11 15:04:52.026 Df siriactionsd[19056:276ae] [com.apple.shortcuts:Daemon] Dispatching XPC event: <distributed notification: com.apple.LaunchServices.applicationRegistered, userInfo: [AnyHashable("bundleIDs"): <__NSSingleObjectArrayI 0x1041fcad0>(
com.DefaultCompany.NeonDrift.run.1783753443.20835
)
, AnyHashable("isPlaceholder"): 1]>
2026-07-11 15:04:52.026 Df lsd[19029:2a6ab] [com.apple.launchservices:progress] Using publishing string "com.DefaultCompany.NeonDrift.run.1783753443.20835.Installing" for the first time
2026-07-11 15:04:52.026 Df lsd[19029:2a6ab] [com.apple.launchservices:progress] Updating installPhase for <NSProgress: com.DefaultCompany.NeonDrift.run.1783753443.20835 phase=Loading; state=Active; finalPhase=Installing; fractionCompleted=0.600000> to 1
2026-07-11 15:04:52.026 Df lsd[19029:2a6ab] [com.apple.launchservices:progress] Parent progress for installation <NSProgress: com.DefaultCompany.NeonDrift.run.1783753443.20835 phase=Installing; state=Active; finalPhase=Installing; fractionCompleted=0.600000>, adding phase 1
2026-07-11 15:04:52.026 Df siriactionsd[19056:276ae] [com.apple.shortcuts:XPCEvent] Dispatching XPC event: <distributed notification: com.apple.LaunchServices.applicationRegistered, userInfo: [AnyHashable("bundleIDs"): <__NSSingleObjectArrayI 0x1041fcad0>(
com.DefaultCompany.NeonDrift.run.1783753443.20835
)
, AnyHashable("isPlaceholder"): 1]>
2026-07-11 15:04:52.026 Df lsd[19029:2a6ab] [com.apple.launchservices:progress] #LSInstallProgressList add subscriber: <_NSProgressSubscriber: 0x103323480> publishingString: com.DefaultCompany.NeonDrift.run.1783753443.20835.Installing
2026-07-11 15:04:52.026 Df lsd[19029:2a6ab] [com.apple.launchservices:progress] Subscribing to com.DefaultCompany.NeonDrift.run.1783753443.20835.Installing
2026-07-11 15:04:52.027 Df siriactionsd[19056:276ae] [com.apple.shortcuts:Daemon] Firing event: <distributed notification: com.apple.LaunchServices.applicationRegistered, userInfo: [AnyHashable("bundleIDs"): <__NSSingleObjectArrayI 0x1041fcad0>(
com.DefaultCompany.NeonDrift.run.1783753443.20835
)
, AnyHashable("isPlaceholder"): 1]>
2026-07-11 15:04:52.027 Df installcoordinationd[19154:2a65f] [com.apple.launchservices:progress] Published install progress <NSProgress: com.DefaultCompany.NeonDrift.run.1783753443.20835.Installing phase=Installing; state=Waiting; finalPhase=Installing; fractionCompleted=0.000000>
2026-07-11 15:04:52.027 E  siriactionsd[19056:276ae] [com.apple.shortcuts:Daemon] Received an event that we do not have a DaemonTask for: <distributed notification: com.apple.LaunchServices.applicationRegistered, userInfo: [AnyHashable("bundleIDs"): <__NSSingleObjectArrayI 0x1041fcad0>(
com.DefaultCompany.NeonDrift.run.1783753443.20835
)
, AnyHashable("isPlaceholder"): 1]>. This is a serious programming error that might lead to missed messages and stuck streams.
2026-07-11 15:04:52.027 Df installd[19168:2a666] (MobileSystemServices) 0x16dd8f000 -[MIClientConnection _doInstallationForURL:identity:domain:options:operationType:completion:]: Install of "/Users/dragonkao/Library/Developer/CoreSimulator/Devices/CC47DE7A-8196-4465-A5A5-BB852C9C6C82/data/Containers/Shared/SystemGroup/systemgroup.com.apple.installcoordinationd/Library/InstallCoordination/PromiseStaging/8C4B0B08-CC05-4CDD-AC9B-DEAA604FBC05/NeonDrift.run.1783753443.20835.app" type Developer (LSInstallType = 0, Domain: MIInstallationDomainDefault) requested by installcoordinationd (pid 19154 (501/20))
2026-07-11 15:04:52.029 Df appprotectiond[18996:2a6c2] [com.apple.appprotection:server] Received distnoted event <dictionary: 0x103510000> { count = 3, transaction: 0, voucher = 0x103540820, contents =
	"UserInfo" => <dictionary: 0x103431080> { count = 2, transaction: 0, voucher = 0x0, contents =
		"isPlaceholder" => <bool: 0x1e704c530>: true
		"bundleIDs" => <array: 0x1034375d0> { count = 1, capacity = 1, contents =
			0: <string: 0x103435d40> { string cache = 0x0, length = 49, contents = "com.DefaultCompany.NeonDrift.run.1783753443.20835" }
		}
	}
	"Name" => <string: 0x103437090> { string cache = 0x0, length = 46, contents = "com.apple.LaunchServices.applicationRegistered" }
	"XPCEventName" => <string: 0x103437960> { string cache = 0x0, length = 21, contents = "ApplicationRegistered" }
}
2026-07-11 15:04:52.030 Df appprotectiond[18996:2a6c2] [com.apple.appprotection:server] received note: name = com.apple.LaunchServices.applicationRegistered, object = Optional(AppProtection.DistnotedXPCEventStreamTranslator), userInfo = Optional([AnyHashable("isPlaceholder"): 1, AnyHashable("bundleIDs"): <__NSSingleObjectArrayI 0x1035b8230>(
com.DefaultCompany.NeonDrift.run.1783753443.20835
)
])
2026-07-11 15:04:52.031 Df CoreSimulatorBridge[19008:2a653] [com.apple.installcoordination:framework] -[IXAppInstallCoordinator _clientDelegate_didUpdateProgress:forPhase:overallProgress:]: <IXInitiatingAppInstallCoordinator<0x101488f80> identity:[com.DefaultCompany.NeonDrift.run.1783753443.20835/Invalid/[system-defined]] uuid:995943EB-42F8-43D8-A0AB-5D9FE0997745 creator:InstallCoordination Simple SPI>: Got did update progress delegate with percentComplete 5.000000 phase IXCoordinatorProgressPhaseInstalling overallProgress 62.000000
2026-07-11 15:04:52.031 Df CoreSimulatorBridge[19008:2a653] [com.apple.installcoordination:framework] -[IXAppInstallCoordinator _clientDelegate_didUpdateProgress:forPhase:overallProgress:]: <IXInitiatingAppInstallCoordinator<0x101488f80> identity:[com.DefaultCompany.NeonDrift.run.1783753443.20835/Invalid/[system-defined]] uuid:995943EB-42F8-43D8-A0AB-5D9FE0997745 creator:InstallCoordination Simple SPI>: Got did update progress delegate with percentComplete 15.000000 phase IXCoordinatorProgressPhaseInstalling overallProgress 66.000000
2026-07-11 15:04:52.031 Df CoreSimulatorBridge[19008:2a655] [com.apple.installcoordination:framework] -[IXAppInstallCoordinator _clientDelegate_didUpdateProgress:forPhase:overallProgress:]_block_invoke: <IXInitiatingAppInstallCoordinator<0x101488f80> identity:[com.DefaultCompany.NeonDrift.run.1783753443.20835/Invalid/[system-defined]] uuid:995943EB-42F8-43D8-A0AB-5D9FE0997745 creator:InstallCoordination Simple SPI>: Calling selector coordinator:didUpdateProgress:forPhase:overallProgress: on observer <_IXSimpleInstallerDelegate 0x0x101459c80>
2026-07-11 15:04:52.031 Df CoreSimulatorBridge[19008:2a655] [com.apple.installcoordination:framework] -[IXAppInstallCoordinator _clientDelegate_didUpdateProgress:forPhase:overallProgress:]_block_invoke: <IXInitiatingAppInstallCoordinator<0x101488f80> identity:[com.DefaultCompany.NeonDrift.run.1783753443.20835/Invalid/[system-defined]] uuid:995943EB-42F8-43D8-A0AB-5D9FE0997745 creator:InstallCoordination Simple SPI>: Calling selector coordinator:didUpdateProgress:forPhase:overallProgress: on observer <_IXSimpleInstallerDelegate 0x0x101459c80>
2026-07-11 15:04:52.031 Df CoreSimulatorBridge[19008:2a653] [com.apple.installcoordination:framework] -[IXAppInstallCoordinator _clientDelegate_didUpdateProgress:forPhase:overallProgress:]: <IXInitiatingAppInstallCoordinator<0x101488f80> identity:[com.DefaultCompany.NeonDrift.run.1783753443.20835/Invalid/[system-defined]] uuid:995943EB-42F8-43D8-A0AB-5D9FE0997745 creator:InstallCoordination Simple SPI>: Got did update progress delegate with percentComplete 20.000000 phase IXCoordinatorProgressPhaseInstalling overallProgress 68.000000
2026-07-11 15:04:52.031 Df CoreSimulatorBridge[19008:2a653] [com.apple.installcoordination:framework] -[IXAppInstallCoordinator _clientDelegate_didUpdateProgress:forPhase:overallProgress:]_block_invoke: <IXInitiatingAppInstallCoordinator<0x101488f80> identity:[com.DefaultCompany.NeonDrift.run.1783753443.20835/Invalid/[system-defined]] uuid:995943EB-42F8-43D8-A0AB-5D9FE0997745 creator:InstallCoordination Simple SPI>: Calling selector coordinator:didUpdateProgress:forPhase:overallProgress: on observer <_IXSimpleInstallerDelegate 0x0x101459c80>
2026-07-11 15:04:52.033 Df installd[19168:2a666] [com.apple.containermanager:xpc] Query; euid = 501, uid = 501, class = 1, identifier = [com.DefaultCompany.NeonDrift.run.1783753443.20835](1), flags = 300000002
2026-07-11 15:04:52.033 Df appprotectiond[18996:2a6c2] [com.apple.appprotection:server] processing settings authority event: SettingsAuthorityEvent.promotePreferenceFromProvisionalForApplication(com.DefaultCompany.NeonDrift.run.1783753443.20835)
2026-07-11 15:04:52.034 Df installd[19168:2a666] [com.apple.containermanager:xpc] Query; euid = 501, uid = 501, class = 1, identifier = [com.DefaultCompany.NeonDrift.run.1783753443.20835](1), flags = 300000002
2026-07-11 15:04:52.036 Df PosterBoard[19136:2a6c5] [com.apple.launchservices:appinstallation] LaunchServices observer: InstallsStarted (
    "<LSApplicationProxy: 0x10aa8c000> com.DefaultCompany.NeonDrift.run.1783753443.20835 file:///Users/dragonkao/Library/Developer/CoreSimulator/Devices/CC47DE7A-8196-4465-A5A5-BB852C9C6C82/data/Containers/Bundle/Application/F3B30689-0DD1-492D-9C96-8CBC05AB5D36/NeonDrift.run.1783753443.20835.app/ <com.DefaultCompany.NeonDrift.run.1783753443.20835 <placeholder >:1>"
)
2026-07-11 15:04:52.036 Df installd[19168:2a666] [com.apple.containermanager:xpc] Query; euid = 501, uid = 501, class = 1, identifier = [com.DefaultCompany.NeonDrift.run.1783753443.20835](1), flags = 300000002
2026-07-11 15:04:52.036 Df installcoordinationd[19154:25044] [com.apple.installcoordination:daemon] -[IXSCoordinatorProgress setTotalUnitsCompleted:]: Progress for coordinator: [com.DefaultCompany.NeonDrift.run.1783753443.20835/Invalid/[system-defined]], Phase: IXCoordinatorProgressPhaseInstalling, Percentage: 20.000000: Attempt to set units completed on finished progress: 20
2026-07-11 15:04:52.036 Df PosterBoard[19136:2a6c5] [com.apple.launchservices:appinstallation] LaunchServices observer: MetadataUpdate (
    "com.DefaultCompany.NeonDrift.run.1783753443.20835"
)
2026-07-11 15:04:52.037 Df SpringBoard[19125:24cf5] [com.apple.appinstallation:TransactionLog] com.DefaultCompany.NeonDrift.run.1783753443.20835/Unknown Persona:10:1:3:1:Created icon for placeholder.
2026-07-11 15:04:52.037 Df installd[19168:2a666] [com.apple.containermanager:xpc] Query; euid = 501, uid = 501, class = 1, identifier = [com.DefaultCompany.NeonDrift.run.1783753443.20835](1), flags = 300000002
2026-07-11 15:04:52.037 Df SpringBoard[19125:24cf5] [com.apple.frontboard.ApplicationLibrary:sb.placeholder] Placeholders added: (
    "<SBApplicationPlaceholder: 0x10bb01ce0; bundleIdentifier: com.DefaultCompany.NeonDrift.run.1783753443.20835; displayName: NeonDrift.run.1783753443.20835>"
), modified: (
), removed: (null)
2026-07-11 15:04:52.037 Df SpringBoard[19125:24cf5] [com.apple.launchservices:progress] Got progress <NSProgress: com.DefaultCompany.NeonDrift.run.1783753443.20835 phase=InstallingPlaceholder; state=Finished; finalPhase=Installing; fractionCompleted=0.000000> for app com.DefaultCompany.NeonDrift.run.1783753443.20835,
2026-07-11 15:04:52.038 Df liveactivitiesd[19061:24958] [com.apple.launchservices:progress] Got progress <NSProgress: com.DefaultCompany.NeonDrift.run.1783753443.20835 phase=Installing; state=Active; finalPhase=Installing; fractionCompleted=0.600000> for app com.DefaultCompany.NeonDrift.run.1783753443.20835,
2026-07-11 15:04:52.038 Df liveactivitiesd[19061:2a6c7] [com.apple.launchservices:progress] #LSInstallProgressList add subscriber: <_NSProgressSubscriber: 0x101fd4e10> publishingString: com.DefaultCompany.NeonDrift.run.1783753443.20835
2026-07-11 15:04:52.038 Df liveactivitiesd[19061:2a6c7] [com.apple.launchservices:progress] Subscribing to progress for app com.DefaultCompany.NeonDrift.run.1783753443.20835,
2026-07-11 15:04:52.038 Df dmd[19109:24c46] Received xpc stream event (distributed notification matching) with name: com.apple.LaunchServices.applicationRegistered user info: {
    bundleIDs =     (
        "com.DefaultCompany.NeonDrift.run.1783753443.20835"
    );
    isPlaceholder = 1;
}
2026-07-11 15:04:52.038 Df SpringBoard[19125:24cf5] [com.apple.appinstallation:TransactionLog] com.DefaultCompany.NeonDrift.run.1783753443.20835/Unknown Persona:10:2:3:1:Reloading icon image.
2026-07-11 15:04:52.039 Df SpringBoard[19125:24cf5] [com.apple.SpringBoard:Common] termination assertion acquired for com.DefaultCompany.NeonDrift.run.1783753443.20835 (app not found)
2026-07-11 15:04:52.039 Df SpringBoard[19125:24cf5] [com.apple.appinstallation:TransactionLog] com.DefaultCompany.NeonDrift.run.1783753443.20835/Unknown Persona:10:2:3:1:Reloading icon image.
2026-07-11 15:04:52.040 Df installd[19168:2a666] (MobileSystemServices) 0x16dd8f000 -[MIInstaller _installInstallable:containingSymlink:error:]: Installing <MIInstallableBundle ID=com.DefaultCompany.NeonDrift.run.1783753443.20835; Persona=com.apple.containermanager.primary-persona, Version=0, ShortVersion=1.0>
2026-07-11 15:04:52.040 Df installd[19168:2a666] [com.apple.appinstallation:TransactionLog] com.DefaultCompany.NeonDrift.run.1783753443.20835/com.apple.containermanager.primary-persona:7:5:1:1:Start : Install (New)
2026-07-11 15:04:52.040 Df CoreSimulatorBridge[19008:2a655] [com.apple.installcoordination:framework] -[IXAppInstallCoordinator _clientDelegate_didUpdateProgress:forPhase:overallProgress:]: <IXInitiatingAppInstallCoordinator<0x101488f80> identity:[com.DefaultCompany.NeonDrift.run.1783753443.20835/Invalid/[system-defined]] uuid:995943EB-42F8-43D8-A0AB-5D9FE0997745 creator:InstallCoordination Simple SPI>: Got did update progress delegate with percentComplete 30.000000 phase IXCoordinatorProgressPhaseInstalling overallProgress 72.000000
2026-07-11 15:04:52.040 Df CoreSimulatorBridge[19008:2a655] [com.apple.installcoordination:framework] -[IXAppInstallCoordinator _clientDelegate_didUpdateProgress:forPhase:overallProgress:]_block_invoke: <IXInitiatingAppInstallCoordinator<0x101488f80> identity:[com.DefaultCompany.NeonDrift.run.1783753443.20835/Invalid/[system-defined]] uuid:995943EB-42F8-43D8-A0AB-5D9FE0997745 creator:InstallCoordination Simple SPI>: Calling selector coordinator:didUpdateProgress:forPhase:overallProgress: on observer <_IXSimpleInstallerDelegate 0x0x101459c80>
2026-07-11 15:04:52.041 Df SpringBoard[19125:24cf5] [com.apple.appinstallation:TransactionLog] com.DefaultCompany.NeonDrift.run.1783753443.20835/Unknown Persona:10:2:3:1:Reloading icon image.
2026-07-11 15:04:52.043 Df dmd[19109:24c46] Received xpc stream event (distributed notification matching) with name: com.apple.LaunchServices.applicationRegistered user info: {
    bundleIDs =     (
        "com.DefaultCompany.NeonDrift.run.1783753443.20835"
    );
    isPlaceholder = 1;
}
2026-07-11 15:04:52.043 Df PosterBoard[19136:2a6c5] [com.apple.launchservices:appinstallation] LaunchServices observer: InstallsStarted (
    "<LSApplicationProxy: 0x10aa8c240> com.DefaultCompany.NeonDrift.run.1783753443.20835 file:///Users/dragonkao/Library/Developer/CoreSimulator/Devices/CC47DE7A-8196-4465-A5A5-BB852C9C6C82/data/Containers/Bundle/Application/F3B30689-0DD1-492D-9C96-8CBC05AB5D36/NeonDrift.run.1783753443.20835.app/ <com.DefaultCompany.NeonDrift.run.1783753443.20835 <placeholder >:1>"
)
2026-07-11 15:04:52.044 Df installd[19168:2a666] [com.apple.containermanager:query] Query; euid = 501, uid = 501, class = 4, identifier = [com.DefaultCompany.NeonDrift.run.1783753443.20835](1), flags = 300000002
2026-07-11 15:04:52.044 Df CoreSimulatorBridge[19008:2a653] [com.apple.installcoordination:framework] -[IXAppInstallCoordinator _clientDelegate_didUpdateProgress:forPhase:overallProgress:]: <IXInitiatingAppInstallCoordinator<0x101488f80> identity:[com.DefaultCompany.NeonDrift.run.1783753443.20835/Invalid/[system-defined]] uuid:995943EB-42F8-43D8-A0AB-5D9FE0997745 creator:InstallCoordination Simple SPI>: Got did update progress delegate with percentComplete 40.000000 phase IXCoordinatorProgressPhaseInstalling overallProgress 76.000000
2026-07-11 15:04:52.044 Df CoreSimulatorBridge[19008:2a653] [com.apple.installcoordination:framework] -[IXAppInstallCoordinator _clientDelegate_didUpdateProgress:forPhase:overallProgress:]_block_invoke: <IXInitiatingAppInstallCoordinator<0x101488f80> identity:[com.DefaultCompany.NeonDrift.run.1783753443.20835/Invalid/[system-defined]] uuid:995943EB-42F8-43D8-A0AB-5D9FE0997745 creator:InstallCoordination Simple SPI>: Calling selector coordinator:didUpdateProgress:forPhase:overallProgress: on observer <_IXSimpleInstallerDelegate 0x0x101459c80>
2026-07-11 15:04:52.044 Df installd[19168:2a666] [com.apple.containermanager:query] Query; euid = 501, uid = 501, class = 4, identifier = [com.DefaultCompany.NeonDrift.run.1783753443.20835](1), flags = 300000002
2026-07-11 15:04:52.045 Df installd[19168:2a666] [com.apple.containermanager:xpc] Query; euid = 501, uid = 501, class = 1, identifier = [com.DefaultCompany.NeonDrift.run.1783753443.20835](1), flags = 300000003
2026-07-11 15:04:52.045 Df CoreSimulatorBridge[19008:2a655] [com.apple.installcoordination:framework] -[IXAppInstallCoordinator _clientDelegate_didUpdateProgress:forPhase:overallProgress:]: <IXInitiatingAppInstallCoordinator<0x101488f80> identity:[com.DefaultCompany.NeonDrift.run.1783753443.20835/Invalid/[system-defined]] uuid:995943EB-42F8-43D8-A0AB-5D9FE0997745 creator:InstallCoordination Simple SPI>: Got did update progress delegate with percentComplete 50.000000 phase IXCoordinatorProgressPhaseInstalling overallProgress 80.000000
2026-07-11 15:04:52.045 Df CoreSimulatorBridge[19008:2a655] [com.apple.installcoordination:framework] -[IXAppInstallCoordinator _clientDelegate_didUpdateProgress:forPhase:overallProgress:]_block_invoke: <IXInitiatingAppInstallCoordinator<0x101488f80> identity:[com.DefaultCompany.NeonDrift.run.1783753443.20835/Invalid/[system-defined]] uuid:995943EB-42F8-43D8-A0AB-5D9FE0997745 creator:InstallCoordination Simple SPI>: Calling selector coordinator:didUpdateProgress:forPhase:overallProgress: on observer <_IXSimpleInstallerDelegate 0x0x101459c80>
2026-07-11 15:04:52.045 E  containermanagerd_system[19026:248e2] [com.apple.containermanager:schema] [com.DefaultCompany.NeonDrift.run.1783753443.20835(1)] Current schema version (1) is newer than the latest (0), ignoring.
2026-07-11 15:04:52.046 Df containermanagerd_system[19026:248e2] [com.apple.containermanager:schema] [u F34F203D-8E55-49B2-A7CE-4073879804CB:p 68326EF2-B104-4F1D-BE39-7AC0F0DB7439:c com.DefaultCompany.NeonDrift.run.1783753443.20835(1):i41246391] Successfully updated schema from (0) → (0), actions count = 0
2026-07-11 15:04:52.046 Df installd[19168:2a666] [com.apple.containermanager:xpc] Query; euid = 501, uid = 501, class = 1, identifier = [com.DefaultCompany.NeonDrift.run.1783753443.20835](1), flags = 300000002
2026-07-11 15:04:52.047 Df CoreSimulatorBridge[19008:2a653] [com.apple.installcoordination:framework] -[IXAppInstallCoordinator _clientDelegate_didUpdateProgress:forPhase:overallProgress:]: <IXInitiatingAppInstallCoordinator<0x101488f80> identity:[com.DefaultCompany.NeonDrift.run.1783753443.20835/Invalid/[system-defined]] uuid:995943EB-42F8-43D8-A0AB-5D9FE0997745 creator:InstallCoordination Simple SPI>: Got did update progress delegate with percentComplete 60.000000 phase IXCoordinatorProgressPhaseInstalling overallProgress 84.000000
2026-07-11 15:04:52.047 Df CoreSimulatorBridge[19008:2a653] [com.apple.installcoordination:framework] -[IXAppInstallCoordinator _clientDelegate_didUpdateProgress:forPhase:overallProgress:]_block_invoke: <IXInitiatingAppInstallCoordinator<0x101488f80> identity:[com.DefaultCompany.NeonDrift.run.1783753443.20835/Invalid/[system-defined]] uuid:995943EB-42F8-43D8-A0AB-5D9FE0997745 creator:InstallCoordination Simple SPI>: Calling selector coordinator:didUpdateProgress:forPhase:overallProgress: on observer <_IXSimpleInstallerDelegate 0x0x101459c80>
2026-07-11 15:04:52.049 Df installd[19168:2a666] [com.apple.containermanager:query] Query; euid = 501, uid = 501, class = 2, identifier = [com.DefaultCompany.NeonDrift.run.1783753443.20835](1), flags = 300000003
2026-07-11 15:04:52.049 Df CoreSimulatorBridge[19008:2a655] [com.apple.installcoordination:framework] -[IXAppInstallCoordinator _clientDelegate_didUpdateProgress:forPhase:overallProgress:]: <IXInitiatingAppInstallCoordinator<0x101488f80> identity:[com.DefaultCompany.NeonDrift.run.1783753443.20835/Invalid/[system-defined]] uuid:995943EB-42F8-43D8-A0AB-5D9FE0997745 creator:InstallCoordination Simple SPI>: Got did update progress delegate with percentComplete 70.000000 phase IXCoordinatorProgressPhaseInstalling overallProgress 88.000000
2026-07-11 15:04:52.049 Df CoreSimulatorBridge[19008:2a655] [com.apple.installcoordination:framework] -[IXAppInstallCoordinator _clientDelegate_didUpdateProgress:forPhase:overallProgress:]_block_invoke: <IXInitiatingAppInstallCoordinator<0x101488f80> identity:[com.DefaultCompany.NeonDrift.run.1783753443.20835/Invalid/[system-defined]] uuid:995943EB-42F8-43D8-A0AB-5D9FE0997745 creator:InstallCoordination Simple SPI>: Calling selector coordinator:didUpdateProgress:forPhase:overallProgress: on observer <_IXSimpleInstallerDelegate 0x0x101459c80>
2026-07-11 15:04:52.050 Df installd[19168:2a666] [com.apple.containermanager:query] Query; euid = 501, uid = 501, class = 2, identifier = [com.DefaultCompany.NeonDrift.run.1783753443.20835](1), flags = 300000002
2026-07-11 15:04:52.057 Df CoreSimulatorBridge[19008:2a653] [com.apple.installcoordination:framework] -[IXAppInstallCoordinator _clientDelegate_didUpdateProgress:forPhase:overallProgress:]: <IXInitiatingAppInstallCoordinator<0x101488f80> identity:[com.DefaultCompany.NeonDrift.run.1783753443.20835/Invalid/[system-defined]] uuid:995943EB-42F8-43D8-A0AB-5D9FE0997745 creator:InstallCoordination Simple SPI>: Got did update progress delegate with percentComplete 80.000000 phase IXCoordinatorProgressPhaseInstalling overallProgress 92.000000
2026-07-11 15:04:52.057 Df CoreSimulatorBridge[19008:2a653] [com.apple.installcoordination:framework] -[IXAppInstallCoordinator _clientDelegate_didUpdateProgress:forPhase:overallProgress:]_block_invoke: <IXInitiatingAppInstallCoordinator<0x101488f80> identity:[com.DefaultCompany.NeonDrift.run.1783753443.20835/Invalid/[system-defined]] uuid:995943EB-42F8-43D8-A0AB-5D9FE0997745 creator:InstallCoordination Simple SPI>: Calling selector coordinator:didUpdateProgress:forPhase:overallProgress: on observer <_IXSimpleInstallerDelegate 0x0x101459c80>
2026-07-11 15:04:52.058 Df installd[19168:2a666] (MobileSystemServices) 0x16dd8f000 -[MIInstallationJournalEntry _refreshUUIDForContainer:withError:]: Data container for com.DefaultCompany.NeonDrift.run.1783753443.20835 is now at /Users/dragonkao/Library/Developer/CoreSimulator/Devices/CC47DE7A-8196-4465-A5A5-BB852C9C6C82/data/Containers/Data/Application/050A78D3-A1E5-49C9-B585-0EC5EDF6FCF1
2026-07-11 15:04:52.058 Df containermanagerd[19062:24983] [com.apple.containermanager:schema] [u A3F98CC5-F1F7-4076-8FE6-CA082B44EC33:p 050A78D3-A1E5-49C9-B585-0EC5EDF6FCF1:c com.DefaultCompany.NeonDrift.run.1783753443.20835(2):i0] Successfully updated schema from (0) → (1), actions count = 6
2026-07-11 15:04:52.058 Df installd[19168:2a666] [com.apple.containermanager:unspecified] Replace; old = [app:com.DefaultCompany.NeonDrift.run.1783753443.20835:501::(6D2763D3-09A6-4954-8A96-5A462DAD9C1E)], new = [temp-app:com.DefaultCompany.NeonDrift.run.1783753443.20835:501::(F34F203D-8E55-49B2-A7CE-4073879804CB)]
2026-07-11 15:04:52.061 Df installd[19168:2a666] [com.apple.containermanager:xpc] Query; euid = 501, uid = 501, class = 1, identifier = [com.DefaultCompany.NeonDrift.run.1783753443.20835](1), flags = 300000002
2026-07-11 15:04:52.062 Df installd[19168:2a666] (MobileSystemServices) 0x16dd8f000 -[MIContainer makeContainerLiveReplacingContainer:reason:waitForDeletion:withError:]: Made container live for com.DefaultCompany.NeonDrift.run.1783753443.20835 at /Users/dragonkao/Library/Developer/CoreSimulator/Devices/CC47DE7A-8196-4465-A5A5-BB852C9C6C82/data/Containers/Bundle/Application/77EB4FEE-5703-4A7F-8D8B-5763ACC19B88
2026-07-11 15:04:52.062 Df installd[19168:2a666] [com.apple.containermanager:xpc] Query; euid = 501, uid = 501, class = 1, identifier = [com.DefaultCompany.NeonDrift.run.1783753443.20835](1), flags = 300000002
2026-07-11 15:04:52.064 Df CoreSimulatorBridge[19008:2a655] [com.apple.installcoordination:framework] -[IXAppInstallCoordinator _clientDelegate_didUpdateProgress:forPhase:overallProgress:]: <IXInitiatingAppInstallCoordinator<0x101488f80> identity:[com.DefaultCompany.NeonDrift.run.1783753443.20835/Invalid/[system-defined]] uuid:995943EB-42F8-43D8-A0AB-5D9FE0997745 creator:InstallCoordination Simple SPI>: Got did update progress delegate with percentComplete 90.000000 phase IXCoordinatorProgressPhaseInstalling overallProgress 96.000000
2026-07-11 15:04:52.064 Df CoreSimulatorBridge[19008:2a655] [com.apple.installcoordination:framework] -[IXAppInstallCoordinator _clientDelegate_didUpdateProgress:forPhase:overallProgress:]_block_invoke: <IXInitiatingAppInstallCoordinator<0x101488f80> identity:[com.DefaultCompany.NeonDrift.run.1783753443.20835/Invalid/[system-defined]] uuid:995943EB-42F8-43D8-A0AB-5D9FE0997745 creator:InstallCoordination Simple SPI>: Calling selector coordinator:didUpdateProgress:forPhase:overallProgress: on observer <_IXSimpleInstallerDelegate 0x0x101459c80>
2026-07-11 15:04:52.064 Df containermanagerd[19062:24983] [com.apple.containermanager:codesignmapping] Reconciled [com.DefaultCompany.NeonDrift.run.1783753443.20835]; old app groups: (null), new app groups: (null), old system groups: (null), new system groups: (null)
2026-07-11 15:04:52.064 Df installd[19168:2a666] [com.apple.containermanager:unspecified] Requesting disk usage; class = 1, identifier = com.DefaultCompany.NeonDrift.run.1783753443.20835
2026-07-11 15:04:52.066 Df installd[19168:2a666] [com.apple.containermanager:query] Query; euid = 501, uid = 501, class = 7, identifier = [com.DefaultCompany.NeonDrift.run.1783753443.20835](1), flags = 300000001
2026-07-11 15:04:52.067 Df SpringBoard[19125:24cf5] [com.apple.SpringBoard:Common] termination assertion released for com.DefaultCompany.NeonDrift.run.1783753443.20835 (app not found)
2026-07-11 15:04:52.069 Df installd[19168:2a666] (MobileSystemServices) 0x16dd8f000 -[MILaunchServicesOperationManager _onQueue_addPendingLaunchServicesOperation:error:]: Added pending LS operation <MILaunchServicesRegisterOperation: 0AE11F27-AEB1-43C2-B938-2A1EC3CAF3D8:4 com.DefaultCompany.NeonDrift.run.1783753443.20835/MIInstallationDomainSystemShared personas:[com.apple.containermanager.primary-persona]>
2026-07-11 15:04:52.070 Df lsd[19029:2a6ab] [com.apple.launchservices:appinstallation] Post installation registration: request to register com.DefaultCompany.NeonDrift.run.1783753443.20835, operation 0AE11F27-AEB1-43C2-B938-2A1EC3CAF3D8, from pid 19168
2026-07-11 15:04:52.070 Df lsd[19029:2a6ab] [com.apple.appinstallation:TransactionLog] com.DefaultCompany.NeonDrift.run.1783753443.20835/Unknown Persona:5:4:1:1:Registering bundles via registrant - start
2026-07-11 15:04:52.072 Df lsd[19029:2a6ab] [com.apple.appinstallation:TransactionLog] com.DefaultCompany.NeonDrift.run.1783753443.20835/Unknown Persona:5:5:1:1:Building bundle record for app
2026-07-11 15:04:52.072 Df lsd[19029:2a6ab] [com.apple.launchservices:appinstallation] Removed existing registered placeholder for com.DefaultCompany.NeonDrift.run.1783753443.20835
2026-07-11 15:04:52.072 Df lsd[19029:2a6ab] [com.apple.appinstallation:TransactionLog] com.DefaultCompany.NeonDrift.run.1783753443.20835/Unknown Persona:5:5:2:1:Built bundle record for app
2026-07-11 15:04:52.072 Df lsd[19029:2a6ab] [com.apple.launchservices:icons] clearAlternateNameForBundleIdentifier: won't clear for com.DefaultCompany.NeonDrift.run.1783753443.20835
2026-07-11 15:04:52.072 Df lsd[19029:2a6ab] [com.apple.appinstallation:TransactionLog] com.DefaultCompany.NeonDrift.run.1783753443.20835/Unknown Persona:5:4:2:1:Registered bundle status = success
2026-07-11 15:04:52.072 Df lsd[19029:2a6ab] [com.apple.appinstallation:TransactionLog] com.DefaultCompany.NeonDrift.run.1783753443.20835/Unknown Persona:5:4:2:1:Finished registering com.DefaultCompany.NeonDrift.run.1783753443.20835, bundle unit 664
2026-07-11 15:04:52.073 Df lsd[19029:2a6ab] [com.apple.launchservices:progress] Installation ended for com.DefaultCompany.NeonDrift.run.1783753443.20835 with state 5
2026-07-11 15:04:52.073 Df lsd[19029:2a6ab] [com.apple.launchservices:progress] Discarding proportions for com.DefaultCompany.NeonDrift.run.1783753443.20835
2026-07-11 15:04:52.073 Df installd[19168:2a666] (MobileSystemServices) 0x16dd8f000 -[MIJournal purgeJournalEntry:withError:]: Removing journal entry <MIInstallationJournalEntry<0x1034d03c0> [com.DefaultCompany.NeonDrift.run.1783753443.20835/com.apple.containermanager.primary-persona/[system-defined]]/MIInstallationDomainSystemShared op:1 phase:JournalPhaseDidRegisterWithLS version:0>
2026-07-11 15:04:52.073 Df liveactivitiesd[19061:24958] [com.apple.launchservices:progress] Unpublishing progress block called for app com.DefaultCompany.NeonDrift.run.1783753443.20835
2026-07-11 15:04:52.073 Df lsd[19029:2a6aa] [com.apple.launchservices:progress] Sending applicationsDidInstall: for (
    "<LSApplicationProxy: 0x103334000> com.DefaultCompany.NeonDrift.run.1783753443.20835 file:///Users/dragonkao/Library/Developer/CoreSimulator/Devices/CC47DE7A-8196-4465-A5A5-BB852C9C6C82/data/Containers/Bundle/Application/77EB4FEE-5703-4A7F-8D8B-5763ACC19B88/NeonDrift.run.1783753443.20835.app/ <com.DefaultCompany.NeonDrift.run.1783753443.20835 <installed >:0>"
)
2026-07-11 15:04:52.073 Df liveactivitiesd[19061:251de] [com.apple.launchservices:progress] #LSInstallProgressList remove subscriber: <_NSProgressSubscriber: 0x101fd4e10> publishingString: com.DefaultCompany.NeonDrift.run.1783753443.20835
2026-07-11 15:04:52.073 Df installd[19168:2a666] [com.apple.appinstallation:TransactionLog] com.DefaultCompany.NeonDrift.run.1783753443.20835/com.apple.containermanager.primary-persona:7:5:2:1:Success (End) : Install (New)
2026-07-11 15:04:52.073 Df installd[19168:2a666] (MobileSystemServices) 0x16dd8f000 -[MIInstaller _logOperationCompletionWithStartTime:distributorID:]: Install successful for (Developer:com.DefaultCompany.NeonDrift.run.1783753443.20835) [Distributor: (null)]; Staging: 0.00s; Waiting: 0.00s; Preflight/Patch: 0.00s, Verifying: 0.00s; Overall: 0.05s
2026-07-11 15:04:52.073 Df dasd[19004:285a5] [com.apple.launchservices:appinstallation] Received applicationsDidInstall:(
    "<LSApplicationProxy: 0x101faca80> com.DefaultCompany.NeonDrift.run.1783753443.20835 file:///Users/dragonkao/Library/Developer/CoreSimulator/Devices/CC47DE7A-8196-4465-A5A5-BB852C9C6C82/data/Containers/Bundle/Application/77EB4FEE-5703-4A7F-8D8B-5763ACC19B88/NeonDrift.run.1783753443.20835.app/ <com.DefaultCompany.NeonDrift.run.1783753443.20835 <installed >:0>"
)
2026-07-11 15:04:52.074 Df SpringBoard[19125:2a6c6] [com.apple.launchservices:appinstallation] Received applicationsDidInstall:(
    "<LSApplicationProxy: 0x12d71e940> com.DefaultCompany.NeonDrift.run.1783753443.20835 file:///Users/dragonkao/Library/Developer/CoreSimulator/Devices/CC47DE7A-8196-4465-A5A5-BB852C9C6C82/data/Containers/Bundle/Application/77EB4FEE-5703-4A7F-8D8B-5763ACC19B88/NeonDrift.run.1783753443.20835.app/ <com.DefaultCompany.NeonDrift.run.1783753443.20835 <installed >:0>"
)
2026-07-11 15:04:52.074 Df routined[18986:2a68c] [com.apple.launchservices:appinstallation] Received applicationsDidInstall:(
    "<LSApplicationProxy: 0x109964fc0> com.DefaultCompany.NeonDrift.run.1783753443.20835 file:///Users/dragonkao/Library/Developer/CoreSimulator/Devices/CC47DE7A-8196-4465-A5A5-BB852C9C6C82/data/Containers/Bundle/Application/77EB4FEE-5703-4A7F-8D8B-5763ACC19B88/NeonDrift.run.1783753443.20835.app/ <com.DefaultCompany.NeonDrift.run.1783753443.20835 <installed >:0>"
)
2026-07-11 15:04:52.074 Df gamed[19118:25cfa] [com.apple.launchservices:appinstallation] Received applicationsDidInstall:(
    "<LSApplicationProxy: 0x102344240> com.DefaultCompany.NeonDrift.run.1783753443.20835 file:///Users/dragonkao/Library/Developer/CoreSimulator/Devices/CC47DE7A-8196-4465-A5A5-BB852C9C6C82/data/Containers/Bundle/Application/77EB4FEE-5703-4A7F-8D8B-5763ACC19B88/NeonDrift.run.1783753443.20835.app/ <com.DefaultCompany.NeonDrift.run.1783753443.20835 <installed >:0>"
)
2026-07-11 15:04:52.074 Df clipserviced[19199:2522c] [com.apple.launchservices:appinstallation] Received applicationsDidInstall:(
    "<LSApplicationProxy: 0x105db8000> com.DefaultCompany.NeonDrift.run.1783753443.20835 file:///Users/dragonkao/Library/Developer/CoreSimulator/Devices/CC47DE7A-8196-4465-A5A5-BB852C9C6C82/data/Containers/Bundle/Application/77EB4FEE-5703-4A7F-8D8B-5763ACC19B88/NeonDrift.run.1783753443.20835.app/ <com.DefaultCompany.NeonDrift.run.1783753443.20835 <installed >:0>"
)
2026-07-11 15:04:52.074 Df runningboardd[18981:2a6e2] [com.apple.launchservices:appinstallation] Received applicationsDidInstall:(
    "<LSApplicationProxy: 0x10357c000> com.DefaultCompany.NeonDrift.run.1783753443.20835 file:///Users/dragonkao/Library/Developer/CoreSimulator/Devices/CC47DE7A-8196-4465-A5A5-BB852C9C6C82/data/Containers/Bundle/Application/77EB4FEE-5703-4A7F-8D8B-5763ACC19B88/NeonDrift.run.1783753443.20835.app/ <com.DefaultCompany.NeonDrift.run.1783753443.20835 <installed >:0>"
)
2026-07-11 15:04:52.074 Df installcoordinationd[19154:25044] [com.apple.installcoordination:daemon] -[IXSPendingOperationsTracker endPendingOperationForIdentity:]_block_invoke: Ending pending operation for [com.DefaultCompany.NeonDrift.run.1783753443.20835/Invalid/[system-defined]]
2026-07-11 15:04:52.074 Df SpringBoard[19125:24cf5] [com.apple.launchservices:progress] Unpublishing progress block called for app com.DefaultCompany.NeonDrift.run.1783753443.20835
2026-07-11 15:04:52.074 Df SpringBoard[19125:2a6c6] [com.apple.appinstallation:TransactionLog] com.DefaultCompany.NeonDrift.run.1783753443.20835/Unknown Persona:5:8:3:1:applicationsDidInstall <LSApplicationProxy: 0x12d71d380> com.DefaultCompany.NeonDrift.run.1783753443.20835 file:///Users/dragonkao/Library/Developer/CoreSimulator/Devices/CC47DE7A-8196-4465-A5A5-BB852C9C6C82/data/Containers/Bundle/Application/77EB4FEE-5703-4A7F-8D8B-5763ACC19B88/NeonDrift.run.1783753443.20835.app/ <com.DefaultCompany.NeonDrift.run.1783753443.20835 <installed >:0>
2026-07-11 15:04:52.074 Df SpringBoard[19125:2a6d1] [com.apple.launchservices:progress] #LSInstallProgressList remove subscriber: <_NSProgressSubscriber: 0x12299e3a0> publishingString: com.DefaultCompany.NeonDrift.run.1783753443.20835
2026-07-11 15:04:52.074 Df healthd[18988:276ab] [com.apple.launchservices:appinstallation] Received applicationsDidInstall:(
    "<LSApplicationProxy: 0x10367c6c0> com.DefaultCompany.NeonDrift.run.1783753443.20835 file:///Users/dragonkao/Library/Developer/CoreSimulator/Devices/CC47DE7A-8196-4465-A5A5-BB852C9C6C82/data/Containers/Bundle/Application/77EB4FEE-5703-4A7F-8D8B-5763ACC19B88/NeonDrift.run.1783753443.20835.app/ <com.DefaultCompany.NeonDrift.run.1783753443.20835 <installed >:0>"
)
2026-07-11 15:04:52.074 Df SpringBoard[19125:2a6c6] [com.apple.frontboard.ApplicationLibrary:observer] -[FBSApplicationLibrary applicationsDidInstall:] com.DefaultCompany.NeonDrift.run.1783753443.20835
2026-07-11 15:04:52.074 Df SpringBoard[19125:2a6c6] [com.apple.frontboard.ApplicationLibrary:default] Removed placeholder: <SBApplicationPlaceholderProxy: 0x10c893a80; com.DefaultCompany.NeonDrift.run.1783753443.20835 (NeonDrift.run.1783753443.20835); LSInstallType: StoreDownload>
2026-07-11 15:04:52.074 Df usernotificationsd[19065:2a692] [com.apple.launchservices:appinstallation] Received applicationsDidInstall:(
    "<LSApplicationProxy: 0x103da0540> com.DefaultCompany.NeonDrift.run.1783753443.20835 file:///Users/dragonkao/Library/Developer/CoreSimulator/Devices/CC47DE7A-8196-4465-A5A5-BB852C9C6C82/data/Containers/Bundle/Application/77EB4FEE-5703-4A7F-8D8B-5763ACC19B88/NeonDrift.run.1783753443.20835.app/ <com.DefaultCompany.NeonDrift.run.1783753443.20835 <installed >:0>"
)
2026-07-11 15:04:52.075 Df dasd[19004:2a678] [com.apple.appinstallation:TransactionLog] com.DefaultCompany.NeonDrift.run.1783753443.20835/Unknown Persona:5:8:3:1:applicationsDidInstall <LSApplicationProxy: 0x101fac9c0> com.DefaultCompany.NeonDrift.run.1783753443.20835 file:///Users/dragonkao/Library/Developer/CoreSimulator/Devices/CC47DE7A-8196-4465-A5A5-BB852C9C6C82/data/Containers/Bundle/Application/77EB4FEE-5703-4A7F-8D8B-5763ACC19B88/NeonDrift.run.1783753443.20835.app/ <com.DefaultCompany.NeonDrift.run.1783753443.20835 <installed >:0>
2026-07-11 15:04:52.075 Df SpringBoard[19125:2a6c6] [com.apple.frontboard.ApplicationLibrary:default] Added application: <SBApplicationInfo: 0x127eb1b00; com.DefaultCompany.NeonDrift.run.1783753443.20835 (NeonDrift.run.1783753443.20835)>
2026-07-11 15:04:52.075 Df SpringBoard[19125:2a6c6] [com.apple.SplashBoard:FileManifest] Applications were added. Updating launch images for: (
    "com.DefaultCompany.NeonDrift.run.1783753443.20835"
)
2026-07-11 15:04:52.075 Df SpringBoard[19125:24cf5] [com.apple.frontboard.ApplicationLibrary:sb.placeholder] App placeholder proxies installed: (
    "<SBApplicationPlaceholderProxy: 0x10c893a80; com.DefaultCompany.NeonDrift.run.1783753443.20835 (NeonDrift.run.1783753443.20835); LSInstallType: StoreDownload>"
)
2026-07-11 15:04:52.075 Df SpringBoard[19125:24cf5] [com.apple.appinstallation:TransactionLog] com.DefaultCompany.NeonDrift.run.1783753443.20835/Unknown Persona:10:4:1:1:Placeholder remove BEGIN
2026-07-11 15:04:52.075 Df SpringBoard[19125:24cf5] [com.apple.appinstallation:TransactionLog] com.DefaultCompany.NeonDrift.run.1783753443.20835/Unknown Persona:10:10:3:1:Application added
2026-07-11 15:04:52.075 Df nsurlsessiond[19024:2a580] [com.apple.launchservices:appinstallation] Received applicationsDidInstall:(
    "<LSApplicationProxy: 0x103e44300> com.DefaultCompany.NeonDrift.run.1783753443.20835 file:///Users/dragonkao/Library/Developer/CoreSimulator/Devices/CC47DE7A-8196-4465-A5A5-BB852C9C6C82/data/Containers/Bundle/Application/77EB4FEE-5703-4A7F-8D8B-5763ACC19B88/NeonDrift.run.1783753443.20835.app/ <com.DefaultCompany.NeonDrift.run.1783753443.20835 <installed >:0>"
)
2026-07-11 15:04:52.075 Df liveactivitiesd[19061:251de] [com.apple.launchservices:appinstallation] Received applicationsDidInstall:(
    "<LSApplicationProxy: 0x101e95c80> com.DefaultCompany.NeonDrift.run.1783753443.20835 file:///Users/dragonkao/Library/Developer/CoreSimulator/Devices/CC47DE7A-8196-4465-A5A5-BB852C9C6C82/data/Containers/Bundle/Application/77EB4FEE-5703-4A7F-8D8B-5763ACC19B88/NeonDrift.run.1783753443.20835.app/ <com.DefaultCompany.NeonDrift.run.1783753443.20835 <installed >:0>"
)
2026-07-11 15:04:52.075 Df SpringBoard[19125:2a6c6] [com.apple.SplashBoard:FileManifest] com.DefaultCompany.NeonDrift.run.1783753443.20835 Manifest is empty; purging everything at /Users/dragonkao/Library/Developer/CoreSimulator/Devices/CC47DE7A-8196-4465-A5A5-BB852C9C6C82/data/Containers/Data/Application/050A78D3-A1E5-49C9-B585-0EC5EDF6FCF1/Library/SplashBoard/Snapshots
2026-07-11 15:04:52.075 Df lsd[19029:248e4] [com.apple.launchservices:progress] unsubscribing from com.DefaultCompany.NeonDrift.run.1783753443.20835.Installing as it was unpublished
2026-07-11 15:04:52.075 Df appstored[19145:26a6d] [com.apple.launchservices:appinstallation] Received applicationsDidInstall:(
    "<LSApplicationProxy: 0x101af4180> com.DefaultCompany.NeonDrift.run.1783753443.20835 file:///Users/dragonkao/Library/Developer/CoreSimulator/Devices/CC47DE7A-8196-4465-A5A5-BB852C9C6C82/data/Containers/Bundle/Application/77EB4FEE-5703-4A7F-8D8B-5763ACC19B88/NeonDrift.run.1783753443.20835.app/ <com.DefaultCompany.NeonDrift.run.1783753443.20835 <installed >:0>"
)
2026-07-11 15:04:52.075 Df lsd[19029:248e4] [com.apple.launchservices:progress] #LSInstallProgressList remove subscriber: <_NSProgressSubscriber: 0x103323480> publishingString: com.DefaultCompany.NeonDrift.run.1783753443.20835.Installing
2026-07-11 15:04:52.075 Df webbookmarksd[19052:261ae] [com.apple.launchservices:appinstallation] Received applicationsDidInstall:(
    "<LSApplicationProxy: 0x1061c4000> com.DefaultCompany.NeonDrift.run.1783753443.20835 file:///Users/dragonkao/Library/Developer/CoreSimulator/Devices/CC47DE7A-8196-4465-A5A5-BB852C9C6C82/data/Containers/Bundle/Application/77EB4FEE-5703-4A7F-8D8B-5763ACC19B88/NeonDrift.run.1783753443.20835.app/ <com.DefaultCompany.NeonDrift.run.1783753443.20835 <installed >:0>"
)
2026-07-11 15:04:52.075 Df mobiletimerd[18993:2a158] [com.apple.launchservices:appinstallation] Received applicationsDidInstall:(
    "<LSApplicationProxy: 0x103a5c6c0> com.DefaultCompany.NeonDrift.run.1783753443.20835 file:///Users/dragonkao/Library/Developer/CoreSimulator/Devices/CC47DE7A-8196-4465-A5A5-BB852C9C6C82/data/Containers/Bundle/Application/77EB4FEE-5703-4A7F-8D8B-5763ACC19B88/NeonDrift.run.1783753443.20835.app/ <com.DefaultCompany.NeonDrift.run.1783753443.20835 <installed >:0>"
)
2026-07-11 15:04:52.075 Df CoreSimulatorBridge[19008:2a655] [com.apple.installcoordination:framework] -[IXAppInstallCoordinator _clientDelegate_didUpdateProgress:forPhase:overallProgress:]: <IXInitiatingAppInstallCoordinator<0x101488f80> identity:[com.DefaultCompany.NeonDrift.run.1783753443.20835/Invalid/[system-defined]] uuid:995943EB-42F8-43D8-A0AB-5D9FE0997745 creator:InstallCoordination Simple SPI>: Got did update progress delegate with percentComplete 100.000000 phase IXCoordinatorProgressPhaseInstalling overallProgress 100.000000
2026-07-11 15:04:52.075 Df CoreSimulatorBridge[19008:2a655] [com.apple.installcoordination:framework] -[IXAppInstallCoordinator _clientDelegate_didUpdateProgress:forPhase:overallProgress:]_block_invoke: <IXInitiatingAppInstallCoordinator<0x101488f80> identity:[com.DefaultCompany.NeonDrift.run.1783753443.20835/Invalid/[system-defined]] uuid:995943EB-42F8-43D8-A0AB-5D9FE0997745 creator:InstallCoordination Simple SPI>: Calling selector coordinator:didUpdateProgress:forPhase:overallProgress: on observer <_IXSimpleInstallerDelegate 0x0x101459c80>
2026-07-11 15:04:52.075 Df financed[19054:2a69d] [com.apple.launchservices:appinstallation] Received applicationsDidInstall:(
    "<LSApplicationProxy: 0x10619bcc0> com.DefaultCompany.NeonDrift.run.1783753443.20835 file:///Users/dragonkao/Library/Developer/CoreSimulator/Devices/CC47DE7A-8196-4465-A5A5-BB852C9C6C82/data/Containers/Bundle/Application/77EB4FEE-5703-4A7F-8D8B-5763ACC19B88/NeonDrift.run.1783753443.20835.app/ <com.DefaultCompany.NeonDrift.run.1783753443.20835 <installed >:0>"
)
2026-07-11 15:04:52.076 Df passd[19007:276ca] [com.apple.launchservices:appinstallation] Received applicationsDidInstall:(
    "<LSApplicationProxy: 0x1084b58c0> com.DefaultCompany.NeonDrift.run.1783753443.20835 file:///Users/dragonkao/Library/Developer/CoreSimulator/Devices/CC47DE7A-8196-4465-A5A5-BB852C9C6C82/data/Containers/Bundle/Application/77EB4FEE-5703-4A7F-8D8B-5763ACC19B88/NeonDrift.run.1783753443.20835.app/ <com.DefaultCompany.NeonDrift.run.1783753443.20835 <installed >:0>"
)
2026-07-11 15:04:52.076 Df activityawardsd[19212:2a69a] [com.apple.launchservices:appinstallation] Received applicationsDidInstall:(
    "<LSApplicationProxy: 0x102140cc0> com.DefaultCompany.NeonDrift.run.1783753443.20835 file:///Users/dragonkao/Library/Developer/CoreSimulator/Devices/CC47DE7A-8196-4465-A5A5-BB852C9C6C82/data/Containers/Bundle/Application/77EB4FEE-5703-4A7F-8D8B-5763ACC19B88/NeonDrift.run.1783753443.20835.app/ <com.DefaultCompany.NeonDrift.run.1783753443.20835 <installed >:0>"
)
2026-07-11 15:04:52.076 Df donotdisturbd[19028:268af] [com.apple.launchservices:appinstallation] Received applicationsDidInstall:(
    "<LSApplicationProxy: 0x1015c5680> com.DefaultCompany.NeonDrift.run.1783753443.20835 file:///Users/dragonkao/Library/Developer/CoreSimulator/Devices/CC47DE7A-8196-4465-A5A5-BB852C9C6C82/data/Containers/Bundle/Application/77EB4FEE-5703-4A7F-8D8B-5763ACC19B88/NeonDrift.run.1783753443.20835.app/ <com.DefaultCompany.NeonDrift.run.1783753443.20835 <installed >:0>"
)
2026-07-11 15:04:52.076 Df lsd[19029:2a6aa] [com.apple.launchservices:progress] Sent distributed notification com.apple.LaunchServices.applicationRegistered with payload {
    bundleIDs =     (
        "com.DefaultCompany.NeonDrift.run.1783753443.20835"
    );
    isPlaceholder = 0;
}
2026-07-11 15:04:52.076 Df profiled[19072:27ab5] [com.apple.launchservices:appinstallation] Received applicationsDidInstall:(
    "<LSApplicationProxy: 0x107440000> com.DefaultCompany.NeonDrift.run.1783753443.20835 file:///Users/dragonkao/Library/Developer/CoreSimulator/Devices/CC47DE7A-8196-4465-A5A5-BB852C9C6C82/data/Containers/Bundle/Application/77EB4FEE-5703-4A7F-8D8B-5763ACC19B88/NeonDrift.run.1783753443.20835.app/ <com.DefaultCompany.NeonDrift.run.1783753443.20835 <installed >:0>"
)
2026-07-11 15:04:52.076 Df installcoordinationd[19154:25044] [com.apple.installcoordination:daemon] -[IXSCoordinatedAppInstall setComplete:]: <IXSCoordinatedAppInstall<0x101618000> [P=CoreSimulatorBridge (pid 19008)] identifier:[com.DefaultCompany.NeonDrift.run.1783753443.20835/Invalid/[system-defined]] uuid:995943EB-42F8-43D8-A0AB-5D9FE0997745 intent:IXCoordinatorIntentInitiating creator/appDRI:InstallCoordination Simple SPI importance:UserWaiting state:IXAppCoordinationStateComplete promise-state:PA2I4> complete!
2026-07-11 15:04:52.076 Df installcoordinationd[19154:25044] [com.apple.installcoordination:daemon] -[IXSPowerAssertion invalidate]: Released power assertion IXPowerAssertion-12-[com.DefaultCompany.NeonDrift.run.1783753443.20835/Invalid/[system-defined]]
2026-07-11 15:04:52.076 Df SpringBoard[19125:24cf5] [com.apple.SpringBoard:Common] Installed apps did change.
Added: {(
    "com.DefaultCompany.NeonDrift.run.1783753443.20835"
)}
Removed: {(
)}
Replaced: {(
)}
Updated: (null)
