Timestamp               Ty Process[PID:TID]
2026-06-22 01:40:16.108 Df CoreSimulatorBridge[50222:4c26df] Request received for installation of file:///Users/dragonkao/.openclaw/workspace/382b9e3384298039b171c9b2a60ae644/NeonDrift_MVP/project/xcode_derived_data/Build/Products/Release-iphonesimulator/NeonDrift.app/ with options: {
    PackageType = Developer;
    SimulatorRootPath = "/Library/Developer/CoreSimulator/Volumes/iOS_23F77/Library/Developer/CoreSimulator/Profiles/Runtimes/iOS 26.5.simruntime/Contents/Resources/RuntimeRoot";
    SimulatorUserPath = "/Users/dragonkao/Library/Developer/CoreSimulator/Devices/CCB1E793-CED4-4FCD-BF73-321AAEA77AB9/data";
}
2026-06-22 01:40:16.108 Df CoreSimulatorBridge[50222:4c26df] [com.apple.installcoordination:framework] +[IXAppInstallCoordinator(IXSimpleInstaller) _beginInstallForURL:forPersonaUniqueString:consumeSource:options:progressBlock:completionWithIdentity:]: Beginning install for /Users/dragonkao/.openclaw/workspace/382b9e3384298039b171c9b2a60ae644/NeonDrift_MVP/project/xcode_derived_data/Build/Products/Release-iphonesimulator/NeonDrift.app consuming source:N options:{
    IsUserInitiated = 1;
    PackageType = Developer;
} installationRequestorAuditToken: NULL
2026-06-22 01:40:16.110 Df installcoordinationd[73024:4c1cfe] [com.apple.installcoordination:daemon] -[IXSDataPromiseManager registerPromise:]: Registered promise <IXSPlaceholder(0x10190c500) Name:App Placeholder: NeonDrift (com.DefaultCompany.NeonDrift) Creator:InstallCoordination Simple SPI UUID:0758737F-D6E4-4140-B34A-DB8C8E3FC341 Location:[system-defined]> for UUID 0758737F-D6E4-4140-B34A-DB8C8E3FC341
2026-06-22 01:40:16.110 Df installcoordinationd[73024:4c1cfe] [com.apple.installcoordination:daemon] -[IXSPlaceholder setAttributes:]: <IXSPlaceholder(0x10190c500) Name:App Placeholder: NeonDrift (com.DefaultCompany.NeonDrift) Creator:InstallCoordination Simple SPI UUID:0758737F-D6E4-4140-B34A-DB8C8E3FC341 Location:[system-defined]>: setting placeholder attributes to <IXPlaceholderAttributes<0x1018a5180> : {
    CFBundleShortVersionString = "1.0";
    CFBundleSupportedPlatforms =     (
        iPhoneSimulator
    );
    CFBundleVersion = 0;
    DTPlatformName = iphonesimulator;
    LSRequiresIPhoneOS = 1;
    MinimumOSVersion = "13.0";
    UIDeviceFamily =     (
        1,
        2
    );
    UIRequiredDeviceCapabilities =     {
        arm64 = 1;
        metal = 1;
    };
}>
2026-06-22 01:40:16.111 Df CoreSimulatorBridge[50222:4c1cf7] [com.apple.installcoordination:framework] +[IXPlaceholder _setEntitlementsFromBundleExecutableURL:withBundleID:client:onPlaceholder:location:error:]: Executable for com.DefaultCompany.NeonDrift at NeonDrift -- file:///Users/dragonkao/.openclaw/workspace/382b9e3384298039b171c9b2a60ae644/NeonDrift_MVP/project/xcode_derived_data/Build/Products/Release-iphonesimulator/NeonDrift.app/ had no entitlements
2026-06-22 01:40:16.111 Df CoreSimulatorBridge[50222:4c1cf7] [com.apple.installcoordination:framework] +[IXPlaceholder _placeholderForBundle:client:withParent:installType:metadata:placeholderType:mayBeDeltaPackage:isFromSerializedPlaceholder:location:error:]: Using full fidelity icons for com.DefaultCompany.NeonDrift at /Users/dragonkao/.openclaw/workspace/382b9e3384298039b171c9b2a60ae644/NeonDrift_MVP/project/xcode_derived_data/Build/Products/Release-iphonesimulator/NeonDrift.app
2026-06-22 01:40:16.111 Df installcoordinationd[73024:4c1cfe] [com.apple.installcoordination:daemon] -[IXSDataPromiseManager registerPromise:]: Registered promise <IXSPromisedTransferToPath(0x1018e5880) Name:Icon resources for com.DefaultCompany.NeonDrift Creator:InstallCoordination Simple SPI UUID:1206D5C7-B3A9-4B5D-8A84-3392CC0199A2 Location:[system-defined]> for UUID 1206D5C7-B3A9-4B5D-8A84-3392CC0199A2
2026-06-22 01:40:16.114 Df CoreSimulatorBridge[50222:4c1cf7] [com.apple.installcoordination:framework] -[IXPromisedTransferToPath setComplete:]: <IXPromisedTransferToPath<0x1014751c0> name:"Icon resources for com.DefaultCompany.NeonDrift" uuid:1206D5C7-B3A9-4B5D-8A84-3392CC0199A2 creator:"InstallCoordination Simple SPI" location:[system-defined]> Move operation from /Users/dragonkao/Library/Developer/CoreSimulator/Devices/CCB1E793-CED4-4FCD-BF73-321AAEA77AB9/data/Containers/Shared/SystemGroup/systemgroup.com.apple.installcoordinationd/Library/InstallCoordination/PromiseStaging/1206D5C7-B3A9-4B5D-8A84-3392CC0199A2/temp.kU7KfV to /Users/dragonkao/Library/Developer/CoreSimulator/Devices/CCB1E793-CED4-4FCD-BF73-321AAEA77AB9/data/Containers/Shared/SystemGroup/systemgroup.com.apple.installcoordinationd/Library/InstallCoordination/PromiseStaging/1206D5C7-B3A9-4B5D-8A84-3392CC0199A2/temp.kU7KfV took 0.000041 seconds
2026-06-22 01:40:16.115 Df installcoordinationd[73024:4c1cfe] [com.apple.installcoordination:daemon] -[IXSDataPromise _setPercentComplete:saveStateIfNeeded:]: Progress: <IXSPromisedTransferToPath(0x1018e5880) Name:Icon resources for com.DefaultCompany.NeonDrift Creator:InstallCoordination Simple SPI UUID:1206D5C7-B3A9-4B5D-8A84-3392CC0199A2 Location:[system-defined]>
2026-06-22 01:40:16.115 Df installcoordinationd[73024:4d0a87] [com.apple.installcoordination:daemon] -[IXSDataPromiseManager promiseDidBegin:]: Unowned promise began: <IXSPromisedTransferToPath(0x1018e5880) Name:Icon resources for com.DefaultCompany.NeonDrift Creator:InstallCoordination Simple SPI UUID:1206D5C7-B3A9-4B5D-8A84-3392CC0199A2 Location:[system-defined]>
2026-06-22 01:40:16.115 Df installcoordinationd[73024:4d0a87] [com.apple.installcoordination:daemon] -[IXSDataPromiseManager promise:didUpdateProgress:]: Unowned promise update progress to 1.000000 : <IXSPromisedTransferToPath(0x1018e5880) Name:Icon resources for com.DefaultCompany.NeonDrift Creator:InstallCoordination Simple SPI UUID:1206D5C7-B3A9-4B5D-8A84-3392CC0199A2 Location:[system-defined]>
2026-06-22 01:40:16.115 Df installcoordinationd[73024:4d0a87] [com.apple.installcoordination:daemon] -[IXSDataPromiseManager promiseDidComplete:]: Unowned promise completed: <IXSPromisedTransferToPath(0x1018e5880) Name:Icon resources for com.DefaultCompany.NeonDrift Creator:InstallCoordination Simple SPI UUID:1206D5C7-B3A9-4B5D-8A84-3392CC0199A2 Location:[system-defined]>
2026-06-22 01:40:16.116 Df installcoordinationd[73024:4d0a87] [com.apple.installcoordination:daemon] -[IXSDataPromise _setPercentComplete:saveStateIfNeeded:]: Progress: <IXSPromisedInMemoryDictionary(0x1018e5100) Name:Info.plist icon content for com.DefaultCompany.NeonDrift Creator:InstallCoordination Simple SPI UUID:3CABF4F1-AC97-460B-A81D-8072719C92C0 Location:[system-defined]>
2026-06-22 01:40:16.116 Df installcoordinationd[73024:4d0a87] [com.apple.installcoordination:daemon] -[IXSDataPromiseManager registerPromise:]: Registered promise <IXSPromisedInMemoryDictionary(0x1018e5100) Name:Info.plist icon content for com.DefaultCompany.NeonDrift Creator:InstallCoordination Simple SPI UUID:3CABF4F1-AC97-460B-A81D-8072719C92C0 Location:[system-defined]> for UUID 3CABF4F1-AC97-460B-A81D-8072719C92C0
2026-06-22 01:40:16.116 Df installcoordinationd[73024:4c1cfe] [com.apple.installcoordination:daemon] -[IXSDataPromiseManager promiseDidBegin:]: Unowned promise began: <IXSPromisedInMemoryDictionary(0x1018e5100) Name:Info.plist icon content for com.DefaultCompany.NeonDrift Creator:InstallCoordination Simple SPI UUID:3CABF4F1-AC97-460B-A81D-8072719C92C0 Location:[system-defined]>
2026-06-22 01:40:16.116 Df installcoordinationd[73024:4c1cfe] [com.apple.installcoordination:daemon] -[IXSDataPromiseManager promise:didUpdateProgress:]: Unowned promise update progress to 1.000000 : <IXSPromisedInMemoryDictionary(0x1018e5100) Name:Info.plist icon content for com.DefaultCompany.NeonDrift Creator:InstallCoordination Simple SPI UUID:3CABF4F1-AC97-460B-A81D-8072719C92C0 Location:[system-defined]>
2026-06-22 01:40:16.116 Df installcoordinationd[73024:4c1cfe] [com.apple.installcoordination:daemon] -[IXSDataPromiseManager promiseDidComplete:]: Unowned promise completed: <IXSPromisedInMemoryDictionary(0x1018e5100) Name:Info.plist icon content for com.DefaultCompany.NeonDrift Creator:InstallCoordination Simple SPI UUID:3CABF4F1-AC97-460B-A81D-8072719C92C0 Location:[system-defined]>
2026-06-22 01:40:16.116 Df installcoordinationd[73024:4d0a87] [com.apple.installcoordination:daemon] -[IXSPlaceholder setIconResourcesPromise:]: <IXSPlaceholder(0x10190c500) Name:App Placeholder: NeonDrift (com.DefaultCompany.NeonDrift) Creator:InstallCoordination Simple SPI UUID:0758737F-D6E4-4140-B34A-DB8C8E3FC341 Location:[system-defined]>: setting icon resources promise to <IXSPromisedTransferToPath(0x1018e5880) Name:Icon resources for com.DefaultCompany.NeonDrift Creator:InstallCoordination Simple SPI UUID:1206D5C7-B3A9-4B5D-8A84-3392CC0199A2 Location:[system-defined]>
2026-06-22 01:40:16.117 Df installcoordinationd[73024:4d0a87] [com.apple.installcoordination:daemon] -[IXSPlaceholder setInfoPlistIconContentPromise:]: <IXSPlaceholder(0x10190c500) Name:App Placeholder: NeonDrift (com.DefaultCompany.NeonDrift) Creator:InstallCoordination Simple SPI UUID:0758737F-D6E4-4140-B34A-DB8C8E3FC341 Location:[system-defined]>: setting Info.plist icon content promise to <IXSPromisedInMemoryDictionary(0x1018e5100) Name:Info.plist icon content for com.DefaultCompany.NeonDrift Creator:InstallCoordination Simple SPI UUID:3CABF4F1-AC97-460B-A81D-8072719C92C0 Location:[system-defined]>
2026-06-22 01:40:16.117 Df installcoordinationd[73024:4c1cfe] [com.apple.installcoordination:daemon] -[IXSDataPromiseManager promiseDidBegin:]: Unowned promise began: <IXSPlaceholder(0x10190c500) Name:App Placeholder: NeonDrift (com.DefaultCompany.NeonDrift) Creator:InstallCoordination Simple SPI UUID:0758737F-D6E4-4140-B34A-DB8C8E3FC341 Location:[system-defined]>
2026-06-22 01:40:16.117 Df installcoordinationd[73024:4c1cfe] [com.apple.installcoordination:daemon] -[IXSDataPromiseManager promise:didUpdateProgress:]: Unowned promise update progress to 0.000000 : <IXSPlaceholder(0x10190c500) Name:App Placeholder: NeonDrift (com.DefaultCompany.NeonDrift) Creator:InstallCoordination Simple SPI UUID:0758737F-D6E4-4140-B34A-DB8C8E3FC341 Location:[system-defined]>
2026-06-22 01:40:16.117 Df installcoordinationd[73024:4c1cfe] [com.apple.installcoordination:daemon] -[IXSDataPromiseManager promise:didUpdateProgress:]: Unowned promise update progress to 0.000000 : <IXSPlaceholder(0x10190c500) Name:App Placeholder: NeonDrift (com.DefaultCompany.NeonDrift) Creator:InstallCoordination Simple SPI UUID:0758737F-D6E4-4140-B34A-DB8C8E3FC341 Location:[system-defined]>
2026-06-22 01:40:16.118 Df installcoordinationd[73024:4c1cfe] [com.apple.installcoordination:daemon] -[IXSDataPromise _setPercentComplete:saveStateIfNeeded:]: Progress: <IXSPromisedInMemoryDictionary(0x1018e5980) Name:Localizations for com.DefaultCompany.NeonDrift Creator:InstallCoordination Simple SPI UUID:D35F2F48-333B-4782-8E67-809A110F0806 Location:[system-defined]>
2026-06-22 01:40:16.118 Df installcoordinationd[73024:4c1cfe] [com.apple.installcoordination:daemon] -[IXSDataPromiseManager registerPromise:]: Registered promise <IXSPromisedInMemoryDictionary(0x1018e5980) Name:Localizations for com.DefaultCompany.NeonDrift Creator:InstallCoordination Simple SPI UUID:D35F2F48-333B-4782-8E67-809A110F0806 Location:[system-defined]> for UUID D35F2F48-333B-4782-8E67-809A110F0806
2026-06-22 01:40:16.118 Df installcoordinationd[73024:4d0a87] [com.apple.installcoordination:daemon] -[IXSDataPromiseManager promiseDidBegin:]: Unowned promise began: <IXSPromisedInMemoryDictionary(0x1018e5980) Name:Localizations for com.DefaultCompany.NeonDrift Creator:InstallCoordination Simple SPI UUID:D35F2F48-333B-4782-8E67-809A110F0806 Location:[system-defined]>
2026-06-22 01:40:16.118 Df installcoordinationd[73024:4d0a87] [com.apple.installcoordination:daemon] -[IXSDataPromiseManager promise:didUpdateProgress:]: Unowned promise update progress to 1.000000 : <IXSPromisedInMemoryDictionary(0x1018e5980) Name:Localizations for com.DefaultCompany.NeonDrift Creator:InstallCoordination Simple SPI UUID:D35F2F48-333B-4782-8E67-809A110F0806 Location:[system-defined]>
2026-06-22 01:40:16.118 Df installcoordinationd[73024:4d0a87] [com.apple.installcoordination:daemon] -[IXSDataPromiseManager promiseDidComplete:]: Unowned promise completed: <IXSPromisedInMemoryDictionary(0x1018e5980) Name:Localizations for com.DefaultCompany.NeonDrift Creator:InstallCoordination Simple SPI UUID:D35F2F48-333B-4782-8E67-809A110F0806 Location:[system-defined]>
2026-06-22 01:40:16.119 Df installcoordinationd[73024:4c1cfe] [com.apple.installcoordination:daemon] -[IXSPlaceholder setLocalizationDictionaryPromise:]: <IXSPlaceholder(0x10190c500) Name:App Placeholder: NeonDrift (com.DefaultCompany.NeonDrift) Creator:InstallCoordination Simple SPI UUID:0758737F-D6E4-4140-B34A-DB8C8E3FC341 Location:[system-defined]>: setting localization dict promise to <IXSPromisedInMemoryDictionary(0x1018e5980) Name:Localizations for com.DefaultCompany.NeonDrift Creator:InstallCoordination Simple SPI UUID:D35F2F48-333B-4782-8E67-809A110F0806 Location:[system-defined]>
2026-06-22 01:40:16.120 Df installcoordinationd[73024:4d0a89] [com.apple.installcoordination:daemon] -[IXSDataPromiseManager promise:didUpdateProgress:]: Unowned promise update progress to 0.000000 : <IXSPlaceholder(0x10190c500) Name:App Placeholder: NeonDrift (com.DefaultCompany.NeonDrift) Creator:InstallCoordination Simple SPI UUID:0758737F-D6E4-4140-B34A-DB8C8E3FC341 Location:[system-defined]>
2026-06-22 01:40:16.120 Df installcoordinationd[73024:4d0a89] [com.apple.installcoordination:daemon] -[IXSPlaceholder setConfigurationComplete:]: <IXSPlaceholder(0x10190c500) Name:App Placeholder: NeonDrift (com.DefaultCompany.NeonDrift) Creator:InstallCoordination Simple SPI UUID:0758737F-D6E4-4140-B34A-DB8C8E3FC341 Location:[system-defined]>: setting configuration complete to Y
2026-06-22 01:40:16.120 Df installcoordinationd[73024:4d0a89] [com.apple.installcoordination:daemon] -[IXSPlaceholder _materialize]: <IXSPlaceholder(0x10190c500) Name:App Placeholder: NeonDrift (com.DefaultCompany.NeonDrift) Creator:InstallCoordination Simple SPI UUID:0758737F-D6E4-4140-B34A-DB8C8E3FC341 Location:[system-defined]>: Materializing placeholder at /Users/dragonkao/Library/Developer/CoreSimulator/Devices/CCB1E793-CED4-4FCD-BF73-321AAEA77AB9/data/Containers/Shared/SystemGroup/systemgroup.com.apple.installcoordinationd/Library/InstallCoordination/PromiseStaging/0758737F-D6E4-4140-B34A-DB8C8E3FC341/NeonDrift.app
2026-06-22 01:40:16.121 Df installcoordinationd[73024:4d0a89] [com.apple.installcoordination:daemon] -[IXSPlaceholder _materialize]: <IXSPlaceholder(0x10190c500) Name:App Placeholder: NeonDrift (com.DefaultCompany.NeonDrift) Creator:InstallCoordination Simple SPI UUID:0758737F-D6E4-4140-B34A-DB8C8E3FC341 Location:[system-defined]>: Using Info.plist icon content: {
    CFBundleIcons =     {
        CFBundlePrimaryIcon =         {
            CFBundleIconName = AppIcon;
        };
    };
    "CFBundleIcons~ipad" =     {
        CFBundlePrimaryIcon =         {
            CFBundleIconName = AppIcon;
        };
    };
    ISIconPlatform = iPhoneOS;
}
2026-06-22 01:40:16.121 Df installcoordinationd[73024:4d0a89] [com.apple.installcoordination:daemon] -[IXSPlaceholder _materialize]_block_invoke: <IXSPlaceholder(0x10190c500) Name:App Placeholder: NeonDrift (com.DefaultCompany.NeonDrift) Creator:InstallCoordination Simple SPI UUID:0758737F-D6E4-4140-B34A-DB8C8E3FC341 Location:[system-defined]>: Using icon resource Assets.car
2026-06-22 01:40:16.121 Df installcoordinationd[73024:4d0a89] [com.apple.installcoordination:daemon] -[IXSPlaceholder _materialize]: <IXSPlaceholder(0x10190c500) Name:App Placeholder: NeonDrift (com.DefaultCompany.NeonDrift) Creator:InstallCoordination Simple SPI UUID:0758737F-D6E4-4140-B34A-DB8C8E3FC341 Location:[system-defined]>: Including lproj localizations for (
)
2026-06-22 01:40:16.121 Df installcoordinationd[73024:4d0a87] [com.apple.installcoordination:daemon] -[IXSDataPromiseManager promiseDidComplete:]: Unowned promise completed: <IXSPlaceholder(0x10190c500) Name:App Placeholder: NeonDrift (com.DefaultCompany.NeonDrift) Creator:InstallCoordination Simple SPI UUID:0758737F-D6E4-4140-B34A-DB8C8E3FC341 Location:[system-defined]>
2026-06-22 01:40:16.122 Df installcoordinationd[73024:4d0a87] [com.apple.installcoordination:daemon] -[IXSDataPromiseManager registerPromise:]: Registered promise <IXSPromisedTransferToPath(0x1018e5780) Name:App Asset: com.DefaultCompany.NeonDrift Creator:InstallCoordination Simple SPI UUID:6107E045-EAAD-4D7E-83D4-3411A69ABA15 Location:[system-defined]> for UUID 6107E045-EAAD-4D7E-83D4-3411A69ABA15
2026-06-22 01:40:16.124 Df installcoordinationd[73024:4d0a87] [com.apple.installcoordination:daemon] -[IXSCoordinatorManager coordinatorForIdentity:connection:error:creatingIfNotExisting:]_block_invoke: Registered coordinator: <IXSCoordinatedAppInstall<0x1019f4000> [P=CoreSimulatorBridge (pid 50222)] identifier:[com.DefaultCompany.NeonDrift/Invalid/[system-defined]] uuid:896FEC48-61AA-4C16-8E01-562B721DE64F intent:IXCoordinatorIntentUpdating creator/appDRI:InstallCoordination Simple SPI importance:Background state:IXAppCoordinationStatePlaceholderPromiseNotSet promise-state:01234>
2026-06-22 01:40:16.124 Df installcoordinationd[73024:4d0a87] [com.apple.appinstallation:TransactionLog] com.DefaultCompany.NeonDrift/Unknown Persona:4:2:1:1:Created coordinator with intent IXCoordinatorIntentUpdating for client InstallCoordination Simple SPI
2026-06-22 01:40:16.124 Df installcoordinationd[73024:4d0a87] [com.apple.installcoordination:daemon] -[IXSCoordinatedAppInstall setPriorityBoostCompletion:withSourceInfo:]: <IXSCoordinatedAppInstall<0x1019f4000> [P=CoreSimulatorBridge (pid 50222)] identifier:[com.DefaultCompany.NeonDrift/Invalid/[system-defined]] uuid:896FEC48-61AA-4C16-8E01-562B721DE64F intent:IXCoordinatorIntentUpdating creator/appDRI:InstallCoordination Simple SPI importance:Background state:IXAppCoordinationStatePlaceholderPromiseNotSet promise-state:01234>: Retaining completion from CoreSimulatorBridge (50222), QOS_CLASS_DEFAULT (0x15)
2026-06-22 01:40:16.124 Df installcoordinationd[73024:4d0a87] [com.apple.installcoordination:daemon] -[IXSCoordinatedAppInstall setImportance:]: <IXSCoordinatedAppInstall<0x1019f4000> [P=CoreSimulatorBridge (pid 50222)] identifier:[com.DefaultCompany.NeonDrift/Invalid/[system-defined]] uuid:896FEC48-61AA-4C16-8E01-562B721DE64F intent:IXCoordinatorIntentUpdating creator/appDRI:InstallCoordination Simple SPI importance:UserWaiting state:IXAppCoordinationStatePlaceholderPromiseNotSet promise-state:01234>: set importance to UserWaiting
2026-06-22 01:40:16.124 Df installcoordinationd[73024:4d0a87] [com.apple.installcoordination:daemon] -[IXSCoordinatedAppInstall _onQueue_fireObserversForClient:]: <IXSCoordinatedAppInstall<0x1019f4000> [P=CoreSimulatorBridge (pid 50222)] identifier:[com.DefaultCompany.NeonDrift/Invalid/[system-defined]] uuid:896FEC48-61AA-4C16-8E01-562B721DE64F intent:IXCoordinatorIntentUpdating creator/appDRI:InstallCoordination Simple SPI importance:UserWaiting state:IXAppCoordinationStatePlaceholderPromiseNotSet promise-state:01234>: Firing applicable observers for client <IXSClientConnection<0x1018453e0> client:CoreSimulatorBridge (pid 50222) uuid:97E4103C-0E7B-4BF2-9B64-F2D450B25CB1>
2026-06-22 01:40:16.125 Df installcoordinationd[73024:4d0a87] [com.apple.installcoordination:daemon] -[IXSCoordinatedAppInstall setPriorityBoostCompletion:withSourceInfo:]: <IXSCoordinatedAppInstall<0x1019f4000> [P=CoreSimulatorBridge (pid 50222)] identifier:[com.DefaultCompany.NeonDrift/Invalid/[system-defined]] uuid:896FEC48-61AA-4C16-8E01-562B721DE64F intent:IXCoordinatorIntentUpdating creator/appDRI:InstallCoordination Simple SPI importance:UserWaiting state:IXAppCoordinationStatePlaceholderPromiseNotSet promise-state:01234>: Disposing of completion from CoreSimulatorBridge (50222), QOS_CLASS_DEFAULT (0x15)
2026-06-22 01:40:16.125 Df installcoordinationd[73024:4d0a87] [com.apple.installcoordination:daemon] -[IXSCoordinatedAppInstall setPriorityBoostCompletion:withSourceInfo:]: <IXSCoordinatedAppInstall<0x1019f4000> [P=CoreSimulatorBridge (pid 50222)] identifier:[com.DefaultCompany.NeonDrift/Invalid/[system-defined]] uuid:896FEC48-61AA-4C16-8E01-562B721DE64F intent:IXCoordinatorIntentUpdating creator/appDRI:InstallCoordination Simple SPI importance:UserWaiting state:IXAppCoordinationStatePlaceholderPromiseNotSet promise-state:01234>: Retaining completion from CoreSimulatorBridge (50222), QOS_CLASS_DEFAULT (0x15)
2026-06-22 01:40:16.125 Df CoreSimulatorBridge[50222:4cb4db] [com.apple.installcoordination:framework] -[IXAppInstallCoordinator _clientDelegate_didRegisterForObservation]: <IXUpdatingAppInstallCoordinator<0x1014753c0> identity:[com.DefaultCompany.NeonDrift/Invalid/[system-defined]] uuid:896FEC48-61AA-4C16-8E01-562B721DE64F creator:InstallCoordination Simple SPI>: Got observer registration delegate
2026-06-22 01:40:16.125 Df CoreSimulatorBridge[50222:4cb4db] [com.apple.installcoordination:framework] -[IXAppInstallCoordinator _clientDelegate_shouldResume]: <IXUpdatingAppInstallCoordinator<0x1014753c0> identity:[com.DefaultCompany.NeonDrift/Invalid/[system-defined]] uuid:896FEC48-61AA-4C16-8E01-562B721DE64F creator:InstallCoordination Simple SPI>: Got should resume delegate
2026-06-22 01:40:16.125 Df CoreSimulatorBridge[50222:4d0a88] [com.apple.installcoordination:framework] -[IXAppInstallCoordinator _clientDelegate_didRegisterForObservation]_block_invoke: <IXUpdatingAppInstallCoordinator<0x1014753c0> identity:[com.DefaultCompany.NeonDrift/Invalid/[system-defined]] uuid:896FEC48-61AA-4C16-8E01-562B721DE64F creator:InstallCoordination Simple SPI>: Observer <_IXSimpleInstallerDelegate 0x0x1017d85a0> does not respond to coordinatorDidRegisterForObservation:
2026-06-22 01:40:16.125 Df CoreSimulatorBridge[50222:4d0a88] [com.apple.installcoordination:framework] -[IXAppInstallCoordinator _clientDelegate_shouldResume]_block_invoke: <IXUpdatingAppInstallCoordinator<0x1014753c0> identity:[com.DefaultCompany.NeonDrift/Invalid/[system-defined]] uuid:896FEC48-61AA-4C16-8E01-562B721DE64F creator:InstallCoordination Simple SPI>: Observer <_IXSimpleInstallerDelegate 0x0x1017d85a0> does not respond to coordinatorShouldResume:
2026-06-22 01:40:16.126 Df installcoordinationd[73024:4d0a87] [com.apple.installcoordination:daemon] -[IXSCoordinatedAppInstall _internal_setInstallOptionsPromise:performExternalActions:]: <IXSCoordinatedAppInstall<0x1019f4000> [P=CoreSimulatorBridge (pid 50222)] identifier:[com.DefaultCompany.NeonDrift/Invalid/[system-defined]] uuid:896FEC48-61AA-4C16-8E01-562B721DE64F intent:IXCoordinatorIntentUpdating creator/appDRI:InstallCoordination Simple SPI importance:UserWaiting state:IXAppCoordinationStatePlaceholderPromiseNotSet promise-state:012I4> : install options set: <IXSPromisedInMemoryData(0x1018e6700) Name:MIInstallOptions data Creator:Install Coordination Internal UUID:E23F012B-A07B-4FDB-90E0-1CE13DC82BE8 Location:[system-defined]>
2026-06-22 01:40:16.126 Df installcoordinationd[73024:4c1cfe] [com.apple.installcoordination:daemon] -[IXSCoordinatedAppInstall promiseDidComplete:]: <IXSCoordinatedAppInstall<0x1019f4000> [P=CoreSimulatorBridge (pid 50222)] identifier:[com.DefaultCompany.NeonDrift/Invalid/[system-defined]] uuid:896FEC48-61AA-4C16-8E01-562B721DE64F intent:IXCoordinatorIntentUpdating creator/appDRI:InstallCoordination Simple SPI importance:UserWaiting state:IXAppCoordinationStatePlaceholderPromiseNotSet promise-state:012I4> : Promise completed: <IXSPromisedInMemoryData(0x1018e6700) Name:MIInstallOptions data Creator:Install Coordination Internal UUID:E23F012B-A07B-4FDB-90E0-1CE13DC82BE8 Location:[system-defined]>
2026-06-22 01:40:16.126 Df installcoordinationd[73024:4c1cfe] [com.apple.appinstallation:TransactionLog] com.DefaultCompany.NeonDrift/Unknown Persona:4:13:1:1:Install Options Promise began. Coordinator State: IXAppCoordinationStatePlaceholderPromiseNotSet
2026-06-22 01:40:16.126 Df installcoordinationd[73024:4c1cfe] [com.apple.appinstallation:TransactionLog] com.DefaultCompany.NeonDrift/Unknown Persona:4:13:2:1:Install Options Promise completed. Coordinator State: IXAppCoordinationStatePlaceholderPromiseNotSet
2026-06-22 01:40:16.126 Df installcoordinationd[73024:4c1cfe] [com.apple.installcoordination:daemon] -[IXSCoordinatedAppInstall _internal_setAppAssetPromise:performExternalActions:]: <IXSCoordinatedAppInstall<0x1019f4000> [P=CoreSimulatorBridge (pid 50222)] identifier:[com.DefaultCompany.NeonDrift/Invalid/[system-defined]] uuid:896FEC48-61AA-4C16-8E01-562B721DE64F intent:IXCoordinatorIntentUpdating creator/appDRI:InstallCoordination Simple SPI importance:UserWaiting state:IXAppCoordinationStatePlaceholderPromiseNotSet promise-state:0a2I4> : App Asset Promise set: <IXSPromisedTransferToPath(0x1018e5780) Name:App Asset: com.DefaultCompany.NeonDrift Creator:InstallCoordination Simple SPI UUID:6107E045-EAAD-4D7E-83D4-3411A69ABA15 Location:[system-defined]>
2026-06-22 01:40:16.127 Df installcoordinationd[73024:4c1cfe] [com.apple.installcoordination:daemon] -[IXSCoordinatedAppInstall setInitialODRAssetPromises:]: <IXSCoordinatedAppInstall<0x1019f4000> [P=CoreSimulatorBridge (pid 50222)] identifier:[com.DefaultCompany.NeonDrift/Invalid/[system-defined]] uuid:896FEC48-61AA-4C16-8E01-562B721DE64F intent:IXCoordinatorIntentUpdating creator/appDRI:InstallCoordination Simple SPI importance:UserWaiting state:IXAppCoordinationStatePlaceholderPromiseNotSet promise-state:0a2I4> : Initial ODR Asset Promises set: (
)
2026-06-22 01:40:16.127 Df CoreSimulatorBridge[50222:4c1cf7] [com.apple.installcoordination:framework] -[IXPromisedTransferToPath _performDeltaCopyFrom:toDestination:]: Performing delta copy from /Users/dragonkao/.openclaw/workspace/382b9e3384298039b171c9b2a60ae644/NeonDrift_MVP/project/xcode_derived_data/Build/Products/Release-iphonesimulator/NeonDrift.app to /Users/dragonkao/Library/Developer/CoreSimulator/Devices/CCB1E793-CED4-4FCD-BF73-321AAEA77AB9/data/Containers/Shared/SystemGroup/systemgroup.com.apple.installcoordinationd/Library/InstallCoordination/PromiseStaging/6107E045-EAAD-4D7E-83D4-3411A69ABA15/NeonDrift.app with installed bundle at /Users/dragonkao/Library/Developer/CoreSimulator/Devices/CCB1E793-CED4-4FCD-BF73-321AAEA77AB9/data/Containers/Bundle/Application/C9F946AE-A020-4A7D-BD32-A46AC516D761/NeonDrift.app
2026-06-22 01:40:16.128 Df CoreSimulatorBridge[50222:4c1cf7] (MobileSystemServices) 0x16fc43000 MDMCreateDeltaDirectory: calling MDMDirectoryDiff with:
state->old_bundle: /Users/dragonkao/Library/Developer/CoreSimulator/Devices/CCB1E793-CED4-4FCD-BF73-321AAEA77AB9/data/Containers/Bundle/Application/C9F946AE-A020-4A7D-BD32-A46AC516D761/NeonDrift.app
state->new_bundle: /Users/dragonkao/.openclaw/workspace/382b9e3384298039b171c9b2a60ae644/NeonDrift_MVP/project/xcode_derived_data/Build/Products/Release-iphonesimulator/NeonDrift.app
state->dst_bundle: /Users/dragonkao/Library/Developer/CoreSimulator/Devices/CCB1E793-CED4-4FCD-BF73-321AAEA77AB9/data/Containers/Shared/SystemGroup/systemgroup.com.apple.installcoordinationd/Library/InstallCoordination/PromiseStaging/6107E045-EAAD-4D7E-83D4-3411A69ABA15/NeonDrift.app/Payload//NeonDrift.app, binaryDiff flag: FALSE
	dst_ipa: /Users/dragonkao/Library/Developer/CoreSimulator/Devices/CCB1E793-CED4-4FCD-BF73-321AAEA77AB9/data/Containers/Shared/SystemGroup/systemgroup.com.apple.installcoordinationd/Library/InstallCoordination/PromiseStaging/6107E<…>
2026-06-22 01:40:16.189 Df CoreSimulatorBridge[50222:4c1cf7] [com.apple.installcoordination:framework] -[IXPromisedTransferToPath setComplete:]: <IXPromisedTransferToPath<0x101476c00> name:"App Asset: com.DefaultCompany.NeonDrift" uuid:6107E045-EAAD-4D7E-83D4-3411A69ABA15 creator:"InstallCoordination Simple SPI" location:[system-defined]> Delta Copy operation from /Users/dragonkao/.openclaw/workspace/382b9e3384298039b171c9b2a60ae644/NeonDrift_MVP/project/xcode_derived_data/Build/Products/Release-iphonesimulator/NeonDrift.app to /Users/dragonkao/Library/Developer/CoreSimulator/Devices/CCB1E793-CED4-4FCD-BF73-321AAEA77AB9/data/Containers/Shared/SystemGroup/systemgroup.com.apple.installcoordinationd/Library/InstallCoordination/PromiseStaging/6107E045-EAAD-4D7E-83D4-3411A69ABA15/NeonDrift.app took 0.061624 seconds
2026-06-22 01:40:16.189 Df installcoordinationd[73024:4c1cfe] [com.apple.installcoordination:daemon] -[IXSDataPromise _setPercentComplete:saveStateIfNeeded:]: Progress: <IXSPromisedTransferToPath(0x1018e5780) Name:App Asset: com.DefaultCompany.NeonDrift Creator:InstallCoordination Simple SPI UUID:6107E045-EAAD-4D7E-83D4-3411A69ABA15 Location:[system-defined]>
2026-06-22 01:40:16.189 Df installcoordinationd[73024:4d0a87] [com.apple.appinstallation:TransactionLog] com.DefaultCompany.NeonDrift/Unknown Persona:4:10:1:1:App Asset Promise began. Coordinator State: IXAppCoordinationStatePlaceholderPromiseNotSet
2026-06-22 01:40:16.190 Df CoreSimulatorBridge[50222:4cb4db] [com.apple.installcoordination:framework] -[IXAppInstallCoordinator _clientDelegate_promiseDidBeginFulfillmentWithIdentifier:]: <IXUpdatingAppInstallCoordinator<0x1014753c0> identity:[com.DefaultCompany.NeonDrift/Invalid/[system-defined]] uuid:896FEC48-61AA-4C16-8E01-562B721DE64F creator:InstallCoordination Simple SPI>: Got promise did begin fulfillment for identifier 2
2026-06-22 01:40:16.190 Df CoreSimulatorBridge[50222:4cb4db] [com.apple.installcoordination:framework] -[IXAppInstallCoordinator _clientDelegate_promiseDidBeginFulfillmentWithIdentifier:]_block_invoke: <IXUpdatingAppInstallCoordinator<0x1014753c0> identity:[com.DefaultCompany.NeonDrift/Invalid/[system-defined]] uuid:896FEC48-61AA-4C16-8E01-562B721DE64F creator:InstallCoordination Simple SPI>: Observer <_IXSimpleInstallerDelegate 0x0x1017d85a0> does not respond to coordinator:configuredPromiseDidBeginFulfillment: (or any deprecated equivalent)
2026-06-22 01:40:16.190 Df installcoordinationd[73024:4d0a89] [com.apple.installcoordination:daemon] -[IXSCoordinatedAppInstall promiseDidComplete:]: <IXSCoordinatedAppInstall<0x1019f4000> [P=CoreSimulatorBridge (pid 50222)] identifier:[com.DefaultCompany.NeonDrift/Invalid/[system-defined]] uuid:896FEC48-61AA-4C16-8E01-562B721DE64F intent:IXCoordinatorIntentUpdating creator/appDRI:InstallCoordination Simple SPI importance:UserWaiting state:IXAppCoordinationStatePlaceholderPromiseNotSet promise-state:0A2I4> : Promise completed: <IXSPromisedTransferToPath(0x1018e5780) Name:App Asset: com.DefaultCompany.NeonDrift Creator:InstallCoordination Simple SPI UUID:6107E045-EAAD-4D7E-83D4-3411A69ABA15 Location:[system-defined]>
2026-06-22 01:40:16.190 Df installcoordinationd[73024:4c1cfe] [com.apple.appinstallation:TransactionLog] com.DefaultCompany.NeonDrift/Unknown Persona:4:10:2:1:App Asset Promise completed. Coordinator State: IXAppCoordinationStatePlaceholderPromiseNotSet
2026-06-22 01:40:16.190 Df CoreSimulatorBridge[50222:4cb4db] [com.apple.installcoordination:framework] -[IXAppInstallCoordinator _clientDelegate_didUpdateProgress:forPhase:overallProgress:]: <IXUpdatingAppInstallCoordinator<0x1014753c0> identity:[com.DefaultCompany.NeonDrift/Invalid/[system-defined]] uuid:896FEC48-61AA-4C16-8E01-562B721DE64F creator:InstallCoordination Simple SPI>: Got did update progress delegate with percentComplete 100.000000 phase IXCoordinatorProgressPhaseLoading overallProgress 60.000000
2026-06-22 01:40:16.190 Df CoreSimulatorBridge[50222:4cb4db] [com.apple.installcoordination:framework] -[IXAppInstallCoordinator _clientDelegate_didUpdateProgress:forPhase:overallProgress:]_block_invoke: <IXUpdatingAppInstallCoordinator<0x1014753c0> identity:[com.DefaultCompany.NeonDrift/Invalid/[system-defined]] uuid:896FEC48-61AA-4C16-8E01-562B721DE64F creator:InstallCoordination Simple SPI>: Calling selector coordinator:didUpdateProgress:forPhase:overallProgress: on observer <_IXSimpleInstallerDelegate 0x0x1017d85a0>
2026-06-22 01:40:16.190 Df installcoordinationd[73024:4d0a87] [com.apple.installcoordination:daemon] -[IXSCoordinatedAppInstall setPlaceholderPromise:]: <IXSCoordinatedAppInstall<0x1019f4000> [P=CoreSimulatorBridge (pid 50222)] identifier:[com.DefaultCompany.NeonDrift/Invalid/[system-defined]] uuid:896FEC48-61AA-4C16-8E01-562B721DE64F intent:IXCoordinatorIntentUpdating creator/appDRI:InstallCoordination Simple SPI importance:UserWaiting state:IXAppCoordinationStateReadyForPlaceholderInstall promise-state:PA2I4> : Placeholder Promise set: <IXSPlaceholder(0x10190c500) Name:App Placeholder: NeonDrift (com.DefaultCompany.NeonDrift) Creator:InstallCoordination Simple SPI UUID:0758737F-D6E4-4140-B34A-DB8C8E3FC341 Location:[system-defined]>
2026-06-22 01:40:16.190 Df installcoordinationd[73024:4c1cfe] [com.apple.installcoordination:daemon] -[IXSCoordinatedAppInstall promiseDidComplete:]: <IXSCoordinatedAppInstall<0x1019f4000> [P=CoreSimulatorBridge (pid 50222)] identifier:[com.DefaultCompany.NeonDrift/Invalid/[system-defined]] uuid:896FEC48-61AA-4C16-8E01-562B721DE64F intent:IXCoordinatorIntentUpdating creator/appDRI:InstallCoordination Simple SPI importance:UserWaiting state:IXAppCoordinationStateReadyForPlaceholderInstall promise-state:PA2I4> : Promise completed: <IXSPlaceholder(0x10190c500) Name:App Placeholder: NeonDrift (com.DefaultCompany.NeonDrift) Creator:InstallCoordination Simple SPI UUID:0758737F-D6E4-4140-B34A-DB8C8E3FC341 Location:[system-defined]>
2026-06-22 01:40:16.190 Df installcoordinationd[73024:4d0a87] [com.apple.installcoordination:daemon] -[IXSCoordinatedAppInstall _onQueue_acquireAssertionAndInstallPlaceholder]: Acquiring termination assertion to install placeholder for [com.DefaultCompany.NeonDrift/Invalid/[system-defined]]
2026-06-22 01:40:16.190 Df installcoordinationd[73024:4d0a87] [com.apple.installcoordination:daemon] -[IXSPendingOperationsTracker beginPendingOperationForIdentity:]_block_invoke: Beginning pending operation for [com.DefaultCompany.NeonDrift/Invalid/[system-defined]]
2026-06-22 01:40:16.191 Df installcoordinationd[73024:4d0a94] [com.apple.runningboard:process] Hit the server for a process handle 43810ab00016af7 that resolved to: [app<com.DefaultCompany.NeonDrift((null))>:92919]
2026-06-22 01:40:16.191 Df runningboardd[50195:4ce748] [com.apple.runningboard:connection] Received termination request from [osservice<com.apple.installcoordinationd>:73024] on <RBSProcessPredicate <RBSProcessBundleIdentifierPredicate "com.DefaultCompany.NeonDrift">> with context <RBSTerminateContext| explanation:installcoordinationd app:[com.DefaultCompany.NeonDrift/Invalid/[system-defined]] uuid:896FEC48-61AA-4C16-8E01-562B721DE64F isPlaceholder:Y reportType:None maxTerminationResistance:Absolute attrs:[
	<RBSPreventLaunchLimitation| <RBSProcessPredicate <RBSProcessBundleIdentifierPredicate "com.DefaultCompany.NeonDrift">> allow:(null)>
	]>
2026-06-22 01:40:16.191 Df installcoordinationd[73024:4d0a94] [com.apple.runningboard:monitor] Received state update for 92919 (app<com.DefaultCompany.NeonDrift((null))>, running-active-NotVisible
2026-06-22 01:40:16.191 Df runningboardd[50195:4ce748] [com.apple.runningboard:general] Found 0 extensions contained in com.DefaultCompany.NeonDrift
2026-06-22 01:40:16.192 Df runningboardd[50195:4ce748] [com.apple.PlugInKit:holds] <PKManager:0x1095d5680> hold request for [/Users/dragonkao/Library/Developer/CoreSimulator/Devices/CCB1E793-CED4-4FCD-BF73-321AAEA77AB9/data/Containers/Bundle/Application/C9F946AE-A020-4A7D-BD32-A46AC516D761/NeonDrift.app] with flags: 0x4
2026-06-22 01:40:16.193 Df NeonDrift[92919:4c1e6c] [com.apple.PlugInKit:discovery] Annotations changed, re-performing query for continuous discovery, report block = <0x11a15c2a0>.
2026-06-22 01:40:16.193 Df NeonDrift[92919:4c450b] [com.apple.PlugInKit:discovery] Annotations changed, re-performing query for continuous discovery, report block = <0x118e40300>.
2026-06-22 01:40:16.193 Df runningboardd[50195:4ce748] [com.apple.PlugInKit:holds] <PKManager:0x1095d5680> hold request for [/Users/dragonkao/Library/Developer/CoreSimulator/Devices/CCB1E793-CED4-4FCD-BF73-321AAEA77AB9/data/Containers/Bundle/Application/C9F946AE-A020-4A7D-BD32-A46AC516D761/NeonDrift.app] with flags: 0x4 completed with hold token: [2C3CF188-C6E0-4A47-91BC-A02126F9F8B8]
2026-06-22 01:40:16.193 Df NeonDrift[92919:4c1e82] [com.apple.PlugInKit:discovery] Annotations changed, re-performing query for continuous discovery, report block = <0x118e43e40>.
2026-06-22 01:40:16.193 Df runningboardd[50195:4ce748] [com.apple.runningboard:ttl] Acquiring assertion targeting system from originator [osservice<com.apple.installcoordinationd>:73024] with description <RBSAssertionDescriptor| "installcoordinationd app:[com.DefaultCompany.NeonDrift/Invalid/[system-defined]] uuid:896FEC48-61AA-4C16-8E01-562B721DE64F isPlaceholder:Y" ID:50195-73024-5064 target:system attributes:[
	<RBSPreventLaunchLimitation| <RBSProcessPredicate <RBSProcessBundleIdentifierPredicate "com.DefaultCompany.NeonDrift">> allow:(null)>
	]>
2026-06-22 01:40:16.193 Df NeonDrift[92919:4c1e6c] [com.apple.PlugInKit:discovery] [d 19438DED-E77C-4F77-8EF0-7125922F6C45] <PKHost:0x11a1144c0> Beginning discovery for flags: 0, point: com.apple.AudioUnit-Speech
2026-06-22 01:40:16.193 Df NeonDrift[92919:4c450b] [com.apple.PlugInKit:discovery] [d C456AFEC-B40E-4446-95D5-435E7511B130] <PKHost:0x11a1144c0> Beginning discovery for flags: 0, point: com.apple.AudioUnit
2026-06-22 01:40:16.193 Df NeonDrift[92919:4c1e82] [com.apple.PlugInKit:discovery] [d 96857991-1FC5-4EE1-BB6A-430F65792B07] <PKHost:0x11a1144c0> Beginning discovery for flags: 0, point: com.apple.AudioUnit-UI
2026-06-22 01:40:16.193 Df runningboardd[50195:4ce748] [com.apple.runningboard:process] Executing termination request for: <RBSProcessPredicate <RBSProcessBundleIdentifierPredicate "com.DefaultCompany.NeonDrift">>
2026-06-22 01:40:16.193 Df runningboardd[50195:4ce748] [com.apple.runningboard:process] [app<com.DefaultCompany.NeonDrift((null))>:92919] Terminating with context: <RBSTerminateContext| explanation:installcoordinationd app:[com.DefaultCompany.NeonDrift/Invalid/[system-defined]] uuid:896FEC48-61AA-4C16-8E01-562B721DE64F isPlaceholder:Y reportType:None maxTerminationResistance:Absolute attrs:[
	<RBSPreventLaunchLimitation| <RBSProcessPredicate <RBSProcessBundleIdentifierPredicate "com.DefaultCompany.NeonDrift">> allow:(null)>
	]>
2026-06-22 01:40:16.193 Df SpringBoard[50190:3c6b67] [com.apple.SpringBoard:Common] termination assertion acquired for com.DefaultCompany.NeonDrift
2026-06-22 01:40:16.193 Df SpringBoard[50190:3c6b67] [com.apple.SpringBoard:Icon] 0x12b21ad00-SBApplicationIcon Data source did change: <SBApplication: 0x106ddb900; com.DefaultCompany.NeonDrift> {
    processState = <SBApplicationProcessState: 0x1247003e0; pid: 92919; taskState: Running; visibility: Foreground>;
} (SBApplication)
2026-06-22 01:40:16.193 Df runningboardd[50195:4ce748] [com.apple.runningboard:process] [app<com.DefaultCompany.NeonDrift((null))>:92919] terminate_with_reason() success
2026-06-22 01:40:16.194 Df SpringBoard[50190:4d0506] [com.apple.FrontBoard:ProcessWorkspace] [app<com.DefaultCompany.NeonDrift>:92919] Workspace connection invalidated.
2026-06-22 01:40:16.194 Df backboardd[50213:4d0a99] [com.apple.iohid:default] Connection removed: IOHIDEventSystemConnection uuid:73BF18E1-B73A-42CF-93DC-27A7EC39CD70 pid:92919 process:NeonDrift type:Passive entitlements:0x0 caller:BackBoardServices: ___getHIDEventSystemClient_block_invoke + 296 attributes:{
    HighFrequency = 0;
    bundleID = "com.DefaultCompany.NeonDrift";
    pid = 92919;
} state:0x1 events:0 mask:0x0 dropped:0 dropStatus:0 droppedMask:0x0 lastDroppedTime:NONE
2026-06-22 01:40:16.194 Df SpringBoard[50190:4d0506] [com.apple.FrontBoard:Process] [app<com.DefaultCompany.NeonDrift>:92919] Now flagged as pending exit for reason: workspace client connection invalidated
2026-06-22 01:40:16.194 Df backboardd[50213:4d0a9a] [com.apple.iohid:default] Connection removed: IOHIDEventSystemConnection uuid:6B826296-8A3A-4B18-ADEC-055846AF8447 pid:92919 process:NeonDrift type:Monitor entitlements:0x0 caller:GameControllerFoundation: -[GCHIDEventSystemClient initWithQueue:type:attributes:functions:] + 116 attributes:(null) state:0x1 events:0 mask:0x0 dropped:0 dropStatus:0 droppedMask:0x0 lastDroppedTime:NONE
2026-06-22 01:40:16.194 Df backboardd[50213:4d0a99] [com.apple.BackBoard:HID] Removing client connection <BKHIDClientConnection: 0x10c967ac0; IOHIDEventSystemConnectionRef: 0x105b78c00; vpid: 92919(v6C2C0); taskPort: 0x1AB63; bundleID: com.DefaultCompany.NeonDrift> for client: IOHIDEventSystemConnection uuid:73BF18E1-B73A-42CF-93DC-27A7EC39CD70 pid:92919 process:NeonDrift type:Passive entitlements:0x0 caller:BackBoardServices: ___getHIDEventSystemClient_block_invoke + 296 attributes:{
    HighFrequency = 0;
    bundleID = "com.DefaultCompany.NeonDrift";
    pid = 92919;
} state:0x1 events:0 mask:0x0 dropped:0 dropStatus:0 droppedMask:0x0 lastDroppedTime:NONE source:HID
2026-06-22 01:40:16.194 Df SpringBoard[50190:4d0507] [com.apple.KeyboardArbiter:Handle] com.DefaultCompany.NeonDrift(92919) lostConnection (invalidation)
2026-06-22 01:40:16.194 Df installcoordinationd[73024:4d0a87] [com.apple.runningboard:assertion] Setting up death monitor for [app<com.DefaultCompany.NeonDrift((null))>:92919]
2026-06-22 01:40:16.194 Df installcoordinationd[73024:4d0a87] [com.apple.runningboard:process] Starting death monitoring for handle [app<com.DefaultCompany.NeonDrift((null))>:92919]
2026-06-22 01:40:16.194 Df runningboardd[50195:4ce748] [com.apple.runningboard:process] XPC connection invalidated: [app<com.DefaultCompany.NeonDrift((null))>:92919]
2026-06-22 01:40:16.194 Df installcoordinationd[73024:4d0a94] [com.apple.appinstallation:TransactionLog] com.DefaultCompany.NeonDrift/Unknown Persona:4:9:1:1:Placeholder Promise began. Coordinator State: IXAppCoordinationStateWaitingForPlaceholderAssertion
2026-06-22 01:40:16.194 Df installcoordinationd[73024:4d0a94] [com.apple.installcoordination:daemon] -[IXSCoordinatorProgress setTotalUnitsCompleted:]: Progress for coordinator: [com.DefaultCompany.NeonDrift/Invalid/[system-defined]], Phase: IXCoordinatorProgressPhaseLoading, Percentage: 100.000000: Attempt to set units completed on finished progress: 100
2026-06-22 01:40:16.194 Df installcoordinationd[73024:4d0a94] [com.apple.appinstallation:TransactionLog] com.DefaultCompany.NeonDrift/Unknown Persona:4:9:2:1:Placeholder Promise completed. Coordinator State: IXAppCoordinationStateWaitingForPlaceholderAssertion
2026-06-22 01:40:16.194 Df CoreSimulatorBridge[50222:4d0a88] [com.apple.installcoordination:framework] -[IXAppInstallCoordinator _clientDelegate_promiseDidBeginFulfillmentWithIdentifier:]: <IXUpdatingAppInstallCoordinator<0x1014753c0> identity:[com.DefaultCompany.NeonDrift/Invalid/[system-defined]] uuid:896FEC48-61AA-4C16-8E01-562B721DE64F creator:InstallCoordination Simple SPI>: Got promise did begin fulfillment for identifier 1
2026-06-22 01:40:16.194 Df CoreSimulatorBridge[50222:4d0a88] [com.apple.installcoordination:framework] -[IXAppInstallCoordinator _clientDelegate_promiseDidBeginFulfillmentWithIdentifier:]_block_invoke: <IXUpdatingAppInstallCoordinator<0x1014753c0> identity:[com.DefaultCompany.NeonDrift/Invalid/[system-defined]] uuid:896FEC48-61AA-4C16-8E01-562B721DE64F creator:InstallCoordination Simple SPI>: Observer <_IXSimpleInstallerDelegate 0x0x1017d85a0> does not respond to coordinator:configuredPromiseDidBeginFulfillment: (or any deprecated equivalent)
2026-06-22 01:40:16.195 Df SpringBoard[50190:4d0507] [com.apple.KeyboardArbiter:Handle] RX com.DefaultCompany.NeonDrift(92919) setWindowContextID:0 windowState:Disabled level:0.0
    focusContext:(null)
2026-06-22 01:40:16.195 Df backboardd[50213:4c904c] [com.apple.BackBoard:EventDelivery] chain did update (setDeferringRules) <keyboardFocus; display: null> containsEndOfChain: YES; [
    <token: com.apple.frontboard.systemappservices/FBSceneManager:com.apple.springboard; pid: 50190>,
    <token: com.apple.frontboard.systemappservices/FBSceneManager:sceneID%3Acom.DefaultCompany.NeonDrift-default; pid: 92919>
]
2026-06-22 01:40:16.195 Df SpringBoard[50190:3c6b67] [com.apple.SpringBoard:KeyboardFocus] [coordinator] using MRU target <com.apple.frontboard.systemappservices/FBSceneManager:sceneID%3Acom.DefaultCompany.NeonDrift-default pid:92919>
2026-06-22 01:40:16.195 Df backboardd[50213:4c904c] [com.apple.BackBoard:EventDelivery] chain did update (setDeferringRules) <keyboardFocus; display: builtin> containsEndOfChain: YES; [
    <token: com.apple.frontboard.systemappservices/FBSceneManager:com.apple.springboard; pid: 50190>,
    <token: com.apple.frontboard.systemappservices/FBSceneManager:sceneID%3Acom.DefaultCompany.NeonDrift-default; pid: 92919>
]
2026-06-22 01:40:16.195 Df SpringBoard[50190:3c6b67] [com.apple.SpringBoard:KeyboardFocus] [coordinator] informing scene controller 'com.apple.springboard' of focusTarget: <com.apple.frontboard.systemappservices/FBSceneManager:sceneID%3Acom.DefaultCompany.NeonDrift-default pid:92919>
2026-06-22 01:40:16.195 Df SpringBoard[50190:3c6b67] [com.apple.SpringBoard:KeyboardFocus] [coordinator] keyboard arbiter suggested <nothing> and we replied <com.apple.frontboard.systemappservices/FBSceneManager:sceneID%3Acom.DefaultCompany.NeonDrift-default pid:92919>
2026-06-22 01:40:16.195 E  SpringBoard[50190:4d0506] [com.apple.UIKit:KeyboardArbiter] Advisor: No handle found for currently focused PID: 92919; sceneIdentity: com.apple.frontboard.systemappservices/FBSceneManager:sceneID%3Acom.DefaultCompany.NeonDrift-default
2026-06-22 01:40:16.201 Df launchd_sim[50184:4d0161] [user/501/UIKitApplication:com.DefaultCompany.NeonDrift[c47e][rb-legacy] [92919]:] exited with exit reason (namespace: 15 code: 0x0) - OS_REASON_RUNNINGBOARD | <RBSTerminateContext| explanation:installcoordinationd app:[com.DefaultCompany.NeonDrift/Invalid/[system-defined]] uuid:896FEC48-61AA-4C16-8E01-562B721DE64F isPlaceholder:Y reportType:None maxTerminationResistance:Absolute attrs:[
	<RBSPreventLaunchLimitation| <RBSProcessPredicate <RBSProcessBundleIdentifierPredicate "com.DefaultCompany.NeonDrift">> allow:(null)>
	]>, ran for 1208347ms
2026-06-22 01:40:16.201 Df launchd_sim[50184:4d0161] [user/501:] service inactive: UIKitApplication:com.DefaultCompany.NeonDrift[c47e][rb-legacy]
2026-06-22 01:40:16.201 Df runningboardd[50195:4ce748] [com.apple.runningboard:ttl] [app<com.DefaultCompany.NeonDrift((null))>:92919] termination reported by launchd (15, 0, 9)
2026-06-22 01:40:16.201 Df runningboardd[50195:4ce748] [com.apple.runningboard:process] Removing process: [app<com.DefaultCompany.NeonDrift((null))>:92919]
2026-06-22 01:40:16.201 Df runningboardd[50195:4ce748] [com.apple.runningboard:job] Removing launch job for: [app<com.DefaultCompany.NeonDrift((null))>:92919]
2026-06-22 01:40:16.202 Df launchd_sim[50184:4d0907] [user/501:] removing service: UIKitApplication:com.DefaultCompany.NeonDrift[c47e][rb-legacy]
2026-06-22 01:40:16.202 Df runningboardd[50195:4ce748] [com.apple.runningboard:job] Removed job for [app<com.DefaultCompany.NeonDrift((null))>:92919]
2026-06-22 01:40:16.202 Df runningboardd[50195:4ce748] [com.apple.runningboard:process] Removing assertions for terminated process: [app<com.DefaultCompany.NeonDrift((null))>:92919]
2026-06-22 01:40:16.202 Df runningboardd[50195:4ce748] [com.apple.runningboard:assertion] Removed last relative-start-date-defining assertion for process app<com.DefaultCompany.NeonDrift((null))>
2026-06-22 01:40:16.202 Df runningboardd[50195:4d095b] [com.apple.runningboard:monitor] Calculated state for app<com.DefaultCompany.NeonDrift((null))>: none (role: None) (endowments: (null))
2026-06-22 01:40:16.202 Df runningboardd[50195:4d095c] [com.apple.runningboard:process] Notifying connection [osservice<com.apple.SpringBoard>:50190] that process [app<com.DefaultCompany.NeonDrift((null))>:92919] exited with context <RBSProcessExitContext| specific, status:<RBSProcessExitStatus| domain:runningboard(15) code:0>>
2026-06-22 01:40:16.202 Df runningboardd[50195:4d095c] [com.apple.runningboard:process] Notifying connection [osservice<com.apple.installcoordinationd>:73024] that process [app<com.DefaultCompany.NeonDrift((null))>:92919] exited with context <RBSProcessExitContext| specific, status:<RBSProcessExitStatus| domain:runningboard(15) code:0>>
2026-06-22 01:40:16.202 Df SpringBoard[50190:4d0507] [com.apple.FrontBoard:ProcessWorkspace] [app<com.DefaultCompany.NeonDrift>:92919] Workspace assertion invalidated: <NSError: 0x106fb01b0; domain: RBSAssertionErrorDomain; code: 1; "Assertions were invalidated, count = 3.
50195-50190-4984: invalidation reason: 1
50195-50190-4971: invalidation reason: 1
50195-50190-4972: invalidation reason: 1">
2026-06-22 01:40:16.202 Df runningboardd[50195:4d095c] [com.apple.runningboard:monitor] Calculated state for app<com.DefaultCompany.NeonDrift((null))>: none (role: None) (endowments: (null))
2026-06-22 01:40:16.202 Df SpringBoard[50190:4d0507] [com.apple.runningboard:process] Calling process death completion block for handle [app<com.DefaultCompany.NeonDrift((null))>:92919]
2026-06-22 01:40:16.202 Df SpringBoard[50190:4d0507] [com.apple.FrontBoard:Process] [app<com.DefaultCompany.NeonDrift>:92919] Process exited: <RBSProcessExitContext| specific, status:<RBSProcessExitStatus| domain:runningboard(15) code:0>>.
2026-06-22 01:40:16.202 Df SpringBoard[50190:4d0aa8] [com.apple.runningboard:monitor] Received state update for 92919 (app<com.DefaultCompany.NeonDrift((null))>, none-NotVisible
2026-06-22 01:40:16.202 Df SpringBoard[50190:4d0507] [com.apple.FrontBoard:Process] [app<com.DefaultCompany.NeonDrift>:92919] Setting process task state to: Not Running
