Timestamp               Ty Process[PID:TID]
2026-06-28 17:29:55.972 Df CoreSimulatorBridge[28523:d8b219] Request received for installation of file:///Users/dragonkao/.openclaw/workspace/382b9e3384298039b171c9b2a60ae644/NeonDrift_MVP/project/xcode_derived_data/Build/Products/Release-iphonesimulator/NeonDrift.app/ with options: {
    PackageType = Developer;
    SimulatorRootPath = "/Library/Developer/CoreSimulator/Volumes/iOS_23E254a/Library/Developer/CoreSimulator/Profiles/Runtimes/iOS 26.4.simruntime/Contents/Resources/RuntimeRoot";
    SimulatorUserPath = "/Users/dragonkao/Library/Developer/CoreSimulator/Devices/CC47DE7A-8196-4465-A5A5-BB852C9C6C82/data";
}
2026-06-28 17:29:55.972 Df CoreSimulatorBridge[28523:d8b219] [com.apple.installcoordination:framework] +[IXAppInstallCoordinator(IXSimpleInstaller) _beginInstallForURL:forPersonaUniqueString:consumeSource:options:progressBlock:completionWithIdentity:]: Beginning install for /Users/dragonkao/.openclaw/workspace/382b9e3384298039b171c9b2a60ae644/NeonDrift_MVP/project/xcode_derived_data/Build/Products/Release-iphonesimulator/NeonDrift.app consuming source:N options:{
    IsUserInitiated = 1;
    PackageType = Developer;
} installationRequestorAuditToken: NULL
2026-06-28 17:29:55.978 Df installcoordinationd[28886:d8a043] [com.apple.installcoordination:daemon] -[IXSDataPromiseManager registerPromise:]: Registered promise <IXSPlaceholder(0x103924500) Name:App Placeholder: NeonDrift (com.DefaultCompany.NeonDrift) Creator:InstallCoordination Simple SPI UUID:7BBB3493-DA58-4BEF-9F92-8C502F131CCF Location:[system-defined]> for UUID 7BBB3493-DA58-4BEF-9F92-8C502F131CCF
2026-06-28 17:29:55.979 Df installcoordinationd[28886:d8a043] [com.apple.installcoordination:daemon] -[IXSPlaceholder setAttributes:]: <IXSPlaceholder(0x103924500) Name:App Placeholder: NeonDrift (com.DefaultCompany.NeonDrift) Creator:InstallCoordination Simple SPI UUID:7BBB3493-DA58-4BEF-9F92-8C502F131CCF Location:[system-defined]>: setting placeholder attributes to <IXPlaceholderAttributes<0x1038c88c0> : {
    CFBundleShortVersionString = "1.0";
    CFBundleSupportedPlatforms =     (
        iPhoneSimulator
    );
    CFBundleVersion = 0;
    DTPlatformName = iphonesimulator;
    LSRequiresIPhoneOS = 1;
    MinimumOSVersion = "13.0";
    UIDeviceFamily =     (
        1,
        2
    );
    UIRequiredDeviceCapabilities =     {
        arm64 = 1;
        metal = 1;
    };
}>
2026-06-28 17:29:55.980 Df CoreSimulatorBridge[28523:d94e5d] [com.apple.installcoordination:framework] +[IXPlaceholder _setEntitlementsFromBundleExecutableURL:withBundleID:client:onPlaceholder:location:error:]: Executable for com.DefaultCompany.NeonDrift at NeonDrift -- file:///Users/dragonkao/.openclaw/workspace/382b9e3384298039b171c9b2a60ae644/NeonDrift_MVP/project/xcode_derived_data/Build/Products/Release-iphonesimulator/NeonDrift.app/ had no entitlements
2026-06-28 17:29:55.980 Df CoreSimulatorBridge[28523:d94e5d] [com.apple.installcoordination:framework] +[IXPlaceholder _placeholderForBundle:client:withParent:installType:metadata:placeholderType:mayBeDeltaPackage:isFromSerializedPlaceholder:location:error:]: Using full fidelity icons for com.DefaultCompany.NeonDrift at /Users/dragonkao/.openclaw/workspace/382b9e3384298039b171c9b2a60ae644/NeonDrift_MVP/project/xcode_derived_data/Build/Products/Release-iphonesimulator/NeonDrift.app
2026-06-28 17:29:55.981 Df installcoordinationd[28886:d8a043] [com.apple.installcoordination:daemon] -[IXSDataPromiseManager registerPromise:]: Registered promise <IXSPromisedTransferToPath(0x1038f9000) Name:Icon resources for com.DefaultCompany.NeonDrift Creator:InstallCoordination Simple SPI UUID:A3A11F65-7025-456F-9F3F-535FB6A0ECB1 Location:[system-defined]> for UUID A3A11F65-7025-456F-9F3F-535FB6A0ECB1
2026-06-28 17:29:55.985 Df CoreSimulatorBridge[28523:d94e5d] [com.apple.installcoordination:framework] -[IXPromisedTransferToPath setComplete:]: <IXPromisedTransferToPath<0x104090a00> name:"Icon resources for com.DefaultCompany.NeonDrift" uuid:A3A11F65-7025-456F-9F3F-535FB6A0ECB1 creator:"InstallCoordination Simple SPI" location:[system-defined]> Move operation from /Users/dragonkao/Library/Developer/CoreSimulator/Devices/CC47DE7A-8196-4465-A5A5-BB852C9C6C82/data/Containers/Shared/SystemGroup/systemgroup.com.apple.installcoordinationd/Library/InstallCoordination/PromiseStaging/A3A11F65-7025-456F-9F3F-535FB6A0ECB1/temp.vTy3GH to /Users/dragonkao/Library/Developer/CoreSimulator/Devices/CC47DE7A-8196-4465-A5A5-BB852C9C6C82/data/Containers/Shared/SystemGroup/systemgroup.com.apple.installcoordinationd/Library/InstallCoordination/PromiseStaging/A3A11F65-7025-456F-9F3F-535FB6A0ECB1/temp.vTy3GH took 0.000059 seconds
2026-06-28 17:29:55.986 Df installcoordinationd[28886:d94e5e] [com.apple.installcoordination:daemon] -[IXSDataPromise _setPercentComplete:saveStateIfNeeded:]: Progress: <IXSPromisedTransferToPath(0x1038f9000) Name:Icon resources for com.DefaultCompany.NeonDrift Creator:InstallCoordination Simple SPI UUID:A3A11F65-7025-456F-9F3F-535FB6A0ECB1 Location:[system-defined]>
2026-06-28 17:29:55.986 Df installcoordinationd[28886:d8a043] [com.apple.installcoordination:daemon] -[IXSDataPromiseManager promiseDidBegin:]: Unowned promise began: <IXSPromisedTransferToPath(0x1038f9000) Name:Icon resources for com.DefaultCompany.NeonDrift Creator:InstallCoordination Simple SPI UUID:A3A11F65-7025-456F-9F3F-535FB6A0ECB1 Location:[system-defined]>
2026-06-28 17:29:55.986 Df installcoordinationd[28886:d8a043] [com.apple.installcoordination:daemon] -[IXSDataPromiseManager promise:didUpdateProgress:]: Unowned promise update progress to 1.000000 : <IXSPromisedTransferToPath(0x1038f9000) Name:Icon resources for com.DefaultCompany.NeonDrift Creator:InstallCoordination Simple SPI UUID:A3A11F65-7025-456F-9F3F-535FB6A0ECB1 Location:[system-defined]>
2026-06-28 17:29:55.986 Df installcoordinationd[28886:d8a043] [com.apple.installcoordination:daemon] -[IXSDataPromiseManager promiseDidComplete:]: Unowned promise completed: <IXSPromisedTransferToPath(0x1038f9000) Name:Icon resources for com.DefaultCompany.NeonDrift Creator:InstallCoordination Simple SPI UUID:A3A11F65-7025-456F-9F3F-535FB6A0ECB1 Location:[system-defined]>
2026-06-28 17:29:55.987 Df installcoordinationd[28886:d94e5e] [com.apple.installcoordination:daemon] -[IXSDataPromise _setPercentComplete:saveStateIfNeeded:]: Progress: <IXSPromisedInMemoryDictionary(0x1038f9180) Name:Info.plist icon content for com.DefaultCompany.NeonDrift Creator:InstallCoordination Simple SPI UUID:2D27A3C6-136C-4FE5-8E13-39AEE5E13CBF Location:[system-defined]>
2026-06-28 17:29:55.987 Df installcoordinationd[28886:d94e5e] [com.apple.installcoordination:daemon] -[IXSDataPromiseManager registerPromise:]: Registered promise <IXSPromisedInMemoryDictionary(0x1038f9180) Name:Info.plist icon content for com.DefaultCompany.NeonDrift Creator:InstallCoordination Simple SPI UUID:2D27A3C6-136C-4FE5-8E13-39AEE5E13CBF Location:[system-defined]> for UUID 2D27A3C6-136C-4FE5-8E13-39AEE5E13CBF
2026-06-28 17:29:55.988 Df installcoordinationd[28886:d8a043] [com.apple.installcoordination:daemon] -[IXSDataPromiseManager promiseDidBegin:]: Unowned promise began: <IXSPromisedInMemoryDictionary(0x1038f9180) Name:Info.plist icon content for com.DefaultCompany.NeonDrift Creator:InstallCoordination Simple SPI UUID:2D27A3C6-136C-4FE5-8E13-39AEE5E13CBF Location:[system-defined]>
2026-06-28 17:29:55.988 Df installcoordinationd[28886:d8a043] [com.apple.installcoordination:daemon] -[IXSDataPromiseManager promise:didUpdateProgress:]: Unowned promise update progress to 1.000000 : <IXSPromisedInMemoryDictionary(0x1038f9180) Name:Info.plist icon content for com.DefaultCompany.NeonDrift Creator:InstallCoordination Simple SPI UUID:2D27A3C6-136C-4FE5-8E13-39AEE5E13CBF Location:[system-defined]>
2026-06-28 17:29:55.988 Df installcoordinationd[28886:d8a043] [com.apple.installcoordination:daemon] -[IXSDataPromiseManager promiseDidComplete:]: Unowned promise completed: <IXSPromisedInMemoryDictionary(0x1038f9180) Name:Info.plist icon content for com.DefaultCompany.NeonDrift Creator:InstallCoordination Simple SPI UUID:2D27A3C6-136C-4FE5-8E13-39AEE5E13CBF Location:[system-defined]>
2026-06-28 17:29:55.988 Df installcoordinationd[28886:d94e5e] [com.apple.installcoordination:daemon] -[IXSPlaceholder setIconResourcesPromise:]: <IXSPlaceholder(0x103924500) Name:App Placeholder: NeonDrift (com.DefaultCompany.NeonDrift) Creator:InstallCoordination Simple SPI UUID:7BBB3493-DA58-4BEF-9F92-8C502F131CCF Location:[system-defined]>: setting icon resources promise to <IXSPromisedTransferToPath(0x1038f9000) Name:Icon resources for com.DefaultCompany.NeonDrift Creator:InstallCoordination Simple SPI UUID:A3A11F65-7025-456F-9F3F-535FB6A0ECB1 Location:[system-defined]>
2026-06-28 17:29:55.988 Df installcoordinationd[28886:d94e5e] [com.apple.installcoordination:daemon] -[IXSPlaceholder setInfoPlistIconContentPromise:]: <IXSPlaceholder(0x103924500) Name:App Placeholder: NeonDrift (com.DefaultCompany.NeonDrift) Creator:InstallCoordination Simple SPI UUID:7BBB3493-DA58-4BEF-9F92-8C502F131CCF Location:[system-defined]>: setting Info.plist icon content promise to <IXSPromisedInMemoryDictionary(0x1038f9180) Name:Info.plist icon content for com.DefaultCompany.NeonDrift Creator:InstallCoordination Simple SPI UUID:2D27A3C6-136C-4FE5-8E13-39AEE5E13CBF Location:[system-defined]>
2026-06-28 17:29:55.989 Df installcoordinationd[28886:d94e5e] [com.apple.installcoordination:daemon] -[IXSDataPromiseManager promiseDidBegin:]: Unowned promise began: <IXSPlaceholder(0x103924500) Name:App Placeholder: NeonDrift (com.DefaultCompany.NeonDrift) Creator:InstallCoordination Simple SPI UUID:7BBB3493-DA58-4BEF-9F92-8C502F131CCF Location:[system-defined]>
2026-06-28 17:29:55.989 Df installcoordinationd[28886:d94e5e] [com.apple.installcoordination:daemon] -[IXSDataPromiseManager promise:didUpdateProgress:]: Unowned promise update progress to 0.000000 : <IXSPlaceholder(0x103924500) Name:App Placeholder: NeonDrift (com.DefaultCompany.NeonDrift) Creator:InstallCoordination Simple SPI UUID:7BBB3493-DA58-4BEF-9F92-8C502F131CCF Location:[system-defined]>
2026-06-28 17:29:55.989 Df installcoordinationd[28886:d94e5e] [com.apple.installcoordination:daemon] -[IXSDataPromiseManager promise:didUpdateProgress:]: Unowned promise update progress to 0.000000 : <IXSPlaceholder(0x103924500) Name:App Placeholder: NeonDrift (com.DefaultCompany.NeonDrift) Creator:InstallCoordination Simple SPI UUID:7BBB3493-DA58-4BEF-9F92-8C502F131CCF Location:[system-defined]>
2026-06-28 17:29:55.990 Df installcoordinationd[28886:d94e5e] [com.apple.installcoordination:daemon] -[IXSDataPromise _setPercentComplete:saveStateIfNeeded:]: Progress: <IXSPromisedInMemoryDictionary(0x1038f9300) Name:Localizations for com.DefaultCompany.NeonDrift Creator:InstallCoordination Simple SPI UUID:9DB7ADF0-30C6-4D0B-A43C-33912C7DC320 Location:[system-defined]>
2026-06-28 17:29:55.990 Df installcoordinationd[28886:d94e5e] [com.apple.installcoordination:daemon] -[IXSDataPromiseManager registerPromise:]: Registered promise <IXSPromisedInMemoryDictionary(0x1038f9300) Name:Localizations for com.DefaultCompany.NeonDrift Creator:InstallCoordination Simple SPI UUID:9DB7ADF0-30C6-4D0B-A43C-33912C7DC320 Location:[system-defined]> for UUID 9DB7ADF0-30C6-4D0B-A43C-33912C7DC320
2026-06-28 17:29:55.991 Df installcoordinationd[28886:d8a043] [com.apple.installcoordination:daemon] -[IXSDataPromiseManager promiseDidBegin:]: Unowned promise began: <IXSPromisedInMemoryDictionary(0x1038f9300) Name:Localizations for com.DefaultCompany.NeonDrift Creator:InstallCoordination Simple SPI UUID:9DB7ADF0-30C6-4D0B-A43C-33912C7DC320 Location:[system-defined]>
2026-06-28 17:29:55.991 Df installcoordinationd[28886:d8a043] [com.apple.installcoordination:daemon] -[IXSDataPromiseManager promise:didUpdateProgress:]: Unowned promise update progress to 1.000000 : <IXSPromisedInMemoryDictionary(0x1038f9300) Name:Localizations for com.DefaultCompany.NeonDrift Creator:InstallCoordination Simple SPI UUID:9DB7ADF0-30C6-4D0B-A43C-33912C7DC320 Location:[system-defined]>
2026-06-28 17:29:55.991 Df installcoordinationd[28886:d8a043] [com.apple.installcoordination:daemon] -[IXSDataPromiseManager promiseDidComplete:]: Unowned promise completed: <IXSPromisedInMemoryDictionary(0x1038f9300) Name:Localizations for com.DefaultCompany.NeonDrift Creator:InstallCoordination Simple SPI UUID:9DB7ADF0-30C6-4D0B-A43C-33912C7DC320 Location:[system-defined]>
2026-06-28 17:29:55.991 Df installcoordinationd[28886:d8a043] [com.apple.installcoordination:daemon] -[IXSPlaceholder setLocalizationDictionaryPromise:]: <IXSPlaceholder(0x103924500) Name:App Placeholder: NeonDrift (com.DefaultCompany.NeonDrift) Creator:InstallCoordination Simple SPI UUID:7BBB3493-DA58-4BEF-9F92-8C502F131CCF Location:[system-defined]>: setting localization dict promise to <IXSPromisedInMemoryDictionary(0x1038f9300) Name:Localizations for com.DefaultCompany.NeonDrift Creator:InstallCoordination Simple SPI UUID:9DB7ADF0-30C6-4D0B-A43C-33912C7DC320 Location:[system-defined]>
2026-06-28 17:29:55.992 Df installcoordinationd[28886:d8a043] [com.apple.installcoordination:daemon] -[IXSDataPromiseManager promise:didUpdateProgress:]: Unowned promise update progress to 0.000000 : <IXSPlaceholder(0x103924500) Name:App Placeholder: NeonDrift (com.DefaultCompany.NeonDrift) Creator:InstallCoordination Simple SPI UUID:7BBB3493-DA58-4BEF-9F92-8C502F131CCF Location:[system-defined]>
2026-06-28 17:29:55.992 Df installcoordinationd[28886:d94e5e] [com.apple.installcoordination:daemon] -[IXSPlaceholder setConfigurationComplete:]: <IXSPlaceholder(0x103924500) Name:App Placeholder: NeonDrift (com.DefaultCompany.NeonDrift) Creator:InstallCoordination Simple SPI UUID:7BBB3493-DA58-4BEF-9F92-8C502F131CCF Location:[system-defined]>: setting configuration complete to Y
2026-06-28 17:29:55.992 Df installcoordinationd[28886:d94e5e] [com.apple.installcoordination:daemon] -[IXSPlaceholder _materialize]: <IXSPlaceholder(0x103924500) Name:App Placeholder: NeonDrift (com.DefaultCompany.NeonDrift) Creator:InstallCoordination Simple SPI UUID:7BBB3493-DA58-4BEF-9F92-8C502F131CCF Location:[system-defined]>: Materializing placeholder at /Users/dragonkao/Library/Developer/CoreSimulator/Devices/CC47DE7A-8196-4465-A5A5-BB852C9C6C82/data/Containers/Shared/SystemGroup/systemgroup.com.apple.installcoordinationd/Library/InstallCoordination/PromiseStaging/7BBB3493-DA58-4BEF-9F92-8C502F131CCF/NeonDrift.app
2026-06-28 17:29:55.993 Df installcoordinationd[28886:d94e5e] [com.apple.installcoordination:daemon] -[IXSPlaceholder _materialize]: <IXSPlaceholder(0x103924500) Name:App Placeholder: NeonDrift (com.DefaultCompany.NeonDrift) Creator:InstallCoordination Simple SPI UUID:7BBB3493-DA58-4BEF-9F92-8C502F131CCF Location:[system-defined]>: Using Info.plist icon content: {
    CFBundleIcons =     {
        CFBundlePrimaryIcon =         {
            CFBundleIconName = AppIcon;
        };
    };
    "CFBundleIcons~ipad" =     {
        CFBundlePrimaryIcon =         {
            CFBundleIconName = AppIcon;
        };
    };
    ISIconPlatform = iPhoneOS;
}
2026-06-28 17:29:55.993 Df installcoordinationd[28886:d94e5e] [com.apple.installcoordination:daemon] -[IXSPlaceholder _materialize]_block_invoke: <IXSPlaceholder(0x103924500) Name:App Placeholder: NeonDrift (com.DefaultCompany.NeonDrift) Creator:InstallCoordination Simple SPI UUID:7BBB3493-DA58-4BEF-9F92-8C502F131CCF Location:[system-defined]>: Using icon resource Assets.car
2026-06-28 17:29:55.993 Df installcoordinationd[28886:d94e5e] [com.apple.installcoordination:daemon] -[IXSPlaceholder _materialize]: <IXSPlaceholder(0x103924500) Name:App Placeholder: NeonDrift (com.DefaultCompany.NeonDrift) Creator:InstallCoordination Simple SPI UUID:7BBB3493-DA58-4BEF-9F92-8C502F131CCF Location:[system-defined]>: Including lproj localizations for (
)
2026-06-28 17:29:55.993 Df installcoordinationd[28886:d94e5e] [com.apple.installcoordination:daemon] -[IXSDataPromiseManager promiseDidComplete:]: Unowned promise completed: <IXSPlaceholder(0x103924500) Name:App Placeholder: NeonDrift (com.DefaultCompany.NeonDrift) Creator:InstallCoordination Simple SPI UUID:7BBB3493-DA58-4BEF-9F92-8C502F131CCF Location:[system-defined]>
2026-06-28 17:29:55.994 Df installcoordinationd[28886:d8a043] [com.apple.installcoordination:daemon] -[IXSDataPromiseManager registerPromise:]: Registered promise <IXSPromisedTransferToPath(0x1038f9480) Name:App Asset: com.DefaultCompany.NeonDrift Creator:InstallCoordination Simple SPI UUID:7010D867-5CF2-457F-882A-2E575AD03846 Location:[system-defined]> for UUID 7010D867-5CF2-457F-882A-2E575AD03846
2026-06-28 17:29:55.997 Df installcoordinationd[28886:d8a043] [com.apple.installcoordination:daemon] -[IXSCoordinatorManager coordinatorForIdentity:connection:error:creatingIfNotExisting:]_block_invoke: Registered coordinator: <IXSCoordinatedAppInstall<0x103a0c000> [P=CoreSimulatorBridge (pid 28523)] identifier:[com.DefaultCompany.NeonDrift/Invalid/[system-defined]] uuid:EAFD8728-931E-49F9-A988-EB53015DC3A1 intent:IXCoordinatorIntentUpdating creator/appDRI:InstallCoordination Simple SPI importance:Background state:IXAppCoordinationStatePlaceholderPromiseNotSet promise-state:01234>
2026-06-28 17:29:55.997 Df installcoordinationd[28886:d8a043] [com.apple.appinstallation:TransactionLog] com.DefaultCompany.NeonDrift/Unknown Persona:4:2:1:1:Created coordinator with intent IXCoordinatorIntentUpdating for client InstallCoordination Simple SPI
2026-06-28 17:29:55.997 Df installcoordinationd[28886:d8a043] [com.apple.installcoordination:daemon] -[IXSCoordinatedAppInstall setPriorityBoostCompletion:withSourceInfo:]: <IXSCoordinatedAppInstall<0x103a0c000> [P=CoreSimulatorBridge (pid 28523)] identifier:[com.DefaultCompany.NeonDrift/Invalid/[system-defined]] uuid:EAFD8728-931E-49F9-A988-EB53015DC3A1 intent:IXCoordinatorIntentUpdating creator/appDRI:InstallCoordination Simple SPI importance:Background state:IXAppCoordinationStatePlaceholderPromiseNotSet promise-state:01234>: Retaining completion from CoreSimulatorBridge (28523), QOS_CLASS_DEFAULT (0x15)
2026-06-28 17:29:55.997 Df installcoordinationd[28886:d8a043] [com.apple.installcoordination:daemon] -[IXSCoordinatedAppInstall setImportance:]: <IXSCoordinatedAppInstall<0x103a0c000> [P=CoreSimulatorBridge (pid 28523)] identifier:[com.DefaultCompany.NeonDrift/Invalid/[system-defined]] uuid:EAFD8728-931E-49F9-A988-EB53015DC3A1 intent:IXCoordinatorIntentUpdating creator/appDRI:InstallCoordination Simple SPI importance:UserWaiting state:IXAppCoordinationStatePlaceholderPromiseNotSet promise-state:01234>: set importance to UserWaiting
2026-06-28 17:29:55.997 Df installcoordinationd[28886:d8a043] [com.apple.installcoordination:daemon] -[IXSCoordinatedAppInstall _onQueue_fireObserversForClient:]: <IXSCoordinatedAppInstall<0x103a0c000> [P=CoreSimulatorBridge (pid 28523)] identifier:[com.DefaultCompany.NeonDrift/Invalid/[system-defined]] uuid:EAFD8728-931E-49F9-A988-EB53015DC3A1 intent:IXCoordinatorIntentUpdating creator/appDRI:InstallCoordination Simple SPI importance:UserWaiting state:IXAppCoordinationStatePlaceholderPromiseNotSet promise-state:01234>: Firing applicable observers for client <IXSClientConnection<0x103858ba0> client:CoreSimulatorBridge (pid 28523) uuid:83F5FB56-EA6B-47C2-AA7A-314AB583328C>
2026-06-28 17:29:55.997 Df installcoordinationd[28886:d8a043] [com.apple.installcoordination:daemon] -[IXSCoordinatedAppInstall setPriorityBoostCompletion:withSourceInfo:]: <IXSCoordinatedAppInstall<0x103a0c000> [P=CoreSimulatorBridge (pid 28523)] identifier:[com.DefaultCompany.NeonDrift/Invalid/[system-defined]] uuid:EAFD8728-931E-49F9-A988-EB53015DC3A1 intent:IXCoordinatorIntentUpdating creator/appDRI:InstallCoordination Simple SPI importance:UserWaiting state:IXAppCoordinationStatePlaceholderPromiseNotSet promise-state:01234>: Disposing of completion from CoreSimulatorBridge (28523), QOS_CLASS_DEFAULT (0x15)
2026-06-28 17:29:55.997 Df installcoordinationd[28886:d8a043] [com.apple.installcoordination:daemon] -[IXSCoordinatedAppInstall setPriorityBoostCompletion:withSourceInfo:]: <IXSCoordinatedAppInstall<0x103a0c000> [P=CoreSimulatorBridge (pid 28523)] identifier:[com.DefaultCompany.NeonDrift/Invalid/[system-defined]] uuid:EAFD8728-931E-49F9-A988-EB53015DC3A1 intent:IXCoordinatorIntentUpdating creator/appDRI:InstallCoordination Simple SPI importance:UserWaiting state:IXAppCoordinationStatePlaceholderPromiseNotSet promise-state:01234>: Retaining completion from CoreSimulatorBridge (28523), QOS_CLASS_DEFAULT (0x15)
2026-06-28 17:29:55.998 Df CoreSimulatorBridge[28523:d94e5f] [com.apple.installcoordination:framework] -[IXAppInstallCoordinator _clientDelegate_didRegisterForObservation]: <IXUpdatingAppInstallCoordinator<0x104091940> identity:[com.DefaultCompany.NeonDrift/Invalid/[system-defined]] uuid:EAFD8728-931E-49F9-A988-EB53015DC3A1 creator:InstallCoordination Simple SPI>: Got observer registration delegate
2026-06-28 17:29:55.998 Df CoreSimulatorBridge[28523:d94e5f] [com.apple.installcoordination:framework] -[IXAppInstallCoordinator _clientDelegate_shouldResume]: <IXUpdatingAppInstallCoordinator<0x104091940> identity:[com.DefaultCompany.NeonDrift/Invalid/[system-defined]] uuid:EAFD8728-931E-49F9-A988-EB53015DC3A1 creator:InstallCoordination Simple SPI>: Got should resume delegate
2026-06-28 17:29:55.998 Df CoreSimulatorBridge[28523:d94e5f] [com.apple.installcoordination:framework] -[IXAppInstallCoordinator _clientDelegate_didRegisterForObservation]_block_invoke: <IXUpdatingAppInstallCoordinator<0x104091940> identity:[com.DefaultCompany.NeonDrift/Invalid/[system-defined]] uuid:EAFD8728-931E-49F9-A988-EB53015DC3A1 creator:InstallCoordination Simple SPI>: Observer <_IXSimpleInstallerDelegate 0x0x104058ff0> does not respond to coordinatorDidRegisterForObservation:
2026-06-28 17:29:55.998 Df CoreSimulatorBridge[28523:d94e5f] [com.apple.installcoordination:framework] -[IXAppInstallCoordinator _clientDelegate_shouldResume]_block_invoke: <IXUpdatingAppInstallCoordinator<0x104091940> identity:[com.DefaultCompany.NeonDrift/Invalid/[system-defined]] uuid:EAFD8728-931E-49F9-A988-EB53015DC3A1 creator:InstallCoordination Simple SPI>: Observer <_IXSimpleInstallerDelegate 0x0x104058ff0> does not respond to coordinatorShouldResume:
2026-06-28 17:29:55.999 Df installcoordinationd[28886:d8a043] [com.apple.installcoordination:daemon] -[IXSCoordinatedAppInstall _internal_setInstallOptionsPromise:performExternalActions:]: <IXSCoordinatedAppInstall<0x103a0c000> [P=CoreSimulatorBridge (pid 28523)] identifier:[com.DefaultCompany.NeonDrift/Invalid/[system-defined]] uuid:EAFD8728-931E-49F9-A988-EB53015DC3A1 intent:IXCoordinatorIntentUpdating creator/appDRI:InstallCoordination Simple SPI importance:UserWaiting state:IXAppCoordinationStatePlaceholderPromiseNotSet promise-state:012I4> : install options set: <IXSPromisedInMemoryData(0x1038fa200) Name:MIInstallOptions data Creator:Install Coordination Internal UUID:0B377CAE-5421-4D6A-80B6-DE966520DBAA Location:[system-defined]>
2026-06-28 17:29:55.999 Df installcoordinationd[28886:d94e61] [com.apple.installcoordination:daemon] -[IXSCoordinatedAppInstall promiseDidComplete:]: <IXSCoordinatedAppInstall<0x103a0c000> [P=CoreSimulatorBridge (pid 28523)] identifier:[com.DefaultCompany.NeonDrift/Invalid/[system-defined]] uuid:EAFD8728-931E-49F9-A988-EB53015DC3A1 intent:IXCoordinatorIntentUpdating creator/appDRI:InstallCoordination Simple SPI importance:UserWaiting state:IXAppCoordinationStatePlaceholderPromiseNotSet promise-state:012I4> : Promise completed: <IXSPromisedInMemoryData(0x1038fa200) Name:MIInstallOptions data Creator:Install Coordination Internal UUID:0B377CAE-5421-4D6A-80B6-DE966520DBAA Location:[system-defined]>
2026-06-28 17:29:56.000 Df installcoordinationd[28886:d94e61] [com.apple.appinstallation:TransactionLog] com.DefaultCompany.NeonDrift/Unknown Persona:4:13:1:1:Install Options Promise began. Coordinator State: IXAppCoordinationStatePlaceholderPromiseNotSet
2026-06-28 17:29:56.000 Df installcoordinationd[28886:d94e61] [com.apple.appinstallation:TransactionLog] com.DefaultCompany.NeonDrift/Unknown Persona:4:13:2:1:Install Options Promise completed. Coordinator State: IXAppCoordinationStatePlaceholderPromiseNotSet
2026-06-28 17:29:56.000 Df installcoordinationd[28886:d94e5e] [com.apple.installcoordination:daemon] -[IXSCoordinatedAppInstall _internal_setAppAssetPromise:performExternalActions:]: <IXSCoordinatedAppInstall<0x103a0c000> [P=CoreSimulatorBridge (pid 28523)] identifier:[com.DefaultCompany.NeonDrift/Invalid/[system-defined]] uuid:EAFD8728-931E-49F9-A988-EB53015DC3A1 intent:IXCoordinatorIntentUpdating creator/appDRI:InstallCoordination Simple SPI importance:UserWaiting state:IXAppCoordinationStatePlaceholderPromiseNotSet promise-state:0a2I4> : App Asset Promise set: <IXSPromisedTransferToPath(0x1038f9480) Name:App Asset: com.DefaultCompany.NeonDrift Creator:InstallCoordination Simple SPI UUID:7010D867-5CF2-457F-882A-2E575AD03846 Location:[system-defined]>
2026-06-28 17:29:56.001 Df installcoordinationd[28886:d94e5e] [com.apple.installcoordination:daemon] -[IXSCoordinatedAppInstall setInitialODRAssetPromises:]: <IXSCoordinatedAppInstall<0x103a0c000> [P=CoreSimulatorBridge (pid 28523)] identifier:[com.DefaultCompany.NeonDrift/Invalid/[system-defined]] uuid:EAFD8728-931E-49F9-A988-EB53015DC3A1 intent:IXCoordinatorIntentUpdating creator/appDRI:InstallCoordination Simple SPI importance:UserWaiting state:IXAppCoordinationStatePlaceholderPromiseNotSet promise-state:0a2I4> : Initial ODR Asset Promises set: (
)
2026-06-28 17:29:56.001 Df CoreSimulatorBridge[28523:d94e5d] [com.apple.installcoordination:framework] -[IXPromisedTransferToPath _performDeltaCopyFrom:toDestination:]: Performing delta copy from /Users/dragonkao/.openclaw/workspace/382b9e3384298039b171c9b2a60ae644/NeonDrift_MVP/project/xcode_derived_data/Build/Products/Release-iphonesimulator/NeonDrift.app to /Users/dragonkao/Library/Developer/CoreSimulator/Devices/CC47DE7A-8196-4465-A5A5-BB852C9C6C82/data/Containers/Shared/SystemGroup/systemgroup.com.apple.installcoordinationd/Library/InstallCoordination/PromiseStaging/7010D867-5CF2-457F-882A-2E575AD03846/NeonDrift.app with installed bundle at /Users/dragonkao/Library/Developer/CoreSimulator/Devices/CC47DE7A-8196-4465-A5A5-BB852C9C6C82/data/Containers/Bundle/Application/448E81BF-78EF-4D2A-B54B-A624201226B1/NeonDrift.app
2026-06-28 17:29:56.002 Df CoreSimulatorBridge[28523:d94e5d] (MobileSystemServices) 0x16cf77000 MDMCreateDeltaDirectory: calling MDMDirectoryDiff with:
state->old_bundle: /Users/dragonkao/Library/Developer/CoreSimulator/Devices/CC47DE7A-8196-4465-A5A5-BB852C9C6C82/data/Containers/Bundle/Application/448E81BF-78EF-4D2A-B54B-A624201226B1/NeonDrift.app
state->new_bundle: /Users/dragonkao/.openclaw/workspace/382b9e3384298039b171c9b2a60ae644/NeonDrift_MVP/project/xcode_derived_data/Build/Products/Release-iphonesimulator/NeonDrift.app
state->dst_bundle: /Users/dragonkao/Library/Developer/CoreSimulator/Devices/CC47DE7A-8196-4465-A5A5-BB852C9C6C82/data/Containers/Shared/SystemGroup/systemgroup.com.apple.installcoordinationd/Library/InstallCoordination/PromiseStaging/7010D867-5CF2-457F-882A-2E575AD03846/NeonDrift.app/Payload//NeonDrift.app, binaryDiff flag: FALSE
	dst_ipa: /Users/dragonkao/Library/Developer/CoreSimulator/Devices/CC47DE7A-8196-4465-A5A5-BB852C9C6C82/data/Containers/Shared/SystemGroup/systemgroup.com.apple.installcoordinationd/Library/InstallCoordination/PromiseStaging/7010D<…>
2026-06-28 17:29:56.130 Df CoreSimulatorBridge[28523:d94e5d] [com.apple.installcoordination:framework] -[IXPromisedTransferToPath setComplete:]: <IXPromisedTransferToPath<0x104091880> name:"App Asset: com.DefaultCompany.NeonDrift" uuid:7010D867-5CF2-457F-882A-2E575AD03846 creator:"InstallCoordination Simple SPI" location:[system-defined]> Delta Copy operation from /Users/dragonkao/.openclaw/workspace/382b9e3384298039b171c9b2a60ae644/NeonDrift_MVP/project/xcode_derived_data/Build/Products/Release-iphonesimulator/NeonDrift.app to /Users/dragonkao/Library/Developer/CoreSimulator/Devices/CC47DE7A-8196-4465-A5A5-BB852C9C6C82/data/Containers/Shared/SystemGroup/systemgroup.com.apple.installcoordinationd/Library/InstallCoordination/PromiseStaging/7010D867-5CF2-457F-882A-2E575AD03846/NeonDrift.app took 0.129035 seconds
2026-06-28 17:29:56.130 Df installcoordinationd[28886:d8a043] [com.apple.installcoordination:daemon] -[IXSDataPromise _setPercentComplete:saveStateIfNeeded:]: Progress: <IXSPromisedTransferToPath(0x1038f9480) Name:App Asset: com.DefaultCompany.NeonDrift Creator:InstallCoordination Simple SPI UUID:7010D867-5CF2-457F-882A-2E575AD03846 Location:[system-defined]>
2026-06-28 17:29:56.131 Df installcoordinationd[28886:d94e61] [com.apple.appinstallation:TransactionLog] com.DefaultCompany.NeonDrift/Unknown Persona:4:10:1:1:App Asset Promise began. Coordinator State: IXAppCoordinationStatePlaceholderPromiseNotSet
2026-06-28 17:29:56.131 Df installcoordinationd[28886:d94e62] [com.apple.installcoordination:daemon] -[IXSCoordinatedAppInstall promiseDidComplete:]: <IXSCoordinatedAppInstall<0x103a0c000> [P=CoreSimulatorBridge (pid 28523)] identifier:[com.DefaultCompany.NeonDrift/Invalid/[system-defined]] uuid:EAFD8728-931E-49F9-A988-EB53015DC3A1 intent:IXCoordinatorIntentUpdating creator/appDRI:InstallCoordination Simple SPI importance:UserWaiting state:IXAppCoordinationStatePlaceholderPromiseNotSet promise-state:0A2I4> : Promise completed: <IXSPromisedTransferToPath(0x1038f9480) Name:App Asset: com.DefaultCompany.NeonDrift Creator:InstallCoordination Simple SPI UUID:7010D867-5CF2-457F-882A-2E575AD03846 Location:[system-defined]>
2026-06-28 17:29:56.131 Df installcoordinationd[28886:d8a043] [com.apple.appinstallation:TransactionLog] com.DefaultCompany.NeonDrift/Unknown Persona:4:10:2:1:App Asset Promise completed. Coordinator State: IXAppCoordinationStatePlaceholderPromiseNotSet
2026-06-28 17:29:56.131 Df installcoordinationd[28886:d94e61] [com.apple.installcoordination:daemon] -[IXSCoordinatedAppInstall setPlaceholderPromise:]: <IXSCoordinatedAppInstall<0x103a0c000> [P=CoreSimulatorBridge (pid 28523)] identifier:[com.DefaultCompany.NeonDrift/Invalid/[system-defined]] uuid:EAFD8728-931E-49F9-A988-EB53015DC3A1 intent:IXCoordinatorIntentUpdating creator/appDRI:InstallCoordination Simple SPI importance:UserWaiting state:IXAppCoordinationStateReadyForPlaceholderInstall promise-state:PA2I4> : Placeholder Promise set: <IXSPlaceholder(0x103924500) Name:App Placeholder: NeonDrift (com.DefaultCompany.NeonDrift) Creator:InstallCoordination Simple SPI UUID:7BBB3493-DA58-4BEF-9F92-8C502F131CCF Location:[system-defined]>
2026-06-28 17:29:56.131 Df CoreSimulatorBridge[28523:d94e60] [com.apple.installcoordination:framework] -[IXAppInstallCoordinator _clientDelegate_promiseDidBeginFulfillmentWithIdentifier:]: <IXUpdatingAppInstallCoordinator<0x104091940> identity:[com.DefaultCompany.NeonDrift/Invalid/[system-defined]] uuid:EAFD8728-931E-49F9-A988-EB53015DC3A1 creator:InstallCoordination Simple SPI>: Got promise did begin fulfillment for identifier 2
2026-06-28 17:29:56.131 Df CoreSimulatorBridge[28523:d94e60] [com.apple.installcoordination:framework] -[IXAppInstallCoordinator _clientDelegate_promiseDidBeginFulfillmentWithIdentifier:]_block_invoke: <IXUpdatingAppInstallCoordinator<0x104091940> identity:[com.DefaultCompany.NeonDrift/Invalid/[system-defined]] uuid:EAFD8728-931E-49F9-A988-EB53015DC3A1 creator:InstallCoordination Simple SPI>: Observer <_IXSimpleInstallerDelegate 0x0x104058ff0> does not respond to coordinator:configuredPromiseDidBeginFulfillment: (or any deprecated equivalent)
2026-06-28 17:29:56.131 Df installcoordinationd[28886:d8a043] [com.apple.installcoordination:daemon] -[IXSCoordinatedAppInstall promiseDidComplete:]: <IXSCoordinatedAppInstall<0x103a0c000> [P=CoreSimulatorBridge (pid 28523)] identifier:[com.DefaultCompany.NeonDrift/Invalid/[system-defined]] uuid:EAFD8728-931E-49F9-A988-EB53015DC3A1 intent:IXCoordinatorIntentUpdating creator/appDRI:InstallCoordination Simple SPI importance:UserWaiting state:IXAppCoordinationStateReadyForPlaceholderInstall promise-state:PA2I4> : Promise completed: <IXSPlaceholder(0x103924500) Name:App Placeholder: NeonDrift (com.DefaultCompany.NeonDrift) Creator:InstallCoordination Simple SPI UUID:7BBB3493-DA58-4BEF-9F92-8C502F131CCF Location:[system-defined]>
2026-06-28 17:29:56.131 Df CoreSimulatorBridge[28523:d94e60] [com.apple.installcoordination:framework] -[IXAppInstallCoordinator _clientDelegate_didUpdateProgress:forPhase:overallProgress:]: <IXUpdatingAppInstallCoordinator<0x104091940> identity:[com.DefaultCompany.NeonDrift/Invalid/[system-defined]] uuid:EAFD8728-931E-49F9-A988-EB53015DC3A1 creator:InstallCoordination Simple SPI>: Got did update progress delegate with percentComplete 100.000000 phase IXCoordinatorProgressPhaseLoading overallProgress 60.000000
2026-06-28 17:29:56.131 Df CoreSimulatorBridge[28523:d94e60] [com.apple.installcoordination:framework] -[IXAppInstallCoordinator _clientDelegate_didUpdateProgress:forPhase:overallProgress:]_block_invoke: <IXUpdatingAppInstallCoordinator<0x104091940> identity:[com.DefaultCompany.NeonDrift/Invalid/[system-defined]] uuid:EAFD8728-931E-49F9-A988-EB53015DC3A1 creator:InstallCoordination Simple SPI>: Calling selector coordinator:didUpdateProgress:forPhase:overallProgress: on observer <_IXSimpleInstallerDelegate 0x0x104058ff0>
2026-06-28 17:29:56.131 Df installcoordinationd[28886:d94e61] [com.apple.installcoordination:daemon] -[IXSCoordinatedAppInstall _onQueue_acquireAssertionAndInstallPlaceholder]: Acquiring termination assertion to install placeholder for [com.DefaultCompany.NeonDrift/Invalid/[system-defined]]
2026-06-28 17:29:56.131 Df installcoordinationd[28886:d94e61] [com.apple.installcoordination:daemon] -[IXSPendingOperationsTracker beginPendingOperationForIdentity:]_block_invoke: Beginning pending operation for [com.DefaultCompany.NeonDrift/Invalid/[system-defined]]
2026-06-28 17:29:56.133 Df runningboardd[28495:d94e66] [com.apple.runningboard:connection] Received termination request from [osservice<com.apple.installcoordinationd>:28886] on <RBSProcessPredicate <RBSProcessBundleIdentifierPredicate "com.DefaultCompany.NeonDrift">> with context <RBSTerminateContext| explanation:installcoordinationd app:[com.DefaultCompany.NeonDrift/Invalid/[system-defined]] uuid:EAFD8728-931E-49F9-A988-EB53015DC3A1 isPlaceholder:Y reportType:None maxTerminationResistance:Absolute attrs:[
	<RBSPreventLaunchLimitation| <RBSProcessPredicate <RBSProcessBundleIdentifierPredicate "com.DefaultCompany.NeonDrift">> allow:(null)>
	]>
2026-06-28 17:29:56.133 Df runningboardd[28495:d94e66] [com.apple.runningboard:general] Found 0 extensions contained in com.DefaultCompany.NeonDrift
2026-06-28 17:29:56.134 Df runningboardd[28495:d94e66] [com.apple.PlugInKit:holds] <PKManager:0x1054b2d20> hold request for [/Users/dragonkao/Library/Developer/CoreSimulator/Devices/CC47DE7A-8196-4465-A5A5-BB852C9C6C82/data/Containers/Bundle/Application/448E81BF-78EF-4D2A-B54B-A624201226B1/NeonDrift.app] with flags: 0x4
2026-06-28 17:29:56.135 Df runningboardd[28495:d94e66] [com.apple.PlugInKit:holds] <PKManager:0x1054b2d20> hold request for [/Users/dragonkao/Library/Developer/CoreSimulator/Devices/CC47DE7A-8196-4465-A5A5-BB852C9C6C82/data/Containers/Bundle/Application/448E81BF-78EF-4D2A-B54B-A624201226B1/NeonDrift.app] with flags: 0x4 completed with hold token: [382A15FA-E554-4F7C-B13F-5F5B6FDF0FAA]
2026-06-28 17:29:56.135 Df runningboardd[28495:d94e66] [com.apple.runningboard:ttl] Acquiring assertion targeting system from originator [osservice<com.apple.installcoordinationd>:28886] with description <RBSAssertionDescriptor| "installcoordinationd app:[com.DefaultCompany.NeonDrift/Invalid/[system-defined]] uuid:EAFD8728-931E-49F9-A988-EB53015DC3A1 isPlaceholder:Y" ID:28495-28886-653 target:system attributes:[
	<RBSPreventLaunchLimitation| <RBSProcessPredicate <RBSProcessBundleIdentifierPredicate "com.DefaultCompany.NeonDrift">> allow:(null)>
	]>
2026-06-28 17:29:56.135 Df runningboardd[28495:d94e66] [com.apple.runningboard:process] Executing termination request for: <RBSProcessPredicate <RBSProcessBundleIdentifierPredicate "com.DefaultCompany.NeonDrift">>
2026-06-28 17:29:56.136 Df installcoordinationd[28886:d94e61] [com.apple.installcoordination:daemon] -[IXSCoordinatedAppInstall assertionAcquiredCallback]: RBS termination assertion observer called for <IXSCoordinatedAppInstall<0x103a0c000> [P=CoreSimulatorBridge (pid 28523)] identifier:[com.DefaultCompany.NeonDrift/Invalid/[system-defined]] uuid:EAFD8728-931E-49F9-A988-EB53015DC3A1 intent:IXCoordinatorIntentUpdating creator/appDRI:InstallCoordination Simple SPI importance:UserWaiting state:IXAppCoordinationStateWaitingForPlaceholderAssertion promise-state:PA2I4>
2026-06-28 17:29:56.136 Df SpringBoard[28855:d89db6] [com.apple.SpringBoard:Common] termination assertion acquired for com.DefaultCompany.NeonDrift
2026-06-28 17:29:56.136 Df installcoordinationd[28886:d94e61] [com.apple.appinstallation:TransactionLog] com.DefaultCompany.NeonDrift/Unknown Persona:4:9:1:1:Placeholder Promise began. Coordinator State: IXAppCoordinationStateWaitingForPlaceholderAssertion
2026-06-28 17:29:56.136 Df installcoordinationd[28886:d94e61] [com.apple.installcoordination:daemon] -[IXSCoordinatorProgress setTotalUnitsCompleted:]: Progress for coordinator: [com.DefaultCompany.NeonDrift/Invalid/[system-defined]], Phase: IXCoordinatorProgressPhaseLoading, Percentage: 100.000000: Attempt to set units completed on finished progress: 100
2026-06-28 17:29:56.136 Df installcoordinationd[28886:d94e61] [com.apple.appinstallation:TransactionLog] com.DefaultCompany.NeonDrift/Unknown Persona:4:9:2:1:Placeholder Promise completed. Coordinator State: IXAppCoordinationStateWaitingForPlaceholderAssertion
2026-06-28 17:29:56.137 Df CoreSimulatorBridge[28523:d94e5f] [com.apple.installcoordination:framework] -[IXAppInstallCoordinator _clientDelegate_promiseDidBeginFulfillmentWithIdentifier:]: <IXUpdatingAppInstallCoordinator<0x104091940> identity:[com.DefaultCompany.NeonDrift/Invalid/[system-defined]] uuid:EAFD8728-931E-49F9-A988-EB53015DC3A1 creator:InstallCoordination Simple SPI>: Got promise did begin fulfillment for identifier 1
2026-06-28 17:29:56.137 Df CoreSimulatorBridge[28523:d94e5f] [com.apple.installcoordination:framework] -[IXAppInstallCoordinator _clientDelegate_promiseDidBeginFulfillmentWithIdentifier:]_block_invoke: <IXUpdatingAppInstallCoordinator<0x104091940> identity:[com.DefaultCompany.NeonDrift/Invalid/[system-defined]] uuid:EAFD8728-931E-49F9-A988-EB53015DC3A1 creator:InstallCoordination Simple SPI>: Observer <_IXSimpleInstallerDelegate 0x0x104058ff0> does not respond to coordinator:configuredPromiseDidBeginFulfillment: (or any deprecated equivalent)
2026-06-28 17:29:56.137 Df SpringBoard[28855:d89db6] [com.apple.SpringBoard:Icon] 0x10cdb0cc0-SBApplicationIcon Data source did change: <SBApplication: 0x10cfb7500; com.DefaultCompany.NeonDrift> {
} (SBApplication)
2026-06-28 17:29:56.137 Df installcoordinationd[28886:d94e61] [com.apple.installcoordination:daemon] -[IXSCoordinatedAppInstall _onQueue_installPlaceholder]: Acquired termination assertion for placeholder [com.DefaultCompany.NeonDrift/Invalid/[system-defined]]; proceeding with install.
2026-06-28 17:29:56.137 Df installcoordinationd[28886:d94e61] [com.apple.installcoordination:daemon] -[IXSPowerAssertion initWithAssertionName:details:]: Acquired power assertion IXPowerAssertion-12-[com.DefaultCompany.NeonDrift/Invalid/[system-defined]]
2026-06-28 17:29:56.139 Df installd[28923:d8a135] (MobileSystemServices) 0x16b303000 -[MIClientConnection _doInstallationForURL:identity:domain:options:operationType:completion:]: Install of "/Users/dragonkao/Library/Developer/CoreSimulator/Devices/CC47DE7A-8196-4465-A5A5-BB852C9C6C82/data/Containers/Shared/SystemGroup/systemgroup.com.apple.installcoordinationd/Library/InstallCoordination/PromiseStaging/7BBB3493-DA58-4BEF-9F92-8C502F131CCF/NeonDrift.app" type Placeholder (LSInstallType = 1, Domain: MIInstallationDomainDefault) requested by installcoordinationd (pid 28886 (501/20))
2026-06-28 17:29:56.147 Df installd[28923:d8a135] [com.apple.containermanager:xpc] Query; euid = 501, uid = 501, class = 1, identifier = [com.DefaultCompany.NeonDrift](1), flags = 300000002
2026-06-28 17:29:56.151 Df installd[28923:d8a135] [com.apple.containermanager:xpc] Query; euid = 501, uid = 501, class = 1, identifier = [com.DefaultCompany.NeonDrift](1), flags = 300000002
2026-06-28 17:29:56.155 Df installd[28923:d8a135] [com.apple.containermanager:xpc] Query; euid = 501, uid = 501, class = 1, identifier = [com.DefaultCompany.NeonDrift](1), flags = 300000002
2026-06-28 17:29:56.156 Df installd[28923:d8a135] [com.apple.containermanager:xpc] Query; euid = 501, uid = 501, class = 1, identifier = [com.DefaultCompany.NeonDrift](1), flags = 300000002
2026-06-28 17:29:56.158 Df installd[28923:d8a135] (MobileSystemServices) 0x16b303000 -[MIInstaller _installInstallable:containingSymlink:error:]: Installing <MIInstallableParallelPlaceholder ID=com.DefaultCompany.NeonDrift; Persona=com.apple.containermanager.primary-persona, Version=0, ShortVersion=1.0>
2026-06-28 17:29:56.158 Df installd[28923:d8a135] [com.apple.appinstallation:TransactionLog] com.DefaultCompany.NeonDrift/com.apple.containermanager.primary-persona:7:2:1:1:Start : Install (Parallel Placeholder)
2026-06-28 17:29:56.160 Df installd[28923:d8a135] [com.apple.containermanager:query] Query; euid = 501, uid = 501, class = 4, identifier = [com.DefaultCompany.NeonDrift](1), flags = 300000002
2026-06-28 17:29:56.160 Df installd[28923:d8a135] [com.apple.containermanager:query] Query; euid = 501, uid = 501, class = 4, identifier = [com.DefaultCompany.NeonDrift](1), flags = 300000002
2026-06-28 17:29:56.161 Df installd[28923:d8a135] (MobileSystemServices) 0x16b303000 -[MIInstallableParallelPlaceholder performInstallationWithError:]: Installing parallel placeholder for [com.DefaultCompany.NeonDrift/com.apple.containermanager.primary-persona/[system-defined]]
2026-06-28 17:29:56.171 Df installd[28923:d8a135] [com.apple.containermanager:query] Query; euid = 501, uid = 501, class = 2, identifier = [com.DefaultCompany.NeonDrift](1), flags = 300000003
2026-06-28 17:29:56.173 Df installd[28923:d8a135] [com.apple.containermanager:query] Query; euid = 501, uid = 501, class = 2, identifier = [com.DefaultCompany.NeonDrift](1), flags = 300000002
2026-06-28 17:29:56.193 Df containermanagerd[28573:d89986] [com.apple.containermanager:schema] [u 815BD00E-79CD-4463-AD29-B14C41CCA58C:p BE6AB3B4-3800-45A4-9212-4DF9AB433482:c com.DefaultCompany.NeonDrift(2):i0] Successfully updated schema from (0) → (1), actions count = 6
2026-06-28 17:29:56.193 Df containermanagerd_system[28538:d898d3] [com.apple.containermanager:schema] [u 951C5212-27D8-4C9E-8C27-BA11F873A395:p 448E81BF-78EF-4D2A-B54B-A624201226B1:c com.DefaultCompany.NeonDrift(1):i0] Successfully updated schema from (0) → (0), actions count = 0
2026-06-28 17:29:56.194 Df installd[28923:d8a135] [com.apple.containermanager:xpc] Query; euid = 501, uid = 501, class = 1, identifier = [com.DefaultCompany.NeonDrift](1), flags = 300000002
2026-06-28 17:29:56.195 Df installd[28923:d8a135] [com.apple.containermanager:unspecified] Requesting disk usage; class = 1, identifier = com.DefaultCompany.NeonDrift
2026-06-28 17:29:56.195 Df installd[28923:d8a135] [com.apple.containermanager:query] Query; euid = 501, uid = 501, class = 7, identifier = [com.DefaultCompany.NeonDrift](1), flags = 300000001
2026-06-28 17:29:56.196 Df SpringBoard[28855:d89db6] [com.apple.SpringBoard:Common] termination assertion released for com.DefaultCompany.NeonDrift
2026-06-28 17:29:56.196 Df SpringBoard[28855:d89db6] [com.apple.SpringBoard:Icon] 0x10cdb0cc0-SBApplicationIcon Data source did change: <SBApplication: 0x10cfb7500; com.DefaultCompany.NeonDrift> {
} (SBApplication)
2026-06-28 17:29:56.204 Df installd[28923:d8a135] (MobileSystemServices) 0x16b303000 -[MILaunchServicesOperationManager _onQueue_addPendingLaunchServicesOperation:error:]: Added pending LS operation <MILaunchServicesRegisterOperation: 0D9BD250-5B36-4A55-BD9D-FC1FCF6B2A02:3 com.DefaultCompany.NeonDrift/MIInstallationDomainSystemShared personas:[com.apple.containermanager.primary-persona]>
2026-06-28 17:29:56.205 Df lsd[28543:d8bdc0] [com.apple.launchservices:appinstallation] Post installation registration: request to register com.DefaultCompany.NeonDrift, operation 0D9BD250-5B36-4A55-BD9D-FC1FCF6B2A02, from pid 28923
2026-06-28 17:29:56.208 Df lsd[28543:d8bdc0] [com.apple.appinstallation:TransactionLog] com.DefaultCompany.NeonDrift/Unknown Persona:5:4:1:1:Registering bundles via registrant - start
2026-06-28 17:29:56.216 Df lsd[28543:d8bdc0] [com.apple.appinstallation:TransactionLog] com.DefaultCompany.NeonDrift/Unknown Persona:5:5:1:1:Building bundle record for app
2026-06-28 17:29:56.216 Df lsd[28543:d8bdc0] [com.apple.launchservices:appinstallation] Placeholder detected - Flagging bundle com.DefaultCompany.NeonDrift incomplete
2026-06-28 17:29:56.216 Df lsd[28543:d8bdc0] [com.apple.appinstallation:TransactionLog] com.DefaultCompany.NeonDrift/Unknown Persona:5:5:2:1:Built bundle record for app
2026-06-28 17:29:56.218 Df lsd[28543:d8bdc0] [com.apple.appinstallation:TransactionLog] com.DefaultCompany.NeonDrift/Unknown Persona:5:4:2:1:Registered bundle status = success
2026-06-28 17:29:56.218 Df lsd[28543:d8bdc0] [com.apple.appinstallation:TransactionLog] com.DefaultCompany.NeonDrift/Unknown Persona:5:4:2:1:Finished registering com.DefaultCompany.NeonDrift, bundle unit 538
2026-06-28 17:29:56.219 Df installd[28923:d8a135] (MobileSystemServices) 0x16b303000 -[MIJournal purgeJournalEntry:withError:]: Removing journal entry <MIInstallationJournalEntry<0x1060e86e0> [com.DefaultCompany.NeonDrift/com.apple.containermanager.primary-persona/[system-defined]]/MIInstallationDomainSystemShared op:3 phase:JournalPhaseDidRegisterWithLS version:0>
2026-06-28 17:29:56.219 Df lsd[28543:d8bdc0] [com.apple.launchservices:progress] Sending applicationInstallsDidStart: for (
    "<LSApplicationProxy: 0x105f2c0c0> com.DefaultCompany.NeonDrift file:///Users/dragonkao/Library/Developer/CoreSimulator/Devices/CC47DE7A-8196-4465-A5A5-BB852C9C6C82/data/Containers/Bundle/Application/448E81BF-78EF-4D2A-B54B-A624201226B1/com.apple.mobileinstallation.placeholder/ <com.DefaultCompany.NeonDrift <placeholder >:1>"
)
2026-06-28 17:29:56.219 Df installd[28923:d8a135] [com.apple.appinstallation:TransactionLog] com.DefaultCompany.NeonDrift/com.apple.containermanager.primary-persona:7:2:2:1:Success (End) : Install (Parallel Placeholder)
2026-06-28 17:29:56.219 Df lsd[28543:d8bdc0] [com.apple.launchservices:progress] Created parent progress <NSProgress: com.DefaultCompany.NeonDrift phase=InstallingPlaceholder; state=Waiting; finalPhase=Installing; fractionCompleted=0.000000>
2026-06-28 17:29:56.219 Df installd[28923:d8a135] (MobileSystemServices) 0x16b303000 -[MIInstaller _logOperationCompletionWithStartTime:distributorID:]: Install successful for (Placeholder:com.DefaultCompany.NeonDrift) [Distributor: (null)]; Staging: 0.00s; Waiting: 0.00s; Preflight/Patch: 0.00s, Verifying: 0.00s; Overall: 0.08s
2026-06-28 17:29:56.220 Df installcoordinationd[28886:d94e63] [com.apple.installcoordination:daemon] -[IXSPowerAssertion invalidate]: Released power assertion IXPowerAssertion-12-[com.DefaultCompany.NeonDrift/Invalid/[system-defined]]
2026-06-28 17:29:56.220 Df installcoordinationd[28886:d94e5e] [com.apple.installcoordination:daemon] -[IXSPendingOperationsTracker endPendingOperationForIdentity:]_block_invoke: Ending pending operation for [com.DefaultCompany.NeonDrift/Invalid/[system-defined]]
2026-06-28 17:29:56.221 Df installcoordinationd[28886:d94e5e] [com.apple.installcoordination:daemon] -[IXSCoordinatedAppInstall setPlaceholderInstallState:withLSRecordPromiseForCompletion:]: <IXSCoordinatedAppInstall<0x103a0c000> [P=CoreSimulatorBridge (pid 28523)] identifier:[com.DefaultCompany.NeonDrift/Invalid/[system-defined]] uuid:EAFD8728-931E-49F9-A988-EB53015DC3A1 intent:IXCoordinatorIntentUpdating creator/appDRI:InstallCoordination Simple SPI importance:UserWaiting state:IXAppCoordinationStateReadyForInstall promise-state:PA2I4>: Placeholder install completed.
2026-06-28 17:29:56.221 Df installcoordinationd[28886:d94e5e] [com.apple.installprogress:server] initiating progress for [com.DefaultCompany.NeonDrift/Invalid/[system-defined]]
2026-06-28 17:29:56.222 Df SpringBoard[28855:d94e68] [com.apple.launchservices:appinstallation] LaunchServices observer: InstallsStarted (
    "<LSApplicationProxy: 0x10d1e7600> com.DefaultCompany.NeonDrift file:///Users/dragonkao/Library/Developer/CoreSimulator/Devices/CC47DE7A-8196-4465-A5A5-BB852C9C6C82/data/Containers/Bundle/Application/448E81BF-78EF-4D2A-B54B-A624201226B1/com.apple.mobileinstallation.placeholder/ <com.DefaultCompany.NeonDrift <placeholder >:1>"
)
2026-06-28 17:29:56.222 Df runningboardd[28495:d94e69] [com.apple.launchservices:appinstallation] LaunchServices observer: InstallsStarted (
    "<LSApplicationProxy: 0x1015a4000> com.DefaultCompany.NeonDrift file:///Users/dragonkao/Library/Developer/CoreSimulator/Devices/CC47DE7A-8196-4465-A5A5-BB852C9C6C82/data/Containers/Bundle/Application/448E81BF-78EF-4D2A-B54B-A624201226B1/com.apple.mobileinstallation.placeholder/ <com.DefaultCompany.NeonDrift <placeholder >:1>"
)
2026-06-28 17:29:56.222 Df dasd[28519:d933c2] [com.apple.launchservices:appinstallation] LaunchServices observer: InstallsStarted (
