Timestamp               Ty Process[PID:TID]
2026-06-26 16:18:22.683 Df CoreSimulatorBridge[13156:7898d1] Request received for installation of file:///Users/dragonkao/.openclaw/workspace/382b9e3384298039b171c9b2a60ae644/NeonDrift_MVP/project/xcode_derived_data/Build/Products/Release-iphonesimulator/NeonDrift.run.1782461851.95225.app/ with options: {
    PackageType = Developer;
    SimulatorRootPath = "/Library/Developer/CoreSimulator/Volumes/iOS_23F77/Library/Developer/CoreSimulator/Profiles/Runtimes/iOS 26.5.simruntime/Contents/Resources/RuntimeRoot";
    SimulatorUserPath = "/Users/dragonkao/Library/Developer/CoreSimulator/Devices/115FDF0C-5A2F-4686-909B-7F43F1450A28/data";
}
2026-06-26 16:18:22.683 Df CoreSimulatorBridge[13156:7898d1] [com.apple.installcoordination:framework] +[IXAppInstallCoordinator(IXSimpleInstaller) _beginInstallForURL:forPersonaUniqueString:consumeSource:options:progressBlock:completionWithIdentity:]: Beginning install for /Users/dragonkao/.openclaw/workspace/382b9e3384298039b171c9b2a60ae644/NeonDrift_MVP/project/xcode_derived_data/Build/Products/Release-iphonesimulator/NeonDrift.run.1782461851.95225.app consuming source:N options:{
    IsUserInitiated = 1;
    PackageType = Developer;
} installationRequestorAuditToken: NULL
2026-06-26 16:18:22.688 Df installcoordinationd[26512:7b8760] [com.apple.installcoordination:daemon] -[IXSDataPromiseManager registerPromise:]: Registered promise <IXSPlaceholder(0x105510500) Name:App Placeholder: NeonDrift.run.1782461851.95225 (com.DefaultCompany.NeonDrift.run.1782461851.95225) Creator:InstallCoordination Simple SPI UUID:384A48C6-2DEC-4C1A-A50E-9FB74A0C6829 Location:[system-defined]> for UUID 384A48C6-2DEC-4C1A-A50E-9FB74A0C6829
2026-06-26 16:18:22.689 Df installcoordinationd[26512:7b8760] [com.apple.installcoordination:daemon] -[IXSPlaceholder setAttributes:]: <IXSPlaceholder(0x105510500) Name:App Placeholder: NeonDrift.run.1782461851.95225 (com.DefaultCompany.NeonDrift.run.1782461851.95225) Creator:InstallCoordination Simple SPI UUID:384A48C6-2DEC-4C1A-A50E-9FB74A0C6829 Location:[system-defined]>: setting placeholder attributes to <IXPlaceholderAttributes<0x1054a0c80> : {
    CFBundleShortVersionString = "1.0";
    CFBundleSupportedPlatforms =     (
        iPhoneSimulator
    );
    CFBundleVersion = 0;
    DTPlatformName = iphonesimulator;
    LSRequiresIPhoneOS = 1;
    MinimumOSVersion = "13.0";
    UIDeviceFamily =     (
        1,
        2
    );
    UIRequiredDeviceCapabilities =     {
        arm64 = 1;
        metal = 1;
    };
}>
2026-06-26 16:18:22.689 Df CoreSimulatorBridge[13156:7b8763] [com.apple.installcoordination:framework] +[IXPlaceholder _setEntitlementsFromBundleExecutableURL:withBundleID:client:onPlaceholder:location:error:]: Executable for com.DefaultCompany.NeonDrift.run.1782461851.95225 at NeonDrift.run.1782461851.95225 -- file:///Users/dragonkao/.openclaw/workspace/382b9e3384298039b171c9b2a60ae644/NeonDrift_MVP/project/xcode_derived_data/Build/Products/Release-iphonesimulator/NeonDrift.run.1782461851.95225.app/ had no entitlements
2026-06-26 16:18:22.689 Df CoreSimulatorBridge[13156:7b8763] [com.apple.installcoordination:framework] +[IXPlaceholder _placeholderForBundle:client:withParent:installType:metadata:placeholderType:mayBeDeltaPackage:isFromSerializedPlaceholder:location:error:]: Using full fidelity icons for com.DefaultCompany.NeonDrift.run.1782461851.95225 at /Users/dragonkao/.openclaw/workspace/382b9e3384298039b171c9b2a60ae644/NeonDrift_MVP/project/xcode_derived_data/Build/Products/Release-iphonesimulator/NeonDrift.run.1782461851.95225.app
2026-06-26 16:18:22.690 Df installcoordinationd[26512:7b8760] [com.apple.installcoordination:daemon] -[IXSDataPromiseManager registerPromise:]: Registered promise <IXSPromisedTransferToPath(0x1054de500) Name:Icon resources for com.DefaultCompany.NeonDrift.run.1782461851.95225 Creator:InstallCoordination Simple SPI UUID:D1B8E405-D5FA-4FF8-97D6-2E558530579F Location:[system-defined]> for UUID D1B8E405-D5FA-4FF8-97D6-2E558530579F
2026-06-26 16:18:22.695 Df CoreSimulatorBridge[13156:7b8763] [com.apple.installcoordination:framework] -[IXPromisedTransferToPath setComplete:]: <IXPromisedTransferToPath<0x103458700> name:"Icon resources for com.DefaultCompany.NeonDrift.run.1782461851.95225" uuid:D1B8E405-D5FA-4FF8-97D6-2E558530579F creator:"InstallCoordination Simple SPI" location:[system-defined]> Move operation from /Users/dragonkao/Library/Developer/CoreSimulator/Devices/115FDF0C-5A2F-4686-909B-7F43F1450A28/data/Containers/Shared/SystemGroup/systemgroup.com.apple.installcoordinationd/Library/InstallCoordination/PromiseStaging/D1B8E405-D5FA-4FF8-97D6-2E558530579F/temp.Eon2GR to /Users/dragonkao/Library/Developer/CoreSimulator/Devices/115FDF0C-5A2F-4686-909B-7F43F1450A28/data/Containers/Shared/SystemGroup/systemgroup.com.apple.installcoordinationd/Library/InstallCoordination/PromiseStaging/D1B8E405-D5FA-4FF8-97D6-2E558530579F/temp.Eon2GR took 0.000553 seconds
2026-06-26 16:18:22.697 Df installcoordinationd[26512:7b8760] [com.apple.installcoordination:daemon] -[IXSDataPromise _setPercentComplete:saveStateIfNeeded:]: Progress: <IXSPromisedTransferToPath(0x1054de500) Name:Icon resources for com.DefaultCompany.NeonDrift.run.1782461851.95225 Creator:InstallCoordination Simple SPI UUID:D1B8E405-D5FA-4FF8-97D6-2E558530579F Location:[system-defined]>
2026-06-26 16:18:22.697 Df installcoordinationd[26512:7beb94] [com.apple.installcoordination:daemon] -[IXSDataPromiseManager promiseDidBegin:]: Unowned promise began: <IXSPromisedTransferToPath(0x1054de500) Name:Icon resources for com.DefaultCompany.NeonDrift.run.1782461851.95225 Creator:InstallCoordination Simple SPI UUID:D1B8E405-D5FA-4FF8-97D6-2E558530579F Location:[system-defined]>
2026-06-26 16:18:22.697 Df installcoordinationd[26512:7beb94] [com.apple.installcoordination:daemon] -[IXSDataPromiseManager promise:didUpdateProgress:]: Unowned promise update progress to 1.000000 : <IXSPromisedTransferToPath(0x1054de500) Name:Icon resources for com.DefaultCompany.NeonDrift.run.1782461851.95225 Creator:InstallCoordination Simple SPI UUID:D1B8E405-D5FA-4FF8-97D6-2E558530579F Location:[system-defined]>
2026-06-26 16:18:22.698 Df installcoordinationd[26512:7b8760] [com.apple.installcoordination:daemon] -[IXSDataPromiseManager promiseDidComplete:]: Unowned promise completed: <IXSPromisedTransferToPath(0x1054de500) Name:Icon resources for com.DefaultCompany.NeonDrift.run.1782461851.95225 Creator:InstallCoordination Simple SPI UUID:D1B8E405-D5FA-4FF8-97D6-2E558530579F Location:[system-defined]>
2026-06-26 16:18:22.699 Df installcoordinationd[26512:7beb94] [com.apple.installcoordination:daemon] -[IXSDataPromise _setPercentComplete:saveStateIfNeeded:]: Progress: <IXSPromisedInMemoryDictionary(0x1054dd280) Name:Info.plist icon content for com.DefaultCompany.NeonDrift.run.1782461851.95225 Creator:InstallCoordination Simple SPI UUID:833104B4-CAF7-44D3-B9F9-253B2751D136 Location:[system-defined]>
2026-06-26 16:18:22.699 Df installcoordinationd[26512:7beb94] [com.apple.installcoordination:daemon] -[IXSDataPromiseManager registerPromise:]: Registered promise <IXSPromisedInMemoryDictionary(0x1054dd280) Name:Info.plist icon content for com.DefaultCompany.NeonDrift.run.1782461851.95225 Creator:InstallCoordination Simple SPI UUID:833104B4-CAF7-44D3-B9F9-253B2751D136 Location:[system-defined]> for UUID 833104B4-CAF7-44D3-B9F9-253B2751D136
2026-06-26 16:18:22.699 Df installcoordinationd[26512:7b8760] [com.apple.installcoordination:daemon] -[IXSDataPromiseManager promiseDidBegin:]: Unowned promise began: <IXSPromisedInMemoryDictionary(0x1054dd280) Name:Info.plist icon content for com.DefaultCompany.NeonDrift.run.1782461851.95225 Creator:InstallCoordination Simple SPI UUID:833104B4-CAF7-44D3-B9F9-253B2751D136 Location:[system-defined]>
2026-06-26 16:18:22.699 Df installcoordinationd[26512:7b8760] [com.apple.installcoordination:daemon] -[IXSDataPromiseManager promise:didUpdateProgress:]: Unowned promise update progress to 1.000000 : <IXSPromisedInMemoryDictionary(0x1054dd280) Name:Info.plist icon content for com.DefaultCompany.NeonDrift.run.1782461851.95225 Creator:InstallCoordination Simple SPI UUID:833104B4-CAF7-44D3-B9F9-253B2751D136 Location:[system-defined]>
2026-06-26 16:18:22.699 Df installcoordinationd[26512:7b8760] [com.apple.installcoordination:daemon] -[IXSDataPromiseManager promiseDidComplete:]: Unowned promise completed: <IXSPromisedInMemoryDictionary(0x1054dd280) Name:Info.plist icon content for com.DefaultCompany.NeonDrift.run.1782461851.95225 Creator:InstallCoordination Simple SPI UUID:833104B4-CAF7-44D3-B9F9-253B2751D136 Location:[system-defined]>
2026-06-26 16:18:22.700 Df installcoordinationd[26512:7beb94] [com.apple.installcoordination:daemon] -[IXSPlaceholder setIconResourcesPromise:]: <IXSPlaceholder(0x105510500) Name:App Placeholder: NeonDrift.run.1782461851.95225 (com.DefaultCompany.NeonDrift.run.1782461851.95225) Creator:InstallCoordination Simple SPI UUID:384A48C6-2DEC-4C1A-A50E-9FB74A0C6829 Location:[system-defined]>: setting icon resources promise to <IXSPromisedTransferToPath(0x1054de500) Name:Icon resources for com.DefaultCompany.NeonDrift.run.1782461851.95225 Creator:InstallCoordination Simple SPI UUID:D1B8E405-D5FA-4FF8-97D6-2E558530579F Location:[system-defined]>
2026-06-26 16:18:22.701 Df installcoordinationd[26512:7beb94] [com.apple.installcoordination:daemon] -[IXSPlaceholder setInfoPlistIconContentPromise:]: <IXSPlaceholder(0x105510500) Name:App Placeholder: NeonDrift.run.1782461851.95225 (com.DefaultCompany.NeonDrift.run.1782461851.95225) Creator:InstallCoordination Simple SPI UUID:384A48C6-2DEC-4C1A-A50E-9FB74A0C6829 Location:[system-defined]>: setting Info.plist icon content promise to <IXSPromisedInMemoryDictionary(0x1054dd280) Name:Info.plist icon content for com.DefaultCompany.NeonDrift.run.1782461851.95225 Creator:InstallCoordination Simple SPI UUID:833104B4-CAF7-44D3-B9F9-253B2751D136 Location:[system-defined]>
2026-06-26 16:18:22.703 Df installcoordinationd[26512:7beb99] [com.apple.installcoordination:daemon] -[IXSDataPromiseManager promiseDidBegin:]: Unowned promise began: <IXSPlaceholder(0x105510500) Name:App Placeholder: NeonDrift.run.1782461851.95225 (com.DefaultCompany.NeonDrift.run.1782461851.95225) Creator:InstallCoordination Simple SPI UUID:384A48C6-2DEC-4C1A-A50E-9FB74A0C6829 Location:[system-defined]>
2026-06-26 16:18:22.703 Df installcoordinationd[26512:7beb99] [com.apple.installcoordination:daemon] -[IXSDataPromiseManager promise:didUpdateProgress:]: Unowned promise update progress to 0.000000 : <IXSPlaceholder(0x105510500) Name:App Placeholder: NeonDrift.run.1782461851.95225 (com.DefaultCompany.NeonDrift.run.1782461851.95225) Creator:InstallCoordination Simple SPI UUID:384A48C6-2DEC-4C1A-A50E-9FB74A0C6829 Location:[system-defined]>
2026-06-26 16:18:22.703 Df installcoordinationd[26512:7beb99] [com.apple.installcoordination:daemon] -[IXSDataPromiseManager promise:didUpdateProgress:]: Unowned promise update progress to 0.000000 : <IXSPlaceholder(0x105510500) Name:App Placeholder: NeonDrift.run.1782461851.95225 (com.DefaultCompany.NeonDrift.run.1782461851.95225) Creator:InstallCoordination Simple SPI UUID:384A48C6-2DEC-4C1A-A50E-9FB74A0C6829 Location:[system-defined]>
2026-06-26 16:18:22.703 Df installcoordinationd[26512:7beb99] [com.apple.installcoordination:daemon] -[IXSDataPromise _setPercentComplete:saveStateIfNeeded:]: Progress: <IXSPromisedInMemoryDictionary(0x1054dcf80) Name:Localizations for com.DefaultCompany.NeonDrift.run.1782461851.95225 Creator:InstallCoordination Simple SPI UUID:EE3EB7B9-1F6C-42E9-AE49-B9F6C7ACF59B Location:[system-defined]>
2026-06-26 16:18:22.704 Df installcoordinationd[26512:7beb99] [com.apple.installcoordination:daemon] -[IXSDataPromiseManager registerPromise:]: Registered promise <IXSPromisedInMemoryDictionary(0x1054dcf80) Name:Localizations for com.DefaultCompany.NeonDrift.run.1782461851.95225 Creator:InstallCoordination Simple SPI UUID:EE3EB7B9-1F6C-42E9-AE49-B9F6C7ACF59B Location:[system-defined]> for UUID EE3EB7B9-1F6C-42E9-AE49-B9F6C7ACF59B
2026-06-26 16:18:22.704 Df installcoordinationd[26512:7b8760] [com.apple.installcoordination:daemon] -[IXSDataPromiseManager promiseDidBegin:]: Unowned promise began: <IXSPromisedInMemoryDictionary(0x1054dcf80) Name:Localizations for com.DefaultCompany.NeonDrift.run.1782461851.95225 Creator:InstallCoordination Simple SPI UUID:EE3EB7B9-1F6C-42E9-AE49-B9F6C7ACF59B Location:[system-defined]>
2026-06-26 16:18:22.704 Df installcoordinationd[26512:7b8760] [com.apple.installcoordination:daemon] -[IXSDataPromiseManager promise:didUpdateProgress:]: Unowned promise update progress to 1.000000 : <IXSPromisedInMemoryDictionary(0x1054dcf80) Name:Localizations for com.DefaultCompany.NeonDrift.run.1782461851.95225 Creator:InstallCoordination Simple SPI UUID:EE3EB7B9-1F6C-42E9-AE49-B9F6C7ACF59B Location:[system-defined]>
2026-06-26 16:18:22.704 Df installcoordinationd[26512:7b8760] [com.apple.installcoordination:daemon] -[IXSDataPromiseManager promiseDidComplete:]: Unowned promise completed: <IXSPromisedInMemoryDictionary(0x1054dcf80) Name:Localizations for com.DefaultCompany.NeonDrift.run.1782461851.95225 Creator:InstallCoordination Simple SPI UUID:EE3EB7B9-1F6C-42E9-AE49-B9F6C7ACF59B Location:[system-defined]>
2026-06-26 16:18:22.704 Df installcoordinationd[26512:7beb99] [com.apple.installcoordination:daemon] -[IXSPlaceholder setLocalizationDictionaryPromise:]: <IXSPlaceholder(0x105510500) Name:App Placeholder: NeonDrift.run.1782461851.95225 (com.DefaultCompany.NeonDrift.run.1782461851.95225) Creator:InstallCoordination Simple SPI UUID:384A48C6-2DEC-4C1A-A50E-9FB74A0C6829 Location:[system-defined]>: setting localization dict promise to <IXSPromisedInMemoryDictionary(0x1054dcf80) Name:Localizations for com.DefaultCompany.NeonDrift.run.1782461851.95225 Creator:InstallCoordination Simple SPI UUID:EE3EB7B9-1F6C-42E9-AE49-B9F6C7ACF59B Location:[system-defined]>
2026-06-26 16:18:22.705 Df installcoordinationd[26512:7beb94] [com.apple.installcoordination:daemon] -[IXSDataPromiseManager promise:didUpdateProgress:]: Unowned promise update progress to 0.000000 : <IXSPlaceholder(0x105510500) Name:App Placeholder: NeonDrift.run.1782461851.95225 (com.DefaultCompany.NeonDrift.run.1782461851.95225) Creator:InstallCoordination Simple SPI UUID:384A48C6-2DEC-4C1A-A50E-9FB74A0C6829 Location:[system-defined]>
2026-06-26 16:18:22.705 Df installcoordinationd[26512:7beb99] [com.apple.installcoordination:daemon] -[IXSPlaceholder setConfigurationComplete:]: <IXSPlaceholder(0x105510500) Name:App Placeholder: NeonDrift.run.1782461851.95225 (com.DefaultCompany.NeonDrift.run.1782461851.95225) Creator:InstallCoordination Simple SPI UUID:384A48C6-2DEC-4C1A-A50E-9FB74A0C6829 Location:[system-defined]>: setting configuration complete to Y
2026-06-26 16:18:22.706 Df installcoordinationd[26512:7beb99] [com.apple.installcoordination:daemon] -[IXSPlaceholder _materialize]: <IXSPlaceholder(0x105510500) Name:App Placeholder: NeonDrift.run.1782461851.95225 (com.DefaultCompany.NeonDrift.run.1782461851.95225) Creator:InstallCoordination Simple SPI UUID:384A48C6-2DEC-4C1A-A50E-9FB74A0C6829 Location:[system-defined]>: Materializing placeholder at /Users/dragonkao/Library/Developer/CoreSimulator/Devices/115FDF0C-5A2F-4686-909B-7F43F1450A28/data/Containers/Shared/SystemGroup/systemgroup.com.apple.installcoordinationd/Library/InstallCoordination/PromiseStaging/384A48C6-2DEC-4C1A-A50E-9FB74A0C6829/NeonDrift.run.1782461851.95225.app
2026-06-26 16:18:22.706 Df installcoordinationd[26512:7beb99] [com.apple.installcoordination:daemon] -[IXSPlaceholder _materialize]: <IXSPlaceholder(0x105510500) Name:App Placeholder: NeonDrift.run.1782461851.95225 (com.DefaultCompany.NeonDrift.run.1782461851.95225) Creator:InstallCoordination Simple SPI UUID:384A48C6-2DEC-4C1A-A50E-9FB74A0C6829 Location:[system-defined]>: Using Info.plist icon content: {
    CFBundleIcons =     {
        CFBundlePrimaryIcon =         {
            CFBundleIconName = AppIcon;
        };
    };
    "CFBundleIcons~ipad" =     {
        CFBundlePrimaryIcon =         {
            CFBundleIconName = AppIcon;
        };
    };
    ISIconPlatform = iPhoneOS;
}
2026-06-26 16:18:22.706 Df installcoordinationd[26512:7beb99] [com.apple.installcoordination:daemon] -[IXSPlaceholder _materialize]_block_invoke: <IXSPlaceholder(0x105510500) Name:App Placeholder: NeonDrift.run.1782461851.95225 (com.DefaultCompany.NeonDrift.run.1782461851.95225) Creator:InstallCoordination Simple SPI UUID:384A48C6-2DEC-4C1A-A50E-9FB74A0C6829 Location:[system-defined]>: Using icon resource Assets.car
2026-06-26 16:18:22.706 Df installcoordinationd[26512:7beb99] [com.apple.installcoordination:daemon] -[IXSPlaceholder _materialize]: <IXSPlaceholder(0x105510500) Name:App Placeholder: NeonDrift.run.1782461851.95225 (com.DefaultCompany.NeonDrift.run.1782461851.95225) Creator:InstallCoordination Simple SPI UUID:384A48C6-2DEC-4C1A-A50E-9FB74A0C6829 Location:[system-defined]>: Including lproj localizations for (
)
2026-06-26 16:18:22.707 Df installcoordinationd[26512:7beb99] [com.apple.installcoordination:daemon] -[IXSDataPromiseManager promiseDidComplete:]: Unowned promise completed: <IXSPlaceholder(0x105510500) Name:App Placeholder: NeonDrift.run.1782461851.95225 (com.DefaultCompany.NeonDrift.run.1782461851.95225) Creator:InstallCoordination Simple SPI UUID:384A48C6-2DEC-4C1A-A50E-9FB74A0C6829 Location:[system-defined]>
2026-06-26 16:18:22.707 Df installcoordinationd[26512:7beb99] [com.apple.installcoordination:daemon] -[IXSDataPromiseManager registerPromise:]: Registered promise <IXSPromisedTransferToPath(0x1054dd680) Name:App Asset: com.DefaultCompany.NeonDrift.run.1782461851.95225 Creator:InstallCoordination Simple SPI UUID:2FB8189B-0FE1-4949-8C20-934FE6862B99 Location:[system-defined]> for UUID 2FB8189B-0FE1-4949-8C20-934FE6862B99
2026-06-26 16:18:22.709 Df installcoordinationd[26512:7beb99] [com.apple.installcoordination:daemon] -[IXSCoordinatorManager coordinatorForIdentity:connection:error:creatingIfNotExisting:]_block_invoke: Registered coordinator: <IXSCoordinatedAppInstall<0x1055e4000> [P=CoreSimulatorBridge (pid 13156)] identifier:[com.DefaultCompany.NeonDrift.run.1782461851.95225/Invalid/[system-defined]] uuid:6E8D1D28-0AE8-4B20-9FBD-67630E7C5E05 intent:IXCoordinatorIntentInitiating creator/appDRI:InstallCoordination Simple SPI importance:Background state:IXAppCoordinationStatePlaceholderPromiseNotSet promise-state:01234>
2026-06-26 16:18:22.709 Df installcoordinationd[26512:7beb99] [com.apple.appinstallation:TransactionLog] com.DefaultCompany.NeonDrift.run.1782461851.95225/Unknown Persona:4:1:1:1:Created coordinator with intent IXCoordinatorIntentInitiating for client InstallCoordination Simple SPI
2026-06-26 16:18:22.709 Df installcoordinationd[26512:7beb99] [com.apple.installcoordination:daemon] -[IXSCoordinatedAppInstall setPriorityBoostCompletion:withSourceInfo:]: <IXSCoordinatedAppInstall<0x1055e4000> [P=CoreSimulatorBridge (pid 13156)] identifier:[com.DefaultCompany.NeonDrift.run.1782461851.95225/Invalid/[system-defined]] uuid:6E8D1D28-0AE8-4B20-9FBD-67630E7C5E05 intent:IXCoordinatorIntentInitiating creator/appDRI:InstallCoordination Simple SPI importance:Background state:IXAppCoordinationStatePlaceholderPromiseNotSet promise-state:01234>: Retaining completion from CoreSimulatorBridge (13156), QOS_CLASS_DEFAULT (0x15)
2026-06-26 16:18:22.709 Df installcoordinationd[26512:7beb99] [com.apple.installcoordination:daemon] -[IXSCoordinatedAppInstall setImportance:]: <IXSCoordinatedAppInstall<0x1055e4000> [P=CoreSimulatorBridge (pid 13156)] identifier:[com.DefaultCompany.NeonDrift.run.1782461851.95225/Invalid/[system-defined]] uuid:6E8D1D28-0AE8-4B20-9FBD-67630E7C5E05 intent:IXCoordinatorIntentInitiating creator/appDRI:InstallCoordination Simple SPI importance:UserWaiting state:IXAppCoordinationStatePlaceholderPromiseNotSet promise-state:01234>: set importance to UserWaiting
2026-06-26 16:18:22.710 Df installcoordinationd[26512:7beb99] [com.apple.installcoordination:daemon] -[IXSCoordinatedAppInstall setPriorityBoostCompletion:withSourceInfo:]: <IXSCoordinatedAppInstall<0x1055e4000> [P=CoreSimulatorBridge (pid 13156)] identifier:[com.DefaultCompany.NeonDrift.run.1782461851.95225/Invalid/[system-defined]] uuid:6E8D1D28-0AE8-4B20-9FBD-67630E7C5E05 intent:IXCoordinatorIntentInitiating creator/appDRI:InstallCoordination Simple SPI importance:UserWaiting state:IXAppCoordinationStatePlaceholderPromiseNotSet promise-state:01234>: Disposing of completion from CoreSimulatorBridge (13156), QOS_CLASS_DEFAULT (0x15)
2026-06-26 16:18:22.710 Df installcoordinationd[26512:7beb99] [com.apple.installcoordination:daemon] -[IXSCoordinatedAppInstall setPriorityBoostCompletion:withSourceInfo:]: <IXSCoordinatedAppInstall<0x1055e4000> [P=CoreSimulatorBridge (pid 13156)] identifier:[com.DefaultCompany.NeonDrift.run.1782461851.95225/Invalid/[system-defined]] uuid:6E8D1D28-0AE8-4B20-9FBD-67630E7C5E05 intent:IXCoordinatorIntentInitiating creator/appDRI:InstallCoordination Simple SPI importance:UserWaiting state:IXAppCoordinationStatePlaceholderPromiseNotSet promise-state:01234>: Retaining completion from CoreSimulatorBridge (13156), QOS_CLASS_DEFAULT (0x15)
2026-06-26 16:18:22.712 Df installcoordinationd[26512:7beb99] [com.apple.installcoordination:daemon] -[IXSCoordinatedAppInstall _onQueue_fireObserversForClient:]: <IXSCoordinatedAppInstall<0x1055e4000> [P=CoreSimulatorBridge (pid 13156)] identifier:[com.DefaultCompany.NeonDrift.run.1782461851.95225/Invalid/[system-defined]] uuid:6E8D1D28-0AE8-4B20-9FBD-67630E7C5E05 intent:IXCoordinatorIntentInitiating creator/appDRI:InstallCoordination Simple SPI importance:UserWaiting state:IXAppCoordinationStatePlaceholderPromiseNotSet promise-state:01234>: Firing applicable observers for client <IXSClientConnection<0x1054407e0> client:CoreSimulatorBridge (pid 13156) uuid:91EA0638-10DA-4AE9-8353-ED9F7F8399EE>
2026-06-26 16:18:22.712 Df CoreSimulatorBridge[13156:7beb9d] [com.apple.installcoordination:framework] -[IXAppInstallCoordinator _clientDelegate_didRegisterForObservation]: <IXInitiatingAppInstallCoordinator<0x103458200> identity:[com.DefaultCompany.NeonDrift.run.1782461851.95225/Invalid/[system-defined]] uuid:6E8D1D28-0AE8-4B20-9FBD-67630E7C5E05 creator:InstallCoordination Simple SPI>: Got observer registration delegate
2026-06-26 16:18:22.712 Df CoreSimulatorBridge[13156:7beb9d] [com.apple.installcoordination:framework] -[IXAppInstallCoordinator _clientDelegate_shouldResume]: <IXInitiatingAppInstallCoordinator<0x103458200> identity:[com.DefaultCompany.NeonDrift.run.1782461851.95225/Invalid/[system-defined]] uuid:6E8D1D28-0AE8-4B20-9FBD-67630E7C5E05 creator:InstallCoordination Simple SPI>: Got should resume delegate
2026-06-26 16:18:22.712 Df CoreSimulatorBridge[13156:7b8765] [com.apple.installcoordination:framework] -[IXAppInstallCoordinator _clientDelegate_didRegisterForObservation]_block_invoke: <IXInitiatingAppInstallCoordinator<0x103458200> identity:[com.DefaultCompany.NeonDrift.run.1782461851.95225/Invalid/[system-defined]] uuid:6E8D1D28-0AE8-4B20-9FBD-67630E7C5E05 creator:InstallCoordination Simple SPI>: Observer <_IXSimpleInstallerDelegate 0x0x101b1ad00> does not respond to coordinatorDidRegisterForObservation:
2026-06-26 16:18:22.712 Df installcoordinationd[26512:7beb99] [com.apple.installcoordination:daemon] -[IXSCoordinatedAppInstall _internal_setInstallOptionsPromise:performExternalActions:]: <IXSCoordinatedAppInstall<0x1055e4000> [P=CoreSimulatorBridge (pid 13156)] identifier:[com.DefaultCompany.NeonDrift.run.1782461851.95225/Invalid/[system-defined]] uuid:6E8D1D28-0AE8-4B20-9FBD-67630E7C5E05 intent:IXCoordinatorIntentInitiating creator/appDRI:InstallCoordination Simple SPI importance:UserWaiting state:IXAppCoordinationStatePlaceholderPromiseNotSet promise-state:012I4> : install options set: <IXSPromisedInMemoryData(0x1054dd500) Name:MIInstallOptions data Creator:Install Coordination Internal UUID:5AA97515-ACFB-4481-833D-CEFD2C2B6F0E Location:[system-defined]>
2026-06-26 16:18:22.712 Df installcoordinationd[26512:7b8760] [com.apple.installcoordination:daemon] -[IXSCoordinatedAppInstall promiseDidComplete:]: <IXSCoordinatedAppInstall<0x1055e4000> [P=CoreSimulatorBridge (pid 13156)] identifier:[com.DefaultCompany.NeonDrift.run.1782461851.95225/Invalid/[system-defined]] uuid:6E8D1D28-0AE8-4B20-9FBD-67630E7C5E05 intent:IXCoordinatorIntentInitiating creator/appDRI:InstallCoordination Simple SPI importance:UserWaiting state:IXAppCoordinationStatePlaceholderPromiseNotSet promise-state:012I4> : Promise completed: <IXSPromisedInMemoryData(0x1054dd500) Name:MIInstallOptions data Creator:Install Coordination Internal UUID:5AA97515-ACFB-4481-833D-CEFD2C2B6F0E Location:[system-defined]>
2026-06-26 16:18:22.712 Df CoreSimulatorBridge[13156:7b8765] [com.apple.installcoordination:framework] -[IXAppInstallCoordinator _clientDelegate_shouldResume]_block_invoke: <IXInitiatingAppInstallCoordinator<0x103458200> identity:[com.DefaultCompany.NeonDrift.run.1782461851.95225/Invalid/[system-defined]] uuid:6E8D1D28-0AE8-4B20-9FBD-67630E7C5E05 creator:InstallCoordination Simple SPI>: Observer <_IXSimpleInstallerDelegate 0x0x101b1ad00> does not respond to coordinatorShouldResume:
2026-06-26 16:18:22.712 Df installcoordinationd[26512:7b8760] [com.apple.appinstallation:TransactionLog] com.DefaultCompany.NeonDrift.run.1782461851.95225/Unknown Persona:4:13:1:1:Install Options Promise began. Coordinator State: IXAppCoordinationStatePlaceholderPromiseNotSet
2026-06-26 16:18:22.712 Df installcoordinationd[26512:7b8760] [com.apple.appinstallation:TransactionLog] com.DefaultCompany.NeonDrift.run.1782461851.95225/Unknown Persona:4:13:2:1:Install Options Promise completed. Coordinator State: IXAppCoordinationStatePlaceholderPromiseNotSet
2026-06-26 16:18:22.712 Df installcoordinationd[26512:7beb94] [com.apple.installcoordination:daemon] -[IXSCoordinatedAppInstall _internal_setAppAssetPromise:performExternalActions:]: <IXSCoordinatedAppInstall<0x1055e4000> [P=CoreSimulatorBridge (pid 13156)] identifier:[com.DefaultCompany.NeonDrift.run.1782461851.95225/Invalid/[system-defined]] uuid:6E8D1D28-0AE8-4B20-9FBD-67630E7C5E05 intent:IXCoordinatorIntentInitiating creator/appDRI:InstallCoordination Simple SPI importance:UserWaiting state:IXAppCoordinationStatePlaceholderPromiseNotSet promise-state:0a2I4> : App Asset Promise set: <IXSPromisedTransferToPath(0x1054dd680) Name:App Asset: com.DefaultCompany.NeonDrift.run.1782461851.95225 Creator:InstallCoordination Simple SPI UUID:2FB8189B-0FE1-4949-8C20-934FE6862B99 Location:[system-defined]>
2026-06-26 16:18:22.713 Df installcoordinationd[26512:7beb94] [com.apple.installcoordination:daemon] -[IXSCoordinatedAppInstall setInitialODRAssetPromises:]: <IXSCoordinatedAppInstall<0x1055e4000> [P=CoreSimulatorBridge (pid 13156)] identifier:[com.DefaultCompany.NeonDrift.run.1782461851.95225/Invalid/[system-defined]] uuid:6E8D1D28-0AE8-4B20-9FBD-67630E7C5E05 intent:IXCoordinatorIntentInitiating creator/appDRI:InstallCoordination Simple SPI importance:UserWaiting state:IXAppCoordinationStatePlaceholderPromiseNotSet promise-state:0a2I4> : Initial ODR Asset Promises set: (
)
2026-06-26 16:18:22.725 Df CoreSimulatorBridge[13156:7b8763] [com.apple.installcoordination:framework] -[IXPromisedTransferToPath setComplete:]: <IXPromisedTransferToPath<0x103458580> name:"App Asset: com.DefaultCompany.NeonDrift.run.1782461851.95225" uuid:2FB8189B-0FE1-4949-8C20-934FE6862B99 creator:"InstallCoordination Simple SPI" location:[system-defined]> Copy operation from /Users/dragonkao/.openclaw/workspace/382b9e3384298039b171c9b2a60ae644/NeonDrift_MVP/project/xcode_derived_data/Build/Products/Release-iphonesimulator/NeonDrift.run.1782461851.95225.app to /Users/dragonkao/Library/Developer/CoreSimulator/Devices/115FDF0C-5A2F-4686-909B-7F43F1450A28/data/Containers/Shared/SystemGroup/systemgroup.com.apple.installcoordinationd/Library/InstallCoordination/PromiseStaging/2FB8189B-0FE1-4949-8C20-934FE6862B99/NeonDrift.run.1782461851.95225.app took 0.011632 seconds
2026-06-26 16:18:22.725 Df installcoordinationd[26512:7beb94] [com.apple.installcoordination:daemon] -[IXSDataPromise _setPercentComplete:saveStateIfNeeded:]: Progress: <IXSPromisedTransferToPath(0x1054dd680) Name:App Asset: com.DefaultCompany.NeonDrift.run.1782461851.95225 Creator:InstallCoordination Simple SPI UUID:2FB8189B-0FE1-4949-8C20-934FE6862B99 Location:[system-defined]>
2026-06-26 16:18:22.726 Df installcoordinationd[26512:7beb94] [com.apple.installcoordination:daemon] -[IXSCoordinatedAppInstall promiseDidComplete:]: <IXSCoordinatedAppInstall<0x1055e4000> [P=CoreSimulatorBridge (pid 13156)] identifier:[com.DefaultCompany.NeonDrift.run.1782461851.95225/Invalid/[system-defined]] uuid:6E8D1D28-0AE8-4B20-9FBD-67630E7C5E05 intent:IXCoordinatorIntentInitiating creator/appDRI:InstallCoordination Simple SPI importance:UserWaiting state:IXAppCoordinationStatePlaceholderPromiseNotSet promise-state:0A2I4> : Promise completed: <IXSPromisedTransferToPath(0x1054dd680) Name:App Asset: com.DefaultCompany.NeonDrift.run.1782461851.95225 Creator:InstallCoordination Simple SPI UUID:2FB8189B-0FE1-4949-8C20-934FE6862B99 Location:[system-defined]>
2026-06-26 16:18:22.726 Df installcoordinationd[26512:7b8760] [com.apple.appinstallation:TransactionLog] com.DefaultCompany.NeonDrift.run.1782461851.95225/Unknown Persona:4:10:1:1:App Asset Promise began. Coordinator State: IXAppCoordinationStatePlaceholderPromiseNotSet
2026-06-26 16:18:22.726 Df installcoordinationd[26512:7b8760] [com.apple.appinstallation:TransactionLog] com.DefaultCompany.NeonDrift.run.1782461851.95225/Unknown Persona:4:10:2:1:App Asset Promise completed. Coordinator State: IXAppCoordinationStatePlaceholderPromiseNotSet
2026-06-26 16:18:22.726 Df installcoordinationd[26512:7beb94] [com.apple.installcoordination:daemon] -[IXSCoordinatedAppInstall setPlaceholderPromise:]: <IXSCoordinatedAppInstall<0x1055e4000> [P=CoreSimulatorBridge (pid 13156)] identifier:[com.DefaultCompany.NeonDrift.run.1782461851.95225/Invalid/[system-defined]] uuid:6E8D1D28-0AE8-4B20-9FBD-67630E7C5E05 intent:IXCoordinatorIntentInitiating creator/appDRI:InstallCoordination Simple SPI importance:UserWaiting state:IXAppCoordinationStateReadyForPlaceholderInstall promise-state:PA2I4> : Placeholder Promise set: <IXSPlaceholder(0x105510500) Name:App Placeholder: NeonDrift.run.1782461851.95225 (com.DefaultCompany.NeonDrift.run.1782461851.95225) Creator:InstallCoordination Simple SPI UUID:384A48C6-2DEC-4C1A-A50E-9FB74A0C6829 Location:[system-defined]>
2026-06-26 16:18:22.726 Df CoreSimulatorBridge[13156:7beb9d] [com.apple.installcoordination:framework] -[IXAppInstallCoordinator _clientDelegate_promiseDidBeginFulfillmentWithIdentifier:]: <IXInitiatingAppInstallCoordinator<0x103458200> identity:[com.DefaultCompany.NeonDrift.run.1782461851.95225/Invalid/[system-defined]] uuid:6E8D1D28-0AE8-4B20-9FBD-67630E7C5E05 creator:InstallCoordination Simple SPI>: Got promise did begin fulfillment for identifier 2
2026-06-26 16:18:22.726 Df installcoordinationd[26512:7b8760] [com.apple.installcoordination:daemon] -[IXSCoordinatedAppInstall promiseDidComplete:]: <IXSCoordinatedAppInstall<0x1055e4000> [P=CoreSimulatorBridge (pid 13156)] identifier:[com.DefaultCompany.NeonDrift.run.1782461851.95225/Invalid/[system-defined]] uuid:6E8D1D28-0AE8-4B20-9FBD-67630E7C5E05 intent:IXCoordinatorIntentInitiating creator/appDRI:InstallCoordination Simple SPI importance:UserWaiting state:IXAppCoordinationStateReadyForPlaceholderInstall promise-state:PA2I4> : Promise completed: <IXSPlaceholder(0x105510500) Name:App Placeholder: NeonDrift.run.1782461851.95225 (com.DefaultCompany.NeonDrift.run.1782461851.95225) Creator:InstallCoordination Simple SPI UUID:384A48C6-2DEC-4C1A-A50E-9FB74A0C6829 Location:[system-defined]>
2026-06-26 16:18:22.726 Df CoreSimulatorBridge[13156:7beb9d] [com.apple.installcoordination:framework] -[IXAppInstallCoordinator _clientDelegate_didUpdateProgress:forPhase:overallProgress:]: <IXInitiatingAppInstallCoordinator<0x103458200> identity:[com.DefaultCompany.NeonDrift.run.1782461851.95225/Invalid/[system-defined]] uuid:6E8D1D28-0AE8-4B20-9FBD-67630E7C5E05 creator:InstallCoordination Simple SPI>: Got did update progress delegate with percentComplete 100.000000 phase IXCoordinatorProgressPhaseLoading overallProgress 60.000000
2026-06-26 16:18:22.726 Df CoreSimulatorBridge[13156:7beb9d] [com.apple.installcoordination:framework] -[IXAppInstallCoordinator _clientDelegate_promiseDidBeginFulfillmentWithIdentifier:]_block_invoke: <IXInitiatingAppInstallCoordinator<0x103458200> identity:[com.DefaultCompany.NeonDrift.run.1782461851.95225/Invalid/[system-defined]] uuid:6E8D1D28-0AE8-4B20-9FBD-67630E7C5E05 creator:InstallCoordination Simple SPI>: Observer <_IXSimpleInstallerDelegate 0x0x101b1ad00> does not respond to coordinator:configuredPromiseDidBeginFulfillment: (or any deprecated equivalent)
2026-06-26 16:18:22.726 Df CoreSimulatorBridge[13156:7beb9d] [com.apple.installcoordination:framework] -[IXAppInstallCoordinator _clientDelegate_didUpdateProgress:forPhase:overallProgress:]_block_invoke: <IXInitiatingAppInstallCoordinator<0x103458200> identity:[com.DefaultCompany.NeonDrift.run.1782461851.95225/Invalid/[system-defined]] uuid:6E8D1D28-0AE8-4B20-9FBD-67630E7C5E05 creator:InstallCoordination Simple SPI>: Calling selector coordinator:didUpdateProgress:forPhase:overallProgress: on observer <_IXSimpleInstallerDelegate 0x0x101b1ad00>
2026-06-26 16:18:22.727 Df installcoordinationd[26512:7beb94] [com.apple.installcoordination:daemon] -[IXSCoordinatedAppInstall _onQueue_acquireAssertionAndInstallPlaceholder]: Acquiring termination assertion to install placeholder for [com.DefaultCompany.NeonDrift.run.1782461851.95225/Invalid/[system-defined]]
2026-06-26 16:18:22.727 Df installcoordinationd[26512:7beb94] [com.apple.installcoordination:daemon] -[IXSPendingOperationsTracker beginPendingOperationForIdentity:]_block_invoke: Beginning pending operation for [com.DefaultCompany.NeonDrift.run.1782461851.95225/Invalid/[system-defined]]
2026-06-26 16:18:22.728 Df runningboardd[13128:7bc738] [com.apple.runningboard:connection] Received termination request from [osservice<com.apple.installcoordinationd>:26512] on <RBSProcessPredicate <RBSProcessBundleIdentifierPredicate "com.DefaultCompany.NeonDrift.run.1782461851.95225">> with context <RBSTerminateContext| explanation:installcoordinationd app:[com.DefaultCompany.NeonDrift.run.1782461851.95225/Invalid/[system-defined]] uuid:6E8D1D28-0AE8-4B20-9FBD-67630E7C5E05 isPlaceholder:Y reportType:None maxTerminationResistance:Absolute attrs:[
	<RBSPreventLaunchLimitation| <RBSProcessPredicate <RBSProcessBundleIdentifierPredicate "com.DefaultCompany.NeonDrift.run.1782461851.95225">> allow:(null)>
	]>
2026-06-26 16:18:22.728 Df runningboardd[13128:7bb914] [com.apple.runningboard:general] failed to get LSApplicationRecord for com.DefaultCompany.NeonDrift.run.1782461851.95225 - probably OK
2026-06-26 16:18:22.728 Df runningboardd[13128:7bb914] [com.apple.runningboard:connection] skipping plugin hold for uninstalled proxy com.DefaultCompany.NeonDrift.run.1782461851.95225
2026-06-26 16:18:22.728 Df runningboardd[13128:7bb914] [com.apple.runningboard:ttl] Acquiring assertion targeting system from originator [osservice<com.apple.installcoordinationd>:26512] with description <RBSAssertionDescriptor| "installcoordinationd app:[com.DefaultCompany.NeonDrift.run.1782461851.95225/Invalid/[system-defined]] uuid:6E8D1D28-0AE8-4B20-9FBD-67630E7C5E05 isPlaceholder:Y" ID:13128-26512-6636 target:system attributes:[
	<RBSPreventLaunchLimitation| <RBSProcessPredicate <RBSProcessBundleIdentifierPredicate "com.DefaultCompany.NeonDrift.run.1782461851.95225">> allow:(null)>
	]>
2026-06-26 16:18:22.728 Df runningboardd[13128:7bb914] [com.apple.runningboard:process] Executing termination request for: <RBSProcessPredicate <RBSProcessBundleIdentifierPredicate "com.DefaultCompany.NeonDrift.run.1782461851.95225">>
2026-06-26 16:18:22.728 Df SpringBoard[13125:4bdd22] [com.apple.SpringBoard:Common] termination assertion acquired for com.DefaultCompany.NeonDrift.run.1782461851.95225 (app not found)
2026-06-26 16:18:22.728 Df installcoordinationd[26512:7b8760] [com.apple.appinstallation:TransactionLog] com.DefaultCompany.NeonDrift.run.1782461851.95225/Unknown Persona:4:9:1:1:Placeholder Promise began. Coordinator State: IXAppCoordinationStateWaitingForPlaceholderAssertion
2026-06-26 16:18:22.728 Df installcoordinationd[26512:7beb99] [com.apple.installcoordination:daemon] -[IXSCoordinatedAppInstall assertionAcquiredCallback]: RBS termination assertion observer called for <IXSCoordinatedAppInstall<0x1055e4000> [P=CoreSimulatorBridge (pid 13156)] identifier:[com.DefaultCompany.NeonDrift.run.1782461851.95225/Invalid/[system-defined]] uuid:6E8D1D28-0AE8-4B20-9FBD-67630E7C5E05 intent:IXCoordinatorIntentInitiating creator/appDRI:InstallCoordination Simple SPI importance:UserWaiting state:IXAppCoordinationStateWaitingForPlaceholderAssertion promise-state:PA2I4>
2026-06-26 16:18:22.728 Df installcoordinationd[26512:7b8760] [com.apple.installcoordination:daemon] -[IXSCoordinatorProgress setTotalUnitsCompleted:]: Progress for coordinator: [com.DefaultCompany.NeonDrift.run.1782461851.95225/Invalid/[system-defined]], Phase: IXCoordinatorProgressPhaseLoading, Percentage: 100.000000: Attempt to set units completed on finished progress: 100
2026-06-26 16:18:22.728 Df installcoordinationd[26512:7b8760] [com.apple.appinstallation:TransactionLog] com.DefaultCompany.NeonDrift.run.1782461851.95225/Unknown Persona:4:9:2:1:Placeholder Promise completed. Coordinator State: IXAppCoordinationStateWaitingForPlaceholderAssertion
2026-06-26 16:18:22.729 Df CoreSimulatorBridge[13156:7b8765] [com.apple.installcoordination:framework] -[IXAppInstallCoordinator _clientDelegate_promiseDidBeginFulfillmentWithIdentifier:]: <IXInitiatingAppInstallCoordinator<0x103458200> identity:[com.DefaultCompany.NeonDrift.run.1782461851.95225/Invalid/[system-defined]] uuid:6E8D1D28-0AE8-4B20-9FBD-67630E7C5E05 creator:InstallCoordination Simple SPI>: Got promise did begin fulfillment for identifier 1
2026-06-26 16:18:22.729 Df CoreSimulatorBridge[13156:7b8765] [com.apple.installcoordination:framework] -[IXAppInstallCoordinator _clientDelegate_promiseDidBeginFulfillmentWithIdentifier:]_block_invoke: <IXInitiatingAppInstallCoordinator<0x103458200> identity:[com.DefaultCompany.NeonDrift.run.1782461851.95225/Invalid/[system-defined]] uuid:6E8D1D28-0AE8-4B20-9FBD-67630E7C5E05 creator:InstallCoordination Simple SPI>: Observer <_IXSimpleInstallerDelegate 0x0x101b1ad00> does not respond to coordinator:configuredPromiseDidBeginFulfillment: (or any deprecated equivalent)
2026-06-26 16:18:22.729 Df installcoordinationd[26512:7b8760] [com.apple.installcoordination:daemon] -[IXSCoordinatedAppInstall _onQueue_installPlaceholder]: Acquired termination assertion for placeholder [com.DefaultCompany.NeonDrift.run.1782461851.95225/Invalid/[system-defined]]; proceeding with install.
2026-06-26 16:18:22.729 Df installcoordinationd[26512:7b8760] [com.apple.installcoordination:daemon] -[IXSPowerAssertion initWithAssertionName:details:]: Acquired power assertion IXPowerAssertion-12-[com.DefaultCompany.NeonDrift.run.1782461851.95225/Invalid/[system-defined]]
2026-06-26 16:18:22.730 Df installd[26514:7beba7] (MobileSystemServices) 0x16bd27000 -[MIClientConnection _doInstallationForURL:identity:domain:options:operationType:completion:]: Install of "/Users/dragonkao/Library/Developer/CoreSimulator/Devices/115FDF0C-5A2F-4686-909B-7F43F1450A28/data/Containers/Shared/SystemGroup/systemgroup.com.apple.installcoordinationd/Library/InstallCoordination/PromiseStaging/384A48C6-2DEC-4C1A-A50E-9FB74A0C6829/NeonDrift.run.1782461851.95225.app" type Placeholder (LSInstallType = 1, Domain: MIInstallationDomainDefault) requested by installcoordinationd (pid 26512 (501/20))
2026-06-26 16:18:22.733 Df installd[26514:7beba7] [com.apple.containermanager:xpc] Query; euid = 501, uid = 501, class = 1, identifier = [com.DefaultCompany.NeonDrift.run.1782461851.95225](1), flags = 300000002
2026-06-26 16:18:22.734 Df installd[26514:7beba7] [com.apple.containermanager:xpc] Query; euid = 501, uid = 501, class = 1, identifier = [com.DefaultCompany.NeonDrift.run.1782461851.95225](1), flags = 300000002
2026-06-26 16:18:22.734 Df installd[26514:7beba7] (MobileSystemServices) 0x16bd27000 -[MIInstaller _installInstallable:containingSymlink:error:]: Installing <MIInstallableBundle ID=com.DefaultCompany.NeonDrift.run.1782461851.95225; Persona=com.apple.containermanager.primary-persona, Version=0, ShortVersion=1.0>
2026-06-26 16:18:22.734 Df installd[26514:7beba7] [com.apple.appinstallation:TransactionLog] com.DefaultCompany.NeonDrift.run.1782461851.95225/com.apple.containermanager.primary-persona:7:4:1:1:Start : Install (Placeholder)
2026-06-26 16:18:22.736 Df installd[26514:7beba7] [com.apple.containermanager:query] Query; euid = 501, uid = 501, class = 4, identifier = [com.DefaultCompany.NeonDrift.run.1782461851.95225](1), flags = 300000002
2026-06-26 16:18:22.736 Df installd[26514:7beba7] [com.apple.containermanager:query] Query; euid = 501, uid = 501, class = 4, identifier = [com.DefaultCompany.NeonDrift.run.1782461851.95225](1), flags = 300000002
2026-06-26 16:18:22.736 Df installd[26514:7beba7] [com.apple.containermanager:xpc] Query; euid = 501, uid = 501, class = 1, identifier = [com.DefaultCompany.NeonDrift.run.1782461851.95225](1), flags = 300000003
2026-06-26 16:18:22.737 E  containermanagerd_system[13173:7b87d4] [com.apple.containermanager:schema] [com.DefaultCompany.NeonDrift.run.1782461851.95225(1)] Current schema version (1) is newer than the latest (0), ignoring.
2026-06-26 16:18:22.737 Df containermanagerd_system[13173:7b87d4] [com.apple.containermanager:schema] [u E143C008-51A6-4277-BD88-26C786AC681E:p 6E73490F-9AB4-4731-B9CB-6438D250A09F:c com.DefaultCompany.NeonDrift.run.1782461851.95225(1):i30846519] Successfully updated schema from (0) → (0), actions count = 0
2026-06-26 16:18:22.738 Df installd[26514:7beba7] [com.apple.containermanager:xpc] Query; euid = 501, uid = 501, class = 1, identifier = [com.DefaultCompany.NeonDrift.run.1782461851.95225](1), flags = 300000002
2026-06-26 16:18:22.739 Df installd[26514:7beba7] [com.apple.containermanager:query] Query; euid = 501, uid = 501, class = 2, identifier = [com.DefaultCompany.NeonDrift.run.1782461851.95225](1), flags = 300000003
2026-06-26 16:18:22.741 Df containermanagerd[13188:763a70] [com.apple.containermanager:schema] [u 5C69CD08-6372-4B63-98AA-D01208D3F4B3:p 2DE9CC86-50EE-4743-94B4-5B6BC4342521:c com.DefaultCompany.NeonDrift.run.1782461851.95225(2):i30846522] Successfully updated schema from (0) → (1), actions count = 6
2026-06-26 16:18:22.742 Df installd[26514:7beba7] [com.apple.containermanager:query] Query; euid = 501, uid = 501, class = 2, identifier = [com.DefaultCompany.NeonDrift.run.1782461851.95225](1), flags = 300000002
2026-06-26 16:18:22.743 Df installd[26514:7beba7] (MobileSystemServices) 0x16bd27000 -[MIInstallationJournalEntry _refreshUUIDForContainer:withError:]: Data container for com.DefaultCompany.NeonDrift.run.1782461851.95225 is now at /Users/dragonkao/Library/Developer/CoreSimulator/Devices/115FDF0C-5A2F-4686-909B-7F43F1450A28/data/Containers/Data/Application/F8BA310F-2262-422B-9619-643BBB5DCC0B
2026-06-26 16:18:22.743 Df containermanagerd[13188:763a70] [com.apple.containermanager:schema] [u 5C69CD08-6372-4B63-98AA-D01208D3F4B3:p F8BA310F-2262-422B-9619-643BBB5DCC0B:c com.DefaultCompany.NeonDrift.run.1782461851.95225(2):i0] Successfully updated schema from (0) → (1), actions count = 6
2026-06-26 16:18:22.744 Df installd[26514:7beba7] [com.apple.containermanager:unspecified] Replace; old = <NULL>, new = [temp-app:com.DefaultCompany.NeonDrift.run.1782461851.95225:501::(E143C008-51A6-4277-BD88-26C786AC681E)]
2026-06-26 16:18:22.745 Df installd[26514:7beba7] [com.apple.containermanager:xpc] Query; euid = 501, uid = 501, class = 1, identifier = [com.DefaultCompany.NeonDrift.run.1782461851.95225](1), flags = 300000002
2026-06-26 16:18:22.745 Df installd[26514:7beba7] (MobileSystemServices) 0x16bd27000 -[MIContainer makeContainerLiveReplacingContainer:reason:waitForDeletion:withError:]: Made container live for com.DefaultCompany.NeonDrift.run.1782461851.95225 at /Users/dragonkao/Library/Developer/CoreSimulator/Devices/115FDF0C-5A2F-4686-909B-7F43F1450A28/data/Containers/Bundle/Application/AFCC214A-6213-4A25-AD24-39E70CEC8EE1
2026-06-26 16:18:22.746 Df containermanagerd[13188:763a70] [com.apple.containermanager:codesignmapping] Reconciled [com.DefaultCompany.NeonDrift.run.1782461851.95225]; old app groups: (null), new app groups: (null), old system groups: (null), new system groups: (null)
2026-06-26 16:18:22.746 Df installd[26514:7beba7] [com.apple.containermanager:unspecified] Requesting disk usage; class = 1, identifier = com.DefaultCompany.NeonDrift.run.1782461851.95225
2026-06-26 16:18:22.748 Df installd[26514:7beba7] [com.apple.containermanager:query] Query; euid = 501, uid = 501, class = 7, identifier = [com.DefaultCompany.NeonDrift.run.1782461851.95225](1), flags = 300000001
2026-06-26 16:18:22.748 Df SpringBoard[13125:4bdd22] [com.apple.SpringBoard:Common] termination assertion released for com.DefaultCompany.NeonDrift.run.1782461851.95225 (app not found)
2026-06-26 16:18:22.752 Df installd[26514:7beba7] (MobileSystemServices) 0x16bd27000 -[MILaunchServicesOperationManager _onQueue_addPendingLaunchServicesOperation:error:]: Added pending LS operation <MILaunchServicesRegisterOperation: 57EB4FFB-4C57-46E5-B1A5-62802F061677:59 com.DefaultCompany.NeonDrift.run.1782461851.95225/MIInstallationDomainSystemShared personas:[com.apple.containermanager.primary-persona]>
2026-06-26 16:18:22.753 Df lsd[13177:7ba923] [com.apple.launchservices:appinstallation] Post installation registration: request to register com.DefaultCompany.NeonDrift.run.1782461851.95225, operation 57EB4FFB-4C57-46E5-B1A5-62802F061677, from pid 26514
2026-06-26 16:18:22.753 Df lsd[13177:7ba923] [com.apple.appinstallation:TransactionLog] com.DefaultCompany.NeonDrift.run.1782461851.95225/Unknown Persona:5:4:1:1:Registering bundles via registrant - start
2026-06-26 16:18:22.756 E  lsd[13177:7ba923] [com.apple.launchservices:default] LSStringLocalizer development region en not found in localizations available for bundle file:///Users/dragonkao/Library/Developer/CoreSimulator/Devices/115FDF0C-5A2F-4686-909B-7F43F1450A28/data/Containers/Bundle/Application/AFCC214A-6213-4A25-AD24-39E70CEC8EE1/NeonDrift.run.1782461851.95225.app/
2026-06-26 16:18:22.756 Df lsd[13177:7ba923] [com.apple.appinstallation:TransactionLog] com.DefaultCompany.NeonDrift.run.1782461851.95225/Unknown Persona:5:5:1:1:Building bundle record for app
2026-06-26 16:18:22.756 Df lsd[13177:7ba923] [com.apple.launchservices:appinstallation] No bundles to remove for com.DefaultCompany.NeonDrift.run.1782461851.95225
2026-06-26 16:18:22.756 Df lsd[13177:7ba923] [com.apple.launchservices:appinstallation] Placeholder detected - Flagging bundle com.DefaultCompany.NeonDrift.run.1782461851.95225 incomplete
2026-06-26 16:18:22.756 Df lsd[13177:7ba923] [com.apple.appinstallation:TransactionLog] com.DefaultCompany.NeonDrift.run.1782461851.95225/Unknown Persona:5:5:2:1:Built bundle record for app
2026-06-26 16:18:22.757 Df lsd[13177:7ba923] [com.apple.appinstallation:TransactionLog] com.DefaultCompany.NeonDrift.run.1782461851.95225/Unknown Persona:5:4:2:1:Registered bundle status = success
2026-06-26 16:18:22.757 Df lsd[13177:7ba923] [com.apple.appinstallation:TransactionLog] com.DefaultCompany.NeonDrift.run.1782461851.95225/Unknown Persona:5:4:2:1:Finished registering com.DefaultCompany.NeonDrift.run.1782461851.95225, bundle unit 690
2026-06-26 16:18:22.757 Df lsd[13177:7ba923] [com.apple.launchservices:progress] Sending applicationInstallsDidStart: for (
    "<LSApplicationProxy: 0x1057d8000> com.DefaultCompany.NeonDrift.run.1782461851.95225 file:///Users/dragonkao/Library/Developer/CoreSimulator/Devices/115FDF0C-5A2F-4686-909B-7F43F1450A28/data/Containers/Bundle/Application/AFCC214A-6213-4A25-AD24-39E70CEC8EE1/NeonDrift.run.1782461851.95225.app/ <com.DefaultCompany.NeonDrift.run.1782461851.95225 <placeholder >:1>"
)
2026-06-26 16:18:22.757 Df installd[26514:7beba7] (MobileSystemServices) 0x16bd27000 -[MIJournal purgeJournalEntry:withError:]: Removing journal entry <MIInstallationJournalEntry<0x1050b0780> [com.DefaultCompany.NeonDrift.run.1782461851.95225/com.apple.containermanager.primary-persona/[system-defined]]/MIInstallationDomainSystemShared op:2 phase:JournalPhaseDidRegisterWithLS version:0>
2026-06-26 16:18:22.757 Df lsd[13177:7ba923] [com.apple.launchservices:progress] Created parent progress <NSProgress: com.DefaultCompany.NeonDrift.run.1782461851.95225 phase=InstallingPlaceholder; state=Waiting; finalPhase=Installing; fractionCompleted=0.000000>
2026-06-26 16:18:22.758 Df installd[26514:7beba7] [com.apple.appinstallation:TransactionLog] com.DefaultCompany.NeonDrift.run.1782461851.95225/com.apple.containermanager.primary-persona:7:4:2:1:Success (End) : Install (Placeholder)
2026-06-26 16:18:22.758 Df installd[26514:7beba7] (MobileSystemServices) 0x16bd27000 -[MIInstaller _logOperationCompletionWithStartTime:distributorID:]: Install successful for (Placeholder:com.DefaultCompany.NeonDrift.run.1782461851.95225) [Distributor: (null)]; Staging: 0.00s; Waiting: 0.00s; Preflight/Patch: 0.00s, Verifying: 0.00s; Overall: 0.03s
2026-06-26 16:18:22.758 Df appstored[13277:7bebc4] [com.apple.launchservices:appinstallation] LaunchServices observer: InstallsStarted (
