    "<LSApplicationProxy: 0x103db4600> com.DefaultCompany.NeonDrift file:///Users/dragonkao/Library/Developer/CoreSimulator/Devices/CC47DE7A-8196-4465-A5A5-BB852C9C6C82/data/Containers/Bundle/Application/2AF03615-2A47-40E8-A0FF-2541AEF39224/NeonDrift.app/ <com.DefaultCompany.NeonDrift <installed >:0>"
)
2026-06-24 22:18:21.999 Df clipserviced[58353:fb4a4] [com.apple.launchservices:appinstallation] LaunchServices observer: Will install (
    "<LSApplicationProxy: 0x101dbc000> com.DefaultCompany.NeonDrift file:///Users/dragonkao/Library/Developer/CoreSimulator/Devices/CC47DE7A-8196-4465-A5A5-BB852C9C6C82/data/Containers/Bundle/Application/2AF03615-2A47-40E8-A0FF-2541AEF39224/NeonDrift.app/ <com.DefaultCompany.NeonDrift <installed >:0>"
)
2026-06-24 22:18:22.000 Df healthd[58161:10bcca] [com.apple.launchservices:appinstallation] LaunchServices observer: Will install (
    "<LSApplicationProxy: 0x103a45800> com.DefaultCompany.NeonDrift file:///Users/dragonkao/Library/Developer/CoreSimulator/Devices/CC47DE7A-8196-4465-A5A5-BB852C9C6C82/data/Containers/Bundle/Application/2AF03615-2A47-40E8-A0FF-2541AEF39224/NeonDrift.app/ <com.DefaultCompany.NeonDrift <installed >:0>"
)
2026-06-24 22:18:22.000 Df activitysharingd[58582:fc0db] [com.apple.launchservices:appinstallation] LaunchServices observer: Will install (
    "<LSApplicationProxy: 0x1039b4e40> com.DefaultCompany.NeonDrift file:///Users/dragonkao/Library/Developer/CoreSimulator/Devices/CC47DE7A-8196-4465-A5A5-BB852C9C6C82/data/Containers/Bundle/Application/2AF03615-2A47-40E8-A0FF-2541AEF39224/NeonDrift.app/ <com.DefaultCompany.NeonDrift <installed >:0>"
)
2026-06-24 22:18:22.000 Df webbookmarksd[58211:10b7db] [com.apple.launchservices:appinstallation] LaunchServices observer: Will install (
    "<LSApplicationProxy: 0x1059d0000> com.DefaultCompany.NeonDrift file:///Users/dragonkao/Library/Developer/CoreSimulator/Devices/CC47DE7A-8196-4465-A5A5-BB852C9C6C82/data/Containers/Bundle/Application/2AF03615-2A47-40E8-A0FF-2541AEF39224/NeonDrift.app/ <com.DefaultCompany.NeonDrift <installed >:0>"
)
2026-06-24 22:18:22.000 Df dasd[58177:10b7d9] [com.apple.launchservices:appinstallation] LaunchServices observer: Will install (
    "<LSApplicationProxy: 0x102368000> com.DefaultCompany.NeonDrift file:///Users/dragonkao/Library/Developer/CoreSimulator/Devices/CC47DE7A-8196-4465-A5A5-BB852C9C6C82/data/Containers/Bundle/Application/2AF03615-2A47-40E8-A0FF-2541AEF39224/NeonDrift.app/ <com.DefaultCompany.NeonDrift <installed >:0>"
)
2026-06-24 22:18:22.000 Df SpringBoard[58151:10bc94] [com.apple.launchservices:appinstallation] LaunchServices observer: Will install (
    "<LSApplicationProxy: 0x10bafd980> com.DefaultCompany.NeonDrift file:///Users/dragonkao/Library/Developer/CoreSimulator/Devices/CC47DE7A-8196-4465-A5A5-BB852C9C6C82/data/Containers/Bundle/Application/2AF03615-2A47-40E8-A0FF-2541AEF39224/NeonDrift.app/ <com.DefaultCompany.NeonDrift <installed >:0>"
)
2026-06-24 22:18:22.000 Df nsurlsessiond[58196:10ba73] [com.apple.launchservices:appinstallation] LaunchServices observer: Will install (
    "<LSApplicationProxy: 0x10122cb40> com.DefaultCompany.NeonDrift file:///Users/dragonkao/Library/Developer/CoreSimulator/Devices/CC47DE7A-8196-4465-A5A5-BB852C9C6C82/data/Containers/Bundle/Application/2AF03615-2A47-40E8-A0FF-2541AEF39224/NeonDrift.app/ <com.DefaultCompany.NeonDrift <installed >:0>"
)
2026-06-24 22:18:22.000 Df installd[58314:10bc86] (MobileSystemServices) 0x16d3df000 -[MIClientConnection _doInstallationForURL:identity:domain:options:operationType:completion:]: Install of "/Users/dragonkao/Library/Developer/CoreSimulator/Devices/CC47DE7A-8196-4465-A5A5-BB852C9C6C82/data/Containers/Shared/SystemGroup/systemgroup.com.apple.installcoordinationd/Library/InstallCoordination/PromiseStaging/AC5C79DA-F2AD-4712-8AE0-0F97EE03B2C5/NeonDrift.app" type Developer (LSInstallType = 0, Domain: MIInstallationDomainDefault) requested by installcoordinationd (pid 58312 (501/20))
2026-06-24 22:18:22.001 Df SpringBoard[58151:10bc94] [com.apple.frontboard.ApplicationLibrary:observer] -[FBSApplicationLibrary applicationsWillInstall:] com.DefaultCompany.NeonDrift
2026-06-24 22:18:22.002 Df SpringBoard[58151:fa3c1] [com.apple.launchservices:progress] Got progress <NSProgress: com.DefaultCompany.NeonDrift phase=InstallingPlaceholder; state=Finished; finalPhase=Installing; fractionCompleted=0.000000> for app com.DefaultCompany.NeonDrift,
2026-06-24 22:18:22.002 Df CoreSimulatorBridge[58181:10b753] [com.apple.installcoordination:framework] -[IXAppInstallCoordinator _clientDelegate_didUpdateProgress:forPhase:overallProgress:]: <IXUpdatingAppInstallCoordinator<0x1043e84c0> identity:[com.DefaultCompany.NeonDrift/Invalid/[system-defined]] uuid:67FA0766-E5C0-4286-9761-1FCCD1115A2A creator:InstallCoordination Simple SPI>: Got did update progress delegate with percentComplete 5.000000 phase IXCoordinatorProgressPhaseInstalling overallProgress 62.000000
2026-06-24 22:18:22.002 Df CoreSimulatorBridge[58181:10b753] [com.apple.installcoordination:framework] -[IXAppInstallCoordinator _clientDelegate_didUpdateProgress:forPhase:overallProgress:]: <IXUpdatingAppInstallCoordinator<0x1043e84c0> identity:[com.DefaultCompany.NeonDrift/Invalid/[system-defined]] uuid:67FA0766-E5C0-4286-9761-1FCCD1115A2A creator:InstallCoordination Simple SPI>: Got did update progress delegate with percentComplete 15.000000 phase IXCoordinatorProgressPhaseInstalling overallProgress 66.000000
2026-06-24 22:18:22.002 Df CoreSimulatorBridge[58181:fa675] [com.apple.installcoordination:framework] -[IXAppInstallCoordinator _clientDelegate_didUpdateProgress:forPhase:overallProgress:]_block_invoke: <IXUpdatingAppInstallCoordinator<0x1043e84c0> identity:[com.DefaultCompany.NeonDrift/Invalid/[system-defined]] uuid:67FA0766-E5C0-4286-9761-1FCCD1115A2A creator:InstallCoordination Simple SPI>: Calling selector coordinator:didUpdateProgress:forPhase:overallProgress: on observer <_IXSimpleInstallerDelegate 0x0x1043a6520>
2026-06-24 22:18:22.002 Df CoreSimulatorBridge[58181:10b753] [com.apple.installcoordination:framework] -[IXAppInstallCoordinator _clientDelegate_didUpdateProgress:forPhase:overallProgress:]: <IXUpdatingAppInstallCoordinator<0x1043e84c0> identity:[com.DefaultCompany.NeonDrift/Invalid/[system-defined]] uuid:67FA0766-E5C0-4286-9761-1FCCD1115A2A creator:InstallCoordination Simple SPI>: Got did update progress delegate with percentComplete 20.000000 phase IXCoordinatorProgressPhaseInstalling overallProgress 68.000000
2026-06-24 22:18:22.002 Df CoreSimulatorBridge[58181:fa675] [com.apple.installcoordination:framework] -[IXAppInstallCoordinator _clientDelegate_didUpdateProgress:forPhase:overallProgress:]_block_invoke: <IXUpdatingAppInstallCoordinator<0x1043e84c0> identity:[com.DefaultCompany.NeonDrift/Invalid/[system-defined]] uuid:67FA0766-E5C0-4286-9761-1FCCD1115A2A creator:InstallCoordination Simple SPI>: Calling selector coordinator:didUpdateProgress:forPhase:overallProgress: on observer <_IXSimpleInstallerDelegate 0x0x1043a6520>
2026-06-24 22:18:22.002 Df CoreSimulatorBridge[58181:fa675] [com.apple.installcoordination:framework] -[IXAppInstallCoordinator _clientDelegate_didUpdateProgress:forPhase:overallProgress:]_block_invoke: <IXUpdatingAppInstallCoordinator<0x1043e84c0> identity:[com.DefaultCompany.NeonDrift/Invalid/[system-defined]] uuid:67FA0766-E5C0-4286-9761-1FCCD1115A2A creator:InstallCoordination Simple SPI>: Calling selector coordinator:didUpdateProgress:forPhase:overallProgress: on observer <_IXSimpleInstallerDelegate 0x0x1043a6520>
2026-06-24 22:18:22.004 Df installd[58314:10bc86] [com.apple.containermanager:xpc] Query; euid = 501, uid = 501, class = 1, identifier = [com.DefaultCompany.NeonDrift](1), flags = 300000002
2026-06-24 22:18:22.005 Df installd[58314:10bc86] [com.apple.containermanager:xpc] Query; euid = 501, uid = 501, class = 1, identifier = [com.DefaultCompany.NeonDrift](1), flags = 300000002
2026-06-24 22:18:22.007 Df installd[58314:10bc86] [com.apple.containermanager:xpc] Query; euid = 501, uid = 501, class = 1, identifier = [com.DefaultCompany.NeonDrift](1), flags = 300000002
2026-06-24 22:18:22.007 Df installcoordinationd[58312:10b7ee] [com.apple.installcoordination:daemon] -[IXSCoordinatorProgress setTotalUnitsCompleted:]: Progress for coordinator: [com.DefaultCompany.NeonDrift/Invalid/[system-defined]], Phase: IXCoordinatorProgressPhaseInstalling, Percentage: 20.000000: Attempt to set units completed on finished progress: 20
2026-06-24 22:18:22.007 Df installd[58314:10bc86] [com.apple.containermanager:xpc] Query; euid = 501, uid = 501, class = 1, identifier = [com.DefaultCompany.NeonDrift](1), flags = 300000002
2026-06-24 22:18:22.009 Df installd[58314:10bc86] (MobileSystemServices) 0x16d3df000 -[MIInstaller _installInstallable:containingSymlink:error:]: Installing <MIInstallableBundle ID=com.DefaultCompany.NeonDrift; Persona=com.apple.containermanager.primary-persona, Version=0, ShortVersion=1.0>
2026-06-24 22:18:22.009 Df installd[58314:10bc86] [com.apple.appinstallation:TransactionLog] com.DefaultCompany.NeonDrift/com.apple.containermanager.primary-persona:7:1:1:1:Start : Install (Patch Update)
2026-06-24 22:18:22.009 Df installd[58314:10bc86] (MobileSystemServices) 0x16d3df000 -[MIInstallable applyPatchWithError:]: Attempting Delta patch update of com.DefaultCompany.NeonDrift from 0 (1.0) to 0 (1.0)
2026-06-24 22:18:22.009 Df CoreSimulatorBridge[58181:10b753] [com.apple.installcoordination:framework] -[IXAppInstallCoordinator _clientDelegate_didUpdateProgress:forPhase:overallProgress:]: <IXUpdatingAppInstallCoordinator<0x1043e84c0> identity:[com.DefaultCompany.NeonDrift/Invalid/[system-defined]] uuid:67FA0766-E5C0-4286-9761-1FCCD1115A2A creator:InstallCoordination Simple SPI>: Got did update progress delegate with percentComplete 30.000000 phase IXCoordinatorProgressPhaseInstalling overallProgress 72.000000
2026-06-24 22:18:22.009 Df CoreSimulatorBridge[58181:10b753] [com.apple.installcoordination:framework] -[IXAppInstallCoordinator _clientDelegate_didUpdateProgress:forPhase:overallProgress:]: <IXUpdatingAppInstallCoordinator<0x1043e84c0> identity:[com.DefaultCompany.NeonDrift/Invalid/[system-defined]] uuid:67FA0766-E5C0-4286-9761-1FCCD1115A2A creator:InstallCoordination Simple SPI>: Got did update progress delegate with percentComplete 35.000000 phase IXCoordinatorProgressPhaseInstalling overallProgress 74.000000
2026-06-24 22:18:22.009 Df CoreSimulatorBridge[58181:fa675] [com.apple.installcoordination:framework] -[IXAppInstallCoordinator _clientDelegate_didUpdateProgress:forPhase:overallProgress:]_block_invoke: <IXUpdatingAppInstallCoordinator<0x1043e84c0> identity:[com.DefaultCompany.NeonDrift/Invalid/[system-defined]] uuid:67FA0766-E5C0-4286-9761-1FCCD1115A2A creator:InstallCoordination Simple SPI>: Calling selector coordinator:didUpdateProgress:forPhase:overallProgress: on observer <_IXSimpleInstallerDelegate 0x0x1043a6520>
2026-06-24 22:18:22.009 Df CoreSimulatorBridge[58181:fa675] [com.apple.installcoordination:framework] -[IXAppInstallCoordinator _clientDelegate_didUpdateProgress:forPhase:overallProgress:]_block_invoke: <IXUpdatingAppInstallCoordinator<0x1043e84c0> identity:[com.DefaultCompany.NeonDrift/Invalid/[system-defined]] uuid:67FA0766-E5C0-4286-9761-1FCCD1115A2A creator:InstallCoordination Simple SPI>: Calling selector coordinator:didUpdateProgress:forPhase:overallProgress: on observer <_IXSimpleInstallerDelegate 0x0x1043a6520>
2026-06-24 22:18:22.014 Df appprotectiond[58169:10343b] [com.apple.appprotection:server] Received distnoted event <dictionary: 0x105500000> { count = 3, transaction: 0, voucher = 0x10553c820, contents =
	"UserInfo" => <dictionary: 0x105430a80> { count = 2, transaction: 0, voucher = 0x0, contents =
		"isPlaceholder" => <bool: 0x1e704c530>: true
		"bundleIDs" => <array: 0x105434420> { count = 1, capacity = 1, contents =
			0: <string: 0x1054342d0> { string cache = 0x0, length = 28, contents = "com.DefaultCompany.NeonDrift" }
		}
	}
	"Name" => <string: 0x105437840> { string cache = 0x0, length = 46, contents = "com.apple.LaunchServices.applicationRegistered" }
	"XPCEventName" => <string: 0x105436910> { string cache = 0x0, length = 21, contents = "ApplicationRegistered" }
}
2026-06-24 22:18:22.014 Df appprotectiond[58169:10343b] [com.apple.appprotection:server] received note: name = com.apple.LaunchServices.applicationRegistered, object = Optional(AppProtection.DistnotedXPCEventStreamTranslator), userInfo = Optional([AnyHashable("isPlaceholder"): 1, AnyHashable("bundleIDs"): <__NSSingleObjectArrayI 0x1056301d0>(
com.DefaultCompany.NeonDrift
)
])
2026-06-24 22:18:22.014 Df appprotectiond[58169:10343b] [com.apple.appprotection:server] Received distnoted event <dictionary: 0x105500000> { count = 3, transaction: 0, voucher = 0x10553d3b0, contents =
	"UserInfo" => <dictionary: 0x105430a80> { count = 2, transaction: 0, voucher = 0x0, contents =
		"isPlaceholder" => <bool: 0x1e704c530>: true
		"bundleIDs" => <array: 0x105434420> { count = 1, capacity = 1, contents =
			0: <string: 0x1054342d0> { string cache = 0x0, length = 28, contents = "com.DefaultCompany.NeonDrift" }
		}
	}
	"Name" => <string: 0x105437840> { string cache = 0x0, length = 46, contents = "com.apple.LaunchServices.applicationRegistered" }
	"XPCEventName" => <string: 0x105436910> { string cache = 0x0, length = 21, contents = "ApplicationRegistered" }
}
2026-06-24 22:18:22.014 Df appprotectiond[58169:10343b] [com.apple.appprotection:server] received note: name = com.apple.LaunchServices.applicationRegistered, object = Optional(AppProtection.DistnotedXPCEventStreamTranslator), userInfo = Optional([AnyHashable("isPlaceholder"): 1, AnyHashable("bundleIDs"): <__NSSingleObjectArrayI 0x1056301d0>(
com.DefaultCompany.NeonDrift
)
])
2026-06-24 22:18:22.014 Df appprotectiond[58169:10343b] [com.apple.appprotection:server] processing settings authority event: SettingsAuthorityEvent.promotePreferenceFromProvisionalForApplication(com.DefaultCompany.NeonDrift)
2026-06-24 22:18:22.015 Df appprotectiond[58169:10343b] [com.apple.appprotection:server] processing settings authority event: SettingsAuthorityEvent.promotePreferenceFromProvisionalForApplication(com.DefaultCompany.NeonDrift)
2026-06-24 22:18:22.018 Df SpringBoard[58151:fa3c1] [com.apple.frontboard.ApplicationLibrary:sb.placeholder] App placeholder proxies added: (
    "<SBApplicationPlaceholderProxy: 0x12843ca00; com.DefaultCompany.NeonDrift (NeonDrift); LSInstallType: StoreDownload>"
), currentlyKnownExistingPlaceholders: {
}
2026-06-24 22:18:22.018 Df SpringBoard[58151:fa3c1] [com.apple.appinstallation:TransactionLog] com.DefaultCompany.NeonDrift/Unknown Persona:10:0:1:1:Placeholder add BEGIN
2026-06-24 22:18:22.018 Df SpringBoard[58151:fa3c1] [com.apple.SpringBoard:Icon] <<SBLeafIcon:0x10bd20240 [com.DefaultCompany.NeonDrift]>> Changing active data source: <SBApplicationIcon: 0x10bd20240; nodeID: com.DefaultCompany.NeonDrift; bundleID: com.DefaultCompany.NeonDrift>
2026-06-24 22:18:22.019 Df SpringBoard[58151:fa3c1] [com.apple.SpringBoard:Icon] <<SBLeafIcon:0x10bd20240 [com.DefaultCompany.NeonDrift]>> Changing from data souce: com.DefaultCompany.NeonDrift to data source:com.DefaultCompany.NeonDrift.
2026-06-24 22:18:22.019 Df SpringBoard[58151:fa3c1] [com.apple.appinstallation:TransactionLog] com.DefaultCompany.NeonDrift/Unknown Persona:10:1:3:1:Created icon for placeholder.
2026-06-24 22:18:22.020 Df siriactionsd[58217:10bc8d] [com.apple.shortcuts:Daemon] Dispatching XPC event: <distributed notification: com.apple.LaunchServices.applicationRegistered, userInfo: [AnyHashable("isPlaceholder"): 1, AnyHashable("bundleIDs"): <__NSSingleObjectArrayI 0x102211340>(
com.DefaultCompany.NeonDrift
)
]>
2026-06-24 22:18:22.020 Df siriactionsd[58217:10bc8d] [com.apple.shortcuts:XPCEvent] Dispatching XPC event: <distributed notification: com.apple.LaunchServices.applicationRegistered, userInfo: [AnyHashable("isPlaceholder"): 1, AnyHashable("bundleIDs"): <__NSSingleObjectArrayI 0x102211340>(
com.DefaultCompany.NeonDrift
)
]>
2026-06-24 22:18:22.020 Df siriactionsd[58217:10bc8d] [com.apple.shortcuts:Daemon] Firing event: <distributed notification: com.apple.LaunchServices.applicationRegistered, userInfo: [AnyHashable("isPlaceholder"): 1, AnyHashable("bundleIDs"): <__NSSingleObjectArrayI 0x102211340>(
com.DefaultCompany.NeonDrift
)
]>
2026-06-24 22:18:22.020 E  siriactionsd[58217:10bc8d] [com.apple.shortcuts:Daemon] Received an event that we do not have a DaemonTask for: <distributed notification: com.apple.LaunchServices.applicationRegistered, userInfo: [AnyHashable("isPlaceholder"): 1, AnyHashable("bundleIDs"): <__NSSingleObjectArrayI 0x102211340>(
com.DefaultCompany.NeonDrift
)
]>. This is a serious programming error that might lead to missed messages and stuck streams.
2026-06-24 22:18:22.020 Df SpringBoard[58151:fa3c1] [com.apple.frontboard.ApplicationLibrary:sb.placeholder] Placeholders added: (
    "<SBApplicationPlaceholder: 0x126f99110; bundleIdentifier: com.DefaultCompany.NeonDrift; displayName: NeonDrift; progress: 60%; state: Installing; canPromote?: YES>"
), modified: (
), removed: (null)
2026-06-24 22:18:22.020 Df SpringBoard[58151:fa3c1] [com.apple.SpringBoard:Common] termination assertion acquired for com.DefaultCompany.NeonDrift
2026-06-24 22:18:22.020 Df liveactivitiesd[58235:fa689] [com.apple.launchservices:progress] Got progress <NSProgress: com.DefaultCompany.NeonDrift phase=Installing; state=Active; finalPhase=Installing; fractionCompleted=0.600000> for app com.DefaultCompany.NeonDrift,
2026-06-24 22:18:22.020 Df liveactivitiesd[58235:10b7d8] [com.apple.launchservices:progress] #LSInstallProgressList add subscriber: <_NSProgressSubscriber: 0x1043f4660> publishingString: com.DefaultCompany.NeonDrift
2026-06-24 22:18:22.020 Df liveactivitiesd[58235:10b7d8] [com.apple.launchservices:progress] Subscribing to progress for app com.DefaultCompany.NeonDrift,
2026-06-24 22:18:22.022 Df PosterBoard[58255:10bced] [com.apple.launchservices:appinstallation] LaunchServices observer: InstallsStarted (
    "<LSApplicationProxy: 0x109ba4d80> com.DefaultCompany.NeonDrift file:///Users/dragonkao/Library/Developer/CoreSimulator/Devices/CC47DE7A-8196-4465-A5A5-BB852C9C6C82/data/Containers/Bundle/Application/2AF03615-2A47-40E8-A0FF-2541AEF39224/com.apple.mobileinstallation.placeholder/ <com.DefaultCompany.NeonDrift <placeholder >:1>"
)
2026-06-24 22:18:22.022 Df PosterBoard[58255:10bced] [com.apple.launchservices:appinstallation] LaunchServices observer: MetadataUpdate (
    "com.DefaultCompany.NeonDrift"
)
2026-06-24 22:18:22.022 Df SpringBoard[58151:fa3c1] [com.apple.appinstallation:TransactionLog] com.DefaultCompany.NeonDrift/Unknown Persona:10:2:3:1:Reloading icon image.
2026-06-24 22:18:22.023 Df PosterBoard[58255:10bced] [com.apple.launchservices:appinstallation] LaunchServices observer: InstallsStarted (
    "<LSApplicationProxy: 0x109ba61c0> com.DefaultCompany.NeonDrift file:///Users/dragonkao/Library/Developer/CoreSimulator/Devices/CC47DE7A-8196-4465-A5A5-BB852C9C6C82/data/Containers/Bundle/Application/2AF03615-2A47-40E8-A0FF-2541AEF39224/com.apple.mobileinstallation.placeholder/ <com.DefaultCompany.NeonDrift <placeholder >:1>"
)
2026-06-24 22:18:22.023 Df PosterBoard[58255:10bced] [com.apple.launchservices:appinstallation] LaunchServices observer: Will install (
    "<LSApplicationProxy: 0x109ba5680> com.DefaultCompany.NeonDrift file:///Users/dragonkao/Library/Developer/CoreSimulator/Devices/CC47DE7A-8196-4465-A5A5-BB852C9C6C82/data/Containers/Bundle/Application/2AF03615-2A47-40E8-A0FF-2541AEF39224/NeonDrift.app/ <com.DefaultCompany.NeonDrift <installed >:0>"
)
2026-06-24 22:18:22.031 Df installd[58314:10bc86] [com.apple.containermanager:query] Query; euid = 501, uid = 501, class = 4, identifier = [com.DefaultCompany.NeonDrift](1), flags = 300000002
2026-06-24 22:18:22.031 Df CoreSimulatorBridge[58181:10b753] [com.apple.installcoordination:framework] -[IXAppInstallCoordinator _clientDelegate_didUpdateProgress:forPhase:overallProgress:]: <IXUpdatingAppInstallCoordinator<0x1043e84c0> identity:[com.DefaultCompany.NeonDrift/Invalid/[system-defined]] uuid:67FA0766-E5C0-4286-9761-1FCCD1115A2A creator:InstallCoordination Simple SPI>: Got did update progress delegate with percentComplete 40.000000 phase IXCoordinatorProgressPhaseInstalling overallProgress 76.000000
2026-06-24 22:18:22.031 Df CoreSimulatorBridge[58181:10b753] [com.apple.installcoordination:framework] -[IXAppInstallCoordinator _clientDelegate_didUpdateProgress:forPhase:overallProgress:]_block_invoke: <IXUpdatingAppInstallCoordinator<0x1043e84c0> identity:[com.DefaultCompany.NeonDrift/Invalid/[system-defined]] uuid:67FA0766-E5C0-4286-9761-1FCCD1115A2A creator:InstallCoordination Simple SPI>: Calling selector coordinator:didUpdateProgress:forPhase:overallProgress: on observer <_IXSimpleInstallerDelegate 0x0x1043a6520>
2026-06-24 22:18:22.031 Df installd[58314:10bc86] [com.apple.containermanager:query] Query; euid = 501, uid = 501, class = 4, identifier = [com.DefaultCompany.NeonDrift](1), flags = 300000002
2026-06-24 22:18:22.032 Df installd[58314:10bc86] [com.apple.containermanager:xpc] Query; euid = 501, uid = 501, class = 1, identifier = [com.DefaultCompany.NeonDrift](1), flags = 300000003
2026-06-24 22:18:22.032 Df CoreSimulatorBridge[58181:fa675] [com.apple.installcoordination:framework] -[IXAppInstallCoordinator _clientDelegate_didUpdateProgress:forPhase:overallProgress:]: <IXUpdatingAppInstallCoordinator<0x1043e84c0> identity:[com.DefaultCompany.NeonDrift/Invalid/[system-defined]] uuid:67FA0766-E5C0-4286-9761-1FCCD1115A2A creator:InstallCoordination Simple SPI>: Got did update progress delegate with percentComplete 50.000000 phase IXCoordinatorProgressPhaseInstalling overallProgress 80.000000
2026-06-24 22:18:22.032 Df CoreSimulatorBridge[58181:fa675] [com.apple.installcoordination:framework] -[IXAppInstallCoordinator _clientDelegate_didUpdateProgress:forPhase:overallProgress:]_block_invoke: <IXUpdatingAppInstallCoordinator<0x1043e84c0> identity:[com.DefaultCompany.NeonDrift/Invalid/[system-defined]] uuid:67FA0766-E5C0-4286-9761-1FCCD1115A2A creator:InstallCoordination Simple SPI>: Calling selector coordinator:didUpdateProgress:forPhase:overallProgress: on observer <_IXSimpleInstallerDelegate 0x0x1043a6520>
2026-06-24 22:18:22.032 E  containermanagerd_system[58198:10b7c6] [com.apple.containermanager:schema] [com.DefaultCompany.NeonDrift(1)] Current schema version (1) is newer than the latest (0), ignoring.
2026-06-24 22:18:22.032 Df containermanagerd_system[58198:10b7c6] [com.apple.containermanager:schema] [u 209A5B7A-BA59-457F-8F63-A2B250A18E87:p 00BB15B6-7EE3-47EE-A755-2221635612C6:c com.DefaultCompany.NeonDrift(1):i28193303] Successfully updated schema from (0) → (0), actions count = 0
2026-06-24 22:18:22.033 Df installd[58314:10bc86] [com.apple.containermanager:xpc] Query; euid = 501, uid = 501, class = 1, identifier = [com.DefaultCompany.NeonDrift](1), flags = 300000002
2026-06-24 22:18:22.034 Df CoreSimulatorBridge[58181:10b753] [com.apple.installcoordination:framework] -[IXAppInstallCoordinator _clientDelegate_didUpdateProgress:forPhase:overallProgress:]: <IXUpdatingAppInstallCoordinator<0x1043e84c0> identity:[com.DefaultCompany.NeonDrift/Invalid/[system-defined]] uuid:67FA0766-E5C0-4286-9761-1FCCD1115A2A creator:InstallCoordination Simple SPI>: Got did update progress delegate with percentComplete 60.000000 phase IXCoordinatorProgressPhaseInstalling overallProgress 84.000000
2026-06-24 22:18:22.034 Df CoreSimulatorBridge[58181:10b753] [com.apple.installcoordination:framework] -[IXAppInstallCoordinator _clientDelegate_didUpdateProgress:forPhase:overallProgress:]_block_invoke: <IXUpdatingAppInstallCoordinator<0x1043e84c0> identity:[com.DefaultCompany.NeonDrift/Invalid/[system-defined]] uuid:67FA0766-E5C0-4286-9761-1FCCD1115A2A creator:InstallCoordination Simple SPI>: Calling selector coordinator:didUpdateProgress:forPhase:overallProgress: on observer <_IXSimpleInstallerDelegate 0x0x1043a6520>
2026-06-24 22:18:22.035 Df installd[58314:10bc86] [com.apple.containermanager:query] Query; euid = 501, uid = 501, class = 2, identifier = [com.DefaultCompany.NeonDrift](1), flags = 300000003
2026-06-24 22:18:22.035 Df CoreSimulatorBridge[58181:fa675] [com.apple.installcoordination:framework] -[IXAppInstallCoordinator _clientDelegate_didUpdateProgress:forPhase:overallProgress:]: <IXUpdatingAppInstallCoordinator<0x1043e84c0> identity:[com.DefaultCompany.NeonDrift/Invalid/[system-defined]] uuid:67FA0766-E5C0-4286-9761-1FCCD1115A2A creator:InstallCoordination Simple SPI>: Got did update progress delegate with percentComplete 70.000000 phase IXCoordinatorProgressPhaseInstalling overallProgress 88.000000
2026-06-24 22:18:22.035 Df CoreSimulatorBridge[58181:fa675] [com.apple.installcoordination:framework] -[IXAppInstallCoordinator _clientDelegate_didUpdateProgress:forPhase:overallProgress:]_block_invoke: <IXUpdatingAppInstallCoordinator<0x1043e84c0> identity:[com.DefaultCompany.NeonDrift/Invalid/[system-defined]] uuid:67FA0766-E5C0-4286-9761-1FCCD1115A2A creator:InstallCoordination Simple SPI>: Calling selector coordinator:didUpdateProgress:forPhase:overallProgress: on observer <_IXSimpleInstallerDelegate 0x0x1043a6520>
2026-06-24 22:18:22.035 Df installd[58314:10bc86] [com.apple.containermanager:query] Query; euid = 501, uid = 501, class = 2, identifier = [com.DefaultCompany.NeonDrift](1), flags = 300000002
2026-06-24 22:18:22.042 Df dmd[58256:fa6c7] Received xpc stream event (distributed notification matching) with name: com.apple.LaunchServices.applicationRegistered user info: {
    bundleIDs =     (
        "com.DefaultCompany.NeonDrift"
    );
    isPlaceholder = 1;
}
2026-06-24 22:18:22.043 Df CoreSimulatorBridge[58181:10b753] [com.apple.installcoordination:framework] -[IXAppInstallCoordinator _clientDelegate_didUpdateProgress:forPhase:overallProgress:]: <IXUpdatingAppInstallCoordinator<0x1043e84c0> identity:[com.DefaultCompany.NeonDrift/Invalid/[system-defined]] uuid:67FA0766-E5C0-4286-9761-1FCCD1115A2A creator:InstallCoordination Simple SPI>: Got did update progress delegate with percentComplete 80.000000 phase IXCoordinatorProgressPhaseInstalling overallProgress 92.000000
2026-06-24 22:18:22.043 Df CoreSimulatorBridge[58181:10b753] [com.apple.installcoordination:framework] -[IXAppInstallCoordinator _clientDelegate_didUpdateProgress:forPhase:overallProgress:]_block_invoke: <IXUpdatingAppInstallCoordinator<0x1043e84c0> identity:[com.DefaultCompany.NeonDrift/Invalid/[system-defined]] uuid:67FA0766-E5C0-4286-9761-1FCCD1115A2A creator:InstallCoordination Simple SPI>: Calling selector coordinator:didUpdateProgress:forPhase:overallProgress: on observer <_IXSimpleInstallerDelegate 0x0x1043a6520>
2026-06-24 22:18:22.043 Df installd[58314:10bc86] (MobileSystemServices) 0x16d3df000 -[MIInstallationJournalEntry _refreshUUIDForContainer:withError:]: Data container for com.DefaultCompany.NeonDrift is now at /Users/dragonkao/Library/Developer/CoreSimulator/Devices/CC47DE7A-8196-4465-A5A5-BB852C9C6C82/data/Containers/Data/Application/E635FD26-721B-4262-AFB4-29CD600775AE
2026-06-24 22:18:22.044 Df containermanagerd[58230:faa8a] [com.apple.containermanager:schema] [u 815BD00E-79CD-4463-AD29-B14C41CCA58C:p E635FD26-721B-4262-AFB4-29CD600775AE:c com.DefaultCompany.NeonDrift(2):i0] Successfully updated schema from (0) → (1), actions count = 6
2026-06-24 22:18:22.044 Df installd[58314:10bc86] [com.apple.containermanager:unspecified] Replace; old = [app:com.DefaultCompany.NeonDrift:501::(D773D63F-B443-4A66-8F5F-B87ED8573916)], new = [temp-app:com.DefaultCompany.NeonDrift:501::(209A5B7A-BA59-457F-8F63-A2B250A18E87)]
2026-06-24 22:18:22.047 Df installd[58314:10bc86] [com.apple.containermanager:xpc] Query; euid = 501, uid = 501, class = 1, identifier = [com.DefaultCompany.NeonDrift](1), flags = 300000002
2026-06-24 22:18:22.047 Df installd[58314:10bc86] (MobileSystemServices) 0x16d3df000 -[MIContainer makeContainerLiveReplacingContainer:reason:waitForDeletion:withError:]: Made container live for com.DefaultCompany.NeonDrift at /Users/dragonkao/Library/Developer/CoreSimulator/Devices/CC47DE7A-8196-4465-A5A5-BB852C9C6C82/data/Containers/Bundle/Application/8646F9AE-2803-481E-A669-B6C7D8AC9BDE
2026-06-24 22:18:22.048 Df installd[58314:10bc86] [com.apple.containermanager:xpc] Query; euid = 501, uid = 501, class = 1, identifier = [com.DefaultCompany.NeonDrift](1), flags = 300000002
2026-06-24 22:18:22.048 E  iconservicesagent[58269:10b7fa] [com.apple.iconservices:default] Failed to find resource for /Users/dragonkao/Library/Developer/CoreSimulator/Devices/CC47DE7A-8196-4465-A5A5-BB852C9C6C82/data/Containers/Bundle/Application/2AF03615-2A47-40E8-A0FF-2541AEF39224/NeonDrift.app. IconDictionary: {
    CFBundleIconFiles =     (
        AppIcon60x60
    );
    CFBundleIconName = AppIcon;
} - 12
2026-06-24 22:18:22.048 E  iconservicesagent[58269:10b7fa] [com.apple.iconservices:default] Failed to find icon resources for bundle identifier com.DefaultCompany.NeonDrift - <ISRecordResourceProvider: 0x1058a68a0> - { bundleID: com.DefaultCompany.NeonDrift, URL: file:///Users/dragonkao/Library/Developer/CoreSimulator/Devices/CC47DE7A-8196-4465-A5A5-BB852C9C6C82/data/Containers/Bundle/Application/2AF03615-2A47-40E8-A0FF-2541AEF39224/NeonDrift.app/ } {
    CFBundleIconFiles =     (
        AppIcon60x60
    );
    CFBundleIconName = AppIcon;
}. Creating placeholder provider
2026-06-24 22:18:22.049 Df CoreSimulatorBridge[58181:fa675] [com.apple.installcoordination:framework] -[IXAppInstallCoordinator _clientDelegate_didUpdateProgress:forPhase:overallProgress:]: <IXUpdatingAppInstallCoordinator<0x1043e84c0> identity:[com.DefaultCompany.NeonDrift/Invalid/[system-defined]] uuid:67FA0766-E5C0-4286-9761-1FCCD1115A2A creator:InstallCoordination Simple SPI>: Got did update progress delegate with percentComplete 90.000000 phase IXCoordinatorProgressPhaseInstalling overallProgress 96.000000
2026-06-24 22:18:22.050 Df CoreSimulatorBridge[58181:fa675] [com.apple.installcoordination:framework] -[IXAppInstallCoordinator _clientDelegate_didUpdateProgress:forPhase:overallProgress:]_block_invoke: <IXUpdatingAppInstallCoordinator<0x1043e84c0> identity:[com.DefaultCompany.NeonDrift/Invalid/[system-defined]] uuid:67FA0766-E5C0-4286-9761-1FCCD1115A2A creator:InstallCoordination Simple SPI>: Calling selector coordinator:didUpdateProgress:forPhase:overallProgress: on observer <_IXSimpleInstallerDelegate 0x0x1043a6520>
2026-06-24 22:18:22.050 Df installd[58314:10bc86] [com.apple.containermanager:unspecified] Requesting disk usage; class = 1, identifier = com.DefaultCompany.NeonDrift
2026-06-24 22:18:22.051 Df iconservicesagent[58269:10b7fa] [com.apple.iconservices:default] Resource provider <ISResourceProvider: 0x10a3ac500> for <ISBundleIdentifierIcon 0x10a362b80>BundleID: com.DefaultCompany.NeonDrift digest: 42874F58-5E20-3413-B03E-E8394A098B00 has no record identifiers
2026-06-24 22:18:22.051 Df installd[58314:10bc86] [com.apple.containermanager:query] Query; euid = 501, uid = 501, class = 7, identifier = [com.DefaultCompany.NeonDrift](1), flags = 300000001
2026-06-24 22:18:22.052 Df SpringBoard[58151:fa3c1] [com.apple.SpringBoard:Common] termination assertion released for com.DefaultCompany.NeonDrift
2026-06-24 22:18:22.054 Df installd[58314:10bc86] (MobileSystemServices) 0x16d3df000 -[MILaunchServicesOperationManager _onQueue_addPendingLaunchServicesOperation:error:]: Added pending LS operation <MILaunchServicesRegisterOperation: A33E6F51-DE4D-4974-98FF-DF05F5D49106:10 com.DefaultCompany.NeonDrift/MIInstallationDomainSystemShared personas:[com.apple.containermanager.primary-persona]>
2026-06-24 22:18:22.054 Df lsd[58201:10bccf] [com.apple.launchservices:appinstallation] Post installation registration: request to register com.DefaultCompany.NeonDrift, operation A33E6F51-DE4D-4974-98FF-DF05F5D49106, from pid 58314
2026-06-24 22:18:22.054 Df lsd[58201:10bccf] [com.apple.appinstallation:TransactionLog] com.DefaultCompany.NeonDrift/Unknown Persona:5:4:1:1:Registering bundles via registrant - start
2026-06-24 22:18:22.056 Df lsd[58201:10bccf] [com.apple.appinstallation:TransactionLog] com.DefaultCompany.NeonDrift/Unknown Persona:5:5:1:1:Building bundle record for app
2026-06-24 22:18:22.056 Df lsd[58201:10bccf] [com.apple.launchservices:appinstallation] Removed existing registered placeholder for com.DefaultCompany.NeonDrift
2026-06-24 22:18:22.056 Df lsd[58201:10bccf] [com.apple.launchservices:appinstallation] Removed existing registered bundle for com.DefaultCompany.NeonDrift
2026-06-24 22:18:22.056 Df lsd[58201:10bccf] [com.apple.appinstallation:TransactionLog] com.DefaultCompany.NeonDrift/Unknown Persona:5:5:2:1:Built bundle record for app
2026-06-24 22:18:22.057 Df lsd[58201:10bccf] [com.apple.launchservices:icons] clearAlternateNameForBundleIdentifier: won't clear for com.DefaultCompany.NeonDrift
2026-06-24 22:18:22.057 Df lsd[58201:10bccf] [com.apple.appinstallation:TransactionLog] com.DefaultCompany.NeonDrift/Unknown Persona:5:4:2:1:Registered bundle status = success
2026-06-24 22:18:22.057 Df lsd[58201:10bccf] [com.apple.appinstallation:TransactionLog] com.DefaultCompany.NeonDrift/Unknown Persona:5:4:2:1:Finished registering com.DefaultCompany.NeonDrift, bundle unit 32c
2026-06-24 22:18:22.057 Df lsd[58201:10bca7] [com.apple.launchservices:progress] Installation ended for com.DefaultCompany.NeonDrift with state 5
2026-06-24 22:18:22.057 Df lsd[58201:10bca7] [com.apple.launchservices:progress] Discarding proportions for com.DefaultCompany.NeonDrift
2026-06-24 22:18:22.057 Df liveactivitiesd[58235:fa689] [com.apple.launchservices:progress] Unpublishing progress block called for app com.DefaultCompany.NeonDrift
2026-06-24 22:18:22.057 Df lsd[58201:10bccf] [com.apple.launchservices:progress] Sending applicationsDidInstall: for (
    "<LSApplicationProxy: 0x1057a4000> com.DefaultCompany.NeonDrift file:///Users/dragonkao/Library/Developer/CoreSimulator/Devices/CC47DE7A-8196-4465-A5A5-BB852C9C6C82/data/Containers/Bundle/Application/8646F9AE-2803-481E-A669-B6C7D8AC9BDE/NeonDrift.app/ <com.DefaultCompany.NeonDrift <installed >:0>"
)
2026-06-24 22:18:22.057 Df SpringBoard[58151:fa3c1] [com.apple.launchservices:progress] Unpublishing progress block called for app com.DefaultCompany.NeonDrift
2026-06-24 22:18:22.057 Df liveactivitiesd[58235:10bcc8] [com.apple.launchservices:progress] #LSInstallProgressList remove subscriber: <_NSProgressSubscriber: 0x1043f4660> publishingString: com.DefaultCompany.NeonDrift
2026-06-24 22:18:22.057 Df installd[58314:10bc86] (MobileSystemServices) 0x16d3df000 -[MIJournal purgeJournalEntry:withError:]: Removing journal entry <MIInstallationJournalEntry<0x103ce8a00> [com.DefaultCompany.NeonDrift/com.apple.containermanager.primary-persona/[system-defined]]/MIInstallationDomainSystemShared op:1 phase:JournalPhaseDidRegisterWithLS version:0>
2026-06-24 22:18:22.057 Df SpringBoard[58151:10bca2] [com.apple.launchservices:progress] #LSInstallProgressList remove subscriber: <_NSProgressSubscriber: 0x126f9a0a0> publishingString: com.DefaultCompany.NeonDrift
2026-06-24 22:18:22.057 Df installd[58314:10bc86] [com.apple.appinstallation:TransactionLog] com.DefaultCompany.NeonDrift/com.apple.containermanager.primary-persona:7:1:2:1:Success (End) : Install (Patch Update)
2026-06-24 22:18:22.058 Df installd[58314:10bc86] (MobileSystemServices) 0x16d3df000 -[MIInstaller _logOperationCompletionWithStartTime:distributorID:]: Install successful for (Developer:com.DefaultCompany.NeonDrift) [Distributor: (null)]; Staging: 0.00s; Waiting: 0.00s; Preflight/Patch: 0.02s, Verifying: 0.00s; Overall: 0.06s
2026-06-24 22:18:22.058 Df gamed[58254:10bcbe] [com.apple.launchservices:appinstallation] Received applicationsDidInstall:(
    "<LSApplicationProxy: 0x105f206c0> com.DefaultCompany.NeonDrift file:///Users/dragonkao/Library/Developer/CoreSimulator/Devices/CC47DE7A-8196-4465-A5A5-BB852C9C6C82/data/Containers/Bundle/Application/8646F9AE-2803-481E-A669-B6C7D8AC9BDE/NeonDrift.app/ <com.DefaultCompany.NeonDrift <installed >:0>"
)
2026-06-24 22:18:22.058 Df routined[58159:10b81a] [com.apple.launchservices:appinstallation] Received applicationsDidInstall:(
    "<LSApplicationProxy: 0x103fb09c0> com.DefaultCompany.NeonDrift file:///Users/dragonkao/Library/Developer/CoreSimulator/Devices/CC47DE7A-8196-4465-A5A5-BB852C9C6C82/data/Containers/Bundle/Application/8646F9AE-2803-481E-A669-B6C7D8AC9BDE/NeonDrift.app/ <com.DefaultCompany.NeonDrift <installed >:0>"
)
2026-06-24 22:18:22.058 Df deviceaccessd[58283:10bcbf] [com.apple.launchservices:appinstallation] Received applicationsDidInstall:(
    "<LSApplicationProxy: 0x101d74000> com.DefaultCompany.NeonDrift file:///Users/dragonkao/Library/Developer/CoreSimulator/Devices/CC47DE7A-8196-4465-A5A5-BB852C9C6C82/data/Containers/Bundle/Application/8646F9AE-2803-481E-A669-B6C7D8AC9BDE/NeonDrift.app/ <com.DefaultCompany.NeonDrift <installed >:0>"
)
2026-06-24 22:18:22.058 Df activityawardsd[58376:10b819] [com.apple.launchservices:appinstallation] Received applicationsDidInstall:(
    "<LSApplicationProxy: 0x1039446c0> com.DefaultCompany.NeonDrift file:///Users/dragonkao/Library/Developer/CoreSimulator/Devices/CC47DE7A-8196-4465-A5A5-BB852C9C6C82/data/Containers/Bundle/Application/8646F9AE-2803-481E-A669-B6C7D8AC9BDE/NeonDrift.app/ <com.DefaultCompany.NeonDrift <installed >:0>"
)
2026-06-24 22:18:22.058 Df mobiletimerd[58166:10bcc2] [com.apple.launchservices:appinstallation] Received applicationsDidInstall:(
    "<LSApplicationProxy: 0x101670840> com.DefaultCompany.NeonDrift file:///Users/dragonkao/Library/Developer/CoreSimulator/Devices/CC47DE7A-8196-4465-A5A5-BB852C9C6C82/data/Containers/Bundle/Application/8646F9AE-2803-481E-A669-B6C7D8AC9BDE/NeonDrift.app/ <com.DefaultCompany.NeonDrift <installed >:0>"
)
2026-06-24 22:18:22.059 Df passd[58180:103416] [com.apple.launchservices:appinstallation] Received applicationsDidInstall:(
    "<LSApplicationProxy: 0x106cb58c0> com.DefaultCompany.NeonDrift file:///Users/dragonkao/Library/Developer/CoreSimulator/Devices/CC47DE7A-8196-4465-A5A5-BB852C9C6C82/data/Containers/Bundle/Application/8646F9AE-2803-481E-A669-B6C7D8AC9BDE/NeonDrift.app/ <com.DefaultCompany.NeonDrift <installed >:0>"
)
2026-06-24 22:18:22.059 Df installcoordinationd[58312:10bc4a] [com.apple.installcoordination:daemon] -[IXSPendingOperationsTracker endPendingOperationForIdentity:]_block_invoke: Ending pending operation for [com.DefaultCompany.NeonDrift/Invalid/[system-defined]]
2026-06-24 22:18:22.059 Df financed[58214:10bcc3] [com.apple.launchservices:appinstallation] Received applicationsDidInstall:(
    "<LSApplicationProxy: 0x1062e7480> com.DefaultCompany.NeonDrift file:///Users/dragonkao/Library/Developer/CoreSimulator/Devices/CC47DE7A-8196-4465-A5A5-BB852C9C6C82/data/Containers/Bundle/Application/8646F9AE-2803-481E-A669-B6C7D8AC9BDE/NeonDrift.app/ <com.DefaultCompany.NeonDrift <installed >:0>"
)
2026-06-24 22:18:22.059 Df donotdisturbd[58200:10bc9d] [com.apple.launchservices:appinstallation] Received applicationsDidInstall:(
    "<LSApplicationProxy: 0x1021fd440> com.DefaultCompany.NeonDrift file:///Users/dragonkao/Library/Developer/CoreSimulator/Devices/CC47DE7A-8196-4465-A5A5-BB852C9C6C82/data/Containers/Bundle/Application/8646F9AE-2803-481E-A669-B6C7D8AC9BDE/NeonDrift.app/ <com.DefaultCompany.NeonDrift <installed >:0>"
)
2026-06-24 22:18:22.059 Df profiled[58259:10bcc5] [com.apple.launchservices:appinstallation] Received applicationsDidInstall:(
    "<LSApplicationProxy: 0x103bf0000> com.DefaultCompany.NeonDrift file:///Users/dragonkao/Library/Developer/CoreSimulator/Devices/CC47DE7A-8196-4465-A5A5-BB852C9C6C82/data/Containers/Bundle/Application/8646F9AE-2803-481E-A669-B6C7D8AC9BDE/NeonDrift.app/ <com.DefaultCompany.NeonDrift <installed >:0>"
)
2026-06-24 22:18:22.059 Df locationd[58175:103a86] [com.apple.launchservices:appinstallation] Received applicationsDidInstall:(
    "<LSApplicationProxy: 0x105b88480> com.DefaultCompany.NeonDrift file:///Users/dragonkao/Library/Developer/CoreSimulator/Devices/CC47DE7A-8196-4465-A5A5-BB852C9C6C82/data/Containers/Bundle/Application/8646F9AE-2803-481E-A669-B6C7D8AC9BDE/NeonDrift.app/ <com.DefaultCompany.NeonDrift <installed >:0>"
)
2026-06-24 22:18:22.059 Df homed[58238:10bcc4] [com.apple.launchservices:appinstallation] Received applicationsDidInstall:(
    "<LSApplicationProxy: 0x1099c0d80> com.DefaultCompany.NeonDrift file:///Users/dragonkao/Library/Developer/CoreSimulator/Devices/CC47DE7A-8196-4465-A5A5-BB852C9C6C82/data/Containers/Bundle/Application/8646F9AE-2803-481E-A669-B6C7D8AC9BDE/NeonDrift.app/ <com.DefaultCompany.NeonDrift <installed >:0>"
)
2026-06-24 22:18:22.059 Df CoreSimulatorBridge[58181:fa675] [com.apple.installcoordination:framework] -[IXAppInstallCoordinator _clientDelegate_didUpdateProgress:forPhase:overallProgress:]: <IXUpdatingAppInstallCoordinator<0x1043e84c0> identity:[com.DefaultCompany.NeonDrift/Invalid/[system-defined]] uuid:67FA0766-E5C0-4286-9761-1FCCD1115A2A creator:InstallCoordination Simple SPI>: Got did update progress delegate with percentComplete 100.000000 phase IXCoordinatorProgressPhaseInstalling overallProgress 100.000000
2026-06-24 22:18:22.059 Df CoreSimulatorBridge[58181:fa675] [com.apple.installcoordination:framework] -[IXAppInstallCoordinator _clientDelegate_didUpdateProgress:forPhase:overallProgress:]_block_invoke: <IXUpdatingAppInstallCoordinator<0x1043e84c0> identity:[com.DefaultCompany.NeonDrift/Invalid/[system-defined]] uuid:67FA0766-E5C0-4286-9761-1FCCD1115A2A creator:InstallCoordination Simple SPI>: Calling selector coordinator:didUpdateProgress:forPhase:overallProgress: on observer <_IXSimpleInstallerDelegate 0x0x1043a6520>
2026-06-24 22:18:22.059 Df gamed[58254:10bcbe] [com.apple.appinstallation:TransactionLog] com.DefaultCompany.NeonDrift/Unknown Persona:5:8:3:1:applicationsDidInstall <LSApplicationProxy: 0x105f20b40> com.DefaultCompany.NeonDrift file:///Users/dragonkao/Library/Developer/CoreSimulator/Devices/CC47DE7A-8196-4465-A5A5-BB852C9C6C82/data/Containers/Bundle/Application/8646F9AE-2803-481E-A669-B6C7D8AC9BDE/NeonDrift.app/ <com.DefaultCompany.NeonDrift <installed >:0>
2026-06-24 22:18:22.060 Df liveactivitiesd[58235:10bcc8] [com.apple.launchservices:appinstallation] Received applicationsDidInstall:(
    "<LSApplicationProxy: 0x104281bc0> com.DefaultCompany.NeonDrift file:///Users/dragonkao/Library/Developer/CoreSimulator/Devices/CC47DE7A-8196-4465-A5A5-BB852C9C6C82/data/Containers/Bundle/Application/8646F9AE-2803-481E-A669-B6C7D8AC9BDE/NeonDrift.app/ <com.DefaultCompany.NeonDrift <installed >:0>"
)
2026-06-24 22:18:22.060 Df deviceaccessd[58283:10bcbf] [com.apple.appinstallation:TransactionLog] com.DefaultCompany.NeonDrift/Unknown Persona:5:8:3:1:applicationsDidInstall <LSApplicationProxy: 0x101d740c0> com.DefaultCompany.NeonDrift file:///Users/dragonkao/Library/Developer/CoreSimulator/Devices/CC47DE7A-8196-4465-A5A5-BB852C9C6C82/data/Containers/Bundle/Application/8646F9AE-2803-481E-A669-B6C7D8AC9BDE/NeonDrift.app/ <com.DefaultCompany.NeonDrift <installed >:0>
2026-06-24 22:18:22.060 Df sleepd[58178:10bcc9] [com.apple.launchservices:appinstallation] Received applicationsDidInstall:(
    "<LSApplicationProxy: 0x103670180> com.DefaultCompany.NeonDrift file:///Users/dragonkao/Library/Developer/CoreSimulator/Devices/CC47DE7A-8196-4465-A5A5-BB852C9C6C82/data/Containers/Bundle/Application/8646F9AE-2803-481E-A669-B6C7D8AC9BDE/NeonDrift.app/ <com.DefaultCompany.NeonDrift <installed >:0>"
)
2026-06-24 22:18:22.060 Df usernotificationsd[58240:10341c] [com.apple.launchservices:appinstallation] Received applicationsDidInstall:(
    "<LSApplicationProxy: 0x103db4600> com.DefaultCompany.NeonDrift file:///Users/dragonkao/Library/Developer/CoreSimulator/Devices/CC47DE7A-8196-4465-A5A5-BB852C9C6C82/data/Containers/Bundle/Application/8646F9AE-2803-481E-A669-B6C7D8AC9BDE/NeonDrift.app/ <com.DefaultCompany.NeonDrift <installed >:0>"
)
2026-06-24 22:18:22.060 Df runningboardd[58154:10a8e5] [com.apple.launchservices:appinstallation] Received applicationsDidInstall:(
    "<LSApplicationProxy: 0x1015a4000> com.DefaultCompany.NeonDrift file:///Users/dragonkao/Library/Developer/CoreSimulator/Devices/CC47DE7A-8196-4465-A5A5-BB852C9C6C82/data/Containers/Bundle/Application/8646F9AE-2803-481E-A669-B6C7D8AC9BDE/NeonDrift.app/ <com.DefaultCompany.NeonDrift <installed >:0>"
)
2026-06-24 22:18:22.060 Df installcoordinationd[58312:10bc4a] [com.apple.installcoordination:daemon] -[IXSCoordinatedAppInstall setComplete:]: <IXSCoordinatedAppInstall<0x101a00000> [P=CoreSimulatorBridge (pid 58181)] identifier:[com.DefaultCompany.NeonDrift/Invalid/[system-defined]] uuid:67FA0766-E5C0-4286-9761-1FCCD1115A2A intent:IXCoordinatorIntentUpdating creator/appDRI:InstallCoordination Simple SPI importance:UserWaiting state:IXAppCoordinationStateComplete promise-state:PA2I4> complete!
2026-06-24 22:18:22.060 Df installcoordinationd[58312:10bc4a] [com.apple.installcoordination:daemon] -[IXSPowerAssertion invalidate]: Released power assertion IXPowerAssertion-12-[com.DefaultCompany.NeonDrift/Invalid/[system-defined]]
2026-06-24 22:18:22.060 Df routined[58159:10b81a] [com.apple.appinstallation:TransactionLog] com.DefaultCompany.NeonDrift/Unknown Persona:5:8:3:1:applicationsDidInstall <LSApplicationProxy: 0x103fb1080> com.DefaultCompany.NeonDrift file:///Users/dragonkao/Library/Developer/CoreSimulator/Devices/CC47DE7A-8196-4465-A5A5-BB852C9C6C82/data/Containers/Bundle/Application/8646F9AE-2803-481E-A669-B6C7D8AC9BDE/NeonDrift.app/ <com.DefaultCompany.NeonDrift <installed >:0>
2026-06-24 22:18:22.060 Df mobiletimerd[58166:10bcc2] [com.apple.appinstallation:TransactionLog] com.DefaultCompany.NeonDrift/Unknown Persona:5:8:3:1:applicationsDidInstall <LSApplicationProxy: 0x101670780> com.DefaultCompany.NeonDrift file:///Users/dragonkao/Library/Developer/CoreSimulator/Devices/CC47DE7A-8196-4465-A5A5-BB852C9C6C82/data/Containers/Bundle/Application/8646F9AE-2803-481E-A669-B6C7D8AC9BDE/NeonDrift.app/ <com.DefaultCompany.NeonDrift <installed >:0>
2026-06-24 22:18:22.060 Df lsd[58201:fa4b3] [com.apple.launchservices:progress] unsubscribing from com.DefaultCompany.NeonDrift.Installing as it was unpublished
2026-06-24 22:18:22.060 Df lsd[58201:fa4b3] [com.apple.launchservices:progress] #LSInstallProgressList remove subscriber: <_NSProgressSubscriber: 0x10572f4b0> publishingString: com.DefaultCompany.NeonDrift.Installing
2026-06-24 22:18:22.060 Df callservicesd[58234:10b7f3] [com.apple.launchservices:appinstallation] Received applicationsDidInstall:(
    "<LSApplicationProxy: 0x10698ccc0> com.DefaultCompany.NeonDrift file:///Users/dragonkao/Library/Developer/CoreSimulator/Devices/CC47DE7A-8196-4465-A5A5-BB852C9C6C82/data/Containers/Bundle/Application/8646F9AE-2803-481E-A669-B6C7D8AC9BDE/NeonDrift.app/ <com.DefaultCompany.NeonDrift <installed >:0>"
)
2026-06-24 22:18:22.060 Df activitysharingd[58582:10bccc] [com.apple.launchservices:appinstallation] Received applicationsDidInstall:(
    "<LSApplicationProxy: 0x1039b4e40> com.DefaultCompany.NeonDrift file:///Users/dragonkao/Library/Developer/CoreSimulator/Devices/CC47DE7A-8196-4465-A5A5-BB852C9C6C82/data/Containers/Bundle/Application/8646F9AE-2803-481E-A669-B6C7D8AC9BDE/NeonDrift.app/ <com.DefaultCompany.NeonDrift <installed >:0>"
)
2026-06-24 22:18:22.060 Df deviceaccessd[58283:10b81b] [com.apple.DeviceAccess:DADaemonServer] ### applicationsDidInstall [
    <LSApplicationProxy: 0x101d740c0> com.DefaultCompany.NeonDrift file:///Users/dragonkao/Library/Developer/CoreSimulator/Devices/CC47DE7A-8196-4465-A5A5-BB852C9C6C82/data/Containers/Bundle/Application/8646F9AE-2803-481E-A669-B6C7D8AC9BDE/NeonDrift.app/ <com.DefaultCompany.NeonDrift <installed >:0>
]
2026-06-24 22:18:22.060 Df deviceaccessd[58283:10b81b] [com.apple.DeviceAccess:DADaemonServer] ### applicationsDidInstall com.DefaultCompany.NeonDrift
2026-06-24 22:18:22.060 Df activityawardsd[58376:10b819] [com.apple.appinstallation:TransactionLog] com.DefaultCompany.NeonDrift/Unknown Persona:5:8:3:1:applicationsDidInstall <LSApplicationProxy: 0x103944d80> com.DefaultCompany.NeonDrift file:///Users/dragonkao/Library/Developer/CoreSimulator/Devices/CC47DE7A-8196-4465-A5A5-BB852C9C6C82/data/Containers/Bundle/Application/8646F9AE-2803-481E-A669-B6C7D8AC9BDE/NeonDrift.app/ <com.DefaultCompany.NeonDrift <installed >:0>
2026-06-24 22:18:22.060 Df lsd[58201:10bccf] [com.apple.launchservices:progress] Sent distributed notification com.apple.LaunchServices.applicationRegistered with payload {
    bundleIDs =     (
        "com.DefaultCompany.NeonDrift"
    );
    isPlaceholder = 0;
}
2026-06-24 22:18:22.060 Df clipserviced[58353:fb4a4] [com.apple.launchservices:appinstallation] Received applicationsDidInstall:(
    "<LSApplicationProxy: 0x101dbc000> com.DefaultCompany.NeonDrift file:///Users/dragonkao/Library/Developer/CoreSimulator/Devices/CC47DE7A-8196-4465-A5A5-BB852C9C6C82/data/Containers/Bundle/Application/8646F9AE-2803-481E-A669-B6C7D8AC9BDE/NeonDrift.app/ <com.DefaultCompany.NeonDrift <installed >:0>"
)
2026-06-24 22:18:22.060 Df installcoordinationd[58312:10bc4a] [com.apple.installcoordination:daemon] -[IXSDataPromise decommission]: Decommissioning <IXSPromisedTransferToPath(0x1018fa700) Name:Icon resources for com.DefaultCompany.NeonDrift Creator:InstallCoordination Simple SPI UUID:9E6963F0-5AED-43D6-827F-68B044A6172D Location:[system-defined]>
2026-06-24 22:18:22.060 Df webbookmarksd[58211:10b7db] [com.apple.launchservices:appinstallation] Received applicationsDidInstall:(
    "<LSApplicationProxy: 0x1059d0000> com.DefaultCompany.NeonDrift file:///Users/dragonkao/Library/Developer/CoreSimulator/Devices/CC47DE7A-8196-4465-A5A5-BB852C9C6C82/data/Containers/Bundle/Application/8646F9AE-2803-481E-A669-B6C7D8AC9BDE/NeonDrift.app/ <com.DefaultCompany.NeonDrift <installed >:0>"
)
