2026-06-26 22:40:55.665 Df nanotimekitcompaniond[63405:8aada2] [com.apple.launchservices:appinstallation] LaunchServices observer: InstallsStarted (
    "<LSApplicationProxy: 0x104254000> com.DefaultCompany.NeonDrift.run.1782484808.68182 file:///Users/dragonkao/Library/Developer/CoreSimulator/Devices/CC47DE7A-8196-4465-A5A5-BB852C9C6C82/data/Containers/Bundle/Application/E9F72C6C-E480-46DA-AA3A-E9013581BF54/NeonDrift.run.1782484808.68182.app/ <com.DefaultCompany.NeonDrift.run.1782484808.68182 <placeholder >:1>"
)
2026-06-26 22:40:55.665 Df activityawardsd[63269:8af9f3] [com.apple.launchservices:appinstallation] LaunchServices observer: InstallsStarted (
    "<LSApplicationProxy: 0x106144cc0> com.DefaultCompany.NeonDrift.run.1782484808.68182 file:///Users/dragonkao/Library/Developer/CoreSimulator/Devices/CC47DE7A-8196-4465-A5A5-BB852C9C6C82/data/Containers/Bundle/Application/E9F72C6C-E480-46DA-AA3A-E9013581BF54/NeonDrift.run.1782484808.68182.app/ <com.DefaultCompany.NeonDrift.run.1782484808.68182 <placeholder >:1>"
)
2026-06-26 22:40:55.665 Df activitysharingd[63731:8a9cc4] [com.apple.launchservices:appinstallation] LaunchServices observer: InstallsStarted (
    "<LSApplicationProxy: 0x101db8e40> com.DefaultCompany.NeonDrift.run.1782484808.68182 file:///Users/dragonkao/Library/Developer/CoreSimulator/Devices/CC47DE7A-8196-4465-A5A5-BB852C9C6C82/data/Containers/Bundle/Application/E9F72C6C-E480-46DA-AA3A-E9013581BF54/NeonDrift.run.1782484808.68182.app/ <com.DefaultCompany.NeonDrift.run.1782484808.68182 <placeholder >:1>"
)
2026-06-26 22:40:55.665 Df passd[62840:8aa312] [com.apple.launchservices:appinstallation] LaunchServices observer: InstallsStarted (
    "<LSApplicationProxy: 0x1084b98c0> com.DefaultCompany.NeonDrift.run.1782484808.68182 file:///Users/dragonkao/Library/Developer/CoreSimulator/Devices/CC47DE7A-8196-4465-A5A5-BB852C9C6C82/data/Containers/Bundle/Application/E9F72C6C-E480-46DA-AA3A-E9013581BF54/NeonDrift.run.1782484808.68182.app/ <com.DefaultCompany.NeonDrift.run.1782484808.68182 <placeholder >:1>"
)
2026-06-26 22:40:55.665 Df lsd[62860:8afa1a] [com.apple.launchservices:progress] Using publishing string "com.DefaultCompany.NeonDrift.run.1782484808.68182.Installing" for the first time
2026-06-26 22:40:55.665 Df lsd[62860:8afa1a] [com.apple.launchservices:progress] Updating installPhase for <NSProgress: com.DefaultCompany.NeonDrift.run.1782484808.68182 phase=Loading; state=Active; finalPhase=Installing; fractionCompleted=0.600000> to 1
2026-06-26 22:40:55.665 Df donotdisturbd[62858:8a9530] [com.apple.launchservices:appinstallation] LaunchServices observer: InstallsStarted (
    "<LSApplicationProxy: 0x1061b5500> com.DefaultCompany.NeonDrift.run.1782484808.68182 file:///Users/dragonkao/Library/Developer/CoreSimulator/Devices/CC47DE7A-8196-4465-A5A5-BB852C9C6C82/data/Containers/Bundle/Application/E9F72C6C-E480-46DA-AA3A-E9013581BF54/NeonDrift.run.1782484808.68182.app/ <com.DefaultCompany.NeonDrift.run.1782484808.68182 <placeholder >:1>"
)
2026-06-26 22:40:55.665 Df lsd[62860:8afa1a] [com.apple.launchservices:progress] Parent progress for installation <NSProgress: com.DefaultCompany.NeonDrift.run.1782484808.68182 phase=Installing; state=Active; finalPhase=Installing; fractionCompleted=0.600000>, adding phase 1
2026-06-26 22:40:55.665 Df lsd[62860:8a8493] [com.apple.launchservices:progress] unsubscribing from com.DefaultCompany.NeonDrift.run.1782484808.68182.Loading as it was unpublished
2026-06-26 22:40:55.666 Df lsd[62860:8a8493] [com.apple.launchservices:progress] #LSInstallProgressList remove subscriber: <_NSProgressSubscriber: 0x10331b3c0> publishingString: com.DefaultCompany.NeonDrift.run.1782484808.68182.Loading
2026-06-26 22:40:55.666 Df lsd[62860:8afa1a] [com.apple.launchservices:progress] #LSInstallProgressList add subscriber: <_NSProgressSubscriber: 0x10331bc30> publishingString: com.DefaultCompany.NeonDrift.run.1782484808.68182.Installing
2026-06-26 22:40:55.666 Df lsd[62860:8afa1a] [com.apple.launchservices:progress] Subscribing to com.DefaultCompany.NeonDrift.run.1782484808.68182.Installing
2026-06-26 22:40:55.666 Df installcoordinationd[63056:8af9c1] [com.apple.launchservices:progress] Published install progress <NSProgress: com.DefaultCompany.NeonDrift.run.1782484808.68182.Installing phase=Installing; state=Waiting; finalPhase=Installing; fractionCompleted=0.000000>
2026-06-26 22:40:55.666 Df clipserviced[63330:8ac8b9] [com.apple.launchservices:appinstallation] LaunchServices observer: InstallsStarted (
    "<LSApplicationProxy: 0x1039a4000> com.DefaultCompany.NeonDrift.run.1782484808.68182 file:///Users/dragonkao/Library/Developer/CoreSimulator/Devices/CC47DE7A-8196-4465-A5A5-BB852C9C6C82/data/Containers/Bundle/Application/E9F72C6C-E480-46DA-AA3A-E9013581BF54/NeonDrift.run.1782484808.68182.app/ <com.DefaultCompany.NeonDrift.run.1782484808.68182 <placeholder >:1>"
)
2026-06-26 22:40:55.666 Df lsd[62860:8afa17] [com.apple.launchservices:progress] Sent distributed notification com.apple.LaunchServices.applicationRegistered with payload {
    bundleIDs =     (
        "com.DefaultCompany.NeonDrift.run.1782484808.68182"
    );
    isPlaceholder = 1;
}
2026-06-26 22:40:55.666 Df runningboardd[62814:8af9cc] [com.apple.launchservices:appinstallation] LaunchServices observer: InstallsStarted (
    "<LSApplicationProxy: 0x1055a4000> com.DefaultCompany.NeonDrift.run.1782484808.68182 file:///Users/dragonkao/Library/Developer/CoreSimulator/Devices/CC47DE7A-8196-4465-A5A5-BB852C9C6C82/data/Containers/Bundle/Application/E9F72C6C-E480-46DA-AA3A-E9013581BF54/NeonDrift.run.1782484808.68182.app/ <com.DefaultCompany.NeonDrift.run.1782484808.68182 <placeholder >:1>"
)
2026-06-26 22:40:55.666 Df profiled[62891:8ac519] [com.apple.launchservices:appinstallation] LaunchServices observer: InstallsStarted (
    "<LSApplicationProxy: 0x106014000> com.DefaultCompany.NeonDrift.run.1782484808.68182 file:///Users/dragonkao/Library/Developer/CoreSimulator/Devices/CC47DE7A-8196-4465-A5A5-BB852C9C6C82/data/Containers/Bundle/Application/E9F72C6C-E480-46DA-AA3A-E9013581BF54/NeonDrift.run.1782484808.68182.app/ <com.DefaultCompany.NeonDrift.run.1782484808.68182 <placeholder >:1>"
)
2026-06-26 22:40:55.666 Df installd[63129:8a8ea3] (MobileSystemServices) 0x16f5a3000 -[MIClientConnection _doInstallationForURL:identity:domain:options:operationType:completion:]: Install of "/Users/dragonkao/Library/Developer/CoreSimulator/Devices/CC47DE7A-8196-4465-A5A5-BB852C9C6C82/data/Containers/Shared/SystemGroup/systemgroup.com.apple.installcoordinationd/Library/InstallCoordination/PromiseStaging/5EF4C182-B522-44A9-8FC8-F101FADC928B/NeonDrift.run.1782484808.68182.app" type Developer (LSInstallType = 0, Domain: MIInstallationDomainDefault) requested by installcoordinationd (pid 63056 (501/20))
2026-06-26 22:40:55.666 Df healthd[62821:8afa13] [com.apple.launchservices:appinstallation] LaunchServices observer: InstallsStarted (
    "<LSApplicationProxy: 0x105e59200> com.DefaultCompany.NeonDrift.run.1782484808.68182 file:///Users/dragonkao/Library/Developer/CoreSimulator/Devices/CC47DE7A-8196-4465-A5A5-BB852C9C6C82/data/Containers/Bundle/Application/E9F72C6C-E480-46DA-AA3A-E9013581BF54/NeonDrift.run.1782484808.68182.app/ <com.DefaultCompany.NeonDrift.run.1782484808.68182 <placeholder >:1>"
)
2026-06-26 22:40:55.668 Df PosterBoard[62989:8afa28] [com.apple.launchservices:appinstallation] LaunchServices observer: InstallsStarted (
    "<LSApplicationProxy: 0x108a80240> com.DefaultCompany.NeonDrift.run.1782484808.68182 file:///Users/dragonkao/Library/Developer/CoreSimulator/Devices/CC47DE7A-8196-4465-A5A5-BB852C9C6C82/data/Containers/Bundle/Application/E9F72C6C-E480-46DA-AA3A-E9013581BF54/NeonDrift.run.1782484808.68182.app/ <com.DefaultCompany.NeonDrift.run.1782484808.68182 <placeholder >:1>"
)
2026-06-26 22:40:55.668 Df dmd[62967:8a8939] Received xpc stream event (distributed notification matching) with name: com.apple.LaunchServices.applicationRegistered user info: {
    bundleIDs =     (
        "com.DefaultCompany.NeonDrift.run.1782484808.68182"
    );
    isPlaceholder = 1;
}
2026-06-26 22:40:55.670 Df CoreSimulatorBridge[62841:8af9c2] [com.apple.installcoordination:framework] -[IXAppInstallCoordinator _clientDelegate_didUpdateProgress:forPhase:overallProgress:]: <IXInitiatingAppInstallCoordinator<0x106091880> identity:[com.DefaultCompany.NeonDrift.run.1782484808.68182/Invalid/[system-defined]] uuid:EB186AB4-0CC3-4142-BCAD-FED81542AA3D creator:InstallCoordination Simple SPI>: Got did update progress delegate with percentComplete 5.000000 phase IXCoordinatorProgressPhaseInstalling overallProgress 62.000000
2026-06-26 22:40:55.670 Df CoreSimulatorBridge[62841:8af9c2] [com.apple.installcoordination:framework] -[IXAppInstallCoordinator _clientDelegate_didUpdateProgress:forPhase:overallProgress:]: <IXInitiatingAppInstallCoordinator<0x106091880> identity:[com.DefaultCompany.NeonDrift.run.1782484808.68182/Invalid/[system-defined]] uuid:EB186AB4-0CC3-4142-BCAD-FED81542AA3D creator:InstallCoordination Simple SPI>: Got did update progress delegate with percentComplete 15.000000 phase IXCoordinatorProgressPhaseInstalling overallProgress 66.000000
2026-06-26 22:40:55.670 Df CoreSimulatorBridge[62841:8af9c0] [com.apple.installcoordination:framework] -[IXAppInstallCoordinator _clientDelegate_didUpdateProgress:forPhase:overallProgress:]_block_invoke: <IXInitiatingAppInstallCoordinator<0x106091880> identity:[com.DefaultCompany.NeonDrift.run.1782484808.68182/Invalid/[system-defined]] uuid:EB186AB4-0CC3-4142-BCAD-FED81542AA3D creator:InstallCoordination Simple SPI>: Calling selector coordinator:didUpdateProgress:forPhase:overallProgress: on observer <_IXSimpleInstallerDelegate 0x0x10605bbd0>
2026-06-26 22:40:55.670 Df CoreSimulatorBridge[62841:8af9c0] [com.apple.installcoordination:framework] -[IXAppInstallCoordinator _clientDelegate_didUpdateProgress:forPhase:overallProgress:]_block_invoke: <IXInitiatingAppInstallCoordinator<0x106091880> identity:[com.DefaultCompany.NeonDrift.run.1782484808.68182/Invalid/[system-defined]] uuid:EB186AB4-0CC3-4142-BCAD-FED81542AA3D creator:InstallCoordination Simple SPI>: Calling selector coordinator:didUpdateProgress:forPhase:overallProgress: on observer <_IXSimpleInstallerDelegate 0x0x10605bbd0>
2026-06-26 22:40:55.670 Df CoreSimulatorBridge[62841:8af9c2] [com.apple.installcoordination:framework] -[IXAppInstallCoordinator _clientDelegate_didUpdateProgress:forPhase:overallProgress:]: <IXInitiatingAppInstallCoordinator<0x106091880> identity:[com.DefaultCompany.NeonDrift.run.1782484808.68182/Invalid/[system-defined]] uuid:EB186AB4-0CC3-4142-BCAD-FED81542AA3D creator:InstallCoordination Simple SPI>: Got did update progress delegate with percentComplete 20.000000 phase IXCoordinatorProgressPhaseInstalling overallProgress 68.000000
2026-06-26 22:40:55.670 Df CoreSimulatorBridge[62841:8af9c2] [com.apple.installcoordination:framework] -[IXAppInstallCoordinator _clientDelegate_didUpdateProgress:forPhase:overallProgress:]_block_invoke: <IXInitiatingAppInstallCoordinator<0x106091880> identity:[com.DefaultCompany.NeonDrift.run.1782484808.68182/Invalid/[system-defined]] uuid:EB186AB4-0CC3-4142-BCAD-FED81542AA3D creator:InstallCoordination Simple SPI>: Calling selector coordinator:didUpdateProgress:forPhase:overallProgress: on observer <_IXSimpleInstallerDelegate 0x0x10605bbd0>
2026-06-26 22:40:55.672 Df installd[63129:8a8ea3] [com.apple.containermanager:xpc] Query; euid = 501, uid = 501, class = 1, identifier = [com.DefaultCompany.NeonDrift.run.1782484808.68182](1), flags = 300000002
2026-06-26 22:40:55.673 Df installd[63129:8a8ea3] [com.apple.containermanager:xpc] Query; euid = 501, uid = 501, class = 1, identifier = [com.DefaultCompany.NeonDrift.run.1782484808.68182](1), flags = 300000002
2026-06-26 22:40:55.674 Df SpringBoard[62978:8a89b4] [com.apple.appinstallation:TransactionLog] com.DefaultCompany.NeonDrift.run.1782484808.68182/Unknown Persona:10:1:3:1:Created icon for placeholder.
2026-06-26 22:40:55.674 Df SpringBoard[62978:8a89b4] [com.apple.frontboard.ApplicationLibrary:sb.placeholder] Placeholders added: (
    "<SBApplicationPlaceholder: 0x10a411d40; bundleIdentifier: com.DefaultCompany.NeonDrift.run.1782484808.68182; displayName: NeonDrift.run.1782484808.68182>"
), modified: (
), removed: (null)
2026-06-26 22:40:55.674 Df SpringBoard[62978:8a89b4] [com.apple.launchservices:progress] Got progress <NSProgress: com.DefaultCompany.NeonDrift.run.1782484808.68182 phase=InstallingPlaceholder; state=Finished; finalPhase=Installing; fractionCompleted=0.000000> for app com.DefaultCompany.NeonDrift.run.1782484808.68182,
2026-06-26 22:40:55.676 Df installd[63129:8a8ea3] [com.apple.containermanager:xpc] Query; euid = 501, uid = 501, class = 1, identifier = [com.DefaultCompany.NeonDrift.run.1782484808.68182](1), flags = 300000002
2026-06-26 22:40:55.676 Df installcoordinationd[63056:8af9c7] [com.apple.installcoordination:daemon] -[IXSCoordinatorProgress setTotalUnitsCompleted:]: Progress for coordinator: [com.DefaultCompany.NeonDrift.run.1782484808.68182/Invalid/[system-defined]], Phase: IXCoordinatorProgressPhaseInstalling, Percentage: 20.000000: Attempt to set units completed on finished progress: 20
2026-06-26 22:40:55.677 Df installd[63129:8a8ea3] [com.apple.containermanager:xpc] Query; euid = 501, uid = 501, class = 1, identifier = [com.DefaultCompany.NeonDrift.run.1782484808.68182](1), flags = 300000002
2026-06-26 22:40:55.677 Df SpringBoard[62978:8a89b4] [com.apple.appinstallation:TransactionLog] com.DefaultCompany.NeonDrift.run.1782484808.68182/Unknown Persona:10:2:3:1:Reloading icon image.
2026-06-26 22:40:55.678 Df SpringBoard[62978:8a89b4] [com.apple.SpringBoard:Common] termination assertion acquired for com.DefaultCompany.NeonDrift.run.1782484808.68182 (app not found)
2026-06-26 22:40:55.678 Df SpringBoard[62978:8a89b4] [com.apple.appinstallation:TransactionLog] com.DefaultCompany.NeonDrift.run.1782484808.68182/Unknown Persona:10:2:3:1:Reloading icon image.
2026-06-26 22:40:55.679 Df SpringBoard[62978:8a89b4] [com.apple.appinstallation:TransactionLog] com.DefaultCompany.NeonDrift.run.1782484808.68182/Unknown Persona:10:2:3:1:Reloading icon image.
2026-06-26 22:40:55.679 Df installd[63129:8a8ea3] (MobileSystemServices) 0x16f5a3000 -[MIInstaller _installInstallable:containingSymlink:error:]: Installing <MIInstallableBundle ID=com.DefaultCompany.NeonDrift.run.1782484808.68182; Persona=com.apple.containermanager.primary-persona, Version=0, ShortVersion=1.0>
2026-06-26 22:40:55.679 Df installd[63129:8a8ea3] [com.apple.appinstallation:TransactionLog] com.DefaultCompany.NeonDrift.run.1782484808.68182/com.apple.containermanager.primary-persona:7:5:1:1:Start : Install (New)
2026-06-26 22:40:55.680 Df CoreSimulatorBridge[62841:8af9c0] [com.apple.installcoordination:framework] -[IXAppInstallCoordinator _clientDelegate_didUpdateProgress:forPhase:overallProgress:]: <IXInitiatingAppInstallCoordinator<0x106091880> identity:[com.DefaultCompany.NeonDrift.run.1782484808.68182/Invalid/[system-defined]] uuid:EB186AB4-0CC3-4142-BCAD-FED81542AA3D creator:InstallCoordination Simple SPI>: Got did update progress delegate with percentComplete 30.000000 phase IXCoordinatorProgressPhaseInstalling overallProgress 72.000000
2026-06-26 22:40:55.680 Df CoreSimulatorBridge[62841:8af9c0] [com.apple.installcoordination:framework] -[IXAppInstallCoordinator _clientDelegate_didUpdateProgress:forPhase:overallProgress:]_block_invoke: <IXInitiatingAppInstallCoordinator<0x106091880> identity:[com.DefaultCompany.NeonDrift.run.1782484808.68182/Invalid/[system-defined]] uuid:EB186AB4-0CC3-4142-BCAD-FED81542AA3D creator:InstallCoordination Simple SPI>: Calling selector coordinator:didUpdateProgress:forPhase:overallProgress: on observer <_IXSimpleInstallerDelegate 0x0x10605bbd0>
2026-06-26 22:40:55.683 Df installd[63129:8a8ea3] [com.apple.containermanager:query] Query; euid = 501, uid = 501, class = 4, identifier = [com.DefaultCompany.NeonDrift.run.1782484808.68182](1), flags = 300000002
2026-06-26 22:40:55.684 Df CoreSimulatorBridge[62841:8af9c2] [com.apple.installcoordination:framework] -[IXAppInstallCoordinator _clientDelegate_didUpdateProgress:forPhase:overallProgress:]: <IXInitiatingAppInstallCoordinator<0x106091880> identity:[com.DefaultCompany.NeonDrift.run.1782484808.68182/Invalid/[system-defined]] uuid:EB186AB4-0CC3-4142-BCAD-FED81542AA3D creator:InstallCoordination Simple SPI>: Got did update progress delegate with percentComplete 40.000000 phase IXCoordinatorProgressPhaseInstalling overallProgress 76.000000
2026-06-26 22:40:55.684 Df CoreSimulatorBridge[62841:8af9c2] [com.apple.installcoordination:framework] -[IXAppInstallCoordinator _clientDelegate_didUpdateProgress:forPhase:overallProgress:]_block_invoke: <IXInitiatingAppInstallCoordinator<0x106091880> identity:[com.DefaultCompany.NeonDrift.run.1782484808.68182/Invalid/[system-defined]] uuid:EB186AB4-0CC3-4142-BCAD-FED81542AA3D creator:InstallCoordination Simple SPI>: Calling selector coordinator:didUpdateProgress:forPhase:overallProgress: on observer <_IXSimpleInstallerDelegate 0x0x10605bbd0>
2026-06-26 22:40:55.684 Df installd[63129:8a8ea3] [com.apple.containermanager:query] Query; euid = 501, uid = 501, class = 4, identifier = [com.DefaultCompany.NeonDrift.run.1782484808.68182](1), flags = 300000002
2026-06-26 22:40:55.684 Df installd[63129:8a8ea3] [com.apple.containermanager:xpc] Query; euid = 501, uid = 501, class = 1, identifier = [com.DefaultCompany.NeonDrift.run.1782484808.68182](1), flags = 300000003
2026-06-26 22:40:55.684 Df CoreSimulatorBridge[62841:8af9c0] [com.apple.installcoordination:framework] -[IXAppInstallCoordinator _clientDelegate_didUpdateProgress:forPhase:overallProgress:]: <IXInitiatingAppInstallCoordinator<0x106091880> identity:[com.DefaultCompany.NeonDrift.run.1782484808.68182/Invalid/[system-defined]] uuid:EB186AB4-0CC3-4142-BCAD-FED81542AA3D creator:InstallCoordination Simple SPI>: Got did update progress delegate with percentComplete 50.000000 phase IXCoordinatorProgressPhaseInstalling overallProgress 80.000000
2026-06-26 22:40:55.684 Df CoreSimulatorBridge[62841:8af9c0] [com.apple.installcoordination:framework] -[IXAppInstallCoordinator _clientDelegate_didUpdateProgress:forPhase:overallProgress:]_block_invoke: <IXInitiatingAppInstallCoordinator<0x106091880> identity:[com.DefaultCompany.NeonDrift.run.1782484808.68182/Invalid/[system-defined]] uuid:EB186AB4-0CC3-4142-BCAD-FED81542AA3D creator:InstallCoordination Simple SPI>: Calling selector coordinator:didUpdateProgress:forPhase:overallProgress: on observer <_IXSimpleInstallerDelegate 0x0x10605bbd0>
2026-06-26 22:40:55.684 E  containermanagerd_system[62856:8a84ab] [com.apple.containermanager:schema] [com.DefaultCompany.NeonDrift.run.1782484808.68182(1)] Current schema version (1) is newer than the latest (0), ignoring.
2026-06-26 22:40:55.685 Df containermanagerd_system[62856:8a84ab] [com.apple.containermanager:schema] [u D87CBB14-F727-4797-97CF-D932ADAF8C00:p BEFE4D20-F7F0-4B09-A58E-606A51D488F2:c com.DefaultCompany.NeonDrift.run.1782484808.68182(1):i31400794] Successfully updated schema from (0) → (0), actions count = 0
2026-06-26 22:40:55.685 Df installd[63129:8a8ea3] [com.apple.containermanager:xpc] Query; euid = 501, uid = 501, class = 1, identifier = [com.DefaultCompany.NeonDrift.run.1782484808.68182](1), flags = 300000002
2026-06-26 22:40:55.686 Df CoreSimulatorBridge[62841:8af9c2] [com.apple.installcoordination:framework] -[IXAppInstallCoordinator _clientDelegate_didUpdateProgress:forPhase:overallProgress:]: <IXInitiatingAppInstallCoordinator<0x106091880> identity:[com.DefaultCompany.NeonDrift.run.1782484808.68182/Invalid/[system-defined]] uuid:EB186AB4-0CC3-4142-BCAD-FED81542AA3D creator:InstallCoordination Simple SPI>: Got did update progress delegate with percentComplete 60.000000 phase IXCoordinatorProgressPhaseInstalling overallProgress 84.000000
2026-06-26 22:40:55.686 Df CoreSimulatorBridge[62841:8af9c2] [com.apple.installcoordination:framework] -[IXAppInstallCoordinator _clientDelegate_didUpdateProgress:forPhase:overallProgress:]_block_invoke: <IXInitiatingAppInstallCoordinator<0x106091880> identity:[com.DefaultCompany.NeonDrift.run.1782484808.68182/Invalid/[system-defined]] uuid:EB186AB4-0CC3-4142-BCAD-FED81542AA3D creator:InstallCoordination Simple SPI>: Calling selector coordinator:didUpdateProgress:forPhase:overallProgress: on observer <_IXSimpleInstallerDelegate 0x0x10605bbd0>
2026-06-26 22:40:55.688 Df installd[63129:8a8ea3] [com.apple.containermanager:query] Query; euid = 501, uid = 501, class = 2, identifier = [com.DefaultCompany.NeonDrift.run.1782484808.68182](1), flags = 300000003
2026-06-26 22:40:55.688 Df CoreSimulatorBridge[62841:8af9c0] [com.apple.installcoordination:framework] -[IXAppInstallCoordinator _clientDelegate_didUpdateProgress:forPhase:overallProgress:]: <IXInitiatingAppInstallCoordinator<0x106091880> identity:[com.DefaultCompany.NeonDrift.run.1782484808.68182/Invalid/[system-defined]] uuid:EB186AB4-0CC3-4142-BCAD-FED81542AA3D creator:InstallCoordination Simple SPI>: Got did update progress delegate with percentComplete 70.000000 phase IXCoordinatorProgressPhaseInstalling overallProgress 88.000000
2026-06-26 22:40:55.688 Df CoreSimulatorBridge[62841:8af9c0] [com.apple.installcoordination:framework] -[IXAppInstallCoordinator _clientDelegate_didUpdateProgress:forPhase:overallProgress:]_block_invoke: <IXInitiatingAppInstallCoordinator<0x106091880> identity:[com.DefaultCompany.NeonDrift.run.1782484808.68182/Invalid/[system-defined]] uuid:EB186AB4-0CC3-4142-BCAD-FED81542AA3D creator:InstallCoordination Simple SPI>: Calling selector coordinator:didUpdateProgress:forPhase:overallProgress: on observer <_IXSimpleInstallerDelegate 0x0x10605bbd0>
2026-06-26 22:40:55.689 Df installd[63129:8a8ea3] [com.apple.containermanager:query] Query; euid = 501, uid = 501, class = 2, identifier = [com.DefaultCompany.NeonDrift.run.1782484808.68182](1), flags = 300000002
2026-06-26 22:40:55.692 Df appprotectiond[62829:8afa44] [com.apple.appprotection:server] processing settings authority event: SettingsAuthorityEvent.promotePreferenceFromProvisionalForApplication(com.DefaultCompany.NeonDrift.run.1782484808.68182)
2026-06-26 22:40:55.692 Df appprotectiond[62829:8aacd1] [com.apple.appprotection:server] Received distnoted event <dictionary: 0x105900000> { count = 3, transaction: 0, voucher = 0x105948820, contents =
	"UserInfo" => <dictionary: 0x105831140> { count = 2, transaction: 0, voucher = 0x0, contents =
		"isPlaceholder" => <bool: 0x1e704c530>: true
		"bundleIDs" => <array: 0x105837570> { count = 1, capacity = 1, contents =
			0: <string: 0x105836d60> { string cache = 0x0, length = 49, contents = "com.DefaultCompany.NeonDrift.run.1782484808.68182" }
		}
	}
	"Name" => <string: 0x105837390> { string cache = 0x0, length = 46, contents = "com.apple.LaunchServices.applicationRegistered" }
	"XPCEventName" => <string: 0x1058376f0> { string cache = 0x0, length = 21, contents = "ApplicationRegistered" }
}
2026-06-26 22:40:55.692 Df appprotectiond[62829:8aacd1] [com.apple.appprotection:server] received note: name = com.apple.LaunchServices.applicationRegistered, object = Optional(AppProtection.DistnotedXPCEventStreamTranslator), userInfo = Optional([AnyHashable("bundleIDs"): <__NSSingleObjectArrayI 0x1059d80e0>(
com.DefaultCompany.NeonDrift.run.1782484808.68182
)
, AnyHashable("isPlaceholder"): 1])
2026-06-26 22:40:55.692 Df appprotectiond[62829:8afa44] [com.apple.appprotection:server] processing settings authority event: SettingsAuthorityEvent.promotePreferenceFromProvisionalForApplication(com.DefaultCompany.NeonDrift.run.1782484808.68182)
2026-06-26 22:40:55.693 Df siriactionsd[62892:8afa0d] [com.apple.shortcuts:Daemon] Dispatching XPC event: <distributed notification: com.apple.LaunchServices.applicationRegistered, userInfo: [AnyHashable("isPlaceholder"): 1, AnyHashable("bundleIDs"): <__NSSingleObjectArrayI 0x101611a10>(
com.DefaultCompany.NeonDrift.run.1782484808.68182
)
]>
2026-06-26 22:40:55.693 Df siriactionsd[62892:8afa0d] [com.apple.shortcuts:XPCEvent] Dispatching XPC event: <distributed notification: com.apple.LaunchServices.applicationRegistered, userInfo: [AnyHashable("isPlaceholder"): 1, AnyHashable("bundleIDs"): <__NSSingleObjectArrayI 0x101611a10>(
com.DefaultCompany.NeonDrift.run.1782484808.68182
)
]>
2026-06-26 22:40:55.693 Df siriactionsd[62892:8afa0d] [com.apple.shortcuts:Daemon] Firing event: <distributed notification: com.apple.LaunchServices.applicationRegistered, userInfo: [AnyHashable("isPlaceholder"): 1, AnyHashable("bundleIDs"): <__NSSingleObjectArrayI 0x101611a10>(
com.DefaultCompany.NeonDrift.run.1782484808.68182
)
]>
2026-06-26 22:40:55.693 E  siriactionsd[62892:8afa0d] [com.apple.shortcuts:Daemon] Received an event that we do not have a DaemonTask for: <distributed notification: com.apple.LaunchServices.applicationRegistered, userInfo: [AnyHashable("isPlaceholder"): 1, AnyHashable("bundleIDs"): <__NSSingleObjectArrayI 0x101611a10>(
com.DefaultCompany.NeonDrift.run.1782484808.68182
)
]>. This is a serious programming error that might lead to missed messages and stuck streams.
2026-06-26 22:40:55.696 Df CoreSimulatorBridge[62841:8af9c2] [com.apple.installcoordination:framework] -[IXAppInstallCoordinator _clientDelegate_didUpdateProgress:forPhase:overallProgress:]: <IXInitiatingAppInstallCoordinator<0x106091880> identity:[com.DefaultCompany.NeonDrift.run.1782484808.68182/Invalid/[system-defined]] uuid:EB186AB4-0CC3-4142-BCAD-FED81542AA3D creator:InstallCoordination Simple SPI>: Got did update progress delegate with percentComplete 80.000000 phase IXCoordinatorProgressPhaseInstalling overallProgress 92.000000
2026-06-26 22:40:55.696 Df CoreSimulatorBridge[62841:8af9c2] [com.apple.installcoordination:framework] -[IXAppInstallCoordinator _clientDelegate_didUpdateProgress:forPhase:overallProgress:]_block_invoke: <IXInitiatingAppInstallCoordinator<0x106091880> identity:[com.DefaultCompany.NeonDrift.run.1782484808.68182/Invalid/[system-defined]] uuid:EB186AB4-0CC3-4142-BCAD-FED81542AA3D creator:InstallCoordination Simple SPI>: Calling selector coordinator:didUpdateProgress:forPhase:overallProgress: on observer <_IXSimpleInstallerDelegate 0x0x10605bbd0>
2026-06-26 22:40:55.697 Df installd[63129:8a8ea3] (MobileSystemServices) 0x16f5a3000 -[MIInstallationJournalEntry _refreshUUIDForContainer:withError:]: Data container for com.DefaultCompany.NeonDrift.run.1782484808.68182 is now at /Users/dragonkao/Library/Developer/CoreSimulator/Devices/CC47DE7A-8196-4465-A5A5-BB852C9C6C82/data/Containers/Data/Application/D28A974A-AA00-4F8C-9CF5-7B8854062AB2
2026-06-26 22:40:55.697 Df containermanagerd[62871:8a8553] [com.apple.containermanager:schema] [u 7CE8CF15-7BED-4EBE-912E-617CADD00A8C:p D28A974A-AA00-4F8C-9CF5-7B8854062AB2:c com.DefaultCompany.NeonDrift.run.1782484808.68182(2):i0] Successfully updated schema from (0) → (1), actions count = 6
2026-06-26 22:40:55.697 Df installd[63129:8a8ea3] [com.apple.containermanager:unspecified] Replace; old = [app:com.DefaultCompany.NeonDrift.run.1782484808.68182:501::(E1C44153-0F9F-4663-9720-DC9CC7423991)], new = [temp-app:com.DefaultCompany.NeonDrift.run.1782484808.68182:501::(D87CBB14-F727-4797-97CF-D932ADAF8C00)]
2026-06-26 22:40:55.700 Df installd[63129:8a8ea3] [com.apple.containermanager:xpc] Query; euid = 501, uid = 501, class = 1, identifier = [com.DefaultCompany.NeonDrift.run.1782484808.68182](1), flags = 300000002
2026-06-26 22:40:55.701 Df installd[63129:8a8ea3] (MobileSystemServices) 0x16f5a3000 -[MIContainer makeContainerLiveReplacingContainer:reason:waitForDeletion:withError:]: Made container live for com.DefaultCompany.NeonDrift.run.1782484808.68182 at /Users/dragonkao/Library/Developer/CoreSimulator/Devices/CC47DE7A-8196-4465-A5A5-BB852C9C6C82/data/Containers/Bundle/Application/0A268C7B-63E9-4601-98B7-10EC8E440B21
2026-06-26 22:40:55.701 Df installd[63129:8a8ea3] [com.apple.containermanager:xpc] Query; euid = 501, uid = 501, class = 1, identifier = [com.DefaultCompany.NeonDrift.run.1782484808.68182](1), flags = 300000002
2026-06-26 22:40:55.703 Df CoreSimulatorBridge[62841:8af9c0] [com.apple.installcoordination:framework] -[IXAppInstallCoordinator _clientDelegate_didUpdateProgress:forPhase:overallProgress:]: <IXInitiatingAppInstallCoordinator<0x106091880> identity:[com.DefaultCompany.NeonDrift.run.1782484808.68182/Invalid/[system-defined]] uuid:EB186AB4-0CC3-4142-BCAD-FED81542AA3D creator:InstallCoordination Simple SPI>: Got did update progress delegate with percentComplete 90.000000 phase IXCoordinatorProgressPhaseInstalling overallProgress 96.000000
2026-06-26 22:40:55.703 Df CoreSimulatorBridge[62841:8af9c0] [com.apple.installcoordination:framework] -[IXAppInstallCoordinator _clientDelegate_didUpdateProgress:forPhase:overallProgress:]_block_invoke: <IXInitiatingAppInstallCoordinator<0x106091880> identity:[com.DefaultCompany.NeonDrift.run.1782484808.68182/Invalid/[system-defined]] uuid:EB186AB4-0CC3-4142-BCAD-FED81542AA3D creator:InstallCoordination Simple SPI>: Calling selector coordinator:didUpdateProgress:forPhase:overallProgress: on observer <_IXSimpleInstallerDelegate 0x0x10605bbd0>
2026-06-26 22:40:55.703 Df containermanagerd[62871:8a8553] [com.apple.containermanager:codesignmapping] Reconciled [com.DefaultCompany.NeonDrift.run.1782484808.68182]; old app groups: (null), new app groups: (null), old system groups: (null), new system groups: (null)
2026-06-26 22:40:55.703 Df installd[63129:8a8ea3] [com.apple.containermanager:unspecified] Requesting disk usage; class = 1, identifier = com.DefaultCompany.NeonDrift.run.1782484808.68182
2026-06-26 22:40:55.705 Df installd[63129:8a8ea3] [com.apple.containermanager:query] Query; euid = 501, uid = 501, class = 7, identifier = [com.DefaultCompany.NeonDrift.run.1782484808.68182](1), flags = 300000001
2026-06-26 22:40:55.706 Df SpringBoard[62978:8a89b4] [com.apple.SpringBoard:Common] termination assertion released for com.DefaultCompany.NeonDrift.run.1782484808.68182 (app not found)
2026-06-26 22:40:55.709 Df installd[63129:8a8ea3] (MobileSystemServices) 0x16f5a3000 -[MILaunchServicesOperationManager _onQueue_addPendingLaunchServicesOperation:error:]: Added pending LS operation <MILaunchServicesRegisterOperation: 78B2CA01-6572-4C6B-98A6-E1F3F65B9B8C:4 com.DefaultCompany.NeonDrift.run.1782484808.68182/MIInstallationDomainSystemShared personas:[com.apple.containermanager.primary-persona]>
2026-06-26 22:40:55.709 Df lsd[62860:8afa17] [com.apple.launchservices:appinstallation] Post installation registration: request to register com.DefaultCompany.NeonDrift.run.1782484808.68182, operation 78B2CA01-6572-4C6B-98A6-E1F3F65B9B8C, from pid 63129
2026-06-26 22:40:55.709 Df lsd[62860:8afa17] [com.apple.appinstallation:TransactionLog] com.DefaultCompany.NeonDrift.run.1782484808.68182/Unknown Persona:5:4:1:1:Registering bundles via registrant - start
2026-06-26 22:40:55.711 Df lsd[62860:8afa17] [com.apple.appinstallation:TransactionLog] com.DefaultCompany.NeonDrift.run.1782484808.68182/Unknown Persona:5:5:1:1:Building bundle record for app
2026-06-26 22:40:55.711 Df lsd[62860:8afa17] [com.apple.launchservices:appinstallation] Removed existing registered placeholder for com.DefaultCompany.NeonDrift.run.1782484808.68182
2026-06-26 22:40:55.711 Df lsd[62860:8afa17] [com.apple.appinstallation:TransactionLog] com.DefaultCompany.NeonDrift.run.1782484808.68182/Unknown Persona:5:5:2:1:Built bundle record for app
2026-06-26 22:40:55.712 Df lsd[62860:8afa17] [com.apple.launchservices:icons] clearAlternateNameForBundleIdentifier: won't clear for com.DefaultCompany.NeonDrift.run.1782484808.68182
2026-06-26 22:40:55.712 Df lsd[62860:8afa17] [com.apple.appinstallation:TransactionLog] com.DefaultCompany.NeonDrift.run.1782484808.68182/Unknown Persona:5:4:2:1:Registered bundle status = success
2026-06-26 22:40:55.712 Df lsd[62860:8afa17] [com.apple.appinstallation:TransactionLog] com.DefaultCompany.NeonDrift.run.1782484808.68182/Unknown Persona:5:4:2:1:Finished registering com.DefaultCompany.NeonDrift.run.1782484808.68182, bundle unit 46c
2026-06-26 22:40:55.712 Df lsd[62860:8afa15] [com.apple.launchservices:progress] Installation ended for com.DefaultCompany.NeonDrift.run.1782484808.68182 with state 5
2026-06-26 22:40:55.712 Df lsd[62860:8afa15] [com.apple.launchservices:progress] Discarding proportions for com.DefaultCompany.NeonDrift.run.1782484808.68182
2026-06-26 22:40:55.713 Df liveactivitiesd[62864:8a84df] [com.apple.launchservices:progress] Unpublishing progress block called for app com.DefaultCompany.NeonDrift.run.1782484808.68182
2026-06-26 22:40:55.713 Df installd[63129:8a8ea3] (MobileSystemServices) 0x16f5a3000 -[MIJournal purgeJournalEntry:withError:]: Removing journal entry <MIInstallationJournalEntry<0x101ce83c0> [com.DefaultCompany.NeonDrift.run.1782484808.68182/com.apple.containermanager.primary-persona/[system-defined]]/MIInstallationDomainSystemShared op:1 phase:JournalPhaseDidRegisterWithLS version:0>
2026-06-26 22:40:55.713 Df lsd[62860:8afa17] [com.apple.launchservices:progress] Sending applicationsDidInstall: for (
    "<LSApplicationProxy: 0x10333c000> com.DefaultCompany.NeonDrift.run.1782484808.68182 file:///Users/dragonkao/Library/Developer/CoreSimulator/Devices/CC47DE7A-8196-4465-A5A5-BB852C9C6C82/data/Containers/Bundle/Application/0A268C7B-63E9-4601-98B7-10EC8E440B21/NeonDrift.run.1782484808.68182.app/ <com.DefaultCompany.NeonDrift.run.1782484808.68182 <installed >:0>"
)
2026-06-26 22:40:55.713 Df liveactivitiesd[62864:8af9d6] [com.apple.launchservices:progress] #LSInstallProgressList remove subscriber: <_NSProgressSubscriber: 0x101ee31e0> publishingString: com.DefaultCompany.NeonDrift.run.1782484808.68182
2026-06-26 22:40:55.713 Df installd[63129:8a8ea3] [com.apple.appinstallation:TransactionLog] com.DefaultCompany.NeonDrift.run.1782484808.68182/com.apple.containermanager.primary-persona:7:5:2:1:Success (End) : Install (New)
2026-06-26 22:40:55.713 Df installd[63129:8a8ea3] (MobileSystemServices) 0x16f5a3000 -[MIInstaller _logOperationCompletionWithStartTime:distributorID:]: Install successful for (Developer:com.DefaultCompany.NeonDrift.run.1782484808.68182) [Distributor: (null)]; Staging: 0.00s; Waiting: 0.00s; Preflight/Patch: 0.00s, Verifying: 0.00s; Overall: 0.05s
2026-06-26 22:40:55.713 Df locationd[62835:8aeb4d] [com.apple.launchservices:appinstallation] Received applicationsDidInstall:(
    "<LSApplicationProxy: 0x1053806c0> com.DefaultCompany.NeonDrift.run.1782484808.68182 file:///Users/dragonkao/Library/Developer/CoreSimulator/Devices/CC47DE7A-8196-4465-A5A5-BB852C9C6C82/data/Containers/Bundle/Application/0A268C7B-63E9-4601-98B7-10EC8E440B21/NeonDrift.run.1782484808.68182.app/ <com.DefaultCompany.NeonDrift.run.1782484808.68182 <installed >:0>"
)
2026-06-26 22:40:55.713 Df SpringBoard[62978:8a89b4] [com.apple.launchservices:progress] Unpublishing progress block called for app com.DefaultCompany.NeonDrift.run.1782484808.68182
2026-06-26 22:40:55.713 Df routined[62819:8af9f9] [com.apple.launchservices:appinstallation] Received applicationsDidInstall:(
    "<LSApplicationProxy: 0x10516cfc0> com.DefaultCompany.NeonDrift.run.1782484808.68182 file:///Users/dragonkao/Library/Developer/CoreSimulator/Devices/CC47DE7A-8196-4465-A5A5-BB852C9C6C82/data/Containers/Bundle/Application/0A268C7B-63E9-4601-98B7-10EC8E440B21/NeonDrift.run.1782484808.68182.app/ <com.DefaultCompany.NeonDrift.run.1782484808.68182 <installed >:0>"
)
2026-06-26 22:40:55.713 Df SpringBoard[62978:8af0c4] [com.apple.launchservices:progress] #LSInstallProgressList remove subscriber: <_NSProgressSubscriber: 0x10a6d1650> publishingString: com.DefaultCompany.NeonDrift.run.1782484808.68182
2026-06-26 22:40:55.713 Df SpringBoard[62978:8afa3d] [com.apple.launchservices:appinstallation] Received applicationsDidInstall:(
    "<LSApplicationProxy: 0x1281bd380> com.DefaultCompany.NeonDrift.run.1782484808.68182 file:///Users/dragonkao/Library/Developer/CoreSimulator/Devices/CC47DE7A-8196-4465-A5A5-BB852C9C6C82/data/Containers/Bundle/Application/0A268C7B-63E9-4601-98B7-10EC8E440B21/NeonDrift.run.1782484808.68182.app/ <com.DefaultCompany.NeonDrift.run.1782484808.68182 <installed >:0>"
)
2026-06-26 22:40:55.714 Df financed[62899:8af9fc] [com.apple.launchservices:appinstallation] Received applicationsDidInstall:(
    "<LSApplicationProxy: 0x105e3b300> com.DefaultCompany.NeonDrift.run.1782484808.68182 file:///Users/dragonkao/Library/Developer/CoreSimulator/Devices/CC47DE7A-8196-4465-A5A5-BB852C9C6C82/data/Containers/Bundle/Application/0A268C7B-63E9-4601-98B7-10EC8E440B21/NeonDrift.run.1782484808.68182.app/ <com.DefaultCompany.NeonDrift.run.1782484808.68182 <installed >:0>"
)
2026-06-26 22:40:55.714 Df homed[62905:8af9ff] [com.apple.launchservices:appinstallation] Received applicationsDidInstall:(
    "<LSApplicationProxy: 0x1056b0540> com.DefaultCompany.NeonDrift.run.1782484808.68182 file:///Users/dragonkao/Library/Developer/CoreSimulator/Devices/CC47DE7A-8196-4465-A5A5-BB852C9C6C82/data/Containers/Bundle/Application/0A268C7B-63E9-4601-98B7-10EC8E440B21/NeonDrift.run.1782484808.68182.app/ <com.DefaultCompany.NeonDrift.run.1782484808.68182 <installed >:0>"
)
2026-06-26 22:40:55.714 Df appstored[63050:8afa01] [com.apple.launchservices:appinstallation] Received applicationsDidInstall:(
    "<LSApplicationProxy: 0x101ee0000> com.DefaultCompany.NeonDrift.run.1782484808.68182 file:///Users/dragonkao/Library/Developer/CoreSimulator/Devices/CC47DE7A-8196-4465-A5A5-BB852C9C6C82/data/Containers/Bundle/Application/0A268C7B-63E9-4601-98B7-10EC8E440B21/NeonDrift.run.1782484808.68182.app/ <com.DefaultCompany.NeonDrift.run.1782484808.68182 <installed >:0>"
)
2026-06-26 22:40:55.714 Df dasd[62837:8af738] [com.apple.launchservices:appinstallation] Received applicationsDidInstall:(
    "<LSApplicationProxy: 0x102374840> com.DefaultCompany.NeonDrift.run.1782484808.68182 file:///Users/dragonkao/Library/Developer/CoreSimulator/Devices/CC47DE7A-8196-4465-A5A5-BB852C9C6C82/data/Containers/Bundle/Application/0A268C7B-63E9-4601-98B7-10EC8E440B21/NeonDrift.run.1782484808.68182.app/ <com.DefaultCompany.NeonDrift.run.1782484808.68182 <installed >:0>"
)
2026-06-26 22:40:55.714 Df mobiletimerd[62826:8af71c] [com.apple.launchservices:appinstallation] Received applicationsDidInstall:(
    "<LSApplicationProxy: 0x101e586c0> com.DefaultCompany.NeonDrift.run.1782484808.68182 file:///Users/dragonkao/Library/Developer/CoreSimulator/Devices/CC47DE7A-8196-4465-A5A5-BB852C9C6C82/data/Containers/Bundle/Application/0A268C7B-63E9-4601-98B7-10EC8E440B21/NeonDrift.run.1782484808.68182.app/ <com.DefaultCompany.NeonDrift.run.1782484808.68182 <installed >:0>"
)
2026-06-26 22:40:55.715 Df SpringBoard[62978:8af0c4] [com.apple.appinstallation:TransactionLog] com.DefaultCompany.NeonDrift.run.1782484808.68182/Unknown Persona:5:8:3:1:applicationsDidInstall <LSApplicationProxy: 0x10a915e00> com.DefaultCompany.NeonDrift.run.1782484808.68182 file:///Users/dragonkao/Library/Developer/CoreSimulator/Devices/CC47DE7A-8196-4465-A5A5-BB852C9C6C82/data/Containers/Bundle/Application/0A268C7B-63E9-4601-98B7-10EC8E440B21/NeonDrift.run.1782484808.68182.app/ <com.DefaultCompany.NeonDrift.run.1782484808.68182 <installed >:0>
2026-06-26 22:40:55.715 Df installcoordinationd[63056:8af9c7] [com.apple.installcoordination:daemon] -[IXSPendingOperationsTracker endPendingOperationForIdentity:]_block_invoke: Ending pending operation for [com.DefaultCompany.NeonDrift.run.1782484808.68182/Invalid/[system-defined]]
2026-06-26 22:40:55.715 Df locationd[62835:8aeb4d] [com.apple.appinstallation:TransactionLog] com.DefaultCompany.NeonDrift.run.1782484808.68182/Unknown Persona:5:8:3:1:applicationsDidInstall <LSApplicationProxy: 0x105380600> com.DefaultCompany.NeonDrift.run.1782484808.68182 file:///Users/dragonkao/Library/Developer/CoreSimulator/Devices/CC47DE7A-8196-4465-A5A5-BB852C9C6C82/data/Containers/Bundle/Application/0A268C7B-63E9-4601-98B7-10EC8E440B21/NeonDrift.run.1782484808.68182.app/ <com.DefaultCompany.NeonDrift.run.1782484808.68182 <installed >:0>
2026-06-26 22:40:55.715 Df SpringBoard[62978:8af0c4] [com.apple.frontboard.ApplicationLibrary:observer] -[FBSApplicationLibrary applicationsDidInstall:] com.DefaultCompany.NeonDrift.run.1782484808.68182
2026-06-26 22:40:55.715 Df SpringBoard[62978:8af0c4] [com.apple.frontboard.ApplicationLibrary:default] Removed placeholder: <SBApplicationPlaceholderProxy: 0x129195700; com.DefaultCompany.NeonDrift.run.1782484808.68182 (NeonDrift.run.1782484808.68182); LSInstallType: StoreDownload>
2026-06-26 22:40:55.715 Df locationd[62835:8abda0] [com.apple.locationd.Core:Core] {"msg":"#Warning #ClientResolution the passed keyPath is not registered. Resolving to #nullCKP", "InputCKP":icom.DefaultCompany.NeonDrift.run.1782484808.68182:}
2026-06-26 22:40:55.715 Df locationd[62835:8abda0] [com.apple.locationd.Core:Core] {"msg":"AppMonitor - application (un)installation notification", "notification":Installation, "BundleId":com.DefaultCompany.NeonDrift.run.1782484808.68182, "BundlePath":/Users/dragonkao/Library/Developer/CoreSimulator/Devices/CC47DE7A-8196-4465-A5A5-BB852C9C6C82/data/Containers/Bundle/Application/0A268C7B-63E9-4601-98B7-10EC8E440B21/NeonDrift.run.1782484808.68182.app, "ExecutablePath":/Users/dragonkao/Library/Developer/CoreSimulator/Devices/CC47DE7A-8196-4465-A5A5-BB852C9C6C82/data/Containers/Bundle/Application/0A268C7B-63E9-4601-98B7-10EC8E440B21/NeonDrift.run.1782484808.68182.app/NeonDrift.run.1782484808.68182}
2026-06-26 22:40:55.715 Df CoreSimulatorBridge[62841:8af9c0] [com.apple.installcoordination:framework] -[IXAppInstallCoordinator _clientDelegate_didUpdateProgress:forPhase:overallProgress:]: <IXInitiatingAppInstallCoordinator<0x106091880> identity:[com.DefaultCompany.NeonDrift.run.1782484808.68182/Invalid/[system-defined]] uuid:EB186AB4-0CC3-4142-BCAD-FED81542AA3D creator:InstallCoordination Simple SPI>: Got did update progress delegate with percentComplete 100.000000 phase IXCoordinatorProgressPhaseInstalling overallProgress 100.000000
2026-06-26 22:40:55.715 Df SpringBoard[62978:8af0c4] [com.apple.frontboard.ApplicationLibrary:default] Added application: <SBApplicationInfo: 0x1291cc600; com.DefaultCompany.NeonDrift.run.1782484808.68182 (NeonDrift.run.1782484808.68182)>
2026-06-26 22:40:55.715 Df lsd[62860:8a8493] [com.apple.launchservices:progress] unsubscribing from com.DefaultCompany.NeonDrift.run.1782484808.68182.Installing as it was unpublished
2026-06-26 22:40:55.715 Df SpringBoard[62978:8af0c4] [com.apple.SplashBoard:FileManifest] Applications were added. Updating launch images for: (
    "com.DefaultCompany.NeonDrift.run.1782484808.68182"
)
2026-06-26 22:40:55.715 Df lsd[62860:8a8493] [com.apple.launchservices:progress] #LSInstallProgressList remove subscriber: <_NSProgressSubscriber: 0x10331bc30> publishingString: com.DefaultCompany.NeonDrift.run.1782484808.68182.Installing
2026-06-26 22:40:55.715 Df SpringBoard[62978:8a89b4] [com.apple.frontboard.ApplicationLibrary:sb.placeholder] App placeholder proxies installed: (
    "<SBApplicationPlaceholderProxy: 0x129195700; com.DefaultCompany.NeonDrift.run.1782484808.68182 (NeonDrift.run.1782484808.68182); LSInstallType: StoreDownload>"
)
2026-06-26 22:40:55.715 Df SpringBoard[62978:8a89b4] [com.apple.appinstallation:TransactionLog] com.DefaultCompany.NeonDrift.run.1782484808.68182/Unknown Persona:10:4:1:1:Placeholder remove BEGIN
2026-06-26 22:40:55.715 Df CoreSimulatorBridge[62841:8af9c0] [com.apple.installcoordination:framework] -[IXAppInstallCoordinator _clientDelegate_didUpdateProgress:forPhase:overallProgress:]_block_invoke: <IXInitiatingAppInstallCoordinator<0x106091880> identity:[com.DefaultCompany.NeonDrift.run.1782484808.68182/Invalid/[system-defined]] uuid:EB186AB4-0CC3-4142-BCAD-FED81542AA3D creator:InstallCoordination Simple SPI>: Calling selector coordinator:didUpdateProgress:forPhase:overallProgress: on observer <_IXSimpleInstallerDelegate 0x0x10605bbd0>
2026-06-26 22:40:55.715 Df usernotificationsd[62885:8afa04] [com.apple.launchservices:appinstallation] Received applicationsDidInstall:(
    "<LSApplicationProxy: 0x1019b46c0> com.DefaultCompany.NeonDrift.run.1782484808.68182 file:///Users/dragonkao/Library/Developer/CoreSimulator/Devices/CC47DE7A-8196-4465-A5A5-BB852C9C6C82/data/Containers/Bundle/Application/0A268C7B-63E9-4601-98B7-10EC8E440B21/NeonDrift.run.1782484808.68182.app/ <com.DefaultCompany.NeonDrift.run.1782484808.68182 <installed >:0>"
)
2026-06-26 22:40:55.715 Df SpringBoard[62978:8a89b4] [com.apple.appinstallation:TransactionLog] com.DefaultCompany.NeonDrift.run.1782484808.68182/Unknown Persona:10:10:3:1:Application added
2026-06-26 22:40:55.715 Df SpringBoard[62978:8af0c4] [com.apple.SplashBoard:FileManifest] com.DefaultCompany.NeonDrift.run.1782484808.68182 Manifest is empty; purging everything at /Users/dragonkao/Library/Developer/CoreSimulator/Devices/CC47DE7A-8196-4465-A5A5-BB852C9C6C82/data/Containers/Data/Application/D28A974A-AA00-4F8C-9CF5-7B8854062AB2/Library/SplashBoard/Snapshots
2026-06-26 22:40:55.715 Df deviceaccessd[62915:8afa07] [com.apple.launchservices:appinstallation] Received applicationsDidInstall:(
    "<LSApplicationProxy: 0x101574000> com.DefaultCompany.NeonDrift.run.1782484808.68182 file:///Users/dragonkao/Library/Developer/CoreSimulator/Devices/CC47DE7A-8196-4465-A5A5-BB852C9C6C82/data/Containers/Bundle/Application/0A268C7B-63E9-4601-98B7-10EC8E440B21/NeonDrift.run.1782484808.68182.app/ <com.DefaultCompany.NeonDrift.run.1782484808.68182 <installed >:0>"
)
2026-06-26 22:40:55.716 Df routined[62819:8af9f9] [com.apple.appinstallation:TransactionLog] com.DefaultCompany.NeonDrift.run.1782484808.68182/Unknown Persona:5:8:3:1:applicationsDidInstall <LSApplicationProxy: 0x10516ce40> com.DefaultCompany.NeonDrift.run.1782484808.68182 file:///Users/dragonkao/Library/Developer/CoreSimulator/Devices/CC47DE7A-8196-4465-A5A5-BB852C9C6C82/data/Containers/Bundle/Application/0A268C7B-63E9-4601-98B7-10EC8E440B21/NeonDrift.run.1782484808.68182.app/ <com.DefaultCompany.NeonDrift.run.1782484808.68182 <installed >:0>
2026-06-26 22:40:55.716 Df appstored[63050:8afa01] [com.apple.appinstallation:TransactionLog] com.DefaultCompany.NeonDrift.run.1782484808.68182/Unknown Persona:5:8:3:1:applicationsDidInstall <LSApplicationProxy: 0x101ee00c0> com.DefaultCompany.NeonDrift.run.1782484808.68182 file:///Users/dragonkao/Library/Developer/CoreSimulator/Devices/CC47DE7A-8196-4465-A5A5-BB852C9C6C82/data/Containers/Bundle/Application/0A268C7B-63E9-4601-98B7-10EC8E440B21/NeonDrift.run.1782484808.68182.app/ <com.DefaultCompany.NeonDrift.run.1782484808.68182 <installed >:0>
2026-06-26 22:40:55.716 Df dasd[62837:8ad403] [com.apple.appinstallation:TransactionLog] com.DefaultCompany.NeonDrift.run.1782484808.68182/Unknown Persona:5:8:3:1:applicationsDidInstall <LSApplicationProxy: 0x102374900> com.DefaultCompany.NeonDrift.run.1782484808.68182 file:///Users/dragonkao/Library/Developer/CoreSimulator/Devices/CC47DE7A-8196-4465-A5A5-BB852C9C6C82/data/Containers/Bundle/Application/0A268C7B-63E9-4601-98B7-10EC8E440B21/NeonDrift.run.1782484808.68182.app/ <com.DefaultCompany.NeonDrift.run.1782484808.68182 <installed >:0>
2026-06-26 22:40:55.716 Df installcoordinationd[63056:8af9c7] [com.apple.installcoordination:daemon] -[IXSCoordinatedAppInstall setComplete:]: <IXSCoordinatedAppInstall<0x105a08000> [P=CoreSimulatorBridge (pid 62841)] identifier:[com.DefaultCompany.NeonDrift.run.1782484808.68182/Invalid/[system-defined]] uuid:EB186AB4-0CC3-4142-BCAD-FED81542AA3D intent:IXCoordinatorIntentInitiating creator/appDRI:InstallCoordination Simple SPI importance:UserWaiting state:IXAppCoordinationStateComplete promise-state:PA2I4> complete!
2026-06-26 22:40:55.716 Df installcoordinationd[63056:8af9c7] [com.apple.installcoordination:daemon] -[IXSPowerAssertion invalidate]: Released power assertion IXPowerAssertion-12-[com.DefaultCompany.NeonDrift.run.1782484808.68182/Invalid/[system-defined]]
2026-06-26 22:40:55.716 Df financed[62899:8af9fc] [com.apple.appinstallation:TransactionLog] com.DefaultCompany.NeonDrift.run.1782484808.68182/Unknown Persona:5:8:3:1:applicationsDidInstall <LSApplicationProxy: 0x105e3b3c0> com.DefaultCompany.NeonDrift.run.1782484808.68182 file:///Users/dragonkao/Library/Developer/CoreSimulator/Devices/CC47DE7A-8196-4465-A5A5-BB852C9C6C82/data/Containers/Bundle/Application/0A268C7B-63E9-4601-98B7-10EC8E440B21/NeonDrift.run.1782484808.68182.app/ <com.DefaultCompany.NeonDrift.run.1782484808.68182 <installed >:0>
2026-06-26 22:40:55.716 Df liveactivitiesd[62864:8af9d6] [com.apple.launchservices:appinstallation] Received applicationsDidInstall:(
    "<LSApplicationProxy: 0x101e89bc0> com.DefaultCompany.NeonDrift.run.1782484808.68182 file:///Users/dragonkao/Library/Developer/CoreSimulator/Devices/CC47DE7A-8196-4465-A5A5-BB852C9C6C82/data/Containers/Bundle/Application/0A268C7B-63E9-4601-98B7-10EC8E440B21/NeonDrift.run.1782484808.68182.app/ <com.DefaultCompany.NeonDrift.run.1782484808.68182 <installed >:0>"
)
2026-06-26 22:40:55.716 Df installcoordinationd[63056:8af9c7] [com.apple.installcoordination:daemon] -[IXSDataPromise decommission]: Decommissioning <IXSPromisedTransferToPath(0x1058fa300) Name:Icon resources for com.DefaultCompany.NeonDrift.run.1782484808.68182 Creator:InstallCoordination Simple SPI UUID:7DA425DF-E5FC-40EE-A676-80710D73AEA9 Location:[system-defined]>
2026-06-26 22:40:55.716 Df activitysharingd[63731:8a9cc4] [com.apple.launchservices:appinstallation] Received applicationsDidInstall:(
    "<LSApplicationProxy: 0x101db8e40> com.DefaultCompany.NeonDrift.run.1782484808.68182 file:///Users/dragonkao/Library/Developer/CoreSimulator/Devices/CC47DE7A-8196-4465-A5A5-BB852C9C6C82/data/Containers/Bundle/Application/0A268C7B-63E9-4601-98B7-10EC8E440B21/NeonDrift.run.1782484808.68182.app/ <com.DefaultCompany.NeonDrift.run.1782484808.68182 <installed >:0>"
)
