2026-07-11 15:06:09.228 Df CoreSimulatorBridge[21984:2bd9f] [com.apple.installcoordination:framework] -[IXAppInstallCoordinator _clientDelegate_didRegisterForObservation]: <IXUpdatingAppInstallCoordinator<0x106088d40> identity:[com.DefaultCompany.NeonDrift.run.1783753443.20835/Invalid/[system-defined]] uuid:E942D173-53AC-4E10-BD78-164EA1A99B1A creator:InstallCoordination Simple SPI>: Got observer registration delegate
2026-07-11 15:06:09.229 Df CoreSimulatorBridge[21984:2bd9f] [com.apple.installcoordination:framework] -[IXAppInstallCoordinator _clientDelegate_didRegisterForObservation]_block_invoke: <IXUpdatingAppInstallCoordinator<0x106088d40> identity:[com.DefaultCompany.NeonDrift.run.1783753443.20835/Invalid/[system-defined]] uuid:E942D173-53AC-4E10-BD78-164EA1A99B1A creator:InstallCoordination Simple SPI>: Observer <_IXSimpleInstallerDelegate 0x0x106059800> does not respond to coordinatorDidRegisterForObservation:
2026-07-11 15:06:09.229 Df CoreSimulatorBridge[21984:2bd9f] [com.apple.installcoordination:framework] -[IXAppInstallCoordinator _clientDelegate_shouldResume]: <IXUpdatingAppInstallCoordinator<0x106088d40> identity:[com.DefaultCompany.NeonDrift.run.1783753443.20835/Invalid/[system-defined]] uuid:E942D173-53AC-4E10-BD78-164EA1A99B1A creator:InstallCoordination Simple SPI>: Got should resume delegate
2026-07-11 15:06:09.229 Df CoreSimulatorBridge[21984:2bd9f] [com.apple.installcoordination:framework] -[IXAppInstallCoordinator _clientDelegate_shouldResume]_block_invoke: <IXUpdatingAppInstallCoordinator<0x106088d40> identity:[com.DefaultCompany.NeonDrift.run.1783753443.20835/Invalid/[system-defined]] uuid:E942D173-53AC-4E10-BD78-164EA1A99B1A creator:InstallCoordination Simple SPI>: Observer <_IXSimpleInstallerDelegate 0x0x106059800> does not respond to coordinatorShouldResume:
2026-07-11 15:06:09.231 Df installcoordinationd[22100:2c198] [com.apple.installcoordination:daemon] -[IXSCoordinatedAppInstall _internal_setInstallOptionsPromise:performExternalActions:]: <IXSCoordinatedAppInstall<0x105600000> [P=CoreSimulatorBridge (pid 21984)] identifier:[com.DefaultCompany.NeonDrift.run.1783753443.20835/Invalid/[system-defined]] uuid:E942D173-53AC-4E10-BD78-164EA1A99B1A intent:IXCoordinatorIntentUpdating creator/appDRI:InstallCoordination Simple SPI importance:UserWaiting state:IXAppCoordinationStatePlaceholderPromiseNotSet promise-state:012I4> : install options set: <IXSPromisedInMemoryData(0x1054fd800) Name:MIInstallOptions data Creator:Install Coordination Internal UUID:97484FC5-C0BE-4021-9DE3-EA756D7CD778 Location:[system-defined]>
2026-07-11 15:06:09.231 Df installcoordinationd[22100:2c208] [com.apple.installcoordination:daemon] -[IXSCoordinatedAppInstall promiseDidComplete:]: <IXSCoordinatedAppInstall<0x105600000> [P=CoreSimulatorBridge (pid 21984)] identifier:[com.DefaultCompany.NeonDrift.run.1783753443.20835/Invalid/[system-defined]] uuid:E942D173-53AC-4E10-BD78-164EA1A99B1A intent:IXCoordinatorIntentUpdating creator/appDRI:InstallCoordination Simple SPI importance:UserWaiting state:IXAppCoordinationStatePlaceholderPromiseNotSet promise-state:012I4> : Promise completed: <IXSPromisedInMemoryData(0x1054fd800) Name:MIInstallOptions data Creator:Install Coordination Internal UUID:97484FC5-C0BE-4021-9DE3-EA756D7CD778 Location:[system-defined]>
2026-07-11 15:06:09.231 Df installcoordinationd[22100:2c208] [com.apple.appinstallation:TransactionLog] com.DefaultCompany.NeonDrift.run.1783753443.20835/Unknown Persona:4:13:1:1:Install Options Promise began. Coordinator State: IXAppCoordinationStatePlaceholderPromiseNotSet
2026-07-11 15:06:09.231 Df installcoordinationd[22100:2c208] [com.apple.appinstallation:TransactionLog] com.DefaultCompany.NeonDrift.run.1783753443.20835/Unknown Persona:4:13:2:1:Install Options Promise completed. Coordinator State: IXAppCoordinationStatePlaceholderPromiseNotSet
2026-07-11 15:06:09.232 Df installcoordinationd[22100:2c209] [com.apple.installcoordination:daemon] -[IXSCoordinatedAppInstall _internal_setAppAssetPromise:performExternalActions:]: <IXSCoordinatedAppInstall<0x105600000> [P=CoreSimulatorBridge (pid 21984)] identifier:[com.DefaultCompany.NeonDrift.run.1783753443.20835/Invalid/[system-defined]] uuid:E942D173-53AC-4E10-BD78-164EA1A99B1A intent:IXCoordinatorIntentUpdating creator/appDRI:InstallCoordination Simple SPI importance:UserWaiting state:IXAppCoordinationStatePlaceholderPromiseNotSet promise-state:0a2I4> : App Asset Promise set: <IXSPromisedTransferToPath(0x1054fd480) Name:App Asset: com.DefaultCompany.NeonDrift.run.1783753443.20835 Creator:InstallCoordination Simple SPI UUID:DAA716E0-A03E-4B06-8A3D-A4E85598EF09 Location:[system-defined]>
2026-07-11 15:06:09.232 Df installcoordinationd[22100:2c209] [com.apple.installcoordination:daemon] -[IXSCoordinatedAppInstall setInitialODRAssetPromises:]: <IXSCoordinatedAppInstall<0x105600000> [P=CoreSimulatorBridge (pid 21984)] identifier:[com.DefaultCompany.NeonDrift.run.1783753443.20835/Invalid/[system-defined]] uuid:E942D173-53AC-4E10-BD78-164EA1A99B1A intent:IXCoordinatorIntentUpdating creator/appDRI:InstallCoordination Simple SPI importance:UserWaiting state:IXAppCoordinationStatePlaceholderPromiseNotSet promise-state:0a2I4> : Initial ODR Asset Promises set: (
)
2026-07-11 15:06:09.233 Df CoreSimulatorBridge[21984:2bcc1] [com.apple.installcoordination:framework] -[IXPromisedTransferToPath _performDeltaCopyFrom:toDestination:]: Performing delta copy from /Users/dragonkao/.openclaw/workspace/382b9e3384298039b171c9b2a60ae644/NeonDrift_MVP/project/xcode_derived_data/Build/Products/Release-iphonesimulator/NeonDrift.run.1783753443.20835.app to /Users/dragonkao/Library/Developer/CoreSimulator/Devices/CC47DE7A-8196-4465-A5A5-BB852C9C6C82/data/Containers/Shared/SystemGroup/systemgroup.com.apple.installcoordinationd/Library/InstallCoordination/PromiseStaging/DAA716E0-A03E-4B06-8A3D-A4E85598EF09/NeonDrift.run.1783753443.20835.app with installed bundle at /Users/dragonkao/Library/Developer/CoreSimulator/Devices/CC47DE7A-8196-4465-A5A5-BB852C9C6C82/data/Containers/Bundle/Application/77EB4FEE-5703-4A7F-8D8B-5763ACC19B88/NeonDrift.run.1783753443.20835.app
2026-07-11 15:06:09.233 Df CoreSimulatorBridge[21984:2bcc1] (MobileSystemServices) 0x16b0fb000 MDMCreateDeltaDirectory: calling MDMDirectoryDiff with:
state->old_bundle: /Users/dragonkao/Library/Developer/CoreSimulator/Devices/CC47DE7A-8196-4465-A5A5-BB852C9C6C82/data/Containers/Bundle/Application/77EB4FEE-5703-4A7F-8D8B-5763ACC19B88/NeonDrift.run.1783753443.20835.app
state->new_bundle: /Users/dragonkao/.openclaw/workspace/382b9e3384298039b171c9b2a60ae644/NeonDrift_MVP/project/xcode_derived_data/Build/Products/Release-iphonesimulator/NeonDrift.run.1783753443.20835.app
state->dst_bundle: /Users/dragonkao/Library/Developer/CoreSimulator/Devices/CC47DE7A-8196-4465-A5A5-BB852C9C6C82/data/Containers/Shared/SystemGroup/systemgroup.com.apple.installcoordinationd/Library/InstallCoordination/PromiseStaging/DAA716E0-A03E-4B06-8A3D-A4E85598EF09/NeonDrift.run.1783753443.20835.app/Payload//NeonDrift.run.1783753443.20835.app, binaryDiff flag: FALSE
	dst_ipa: /Users/dragonkao/Library/Developer/CoreSimulator/Devices/CC47DE7A-8196-4465-A5A5-BB852C9C6C82/data/Containers/Shared/SystemGroup/systemg<…>
2026-07-11 15:06:09.235 Df CoreSimulatorBridge[21984:2bcc1] [com.apple.installcoordination:framework] -[IXPromisedTransferToPath setComplete:]: <IXPromisedTransferToPath<0x106088fc0> name:"App Asset: com.DefaultCompany.NeonDrift.run.1783753443.20835" uuid:DAA716E0-A03E-4B06-8A3D-A4E85598EF09 creator:"InstallCoordination Simple SPI" location:[system-defined]> Delta Copy operation from /Users/dragonkao/.openclaw/workspace/382b9e3384298039b171c9b2a60ae644/NeonDrift_MVP/project/xcode_derived_data/Build/Products/Release-iphonesimulator/NeonDrift.run.1783753443.20835.app to /Users/dragonkao/Library/Developer/CoreSimulator/Devices/CC47DE7A-8196-4465-A5A5-BB852C9C6C82/data/Containers/Shared/SystemGroup/systemgroup.com.apple.installcoordinationd/Library/InstallCoordination/PromiseStaging/DAA716E0-A03E-4B06-8A3D-A4E85598EF09/NeonDrift.run.1783753443.20835.app took 0.002785 seconds
2026-07-11 15:06:09.236 Df installcoordinationd[22100:2c209] [com.apple.installcoordination:daemon] -[IXSDataPromise _setPercentComplete:saveStateIfNeeded:]: Progress: <IXSPromisedTransferToPath(0x1054fd480) Name:App Asset: com.DefaultCompany.NeonDrift.run.1783753443.20835 Creator:InstallCoordination Simple SPI UUID:DAA716E0-A03E-4B06-8A3D-A4E85598EF09 Location:[system-defined]>
2026-07-11 15:06:09.236 Df installcoordinationd[22100:2c198] [com.apple.appinstallation:TransactionLog] com.DefaultCompany.NeonDrift.run.1783753443.20835/Unknown Persona:4:10:1:1:App Asset Promise began. Coordinator State: IXAppCoordinationStatePlaceholderPromiseNotSet
2026-07-11 15:06:09.236 Df CoreSimulatorBridge[21984:2bd9f] [com.apple.installcoordination:framework] -[IXAppInstallCoordinator _clientDelegate_promiseDidBeginFulfillmentWithIdentifier:]: <IXUpdatingAppInstallCoordinator<0x106088d40> identity:[com.DefaultCompany.NeonDrift.run.1783753443.20835/Invalid/[system-defined]] uuid:E942D173-53AC-4E10-BD78-164EA1A99B1A creator:InstallCoordination Simple SPI>: Got promise did begin fulfillment for identifier 2
2026-07-11 15:06:09.236 Df CoreSimulatorBridge[21984:2bd9f] [com.apple.installcoordination:framework] -[IXAppInstallCoordinator _clientDelegate_promiseDidBeginFulfillmentWithIdentifier:]_block_invoke: <IXUpdatingAppInstallCoordinator<0x106088d40> identity:[com.DefaultCompany.NeonDrift.run.1783753443.20835/Invalid/[system-defined]] uuid:E942D173-53AC-4E10-BD78-164EA1A99B1A creator:InstallCoordination Simple SPI>: Observer <_IXSimpleInstallerDelegate 0x0x106059800> does not respond to coordinator:configuredPromiseDidBeginFulfillment: (or any deprecated equivalent)
2026-07-11 15:06:09.236 Df installcoordinationd[22100:2c208] [com.apple.installcoordination:daemon] -[IXSCoordinatedAppInstall promiseDidComplete:]: <IXSCoordinatedAppInstall<0x105600000> [P=CoreSimulatorBridge (pid 21984)] identifier:[com.DefaultCompany.NeonDrift.run.1783753443.20835/Invalid/[system-defined]] uuid:E942D173-53AC-4E10-BD78-164EA1A99B1A intent:IXCoordinatorIntentUpdating creator/appDRI:InstallCoordination Simple SPI importance:UserWaiting state:IXAppCoordinationStatePlaceholderPromiseNotSet promise-state:0A2I4> : Promise completed: <IXSPromisedTransferToPath(0x1054fd480) Name:App Asset: com.DefaultCompany.NeonDrift.run.1783753443.20835 Creator:InstallCoordination Simple SPI UUID:DAA716E0-A03E-4B06-8A3D-A4E85598EF09 Location:[system-defined]>
2026-07-11 15:06:09.236 Df CoreSimulatorBridge[21984:2bd9f] [com.apple.installcoordination:framework] -[IXAppInstallCoordinator _clientDelegate_didUpdateProgress:forPhase:overallProgress:]: <IXUpdatingAppInstallCoordinator<0x106088d40> identity:[com.DefaultCompany.NeonDrift.run.1783753443.20835/Invalid/[system-defined]] uuid:E942D173-53AC-4E10-BD78-164EA1A99B1A creator:InstallCoordination Simple SPI>: Got did update progress delegate with percentComplete 100.000000 phase IXCoordinatorProgressPhaseLoading overallProgress 60.000000
2026-07-11 15:06:09.236 Df installcoordinationd[22100:2c232] [com.apple.appinstallation:TransactionLog] com.DefaultCompany.NeonDrift.run.1783753443.20835/Unknown Persona:4:10:2:1:App Asset Promise completed. Coordinator State: IXAppCoordinationStatePlaceholderPromiseNotSet
2026-07-11 15:06:09.237 Df CoreSimulatorBridge[21984:2bd7a] [com.apple.installcoordination:framework] -[IXAppInstallCoordinator _clientDelegate_didUpdateProgress:forPhase:overallProgress:]_block_invoke: <IXUpdatingAppInstallCoordinator<0x106088d40> identity:[com.DefaultCompany.NeonDrift.run.1783753443.20835/Invalid/[system-defined]] uuid:E942D173-53AC-4E10-BD78-164EA1A99B1A creator:InstallCoordination Simple SPI>: Calling selector coordinator:didUpdateProgress:forPhase:overallProgress: on observer <_IXSimpleInstallerDelegate 0x0x106059800>
2026-07-11 15:06:09.237 Df installcoordinationd[22100:2c209] [com.apple.installcoordination:daemon] -[IXSCoordinatedAppInstall setPlaceholderPromise:]: <IXSCoordinatedAppInstall<0x105600000> [P=CoreSimulatorBridge (pid 21984)] identifier:[com.DefaultCompany.NeonDrift.run.1783753443.20835/Invalid/[system-defined]] uuid:E942D173-53AC-4E10-BD78-164EA1A99B1A intent:IXCoordinatorIntentUpdating creator/appDRI:InstallCoordination Simple SPI importance:UserWaiting state:IXAppCoordinationStateReadyForPlaceholderInstall promise-state:PA2I4> : Placeholder Promise set: <IXSPlaceholder(0x105528500) Name:App Placeholder: NeonDrift.run.1783753443.20835 (com.DefaultCompany.NeonDrift.run.1783753443.20835) Creator:InstallCoordination Simple SPI UUID:02A1943B-C62E-49E1-AEF9-DF9D3A19CB9D Location:[system-defined]>
2026-07-11 15:06:09.237 Df installcoordinationd[22100:2c232] [com.apple.installcoordination:daemon] -[IXSCoordinatedAppInstall promiseDidComplete:]: <IXSCoordinatedAppInstall<0x105600000> [P=CoreSimulatorBridge (pid 21984)] identifier:[com.DefaultCompany.NeonDrift.run.1783753443.20835/Invalid/[system-defined]] uuid:E942D173-53AC-4E10-BD78-164EA1A99B1A intent:IXCoordinatorIntentUpdating creator/appDRI:InstallCoordination Simple SPI importance:UserWaiting state:IXAppCoordinationStateReadyForPlaceholderInstall promise-state:PA2I4> : Promise completed: <IXSPlaceholder(0x105528500) Name:App Placeholder: NeonDrift.run.1783753443.20835 (com.DefaultCompany.NeonDrift.run.1783753443.20835) Creator:InstallCoordination Simple SPI UUID:02A1943B-C62E-49E1-AEF9-DF9D3A19CB9D Location:[system-defined]>
2026-07-11 15:06:09.237 Df installcoordinationd[22100:2c209] [com.apple.installcoordination:daemon] -[IXSCoordinatedAppInstall _onQueue_acquireAssertionAndInstallPlaceholder]: Acquiring termination assertion to install placeholder for [com.DefaultCompany.NeonDrift.run.1783753443.20835/Invalid/[system-defined]]
2026-07-11 15:06:09.237 Df installcoordinationd[22100:2c209] [com.apple.installcoordination:daemon] -[IXSPendingOperationsTracker beginPendingOperationForIdentity:]_block_invoke: Beginning pending operation for [com.DefaultCompany.NeonDrift.run.1783753443.20835/Invalid/[system-defined]]
2026-07-11 15:06:09.240 Df runningboardd[21956:2bd26] [com.apple.runningboard:connection] Received termination request from [osservice<com.apple.installcoordinationd>:22100] on <RBSProcessPredicate <RBSProcessBundleIdentifierPredicate "com.DefaultCompany.NeonDrift.run.1783753443.20835">> with context <RBSTerminateContext| explanation:installcoordinationd app:[com.DefaultCompany.NeonDrift.run.1783753443.20835/Invalid/[system-defined]] uuid:E942D173-53AC-4E10-BD78-164EA1A99B1A isPlaceholder:Y reportType:None maxTerminationResistance:Absolute attrs:[
	<RBSPreventLaunchLimitation| <RBSProcessPredicate <RBSProcessBundleIdentifierPredicate "com.DefaultCompany.NeonDrift.run.1783753443.20835">> allow:(null)>
	]>
2026-07-11 15:06:09.240 Df runningboardd[21956:2bd26] [com.apple.runningboard:general] Found 0 extensions contained in com.DefaultCompany.NeonDrift.run.1783753443.20835
2026-07-11 15:06:09.241 Df runningboardd[21956:2bd26] [com.apple.PlugInKit:holds] <PKManager:0x10746bea0> hold request for [/Users/dragonkao/Library/Developer/CoreSimulator/Devices/CC47DE7A-8196-4465-A5A5-BB852C9C6C82/data/Containers/Bundle/Application/77EB4FEE-5703-4A7F-8D8B-5763ACC19B88/NeonDrift.run.1783753443.20835.app] with flags: 0x4
2026-07-11 15:06:09.242 Df runningboardd[21956:2bd26] [com.apple.PlugInKit:holds] <PKManager:0x10746bea0> hold request for [/Users/dragonkao/Library/Developer/CoreSimulator/Devices/CC47DE7A-8196-4465-A5A5-BB852C9C6C82/data/Containers/Bundle/Application/77EB4FEE-5703-4A7F-8D8B-5763ACC19B88/NeonDrift.run.1783753443.20835.app] with flags: 0x4 completed with hold token: [531E031C-6B29-41E1-979B-2995114BFA1A]
2026-07-11 15:06:09.242 Df runningboardd[21956:2bd26] [com.apple.runningboard:ttl] Acquiring assertion targeting system from originator [osservice<com.apple.installcoordinationd>:22100] with description <RBSAssertionDescriptor| "installcoordinationd app:[com.DefaultCompany.NeonDrift.run.1783753443.20835/Invalid/[system-defined]] uuid:E942D173-53AC-4E10-BD78-164EA1A99B1A isPlaceholder:Y" ID:21956-22100-135 target:system attributes:[
	<RBSPreventLaunchLimitation| <RBSProcessPredicate <RBSProcessBundleIdentifierPredicate "com.DefaultCompany.NeonDrift.run.1783753443.20835">> allow:(null)>
	]>
2026-07-11 15:06:09.243 Df runningboardd[21956:2bd26] [com.apple.runningboard:process] Executing termination request for: <RBSProcessPredicate <RBSProcessBundleIdentifierPredicate "com.DefaultCompany.NeonDrift.run.1783753443.20835">>
2026-07-11 15:06:09.243 Df SpringBoard[21953:2bc79] [com.apple.SpringBoard:Common] termination assertion acquired for com.DefaultCompany.NeonDrift.run.1783753443.20835
2026-07-11 15:06:09.243 Df SpringBoard[21953:2bc79] [com.apple.SpringBoard:Icon] 0x10c30eac0-SBApplicationIcon Data source did change: <SBApplication: 0x10c35c900; com.DefaultCompany.NeonDrift.run.1783753443.20835> {
} (SBApplication)
2026-07-11 15:06:09.243 Df installcoordinationd[22100:2c232] [com.apple.appinstallation:TransactionLog] com.DefaultCompany.NeonDrift.run.1783753443.20835/Unknown Persona:4:9:1:1:Placeholder Promise began. Coordinator State: IXAppCoordinationStateWaitingForPlaceholderAssertion
2026-07-11 15:06:09.243 Df installcoordinationd[22100:2c198] [com.apple.installcoordination:daemon] -[IXSCoordinatedAppInstall assertionAcquiredCallback]: RBS termination assertion observer called for <IXSCoordinatedAppInstall<0x105600000> [P=CoreSimulatorBridge (pid 21984)] identifier:[com.DefaultCompany.NeonDrift.run.1783753443.20835/Invalid/[system-defined]] uuid:E942D173-53AC-4E10-BD78-164EA1A99B1A intent:IXCoordinatorIntentUpdating creator/appDRI:InstallCoordination Simple SPI importance:UserWaiting state:IXAppCoordinationStateWaitingForPlaceholderAssertion promise-state:PA2I4>
2026-07-11 15:06:09.243 Df installcoordinationd[22100:2c232] [com.apple.installcoordination:daemon] -[IXSCoordinatorProgress setTotalUnitsCompleted:]: Progress for coordinator: [com.DefaultCompany.NeonDrift.run.1783753443.20835/Invalid/[system-defined]], Phase: IXCoordinatorProgressPhaseLoading, Percentage: 100.000000: Attempt to set units completed on finished progress: 100
2026-07-11 15:06:09.243 Df installcoordinationd[22100:2c232] [com.apple.appinstallation:TransactionLog] com.DefaultCompany.NeonDrift.run.1783753443.20835/Unknown Persona:4:9:2:1:Placeholder Promise completed. Coordinator State: IXAppCoordinationStateWaitingForPlaceholderAssertion
2026-07-11 15:06:09.243 Df CoreSimulatorBridge[21984:2bd7a] [com.apple.installcoordination:framework] -[IXAppInstallCoordinator _clientDelegate_promiseDidBeginFulfillmentWithIdentifier:]: <IXUpdatingAppInstallCoordinator<0x106088d40> identity:[com.DefaultCompany.NeonDrift.run.1783753443.20835/Invalid/[system-defined]] uuid:E942D173-53AC-4E10-BD78-164EA1A99B1A creator:InstallCoordination Simple SPI>: Got promise did begin fulfillment for identifier 1
2026-07-11 15:06:09.243 Df CoreSimulatorBridge[21984:2bd7a] [com.apple.installcoordination:framework] -[IXAppInstallCoordinator _clientDelegate_promiseDidBeginFulfillmentWithIdentifier:]_block_invoke: <IXUpdatingAppInstallCoordinator<0x106088d40> identity:[com.DefaultCompany.NeonDrift.run.1783753443.20835/Invalid/[system-defined]] uuid:E942D173-53AC-4E10-BD78-164EA1A99B1A creator:InstallCoordination Simple SPI>: Observer <_IXSimpleInstallerDelegate 0x0x106059800> does not respond to coordinator:configuredPromiseDidBeginFulfillment: (or any deprecated equivalent)
2026-07-11 15:06:09.244 Df installcoordinationd[22100:2c232] [com.apple.installcoordination:daemon] -[IXSCoordinatedAppInstall _onQueue_installPlaceholder]: Acquired termination assertion for placeholder [com.DefaultCompany.NeonDrift.run.1783753443.20835/Invalid/[system-defined]]; proceeding with install.
2026-07-11 15:06:09.244 Df installcoordinationd[22100:2c232] [com.apple.installcoordination:daemon] -[IXSPowerAssertion initWithAssertionName:details:]: Acquired power assertion IXPowerAssertion-12-[com.DefaultCompany.NeonDrift.run.1783753443.20835/Invalid/[system-defined]]
2026-07-11 15:06:09.245 Df installd[22111:2c233] (MobileSystemServices) 0x16d7bf000 -[MIClientConnection _doInstallationForURL:identity:domain:options:operationType:completion:]: Install of "/Users/dragonkao/Library/Developer/CoreSimulator/Devices/CC47DE7A-8196-4465-A5A5-BB852C9C6C82/data/Containers/Shared/SystemGroup/systemgroup.com.apple.installcoordinationd/Library/InstallCoordination/PromiseStaging/02A1943B-C62E-49E1-AEF9-DF9D3A19CB9D/NeonDrift.run.1783753443.20835.app" type Placeholder (LSInstallType = 1, Domain: MIInstallationDomainDefault) requested by installcoordinationd (pid 22100 (501/20))
2026-07-11 15:06:09.249 Df installd[22111:2c233] [com.apple.containermanager:xpc] Query; euid = 501, uid = 501, class = 1, identifier = [com.DefaultCompany.NeonDrift.run.1783753443.20835](1), flags = 300000002
2026-07-11 15:06:09.250 Df containermanagerd_system[22000:2bd36] [com.apple.containermanager:cache] Disk sync reporting on new entry: (com.DefaultCompany.NeonDrift.run.1783753443.20835|18446744073709551615|<MCMContainerPath: 0x1058ee4e0; [<MCMContainerClassPath: 0x1058491a0; persona [(null)]; [/Users/dragonkao/Library/Developer/CoreSimulator/Devices/CC47DE7A-8196-4465-A5A5-BB852C9C6C82/data/Containers]/[Bundle]/[Application] created>]/[77EB4FEE-5703-4A7F-8D8B-5763ACC19B88]/[(null)]>|0|F34F203D-8E55-49B2-A7CE-4073879804CB|(null))
2026-07-11 15:06:09.251 Df installd[22111:2c233] [com.apple.containermanager:xpc] Query; euid = 501, uid = 501, class = 1, identifier = [com.DefaultCompany.NeonDrift.run.1783753443.20835](1), flags = 300000002
2026-07-11 15:06:09.327 Df installd[22111:2c233] [com.apple.containermanager:xpc] Query; euid = 501, uid = 501, class = 1, identifier = [com.DefaultCompany.NeonDrift.run.1783753443.20835](1), flags = 300000002
2026-07-11 15:06:09.328 Df installd[22111:2c233] [com.apple.containermanager:xpc] Query; euid = 501, uid = 501, class = 1, identifier = [com.DefaultCompany.NeonDrift.run.1783753443.20835](1), flags = 300000002
2026-07-11 15:06:09.330 Df installd[22111:2c233] (MobileSystemServices) 0x16d7bf000 -[MIInstaller _installInstallable:containingSymlink:error:]: Installing <MIInstallableParallelPlaceholder ID=com.DefaultCompany.NeonDrift.run.1783753443.20835; Persona=com.apple.containermanager.primary-persona, Version=0, ShortVersion=1.0>
2026-07-11 15:06:09.330 Df installd[22111:2c233] [com.apple.appinstallation:TransactionLog] com.DefaultCompany.NeonDrift.run.1783753443.20835/com.apple.containermanager.primary-persona:7:2:1:1:Start : Install (Parallel Placeholder)
2026-07-11 15:06:09.451 Df runningboardd[21956:2bd31] [com.apple.runningboard:process] Checking PreventLaunch: global:0 exPath:(null) predicates:{(
    <RBSProcessPredicate <RBSProcessBundleIdentifierPredicate "com.DefaultCompany.NeonDrift.run.1783753443.20835">>
)} allow:(null)
2026-07-11 15:06:09.564 Df runningboardd[21956:2bd31] [com.apple.runningboard:process] Checking PreventLaunch: global:0 exPath:(null) predicates:{(
    <RBSProcessPredicate <RBSProcessBundleIdentifierPredicate "com.DefaultCompany.NeonDrift.run.1783753443.20835">>
)} allow:(null)
2026-07-11 15:06:09.677 Df runningboardd[21956:2bd2f] [com.apple.runningboard:process] Checking PreventLaunch: global:0 exPath:(null) predicates:{(
    <RBSProcessPredicate <RBSProcessBundleIdentifierPredicate "com.DefaultCompany.NeonDrift.run.1783753443.20835">>
)} allow:(null)
2026-07-11 15:06:09.796 Df runningboardd[21956:2bd26] [com.apple.runningboard:process] Checking PreventLaunch: global:0 exPath:(null) predicates:{(
    <RBSProcessPredicate <RBSProcessBundleIdentifierPredicate "com.DefaultCompany.NeonDrift.run.1783753443.20835">>
)} allow:(null)
2026-07-11 15:06:09.912 Df runningboardd[21956:2bd2f] [com.apple.runningboard:process] Checking PreventLaunch: global:0 exPath:(null) predicates:{(
    <RBSProcessPredicate <RBSProcessBundleIdentifierPredicate "com.DefaultCompany.NeonDrift.run.1783753443.20835">>
)} allow:(null)
2026-07-11 15:06:09.944 Df installd[22111:2c233] [com.apple.containermanager:query] Query; euid = 501, uid = 501, class = 4, identifier = [com.DefaultCompany.NeonDrift.run.1783753443.20835](1), flags = 300000002
2026-07-11 15:06:10.026 Df installd[22111:2c233] [com.apple.containermanager:query] Query; euid = 501, uid = 501, class = 4, identifier = [com.DefaultCompany.NeonDrift.run.1783753443.20835](1), flags = 300000002
2026-07-11 15:06:10.027 Df installd[22111:2c233] (MobileSystemServices) 0x16d7bf000 -[MIInstallableParallelPlaceholder performInstallationWithError:]: Installing parallel placeholder for [com.DefaultCompany.NeonDrift.run.1783753443.20835/com.apple.containermanager.primary-persona/[system-defined]]
2026-07-11 15:06:10.030 Df installd[22111:2c233] [com.apple.containermanager:query] Query; euid = 501, uid = 501, class = 2, identifier = [com.DefaultCompany.NeonDrift.run.1783753443.20835](1), flags = 300000003
2026-07-11 15:06:10.032 Df runningboardd[21956:2bd30] [com.apple.runningboard:process] Checking PreventLaunch: global:0 exPath:(null) predicates:{(
    <RBSProcessPredicate <RBSProcessBundleIdentifierPredicate "com.DefaultCompany.NeonDrift.run.1783753443.20835">>
)} allow:(null)
2026-07-11 15:06:10.035 Df containermanagerd[22010:2c207] [com.apple.containermanager:cache] Disk sync reporting on new entry: (com.DefaultCompany.NeonDrift.run.1783753443.20835|18446744073709551615|<MCMContainerPath: 0x10430ccd0; [<MCMContainerClassPath: 0x1040497a0; persona [(null)]; [/Users/dragonkao/Library/Developer/CoreSimulator/Devices/CC47DE7A-8196-4465-A5A5-BB852C9C6C82/data/Containers]/[Data]/[Application] created>]/[050A78D3-A1E5-49C9-B585-0EC5EDF6FCF1]/[(null)]>|1|A3F98CC5-F1F7-4076-8FE6-CA082B44EC33|(null))
2026-07-11 15:06:10.047 Df installd[22111:2c233] [com.apple.containermanager:query] Query; euid = 501, uid = 501, class = 2, identifier = [com.DefaultCompany.NeonDrift.run.1783753443.20835](1), flags = 300000002
2026-07-11 15:06:10.059 Df containermanagerd[22010:2c207] [com.apple.containermanager:schema] [u A3F98CC5-F1F7-4076-8FE6-CA082B44EC33:p 050A78D3-A1E5-49C9-B585-0EC5EDF6FCF1:c com.DefaultCompany.NeonDrift.run.1783753443.20835(2):i0] Successfully updated schema from (0) → (1), actions count = 6
2026-07-11 15:06:10.060 Df containermanagerd_system[22000:2bd36] [com.apple.containermanager:schema] [u F34F203D-8E55-49B2-A7CE-4073879804CB:p 77EB4FEE-5703-4A7F-8D8B-5763ACC19B88:c com.DefaultCompany.NeonDrift.run.1783753443.20835(1):i0] Successfully updated schema from (0) → (0), actions count = 0
2026-07-11 15:06:10.060 Df installd[22111:2c233] [com.apple.containermanager:xpc] Query; euid = 501, uid = 501, class = 1, identifier = [com.DefaultCompany.NeonDrift.run.1783753443.20835](1), flags = 300000002
2026-07-11 15:06:10.061 Df installd[22111:2c233] [com.apple.containermanager:unspecified] Requesting disk usage; class = 1, identifier = com.DefaultCompany.NeonDrift.run.1783753443.20835
2026-07-11 15:06:10.062 Df installd[22111:2c233] [com.apple.containermanager:query] Query; euid = 501, uid = 501, class = 7, identifier = [com.DefaultCompany.NeonDrift.run.1783753443.20835](1), flags = 300000001
2026-07-11 15:06:10.063 Df SpringBoard[21953:2bc79] [com.apple.SpringBoard:Common] termination assertion released for com.DefaultCompany.NeonDrift.run.1783753443.20835
2026-07-11 15:06:10.063 Df SpringBoard[21953:2bc79] [com.apple.SpringBoard:Icon] 0x10c30eac0-SBApplicationIcon Data source did change: <SBApplication: 0x10c35c900; com.DefaultCompany.NeonDrift.run.1783753443.20835> {
} (SBApplication)
2026-07-11 15:06:10.065 Df installd[22111:2c233] (MobileSystemServices) 0x16d7bf000 -[MILaunchServicesOperationManager _onQueue_addPendingLaunchServicesOperation:error:]: Added pending LS operation <MILaunchServicesRegisterOperation: 91714FFA-76DE-4DF1-A5CC-4866D62824C4:1 com.DefaultCompany.NeonDrift.run.1783753443.20835/MIInstallationDomainSystemShared personas:[com.apple.containermanager.primary-persona]>
2026-07-11 15:06:10.067 Df lsd[22003:2be0a] [com.apple.launchservices:appinstallation] Post installation registration: request to register com.DefaultCompany.NeonDrift.run.1783753443.20835, operation 91714FFA-76DE-4DF1-A5CC-4866D62824C4, from pid 22111
2026-07-11 15:06:10.067 Df lsd[22003:2be0a] [com.apple.appinstallation:TransactionLog] com.DefaultCompany.NeonDrift.run.1783753443.20835/Unknown Persona:5:4:1:1:Registering bundles via registrant - start
2026-07-11 15:06:10.071 Df lsd[22003:2be0a] [com.apple.appinstallation:TransactionLog] com.DefaultCompany.NeonDrift.run.1783753443.20835/Unknown Persona:5:5:1:1:Building bundle record for app
2026-07-11 15:06:10.072 Df lsd[22003:2be0a] [com.apple.launchservices:appinstallation] Placeholder detected - Flagging bundle com.DefaultCompany.NeonDrift.run.1783753443.20835 incomplete
2026-07-11 15:06:10.072 Df lsd[22003:2be0a] [com.apple.appinstallation:TransactionLog] com.DefaultCompany.NeonDrift.run.1783753443.20835/Unknown Persona:5:5:2:1:Built bundle record for app
2026-07-11 15:06:10.074 Df lsd[22003:2be0a] [com.apple.appinstallation:TransactionLog] com.DefaultCompany.NeonDrift.run.1783753443.20835/Unknown Persona:5:4:2:1:Registered bundle status = success
2026-07-11 15:06:10.074 Df lsd[22003:2be0a] [com.apple.appinstallation:TransactionLog] com.DefaultCompany.NeonDrift.run.1783753443.20835/Unknown Persona:5:4:2:1:Finished registering com.DefaultCompany.NeonDrift.run.1783753443.20835, bundle unit 668
2026-07-11 15:06:10.075 Df installd[22111:2c233] (MobileSystemServices) 0x16d7bf000 -[MIJournal purgeJournalEntry:withError:]: Removing journal entry <MIInstallationJournalEntry<0x1038d08c0> [com.DefaultCompany.NeonDrift.run.1783753443.20835/com.apple.containermanager.primary-persona/[system-defined]]/MIInstallationDomainSystemShared op:3 phase:JournalPhaseDidRegisterWithLS version:0>
2026-07-11 15:06:10.075 Df lsd[22003:2bdff] [com.apple.launchservices:progress] Sending applicationInstallsDidStart: for (
    "<LSApplicationProxy: 0x105f1c000> com.DefaultCompany.NeonDrift.run.1783753443.20835 file:///Users/dragonkao/Library/Developer/CoreSimulator/Devices/CC47DE7A-8196-4465-A5A5-BB852C9C6C82/data/Containers/Bundle/Application/77EB4FEE-5703-4A7F-8D8B-5763ACC19B88/com.apple.mobileinstallation.placeholder/ <com.DefaultCompany.NeonDrift.run.1783753443.20835 <placeholder >:1>"
)
2026-07-11 15:06:10.075 Df lsd[22003:2bdff] [com.apple.launchservices:progress] Created parent progress <NSProgress: com.DefaultCompany.NeonDrift.run.1783753443.20835 phase=InstallingPlaceholder; state=Waiting; finalPhase=Installing; fractionCompleted=0.000000>
2026-07-11 15:06:10.076 Df installd[22111:2c233] [com.apple.appinstallation:TransactionLog] com.DefaultCompany.NeonDrift.run.1783753443.20835/com.apple.containermanager.primary-persona:7:2:2:1:Success (End) : Install (Parallel Placeholder)
2026-07-11 15:06:10.076 Df installd[22111:2c233] (MobileSystemServices) 0x16d7bf000 -[MIInstaller _logOperationCompletionWithStartTime:distributorID:]: Install successful for (Placeholder:com.DefaultCompany.NeonDrift.run.1783753443.20835) [Distributor: (null)]; Staging: 0.00s; Waiting: 0.00s; Preflight/Patch: 0.61s, Verifying: 0.08s; Overall: 0.83s
2026-07-11 15:06:10.076 Df callservicesd[22014:2be54] [com.apple.launchservices:appinstallation] LaunchServices observer: InstallsStarted (
    "<LSApplicationProxy: 0x108d40cc0> com.DefaultCompany.NeonDrift.run.1783753443.20835 file:///Users/dragonkao/Library/Developer/CoreSimulator/Devices/CC47DE7A-8196-4465-A5A5-BB852C9C6C82/data/Containers/Bundle/Application/77EB4FEE-5703-4A7F-8D8B-5763ACC19B88/com.apple.mobileinstallation.placeholder/ <com.DefaultCompany.NeonDrift.run.1783753443.20835 <placeholder >:1>"
)
2026-07-11 15:06:10.077 Df installcoordinationd[22100:2c232] [com.apple.installcoordination:daemon] -[IXSPowerAssertion invalidate]: Released power assertion IXPowerAssertion-12-[com.DefaultCompany.NeonDrift.run.1783753443.20835/Invalid/[system-defined]]
2026-07-11 15:06:10.077 Df donotdisturbd[22002:2be47] [com.apple.launchservices:appinstallation] LaunchServices observer: InstallsStarted (
    "<LSApplicationProxy: 0x101de92c0> com.DefaultCompany.NeonDrift.run.1783753443.20835 file:///Users/dragonkao/Library/Developer/CoreSimulator/Devices/CC47DE7A-8196-4465-A5A5-BB852C9C6C82/data/Containers/Bundle/Application/77EB4FEE-5703-4A7F-8D8B-5763ACC19B88/com.apple.mobileinstallation.placeholder/ <com.DefaultCompany.NeonDrift.run.1783753443.20835 <placeholder >:1>"
)
2026-07-11 15:06:10.077 Df installcoordinationd[22100:2c232] [com.apple.installcoordination:daemon] -[IXSPendingOperationsTracker endPendingOperationForIdentity:]_block_invoke: Ending pending operation for [com.DefaultCompany.NeonDrift.run.1783753443.20835/Invalid/[system-defined]]
2026-07-11 15:06:10.077 Df appstored[22112:2c25f] [com.apple.launchservices:appinstallation] LaunchServices observer: InstallsStarted (
    "<LSApplicationProxy: 0x1066f40c0> com.DefaultCompany.NeonDrift.run.1783753443.20835 file:///Users/dragonkao/Library/Developer/CoreSimulator/Devices/CC47DE7A-8196-4465-A5A5-BB852C9C6C82/data/Containers/Bundle/Application/77EB4FEE-5703-4A7F-8D8B-5763ACC19B88/com.apple.mobileinstallation.placeholder/ <com.DefaultCompany.NeonDrift.run.1783753443.20835 <placeholder >:1>"
)
2026-07-11 15:06:10.078 Df deviceaccessd[22105:2c1b1] [com.apple.launchservices:appinstallation] LaunchServices observer: InstallsStarted (
    "<LSApplicationProxy: 0x105968000> com.DefaultCompany.NeonDrift.run.1783753443.20835 file:///Users/dragonkao/Library/Developer/CoreSimulator/Devices/CC47DE7A-8196-4465-A5A5-BB852C9C6C82/data/Containers/Bundle/Application/77EB4FEE-5703-4A7F-8D8B-5763ACC19B88/com.apple.mobileinstallation.placeholder/ <com.DefaultCompany.NeonDrift.run.1783753443.20835 <placeholder >:1>"
)
2026-07-11 15:06:10.078 Df installcoordinationd[22100:2c232] [com.apple.installcoordination:daemon] -[IXSCoordinatedAppInstall setPlaceholderInstallState:withLSRecordPromiseForCompletion:]: <IXSCoordinatedAppInstall<0x105600000> [P=CoreSimulatorBridge (pid 21984)] identifier:[com.DefaultCompany.NeonDrift.run.1783753443.20835/Invalid/[system-defined]] uuid:E942D173-53AC-4E10-BD78-164EA1A99B1A intent:IXCoordinatorIntentUpdating creator/appDRI:InstallCoordination Simple SPI importance:UserWaiting state:IXAppCoordinationStateReadyForInstall promise-state:PA2I4>: Placeholder install completed.
2026-07-11 15:06:10.078 Df liveactivitiesd[22009:2bec2] [com.apple.launchservices:appinstallation] LaunchServices observer: InstallsStarted (
    "<LSApplicationProxy: 0x101a99200> com.DefaultCompany.NeonDrift.run.1783753443.20835 file:///Users/dragonkao/Library/Developer/CoreSimulator/Devices/CC47DE7A-8196-4465-A5A5-BB852C9C6C82/data/Containers/Bundle/Application/77EB4FEE-5703-4A7F-8D8B-5763ACC19B88/com.apple.mobileinstallation.placeholder/ <com.DefaultCompany.NeonDrift.run.1783753443.20835 <placeholder >:1>"
)
2026-07-11 15:06:10.078 Df installcoordinationd[22100:2c232] [com.apple.installprogress:server] initiating progress for [com.DefaultCompany.NeonDrift.run.1783753443.20835/Invalid/[system-defined]]
2026-07-11 15:06:10.078 Df runningboardd[21956:2bd2e] [com.apple.launchservices:appinstallation] LaunchServices observer: InstallsStarted (
    "<LSApplicationProxy: 0x1074580c0> com.DefaultCompany.NeonDrift.run.1783753443.20835 file:///Users/dragonkao/Library/Developer/CoreSimulator/Devices/CC47DE7A-8196-4465-A5A5-BB852C9C6C82/data/Containers/Bundle/Application/77EB4FEE-5703-4A7F-8D8B-5763ACC19B88/com.apple.mobileinstallation.placeholder/ <com.DefaultCompany.NeonDrift.run.1783753443.20835 <placeholder >:1>"
)
2026-07-11 15:06:10.079 Df lsd[22003:2bdff] [com.apple.launchservices:progress] Sent distributed notification com.apple.LaunchServices.applicationRegistered with payload {
    bundleIDs =     (
        "com.DefaultCompany.NeonDrift.run.1783753443.20835"
    );
    isPlaceholder = 1;
}
2026-07-11 15:06:10.079 Df SpringBoard[21953:2be2d] [com.apple.launchservices:appinstallation] LaunchServices observer: InstallsStarted (
    "<LSApplicationProxy: 0x129163cc0> com.DefaultCompany.NeonDrift.run.1783753443.20835 file:///Users/dragonkao/Library/Developer/CoreSimulator/Devices/CC47DE7A-8196-4465-A5A5-BB852C9C6C82/data/Containers/Bundle/Application/77EB4FEE-5703-4A7F-8D8B-5763ACC19B88/com.apple.mobileinstallation.placeholder/ <com.DefaultCompany.NeonDrift.run.1783753443.20835 <placeholder >:1>"
)
2026-07-11 15:06:10.079 Df SpringBoard[21953:2be2d] [com.apple.frontboard.ApplicationLibrary:observer] -[FBSApplicationLibrary applicationInstallsDidStart:] com.DefaultCompany.NeonDrift.run.1783753443.20835
2026-07-11 15:06:10.079 Df gamed[22034:2c148] [com.apple.launchservices:appinstallation] LaunchServices observer: InstallsStarted (
    "<LSApplicationProxy: 0x106330d80> com.DefaultCompany.NeonDrift.run.1783753443.20835 file:///Users/dragonkao/Library/Developer/CoreSimulator/Devices/CC47DE7A-8196-4465-A5A5-BB852C9C6C82/data/Containers/Bundle/Application/77EB4FEE-5703-4A7F-8D8B-5763ACC19B88/com.apple.mobileinstallation.placeholder/ <com.DefaultCompany.NeonDrift.run.1783753443.20835 <placeholder >:1>"
)
2026-07-11 15:06:10.080 Df profiled[22037:2bf02] [com.apple.launchservices:appinstallation] LaunchServices observer: InstallsStarted (
    "<LSApplicationProxy: 0x102ea2e30> com.DefaultCompany.NeonDrift.run.1783753443.20835 file:///Users/dragonkao/Library/Developer/CoreSimulator/Devices/CC47DE7A-8196-4465-A5A5-BB852C9C6C82/data/Containers/Bundle/Application/77EB4FEE-5703-4A7F-8D8B-5763ACC19B88/com.apple.mobileinstallation.placeholder/ <com.DefaultCompany.NeonDrift.run.1783753443.20835 <placeholder >:1>"
)
2026-07-11 15:06:10.080 Df SpringBoard[21953:2be2d] [com.apple.frontboard.ApplicationLibrary:default] Added placeholder: <SBApplicationPlaceholderProxy: 0x126f4b480; com.DefaultCompany.NeonDrift.run.1783753443.20835 (NeonDrift.run.1783753443.20835); LSInstallType: StoreDownload>
2026-07-11 15:06:10.080 Df locationd[21977:2bd09] [com.apple.launchservices:appinstallation] LaunchServices observer: InstallsStarted (
    "<LSApplicationProxy: 0x103f70600> com.DefaultCompany.NeonDrift.run.1783753443.20835 file:///Users/dragonkao/Library/Developer/CoreSimulator/Devices/CC47DE7A-8196-4465-A5A5-BB852C9C6C82/data/Containers/Bundle/Application/77EB4FEE-5703-4A7F-8D8B-5763ACC19B88/com.apple.mobileinstallation.placeholder/ <com.DefaultCompany.NeonDrift.run.1783753443.20835 <placeholder >:1>"
)
2026-07-11 15:06:10.080 Df nsurlsessiond[21998:2be19] [com.apple.launchservices:appinstallation] LaunchServices observer: InstallsStarted (
    "<LSApplicationProxy: 0x105a18240> com.DefaultCompany.NeonDrift.run.1783753443.20835 file:///Users/dragonkao/Library/Developer/CoreSimulator/Devices/CC47DE7A-8196-4465-A5A5-BB852C9C6C82/data/Containers/Bundle/Application/77EB4FEE-5703-4A7F-8D8B-5763ACC19B88/com.apple.mobileinstallation.placeholder/ <com.DefaultCompany.NeonDrift.run.1783753443.20835 <placeholder >:1>"
)
2026-07-11 15:06:10.080 Df PosterBoard[22025:2c17b] [com.apple.launchservices:appinstallation] LaunchServices observer: InstallsStarted (
    "<LSApplicationProxy: 0x10504a700> com.DefaultCompany.NeonDrift.run.1783753443.20835 file:///Users/dragonkao/Library/Developer/CoreSimulator/Devices/CC47DE7A-8196-4465-A5A5-BB852C9C6C82/data/Containers/Bundle/Application/77EB4FEE-5703-4A7F-8D8B-5763ACC19B88/com.apple.mobileinstallation.placeholder/ <com.DefaultCompany.NeonDrift.run.1783753443.20835 <placeholder >:1>"
)
2026-07-11 15:06:10.080 Df webbookmarksd[22042:2c193] [com.apple.launchservices:appinstallation] LaunchServices observer: InstallsStarted (
    "<LSApplicationProxy: 0x103325b40> com.DefaultCompany.NeonDrift.run.1783753443.20835 file:///Users/dragonkao/Library/Developer/CoreSimulator/Devices/CC47DE7A-8196-4465-A5A5-BB852C9C6C82/data/Containers/Bundle/Application/77EB4FEE-5703-4A7F-8D8B-5763ACC19B88/com.apple.mobileinstallation.placeholder/ <com.DefaultCompany.NeonDrift.run.1783753443.20835 <placeholder >:1>"
)
2026-07-11 15:06:10.080 Df SpringBoard[21953:2bc79] [com.apple.frontboard.ApplicationLibrary:sb.placeholder] App placeholder proxies added: (
    "<SBApplicationPlaceholderProxy: 0x126f4b480; com.DefaultCompany.NeonDrift.run.1783753443.20835 (NeonDrift.run.1783753443.20835); LSInstallType: StoreDownload>"
), currentlyKnownExistingPlaceholders: {
}
2026-07-11 15:06:10.080 Df SpringBoard[21953:2bc79] [com.apple.appinstallation:TransactionLog] com.DefaultCompany.NeonDrift.run.1783753443.20835/Unknown Persona:10:0:1:1:Placeholder add BEGIN
2026-07-11 15:06:10.081 Df financed[22048:2c092] [com.apple.launchservices:appinstallation] LaunchServices observer: InstallsStarted (
    "<LSApplicationProxy: 0x107a83600> com.DefaultCompany.NeonDrift.run.1783753443.20835 file:///Users/dragonkao/Library/Developer/CoreSimulator/Devices/CC47DE7A-8196-4465-A5A5-BB852C9C6C82/data/Containers/Bundle/Application/77EB4FEE-5703-4A7F-8D8B-5763ACC19B88/com.apple.mobileinstallation.placeholder/ <com.DefaultCompany.NeonDrift.run.1783753443.20835 <placeholder >:1>"
)
2026-07-11 15:06:10.081 Df routined[21961:2bdb1] [com.apple.launchservices:appinstallation] LaunchServices observer: InstallsStarted (
    "<LSApplicationProxy: 0x10179c300> com.DefaultCompany.NeonDrift.run.1783753443.20835 file:///Users/dragonkao/Library/Developer/CoreSimulator/Devices/CC47DE7A-8196-4465-A5A5-BB852C9C6C82/data/Containers/Bundle/Application/77EB4FEE-5703-4A7F-8D8B-5763ACC19B88/com.apple.mobileinstallation.placeholder/ <com.DefaultCompany.NeonDrift.run.1783753443.20835 <placeholder >:1>"
)
2026-07-11 15:06:10.081 Df mobiletimerd[21968:2bdce] [com.apple.launchservices:appinstallation] LaunchServices observer: InstallsStarted (
    "<LSApplicationProxy: 0x106278000> com.DefaultCompany.NeonDrift.run.1783753443.20835 file:///Users/dragonkao/Library/Developer/CoreSimulator/Devices/CC47DE7A-8196-4465-A5A5-BB852C9C6C82/data/Containers/Bundle/Application/77EB4FEE-5703-4A7F-8D8B-5763ACC19B88/com.apple.mobileinstallation.placeholder/ <com.DefaultCompany.NeonDrift.run.1783753443.20835 <placeholder >:1>"
)
2026-07-11 15:06:10.081 Df installcoordinationd[22100:2c232] [com.apple.installprogress:default] Created published identity progress for [com.DefaultCompany.NeonDrift.run.1783753443.20835/Invalid/[system-defined]], observer 0x1054a8dc0
2026-07-11 15:06:10.081 Df installcoordinationd[22100:2c232] [com.apple.installcoordination:daemon] -[IXSCoordinatorProgress setTotalUnitsCompleted:]: Progress for coordinator: [com.DefaultCompany.NeonDrift.run.1783753443.20835/Invalid/[system-defined]], Phase: IXCoordinatorProgressPhaseLoading, Percentage: 100.000000: Attempt to set units completed on finished progress: 100
2026-07-11 15:06:10.081 Df installcoordinationd[22100:2c232] [com.apple.installcoordination:daemon] -[IXSCoordinatedAppInstall _onQueue_acquireAssertionAndDoInstall]: Acquiring termination assertion to install [com.DefaultCompany.NeonDrift.run.1783753443.20835/Invalid/[system-defined]]
2026-07-11 15:06:10.081 Df installcoordinationd[22100:2c232] [com.apple.installcoordination:daemon] -[IXSPendingOperationsTracker beginPendingOperationForIdentity:]_block_invoke: Beginning pending operation for [com.DefaultCompany.NeonDrift.run.1783753443.20835/Invalid/[system-defined]]
2026-07-11 15:06:10.081 Df usernotificationsd[22016:2c100] [com.apple.launchservices:appinstallation] LaunchServices observer: InstallsStarted (
    "<LSApplicationProxy: 0x1019b0480> com.DefaultCompany.NeonDrift.run.1783753443.20835 file:///Users/dragonkao/Library/Developer/CoreSimulator/Devices/CC47DE7A-8196-4465-A5A5-BB852C9C6C82/data/Containers/Bundle/Application/77EB4FEE-5703-4A7F-8D8B-5763ACC19B88/com.apple.mobileinstallation.placeholder/ <com.DefaultCompany.NeonDrift.run.1783753443.20835 <placeholder >:1>"
)
2026-07-11 15:06:10.082 Df installcoordinationd[22100:2c209] [com.apple.installcoordination:daemon] -[IXSCoordinatedAppInstall _limitedConcurrency_fetchLoadingProgressForPlaceholderInstallType:progressHint:andRun:]: <IXSCoordinatedAppInstall<0x105600000> [P=CoreSimulatorBridge (pid 21984)] identifier:[com.DefaultCompany.NeonDrift.run.1783753443.20835/Invalid/[system-defined]] uuid:E942D173-53AC-4E10-BD78-164EA1A99B1A intent:IXCoordinatorIntentUpdating creator/appDRI:InstallCoordination Simple SPI importance:UserWaiting state:IXAppCoordinationStateWaitingForInstallAssertion promise-state:PA2I4>: initiating loading progress with install type 1
2026-07-11 15:06:10.082 Df installcoordinationd[22100:2c209] [com.apple.appinstallation:TransactionLog] com.DefaultCompany.NeonDrift.run.1783753443.20835/Unknown Persona:5:11:1:1:Updating PlaceholderMetadata for com.DefaultCompany.NeonDrift.run.1783753443.20835 with LSInstallType 1
2026-07-11 15:06:10.082 Df sleepd[21980:2bcce] [com.apple.launchservices:appinstallation] LaunchServices observer: InstallsStarted (
    "<LSApplicationProxy: 0x10225c180> com.DefaultCompany.NeonDrift.run.1783753443.20835 file:///Users/dragonkao/Library/Developer/CoreSimulator/Devices/CC47DE7A-8196-4465-A5A5-BB852C9C6C82/data/Containers/Bundle/Application/77EB4FEE-5703-4A7F-8D8B-5763ACC19B88/com.apple.mobileinstallation.placeholder/ <com.DefaultCompany.NeonDrift.run.1783753443.20835 <placeholder >:1>"
)
2026-07-11 15:06:10.083 Df runningboardd[21956:2bd32] [com.apple.runningboard:connection] Received termination request from [osservice<com.apple.installcoordinationd>:22100] on <RBSProcessPredicate <RBSProcessBundleIdentifierPredicate "com.DefaultCompany.NeonDrift.run.1783753443.20835">> with context <RBSTerminateContext| explanation:installcoordinationd app:[com.DefaultCompany.NeonDrift.run.1783753443.20835/Invalid/[system-defined]] uuid:E942D173-53AC-4E10-BD78-164EA1A99B1A isPlaceholder:N reportType:None maxTerminationResistance:Absolute attrs:[
	<RBSPreventLaunchLimitation| <RBSProcessPredicate <RBSProcessBundleIdentifierPredicate "com.DefaultCompany.NeonDrift.run.1783753443.20835">> allow:(null)>
	]>
2026-07-11 15:06:10.083 Df CoreSimulatorBridge[21984:2bd7a] [com.apple.installcoordination:framework] -[IXAppInstallCoordinator _clientDelegate_placeholderDidInstallForApplicationRecord:]: <IXUpdatingAppInstallCoordinator<0x106088d40> identity:[com.DefaultCompany.NeonDrift.run.1783753443.20835/Invalid/[system-defined]] uuid:E942D173-53AC-4E10-BD78-164EA1A99B1A creator:InstallCoordination Simple SPI>: Got placeholder did install delegate for app record { bundleID: com.DefaultCompany.NeonDrift.run.1783753443.20835, URL: file:///Users/dragonkao/Library/Developer/CoreSimulator/Devices/CC47DE7A-8196-4465-A5A5-BB852C9C6C82/data/Containers/Bundle/Application/77EB4FEE-5703-4A7F-8D8B-5763ACC19B88/com.apple.mobileinstallation.placeholder/ }
2026-07-11 15:06:10.083 Df CoreSimulatorBridge[21984:2bd7a] [com.apple.installcoordination:framework] -[IXAppInstallCoordinator _clientDelegate_placeholderDidInstallForApplicationRecord:]_block_invoke: <IXUpdatingAppInstallCoordinator<0x106088d40> identity:[com.DefaultCompany.NeonDrift.run.1783753443.20835/Invalid/[system-defined]] uuid:E942D173-53AC-4E10-BD78-164EA1A99B1A creator:InstallCoordination Simple SPI>: Observer <_IXSimpleInstallerDelegate 0x0x106059800> does not respond to coordinatorDidInstallPlaceholder:forApplicationRecord: (or any deprecated equivalent)
2026-07-11 15:06:10.083 Df runningboardd[21956:2bd32] [com.apple.runningboard:general] Found 0 extensions contained in com.DefaultCompany.NeonDrift.run.1783753443.20835
2026-07-11 15:06:10.084 Df runningboardd[21956:2bd32] [com.apple.PlugInKit:holds] <PKManager:0x10746bea0> hold request for [/Users/dragonkao/Library/Developer/CoreSimulator/Devices/CC47DE7A-8196-4465-A5A5-BB852C9C6C82/data/Containers/Bundle/Application/77EB4FEE-5703-4A7F-8D8B-5763ACC19B88/NeonDrift.run.1783753443.20835.app] with flags: 0x4
2026-07-11 15:06:10.085 Df lsd[22003:2bd58] [com.apple.launchservices:progress] Using publishing string "com.DefaultCompany.NeonDrift.run.1783753443.20835.InstallingPlaceholder" for the first time
2026-07-11 15:06:10.085 Df lsd[22003:2bd58] [com.apple.launchservices:progress] Parent progress for installation <NSProgress: com.DefaultCompany.NeonDrift.run.1783753443.20835 phase=InstallingPlaceholder; state=Finished; finalPhase=Installing; fractionCompleted=0.000000>, adding phase 3
2026-07-11 15:06:10.093 Df runningboardd[21956:2bd2f] [com.apple.PlugInKit:holds] <PKManager:0x10746bea0> hold request for [/Users/dragonkao/Library/Developer/CoreSimulator/Devices/CC47DE7A-8196-4465-A5A5-BB852C9C6C82/data/Containers/Bundle/Application/77EB4FEE-5703-4A7F-8D8B-5763ACC19B88/NeonDrift.run.1783753443.20835.app] with flags: 0x4 completed with hold token: [F46DC301-65F1-4832-BE90-DB2614979B22]
2026-07-11 15:06:10.093 Df runningboardd[21956:2bd2f] [com.apple.runningboard:ttl] Acquiring assertion targeting system from originator [osservice<com.apple.installcoordinationd>:22100] with description <RBSAssertionDescriptor| "installcoordinationd app:[com.DefaultCompany.NeonDrift.run.1783753443.20835/Invalid/[system-defined]] uuid:E942D173-53AC-4E10-BD78-164EA1A99B1A isPlaceholder:N" ID:21956-22100-177 target:system attributes:[
	<RBSPreventLaunchLimitation| <RBSProcessPredicate <RBSProcessBundleIdentifierPredicate "com.DefaultCompany.NeonDrift.run.1783753443.20835">> allow:(null)>
	]>
2026-07-11 15:06:10.093 Df runningboardd[21956:2bd2f] [com.apple.runningboard:process] Executing termination request for: <RBSProcessPredicate <RBSProcessBundleIdentifierPredicate "com.DefaultCompany.NeonDrift.run.1783753443.20835">>
