Timestamp               Ty Process[PID:TID]
2026-06-22 22:07:55.089 Df CoreSimulatorBridge[50222:5ec58c] Request received for installation of file:///Users/dragonkao/.openclaw/workspace/382b9e3384298039b171c9b2a60ae644/NeonDrift_MVP/project/xcode_derived_data/Build/Products/Release-iphonesimulator/NeonDrift.app/ with options: {
    PackageType = Developer;
    SimulatorRootPath = "/Library/Developer/CoreSimulator/Volumes/iOS_23F77/Library/Developer/CoreSimulator/Profiles/Runtimes/iOS 26.5.simruntime/Contents/Resources/RuntimeRoot";
    SimulatorUserPath = "/Users/dragonkao/Library/Developer/CoreSimulator/Devices/CCB1E793-CED4-4FCD-BF73-321AAEA77AB9/data";
}
2026-06-22 22:07:55.089 Df CoreSimulatorBridge[50222:5ec58c] [com.apple.installcoordination:framework] +[IXAppInstallCoordinator(IXSimpleInstaller) _beginInstallForURL:forPersonaUniqueString:consumeSource:options:progressBlock:completionWithIdentity:]: Beginning install for /Users/dragonkao/.openclaw/workspace/382b9e3384298039b171c9b2a60ae644/NeonDrift_MVP/project/xcode_derived_data/Build/Products/Release-iphonesimulator/NeonDrift.app consuming source:N options:{
    IsUserInitiated = 1;
    PackageType = Developer;
} installationRequestorAuditToken: NULL
2026-06-22 22:07:55.092 Df installcoordinationd[73024:5fcf92] [com.apple.installcoordination:daemon] -[IXSDataPromiseManager registerPromise:]: Registered promise <IXSPlaceholder(0x10190c500) Name:App Placeholder: NeonDrift (com.DefaultCompany.NeonDrift) Creator:InstallCoordination Simple SPI UUID:1F8551CB-C983-46D3-8916-EAE308D44657 Location:[system-defined]> for UUID 1F8551CB-C983-46D3-8916-EAE308D44657
2026-06-22 22:07:55.092 Df installcoordinationd[73024:5fcf92] [com.apple.installcoordination:daemon] -[IXSPlaceholder setAttributes:]: <IXSPlaceholder(0x10190c500) Name:App Placeholder: NeonDrift (com.DefaultCompany.NeonDrift) Creator:InstallCoordination Simple SPI UUID:1F8551CB-C983-46D3-8916-EAE308D44657 Location:[system-defined]>: setting placeholder attributes to <IXPlaceholderAttributes<0x1018a54a0> : {
    CFBundleShortVersionString = "1.0";
    CFBundleSupportedPlatforms =     (
        iPhoneSimulator
    );
    CFBundleVersion = 0;
    DTPlatformName = iphonesimulator;
    LSRequiresIPhoneOS = 1;
    MinimumOSVersion = "13.0";
    UIDeviceFamily =     (
        1,
        2
    );
    UIRequiredDeviceCapabilities =     {
        arm64 = 1;
        metal = 1;
    };
}>
2026-06-22 22:07:55.093 Df CoreSimulatorBridge[50222:5fe29e] [com.apple.installcoordination:framework] +[IXPlaceholder _setEntitlementsFromBundleExecutableURL:withBundleID:client:onPlaceholder:location:error:]: Executable for com.DefaultCompany.NeonDrift at NeonDrift -- file:///Users/dragonkao/.openclaw/workspace/382b9e3384298039b171c9b2a60ae644/NeonDrift_MVP/project/xcode_derived_data/Build/Products/Release-iphonesimulator/NeonDrift.app/ had no entitlements
2026-06-22 22:07:55.093 Df CoreSimulatorBridge[50222:5fe29e] [com.apple.installcoordination:framework] +[IXPlaceholder _placeholderForBundle:client:withParent:installType:metadata:placeholderType:mayBeDeltaPackage:isFromSerializedPlaceholder:location:error:]: Using full fidelity icons for com.DefaultCompany.NeonDrift at /Users/dragonkao/.openclaw/workspace/382b9e3384298039b171c9b2a60ae644/NeonDrift_MVP/project/xcode_derived_data/Build/Products/Release-iphonesimulator/NeonDrift.app
2026-06-22 22:07:55.093 Df installcoordinationd[73024:5fcf92] [com.apple.installcoordination:daemon] -[IXSDataPromiseManager registerPromise:]: Registered promise <IXSPromisedTransferToPath(0x1018e5100) Name:Icon resources for com.DefaultCompany.NeonDrift Creator:InstallCoordination Simple SPI UUID:CD1EC79E-ECC4-415F-8894-A3EF8E83A932 Location:[system-defined]> for UUID CD1EC79E-ECC4-415F-8894-A3EF8E83A932
2026-06-22 22:07:55.096 Df CoreSimulatorBridge[50222:5fe29e] [com.apple.installcoordination:framework] -[IXPromisedTransferToPath setComplete:]: <IXPromisedTransferToPath<0x101476cc0> name:"Icon resources for com.DefaultCompany.NeonDrift" uuid:CD1EC79E-ECC4-415F-8894-A3EF8E83A932 creator:"InstallCoordination Simple SPI" location:[system-defined]> Move operation from /Users/dragonkao/Library/Developer/CoreSimulator/Devices/CCB1E793-CED4-4FCD-BF73-321AAEA77AB9/data/Containers/Shared/SystemGroup/systemgroup.com.apple.installcoordinationd/Library/InstallCoordination/PromiseStaging/CD1EC79E-ECC4-415F-8894-A3EF8E83A932/temp.KdpvXu to /Users/dragonkao/Library/Developer/CoreSimulator/Devices/CCB1E793-CED4-4FCD-BF73-321AAEA77AB9/data/Containers/Shared/SystemGroup/systemgroup.com.apple.installcoordinationd/Library/InstallCoordination/PromiseStaging/CD1EC79E-ECC4-415F-8894-A3EF8E83A932/temp.KdpvXu took 0.000041 seconds
2026-06-22 22:07:55.097 Df installcoordinationd[73024:5fe2cb] [com.apple.installcoordination:daemon] -[IXSDataPromise _setPercentComplete:saveStateIfNeeded:]: Progress: <IXSPromisedTransferToPath(0x1018e5100) Name:Icon resources for com.DefaultCompany.NeonDrift Creator:InstallCoordination Simple SPI UUID:CD1EC79E-ECC4-415F-8894-A3EF8E83A932 Location:[system-defined]>
2026-06-22 22:07:55.097 Df installcoordinationd[73024:5fcf92] [com.apple.installcoordination:daemon] -[IXSDataPromiseManager promiseDidBegin:]: Unowned promise began: <IXSPromisedTransferToPath(0x1018e5100) Name:Icon resources for com.DefaultCompany.NeonDrift Creator:InstallCoordination Simple SPI UUID:CD1EC79E-ECC4-415F-8894-A3EF8E83A932 Location:[system-defined]>
2026-06-22 22:07:55.097 Df installcoordinationd[73024:5fcf92] [com.apple.installcoordination:daemon] -[IXSDataPromiseManager promise:didUpdateProgress:]: Unowned promise update progress to 1.000000 : <IXSPromisedTransferToPath(0x1018e5100) Name:Icon resources for com.DefaultCompany.NeonDrift Creator:InstallCoordination Simple SPI UUID:CD1EC79E-ECC4-415F-8894-A3EF8E83A932 Location:[system-defined]>
2026-06-22 22:07:55.097 Df installcoordinationd[73024:5fe2cb] [com.apple.installcoordination:daemon] -[IXSDataPromiseManager promiseDidComplete:]: Unowned promise completed: <IXSPromisedTransferToPath(0x1018e5100) Name:Icon resources for com.DefaultCompany.NeonDrift Creator:InstallCoordination Simple SPI UUID:CD1EC79E-ECC4-415F-8894-A3EF8E83A932 Location:[system-defined]>
2026-06-22 22:07:55.098 Df installcoordinationd[73024:5fcf92] [com.apple.installcoordination:daemon] -[IXSDataPromise _setPercentComplete:saveStateIfNeeded:]: Progress: <IXSPromisedInMemoryDictionary(0x1018e6880) Name:Info.plist icon content for com.DefaultCompany.NeonDrift Creator:InstallCoordination Simple SPI UUID:64808C2A-970F-4DCE-9CB2-34F11D0F5B54 Location:[system-defined]>
2026-06-22 22:07:55.098 Df installcoordinationd[73024:5fcf92] [com.apple.installcoordination:daemon] -[IXSDataPromiseManager registerPromise:]: Registered promise <IXSPromisedInMemoryDictionary(0x1018e6880) Name:Info.plist icon content for com.DefaultCompany.NeonDrift Creator:InstallCoordination Simple SPI UUID:64808C2A-970F-4DCE-9CB2-34F11D0F5B54 Location:[system-defined]> for UUID 64808C2A-970F-4DCE-9CB2-34F11D0F5B54
2026-06-22 22:07:55.099 Df installcoordinationd[73024:606464] [com.apple.installcoordination:daemon] -[IXSDataPromiseManager promiseDidBegin:]: Unowned promise began: <IXSPromisedInMemoryDictionary(0x1018e6880) Name:Info.plist icon content for com.DefaultCompany.NeonDrift Creator:InstallCoordination Simple SPI UUID:64808C2A-970F-4DCE-9CB2-34F11D0F5B54 Location:[system-defined]>
2026-06-22 22:07:55.099 Df installcoordinationd[73024:606464] [com.apple.installcoordination:daemon] -[IXSDataPromiseManager promise:didUpdateProgress:]: Unowned promise update progress to 1.000000 : <IXSPromisedInMemoryDictionary(0x1018e6880) Name:Info.plist icon content for com.DefaultCompany.NeonDrift Creator:InstallCoordination Simple SPI UUID:64808C2A-970F-4DCE-9CB2-34F11D0F5B54 Location:[system-defined]>
2026-06-22 22:07:55.099 Df installcoordinationd[73024:606464] [com.apple.installcoordination:daemon] -[IXSDataPromiseManager promiseDidComplete:]: Unowned promise completed: <IXSPromisedInMemoryDictionary(0x1018e6880) Name:Info.plist icon content for com.DefaultCompany.NeonDrift Creator:InstallCoordination Simple SPI UUID:64808C2A-970F-4DCE-9CB2-34F11D0F5B54 Location:[system-defined]>
2026-06-22 22:07:55.100 Df installcoordinationd[73024:5fcf92] [com.apple.installcoordination:daemon] -[IXSPlaceholder setIconResourcesPromise:]: <IXSPlaceholder(0x10190c500) Name:App Placeholder: NeonDrift (com.DefaultCompany.NeonDrift) Creator:InstallCoordination Simple SPI UUID:1F8551CB-C983-46D3-8916-EAE308D44657 Location:[system-defined]>: setting icon resources promise to <IXSPromisedTransferToPath(0x1018e5100) Name:Icon resources for com.DefaultCompany.NeonDrift Creator:InstallCoordination Simple SPI UUID:CD1EC79E-ECC4-415F-8894-A3EF8E83A932 Location:[system-defined]>
2026-06-22 22:07:55.100 Df installcoordinationd[73024:5fcf92] [com.apple.installcoordination:daemon] -[IXSPlaceholder setInfoPlistIconContentPromise:]: <IXSPlaceholder(0x10190c500) Name:App Placeholder: NeonDrift (com.DefaultCompany.NeonDrift) Creator:InstallCoordination Simple SPI UUID:1F8551CB-C983-46D3-8916-EAE308D44657 Location:[system-defined]>: setting Info.plist icon content promise to <IXSPromisedInMemoryDictionary(0x1018e6880) Name:Info.plist icon content for com.DefaultCompany.NeonDrift Creator:InstallCoordination Simple SPI UUID:64808C2A-970F-4DCE-9CB2-34F11D0F5B54 Location:[system-defined]>
2026-06-22 22:07:55.101 Df installcoordinationd[73024:606464] [com.apple.installcoordination:daemon] -[IXSDataPromiseManager promiseDidBegin:]: Unowned promise began: <IXSPlaceholder(0x10190c500) Name:App Placeholder: NeonDrift (com.DefaultCompany.NeonDrift) Creator:InstallCoordination Simple SPI UUID:1F8551CB-C983-46D3-8916-EAE308D44657 Location:[system-defined]>
2026-06-22 22:07:55.101 Df installcoordinationd[73024:606464] [com.apple.installcoordination:daemon] -[IXSDataPromiseManager promise:didUpdateProgress:]: Unowned promise update progress to 0.000000 : <IXSPlaceholder(0x10190c500) Name:App Placeholder: NeonDrift (com.DefaultCompany.NeonDrift) Creator:InstallCoordination Simple SPI UUID:1F8551CB-C983-46D3-8916-EAE308D44657 Location:[system-defined]>
2026-06-22 22:07:55.101 Df installcoordinationd[73024:606464] [com.apple.installcoordination:daemon] -[IXSDataPromiseManager promise:didUpdateProgress:]: Unowned promise update progress to 0.000000 : <IXSPlaceholder(0x10190c500) Name:App Placeholder: NeonDrift (com.DefaultCompany.NeonDrift) Creator:InstallCoordination Simple SPI UUID:1F8551CB-C983-46D3-8916-EAE308D44657 Location:[system-defined]>
2026-06-22 22:07:55.102 Df installcoordinationd[73024:606464] [com.apple.installcoordination:daemon] -[IXSDataPromise _setPercentComplete:saveStateIfNeeded:]: Progress: <IXSPromisedInMemoryDictionary(0x1018e5200) Name:Localizations for com.DefaultCompany.NeonDrift Creator:InstallCoordination Simple SPI UUID:468D9F92-E10B-40FA-A3AB-8F64256E393D Location:[system-defined]>
2026-06-22 22:07:55.102 Df installcoordinationd[73024:606464] [com.apple.installcoordination:daemon] -[IXSDataPromiseManager registerPromise:]: Registered promise <IXSPromisedInMemoryDictionary(0x1018e5200) Name:Localizations for com.DefaultCompany.NeonDrift Creator:InstallCoordination Simple SPI UUID:468D9F92-E10B-40FA-A3AB-8F64256E393D Location:[system-defined]> for UUID 468D9F92-E10B-40FA-A3AB-8F64256E393D
2026-06-22 22:07:55.102 Df installcoordinationd[73024:5fcf92] [com.apple.installcoordination:daemon] -[IXSDataPromiseManager promiseDidBegin:]: Unowned promise began: <IXSPromisedInMemoryDictionary(0x1018e5200) Name:Localizations for com.DefaultCompany.NeonDrift Creator:InstallCoordination Simple SPI UUID:468D9F92-E10B-40FA-A3AB-8F64256E393D Location:[system-defined]>
2026-06-22 22:07:55.102 Df installcoordinationd[73024:5fcf92] [com.apple.installcoordination:daemon] -[IXSDataPromiseManager promise:didUpdateProgress:]: Unowned promise update progress to 1.000000 : <IXSPromisedInMemoryDictionary(0x1018e5200) Name:Localizations for com.DefaultCompany.NeonDrift Creator:InstallCoordination Simple SPI UUID:468D9F92-E10B-40FA-A3AB-8F64256E393D Location:[system-defined]>
2026-06-22 22:07:55.102 Df installcoordinationd[73024:5fcf92] [com.apple.installcoordination:daemon] -[IXSDataPromiseManager promiseDidComplete:]: Unowned promise completed: <IXSPromisedInMemoryDictionary(0x1018e5200) Name:Localizations for com.DefaultCompany.NeonDrift Creator:InstallCoordination Simple SPI UUID:468D9F92-E10B-40FA-A3AB-8F64256E393D Location:[system-defined]>
2026-06-22 22:07:55.103 Df installcoordinationd[73024:606464] [com.apple.installcoordination:daemon] -[IXSPlaceholder setLocalizationDictionaryPromise:]: <IXSPlaceholder(0x10190c500) Name:App Placeholder: NeonDrift (com.DefaultCompany.NeonDrift) Creator:InstallCoordination Simple SPI UUID:1F8551CB-C983-46D3-8916-EAE308D44657 Location:[system-defined]>: setting localization dict promise to <IXSPromisedInMemoryDictionary(0x1018e5200) Name:Localizations for com.DefaultCompany.NeonDrift Creator:InstallCoordination Simple SPI UUID:468D9F92-E10B-40FA-A3AB-8F64256E393D Location:[system-defined]>
2026-06-22 22:07:55.104 Df installcoordinationd[73024:5fe2cb] [com.apple.installcoordination:daemon] -[IXSDataPromiseManager promise:didUpdateProgress:]: Unowned promise update progress to 0.000000 : <IXSPlaceholder(0x10190c500) Name:App Placeholder: NeonDrift (com.DefaultCompany.NeonDrift) Creator:InstallCoordination Simple SPI UUID:1F8551CB-C983-46D3-8916-EAE308D44657 Location:[system-defined]>
2026-06-22 22:07:55.104 Df installcoordinationd[73024:5fe2cb] [com.apple.installcoordination:daemon] -[IXSPlaceholder setConfigurationComplete:]: <IXSPlaceholder(0x10190c500) Name:App Placeholder: NeonDrift (com.DefaultCompany.NeonDrift) Creator:InstallCoordination Simple SPI UUID:1F8551CB-C983-46D3-8916-EAE308D44657 Location:[system-defined]>: setting configuration complete to Y
2026-06-22 22:07:55.104 Df installcoordinationd[73024:5fe2cb] [com.apple.installcoordination:daemon] -[IXSPlaceholder _materialize]: <IXSPlaceholder(0x10190c500) Name:App Placeholder: NeonDrift (com.DefaultCompany.NeonDrift) Creator:InstallCoordination Simple SPI UUID:1F8551CB-C983-46D3-8916-EAE308D44657 Location:[system-defined]>: Materializing placeholder at /Users/dragonkao/Library/Developer/CoreSimulator/Devices/CCB1E793-CED4-4FCD-BF73-321AAEA77AB9/data/Containers/Shared/SystemGroup/systemgroup.com.apple.installcoordinationd/Library/InstallCoordination/PromiseStaging/1F8551CB-C983-46D3-8916-EAE308D44657/NeonDrift.app
2026-06-22 22:07:55.104 Df installcoordinationd[73024:5fe2cb] [com.apple.installcoordination:daemon] -[IXSPlaceholder _materialize]: <IXSPlaceholder(0x10190c500) Name:App Placeholder: NeonDrift (com.DefaultCompany.NeonDrift) Creator:InstallCoordination Simple SPI UUID:1F8551CB-C983-46D3-8916-EAE308D44657 Location:[system-defined]>: Using Info.plist icon content: {
    CFBundleIcons =     {
        CFBundlePrimaryIcon =         {
            CFBundleIconName = AppIcon;
        };
    };
    "CFBundleIcons~ipad" =     {
        CFBundlePrimaryIcon =         {
            CFBundleIconName = AppIcon;
        };
    };
    ISIconPlatform = iPhoneOS;
}
2026-06-22 22:07:55.105 Df installcoordinationd[73024:5fe2cb] [com.apple.installcoordination:daemon] -[IXSPlaceholder _materialize]_block_invoke: <IXSPlaceholder(0x10190c500) Name:App Placeholder: NeonDrift (com.DefaultCompany.NeonDrift) Creator:InstallCoordination Simple SPI UUID:1F8551CB-C983-46D3-8916-EAE308D44657 Location:[system-defined]>: Using icon resource Assets.car
2026-06-22 22:07:55.105 Df installcoordinationd[73024:5fe2cb] [com.apple.installcoordination:daemon] -[IXSPlaceholder _materialize]: <IXSPlaceholder(0x10190c500) Name:App Placeholder: NeonDrift (com.DefaultCompany.NeonDrift) Creator:InstallCoordination Simple SPI UUID:1F8551CB-C983-46D3-8916-EAE308D44657 Location:[system-defined]>: Including lproj localizations for (
)
2026-06-22 22:07:55.105 Df installcoordinationd[73024:606464] [com.apple.installcoordination:daemon] -[IXSDataPromiseManager promiseDidComplete:]: Unowned promise completed: <IXSPlaceholder(0x10190c500) Name:App Placeholder: NeonDrift (com.DefaultCompany.NeonDrift) Creator:InstallCoordination Simple SPI UUID:1F8551CB-C983-46D3-8916-EAE308D44657 Location:[system-defined]>
2026-06-22 22:07:55.106 Df installcoordinationd[73024:606464] [com.apple.installcoordination:daemon] -[IXSDataPromiseManager registerPromise:]: Registered promise <IXSPromisedTransferToPath(0x1018e5080) Name:App Asset: com.DefaultCompany.NeonDrift Creator:InstallCoordination Simple SPI UUID:DEF69215-9C17-4385-92DF-6F56B7ABA930 Location:[system-defined]> for UUID DEF69215-9C17-4385-92DF-6F56B7ABA930
2026-06-22 22:07:55.107 Df installcoordinationd[73024:606464] [com.apple.installcoordination:daemon] -[IXSCoordinatorManager coordinatorForIdentity:connection:error:creatingIfNotExisting:]_block_invoke: Registered coordinator: <IXSCoordinatedAppInstall<0x1019f4000> [P=CoreSimulatorBridge (pid 50222)] identifier:[com.DefaultCompany.NeonDrift/Invalid/[system-defined]] uuid:B49D8C5A-1F08-4EF5-8842-8722870976AB intent:IXCoordinatorIntentUpdating creator/appDRI:InstallCoordination Simple SPI importance:Background state:IXAppCoordinationStatePlaceholderPromiseNotSet promise-state:01234>
2026-06-22 22:07:55.107 Df installcoordinationd[73024:606464] [com.apple.appinstallation:TransactionLog] com.DefaultCompany.NeonDrift/Unknown Persona:4:2:1:1:Created coordinator with intent IXCoordinatorIntentUpdating for client InstallCoordination Simple SPI
2026-06-22 22:07:55.107 Df installcoordinationd[73024:606464] [com.apple.installcoordination:daemon] -[IXSCoordinatedAppInstall setPriorityBoostCompletion:withSourceInfo:]: <IXSCoordinatedAppInstall<0x1019f4000> [P=CoreSimulatorBridge (pid 50222)] identifier:[com.DefaultCompany.NeonDrift/Invalid/[system-defined]] uuid:B49D8C5A-1F08-4EF5-8842-8722870976AB intent:IXCoordinatorIntentUpdating creator/appDRI:InstallCoordination Simple SPI importance:Background state:IXAppCoordinationStatePlaceholderPromiseNotSet promise-state:01234>: Retaining completion from CoreSimulatorBridge (50222), QOS_CLASS_DEFAULT (0x15)
2026-06-22 22:07:55.107 Df installcoordinationd[73024:606464] [com.apple.installcoordination:daemon] -[IXSCoordinatedAppInstall setImportance:]: <IXSCoordinatedAppInstall<0x1019f4000> [P=CoreSimulatorBridge (pid 50222)] identifier:[com.DefaultCompany.NeonDrift/Invalid/[system-defined]] uuid:B49D8C5A-1F08-4EF5-8842-8722870976AB intent:IXCoordinatorIntentUpdating creator/appDRI:InstallCoordination Simple SPI importance:UserWaiting state:IXAppCoordinationStatePlaceholderPromiseNotSet promise-state:01234>: set importance to UserWaiting
2026-06-22 22:07:55.108 Df installcoordinationd[73024:606464] [com.apple.installcoordination:daemon] -[IXSCoordinatedAppInstall _onQueue_fireObserversForClient:]: <IXSCoordinatedAppInstall<0x1019f4000> [P=CoreSimulatorBridge (pid 50222)] identifier:[com.DefaultCompany.NeonDrift/Invalid/[system-defined]] uuid:B49D8C5A-1F08-4EF5-8842-8722870976AB intent:IXCoordinatorIntentUpdating creator/appDRI:InstallCoordination Simple SPI importance:UserWaiting state:IXAppCoordinationStatePlaceholderPromiseNotSet promise-state:01234>: Firing applicable observers for client <IXSClientConnection<0x1018453e0> client:CoreSimulatorBridge (pid 50222) uuid:97E4103C-0E7B-4BF2-9B64-F2D450B25CB1>
2026-06-22 22:07:55.108 Df installcoordinationd[73024:606464] [com.apple.installcoordination:daemon] -[IXSCoordinatedAppInstall setPriorityBoostCompletion:withSourceInfo:]: <IXSCoordinatedAppInstall<0x1019f4000> [P=CoreSimulatorBridge (pid 50222)] identifier:[com.DefaultCompany.NeonDrift/Invalid/[system-defined]] uuid:B49D8C5A-1F08-4EF5-8842-8722870976AB intent:IXCoordinatorIntentUpdating creator/appDRI:InstallCoordination Simple SPI importance:UserWaiting state:IXAppCoordinationStatePlaceholderPromiseNotSet promise-state:01234>: Disposing of completion from CoreSimulatorBridge (50222), QOS_CLASS_DEFAULT (0x15)
2026-06-22 22:07:55.108 Df installcoordinationd[73024:606464] [com.apple.installcoordination:daemon] -[IXSCoordinatedAppInstall setPriorityBoostCompletion:withSourceInfo:]: <IXSCoordinatedAppInstall<0x1019f4000> [P=CoreSimulatorBridge (pid 50222)] identifier:[com.DefaultCompany.NeonDrift/Invalid/[system-defined]] uuid:B49D8C5A-1F08-4EF5-8842-8722870976AB intent:IXCoordinatorIntentUpdating creator/appDRI:InstallCoordination Simple SPI importance:UserWaiting state:IXAppCoordinationStatePlaceholderPromiseNotSet promise-state:01234>: Retaining completion from CoreSimulatorBridge (50222), QOS_CLASS_DEFAULT (0x15)
2026-06-22 22:07:55.108 Df CoreSimulatorBridge[50222:606463] [com.apple.installcoordination:framework] -[IXAppInstallCoordinator _clientDelegate_didRegisterForObservation]: <IXUpdatingAppInstallCoordinator<0x101476f00> identity:[com.DefaultCompany.NeonDrift/Invalid/[system-defined]] uuid:B49D8C5A-1F08-4EF5-8842-8722870976AB creator:InstallCoordination Simple SPI>: Got observer registration delegate
2026-06-22 22:07:55.108 Df CoreSimulatorBridge[50222:606463] [com.apple.installcoordination:framework] -[IXAppInstallCoordinator _clientDelegate_shouldResume]: <IXUpdatingAppInstallCoordinator<0x101476f00> identity:[com.DefaultCompany.NeonDrift/Invalid/[system-defined]] uuid:B49D8C5A-1F08-4EF5-8842-8722870976AB creator:InstallCoordination Simple SPI>: Got should resume delegate
2026-06-22 22:07:55.108 Df CoreSimulatorBridge[50222:606462] [com.apple.installcoordination:framework] -[IXAppInstallCoordinator _clientDelegate_didRegisterForObservation]_block_invoke: <IXUpdatingAppInstallCoordinator<0x101476f00> identity:[com.DefaultCompany.NeonDrift/Invalid/[system-defined]] uuid:B49D8C5A-1F08-4EF5-8842-8722870976AB creator:InstallCoordination Simple SPI>: Observer <_IXSimpleInstallerDelegate 0x0x1017d8e10> does not respond to coordinatorDidRegisterForObservation:
2026-06-22 22:07:55.108 Df CoreSimulatorBridge[50222:606462] [com.apple.installcoordination:framework] -[IXAppInstallCoordinator _clientDelegate_shouldResume]_block_invoke: <IXUpdatingAppInstallCoordinator<0x101476f00> identity:[com.DefaultCompany.NeonDrift/Invalid/[system-defined]] uuid:B49D8C5A-1F08-4EF5-8842-8722870976AB creator:InstallCoordination Simple SPI>: Observer <_IXSimpleInstallerDelegate 0x0x1017d8e10> does not respond to coordinatorShouldResume:
2026-06-22 22:07:55.109 Df installcoordinationd[73024:606464] [com.apple.installcoordination:daemon] -[IXSCoordinatedAppInstall _internal_setInstallOptionsPromise:performExternalActions:]: <IXSCoordinatedAppInstall<0x1019f4000> [P=CoreSimulatorBridge (pid 50222)] identifier:[com.DefaultCompany.NeonDrift/Invalid/[system-defined]] uuid:B49D8C5A-1F08-4EF5-8842-8722870976AB intent:IXCoordinatorIntentUpdating creator/appDRI:InstallCoordination Simple SPI importance:UserWaiting state:IXAppCoordinationStatePlaceholderPromiseNotSet promise-state:012I4> : install options set: <IXSPromisedInMemoryData(0x1018e6480) Name:MIInstallOptions data Creator:Install Coordination Internal UUID:8922F013-C39B-45FF-B5E2-CD704D39FFD8 Location:[system-defined]>
2026-06-22 22:07:55.109 Df installcoordinationd[73024:5fcf92] [com.apple.installcoordination:daemon] -[IXSCoordinatedAppInstall promiseDidComplete:]: <IXSCoordinatedAppInstall<0x1019f4000> [P=CoreSimulatorBridge (pid 50222)] identifier:[com.DefaultCompany.NeonDrift/Invalid/[system-defined]] uuid:B49D8C5A-1F08-4EF5-8842-8722870976AB intent:IXCoordinatorIntentUpdating creator/appDRI:InstallCoordination Simple SPI importance:UserWaiting state:IXAppCoordinationStatePlaceholderPromiseNotSet promise-state:012I4> : Promise completed: <IXSPromisedInMemoryData(0x1018e6480) Name:MIInstallOptions data Creator:Install Coordination Internal UUID:8922F013-C39B-45FF-B5E2-CD704D39FFD8 Location:[system-defined]>
2026-06-22 22:07:55.109 Df installcoordinationd[73024:5fcf92] [com.apple.appinstallation:TransactionLog] com.DefaultCompany.NeonDrift/Unknown Persona:4:13:1:1:Install Options Promise began. Coordinator State: IXAppCoordinationStatePlaceholderPromiseNotSet
2026-06-22 22:07:55.109 Df installcoordinationd[73024:5fcf92] [com.apple.appinstallation:TransactionLog] com.DefaultCompany.NeonDrift/Unknown Persona:4:13:2:1:Install Options Promise completed. Coordinator State: IXAppCoordinationStatePlaceholderPromiseNotSet
2026-06-22 22:07:55.109 Df installcoordinationd[73024:5fcf92] [com.apple.installcoordination:daemon] -[IXSCoordinatedAppInstall _internal_setAppAssetPromise:performExternalActions:]: <IXSCoordinatedAppInstall<0x1019f4000> [P=CoreSimulatorBridge (pid 50222)] identifier:[com.DefaultCompany.NeonDrift/Invalid/[system-defined]] uuid:B49D8C5A-1F08-4EF5-8842-8722870976AB intent:IXCoordinatorIntentUpdating creator/appDRI:InstallCoordination Simple SPI importance:UserWaiting state:IXAppCoordinationStatePlaceholderPromiseNotSet promise-state:0a2I4> : App Asset Promise set: <IXSPromisedTransferToPath(0x1018e5080) Name:App Asset: com.DefaultCompany.NeonDrift Creator:InstallCoordination Simple SPI UUID:DEF69215-9C17-4385-92DF-6F56B7ABA930 Location:[system-defined]>
2026-06-22 22:07:55.110 Df installcoordinationd[73024:5fcf92] [com.apple.installcoordination:daemon] -[IXSCoordinatedAppInstall setInitialODRAssetPromises:]: <IXSCoordinatedAppInstall<0x1019f4000> [P=CoreSimulatorBridge (pid 50222)] identifier:[com.DefaultCompany.NeonDrift/Invalid/[system-defined]] uuid:B49D8C5A-1F08-4EF5-8842-8722870976AB intent:IXCoordinatorIntentUpdating creator/appDRI:InstallCoordination Simple SPI importance:UserWaiting state:IXAppCoordinationStatePlaceholderPromiseNotSet promise-state:0a2I4> : Initial ODR Asset Promises set: (
)
2026-06-22 22:07:55.110 Df CoreSimulatorBridge[50222:5fe29e] [com.apple.installcoordination:framework] -[IXPromisedTransferToPath _performDeltaCopyFrom:toDestination:]: Performing delta copy from /Users/dragonkao/.openclaw/workspace/382b9e3384298039b171c9b2a60ae644/NeonDrift_MVP/project/xcode_derived_data/Build/Products/Release-iphonesimulator/NeonDrift.app to /Users/dragonkao/Library/Developer/CoreSimulator/Devices/CCB1E793-CED4-4FCD-BF73-321AAEA77AB9/data/Containers/Shared/SystemGroup/systemgroup.com.apple.installcoordinationd/Library/InstallCoordination/PromiseStaging/DEF69215-9C17-4385-92DF-6F56B7ABA930/NeonDrift.app with installed bundle at /Users/dragonkao/Library/Developer/CoreSimulator/Devices/CCB1E793-CED4-4FCD-BF73-321AAEA77AB9/data/Containers/Bundle/Application/38F06D4F-CC2E-47C0-9D27-57CD25864104/NeonDrift.app
2026-06-22 22:07:55.111 Df CoreSimulatorBridge[50222:5fe29e] (MobileSystemServices) 0x16fd5b000 MDMCreateDeltaDirectory: calling MDMDirectoryDiff with:
state->old_bundle: /Users/dragonkao/Library/Developer/CoreSimulator/Devices/CCB1E793-CED4-4FCD-BF73-321AAEA77AB9/data/Containers/Bundle/Application/38F06D4F-CC2E-47C0-9D27-57CD25864104/NeonDrift.app
state->new_bundle: /Users/dragonkao/.openclaw/workspace/382b9e3384298039b171c9b2a60ae644/NeonDrift_MVP/project/xcode_derived_data/Build/Products/Release-iphonesimulator/NeonDrift.app
state->dst_bundle: /Users/dragonkao/Library/Developer/CoreSimulator/Devices/CCB1E793-CED4-4FCD-BF73-321AAEA77AB9/data/Containers/Shared/SystemGroup/systemgroup.com.apple.installcoordinationd/Library/InstallCoordination/PromiseStaging/DEF69215-9C17-4385-92DF-6F56B7ABA930/NeonDrift.app/Payload//NeonDrift.app, binaryDiff flag: FALSE
	dst_ipa: /Users/dragonkao/Library/Developer/CoreSimulator/Devices/CCB1E793-CED4-4FCD-BF73-321AAEA77AB9/data/Containers/Shared/SystemGroup/systemgroup.com.apple.installcoordinationd/Library/InstallCoordination/PromiseStaging/DEF69<…>
2026-06-22 22:07:55.173 Df CoreSimulatorBridge[50222:5fe29e] [com.apple.installcoordination:framework] -[IXPromisedTransferToPath setComplete:]: <IXPromisedTransferToPath<0x101476940> name:"App Asset: com.DefaultCompany.NeonDrift" uuid:DEF69215-9C17-4385-92DF-6F56B7ABA930 creator:"InstallCoordination Simple SPI" location:[system-defined]> Delta Copy operation from /Users/dragonkao/.openclaw/workspace/382b9e3384298039b171c9b2a60ae644/NeonDrift_MVP/project/xcode_derived_data/Build/Products/Release-iphonesimulator/NeonDrift.app to /Users/dragonkao/Library/Developer/CoreSimulator/Devices/CCB1E793-CED4-4FCD-BF73-321AAEA77AB9/data/Containers/Shared/SystemGroup/systemgroup.com.apple.installcoordinationd/Library/InstallCoordination/PromiseStaging/DEF69215-9C17-4385-92DF-6F56B7ABA930/NeonDrift.app took 0.063291 seconds
2026-06-22 22:07:55.174 Df installcoordinationd[73024:5fcf92] [com.apple.installcoordination:daemon] -[IXSDataPromise _setPercentComplete:saveStateIfNeeded:]: Progress: <IXSPromisedTransferToPath(0x1018e5080) Name:App Asset: com.DefaultCompany.NeonDrift Creator:InstallCoordination Simple SPI UUID:DEF69215-9C17-4385-92DF-6F56B7ABA930 Location:[system-defined]>
2026-06-22 22:07:55.174 Df installcoordinationd[73024:5fe2cb] [com.apple.appinstallation:TransactionLog] com.DefaultCompany.NeonDrift/Unknown Persona:4:10:1:1:App Asset Promise began. Coordinator State: IXAppCoordinationStatePlaceholderPromiseNotSet
2026-06-22 22:07:55.174 Df CoreSimulatorBridge[50222:606462] [com.apple.installcoordination:framework] -[IXAppInstallCoordinator _clientDelegate_promiseDidBeginFulfillmentWithIdentifier:]: <IXUpdatingAppInstallCoordinator<0x101476f00> identity:[com.DefaultCompany.NeonDrift/Invalid/[system-defined]] uuid:B49D8C5A-1F08-4EF5-8842-8722870976AB creator:InstallCoordination Simple SPI>: Got promise did begin fulfillment for identifier 2
2026-06-22 22:07:55.174 Df CoreSimulatorBridge[50222:606462] [com.apple.installcoordination:framework] -[IXAppInstallCoordinator _clientDelegate_promiseDidBeginFulfillmentWithIdentifier:]_block_invoke: <IXUpdatingAppInstallCoordinator<0x101476f00> identity:[com.DefaultCompany.NeonDrift/Invalid/[system-defined]] uuid:B49D8C5A-1F08-4EF5-8842-8722870976AB creator:InstallCoordination Simple SPI>: Observer <_IXSimpleInstallerDelegate 0x0x1017d8e10> does not respond to coordinator:configuredPromiseDidBeginFulfillment: (or any deprecated equivalent)
2026-06-22 22:07:55.174 Df installcoordinationd[73024:5fcf92] [com.apple.installcoordination:daemon] -[IXSCoordinatedAppInstall promiseDidComplete:]: <IXSCoordinatedAppInstall<0x1019f4000> [P=CoreSimulatorBridge (pid 50222)] identifier:[com.DefaultCompany.NeonDrift/Invalid/[system-defined]] uuid:B49D8C5A-1F08-4EF5-8842-8722870976AB intent:IXCoordinatorIntentUpdating creator/appDRI:InstallCoordination Simple SPI importance:UserWaiting state:IXAppCoordinationStatePlaceholderPromiseNotSet promise-state:0A2I4> : Promise completed: <IXSPromisedTransferToPath(0x1018e5080) Name:App Asset: com.DefaultCompany.NeonDrift Creator:InstallCoordination Simple SPI UUID:DEF69215-9C17-4385-92DF-6F56B7ABA930 Location:[system-defined]>
2026-06-22 22:07:55.174 Df installcoordinationd[73024:606464] [com.apple.appinstallation:TransactionLog] com.DefaultCompany.NeonDrift/Unknown Persona:4:10:2:1:App Asset Promise completed. Coordinator State: IXAppCoordinationStatePlaceholderPromiseNotSet
2026-06-22 22:07:55.174 Df CoreSimulatorBridge[50222:606463] [com.apple.installcoordination:framework] -[IXAppInstallCoordinator _clientDelegate_didUpdateProgress:forPhase:overallProgress:]: <IXUpdatingAppInstallCoordinator<0x101476f00> identity:[com.DefaultCompany.NeonDrift/Invalid/[system-defined]] uuid:B49D8C5A-1F08-4EF5-8842-8722870976AB creator:InstallCoordination Simple SPI>: Got did update progress delegate with percentComplete 100.000000 phase IXCoordinatorProgressPhaseLoading overallProgress 60.000000
2026-06-22 22:07:55.174 Df CoreSimulatorBridge[50222:606463] [com.apple.installcoordination:framework] -[IXAppInstallCoordinator _clientDelegate_didUpdateProgress:forPhase:overallProgress:]_block_invoke: <IXUpdatingAppInstallCoordinator<0x101476f00> identity:[com.DefaultCompany.NeonDrift/Invalid/[system-defined]] uuid:B49D8C5A-1F08-4EF5-8842-8722870976AB creator:InstallCoordination Simple SPI>: Calling selector coordinator:didUpdateProgress:forPhase:overallProgress: on observer <_IXSimpleInstallerDelegate 0x0x1017d8e10>
2026-06-22 22:07:55.174 Df installcoordinationd[73024:5fe2cb] [com.apple.installcoordination:daemon] -[IXSCoordinatedAppInstall setPlaceholderPromise:]: <IXSCoordinatedAppInstall<0x1019f4000> [P=CoreSimulatorBridge (pid 50222)] identifier:[com.DefaultCompany.NeonDrift/Invalid/[system-defined]] uuid:B49D8C5A-1F08-4EF5-8842-8722870976AB intent:IXCoordinatorIntentUpdating creator/appDRI:InstallCoordination Simple SPI importance:UserWaiting state:IXAppCoordinationStateReadyForPlaceholderInstall promise-state:PA2I4> : Placeholder Promise set: <IXSPlaceholder(0x10190c500) Name:App Placeholder: NeonDrift (com.DefaultCompany.NeonDrift) Creator:InstallCoordination Simple SPI UUID:1F8551CB-C983-46D3-8916-EAE308D44657 Location:[system-defined]>
2026-06-22 22:07:55.174 Df installcoordinationd[73024:606464] [com.apple.installcoordination:daemon] -[IXSCoordinatedAppInstall promiseDidComplete:]: <IXSCoordinatedAppInstall<0x1019f4000> [P=CoreSimulatorBridge (pid 50222)] identifier:[com.DefaultCompany.NeonDrift/Invalid/[system-defined]] uuid:B49D8C5A-1F08-4EF5-8842-8722870976AB intent:IXCoordinatorIntentUpdating creator/appDRI:InstallCoordination Simple SPI importance:UserWaiting state:IXAppCoordinationStateReadyForPlaceholderInstall promise-state:PA2I4> : Promise completed: <IXSPlaceholder(0x10190c500) Name:App Placeholder: NeonDrift (com.DefaultCompany.NeonDrift) Creator:InstallCoordination Simple SPI UUID:1F8551CB-C983-46D3-8916-EAE308D44657 Location:[system-defined]>
2026-06-22 22:07:55.175 Df installcoordinationd[73024:5fe2cb] [com.apple.installcoordination:daemon] -[IXSCoordinatedAppInstall _onQueue_acquireAssertionAndInstallPlaceholder]: Acquiring termination assertion to install placeholder for [com.DefaultCompany.NeonDrift/Invalid/[system-defined]]
2026-06-22 22:07:55.175 Df installcoordinationd[73024:5fe2cb] [com.apple.installcoordination:daemon] -[IXSPendingOperationsTracker beginPendingOperationForIdentity:]_block_invoke: Beginning pending operation for [com.DefaultCompany.NeonDrift/Invalid/[system-defined]]
2026-06-22 22:07:55.176 Df installcoordinationd[73024:606464] [com.apple.runningboard:process] Hit the server for a process handle 5a6102e0001477f that resolved to: [app<com.DefaultCompany.NeonDrift((null))>:83839]
2026-06-22 22:07:55.176 Df runningboardd[50195:60646b] [com.apple.runningboard:connection] Received termination request from [osservice<com.apple.installcoordinationd>:73024] on <RBSProcessPredicate <RBSProcessBundleIdentifierPredicate "com.DefaultCompany.NeonDrift">> with context <RBSTerminateContext| explanation:installcoordinationd app:[com.DefaultCompany.NeonDrift/Invalid/[system-defined]] uuid:B49D8C5A-1F08-4EF5-8842-8722870976AB isPlaceholder:Y reportType:None maxTerminationResistance:Absolute attrs:[
	<RBSPreventLaunchLimitation| <RBSProcessPredicate <RBSProcessBundleIdentifierPredicate "com.DefaultCompany.NeonDrift">> allow:(null)>
	]>
2026-06-22 22:07:55.176 Df installcoordinationd[73024:606464] [com.apple.runningboard:monitor] Received state update for 83839 (app<com.DefaultCompany.NeonDrift((null))>, running-active-NotVisible
2026-06-22 22:07:55.176 Df runningboardd[50195:60646b] [com.apple.runningboard:general] Found 0 extensions contained in com.DefaultCompany.NeonDrift
2026-06-22 22:07:55.176 Df runningboardd[50195:60646b] [com.apple.PlugInKit:holds] <PKManager:0x1095d5680> hold request for [/Users/dragonkao/Library/Developer/CoreSimulator/Devices/CCB1E793-CED4-4FCD-BF73-321AAEA77AB9/data/Containers/Bundle/Application/38F06D4F-CC2E-47C0-9D27-57CD25864104/NeonDrift.app] with flags: 0x4
2026-06-22 22:07:55.177 Df NeonDrift[83839:5fe595] [com.apple.PlugInKit:discovery] Annotations changed, re-performing query for continuous discovery, report block = <0x11b4db9c0>.
2026-06-22 22:07:55.177 Df runningboardd[50195:60646b] [com.apple.PlugInKit:holds] <PKManager:0x1095d5680> hold request for [/Users/dragonkao/Library/Developer/CoreSimulator/Devices/CCB1E793-CED4-4FCD-BF73-321AAEA77AB9/data/Containers/Bundle/Application/38F06D4F-CC2E-47C0-9D27-57CD25864104/NeonDrift.app] with flags: 0x4 completed with hold token: [496CC660-B2CE-48ED-9BCA-ED1F89F473AE]
2026-06-22 22:07:55.177 Df runningboardd[50195:60646b] [com.apple.runningboard:ttl] Acquiring assertion targeting system from originator [osservice<com.apple.installcoordinationd>:73024] with description <RBSAssertionDescriptor| "installcoordinationd app:[com.DefaultCompany.NeonDrift/Invalid/[system-defined]] uuid:B49D8C5A-1F08-4EF5-8842-8722870976AB isPlaceholder:Y" ID:50195-73024-11453 target:system attributes:[
	<RBSPreventLaunchLimitation| <RBSProcessPredicate <RBSProcessBundleIdentifierPredicate "com.DefaultCompany.NeonDrift">> allow:(null)>
	]>
2026-06-22 22:07:55.177 Df runningboardd[50195:60646b] [com.apple.runningboard:process] Executing termination request for: <RBSProcessPredicate <RBSProcessBundleIdentifierPredicate "com.DefaultCompany.NeonDrift">>
2026-06-22 22:07:55.177 Df runningboardd[50195:60646b] [com.apple.runningboard:process] [app<com.DefaultCompany.NeonDrift((null))>:83839] Terminating with context: <RBSTerminateContext| explanation:installcoordinationd app:[com.DefaultCompany.NeonDrift/Invalid/[system-defined]] uuid:B49D8C5A-1F08-4EF5-8842-8722870976AB isPlaceholder:Y reportType:None maxTerminationResistance:Absolute attrs:[
	<RBSPreventLaunchLimitation| <RBSProcessPredicate <RBSProcessBundleIdentifierPredicate "com.DefaultCompany.NeonDrift">> allow:(null)>
	]>
2026-06-22 22:07:55.177 Df runningboardd[50195:60646b] [com.apple.runningboard:process] [app<com.DefaultCompany.NeonDrift((null))>:83839] terminate_with_reason() success
2026-06-22 22:07:55.177 Df SpringBoard[50190:3c6b67] [com.apple.SpringBoard:Common] termination assertion acquired for com.DefaultCompany.NeonDrift
2026-06-22 22:07:55.177 Df SpringBoard[50190:3c6b67] [com.apple.SpringBoard:Icon] 0x12b21ad00-SBApplicationIcon Data source did change: <SBApplication: 0x12c2bf800; com.DefaultCompany.NeonDrift> {
    processState = <SBApplicationProcessState: 0x1244d6e00; pid: 83839; taskState: Running; visibility: Foreground>;
} (SBApplication)
2026-06-22 22:07:55.178 Df installcoordinationd[73024:5fe2cb] [com.apple.runningboard:assertion] Setting up death monitor for [app<com.DefaultCompany.NeonDrift((null))>:83839]
2026-06-22 22:07:55.178 Df installcoordinationd[73024:5fe2cb] [com.apple.runningboard:process] Starting death monitoring for handle [app<com.DefaultCompany.NeonDrift((null))>:83839]
2026-06-22 22:07:55.178 Df installcoordinationd[73024:606464] [com.apple.appinstallation:TransactionLog] com.DefaultCompany.NeonDrift/Unknown Persona:4:9:1:1:Placeholder Promise began. Coordinator State: IXAppCoordinationStateWaitingForPlaceholderAssertion
2026-06-22 22:07:55.178 Df installcoordinationd[73024:606464] [com.apple.installcoordination:daemon] -[IXSCoordinatorProgress setTotalUnitsCompleted:]: Progress for coordinator: [com.DefaultCompany.NeonDrift/Invalid/[system-defined]], Phase: IXCoordinatorProgressPhaseLoading, Percentage: 100.000000: Attempt to set units completed on finished progress: 100
2026-06-22 22:07:55.178 Df installcoordinationd[73024:606464] [com.apple.appinstallation:TransactionLog] com.DefaultCompany.NeonDrift/Unknown Persona:4:9:2:1:Placeholder Promise completed. Coordinator State: IXAppCoordinationStateWaitingForPlaceholderAssertion
2026-06-22 22:07:55.178 Df CoreSimulatorBridge[50222:606463] [com.apple.installcoordination:framework] -[IXAppInstallCoordinator _clientDelegate_promiseDidBeginFulfillmentWithIdentifier:]: <IXUpdatingAppInstallCoordinator<0x101476f00> identity:[com.DefaultCompany.NeonDrift/Invalid/[system-defined]] uuid:B49D8C5A-1F08-4EF5-8842-8722870976AB creator:InstallCoordination Simple SPI>: Got promise did begin fulfillment for identifier 1
2026-06-22 22:07:55.178 Df CoreSimulatorBridge[50222:606463] [com.apple.installcoordination:framework] -[IXAppInstallCoordinator _clientDelegate_promiseDidBeginFulfillmentWithIdentifier:]_block_invoke: <IXUpdatingAppInstallCoordinator<0x101476f00> identity:[com.DefaultCompany.NeonDrift/Invalid/[system-defined]] uuid:B49D8C5A-1F08-4EF5-8842-8722870976AB creator:InstallCoordination Simple SPI>: Observer <_IXSimpleInstallerDelegate 0x0x1017d8e10> does not respond to coordinator:configuredPromiseDidBeginFulfillment: (or any deprecated equivalent)
2026-06-22 22:07:55.222 Df backboardd[50213:606489] [com.apple.iohid:default] Connection removed: IOHIDEventSystemConnection uuid:0D301E65-F36B-493A-A478-0E40BE3D3438 pid:83839 process:NeonDrift type:Passive entitlements:0x0 caller:BackBoardServices: ___getHIDEventSystemClient_block_invoke + 296 attributes:{
    HighFrequency = 0;
    bundleID = "com.DefaultCompany.NeonDrift";
    pid = 83839;
} state:0x1 events:3 mask:0x800 dropped:0 dropStatus:0 droppedMask:0x0 lastDroppedTime:NONE
2026-06-22 22:07:55.222 Df backboardd[50213:60648a] [com.apple.iohid:default] Connection removed: IOHIDEventSystemConnection uuid:9D3F2946-0B21-4ABE-8405-BC7E08396A05 pid:83839 process:NeonDrift type:Monitor entitlements:0x0 caller:GameControllerFoundation: -[GCHIDEventSystemClient initWithQueue:type:attributes:functions:] + 116 attributes:(null) state:0x1 events:0 mask:0x0 dropped:0 dropStatus:0 droppedMask:0x0 lastDroppedTime:NONE
2026-06-22 22:07:55.223 Df SpringBoard[50190:60648c] [com.apple.FrontBoard:ProcessWorkspace] [app<com.DefaultCompany.NeonDrift>:83839] Workspace connection invalidated.
2026-06-22 22:07:55.223 Df backboardd[50213:606489] [com.apple.BackBoard:HID] Removing client connection <BKHIDClientConnection: 0x10c965900; IOHIDEventSystemConnectionRef: 0x10c40ea00; vpid: 83839(vA1383); taskPort: 0x11983; bundleID: com.DefaultCompany.NeonDrift> for client: IOHIDEventSystemConnection uuid:0D301E65-F36B-493A-A478-0E40BE3D3438 pid:83839 process:NeonDrift type:Passive entitlements:0x0 caller:BackBoardServices: ___getHIDEventSystemClient_block_invoke + 296 attributes:{
    HighFrequency = 0;
    bundleID = "com.DefaultCompany.NeonDrift";
    pid = 83839;
} state:0x1 events:3 mask:0x800 dropped:0 dropStatus:0 droppedMask:0x0 lastDroppedTime:NONE source:HID
2026-06-22 22:07:55.223 Df SpringBoard[50190:60648c] [com.apple.FrontBoard:Process] [app<com.DefaultCompany.NeonDrift>:83839] Now flagged as pending exit for reason: workspace client connection invalidated
2026-06-22 22:07:55.223 Df SpringBoard[50190:6040e3] [com.apple.KeyboardArbiter:Handle] com.DefaultCompany.NeonDrift(83839) lostConnection (invalidation)
2026-06-22 22:07:55.223 Df SpringBoard[50190:6040e3] [com.apple.KeyboardArbiter:Handle] RX com.DefaultCompany.NeonDrift(83839) setWindowContextID:0 windowState:Disabled level:0.0
    focusContext:(null)
2026-06-22 22:07:55.223 Df SpringBoard[50190:3c6b67] [com.apple.SpringBoard:KeyboardFocus] [coordinator] using MRU target <com.apple.frontboard.systemappservices/FBSceneManager:sceneID%3Acom.DefaultCompany.NeonDrift-default pid:83839>
2026-06-22 22:07:55.224 Df SpringBoard[50190:3c6b67] [com.apple.SpringBoard:KeyboardFocus] [coordinator] informing scene controller 'com.apple.springboard' of focusTarget: <com.apple.frontboard.systemappservices/FBSceneManager:sceneID%3Acom.DefaultCompany.NeonDrift-default pid:83839>
2026-06-22 22:07:55.224 Df backboardd[50213:5fae95] [com.apple.BackBoard:EventDelivery] chain did update (setDeferringRules) <keyboardFocus; display: null> containsEndOfChain: YES; [
    <token: com.apple.frontboard.systemappservices/FBSceneManager:com.apple.springboard; pid: 50190>,
    <token: com.apple.frontboard.systemappservices/FBSceneManager:sceneID%3Acom.DefaultCompany.NeonDrift-default; pid: 83839>
]
2026-06-22 22:07:55.224 Df SpringBoard[50190:3c6b67] [com.apple.SpringBoard:KeyboardFocus] [coordinator] keyboard arbiter suggested <nothing> and we replied <com.apple.frontboard.systemappservices/FBSceneManager:sceneID%3Acom.DefaultCompany.NeonDrift-default pid:83839>
2026-06-22 22:07:55.224 E  SpringBoard[50190:6040e3] [com.apple.UIKit:KeyboardArbiter] Advisor: No handle found for currently focused PID: 83839; sceneIdentity: com.apple.frontboard.systemappservices/FBSceneManager:sceneID%3Acom.DefaultCompany.NeonDrift-default
2026-06-22 22:07:55.224 Df backboardd[50213:5fae95] [com.apple.BackBoard:EventDelivery] chain did update (setDeferringRules) <keyboardFocus; display: builtin> containsEndOfChain: YES; [
    <token: com.apple.frontboard.systemappservices/FBSceneManager:com.apple.springboard; pid: 50190>,
    <token: com.apple.frontboard.systemappservices/FBSceneManager:sceneID%3Acom.DefaultCompany.NeonDrift-default; pid: 83839>
]
2026-06-22 22:07:55.234 Df launchd_sim[50184:606053] [user/501:] service inactive: UIKitApplication:com.DefaultCompany.NeonDrift[3a0d][rb-legacy]
2026-06-22 22:07:55.234 Df runningboardd[50195:60646f] [com.apple.runningboard:ttl] [app<com.DefaultCompany.NeonDrift((null))>:83839] termination reported by launchd (0, 0, 9)
2026-06-22 22:07:55.234 Df runningboardd[50195:60646f] [com.apple.runningboard:process] Removing process: [app<com.DefaultCompany.NeonDrift((null))>:83839]
2026-06-22 22:07:55.234 Df runningboardd[50195:60646f] [com.apple.runningboard:job] Removing launch job for: [app<com.DefaultCompany.NeonDrift((null))>:83839]
2026-06-22 22:07:55.234 Df launchd_sim[50184:6064bf] [user/501:] removing service: UIKitApplication:com.DefaultCompany.NeonDrift[3a0d][rb-legacy]
2026-06-22 22:07:55.234 Df runningboardd[50195:60646f] [com.apple.runningboard:job] Removed job for [app<com.DefaultCompany.NeonDrift((null))>:83839]
2026-06-22 22:07:55.234 Df runningboardd[50195:60646f] [com.apple.runningboard:process] Removing assertions for terminated process: [app<com.DefaultCompany.NeonDrift((null))>:83839]
2026-06-22 22:07:55.234 Df runningboardd[50195:60646f] [com.apple.runningboard:assertion] Removed last relative-start-date-defining assertion for process app<com.DefaultCompany.NeonDrift((null))>
2026-06-22 22:07:55.235 Df runningboardd[50195:6064c1] [com.apple.runningboard:process] Notifying connection [osservice<com.apple.SpringBoard>:50190] that process [app<com.DefaultCompany.NeonDrift((null))>:83839] exited with context <RBSProcessExitContext| specific, status:<RBSProcessExitStatus| domain:signal(2) code:SIGKILL(9)>>
2026-06-22 22:07:55.235 Df SpringBoard[50190:60646d] [com.apple.FrontBoard:ProcessWorkspace] [app<com.DefaultCompany.NeonDrift>:83839] Workspace assertion invalidated: <NSError: 0x127a124c0; domain: RBSAssertionErrorDomain; code: 1; "Assertions were invalidated, count = 3.
50195-50190-11438: invalidation reason: 1
50195-50190-11426: invalidation reason: 1
50195-50190-11425: invalidation reason: 1">
2026-06-22 22:07:55.235 Df runningboardd[50195:60646f] [com.apple.runningboard:monitor] Calculated state for app<com.DefaultCompany.NeonDrift((null))>: none (role: None) (endowments: (null))
2026-06-22 22:07:55.235 Df runningboardd[50195:60646b] [com.apple.runningboard:connection] Inheritance changeset: <RBSInheritanceChangeSet| gained:(null) lost:{(
    <RBSInheritance| environment:UIScene:com.apple.frontboard.systemappservices/FBSceneManager:sceneID%3Acom.DefaultCompany.NeonDrift-default name:com.apple.frontboard.visibility origID:50195-50190-11438 payload 988977049718614166>,
    <RBSInheritance| environment:(none) name:com.apple.frontboard.visibility origID:50195-50190-11426 0>
)}>
2026-06-22 22:07:55.235 Df runningboardd[50195:6064c1] [com.apple.runningboard:process] Notifying connection [osservice<com.apple.installcoordinationd>:73024] that process [app<com.DefaultCompany.NeonDrift((null))>:83839] exited with context <RBSProcessExitContext| specific, status:<RBSProcessExitStatus| domain:signal(2) code:SIGKILL(9)>>
2026-06-22 22:07:55.235 Df SpringBoard[50190:6040e3] [com.apple.runningboard:process] Calling process death completion block for handle [app<com.DefaultCompany.NeonDrift((null))>:83839]
2026-06-22 22:07:55.235 Df runningboardd[50195:60646f] [com.apple.runningboard:monitor] Calculated state for app<com.DefaultCompany.NeonDrift((null))>: none (role: None) (endowments: (null))
2026-06-22 22:07:55.235 Df SpringBoard[50190:6040e3] [com.apple.FrontBoard:Process] [app<com.DefaultCompany.NeonDrift>:83839] Process exited: <RBSProcessExitContext| specific, status:<RBSProcessExitStatus| domain:signal(2) code:SIGKILL(9)>>.
2026-06-22 22:07:55.235 Df SpringBoard[50190:6040e3] [com.apple.FrontBoard:Process] [app<com.DefaultCompany.NeonDrift>:83839] Setting process task state to: Not Running
2026-06-22 22:07:55.235 Df SpringBoard[50190:6040e3] [com.apple.FrontBoard:Process] [app<com.DefaultCompany.NeonDrift>:83839] Setting process visibility to: Unknown
2026-06-22 22:07:55.235 Df SpringBoard[50190:60648c] [com.apple.FrontBoard:ProcessWorkspace] [app<com.DefaultCompany.NeonDrift>:83839] Invalidating workspace.
2026-06-22 22:07:55.235 Df installcoordinationd[73024:5fcf92] [com.apple.runningboard:process] Calling process death completion block for handle [app<com.DefaultCompany.NeonDrift((null))>:83839]
2026-06-22 22:07:55.235 Df SpringBoard[50190:60648c] [com.apple.FrontBoard:ProcessWorkspace] Removing source registration for processHandle: [app<com.DefaultCompany.NeonDrift((null))>:83839]
2026-06-22 22:07:55.235 Df installcoordinationd[73024:5fcf92] [com.apple.runningboard:assertion] Death monitor triggered for [app<com.DefaultCompany.NeonDrift((null))>:83839]
2026-06-22 22:07:55.235 Df installcoordinationd[73024:5fcf92] [com.apple.installcoordination:daemon] -[IXSCoordinatedAppInstall assertionAcquiredCallback]: RBS termination assertion observer called for <IXSCoordinatedAppInstall<0x1019f4000> [P=CoreSimulatorBridge (pid 50222)] identifier:[com.DefaultCompany.NeonDrift/Invalid/[system-defined]] uuid:B49D8C5A-1F08-4EF5-8842-8722870976AB intent:IXCoordinatorIntentUpdating creator/appDRI:InstallCoordination Simple SPI importance:UserWaiting state:IXAppCoordinationStateWaitingForPlaceholderAssertion promise-state:PA2I4>
