Timestamp               Ty Process[PID:TID]
2026-06-26 22:27:08.526 Df CoreSimulatorBridge[13156:89540b] Request received for installation of file:///Users/dragonkao/.openclaw/workspace/382b9e3384298039b171c9b2a60ae644/NeonDrift_MVP/project/xcode_derived_data/Build/Products/Release-iphonesimulator/NeonDrift.run.1782483975.50560.app/ with options: {
    PackageType = Developer;
    SimulatorRootPath = "/Library/Developer/CoreSimulator/Volumes/iOS_23F77/Library/Developer/CoreSimulator/Profiles/Runtimes/iOS 26.5.simruntime/Contents/Resources/RuntimeRoot";
    SimulatorUserPath = "/Users/dragonkao/Library/Developer/CoreSimulator/Devices/115FDF0C-5A2F-4686-909B-7F43F1450A28/data";
}
2026-06-26 22:27:08.526 Df CoreSimulatorBridge[13156:89540b] [com.apple.installcoordination:framework] +[IXAppInstallCoordinator(IXSimpleInstaller) _beginInstallForURL:forPersonaUniqueString:consumeSource:options:progressBlock:completionWithIdentity:]: Beginning install for /Users/dragonkao/.openclaw/workspace/382b9e3384298039b171c9b2a60ae644/NeonDrift_MVP/project/xcode_derived_data/Build/Products/Release-iphonesimulator/NeonDrift.run.1782483975.50560.app consuming source:N options:{
    IsUserInitiated = 1;
    PackageType = Developer;
} installationRequestorAuditToken: NULL
2026-06-26 22:27:08.529 Df installcoordinationd[26512:88f9d9] [com.apple.installcoordination:daemon] -[IXSDataPromiseManager registerPromise:]: Registered promise <IXSPlaceholder(0x105510500) Name:App Placeholder: NeonDrift.run.1782483975.50560 (com.DefaultCompany.NeonDrift.run.1782483975.50560) Creator:InstallCoordination Simple SPI UUID:E9DAF768-6338-4591-A1A8-81DC075C897D Location:[system-defined]> for UUID E9DAF768-6338-4591-A1A8-81DC075C897D
2026-06-26 22:27:08.530 Df installcoordinationd[26512:88f9d9] [com.apple.installcoordination:daemon] -[IXSPlaceholder setAttributes:]: <IXSPlaceholder(0x105510500) Name:App Placeholder: NeonDrift.run.1782483975.50560 (com.DefaultCompany.NeonDrift.run.1782483975.50560) Creator:InstallCoordination Simple SPI UUID:E9DAF768-6338-4591-A1A8-81DC075C897D Location:[system-defined]>: setting placeholder attributes to <IXPlaceholderAttributes<0x1054a1220> : {
    CFBundleShortVersionString = "1.0";
    CFBundleSupportedPlatforms =     (
        iPhoneSimulator
    );
    CFBundleVersion = 0;
    DTPlatformName = iphonesimulator;
    LSRequiresIPhoneOS = 1;
    MinimumOSVersion = "13.0";
    UIDeviceFamily =     (
        1,
        2
    );
    UIRequiredDeviceCapabilities =     {
        arm64 = 1;
        metal = 1;
    };
}>
2026-06-26 22:27:08.531 Df CoreSimulatorBridge[13156:88f9d7] [com.apple.installcoordination:framework] +[IXPlaceholder _setEntitlementsFromBundleExecutableURL:withBundleID:client:onPlaceholder:location:error:]: Executable for com.DefaultCompany.NeonDrift.run.1782483975.50560 at NeonDrift.run.1782483975.50560 -- file:///Users/dragonkao/.openclaw/workspace/382b9e3384298039b171c9b2a60ae644/NeonDrift_MVP/project/xcode_derived_data/Build/Products/Release-iphonesimulator/NeonDrift.run.1782483975.50560.app/ had no entitlements
2026-06-26 22:27:08.531 Df CoreSimulatorBridge[13156:88f9d7] [com.apple.installcoordination:framework] +[IXPlaceholder _placeholderForBundle:client:withParent:installType:metadata:placeholderType:mayBeDeltaPackage:isFromSerializedPlaceholder:location:error:]: Using full fidelity icons for com.DefaultCompany.NeonDrift.run.1782483975.50560 at /Users/dragonkao/.openclaw/workspace/382b9e3384298039b171c9b2a60ae644/NeonDrift_MVP/project/xcode_derived_data/Build/Products/Release-iphonesimulator/NeonDrift.run.1782483975.50560.app
2026-06-26 22:27:08.532 Df installcoordinationd[26512:88f9d9] [com.apple.installcoordination:daemon] -[IXSDataPromiseManager registerPromise:]: Registered promise <IXSPromisedTransferToPath(0x1054dd100) Name:Icon resources for com.DefaultCompany.NeonDrift.run.1782483975.50560 Creator:InstallCoordination Simple SPI UUID:BF4847A0-6D22-4C06-B4C5-B7000531031D Location:[system-defined]> for UUID BF4847A0-6D22-4C06-B4C5-B7000531031D
2026-06-26 22:27:08.535 Df CoreSimulatorBridge[13156:88f9d7] [com.apple.installcoordination:framework] -[IXPromisedTransferToPath setComplete:]: <IXPromisedTransferToPath<0x103458800> name:"Icon resources for com.DefaultCompany.NeonDrift.run.1782483975.50560" uuid:BF4847A0-6D22-4C06-B4C5-B7000531031D creator:"InstallCoordination Simple SPI" location:[system-defined]> Move operation from /Users/dragonkao/Library/Developer/CoreSimulator/Devices/115FDF0C-5A2F-4686-909B-7F43F1450A28/data/Containers/Shared/SystemGroup/systemgroup.com.apple.installcoordinationd/Library/InstallCoordination/PromiseStaging/BF4847A0-6D22-4C06-B4C5-B7000531031D/temp.2QJQvh to /Users/dragonkao/Library/Developer/CoreSimulator/Devices/115FDF0C-5A2F-4686-909B-7F43F1450A28/data/Containers/Shared/SystemGroup/systemgroup.com.apple.installcoordinationd/Library/InstallCoordination/PromiseStaging/BF4847A0-6D22-4C06-B4C5-B7000531031D/temp.2QJQvh took 0.000047 seconds
2026-06-26 22:27:08.536 Df installcoordinationd[26512:88f9d9] [com.apple.installcoordination:daemon] -[IXSDataPromise _setPercentComplete:saveStateIfNeeded:]: Progress: <IXSPromisedTransferToPath(0x1054dd100) Name:Icon resources for com.DefaultCompany.NeonDrift.run.1782483975.50560 Creator:InstallCoordination Simple SPI UUID:BF4847A0-6D22-4C06-B4C5-B7000531031D Location:[system-defined]>
2026-06-26 22:27:08.537 Df installcoordinationd[26512:893469] [com.apple.installcoordination:daemon] -[IXSDataPromiseManager promiseDidBegin:]: Unowned promise began: <IXSPromisedTransferToPath(0x1054dd100) Name:Icon resources for com.DefaultCompany.NeonDrift.run.1782483975.50560 Creator:InstallCoordination Simple SPI UUID:BF4847A0-6D22-4C06-B4C5-B7000531031D Location:[system-defined]>
2026-06-26 22:27:08.537 Df installcoordinationd[26512:893469] [com.apple.installcoordination:daemon] -[IXSDataPromiseManager promise:didUpdateProgress:]: Unowned promise update progress to 1.000000 : <IXSPromisedTransferToPath(0x1054dd100) Name:Icon resources for com.DefaultCompany.NeonDrift.run.1782483975.50560 Creator:InstallCoordination Simple SPI UUID:BF4847A0-6D22-4C06-B4C5-B7000531031D Location:[system-defined]>
2026-06-26 22:27:08.537 Df installcoordinationd[26512:893469] [com.apple.installcoordination:daemon] -[IXSDataPromiseManager promiseDidComplete:]: Unowned promise completed: <IXSPromisedTransferToPath(0x1054dd100) Name:Icon resources for com.DefaultCompany.NeonDrift.run.1782483975.50560 Creator:InstallCoordination Simple SPI UUID:BF4847A0-6D22-4C06-B4C5-B7000531031D Location:[system-defined]>
2026-06-26 22:27:08.538 Df installcoordinationd[26512:88f9d9] [com.apple.installcoordination:daemon] -[IXSDataPromise _setPercentComplete:saveStateIfNeeded:]: Progress: <IXSPromisedInMemoryDictionary(0x1054dd680) Name:Info.plist icon content for com.DefaultCompany.NeonDrift.run.1782483975.50560 Creator:InstallCoordination Simple SPI UUID:552FDA83-ABD3-4C94-943F-775A08009697 Location:[system-defined]>
2026-06-26 22:27:08.538 Df installcoordinationd[26512:88f9d9] [com.apple.installcoordination:daemon] -[IXSDataPromiseManager registerPromise:]: Registered promise <IXSPromisedInMemoryDictionary(0x1054dd680) Name:Info.plist icon content for com.DefaultCompany.NeonDrift.run.1782483975.50560 Creator:InstallCoordination Simple SPI UUID:552FDA83-ABD3-4C94-943F-775A08009697 Location:[system-defined]> for UUID 552FDA83-ABD3-4C94-943F-775A08009697
2026-06-26 22:27:08.538 Df installcoordinationd[26512:893469] [com.apple.installcoordination:daemon] -[IXSDataPromiseManager promiseDidBegin:]: Unowned promise began: <IXSPromisedInMemoryDictionary(0x1054dd680) Name:Info.plist icon content for com.DefaultCompany.NeonDrift.run.1782483975.50560 Creator:InstallCoordination Simple SPI UUID:552FDA83-ABD3-4C94-943F-775A08009697 Location:[system-defined]>
2026-06-26 22:27:08.538 Df installcoordinationd[26512:893469] [com.apple.installcoordination:daemon] -[IXSDataPromiseManager promise:didUpdateProgress:]: Unowned promise update progress to 1.000000 : <IXSPromisedInMemoryDictionary(0x1054dd680) Name:Info.plist icon content for com.DefaultCompany.NeonDrift.run.1782483975.50560 Creator:InstallCoordination Simple SPI UUID:552FDA83-ABD3-4C94-943F-775A08009697 Location:[system-defined]>
2026-06-26 22:27:08.539 Df installcoordinationd[26512:893469] [com.apple.installcoordination:daemon] -[IXSDataPromiseManager promiseDidComplete:]: Unowned promise completed: <IXSPromisedInMemoryDictionary(0x1054dd680) Name:Info.plist icon content for com.DefaultCompany.NeonDrift.run.1782483975.50560 Creator:InstallCoordination Simple SPI UUID:552FDA83-ABD3-4C94-943F-775A08009697 Location:[system-defined]>
2026-06-26 22:27:08.539 Df installcoordinationd[26512:89740f] [com.apple.installcoordination:daemon] -[IXSPlaceholder setIconResourcesPromise:]: <IXSPlaceholder(0x105510500) Name:App Placeholder: NeonDrift.run.1782483975.50560 (com.DefaultCompany.NeonDrift.run.1782483975.50560) Creator:InstallCoordination Simple SPI UUID:E9DAF768-6338-4591-A1A8-81DC075C897D Location:[system-defined]>: setting icon resources promise to <IXSPromisedTransferToPath(0x1054dd100) Name:Icon resources for com.DefaultCompany.NeonDrift.run.1782483975.50560 Creator:InstallCoordination Simple SPI UUID:BF4847A0-6D22-4C06-B4C5-B7000531031D Location:[system-defined]>
2026-06-26 22:27:08.539 Df installcoordinationd[26512:89740f] [com.apple.installcoordination:daemon] -[IXSPlaceholder setInfoPlistIconContentPromise:]: <IXSPlaceholder(0x105510500) Name:App Placeholder: NeonDrift.run.1782483975.50560 (com.DefaultCompany.NeonDrift.run.1782483975.50560) Creator:InstallCoordination Simple SPI UUID:E9DAF768-6338-4591-A1A8-81DC075C897D Location:[system-defined]>: setting Info.plist icon content promise to <IXSPromisedInMemoryDictionary(0x1054dd680) Name:Info.plist icon content for com.DefaultCompany.NeonDrift.run.1782483975.50560 Creator:InstallCoordination Simple SPI UUID:552FDA83-ABD3-4C94-943F-775A08009697 Location:[system-defined]>
2026-06-26 22:27:08.540 Df installcoordinationd[26512:89740f] [com.apple.installcoordination:daemon] -[IXSDataPromiseManager promiseDidBegin:]: Unowned promise began: <IXSPlaceholder(0x105510500) Name:App Placeholder: NeonDrift.run.1782483975.50560 (com.DefaultCompany.NeonDrift.run.1782483975.50560) Creator:InstallCoordination Simple SPI UUID:E9DAF768-6338-4591-A1A8-81DC075C897D Location:[system-defined]>
2026-06-26 22:27:08.540 Df installcoordinationd[26512:89740f] [com.apple.installcoordination:daemon] -[IXSDataPromiseManager promise:didUpdateProgress:]: Unowned promise update progress to 0.000000 : <IXSPlaceholder(0x105510500) Name:App Placeholder: NeonDrift.run.1782483975.50560 (com.DefaultCompany.NeonDrift.run.1782483975.50560) Creator:InstallCoordination Simple SPI UUID:E9DAF768-6338-4591-A1A8-81DC075C897D Location:[system-defined]>
2026-06-26 22:27:08.540 Df installcoordinationd[26512:89740f] [com.apple.installcoordination:daemon] -[IXSDataPromiseManager promise:didUpdateProgress:]: Unowned promise update progress to 0.000000 : <IXSPlaceholder(0x105510500) Name:App Placeholder: NeonDrift.run.1782483975.50560 (com.DefaultCompany.NeonDrift.run.1782483975.50560) Creator:InstallCoordination Simple SPI UUID:E9DAF768-6338-4591-A1A8-81DC075C897D Location:[system-defined]>
2026-06-26 22:27:08.542 Df installcoordinationd[26512:89740f] [com.apple.installcoordination:daemon] -[IXSDataPromise _setPercentComplete:saveStateIfNeeded:]: Progress: <IXSPromisedInMemoryDictionary(0x1054de280) Name:Localizations for com.DefaultCompany.NeonDrift.run.1782483975.50560 Creator:InstallCoordination Simple SPI UUID:7F72EC23-9020-4045-873A-3CF516DD0BC5 Location:[system-defined]>
2026-06-26 22:27:08.543 Df installcoordinationd[26512:89740f] [com.apple.installcoordination:daemon] -[IXSDataPromiseManager registerPromise:]: Registered promise <IXSPromisedInMemoryDictionary(0x1054de280) Name:Localizations for com.DefaultCompany.NeonDrift.run.1782483975.50560 Creator:InstallCoordination Simple SPI UUID:7F72EC23-9020-4045-873A-3CF516DD0BC5 Location:[system-defined]> for UUID 7F72EC23-9020-4045-873A-3CF516DD0BC5
2026-06-26 22:27:08.543 Df installcoordinationd[26512:88f9d9] [com.apple.installcoordination:daemon] -[IXSDataPromiseManager promiseDidBegin:]: Unowned promise began: <IXSPromisedInMemoryDictionary(0x1054de280) Name:Localizations for com.DefaultCompany.NeonDrift.run.1782483975.50560 Creator:InstallCoordination Simple SPI UUID:7F72EC23-9020-4045-873A-3CF516DD0BC5 Location:[system-defined]>
2026-06-26 22:27:08.543 Df installcoordinationd[26512:88f9d9] [com.apple.installcoordination:daemon] -[IXSDataPromiseManager promise:didUpdateProgress:]: Unowned promise update progress to 1.000000 : <IXSPromisedInMemoryDictionary(0x1054de280) Name:Localizations for com.DefaultCompany.NeonDrift.run.1782483975.50560 Creator:InstallCoordination Simple SPI UUID:7F72EC23-9020-4045-873A-3CF516DD0BC5 Location:[system-defined]>
2026-06-26 22:27:08.543 Df installcoordinationd[26512:88f9d9] [com.apple.installcoordination:daemon] -[IXSDataPromiseManager promiseDidComplete:]: Unowned promise completed: <IXSPromisedInMemoryDictionary(0x1054de280) Name:Localizations for com.DefaultCompany.NeonDrift.run.1782483975.50560 Creator:InstallCoordination Simple SPI UUID:7F72EC23-9020-4045-873A-3CF516DD0BC5 Location:[system-defined]>
2026-06-26 22:27:08.544 Df installcoordinationd[26512:89740f] [com.apple.installcoordination:daemon] -[IXSPlaceholder setLocalizationDictionaryPromise:]: <IXSPlaceholder(0x105510500) Name:App Placeholder: NeonDrift.run.1782483975.50560 (com.DefaultCompany.NeonDrift.run.1782483975.50560) Creator:InstallCoordination Simple SPI UUID:E9DAF768-6338-4591-A1A8-81DC075C897D Location:[system-defined]>: setting localization dict promise to <IXSPromisedInMemoryDictionary(0x1054de280) Name:Localizations for com.DefaultCompany.NeonDrift.run.1782483975.50560 Creator:InstallCoordination Simple SPI UUID:7F72EC23-9020-4045-873A-3CF516DD0BC5 Location:[system-defined]>
2026-06-26 22:27:08.544 Df installcoordinationd[26512:89740f] [com.apple.installcoordination:daemon] -[IXSDataPromiseManager promise:didUpdateProgress:]: Unowned promise update progress to 0.000000 : <IXSPlaceholder(0x105510500) Name:App Placeholder: NeonDrift.run.1782483975.50560 (com.DefaultCompany.NeonDrift.run.1782483975.50560) Creator:InstallCoordination Simple SPI UUID:E9DAF768-6338-4591-A1A8-81DC075C897D Location:[system-defined]>
2026-06-26 22:27:08.544 Df installcoordinationd[26512:89740f] [com.apple.installcoordination:daemon] -[IXSPlaceholder setConfigurationComplete:]: <IXSPlaceholder(0x105510500) Name:App Placeholder: NeonDrift.run.1782483975.50560 (com.DefaultCompany.NeonDrift.run.1782483975.50560) Creator:InstallCoordination Simple SPI UUID:E9DAF768-6338-4591-A1A8-81DC075C897D Location:[system-defined]>: setting configuration complete to Y
2026-06-26 22:27:08.545 Df installcoordinationd[26512:89740f] [com.apple.installcoordination:daemon] -[IXSPlaceholder _materialize]: <IXSPlaceholder(0x105510500) Name:App Placeholder: NeonDrift.run.1782483975.50560 (com.DefaultCompany.NeonDrift.run.1782483975.50560) Creator:InstallCoordination Simple SPI UUID:E9DAF768-6338-4591-A1A8-81DC075C897D Location:[system-defined]>: Materializing placeholder at /Users/dragonkao/Library/Developer/CoreSimulator/Devices/115FDF0C-5A2F-4686-909B-7F43F1450A28/data/Containers/Shared/SystemGroup/systemgroup.com.apple.installcoordinationd/Library/InstallCoordination/PromiseStaging/E9DAF768-6338-4591-A1A8-81DC075C897D/NeonDrift.run.1782483975.50560.app
2026-06-26 22:27:08.545 Df installcoordinationd[26512:89740f] [com.apple.installcoordination:daemon] -[IXSPlaceholder _materialize]: <IXSPlaceholder(0x105510500) Name:App Placeholder: NeonDrift.run.1782483975.50560 (com.DefaultCompany.NeonDrift.run.1782483975.50560) Creator:InstallCoordination Simple SPI UUID:E9DAF768-6338-4591-A1A8-81DC075C897D Location:[system-defined]>: Using Info.plist icon content: {
    CFBundleIcons =     {
        CFBundlePrimaryIcon =         {
            CFBundleIconName = AppIcon;
        };
    };
    "CFBundleIcons~ipad" =     {
        CFBundlePrimaryIcon =         {
            CFBundleIconName = AppIcon;
        };
    };
    ISIconPlatform = iPhoneOS;
}
2026-06-26 22:27:08.545 Df installcoordinationd[26512:89740f] [com.apple.installcoordination:daemon] -[IXSPlaceholder _materialize]_block_invoke: <IXSPlaceholder(0x105510500) Name:App Placeholder: NeonDrift.run.1782483975.50560 (com.DefaultCompany.NeonDrift.run.1782483975.50560) Creator:InstallCoordination Simple SPI UUID:E9DAF768-6338-4591-A1A8-81DC075C897D Location:[system-defined]>: Using icon resource Assets.car
2026-06-26 22:27:08.546 Df installcoordinationd[26512:89740f] [com.apple.installcoordination:daemon] -[IXSPlaceholder _materialize]: <IXSPlaceholder(0x105510500) Name:App Placeholder: NeonDrift.run.1782483975.50560 (com.DefaultCompany.NeonDrift.run.1782483975.50560) Creator:InstallCoordination Simple SPI UUID:E9DAF768-6338-4591-A1A8-81DC075C897D Location:[system-defined]>: Including lproj localizations for (
)
2026-06-26 22:27:08.546 Df installcoordinationd[26512:893469] [com.apple.installcoordination:daemon] -[IXSDataPromiseManager promiseDidComplete:]: Unowned promise completed: <IXSPlaceholder(0x105510500) Name:App Placeholder: NeonDrift.run.1782483975.50560 (com.DefaultCompany.NeonDrift.run.1782483975.50560) Creator:InstallCoordination Simple SPI UUID:E9DAF768-6338-4591-A1A8-81DC075C897D Location:[system-defined]>
2026-06-26 22:27:08.547 Df installcoordinationd[26512:89740f] [com.apple.installcoordination:daemon] -[IXSDataPromiseManager registerPromise:]: Registered promise <IXSPromisedTransferToPath(0x1054dd480) Name:App Asset: com.DefaultCompany.NeonDrift.run.1782483975.50560 Creator:InstallCoordination Simple SPI UUID:EACE4E8D-AC64-46C5-ACB5-E18D4E28F20F Location:[system-defined]> for UUID EACE4E8D-AC64-46C5-ACB5-E18D4E28F20F
2026-06-26 22:27:08.548 Df installcoordinationd[26512:89740f] [com.apple.installcoordination:daemon] -[IXSCoordinatorManager coordinatorForIdentity:connection:error:creatingIfNotExisting:]_block_invoke: Registered coordinator: <IXSCoordinatedAppInstall<0x1055e4000> [P=CoreSimulatorBridge (pid 13156)] identifier:[com.DefaultCompany.NeonDrift.run.1782483975.50560/Invalid/[system-defined]] uuid:673E7A9A-9879-496B-B572-F88E5DAFC7D7 intent:IXCoordinatorIntentInitiating creator/appDRI:InstallCoordination Simple SPI importance:Background state:IXAppCoordinationStatePlaceholderPromiseNotSet promise-state:01234>
2026-06-26 22:27:08.548 Df installcoordinationd[26512:89740f] [com.apple.appinstallation:TransactionLog] com.DefaultCompany.NeonDrift.run.1782483975.50560/Unknown Persona:4:1:1:1:Created coordinator with intent IXCoordinatorIntentInitiating for client InstallCoordination Simple SPI
2026-06-26 22:27:08.548 Df installcoordinationd[26512:89740f] [com.apple.installcoordination:daemon] -[IXSCoordinatedAppInstall setPriorityBoostCompletion:withSourceInfo:]: <IXSCoordinatedAppInstall<0x1055e4000> [P=CoreSimulatorBridge (pid 13156)] identifier:[com.DefaultCompany.NeonDrift.run.1782483975.50560/Invalid/[system-defined]] uuid:673E7A9A-9879-496B-B572-F88E5DAFC7D7 intent:IXCoordinatorIntentInitiating creator/appDRI:InstallCoordination Simple SPI importance:Background state:IXAppCoordinationStatePlaceholderPromiseNotSet promise-state:01234>: Retaining completion from CoreSimulatorBridge (13156), QOS_CLASS_DEFAULT (0x15)
2026-06-26 22:27:08.548 Df installcoordinationd[26512:89740f] [com.apple.installcoordination:daemon] -[IXSCoordinatedAppInstall setImportance:]: <IXSCoordinatedAppInstall<0x1055e4000> [P=CoreSimulatorBridge (pid 13156)] identifier:[com.DefaultCompany.NeonDrift.run.1782483975.50560/Invalid/[system-defined]] uuid:673E7A9A-9879-496B-B572-F88E5DAFC7D7 intent:IXCoordinatorIntentInitiating creator/appDRI:InstallCoordination Simple SPI importance:UserWaiting state:IXAppCoordinationStatePlaceholderPromiseNotSet promise-state:01234>: set importance to UserWaiting
2026-06-26 22:27:08.549 Df installcoordinationd[26512:89740f] [com.apple.installcoordination:daemon] -[IXSCoordinatedAppInstall _onQueue_fireObserversForClient:]: <IXSCoordinatedAppInstall<0x1055e4000> [P=CoreSimulatorBridge (pid 13156)] identifier:[com.DefaultCompany.NeonDrift.run.1782483975.50560/Invalid/[system-defined]] uuid:673E7A9A-9879-496B-B572-F88E5DAFC7D7 intent:IXCoordinatorIntentInitiating creator/appDRI:InstallCoordination Simple SPI importance:UserWaiting state:IXAppCoordinationStatePlaceholderPromiseNotSet promise-state:01234>: Firing applicable observers for client <IXSClientConnection<0x1054407e0> client:CoreSimulatorBridge (pid 13156) uuid:91EA0638-10DA-4AE9-8353-ED9F7F8399EE>
2026-06-26 22:27:08.549 Df installcoordinationd[26512:89740f] [com.apple.installcoordination:daemon] -[IXSCoordinatedAppInstall setPriorityBoostCompletion:withSourceInfo:]: <IXSCoordinatedAppInstall<0x1055e4000> [P=CoreSimulatorBridge (pid 13156)] identifier:[com.DefaultCompany.NeonDrift.run.1782483975.50560/Invalid/[system-defined]] uuid:673E7A9A-9879-496B-B572-F88E5DAFC7D7 intent:IXCoordinatorIntentInitiating creator/appDRI:InstallCoordination Simple SPI importance:UserWaiting state:IXAppCoordinationStatePlaceholderPromiseNotSet promise-state:01234>: Disposing of completion from CoreSimulatorBridge (13156), QOS_CLASS_DEFAULT (0x15)
2026-06-26 22:27:08.549 Df installcoordinationd[26512:89740f] [com.apple.installcoordination:daemon] -[IXSCoordinatedAppInstall setPriorityBoostCompletion:withSourceInfo:]: <IXSCoordinatedAppInstall<0x1055e4000> [P=CoreSimulatorBridge (pid 13156)] identifier:[com.DefaultCompany.NeonDrift.run.1782483975.50560/Invalid/[system-defined]] uuid:673E7A9A-9879-496B-B572-F88E5DAFC7D7 intent:IXCoordinatorIntentInitiating creator/appDRI:InstallCoordination Simple SPI importance:UserWaiting state:IXAppCoordinationStatePlaceholderPromiseNotSet promise-state:01234>: Retaining completion from CoreSimulatorBridge (13156), QOS_CLASS_DEFAULT (0x15)
2026-06-26 22:27:08.549 Df CoreSimulatorBridge[13156:89740d] [com.apple.installcoordination:framework] -[IXAppInstallCoordinator _clientDelegate_didRegisterForObservation]: <IXInitiatingAppInstallCoordinator<0x103458200> identity:[com.DefaultCompany.NeonDrift.run.1782483975.50560/Invalid/[system-defined]] uuid:673E7A9A-9879-496B-B572-F88E5DAFC7D7 creator:InstallCoordination Simple SPI>: Got observer registration delegate
2026-06-26 22:27:08.549 Df CoreSimulatorBridge[13156:89740d] [com.apple.installcoordination:framework] -[IXAppInstallCoordinator _clientDelegate_shouldResume]: <IXInitiatingAppInstallCoordinator<0x103458200> identity:[com.DefaultCompany.NeonDrift.run.1782483975.50560/Invalid/[system-defined]] uuid:673E7A9A-9879-496B-B572-F88E5DAFC7D7 creator:InstallCoordination Simple SPI>: Got should resume delegate
2026-06-26 22:27:08.549 Df CoreSimulatorBridge[13156:89740d] [com.apple.installcoordination:framework] -[IXAppInstallCoordinator _clientDelegate_didRegisterForObservation]_block_invoke: <IXInitiatingAppInstallCoordinator<0x103458200> identity:[com.DefaultCompany.NeonDrift.run.1782483975.50560/Invalid/[system-defined]] uuid:673E7A9A-9879-496B-B572-F88E5DAFC7D7 creator:InstallCoordination Simple SPI>: Observer <_IXSimpleInstallerDelegate 0x0x101b1b3f0> does not respond to coordinatorDidRegisterForObservation:
2026-06-26 22:27:08.549 Df CoreSimulatorBridge[13156:89740d] [com.apple.installcoordination:framework] -[IXAppInstallCoordinator _clientDelegate_shouldResume]_block_invoke: <IXInitiatingAppInstallCoordinator<0x103458200> identity:[com.DefaultCompany.NeonDrift.run.1782483975.50560/Invalid/[system-defined]] uuid:673E7A9A-9879-496B-B572-F88E5DAFC7D7 creator:InstallCoordination Simple SPI>: Observer <_IXSimpleInstallerDelegate 0x0x101b1b3f0> does not respond to coordinatorShouldResume:
2026-06-26 22:27:08.550 Df installcoordinationd[26512:89740f] [com.apple.installcoordination:daemon] -[IXSCoordinatedAppInstall _internal_setInstallOptionsPromise:performExternalActions:]: <IXSCoordinatedAppInstall<0x1055e4000> [P=CoreSimulatorBridge (pid 13156)] identifier:[com.DefaultCompany.NeonDrift.run.1782483975.50560/Invalid/[system-defined]] uuid:673E7A9A-9879-496B-B572-F88E5DAFC7D7 intent:IXCoordinatorIntentInitiating creator/appDRI:InstallCoordination Simple SPI importance:UserWaiting state:IXAppCoordinationStatePlaceholderPromiseNotSet promise-state:012I4> : install options set: <IXSPromisedInMemoryData(0x1054dd800) Name:MIInstallOptions data Creator:Install Coordination Internal UUID:A246866E-C222-46FA-A1AD-864CF57D30B1 Location:[system-defined]>
2026-06-26 22:27:08.550 Df installcoordinationd[26512:88f9d9] [com.apple.installcoordination:daemon] -[IXSCoordinatedAppInstall promiseDidComplete:]: <IXSCoordinatedAppInstall<0x1055e4000> [P=CoreSimulatorBridge (pid 13156)] identifier:[com.DefaultCompany.NeonDrift.run.1782483975.50560/Invalid/[system-defined]] uuid:673E7A9A-9879-496B-B572-F88E5DAFC7D7 intent:IXCoordinatorIntentInitiating creator/appDRI:InstallCoordination Simple SPI importance:UserWaiting state:IXAppCoordinationStatePlaceholderPromiseNotSet promise-state:012I4> : Promise completed: <IXSPromisedInMemoryData(0x1054dd800) Name:MIInstallOptions data Creator:Install Coordination Internal UUID:A246866E-C222-46FA-A1AD-864CF57D30B1 Location:[system-defined]>
2026-06-26 22:27:08.551 Df installcoordinationd[26512:88f9d9] [com.apple.appinstallation:TransactionLog] com.DefaultCompany.NeonDrift.run.1782483975.50560/Unknown Persona:4:13:1:1:Install Options Promise began. Coordinator State: IXAppCoordinationStatePlaceholderPromiseNotSet
2026-06-26 22:27:08.551 Df installcoordinationd[26512:88f9d9] [com.apple.appinstallation:TransactionLog] com.DefaultCompany.NeonDrift.run.1782483975.50560/Unknown Persona:4:13:2:1:Install Options Promise completed. Coordinator State: IXAppCoordinationStatePlaceholderPromiseNotSet
2026-06-26 22:27:08.551 Df installcoordinationd[26512:89740f] [com.apple.installcoordination:daemon] -[IXSCoordinatedAppInstall _internal_setAppAssetPromise:performExternalActions:]: <IXSCoordinatedAppInstall<0x1055e4000> [P=CoreSimulatorBridge (pid 13156)] identifier:[com.DefaultCompany.NeonDrift.run.1782483975.50560/Invalid/[system-defined]] uuid:673E7A9A-9879-496B-B572-F88E5DAFC7D7 intent:IXCoordinatorIntentInitiating creator/appDRI:InstallCoordination Simple SPI importance:UserWaiting state:IXAppCoordinationStatePlaceholderPromiseNotSet promise-state:0a2I4> : App Asset Promise set: <IXSPromisedTransferToPath(0x1054dd480) Name:App Asset: com.DefaultCompany.NeonDrift.run.1782483975.50560 Creator:InstallCoordination Simple SPI UUID:EACE4E8D-AC64-46C5-ACB5-E18D4E28F20F Location:[system-defined]>
2026-06-26 22:27:08.551 Df installcoordinationd[26512:88f9d9] [com.apple.installcoordination:daemon] -[IXSCoordinatedAppInstall setInitialODRAssetPromises:]: <IXSCoordinatedAppInstall<0x1055e4000> [P=CoreSimulatorBridge (pid 13156)] identifier:[com.DefaultCompany.NeonDrift.run.1782483975.50560/Invalid/[system-defined]] uuid:673E7A9A-9879-496B-B572-F88E5DAFC7D7 intent:IXCoordinatorIntentInitiating creator/appDRI:InstallCoordination Simple SPI importance:UserWaiting state:IXAppCoordinationStatePlaceholderPromiseNotSet promise-state:0a2I4> : Initial ODR Asset Promises set: (
)
2026-06-26 22:27:08.564 Df CoreSimulatorBridge[13156:88f9d7] [com.apple.installcoordination:framework] -[IXPromisedTransferToPath setComplete:]: <IXPromisedTransferToPath<0x103458640> name:"App Asset: com.DefaultCompany.NeonDrift.run.1782483975.50560" uuid:EACE4E8D-AC64-46C5-ACB5-E18D4E28F20F creator:"InstallCoordination Simple SPI" location:[system-defined]> Copy operation from /Users/dragonkao/.openclaw/workspace/382b9e3384298039b171c9b2a60ae644/NeonDrift_MVP/project/xcode_derived_data/Build/Products/Release-iphonesimulator/NeonDrift.run.1782483975.50560.app to /Users/dragonkao/Library/Developer/CoreSimulator/Devices/115FDF0C-5A2F-4686-909B-7F43F1450A28/data/Containers/Shared/SystemGroup/systemgroup.com.apple.installcoordinationd/Library/InstallCoordination/PromiseStaging/EACE4E8D-AC64-46C5-ACB5-E18D4E28F20F/NeonDrift.run.1782483975.50560.app took 0.012431 seconds
2026-06-26 22:27:08.565 Df installcoordinationd[26512:88f9d9] [com.apple.installcoordination:daemon] -[IXSDataPromise _setPercentComplete:saveStateIfNeeded:]: Progress: <IXSPromisedTransferToPath(0x1054dd480) Name:App Asset: com.DefaultCompany.NeonDrift.run.1782483975.50560 Creator:InstallCoordination Simple SPI UUID:EACE4E8D-AC64-46C5-ACB5-E18D4E28F20F Location:[system-defined]>
2026-06-26 22:27:08.565 Df installcoordinationd[26512:893469] [com.apple.appinstallation:TransactionLog] com.DefaultCompany.NeonDrift.run.1782483975.50560/Unknown Persona:4:10:1:1:App Asset Promise began. Coordinator State: IXAppCoordinationStatePlaceholderPromiseNotSet
2026-06-26 22:27:08.565 Df CoreSimulatorBridge[13156:89740e] [com.apple.installcoordination:framework] -[IXAppInstallCoordinator _clientDelegate_promiseDidBeginFulfillmentWithIdentifier:]: <IXInitiatingAppInstallCoordinator<0x103458200> identity:[com.DefaultCompany.NeonDrift.run.1782483975.50560/Invalid/[system-defined]] uuid:673E7A9A-9879-496B-B572-F88E5DAFC7D7 creator:InstallCoordination Simple SPI>: Got promise did begin fulfillment for identifier 2
2026-06-26 22:27:08.565 Df CoreSimulatorBridge[13156:89740e] [com.apple.installcoordination:framework] -[IXAppInstallCoordinator _clientDelegate_promiseDidBeginFulfillmentWithIdentifier:]_block_invoke: <IXInitiatingAppInstallCoordinator<0x103458200> identity:[com.DefaultCompany.NeonDrift.run.1782483975.50560/Invalid/[system-defined]] uuid:673E7A9A-9879-496B-B572-F88E5DAFC7D7 creator:InstallCoordination Simple SPI>: Observer <_IXSimpleInstallerDelegate 0x0x101b1b3f0> does not respond to coordinator:configuredPromiseDidBeginFulfillment: (or any deprecated equivalent)
2026-06-26 22:27:08.565 Df installcoordinationd[26512:89740f] [com.apple.installcoordination:daemon] -[IXSCoordinatedAppInstall promiseDidComplete:]: <IXSCoordinatedAppInstall<0x1055e4000> [P=CoreSimulatorBridge (pid 13156)] identifier:[com.DefaultCompany.NeonDrift.run.1782483975.50560/Invalid/[system-defined]] uuid:673E7A9A-9879-496B-B572-F88E5DAFC7D7 intent:IXCoordinatorIntentInitiating creator/appDRI:InstallCoordination Simple SPI importance:UserWaiting state:IXAppCoordinationStatePlaceholderPromiseNotSet promise-state:0A2I4> : Promise completed: <IXSPromisedTransferToPath(0x1054dd480) Name:App Asset: com.DefaultCompany.NeonDrift.run.1782483975.50560 Creator:InstallCoordination Simple SPI UUID:EACE4E8D-AC64-46C5-ACB5-E18D4E28F20F Location:[system-defined]>
2026-06-26 22:27:08.565 Df CoreSimulatorBridge[13156:89740d] [com.apple.installcoordination:framework] -[IXAppInstallCoordinator _clientDelegate_didUpdateProgress:forPhase:overallProgress:]: <IXInitiatingAppInstallCoordinator<0x103458200> identity:[com.DefaultCompany.NeonDrift.run.1782483975.50560/Invalid/[system-defined]] uuid:673E7A9A-9879-496B-B572-F88E5DAFC7D7 creator:InstallCoordination Simple SPI>: Got did update progress delegate with percentComplete 100.000000 phase IXCoordinatorProgressPhaseLoading overallProgress 60.000000
2026-06-26 22:27:08.565 Df installcoordinationd[26512:88f9d9] [com.apple.installcoordination:daemon] -[IXSCoordinatedAppInstall setPlaceholderPromise:]: <IXSCoordinatedAppInstall<0x1055e4000> [P=CoreSimulatorBridge (pid 13156)] identifier:[com.DefaultCompany.NeonDrift.run.1782483975.50560/Invalid/[system-defined]] uuid:673E7A9A-9879-496B-B572-F88E5DAFC7D7 intent:IXCoordinatorIntentInitiating creator/appDRI:InstallCoordination Simple SPI importance:UserWaiting state:IXAppCoordinationStateReadyForPlaceholderInstall promise-state:PA2I4> : Placeholder Promise set: <IXSPlaceholder(0x105510500) Name:App Placeholder: NeonDrift.run.1782483975.50560 (com.DefaultCompany.NeonDrift.run.1782483975.50560) Creator:InstallCoordination Simple SPI UUID:E9DAF768-6338-4591-A1A8-81DC075C897D Location:[system-defined]>
2026-06-26 22:27:08.565 Df CoreSimulatorBridge[13156:89740d] [com.apple.installcoordination:framework] -[IXAppInstallCoordinator _clientDelegate_didUpdateProgress:forPhase:overallProgress:]_block_invoke: <IXInitiatingAppInstallCoordinator<0x103458200> identity:[com.DefaultCompany.NeonDrift.run.1782483975.50560/Invalid/[system-defined]] uuid:673E7A9A-9879-496B-B572-F88E5DAFC7D7 creator:InstallCoordination Simple SPI>: Calling selector coordinator:didUpdateProgress:forPhase:overallProgress: on observer <_IXSimpleInstallerDelegate 0x0x101b1b3f0>
2026-06-26 22:27:08.565 Df installcoordinationd[26512:893469] [com.apple.installcoordination:daemon] -[IXSCoordinatedAppInstall promiseDidComplete:]: <IXSCoordinatedAppInstall<0x1055e4000> [P=CoreSimulatorBridge (pid 13156)] identifier:[com.DefaultCompany.NeonDrift.run.1782483975.50560/Invalid/[system-defined]] uuid:673E7A9A-9879-496B-B572-F88E5DAFC7D7 intent:IXCoordinatorIntentInitiating creator/appDRI:InstallCoordination Simple SPI importance:UserWaiting state:IXAppCoordinationStateReadyForPlaceholderInstall promise-state:PA2I4> : Promise completed: <IXSPlaceholder(0x105510500) Name:App Placeholder: NeonDrift.run.1782483975.50560 (com.DefaultCompany.NeonDrift.run.1782483975.50560) Creator:InstallCoordination Simple SPI UUID:E9DAF768-6338-4591-A1A8-81DC075C897D Location:[system-defined]>
2026-06-26 22:27:08.566 Df installcoordinationd[26512:88f9d9] [com.apple.installcoordination:daemon] -[IXSCoordinatedAppInstall _onQueue_acquireAssertionAndInstallPlaceholder]: Acquiring termination assertion to install placeholder for [com.DefaultCompany.NeonDrift.run.1782483975.50560/Invalid/[system-defined]]
2026-06-26 22:27:08.566 Df installcoordinationd[26512:88f9d9] [com.apple.installcoordination:daemon] -[IXSPendingOperationsTracker beginPendingOperationForIdentity:]_block_invoke: Beginning pending operation for [com.DefaultCompany.NeonDrift.run.1782483975.50560/Invalid/[system-defined]]
2026-06-26 22:27:08.567 Df runningboardd[13128:89741a] [com.apple.runningboard:connection] Received termination request from [osservice<com.apple.installcoordinationd>:26512] on <RBSProcessPredicate <RBSProcessBundleIdentifierPredicate "com.DefaultCompany.NeonDrift.run.1782483975.50560">> with context <RBSTerminateContext| explanation:installcoordinationd app:[com.DefaultCompany.NeonDrift.run.1782483975.50560/Invalid/[system-defined]] uuid:673E7A9A-9879-496B-B572-F88E5DAFC7D7 isPlaceholder:Y reportType:None maxTerminationResistance:Absolute attrs:[
	<RBSPreventLaunchLimitation| <RBSProcessPredicate <RBSProcessBundleIdentifierPredicate "com.DefaultCompany.NeonDrift.run.1782483975.50560">> allow:(null)>
	]>
2026-06-26 22:27:08.567 Df runningboardd[13128:89741a] [com.apple.runningboard:general] failed to get LSApplicationRecord for com.DefaultCompany.NeonDrift.run.1782483975.50560 - probably OK
2026-06-26 22:27:08.567 Df runningboardd[13128:89741a] [com.apple.runningboard:connection] skipping plugin hold for uninstalled proxy com.DefaultCompany.NeonDrift.run.1782483975.50560
2026-06-26 22:27:08.567 Df runningboardd[13128:89741a] [com.apple.runningboard:ttl] Acquiring assertion targeting system from originator [osservice<com.apple.installcoordinationd>:26512] with description <RBSAssertionDescriptor| "installcoordinationd app:[com.DefaultCompany.NeonDrift.run.1782483975.50560/Invalid/[system-defined]] uuid:673E7A9A-9879-496B-B572-F88E5DAFC7D7 isPlaceholder:Y" ID:13128-26512-8938 target:system attributes:[
	<RBSPreventLaunchLimitation| <RBSProcessPredicate <RBSProcessBundleIdentifierPredicate "com.DefaultCompany.NeonDrift.run.1782483975.50560">> allow:(null)>
	]>
2026-06-26 22:27:08.567 Df runningboardd[13128:89741a] [com.apple.runningboard:process] Executing termination request for: <RBSProcessPredicate <RBSProcessBundleIdentifierPredicate "com.DefaultCompany.NeonDrift.run.1782483975.50560">>
2026-06-26 22:27:08.567 Df installcoordinationd[26512:88f9d9] [com.apple.installcoordination:daemon] -[IXSCoordinatedAppInstall assertionAcquiredCallback]: RBS termination assertion observer called for <IXSCoordinatedAppInstall<0x1055e4000> [P=CoreSimulatorBridge (pid 13156)] identifier:[com.DefaultCompany.NeonDrift.run.1782483975.50560/Invalid/[system-defined]] uuid:673E7A9A-9879-496B-B572-F88E5DAFC7D7 intent:IXCoordinatorIntentInitiating creator/appDRI:InstallCoordination Simple SPI importance:UserWaiting state:IXAppCoordinationStateWaitingForPlaceholderAssertion promise-state:PA2I4>
2026-06-26 22:27:08.567 Df installcoordinationd[26512:88f9d9] [com.apple.appinstallation:TransactionLog] com.DefaultCompany.NeonDrift.run.1782483975.50560/Unknown Persona:4:10:2:1:App Asset Promise completed. Coordinator State: IXAppCoordinationStateWaitingForPlaceholderAssertion
2026-06-26 22:27:08.567 Df installcoordinationd[26512:88f9d9] [com.apple.appinstallation:TransactionLog] com.DefaultCompany.NeonDrift.run.1782483975.50560/Unknown Persona:4:9:1:1:Placeholder Promise began. Coordinator State: IXAppCoordinationStateWaitingForPlaceholderAssertion
2026-06-26 22:27:08.567 Df SpringBoard[13125:4bdd22] [com.apple.SpringBoard:Common] termination assertion acquired for com.DefaultCompany.NeonDrift.run.1782483975.50560 (app not found)
2026-06-26 22:27:08.567 Df installcoordinationd[26512:88f9d9] [com.apple.installcoordination:daemon] -[IXSCoordinatorProgress setTotalUnitsCompleted:]: Progress for coordinator: [com.DefaultCompany.NeonDrift.run.1782483975.50560/Invalid/[system-defined]], Phase: IXCoordinatorProgressPhaseLoading, Percentage: 100.000000: Attempt to set units completed on finished progress: 100
2026-06-26 22:27:08.568 Df installcoordinationd[26512:88f9d9] [com.apple.appinstallation:TransactionLog] com.DefaultCompany.NeonDrift.run.1782483975.50560/Unknown Persona:4:9:2:1:Placeholder Promise completed. Coordinator State: IXAppCoordinationStateWaitingForPlaceholderAssertion
2026-06-26 22:27:08.568 Df CoreSimulatorBridge[13156:88f9d7] [com.apple.installcoordination:framework] -[IXAppInstallCoordinator _clientDelegate_promiseDidBeginFulfillmentWithIdentifier:]: <IXInitiatingAppInstallCoordinator<0x103458200> identity:[com.DefaultCompany.NeonDrift.run.1782483975.50560/Invalid/[system-defined]] uuid:673E7A9A-9879-496B-B572-F88E5DAFC7D7 creator:InstallCoordination Simple SPI>: Got promise did begin fulfillment for identifier 1
2026-06-26 22:27:08.568 Df CoreSimulatorBridge[13156:88f9d7] [com.apple.installcoordination:framework] -[IXAppInstallCoordinator _clientDelegate_promiseDidBeginFulfillmentWithIdentifier:]_block_invoke: <IXInitiatingAppInstallCoordinator<0x103458200> identity:[com.DefaultCompany.NeonDrift.run.1782483975.50560/Invalid/[system-defined]] uuid:673E7A9A-9879-496B-B572-F88E5DAFC7D7 creator:InstallCoordination Simple SPI>: Observer <_IXSimpleInstallerDelegate 0x0x101b1b3f0> does not respond to coordinator:configuredPromiseDidBeginFulfillment: (or any deprecated equivalent)
2026-06-26 22:27:08.568 Df installcoordinationd[26512:88f9d9] [com.apple.installcoordination:daemon] -[IXSCoordinatedAppInstall _onQueue_installPlaceholder]: Acquired termination assertion for placeholder [com.DefaultCompany.NeonDrift.run.1782483975.50560/Invalid/[system-defined]]; proceeding with install.
2026-06-26 22:27:08.568 Df installcoordinationd[26512:88f9d9] [com.apple.installcoordination:daemon] -[IXSPowerAssertion initWithAssertionName:details:]: Acquired power assertion IXPowerAssertion-12-[com.DefaultCompany.NeonDrift.run.1782483975.50560/Invalid/[system-defined]]
2026-06-26 22:27:08.569 Df installd[26514:897423] (MobileSystemServices) 0x16bd27000 -[MIClientConnection _doInstallationForURL:identity:domain:options:operationType:completion:]: Install of "/Users/dragonkao/Library/Developer/CoreSimulator/Devices/115FDF0C-5A2F-4686-909B-7F43F1450A28/data/Containers/Shared/SystemGroup/systemgroup.com.apple.installcoordinationd/Library/InstallCoordination/PromiseStaging/E9DAF768-6338-4591-A1A8-81DC075C897D/NeonDrift.run.1782483975.50560.app" type Placeholder (LSInstallType = 1, Domain: MIInstallationDomainDefault) requested by installcoordinationd (pid 26512 (501/20))
2026-06-26 22:27:08.573 Df installd[26514:897423] [com.apple.containermanager:xpc] Query; euid = 501, uid = 501, class = 1, identifier = [com.DefaultCompany.NeonDrift.run.1782483975.50560](1), flags = 300000002
2026-06-26 22:27:08.573 Df installd[26514:897423] [com.apple.containermanager:xpc] Query; euid = 501, uid = 501, class = 1, identifier = [com.DefaultCompany.NeonDrift.run.1782483975.50560](1), flags = 300000002
2026-06-26 22:27:08.573 Df installd[26514:897423] (MobileSystemServices) 0x16bd27000 -[MIInstaller _installInstallable:containingSymlink:error:]: Installing <MIInstallableBundle ID=com.DefaultCompany.NeonDrift.run.1782483975.50560; Persona=com.apple.containermanager.primary-persona, Version=0, ShortVersion=1.0>
2026-06-26 22:27:08.574 Df installd[26514:897423] [com.apple.appinstallation:TransactionLog] com.DefaultCompany.NeonDrift.run.1782483975.50560/com.apple.containermanager.primary-persona:7:4:1:1:Start : Install (Placeholder)
2026-06-26 22:27:08.576 Df installd[26514:897423] [com.apple.containermanager:query] Query; euid = 501, uid = 501, class = 4, identifier = [com.DefaultCompany.NeonDrift.run.1782483975.50560](1), flags = 300000002
2026-06-26 22:27:08.576 Df installd[26514:897423] [com.apple.containermanager:query] Query; euid = 501, uid = 501, class = 4, identifier = [com.DefaultCompany.NeonDrift.run.1782483975.50560](1), flags = 300000002
2026-06-26 22:27:08.577 Df installd[26514:897423] [com.apple.containermanager:xpc] Query; euid = 501, uid = 501, class = 1, identifier = [com.DefaultCompany.NeonDrift.run.1782483975.50560](1), flags = 300000003
2026-06-26 22:27:08.577 E  containermanagerd_system[13173:88d923] [com.apple.containermanager:schema] [com.DefaultCompany.NeonDrift.run.1782483975.50560(1)] Current schema version (1) is newer than the latest (0), ignoring.
2026-06-26 22:27:08.577 Df containermanagerd_system[13173:88d923] [com.apple.containermanager:schema] [u 35A3D1EF-99DC-4FAE-A0E6-6674F148BCEA:p 2E163588-2FFB-41CD-9F93-26A2261B8379:c com.DefaultCompany.NeonDrift.run.1782483975.50560(1):i31326831] Successfully updated schema from (0) → (0), actions count = 0
2026-06-26 22:27:08.578 Df installd[26514:897423] [com.apple.containermanager:xpc] Query; euid = 501, uid = 501, class = 1, identifier = [com.DefaultCompany.NeonDrift.run.1782483975.50560](1), flags = 300000002
2026-06-26 22:27:08.580 Df installd[26514:897423] [com.apple.containermanager:query] Query; euid = 501, uid = 501, class = 2, identifier = [com.DefaultCompany.NeonDrift.run.1782483975.50560](1), flags = 300000003
2026-06-26 22:27:08.582 Df containermanagerd[13188:763a70] [com.apple.containermanager:schema] [u 88CBF3F4-4FD5-4103-9578-C6D2C8B7224F:p A1FD37F0-7D2B-4BFC-907A-100466ADE27E:c com.DefaultCompany.NeonDrift.run.1782483975.50560(2):i31326834] Successfully updated schema from (0) → (1), actions count = 6
2026-06-26 22:27:08.583 Df installd[26514:897423] [com.apple.containermanager:query] Query; euid = 501, uid = 501, class = 2, identifier = [com.DefaultCompany.NeonDrift.run.1782483975.50560](1), flags = 300000002
2026-06-26 22:27:08.584 Df installd[26514:897423] (MobileSystemServices) 0x16bd27000 -[MIInstallationJournalEntry _refreshUUIDForContainer:withError:]: Data container for com.DefaultCompany.NeonDrift.run.1782483975.50560 is now at /Users/dragonkao/Library/Developer/CoreSimulator/Devices/115FDF0C-5A2F-4686-909B-7F43F1450A28/data/Containers/Data/Application/1CD5A043-E617-40E8-BD32-3841E9FE330C
2026-06-26 22:27:08.585 Df containermanagerd[13188:763a70] [com.apple.containermanager:schema] [u 88CBF3F4-4FD5-4103-9578-C6D2C8B7224F:p 1CD5A043-E617-40E8-BD32-3841E9FE330C:c com.DefaultCompany.NeonDrift.run.1782483975.50560(2):i0] Successfully updated schema from (0) → (1), actions count = 6
2026-06-26 22:27:08.585 Df installd[26514:897423] [com.apple.containermanager:unspecified] Replace; old = <NULL>, new = [temp-app:com.DefaultCompany.NeonDrift.run.1782483975.50560:501::(35A3D1EF-99DC-4FAE-A0E6-6674F148BCEA)]
2026-06-26 22:27:08.586 Df installd[26514:897423] [com.apple.containermanager:xpc] Query; euid = 501, uid = 501, class = 1, identifier = [com.DefaultCompany.NeonDrift.run.1782483975.50560](1), flags = 300000002
2026-06-26 22:27:08.587 Df installd[26514:897423] (MobileSystemServices) 0x16bd27000 -[MIContainer makeContainerLiveReplacingContainer:reason:waitForDeletion:withError:]: Made container live for com.DefaultCompany.NeonDrift.run.1782483975.50560 at /Users/dragonkao/Library/Developer/CoreSimulator/Devices/115FDF0C-5A2F-4686-909B-7F43F1450A28/data/Containers/Bundle/Application/408B1D37-61E2-4335-B604-C36D62EAD5FB
2026-06-26 22:27:08.587 Df containermanagerd[13188:763a70] [com.apple.containermanager:codesignmapping] Reconciled [com.DefaultCompany.NeonDrift.run.1782483975.50560]; old app groups: (null), new app groups: (null), old system groups: (null), new system groups: (null)
2026-06-26 22:27:08.588 Df installd[26514:897423] [com.apple.containermanager:unspecified] Requesting disk usage; class = 1, identifier = com.DefaultCompany.NeonDrift.run.1782483975.50560
2026-06-26 22:27:08.590 Df installd[26514:897423] [com.apple.containermanager:query] Query; euid = 501, uid = 501, class = 7, identifier = [com.DefaultCompany.NeonDrift.run.1782483975.50560](1), flags = 300000001
2026-06-26 22:27:08.590 Df SpringBoard[13125:4bdd22] [com.apple.SpringBoard:Common] termination assertion released for com.DefaultCompany.NeonDrift.run.1782483975.50560 (app not found)
2026-06-26 22:27:08.597 Df installd[26514:897423] (MobileSystemServices) 0x16bd27000 -[MILaunchServicesOperationManager _onQueue_addPendingLaunchServicesOperation:error:]: Added pending LS operation <MILaunchServicesRegisterOperation: 663EB7E2-4017-4EBD-8364-0BE84C3DA140:107 com.DefaultCompany.NeonDrift.run.1782483975.50560/MIInstallationDomainSystemShared personas:[com.apple.containermanager.primary-persona]>
2026-06-26 22:27:08.597 Df lsd[13177:89467c] [com.apple.launchservices:appinstallation] Post installation registration: request to register com.DefaultCompany.NeonDrift.run.1782483975.50560, operation 663EB7E2-4017-4EBD-8364-0BE84C3DA140, from pid 26514
2026-06-26 22:27:08.598 Df lsd[13177:89467c] [com.apple.appinstallation:TransactionLog] com.DefaultCompany.NeonDrift.run.1782483975.50560/Unknown Persona:5:4:1:1:Registering bundles via registrant - start
2026-06-26 22:27:08.600 E  lsd[13177:89467c] [com.apple.launchservices:default] LSStringLocalizer development region en not found in localizations available for bundle file:///Users/dragonkao/Library/Developer/CoreSimulator/Devices/115FDF0C-5A2F-4686-909B-7F43F1450A28/data/Containers/Bundle/Application/408B1D37-61E2-4335-B604-C36D62EAD5FB/NeonDrift.run.1782483975.50560.app/
2026-06-26 22:27:08.600 Df lsd[13177:89467c] [com.apple.appinstallation:TransactionLog] com.DefaultCompany.NeonDrift.run.1782483975.50560/Unknown Persona:5:5:1:1:Building bundle record for app
2026-06-26 22:27:08.600 Df lsd[13177:89467c] [com.apple.launchservices:appinstallation] No bundles to remove for com.DefaultCompany.NeonDrift.run.1782483975.50560
2026-06-26 22:27:08.600 Df lsd[13177:89467c] [com.apple.launchservices:appinstallation] Placeholder detected - Flagging bundle com.DefaultCompany.NeonDrift.run.1782483975.50560 incomplete
2026-06-26 22:27:08.600 Df lsd[13177:89467c] [com.apple.appinstallation:TransactionLog] com.DefaultCompany.NeonDrift.run.1782483975.50560/Unknown Persona:5:5:2:1:Built bundle record for app
2026-06-26 22:27:08.601 Df lsd[13177:89467c] [com.apple.appinstallation:TransactionLog] com.DefaultCompany.NeonDrift.run.1782483975.50560/Unknown Persona:5:4:2:1:Registered bundle status = success
2026-06-26 22:27:08.601 Df lsd[13177:89467c] [com.apple.appinstallation:TransactionLog] com.DefaultCompany.NeonDrift.run.1782483975.50560/Unknown Persona:5:4:2:1:Finished registering com.DefaultCompany.NeonDrift.run.1782483975.50560, bundle unit 750
2026-06-26 22:27:08.602 Df lsd[13177:89467c] [com.apple.launchservices:progress] Sending applicationInstallsDidStart: for (
    "<LSApplicationProxy: 0x1057d8000> com.DefaultCompany.NeonDrift.run.1782483975.50560 file:///Users/dragonkao/Library/Developer/CoreSimulator/Devices/115FDF0C-5A2F-4686-909B-7F43F1450A28/data/Containers/Bundle/Application/408B1D37-61E2-4335-B604-C36D62EAD5FB/NeonDrift.run.1782483975.50560.app/ <com.DefaultCompany.NeonDrift.run.1782483975.50560 <placeholder >:1>"
)
2026-06-26 22:27:08.602 Df installd[26514:897423] (MobileSystemServices) 0x16bd27000 -[MIJournal purgeJournalEntry:withError:]: Removing journal entry <MIInstallationJournalEntry<0x1050b0780> [com.DefaultCompany.NeonDrift.run.1782483975.50560/com.apple.containermanager.primary-persona/[system-defined]]/MIInstallationDomainSystemShared op:2 phase:JournalPhaseDidRegisterWithLS version:0>
2026-06-26 22:27:08.602 Df lsd[13177:89467c] [com.apple.launchservices:progress] Created parent progress <NSProgress: com.DefaultCompany.NeonDrift.run.1782483975.50560 phase=InstallingPlaceholder; state=Waiting; finalPhase=Installing; fractionCompleted=0.000000>
2026-06-26 22:27:08.602 Df appstored[13277:893d1b] [com.apple.launchservices:appinstallation] LaunchServices observer: InstallsStarted (
    "<LSApplicationProxy: 0x1027f0000> com.DefaultCompany.NeonDrift.run.1782483975.50560 file:///Users/dragonkao/Library/Developer/CoreSimulator/Devices/115FDF0C-5A2F-4686-909B-7F43F1450A28/data/Containers/Bundle/Application/408B1D37-61E2-4335-B604-C36D62EAD5FB/NeonDrift.run.1782483975.50560.app/ <com.DefaultCompany.NeonDrift.run.1782483975.50560 <placeholder >:1>"
)
2026-06-26 22:27:08.602 Df runningboardd[13128:89741a] [com.apple.launchservices:appinstallation] LaunchServices observer: InstallsStarted (
