2026-06-26 22:27:42.599 Df CoreSimulatorBridge[13156:88f9d7] [com.apple.installcoordination:framework] -[IXAppInstallCoordinator _clientDelegate_didUpdateProgress:forPhase:overallProgress:]: <IXUpdatingAppInstallCoordinator<0x103458700> identity:[com.DefaultCompany.NeonDrift.run.1782483975.50560/Invalid/[system-defined]] uuid:A4C431A4-AC11-4A0A-A4B7-8F70E1EC3E70 creator:InstallCoordination Simple SPI>: Got did update progress delegate with percentComplete 5.000000 phase IXCoordinatorProgressPhaseInstalling overallProgress 62.000000
2026-06-26 22:27:42.599 Df CoreSimulatorBridge[13156:88f9d7] [com.apple.installcoordination:framework] -[IXAppInstallCoordinator _clientDelegate_didUpdateProgress:forPhase:overallProgress:]: <IXUpdatingAppInstallCoordinator<0x103458700> identity:[com.DefaultCompany.NeonDrift.run.1782483975.50560/Invalid/[system-defined]] uuid:A4C431A4-AC11-4A0A-A4B7-8F70E1EC3E70 creator:InstallCoordination Simple SPI>: Got did update progress delegate with percentComplete 15.000000 phase IXCoordinatorProgressPhaseInstalling overallProgress 66.000000
2026-06-26 22:27:42.599 Df PosterBoard[13202:897484] [com.apple.launchservices:appinstallation] LaunchServices observer: InstallsStarted (
    "<LSApplicationProxy: 0x10626cb40> com.DefaultCompany.NeonDrift.run.1782483975.50560 file:///Users/dragonkao/Library/Developer/CoreSimulator/Devices/115FDF0C-5A2F-4686-909B-7F43F1450A28/data/Containers/Bundle/Application/43ECB75B-94FB-48F7-A135-D42140F26F70/com.apple.mobileinstallation.placeholder/ <com.DefaultCompany.NeonDrift.run.1782483975.50560 <placeholder >:1>"
)
2026-06-26 22:27:42.599 Df CoreSimulatorBridge[13156:88f9d7] [com.apple.installcoordination:framework] -[IXAppInstallCoordinator _clientDelegate_didUpdateProgress:forPhase:overallProgress:]: <IXUpdatingAppInstallCoordinator<0x103458700> identity:[com.DefaultCompany.NeonDrift.run.1782483975.50560/Invalid/[system-defined]] uuid:A4C431A4-AC11-4A0A-A4B7-8F70E1EC3E70 creator:InstallCoordination Simple SPI>: Got did update progress delegate with percentComplete 20.000000 phase IXCoordinatorProgressPhaseInstalling overallProgress 68.000000
2026-06-26 22:27:42.599 Df PosterBoard[13202:897484] [com.apple.launchservices:appinstallation] LaunchServices observer: MetadataUpdate (
    "com.DefaultCompany.NeonDrift.run.1782483975.50560"
)
2026-06-26 22:27:42.599 Df CoreSimulatorBridge[13156:897419] [com.apple.installcoordination:framework] -[IXAppInstallCoordinator _clientDelegate_didUpdateProgress:forPhase:overallProgress:]_block_invoke: <IXUpdatingAppInstallCoordinator<0x103458700> identity:[com.DefaultCompany.NeonDrift.run.1782483975.50560/Invalid/[system-defined]] uuid:A4C431A4-AC11-4A0A-A4B7-8F70E1EC3E70 creator:InstallCoordination Simple SPI>: Calling selector coordinator:didUpdateProgress:forPhase:overallProgress: on observer <_IXSimpleInstallerDelegate 0x0x101b1b8a0>
2026-06-26 22:27:42.599 Df CoreSimulatorBridge[13156:897419] [com.apple.installcoordination:framework] -[IXAppInstallCoordinator _clientDelegate_didUpdateProgress:forPhase:overallProgress:]_block_invoke: <IXUpdatingAppInstallCoordinator<0x103458700> identity:[com.DefaultCompany.NeonDrift.run.1782483975.50560/Invalid/[system-defined]] uuid:A4C431A4-AC11-4A0A-A4B7-8F70E1EC3E70 creator:InstallCoordination Simple SPI>: Calling selector coordinator:didUpdateProgress:forPhase:overallProgress: on observer <_IXSimpleInstallerDelegate 0x0x101b1b8a0>
2026-06-26 22:27:42.599 Df CoreSimulatorBridge[13156:897419] [com.apple.installcoordination:framework] -[IXAppInstallCoordinator _clientDelegate_didUpdateProgress:forPhase:overallProgress:]_block_invoke: <IXUpdatingAppInstallCoordinator<0x103458700> identity:[com.DefaultCompany.NeonDrift.run.1782483975.50560/Invalid/[system-defined]] uuid:A4C431A4-AC11-4A0A-A4B7-8F70E1EC3E70 creator:InstallCoordination Simple SPI>: Calling selector coordinator:didUpdateProgress:forPhase:overallProgress: on observer <_IXSimpleInstallerDelegate 0x0x101b1b8a0>
2026-06-26 22:27:42.600 Df PosterBoard[13202:897484] [com.apple.launchservices:appinstallation] LaunchServices observer: InstallsStarted (
    "<LSApplicationProxy: 0x10626d2c0> com.DefaultCompany.NeonDrift.run.1782483975.50560 file:///Users/dragonkao/Library/Developer/CoreSimulator/Devices/115FDF0C-5A2F-4686-909B-7F43F1450A28/data/Containers/Bundle/Application/43ECB75B-94FB-48F7-A135-D42140F26F70/com.apple.mobileinstallation.placeholder/ <com.DefaultCompany.NeonDrift.run.1782483975.50560 <placeholder >:1>"
)
2026-06-26 22:27:42.600 Df PosterBoard[13202:897484] [com.apple.launchservices:appinstallation] LaunchServices observer: Will install (
    "<LSApplicationProxy: 0x10626cb40> com.DefaultCompany.NeonDrift.run.1782483975.50560 file:///Users/dragonkao/Library/Developer/CoreSimulator/Devices/115FDF0C-5A2F-4686-909B-7F43F1450A28/data/Containers/Bundle/Application/43ECB75B-94FB-48F7-A135-D42140F26F70/NeonDrift.run.1782483975.50560.app/ <com.DefaultCompany.NeonDrift.run.1782483975.50560 <installed >:0>"
)
2026-06-26 22:27:42.601 Df installd[26514:897423] [com.apple.containermanager:xpc] Query; euid = 501, uid = 501, class = 1, identifier = [com.DefaultCompany.NeonDrift.run.1782483975.50560](1), flags = 300000002
2026-06-26 22:27:42.601 Df installd[26514:897423] [com.apple.containermanager:xpc] Query; euid = 501, uid = 501, class = 1, identifier = [com.DefaultCompany.NeonDrift.run.1782483975.50560](1), flags = 300000002
2026-06-26 22:27:42.604 Df installd[26514:897423] [com.apple.containermanager:xpc] Query; euid = 501, uid = 501, class = 1, identifier = [com.DefaultCompany.NeonDrift.run.1782483975.50560](1), flags = 300000002
2026-06-26 22:27:42.604 Df installcoordinationd[26512:897f10] [com.apple.installcoordination:daemon] -[IXSCoordinatorProgress setTotalUnitsCompleted:]: Progress for coordinator: [com.DefaultCompany.NeonDrift.run.1782483975.50560/Invalid/[system-defined]], Phase: IXCoordinatorProgressPhaseInstalling, Percentage: 20.000000: Attempt to set units completed on finished progress: 20
2026-06-26 22:27:42.604 Df installd[26514:897423] [com.apple.containermanager:xpc] Query; euid = 501, uid = 501, class = 1, identifier = [com.DefaultCompany.NeonDrift.run.1782483975.50560](1), flags = 300000002
2026-06-26 22:27:42.606 Df installd[26514:897423] (MobileSystemServices) 0x16bd27000 -[MIInstaller _installInstallable:containingSymlink:error:]: Installing <MIInstallableBundle ID=com.DefaultCompany.NeonDrift.run.1782483975.50560; Persona=com.apple.containermanager.primary-persona, Version=0, ShortVersion=1.0>
2026-06-26 22:27:42.606 Df installd[26514:897423] [com.apple.appinstallation:TransactionLog] com.DefaultCompany.NeonDrift.run.1782483975.50560/com.apple.containermanager.primary-persona:7:1:1:1:Start : Install (Patch Update)
2026-06-26 22:27:42.607 Df installd[26514:897423] (MobileSystemServices) 0x16bd27000 -[MIInstallable applyPatchWithError:]: Attempting Delta patch update of com.DefaultCompany.NeonDrift.run.1782483975.50560 from 0 (1.0) to 0 (1.0)
2026-06-26 22:27:42.607 Df CoreSimulatorBridge[13156:897419] [com.apple.installcoordination:framework] -[IXAppInstallCoordinator _clientDelegate_didUpdateProgress:forPhase:overallProgress:]: <IXUpdatingAppInstallCoordinator<0x103458700> identity:[com.DefaultCompany.NeonDrift.run.1782483975.50560/Invalid/[system-defined]] uuid:A4C431A4-AC11-4A0A-A4B7-8F70E1EC3E70 creator:InstallCoordination Simple SPI>: Got did update progress delegate with percentComplete 30.000000 phase IXCoordinatorProgressPhaseInstalling overallProgress 72.000000
2026-06-26 22:27:42.607 Df CoreSimulatorBridge[13156:897419] [com.apple.installcoordination:framework] -[IXAppInstallCoordinator _clientDelegate_didUpdateProgress:forPhase:overallProgress:]: <IXUpdatingAppInstallCoordinator<0x103458700> identity:[com.DefaultCompany.NeonDrift.run.1782483975.50560/Invalid/[system-defined]] uuid:A4C431A4-AC11-4A0A-A4B7-8F70E1EC3E70 creator:InstallCoordination Simple SPI>: Got did update progress delegate with percentComplete 35.000000 phase IXCoordinatorProgressPhaseInstalling overallProgress 74.000000
2026-06-26 22:27:42.607 Df CoreSimulatorBridge[13156:88f9d7] [com.apple.installcoordination:framework] -[IXAppInstallCoordinator _clientDelegate_didUpdateProgress:forPhase:overallProgress:]_block_invoke: <IXUpdatingAppInstallCoordinator<0x103458700> identity:[com.DefaultCompany.NeonDrift.run.1782483975.50560/Invalid/[system-defined]] uuid:A4C431A4-AC11-4A0A-A4B7-8F70E1EC3E70 creator:InstallCoordination Simple SPI>: Calling selector coordinator:didUpdateProgress:forPhase:overallProgress: on observer <_IXSimpleInstallerDelegate 0x0x101b1b8a0>
2026-06-26 22:27:42.607 Df CoreSimulatorBridge[13156:88f9d7] [com.apple.installcoordination:framework] -[IXAppInstallCoordinator _clientDelegate_didUpdateProgress:forPhase:overallProgress:]_block_invoke: <IXUpdatingAppInstallCoordinator<0x103458700> identity:[com.DefaultCompany.NeonDrift.run.1782483975.50560/Invalid/[system-defined]] uuid:A4C431A4-AC11-4A0A-A4B7-8F70E1EC3E70 creator:InstallCoordination Simple SPI>: Calling selector coordinator:didUpdateProgress:forPhase:overallProgress: on observer <_IXSimpleInstallerDelegate 0x0x101b1b8a0>
2026-06-26 22:27:42.607 Df appprotectiond[26556:897483] [com.apple.appprotection:server] Received distnoted event <dictionary: 0x101108000> { count = 3, transaction: 0, voucher = 0x101148730, contents =
	"UserInfo" => <dictionary: 0x101035140> { count = 2, transaction: 0, voucher = 0x0, contents =
		"isPlaceholder" => <bool: 0x1e6e64540>: true
		"bundleIDs" => <array: 0x10103c2d0> { count = 1, capacity = 1, contents =
			0: <string: 0x10103c420> { string cache = 0x0, length = 49, contents = "com.DefaultCompany.NeonDrift.run.1782483975.50560" }
		}
	}
	"Name" => <string: 0x10103dfe0> { string cache = 0x0, length = 46, contents = "com.apple.LaunchServices.applicationRegistered" }
	"XPCEventName" => <string: 0x10103c150> { string cache = 0x0, length = 21, contents = "ApplicationRegistered" }
}
2026-06-26 22:27:42.608 Df appprotectiond[26556:897483] [com.apple.appprotection:server] received note: name = com.apple.LaunchServices.applicationRegistered, object = Optional(AppProtection.DistnotedXPCEventStreamTranslator), userInfo = Optional([AnyHashable("bundleIDs"): <__NSSingleObjectArrayI 0x1011e4220>(
com.DefaultCompany.NeonDrift.run.1782483975.50560
)
, AnyHashable("isPlaceholder"): 1])
2026-06-26 22:27:42.608 Df appprotectiond[26556:897483] [com.apple.appprotection:server] Received distnoted event <dictionary: 0x101108000> { count = 3, transaction: 0, voucher = 0x101148690, contents =
	"UserInfo" => <dictionary: 0x101035140> { count = 2, transaction: 0, voucher = 0x0, contents =
		"isPlaceholder" => <bool: 0x1e6e64540>: true
		"bundleIDs" => <array: 0x10103c2d0> { count = 1, capacity = 1, contents =
			0: <string: 0x10103c420> { string cache = 0x0, length = 49, contents = "com.DefaultCompany.NeonDrift.run.1782483975.50560" }
		}
	}
	"Name" => <string: 0x10103dfe0> { string cache = 0x0, length = 46, contents = "com.apple.LaunchServices.applicationRegistered" }
	"XPCEventName" => <string: 0x10103c150> { string cache = 0x0, length = 21, contents = "ApplicationRegistered" }
}
2026-06-26 22:27:42.608 Df appprotectiond[26556:897483] [com.apple.appprotection:server] received note: name = com.apple.LaunchServices.applicationRegistered, object = Optional(AppProtection.DistnotedXPCEventStreamTranslator), userInfo = Optional([AnyHashable("bundleIDs"): <__NSSingleObjectArrayI 0x1011e4220>(
com.DefaultCompany.NeonDrift.run.1782483975.50560
)
, AnyHashable("isPlaceholder"): 1])
2026-06-26 22:27:42.608 Df appprotectiond[26556:897483] [com.apple.appprotection:server] processing settings authority event: SettingsAuthorityEvent.promotePreferenceFromProvisionalForApplication(com.DefaultCompany.NeonDrift.run.1782483975.50560)
2026-06-26 22:27:42.608 Df appprotectiond[26556:897483] [com.apple.appprotection:server] processing settings authority event: SettingsAuthorityEvent.promotePreferenceFromProvisionalForApplication(com.DefaultCompany.NeonDrift.run.1782483975.50560)
2026-06-26 22:27:42.611 Df liveactivitiesd[26558:763bd7] [com.apple.launchservices:progress] Got progress <NSProgress: com.DefaultCompany.NeonDrift.run.1782483975.50560 phase=Installing; state=Active; finalPhase=Installing; fractionCompleted=0.600000> for app com.DefaultCompany.NeonDrift.run.1782483975.50560,
2026-06-26 22:27:42.611 Df liveactivitiesd[26558:897451] [com.apple.launchservices:progress] #LSInstallProgressList add subscriber: <_NSProgressSubscriber: 0x105bec630> publishingString: com.DefaultCompany.NeonDrift.run.1782483975.50560
2026-06-26 22:27:42.611 Df liveactivitiesd[26558:897451] [com.apple.launchservices:progress] Subscribing to progress for app com.DefaultCompany.NeonDrift.run.1782483975.50560,
2026-06-26 22:27:42.617 Df SpringBoard[13125:4bdd22] [com.apple.frontboard.ApplicationLibrary:sb.placeholder] App placeholder proxies added: (
    "<SBApplicationPlaceholderProxy: 0x12eb73a80; com.DefaultCompany.NeonDrift.run.1782483975.50560 (NeonDrift.run.1782483975.50560); LSInstallType: StoreDownload>"
), currentlyKnownExistingPlaceholders: {
}
2026-06-26 22:27:42.617 Df SpringBoard[13125:4bdd22] [com.apple.appinstallation:TransactionLog] com.DefaultCompany.NeonDrift.run.1782483975.50560/Unknown Persona:10:0:1:1:Placeholder add BEGIN
2026-06-26 22:27:42.617 Df SpringBoard[13125:4bdd22] [com.apple.SpringBoard:Icon] <<SBLeafIcon:0x12a8fdd40 [com.DefaultCompany.NeonDrift.run.1782483975.50560]>> Changing active data source: <SBApplicationIcon: 0x12a8fdd40; nodeID: com.DefaultCompany.NeonDrift.run.1782483975.50560; bundleID: com.DefaultCompany.NeonDrift.run.1782483975.50560>
2026-06-26 22:27:42.617 Df SpringBoard[13125:4bdd22] [com.apple.SpringBoard:Icon] <<SBLeafIcon:0x12a8fdd40 [com.DefaultCompany.NeonDrift.run.1782483975.50560]>> Changing from data souce: com.DefaultCompany.NeonDrift.run.1782483975.50560 to data source:com.DefaultCompany.NeonDrift.run.1782483975.50560.
2026-06-26 22:27:42.618 Df SpringBoard[13125:4bdd22] [com.apple.appinstallation:TransactionLog] com.DefaultCompany.NeonDrift.run.1782483975.50560/Unknown Persona:10:1:3:1:Created icon for placeholder.
2026-06-26 22:27:42.619 Df SpringBoard[13125:4bdd22] [com.apple.installcoordination:framework] +[IXAppInstallCoordinator removabilityForAppWithIdentity:error:]: Returning locally read removability, PossibleAndAllowed, for identity:[com.DefaultCompany.NeonDrift.run.1782483975.50560/Invalid/[system-defined]]
2026-06-26 22:27:42.619 Df SpringBoard[13125:4bdd22] [com.apple.frontboard.ApplicationLibrary:sb.placeholder] Placeholders added: (
    "<SBApplicationPlaceholder: 0x12ebfaee0; bundleIdentifier: com.DefaultCompany.NeonDrift.run.1782483975.50560; displayName: NeonDrift.run.1782483975.50560; progress: 0%; state: Waiting; canPromote?: YES; canCancel?: YES>"
), modified: (
), removed: (null)
2026-06-26 22:27:42.619 Df SpringBoard[13125:4bdd22] [com.apple.SpringBoard:Common] termination assertion acquired for com.DefaultCompany.NeonDrift.run.1782483975.50560
2026-06-26 22:27:42.621 Df SpringBoard[13125:4bdd22] [com.apple.appinstallation:TransactionLog] com.DefaultCompany.NeonDrift.run.1782483975.50560/Unknown Persona:10:2:3:1:Reloading icon image.
2026-06-26 22:27:42.630 Df installd[26514:897423] [com.apple.containermanager:query] Query; euid = 501, uid = 501, class = 4, identifier = [com.DefaultCompany.NeonDrift.run.1782483975.50560](1), flags = 300000002
2026-06-26 22:27:42.630 Df CoreSimulatorBridge[13156:88f9d7] [com.apple.installcoordination:framework] -[IXAppInstallCoordinator _clientDelegate_didUpdateProgress:forPhase:overallProgress:]: <IXUpdatingAppInstallCoordinator<0x103458700> identity:[com.DefaultCompany.NeonDrift.run.1782483975.50560/Invalid/[system-defined]] uuid:A4C431A4-AC11-4A0A-A4B7-8F70E1EC3E70 creator:InstallCoordination Simple SPI>: Got did update progress delegate with percentComplete 40.000000 phase IXCoordinatorProgressPhaseInstalling overallProgress 76.000000
2026-06-26 22:27:42.630 Df CoreSimulatorBridge[13156:88f9d7] [com.apple.installcoordination:framework] -[IXAppInstallCoordinator _clientDelegate_didUpdateProgress:forPhase:overallProgress:]_block_invoke: <IXUpdatingAppInstallCoordinator<0x103458700> identity:[com.DefaultCompany.NeonDrift.run.1782483975.50560/Invalid/[system-defined]] uuid:A4C431A4-AC11-4A0A-A4B7-8F70E1EC3E70 creator:InstallCoordination Simple SPI>: Calling selector coordinator:didUpdateProgress:forPhase:overallProgress: on observer <_IXSimpleInstallerDelegate 0x0x101b1b8a0>
2026-06-26 22:27:42.630 Df installd[26514:897423] [com.apple.containermanager:query] Query; euid = 501, uid = 501, class = 4, identifier = [com.DefaultCompany.NeonDrift.run.1782483975.50560](1), flags = 300000002
2026-06-26 22:27:42.631 Df installd[26514:897423] [com.apple.containermanager:xpc] Query; euid = 501, uid = 501, class = 1, identifier = [com.DefaultCompany.NeonDrift.run.1782483975.50560](1), flags = 300000003
2026-06-26 22:27:42.631 Df CoreSimulatorBridge[13156:897419] [com.apple.installcoordination:framework] -[IXAppInstallCoordinator _clientDelegate_didUpdateProgress:forPhase:overallProgress:]: <IXUpdatingAppInstallCoordinator<0x103458700> identity:[com.DefaultCompany.NeonDrift.run.1782483975.50560/Invalid/[system-defined]] uuid:A4C431A4-AC11-4A0A-A4B7-8F70E1EC3E70 creator:InstallCoordination Simple SPI>: Got did update progress delegate with percentComplete 50.000000 phase IXCoordinatorProgressPhaseInstalling overallProgress 80.000000
2026-06-26 22:27:42.631 Df CoreSimulatorBridge[13156:897419] [com.apple.installcoordination:framework] -[IXAppInstallCoordinator _clientDelegate_didUpdateProgress:forPhase:overallProgress:]_block_invoke: <IXUpdatingAppInstallCoordinator<0x103458700> identity:[com.DefaultCompany.NeonDrift.run.1782483975.50560/Invalid/[system-defined]] uuid:A4C431A4-AC11-4A0A-A4B7-8F70E1EC3E70 creator:InstallCoordination Simple SPI>: Calling selector coordinator:didUpdateProgress:forPhase:overallProgress: on observer <_IXSimpleInstallerDelegate 0x0x101b1b8a0>
2026-06-26 22:27:42.631 E  containermanagerd_system[13173:89742d] [com.apple.containermanager:schema] [com.DefaultCompany.NeonDrift.run.1782483975.50560(1)] Current schema version (1) is newer than the latest (0), ignoring.
2026-06-26 22:27:42.632 Df containermanagerd_system[13173:89742d] [com.apple.containermanager:schema] [u 128CE6D8-8F9F-4E46-AEC0-CB030C1E592B:p 666D3F45-5D38-4D38-9ACA-04FBDE99F372:c com.DefaultCompany.NeonDrift.run.1782483975.50560(1):i31331380] Successfully updated schema from (0) → (0), actions count = 0
2026-06-26 22:27:42.632 Df installd[26514:897423] [com.apple.containermanager:xpc] Query; euid = 501, uid = 501, class = 1, identifier = [com.DefaultCompany.NeonDrift.run.1782483975.50560](1), flags = 300000002
2026-06-26 22:27:42.633 Df CoreSimulatorBridge[13156:88f9d7] [com.apple.installcoordination:framework] -[IXAppInstallCoordinator _clientDelegate_didUpdateProgress:forPhase:overallProgress:]: <IXUpdatingAppInstallCoordinator<0x103458700> identity:[com.DefaultCompany.NeonDrift.run.1782483975.50560/Invalid/[system-defined]] uuid:A4C431A4-AC11-4A0A-A4B7-8F70E1EC3E70 creator:InstallCoordination Simple SPI>: Got did update progress delegate with percentComplete 60.000000 phase IXCoordinatorProgressPhaseInstalling overallProgress 84.000000
2026-06-26 22:27:42.633 Df CoreSimulatorBridge[13156:88f9d7] [com.apple.installcoordination:framework] -[IXAppInstallCoordinator _clientDelegate_didUpdateProgress:forPhase:overallProgress:]_block_invoke: <IXUpdatingAppInstallCoordinator<0x103458700> identity:[com.DefaultCompany.NeonDrift.run.1782483975.50560/Invalid/[system-defined]] uuid:A4C431A4-AC11-4A0A-A4B7-8F70E1EC3E70 creator:InstallCoordination Simple SPI>: Calling selector coordinator:didUpdateProgress:forPhase:overallProgress: on observer <_IXSimpleInstallerDelegate 0x0x101b1b8a0>
2026-06-26 22:27:42.635 Df installd[26514:897423] [com.apple.containermanager:query] Query; euid = 501, uid = 501, class = 2, identifier = [com.DefaultCompany.NeonDrift.run.1782483975.50560](1), flags = 300000003
2026-06-26 22:27:42.635 Df CoreSimulatorBridge[13156:897419] [com.apple.installcoordination:framework] -[IXAppInstallCoordinator _clientDelegate_didUpdateProgress:forPhase:overallProgress:]: <IXUpdatingAppInstallCoordinator<0x103458700> identity:[com.DefaultCompany.NeonDrift.run.1782483975.50560/Invalid/[system-defined]] uuid:A4C431A4-AC11-4A0A-A4B7-8F70E1EC3E70 creator:InstallCoordination Simple SPI>: Got did update progress delegate with percentComplete 70.000000 phase IXCoordinatorProgressPhaseInstalling overallProgress 88.000000
2026-06-26 22:27:42.635 Df CoreSimulatorBridge[13156:897419] [com.apple.installcoordination:framework] -[IXAppInstallCoordinator _clientDelegate_didUpdateProgress:forPhase:overallProgress:]_block_invoke: <IXUpdatingAppInstallCoordinator<0x103458700> identity:[com.DefaultCompany.NeonDrift.run.1782483975.50560/Invalid/[system-defined]] uuid:A4C431A4-AC11-4A0A-A4B7-8F70E1EC3E70 creator:InstallCoordination Simple SPI>: Calling selector coordinator:didUpdateProgress:forPhase:overallProgress: on observer <_IXSimpleInstallerDelegate 0x0x101b1b8a0>
2026-06-26 22:27:42.636 Df installd[26514:897423] [com.apple.containermanager:query] Query; euid = 501, uid = 501, class = 2, identifier = [com.DefaultCompany.NeonDrift.run.1782483975.50560](1), flags = 300000002
2026-06-26 22:27:42.643 Df CoreSimulatorBridge[13156:88f9d7] [com.apple.installcoordination:framework] -[IXAppInstallCoordinator _clientDelegate_didUpdateProgress:forPhase:overallProgress:]: <IXUpdatingAppInstallCoordinator<0x103458700> identity:[com.DefaultCompany.NeonDrift.run.1782483975.50560/Invalid/[system-defined]] uuid:A4C431A4-AC11-4A0A-A4B7-8F70E1EC3E70 creator:InstallCoordination Simple SPI>: Got did update progress delegate with percentComplete 80.000000 phase IXCoordinatorProgressPhaseInstalling overallProgress 92.000000
2026-06-26 22:27:42.643 Df CoreSimulatorBridge[13156:88f9d7] [com.apple.installcoordination:framework] -[IXAppInstallCoordinator _clientDelegate_didUpdateProgress:forPhase:overallProgress:]_block_invoke: <IXUpdatingAppInstallCoordinator<0x103458700> identity:[com.DefaultCompany.NeonDrift.run.1782483975.50560/Invalid/[system-defined]] uuid:A4C431A4-AC11-4A0A-A4B7-8F70E1EC3E70 creator:InstallCoordination Simple SPI>: Calling selector coordinator:didUpdateProgress:forPhase:overallProgress: on observer <_IXSimpleInstallerDelegate 0x0x101b1b8a0>
2026-06-26 22:27:42.644 Df installd[26514:897423] (MobileSystemServices) 0x16bd27000 -[MIInstallationJournalEntry _refreshUUIDForContainer:withError:]: Data container for com.DefaultCompany.NeonDrift.run.1782483975.50560 is now at /Users/dragonkao/Library/Developer/CoreSimulator/Devices/115FDF0C-5A2F-4686-909B-7F43F1450A28/data/Containers/Data/Application/B057D9AC-73DC-420B-A4AA-275EB935329E
2026-06-26 22:27:42.644 Df containermanagerd[13188:763a70] [com.apple.containermanager:schema] [u 88CBF3F4-4FD5-4103-9578-C6D2C8B7224F:p B057D9AC-73DC-420B-A4AA-275EB935329E:c com.DefaultCompany.NeonDrift.run.1782483975.50560(2):i0] Successfully updated schema from (0) → (1), actions count = 6
2026-06-26 22:27:42.644 Df installd[26514:897423] [com.apple.containermanager:unspecified] Replace; old = [app:com.DefaultCompany.NeonDrift.run.1782483975.50560:501::(C54D1FB9-2E55-4C7B-AE17-5B75E21AAAC3)], new = [temp-app:com.DefaultCompany.NeonDrift.run.1782483975.50560:501::(128CE6D8-8F9F-4E46-AEC0-CB030C1E592B)]
2026-06-26 22:27:42.646 Df runningboardd[13128:89742e] [com.apple.runningboard:process] Checking PreventLaunch: global:0 exPath:(null) predicates:{(
    <RBSProcessPredicate <RBSProcessBundleIdentifierPredicate "com.DefaultCompany.NeonDrift.run.1782483975.50560">>
)} allow:(null)
2026-06-26 22:27:42.648 Df installd[26514:897423] [com.apple.containermanager:xpc] Query; euid = 501, uid = 501, class = 1, identifier = [com.DefaultCompany.NeonDrift.run.1782483975.50560](1), flags = 300000002
2026-06-26 22:27:42.648 Df installd[26514:897423] (MobileSystemServices) 0x16bd27000 -[MIContainer makeContainerLiveReplacingContainer:reason:waitForDeletion:withError:]: Made container live for com.DefaultCompany.NeonDrift.run.1782483975.50560 at /Users/dragonkao/Library/Developer/CoreSimulator/Devices/115FDF0C-5A2F-4686-909B-7F43F1450A28/data/Containers/Bundle/Application/C6AB0EE1-D751-4954-840D-7A18519E5104
2026-06-26 22:27:42.649 Df installd[26514:897423] [com.apple.containermanager:xpc] Query; euid = 501, uid = 501, class = 1, identifier = [com.DefaultCompany.NeonDrift.run.1782483975.50560](1), flags = 300000002
2026-06-26 22:27:42.650 Df CoreSimulatorBridge[13156:897419] [com.apple.installcoordination:framework] -[IXAppInstallCoordinator _clientDelegate_didUpdateProgress:forPhase:overallProgress:]: <IXUpdatingAppInstallCoordinator<0x103458700> identity:[com.DefaultCompany.NeonDrift.run.1782483975.50560/Invalid/[system-defined]] uuid:A4C431A4-AC11-4A0A-A4B7-8F70E1EC3E70 creator:InstallCoordination Simple SPI>: Got did update progress delegate with percentComplete 90.000000 phase IXCoordinatorProgressPhaseInstalling overallProgress 96.000000
2026-06-26 22:27:42.650 Df CoreSimulatorBridge[13156:897419] [com.apple.installcoordination:framework] -[IXAppInstallCoordinator _clientDelegate_didUpdateProgress:forPhase:overallProgress:]_block_invoke: <IXUpdatingAppInstallCoordinator<0x103458700> identity:[com.DefaultCompany.NeonDrift.run.1782483975.50560/Invalid/[system-defined]] uuid:A4C431A4-AC11-4A0A-A4B7-8F70E1EC3E70 creator:InstallCoordination Simple SPI>: Calling selector coordinator:didUpdateProgress:forPhase:overallProgress: on observer <_IXSimpleInstallerDelegate 0x0x101b1b8a0>
2026-06-26 22:27:42.651 Df installd[26514:897423] [com.apple.containermanager:unspecified] Requesting disk usage; class = 1, identifier = com.DefaultCompany.NeonDrift.run.1782483975.50560
2026-06-26 22:27:42.652 Df installd[26514:897423] [com.apple.containermanager:query] Query; euid = 501, uid = 501, class = 7, identifier = [com.DefaultCompany.NeonDrift.run.1782483975.50560](1), flags = 300000001
2026-06-26 22:27:42.653 Df SpringBoard[13125:4bdd22] [com.apple.SpringBoard:Common] termination assertion released for com.DefaultCompany.NeonDrift.run.1782483975.50560
2026-06-26 22:27:42.656 Df installd[26514:897423] (MobileSystemServices) 0x16bd27000 -[MILaunchServicesOperationManager _onQueue_addPendingLaunchServicesOperation:error:]: Added pending LS operation <MILaunchServicesRegisterOperation: AE17DD5F-E34B-418F-858F-BD8C1496C616:110 com.DefaultCompany.NeonDrift.run.1782483975.50560/MIInstallationDomainSystemShared personas:[com.apple.containermanager.primary-persona]>
2026-06-26 22:27:42.657 Df lsd[13177:897f2d] [com.apple.launchservices:appinstallation] Post installation registration: request to register com.DefaultCompany.NeonDrift.run.1782483975.50560, operation AE17DD5F-E34B-418F-858F-BD8C1496C616, from pid 26514
2026-06-26 22:27:42.657 Df lsd[13177:897f2d] [com.apple.appinstallation:TransactionLog] com.DefaultCompany.NeonDrift.run.1782483975.50560/Unknown Persona:5:4:1:1:Registering bundles via registrant - start
2026-06-26 22:27:42.659 Df lsd[13177:897f2d] [com.apple.appinstallation:TransactionLog] com.DefaultCompany.NeonDrift.run.1782483975.50560/Unknown Persona:5:5:1:1:Building bundle record for app
2026-06-26 22:27:42.659 Df lsd[13177:897f2d] [com.apple.launchservices:appinstallation] Removed existing registered placeholder for com.DefaultCompany.NeonDrift.run.1782483975.50560
2026-06-26 22:27:42.659 Df lsd[13177:897f2d] [com.apple.launchservices:appinstallation] Removed existing registered bundle for com.DefaultCompany.NeonDrift.run.1782483975.50560
2026-06-26 22:27:42.659 Df lsd[13177:897f2d] [com.apple.appinstallation:TransactionLog] com.DefaultCompany.NeonDrift.run.1782483975.50560/Unknown Persona:5:5:2:1:Built bundle record for app
2026-06-26 22:27:42.660 Df lsd[13177:897f2d] [com.apple.launchservices:icons] clearAlternateNameForBundleIdentifier: won't clear for com.DefaultCompany.NeonDrift.run.1782483975.50560
2026-06-26 22:27:42.660 Df lsd[13177:897f2d] [com.apple.appinstallation:TransactionLog] com.DefaultCompany.NeonDrift.run.1782483975.50560/Unknown Persona:5:4:2:1:Registered bundle status = success
2026-06-26 22:27:42.660 Df lsd[13177:897f2d] [com.apple.appinstallation:TransactionLog] com.DefaultCompany.NeonDrift.run.1782483975.50560/Unknown Persona:5:4:2:1:Finished registering com.DefaultCompany.NeonDrift.run.1782483975.50560, bundle unit 75c
2026-06-26 22:27:42.660 Df lsd[13177:89745c] [com.apple.launchservices:progress] Installation ended for com.DefaultCompany.NeonDrift.run.1782483975.50560 with state 5
2026-06-26 22:27:42.660 Df lsd[13177:89745c] [com.apple.launchservices:progress] Discarding proportions for com.DefaultCompany.NeonDrift.run.1782483975.50560
2026-06-26 22:27:42.661 Df SpringBoard[13125:4bdd22] [com.apple.launchservices:progress] Unpublishing progress block called for app com.DefaultCompany.NeonDrift.run.1782483975.50560
2026-06-26 22:27:42.661 Df liveactivitiesd[26558:763bd7] [com.apple.launchservices:progress] Unpublishing progress block called for app com.DefaultCompany.NeonDrift.run.1782483975.50560
2026-06-26 22:27:42.661 Df installd[26514:897423] (MobileSystemServices) 0x16bd27000 -[MIJournal purgeJournalEntry:withError:]: Removing journal entry <MIInstallationJournalEntry<0x1050b03c0> [com.DefaultCompany.NeonDrift.run.1782483975.50560/com.apple.containermanager.primary-persona/[system-defined]]/MIInstallationDomainSystemShared op:1 phase:JournalPhaseDidRegisterWithLS version:0>
2026-06-26 22:27:42.661 Df liveactivitiesd[26558:897451] [com.apple.launchservices:progress] #LSInstallProgressList remove subscriber: <_NSProgressSubscriber: 0x105bec630> publishingString: com.DefaultCompany.NeonDrift.run.1782483975.50560
2026-06-26 22:27:42.661 Df SpringBoard[13125:897fc0] [com.apple.launchservices:progress] #LSInstallProgressList remove subscriber: <_NSProgressSubscriber: 0x1262f1b00> publishingString: com.DefaultCompany.NeonDrift.run.1782483975.50560
2026-06-26 22:27:42.661 Df lsd[13177:897f2d] [com.apple.launchservices:progress] Sending applicationsDidInstall: for (
    "<LSApplicationProxy: 0x1057d8000> com.DefaultCompany.NeonDrift.run.1782483975.50560 file:///Users/dragonkao/Library/Developer/CoreSimulator/Devices/115FDF0C-5A2F-4686-909B-7F43F1450A28/data/Containers/Bundle/Application/C6AB0EE1-D751-4954-840D-7A18519E5104/NeonDrift.run.1782483975.50560.app/ <com.DefaultCompany.NeonDrift.run.1782483975.50560 <installed >:0>"
)
2026-06-26 22:27:42.661 Df installd[26514:897423] [com.apple.appinstallation:TransactionLog] com.DefaultCompany.NeonDrift.run.1782483975.50560/com.apple.containermanager.primary-persona:7:1:2:1:Success (End) : Install (Patch Update)
2026-06-26 22:27:42.661 Df installd[26514:897423] (MobileSystemServices) 0x16bd27000 -[MIInstaller _logOperationCompletionWithStartTime:distributorID:]: Install successful for (Developer:com.DefaultCompany.NeonDrift.run.1782483975.50560) [Distributor: (null)]; Staging: 0.00s; Waiting: 0.00s; Preflight/Patch: 0.02s, Verifying: 0.00s; Overall: 0.06s
2026-06-26 22:27:42.662 Df appstored[13277:897f9e] [com.apple.launchservices:appinstallation] Received applicationsDidInstall:(
    "<LSApplicationProxy: 0x1027f0000> com.DefaultCompany.NeonDrift.run.1782483975.50560 file:///Users/dragonkao/Library/Developer/CoreSimulator/Devices/115FDF0C-5A2F-4686-909B-7F43F1450A28/data/Containers/Bundle/Application/C6AB0EE1-D751-4954-840D-7A18519E5104/NeonDrift.run.1782483975.50560.app/ <com.DefaultCompany.NeonDrift.run.1782483975.50560 <installed >:0>"
)
2026-06-26 22:27:42.662 Df installcoordinationd[26512:897f0c] [com.apple.installcoordination:daemon] -[IXSPendingOperationsTracker endPendingOperationForIdentity:]_block_invoke: Ending pending operation for [com.DefaultCompany.NeonDrift.run.1782483975.50560/Invalid/[system-defined]]
2026-06-26 22:27:42.663 Df healthappd[13951:897f8c] [com.apple.launchservices:appinstallation] Received applicationsDidInstall:(
    "<LSApplicationProxy: 0x10f89c780> com.DefaultCompany.NeonDrift.run.1782483975.50560 file:///Users/dragonkao/Library/Developer/CoreSimulator/Devices/115FDF0C-5A2F-4686-909B-7F43F1450A28/data/Containers/Bundle/Application/C6AB0EE1-D751-4954-840D-7A18519E5104/NeonDrift.run.1782483975.50560.app/ <com.DefaultCompany.NeonDrift.run.1782483975.50560 <installed >:0>"
)
2026-06-26 22:27:42.663 Df CoreSimulatorBridge[13156:88f9d7] [com.apple.installcoordination:framework] -[IXAppInstallCoordinator _clientDelegate_didUpdateProgress:forPhase:overallProgress:]: <IXUpdatingAppInstallCoordinator<0x103458700> identity:[com.DefaultCompany.NeonDrift.run.1782483975.50560/Invalid/[system-defined]] uuid:A4C431A4-AC11-4A0A-A4B7-8F70E1EC3E70 creator:InstallCoordination Simple SPI>: Got did update progress delegate with percentComplete 100.000000 phase IXCoordinatorProgressPhaseInstalling overallProgress 100.000000
2026-06-26 22:27:42.663 Df runningboardd[13128:897f1d] [com.apple.launchservices:appinstallation] Received applicationsDidInstall:(
    "<LSApplicationProxy: 0x104d98000> com.DefaultCompany.NeonDrift.run.1782483975.50560 file:///Users/dragonkao/Library/Developer/CoreSimulator/Devices/115FDF0C-5A2F-4686-909B-7F43F1450A28/data/Containers/Bundle/Application/C6AB0EE1-D751-4954-840D-7A18519E5104/NeonDrift.run.1782483975.50560.app/ <com.DefaultCompany.NeonDrift.run.1782483975.50560 <installed >:0>"
)
2026-06-26 22:27:42.663 Df CoreSimulatorBridge[13156:88f9d7] [com.apple.installcoordination:framework] -[IXAppInstallCoordinator _clientDelegate_didUpdateProgress:forPhase:overallProgress:]_block_invoke: <IXUpdatingAppInstallCoordinator<0x103458700> identity:[com.DefaultCompany.NeonDrift.run.1782483975.50560/Invalid/[system-defined]] uuid:A4C431A4-AC11-4A0A-A4B7-8F70E1EC3E70 creator:InstallCoordination Simple SPI>: Calling selector coordinator:didUpdateProgress:forPhase:overallProgress: on observer <_IXSimpleInstallerDelegate 0x0x101b1b8a0>
2026-06-26 22:27:42.663 Df installcoordinationd[26512:897f0c] [com.apple.installcoordination:daemon] -[IXSCoordinatedAppInstall setComplete:]: <IXSCoordinatedAppInstall<0x1055e4000> [P=CoreSimulatorBridge (pid 13156)] identifier:[com.DefaultCompany.NeonDrift.run.1782483975.50560/Invalid/[system-defined]] uuid:A4C431A4-AC11-4A0A-A4B7-8F70E1EC3E70 intent:IXCoordinatorIntentUpdating creator/appDRI:InstallCoordination Simple SPI importance:UserWaiting state:IXAppCoordinationStateComplete promise-state:PA2I4> complete!
2026-06-26 22:27:42.663 Df healthd[13135:897fa7] [com.apple.launchservices:appinstallation] Received applicationsDidInstall:(
    "<LSApplicationProxy: 0x101a94d80> com.DefaultCompany.NeonDrift.run.1782483975.50560 file:///Users/dragonkao/Library/Developer/CoreSimulator/Devices/115FDF0C-5A2F-4686-909B-7F43F1450A28/data/Containers/Bundle/Application/C6AB0EE1-D751-4954-840D-7A18519E5104/NeonDrift.run.1782483975.50560.app/ <com.DefaultCompany.NeonDrift.run.1782483975.50560 <installed >:0>"
)
2026-06-26 22:27:42.663 Df SpringBoard[13125:897fc0] [com.apple.launchservices:appinstallation] Received applicationsDidInstall:(
    "<LSApplicationProxy: 0x11faf4240> com.DefaultCompany.NeonDrift.run.1782483975.50560 file:///Users/dragonkao/Library/Developer/CoreSimulator/Devices/115FDF0C-5A2F-4686-909B-7F43F1450A28/data/Containers/Bundle/Application/C6AB0EE1-D751-4954-840D-7A18519E5104/NeonDrift.run.1782483975.50560.app/ <com.DefaultCompany.NeonDrift.run.1782483975.50560 <installed >:0>"
)
2026-06-26 22:27:42.663 Df installcoordinationd[26512:897f0c] [com.apple.installcoordination:daemon] -[IXSPowerAssertion invalidate]: Released power assertion IXPowerAssertion-12-[com.DefaultCompany.NeonDrift.run.1782483975.50560/Invalid/[system-defined]]
2026-06-26 22:27:42.663 Df lsd[13177:4bde02] [com.apple.launchservices:progress] unsubscribing from com.DefaultCompany.NeonDrift.run.1782483975.50560.Installing as it was unpublished
2026-06-26 22:27:42.663 Df lsd[13177:4bde02] [com.apple.launchservices:progress] #LSInstallProgressList remove subscriber: <_NSProgressSubscriber: 0x1057c5e00> publishingString: com.DefaultCompany.NeonDrift.run.1782483975.50560.Installing
2026-06-26 22:27:42.663 Df financed[13231:897f95] [com.apple.launchservices:appinstallation] Received applicationsDidInstall:(
    "<LSApplicationProxy: 0x1079fb780> com.DefaultCompany.NeonDrift.run.1782483975.50560 file:///Users/dragonkao/Library/Developer/CoreSimulator/Devices/115FDF0C-5A2F-4686-909B-7F43F1450A28/data/Containers/Bundle/Application/C6AB0EE1-D751-4954-840D-7A18519E5104/NeonDrift.run.1782483975.50560.app/ <com.DefaultCompany.NeonDrift.run.1782483975.50560 <installed >:0>"
)
2026-06-26 22:27:42.663 Df locationd[13150:893521] [com.apple.launchservices:appinstallation] Received applicationsDidInstall:(
    "<LSApplicationProxy: 0x103b9c780> com.DefaultCompany.NeonDrift.run.1782483975.50560 file:///Users/dragonkao/Library/Developer/CoreSimulator/Devices/115FDF0C-5A2F-4686-909B-7F43F1450A28/data/Containers/Bundle/Application/C6AB0EE1-D751-4954-840D-7A18519E5104/NeonDrift.run.1782483975.50560.app/ <com.DefaultCompany.NeonDrift.run.1782483975.50560 <installed >:0>"
)
2026-06-26 22:27:42.663 Df webbookmarksd[13224:897448] [com.apple.launchservices:appinstallation] Received applicationsDidInstall:(
    "<LSApplicationProxy: 0x101dec000> com.DefaultCompany.NeonDrift.run.1782483975.50560 file:///Users/dragonkao/Library/Developer/CoreSimulator/Devices/115FDF0C-5A2F-4686-909B-7F43F1450A28/data/Containers/Bundle/Application/C6AB0EE1-D751-4954-840D-7A18519E5104/NeonDrift.run.1782483975.50560.app/ <com.DefaultCompany.NeonDrift.run.1782483975.50560 <installed >:0>"
)
2026-06-26 22:27:42.663 Df gamed[13228:897612] [com.apple.launchservices:appinstallation] Received applicationsDidInstall:(
    "<LSApplicationProxy: 0x101f2c240> com.DefaultCompany.NeonDrift.run.1782483975.50560 file:///Users/dragonkao/Library/Developer/CoreSimulator/Devices/115FDF0C-5A2F-4686-909B-7F43F1450A28/data/Containers/Bundle/Application/C6AB0EE1-D751-4954-840D-7A18519E5104/NeonDrift.run.1782483975.50560.app/ <com.DefaultCompany.NeonDrift.run.1782483975.50560 <installed >:0>"
)
2026-06-26 22:27:42.664 Df clipserviced[26555:7bebe6] [com.apple.launchservices:appinstallation] Received applicationsDidInstall:(
    "<LSApplicationProxy: 0x1035a8000> com.DefaultCompany.NeonDrift.run.1782483975.50560 file:///Users/dragonkao/Library/Developer/CoreSimulator/Devices/115FDF0C-5A2F-4686-909B-7F43F1450A28/data/Containers/Bundle/Application/C6AB0EE1-D751-4954-840D-7A18519E5104/NeonDrift.run.1782483975.50560.app/ <com.DefaultCompany.NeonDrift.run.1782483975.50560 <installed >:0>"
)
2026-06-26 22:27:42.664 Df installcoordinationd[26512:897f0c] [com.apple.installcoordination:daemon] -[IXSDataPromise decommission]: Decommissioning <IXSPromisedTransferToPath(0x1054dd080) Name:Icon resources for com.DefaultCompany.NeonDrift.run.1782483975.50560 Creator:InstallCoordination Simple SPI UUID:3BBADCE0-015B-4D0C-B358-65C66F276F06 Location:[system-defined]>
2026-06-26 22:27:42.664 Df deviceaccessd[26574:897f93] [com.apple.launchservices:appinstallation] Received applicationsDidInstall:(
    "<LSApplicationProxy: 0x1061706c0> com.DefaultCompany.NeonDrift.run.1782483975.50560 file:///Users/dragonkao/Library/Developer/CoreSimulator/Devices/115FDF0C-5A2F-4686-909B-7F43F1450A28/data/Containers/Bundle/Application/C6AB0EE1-D751-4954-840D-7A18519E5104/NeonDrift.run.1782483975.50560.app/ <com.DefaultCompany.NeonDrift.run.1782483975.50560 <installed >:0>"
)
2026-06-26 22:27:42.664 Df activityawardsd[13316:89744e] [com.apple.launchservices:appinstallation] Received applicationsDidInstall:(
    "<LSApplicationProxy: 0x10192cf00> com.DefaultCompany.NeonDrift.run.1782483975.50560 file:///Users/dragonkao/Library/Developer/CoreSimulator/Devices/115FDF0C-5A2F-4686-909B-7F43F1450A28/data/Containers/Bundle/Application/C6AB0EE1-D751-4954-840D-7A18519E5104/NeonDrift.run.1782483975.50560.app/ <com.DefaultCompany.NeonDrift.run.1782483975.50560 <installed >:0>"
)
2026-06-26 22:27:42.664 Df installcoordinationd[26512:897f0c] [com.apple.installcoordination:daemon] -[IXSDataPromise decommission]: Decommissioning <IXSPromisedInMemoryDictionary(0x1054dd780) Name:Info.plist icon content for com.DefaultCompany.NeonDrift.run.1782483975.50560 Creator:InstallCoordination Simple SPI UUID:7405F92C-0D81-48DE-96B6-5C7035C59285 Location:[system-defined]>
2026-06-26 22:27:42.664 Df callservicesd[13196:897493] [com.apple.launchservices:appinstallation] Received applicationsDidInstall:(
    "<LSApplicationProxy: 0x106e7d200> com.DefaultCompany.NeonDrift.run.1782483975.50560 file:///Users/dragonkao/Library/Developer/CoreSimulator/Devices/115FDF0C-5A2F-4686-909B-7F43F1450A28/data/Containers/Bundle/Application/C6AB0EE1-D751-4954-840D-7A18519E5104/NeonDrift.run.1782483975.50560.app/ <com.DefaultCompany.NeonDrift.run.1782483975.50560 <installed >:0>"
)
2026-06-26 22:27:42.664 Df profiled[26569:897494] [com.apple.launchservices:appinstallation] Received applicationsDidInstall:(
    "<LSApplicationProxy: 0x1067d0000> com.DefaultCompany.NeonDrift.run.1782483975.50560 file:///Users/dragonkao/Library/Developer/CoreSimulator/Devices/115FDF0C-5A2F-4686-909B-7F43F1450A28/data/Containers/Bundle/Application/C6AB0EE1-D751-4954-840D-7A18519E5104/NeonDrift.run.1782483975.50560.app/ <com.DefaultCompany.NeonDrift.run.1782483975.50560 <installed >:0>"
)
2026-06-26 22:27:42.664 Df installcoordinationd[26512:897f0c] [com.apple.installcoordination:daemon] -[IXSDataPromise decommission]: Decommissioning <IXSPromisedInMemoryDictionary(0x1054dd900) Name:Localizations for com.DefaultCompany.NeonDrift.run.1782483975.50560 Creator:InstallCoordination Simple SPI UUID:63CA2B6A-7F81-4EE8-8C27-3ED5B455B363 Location:[system-defined]>
2026-06-26 22:27:42.664 Df routined[13133:8923b8] [com.apple.launchservices:appinstallation] Received applicationsDidInstall:(
    "<LSApplicationProxy: 0x109160e40> com.DefaultCompany.NeonDrift.run.1782483975.50560 file:///Users/dragonkao/Library/Developer/CoreSimulator/Devices/115FDF0C-5A2F-4686-909B-7F43F1450A28/data/Containers/Bundle/Application/C6AB0EE1-D751-4954-840D-7A18519E5104/NeonDrift.run.1782483975.50560.app/ <com.DefaultCompany.NeonDrift.run.1782483975.50560 <installed >:0>"
)
2026-06-26 22:27:42.664 Df lsd[13177:897f2d] [com.apple.launchservices:progress] Sent distributed notification com.apple.LaunchServices.applicationRegistered with payload {
    bundleIDs =     (
        "com.DefaultCompany.NeonDrift.run.1782483975.50560"
    );
    isPlaceholder = 0;
}
2026-06-26 22:27:42.665 Df mobiletimerd[84688:897f94] [com.apple.launchservices:appinstallation] Received applicationsDidInstall:(
    "<LSApplicationProxy: 0x101634780> com.DefaultCompany.NeonDrift.run.1782483975.50560 file:///Users/dragonkao/Library/Developer/CoreSimulator/Devices/115FDF0C-5A2F-4686-909B-7F43F1450A28/data/Containers/Bundle/Application/C6AB0EE1-D751-4954-840D-7A18519E5104/NeonDrift.run.1782483975.50560.app/ <com.DefaultCompany.NeonDrift.run.1782483975.50560 <installed >:0>"
)
2026-06-26 22:27:42.665 Df sleepd[13153:8925f8] [com.apple.launchservices:appinstallation] Received applicationsDidInstall:(
    "<LSApplicationProxy: 0x103a603c0> com.DefaultCompany.NeonDrift.run.1782483975.50560 file:///Users/dragonkao/Library/Developer/CoreSimulator/Devices/115FDF0C-5A2F-4686-909B-7F43F1450A28/data/Containers/Bundle/Application/C6AB0EE1-D751-4954-840D-7A18519E5104/NeonDrift.run.1782483975.50560.app/ <com.DefaultCompany.NeonDrift.run.1782483975.50560 <installed >:0>"
)
2026-06-26 22:27:42.665 Df liveactivitiesd[26558:897451] [com.apple.launchservices:appinstallation] Received applicationsDidInstall:(
    "<LSApplicationProxy: 0x105a85a40> com.DefaultCompany.NeonDrift.run.1782483975.50560 file:///Users/dragonkao/Library/Developer/CoreSimulator/Devices/115FDF0C-5A2F-4686-909B-7F43F1450A28/data/Containers/Bundle/Application/C6AB0EE1-D751-4954-840D-7A18519E5104/NeonDrift.run.1782483975.50560.app/ <com.DefaultCompany.NeonDrift.run.1782483975.50560 <installed >:0>"
)
2026-06-26 22:27:42.665 Df appstored[13277:897f8d] [com.apple.appinstallation:TransactionLog] com.DefaultCompany.NeonDrift.run.1782483975.50560/Unknown Persona:5:8:3:1:applicationsDidInstall <LSApplicationProxy: 0x1027f00c0> com.DefaultCompany.NeonDrift.run.1782483975.50560 file:///Users/dragonkao/Library/Developer/CoreSimulator/Devices/115FDF0C-5A2F-4686-909B-7F43F1450A28/data/Containers/Bundle/Application/C6AB0EE1-D751-4954-840D-7A18519E5104/NeonDrift.run.1782483975.50560.app/ <com.DefaultCompany.NeonDrift.run.1782483975.50560 <installed >:0>
2026-06-26 22:27:42.665 Df activitysharingd[13524:897f99] [com.apple.launchservices:appinstallation] Received applicationsDidInstall:(
    "<LSApplicationProxy: 0x1019bcf00> com.DefaultCompany.NeonDrift.run.1782483975.50560 file:///Users/dragonkao/Library/Developer/CoreSimulator/Devices/115FDF0C-5A2F-4686-909B-7F43F1450A28/data/Containers/Bundle/Application/C6AB0EE1-D751-4954-840D-7A18519E5104/NeonDrift.run.1782483975.50560.app/ <com.DefaultCompany.NeonDrift.run.1782483975.50560 <installed >:0>"
)
2026-06-26 22:27:42.665 Df donotdisturbd[13175:897495] [com.apple.launchservices:appinstallation] Received applicationsDidInstall:(
    "<LSApplicationProxy: 0x1041e0f00> com.DefaultCompany.NeonDrift.run.1782483975.50560 file:///Users/dragonkao/Library/Developer/CoreSimulator/Devices/115FDF0C-5A2F-4686-909B-7F43F1450A28/data/Containers/Bundle/Application/C6AB0EE1-D751-4954-840D-7A18519E5104/NeonDrift.run.1782483975.50560.app/ <com.DefaultCompany.NeonDrift.run.1782483975.50560 <installed >:0>"
)
2026-06-26 22:27:42.665 Df installcoordinationd[26512:897f0c] [com.apple.installcoordination:daemon] -[IXSDataPromise decommission]: Decommissioning <IXSPlaceholder(0x105510500) Name:App Placeholder: NeonDrift.run.1782483975.50560 (com.DefaultCompany.NeonDrift.run.1782483975.50560) Creator:InstallCoordination Simple SPI UUID:889CA8AC-8614-400B-B587-FE04F9E586A6 Location:[system-defined]>
2026-06-26 22:27:42.665 Df runningboardd[13128:897f1d] [com.apple.appinstallation:TransactionLog] com.DefaultCompany.NeonDrift.run.1782483975.50560/Unknown Persona:5:8:3:1:applicationsDidInstall <LSApplicationProxy: 0x104d980c0> com.DefaultCompany.NeonDrift.run.1782483975.50560 file:///Users/dragonkao/Library/Developer/CoreSimulator/Devices/115FDF0C-5A2F-4686-909B-7F43F1450A28/data/Containers/Bundle/Application/C6AB0EE1-D751-4954-840D-7A18519E5104/NeonDrift.run.1782483975.50560.app/ <com.DefaultCompany.NeonDrift.run.1782483975.50560 <installed >:0>
2026-06-26 22:27:42.665 Df nsurlsessiond[13176:897e30] [com.apple.launchservices:appinstallation] Received applicationsDidInstall:(
    "<LSApplicationProxy: 0x10365d2c0> com.DefaultCompany.NeonDrift.run.1782483975.50560 file:///Users/dragonkao/Library/Developer/CoreSimulator/Devices/115FDF0C-5A2F-4686-909B-7F43F1450A28/data/Containers/Bundle/Application/C6AB0EE1-D751-4954-840D-7A18519E5104/NeonDrift.run.1782483975.50560.app/ <com.DefaultCompany.NeonDrift.run.1782483975.50560 <installed >:0>"
)
2026-06-26 22:27:42.665 Df installcoordinationd[26512:897f0c] [com.apple.installcoordination:daemon] -[IXSDataPromise decommission]: Decommissioning <IXSPromisedTransferToPath(0x1054dd200) Name:App Asset: com.DefaultCompany.NeonDrift.run.1782483975.50560 Creator:InstallCoordination Simple SPI UUID:8FC09774-711F-435E-8F60-7147F8D22A85 Location:[system-defined]>
2026-06-26 22:27:42.666 Df financed[13231:897f95] [com.apple.appinstallation:TransactionLog] com.DefaultCompany.NeonDrift.run.1782483975.50560/Unknown Persona:5:8:3:1:applicationsDidInstall <LSApplicationProxy: 0x1079fb6c0> com.DefaultCompany.NeonDrift.run.1782483975.50560 file:///Users/dragonkao/Library/Developer/CoreSimulator/Devices/115FDF0C-5A2F-4686-909B-7F43F1450A28/data/Containers/Bundle/Application/C6AB0EE1-D751-4954-840D-7A18519E5104/NeonDrift.run.1782483975.50560.app/ <com.DefaultCompany.NeonDrift.run.1782483975.50560 <installed >:0>
2026-06-26 22:27:42.666 Df clipserviced[26555:7bebe6] [com.apple.appinstallation:TransactionLog] com.DefaultCompany.NeonDrift.run.1782483975.50560/Unknown Persona:5:8:3:1:applicationsDidInstall <LSApplicationProxy: 0x1035a80c0> com.DefaultCompany.NeonDrift.run.1782483975.50560 file:///Users/dragonkao/Library/Developer/CoreSimulator/Devices/115FDF0C-5A2F-4686-909B-7F43F1450A28/data/Containers/Bundle/Application/C6AB0EE1-D751-4954-840D-7A18519E5104/NeonDrift.run.1782483975.50560.app/ <com.DefaultCompany.NeonDrift.run.1782483975.50560 <installed >:0>
2026-06-26 22:27:42.666 Df locationd[13150:893521] [com.apple.appinstallation:TransactionLog] com.DefaultCompany.NeonDrift.run.1782483975.50560/Unknown Persona:5:8:3:1:applicationsDidInstall <LSApplicationProxy: 0x103b9c6c0> com.DefaultCompany.NeonDrift.run.1782483975.50560 file:///Users/dragonkao/Library/Developer/CoreSimulator/Devices/115FDF0C-5A2F-4686-909B-7F43F1450A28/data/Containers/Bundle/Application/C6AB0EE1-D751-4954-840D-7A18519E5104/NeonDrift.run.1782483975.50560.app/ <com.DefaultCompany.NeonDrift.run.1782483975.50560 <installed >:0>
2026-06-26 22:27:42.666 Df gamed[13228:897612] [com.apple.appinstallation:TransactionLog] com.DefaultCompany.NeonDrift.run.1782483975.50560/Unknown Persona:5:8:3:1:applicationsDidInstall <LSApplicationProxy: 0x101f2c0c0> com.DefaultCompany.NeonDrift.run.1782483975.50560 file:///Users/dragonkao/Library/Developer/CoreSimulator/Devices/115FDF0C-5A2F-4686-909B-7F43F1450A28/data/Containers/Bundle/Application/C6AB0EE1-D751-4954-840D-7A18519E5104/NeonDrift.run.1782483975.50560.app/ <com.DefaultCompany.NeonDrift.run.1782483975.50560 <installed >:0>
