        CFBundlePrimaryIcon =         {
            CFBundleIconName = AppIcon;
        };
    };
    ISIconPlatform = iPhoneOS;
}
2026-06-22 22:54:33.299 Df installcoordinationd[17029:64416b] [com.apple.installcoordination:daemon] -[IXSPlaceholder _materialize]_block_invoke: <IXSPlaceholder(0x103510000) Name:App Placeholder: NeonDrift (com.DefaultCompany.NeonDrift) Creator:InstallCoordination Simple SPI UUID:0115FB17-5C46-4BE3-849B-64F79F046449 Location:[system-defined]>: Using icon resource Assets.car
2026-06-22 22:54:33.299 Df installcoordinationd[17029:64416b] [com.apple.installcoordination:daemon] -[IXSPlaceholder _materialize]: <IXSPlaceholder(0x103510000) Name:App Placeholder: NeonDrift (com.DefaultCompany.NeonDrift) Creator:InstallCoordination Simple SPI UUID:0115FB17-5C46-4BE3-849B-64F79F046449 Location:[system-defined]>: Including lproj localizations for (
)
2026-06-22 22:54:33.299 Df installcoordinationd[17029:64416b] [com.apple.installcoordination:daemon] -[IXSDataPromiseManager promiseDidComplete:]: Unowned promise completed: <IXSPlaceholder(0x103510000) Name:App Placeholder: NeonDrift (com.DefaultCompany.NeonDrift) Creator:InstallCoordination Simple SPI UUID:0115FB17-5C46-4BE3-849B-64F79F046449 Location:[system-defined]>
2026-06-22 22:54:33.300 Df appstored[17051:644263] [com.apple.appstored:ODR] Placeholder for application {bundleID = com.DefaultCompany.NeonDrift; version = 0; shortVersion = 1.0; variantID = (null)} removed, re-verifying installed application
2026-06-22 22:54:33.300 Df appstored[17051:644263] [com.apple.appstored:ODR] Handling application installation: {bundleID = com.DefaultCompany.NeonDrift; version = 0; shortVersion = 1.0; variantID = (null)}
2026-06-22 22:54:33.300 Df installcoordinationd[17029:64416e] [com.apple.installcoordination:daemon] -[IXSDataPromiseManager registerPromise:]: Registered promise <IXSPromisedTransferToPath(0x1034ee180) Name:App Asset: com.DefaultCompany.NeonDrift Creator:InstallCoordination Simple SPI UUID:B0A01CD9-2C98-460D-B41B-80144AF4D06B Location:[system-defined]> for UUID B0A01CD9-2C98-460D-B41B-80144AF4D06B
2026-06-22 22:54:33.300 Df appstored[17051:644263] [com.apple.appstored:ODR] Ignoring installation for {bundleID = com.DefaultCompany.NeonDrift; version = 0; shortVersion = 1.0; variantID = (null)} as it does not appear to support ODR
2026-06-22 22:54:33.301 Df appstored[17051:644403] [com.apple.appstored:General] Failed to fetch record for placeholder app com.DefaultCompany.NeonDrift: Error Domain=NSOSStatusErrorDomain Code=-10814 "(null)" UserInfo={_LSFile=LSBindingEvaluator.mm, _LSLine=1973, _LSFunction=runEvaluator}
2026-06-22 22:54:33.303 E  appstored[17051:644263] [com.apple.appstored:Progress] Canceling untracked progress for bundleID: com.DefaultCompany.NeonDrift
2026-06-22 22:54:33.304 Df installcoordinationd[17029:64416e] [com.apple.installcoordination:daemon] -[IXSCoordinatorManager coordinatorForIdentity:connection:error:creatingIfNotExisting:]_block_invoke: Registered coordinator: <IXSCoordinatedAppInstall<0x1035b0000> [P=CoreSimulatorBridge (pid 16923)] identifier:[com.DefaultCompany.NeonDrift/Invalid/[system-defined]] uuid:D5790A7C-1CA1-43BE-AAEB-4B573184459E intent:IXCoordinatorIntentUpdating creator/appDRI:InstallCoordination Simple SPI importance:Background state:IXAppCoordinationStatePlaceholderPromiseNotSet promise-state:01234>
2026-06-22 22:54:33.304 Df installcoordinationd[17029:64416e] [com.apple.appinstallation:TransactionLog] com.DefaultCompany.NeonDrift/Unknown Persona:4:2:1:1:Created coordinator with intent IXCoordinatorIntentUpdating for client InstallCoordination Simple SPI
2026-06-22 22:54:33.305 Df installcoordinationd[17029:64416e] [com.apple.installcoordination:daemon] -[IXSCoordinatedAppInstall setPriorityBoostCompletion:withSourceInfo:]: <IXSCoordinatedAppInstall<0x1035b0000> [P=CoreSimulatorBridge (pid 16923)] identifier:[com.DefaultCompany.NeonDrift/Invalid/[system-defined]] uuid:D5790A7C-1CA1-43BE-AAEB-4B573184459E intent:IXCoordinatorIntentUpdating creator/appDRI:InstallCoordination Simple SPI importance:Background state:IXAppCoordinationStatePlaceholderPromiseNotSet promise-state:01234>: Retaining completion from CoreSimulatorBridge (16923), QOS_CLASS_DEFAULT (0x15)
2026-06-22 22:54:33.305 Df installcoordinationd[17029:64416e] [com.apple.installcoordination:daemon] -[IXSCoordinatedAppInstall setImportance:]: <IXSCoordinatedAppInstall<0x1035b0000> [P=CoreSimulatorBridge (pid 16923)] identifier:[com.DefaultCompany.NeonDrift/Invalid/[system-defined]] uuid:D5790A7C-1CA1-43BE-AAEB-4B573184459E intent:IXCoordinatorIntentUpdating creator/appDRI:InstallCoordination Simple SPI importance:UserWaiting state:IXAppCoordinationStatePlaceholderPromiseNotSet promise-state:01234>: set importance to UserWaiting
2026-06-22 22:54:33.306 Df installcoordinationd[17029:64416e] [com.apple.installcoordination:daemon] -[IXSCoordinatedAppInstall _onQueue_fireObserversForClient:]: <IXSCoordinatedAppInstall<0x1035b0000> [P=CoreSimulatorBridge (pid 16923)] identifier:[com.DefaultCompany.NeonDrift/Invalid/[system-defined]] uuid:D5790A7C-1CA1-43BE-AAEB-4B573184459E intent:IXCoordinatorIntentUpdating creator/appDRI:InstallCoordination Simple SPI importance:UserWaiting state:IXAppCoordinationStatePlaceholderPromiseNotSet promise-state:01234>: Firing applicable observers for client <IXSClientConnection<0x103444480> client:CoreSimulatorBridge (pid 16923) uuid:815356C6-A8DF-4404-8428-81C3E98E77CE>
2026-06-22 22:54:33.306 Df installcoordinationd[17029:64416e] [com.apple.installcoordination:daemon] -[IXSCoordinatedAppInstall setPriorityBoostCompletion:withSourceInfo:]: <IXSCoordinatedAppInstall<0x1035b0000> [P=CoreSimulatorBridge (pid 16923)] identifier:[com.DefaultCompany.NeonDrift/Invalid/[system-defined]] uuid:D5790A7C-1CA1-43BE-AAEB-4B573184459E intent:IXCoordinatorIntentUpdating creator/appDRI:InstallCoordination Simple SPI importance:UserWaiting state:IXAppCoordinationStatePlaceholderPromiseNotSet promise-state:01234>: Disposing of completion from CoreSimulatorBridge (16923), QOS_CLASS_DEFAULT (0x15)
2026-06-22 22:54:33.306 Df CoreSimulatorBridge[16923:643cd6] [com.apple.installcoordination:framework] -[IXAppInstallCoordinator _clientDelegate_didRegisterForObservation]: <IXUpdatingAppInstallCoordinator<0x1037a83c0> identity:[com.DefaultCompany.NeonDrift/Invalid/[system-defined]] uuid:D5790A7C-1CA1-43BE-AAEB-4B573184459E creator:InstallCoordination Simple SPI>: Got observer registration delegate
2026-06-22 22:54:33.306 Df installcoordinationd[17029:64416e] [com.apple.installcoordination:daemon] -[IXSCoordinatedAppInstall setPriorityBoostCompletion:withSourceInfo:]: <IXSCoordinatedAppInstall<0x1035b0000> [P=CoreSimulatorBridge (pid 16923)] identifier:[com.DefaultCompany.NeonDrift/Invalid/[system-defined]] uuid:D5790A7C-1CA1-43BE-AAEB-4B573184459E intent:IXCoordinatorIntentUpdating creator/appDRI:InstallCoordination Simple SPI importance:UserWaiting state:IXAppCoordinationStatePlaceholderPromiseNotSet promise-state:01234>: Retaining completion from CoreSimulatorBridge (16923), QOS_CLASS_DEFAULT (0x15)
2026-06-22 22:54:33.306 Df CoreSimulatorBridge[16923:643cd6] [com.apple.installcoordination:framework] -[IXAppInstallCoordinator _clientDelegate_shouldResume]: <IXUpdatingAppInstallCoordinator<0x1037a83c0> identity:[com.DefaultCompany.NeonDrift/Invalid/[system-defined]] uuid:D5790A7C-1CA1-43BE-AAEB-4B573184459E creator:InstallCoordination Simple SPI>: Got should resume delegate
2026-06-22 22:54:33.306 Df CoreSimulatorBridge[16923:643cd6] [com.apple.installcoordination:framework] -[IXAppInstallCoordinator _clientDelegate_didRegisterForObservation]_block_invoke: <IXUpdatingAppInstallCoordinator<0x1037a83c0> identity:[com.DefaultCompany.NeonDrift/Invalid/[system-defined]] uuid:D5790A7C-1CA1-43BE-AAEB-4B573184459E creator:InstallCoordination Simple SPI>: Observer <_IXSimpleInstallerDelegate 0x0x1037608d0> does not respond to coordinatorDidRegisterForObservation:
2026-06-22 22:54:33.306 Df CoreSimulatorBridge[16923:643cd6] [com.apple.installcoordination:framework] -[IXAppInstallCoordinator _clientDelegate_shouldResume]_block_invoke: <IXUpdatingAppInstallCoordinator<0x1037a83c0> identity:[com.DefaultCompany.NeonDrift/Invalid/[system-defined]] uuid:D5790A7C-1CA1-43BE-AAEB-4B573184459E creator:InstallCoordination Simple SPI>: Observer <_IXSimpleInstallerDelegate 0x0x1037608d0> does not respond to coordinatorShouldResume:
2026-06-22 22:54:33.306 Df callservicesd[16959:643e34] [com.apple.calls.callservicesd:Default] Unregistering application <CSDVoIPApplication 0x105713340 bundleIdentifier=com.DefaultCompany.NeonDrift environment=(null) pushKitClient=(null) networkExtensionClient=(null) token=(null) pendingPKMessageContextCount=0 pendingNetworkExtensionContextsCount=0> from PushKit voip in environment (null)
2026-06-22 22:54:33.306 Df callservicesd[16959:643e34] [com.apple.calls.callservicesd:Default] Disabling topic com.DefaultCompany.NeonDrift.voip and invalidating its token for all connections
2026-06-22 22:54:33.306 Df callservicesd[16959:643e34] [com.apple.apsd:connection] <APSConnection: 0x1057e0100> invalidateTokenForTopic: com.DefaultCompany.NeonDrift.voip identifier
2026-06-22 22:54:33.306 Df callservicesd[16959:643e34] [com.apple.apsd:connection] <APSConnection: 0x1057e0600> invalidateTokenForTopic: com.DefaultCompany.NeonDrift.voip identifier
2026-06-22 22:54:33.307 Df apsd[16937:643c86] [com.apple.apsd:courier] <APSUserCourier 0x10167ddb0 development 0> asked by <APSConnectionServer: 0x101e80b40; development/com.apple.telephonyutilities.callservicesdaemon.voip.push/callservicesd 0> to invalidate extended app token for info <APSAppTokenInfo 0x101c30120>: Topic com.DefaultCompany.NeonDrift.voip Identifier  Expiration (null) type 0 base token (null)
2026-06-22 22:54:33.308 Df apsd[16937:643c86] [com.apple.apsd:courier] <APSTokenStore:0x101d583c0; development>: copyAppSpecificTokensWithDomain sandbox.push.apple.com com.DefaultCompany.NeonDrift.voip ,PerAppToken.v0
2026-06-22 22:54:33.308 Df installcoordinationd[17029:64416b] [com.apple.installcoordination:daemon] -[IXSCoordinatedAppInstall _internal_setInstallOptionsPromise:performExternalActions:]: <IXSCoordinatedAppInstall<0x1035b0000> [P=CoreSimulatorBridge (pid 16923)] identifier:[com.DefaultCompany.NeonDrift/Invalid/[system-defined]] uuid:D5790A7C-1CA1-43BE-AAEB-4B573184459E intent:IXCoordinatorIntentUpdating creator/appDRI:InstallCoordination Simple SPI importance:UserWaiting state:IXAppCoordinationStatePlaceholderPromiseNotSet promise-state:012I4> : install options set: <IXSPromisedInMemoryData(0x1034ee580) Name:MIInstallOptions data Creator:Install Coordination Internal UUID:A28D6110-3AC2-4A8D-9CE1-B90178EB82A9 Location:[system-defined]>
2026-06-22 22:54:33.308 Df installcoordinationd[17029:64416e] [com.apple.installcoordination:daemon] -[IXSCoordinatedAppInstall promiseDidComplete:]: <IXSCoordinatedAppInstall<0x1035b0000> [P=CoreSimulatorBridge (pid 16923)] identifier:[com.DefaultCompany.NeonDrift/Invalid/[system-defined]] uuid:D5790A7C-1CA1-43BE-AAEB-4B573184459E intent:IXCoordinatorIntentUpdating creator/appDRI:InstallCoordination Simple SPI importance:UserWaiting state:IXAppCoordinationStatePlaceholderPromiseNotSet promise-state:012I4> : Promise completed: <IXSPromisedInMemoryData(0x1034ee580) Name:MIInstallOptions data Creator:Install Coordination Internal UUID:A28D6110-3AC2-4A8D-9CE1-B90178EB82A9 Location:[system-defined]>
2026-06-22 22:54:33.308 Df apsd[16937:643c86] [com.apple.apsd:courier] <APSTokenStore:0x101d583c0; development>: copyAppSpecificTokensWithDomain sandbox.push.apple.com com.DefaultCompany.NeonDrift.voip ,ExtendedAppToken.v1
2026-06-22 22:54:33.309 Df installcoordinationd[17029:64416b] [com.apple.appinstallation:TransactionLog] com.DefaultCompany.NeonDrift/Unknown Persona:4:13:1:1:Install Options Promise began. Coordinator State: IXAppCoordinationStatePlaceholderPromiseNotSet
2026-06-22 22:54:33.309 Df installcoordinationd[17029:64416b] [com.apple.appinstallation:TransactionLog] com.DefaultCompany.NeonDrift/Unknown Persona:4:13:2:1:Install Options Promise completed. Coordinator State: IXAppCoordinationStatePlaceholderPromiseNotSet
2026-06-22 22:54:33.309 Df installcoordinationd[17029:64416e] [com.apple.installcoordination:daemon] -[IXSCoordinatedAppInstall _internal_setAppAssetPromise:performExternalActions:]: <IXSCoordinatedAppInstall<0x1035b0000> [P=CoreSimulatorBridge (pid 16923)] identifier:[com.DefaultCompany.NeonDrift/Invalid/[system-defined]] uuid:D5790A7C-1CA1-43BE-AAEB-4B573184459E intent:IXCoordinatorIntentUpdating creator/appDRI:InstallCoordination Simple SPI importance:UserWaiting state:IXAppCoordinationStatePlaceholderPromiseNotSet promise-state:0a2I4> : App Asset Promise set: <IXSPromisedTransferToPath(0x1034ee180) Name:App Asset: com.DefaultCompany.NeonDrift Creator:InstallCoordination Simple SPI UUID:B0A01CD9-2C98-460D-B41B-80144AF4D06B Location:[system-defined]>
2026-06-22 22:54:33.309 Df apsd[16937:643c86] [com.apple.apsd:courier] No tokens use salt anymore. Clearing salt for topic com.DefaultCompany.NeonDrift.voip
2026-06-22 22:54:33.309 Df installcoordinationd[17029:64416e] [com.apple.installcoordination:daemon] -[IXSCoordinatedAppInstall setInitialODRAssetPromises:]: <IXSCoordinatedAppInstall<0x1035b0000> [P=CoreSimulatorBridge (pid 16923)] identifier:[com.DefaultCompany.NeonDrift/Invalid/[system-defined]] uuid:D5790A7C-1CA1-43BE-AAEB-4B573184459E intent:IXCoordinatorIntentUpdating creator/appDRI:InstallCoordination Simple SPI importance:UserWaiting state:IXAppCoordinationStatePlaceholderPromiseNotSet promise-state:0a2I4> : Initial ODR Asset Promises set: (
)
2026-06-22 22:54:33.310 E  apsd[16937:643c86] [com.apple.apsd:courier] <APSUser: 0x10166cd90; name: 0> saveSalt failed (null) com.DefaultCompany.NeonDrift.voip
2026-06-22 22:54:33.310 Df apsd[16937:643c86] [com.apple.apsd:courier] <APSUserCourier 0x10167ddb0 development 0> asked by <APSConnectionServer: 0x101e80140; development/com.apple.telephonyutilities.callservicesdaemon.voip.push.development/callservicesd 0> to invalidate extended app token for info <APSAppTokenInfo 0x101c33930>: Topic com.DefaultCompany.NeonDrift.voip Identifier  Expiration (null) type 0 base token (null)
2026-06-22 22:54:33.310 Df apsd[16937:643c86] [com.apple.apsd:courier] <APSTokenStore:0x101d583c0; development>: copyAppSpecificTokensWithDomain sandbox.push.apple.com com.DefaultCompany.NeonDrift.voip ,PerAppToken.v0
2026-06-22 22:54:33.311 Df apsd[16937:643c86] [com.apple.apsd:courier] <APSTokenStore:0x101d583c0; development>: copyAppSpecificTokensWithDomain sandbox.push.apple.com com.DefaultCompany.NeonDrift.voip ,ExtendedAppToken.v1
2026-06-22 22:54:33.311 Df apsd[16937:643c86] [com.apple.apsd:courier] No tokens use salt anymore. Clearing salt for topic com.DefaultCompany.NeonDrift.voip
2026-06-22 22:54:33.311 Df CoreSimulatorBridge[16923:643c25] [com.apple.installcoordination:framework] -[IXPromisedTransferToPath _performDeltaCopyFrom:toDestination:]: Performing delta copy from /Users/dragonkao/.openclaw/workspace/382b9e3384298039b171c9b2a60ae644/NeonDrift_MVP/project/xcode_derived_data/Build/Products/Release-iphonesimulator/NeonDrift.app to /Users/dragonkao/Library/Developer/CoreSimulator/Devices/CCB1E793-CED4-4FCD-BF73-321AAEA77AB9/data/Containers/Shared/SystemGroup/systemgroup.com.apple.installcoordinationd/Library/InstallCoordination/PromiseStaging/B0A01CD9-2C98-460D-B41B-80144AF4D06B/NeonDrift.app with installed bundle at /Users/dragonkao/Library/Developer/CoreSimulator/Devices/CCB1E793-CED4-4FCD-BF73-321AAEA77AB9/data/Containers/Bundle/Application/7B8B1521-FF5E-4A15-8020-0B36DD2276CF/NeonDrift.app
2026-06-22 22:54:33.311 E  apsd[16937:643c86] [com.apple.apsd:courier] <APSUser: 0x10166cd90; name: 0> saveSalt failed (null) com.DefaultCompany.NeonDrift.voip
2026-06-22 22:54:33.311 Df CoreSimulatorBridge[16923:643c25] (MobileSystemServices) 0x16da47000 MDMCreateDeltaDirectory: calling MDMDirectoryDiff with:
state->old_bundle: /Users/dragonkao/Library/Developer/CoreSimulator/Devices/CCB1E793-CED4-4FCD-BF73-321AAEA77AB9/data/Containers/Bundle/Application/7B8B1521-FF5E-4A15-8020-0B36DD2276CF/NeonDrift.app
state->new_bundle: /Users/dragonkao/.openclaw/workspace/382b9e3384298039b171c9b2a60ae644/NeonDrift_MVP/project/xcode_derived_data/Build/Products/Release-iphonesimulator/NeonDrift.app
state->dst_bundle: /Users/dragonkao/Library/Developer/CoreSimulator/Devices/CCB1E793-CED4-4FCD-BF73-321AAEA77AB9/data/Containers/Shared/SystemGroup/systemgroup.com.apple.installcoordinationd/Library/InstallCoordination/PromiseStaging/B0A01CD9-2C98-460D-B41B-80144AF4D06B/NeonDrift.app/Payload//NeonDrift.app, binaryDiff flag: FALSE
	dst_ipa: /Users/dragonkao/Library/Developer/CoreSimulator/Devices/CCB1E793-CED4-4FCD-BF73-321AAEA77AB9/data/Containers/Shared/SystemGroup/systemgroup.com.apple.installcoordinationd/Library/InstallCoordination/PromiseStaging/B0A01<…>
2026-06-22 22:54:33.386 Df searchd[16994:6440f7] [com.apple.spotlight:default] _allInstalledApplicationsIdentifiers: {(
    "com.apple.Passbook",
    "com.apple.MobileAddressBook",
    "com.apple.Fitness",
    "com.apple.DocumentsApp",
    "com.apple.MobileSMS",
    "com.apple.Maps",
    "com.apple.Passwords",
    "com.apple.mobilecal",
    "com.apple.Bridge",
    "com.apple.BarcodeScanner",
    "com.apple.Preferences",
    "com.apple.reminders",
    "com.apple.Health",
    "com.apple.TVRemoteUIService",
    "com.apple.news",
    "com.DefaultCompany.NeonDrift",
    "com.apple.mobilesafari",
    "com.apple.mobileslideshow",
    "com.apple.Preview",
    "com.apple.shortcuts"
)}
2026-06-22 22:54:33.389 Df searchd[16994:6440f7] [com.apple.spotlight:default] Deleting all the items for bundleIDs:(
    "com.DefaultCompany.NeonDrift"
), pcs:{(
)}
2026-06-22 22:54:33.392 Df CoreSimulatorBridge[16923:643c25] [com.apple.installcoordination:framework] -[IXPromisedTransferToPath setComplete:]: <IXPromisedTransferToPath<0x1037a8400> name:"App Asset: com.DefaultCompany.NeonDrift" uuid:B0A01CD9-2C98-460D-B41B-80144AF4D06B creator:"InstallCoordination Simple SPI" location:[system-defined]> Delta Copy operation from /Users/dragonkao/.openclaw/workspace/382b9e3384298039b171c9b2a60ae644/NeonDrift_MVP/project/xcode_derived_data/Build/Products/Release-iphonesimulator/NeonDrift.app to /Users/dragonkao/Library/Developer/CoreSimulator/Devices/CCB1E793-CED4-4FCD-BF73-321AAEA77AB9/data/Containers/Shared/SystemGroup/systemgroup.com.apple.installcoordinationd/Library/InstallCoordination/PromiseStaging/B0A01CD9-2C98-460D-B41B-80144AF4D06B/NeonDrift.app took 0.082021 seconds
2026-06-22 22:54:33.394 Df installcoordinationd[17029:64416e] [com.apple.installcoordination:daemon] -[IXSDataPromise _setPercentComplete:saveStateIfNeeded:]: Progress: <IXSPromisedTransferToPath(0x1034ee180) Name:App Asset: com.DefaultCompany.NeonDrift Creator:InstallCoordination Simple SPI UUID:B0A01CD9-2C98-460D-B41B-80144AF4D06B Location:[system-defined]>
2026-06-22 22:54:33.394 Df installcoordinationd[17029:64416b] [com.apple.appinstallation:TransactionLog] com.DefaultCompany.NeonDrift/Unknown Persona:4:10:1:1:App Asset Promise began. Coordinator State: IXAppCoordinationStatePlaceholderPromiseNotSet
2026-06-22 22:54:33.394 Df CoreSimulatorBridge[16923:643cd6] [com.apple.installcoordination:framework] -[IXAppInstallCoordinator _clientDelegate_promiseDidBeginFulfillmentWithIdentifier:]: <IXUpdatingAppInstallCoordinator<0x1037a83c0> identity:[com.DefaultCompany.NeonDrift/Invalid/[system-defined]] uuid:D5790A7C-1CA1-43BE-AAEB-4B573184459E creator:InstallCoordination Simple SPI>: Got promise did begin fulfillment for identifier 2
2026-06-22 22:54:33.394 Df installcoordinationd[17029:64416e] [com.apple.installcoordination:daemon] -[IXSCoordinatedAppInstall promiseDidComplete:]: <IXSCoordinatedAppInstall<0x1035b0000> [P=CoreSimulatorBridge (pid 16923)] identifier:[com.DefaultCompany.NeonDrift/Invalid/[system-defined]] uuid:D5790A7C-1CA1-43BE-AAEB-4B573184459E intent:IXCoordinatorIntentUpdating creator/appDRI:InstallCoordination Simple SPI importance:UserWaiting state:IXAppCoordinationStatePlaceholderPromiseNotSet promise-state:0A2I4> : Promise completed: <IXSPromisedTransferToPath(0x1034ee180) Name:App Asset: com.DefaultCompany.NeonDrift Creator:InstallCoordination Simple SPI UUID:B0A01CD9-2C98-460D-B41B-80144AF4D06B Location:[system-defined]>
2026-06-22 22:54:33.394 Df CoreSimulatorBridge[16923:643cd6] [com.apple.installcoordination:framework] -[IXAppInstallCoordinator _clientDelegate_promiseDidBeginFulfillmentWithIdentifier:]_block_invoke: <IXUpdatingAppInstallCoordinator<0x1037a83c0> identity:[com.DefaultCompany.NeonDrift/Invalid/[system-defined]] uuid:D5790A7C-1CA1-43BE-AAEB-4B573184459E creator:InstallCoordination Simple SPI>: Observer <_IXSimpleInstallerDelegate 0x0x1037608d0> does not respond to coordinator:configuredPromiseDidBeginFulfillment: (or any deprecated equivalent)
2026-06-22 22:54:33.394 Df installcoordinationd[17029:64412d] [com.apple.appinstallation:TransactionLog] com.DefaultCompany.NeonDrift/Unknown Persona:4:10:2:1:App Asset Promise completed. Coordinator State: IXAppCoordinationStatePlaceholderPromiseNotSet
2026-06-22 22:54:33.394 Df CoreSimulatorBridge[16923:643cd4] [com.apple.installcoordination:framework] -[IXAppInstallCoordinator _clientDelegate_didUpdateProgress:forPhase:overallProgress:]: <IXUpdatingAppInstallCoordinator<0x1037a83c0> identity:[com.DefaultCompany.NeonDrift/Invalid/[system-defined]] uuid:D5790A7C-1CA1-43BE-AAEB-4B573184459E creator:InstallCoordination Simple SPI>: Got did update progress delegate with percentComplete 100.000000 phase IXCoordinatorProgressPhaseLoading overallProgress 60.000000
2026-06-22 22:54:33.394 Df CoreSimulatorBridge[16923:643cd4] [com.apple.installcoordination:framework] -[IXAppInstallCoordinator _clientDelegate_didUpdateProgress:forPhase:overallProgress:]_block_invoke: <IXUpdatingAppInstallCoordinator<0x1037a83c0> identity:[com.DefaultCompany.NeonDrift/Invalid/[system-defined]] uuid:D5790A7C-1CA1-43BE-AAEB-4B573184459E creator:InstallCoordination Simple SPI>: Calling selector coordinator:didUpdateProgress:forPhase:overallProgress: on observer <_IXSimpleInstallerDelegate 0x0x1037608d0>
2026-06-22 22:54:33.394 Df installcoordinationd[17029:644129] [com.apple.installcoordination:daemon] -[IXSCoordinatedAppInstall setPlaceholderPromise:]: <IXSCoordinatedAppInstall<0x1035b0000> [P=CoreSimulatorBridge (pid 16923)] identifier:[com.DefaultCompany.NeonDrift/Invalid/[system-defined]] uuid:D5790A7C-1CA1-43BE-AAEB-4B573184459E intent:IXCoordinatorIntentUpdating creator/appDRI:InstallCoordination Simple SPI importance:UserWaiting state:IXAppCoordinationStateReadyForPlaceholderInstall promise-state:PA2I4> : Placeholder Promise set: <IXSPlaceholder(0x103510000) Name:App Placeholder: NeonDrift (com.DefaultCompany.NeonDrift) Creator:InstallCoordination Simple SPI UUID:0115FB17-5C46-4BE3-849B-64F79F046449 Location:[system-defined]>
2026-06-22 22:54:33.395 Df installcoordinationd[17029:64416b] [com.apple.installcoordination:daemon] -[IXSCoordinatedAppInstall promiseDidComplete:]: <IXSCoordinatedAppInstall<0x1035b0000> [P=CoreSimulatorBridge (pid 16923)] identifier:[com.DefaultCompany.NeonDrift/Invalid/[system-defined]] uuid:D5790A7C-1CA1-43BE-AAEB-4B573184459E intent:IXCoordinatorIntentUpdating creator/appDRI:InstallCoordination Simple SPI importance:UserWaiting state:IXAppCoordinationStateReadyForPlaceholderInstall promise-state:PA2I4> : Promise completed: <IXSPlaceholder(0x103510000) Name:App Placeholder: NeonDrift (com.DefaultCompany.NeonDrift) Creator:InstallCoordination Simple SPI UUID:0115FB17-5C46-4BE3-849B-64F79F046449 Location:[system-defined]>
2026-06-22 22:54:33.395 Df installcoordinationd[17029:644129] [com.apple.installcoordination:daemon] -[IXSCoordinatedAppInstall _onQueue_acquireAssertionAndInstallPlaceholder]: Acquiring termination assertion to install placeholder for [com.DefaultCompany.NeonDrift/Invalid/[system-defined]]
2026-06-22 22:54:33.395 Df installcoordinationd[17029:644129] [com.apple.installcoordination:daemon] -[IXSPendingOperationsTracker beginPendingOperationForIdentity:]_block_invoke: Beginning pending operation for [com.DefaultCompany.NeonDrift/Invalid/[system-defined]]
2026-06-22 22:54:33.397 Df runningboardd[16896:643cac] [com.apple.runningboard:connection] Received termination request from [osservice<com.apple.installcoordinationd>:17029] on <RBSProcessPredicate <RBSProcessBundleIdentifierPredicate "com.DefaultCompany.NeonDrift">> with context <RBSTerminateContext| explanation:installcoordinationd app:[com.DefaultCompany.NeonDrift/Invalid/[system-defined]] uuid:D5790A7C-1CA1-43BE-AAEB-4B573184459E isPlaceholder:Y reportType:None maxTerminationResistance:Absolute attrs:[
	<RBSPreventLaunchLimitation| <RBSProcessPredicate <RBSProcessBundleIdentifierPredicate "com.DefaultCompany.NeonDrift">> allow:(null)>
	]>
2026-06-22 22:54:33.397 Df runningboardd[16896:643cac] [com.apple.runningboard:general] Found 0 extensions contained in com.DefaultCompany.NeonDrift
2026-06-22 22:54:33.397 Df runningboardd[16896:643cac] [com.apple.PlugInKit:holds] <PKManager:0x107069940> hold request for [/Users/dragonkao/Library/Developer/CoreSimulator/Devices/CCB1E793-CED4-4FCD-BF73-321AAEA77AB9/data/Containers/Bundle/Application/7B8B1521-FF5E-4A15-8020-0B36DD2276CF/NeonDrift.app] with flags: 0x4
2026-06-22 22:54:33.399 Df runningboardd[16896:643cac] [com.apple.PlugInKit:holds] <PKManager:0x107069940> hold request for [/Users/dragonkao/Library/Developer/CoreSimulator/Devices/CCB1E793-CED4-4FCD-BF73-321AAEA77AB9/data/Containers/Bundle/Application/7B8B1521-FF5E-4A15-8020-0B36DD2276CF/NeonDrift.app] with flags: 0x4 completed with hold token: [F7EFFC89-6FFD-4737-89D1-5FCFEC80DA4E]
2026-06-22 22:54:33.399 Df runningboardd[16896:643cac] [com.apple.runningboard:ttl] Acquiring assertion targeting system from originator [osservice<com.apple.installcoordinationd>:17029] with description <RBSAssertionDescriptor| "installcoordinationd app:[com.DefaultCompany.NeonDrift/Invalid/[system-defined]] uuid:D5790A7C-1CA1-43BE-AAEB-4B573184459E isPlaceholder:Y" ID:16896-17029-323 target:system attributes:[
	<RBSPreventLaunchLimitation| <RBSProcessPredicate <RBSProcessBundleIdentifierPredicate "com.DefaultCompany.NeonDrift">> allow:(null)>
	]>
2026-06-22 22:54:33.400 Df runningboardd[16896:643cac] [com.apple.runningboard:process] Executing termination request for: <RBSProcessPredicate <RBSProcessBundleIdentifierPredicate "com.DefaultCompany.NeonDrift">>
2026-06-22 22:54:33.400 Df SpringBoard[16891:643be3] [com.apple.SpringBoard:Common] termination assertion acquired for com.DefaultCompany.NeonDrift
2026-06-22 22:54:33.400 Df SpringBoard[16891:643be3] [com.apple.SpringBoard:Icon] 0x10a554000-SBApplicationIcon Data source did change: <SBApplication: 0x10a74d800; com.DefaultCompany.NeonDrift> {
} (SBApplication)
2026-06-22 22:54:33.400 Df installcoordinationd[17029:644129] [com.apple.installcoordination:daemon] -[IXSCoordinatedAppInstall assertionAcquiredCallback]: RBS termination assertion observer called for <IXSCoordinatedAppInstall<0x1035b0000> [P=CoreSimulatorBridge (pid 16923)] identifier:[com.DefaultCompany.NeonDrift/Invalid/[system-defined]] uuid:D5790A7C-1CA1-43BE-AAEB-4B573184459E intent:IXCoordinatorIntentUpdating creator/appDRI:InstallCoordination Simple SPI importance:UserWaiting state:IXAppCoordinationStateWaitingForPlaceholderAssertion promise-state:PA2I4>
2026-06-22 22:54:33.400 Df installcoordinationd[17029:644129] [com.apple.appinstallation:TransactionLog] com.DefaultCompany.NeonDrift/Unknown Persona:4:9:1:1:Placeholder Promise began. Coordinator State: IXAppCoordinationStateWaitingForPlaceholderAssertion
2026-06-22 22:54:33.401 Df installcoordinationd[17029:644129] [com.apple.installcoordination:daemon] -[IXSCoordinatorProgress setTotalUnitsCompleted:]: Progress for coordinator: [com.DefaultCompany.NeonDrift/Invalid/[system-defined]], Phase: IXCoordinatorProgressPhaseLoading, Percentage: 100.000000: Attempt to set units completed on finished progress: 100
2026-06-22 22:54:33.401 Df installcoordinationd[17029:644129] [com.apple.appinstallation:TransactionLog] com.DefaultCompany.NeonDrift/Unknown Persona:4:9:2:1:Placeholder Promise completed. Coordinator State: IXAppCoordinationStateWaitingForPlaceholderAssertion
2026-06-22 22:54:33.401 Df CoreSimulatorBridge[16923:643cd4] [com.apple.installcoordination:framework] -[IXAppInstallCoordinator _clientDelegate_promiseDidBeginFulfillmentWithIdentifier:]: <IXUpdatingAppInstallCoordinator<0x1037a83c0> identity:[com.DefaultCompany.NeonDrift/Invalid/[system-defined]] uuid:D5790A7C-1CA1-43BE-AAEB-4B573184459E creator:InstallCoordination Simple SPI>: Got promise did begin fulfillment for identifier 1
2026-06-22 22:54:33.401 Df CoreSimulatorBridge[16923:643cd4] [com.apple.installcoordination:framework] -[IXAppInstallCoordinator _clientDelegate_promiseDidBeginFulfillmentWithIdentifier:]_block_invoke: <IXUpdatingAppInstallCoordinator<0x1037a83c0> identity:[com.DefaultCompany.NeonDrift/Invalid/[system-defined]] uuid:D5790A7C-1CA1-43BE-AAEB-4B573184459E creator:InstallCoordination Simple SPI>: Observer <_IXSimpleInstallerDelegate 0x0x1037608d0> does not respond to coordinator:configuredPromiseDidBeginFulfillment: (or any deprecated equivalent)
2026-06-22 22:54:33.401 Df installcoordinationd[17029:644129] [com.apple.installcoordination:daemon] -[IXSCoordinatedAppInstall _onQueue_installPlaceholder]: Acquired termination assertion for placeholder [com.DefaultCompany.NeonDrift/Invalid/[system-defined]]; proceeding with install.
2026-06-22 22:54:33.401 Df installcoordinationd[17029:644129] [com.apple.installcoordination:daemon] -[IXSPowerAssertion initWithAssertionName:details:]: Acquired power assertion IXPowerAssertion-12-[com.DefaultCompany.NeonDrift/Invalid/[system-defined]]
2026-06-22 22:54:33.402 Df installd[17042:6441b9] (MobileSystemServices) 0x16af33000 -[MIClientConnection _doInstallationForURL:identity:domain:options:operationType:completion:]: Install of "/Users/dragonkao/Library/Developer/CoreSimulator/Devices/CCB1E793-CED4-4FCD-BF73-321AAEA77AB9/data/Containers/Shared/SystemGroup/systemgroup.com.apple.installcoordinationd/Library/InstallCoordination/PromiseStaging/0115FB17-5C46-4BE3-849B-64F79F046449/NeonDrift.app" type Placeholder (LSInstallType = 1, Domain: MIInstallationDomainDefault) requested by installcoordinationd (pid 17029 (501/20))
2026-06-22 22:54:33.406 Df installd[17042:6441b9] [com.apple.containermanager:xpc] Query; euid = 501, uid = 501, class = 1, identifier = [com.DefaultCompany.NeonDrift](1), flags = 300000002
2026-06-22 22:54:33.407 Df installd[17042:6441b9] [com.apple.containermanager:xpc] Query; euid = 501, uid = 501, class = 1, identifier = [com.DefaultCompany.NeonDrift](1), flags = 300000002
2026-06-22 22:54:33.411 Df installd[17042:6441b9] [com.apple.containermanager:xpc] Query; euid = 501, uid = 501, class = 1, identifier = [com.DefaultCompany.NeonDrift](1), flags = 300000002
2026-06-22 22:54:33.412 Df installd[17042:6441b9] [com.apple.containermanager:xpc] Query; euid = 501, uid = 501, class = 1, identifier = [com.DefaultCompany.NeonDrift](1), flags = 300000002
2026-06-22 22:54:33.417 Df installd[17042:6441b9] (MobileSystemServices) 0x16af33000 -[MIInstaller _installInstallable:containingSymlink:error:]: Installing <MIInstallableParallelPlaceholder ID=com.DefaultCompany.NeonDrift; Persona=com.apple.containermanager.primary-persona, Version=0, ShortVersion=1.0>
2026-06-22 22:54:33.417 Df installd[17042:6441b9] [com.apple.appinstallation:TransactionLog] com.DefaultCompany.NeonDrift/com.apple.containermanager.primary-persona:7:2:1:1:Start : Install (Parallel Placeholder)
2026-06-22 22:54:33.420 Df installd[17042:6441b9] [com.apple.containermanager:query] Query; euid = 501, uid = 501, class = 4, identifier = [com.DefaultCompany.NeonDrift](1), flags = 300000002
2026-06-22 22:54:33.421 Df installd[17042:6441b9] [com.apple.containermanager:query] Query; euid = 501, uid = 501, class = 4, identifier = [com.DefaultCompany.NeonDrift](1), flags = 300000002
2026-06-22 22:54:33.422 Df installd[17042:6441b9] (MobileSystemServices) 0x16af33000 -[MIInstallableParallelPlaceholder performInstallationWithError:]: Installing parallel placeholder for [com.DefaultCompany.NeonDrift/com.apple.containermanager.primary-persona/[system-defined]]
2026-06-22 22:54:33.425 Df installd[17042:6441b9] [com.apple.containermanager:query] Query; euid = 501, uid = 501, class = 2, identifier = [com.DefaultCompany.NeonDrift](1), flags = 300000003
2026-06-22 22:54:33.426 Df installd[17042:6441b9] [com.apple.containermanager:query] Query; euid = 501, uid = 501, class = 2, identifier = [com.DefaultCompany.NeonDrift](1), flags = 300000002
2026-06-22 22:54:33.438 Df containermanagerd[16948:643d4f] [com.apple.containermanager:schema] [u F64F8C0C-52C2-4B45-96F9-CC2408ADB888:p 0715D7FD-172F-43E0-A8AA-B1901E20C098:c com.DefaultCompany.NeonDrift(2):i0] Successfully updated schema from (0) → (1), actions count = 6
2026-06-22 22:54:33.439 Df containermanagerd_system[16938:643ca5] [com.apple.containermanager:schema] [u CD982817-C1E5-4F0D-99DD-1DF9B4CFAC45:p 7B8B1521-FF5E-4A15-8020-0B36DD2276CF:c com.DefaultCompany.NeonDrift(1):i0] Successfully updated schema from (0) → (0), actions count = 0
2026-06-22 22:54:33.440 Df installd[17042:6441b9] [com.apple.containermanager:xpc] Query; euid = 501, uid = 501, class = 1, identifier = [com.DefaultCompany.NeonDrift](1), flags = 300000002
2026-06-22 22:54:33.443 Df installd[17042:6441b9] [com.apple.containermanager:unspecified] Requesting disk usage; class = 1, identifier = com.DefaultCompany.NeonDrift
2026-06-22 22:54:33.445 Df installd[17042:6441b9] [com.apple.containermanager:query] Query; euid = 501, uid = 501, class = 7, identifier = [com.DefaultCompany.NeonDrift](1), flags = 300000001
2026-06-22 22:54:33.446 Df SpringBoard[16891:643be3] [com.apple.SpringBoard:Common] termination assertion released for com.DefaultCompany.NeonDrift
2026-06-22 22:54:33.446 Df SpringBoard[16891:643be3] [com.apple.SpringBoard:Icon] 0x10a554000-SBApplicationIcon Data source did change: <SBApplication: 0x10a74d800; com.DefaultCompany.NeonDrift> {
} (SBApplication)
2026-06-22 22:54:33.449 Df installd[17042:6441b9] (MobileSystemServices) 0x16af33000 -[MILaunchServicesOperationManager _onQueue_addPendingLaunchServicesOperation:error:]: Added pending LS operation <MILaunchServicesRegisterOperation: 9FEBBA57-D049-4901-A5DD-27E57BDD5FF2:3 com.DefaultCompany.NeonDrift/MIInstallationDomainSystemShared personas:[com.apple.containermanager.primary-persona]>
2026-06-22 22:54:33.449 Df lsd[16943:643d64] [com.apple.launchservices:appinstallation] Post installation registration: request to register com.DefaultCompany.NeonDrift, operation 9FEBBA57-D049-4901-A5DD-27E57BDD5FF2, from pid 17042
2026-06-22 22:54:33.450 Df lsd[16943:643d64] [com.apple.appinstallation:TransactionLog] com.DefaultCompany.NeonDrift/Unknown Persona:5:4:1:1:Registering bundles via registrant - start
2026-06-22 22:54:33.451 Df lsd[16943:643d64] [com.apple.appinstallation:TransactionLog] com.DefaultCompany.NeonDrift/Unknown Persona:5:5:1:1:Building bundle record for app
2026-06-22 22:54:33.451 Df lsd[16943:643d64] [com.apple.launchservices:appinstallation] Placeholder detected - Flagging bundle com.DefaultCompany.NeonDrift incomplete
2026-06-22 22:54:33.451 Df lsd[16943:643d64] [com.apple.appinstallation:TransactionLog] com.DefaultCompany.NeonDrift/Unknown Persona:5:5:2:1:Built bundle record for app
2026-06-22 22:54:33.453 Df lsd[16943:643d64] [com.apple.appinstallation:TransactionLog] com.DefaultCompany.NeonDrift/Unknown Persona:5:4:2:1:Registered bundle status = success
2026-06-22 22:54:33.453 Df lsd[16943:643d64] [com.apple.appinstallation:TransactionLog] com.DefaultCompany.NeonDrift/Unknown Persona:5:4:2:1:Finished registering com.DefaultCompany.NeonDrift, bundle unit 3b4
2026-06-22 22:54:33.454 Df searchd[16994:6440f7] [com.apple.spotlight:default] Deleting all items for bundleID:com.DefaultCompany.NeonDrift
2026-06-22 22:54:33.454 Df installd[17042:6441b9] (MobileSystemServices) 0x16af33000 -[MIJournal purgeJournalEntry:withError:]: Removing journal entry <MIInstallationJournalEntry<0x1060a4a00> [com.DefaultCompany.NeonDrift/com.apple.containermanager.primary-persona/[system-defined]]/MIInstallationDomainSystemShared op:3 phase:JournalPhaseDidRegisterWithLS version:0>
2026-06-22 22:54:33.454 Df searchd[16994:6440f7] [com.apple.corespotlight:index] (com.DefaultCompany.NeonDrift) deleteAllSearchableItemsWithBundleID, protectionClass:Default, shouldGC:YES, options:0x0, qos:0x11 conn:(0)
2026-06-22 22:54:33.454 Df lsd[16943:643d5b] [com.apple.launchservices:progress] Sending applicationInstallsDidStart: for (
    "<LSApplicationProxy: 0x1022f4300> com.DefaultCompany.NeonDrift file:///Users/dragonkao/Library/Developer/CoreSimulator/Devices/CCB1E793-CED4-4FCD-BF73-321AAEA77AB9/data/Containers/Bundle/Application/7B8B1521-FF5E-4A15-8020-0B36DD2276CF/com.apple.mobileinstallation.placeholder/ <com.DefaultCompany.NeonDrift <placeholder >:1>"
)
2026-06-22 22:54:33.454 Df lsd[16943:643d5b] [com.apple.launchservices:progress] Created parent progress <NSProgress: com.DefaultCompany.NeonDrift phase=InstallingPlaceholder; state=Waiting; finalPhase=Installing; fractionCompleted=0.000000>
2026-06-22 22:54:33.454 Df installd[17042:6441b9] [com.apple.appinstallation:TransactionLog] com.DefaultCompany.NeonDrift/com.apple.containermanager.primary-persona:7:2:2:1:Success (End) : Install (Parallel Placeholder)
2026-06-22 22:54:33.454 Df installd[17042:6441b9] (MobileSystemServices) 0x16af33000 -[MIInstaller _logOperationCompletionWithStartTime:distributorID:]: Install successful for (Placeholder:com.DefaultCompany.NeonDrift) [Distributor: (null)]; Staging: 0.00s; Waiting: 0.00s; Preflight/Patch: 0.00s, Verifying: 0.00s; Overall: 0.05s
2026-06-22 22:54:33.455 Df SpringBoard[16891:643e0b] [com.apple.launchservices:appinstallation] LaunchServices observer: InstallsStarted (
    "<LSApplicationProxy: 0x12539b000> com.DefaultCompany.NeonDrift file:///Users/dragonkao/Library/Developer/CoreSimulator/Devices/CCB1E793-CED4-4FCD-BF73-321AAEA77AB9/data/Containers/Bundle/Application/7B8B1521-FF5E-4A15-8020-0B36DD2276CF/com.apple.mobileinstallation.placeholder/ <com.DefaultCompany.NeonDrift <placeholder >:1>"
)
2026-06-22 22:54:33.455 Df nsurlsessiond[16941:643d32] [com.apple.launchservices:appinstallation] LaunchServices observer: InstallsStarted (
    "<LSApplicationProxy: 0x105670300> com.DefaultCompany.NeonDrift file:///Users/dragonkao/Library/Developer/CoreSimulator/Devices/CCB1E793-CED4-4FCD-BF73-321AAEA77AB9/data/Containers/Bundle/Application/7B8B1521-FF5E-4A15-8020-0B36DD2276CF/com.apple.mobileinstallation.placeholder/ <com.DefaultCompany.NeonDrift <placeholder >:1>"
)
2026-06-22 22:54:33.455 Df routined[16901:643ddb] [com.apple.launchservices:appinstallation] LaunchServices observer: InstallsStarted (
    "<LSApplicationProxy: 0x106d7cfc0> com.DefaultCompany.NeonDrift file:///Users/dragonkao/Library/Developer/CoreSimulator/Devices/CCB1E793-CED4-4FCD-BF73-321AAEA77AB9/data/Containers/Bundle/Application/7B8B1521-FF5E-4A15-8020-0B36DD2276CF/com.apple.mobileinstallation.placeholder/ <com.DefaultCompany.NeonDrift <placeholder >:1>"
)
2026-06-22 22:54:33.455 Df mobiletimerd[16908:643d43] [com.apple.launchservices:appinstallation] LaunchServices observer: InstallsStarted (
    "<LSApplicationProxy: 0x105650600> com.DefaultCompany.NeonDrift file:///Users/dragonkao/Library/Developer/CoreSimulator/Devices/CCB1E793-CED4-4FCD-BF73-321AAEA77AB9/data/Containers/Bundle/Application/7B8B1521-FF5E-4A15-8020-0B36DD2276CF/com.apple.mobileinstallation.placeholder/ <com.DefaultCompany.NeonDrift <placeholder >:1>"
)
2026-06-22 22:54:33.455 Df profiled[16957:643eab] [com.apple.launchservices:appinstallation] LaunchServices observer: InstallsStarted (
    "<LSApplicationProxy: 0x103768000> com.DefaultCompany.NeonDrift file:///Users/dragonkao/Library/Developer/CoreSimulator/Devices/CCB1E793-CED4-4FCD-BF73-321AAEA77AB9/data/Containers/Bundle/Application/7B8B1521-FF5E-4A15-8020-0B36DD2276CF/com.apple.mobileinstallation.placeholder/ <com.DefaultCompany.NeonDrift <placeholder >:1>"
)
2026-06-22 22:54:33.455 Df webbookmarksd[16998:64415a] [com.apple.launchservices:appinstallation] LaunchServices observer: InstallsStarted (
    "<LSApplicationProxy: 0x105dc0000> com.DefaultCompany.NeonDrift file:///Users/dragonkao/Library/Developer/CoreSimulator/Devices/CCB1E793-CED4-4FCD-BF73-321AAEA77AB9/data/Containers/Bundle/Application/7B8B1521-FF5E-4A15-8020-0B36DD2276CF/com.apple.mobileinstallation.placeholder/ <com.DefaultCompany.NeonDrift <placeholder >:1>"
)
2026-06-22 22:54:33.455 Df installcoordinationd[17029:644129] [com.apple.installcoordination:daemon] -[IXSPowerAssertion invalidate]: Released power assertion IXPowerAssertion-12-[com.DefaultCompany.NeonDrift/Invalid/[system-defined]]
2026-06-22 22:54:33.455 Df sleepd[16920:643c70] [com.apple.launchservices:appinstallation] LaunchServices observer: InstallsStarted (
    "<LSApplicationProxy: 0x106264000> com.DefaultCompany.NeonDrift file:///Users/dragonkao/Library/Developer/CoreSimulator/Devices/CCB1E793-CED4-4FCD-BF73-321AAEA77AB9/data/Containers/Bundle/Application/7B8B1521-FF5E-4A15-8020-0B36DD2276CF/com.apple.mobileinstallation.placeholder/ <com.DefaultCompany.NeonDrift <placeholder >:1>"
)
2026-06-22 22:54:33.456 Df liveactivitiesd[16945:643d5c] [com.apple.launchservices:appinstallation] LaunchServices observer: InstallsStarted (
    "<LSApplicationProxy: 0x10668d800> com.DefaultCompany.NeonDrift file:///Users/dragonkao/Library/Developer/CoreSimulator/Devices/CCB1E793-CED4-4FCD-BF73-321AAEA77AB9/data/Containers/Bundle/Application/7B8B1521-FF5E-4A15-8020-0B36DD2276CF/com.apple.mobileinstallation.placeholder/ <com.DefaultCompany.NeonDrift <placeholder >:1>"
)
2026-06-22 22:54:33.456 Df financed[16981:643fb8] [com.apple.launchservices:appinstallation] LaunchServices observer: InstallsStarted (
    "<LSApplicationProxy: 0x1061ab600> com.DefaultCompany.NeonDrift file:///Users/dragonkao/Library/Developer/CoreSimulator/Devices/CCB1E793-CED4-4FCD-BF73-321AAEA77AB9/data/Containers/Bundle/Application/7B8B1521-FF5E-4A15-8020-0B36DD2276CF/com.apple.mobileinstallation.placeholder/ <com.DefaultCompany.NeonDrift <placeholder >:1>"
)
2026-06-22 22:54:33.456 Df donotdisturbd[16940:643d6c] [com.apple.launchservices:appinstallation] LaunchServices observer: InstallsStarted (
    "<LSApplicationProxy: 0x1011c1380> com.DefaultCompany.NeonDrift file:///Users/dragonkao/Library/Developer/CoreSimulator/Devices/CCB1E793-CED4-4FCD-BF73-321AAEA77AB9/data/Containers/Bundle/Application/7B8B1521-FF5E-4A15-8020-0B36DD2276CF/com.apple.mobileinstallation.placeholder/ <com.DefaultCompany.NeonDrift <placeholder >:1>"
)
2026-06-22 22:54:33.456 Df lsd[16943:643d5b] [com.apple.launchservices:progress] Sent distributed notification com.apple.LaunchServices.applicationRegistered with payload {
    bundleIDs =     (
        "com.DefaultCompany.NeonDrift"
    );
    isPlaceholder = 1;
}
2026-06-22 22:54:33.456 Df callservicesd[16959:643e33] [com.apple.launchservices:appinstallation] LaunchServices observer: InstallsStarted (
    "<LSApplicationProxy: 0x1076ccd80> com.DefaultCompany.NeonDrift file:///Users/dragonkao/Library/Developer/CoreSimulator/Devices/CCB1E793-CED4-4FCD-BF73-321AAEA77AB9/data/Containers/Bundle/Application/7B8B1521-FF5E-4A15-8020-0B36DD2276CF/com.apple.mobileinstallation.placeholder/ <com.DefaultCompany.NeonDrift <placeholder >:1>"
)
2026-06-22 22:54:33.456 Df runningboardd[16896:643cac] [com.apple.launchservices:appinstallation] LaunchServices observer: InstallsStarted (
    "<LSApplicationProxy: 0x1035a0000> com.DefaultCompany.NeonDrift file:///Users/dragonkao/Library/Developer/CoreSimulator/Devices/CCB1E793-CED4-4FCD-BF73-321AAEA77AB9/data/Containers/Bundle/Application/7B8B1521-FF5E-4A15-8020-0B36DD2276CF/com.apple.mobileinstallation.placeholder/ <com.DefaultCompany.NeonDrift <placeholder >:1>"
)
2026-06-22 22:54:33.456 Df gamed[16975:64411a] [com.apple.launchservices:appinstallation] LaunchServices observer: InstallsStarted (
    "<LSApplicationProxy: 0x102314d80> com.DefaultCompany.NeonDrift file:///Users/dragonkao/Library/Developer/CoreSimulator/Devices/CCB1E793-CED4-4FCD-BF73-321AAEA77AB9/data/Containers/Bundle/Application/7B8B1521-FF5E-4A15-8020-0B36DD2276CF/com.apple.mobileinstallation.placeholder/ <com.DefaultCompany.NeonDrift <placeholder >:1>"
)
2026-06-22 22:54:33.456 Df deviceaccessd[16991:643ffa] [com.apple.launchservices:appinstallation] LaunchServices observer: InstallsStarted (
    "<LSApplicationProxy: 0x1019586c0> com.DefaultCompany.NeonDrift file:///Users/dragonkao/Library/Developer/CoreSimulator/Devices/CCB1E793-CED4-4FCD-BF73-321AAEA77AB9/data/Containers/Bundle/Application/7B8B1521-FF5E-4A15-8020-0B36DD2276CF/com.apple.mobileinstallation.placeholder/ <com.DefaultCompany.NeonDrift <placeholder >:1>"
)
2026-06-22 22:54:33.456 Df installcoordinationd[17029:644129] [com.apple.installcoordination:daemon] -[IXSPendingOperationsTracker endPendingOperationForIdentity:]_block_invoke: Ending pending operation for [com.DefaultCompany.NeonDrift/Invalid/[system-defined]]
2026-06-22 22:54:33.456 Df locationd[16917:643c97] [com.apple.launchservices:appinstallation] LaunchServices observer: InstallsStarted (
    "<LSApplicationProxy: 0x1057846c0> com.DefaultCompany.NeonDrift file:///Users/dragonkao/Library/Developer/CoreSimulator/Devices/CCB1E793-CED4-4FCD-BF73-321AAEA77AB9/data/Containers/Bundle/Application/7B8B1521-FF5E-4A15-8020-0B36DD2276CF/com.apple.mobileinstallation.placeholder/ <com.DefaultCompany.NeonDrift <placeholder >:1>"
)
2026-06-22 22:54:33.456 Df installcoordinationd[17029:644129] [com.apple.installcoordination:daemon] -[IXSCoordinatedAppInstall setPlaceholderInstallState:withLSRecordPromiseForCompletion:]: <IXSCoordinatedAppInstall<0x1035b0000> [P=CoreSimulatorBridge (pid 16923)] identifier:[com.DefaultCompany.NeonDrift/Invalid/[system-defined]] uuid:D5790A7C-1CA1-43BE-AAEB-4B573184459E intent:IXCoordinatorIntentUpdating creator/appDRI:InstallCoordination Simple SPI importance:UserWaiting state:IXAppCoordinationStateReadyForInstall promise-state:PA2I4>: Placeholder install completed.
2026-06-22 22:54:33.457 Df installcoordinationd[17029:644129] [com.apple.installprogress:server] initiating progress for [com.DefaultCompany.NeonDrift/Invalid/[system-defined]]
2026-06-22 22:54:33.457 Df siriactionsd[16956:643f6d] [com.apple.shortcuts:Daemon] Dispatching XPC event: <distributed notification: com.apple.LaunchServices.applicationRegistered, userInfo: [AnyHashable("isPlaceholder"): 1, AnyHashable("bundleIDs"): <__NSSingleObjectArrayI 0x1021e0da0>(
com.DefaultCompany.NeonDrift
)
]>
2026-06-22 22:54:33.457 Df siriactionsd[16956:643f6d] [com.apple.shortcuts:XPCEvent] Dispatching XPC event: <distributed notification: com.apple.LaunchServices.applicationRegistered, userInfo: [AnyHashable("isPlaceholder"): 1, AnyHashable("bundleIDs"): <__NSSingleObjectArrayI 0x1021e0da0>(
com.DefaultCompany.NeonDrift
)
]>
2026-06-22 22:54:33.457 Df siriactionsd[16956:643f6d] [com.apple.shortcuts:Daemon] Firing event: <distributed notification: com.apple.LaunchServices.applicationRegistered, userInfo: [AnyHashable("isPlaceholder"): 1, AnyHashable("bundleIDs"): <__NSSingleObjectArrayI 0x1021e0da0>(
com.DefaultCompany.NeonDrift
)
]>
2026-06-22 22:54:33.457 E  siriactionsd[16956:643f6d] [com.apple.shortcuts:Daemon] Received an event that we do not have a DaemonTask for: <distributed notification: com.apple.LaunchServices.applicationRegistered, userInfo: [AnyHashable("isPlaceholder"): 1, AnyHashable("bundleIDs"): <__NSSingleObjectArrayI 0x1021e0da0>(
com.DefaultCompany.NeonDrift
)
]>. This is a serious programming error that might lead to missed messages and stuck streams.
2026-06-22 22:54:33.458 Df dmd[16968:643e45] Received xpc stream event (distributed notification matching) with name: com.apple.LaunchServices.applicationRegistered user info: {
    bundleIDs =     (
        "com.DefaultCompany.NeonDrift"
    );
    isPlaceholder = 1;
}
2026-06-22 22:54:33.458 Df installcoordinationd[17029:644129] [com.apple.installprogress:default] Created published identity progress for [com.DefaultCompany.NeonDrift/Invalid/[system-defined]], observer 0x103484b80
2026-06-22 22:54:33.458 Df installcoordinationd[17029:644129] [com.apple.installcoordination:daemon] -[IXSCoordinatorProgress setTotalUnitsCompleted:]: Progress for coordinator: [com.DefaultCompany.NeonDrift/Invalid/[system-defined]], Phase: IXCoordinatorProgressPhaseLoading, Percentage: 100.000000: Attempt to set units completed on finished progress: 100
2026-06-22 22:54:33.459 Df installcoordinationd[17029:644129] [com.apple.installcoordination:daemon] -[IXSCoordinatedAppInstall _onQueue_acquireAssertionAndDoInstall]: Acquiring termination assertion to install [com.DefaultCompany.NeonDrift/Invalid/[system-defined]]
2026-06-22 22:54:33.459 Df installcoordinationd[17029:644129] [com.apple.installcoordination:daemon] -[IXSPendingOperationsTracker beginPendingOperationForIdentity:]_block_invoke: Beginning pending operation for [com.DefaultCompany.NeonDrift/Invalid/[system-defined]]
2026-06-22 22:54:33.459 Df installcoordinationd[17029:64416b] [com.apple.installcoordination:daemon] -[IXSCoordinatedAppInstall _limitedConcurrency_fetchLoadingProgressForPlaceholderInstallType:progressHint:andRun:]: <IXSCoordinatedAppInstall<0x1035b0000> [P=CoreSimulatorBridge (pid 16923)] identifier:[com.DefaultCompany.NeonDrift/Invalid/[system-defined]] uuid:D5790A7C-1CA1-43BE-AAEB-4B573184459E intent:IXCoordinatorIntentUpdating creator/appDRI:InstallCoordination Simple SPI importance:UserWaiting state:IXAppCoordinationStateWaitingForInstallAssertion promise-state:PA2I4>: initiating loading progress with install type 1
