Timestamp               Ty Process[PID:TID]
2026-06-24 22:18:07.101 Df CoreSimulatorBridge[58181:109e10] Request received for installation of file:///Users/dragonkao/.openclaw/workspace/382b9e3384298039b171c9b2a60ae644/NeonDrift_MVP/project/xcode_derived_data/Build/Products/Release-iphonesimulator/NeonDrift.app/ with options: {
    PackageType = Developer;
    SimulatorRootPath = "/Library/Developer/CoreSimulator/Volumes/iOS_23E254a/Library/Developer/CoreSimulator/Profiles/Runtimes/iOS 26.4.simruntime/Contents/Resources/RuntimeRoot";
    SimulatorUserPath = "/Users/dragonkao/Library/Developer/CoreSimulator/Devices/CC47DE7A-8196-4465-A5A5-BB852C9C6C82/data";
}
2026-06-24 22:18:07.102 Df CoreSimulatorBridge[58181:109e10] [com.apple.installcoordination:framework] +[IXAppInstallCoordinator(IXSimpleInstaller) _beginInstallForURL:forPersonaUniqueString:consumeSource:options:progressBlock:completionWithIdentity:]: Beginning install for /Users/dragonkao/.openclaw/workspace/382b9e3384298039b171c9b2a60ae644/NeonDrift_MVP/project/xcode_derived_data/Build/Products/Release-iphonesimulator/NeonDrift.app consuming source:N options:{
    IsUserInitiated = 1;
    PackageType = Developer;
} installationRequestorAuditToken: NULL
2026-06-24 22:18:07.105 Df installcoordinationd[58312:faa8c] [com.apple.installcoordination:daemon] -[IXSDataPromiseManager registerPromise:]: Registered promise <IXSPlaceholder(0x101924500) Name:App Placeholder: NeonDrift (com.DefaultCompany.NeonDrift) Creator:InstallCoordination Simple SPI UUID:38032934-3F5F-48E5-BD66-6B5D0414EAC0 Location:[system-defined]> for UUID 38032934-3F5F-48E5-BD66-6B5D0414EAC0
2026-06-24 22:18:07.107 Df installcoordinationd[58312:faa8c] [com.apple.installcoordination:daemon] -[IXSPlaceholder setAttributes:]: <IXSPlaceholder(0x101924500) Name:App Placeholder: NeonDrift (com.DefaultCompany.NeonDrift) Creator:InstallCoordination Simple SPI UUID:38032934-3F5F-48E5-BD66-6B5D0414EAC0 Location:[system-defined]>: setting placeholder attributes to <IXPlaceholderAttributes<0x1018c8f00> : {
    CFBundleShortVersionString = "1.0";
    CFBundleSupportedPlatforms =     (
        iPhoneSimulator
    );
    CFBundleVersion = 0;
    DTPlatformName = iphonesimulator;
    LSRequiresIPhoneOS = 1;
    MinimumOSVersion = "13.0";
    UIDeviceFamily =     (
        1,
        2
    );
    UIRequiredDeviceCapabilities =     {
        arm64 = 1;
        metal = 1;
    };
}>
2026-06-24 22:18:07.107 Df CoreSimulatorBridge[58181:10337a] [com.apple.installcoordination:framework] +[IXPlaceholder _setEntitlementsFromBundleExecutableURL:withBundleID:client:onPlaceholder:location:error:]: Executable for com.DefaultCompany.NeonDrift at NeonDrift -- file:///Users/dragonkao/.openclaw/workspace/382b9e3384298039b171c9b2a60ae644/NeonDrift_MVP/project/xcode_derived_data/Build/Products/Release-iphonesimulator/NeonDrift.app/ had no entitlements
2026-06-24 22:18:07.107 Df CoreSimulatorBridge[58181:10337a] [com.apple.installcoordination:framework] +[IXPlaceholder _placeholderForBundle:client:withParent:installType:metadata:placeholderType:mayBeDeltaPackage:isFromSerializedPlaceholder:location:error:]: Using full fidelity icons for com.DefaultCompany.NeonDrift at /Users/dragonkao/.openclaw/workspace/382b9e3384298039b171c9b2a60ae644/NeonDrift_MVP/project/xcode_derived_data/Build/Products/Release-iphonesimulator/NeonDrift.app
2026-06-24 22:18:07.108 Df installcoordinationd[58312:faa8c] [com.apple.installcoordination:daemon] -[IXSDataPromiseManager registerPromise:]: Registered promise <IXSPromisedTransferToPath(0x1018f9880) Name:Icon resources for com.DefaultCompany.NeonDrift Creator:InstallCoordination Simple SPI UUID:8E7C3568-B29A-45F9-96A3-2FB364C3601C Location:[system-defined]> for UUID 8E7C3568-B29A-45F9-96A3-2FB364C3601C
2026-06-24 22:18:07.111 Df CoreSimulatorBridge[58181:10337a] [com.apple.installcoordination:framework] -[IXPromisedTransferToPath setComplete:]: <IXPromisedTransferToPath<0x1043e83c0> name:"Icon resources for com.DefaultCompany.NeonDrift" uuid:8E7C3568-B29A-45F9-96A3-2FB364C3601C creator:"InstallCoordination Simple SPI" location:[system-defined]> Move operation from /Users/dragonkao/Library/Developer/CoreSimulator/Devices/CC47DE7A-8196-4465-A5A5-BB852C9C6C82/data/Containers/Shared/SystemGroup/systemgroup.com.apple.installcoordinationd/Library/InstallCoordination/PromiseStaging/8E7C3568-B29A-45F9-96A3-2FB364C3601C/temp.PezJwZ to /Users/dragonkao/Library/Developer/CoreSimulator/Devices/CC47DE7A-8196-4465-A5A5-BB852C9C6C82/data/Containers/Shared/SystemGroup/systemgroup.com.apple.installcoordinationd/Library/InstallCoordination/PromiseStaging/8E7C3568-B29A-45F9-96A3-2FB364C3601C/temp.PezJwZ took 0.000036 seconds
2026-06-24 22:18:07.111 Df installcoordinationd[58312:faa8c] [com.apple.installcoordination:daemon] -[IXSDataPromise _setPercentComplete:saveStateIfNeeded:]: Progress: <IXSPromisedTransferToPath(0x1018f9880) Name:Icon resources for com.DefaultCompany.NeonDrift Creator:InstallCoordination Simple SPI UUID:8E7C3568-B29A-45F9-96A3-2FB364C3601C Location:[system-defined]>
2026-06-24 22:18:07.112 Df installcoordinationd[58312:103437] [com.apple.installcoordination:daemon] -[IXSDataPromiseManager promiseDidBegin:]: Unowned promise began: <IXSPromisedTransferToPath(0x1018f9880) Name:Icon resources for com.DefaultCompany.NeonDrift Creator:InstallCoordination Simple SPI UUID:8E7C3568-B29A-45F9-96A3-2FB364C3601C Location:[system-defined]>
2026-06-24 22:18:07.112 Df installcoordinationd[58312:103437] [com.apple.installcoordination:daemon] -[IXSDataPromiseManager promise:didUpdateProgress:]: Unowned promise update progress to 1.000000 : <IXSPromisedTransferToPath(0x1018f9880) Name:Icon resources for com.DefaultCompany.NeonDrift Creator:InstallCoordination Simple SPI UUID:8E7C3568-B29A-45F9-96A3-2FB364C3601C Location:[system-defined]>
2026-06-24 22:18:07.112 Df installcoordinationd[58312:faa8c] [com.apple.installcoordination:daemon] -[IXSDataPromiseManager promiseDidComplete:]: Unowned promise completed: <IXSPromisedTransferToPath(0x1018f9880) Name:Icon resources for com.DefaultCompany.NeonDrift Creator:InstallCoordination Simple SPI UUID:8E7C3568-B29A-45F9-96A3-2FB364C3601C Location:[system-defined]>
2026-06-24 22:18:07.113 Df installcoordinationd[58312:103437] [com.apple.installcoordination:daemon] -[IXSDataPromise _setPercentComplete:saveStateIfNeeded:]: Progress: <IXSPromisedInMemoryDictionary(0x1018f9400) Name:Info.plist icon content for com.DefaultCompany.NeonDrift Creator:InstallCoordination Simple SPI UUID:9EFB97BC-B7DE-4339-8576-CB693B9C0D1A Location:[system-defined]>
2026-06-24 22:18:07.113 Df installcoordinationd[58312:103437] [com.apple.installcoordination:daemon] -[IXSDataPromiseManager registerPromise:]: Registered promise <IXSPromisedInMemoryDictionary(0x1018f9400) Name:Info.plist icon content for com.DefaultCompany.NeonDrift Creator:InstallCoordination Simple SPI UUID:9EFB97BC-B7DE-4339-8576-CB693B9C0D1A Location:[system-defined]> for UUID 9EFB97BC-B7DE-4339-8576-CB693B9C0D1A
2026-06-24 22:18:07.114 Df installcoordinationd[58312:faa8c] [com.apple.installcoordination:daemon] -[IXSDataPromiseManager promiseDidBegin:]: Unowned promise began: <IXSPromisedInMemoryDictionary(0x1018f9400) Name:Info.plist icon content for com.DefaultCompany.NeonDrift Creator:InstallCoordination Simple SPI UUID:9EFB97BC-B7DE-4339-8576-CB693B9C0D1A Location:[system-defined]>
2026-06-24 22:18:07.114 Df installcoordinationd[58312:faa8c] [com.apple.installcoordination:daemon] -[IXSDataPromiseManager promise:didUpdateProgress:]: Unowned promise update progress to 1.000000 : <IXSPromisedInMemoryDictionary(0x1018f9400) Name:Info.plist icon content for com.DefaultCompany.NeonDrift Creator:InstallCoordination Simple SPI UUID:9EFB97BC-B7DE-4339-8576-CB693B9C0D1A Location:[system-defined]>
2026-06-24 22:18:07.114 Df installcoordinationd[58312:faa8c] [com.apple.installcoordination:daemon] -[IXSDataPromiseManager promiseDidComplete:]: Unowned promise completed: <IXSPromisedInMemoryDictionary(0x1018f9400) Name:Info.plist icon content for com.DefaultCompany.NeonDrift Creator:InstallCoordination Simple SPI UUID:9EFB97BC-B7DE-4339-8576-CB693B9C0D1A Location:[system-defined]>
2026-06-24 22:18:07.114 Df installcoordinationd[58312:10b751] [com.apple.installcoordination:daemon] -[IXSPlaceholder setIconResourcesPromise:]: <IXSPlaceholder(0x101924500) Name:App Placeholder: NeonDrift (com.DefaultCompany.NeonDrift) Creator:InstallCoordination Simple SPI UUID:38032934-3F5F-48E5-BD66-6B5D0414EAC0 Location:[system-defined]>: setting icon resources promise to <IXSPromisedTransferToPath(0x1018f9880) Name:Icon resources for com.DefaultCompany.NeonDrift Creator:InstallCoordination Simple SPI UUID:8E7C3568-B29A-45F9-96A3-2FB364C3601C Location:[system-defined]>
2026-06-24 22:18:07.114 Df installcoordinationd[58312:10b751] [com.apple.installcoordination:daemon] -[IXSPlaceholder setInfoPlistIconContentPromise:]: <IXSPlaceholder(0x101924500) Name:App Placeholder: NeonDrift (com.DefaultCompany.NeonDrift) Creator:InstallCoordination Simple SPI UUID:38032934-3F5F-48E5-BD66-6B5D0414EAC0 Location:[system-defined]>: setting Info.plist icon content promise to <IXSPromisedInMemoryDictionary(0x1018f9400) Name:Info.plist icon content for com.DefaultCompany.NeonDrift Creator:InstallCoordination Simple SPI UUID:9EFB97BC-B7DE-4339-8576-CB693B9C0D1A Location:[system-defined]>
2026-06-24 22:18:07.115 Df installcoordinationd[58312:10b751] [com.apple.installcoordination:daemon] -[IXSDataPromiseManager promiseDidBegin:]: Unowned promise began: <IXSPlaceholder(0x101924500) Name:App Placeholder: NeonDrift (com.DefaultCompany.NeonDrift) Creator:InstallCoordination Simple SPI UUID:38032934-3F5F-48E5-BD66-6B5D0414EAC0 Location:[system-defined]>
2026-06-24 22:18:07.115 Df installcoordinationd[58312:10b751] [com.apple.installcoordination:daemon] -[IXSDataPromiseManager promise:didUpdateProgress:]: Unowned promise update progress to 0.000000 : <IXSPlaceholder(0x101924500) Name:App Placeholder: NeonDrift (com.DefaultCompany.NeonDrift) Creator:InstallCoordination Simple SPI UUID:38032934-3F5F-48E5-BD66-6B5D0414EAC0 Location:[system-defined]>
2026-06-24 22:18:07.115 Df installcoordinationd[58312:10b751] [com.apple.installcoordination:daemon] -[IXSDataPromiseManager promise:didUpdateProgress:]: Unowned promise update progress to 0.000000 : <IXSPlaceholder(0x101924500) Name:App Placeholder: NeonDrift (com.DefaultCompany.NeonDrift) Creator:InstallCoordination Simple SPI UUID:38032934-3F5F-48E5-BD66-6B5D0414EAC0 Location:[system-defined]>
2026-06-24 22:18:07.116 Df installcoordinationd[58312:103437] [com.apple.installcoordination:daemon] -[IXSDataPromise _setPercentComplete:saveStateIfNeeded:]: Progress: <IXSPromisedInMemoryDictionary(0x1018fa500) Name:Localizations for com.DefaultCompany.NeonDrift Creator:InstallCoordination Simple SPI UUID:73DEA4CE-E624-4AF1-A82E-CC9C1A4EC0C9 Location:[system-defined]>
2026-06-24 22:18:07.116 Df installcoordinationd[58312:103437] [com.apple.installcoordination:daemon] -[IXSDataPromiseManager registerPromise:]: Registered promise <IXSPromisedInMemoryDictionary(0x1018fa500) Name:Localizations for com.DefaultCompany.NeonDrift Creator:InstallCoordination Simple SPI UUID:73DEA4CE-E624-4AF1-A82E-CC9C1A4EC0C9 Location:[system-defined]> for UUID 73DEA4CE-E624-4AF1-A82E-CC9C1A4EC0C9
2026-06-24 22:18:07.116 Df installcoordinationd[58312:faa8c] [com.apple.installcoordination:daemon] -[IXSDataPromiseManager promiseDidBegin:]: Unowned promise began: <IXSPromisedInMemoryDictionary(0x1018fa500) Name:Localizations for com.DefaultCompany.NeonDrift Creator:InstallCoordination Simple SPI UUID:73DEA4CE-E624-4AF1-A82E-CC9C1A4EC0C9 Location:[system-defined]>
2026-06-24 22:18:07.116 Df installcoordinationd[58312:faa8c] [com.apple.installcoordination:daemon] -[IXSDataPromiseManager promise:didUpdateProgress:]: Unowned promise update progress to 1.000000 : <IXSPromisedInMemoryDictionary(0x1018fa500) Name:Localizations for com.DefaultCompany.NeonDrift Creator:InstallCoordination Simple SPI UUID:73DEA4CE-E624-4AF1-A82E-CC9C1A4EC0C9 Location:[system-defined]>
2026-06-24 22:18:07.116 Df installcoordinationd[58312:faa8c] [com.apple.installcoordination:daemon] -[IXSDataPromiseManager promiseDidComplete:]: Unowned promise completed: <IXSPromisedInMemoryDictionary(0x1018fa500) Name:Localizations for com.DefaultCompany.NeonDrift Creator:InstallCoordination Simple SPI UUID:73DEA4CE-E624-4AF1-A82E-CC9C1A4EC0C9 Location:[system-defined]>
2026-06-24 22:18:07.117 Df installcoordinationd[58312:103437] [com.apple.installcoordination:daemon] -[IXSPlaceholder setLocalizationDictionaryPromise:]: <IXSPlaceholder(0x101924500) Name:App Placeholder: NeonDrift (com.DefaultCompany.NeonDrift) Creator:InstallCoordination Simple SPI UUID:38032934-3F5F-48E5-BD66-6B5D0414EAC0 Location:[system-defined]>: setting localization dict promise to <IXSPromisedInMemoryDictionary(0x1018fa500) Name:Localizations for com.DefaultCompany.NeonDrift Creator:InstallCoordination Simple SPI UUID:73DEA4CE-E624-4AF1-A82E-CC9C1A4EC0C9 Location:[system-defined]>
2026-06-24 22:18:07.118 Df installcoordinationd[58312:10b751] [com.apple.installcoordination:daemon] -[IXSDataPromiseManager promise:didUpdateProgress:]: Unowned promise update progress to 0.000000 : <IXSPlaceholder(0x101924500) Name:App Placeholder: NeonDrift (com.DefaultCompany.NeonDrift) Creator:InstallCoordination Simple SPI UUID:38032934-3F5F-48E5-BD66-6B5D0414EAC0 Location:[system-defined]>
2026-06-24 22:18:07.118 Df installcoordinationd[58312:10b751] [com.apple.installcoordination:daemon] -[IXSPlaceholder setConfigurationComplete:]: <IXSPlaceholder(0x101924500) Name:App Placeholder: NeonDrift (com.DefaultCompany.NeonDrift) Creator:InstallCoordination Simple SPI UUID:38032934-3F5F-48E5-BD66-6B5D0414EAC0 Location:[system-defined]>: setting configuration complete to Y
2026-06-24 22:18:07.118 Df installcoordinationd[58312:10b751] [com.apple.installcoordination:daemon] -[IXSPlaceholder _materialize]: <IXSPlaceholder(0x101924500) Name:App Placeholder: NeonDrift (com.DefaultCompany.NeonDrift) Creator:InstallCoordination Simple SPI UUID:38032934-3F5F-48E5-BD66-6B5D0414EAC0 Location:[system-defined]>: Materializing placeholder at /Users/dragonkao/Library/Developer/CoreSimulator/Devices/CC47DE7A-8196-4465-A5A5-BB852C9C6C82/data/Containers/Shared/SystemGroup/systemgroup.com.apple.installcoordinationd/Library/InstallCoordination/PromiseStaging/38032934-3F5F-48E5-BD66-6B5D0414EAC0/NeonDrift.app
2026-06-24 22:18:07.118 Df installcoordinationd[58312:10b751] [com.apple.installcoordination:daemon] -[IXSPlaceholder _materialize]: <IXSPlaceholder(0x101924500) Name:App Placeholder: NeonDrift (com.DefaultCompany.NeonDrift) Creator:InstallCoordination Simple SPI UUID:38032934-3F5F-48E5-BD66-6B5D0414EAC0 Location:[system-defined]>: Using Info.plist icon content: {
    CFBundleIcons =     {
        CFBundlePrimaryIcon =         {
            CFBundleIconName = AppIcon;
        };
    };
    "CFBundleIcons~ipad" =     {
        CFBundlePrimaryIcon =         {
            CFBundleIconName = AppIcon;
        };
    };
    ISIconPlatform = iPhoneOS;
}
2026-06-24 22:18:07.119 Df installcoordinationd[58312:10b751] [com.apple.installcoordination:daemon] -[IXSPlaceholder _materialize]_block_invoke: <IXSPlaceholder(0x101924500) Name:App Placeholder: NeonDrift (com.DefaultCompany.NeonDrift) Creator:InstallCoordination Simple SPI UUID:38032934-3F5F-48E5-BD66-6B5D0414EAC0 Location:[system-defined]>: Using icon resource Assets.car
2026-06-24 22:18:07.119 Df installcoordinationd[58312:10b751] [com.apple.installcoordination:daemon] -[IXSPlaceholder _materialize]: <IXSPlaceholder(0x101924500) Name:App Placeholder: NeonDrift (com.DefaultCompany.NeonDrift) Creator:InstallCoordination Simple SPI UUID:38032934-3F5F-48E5-BD66-6B5D0414EAC0 Location:[system-defined]>: Including lproj localizations for (
)
2026-06-24 22:18:07.119 Df installcoordinationd[58312:103437] [com.apple.installcoordination:daemon] -[IXSDataPromiseManager promiseDidComplete:]: Unowned promise completed: <IXSPlaceholder(0x101924500) Name:App Placeholder: NeonDrift (com.DefaultCompany.NeonDrift) Creator:InstallCoordination Simple SPI UUID:38032934-3F5F-48E5-BD66-6B5D0414EAC0 Location:[system-defined]>
2026-06-24 22:18:07.120 Df installcoordinationd[58312:10b751] [com.apple.installcoordination:daemon] -[IXSDataPromiseManager registerPromise:]: Registered promise <IXSPromisedTransferToPath(0x1018f9980) Name:App Asset: com.DefaultCompany.NeonDrift Creator:InstallCoordination Simple SPI UUID:598BA700-477B-4342-9B5E-380766DBDBE9 Location:[system-defined]> for UUID 598BA700-477B-4342-9B5E-380766DBDBE9
2026-06-24 22:18:07.122 Df installcoordinationd[58312:10b751] [com.apple.installcoordination:daemon] -[IXSCoordinatorManager coordinatorForIdentity:connection:error:creatingIfNotExisting:]_block_invoke: Registered coordinator: <IXSCoordinatedAppInstall<0x101a00000> [P=CoreSimulatorBridge (pid 58181)] identifier:[com.DefaultCompany.NeonDrift/Invalid/[system-defined]] uuid:E05B8110-F9A2-4D4E-85F8-DC2EF4149A20 intent:IXCoordinatorIntentUpdating creator/appDRI:InstallCoordination Simple SPI importance:Background state:IXAppCoordinationStatePlaceholderPromiseNotSet promise-state:01234>
2026-06-24 22:18:07.122 Df installcoordinationd[58312:10b751] [com.apple.appinstallation:TransactionLog] com.DefaultCompany.NeonDrift/Unknown Persona:4:2:1:1:Created coordinator with intent IXCoordinatorIntentUpdating for client InstallCoordination Simple SPI
2026-06-24 22:18:07.122 Df installcoordinationd[58312:10b751] [com.apple.installcoordination:daemon] -[IXSCoordinatedAppInstall setPriorityBoostCompletion:withSourceInfo:]: <IXSCoordinatedAppInstall<0x101a00000> [P=CoreSimulatorBridge (pid 58181)] identifier:[com.DefaultCompany.NeonDrift/Invalid/[system-defined]] uuid:E05B8110-F9A2-4D4E-85F8-DC2EF4149A20 intent:IXCoordinatorIntentUpdating creator/appDRI:InstallCoordination Simple SPI importance:Background state:IXAppCoordinationStatePlaceholderPromiseNotSet promise-state:01234>: Retaining completion from CoreSimulatorBridge (58181), QOS_CLASS_DEFAULT (0x15)
2026-06-24 22:18:07.122 Df installcoordinationd[58312:10b751] [com.apple.installcoordination:daemon] -[IXSCoordinatedAppInstall setImportance:]: <IXSCoordinatedAppInstall<0x101a00000> [P=CoreSimulatorBridge (pid 58181)] identifier:[com.DefaultCompany.NeonDrift/Invalid/[system-defined]] uuid:E05B8110-F9A2-4D4E-85F8-DC2EF4149A20 intent:IXCoordinatorIntentUpdating creator/appDRI:InstallCoordination Simple SPI importance:UserWaiting state:IXAppCoordinationStatePlaceholderPromiseNotSet promise-state:01234>: set importance to UserWaiting
2026-06-24 22:18:07.123 Df installcoordinationd[58312:10b751] [com.apple.installcoordination:daemon] -[IXSCoordinatedAppInstall _onQueue_fireObserversForClient:]: <IXSCoordinatedAppInstall<0x101a00000> [P=CoreSimulatorBridge (pid 58181)] identifier:[com.DefaultCompany.NeonDrift/Invalid/[system-defined]] uuid:E05B8110-F9A2-4D4E-85F8-DC2EF4149A20 intent:IXCoordinatorIntentUpdating creator/appDRI:InstallCoordination Simple SPI importance:UserWaiting state:IXAppCoordinationStatePlaceholderPromiseNotSet promise-state:01234>: Firing applicable observers for client <IXSClientConnection<0x101858960> client:CoreSimulatorBridge (pid 58181) uuid:6A16541D-361D-40FB-A112-7AE6D4D53E72>
2026-06-24 22:18:07.123 Df installcoordinationd[58312:10b751] [com.apple.installcoordination:daemon] -[IXSCoordinatedAppInstall setPriorityBoostCompletion:withSourceInfo:]: <IXSCoordinatedAppInstall<0x101a00000> [P=CoreSimulatorBridge (pid 58181)] identifier:[com.DefaultCompany.NeonDrift/Invalid/[system-defined]] uuid:E05B8110-F9A2-4D4E-85F8-DC2EF4149A20 intent:IXCoordinatorIntentUpdating creator/appDRI:InstallCoordination Simple SPI importance:UserWaiting state:IXAppCoordinationStatePlaceholderPromiseNotSet promise-state:01234>: Disposing of completion from CoreSimulatorBridge (58181), QOS_CLASS_DEFAULT (0x15)
2026-06-24 22:18:07.123 Df installcoordinationd[58312:10b751] [com.apple.installcoordination:daemon] -[IXSCoordinatedAppInstall setPriorityBoostCompletion:withSourceInfo:]: <IXSCoordinatedAppInstall<0x101a00000> [P=CoreSimulatorBridge (pid 58181)] identifier:[com.DefaultCompany.NeonDrift/Invalid/[system-defined]] uuid:E05B8110-F9A2-4D4E-85F8-DC2EF4149A20 intent:IXCoordinatorIntentUpdating creator/appDRI:InstallCoordination Simple SPI importance:UserWaiting state:IXAppCoordinationStatePlaceholderPromiseNotSet promise-state:01234>: Retaining completion from CoreSimulatorBridge (58181), QOS_CLASS_DEFAULT (0x15)
2026-06-24 22:18:07.123 Df CoreSimulatorBridge[58181:109e11] [com.apple.installcoordination:framework] -[IXAppInstallCoordinator _clientDelegate_didRegisterForObservation]: <IXUpdatingAppInstallCoordinator<0x1043e8900> identity:[com.DefaultCompany.NeonDrift/Invalid/[system-defined]] uuid:E05B8110-F9A2-4D4E-85F8-DC2EF4149A20 creator:InstallCoordination Simple SPI>: Got observer registration delegate
2026-06-24 22:18:07.123 Df CoreSimulatorBridge[58181:109e11] [com.apple.installcoordination:framework] -[IXAppInstallCoordinator _clientDelegate_didRegisterForObservation]_block_invoke: <IXUpdatingAppInstallCoordinator<0x1043e8900> identity:[com.DefaultCompany.NeonDrift/Invalid/[system-defined]] uuid:E05B8110-F9A2-4D4E-85F8-DC2EF4149A20 creator:InstallCoordination Simple SPI>: Observer <_IXSimpleInstallerDelegate 0x0x1043a6970> does not respond to coordinatorDidRegisterForObservation:
2026-06-24 22:18:07.123 Df CoreSimulatorBridge[58181:fa675] [com.apple.installcoordination:framework] -[IXAppInstallCoordinator _clientDelegate_shouldResume]: <IXUpdatingAppInstallCoordinator<0x1043e8900> identity:[com.DefaultCompany.NeonDrift/Invalid/[system-defined]] uuid:E05B8110-F9A2-4D4E-85F8-DC2EF4149A20 creator:InstallCoordination Simple SPI>: Got should resume delegate
2026-06-24 22:18:07.123 Df CoreSimulatorBridge[58181:109e11] [com.apple.installcoordination:framework] -[IXAppInstallCoordinator _clientDelegate_shouldResume]_block_invoke: <IXUpdatingAppInstallCoordinator<0x1043e8900> identity:[com.DefaultCompany.NeonDrift/Invalid/[system-defined]] uuid:E05B8110-F9A2-4D4E-85F8-DC2EF4149A20 creator:InstallCoordination Simple SPI>: Observer <_IXSimpleInstallerDelegate 0x0x1043a6970> does not respond to coordinatorShouldResume:
2026-06-24 22:18:07.125 Df installcoordinationd[58312:10b751] [com.apple.installcoordination:daemon] -[IXSCoordinatedAppInstall _internal_setInstallOptionsPromise:performExternalActions:]: <IXSCoordinatedAppInstall<0x101a00000> [P=CoreSimulatorBridge (pid 58181)] identifier:[com.DefaultCompany.NeonDrift/Invalid/[system-defined]] uuid:E05B8110-F9A2-4D4E-85F8-DC2EF4149A20 intent:IXCoordinatorIntentUpdating creator/appDRI:InstallCoordination Simple SPI importance:UserWaiting state:IXAppCoordinationStatePlaceholderPromiseNotSet promise-state:012I4> : install options set: <IXSPromisedInMemoryData(0x1018f8f80) Name:MIInstallOptions data Creator:Install Coordination Internal UUID:D13E5A00-DE99-47E5-A7F4-310D2052F6E7 Location:[system-defined]>
2026-06-24 22:18:07.125 Df installcoordinationd[58312:faa8c] [com.apple.installcoordination:daemon] -[IXSCoordinatedAppInstall promiseDidComplete:]: <IXSCoordinatedAppInstall<0x101a00000> [P=CoreSimulatorBridge (pid 58181)] identifier:[com.DefaultCompany.NeonDrift/Invalid/[system-defined]] uuid:E05B8110-F9A2-4D4E-85F8-DC2EF4149A20 intent:IXCoordinatorIntentUpdating creator/appDRI:InstallCoordination Simple SPI importance:UserWaiting state:IXAppCoordinationStatePlaceholderPromiseNotSet promise-state:012I4> : Promise completed: <IXSPromisedInMemoryData(0x1018f8f80) Name:MIInstallOptions data Creator:Install Coordination Internal UUID:D13E5A00-DE99-47E5-A7F4-310D2052F6E7 Location:[system-defined]>
2026-06-24 22:18:07.125 Df installcoordinationd[58312:faa8c] [com.apple.appinstallation:TransactionLog] com.DefaultCompany.NeonDrift/Unknown Persona:4:13:1:1:Install Options Promise began. Coordinator State: IXAppCoordinationStatePlaceholderPromiseNotSet
2026-06-24 22:18:07.125 Df installcoordinationd[58312:faa8c] [com.apple.appinstallation:TransactionLog] com.DefaultCompany.NeonDrift/Unknown Persona:4:13:2:1:Install Options Promise completed. Coordinator State: IXAppCoordinationStatePlaceholderPromiseNotSet
2026-06-24 22:18:07.126 Df installcoordinationd[58312:10b751] [com.apple.installcoordination:daemon] -[IXSCoordinatedAppInstall _internal_setAppAssetPromise:performExternalActions:]: <IXSCoordinatedAppInstall<0x101a00000> [P=CoreSimulatorBridge (pid 58181)] identifier:[com.DefaultCompany.NeonDrift/Invalid/[system-defined]] uuid:E05B8110-F9A2-4D4E-85F8-DC2EF4149A20 intent:IXCoordinatorIntentUpdating creator/appDRI:InstallCoordination Simple SPI importance:UserWaiting state:IXAppCoordinationStatePlaceholderPromiseNotSet promise-state:0a2I4> : App Asset Promise set: <IXSPromisedTransferToPath(0x1018f9980) Name:App Asset: com.DefaultCompany.NeonDrift Creator:InstallCoordination Simple SPI UUID:598BA700-477B-4342-9B5E-380766DBDBE9 Location:[system-defined]>
2026-06-24 22:18:07.126 Df installcoordinationd[58312:10b751] [com.apple.installcoordination:daemon] -[IXSCoordinatedAppInstall setInitialODRAssetPromises:]: <IXSCoordinatedAppInstall<0x101a00000> [P=CoreSimulatorBridge (pid 58181)] identifier:[com.DefaultCompany.NeonDrift/Invalid/[system-defined]] uuid:E05B8110-F9A2-4D4E-85F8-DC2EF4149A20 intent:IXCoordinatorIntentUpdating creator/appDRI:InstallCoordination Simple SPI importance:UserWaiting state:IXAppCoordinationStatePlaceholderPromiseNotSet promise-state:0a2I4> : Initial ODR Asset Promises set: (
)
2026-06-24 22:18:07.127 Df CoreSimulatorBridge[58181:10337a] [com.apple.installcoordination:framework] -[IXPromisedTransferToPath _performDeltaCopyFrom:toDestination:]: Performing delta copy from /Users/dragonkao/.openclaw/workspace/382b9e3384298039b171c9b2a60ae644/NeonDrift_MVP/project/xcode_derived_data/Build/Products/Release-iphonesimulator/NeonDrift.app to /Users/dragonkao/Library/Developer/CoreSimulator/Devices/CC47DE7A-8196-4465-A5A5-BB852C9C6C82/data/Containers/Shared/SystemGroup/systemgroup.com.apple.installcoordinationd/Library/InstallCoordination/PromiseStaging/598BA700-477B-4342-9B5E-380766DBDBE9/NeonDrift.app with installed bundle at /Users/dragonkao/Library/Developer/CoreSimulator/Devices/CC47DE7A-8196-4465-A5A5-BB852C9C6C82/data/Containers/Bundle/Application/FD2F9082-800E-4631-A4B4-D850F1CA5230/NeonDrift.app
2026-06-24 22:18:07.128 Df CoreSimulatorBridge[58181:10337a] (MobileSystemServices) 0x16cf83000 MDMCreateDeltaDirectory: calling MDMDirectoryDiff with:
state->old_bundle: /Users/dragonkao/Library/Developer/CoreSimulator/Devices/CC47DE7A-8196-4465-A5A5-BB852C9C6C82/data/Containers/Bundle/Application/FD2F9082-800E-4631-A4B4-D850F1CA5230/NeonDrift.app
state->new_bundle: /Users/dragonkao/.openclaw/workspace/382b9e3384298039b171c9b2a60ae644/NeonDrift_MVP/project/xcode_derived_data/Build/Products/Release-iphonesimulator/NeonDrift.app
state->dst_bundle: /Users/dragonkao/Library/Developer/CoreSimulator/Devices/CC47DE7A-8196-4465-A5A5-BB852C9C6C82/data/Containers/Shared/SystemGroup/systemgroup.com.apple.installcoordinationd/Library/InstallCoordination/PromiseStaging/598BA700-477B-4342-9B5E-380766DBDBE9/NeonDrift.app/Payload//NeonDrift.app, binaryDiff flag: FALSE
	dst_ipa: /Users/dragonkao/Library/Developer/CoreSimulator/Devices/CC47DE7A-8196-4465-A5A5-BB852C9C6C82/data/Containers/Shared/SystemGroup/systemgroup.com.apple.installcoordinationd/Library/InstallCoordination/PromiseStaging/598BA<…>
2026-06-24 22:18:07.194 Df CoreSimulatorBridge[58181:10337a] [com.apple.installcoordination:framework] -[IXPromisedTransferToPath setComplete:]: <IXPromisedTransferToPath<0x1043e8600> name:"App Asset: com.DefaultCompany.NeonDrift" uuid:598BA700-477B-4342-9B5E-380766DBDBE9 creator:"InstallCoordination Simple SPI" location:[system-defined]> Delta Copy operation from /Users/dragonkao/.openclaw/workspace/382b9e3384298039b171c9b2a60ae644/NeonDrift_MVP/project/xcode_derived_data/Build/Products/Release-iphonesimulator/NeonDrift.app to /Users/dragonkao/Library/Developer/CoreSimulator/Devices/CC47DE7A-8196-4465-A5A5-BB852C9C6C82/data/Containers/Shared/SystemGroup/systemgroup.com.apple.installcoordinationd/Library/InstallCoordination/PromiseStaging/598BA700-477B-4342-9B5E-380766DBDBE9/NeonDrift.app took 0.066977 seconds
2026-06-24 22:18:07.194 Df installcoordinationd[58312:10b751] [com.apple.installcoordination:daemon] -[IXSDataPromise _setPercentComplete:saveStateIfNeeded:]: Progress: <IXSPromisedTransferToPath(0x1018f9980) Name:App Asset: com.DefaultCompany.NeonDrift Creator:InstallCoordination Simple SPI UUID:598BA700-477B-4342-9B5E-380766DBDBE9 Location:[system-defined]>
2026-06-24 22:18:07.195 Df installcoordinationd[58312:faa8c] [com.apple.appinstallation:TransactionLog] com.DefaultCompany.NeonDrift/Unknown Persona:4:10:1:1:App Asset Promise began. Coordinator State: IXAppCoordinationStatePlaceholderPromiseNotSet
2026-06-24 22:18:07.195 Df installcoordinationd[58312:10b751] [com.apple.installcoordination:daemon] -[IXSCoordinatedAppInstall promiseDidComplete:]: <IXSCoordinatedAppInstall<0x101a00000> [P=CoreSimulatorBridge (pid 58181)] identifier:[com.DefaultCompany.NeonDrift/Invalid/[system-defined]] uuid:E05B8110-F9A2-4D4E-85F8-DC2EF4149A20 intent:IXCoordinatorIntentUpdating creator/appDRI:InstallCoordination Simple SPI importance:UserWaiting state:IXAppCoordinationStatePlaceholderPromiseNotSet promise-state:0A2I4> : Promise completed: <IXSPromisedTransferToPath(0x1018f9980) Name:App Asset: com.DefaultCompany.NeonDrift Creator:InstallCoordination Simple SPI UUID:598BA700-477B-4342-9B5E-380766DBDBE9 Location:[system-defined]>
2026-06-24 22:18:07.195 Df installcoordinationd[58312:10b751] [com.apple.appinstallation:TransactionLog] com.DefaultCompany.NeonDrift/Unknown Persona:4:10:2:1:App Asset Promise completed. Coordinator State: IXAppCoordinationStatePlaceholderPromiseNotSet
2026-06-24 22:18:07.195 Df CoreSimulatorBridge[58181:109e11] [com.apple.installcoordination:framework] -[IXAppInstallCoordinator _clientDelegate_promiseDidBeginFulfillmentWithIdentifier:]: <IXUpdatingAppInstallCoordinator<0x1043e8900> identity:[com.DefaultCompany.NeonDrift/Invalid/[system-defined]] uuid:E05B8110-F9A2-4D4E-85F8-DC2EF4149A20 creator:InstallCoordination Simple SPI>: Got promise did begin fulfillment for identifier 2
2026-06-24 22:18:07.195 Df CoreSimulatorBridge[58181:109e11] [com.apple.installcoordination:framework] -[IXAppInstallCoordinator _clientDelegate_promiseDidBeginFulfillmentWithIdentifier:]_block_invoke: <IXUpdatingAppInstallCoordinator<0x1043e8900> identity:[com.DefaultCompany.NeonDrift/Invalid/[system-defined]] uuid:E05B8110-F9A2-4D4E-85F8-DC2EF4149A20 creator:InstallCoordination Simple SPI>: Observer <_IXSimpleInstallerDelegate 0x0x1043a6970> does not respond to coordinator:configuredPromiseDidBeginFulfillment: (or any deprecated equivalent)
2026-06-24 22:18:07.195 Df CoreSimulatorBridge[58181:fa675] [com.apple.installcoordination:framework] -[IXAppInstallCoordinator _clientDelegate_didUpdateProgress:forPhase:overallProgress:]: <IXUpdatingAppInstallCoordinator<0x1043e8900> identity:[com.DefaultCompany.NeonDrift/Invalid/[system-defined]] uuid:E05B8110-F9A2-4D4E-85F8-DC2EF4149A20 creator:InstallCoordination Simple SPI>: Got did update progress delegate with percentComplete 100.000000 phase IXCoordinatorProgressPhaseLoading overallProgress 60.000000
2026-06-24 22:18:07.195 Df CoreSimulatorBridge[58181:fa675] [com.apple.installcoordination:framework] -[IXAppInstallCoordinator _clientDelegate_didUpdateProgress:forPhase:overallProgress:]_block_invoke: <IXUpdatingAppInstallCoordinator<0x1043e8900> identity:[com.DefaultCompany.NeonDrift/Invalid/[system-defined]] uuid:E05B8110-F9A2-4D4E-85F8-DC2EF4149A20 creator:InstallCoordination Simple SPI>: Calling selector coordinator:didUpdateProgress:forPhase:overallProgress: on observer <_IXSimpleInstallerDelegate 0x0x1043a6970>
2026-06-24 22:18:07.196 Df installcoordinationd[58312:103437] [com.apple.installcoordination:daemon] -[IXSCoordinatedAppInstall setPlaceholderPromise:]: <IXSCoordinatedAppInstall<0x101a00000> [P=CoreSimulatorBridge (pid 58181)] identifier:[com.DefaultCompany.NeonDrift/Invalid/[system-defined]] uuid:E05B8110-F9A2-4D4E-85F8-DC2EF4149A20 intent:IXCoordinatorIntentUpdating creator/appDRI:InstallCoordination Simple SPI importance:UserWaiting state:IXAppCoordinationStateReadyForPlaceholderInstall promise-state:PA2I4> : Placeholder Promise set: <IXSPlaceholder(0x101924500) Name:App Placeholder: NeonDrift (com.DefaultCompany.NeonDrift) Creator:InstallCoordination Simple SPI UUID:38032934-3F5F-48E5-BD66-6B5D0414EAC0 Location:[system-defined]>
2026-06-24 22:18:07.196 Df installcoordinationd[58312:faa8c] [com.apple.installcoordination:daemon] -[IXSCoordinatedAppInstall promiseDidComplete:]: <IXSCoordinatedAppInstall<0x101a00000> [P=CoreSimulatorBridge (pid 58181)] identifier:[com.DefaultCompany.NeonDrift/Invalid/[system-defined]] uuid:E05B8110-F9A2-4D4E-85F8-DC2EF4149A20 intent:IXCoordinatorIntentUpdating creator/appDRI:InstallCoordination Simple SPI importance:UserWaiting state:IXAppCoordinationStateReadyForPlaceholderInstall promise-state:PA2I4> : Promise completed: <IXSPlaceholder(0x101924500) Name:App Placeholder: NeonDrift (com.DefaultCompany.NeonDrift) Creator:InstallCoordination Simple SPI UUID:38032934-3F5F-48E5-BD66-6B5D0414EAC0 Location:[system-defined]>
2026-06-24 22:18:07.196 Df installcoordinationd[58312:103437] [com.apple.installcoordination:daemon] -[IXSCoordinatedAppInstall _onQueue_acquireAssertionAndInstallPlaceholder]: Acquiring termination assertion to install placeholder for [com.DefaultCompany.NeonDrift/Invalid/[system-defined]]
2026-06-24 22:18:07.196 Df installcoordinationd[58312:103437] [com.apple.installcoordination:daemon] -[IXSPendingOperationsTracker beginPendingOperationForIdentity:]_block_invoke: Beginning pending operation for [com.DefaultCompany.NeonDrift/Invalid/[system-defined]]
2026-06-24 22:18:07.197 Df installcoordinationd[58312:10b751] [com.apple.runningboard:process] Hit the server for a process handle 1cc47b060000ed3c that resolved to: [app<com.DefaultCompany.NeonDrift((null))>:60732]
2026-06-24 22:18:07.197 Df installcoordinationd[58312:10b751] [com.apple.runningboard:monitor] Received state update for 60732 (app<com.DefaultCompany.NeonDrift((null))>, running-active-NotVisible
2026-06-24 22:18:07.197 Df runningboardd[58154:10b759] [com.apple.runningboard:connection] Received termination request from [osservice<com.apple.installcoordinationd>:58312] on <RBSProcessPredicate <RBSProcessBundleIdentifierPredicate "com.DefaultCompany.NeonDrift">> with context <RBSTerminateContext| explanation:installcoordinationd app:[com.DefaultCompany.NeonDrift/Invalid/[system-defined]] uuid:E05B8110-F9A2-4D4E-85F8-DC2EF4149A20 isPlaceholder:Y reportType:None maxTerminationResistance:Absolute attrs:[
	<RBSPreventLaunchLimitation| <RBSProcessPredicate <RBSProcessBundleIdentifierPredicate "com.DefaultCompany.NeonDrift">> allow:(null)>
	]>
2026-06-24 22:18:07.197 Df runningboardd[58154:10b759] [com.apple.runningboard:general] Found 0 extensions contained in com.DefaultCompany.NeonDrift
2026-06-24 22:18:07.198 Df runningboardd[58154:10b759] [com.apple.PlugInKit:holds] <PKManager:0x10546f180> hold request for [/Users/dragonkao/Library/Developer/CoreSimulator/Devices/CC47DE7A-8196-4465-A5A5-BB852C9C6C82/data/Containers/Bundle/Application/FD2F9082-800E-4631-A4B4-D850F1CA5230/NeonDrift.app] with flags: 0x4
2026-06-24 22:18:07.199 Df NeonDrift[60732:103555] [com.apple.PlugInKit:discovery] Annotations changed, re-performing query for continuous discovery, report block = <0x11a95b6f0>.
2026-06-24 22:18:07.199 Df runningboardd[58154:10b759] [com.apple.PlugInKit:holds] <PKManager:0x10546f180> hold request for [/Users/dragonkao/Library/Developer/CoreSimulator/Devices/CC47DE7A-8196-4465-A5A5-BB852C9C6C82/data/Containers/Bundle/Application/FD2F9082-800E-4631-A4B4-D850F1CA5230/NeonDrift.app] with flags: 0x4 completed with hold token: [A0FE9B96-8557-4FAE-B320-73380D20BED5]
2026-06-24 22:18:07.200 Df runningboardd[58154:10b759] [com.apple.runningboard:ttl] Acquiring assertion targeting system from originator [osservice<com.apple.installcoordinationd>:58312] with description <RBSAssertionDescriptor| "installcoordinationd app:[com.DefaultCompany.NeonDrift/Invalid/[system-defined]] uuid:E05B8110-F9A2-4D4E-85F8-DC2EF4149A20 isPlaceholder:Y" ID:58154-58312-2043 target:system attributes:[
	<RBSPreventLaunchLimitation| <RBSProcessPredicate <RBSProcessBundleIdentifierPredicate "com.DefaultCompany.NeonDrift">> allow:(null)>
	]>
2026-06-24 22:18:07.200 Df NeonDrift[60732:10355d] [com.apple.PlugInKit:discovery] Annotations changed, re-performing query for continuous discovery, report block = <0x11a95b9c0>.
2026-06-24 22:18:07.200 Df runningboardd[58154:10b759] [com.apple.runningboard:process] Executing termination request for: <RBSProcessPredicate <RBSProcessBundleIdentifierPredicate "com.DefaultCompany.NeonDrift">>
2026-06-24 22:18:07.200 Df runningboardd[58154:10b759] [com.apple.runningboard:process] [app<com.DefaultCompany.NeonDrift((null))>:60732] Terminating with context: <RBSTerminateContext| explanation:installcoordinationd app:[com.DefaultCompany.NeonDrift/Invalid/[system-defined]] uuid:E05B8110-F9A2-4D4E-85F8-DC2EF4149A20 isPlaceholder:Y reportType:None maxTerminationResistance:Absolute attrs:[
	<RBSPreventLaunchLimitation| <RBSProcessPredicate <RBSProcessBundleIdentifierPredicate "com.DefaultCompany.NeonDrift">> allow:(null)>
	]>
2026-06-24 22:18:07.200 Df runningboardd[58154:10b759] [com.apple.runningboard:process] [app<com.DefaultCompany.NeonDrift((null))>:60732] terminate_with_reason() success
2026-06-24 22:18:07.200 Df NeonDrift[60732:10355c] [com.apple.PlugInKit:discovery] Annotations changed, re-performing query for continuous discovery, report block = <0x11a95b8a0>.
2026-06-24 22:18:07.200 Df installcoordinationd[58312:103437] [com.apple.runningboard:assertion] Setting up death monitor for [app<com.DefaultCompany.NeonDrift((null))>:60732]
2026-06-24 22:18:07.200 Df installcoordinationd[58312:103437] [com.apple.runningboard:process] Starting death monitoring for handle [app<com.DefaultCompany.NeonDrift((null))>:60732]
2026-06-24 22:18:07.200 Df SpringBoard[58151:fa3c1] [com.apple.SpringBoard:Common] termination assertion acquired for com.DefaultCompany.NeonDrift
2026-06-24 22:18:07.201 Df SpringBoard[58151:fa3c1] [com.apple.SpringBoard:Icon] 0x10bd20240-SBApplicationIcon Data source did change: <SBApplication: 0x10c6a4e00; com.DefaultCompany.NeonDrift> {
    processState = <SBApplicationProcessState: 0x125fb96e0; pid: 60732; taskState: Running; visibility: Foreground>;
} (SBApplication)
2026-06-24 22:18:07.201 Df SpringBoard[58151:109e0f] [com.apple.FrontBoard:ProcessWorkspace] [app<com.DefaultCompany.NeonDrift>:60732] Workspace connection invalidated.
2026-06-24 22:18:07.201 Df SpringBoard[58151:109e0f] [com.apple.FrontBoard:Process] [app<com.DefaultCompany.NeonDrift>:60732] Now flagged as pending exit for reason: workspace client connection invalidated
2026-06-24 22:18:07.201 Df backboardd[58172:10b75e] [com.apple.iohid:default] Connection removed: IOHIDEventSystemConnection uuid:6B93E708-75AD-46AA-AB8A-ABEEF4C2FC74 pid:60732 process:NeonDrift type:Passive entitlements:0x0 caller:BackBoardServices: ___getHIDEventSystemClient_block_invoke + 296 attributes:{
    HighFrequency = 0;
    bundleID = "com.DefaultCompany.NeonDrift";
    pid = 60732;
} state:0x1 events:0 mask:0x0 dropped:0 dropStatus:0 droppedMask:0x0 lastDroppedTime:NONE
2026-06-24 22:18:07.202 Df backboardd[58172:10b75e] [com.apple.BackBoard:HID] Removing client connection <BKHIDClientConnection: 0x10990d040; IOHIDEventSystemConnectionRef: 0x101ed2200; vpid: 60732(v49A38); taskPort: 0x286AB; bundleID: com.DefaultCompany.NeonDrift> for client: IOHIDEventSystemConnection uuid:6B93E708-75AD-46AA-AB8A-ABEEF4C2FC74 pid:60732 process:NeonDrift type:Passive entitlements:0x0 caller:BackBoardServices: ___getHIDEventSystemClient_block_invoke + 296 attributes:{
    HighFrequency = 0;
    bundleID = "com.DefaultCompany.NeonDrift";
    pid = 60732;
} state:0x1 events:0 mask:0x0 dropped:0 dropStatus:0 droppedMask:0x0 lastDroppedTime:NONE source:HID
2026-06-24 22:18:07.202 Df backboardd[58172:10b760] [com.apple.iohid:default] Connection removed: IOHIDEventSystemConnection uuid:559B6F43-63C1-4B6E-8444-B02ABA966F78 pid:60732 process:NeonDrift type:Monitor entitlements:0x0 caller:GameControllerFoundation: -[GCHIDEventSystemClient initWithQueue:type:attributes:functions:] + 116 attributes:(null) state:0x1 events:0 mask:0x0 dropped:0 dropStatus:0 droppedMask:0x0 lastDroppedTime:NONE
2026-06-24 22:18:07.205 Df SpringBoard[58151:10b75f] [com.apple.KeyboardArbiter:Handle] com.DefaultCompany.NeonDrift(60732) lostConnection (invalidation)
2026-06-24 22:18:07.208 Df installcoordinationd[58312:10b751] [com.apple.appinstallation:TransactionLog] com.DefaultCompany.NeonDrift/Unknown Persona:4:9:1:1:Placeholder Promise began. Coordinator State: IXAppCoordinationStateWaitingForPlaceholderAssertion
2026-06-24 22:18:07.208 Df installcoordinationd[58312:10b751] [com.apple.installcoordination:daemon] -[IXSCoordinatorProgress setTotalUnitsCompleted:]: Progress for coordinator: [com.DefaultCompany.NeonDrift/Invalid/[system-defined]], Phase: IXCoordinatorProgressPhaseLoading, Percentage: 100.000000: Attempt to set units completed on finished progress: 100
2026-06-24 22:18:07.208 Df installcoordinationd[58312:10b751] [com.apple.appinstallation:TransactionLog] com.DefaultCompany.NeonDrift/Unknown Persona:4:9:2:1:Placeholder Promise completed. Coordinator State: IXAppCoordinationStateWaitingForPlaceholderAssertion
2026-06-24 22:18:07.208 Df CoreSimulatorBridge[58181:109e11] [com.apple.installcoordination:framework] -[IXAppInstallCoordinator _clientDelegate_promiseDidBeginFulfillmentWithIdentifier:]: <IXUpdatingAppInstallCoordinator<0x1043e8900> identity:[com.DefaultCompany.NeonDrift/Invalid/[system-defined]] uuid:E05B8110-F9A2-4D4E-85F8-DC2EF4149A20 creator:InstallCoordination Simple SPI>: Got promise did begin fulfillment for identifier 1
2026-06-24 22:18:07.208 Df CoreSimulatorBridge[58181:10337a] [com.apple.installcoordination:framework] -[IXAppInstallCoordinator _clientDelegate_promiseDidBeginFulfillmentWithIdentifier:]_block_invoke: <IXUpdatingAppInstallCoordinator<0x1043e8900> identity:[com.DefaultCompany.NeonDrift/Invalid/[system-defined]] uuid:E05B8110-F9A2-4D4E-85F8-DC2EF4149A20 creator:InstallCoordination Simple SPI>: Observer <_IXSimpleInstallerDelegate 0x0x1043a6970> does not respond to coordinator:configuredPromiseDidBeginFulfillment: (or any deprecated equivalent)
2026-06-24 22:18:07.208 Df SpringBoard[58151:10b75f] [com.apple.KeyboardArbiter:Handle] RX com.DefaultCompany.NeonDrift(60732) setWindowContextID:0 windowState:Disabled level:0.0
    focusContext:(null)
2026-06-24 22:18:07.208 Df SpringBoard[58151:fa3c1] [com.apple.SpringBoard:KeyboardFocus] [coordinator] using MRU target <com.apple.frontboard.systemappservices/FBSceneManager:sceneID%3Acom.DefaultCompany.NeonDrift-default pid:60732>
2026-06-24 22:18:07.208 Df SpringBoard[58151:fa3c1] [com.apple.SpringBoard:KeyboardFocus] [coordinator] informing scene controller 'com.apple.springboard' of focusTarget: <com.apple.frontboard.systemappservices/FBSceneManager:sceneID%3Acom.DefaultCompany.NeonDrift-default pid:60732>
2026-06-24 22:18:07.209 Df backboardd[58172:facd3] [com.apple.BackBoard:EventDelivery] chain did update (setDeferringRules) <keyboardFocus; display: null> containsEndOfChain: YES; [
    <token: com.apple.frontboard.systemappservices/FBSceneManager:com.apple.springboard; pid: 58151>,
    <token: com.apple.frontboard.systemappservices/FBSceneManager:sceneID%3Acom.DefaultCompany.NeonDrift-default; pid: 60732>
]
2026-06-24 22:18:07.209 Df SpringBoard[58151:fa3c1] [com.apple.SpringBoard:KeyboardFocus] [coordinator] keyboard arbiter suggested <nothing> and we replied <com.apple.frontboard.systemappservices/FBSceneManager:sceneID%3Acom.DefaultCompany.NeonDrift-default pid:60732>
2026-06-24 22:18:07.209 E  SpringBoard[58151:10b776] [com.apple.UIKit:KeyboardArbiter] Advisor: No handle found for currently focused PID: 60732; sceneIdentity: com.apple.frontboard.systemappservices/FBSceneManager:sceneID%3Acom.DefaultCompany.NeonDrift-default
2026-06-24 22:18:07.209 Df backboardd[58172:facd3] [com.apple.BackBoard:EventDelivery] chain did update (setDeferringRules) <keyboardFocus; display: builtin> containsEndOfChain: YES; [
    <token: com.apple.frontboard.systemappservices/FBSceneManager:com.apple.springboard; pid: 58151>,
    <token: com.apple.frontboard.systemappservices/FBSceneManager:sceneID%3Acom.DefaultCompany.NeonDrift-default; pid: 60732>
]
2026-06-24 22:18:07.217 Df launchd_sim[58142:10ab39] [user/501/UIKitApplication:com.DefaultCompany.NeonDrift[f1ad][rb-legacy] [60732]:] exited with exit reason (namespace: 15 code: 0x0) - OS_REASON_RUNNINGBOARD | <RBSTerminateContext| explanation:installcoordinationd app:[com.DefaultCompany.NeonDrift/Invalid/[system-defined]] uuid:E05B8110-F9A2-4D4E-85F8-DC2EF4149A20 isPlaceholder:Y reportType:None maxTerminationResistance:Absolute attrs:[
	<RBSPreventLaunchLimitation| <RBSProcessPredicate <RBSProcessBundleIdentifierPredicate "com.DefaultCompany.NeonDrift">> allow:(null)>
	]>, ran for 423380ms
2026-06-24 22:18:07.217 Df launchd_sim[58142:10ab39] [user/501:] service inactive: UIKitApplication:com.DefaultCompany.NeonDrift[f1ad][rb-legacy]
2026-06-24 22:18:07.218 Df runningboardd[58154:10b75c] [com.apple.runningboard:ttl] [app<com.DefaultCompany.NeonDrift((null))>:60732] termination reported by launchd (15, 0, 9)
2026-06-24 22:18:07.218 Df runningboardd[58154:10b75c] [com.apple.runningboard:process] Removing process: [app<com.DefaultCompany.NeonDrift((null))>:60732]
2026-06-24 22:18:07.218 Df runningboardd[58154:10b75c] [com.apple.runningboard:job] Removing launch job for: [app<com.DefaultCompany.NeonDrift((null))>:60732]
2026-06-24 22:18:07.218 Df launchd_sim[58142:10ab39] [user/501:] removing service: UIKitApplication:com.DefaultCompany.NeonDrift[f1ad][rb-legacy]
2026-06-24 22:18:07.218 Df runningboardd[58154:10b75c] [com.apple.runningboard:job] Removed job for [app<com.DefaultCompany.NeonDrift((null))>:60732]
2026-06-24 22:18:07.218 Df runningboardd[58154:10b75c] [com.apple.runningboard:process] Removing assertions for terminated process: [app<com.DefaultCompany.NeonDrift((null))>:60732]
2026-06-24 22:18:07.218 Df runningboardd[58154:10b75c] [com.apple.runningboard:assertion] Removed last relative-start-date-defining assertion for process app<com.DefaultCompany.NeonDrift((null))>
2026-06-24 22:18:07.219 Df runningboardd[58154:10b75c] [com.apple.runningboard:monitor] Calculated state for app<com.DefaultCompany.NeonDrift((null))>: none (role: None) (endowments: (null))
2026-06-24 22:18:07.219 Df runningboardd[58154:10b77f] [com.apple.runningboard:process] Notifying connection [osservice<com.apple.SpringBoard>:58151] that process [app<com.DefaultCompany.NeonDrift((null))>:60732] exited with context <RBSProcessExitContext| specific, status:<RBSProcessExitStatus| domain:runningboard(15) code:0>>
2026-06-24 22:18:07.219 Df runningboardd[58154:10a8e5] [com.apple.runningboard:connection] Inheritance changeset: <RBSInheritanceChangeSet| gained:(null) lost:{(
    <RBSInheritance| environment:UIScene:com.apple.frontboard.systemappservices/FBSceneManager:sceneID%3Acom.DefaultCompany.NeonDrift-default name:com.apple.frontboard.visibility origID:58154-58151-2020 payload 11483995329170351837>,
    <RBSInheritance| environment:(none) name:com.apple.frontboard.visibility origID:58154-58151-2016 0>
)}>
2026-06-24 22:18:07.219 Df runningboardd[58154:10b77f] [com.apple.runningboard:process] Notifying connection [osservice<com.apple.installcoordinationd>:58312] that process [app<com.DefaultCompany.NeonDrift((null))>:60732] exited with context <RBSProcessExitContext| specific, status:<RBSProcessExitStatus| domain:runningboard(15) code:0>>
2026-06-24 22:18:07.219 Df runningboardd[58154:10b77f] [com.apple.runningboard:monitor] Calculated state for app<com.DefaultCompany.NeonDrift((null))>: none (role: None) (endowments: (null))
2026-06-24 22:18:07.219 Df installcoordinationd[58312:103437] [com.apple.runningboard:process] Calling process death completion block for handle [app<com.DefaultCompany.NeonDrift((null))>:60732]
2026-06-24 22:18:07.219 Df installcoordinationd[58312:103437] [com.apple.runningboard:assertion] Death monitor triggered for [app<com.DefaultCompany.NeonDrift((null))>:60732]
2026-06-24 22:18:07.219 Df installcoordinationd[58312:faa8c] [com.apple.runningboard:monitor] Received state update for 60732 (app<com.DefaultCompany.NeonDrift((null))>, none-NotVisible
2026-06-24 22:18:07.219 Df installcoordinationd[58312:103437] [com.apple.installcoordination:daemon] -[IXSCoordinatedAppInstall assertionAcquiredCallback]: RBS termination assertion observer called for <IXSCoordinatedAppInstall<0x101a00000> [P=CoreSimulatorBridge (pid 58181)] identifier:[com.DefaultCompany.NeonDrift/Invalid/[system-defined]] uuid:E05B8110-F9A2-4D4E-85F8-DC2EF4149A20 intent:IXCoordinatorIntentUpdating creator/appDRI:InstallCoordination Simple SPI importance:UserWaiting state:IXAppCoordinationStateWaitingForPlaceholderAssertion promise-state:PA2I4>
2026-06-24 22:18:07.219 Df locationd[58175:10810e] [com.apple.runningboard:monitor] Received state update for 60732 (app<com.DefaultCompany.NeonDrift((null))>, none-NotVisible
2026-06-24 22:18:07.220 Df locationd[58175:103a86] [com.apple.locationd.Core:Core] {"msg":"RBS #AppMonitor process monitor update handler invoked", "pid":60732, "bundleID":com.DefaultCompany.NeonDrift, "state":1}
