2026-06-28 17:29:56.243 Df mobiletimerd[28507:d946db] [com.apple.launchservices:appinstallation] LaunchServices observer: Will install (
    "<LSApplicationProxy: 0x103684780> com.DefaultCompany.NeonDrift file:///Users/dragonkao/Library/Developer/CoreSimulator/Devices/CC47DE7A-8196-4465-A5A5-BB852C9C6C82/data/Containers/Bundle/Application/448E81BF-78EF-4D2A-B54B-A624201226B1/NeonDrift.app/ <com.DefaultCompany.NeonDrift <installed >:0>"
)
2026-06-28 17:29:56.243 Df SpringBoard[28855:d94ec9] [com.apple.launchservices:appinstallation] LaunchServices observer: Will install (
    "<LSApplicationProxy: 0x12700e580> com.DefaultCompany.NeonDrift file:///Users/dragonkao/Library/Developer/CoreSimulator/Devices/CC47DE7A-8196-4465-A5A5-BB852C9C6C82/data/Containers/Bundle/Application/448E81BF-78EF-4D2A-B54B-A624201226B1/NeonDrift.app/ <com.DefaultCompany.NeonDrift <installed >:0>"
)
2026-06-28 17:29:56.243 Df SpringBoard[28855:d94ec9] [com.apple.frontboard.ApplicationLibrary:observer] -[FBSApplicationLibrary applicationsWillInstall:] com.DefaultCompany.NeonDrift
2026-06-28 17:29:56.243 Df dasd[28519:d94e87] [com.apple.launchservices:appinstallation] LaunchServices observer: Will install (
    "<LSApplicationProxy: 0x1017649c0> com.DefaultCompany.NeonDrift file:///Users/dragonkao/Library/Developer/CoreSimulator/Devices/CC47DE7A-8196-4465-A5A5-BB852C9C6C82/data/Containers/Bundle/Application/448E81BF-78EF-4D2A-B54B-A624201226B1/NeonDrift.app/ <com.DefaultCompany.NeonDrift <installed >:0>"
)
2026-06-28 17:29:56.243 Df nanotimekitcompaniond[29072:d94e8b] [com.apple.launchservices:appinstallation] LaunchServices observer: Will install (
    "<LSApplicationProxy: 0x103650000> com.DefaultCompany.NeonDrift file:///Users/dragonkao/Library/Developer/CoreSimulator/Devices/CC47DE7A-8196-4465-A5A5-BB852C9C6C82/data/Containers/Bundle/Application/448E81BF-78EF-4D2A-B54B-A624201226B1/NeonDrift.app/ <com.DefaultCompany.NeonDrift <installed >:0>"
)
2026-06-28 17:29:56.243 Df webbookmarksd[28678:d94e9d] [com.apple.launchservices:appinstallation] LaunchServices observer: Will install (
    "<LSApplicationProxy: 0x1039bc000> com.DefaultCompany.NeonDrift file:///Users/dragonkao/Library/Developer/CoreSimulator/Devices/CC47DE7A-8196-4465-A5A5-BB852C9C6C82/data/Containers/Bundle/Application/448E81BF-78EF-4D2A-B54B-A624201226B1/NeonDrift.app/ <com.DefaultCompany.NeonDrift <installed >:0>"
)
2026-06-28 17:29:56.243 Df liveactivitiesd[28572:d94ecd] [com.apple.launchservices:appinstallation] LaunchServices observer: Will install (
    "<LSApplicationProxy: 0x105e81c80> com.DefaultCompany.NeonDrift file:///Users/dragonkao/Library/Developer/CoreSimulator/Devices/CC47DE7A-8196-4465-A5A5-BB852C9C6C82/data/Containers/Bundle/Application/448E81BF-78EF-4D2A-B54B-A624201226B1/NeonDrift.app/ <com.DefaultCompany.NeonDrift <installed >:0>"
)
2026-06-28 17:29:56.243 Df siriactionsd[28595:d8ad81] [com.apple.shortcuts:Daemon] Dispatching XPC event: <distributed notification: com.apple.LaunchServices.applicationRegistered, userInfo: [AnyHashable("bundleIDs"): <__NSSingleObjectArrayI 0x106211ef0>(
com.DefaultCompany.NeonDrift
)
, AnyHashable("isPlaceholder"): 1]>
2026-06-28 17:29:56.243 Df deviceaccessd[28621:d8a172] [com.apple.launchservices:appinstallation] LaunchServices observer: Will install (
    "<LSApplicationProxy: 0x105574000> com.DefaultCompany.NeonDrift file:///Users/dragonkao/Library/Developer/CoreSimulator/Devices/CC47DE7A-8196-4465-A5A5-BB852C9C6C82/data/Containers/Bundle/Application/448E81BF-78EF-4D2A-B54B-A624201226B1/NeonDrift.app/ <com.DefaultCompany.NeonDrift <installed >:0>"
)
2026-06-28 17:29:56.243 Df routined[28500:d8dd06] [com.apple.launchservices:appinstallation] LaunchServices observer: Will install (
    "<LSApplicationProxy: 0x1063c0fc0> com.DefaultCompany.NeonDrift file:///Users/dragonkao/Library/Developer/CoreSimulator/Devices/CC47DE7A-8196-4465-A5A5-BB852C9C6C82/data/Containers/Bundle/Application/448E81BF-78EF-4D2A-B54B-A624201226B1/NeonDrift.app/ <com.DefaultCompany.NeonDrift <installed >:0>"
)
2026-06-28 17:29:56.244 Df financed[28680:d93407] [com.apple.launchservices:appinstallation] LaunchServices observer: Will install (
    "<LSApplicationProxy: 0x106237600> com.DefaultCompany.NeonDrift file:///Users/dragonkao/Library/Developer/CoreSimulator/Devices/CC47DE7A-8196-4465-A5A5-BB852C9C6C82/data/Containers/Bundle/Application/448E81BF-78EF-4D2A-B54B-A624201226B1/NeonDrift.app/ <com.DefaultCompany.NeonDrift <installed >:0>"
)
2026-06-28 17:29:56.244 Df activityawardsd[29031:d94e99] [com.apple.launchservices:appinstallation] LaunchServices observer: Will install (
    "<LSApplicationProxy: 0x101544cc0> com.DefaultCompany.NeonDrift file:///Users/dragonkao/Library/Developer/CoreSimulator/Devices/CC47DE7A-8196-4465-A5A5-BB852C9C6C82/data/Containers/Bundle/Application/448E81BF-78EF-4D2A-B54B-A624201226B1/NeonDrift.app/ <com.DefaultCompany.NeonDrift <installed >:0>"
)
2026-06-28 17:29:56.244 Df locationd[28516:d94c31] [com.apple.launchservices:appinstallation] LaunchServices observer: Will install (
    "<LSApplicationProxy: 0x1077946c0> com.DefaultCompany.NeonDrift file:///Users/dragonkao/Library/Developer/CoreSimulator/Devices/CC47DE7A-8196-4465-A5A5-BB852C9C6C82/data/Containers/Bundle/Application/448E81BF-78EF-4D2A-B54B-A624201226B1/NeonDrift.app/ <com.DefaultCompany.NeonDrift <installed >:0>"
)
2026-06-28 17:29:56.244 Df healthd[28502:d8c406] [com.apple.launchservices:appinstallation] LaunchServices observer: Will install (
    "<LSApplicationProxy: 0x105e65140> com.DefaultCompany.NeonDrift file:///Users/dragonkao/Library/Developer/CoreSimulator/Devices/CC47DE7A-8196-4465-A5A5-BB852C9C6C82/data/Containers/Bundle/Application/448E81BF-78EF-4D2A-B54B-A624201226B1/NeonDrift.app/ <com.DefaultCompany.NeonDrift <installed >:0>"
)
2026-06-28 17:29:56.244 Df activitysharingd[29366:d8af2d] [com.apple.launchservices:appinstallation] LaunchServices observer: Will install (
    "<LSApplicationProxy: 0x101dc4e40> com.DefaultCompany.NeonDrift file:///Users/dragonkao/Library/Developer/CoreSimulator/Devices/CC47DE7A-8196-4465-A5A5-BB852C9C6C82/data/Containers/Bundle/Application/448E81BF-78EF-4D2A-B54B-A624201226B1/NeonDrift.app/ <com.DefaultCompany.NeonDrift <installed >:0>"
)
2026-06-28 17:29:56.244 Df homed[28611:d909f9] [com.apple.launchservices:appinstallation] LaunchServices observer: Will install (
    "<LSApplicationProxy: 0x1056d0480> com.DefaultCompany.NeonDrift file:///Users/dragonkao/Library/Developer/CoreSimulator/Devices/CC47DE7A-8196-4465-A5A5-BB852C9C6C82/data/Containers/Bundle/Application/448E81BF-78EF-4D2A-B54B-A624201226B1/NeonDrift.app/ <com.DefaultCompany.NeonDrift <installed >:0>"
)
2026-06-28 17:29:56.244 Df passd[28522:d94eaf] [com.apple.launchservices:appinstallation] LaunchServices observer: Will install (
    "<LSApplicationProxy: 0x107cbd8c0> com.DefaultCompany.NeonDrift file:///Users/dragonkao/Library/Developer/CoreSimulator/Devices/CC47DE7A-8196-4465-A5A5-BB852C9C6C82/data/Containers/Bundle/Application/448E81BF-78EF-4D2A-B54B-A624201226B1/NeonDrift.app/ <com.DefaultCompany.NeonDrift <installed >:0>"
)
2026-06-28 17:29:56.244 Df profiled[28619:d8bd96] [com.apple.launchservices:appinstallation] LaunchServices observer: Will install (
    "<LSApplicationProxy: 0x10541c000> com.DefaultCompany.NeonDrift file:///Users/dragonkao/Library/Developer/CoreSimulator/Devices/CC47DE7A-8196-4465-A5A5-BB852C9C6C82/data/Containers/Bundle/Application/448E81BF-78EF-4D2A-B54B-A624201226B1/NeonDrift.app/ <com.DefaultCompany.NeonDrift <installed >:0>"
)
2026-06-28 17:29:56.244 Df sleepd[28520:d94eb1] [com.apple.launchservices:appinstallation] LaunchServices observer: Will install (
    "<LSApplicationProxy: 0x105a6c180> com.DefaultCompany.NeonDrift file:///Users/dragonkao/Library/Developer/CoreSimulator/Devices/CC47DE7A-8196-4465-A5A5-BB852C9C6C82/data/Containers/Bundle/Application/448E81BF-78EF-4D2A-B54B-A624201226B1/NeonDrift.app/ <com.DefaultCompany.NeonDrift <installed >:0>"
)
2026-06-28 17:29:56.245 Df nsurlsessiond[28542:d942f2] [com.apple.launchservices:appinstallation] LaunchServices observer: Will install (
    "<LSApplicationProxy: 0x101a51080> com.DefaultCompany.NeonDrift file:///Users/dragonkao/Library/Developer/CoreSimulator/Devices/CC47DE7A-8196-4465-A5A5-BB852C9C6C82/data/Containers/Bundle/Application/448E81BF-78EF-4D2A-B54B-A624201226B1/NeonDrift.app/ <com.DefaultCompany.NeonDrift <installed >:0>"
)
2026-06-28 17:29:56.245 Df runningboardd[28495:d94e80] [com.apple.launchservices:appinstallation] LaunchServices observer: Will install (
    "<LSApplicationProxy: 0x1015a40c0> com.DefaultCompany.NeonDrift file:///Users/dragonkao/Library/Developer/CoreSimulator/Devices/CC47DE7A-8196-4465-A5A5-BB852C9C6C82/data/Containers/Bundle/Application/448E81BF-78EF-4D2A-B54B-A624201226B1/NeonDrift.app/ <com.DefaultCompany.NeonDrift <installed >:0>"
)
2026-06-28 17:29:56.245 Df donotdisturbd[28540:d8a645] [com.apple.launchservices:appinstallation] LaunchServices observer: Will install (
    "<LSApplicationProxy: 0x1015d55c0> com.DefaultCompany.NeonDrift file:///Users/dragonkao/Library/Developer/CoreSimulator/Devices/CC47DE7A-8196-4465-A5A5-BB852C9C6C82/data/Containers/Bundle/Application/448E81BF-78EF-4D2A-B54B-A624201226B1/NeonDrift.app/ <com.DefaultCompany.NeonDrift <installed >:0>"
)
2026-06-28 17:29:56.245 Df callservicesd[28596:d94ebd] [com.apple.launchservices:appinstallation] LaunchServices observer: Will install (
    "<LSApplicationProxy: 0x108e34f00> com.DefaultCompany.NeonDrift file:///Users/dragonkao/Library/Developer/CoreSimulator/Devices/CC47DE7A-8196-4465-A5A5-BB852C9C6C82/data/Containers/Bundle/Application/448E81BF-78EF-4D2A-B54B-A624201226B1/NeonDrift.app/ <com.DefaultCompany.NeonDrift <installed >:0>"
)
2026-06-28 17:29:56.245 Df usernotificationsd[28592:d89c74] [com.apple.launchservices:appinstallation] LaunchServices observer: Will install (
    "<LSApplicationProxy: 0x1021b0600> com.DefaultCompany.NeonDrift file:///Users/dragonkao/Library/Developer/CoreSimulator/Devices/CC47DE7A-8196-4465-A5A5-BB852C9C6C82/data/Containers/Bundle/Application/448E81BF-78EF-4D2A-B54B-A624201226B1/NeonDrift.app/ <com.DefaultCompany.NeonDrift <installed >:0>"
)
2026-06-28 17:29:56.245 Df gamed[28775:d8a99e] [com.apple.launchservices:appinstallation] LaunchServices observer: Will install (
    "<LSApplicationProxy: 0x1017e4180> com.DefaultCompany.NeonDrift file:///Users/dragonkao/Library/Developer/CoreSimulator/Devices/CC47DE7A-8196-4465-A5A5-BB852C9C6C82/data/Containers/Bundle/Application/448E81BF-78EF-4D2A-B54B-A624201226B1/NeonDrift.app/ <com.DefaultCompany.NeonDrift <installed >:0>"
)
2026-06-28 17:29:56.245 Df installd[28923:d94e6b] (MobileSystemServices) 0x16b15f000 -[MIClientConnection _doInstallationForURL:identity:domain:options:operationType:completion:]: Install of "/Users/dragonkao/Library/Developer/CoreSimulator/Devices/CC47DE7A-8196-4465-A5A5-BB852C9C6C82/data/Containers/Shared/SystemGroup/systemgroup.com.apple.installcoordinationd/Library/InstallCoordination/PromiseStaging/7010D867-5CF2-457F-882A-2E575AD03846/NeonDrift.app" type Developer (LSInstallType = 0, Domain: MIInstallationDomainDefault) requested by installcoordinationd (pid 28886 (501/20))
2026-06-28 17:29:56.245 Df PosterBoard[28864:d8b670] [com.apple.launchservices:appinstallation] LaunchServices observer: InstallsStarted (
    "<LSApplicationProxy: 0x105e84000> com.DefaultCompany.NeonDrift file:///Users/dragonkao/Library/Developer/CoreSimulator/Devices/CC47DE7A-8196-4465-A5A5-BB852C9C6C82/data/Containers/Bundle/Application/448E81BF-78EF-4D2A-B54B-A624201226B1/com.apple.mobileinstallation.placeholder/ <com.DefaultCompany.NeonDrift <placeholder >:1>"
)
2026-06-28 17:29:56.245 Df siriactionsd[28595:d8ad81] [com.apple.shortcuts:XPCEvent] Dispatching XPC event: <distributed notification: com.apple.LaunchServices.applicationRegistered, userInfo: [AnyHashable("bundleIDs"): <__NSSingleObjectArrayI 0x106211ef0>(
com.DefaultCompany.NeonDrift
)
, AnyHashable("isPlaceholder"): 1]>
2026-06-28 17:29:56.245 Df PosterBoard[28864:d8b670] [com.apple.launchservices:appinstallation] LaunchServices observer: MetadataUpdate (
    "com.DefaultCompany.NeonDrift"
)
2026-06-28 17:29:56.246 Df siriactionsd[28595:d8ad81] [com.apple.shortcuts:Daemon] Firing event: <distributed notification: com.apple.LaunchServices.applicationRegistered, userInfo: [AnyHashable("bundleIDs"): <__NSSingleObjectArrayI 0x106211ef0>(
com.DefaultCompany.NeonDrift
)
, AnyHashable("isPlaceholder"): 1]>
2026-06-28 17:29:56.246 E  siriactionsd[28595:d8ad81] [com.apple.shortcuts:Daemon] Received an event that we do not have a DaemonTask for: <distributed notification: com.apple.LaunchServices.applicationRegistered, userInfo: [AnyHashable("bundleIDs"): <__NSSingleObjectArrayI 0x106211ef0>(
com.DefaultCompany.NeonDrift
)
, AnyHashable("isPlaceholder"): 1]>. This is a serious programming error that might lead to missed messages and stuck streams.
2026-06-28 17:29:56.246 Df PosterBoard[28864:d8b670] [com.apple.launchservices:appinstallation] LaunchServices observer: InstallsStarted (
    "<LSApplicationProxy: 0x105e846c0> com.DefaultCompany.NeonDrift file:///Users/dragonkao/Library/Developer/CoreSimulator/Devices/CC47DE7A-8196-4465-A5A5-BB852C9C6C82/data/Containers/Bundle/Application/448E81BF-78EF-4D2A-B54B-A624201226B1/com.apple.mobileinstallation.placeholder/ <com.DefaultCompany.NeonDrift <placeholder >:1>"
)
2026-06-28 17:29:56.246 Df PosterBoard[28864:d8b670] [com.apple.launchservices:appinstallation] LaunchServices observer: Will install (
    "<LSApplicationProxy: 0x105e84000> com.DefaultCompany.NeonDrift file:///Users/dragonkao/Library/Developer/CoreSimulator/Devices/CC47DE7A-8196-4465-A5A5-BB852C9C6C82/data/Containers/Bundle/Application/448E81BF-78EF-4D2A-B54B-A624201226B1/NeonDrift.app/ <com.DefaultCompany.NeonDrift <installed >:0>"
)
2026-06-28 17:29:56.250 Df CoreSimulatorBridge[28523:d94e5d] [com.apple.installcoordination:framework] -[IXAppInstallCoordinator _clientDelegate_didUpdateProgress:forPhase:overallProgress:]: <IXUpdatingAppInstallCoordinator<0x104091940> identity:[com.DefaultCompany.NeonDrift/Invalid/[system-defined]] uuid:EAFD8728-931E-49F9-A988-EB53015DC3A1 creator:InstallCoordination Simple SPI>: Got did update progress delegate with percentComplete 5.000000 phase IXCoordinatorProgressPhaseInstalling overallProgress 62.000000
2026-06-28 17:29:56.250 Df CoreSimulatorBridge[28523:d94e5d] [com.apple.installcoordination:framework] -[IXAppInstallCoordinator _clientDelegate_didUpdateProgress:forPhase:overallProgress:]: <IXUpdatingAppInstallCoordinator<0x104091940> identity:[com.DefaultCompany.NeonDrift/Invalid/[system-defined]] uuid:EAFD8728-931E-49F9-A988-EB53015DC3A1 creator:InstallCoordination Simple SPI>: Got did update progress delegate with percentComplete 15.000000 phase IXCoordinatorProgressPhaseInstalling overallProgress 66.000000
2026-06-28 17:29:56.250 Df CoreSimulatorBridge[28523:d94e60] [com.apple.installcoordination:framework] -[IXAppInstallCoordinator _clientDelegate_didUpdateProgress:forPhase:overallProgress:]_block_invoke: <IXUpdatingAppInstallCoordinator<0x104091940> identity:[com.DefaultCompany.NeonDrift/Invalid/[system-defined]] uuid:EAFD8728-931E-49F9-A988-EB53015DC3A1 creator:InstallCoordination Simple SPI>: Calling selector coordinator:didUpdateProgress:forPhase:overallProgress: on observer <_IXSimpleInstallerDelegate 0x0x104058ff0>
2026-06-28 17:29:56.250 Df CoreSimulatorBridge[28523:d94e5d] [com.apple.installcoordination:framework] -[IXAppInstallCoordinator _clientDelegate_didUpdateProgress:forPhase:overallProgress:]: <IXUpdatingAppInstallCoordinator<0x104091940> identity:[com.DefaultCompany.NeonDrift/Invalid/[system-defined]] uuid:EAFD8728-931E-49F9-A988-EB53015DC3A1 creator:InstallCoordination Simple SPI>: Got did update progress delegate with percentComplete 20.000000 phase IXCoordinatorProgressPhaseInstalling overallProgress 68.000000
2026-06-28 17:29:56.250 Df CoreSimulatorBridge[28523:d94e60] [com.apple.installcoordination:framework] -[IXAppInstallCoordinator _clientDelegate_didUpdateProgress:forPhase:overallProgress:]_block_invoke: <IXUpdatingAppInstallCoordinator<0x104091940> identity:[com.DefaultCompany.NeonDrift/Invalid/[system-defined]] uuid:EAFD8728-931E-49F9-A988-EB53015DC3A1 creator:InstallCoordination Simple SPI>: Calling selector coordinator:didUpdateProgress:forPhase:overallProgress: on observer <_IXSimpleInstallerDelegate 0x0x104058ff0>
2026-06-28 17:29:56.250 Df CoreSimulatorBridge[28523:d94e60] [com.apple.installcoordination:framework] -[IXAppInstallCoordinator _clientDelegate_didUpdateProgress:forPhase:overallProgress:]_block_invoke: <IXUpdatingAppInstallCoordinator<0x104091940> identity:[com.DefaultCompany.NeonDrift/Invalid/[system-defined]] uuid:EAFD8728-931E-49F9-A988-EB53015DC3A1 creator:InstallCoordination Simple SPI>: Calling selector coordinator:didUpdateProgress:forPhase:overallProgress: on observer <_IXSimpleInstallerDelegate 0x0x104058ff0>
2026-06-28 17:29:56.252 Df installd[28923:d94e6b] [com.apple.containermanager:xpc] Query; euid = 501, uid = 501, class = 1, identifier = [com.DefaultCompany.NeonDrift](1), flags = 300000002
2026-06-28 17:29:56.252 Df installd[28923:d94e6b] [com.apple.containermanager:xpc] Query; euid = 501, uid = 501, class = 1, identifier = [com.DefaultCompany.NeonDrift](1), flags = 300000002
2026-06-28 17:29:56.253 Df siriactionsd[28595:d8ad81] [com.apple.shortcuts:Daemon] Dispatching XPC event: <distributed notification: com.apple.LaunchServices.applicationRegistered, userInfo: [AnyHashable("bundleIDs"): <__NSSingleObjectArrayI 0x106211ef0>(
com.DefaultCompany.NeonDrift
)
, AnyHashable("isPlaceholder"): 1]>
2026-06-28 17:29:56.253 Df siriactionsd[28595:d8ad81] [com.apple.shortcuts:XPCEvent] Dispatching XPC event: <distributed notification: com.apple.LaunchServices.applicationRegistered, userInfo: [AnyHashable("bundleIDs"): <__NSSingleObjectArrayI 0x106211ef0>(
com.DefaultCompany.NeonDrift
)
, AnyHashable("isPlaceholder"): 1]>
2026-06-28 17:29:56.253 Df siriactionsd[28595:d8ad81] [com.apple.shortcuts:Daemon] Firing event: <distributed notification: com.apple.LaunchServices.applicationRegistered, userInfo: [AnyHashable("bundleIDs"): <__NSSingleObjectArrayI 0x106211ef0>(
com.DefaultCompany.NeonDrift
)
, AnyHashable("isPlaceholder"): 1]>
2026-06-28 17:29:56.254 E  siriactionsd[28595:d8ad81] [com.apple.shortcuts:Daemon] Received an event that we do not have a DaemonTask for: <distributed notification: com.apple.LaunchServices.applicationRegistered, userInfo: [AnyHashable("bundleIDs"): <__NSSingleObjectArrayI 0x106211ef0>(
com.DefaultCompany.NeonDrift
)
, AnyHashable("isPlaceholder"): 1]>. This is a serious programming error that might lead to missed messages and stuck streams.
2026-06-28 17:29:56.254 Df appprotectiond[28510:d8b2a2] [com.apple.appprotection:server] received note: name = com.apple.LaunchServices.applicationRegistered, object = Optional(AppProtection.DistnotedXPCEventStreamTranslator), userInfo = Optional([AnyHashable("bundleIDs"): <__NSSingleObjectArrayI 0x1039ec230>(
com.DefaultCompany.NeonDrift
)
, AnyHashable("isPlaceholder"): 1])
2026-06-28 17:29:56.255 Df installd[28923:d94e6b] [com.apple.containermanager:xpc] Query; euid = 501, uid = 501, class = 1, identifier = [com.DefaultCompany.NeonDrift](1), flags = 300000002
2026-06-28 17:29:56.255 Df installcoordinationd[28886:d94e62] [com.apple.installcoordination:daemon] -[IXSCoordinatorProgress setTotalUnitsCompleted:]: Progress for coordinator: [com.DefaultCompany.NeonDrift/Invalid/[system-defined]], Phase: IXCoordinatorProgressPhaseInstalling, Percentage: 20.000000: Attempt to set units completed on finished progress: 20
2026-06-28 17:29:56.255 Df appprotectiond[28510:d8b2a2] [com.apple.appprotection:server] Received distnoted event <dictionary: 0x103900000> { count = 3, transaction: 0, voucher = 0x103944820, contents =
	"UserInfo" => <dictionary: 0x103831140> { count = 2, transaction: 0, voucher = 0x0, contents =
		"isPlaceholder" => <bool: 0x1e704c530>: true
		"bundleIDs" => <array: 0x103835aa0> { count = 1, capacity = 1, contents =
			0: <string: 0x103835cb0> { string cache = 0x0, length = 28, contents = "com.DefaultCompany.NeonDrift" }
		}
	}
	"Name" => <string: 0x1038375a0> { string cache = 0x0, length = 46, contents = "com.apple.LaunchServices.applicationRegistered" }
	"XPCEventName" => <string: 0x1038375d0> { string cache = 0x0, length = 21, contents = "ApplicationRegistered" }
}
2026-06-28 17:29:56.255 Df installd[28923:d94e6b] [com.apple.containermanager:xpc] Query; euid = 501, uid = 501, class = 1, identifier = [com.DefaultCompany.NeonDrift](1), flags = 300000002
2026-06-28 17:29:56.257 Df installd[28923:d94e6b] (MobileSystemServices) 0x16b15f000 -[MIInstaller _installInstallable:containingSymlink:error:]: Installing <MIInstallableBundle ID=com.DefaultCompany.NeonDrift; Persona=com.apple.containermanager.primary-persona, Version=0, ShortVersion=1.0>
2026-06-28 17:29:56.257 Df installd[28923:d94e6b] [com.apple.appinstallation:TransactionLog] com.DefaultCompany.NeonDrift/com.apple.containermanager.primary-persona:7:1:1:1:Start : Install (Patch Update)
2026-06-28 17:29:56.257 Df installd[28923:d94e6b] (MobileSystemServices) 0x16b15f000 -[MIInstallable applyPatchWithError:]: Attempting Delta patch update of com.DefaultCompany.NeonDrift from 0 (1.0) to 0 (1.0)
2026-06-28 17:29:56.257 Df CoreSimulatorBridge[28523:d94e5d] [com.apple.installcoordination:framework] -[IXAppInstallCoordinator _clientDelegate_didUpdateProgress:forPhase:overallProgress:]: <IXUpdatingAppInstallCoordinator<0x104091940> identity:[com.DefaultCompany.NeonDrift/Invalid/[system-defined]] uuid:EAFD8728-931E-49F9-A988-EB53015DC3A1 creator:InstallCoordination Simple SPI>: Got did update progress delegate with percentComplete 30.000000 phase IXCoordinatorProgressPhaseInstalling overallProgress 72.000000
2026-06-28 17:29:56.258 Df CoreSimulatorBridge[28523:d94e5d] [com.apple.installcoordination:framework] -[IXAppInstallCoordinator _clientDelegate_didUpdateProgress:forPhase:overallProgress:]: <IXUpdatingAppInstallCoordinator<0x104091940> identity:[com.DefaultCompany.NeonDrift/Invalid/[system-defined]] uuid:EAFD8728-931E-49F9-A988-EB53015DC3A1 creator:InstallCoordination Simple SPI>: Got did update progress delegate with percentComplete 35.000000 phase IXCoordinatorProgressPhaseInstalling overallProgress 74.000000
2026-06-28 17:29:56.258 Df CoreSimulatorBridge[28523:d94e60] [com.apple.installcoordination:framework] -[IXAppInstallCoordinator _clientDelegate_didUpdateProgress:forPhase:overallProgress:]_block_invoke: <IXUpdatingAppInstallCoordinator<0x104091940> identity:[com.DefaultCompany.NeonDrift/Invalid/[system-defined]] uuid:EAFD8728-931E-49F9-A988-EB53015DC3A1 creator:InstallCoordination Simple SPI>: Calling selector coordinator:didUpdateProgress:forPhase:overallProgress: on observer <_IXSimpleInstallerDelegate 0x0x104058ff0>
2026-06-28 17:29:56.258 Df CoreSimulatorBridge[28523:d94e60] [com.apple.installcoordination:framework] -[IXAppInstallCoordinator _clientDelegate_didUpdateProgress:forPhase:overallProgress:]_block_invoke: <IXUpdatingAppInstallCoordinator<0x104091940> identity:[com.DefaultCompany.NeonDrift/Invalid/[system-defined]] uuid:EAFD8728-931E-49F9-A988-EB53015DC3A1 creator:InstallCoordination Simple SPI>: Calling selector coordinator:didUpdateProgress:forPhase:overallProgress: on observer <_IXSimpleInstallerDelegate 0x0x104058ff0>
2026-06-28 17:29:56.264 Df liveactivitiesd[28572:d94e88] [com.apple.launchservices:progress] #LSInstallProgressList add subscriber: <_NSProgressSubscriber: 0x105fd5ad0> publishingString: com.DefaultCompany.NeonDrift
2026-06-28 17:29:56.264 Df liveactivitiesd[28572:d94e88] [com.apple.launchservices:progress] Subscribing to progress for app com.DefaultCompany.NeonDrift,
2026-06-28 17:29:56.264 Df liveactivitiesd[28572:d899e7] [com.apple.launchservices:progress] Got progress <NSProgress: com.DefaultCompany.NeonDrift phase=Installing; state=Active; finalPhase=Installing; fractionCompleted=0.600000> for app com.DefaultCompany.NeonDrift,
2026-06-28 17:29:56.264 Df appprotectiond[28510:d94ed6] [com.apple.appprotection:server] processing settings authority event: SettingsAuthorityEvent.promotePreferenceFromProvisionalForApplication(com.DefaultCompany.NeonDrift)
2026-06-28 17:29:56.264 Df installd[28923:d94e6b] [com.apple.containermanager:query] Query; euid = 501, uid = 501, class = 4, identifier = [com.DefaultCompany.NeonDrift](1), flags = 300000002
2026-06-28 17:29:56.264 Df appprotectiond[28510:d8b2a2] [com.apple.appprotection:server] received note: name = com.apple.LaunchServices.applicationRegistered, object = Optional(AppProtection.DistnotedXPCEventStreamTranslator), userInfo = Optional([AnyHashable("bundleIDs"): <__NSSingleObjectArrayI 0x1039ec230>(
com.DefaultCompany.NeonDrift
)
, AnyHashable("isPlaceholder"): 1])
2026-06-28 17:29:56.264 Df CoreSimulatorBridge[28523:d94e5d] [com.apple.installcoordination:framework] -[IXAppInstallCoordinator _clientDelegate_didUpdateProgress:forPhase:overallProgress:]: <IXUpdatingAppInstallCoordinator<0x104091940> identity:[com.DefaultCompany.NeonDrift/Invalid/[system-defined]] uuid:EAFD8728-931E-49F9-A988-EB53015DC3A1 creator:InstallCoordination Simple SPI>: Got did update progress delegate with percentComplete 40.000000 phase IXCoordinatorProgressPhaseInstalling overallProgress 76.000000
2026-06-28 17:29:56.264 Df CoreSimulatorBridge[28523:d94e5d] [com.apple.installcoordination:framework] -[IXAppInstallCoordinator _clientDelegate_didUpdateProgress:forPhase:overallProgress:]_block_invoke: <IXUpdatingAppInstallCoordinator<0x104091940> identity:[com.DefaultCompany.NeonDrift/Invalid/[system-defined]] uuid:EAFD8728-931E-49F9-A988-EB53015DC3A1 creator:InstallCoordination Simple SPI>: Calling selector coordinator:didUpdateProgress:forPhase:overallProgress: on observer <_IXSimpleInstallerDelegate 0x0x104058ff0>
2026-06-28 17:29:56.264 Df installd[28923:d94e6b] [com.apple.containermanager:query] Query; euid = 501, uid = 501, class = 4, identifier = [com.DefaultCompany.NeonDrift](1), flags = 300000002
2026-06-28 17:29:56.265 Df installd[28923:d94e6b] [com.apple.containermanager:xpc] Query; euid = 501, uid = 501, class = 1, identifier = [com.DefaultCompany.NeonDrift](1), flags = 300000003
2026-06-28 17:29:56.265 Df CoreSimulatorBridge[28523:d94e60] [com.apple.installcoordination:framework] -[IXAppInstallCoordinator _clientDelegate_didUpdateProgress:forPhase:overallProgress:]: <IXUpdatingAppInstallCoordinator<0x104091940> identity:[com.DefaultCompany.NeonDrift/Invalid/[system-defined]] uuid:EAFD8728-931E-49F9-A988-EB53015DC3A1 creator:InstallCoordination Simple SPI>: Got did update progress delegate with percentComplete 50.000000 phase IXCoordinatorProgressPhaseInstalling overallProgress 80.000000
2026-06-28 17:29:56.265 Df CoreSimulatorBridge[28523:d94e60] [com.apple.installcoordination:framework] -[IXAppInstallCoordinator _clientDelegate_didUpdateProgress:forPhase:overallProgress:]_block_invoke: <IXUpdatingAppInstallCoordinator<0x104091940> identity:[com.DefaultCompany.NeonDrift/Invalid/[system-defined]] uuid:EAFD8728-931E-49F9-A988-EB53015DC3A1 creator:InstallCoordination Simple SPI>: Calling selector coordinator:didUpdateProgress:forPhase:overallProgress: on observer <_IXSimpleInstallerDelegate 0x0x104058ff0>
2026-06-28 17:29:56.265 E  containermanagerd_system[28538:d898d3] [com.apple.containermanager:schema] [com.DefaultCompany.NeonDrift(1)] Current schema version (1) is newer than the latest (0), ignoring.
2026-06-28 17:29:56.265 Df containermanagerd_system[28538:d898d3] [com.apple.containermanager:schema] [u 8677A0EA-6C02-4CA2-AF49-D32E1BA05E86:p 418A8843-50FE-487C-9ABD-6AAA32B31601:c com.DefaultCompany.NeonDrift(1):i32420855] Successfully updated schema from (0) → (0), actions count = 0
2026-06-28 17:29:56.266 Df installd[28923:d94e6b] [com.apple.containermanager:xpc] Query; euid = 501, uid = 501, class = 1, identifier = [com.DefaultCompany.NeonDrift](1), flags = 300000002
2026-06-28 17:29:56.267 Df CoreSimulatorBridge[28523:d94e5d] [com.apple.installcoordination:framework] -[IXAppInstallCoordinator _clientDelegate_didUpdateProgress:forPhase:overallProgress:]: <IXUpdatingAppInstallCoordinator<0x104091940> identity:[com.DefaultCompany.NeonDrift/Invalid/[system-defined]] uuid:EAFD8728-931E-49F9-A988-EB53015DC3A1 creator:InstallCoordination Simple SPI>: Got did update progress delegate with percentComplete 60.000000 phase IXCoordinatorProgressPhaseInstalling overallProgress 84.000000
2026-06-28 17:29:56.267 Df CoreSimulatorBridge[28523:d94e5d] [com.apple.installcoordination:framework] -[IXAppInstallCoordinator _clientDelegate_didUpdateProgress:forPhase:overallProgress:]_block_invoke: <IXUpdatingAppInstallCoordinator<0x104091940> identity:[com.DefaultCompany.NeonDrift/Invalid/[system-defined]] uuid:EAFD8728-931E-49F9-A988-EB53015DC3A1 creator:InstallCoordination Simple SPI>: Calling selector coordinator:didUpdateProgress:forPhase:overallProgress: on observer <_IXSimpleInstallerDelegate 0x0x104058ff0>
2026-06-28 17:29:56.267 Df appprotectiond[28510:d94ed6] [com.apple.appprotection:server] processing settings authority event: SettingsAuthorityEvent.promotePreferenceFromProvisionalForApplication(com.DefaultCompany.NeonDrift)
2026-06-28 17:29:56.268 Df installd[28923:d94e6b] [com.apple.containermanager:query] Query; euid = 501, uid = 501, class = 2, identifier = [com.DefaultCompany.NeonDrift](1), flags = 300000003
2026-06-28 17:29:56.268 Df CoreSimulatorBridge[28523:d94e60] [com.apple.installcoordination:framework] -[IXAppInstallCoordinator _clientDelegate_didUpdateProgress:forPhase:overallProgress:]: <IXUpdatingAppInstallCoordinator<0x104091940> identity:[com.DefaultCompany.NeonDrift/Invalid/[system-defined]] uuid:EAFD8728-931E-49F9-A988-EB53015DC3A1 creator:InstallCoordination Simple SPI>: Got did update progress delegate with percentComplete 70.000000 phase IXCoordinatorProgressPhaseInstalling overallProgress 88.000000
2026-06-28 17:29:56.268 Df CoreSimulatorBridge[28523:d94e60] [com.apple.installcoordination:framework] -[IXAppInstallCoordinator _clientDelegate_didUpdateProgress:forPhase:overallProgress:]_block_invoke: <IXUpdatingAppInstallCoordinator<0x104091940> identity:[com.DefaultCompany.NeonDrift/Invalid/[system-defined]] uuid:EAFD8728-931E-49F9-A988-EB53015DC3A1 creator:InstallCoordination Simple SPI>: Calling selector coordinator:didUpdateProgress:forPhase:overallProgress: on observer <_IXSimpleInstallerDelegate 0x0x104058ff0>
2026-06-28 17:29:56.269 Df installd[28923:d94e6b] [com.apple.containermanager:query] Query; euid = 501, uid = 501, class = 2, identifier = [com.DefaultCompany.NeonDrift](1), flags = 300000002
2026-06-28 17:29:56.273 Df dmd[28817:d89d1a] Received xpc stream event (distributed notification matching) with name: com.apple.LaunchServices.applicationRegistered user info: {
    bundleIDs =     (
        "com.DefaultCompany.NeonDrift"
    );
    isPlaceholder = 1;
}
2026-06-28 17:29:56.277 Df CoreSimulatorBridge[28523:d94e5d] [com.apple.installcoordination:framework] -[IXAppInstallCoordinator _clientDelegate_didUpdateProgress:forPhase:overallProgress:]: <IXUpdatingAppInstallCoordinator<0x104091940> identity:[com.DefaultCompany.NeonDrift/Invalid/[system-defined]] uuid:EAFD8728-931E-49F9-A988-EB53015DC3A1 creator:InstallCoordination Simple SPI>: Got did update progress delegate with percentComplete 80.000000 phase IXCoordinatorProgressPhaseInstalling overallProgress 92.000000
2026-06-28 17:29:56.277 Df CoreSimulatorBridge[28523:d94e5d] [com.apple.installcoordination:framework] -[IXAppInstallCoordinator _clientDelegate_didUpdateProgress:forPhase:overallProgress:]_block_invoke: <IXUpdatingAppInstallCoordinator<0x104091940> identity:[com.DefaultCompany.NeonDrift/Invalid/[system-defined]] uuid:EAFD8728-931E-49F9-A988-EB53015DC3A1 creator:InstallCoordination Simple SPI>: Calling selector coordinator:didUpdateProgress:forPhase:overallProgress: on observer <_IXSimpleInstallerDelegate 0x0x104058ff0>
2026-06-28 17:29:56.278 Df installd[28923:d94e6b] (MobileSystemServices) 0x16b15f000 -[MIInstallationJournalEntry _refreshUUIDForContainer:withError:]: Data container for com.DefaultCompany.NeonDrift is now at /Users/dragonkao/Library/Developer/CoreSimulator/Devices/CC47DE7A-8196-4465-A5A5-BB852C9C6C82/data/Containers/Data/Application/25250899-84CF-4588-8B90-8D9AD94FBBEA
2026-06-28 17:29:56.278 Df containermanagerd[28573:d89986] [com.apple.containermanager:schema] [u 815BD00E-79CD-4463-AD29-B14C41CCA58C:p 25250899-84CF-4588-8B90-8D9AD94FBBEA:c com.DefaultCompany.NeonDrift(2):i0] Successfully updated schema from (0) → (1), actions count = 6
2026-06-28 17:29:56.279 Df installd[28923:d94e6b] [com.apple.containermanager:unspecified] Replace; old = [app:com.DefaultCompany.NeonDrift:501::(951C5212-27D8-4C9E-8C27-BA11F873A395)], new = [temp-app:com.DefaultCompany.NeonDrift:501::(8677A0EA-6C02-4CA2-AF49-D32E1BA05E86)]
2026-06-28 17:29:56.281 Df installd[28923:d94e6b] [com.apple.containermanager:xpc] Query; euid = 501, uid = 501, class = 1, identifier = [com.DefaultCompany.NeonDrift](1), flags = 300000002
2026-06-28 17:29:56.282 Df installd[28923:d94e6b] (MobileSystemServices) 0x16b15f000 -[MIContainer makeContainerLiveReplacingContainer:reason:waitForDeletion:withError:]: Made container live for com.DefaultCompany.NeonDrift at /Users/dragonkao/Library/Developer/CoreSimulator/Devices/CC47DE7A-8196-4465-A5A5-BB852C9C6C82/data/Containers/Bundle/Application/D8D3DD87-29DE-4AEA-927B-D24106927B4C
2026-06-28 17:29:56.282 Df installd[28923:d94e6b] [com.apple.containermanager:xpc] Query; euid = 501, uid = 501, class = 1, identifier = [com.DefaultCompany.NeonDrift](1), flags = 300000002
2026-06-28 17:29:56.284 Df CoreSimulatorBridge[28523:d94e60] [com.apple.installcoordination:framework] -[IXAppInstallCoordinator _clientDelegate_didUpdateProgress:forPhase:overallProgress:]: <IXUpdatingAppInstallCoordinator<0x104091940> identity:[com.DefaultCompany.NeonDrift/Invalid/[system-defined]] uuid:EAFD8728-931E-49F9-A988-EB53015DC3A1 creator:InstallCoordination Simple SPI>: Got did update progress delegate with percentComplete 90.000000 phase IXCoordinatorProgressPhaseInstalling overallProgress 96.000000
2026-06-28 17:29:56.284 Df CoreSimulatorBridge[28523:d94e60] [com.apple.installcoordination:framework] -[IXAppInstallCoordinator _clientDelegate_didUpdateProgress:forPhase:overallProgress:]_block_invoke: <IXUpdatingAppInstallCoordinator<0x104091940> identity:[com.DefaultCompany.NeonDrift/Invalid/[system-defined]] uuid:EAFD8728-931E-49F9-A988-EB53015DC3A1 creator:InstallCoordination Simple SPI>: Calling selector coordinator:didUpdateProgress:forPhase:overallProgress: on observer <_IXSimpleInstallerDelegate 0x0x104058ff0>
2026-06-28 17:29:56.284 Df installd[28923:d94e6b] [com.apple.containermanager:unspecified] Requesting disk usage; class = 1, identifier = com.DefaultCompany.NeonDrift
2026-06-28 17:29:56.286 Df installd[28923:d94e6b] [com.apple.containermanager:query] Query; euid = 501, uid = 501, class = 7, identifier = [com.DefaultCompany.NeonDrift](1), flags = 300000001
2026-06-28 17:29:56.287 Df SpringBoard[28855:d89db6] [com.apple.SpringBoard:Common] termination assertion released for com.DefaultCompany.NeonDrift
2026-06-28 17:29:56.289 Df installd[28923:d94e6b] (MobileSystemServices) 0x16b15f000 -[MILaunchServicesOperationManager _onQueue_addPendingLaunchServicesOperation:error:]: Added pending LS operation <MILaunchServicesRegisterOperation: 9A242482-04F4-4911-BB03-148F18B0B65A:4 com.DefaultCompany.NeonDrift/MIInstallationDomainSystemShared personas:[com.apple.containermanager.primary-persona]>
2026-06-28 17:29:56.289 Df lsd[28543:d94eab] [com.apple.launchservices:appinstallation] Post installation registration: request to register com.DefaultCompany.NeonDrift, operation 9A242482-04F4-4911-BB03-148F18B0B65A, from pid 28923
2026-06-28 17:29:56.289 Df dmd[28817:d89d1a] Received xpc stream event (distributed notification matching) with name: com.apple.LaunchServices.applicationRegistered user info: {
    bundleIDs =     (
        "com.DefaultCompany.NeonDrift"
    );
    isPlaceholder = 1;
}
2026-06-28 17:29:56.290 Df lsd[28543:d94eab] [com.apple.appinstallation:TransactionLog] com.DefaultCompany.NeonDrift/Unknown Persona:5:4:1:1:Registering bundles via registrant - start
2026-06-28 17:29:56.291 Df lsd[28543:d94eab] [com.apple.appinstallation:TransactionLog] com.DefaultCompany.NeonDrift/Unknown Persona:5:5:1:1:Building bundle record for app
2026-06-28 17:29:56.292 Df lsd[28543:d94eab] [com.apple.launchservices:appinstallation] Removed existing registered placeholder for com.DefaultCompany.NeonDrift
2026-06-28 17:29:56.292 Df lsd[28543:d94eab] [com.apple.launchservices:appinstallation] Removed existing registered bundle for com.DefaultCompany.NeonDrift
2026-06-28 17:29:56.292 Df lsd[28543:d94eab] [com.apple.appinstallation:TransactionLog] com.DefaultCompany.NeonDrift/Unknown Persona:5:5:2:1:Built bundle record for app
2026-06-28 17:29:56.292 Df lsd[28543:d94eab] [com.apple.launchservices:icons] clearAlternateNameForBundleIdentifier: won't clear for com.DefaultCompany.NeonDrift
2026-06-28 17:29:56.292 Df lsd[28543:d94eab] [com.apple.appinstallation:TransactionLog] com.DefaultCompany.NeonDrift/Unknown Persona:5:4:2:1:Registered bundle status = success
2026-06-28 17:29:56.292 Df lsd[28543:d94eab] [com.apple.appinstallation:TransactionLog] com.DefaultCompany.NeonDrift/Unknown Persona:5:4:2:1:Finished registering com.DefaultCompany.NeonDrift, bundle unit 53c
2026-06-28 17:29:56.293 Df lsd[28543:d8bdc0] [com.apple.launchservices:progress] Installation ended for com.DefaultCompany.NeonDrift with state 5
2026-06-28 17:29:56.293 Df lsd[28543:d8bdc0] [com.apple.launchservices:progress] Discarding proportions for com.DefaultCompany.NeonDrift
2026-06-28 17:29:56.293 Df lsd[28543:d94eab] [com.apple.launchservices:progress] Sending applicationsDidInstall: for (
    "<LSApplicationProxy: 0x105f2c000> com.DefaultCompany.NeonDrift file:///Users/dragonkao/Library/Developer/CoreSimulator/Devices/CC47DE7A-8196-4465-A5A5-BB852C9C6C82/data/Containers/Bundle/Application/D8D3DD87-29DE-4AEA-927B-D24106927B4C/NeonDrift.app/ <com.DefaultCompany.NeonDrift <installed >:0>"
)
2026-06-28 17:29:56.293 Df liveactivitiesd[28572:d899e7] [com.apple.launchservices:progress] Unpublishing progress block called for app com.DefaultCompany.NeonDrift
2026-06-28 17:29:56.293 Df installd[28923:d94e6b] (MobileSystemServices) 0x16b15f000 -[MIJournal purgeJournalEntry:withError:]: Removing journal entry <MIInstallationJournalEntry<0x1060e8b40> [com.DefaultCompany.NeonDrift/com.apple.containermanager.primary-persona/[system-defined]]/MIInstallationDomainSystemShared op:1 phase:JournalPhaseDidRegisterWithLS version:0>
2026-06-28 17:29:56.293 Df liveactivitiesd[28572:d94ecd] [com.apple.launchservices:progress] #LSInstallProgressList remove subscriber: <_NSProgressSubscriber: 0x105fd5ad0> publishingString: com.DefaultCompany.NeonDrift
2026-06-28 17:29:56.293 Df installd[28923:d94e6b] [com.apple.appinstallation:TransactionLog] com.DefaultCompany.NeonDrift/com.apple.containermanager.primary-persona:7:1:2:1:Success (End) : Install (Patch Update)
2026-06-28 17:29:56.293 Df installd[28923:d94e6b] (MobileSystemServices) 0x16b15f000 -[MIInstaller _logOperationCompletionWithStartTime:distributorID:]: Install successful for (Developer:com.DefaultCompany.NeonDrift) [Distributor: (null)]; Staging: 0.00s; Waiting: 0.00s; Preflight/Patch: 0.01s, Verifying: 0.00s; Overall: 0.05s
2026-06-28 17:29:56.294 Df appstored[28880:d8aca6] [com.apple.launchservices:appinstallation] Received applicationsDidInstall:(
    "<LSApplicationProxy: 0x101edc000> com.DefaultCompany.NeonDrift file:///Users/dragonkao/Library/Developer/CoreSimulator/Devices/CC47DE7A-8196-4465-A5A5-BB852C9C6C82/data/Containers/Bundle/Application/D8D3DD87-29DE-4AEA-927B-D24106927B4C/NeonDrift.app/ <com.DefaultCompany.NeonDrift <installed >:0>"
)
2026-06-28 17:29:56.294 Df SpringBoard[28855:d89db6] [com.apple.launchservices:progress] Unpublishing progress block called for app com.DefaultCompany.NeonDrift
2026-06-28 17:29:56.294 Df clipserviced[29040:d8a19d] [com.apple.launchservices:appinstallation] Received applicationsDidInstall:(
    "<LSApplicationProxy: 0x1039a0000> com.DefaultCompany.NeonDrift file:///Users/dragonkao/Library/Developer/CoreSimulator/Devices/CC47DE7A-8196-4465-A5A5-BB852C9C6C82/data/Containers/Bundle/Application/D8D3DD87-29DE-4AEA-927B-D24106927B4C/NeonDrift.app/ <com.DefaultCompany.NeonDrift <installed >:0>"
)
2026-06-28 17:29:56.294 Df mobiletimerd[28507:d946db] [com.apple.launchservices:appinstallation] Received applicationsDidInstall:(
    "<LSApplicationProxy: 0x103684780> com.DefaultCompany.NeonDrift file:///Users/dragonkao/Library/Developer/CoreSimulator/Devices/CC47DE7A-8196-4465-A5A5-BB852C9C6C82/data/Containers/Bundle/Application/D8D3DD87-29DE-4AEA-927B-D24106927B4C/NeonDrift.app/ <com.DefaultCompany.NeonDrift <installed >:0>"
)
2026-06-28 17:29:56.294 Df SpringBoard[28855:d94ec6] [com.apple.launchservices:progress] #LSInstallProgressList remove subscriber: <_NSProgressSubscriber: 0x1239b0810> publishingString: com.DefaultCompany.NeonDrift
2026-06-28 17:29:56.294 Df SpringBoard[28855:d94ecb] [com.apple.launchservices:appinstallation] Received applicationsDidInstall:(
    "<LSApplicationProxy: 0x12700f900> com.DefaultCompany.NeonDrift file:///Users/dragonkao/Library/Developer/CoreSimulator/Devices/CC47DE7A-8196-4465-A5A5-BB852C9C6C82/data/Containers/Bundle/Application/D8D3DD87-29DE-4AEA-927B-D24106927B4C/NeonDrift.app/ <com.DefaultCompany.NeonDrift <installed >:0>"
)
2026-06-28 17:29:56.294 Df dasd[28519:d933c2] [com.apple.launchservices:appinstallation] Received applicationsDidInstall:(
    "<LSApplicationProxy: 0x1017649c0> com.DefaultCompany.NeonDrift file:///Users/dragonkao/Library/Developer/CoreSimulator/Devices/CC47DE7A-8196-4465-A5A5-BB852C9C6C82/data/Containers/Bundle/Application/D8D3DD87-29DE-4AEA-927B-D24106927B4C/NeonDrift.app/ <com.DefaultCompany.NeonDrift <installed >:0>"
)
2026-06-28 17:29:56.294 Df runningboardd[28495:d94e66] [com.apple.launchservices:appinstallation] Received applicationsDidInstall:(
    "<LSApplicationProxy: 0x1015a4000> com.DefaultCompany.NeonDrift file:///Users/dragonkao/Library/Developer/CoreSimulator/Devices/CC47DE7A-8196-4465-A5A5-BB852C9C6C82/data/Containers/Bundle/Application/D8D3DD87-29DE-4AEA-927B-D24106927B4C/NeonDrift.app/ <com.DefaultCompany.NeonDrift <installed >:0>"
)
2026-06-28 17:29:56.294 Df appstored[28880:d8aca6] [com.apple.appinstallation:TransactionLog] com.DefaultCompany.NeonDrift/Unknown Persona:5:8:3:1:applicationsDidInstall <LSApplicationProxy: 0x101edc0c0> com.DefaultCompany.NeonDrift file:///Users/dragonkao/Library/Developer/CoreSimulator/Devices/CC47DE7A-8196-4465-A5A5-BB852C9C6C82/data/Containers/Bundle/Application/D8D3DD87-29DE-4AEA-927B-D24106927B4C/NeonDrift.app/ <com.DefaultCompany.NeonDrift <installed >:0>
2026-06-28 17:29:56.295 Df nanotimekitcompaniond[29072:d8b484] [com.apple.launchservices:appinstallation] Received applicationsDidInstall:(
    "<LSApplicationProxy: 0x103650000> com.DefaultCompany.NeonDrift file:///Users/dragonkao/Library/Developer/CoreSimulator/Devices/CC47DE7A-8196-4465-A5A5-BB852C9C6C82/data/Containers/Bundle/Application/D8D3DD87-29DE-4AEA-927B-D24106927B4C/NeonDrift.app/ <com.DefaultCompany.NeonDrift <installed >:0>"
)
2026-06-28 17:29:56.295 Df liveactivitiesd[28572:d94ecd] [com.apple.launchservices:appinstallation] Received applicationsDidInstall:(
    "<LSApplicationProxy: 0x105e81bc0> com.DefaultCompany.NeonDrift file:///Users/dragonkao/Library/Developer/CoreSimulator/Devices/CC47DE7A-8196-4465-A5A5-BB852C9C6C82/data/Containers/Bundle/Application/D8D3DD87-29DE-4AEA-927B-D24106927B4C/NeonDrift.app/ <com.DefaultCompany.NeonDrift <installed >:0>"
)
2026-06-28 17:29:56.295 Df routined[28500:d94c61] [com.apple.launchservices:appinstallation] Received applicationsDidInstall:(
    "<LSApplicationProxy: 0x1063c0fc0> com.DefaultCompany.NeonDrift file:///Users/dragonkao/Library/Developer/CoreSimulator/Devices/CC47DE7A-8196-4465-A5A5-BB852C9C6C82/data/Containers/Bundle/Application/D8D3DD87-29DE-4AEA-927B-D24106927B4C/NeonDrift.app/ <com.DefaultCompany.NeonDrift <installed >:0>"
)
2026-06-28 17:29:56.295 Df installcoordinationd[28886:d94e63] [com.apple.installcoordination:daemon] -[IXSPendingOperationsTracker endPendingOperationForIdentity:]_block_invoke: Ending pending operation for [com.DefaultCompany.NeonDrift/Invalid/[system-defined]]
2026-06-28 17:29:56.295 Df SpringBoard[28855:d94ec6] [com.apple.appinstallation:TransactionLog] com.DefaultCompany.NeonDrift/Unknown Persona:5:8:3:1:applicationsDidInstall <LSApplicationProxy: 0x123a7e7c0> com.DefaultCompany.NeonDrift file:///Users/dragonkao/Library/Developer/CoreSimulator/Devices/CC47DE7A-8196-4465-A5A5-BB852C9C6C82/data/Containers/Bundle/Application/D8D3DD87-29DE-4AEA-927B-D24106927B4C/NeonDrift.app/ <com.DefaultCompany.NeonDrift <installed >:0>
2026-06-28 17:29:56.295 Df SpringBoard[28855:d94ec6] [com.apple.frontboard.ApplicationLibrary:observer] -[FBSApplicationLibrary applicationsDidInstall:] com.DefaultCompany.NeonDrift
2026-06-28 17:29:56.295 Df SpringBoard[28855:d94ec6] [com.apple.frontboard.ApplicationLibrary:default] Removed placeholder: <SBApplicationPlaceholderProxy: 0x123aae080; com.DefaultCompany.NeonDrift (NeonDrift); LSInstallType: StoreDownload>
2026-06-28 17:29:56.295 Df SpringBoard[28855:d94ec6] [com.apple.frontboard.ApplicationLibrary:default] Regenerating application com.DefaultCompany.NeonDrift due to bundle path mismatch
2026-06-28 17:29:56.295 Df SpringBoard[28855:d94ec6] [com.apple.frontboard.ApplicationLibrary:default] Removed application: <SBApplicationInfo: 0x10cf1f900; com.DefaultCompany.NeonDrift (NeonDrift)>
2026-06-28 17:29:56.295 Df mobiletimerd[28507:d946db] [com.apple.appinstallation:TransactionLog] com.DefaultCompany.NeonDrift/Unknown Persona:5:8:3:1:applicationsDidInstall <LSApplicationProxy: 0x103684840> com.DefaultCompany.NeonDrift file:///Users/dragonkao/Library/Developer/CoreSimulator/Devices/CC47DE7A-8196-4465-A5A5-BB852C9C6C82/data/Containers/Bundle/Application/D8D3DD87-29DE-4AEA-927B-D24106927B4C/NeonDrift.app/ <com.DefaultCompany.NeonDrift <installed >:0>
2026-06-28 17:29:56.295 Df webbookmarksd[28678:d8aa98] [com.apple.launchservices:appinstallation] Received applicationsDidInstall:(
    "<LSApplicationProxy: 0x1039bc000> com.DefaultCompany.NeonDrift file:///Users/dragonkao/Library/Developer/CoreSimulator/Devices/CC47DE7A-8196-4465-A5A5-BB852C9C6C82/data/Containers/Bundle/Application/D8D3DD87-29DE-4AEA-927B-D24106927B4C/NeonDrift.app/ <com.DefaultCompany.NeonDrift <installed >:0>"
)
2026-06-28 17:29:56.295 Df passd[28522:d94eaf] [com.apple.launchservices:appinstallation] Received applicationsDidInstall:(
    "<LSApplicationProxy: 0x107cbd8c0> com.DefaultCompany.NeonDrift file:///Users/dragonkao/Library/Developer/CoreSimulator/Devices/CC47DE7A-8196-4465-A5A5-BB852C9C6C82/data/Containers/Bundle/Application/D8D3DD87-29DE-4AEA-927B-D24106927B4C/NeonDrift.app/ <com.DefaultCompany.NeonDrift <installed >:0>"
)
2026-06-28 17:29:56.296 Df homed[28611:d909f9] [com.apple.launchservices:appinstallation] Received applicationsDidInstall:(
    "<LSApplicationProxy: 0x1056d0480> com.DefaultCompany.NeonDrift file:///Users/dragonkao/Library/Developer/CoreSimulator/Devices/CC47DE7A-8196-4465-A5A5-BB852C9C6C82/data/Containers/Bundle/Application/D8D3DD87-29DE-4AEA-927B-D24106927B4C/NeonDrift.app/ <com.DefaultCompany.NeonDrift <installed >:0>"
)
2026-06-28 17:29:56.296 Df SpringBoard[28855:d94ec6] [com.apple.frontboard.ApplicationLibrary:default] Added application: <SBApplicationInfo: 0x12cdcb600; com.DefaultCompany.NeonDrift (NeonDrift)>
2026-06-28 17:29:56.296 Df SpringBoard[28855:d94ec6] [com.apple.SplashBoard:FileManifest] Applications were replaced. Updating launch images for: (
    "com.DefaultCompany.NeonDrift"
)
2026-06-28 17:29:56.296 Df SpringBoard[28855:d89db6] [com.apple.frontboard.ApplicationLibrary:sb.placeholder] App placeholder proxies installed: (
    "<SBApplicationPlaceholderProxy: 0x123aae080; com.DefaultCompany.NeonDrift (NeonDrift); LSInstallType: StoreDownload>"
)
2026-06-28 17:29:56.296 Df clipserviced[29040:d8a19d] [com.apple.appinstallation:TransactionLog] com.DefaultCompany.NeonDrift/Unknown Persona:5:8:3:1:applicationsDidInstall <LSApplicationProxy: 0x1039a00c0> com.DefaultCompany.NeonDrift file:///Users/dragonkao/Library/Developer/CoreSimulator/Devices/CC47DE7A-8196-4465-A5A5-BB852C9C6C82/data/Containers/Bundle/Application/D8D3DD87-29DE-4AEA-927B-D24106927B4C/NeonDrift.app/ <com.DefaultCompany.NeonDrift <installed >:0>
2026-06-28 17:29:56.296 Df financed[28680:d93407] [com.apple.launchservices:appinstallation] Received applicationsDidInstall:(
    "<LSApplicationProxy: 0x106237600> com.DefaultCompany.NeonDrift file:///Users/dragonkao/Library/Developer/CoreSimulator/Devices/CC47DE7A-8196-4465-A5A5-BB852C9C6C82/data/Containers/Bundle/Application/D8D3DD87-29DE-4AEA-927B-D24106927B4C/NeonDrift.app/ <com.DefaultCompany.NeonDrift <installed >:0>"
)
2026-06-28 17:29:56.296 Df SpringBoard[28855:d89db6] [com.apple.appinstallation:TransactionLog] com.DefaultCompany.NeonDrift/Unknown Persona:10:4:1:1:Placeholder remove BEGIN
2026-06-28 17:29:56.296 Df deviceaccessd[28621:d8a172] [com.apple.launchservices:appinstallation] Received applicationsDidInstall:(
    "<LSApplicationProxy: 0x105574000> com.DefaultCompany.NeonDrift file:///Users/dragonkao/Library/Developer/CoreSimulator/Devices/CC47DE7A-8196-4465-A5A5-BB852C9C6C82/data/Containers/Bundle/Application/D8D3DD87-29DE-4AEA-927B-D24106927B4C/NeonDrift.app/ <com.DefaultCompany.NeonDrift <installed >:0>"
)
