Timestamp               Ty Process[PID:TID]
2026-06-26 22:40:55.582 Df CoreSimulatorBridge[62841:8a9c5a] Request received for installation of file:///Users/dragonkao/.openclaw/workspace/382b9e3384298039b171c9b2a60ae644/NeonDrift_MVP/project/xcode_derived_data/Build/Products/Release-iphonesimulator/NeonDrift.run.1782484808.68182.app/ with options: {
    PackageType = Developer;
    SimulatorRootPath = "/Library/Developer/CoreSimulator/Volumes/iOS_23E254a/Library/Developer/CoreSimulator/Profiles/Runtimes/iOS 26.4.simruntime/Contents/Resources/RuntimeRoot";
    SimulatorUserPath = "/Users/dragonkao/Library/Developer/CoreSimulator/Devices/CC47DE7A-8196-4465-A5A5-BB852C9C6C82/data";
}
2026-06-26 22:40:55.582 Df CoreSimulatorBridge[62841:8a9c5a] [com.apple.installcoordination:framework] +[IXAppInstallCoordinator(IXSimpleInstaller) _beginInstallForURL:forPersonaUniqueString:consumeSource:options:progressBlock:completionWithIdentity:]: Beginning install for /Users/dragonkao/.openclaw/workspace/382b9e3384298039b171c9b2a60ae644/NeonDrift_MVP/project/xcode_derived_data/Build/Products/Release-iphonesimulator/NeonDrift.run.1782484808.68182.app consuming source:N options:{
    IsUserInitiated = 1;
    PackageType = Developer;
} installationRequestorAuditToken: NULL
2026-06-26 22:40:55.584 Df installcoordinationd[63056:8a8d3f] [com.apple.installcoordination:daemon] -[IXSDataPromiseManager registerPromise:]: Registered promise <IXSPlaceholder(0x105924a00) Name:App Placeholder: NeonDrift.run.1782484808.68182 (com.DefaultCompany.NeonDrift.run.1782484808.68182) Creator:InstallCoordination Simple SPI UUID:70B7D18E-4584-41F8-AB5C-922F21038CE4 Location:[system-defined]> for UUID 70B7D18E-4584-41F8-AB5C-922F21038CE4
2026-06-26 22:40:55.585 Df installcoordinationd[63056:8a8d3f] [com.apple.installcoordination:daemon] -[IXSPlaceholder setAttributes:]: <IXSPlaceholder(0x105924a00) Name:App Placeholder: NeonDrift.run.1782484808.68182 (com.DefaultCompany.NeonDrift.run.1782484808.68182) Creator:InstallCoordination Simple SPI UUID:70B7D18E-4584-41F8-AB5C-922F21038CE4 Location:[system-defined]>: setting placeholder attributes to <IXPlaceholderAttributes<0x1058c9180> : {
    CFBundleShortVersionString = "1.0";
    CFBundleSupportedPlatforms =     (
        iPhoneSimulator
    );
    CFBundleVersion = 0;
    DTPlatformName = iphonesimulator;
    LSRequiresIPhoneOS = 1;
    MinimumOSVersion = "13.0";
    UIDeviceFamily =     (
        1,
        2
    );
    UIRequiredDeviceCapabilities =     {
        arm64 = 1;
        metal = 1;
    };
}>
2026-06-26 22:40:55.586 Df CoreSimulatorBridge[62841:8af9c0] [com.apple.installcoordination:framework] +[IXPlaceholder _setEntitlementsFromBundleExecutableURL:withBundleID:client:onPlaceholder:location:error:]: Executable for com.DefaultCompany.NeonDrift.run.1782484808.68182 at NeonDrift.run.1782484808.68182 -- file:///Users/dragonkao/.openclaw/workspace/382b9e3384298039b171c9b2a60ae644/NeonDrift_MVP/project/xcode_derived_data/Build/Products/Release-iphonesimulator/NeonDrift.run.1782484808.68182.app/ had no entitlements
2026-06-26 22:40:55.586 Df CoreSimulatorBridge[62841:8af9c0] [com.apple.installcoordination:framework] +[IXPlaceholder _placeholderForBundle:client:withParent:installType:metadata:placeholderType:mayBeDeltaPackage:isFromSerializedPlaceholder:location:error:]: Using full fidelity icons for com.DefaultCompany.NeonDrift.run.1782484808.68182 at /Users/dragonkao/.openclaw/workspace/382b9e3384298039b171c9b2a60ae644/NeonDrift_MVP/project/xcode_derived_data/Build/Products/Release-iphonesimulator/NeonDrift.run.1782484808.68182.app
2026-06-26 22:40:55.586 Df installcoordinationd[63056:8a8d3f] [com.apple.installcoordination:daemon] -[IXSDataPromiseManager registerPromise:]: Registered promise <IXSPromisedTransferToPath(0x1058fa300) Name:Icon resources for com.DefaultCompany.NeonDrift.run.1782484808.68182 Creator:InstallCoordination Simple SPI UUID:7DA425DF-E5FC-40EE-A676-80710D73AEA9 Location:[system-defined]> for UUID 7DA425DF-E5FC-40EE-A676-80710D73AEA9
2026-06-26 22:40:55.589 Df CoreSimulatorBridge[62841:8af9c0] [com.apple.installcoordination:framework] -[IXPromisedTransferToPath setComplete:]: <IXPromisedTransferToPath<0x1060909c0> name:"Icon resources for com.DefaultCompany.NeonDrift.run.1782484808.68182" uuid:7DA425DF-E5FC-40EE-A676-80710D73AEA9 creator:"InstallCoordination Simple SPI" location:[system-defined]> Move operation from /Users/dragonkao/Library/Developer/CoreSimulator/Devices/CC47DE7A-8196-4465-A5A5-BB852C9C6C82/data/Containers/Shared/SystemGroup/systemgroup.com.apple.installcoordinationd/Library/InstallCoordination/PromiseStaging/7DA425DF-E5FC-40EE-A676-80710D73AEA9/temp.Z78Ayg to /Users/dragonkao/Library/Developer/CoreSimulator/Devices/CC47DE7A-8196-4465-A5A5-BB852C9C6C82/data/Containers/Shared/SystemGroup/systemgroup.com.apple.installcoordinationd/Library/InstallCoordination/PromiseStaging/7DA425DF-E5FC-40EE-A676-80710D73AEA9/temp.Z78Ayg took 0.000051 seconds
2026-06-26 22:40:55.591 Df installcoordinationd[63056:8a8d3f] [com.apple.installcoordination:daemon] -[IXSDataPromise _setPercentComplete:saveStateIfNeeded:]: Progress: <IXSPromisedTransferToPath(0x1058fa300) Name:Icon resources for com.DefaultCompany.NeonDrift.run.1782484808.68182 Creator:InstallCoordination Simple SPI UUID:7DA425DF-E5FC-40EE-A676-80710D73AEA9 Location:[system-defined]>
2026-06-26 22:40:55.591 Df installcoordinationd[63056:8af9c1] [com.apple.installcoordination:daemon] -[IXSDataPromiseManager promiseDidBegin:]: Unowned promise began: <IXSPromisedTransferToPath(0x1058fa300) Name:Icon resources for com.DefaultCompany.NeonDrift.run.1782484808.68182 Creator:InstallCoordination Simple SPI UUID:7DA425DF-E5FC-40EE-A676-80710D73AEA9 Location:[system-defined]>
2026-06-26 22:40:55.591 Df installcoordinationd[63056:8af9c1] [com.apple.installcoordination:daemon] -[IXSDataPromiseManager promise:didUpdateProgress:]: Unowned promise update progress to 1.000000 : <IXSPromisedTransferToPath(0x1058fa300) Name:Icon resources for com.DefaultCompany.NeonDrift.run.1782484808.68182 Creator:InstallCoordination Simple SPI UUID:7DA425DF-E5FC-40EE-A676-80710D73AEA9 Location:[system-defined]>
2026-06-26 22:40:55.591 Df installcoordinationd[63056:8af9c1] [com.apple.installcoordination:daemon] -[IXSDataPromiseManager promiseDidComplete:]: Unowned promise completed: <IXSPromisedTransferToPath(0x1058fa300) Name:Icon resources for com.DefaultCompany.NeonDrift.run.1782484808.68182 Creator:InstallCoordination Simple SPI UUID:7DA425DF-E5FC-40EE-A676-80710D73AEA9 Location:[system-defined]>
2026-06-26 22:40:55.592 Df installcoordinationd[63056:8a8d3f] [com.apple.installcoordination:daemon] -[IXSDataPromise _setPercentComplete:saveStateIfNeeded:]: Progress: <IXSPromisedInMemoryDictionary(0x1058f8d80) Name:Info.plist icon content for com.DefaultCompany.NeonDrift.run.1782484808.68182 Creator:InstallCoordination Simple SPI UUID:E9ACCBCB-BB5F-4194-A141-66047B0EDB0D Location:[system-defined]>
2026-06-26 22:40:55.592 Df installcoordinationd[63056:8a8d3f] [com.apple.installcoordination:daemon] -[IXSDataPromiseManager registerPromise:]: Registered promise <IXSPromisedInMemoryDictionary(0x1058f8d80) Name:Info.plist icon content for com.DefaultCompany.NeonDrift.run.1782484808.68182 Creator:InstallCoordination Simple SPI UUID:E9ACCBCB-BB5F-4194-A141-66047B0EDB0D Location:[system-defined]> for UUID E9ACCBCB-BB5F-4194-A141-66047B0EDB0D
2026-06-26 22:40:55.592 Df installcoordinationd[63056:8af9c1] [com.apple.installcoordination:daemon] -[IXSDataPromiseManager promiseDidBegin:]: Unowned promise began: <IXSPromisedInMemoryDictionary(0x1058f8d80) Name:Info.plist icon content for com.DefaultCompany.NeonDrift.run.1782484808.68182 Creator:InstallCoordination Simple SPI UUID:E9ACCBCB-BB5F-4194-A141-66047B0EDB0D Location:[system-defined]>
2026-06-26 22:40:55.592 Df installcoordinationd[63056:8af9c1] [com.apple.installcoordination:daemon] -[IXSDataPromiseManager promise:didUpdateProgress:]: Unowned promise update progress to 1.000000 : <IXSPromisedInMemoryDictionary(0x1058f8d80) Name:Info.plist icon content for com.DefaultCompany.NeonDrift.run.1782484808.68182 Creator:InstallCoordination Simple SPI UUID:E9ACCBCB-BB5F-4194-A141-66047B0EDB0D Location:[system-defined]>
2026-06-26 22:40:55.592 Df installcoordinationd[63056:8af9c1] [com.apple.installcoordination:daemon] -[IXSDataPromiseManager promiseDidComplete:]: Unowned promise completed: <IXSPromisedInMemoryDictionary(0x1058f8d80) Name:Info.plist icon content for com.DefaultCompany.NeonDrift.run.1782484808.68182 Creator:InstallCoordination Simple SPI UUID:E9ACCBCB-BB5F-4194-A141-66047B0EDB0D Location:[system-defined]>
2026-06-26 22:40:55.593 Df installcoordinationd[63056:8a8d3f] [com.apple.installcoordination:daemon] -[IXSPlaceholder setIconResourcesPromise:]: <IXSPlaceholder(0x105924a00) Name:App Placeholder: NeonDrift.run.1782484808.68182 (com.DefaultCompany.NeonDrift.run.1782484808.68182) Creator:InstallCoordination Simple SPI UUID:70B7D18E-4584-41F8-AB5C-922F21038CE4 Location:[system-defined]>: setting icon resources promise to <IXSPromisedTransferToPath(0x1058fa300) Name:Icon resources for com.DefaultCompany.NeonDrift.run.1782484808.68182 Creator:InstallCoordination Simple SPI UUID:7DA425DF-E5FC-40EE-A676-80710D73AEA9 Location:[system-defined]>
2026-06-26 22:40:55.593 Df installcoordinationd[63056:8a8d3f] [com.apple.installcoordination:daemon] -[IXSPlaceholder setInfoPlistIconContentPromise:]: <IXSPlaceholder(0x105924a00) Name:App Placeholder: NeonDrift.run.1782484808.68182 (com.DefaultCompany.NeonDrift.run.1782484808.68182) Creator:InstallCoordination Simple SPI UUID:70B7D18E-4584-41F8-AB5C-922F21038CE4 Location:[system-defined]>: setting Info.plist icon content promise to <IXSPromisedInMemoryDictionary(0x1058f8d80) Name:Info.plist icon content for com.DefaultCompany.NeonDrift.run.1782484808.68182 Creator:InstallCoordination Simple SPI UUID:E9ACCBCB-BB5F-4194-A141-66047B0EDB0D Location:[system-defined]>
2026-06-26 22:40:55.594 Df installcoordinationd[63056:8a8d3f] [com.apple.installcoordination:daemon] -[IXSDataPromiseManager promiseDidBegin:]: Unowned promise began: <IXSPlaceholder(0x105924a00) Name:App Placeholder: NeonDrift.run.1782484808.68182 (com.DefaultCompany.NeonDrift.run.1782484808.68182) Creator:InstallCoordination Simple SPI UUID:70B7D18E-4584-41F8-AB5C-922F21038CE4 Location:[system-defined]>
2026-06-26 22:40:55.594 Df installcoordinationd[63056:8a8d3f] [com.apple.installcoordination:daemon] -[IXSDataPromiseManager promise:didUpdateProgress:]: Unowned promise update progress to 0.000000 : <IXSPlaceholder(0x105924a00) Name:App Placeholder: NeonDrift.run.1782484808.68182 (com.DefaultCompany.NeonDrift.run.1782484808.68182) Creator:InstallCoordination Simple SPI UUID:70B7D18E-4584-41F8-AB5C-922F21038CE4 Location:[system-defined]>
2026-06-26 22:40:55.594 Df installcoordinationd[63056:8a8d3f] [com.apple.installcoordination:daemon] -[IXSDataPromiseManager promise:didUpdateProgress:]: Unowned promise update progress to 0.000000 : <IXSPlaceholder(0x105924a00) Name:App Placeholder: NeonDrift.run.1782484808.68182 (com.DefaultCompany.NeonDrift.run.1782484808.68182) Creator:InstallCoordination Simple SPI UUID:70B7D18E-4584-41F8-AB5C-922F21038CE4 Location:[system-defined]>
2026-06-26 22:40:55.595 Df installcoordinationd[63056:8af9c4] [com.apple.installcoordination:daemon] -[IXSDataPromise _setPercentComplete:saveStateIfNeeded:]: Progress: <IXSPromisedInMemoryDictionary(0x1058f9200) Name:Localizations for com.DefaultCompany.NeonDrift.run.1782484808.68182 Creator:InstallCoordination Simple SPI UUID:45F78E57-B184-4AB7-BA08-2FB609525532 Location:[system-defined]>
2026-06-26 22:40:55.595 Df installcoordinationd[63056:8af9c4] [com.apple.installcoordination:daemon] -[IXSDataPromiseManager registerPromise:]: Registered promise <IXSPromisedInMemoryDictionary(0x1058f9200) Name:Localizations for com.DefaultCompany.NeonDrift.run.1782484808.68182 Creator:InstallCoordination Simple SPI UUID:45F78E57-B184-4AB7-BA08-2FB609525532 Location:[system-defined]> for UUID 45F78E57-B184-4AB7-BA08-2FB609525532
2026-06-26 22:40:55.597 Df installcoordinationd[63056:8af9c1] [com.apple.installcoordination:daemon] -[IXSDataPromiseManager promiseDidBegin:]: Unowned promise began: <IXSPromisedInMemoryDictionary(0x1058f9200) Name:Localizations for com.DefaultCompany.NeonDrift.run.1782484808.68182 Creator:InstallCoordination Simple SPI UUID:45F78E57-B184-4AB7-BA08-2FB609525532 Location:[system-defined]>
2026-06-26 22:40:55.597 Df installcoordinationd[63056:8af9c1] [com.apple.installcoordination:daemon] -[IXSDataPromiseManager promise:didUpdateProgress:]: Unowned promise update progress to 1.000000 : <IXSPromisedInMemoryDictionary(0x1058f9200) Name:Localizations for com.DefaultCompany.NeonDrift.run.1782484808.68182 Creator:InstallCoordination Simple SPI UUID:45F78E57-B184-4AB7-BA08-2FB609525532 Location:[system-defined]>
2026-06-26 22:40:55.597 Df installcoordinationd[63056:8af9c1] [com.apple.installcoordination:daemon] -[IXSDataPromiseManager promiseDidComplete:]: Unowned promise completed: <IXSPromisedInMemoryDictionary(0x1058f9200) Name:Localizations for com.DefaultCompany.NeonDrift.run.1782484808.68182 Creator:InstallCoordination Simple SPI UUID:45F78E57-B184-4AB7-BA08-2FB609525532 Location:[system-defined]>
2026-06-26 22:40:55.597 Df installcoordinationd[63056:8af9c4] [com.apple.installcoordination:daemon] -[IXSPlaceholder setLocalizationDictionaryPromise:]: <IXSPlaceholder(0x105924a00) Name:App Placeholder: NeonDrift.run.1782484808.68182 (com.DefaultCompany.NeonDrift.run.1782484808.68182) Creator:InstallCoordination Simple SPI UUID:70B7D18E-4584-41F8-AB5C-922F21038CE4 Location:[system-defined]>: setting localization dict promise to <IXSPromisedInMemoryDictionary(0x1058f9200) Name:Localizations for com.DefaultCompany.NeonDrift.run.1782484808.68182 Creator:InstallCoordination Simple SPI UUID:45F78E57-B184-4AB7-BA08-2FB609525532 Location:[system-defined]>
2026-06-26 22:40:55.598 Df installcoordinationd[63056:8af9c4] [com.apple.installcoordination:daemon] -[IXSDataPromiseManager promise:didUpdateProgress:]: Unowned promise update progress to 0.000000 : <IXSPlaceholder(0x105924a00) Name:App Placeholder: NeonDrift.run.1782484808.68182 (com.DefaultCompany.NeonDrift.run.1782484808.68182) Creator:InstallCoordination Simple SPI UUID:70B7D18E-4584-41F8-AB5C-922F21038CE4 Location:[system-defined]>
2026-06-26 22:40:55.598 Df installcoordinationd[63056:8a8d3f] [com.apple.installcoordination:daemon] -[IXSPlaceholder setConfigurationComplete:]: <IXSPlaceholder(0x105924a00) Name:App Placeholder: NeonDrift.run.1782484808.68182 (com.DefaultCompany.NeonDrift.run.1782484808.68182) Creator:InstallCoordination Simple SPI UUID:70B7D18E-4584-41F8-AB5C-922F21038CE4 Location:[system-defined]>: setting configuration complete to Y
2026-06-26 22:40:55.598 Df installcoordinationd[63056:8a8d3f] [com.apple.installcoordination:daemon] -[IXSPlaceholder _materialize]: <IXSPlaceholder(0x105924a00) Name:App Placeholder: NeonDrift.run.1782484808.68182 (com.DefaultCompany.NeonDrift.run.1782484808.68182) Creator:InstallCoordination Simple SPI UUID:70B7D18E-4584-41F8-AB5C-922F21038CE4 Location:[system-defined]>: Materializing placeholder at /Users/dragonkao/Library/Developer/CoreSimulator/Devices/CC47DE7A-8196-4465-A5A5-BB852C9C6C82/data/Containers/Shared/SystemGroup/systemgroup.com.apple.installcoordinationd/Library/InstallCoordination/PromiseStaging/70B7D18E-4584-41F8-AB5C-922F21038CE4/NeonDrift.run.1782484808.68182.app
2026-06-26 22:40:55.599 Df installcoordinationd[63056:8a8d3f] [com.apple.installcoordination:daemon] -[IXSPlaceholder _materialize]: <IXSPlaceholder(0x105924a00) Name:App Placeholder: NeonDrift.run.1782484808.68182 (com.DefaultCompany.NeonDrift.run.1782484808.68182) Creator:InstallCoordination Simple SPI UUID:70B7D18E-4584-41F8-AB5C-922F21038CE4 Location:[system-defined]>: Using Info.plist icon content: {
    CFBundleIcons =     {
        CFBundlePrimaryIcon =         {
            CFBundleIconName = AppIcon;
        };
    };
    "CFBundleIcons~ipad" =     {
        CFBundlePrimaryIcon =         {
            CFBundleIconName = AppIcon;
        };
    };
    ISIconPlatform = iPhoneOS;
}
2026-06-26 22:40:55.599 Df installcoordinationd[63056:8a8d3f] [com.apple.installcoordination:daemon] -[IXSPlaceholder _materialize]_block_invoke: <IXSPlaceholder(0x105924a00) Name:App Placeholder: NeonDrift.run.1782484808.68182 (com.DefaultCompany.NeonDrift.run.1782484808.68182) Creator:InstallCoordination Simple SPI UUID:70B7D18E-4584-41F8-AB5C-922F21038CE4 Location:[system-defined]>: Using icon resource Assets.car
2026-06-26 22:40:55.599 Df installcoordinationd[63056:8a8d3f] [com.apple.installcoordination:daemon] -[IXSPlaceholder _materialize]: <IXSPlaceholder(0x105924a00) Name:App Placeholder: NeonDrift.run.1782484808.68182 (com.DefaultCompany.NeonDrift.run.1782484808.68182) Creator:InstallCoordination Simple SPI UUID:70B7D18E-4584-41F8-AB5C-922F21038CE4 Location:[system-defined]>: Including lproj localizations for (
)
2026-06-26 22:40:55.599 Df installcoordinationd[63056:8a8d3f] [com.apple.installcoordination:daemon] -[IXSDataPromiseManager promiseDidComplete:]: Unowned promise completed: <IXSPlaceholder(0x105924a00) Name:App Placeholder: NeonDrift.run.1782484808.68182 (com.DefaultCompany.NeonDrift.run.1782484808.68182) Creator:InstallCoordination Simple SPI UUID:70B7D18E-4584-41F8-AB5C-922F21038CE4 Location:[system-defined]>
2026-06-26 22:40:55.600 Df installcoordinationd[63056:8a8d3f] [com.apple.installcoordination:daemon] -[IXSDataPromiseManager registerPromise:]: Registered promise <IXSPromisedTransferToPath(0x1058f9380) Name:App Asset: com.DefaultCompany.NeonDrift.run.1782484808.68182 Creator:InstallCoordination Simple SPI UUID:5EF4C182-B522-44A9-8FC8-F101FADC928B Location:[system-defined]> for UUID 5EF4C182-B522-44A9-8FC8-F101FADC928B
2026-06-26 22:40:55.601 Df installcoordinationd[63056:8a8d3f] [com.apple.installcoordination:daemon] -[IXSCoordinatorManager coordinatorForIdentity:connection:error:creatingIfNotExisting:]_block_invoke: Registered coordinator: <IXSCoordinatedAppInstall<0x105a08000> [P=CoreSimulatorBridge (pid 62841)] identifier:[com.DefaultCompany.NeonDrift.run.1782484808.68182/Invalid/[system-defined]] uuid:EB186AB4-0CC3-4142-BCAD-FED81542AA3D intent:IXCoordinatorIntentInitiating creator/appDRI:InstallCoordination Simple SPI importance:Background state:IXAppCoordinationStatePlaceholderPromiseNotSet promise-state:01234>
2026-06-26 22:40:55.601 Df installcoordinationd[63056:8a8d3f] [com.apple.appinstallation:TransactionLog] com.DefaultCompany.NeonDrift.run.1782484808.68182/Unknown Persona:4:1:1:1:Created coordinator with intent IXCoordinatorIntentInitiating for client InstallCoordination Simple SPI
2026-06-26 22:40:55.601 Df installcoordinationd[63056:8a8d3f] [com.apple.installcoordination:daemon] -[IXSCoordinatedAppInstall setPriorityBoostCompletion:withSourceInfo:]: <IXSCoordinatedAppInstall<0x105a08000> [P=CoreSimulatorBridge (pid 62841)] identifier:[com.DefaultCompany.NeonDrift.run.1782484808.68182/Invalid/[system-defined]] uuid:EB186AB4-0CC3-4142-BCAD-FED81542AA3D intent:IXCoordinatorIntentInitiating creator/appDRI:InstallCoordination Simple SPI importance:Background state:IXAppCoordinationStatePlaceholderPromiseNotSet promise-state:01234>: Retaining completion from CoreSimulatorBridge (62841), QOS_CLASS_DEFAULT (0x15)
2026-06-26 22:40:55.602 Df installcoordinationd[63056:8a8d3f] [com.apple.installcoordination:daemon] -[IXSCoordinatedAppInstall setImportance:]: <IXSCoordinatedAppInstall<0x105a08000> [P=CoreSimulatorBridge (pid 62841)] identifier:[com.DefaultCompany.NeonDrift.run.1782484808.68182/Invalid/[system-defined]] uuid:EB186AB4-0CC3-4142-BCAD-FED81542AA3D intent:IXCoordinatorIntentInitiating creator/appDRI:InstallCoordination Simple SPI importance:UserWaiting state:IXAppCoordinationStatePlaceholderPromiseNotSet promise-state:01234>: set importance to UserWaiting
2026-06-26 22:40:55.602 Df installcoordinationd[63056:8a8d3f] [com.apple.installcoordination:daemon] -[IXSCoordinatedAppInstall _onQueue_fireObserversForClient:]: <IXSCoordinatedAppInstall<0x105a08000> [P=CoreSimulatorBridge (pid 62841)] identifier:[com.DefaultCompany.NeonDrift.run.1782484808.68182/Invalid/[system-defined]] uuid:EB186AB4-0CC3-4142-BCAD-FED81542AA3D intent:IXCoordinatorIntentInitiating creator/appDRI:InstallCoordination Simple SPI importance:UserWaiting state:IXAppCoordinationStatePlaceholderPromiseNotSet promise-state:01234>: Firing applicable observers for client <IXSClientConnection<0x1058594a0> client:CoreSimulatorBridge (pid 62841) uuid:E8A447D6-F10E-4254-B2A0-23723BC60610>
2026-06-26 22:40:55.602 Df installcoordinationd[63056:8a8d3f] [com.apple.installcoordination:daemon] -[IXSCoordinatedAppInstall setPriorityBoostCompletion:withSourceInfo:]: <IXSCoordinatedAppInstall<0x105a08000> [P=CoreSimulatorBridge (pid 62841)] identifier:[com.DefaultCompany.NeonDrift.run.1782484808.68182/Invalid/[system-defined]] uuid:EB186AB4-0CC3-4142-BCAD-FED81542AA3D intent:IXCoordinatorIntentInitiating creator/appDRI:InstallCoordination Simple SPI importance:UserWaiting state:IXAppCoordinationStatePlaceholderPromiseNotSet promise-state:01234>: Disposing of completion from CoreSimulatorBridge (62841), QOS_CLASS_DEFAULT (0x15)
2026-06-26 22:40:55.602 Df installcoordinationd[63056:8a8d3f] [com.apple.installcoordination:daemon] -[IXSCoordinatedAppInstall setPriorityBoostCompletion:withSourceInfo:]: <IXSCoordinatedAppInstall<0x105a08000> [P=CoreSimulatorBridge (pid 62841)] identifier:[com.DefaultCompany.NeonDrift.run.1782484808.68182/Invalid/[system-defined]] uuid:EB186AB4-0CC3-4142-BCAD-FED81542AA3D intent:IXCoordinatorIntentInitiating creator/appDRI:InstallCoordination Simple SPI importance:UserWaiting state:IXAppCoordinationStatePlaceholderPromiseNotSet promise-state:01234>: Retaining completion from CoreSimulatorBridge (62841), QOS_CLASS_DEFAULT (0x15)
2026-06-26 22:40:55.602 Df CoreSimulatorBridge[62841:8af9c3] [com.apple.installcoordination:framework] -[IXAppInstallCoordinator _clientDelegate_didRegisterForObservation]: <IXInitiatingAppInstallCoordinator<0x106091880> identity:[com.DefaultCompany.NeonDrift.run.1782484808.68182/Invalid/[system-defined]] uuid:EB186AB4-0CC3-4142-BCAD-FED81542AA3D creator:InstallCoordination Simple SPI>: Got observer registration delegate
2026-06-26 22:40:55.602 Df CoreSimulatorBridge[62841:8af9c3] [com.apple.installcoordination:framework] -[IXAppInstallCoordinator _clientDelegate_shouldResume]: <IXInitiatingAppInstallCoordinator<0x106091880> identity:[com.DefaultCompany.NeonDrift.run.1782484808.68182/Invalid/[system-defined]] uuid:EB186AB4-0CC3-4142-BCAD-FED81542AA3D creator:InstallCoordination Simple SPI>: Got should resume delegate
2026-06-26 22:40:55.602 Df CoreSimulatorBridge[62841:8af9c2] [com.apple.installcoordination:framework] -[IXAppInstallCoordinator _clientDelegate_didRegisterForObservation]_block_invoke: <IXInitiatingAppInstallCoordinator<0x106091880> identity:[com.DefaultCompany.NeonDrift.run.1782484808.68182/Invalid/[system-defined]] uuid:EB186AB4-0CC3-4142-BCAD-FED81542AA3D creator:InstallCoordination Simple SPI>: Observer <_IXSimpleInstallerDelegate 0x0x10605bbd0> does not respond to coordinatorDidRegisterForObservation:
2026-06-26 22:40:55.602 Df CoreSimulatorBridge[62841:8af9c2] [com.apple.installcoordination:framework] -[IXAppInstallCoordinator _clientDelegate_shouldResume]_block_invoke: <IXInitiatingAppInstallCoordinator<0x106091880> identity:[com.DefaultCompany.NeonDrift.run.1782484808.68182/Invalid/[system-defined]] uuid:EB186AB4-0CC3-4142-BCAD-FED81542AA3D creator:InstallCoordination Simple SPI>: Observer <_IXSimpleInstallerDelegate 0x0x10605bbd0> does not respond to coordinatorShouldResume:
2026-06-26 22:40:55.604 Df installcoordinationd[63056:8a8d3f] [com.apple.installcoordination:daemon] -[IXSCoordinatedAppInstall _internal_setInstallOptionsPromise:performExternalActions:]: <IXSCoordinatedAppInstall<0x105a08000> [P=CoreSimulatorBridge (pid 62841)] identifier:[com.DefaultCompany.NeonDrift.run.1782484808.68182/Invalid/[system-defined]] uuid:EB186AB4-0CC3-4142-BCAD-FED81542AA3D intent:IXCoordinatorIntentInitiating creator/appDRI:InstallCoordination Simple SPI importance:UserWaiting state:IXAppCoordinationStatePlaceholderPromiseNotSet promise-state:012I4> : install options set: <IXSPromisedInMemoryData(0x1058f9980) Name:MIInstallOptions data Creator:Install Coordination Internal UUID:CA0B9F4C-2FE8-4C8F-8C46-AD8F984DCE80 Location:[system-defined]>
2026-06-26 22:40:55.604 Df installcoordinationd[63056:8af9c1] [com.apple.installcoordination:daemon] -[IXSCoordinatedAppInstall promiseDidComplete:]: <IXSCoordinatedAppInstall<0x105a08000> [P=CoreSimulatorBridge (pid 62841)] identifier:[com.DefaultCompany.NeonDrift.run.1782484808.68182/Invalid/[system-defined]] uuid:EB186AB4-0CC3-4142-BCAD-FED81542AA3D intent:IXCoordinatorIntentInitiating creator/appDRI:InstallCoordination Simple SPI importance:UserWaiting state:IXAppCoordinationStatePlaceholderPromiseNotSet promise-state:012I4> : Promise completed: <IXSPromisedInMemoryData(0x1058f9980) Name:MIInstallOptions data Creator:Install Coordination Internal UUID:CA0B9F4C-2FE8-4C8F-8C46-AD8F984DCE80 Location:[system-defined]>
2026-06-26 22:40:55.604 Df installcoordinationd[63056:8af9c1] [com.apple.appinstallation:TransactionLog] com.DefaultCompany.NeonDrift.run.1782484808.68182/Unknown Persona:4:13:1:1:Install Options Promise began. Coordinator State: IXAppCoordinationStatePlaceholderPromiseNotSet
2026-06-26 22:40:55.604 Df installcoordinationd[63056:8af9c1] [com.apple.appinstallation:TransactionLog] com.DefaultCompany.NeonDrift.run.1782484808.68182/Unknown Persona:4:13:2:1:Install Options Promise completed. Coordinator State: IXAppCoordinationStatePlaceholderPromiseNotSet
2026-06-26 22:40:55.604 Df installcoordinationd[63056:8a8d3f] [com.apple.installcoordination:daemon] -[IXSCoordinatedAppInstall _internal_setAppAssetPromise:performExternalActions:]: <IXSCoordinatedAppInstall<0x105a08000> [P=CoreSimulatorBridge (pid 62841)] identifier:[com.DefaultCompany.NeonDrift.run.1782484808.68182/Invalid/[system-defined]] uuid:EB186AB4-0CC3-4142-BCAD-FED81542AA3D intent:IXCoordinatorIntentInitiating creator/appDRI:InstallCoordination Simple SPI importance:UserWaiting state:IXAppCoordinationStatePlaceholderPromiseNotSet promise-state:0a2I4> : App Asset Promise set: <IXSPromisedTransferToPath(0x1058f9380) Name:App Asset: com.DefaultCompany.NeonDrift.run.1782484808.68182 Creator:InstallCoordination Simple SPI UUID:5EF4C182-B522-44A9-8FC8-F101FADC928B Location:[system-defined]>
2026-06-26 22:40:55.605 Df installcoordinationd[63056:8af9c1] [com.apple.installcoordination:daemon] -[IXSCoordinatedAppInstall setInitialODRAssetPromises:]: <IXSCoordinatedAppInstall<0x105a08000> [P=CoreSimulatorBridge (pid 62841)] identifier:[com.DefaultCompany.NeonDrift.run.1782484808.68182/Invalid/[system-defined]] uuid:EB186AB4-0CC3-4142-BCAD-FED81542AA3D intent:IXCoordinatorIntentInitiating creator/appDRI:InstallCoordination Simple SPI importance:UserWaiting state:IXAppCoordinationStatePlaceholderPromiseNotSet promise-state:0a2I4> : Initial ODR Asset Promises set: (
)
2026-06-26 22:40:55.617 Df CoreSimulatorBridge[62841:8af9c0] [com.apple.installcoordination:framework] -[IXPromisedTransferToPath setComplete:]: <IXPromisedTransferToPath<0x106091a80> name:"App Asset: com.DefaultCompany.NeonDrift.run.1782484808.68182" uuid:5EF4C182-B522-44A9-8FC8-F101FADC928B creator:"InstallCoordination Simple SPI" location:[system-defined]> Copy operation from /Users/dragonkao/.openclaw/workspace/382b9e3384298039b171c9b2a60ae644/NeonDrift_MVP/project/xcode_derived_data/Build/Products/Release-iphonesimulator/NeonDrift.run.1782484808.68182.app to /Users/dragonkao/Library/Developer/CoreSimulator/Devices/CC47DE7A-8196-4465-A5A5-BB852C9C6C82/data/Containers/Shared/SystemGroup/systemgroup.com.apple.installcoordinationd/Library/InstallCoordination/PromiseStaging/5EF4C182-B522-44A9-8FC8-F101FADC928B/NeonDrift.run.1782484808.68182.app took 0.011992 seconds
2026-06-26 22:40:55.618 Df installcoordinationd[63056:8af9c1] [com.apple.installcoordination:daemon] -[IXSDataPromise _setPercentComplete:saveStateIfNeeded:]: Progress: <IXSPromisedTransferToPath(0x1058f9380) Name:App Asset: com.DefaultCompany.NeonDrift.run.1782484808.68182 Creator:InstallCoordination Simple SPI UUID:5EF4C182-B522-44A9-8FC8-F101FADC928B Location:[system-defined]>
2026-06-26 22:40:55.618 Df installcoordinationd[63056:8a8d3f] [com.apple.appinstallation:TransactionLog] com.DefaultCompany.NeonDrift.run.1782484808.68182/Unknown Persona:4:10:1:1:App Asset Promise began. Coordinator State: IXAppCoordinationStatePlaceholderPromiseNotSet
2026-06-26 22:40:55.618 Df CoreSimulatorBridge[62841:8af9c2] [com.apple.installcoordination:framework] -[IXAppInstallCoordinator _clientDelegate_promiseDidBeginFulfillmentWithIdentifier:]: <IXInitiatingAppInstallCoordinator<0x106091880> identity:[com.DefaultCompany.NeonDrift.run.1782484808.68182/Invalid/[system-defined]] uuid:EB186AB4-0CC3-4142-BCAD-FED81542AA3D creator:InstallCoordination Simple SPI>: Got promise did begin fulfillment for identifier 2
2026-06-26 22:40:55.618 Df CoreSimulatorBridge[62841:8af9c2] [com.apple.installcoordination:framework] -[IXAppInstallCoordinator _clientDelegate_promiseDidBeginFulfillmentWithIdentifier:]_block_invoke: <IXInitiatingAppInstallCoordinator<0x106091880> identity:[com.DefaultCompany.NeonDrift.run.1782484808.68182/Invalid/[system-defined]] uuid:EB186AB4-0CC3-4142-BCAD-FED81542AA3D creator:InstallCoordination Simple SPI>: Observer <_IXSimpleInstallerDelegate 0x0x10605bbd0> does not respond to coordinator:configuredPromiseDidBeginFulfillment: (or any deprecated equivalent)
2026-06-26 22:40:55.618 Df installcoordinationd[63056:8af9c1] [com.apple.installcoordination:daemon] -[IXSCoordinatedAppInstall promiseDidComplete:]: <IXSCoordinatedAppInstall<0x105a08000> [P=CoreSimulatorBridge (pid 62841)] identifier:[com.DefaultCompany.NeonDrift.run.1782484808.68182/Invalid/[system-defined]] uuid:EB186AB4-0CC3-4142-BCAD-FED81542AA3D intent:IXCoordinatorIntentInitiating creator/appDRI:InstallCoordination Simple SPI importance:UserWaiting state:IXAppCoordinationStatePlaceholderPromiseNotSet promise-state:0A2I4> : Promise completed: <IXSPromisedTransferToPath(0x1058f9380) Name:App Asset: com.DefaultCompany.NeonDrift.run.1782484808.68182 Creator:InstallCoordination Simple SPI UUID:5EF4C182-B522-44A9-8FC8-F101FADC928B Location:[system-defined]>
2026-06-26 22:40:55.618 Df CoreSimulatorBridge[62841:8af9c2] [com.apple.installcoordination:framework] -[IXAppInstallCoordinator _clientDelegate_didUpdateProgress:forPhase:overallProgress:]: <IXInitiatingAppInstallCoordinator<0x106091880> identity:[com.DefaultCompany.NeonDrift.run.1782484808.68182/Invalid/[system-defined]] uuid:EB186AB4-0CC3-4142-BCAD-FED81542AA3D creator:InstallCoordination Simple SPI>: Got did update progress delegate with percentComplete 100.000000 phase IXCoordinatorProgressPhaseLoading overallProgress 60.000000
2026-06-26 22:40:55.618 Df installcoordinationd[63056:8a8d3f] [com.apple.appinstallation:TransactionLog] com.DefaultCompany.NeonDrift.run.1782484808.68182/Unknown Persona:4:10:2:1:App Asset Promise completed. Coordinator State: IXAppCoordinationStatePlaceholderPromiseNotSet
2026-06-26 22:40:55.618 Df CoreSimulatorBridge[62841:8af9c2] [com.apple.installcoordination:framework] -[IXAppInstallCoordinator _clientDelegate_didUpdateProgress:forPhase:overallProgress:]_block_invoke: <IXInitiatingAppInstallCoordinator<0x106091880> identity:[com.DefaultCompany.NeonDrift.run.1782484808.68182/Invalid/[system-defined]] uuid:EB186AB4-0CC3-4142-BCAD-FED81542AA3D creator:InstallCoordination Simple SPI>: Calling selector coordinator:didUpdateProgress:forPhase:overallProgress: on observer <_IXSimpleInstallerDelegate 0x0x10605bbd0>
2026-06-26 22:40:55.618 Df installcoordinationd[63056:8af9c4] [com.apple.installcoordination:daemon] -[IXSCoordinatedAppInstall setPlaceholderPromise:]: <IXSCoordinatedAppInstall<0x105a08000> [P=CoreSimulatorBridge (pid 62841)] identifier:[com.DefaultCompany.NeonDrift.run.1782484808.68182/Invalid/[system-defined]] uuid:EB186AB4-0CC3-4142-BCAD-FED81542AA3D intent:IXCoordinatorIntentInitiating creator/appDRI:InstallCoordination Simple SPI importance:UserWaiting state:IXAppCoordinationStateReadyForPlaceholderInstall promise-state:PA2I4> : Placeholder Promise set: <IXSPlaceholder(0x105924a00) Name:App Placeholder: NeonDrift.run.1782484808.68182 (com.DefaultCompany.NeonDrift.run.1782484808.68182) Creator:InstallCoordination Simple SPI UUID:70B7D18E-4584-41F8-AB5C-922F21038CE4 Location:[system-defined]>
2026-06-26 22:40:55.618 Df installcoordinationd[63056:8a8d3f] [com.apple.installcoordination:daemon] -[IXSCoordinatedAppInstall promiseDidComplete:]: <IXSCoordinatedAppInstall<0x105a08000> [P=CoreSimulatorBridge (pid 62841)] identifier:[com.DefaultCompany.NeonDrift.run.1782484808.68182/Invalid/[system-defined]] uuid:EB186AB4-0CC3-4142-BCAD-FED81542AA3D intent:IXCoordinatorIntentInitiating creator/appDRI:InstallCoordination Simple SPI importance:UserWaiting state:IXAppCoordinationStateReadyForPlaceholderInstall promise-state:PA2I4> : Promise completed: <IXSPlaceholder(0x105924a00) Name:App Placeholder: NeonDrift.run.1782484808.68182 (com.DefaultCompany.NeonDrift.run.1782484808.68182) Creator:InstallCoordination Simple SPI UUID:70B7D18E-4584-41F8-AB5C-922F21038CE4 Location:[system-defined]>
2026-06-26 22:40:55.619 Df installcoordinationd[63056:8af9c4] [com.apple.installcoordination:daemon] -[IXSCoordinatedAppInstall _onQueue_acquireAssertionAndInstallPlaceholder]: Acquiring termination assertion to install placeholder for [com.DefaultCompany.NeonDrift.run.1782484808.68182/Invalid/[system-defined]]
2026-06-26 22:40:55.619 Df installcoordinationd[63056:8af9c4] [com.apple.installcoordination:daemon] -[IXSPendingOperationsTracker beginPendingOperationForIdentity:]_block_invoke: Beginning pending operation for [com.DefaultCompany.NeonDrift.run.1782484808.68182/Invalid/[system-defined]]
2026-06-26 22:40:55.620 Df runningboardd[62814:8aeb4b] [com.apple.runningboard:connection] Received termination request from [osservice<com.apple.installcoordinationd>:63056] on <RBSProcessPredicate <RBSProcessBundleIdentifierPredicate "com.DefaultCompany.NeonDrift.run.1782484808.68182">> with context <RBSTerminateContext| explanation:installcoordinationd app:[com.DefaultCompany.NeonDrift.run.1782484808.68182/Invalid/[system-defined]] uuid:EB186AB4-0CC3-4142-BCAD-FED81542AA3D isPlaceholder:Y reportType:None maxTerminationResistance:Absolute attrs:[
	<RBSPreventLaunchLimitation| <RBSProcessPredicate <RBSProcessBundleIdentifierPredicate "com.DefaultCompany.NeonDrift.run.1782484808.68182">> allow:(null)>
	]>
2026-06-26 22:40:55.620 Df runningboardd[62814:8aeb4b] [com.apple.runningboard:general] failed to get LSApplicationRecord for com.DefaultCompany.NeonDrift.run.1782484808.68182 - probably OK
2026-06-26 22:40:55.620 Df runningboardd[62814:8aeb4b] [com.apple.runningboard:connection] skipping plugin hold for uninstalled proxy com.DefaultCompany.NeonDrift.run.1782484808.68182
2026-06-26 22:40:55.620 Df runningboardd[62814:8aeb4b] [com.apple.runningboard:ttl] Acquiring assertion targeting system from originator [osservice<com.apple.installcoordinationd>:63056] with description <RBSAssertionDescriptor| "installcoordinationd app:[com.DefaultCompany.NeonDrift.run.1782484808.68182/Invalid/[system-defined]] uuid:EB186AB4-0CC3-4142-BCAD-FED81542AA3D isPlaceholder:Y" ID:62814-63056-626 target:system attributes:[
	<RBSPreventLaunchLimitation| <RBSProcessPredicate <RBSProcessBundleIdentifierPredicate "com.DefaultCompany.NeonDrift.run.1782484808.68182">> allow:(null)>
	]>
2026-06-26 22:40:55.620 Df runningboardd[62814:8aeb4b] [com.apple.runningboard:process] Executing termination request for: <RBSProcessPredicate <RBSProcessBundleIdentifierPredicate "com.DefaultCompany.NeonDrift.run.1782484808.68182">>
2026-06-26 22:40:55.620 Df installcoordinationd[63056:8af9c4] [com.apple.installcoordination:daemon] -[IXSCoordinatedAppInstall assertionAcquiredCallback]: RBS termination assertion observer called for <IXSCoordinatedAppInstall<0x105a08000> [P=CoreSimulatorBridge (pid 62841)] identifier:[com.DefaultCompany.NeonDrift.run.1782484808.68182/Invalid/[system-defined]] uuid:EB186AB4-0CC3-4142-BCAD-FED81542AA3D intent:IXCoordinatorIntentInitiating creator/appDRI:InstallCoordination Simple SPI importance:UserWaiting state:IXAppCoordinationStateWaitingForPlaceholderAssertion promise-state:PA2I4>
2026-06-26 22:40:55.620 Df installcoordinationd[63056:8af9c1] [com.apple.appinstallation:TransactionLog] com.DefaultCompany.NeonDrift.run.1782484808.68182/Unknown Persona:4:9:1:1:Placeholder Promise began. Coordinator State: IXAppCoordinationStateWaitingForPlaceholderAssertion
2026-06-26 22:40:55.620 Df installcoordinationd[63056:8af9c1] [com.apple.installcoordination:daemon] -[IXSCoordinatorProgress setTotalUnitsCompleted:]: Progress for coordinator: [com.DefaultCompany.NeonDrift.run.1782484808.68182/Invalid/[system-defined]], Phase: IXCoordinatorProgressPhaseLoading, Percentage: 100.000000: Attempt to set units completed on finished progress: 100
2026-06-26 22:40:55.620 Df installcoordinationd[63056:8af9c1] [com.apple.appinstallation:TransactionLog] com.DefaultCompany.NeonDrift.run.1782484808.68182/Unknown Persona:4:9:2:1:Placeholder Promise completed. Coordinator State: IXAppCoordinationStateWaitingForPlaceholderAssertion
2026-06-26 22:40:55.620 Df SpringBoard[62978:8a89b4] [com.apple.SpringBoard:Common] termination assertion acquired for com.DefaultCompany.NeonDrift.run.1782484808.68182 (app not found)
2026-06-26 22:40:55.621 Df CoreSimulatorBridge[62841:8af9c2] [com.apple.installcoordination:framework] -[IXAppInstallCoordinator _clientDelegate_promiseDidBeginFulfillmentWithIdentifier:]: <IXInitiatingAppInstallCoordinator<0x106091880> identity:[com.DefaultCompany.NeonDrift.run.1782484808.68182/Invalid/[system-defined]] uuid:EB186AB4-0CC3-4142-BCAD-FED81542AA3D creator:InstallCoordination Simple SPI>: Got promise did begin fulfillment for identifier 1
2026-06-26 22:40:55.621 Df CoreSimulatorBridge[62841:8af9c2] [com.apple.installcoordination:framework] -[IXAppInstallCoordinator _clientDelegate_promiseDidBeginFulfillmentWithIdentifier:]_block_invoke: <IXInitiatingAppInstallCoordinator<0x106091880> identity:[com.DefaultCompany.NeonDrift.run.1782484808.68182/Invalid/[system-defined]] uuid:EB186AB4-0CC3-4142-BCAD-FED81542AA3D creator:InstallCoordination Simple SPI>: Observer <_IXSimpleInstallerDelegate 0x0x10605bbd0> does not respond to coordinator:configuredPromiseDidBeginFulfillment: (or any deprecated equivalent)
2026-06-26 22:40:55.621 Df installcoordinationd[63056:8af9c1] [com.apple.installcoordination:daemon] -[IXSCoordinatedAppInstall _onQueue_installPlaceholder]: Acquired termination assertion for placeholder [com.DefaultCompany.NeonDrift.run.1782484808.68182/Invalid/[system-defined]]; proceeding with install.
2026-06-26 22:40:55.621 Df installcoordinationd[63056:8af9c1] [com.apple.installcoordination:daemon] -[IXSPowerAssertion initWithAssertionName:details:]: Acquired power assertion IXPowerAssertion-12-[com.DefaultCompany.NeonDrift.run.1782484808.68182/Invalid/[system-defined]]
2026-06-26 22:40:55.622 Df installd[63129:8af9ce] (MobileSystemServices) 0x16f3ff000 -[MIClientConnection _doInstallationForURL:identity:domain:options:operationType:completion:]: Install of "/Users/dragonkao/Library/Developer/CoreSimulator/Devices/CC47DE7A-8196-4465-A5A5-BB852C9C6C82/data/Containers/Shared/SystemGroup/systemgroup.com.apple.installcoordinationd/Library/InstallCoordination/PromiseStaging/70B7D18E-4584-41F8-AB5C-922F21038CE4/NeonDrift.run.1782484808.68182.app" type Placeholder (LSInstallType = 1, Domain: MIInstallationDomainDefault) requested by installcoordinationd (pid 63056 (501/20))
2026-06-26 22:40:55.625 Df installd[63129:8af9ce] [com.apple.containermanager:xpc] Query; euid = 501, uid = 501, class = 1, identifier = [com.DefaultCompany.NeonDrift.run.1782484808.68182](1), flags = 300000002
2026-06-26 22:40:55.626 Df installd[63129:8af9ce] [com.apple.containermanager:xpc] Query; euid = 501, uid = 501, class = 1, identifier = [com.DefaultCompany.NeonDrift.run.1782484808.68182](1), flags = 300000002
2026-06-26 22:40:55.626 Df installd[63129:8af9ce] (MobileSystemServices) 0x16f3ff000 -[MIInstaller _installInstallable:containingSymlink:error:]: Installing <MIInstallableBundle ID=com.DefaultCompany.NeonDrift.run.1782484808.68182; Persona=com.apple.containermanager.primary-persona, Version=0, ShortVersion=1.0>
2026-06-26 22:40:55.626 Df installd[63129:8af9ce] [com.apple.appinstallation:TransactionLog] com.DefaultCompany.NeonDrift.run.1782484808.68182/com.apple.containermanager.primary-persona:7:4:1:1:Start : Install (Placeholder)
2026-06-26 22:40:55.628 Df installd[63129:8af9ce] [com.apple.containermanager:query] Query; euid = 501, uid = 501, class = 4, identifier = [com.DefaultCompany.NeonDrift.run.1782484808.68182](1), flags = 300000002
2026-06-26 22:40:55.628 Df installd[63129:8af9ce] [com.apple.containermanager:query] Query; euid = 501, uid = 501, class = 4, identifier = [com.DefaultCompany.NeonDrift.run.1782484808.68182](1), flags = 300000002
2026-06-26 22:40:55.629 Df installd[63129:8af9ce] [com.apple.containermanager:xpc] Query; euid = 501, uid = 501, class = 1, identifier = [com.DefaultCompany.NeonDrift.run.1782484808.68182](1), flags = 300000003
2026-06-26 22:40:55.629 E  containermanagerd_system[62856:8a84ab] [com.apple.containermanager:schema] [com.DefaultCompany.NeonDrift.run.1782484808.68182(1)] Current schema version (1) is newer than the latest (0), ignoring.
2026-06-26 22:40:55.629 Df containermanagerd_system[62856:8a84ab] [com.apple.containermanager:schema] [u E1C44153-0F9F-4663-9720-DC9CC7423991:p 24DC4915-64E3-4FE5-9F46-9905CCEFD416:c com.DefaultCompany.NeonDrift.run.1782484808.68182(1):i31400765] Successfully updated schema from (0) → (0), actions count = 0
2026-06-26 22:40:55.630 Df installd[63129:8af9ce] [com.apple.containermanager:xpc] Query; euid = 501, uid = 501, class = 1, identifier = [com.DefaultCompany.NeonDrift.run.1782484808.68182](1), flags = 300000002
2026-06-26 22:40:55.632 Df installd[63129:8af9ce] [com.apple.containermanager:query] Query; euid = 501, uid = 501, class = 2, identifier = [com.DefaultCompany.NeonDrift.run.1782484808.68182](1), flags = 300000003
2026-06-26 22:40:55.633 Df containermanagerd[62871:8a8553] [com.apple.containermanager:schema] [u 7CE8CF15-7BED-4EBE-912E-617CADD00A8C:p D7C36375-5428-401D-B909-5D8005B54B16:c com.DefaultCompany.NeonDrift.run.1782484808.68182(2):i31400768] Successfully updated schema from (0) → (1), actions count = 6
2026-06-26 22:40:55.634 Df installd[63129:8af9ce] [com.apple.containermanager:query] Query; euid = 501, uid = 501, class = 2, identifier = [com.DefaultCompany.NeonDrift.run.1782484808.68182](1), flags = 300000002
2026-06-26 22:40:55.636 Df installd[63129:8af9ce] (MobileSystemServices) 0x16f3ff000 -[MIInstallationJournalEntry _refreshUUIDForContainer:withError:]: Data container for com.DefaultCompany.NeonDrift.run.1782484808.68182 is now at /Users/dragonkao/Library/Developer/CoreSimulator/Devices/CC47DE7A-8196-4465-A5A5-BB852C9C6C82/data/Containers/Data/Application/4B218D8C-34C1-4459-B0CC-B11130613932
2026-06-26 22:40:55.636 Df containermanagerd[62871:8a8553] [com.apple.containermanager:schema] [u 7CE8CF15-7BED-4EBE-912E-617CADD00A8C:p 4B218D8C-34C1-4459-B0CC-B11130613932:c com.DefaultCompany.NeonDrift.run.1782484808.68182(2):i0] Successfully updated schema from (0) → (1), actions count = 6
2026-06-26 22:40:55.636 Df installd[63129:8af9ce] [com.apple.containermanager:unspecified] Replace; old = <NULL>, new = [temp-app:com.DefaultCompany.NeonDrift.run.1782484808.68182:501::(E1C44153-0F9F-4663-9720-DC9CC7423991)]
2026-06-26 22:40:55.638 Df installd[63129:8af9ce] [com.apple.containermanager:xpc] Query; euid = 501, uid = 501, class = 1, identifier = [com.DefaultCompany.NeonDrift.run.1782484808.68182](1), flags = 300000002
2026-06-26 22:40:55.638 Df installd[63129:8af9ce] (MobileSystemServices) 0x16f3ff000 -[MIContainer makeContainerLiveReplacingContainer:reason:waitForDeletion:withError:]: Made container live for com.DefaultCompany.NeonDrift.run.1782484808.68182 at /Users/dragonkao/Library/Developer/CoreSimulator/Devices/CC47DE7A-8196-4465-A5A5-BB852C9C6C82/data/Containers/Bundle/Application/E9F72C6C-E480-46DA-AA3A-E9013581BF54
2026-06-26 22:40:55.639 Df containermanagerd[62871:8a8553] [com.apple.containermanager:codesignmapping] Reconciled [com.DefaultCompany.NeonDrift.run.1782484808.68182]; old app groups: (null), new app groups: (null), old system groups: (null), new system groups: (null)
2026-06-26 22:40:55.639 Df installd[63129:8af9ce] [com.apple.containermanager:unspecified] Requesting disk usage; class = 1, identifier = com.DefaultCompany.NeonDrift.run.1782484808.68182
2026-06-26 22:40:55.641 Df installd[63129:8af9ce] [com.apple.containermanager:query] Query; euid = 501, uid = 501, class = 7, identifier = [com.DefaultCompany.NeonDrift.run.1782484808.68182](1), flags = 300000001
2026-06-26 22:40:55.641 Df SpringBoard[62978:8a89b4] [com.apple.SpringBoard:Common] termination assertion released for com.DefaultCompany.NeonDrift.run.1782484808.68182 (app not found)
2026-06-26 22:40:55.647 Df installd[63129:8af9ce] (MobileSystemServices) 0x16f3ff000 -[MILaunchServicesOperationManager _onQueue_addPendingLaunchServicesOperation:error:]: Added pending LS operation <MILaunchServicesRegisterOperation: 6BF152AC-9C1E-4533-A5A9-10A21DF9CBC4:3 com.DefaultCompany.NeonDrift.run.1782484808.68182/MIInstallationDomainSystemShared personas:[com.apple.containermanager.primary-persona]>
2026-06-26 22:40:55.648 Df lsd[62860:8ac7ad] [com.apple.launchservices:appinstallation] Post installation registration: request to register com.DefaultCompany.NeonDrift.run.1782484808.68182, operation 6BF152AC-9C1E-4533-A5A9-10A21DF9CBC4, from pid 63129
2026-06-26 22:40:55.648 Df lsd[62860:8ac7ad] [com.apple.appinstallation:TransactionLog] com.DefaultCompany.NeonDrift.run.1782484808.68182/Unknown Persona:5:4:1:1:Registering bundles via registrant - start
2026-06-26 22:40:55.649 E  lsd[62860:8ac7ad] [com.apple.launchservices:default] LSStringLocalizer development region en not found in localizations available for bundle file:///Users/dragonkao/Library/Developer/CoreSimulator/Devices/CC47DE7A-8196-4465-A5A5-BB852C9C6C82/data/Containers/Bundle/Application/E9F72C6C-E480-46DA-AA3A-E9013581BF54/NeonDrift.run.1782484808.68182.app/
2026-06-26 22:40:55.650 Df lsd[62860:8ac7ad] [com.apple.appinstallation:TransactionLog] com.DefaultCompany.NeonDrift.run.1782484808.68182/Unknown Persona:5:5:1:1:Building bundle record for app
2026-06-26 22:40:55.650 Df lsd[62860:8ac7ad] [com.apple.launchservices:appinstallation] No bundles to remove for com.DefaultCompany.NeonDrift.run.1782484808.68182
2026-06-26 22:40:55.650 Df lsd[62860:8ac7ad] [com.apple.launchservices:appinstallation] Placeholder detected - Flagging bundle com.DefaultCompany.NeonDrift.run.1782484808.68182 incomplete
2026-06-26 22:40:55.650 Df lsd[62860:8ac7ad] [com.apple.appinstallation:TransactionLog] com.DefaultCompany.NeonDrift.run.1782484808.68182/Unknown Persona:5:5:2:1:Built bundle record for app
2026-06-26 22:40:55.651 Df lsd[62860:8ac7ad] [com.apple.appinstallation:TransactionLog] com.DefaultCompany.NeonDrift.run.1782484808.68182/Unknown Persona:5:4:2:1:Registered bundle status = success
2026-06-26 22:40:55.652 Df lsd[62860:8ac7ad] [com.apple.appinstallation:TransactionLog] com.DefaultCompany.NeonDrift.run.1782484808.68182/Unknown Persona:5:4:2:1:Finished registering com.DefaultCompany.NeonDrift.run.1782484808.68182, bundle unit 468
2026-06-26 22:40:55.652 Df lsd[62860:8af9e7] [com.apple.launchservices:progress] Sending applicationInstallsDidStart: for (
    "<LSApplicationProxy: 0x10333c000> com.DefaultCompany.NeonDrift.run.1782484808.68182 file:///Users/dragonkao/Library/Developer/CoreSimulator/Devices/CC47DE7A-8196-4465-A5A5-BB852C9C6C82/data/Containers/Bundle/Application/E9F72C6C-E480-46DA-AA3A-E9013581BF54/NeonDrift.run.1782484808.68182.app/ <com.DefaultCompany.NeonDrift.run.1782484808.68182 <placeholder >:1>"
)
2026-06-26 22:40:55.652 Df installd[63129:8af9ce] (MobileSystemServices) 0x16f3ff000 -[MIJournal purgeJournalEntry:withError:]: Removing journal entry <MIInstallationJournalEntry<0x101ce83c0> [com.DefaultCompany.NeonDrift.run.1782484808.68182/com.apple.containermanager.primary-persona/[system-defined]]/MIInstallationDomainSystemShared op:2 phase:JournalPhaseDidRegisterWithLS version:0>
2026-06-26 22:40:55.652 Df lsd[62860:8af9e7] [com.apple.launchservices:progress] Created parent progress <NSProgress: com.DefaultCompany.NeonDrift.run.1782484808.68182 phase=InstallingPlaceholder; state=Waiting; finalPhase=Installing; fractionCompleted=0.000000>
2026-06-26 22:40:55.652 Df installd[63129:8af9ce] [com.apple.appinstallation:TransactionLog] com.DefaultCompany.NeonDrift.run.1782484808.68182/com.apple.containermanager.primary-persona:7:4:2:1:Success (End) : Install (Placeholder)
2026-06-26 22:40:55.652 Df installd[63129:8af9ce] (MobileSystemServices) 0x16f3ff000 -[MIInstaller _logOperationCompletionWithStartTime:distributorID:]: Install successful for (Placeholder:com.DefaultCompany.NeonDrift.run.1782484808.68182) [Distributor: (null)]; Staging: 0.00s; Waiting: 0.00s; Preflight/Patch: 0.00s, Verifying: 0.00s; Overall: 0.03s
2026-06-26 22:40:55.653 Df locationd[62835:8ad3db] [com.apple.launchservices:appinstallation] LaunchServices observer: InstallsStarted (
