Timestamp               Ty Process[PID:TID]
2026-07-11 15:04:51.941 Df CoreSimulatorBridge[19008:27674] Request received for installation of file:///Users/dragonkao/.openclaw/workspace/382b9e3384298039b171c9b2a60ae644/NeonDrift_MVP/project/xcode_derived_data/Build/Products/Release-iphonesimulator/NeonDrift.run.1783753443.20835.app/ with options: {
    PackageType = Developer;
    SimulatorRootPath = "/Library/Developer/CoreSimulator/Volumes/iOS_23E254a/Library/Developer/CoreSimulator/Profiles/Runtimes/iOS 26.4.simruntime/Contents/Resources/RuntimeRoot";
    SimulatorUserPath = "/Users/dragonkao/Library/Developer/CoreSimulator/Devices/CC47DE7A-8196-4465-A5A5-BB852C9C6C82/data";
}
2026-07-11 15:04:51.942 Df CoreSimulatorBridge[19008:27674] [com.apple.installcoordination:framework] +[IXAppInstallCoordinator(IXSimpleInstaller) _beginInstallForURL:forPersonaUniqueString:consumeSource:options:progressBlock:completionWithIdentity:]: Beginning install for /Users/dragonkao/.openclaw/workspace/382b9e3384298039b171c9b2a60ae644/NeonDrift_MVP/project/xcode_derived_data/Build/Products/Release-iphonesimulator/NeonDrift.run.1783753443.20835.app consuming source:N options:{
    IsUserInitiated = 1;
    PackageType = Developer;
} installationRequestorAuditToken: NULL
2026-07-11 15:04:51.944 Df installcoordinationd[19154:25044] [com.apple.installcoordination:daemon] -[IXSDataPromiseManager registerPromise:]: Registered promise <IXSPlaceholder(0x1015283c0) Name:App Placeholder: NeonDrift.run.1783753443.20835 (com.DefaultCompany.NeonDrift.run.1783753443.20835) Creator:InstallCoordination Simple SPI UUID:636EE778-EC32-40ED-8B7B-9404B4C490E8 Location:[system-defined]> for UUID 636EE778-EC32-40ED-8B7B-9404B4C490E8
2026-07-11 15:04:51.945 Df installcoordinationd[19154:25044] [com.apple.installcoordination:daemon] -[IXSPlaceholder setAttributes:]: <IXSPlaceholder(0x1015283c0) Name:App Placeholder: NeonDrift.run.1783753443.20835 (com.DefaultCompany.NeonDrift.run.1783753443.20835) Creator:InstallCoordination Simple SPI UUID:636EE778-EC32-40ED-8B7B-9404B4C490E8 Location:[system-defined]>: setting placeholder attributes to <IXPlaceholderAttributes<0x1014c4aa0> : {
    CFBundleShortVersionString = "1.0";
    CFBundleSupportedPlatforms =     (
        iPhoneSimulator
    );
    CFBundleVersion = 0;
    DTPlatformName = iphonesimulator;
    LSRequiresIPhoneOS = 1;
    MinimumOSVersion = "13.0";
    UIDeviceFamily =     (
        1,
        2
    );
    UIRequiredDeviceCapabilities =     {
        arm64 = 1;
        metal = 1;
    };
}>
2026-07-11 15:04:51.946 Df CoreSimulatorBridge[19008:2a653] [com.apple.installcoordination:framework] +[IXPlaceholder _setEntitlementsFromBundleExecutableURL:withBundleID:client:onPlaceholder:location:error:]: Executable for com.DefaultCompany.NeonDrift.run.1783753443.20835 at NeonDrift.run.1783753443.20835 -- file:///Users/dragonkao/.openclaw/workspace/382b9e3384298039b171c9b2a60ae644/NeonDrift_MVP/project/xcode_derived_data/Build/Products/Release-iphonesimulator/NeonDrift.run.1783753443.20835.app/ had no entitlements
2026-07-11 15:04:51.946 Df CoreSimulatorBridge[19008:2a653] [com.apple.installcoordination:framework] +[IXPlaceholder _placeholderForBundle:client:withParent:installType:metadata:placeholderType:mayBeDeltaPackage:isFromSerializedPlaceholder:location:error:]: Using full fidelity icons for com.DefaultCompany.NeonDrift.run.1783753443.20835 at /Users/dragonkao/.openclaw/workspace/382b9e3384298039b171c9b2a60ae644/NeonDrift_MVP/project/xcode_derived_data/Build/Products/Release-iphonesimulator/NeonDrift.run.1783753443.20835.app
2026-07-11 15:04:51.946 Df installcoordinationd[19154:25044] [com.apple.installcoordination:daemon] -[IXSDataPromiseManager registerPromise:]: Registered promise <IXSPromisedTransferToPath(0x1014fd880) Name:Icon resources for com.DefaultCompany.NeonDrift.run.1783753443.20835 Creator:InstallCoordination Simple SPI UUID:48634D37-9730-4B25-A69B-CCE02C7353AE Location:[system-defined]> for UUID 48634D37-9730-4B25-A69B-CCE02C7353AE
2026-07-11 15:04:51.949 Df CoreSimulatorBridge[19008:2a653] [com.apple.installcoordination:framework] -[IXPromisedTransferToPath setComplete:]: <IXPromisedTransferToPath<0x101488bc0> name:"Icon resources for com.DefaultCompany.NeonDrift.run.1783753443.20835" uuid:48634D37-9730-4B25-A69B-CCE02C7353AE creator:"InstallCoordination Simple SPI" location:[system-defined]> Move operation from /Users/dragonkao/Library/Developer/CoreSimulator/Devices/CC47DE7A-8196-4465-A5A5-BB852C9C6C82/data/Containers/Shared/SystemGroup/systemgroup.com.apple.installcoordinationd/Library/InstallCoordination/PromiseStaging/48634D37-9730-4B25-A69B-CCE02C7353AE/temp.EN04Cn to /Users/dragonkao/Library/Developer/CoreSimulator/Devices/CC47DE7A-8196-4465-A5A5-BB852C9C6C82/data/Containers/Shared/SystemGroup/systemgroup.com.apple.installcoordinationd/Library/InstallCoordination/PromiseStaging/48634D37-9730-4B25-A69B-CCE02C7353AE/temp.EN04Cn took 0.000047 seconds
2026-07-11 15:04:51.951 Df installcoordinationd[19154:25044] [com.apple.installcoordination:daemon] -[IXSDataPromise _setPercentComplete:saveStateIfNeeded:]: Progress: <IXSPromisedTransferToPath(0x1014fd880) Name:Icon resources for com.DefaultCompany.NeonDrift.run.1783753443.20835 Creator:InstallCoordination Simple SPI UUID:48634D37-9730-4B25-A69B-CCE02C7353AE Location:[system-defined]>
2026-07-11 15:04:51.951 Df installcoordinationd[19154:2a654] [com.apple.installcoordination:daemon] -[IXSDataPromiseManager promiseDidBegin:]: Unowned promise began: <IXSPromisedTransferToPath(0x1014fd880) Name:Icon resources for com.DefaultCompany.NeonDrift.run.1783753443.20835 Creator:InstallCoordination Simple SPI UUID:48634D37-9730-4B25-A69B-CCE02C7353AE Location:[system-defined]>
2026-07-11 15:04:51.951 Df installcoordinationd[19154:2a654] [com.apple.installcoordination:daemon] -[IXSDataPromiseManager promise:didUpdateProgress:]: Unowned promise update progress to 1.000000 : <IXSPromisedTransferToPath(0x1014fd880) Name:Icon resources for com.DefaultCompany.NeonDrift.run.1783753443.20835 Creator:InstallCoordination Simple SPI UUID:48634D37-9730-4B25-A69B-CCE02C7353AE Location:[system-defined]>
2026-07-11 15:04:51.951 Df installcoordinationd[19154:2a654] [com.apple.installcoordination:daemon] -[IXSDataPromiseManager promiseDidComplete:]: Unowned promise completed: <IXSPromisedTransferToPath(0x1014fd880) Name:Icon resources for com.DefaultCompany.NeonDrift.run.1783753443.20835 Creator:InstallCoordination Simple SPI UUID:48634D37-9730-4B25-A69B-CCE02C7353AE Location:[system-defined]>
2026-07-11 15:04:51.952 Df installcoordinationd[19154:25044] [com.apple.installcoordination:daemon] -[IXSDataPromise _setPercentComplete:saveStateIfNeeded:]: Progress: <IXSPromisedInMemoryDictionary(0x1014fd100) Name:Info.plist icon content for com.DefaultCompany.NeonDrift.run.1783753443.20835 Creator:InstallCoordination Simple SPI UUID:37CB340A-C671-4AD4-BED4-01C5B894C4F1 Location:[system-defined]>
2026-07-11 15:04:51.952 Df installcoordinationd[19154:25044] [com.apple.installcoordination:daemon] -[IXSDataPromiseManager registerPromise:]: Registered promise <IXSPromisedInMemoryDictionary(0x1014fd100) Name:Info.plist icon content for com.DefaultCompany.NeonDrift.run.1783753443.20835 Creator:InstallCoordination Simple SPI UUID:37CB340A-C671-4AD4-BED4-01C5B894C4F1 Location:[system-defined]> for UUID 37CB340A-C671-4AD4-BED4-01C5B894C4F1
2026-07-11 15:04:51.952 Df installcoordinationd[19154:2a654] [com.apple.installcoordination:daemon] -[IXSDataPromiseManager promiseDidBegin:]: Unowned promise began: <IXSPromisedInMemoryDictionary(0x1014fd100) Name:Info.plist icon content for com.DefaultCompany.NeonDrift.run.1783753443.20835 Creator:InstallCoordination Simple SPI UUID:37CB340A-C671-4AD4-BED4-01C5B894C4F1 Location:[system-defined]>
2026-07-11 15:04:51.952 Df installcoordinationd[19154:2a654] [com.apple.installcoordination:daemon] -[IXSDataPromiseManager promise:didUpdateProgress:]: Unowned promise update progress to 1.000000 : <IXSPromisedInMemoryDictionary(0x1014fd100) Name:Info.plist icon content for com.DefaultCompany.NeonDrift.run.1783753443.20835 Creator:InstallCoordination Simple SPI UUID:37CB340A-C671-4AD4-BED4-01C5B894C4F1 Location:[system-defined]>
2026-07-11 15:04:51.952 Df installcoordinationd[19154:2a654] [com.apple.installcoordination:daemon] -[IXSDataPromiseManager promiseDidComplete:]: Unowned promise completed: <IXSPromisedInMemoryDictionary(0x1014fd100) Name:Info.plist icon content for com.DefaultCompany.NeonDrift.run.1783753443.20835 Creator:InstallCoordination Simple SPI UUID:37CB340A-C671-4AD4-BED4-01C5B894C4F1 Location:[system-defined]>
2026-07-11 15:04:51.952 Df installcoordinationd[19154:25044] [com.apple.installcoordination:daemon] -[IXSPlaceholder setIconResourcesPromise:]: <IXSPlaceholder(0x1015283c0) Name:App Placeholder: NeonDrift.run.1783753443.20835 (com.DefaultCompany.NeonDrift.run.1783753443.20835) Creator:InstallCoordination Simple SPI UUID:636EE778-EC32-40ED-8B7B-9404B4C490E8 Location:[system-defined]>: setting icon resources promise to <IXSPromisedTransferToPath(0x1014fd880) Name:Icon resources for com.DefaultCompany.NeonDrift.run.1783753443.20835 Creator:InstallCoordination Simple SPI UUID:48634D37-9730-4B25-A69B-CCE02C7353AE Location:[system-defined]>
2026-07-11 15:04:51.953 Df installcoordinationd[19154:25044] [com.apple.installcoordination:daemon] -[IXSPlaceholder setInfoPlistIconContentPromise:]: <IXSPlaceholder(0x1015283c0) Name:App Placeholder: NeonDrift.run.1783753443.20835 (com.DefaultCompany.NeonDrift.run.1783753443.20835) Creator:InstallCoordination Simple SPI UUID:636EE778-EC32-40ED-8B7B-9404B4C490E8 Location:[system-defined]>: setting Info.plist icon content promise to <IXSPromisedInMemoryDictionary(0x1014fd100) Name:Info.plist icon content for com.DefaultCompany.NeonDrift.run.1783753443.20835 Creator:InstallCoordination Simple SPI UUID:37CB340A-C671-4AD4-BED4-01C5B894C4F1 Location:[system-defined]>
2026-07-11 15:04:51.953 Df installcoordinationd[19154:25044] [com.apple.installcoordination:daemon] -[IXSDataPromiseManager promiseDidBegin:]: Unowned promise began: <IXSPlaceholder(0x1015283c0) Name:App Placeholder: NeonDrift.run.1783753443.20835 (com.DefaultCompany.NeonDrift.run.1783753443.20835) Creator:InstallCoordination Simple SPI UUID:636EE778-EC32-40ED-8B7B-9404B4C490E8 Location:[system-defined]>
2026-07-11 15:04:51.953 Df installcoordinationd[19154:25044] [com.apple.installcoordination:daemon] -[IXSDataPromiseManager promise:didUpdateProgress:]: Unowned promise update progress to 0.000000 : <IXSPlaceholder(0x1015283c0) Name:App Placeholder: NeonDrift.run.1783753443.20835 (com.DefaultCompany.NeonDrift.run.1783753443.20835) Creator:InstallCoordination Simple SPI UUID:636EE778-EC32-40ED-8B7B-9404B4C490E8 Location:[system-defined]>
2026-07-11 15:04:51.953 Df installcoordinationd[19154:25044] [com.apple.installcoordination:daemon] -[IXSDataPromiseManager promise:didUpdateProgress:]: Unowned promise update progress to 0.000000 : <IXSPlaceholder(0x1015283c0) Name:App Placeholder: NeonDrift.run.1783753443.20835 (com.DefaultCompany.NeonDrift.run.1783753443.20835) Creator:InstallCoordination Simple SPI UUID:636EE778-EC32-40ED-8B7B-9404B4C490E8 Location:[system-defined]>
2026-07-11 15:04:51.954 Df installcoordinationd[19154:25044] [com.apple.installcoordination:daemon] -[IXSDataPromise _setPercentComplete:saveStateIfNeeded:]: Progress: <IXSPromisedInMemoryDictionary(0x1014fd280) Name:Localizations for com.DefaultCompany.NeonDrift.run.1783753443.20835 Creator:InstallCoordination Simple SPI UUID:790CFEF7-1386-4BD6-A912-D8B7F5F67D75 Location:[system-defined]>
2026-07-11 15:04:51.954 Df installcoordinationd[19154:25044] [com.apple.installcoordination:daemon] -[IXSDataPromiseManager registerPromise:]: Registered promise <IXSPromisedInMemoryDictionary(0x1014fd280) Name:Localizations for com.DefaultCompany.NeonDrift.run.1783753443.20835 Creator:InstallCoordination Simple SPI UUID:790CFEF7-1386-4BD6-A912-D8B7F5F67D75 Location:[system-defined]> for UUID 790CFEF7-1386-4BD6-A912-D8B7F5F67D75
2026-07-11 15:04:51.955 Df installcoordinationd[19154:2a657] [com.apple.installcoordination:daemon] -[IXSDataPromiseManager promiseDidBegin:]: Unowned promise began: <IXSPromisedInMemoryDictionary(0x1014fd280) Name:Localizations for com.DefaultCompany.NeonDrift.run.1783753443.20835 Creator:InstallCoordination Simple SPI UUID:790CFEF7-1386-4BD6-A912-D8B7F5F67D75 Location:[system-defined]>
2026-07-11 15:04:51.955 Df installcoordinationd[19154:2a657] [com.apple.installcoordination:daemon] -[IXSDataPromiseManager promise:didUpdateProgress:]: Unowned promise update progress to 1.000000 : <IXSPromisedInMemoryDictionary(0x1014fd280) Name:Localizations for com.DefaultCompany.NeonDrift.run.1783753443.20835 Creator:InstallCoordination Simple SPI UUID:790CFEF7-1386-4BD6-A912-D8B7F5F67D75 Location:[system-defined]>
2026-07-11 15:04:51.955 Df installcoordinationd[19154:2a657] [com.apple.installcoordination:daemon] -[IXSDataPromiseManager promiseDidComplete:]: Unowned promise completed: <IXSPromisedInMemoryDictionary(0x1014fd280) Name:Localizations for com.DefaultCompany.NeonDrift.run.1783753443.20835 Creator:InstallCoordination Simple SPI UUID:790CFEF7-1386-4BD6-A912-D8B7F5F67D75 Location:[system-defined]>
2026-07-11 15:04:51.955 Df installcoordinationd[19154:25044] [com.apple.installcoordination:daemon] -[IXSPlaceholder setLocalizationDictionaryPromise:]: <IXSPlaceholder(0x1015283c0) Name:App Placeholder: NeonDrift.run.1783753443.20835 (com.DefaultCompany.NeonDrift.run.1783753443.20835) Creator:InstallCoordination Simple SPI UUID:636EE778-EC32-40ED-8B7B-9404B4C490E8 Location:[system-defined]>: setting localization dict promise to <IXSPromisedInMemoryDictionary(0x1014fd280) Name:Localizations for com.DefaultCompany.NeonDrift.run.1783753443.20835 Creator:InstallCoordination Simple SPI UUID:790CFEF7-1386-4BD6-A912-D8B7F5F67D75 Location:[system-defined]>
2026-07-11 15:04:51.956 Df installcoordinationd[19154:25044] [com.apple.installcoordination:daemon] -[IXSDataPromiseManager promise:didUpdateProgress:]: Unowned promise update progress to 0.000000 : <IXSPlaceholder(0x1015283c0) Name:App Placeholder: NeonDrift.run.1783753443.20835 (com.DefaultCompany.NeonDrift.run.1783753443.20835) Creator:InstallCoordination Simple SPI UUID:636EE778-EC32-40ED-8B7B-9404B4C490E8 Location:[system-defined]>
2026-07-11 15:04:51.956 Df installcoordinationd[19154:25044] [com.apple.installcoordination:daemon] -[IXSPlaceholder setConfigurationComplete:]: <IXSPlaceholder(0x1015283c0) Name:App Placeholder: NeonDrift.run.1783753443.20835 (com.DefaultCompany.NeonDrift.run.1783753443.20835) Creator:InstallCoordination Simple SPI UUID:636EE778-EC32-40ED-8B7B-9404B4C490E8 Location:[system-defined]>: setting configuration complete to Y
2026-07-11 15:04:51.956 Df installcoordinationd[19154:25044] [com.apple.installcoordination:daemon] -[IXSPlaceholder _materialize]: <IXSPlaceholder(0x1015283c0) Name:App Placeholder: NeonDrift.run.1783753443.20835 (com.DefaultCompany.NeonDrift.run.1783753443.20835) Creator:InstallCoordination Simple SPI UUID:636EE778-EC32-40ED-8B7B-9404B4C490E8 Location:[system-defined]>: Materializing placeholder at /Users/dragonkao/Library/Developer/CoreSimulator/Devices/CC47DE7A-8196-4465-A5A5-BB852C9C6C82/data/Containers/Shared/SystemGroup/systemgroup.com.apple.installcoordinationd/Library/InstallCoordination/PromiseStaging/636EE778-EC32-40ED-8B7B-9404B4C490E8/NeonDrift.run.1783753443.20835.app
2026-07-11 15:04:51.956 Df installcoordinationd[19154:25044] [com.apple.installcoordination:daemon] -[IXSPlaceholder _materialize]: <IXSPlaceholder(0x1015283c0) Name:App Placeholder: NeonDrift.run.1783753443.20835 (com.DefaultCompany.NeonDrift.run.1783753443.20835) Creator:InstallCoordination Simple SPI UUID:636EE778-EC32-40ED-8B7B-9404B4C490E8 Location:[system-defined]>: Using Info.plist icon content: {
    CFBundleIcons =     {
        CFBundlePrimaryIcon =         {
            CFBundleIconName = AppIcon;
        };
    };
    "CFBundleIcons~ipad" =     {
        CFBundlePrimaryIcon =         {
            CFBundleIconName = AppIcon;
        };
    };
    ISIconPlatform = iPhoneOS;
}
2026-07-11 15:04:51.957 Df installcoordinationd[19154:25044] [com.apple.installcoordination:daemon] -[IXSPlaceholder _materialize]_block_invoke: <IXSPlaceholder(0x1015283c0) Name:App Placeholder: NeonDrift.run.1783753443.20835 (com.DefaultCompany.NeonDrift.run.1783753443.20835) Creator:InstallCoordination Simple SPI UUID:636EE778-EC32-40ED-8B7B-9404B4C490E8 Location:[system-defined]>: Using icon resource Assets.car
2026-07-11 15:04:51.957 Df installcoordinationd[19154:25044] [com.apple.installcoordination:daemon] -[IXSPlaceholder _materialize]: <IXSPlaceholder(0x1015283c0) Name:App Placeholder: NeonDrift.run.1783753443.20835 (com.DefaultCompany.NeonDrift.run.1783753443.20835) Creator:InstallCoordination Simple SPI UUID:636EE778-EC32-40ED-8B7B-9404B4C490E8 Location:[system-defined]>: Including lproj localizations for (
)
2026-07-11 15:04:51.957 Df installcoordinationd[19154:2a654] [com.apple.installcoordination:daemon] -[IXSDataPromiseManager promiseDidComplete:]: Unowned promise completed: <IXSPlaceholder(0x1015283c0) Name:App Placeholder: NeonDrift.run.1783753443.20835 (com.DefaultCompany.NeonDrift.run.1783753443.20835) Creator:InstallCoordination Simple SPI UUID:636EE778-EC32-40ED-8B7B-9404B4C490E8 Location:[system-defined]>
2026-07-11 15:04:51.958 Df installcoordinationd[19154:25044] [com.apple.installcoordination:daemon] -[IXSDataPromiseManager registerPromise:]: Registered promise <IXSPromisedTransferToPath(0x1014fd400) Name:App Asset: com.DefaultCompany.NeonDrift.run.1783753443.20835 Creator:InstallCoordination Simple SPI UUID:8C4B0B08-CC05-4CDD-AC9B-DEAA604FBC05 Location:[system-defined]> for UUID 8C4B0B08-CC05-4CDD-AC9B-DEAA604FBC05
2026-07-11 15:04:51.959 Df installcoordinationd[19154:25044] [com.apple.installcoordination:daemon] -[IXSCoordinatorManager coordinatorForIdentity:connection:error:creatingIfNotExisting:]_block_invoke: Registered coordinator: <IXSCoordinatedAppInstall<0x101618000> [P=CoreSimulatorBridge (pid 19008)] identifier:[com.DefaultCompany.NeonDrift.run.1783753443.20835/Invalid/[system-defined]] uuid:995943EB-42F8-43D8-A0AB-5D9FE0997745 intent:IXCoordinatorIntentInitiating creator/appDRI:InstallCoordination Simple SPI importance:Background state:IXAppCoordinationStatePlaceholderPromiseNotSet promise-state:01234>
2026-07-11 15:04:51.959 Df installcoordinationd[19154:25044] [com.apple.appinstallation:TransactionLog] com.DefaultCompany.NeonDrift.run.1783753443.20835/Unknown Persona:4:1:1:1:Created coordinator with intent IXCoordinatorIntentInitiating for client InstallCoordination Simple SPI
2026-07-11 15:04:51.959 Df installcoordinationd[19154:25044] [com.apple.installcoordination:daemon] -[IXSCoordinatedAppInstall setPriorityBoostCompletion:withSourceInfo:]: <IXSCoordinatedAppInstall<0x101618000> [P=CoreSimulatorBridge (pid 19008)] identifier:[com.DefaultCompany.NeonDrift.run.1783753443.20835/Invalid/[system-defined]] uuid:995943EB-42F8-43D8-A0AB-5D9FE0997745 intent:IXCoordinatorIntentInitiating creator/appDRI:InstallCoordination Simple SPI importance:Background state:IXAppCoordinationStatePlaceholderPromiseNotSet promise-state:01234>: Retaining completion from CoreSimulatorBridge (19008), QOS_CLASS_DEFAULT (0x15)
2026-07-11 15:04:51.959 Df installcoordinationd[19154:25044] [com.apple.installcoordination:daemon] -[IXSCoordinatedAppInstall setImportance:]: <IXSCoordinatedAppInstall<0x101618000> [P=CoreSimulatorBridge (pid 19008)] identifier:[com.DefaultCompany.NeonDrift.run.1783753443.20835/Invalid/[system-defined]] uuid:995943EB-42F8-43D8-A0AB-5D9FE0997745 intent:IXCoordinatorIntentInitiating creator/appDRI:InstallCoordination Simple SPI importance:UserWaiting state:IXAppCoordinationStatePlaceholderPromiseNotSet promise-state:01234>: set importance to UserWaiting
2026-07-11 15:04:51.960 Df installcoordinationd[19154:25044] [com.apple.installcoordination:daemon] -[IXSCoordinatedAppInstall _onQueue_fireObserversForClient:]: <IXSCoordinatedAppInstall<0x101618000> [P=CoreSimulatorBridge (pid 19008)] identifier:[com.DefaultCompany.NeonDrift.run.1783753443.20835/Invalid/[system-defined]] uuid:995943EB-42F8-43D8-A0AB-5D9FE0997745 intent:IXCoordinatorIntentInitiating creator/appDRI:InstallCoordination Simple SPI importance:UserWaiting state:IXAppCoordinationStatePlaceholderPromiseNotSet promise-state:01234>: Firing applicable observers for client <IXSClientConnection<0x10145d1a0> client:CoreSimulatorBridge (pid 19008) uuid:9B124F81-151E-455A-862C-E3AA8CE136A9>
2026-07-11 15:04:51.960 Df installcoordinationd[19154:25044] [com.apple.installcoordination:daemon] -[IXSCoordinatedAppInstall setPriorityBoostCompletion:withSourceInfo:]: <IXSCoordinatedAppInstall<0x101618000> [P=CoreSimulatorBridge (pid 19008)] identifier:[com.DefaultCompany.NeonDrift.run.1783753443.20835/Invalid/[system-defined]] uuid:995943EB-42F8-43D8-A0AB-5D9FE0997745 intent:IXCoordinatorIntentInitiating creator/appDRI:InstallCoordination Simple SPI importance:UserWaiting state:IXAppCoordinationStatePlaceholderPromiseNotSet promise-state:01234>: Disposing of completion from CoreSimulatorBridge (19008), QOS_CLASS_DEFAULT (0x15)
2026-07-11 15:04:51.960 Df installcoordinationd[19154:25044] [com.apple.installcoordination:daemon] -[IXSCoordinatedAppInstall setPriorityBoostCompletion:withSourceInfo:]: <IXSCoordinatedAppInstall<0x101618000> [P=CoreSimulatorBridge (pid 19008)] identifier:[com.DefaultCompany.NeonDrift.run.1783753443.20835/Invalid/[system-defined]] uuid:995943EB-42F8-43D8-A0AB-5D9FE0997745 intent:IXCoordinatorIntentInitiating creator/appDRI:InstallCoordination Simple SPI importance:UserWaiting state:IXAppCoordinationStatePlaceholderPromiseNotSet promise-state:01234>: Retaining completion from CoreSimulatorBridge (19008), QOS_CLASS_DEFAULT (0x15)
2026-07-11 15:04:51.960 Df CoreSimulatorBridge[19008:2a656] [com.apple.installcoordination:framework] -[IXAppInstallCoordinator _clientDelegate_didRegisterForObservation]: <IXInitiatingAppInstallCoordinator<0x101488f80> identity:[com.DefaultCompany.NeonDrift.run.1783753443.20835/Invalid/[system-defined]] uuid:995943EB-42F8-43D8-A0AB-5D9FE0997745 creator:InstallCoordination Simple SPI>: Got observer registration delegate
2026-07-11 15:04:51.960 Df CoreSimulatorBridge[19008:2a656] [com.apple.installcoordination:framework] -[IXAppInstallCoordinator _clientDelegate_shouldResume]: <IXInitiatingAppInstallCoordinator<0x101488f80> identity:[com.DefaultCompany.NeonDrift.run.1783753443.20835/Invalid/[system-defined]] uuid:995943EB-42F8-43D8-A0AB-5D9FE0997745 creator:InstallCoordination Simple SPI>: Got should resume delegate
2026-07-11 15:04:51.960 Df CoreSimulatorBridge[19008:2a656] [com.apple.installcoordination:framework] -[IXAppInstallCoordinator _clientDelegate_didRegisterForObservation]_block_invoke: <IXInitiatingAppInstallCoordinator<0x101488f80> identity:[com.DefaultCompany.NeonDrift.run.1783753443.20835/Invalid/[system-defined]] uuid:995943EB-42F8-43D8-A0AB-5D9FE0997745 creator:InstallCoordination Simple SPI>: Observer <_IXSimpleInstallerDelegate 0x0x101459c80> does not respond to coordinatorDidRegisterForObservation:
2026-07-11 15:04:51.960 Df CoreSimulatorBridge[19008:2a656] [com.apple.installcoordination:framework] -[IXAppInstallCoordinator _clientDelegate_shouldResume]_block_invoke: <IXInitiatingAppInstallCoordinator<0x101488f80> identity:[com.DefaultCompany.NeonDrift.run.1783753443.20835/Invalid/[system-defined]] uuid:995943EB-42F8-43D8-A0AB-5D9FE0997745 creator:InstallCoordination Simple SPI>: Observer <_IXSimpleInstallerDelegate 0x0x101459c80> does not respond to coordinatorShouldResume:
2026-07-11 15:04:51.962 Df installcoordinationd[19154:2a654] [com.apple.installcoordination:daemon] -[IXSCoordinatedAppInstall _internal_setInstallOptionsPromise:performExternalActions:]: <IXSCoordinatedAppInstall<0x101618000> [P=CoreSimulatorBridge (pid 19008)] identifier:[com.DefaultCompany.NeonDrift.run.1783753443.20835/Invalid/[system-defined]] uuid:995943EB-42F8-43D8-A0AB-5D9FE0997745 intent:IXCoordinatorIntentInitiating creator/appDRI:InstallCoordination Simple SPI importance:UserWaiting state:IXAppCoordinationStatePlaceholderPromiseNotSet promise-state:012I4> : install options set: <IXSPromisedInMemoryData(0x1014fda00) Name:MIInstallOptions data Creator:Install Coordination Internal UUID:CA548957-ADFE-45F5-A163-55B7FDBDC799 Location:[system-defined]>
2026-07-11 15:04:51.962 Df installcoordinationd[19154:25044] [com.apple.installcoordination:daemon] -[IXSCoordinatedAppInstall promiseDidComplete:]: <IXSCoordinatedAppInstall<0x101618000> [P=CoreSimulatorBridge (pid 19008)] identifier:[com.DefaultCompany.NeonDrift.run.1783753443.20835/Invalid/[system-defined]] uuid:995943EB-42F8-43D8-A0AB-5D9FE0997745 intent:IXCoordinatorIntentInitiating creator/appDRI:InstallCoordination Simple SPI importance:UserWaiting state:IXAppCoordinationStatePlaceholderPromiseNotSet promise-state:012I4> : Promise completed: <IXSPromisedInMemoryData(0x1014fda00) Name:MIInstallOptions data Creator:Install Coordination Internal UUID:CA548957-ADFE-45F5-A163-55B7FDBDC799 Location:[system-defined]>
2026-07-11 15:04:51.962 Df installcoordinationd[19154:2a654] [com.apple.appinstallation:TransactionLog] com.DefaultCompany.NeonDrift.run.1783753443.20835/Unknown Persona:4:13:1:1:Install Options Promise began. Coordinator State: IXAppCoordinationStatePlaceholderPromiseNotSet
2026-07-11 15:04:51.962 Df installcoordinationd[19154:2a654] [com.apple.appinstallation:TransactionLog] com.DefaultCompany.NeonDrift.run.1783753443.20835/Unknown Persona:4:13:2:1:Install Options Promise completed. Coordinator State: IXAppCoordinationStatePlaceholderPromiseNotSet
2026-07-11 15:04:51.963 Df installcoordinationd[19154:25044] [com.apple.installcoordination:daemon] -[IXSCoordinatedAppInstall _internal_setAppAssetPromise:performExternalActions:]: <IXSCoordinatedAppInstall<0x101618000> [P=CoreSimulatorBridge (pid 19008)] identifier:[com.DefaultCompany.NeonDrift.run.1783753443.20835/Invalid/[system-defined]] uuid:995943EB-42F8-43D8-A0AB-5D9FE0997745 intent:IXCoordinatorIntentInitiating creator/appDRI:InstallCoordination Simple SPI importance:UserWaiting state:IXAppCoordinationStatePlaceholderPromiseNotSet promise-state:0a2I4> : App Asset Promise set: <IXSPromisedTransferToPath(0x1014fd400) Name:App Asset: com.DefaultCompany.NeonDrift.run.1783753443.20835 Creator:InstallCoordination Simple SPI UUID:8C4B0B08-CC05-4CDD-AC9B-DEAA604FBC05 Location:[system-defined]>
2026-07-11 15:04:51.963 Df installcoordinationd[19154:2a657] [com.apple.installcoordination:daemon] -[IXSCoordinatedAppInstall setInitialODRAssetPromises:]: <IXSCoordinatedAppInstall<0x101618000> [P=CoreSimulatorBridge (pid 19008)] identifier:[com.DefaultCompany.NeonDrift.run.1783753443.20835/Invalid/[system-defined]] uuid:995943EB-42F8-43D8-A0AB-5D9FE0997745 intent:IXCoordinatorIntentInitiating creator/appDRI:InstallCoordination Simple SPI importance:UserWaiting state:IXAppCoordinationStatePlaceholderPromiseNotSet promise-state:0a2I4> : Initial ODR Asset Promises set: (
)
2026-07-11 15:04:51.977 Df CoreSimulatorBridge[19008:2a653] [com.apple.installcoordination:framework] -[IXPromisedTransferToPath setComplete:]: <IXPromisedTransferToPath<0x101489300> name:"App Asset: com.DefaultCompany.NeonDrift.run.1783753443.20835" uuid:8C4B0B08-CC05-4CDD-AC9B-DEAA604FBC05 creator:"InstallCoordination Simple SPI" location:[system-defined]> Copy operation from /Users/dragonkao/.openclaw/workspace/382b9e3384298039b171c9b2a60ae644/NeonDrift_MVP/project/xcode_derived_data/Build/Products/Release-iphonesimulator/NeonDrift.run.1783753443.20835.app to /Users/dragonkao/Library/Developer/CoreSimulator/Devices/CC47DE7A-8196-4465-A5A5-BB852C9C6C82/data/Containers/Shared/SystemGroup/systemgroup.com.apple.installcoordinationd/Library/InstallCoordination/PromiseStaging/8C4B0B08-CC05-4CDD-AC9B-DEAA604FBC05/NeonDrift.run.1783753443.20835.app took 0.013269 seconds
2026-07-11 15:04:51.977 Df installcoordinationd[19154:2a657] [com.apple.installcoordination:daemon] -[IXSDataPromise _setPercentComplete:saveStateIfNeeded:]: Progress: <IXSPromisedTransferToPath(0x1014fd400) Name:App Asset: com.DefaultCompany.NeonDrift.run.1783753443.20835 Creator:InstallCoordination Simple SPI UUID:8C4B0B08-CC05-4CDD-AC9B-DEAA604FBC05 Location:[system-defined]>
2026-07-11 15:04:51.978 Df installcoordinationd[19154:2a657] [com.apple.installcoordination:daemon] -[IXSCoordinatedAppInstall promiseDidComplete:]: <IXSCoordinatedAppInstall<0x101618000> [P=CoreSimulatorBridge (pid 19008)] identifier:[com.DefaultCompany.NeonDrift.run.1783753443.20835/Invalid/[system-defined]] uuid:995943EB-42F8-43D8-A0AB-5D9FE0997745 intent:IXCoordinatorIntentInitiating creator/appDRI:InstallCoordination Simple SPI importance:UserWaiting state:IXAppCoordinationStatePlaceholderPromiseNotSet promise-state:0A2I4> : Promise completed: <IXSPromisedTransferToPath(0x1014fd400) Name:App Asset: com.DefaultCompany.NeonDrift.run.1783753443.20835 Creator:InstallCoordination Simple SPI UUID:8C4B0B08-CC05-4CDD-AC9B-DEAA604FBC05 Location:[system-defined]>
2026-07-11 15:04:51.978 Df installcoordinationd[19154:25044] [com.apple.appinstallation:TransactionLog] com.DefaultCompany.NeonDrift.run.1783753443.20835/Unknown Persona:4:10:1:1:App Asset Promise began. Coordinator State: IXAppCoordinationStatePlaceholderPromiseNotSet
2026-07-11 15:04:51.978 Df installcoordinationd[19154:25044] [com.apple.appinstallation:TransactionLog] com.DefaultCompany.NeonDrift.run.1783753443.20835/Unknown Persona:4:10:2:1:App Asset Promise completed. Coordinator State: IXAppCoordinationStatePlaceholderPromiseNotSet
2026-07-11 15:04:51.978 Df installcoordinationd[19154:2a654] [com.apple.installcoordination:daemon] -[IXSCoordinatedAppInstall setPlaceholderPromise:]: <IXSCoordinatedAppInstall<0x101618000> [P=CoreSimulatorBridge (pid 19008)] identifier:[com.DefaultCompany.NeonDrift.run.1783753443.20835/Invalid/[system-defined]] uuid:995943EB-42F8-43D8-A0AB-5D9FE0997745 intent:IXCoordinatorIntentInitiating creator/appDRI:InstallCoordination Simple SPI importance:UserWaiting state:IXAppCoordinationStateReadyForPlaceholderInstall promise-state:PA2I4> : Placeholder Promise set: <IXSPlaceholder(0x1015283c0) Name:App Placeholder: NeonDrift.run.1783753443.20835 (com.DefaultCompany.NeonDrift.run.1783753443.20835) Creator:InstallCoordination Simple SPI UUID:636EE778-EC32-40ED-8B7B-9404B4C490E8 Location:[system-defined]>
2026-07-11 15:04:51.978 Df CoreSimulatorBridge[19008:2a655] [com.apple.installcoordination:framework] -[IXAppInstallCoordinator _clientDelegate_promiseDidBeginFulfillmentWithIdentifier:]: <IXInitiatingAppInstallCoordinator<0x101488f80> identity:[com.DefaultCompany.NeonDrift.run.1783753443.20835/Invalid/[system-defined]] uuid:995943EB-42F8-43D8-A0AB-5D9FE0997745 creator:InstallCoordination Simple SPI>: Got promise did begin fulfillment for identifier 2
2026-07-11 15:04:51.978 Df CoreSimulatorBridge[19008:2a655] [com.apple.installcoordination:framework] -[IXAppInstallCoordinator _clientDelegate_promiseDidBeginFulfillmentWithIdentifier:]_block_invoke: <IXInitiatingAppInstallCoordinator<0x101488f80> identity:[com.DefaultCompany.NeonDrift.run.1783753443.20835/Invalid/[system-defined]] uuid:995943EB-42F8-43D8-A0AB-5D9FE0997745 creator:InstallCoordination Simple SPI>: Observer <_IXSimpleInstallerDelegate 0x0x101459c80> does not respond to coordinator:configuredPromiseDidBeginFulfillment: (or any deprecated equivalent)
2026-07-11 15:04:51.978 Df installcoordinationd[19154:2a654] [com.apple.installcoordination:daemon] -[IXSCoordinatedAppInstall _onQueue_acquireAssertionAndInstallPlaceholder]: Acquiring termination assertion to install placeholder for [com.DefaultCompany.NeonDrift.run.1783753443.20835/Invalid/[system-defined]]
2026-07-11 15:04:51.978 Df installcoordinationd[19154:2a654] [com.apple.installcoordination:daemon] -[IXSPendingOperationsTracker beginPendingOperationForIdentity:]_block_invoke: Beginning pending operation for [com.DefaultCompany.NeonDrift.run.1783753443.20835/Invalid/[system-defined]]
2026-07-11 15:04:51.979 Df installcoordinationd[19154:2a657] [com.apple.installcoordination:daemon] -[IXSCoordinatedAppInstall promiseDidComplete:]: <IXSCoordinatedAppInstall<0x101618000> [P=CoreSimulatorBridge (pid 19008)] identifier:[com.DefaultCompany.NeonDrift.run.1783753443.20835/Invalid/[system-defined]] uuid:995943EB-42F8-43D8-A0AB-5D9FE0997745 intent:IXCoordinatorIntentInitiating creator/appDRI:InstallCoordination Simple SPI importance:UserWaiting state:IXAppCoordinationStateWaitingForPlaceholderAssertion promise-state:PA2I4> : Promise completed: <IXSPlaceholder(0x1015283c0) Name:App Placeholder: NeonDrift.run.1783753443.20835 (com.DefaultCompany.NeonDrift.run.1783753443.20835) Creator:InstallCoordination Simple SPI UUID:636EE778-EC32-40ED-8B7B-9404B4C490E8 Location:[system-defined]>
2026-07-11 15:04:51.980 Df CoreSimulatorBridge[19008:2a656] [com.apple.installcoordination:framework] -[IXAppInstallCoordinator _clientDelegate_didUpdateProgress:forPhase:overallProgress:]: <IXInitiatingAppInstallCoordinator<0x101488f80> identity:[com.DefaultCompany.NeonDrift.run.1783753443.20835/Invalid/[system-defined]] uuid:995943EB-42F8-43D8-A0AB-5D9FE0997745 creator:InstallCoordination Simple SPI>: Got did update progress delegate with percentComplete 100.000000 phase IXCoordinatorProgressPhaseLoading overallProgress 60.000000
2026-07-11 15:04:51.980 Df CoreSimulatorBridge[19008:2a656] [com.apple.installcoordination:framework] -[IXAppInstallCoordinator _clientDelegate_didUpdateProgress:forPhase:overallProgress:]_block_invoke: <IXInitiatingAppInstallCoordinator<0x101488f80> identity:[com.DefaultCompany.NeonDrift.run.1783753443.20835/Invalid/[system-defined]] uuid:995943EB-42F8-43D8-A0AB-5D9FE0997745 creator:InstallCoordination Simple SPI>: Calling selector coordinator:didUpdateProgress:forPhase:overallProgress: on observer <_IXSimpleInstallerDelegate 0x0x101459c80>
2026-07-11 15:04:51.980 Df runningboardd[18981:2a660] [com.apple.runningboard:connection] Received termination request from [osservice<com.apple.installcoordinationd>:19154] on <RBSProcessPredicate <RBSProcessBundleIdentifierPredicate "com.DefaultCompany.NeonDrift.run.1783753443.20835">> with context <RBSTerminateContext| explanation:installcoordinationd app:[com.DefaultCompany.NeonDrift.run.1783753443.20835/Invalid/[system-defined]] uuid:995943EB-42F8-43D8-A0AB-5D9FE0997745 isPlaceholder:Y reportType:None maxTerminationResistance:Absolute attrs:[
	<RBSPreventLaunchLimitation| <RBSProcessPredicate <RBSProcessBundleIdentifierPredicate "com.DefaultCompany.NeonDrift.run.1783753443.20835">> allow:(null)>
	]>
2026-07-11 15:04:51.980 Df runningboardd[18981:2a660] [com.apple.runningboard:general] failed to get LSApplicationRecord for com.DefaultCompany.NeonDrift.run.1783753443.20835 - probably OK
2026-07-11 15:04:51.980 Df runningboardd[18981:2a660] [com.apple.runningboard:connection] skipping plugin hold for uninstalled proxy com.DefaultCompany.NeonDrift.run.1783753443.20835
2026-07-11 15:04:51.981 Df runningboardd[18981:2a660] [com.apple.runningboard:ttl] Acquiring assertion targeting system from originator [osservice<com.apple.installcoordinationd>:19154] with description <RBSAssertionDescriptor| "installcoordinationd app:[com.DefaultCompany.NeonDrift.run.1783753443.20835/Invalid/[system-defined]] uuid:995943EB-42F8-43D8-A0AB-5D9FE0997745 isPlaceholder:Y" ID:18981-19154-655 target:system attributes:[
	<RBSPreventLaunchLimitation| <RBSProcessPredicate <RBSProcessBundleIdentifierPredicate "com.DefaultCompany.NeonDrift.run.1783753443.20835">> allow:(null)>
	]>
2026-07-11 15:04:51.981 Df runningboardd[18981:2a660] [com.apple.runningboard:process] Executing termination request for: <RBSProcessPredicate <RBSProcessBundleIdentifierPredicate "com.DefaultCompany.NeonDrift.run.1783753443.20835">>
2026-07-11 15:04:51.981 Df installcoordinationd[19154:2a654] [com.apple.installcoordination:daemon] -[IXSCoordinatedAppInstall assertionAcquiredCallback]: RBS termination assertion observer called for <IXSCoordinatedAppInstall<0x101618000> [P=CoreSimulatorBridge (pid 19008)] identifier:[com.DefaultCompany.NeonDrift.run.1783753443.20835/Invalid/[system-defined]] uuid:995943EB-42F8-43D8-A0AB-5D9FE0997745 intent:IXCoordinatorIntentInitiating creator/appDRI:InstallCoordination Simple SPI importance:UserWaiting state:IXAppCoordinationStateWaitingForPlaceholderAssertion promise-state:PA2I4>
2026-07-11 15:04:51.981 Df installcoordinationd[19154:2a654] [com.apple.appinstallation:TransactionLog] com.DefaultCompany.NeonDrift.run.1783753443.20835/Unknown Persona:4:9:1:1:Placeholder Promise began. Coordinator State: IXAppCoordinationStateWaitingForPlaceholderAssertion
2026-07-11 15:04:51.981 Df SpringBoard[19125:24cf5] [com.apple.SpringBoard:Common] termination assertion acquired for com.DefaultCompany.NeonDrift.run.1783753443.20835 (app not found)
2026-07-11 15:04:51.981 Df installcoordinationd[19154:2a654] [com.apple.installcoordination:daemon] -[IXSCoordinatorProgress setTotalUnitsCompleted:]: Progress for coordinator: [com.DefaultCompany.NeonDrift.run.1783753443.20835/Invalid/[system-defined]], Phase: IXCoordinatorProgressPhaseLoading, Percentage: 100.000000: Attempt to set units completed on finished progress: 100
2026-07-11 15:04:51.981 Df installcoordinationd[19154:2a654] [com.apple.appinstallation:TransactionLog] com.DefaultCompany.NeonDrift.run.1783753443.20835/Unknown Persona:4:9:2:1:Placeholder Promise completed. Coordinator State: IXAppCoordinationStateWaitingForPlaceholderAssertion
2026-07-11 15:04:51.982 Df CoreSimulatorBridge[19008:2a655] [com.apple.installcoordination:framework] -[IXAppInstallCoordinator _clientDelegate_promiseDidBeginFulfillmentWithIdentifier:]: <IXInitiatingAppInstallCoordinator<0x101488f80> identity:[com.DefaultCompany.NeonDrift.run.1783753443.20835/Invalid/[system-defined]] uuid:995943EB-42F8-43D8-A0AB-5D9FE0997745 creator:InstallCoordination Simple SPI>: Got promise did begin fulfillment for identifier 1
2026-07-11 15:04:51.982 Df CoreSimulatorBridge[19008:2a655] [com.apple.installcoordination:framework] -[IXAppInstallCoordinator _clientDelegate_promiseDidBeginFulfillmentWithIdentifier:]_block_invoke: <IXInitiatingAppInstallCoordinator<0x101488f80> identity:[com.DefaultCompany.NeonDrift.run.1783753443.20835/Invalid/[system-defined]] uuid:995943EB-42F8-43D8-A0AB-5D9FE0997745 creator:InstallCoordination Simple SPI>: Observer <_IXSimpleInstallerDelegate 0x0x101459c80> does not respond to coordinator:configuredPromiseDidBeginFulfillment: (or any deprecated equivalent)
2026-07-11 15:04:51.982 Df installcoordinationd[19154:2a654] [com.apple.installcoordination:daemon] -[IXSCoordinatedAppInstall _onQueue_installPlaceholder]: Acquired termination assertion for placeholder [com.DefaultCompany.NeonDrift.run.1783753443.20835/Invalid/[system-defined]]; proceeding with install.
2026-07-11 15:04:51.983 Df installcoordinationd[19154:2a654] [com.apple.installcoordination:daemon] -[IXSPowerAssertion initWithAssertionName:details:]: Acquired power assertion IXPowerAssertion-12-[com.DefaultCompany.NeonDrift.run.1783753443.20835/Invalid/[system-defined]]
2026-07-11 15:04:51.983 Df installd[19168:2a666] (MobileSystemServices) 0x16dd8f000 -[MIClientConnection _doInstallationForURL:identity:domain:options:operationType:completion:]: Install of "/Users/dragonkao/Library/Developer/CoreSimulator/Devices/CC47DE7A-8196-4465-A5A5-BB852C9C6C82/data/Containers/Shared/SystemGroup/systemgroup.com.apple.installcoordinationd/Library/InstallCoordination/PromiseStaging/636EE778-EC32-40ED-8B7B-9404B4C490E8/NeonDrift.run.1783753443.20835.app" type Placeholder (LSInstallType = 1, Domain: MIInstallationDomainDefault) requested by installcoordinationd (pid 19154 (501/20))
2026-07-11 15:04:51.986 Df installd[19168:2a666] [com.apple.containermanager:xpc] Query; euid = 501, uid = 501, class = 1, identifier = [com.DefaultCompany.NeonDrift.run.1783753443.20835](1), flags = 300000002
2026-07-11 15:04:51.987 Df installd[19168:2a666] [com.apple.containermanager:xpc] Query; euid = 501, uid = 501, class = 1, identifier = [com.DefaultCompany.NeonDrift.run.1783753443.20835](1), flags = 300000002
2026-07-11 15:04:51.987 Df installd[19168:2a666] (MobileSystemServices) 0x16dd8f000 -[MIInstaller _installInstallable:containingSymlink:error:]: Installing <MIInstallableBundle ID=com.DefaultCompany.NeonDrift.run.1783753443.20835; Persona=com.apple.containermanager.primary-persona, Version=0, ShortVersion=1.0>
2026-07-11 15:04:51.987 Df installd[19168:2a666] [com.apple.appinstallation:TransactionLog] com.DefaultCompany.NeonDrift.run.1783753443.20835/com.apple.containermanager.primary-persona:7:4:1:1:Start : Install (Placeholder)
2026-07-11 15:04:51.989 Df installd[19168:2a666] [com.apple.containermanager:query] Query; euid = 501, uid = 501, class = 4, identifier = [com.DefaultCompany.NeonDrift.run.1783753443.20835](1), flags = 300000002
2026-07-11 15:04:51.989 Df installd[19168:2a666] [com.apple.containermanager:query] Query; euid = 501, uid = 501, class = 4, identifier = [com.DefaultCompany.NeonDrift.run.1783753443.20835](1), flags = 300000002
2026-07-11 15:04:51.989 Df installd[19168:2a666] [com.apple.containermanager:xpc] Query; euid = 501, uid = 501, class = 1, identifier = [com.DefaultCompany.NeonDrift.run.1783753443.20835](1), flags = 300000003
2026-07-11 15:04:51.990 E  containermanagerd_system[19026:248e2] [com.apple.containermanager:schema] [com.DefaultCompany.NeonDrift.run.1783753443.20835(1)] Current schema version (1) is newer than the latest (0), ignoring.
2026-07-11 15:04:51.990 Df containermanagerd_system[19026:248e2] [com.apple.containermanager:schema] [u 6D2763D3-09A6-4954-8A96-5A462DAD9C1E:p B3628DA0-0E78-4F6A-BB68-1AA947853284:c com.DefaultCompany.NeonDrift.run.1783753443.20835(1):i41246361] Successfully updated schema from (0) → (0), actions count = 0
2026-07-11 15:04:51.990 Df installd[19168:2a666] [com.apple.containermanager:xpc] Query; euid = 501, uid = 501, class = 1, identifier = [com.DefaultCompany.NeonDrift.run.1783753443.20835](1), flags = 300000002
2026-07-11 15:04:51.992 Df installd[19168:2a666] [com.apple.containermanager:query] Query; euid = 501, uid = 501, class = 2, identifier = [com.DefaultCompany.NeonDrift.run.1783753443.20835](1), flags = 300000003
2026-07-11 15:04:51.993 Df containermanagerd[19062:24983] [com.apple.containermanager:schema] [u A3F98CC5-F1F7-4076-8FE6-CA082B44EC33:p 71D9EECA-EC87-49BC-88C7-BAFF2E78B444:c com.DefaultCompany.NeonDrift.run.1783753443.20835(2):i41246364] Successfully updated schema from (0) → (1), actions count = 6
2026-07-11 15:04:51.994 Df installd[19168:2a666] [com.apple.containermanager:query] Query; euid = 501, uid = 501, class = 2, identifier = [com.DefaultCompany.NeonDrift.run.1783753443.20835](1), flags = 300000002
2026-07-11 15:04:51.995 Df installd[19168:2a666] (MobileSystemServices) 0x16dd8f000 -[MIInstallationJournalEntry _refreshUUIDForContainer:withError:]: Data container for com.DefaultCompany.NeonDrift.run.1783753443.20835 is now at /Users/dragonkao/Library/Developer/CoreSimulator/Devices/CC47DE7A-8196-4465-A5A5-BB852C9C6C82/data/Containers/Data/Application/4B2C7477-1F58-4DFB-8765-7559E93110BA
2026-07-11 15:04:51.996 Df containermanagerd[19062:24983] [com.apple.containermanager:schema] [u A3F98CC5-F1F7-4076-8FE6-CA082B44EC33:p 4B2C7477-1F58-4DFB-8765-7559E93110BA:c com.DefaultCompany.NeonDrift.run.1783753443.20835(2):i0] Successfully updated schema from (0) → (1), actions count = 6
2026-07-11 15:04:51.996 Df installd[19168:2a666] [com.apple.containermanager:unspecified] Replace; old = <NULL>, new = [temp-app:com.DefaultCompany.NeonDrift.run.1783753443.20835:501::(6D2763D3-09A6-4954-8A96-5A462DAD9C1E)]
2026-07-11 15:04:51.998 Df installd[19168:2a666] [com.apple.containermanager:xpc] Query; euid = 501, uid = 501, class = 1, identifier = [com.DefaultCompany.NeonDrift.run.1783753443.20835](1), flags = 300000002
2026-07-11 15:04:51.998 Df installd[19168:2a666] (MobileSystemServices) 0x16dd8f000 -[MIContainer makeContainerLiveReplacingContainer:reason:waitForDeletion:withError:]: Made container live for com.DefaultCompany.NeonDrift.run.1783753443.20835 at /Users/dragonkao/Library/Developer/CoreSimulator/Devices/CC47DE7A-8196-4465-A5A5-BB852C9C6C82/data/Containers/Bundle/Application/F3B30689-0DD1-492D-9C96-8CBC05AB5D36
2026-07-11 15:04:51.999 Df containermanagerd[19062:24983] [com.apple.containermanager:codesignmapping] Reconciled [com.DefaultCompany.NeonDrift.run.1783753443.20835]; old app groups: (null), new app groups: (null), old system groups: (null), new system groups: (null)
2026-07-11 15:04:51.999 Df installd[19168:2a666] [com.apple.containermanager:unspecified] Requesting disk usage; class = 1, identifier = com.DefaultCompany.NeonDrift.run.1783753443.20835
2026-07-11 15:04:52.001 Df installd[19168:2a666] [com.apple.containermanager:query] Query; euid = 501, uid = 501, class = 7, identifier = [com.DefaultCompany.NeonDrift.run.1783753443.20835](1), flags = 300000001
2026-07-11 15:04:52.002 Df SpringBoard[19125:24cf5] [com.apple.SpringBoard:Common] termination assertion released for com.DefaultCompany.NeonDrift.run.1783753443.20835 (app not found)
2026-07-11 15:04:52.008 Df installd[19168:2a666] (MobileSystemServices) 0x16dd8f000 -[MILaunchServicesOperationManager _onQueue_addPendingLaunchServicesOperation:error:]: Added pending LS operation <MILaunchServicesRegisterOperation: 9863F341-ACCD-4AC2-A4B1-C1EE553A6707:3 com.DefaultCompany.NeonDrift.run.1783753443.20835/MIInstallationDomainSystemShared personas:[com.apple.containermanager.primary-persona]>
2026-07-11 15:04:52.008 Df lsd[19029:27e7f] [com.apple.launchservices:appinstallation] Post installation registration: request to register com.DefaultCompany.NeonDrift.run.1783753443.20835, operation 9863F341-ACCD-4AC2-A4B1-C1EE553A6707, from pid 19168
2026-07-11 15:04:52.008 Df lsd[19029:27e7f] [com.apple.appinstallation:TransactionLog] com.DefaultCompany.NeonDrift.run.1783753443.20835/Unknown Persona:5:4:1:1:Registering bundles via registrant - start
2026-07-11 15:04:52.010 E  lsd[19029:27e7f] [com.apple.launchservices:default] LSStringLocalizer development region en not found in localizations available for bundle file:///Users/dragonkao/Library/Developer/CoreSimulator/Devices/CC47DE7A-8196-4465-A5A5-BB852C9C6C82/data/Containers/Bundle/Application/F3B30689-0DD1-492D-9C96-8CBC05AB5D36/NeonDrift.run.1783753443.20835.app/
2026-07-11 15:04:52.010 Df lsd[19029:27e7f] [com.apple.appinstallation:TransactionLog] com.DefaultCompany.NeonDrift.run.1783753443.20835/Unknown Persona:5:5:1:1:Building bundle record for app
2026-07-11 15:04:52.010 Df lsd[19029:27e7f] [com.apple.launchservices:appinstallation] No bundles to remove for com.DefaultCompany.NeonDrift.run.1783753443.20835
2026-07-11 15:04:52.010 Df lsd[19029:27e7f] [com.apple.launchservices:appinstallation] Placeholder detected - Flagging bundle com.DefaultCompany.NeonDrift.run.1783753443.20835 incomplete
2026-07-11 15:04:52.010 Df lsd[19029:27e7f] [com.apple.appinstallation:TransactionLog] com.DefaultCompany.NeonDrift.run.1783753443.20835/Unknown Persona:5:5:2:1:Built bundle record for app
2026-07-11 15:04:52.011 Df lsd[19029:27e7f] [com.apple.appinstallation:TransactionLog] com.DefaultCompany.NeonDrift.run.1783753443.20835/Unknown Persona:5:4:2:1:Registered bundle status = success
2026-07-11 15:04:52.012 Df lsd[19029:27e7f] [com.apple.appinstallation:TransactionLog] com.DefaultCompany.NeonDrift.run.1783753443.20835/Unknown Persona:5:4:2:1:Finished registering com.DefaultCompany.NeonDrift.run.1783753443.20835, bundle unit 660
2026-07-11 15:04:52.012 Df lsd[19029:27e7f] [com.apple.launchservices:progress] Sending applicationInstallsDidStart: for (
    "<LSApplicationProxy: 0x103334000> com.DefaultCompany.NeonDrift.run.1783753443.20835 file:///Users/dragonkao/Library/Developer/CoreSimulator/Devices/CC47DE7A-8196-4465-A5A5-BB852C9C6C82/data/Containers/Bundle/Application/F3B30689-0DD1-492D-9C96-8CBC05AB5D36/NeonDrift.run.1783753443.20835.app/ <com.DefaultCompany.NeonDrift.run.1783753443.20835 <placeholder >:1>"
)
2026-07-11 15:04:52.012 Df installd[19168:2a666] (MobileSystemServices) 0x16dd8f000 -[MIJournal purgeJournalEntry:withError:]: Removing journal entry <MIInstallationJournalEntry<0x1034d03c0> [com.DefaultCompany.NeonDrift.run.1783753443.20835/com.apple.containermanager.primary-persona/[system-defined]]/MIInstallationDomainSystemShared op:2 phase:JournalPhaseDidRegisterWithLS version:0>
2026-07-11 15:04:52.012 Df lsd[19029:27e7f] [com.apple.launchservices:progress] Created parent progress <NSProgress: com.DefaultCompany.NeonDrift.run.1783753443.20835 phase=InstallingPlaceholder; state=Waiting; finalPhase=Installing; fractionCompleted=0.000000>
2026-07-11 15:04:52.012 Df installd[19168:2a666] [com.apple.appinstallation:TransactionLog] com.DefaultCompany.NeonDrift.run.1783753443.20835/com.apple.containermanager.primary-persona:7:4:2:1:Success (End) : Install (Placeholder)
2026-07-11 15:04:52.012 Df installd[19168:2a666] (MobileSystemServices) 0x16dd8f000 -[MIInstaller _logOperationCompletionWithStartTime:distributorID:]: Install successful for (Placeholder:com.DefaultCompany.NeonDrift.run.1783753443.20835) [Distributor: (null)]; Staging: 0.00s; Waiting: 0.00s; Preflight/Patch: 0.00s, Verifying: 0.00s; Overall: 0.03s
2026-07-11 15:04:52.013 Df dasd[19004:2a678] [com.apple.launchservices:appinstallation] LaunchServices observer: InstallsStarted (
