2026-06-26 22:27:08.618 Df lsd[13177:89467c] [com.apple.launchservices:progress] #LSInstallProgressList add subscriber: <_NSProgressSubscriber: 0x1057c4450> publishingString: com.DefaultCompany.NeonDrift.run.1782483975.50560.Installing
2026-06-26 22:27:08.618 Df lsd[13177:89467c] [com.apple.launchservices:progress] Subscribing to com.DefaultCompany.NeonDrift.run.1782483975.50560.Installing
2026-06-26 22:27:08.618 Df installcoordinationd[26512:893469] [com.apple.launchservices:progress] Published install progress <NSProgress: com.DefaultCompany.NeonDrift.run.1782483975.50560.Installing phase=Installing; state=Waiting; finalPhase=Installing; fractionCompleted=0.000000>
2026-06-26 22:27:08.618 Df appprotectiond[26556:89351c] [com.apple.appprotection:server] processing settings authority event: SettingsAuthorityEvent.promotePreferenceFromProvisionalForApplication(com.DefaultCompany.NeonDrift.run.1782483975.50560)
2026-06-26 22:27:08.619 Df installd[26514:897423] (MobileSystemServices) 0x16bd27000 -[MIClientConnection _doInstallationForURL:identity:domain:options:operationType:completion:]: Install of "/Users/dragonkao/Library/Developer/CoreSimulator/Devices/115FDF0C-5A2F-4686-909B-7F43F1450A28/data/Containers/Shared/SystemGroup/systemgroup.com.apple.installcoordinationd/Library/InstallCoordination/PromiseStaging/EACE4E8D-AC64-46C5-ACB5-E18D4E28F20F/NeonDrift.run.1782483975.50560.app" type Developer (LSInstallType = 0, Domain: MIInstallationDomainDefault) requested by installcoordinationd (pid 26512 (501/20))
2026-06-26 22:27:08.623 Df CoreSimulatorBridge[13156:88f9d7] [com.apple.installcoordination:framework] -[IXAppInstallCoordinator _clientDelegate_didUpdateProgress:forPhase:overallProgress:]: <IXInitiatingAppInstallCoordinator<0x103458200> identity:[com.DefaultCompany.NeonDrift.run.1782483975.50560/Invalid/[system-defined]] uuid:673E7A9A-9879-496B-B572-F88E5DAFC7D7 creator:InstallCoordination Simple SPI>: Got did update progress delegate with percentComplete 5.000000 phase IXCoordinatorProgressPhaseInstalling overallProgress 62.000000
2026-06-26 22:27:08.623 Df CoreSimulatorBridge[13156:88f9d7] [com.apple.installcoordination:framework] -[IXAppInstallCoordinator _clientDelegate_didUpdateProgress:forPhase:overallProgress:]: <IXInitiatingAppInstallCoordinator<0x103458200> identity:[com.DefaultCompany.NeonDrift.run.1782483975.50560/Invalid/[system-defined]] uuid:673E7A9A-9879-496B-B572-F88E5DAFC7D7 creator:InstallCoordination Simple SPI>: Got did update progress delegate with percentComplete 15.000000 phase IXCoordinatorProgressPhaseInstalling overallProgress 66.000000
2026-06-26 22:27:08.623 Df CoreSimulatorBridge[13156:89740e] [com.apple.installcoordination:framework] -[IXAppInstallCoordinator _clientDelegate_didUpdateProgress:forPhase:overallProgress:]_block_invoke: <IXInitiatingAppInstallCoordinator<0x103458200> identity:[com.DefaultCompany.NeonDrift.run.1782483975.50560/Invalid/[system-defined]] uuid:673E7A9A-9879-496B-B572-F88E5DAFC7D7 creator:InstallCoordination Simple SPI>: Calling selector coordinator:didUpdateProgress:forPhase:overallProgress: on observer <_IXSimpleInstallerDelegate 0x0x101b1b3f0>
2026-06-26 22:27:08.623 Df CoreSimulatorBridge[13156:89740e] [com.apple.installcoordination:framework] -[IXAppInstallCoordinator _clientDelegate_didUpdateProgress:forPhase:overallProgress:]_block_invoke: <IXInitiatingAppInstallCoordinator<0x103458200> identity:[com.DefaultCompany.NeonDrift.run.1782483975.50560/Invalid/[system-defined]] uuid:673E7A9A-9879-496B-B572-F88E5DAFC7D7 creator:InstallCoordination Simple SPI>: Calling selector coordinator:didUpdateProgress:forPhase:overallProgress: on observer <_IXSimpleInstallerDelegate 0x0x101b1b3f0>
2026-06-26 22:27:08.624 Df CoreSimulatorBridge[13156:88f9d7] [com.apple.installcoordination:framework] -[IXAppInstallCoordinator _clientDelegate_didUpdateProgress:forPhase:overallProgress:]: <IXInitiatingAppInstallCoordinator<0x103458200> identity:[com.DefaultCompany.NeonDrift.run.1782483975.50560/Invalid/[system-defined]] uuid:673E7A9A-9879-496B-B572-F88E5DAFC7D7 creator:InstallCoordination Simple SPI>: Got did update progress delegate with percentComplete 20.000000 phase IXCoordinatorProgressPhaseInstalling overallProgress 68.000000
2026-06-26 22:27:08.624 Df CoreSimulatorBridge[13156:88f9d7] [com.apple.installcoordination:framework] -[IXAppInstallCoordinator _clientDelegate_didUpdateProgress:forPhase:overallProgress:]_block_invoke: <IXInitiatingAppInstallCoordinator<0x103458200> identity:[com.DefaultCompany.NeonDrift.run.1782483975.50560/Invalid/[system-defined]] uuid:673E7A9A-9879-496B-B572-F88E5DAFC7D7 creator:InstallCoordination Simple SPI>: Calling selector coordinator:didUpdateProgress:forPhase:overallProgress: on observer <_IXSimpleInstallerDelegate 0x0x101b1b3f0>
2026-06-26 22:27:08.625 Df SpringBoard[13125:4bdd22] [com.apple.appinstallation:TransactionLog] com.DefaultCompany.NeonDrift.run.1782483975.50560/Unknown Persona:10:1:3:1:Created icon for placeholder.
2026-06-26 22:27:08.626 Df siriactionsd[13192:8934fc] [com.apple.shortcuts:Daemon] Dispatching XPC event: <distributed notification: com.apple.LaunchServices.applicationRegistered, userInfo: [AnyHashable("bundleIDs"): <__NSSingleObjectArrayI 0x101deae60>(
com.DefaultCompany.NeonDrift.run.1782483975.50560
)
, AnyHashable("isPlaceholder"): 1]>
2026-06-26 22:27:08.626 Df installd[26514:897423] [com.apple.containermanager:xpc] Query; euid = 501, uid = 501, class = 1, identifier = [com.DefaultCompany.NeonDrift.run.1782483975.50560](1), flags = 300000002
2026-06-26 22:27:08.626 Df SpringBoard[13125:4bdd22] [com.apple.frontboard.ApplicationLibrary:sb.placeholder] Placeholders added: (
    "<SBApplicationPlaceholder: 0x12eb27e40; bundleIdentifier: com.DefaultCompany.NeonDrift.run.1782483975.50560; displayName: NeonDrift.run.1782483975.50560>"
), modified: (
), removed: (null)
2026-06-26 22:27:08.626 Df siriactionsd[13192:8934fc] [com.apple.shortcuts:XPCEvent] Dispatching XPC event: <distributed notification: com.apple.LaunchServices.applicationRegistered, userInfo: [AnyHashable("bundleIDs"): <__NSSingleObjectArrayI 0x101deae60>(
com.DefaultCompany.NeonDrift.run.1782483975.50560
)
, AnyHashable("isPlaceholder"): 1]>
2026-06-26 22:27:08.626 Df SpringBoard[13125:4bdd22] [com.apple.launchservices:progress] Got progress <NSProgress: com.DefaultCompany.NeonDrift.run.1782483975.50560 phase=InstallingPlaceholder; state=Finished; finalPhase=Installing; fractionCompleted=0.000000> for app com.DefaultCompany.NeonDrift.run.1782483975.50560,
2026-06-26 22:27:08.626 Df siriactionsd[13192:8934fc] [com.apple.shortcuts:Daemon] Firing event: <distributed notification: com.apple.LaunchServices.applicationRegistered, userInfo: [AnyHashable("bundleIDs"): <__NSSingleObjectArrayI 0x101deae60>(
com.DefaultCompany.NeonDrift.run.1782483975.50560
)
, AnyHashable("isPlaceholder"): 1]>
2026-06-26 22:27:08.626 E  siriactionsd[13192:8934fc] [com.apple.shortcuts:Daemon] Received an event that we do not have a DaemonTask for: <distributed notification: com.apple.LaunchServices.applicationRegistered, userInfo: [AnyHashable("bundleIDs"): <__NSSingleObjectArrayI 0x101deae60>(
com.DefaultCompany.NeonDrift.run.1782483975.50560
)
, AnyHashable("isPlaceholder"): 1]>. This is a serious programming error that might lead to missed messages and stuck streams.
2026-06-26 22:27:08.626 Df installd[26514:897423] [com.apple.containermanager:xpc] Query; euid = 501, uid = 501, class = 1, identifier = [com.DefaultCompany.NeonDrift.run.1782483975.50560](1), flags = 300000002
2026-06-26 22:27:08.627 Df SpringBoard[13125:4bdd22] [com.apple.appinstallation:TransactionLog] com.DefaultCompany.NeonDrift.run.1782483975.50560/Unknown Persona:10:2:3:1:Reloading icon image.
2026-06-26 22:27:08.627 Df appprotectiond[26556:897471] [com.apple.appprotection:server] Received distnoted event <dictionary: 0x101108000> { count = 3, transaction: 0, voucher = 0x101148730, contents =
	"UserInfo" => <dictionary: 0x101035140> { count = 2, transaction: 0, voucher = 0x0, contents =
		"isPlaceholder" => <bool: 0x1e6e64540>: true
		"bundleIDs" => <array: 0x10103db30> { count = 1, capacity = 1, contents =
			0: <string: 0x10103cc90> { string cache = 0x0, length = 49, contents = "com.DefaultCompany.NeonDrift.run.1782483975.50560" }
		}
	}
	"Name" => <string: 0x10103ce70> { string cache = 0x0, length = 46, contents = "com.apple.LaunchServices.applicationRegistered" }
	"XPCEventName" => <string: 0x10103de90> { string cache = 0x0, length = 21, contents = "ApplicationRegistered" }
}
2026-06-26 22:27:08.628 Df appprotectiond[26556:897471] [com.apple.appprotection:server] received note: name = com.apple.LaunchServices.applicationRegistered, object = Optional(AppProtection.DistnotedXPCEventStreamTranslator), userInfo = Optional([AnyHashable("bundleIDs"): <__NSSingleObjectArrayI 0x1011e41e0>(
com.DefaultCompany.NeonDrift.run.1782483975.50560
)
, AnyHashable("isPlaceholder"): 1])
2026-06-26 22:27:08.628 Df SpringBoard[13125:4bdd22] [com.apple.SpringBoard:Common] termination assertion acquired for com.DefaultCompany.NeonDrift.run.1782483975.50560 (app not found)
2026-06-26 22:27:08.628 Df SpringBoard[13125:4bdd22] [com.apple.appinstallation:TransactionLog] com.DefaultCompany.NeonDrift.run.1782483975.50560/Unknown Persona:10:2:3:1:Reloading icon image.
2026-06-26 22:27:08.628 Df liveactivitiesd[26558:763bd7] [com.apple.launchservices:progress] Got progress <NSProgress: com.DefaultCompany.NeonDrift.run.1782483975.50560 phase=Installing; state=Active; finalPhase=Installing; fractionCompleted=0.600000> for app com.DefaultCompany.NeonDrift.run.1782483975.50560,
2026-06-26 22:27:08.628 Df liveactivitiesd[26558:89746f] [com.apple.launchservices:progress] #LSInstallProgressList add subscriber: <_NSProgressSubscriber: 0x105becd20> publishingString: com.DefaultCompany.NeonDrift.run.1782483975.50560
2026-06-26 22:27:08.628 Df liveactivitiesd[26558:89746f] [com.apple.launchservices:progress] Subscribing to progress for app com.DefaultCompany.NeonDrift.run.1782483975.50560,
2026-06-26 22:27:08.629 Df installd[26514:897423] [com.apple.containermanager:xpc] Query; euid = 501, uid = 501, class = 1, identifier = [com.DefaultCompany.NeonDrift.run.1782483975.50560](1), flags = 300000002
2026-06-26 22:27:08.629 Df installcoordinationd[26512:897414] [com.apple.installcoordination:daemon] -[IXSCoordinatorProgress setTotalUnitsCompleted:]: Progress for coordinator: [com.DefaultCompany.NeonDrift.run.1782483975.50560/Invalid/[system-defined]], Phase: IXCoordinatorProgressPhaseInstalling, Percentage: 20.000000: Attempt to set units completed on finished progress: 20
2026-06-26 22:27:08.629 Df installd[26514:897423] [com.apple.containermanager:xpc] Query; euid = 501, uid = 501, class = 1, identifier = [com.DefaultCompany.NeonDrift.run.1782483975.50560](1), flags = 300000002
2026-06-26 22:27:08.630 Df SpringBoard[13125:4bdd22] [com.apple.appinstallation:TransactionLog] com.DefaultCompany.NeonDrift.run.1782483975.50560/Unknown Persona:10:2:3:1:Reloading icon image.
2026-06-26 22:27:08.631 Df installd[26514:897423] (MobileSystemServices) 0x16bd27000 -[MIInstaller _installInstallable:containingSymlink:error:]: Installing <MIInstallableBundle ID=com.DefaultCompany.NeonDrift.run.1782483975.50560; Persona=com.apple.containermanager.primary-persona, Version=0, ShortVersion=1.0>
2026-06-26 22:27:08.631 Df installd[26514:897423] [com.apple.appinstallation:TransactionLog] com.DefaultCompany.NeonDrift.run.1782483975.50560/com.apple.containermanager.primary-persona:7:5:1:1:Start : Install (New)
2026-06-26 22:27:08.631 Df CoreSimulatorBridge[13156:88f9d7] [com.apple.installcoordination:framework] -[IXAppInstallCoordinator _clientDelegate_didUpdateProgress:forPhase:overallProgress:]: <IXInitiatingAppInstallCoordinator<0x103458200> identity:[com.DefaultCompany.NeonDrift.run.1782483975.50560/Invalid/[system-defined]] uuid:673E7A9A-9879-496B-B572-F88E5DAFC7D7 creator:InstallCoordination Simple SPI>: Got did update progress delegate with percentComplete 30.000000 phase IXCoordinatorProgressPhaseInstalling overallProgress 72.000000
2026-06-26 22:27:08.632 Df CoreSimulatorBridge[13156:88f9d7] [com.apple.installcoordination:framework] -[IXAppInstallCoordinator _clientDelegate_didUpdateProgress:forPhase:overallProgress:]_block_invoke: <IXInitiatingAppInstallCoordinator<0x103458200> identity:[com.DefaultCompany.NeonDrift.run.1782483975.50560/Invalid/[system-defined]] uuid:673E7A9A-9879-496B-B572-F88E5DAFC7D7 creator:InstallCoordination Simple SPI>: Calling selector coordinator:didUpdateProgress:forPhase:overallProgress: on observer <_IXSimpleInstallerDelegate 0x0x101b1b3f0>
2026-06-26 22:27:08.632 Df appprotectiond[26556:89351c] [com.apple.appprotection:server] processing settings authority event: SettingsAuthorityEvent.promotePreferenceFromProvisionalForApplication(com.DefaultCompany.NeonDrift.run.1782483975.50560)
2026-06-26 22:27:08.633 Df PosterBoard[13202:893525] [com.apple.launchservices:appinstallation] LaunchServices observer: MetadataUpdate (
    "com.DefaultCompany.NeonDrift.run.1782483975.50560"
)
2026-06-26 22:27:08.635 Df PosterBoard[13202:893525] [com.apple.launchservices:appinstallation] LaunchServices observer: InstallsStarted (
    "<LSApplicationProxy: 0x10626cb40> com.DefaultCompany.NeonDrift.run.1782483975.50560 file:///Users/dragonkao/Library/Developer/CoreSimulator/Devices/115FDF0C-5A2F-4686-909B-7F43F1450A28/data/Containers/Bundle/Application/408B1D37-61E2-4335-B604-C36D62EAD5FB/NeonDrift.run.1782483975.50560.app/ <com.DefaultCompany.NeonDrift.run.1782483975.50560 <placeholder >:1>"
)
2026-06-26 22:27:08.635 Df installd[26514:897423] [com.apple.containermanager:query] Query; euid = 501, uid = 501, class = 4, identifier = [com.DefaultCompany.NeonDrift.run.1782483975.50560](1), flags = 300000002
2026-06-26 22:27:08.636 Df CoreSimulatorBridge[13156:89740e] [com.apple.installcoordination:framework] -[IXAppInstallCoordinator _clientDelegate_didUpdateProgress:forPhase:overallProgress:]: <IXInitiatingAppInstallCoordinator<0x103458200> identity:[com.DefaultCompany.NeonDrift.run.1782483975.50560/Invalid/[system-defined]] uuid:673E7A9A-9879-496B-B572-F88E5DAFC7D7 creator:InstallCoordination Simple SPI>: Got did update progress delegate with percentComplete 40.000000 phase IXCoordinatorProgressPhaseInstalling overallProgress 76.000000
2026-06-26 22:27:08.636 Df CoreSimulatorBridge[13156:89740e] [com.apple.installcoordination:framework] -[IXAppInstallCoordinator _clientDelegate_didUpdateProgress:forPhase:overallProgress:]_block_invoke: <IXInitiatingAppInstallCoordinator<0x103458200> identity:[com.DefaultCompany.NeonDrift.run.1782483975.50560/Invalid/[system-defined]] uuid:673E7A9A-9879-496B-B572-F88E5DAFC7D7 creator:InstallCoordination Simple SPI>: Calling selector coordinator:didUpdateProgress:forPhase:overallProgress: on observer <_IXSimpleInstallerDelegate 0x0x101b1b3f0>
2026-06-26 22:27:08.636 Df installd[26514:897423] [com.apple.containermanager:query] Query; euid = 501, uid = 501, class = 4, identifier = [com.DefaultCompany.NeonDrift.run.1782483975.50560](1), flags = 300000002
2026-06-26 22:27:08.636 Df installd[26514:897423] [com.apple.containermanager:xpc] Query; euid = 501, uid = 501, class = 1, identifier = [com.DefaultCompany.NeonDrift.run.1782483975.50560](1), flags = 300000003
2026-06-26 22:27:08.636 Df CoreSimulatorBridge[13156:88f9d7] [com.apple.installcoordination:framework] -[IXAppInstallCoordinator _clientDelegate_didUpdateProgress:forPhase:overallProgress:]: <IXInitiatingAppInstallCoordinator<0x103458200> identity:[com.DefaultCompany.NeonDrift.run.1782483975.50560/Invalid/[system-defined]] uuid:673E7A9A-9879-496B-B572-F88E5DAFC7D7 creator:InstallCoordination Simple SPI>: Got did update progress delegate with percentComplete 50.000000 phase IXCoordinatorProgressPhaseInstalling overallProgress 80.000000
2026-06-26 22:27:08.636 Df CoreSimulatorBridge[13156:88f9d7] [com.apple.installcoordination:framework] -[IXAppInstallCoordinator _clientDelegate_didUpdateProgress:forPhase:overallProgress:]_block_invoke: <IXInitiatingAppInstallCoordinator<0x103458200> identity:[com.DefaultCompany.NeonDrift.run.1782483975.50560/Invalid/[system-defined]] uuid:673E7A9A-9879-496B-B572-F88E5DAFC7D7 creator:InstallCoordination Simple SPI>: Calling selector coordinator:didUpdateProgress:forPhase:overallProgress: on observer <_IXSimpleInstallerDelegate 0x0x101b1b3f0>
2026-06-26 22:27:08.636 E  containermanagerd_system[13173:88d923] [com.apple.containermanager:schema] [com.DefaultCompany.NeonDrift.run.1782483975.50560(1)] Current schema version (1) is newer than the latest (0), ignoring.
2026-06-26 22:27:08.637 Df containermanagerd_system[13173:88d923] [com.apple.containermanager:schema] [u C54D1FB9-2E55-4C7B-AE17-5B75E21AAAC3:p 5F887324-3C08-4A19-9146-4650A695D493:c com.DefaultCompany.NeonDrift.run.1782483975.50560(1):i31326859] Successfully updated schema from (0) → (0), actions count = 0
2026-06-26 22:27:08.637 Df installd[26514:897423] [com.apple.containermanager:xpc] Query; euid = 501, uid = 501, class = 1, identifier = [com.DefaultCompany.NeonDrift.run.1782483975.50560](1), flags = 300000002
2026-06-26 22:27:08.638 Df CoreSimulatorBridge[13156:89740e] [com.apple.installcoordination:framework] -[IXAppInstallCoordinator _clientDelegate_didUpdateProgress:forPhase:overallProgress:]: <IXInitiatingAppInstallCoordinator<0x103458200> identity:[com.DefaultCompany.NeonDrift.run.1782483975.50560/Invalid/[system-defined]] uuid:673E7A9A-9879-496B-B572-F88E5DAFC7D7 creator:InstallCoordination Simple SPI>: Got did update progress delegate with percentComplete 60.000000 phase IXCoordinatorProgressPhaseInstalling overallProgress 84.000000
2026-06-26 22:27:08.638 Df CoreSimulatorBridge[13156:89740e] [com.apple.installcoordination:framework] -[IXAppInstallCoordinator _clientDelegate_didUpdateProgress:forPhase:overallProgress:]_block_invoke: <IXInitiatingAppInstallCoordinator<0x103458200> identity:[com.DefaultCompany.NeonDrift.run.1782483975.50560/Invalid/[system-defined]] uuid:673E7A9A-9879-496B-B572-F88E5DAFC7D7 creator:InstallCoordination Simple SPI>: Calling selector coordinator:didUpdateProgress:forPhase:overallProgress: on observer <_IXSimpleInstallerDelegate 0x0x101b1b3f0>
2026-06-26 22:27:08.640 Df installd[26514:897423] [com.apple.containermanager:query] Query; euid = 501, uid = 501, class = 2, identifier = [com.DefaultCompany.NeonDrift.run.1782483975.50560](1), flags = 300000003
2026-06-26 22:27:08.640 Df CoreSimulatorBridge[13156:88f9d7] [com.apple.installcoordination:framework] -[IXAppInstallCoordinator _clientDelegate_didUpdateProgress:forPhase:overallProgress:]: <IXInitiatingAppInstallCoordinator<0x103458200> identity:[com.DefaultCompany.NeonDrift.run.1782483975.50560/Invalid/[system-defined]] uuid:673E7A9A-9879-496B-B572-F88E5DAFC7D7 creator:InstallCoordination Simple SPI>: Got did update progress delegate with percentComplete 70.000000 phase IXCoordinatorProgressPhaseInstalling overallProgress 88.000000
2026-06-26 22:27:08.640 Df CoreSimulatorBridge[13156:88f9d7] [com.apple.installcoordination:framework] -[IXAppInstallCoordinator _clientDelegate_didUpdateProgress:forPhase:overallProgress:]_block_invoke: <IXInitiatingAppInstallCoordinator<0x103458200> identity:[com.DefaultCompany.NeonDrift.run.1782483975.50560/Invalid/[system-defined]] uuid:673E7A9A-9879-496B-B572-F88E5DAFC7D7 creator:InstallCoordination Simple SPI>: Calling selector coordinator:didUpdateProgress:forPhase:overallProgress: on observer <_IXSimpleInstallerDelegate 0x0x101b1b3f0>
2026-06-26 22:27:08.640 Df installd[26514:897423] [com.apple.containermanager:query] Query; euid = 501, uid = 501, class = 2, identifier = [com.DefaultCompany.NeonDrift.run.1782483975.50560](1), flags = 300000002
2026-06-26 22:27:08.648 Df CoreSimulatorBridge[13156:89740e] [com.apple.installcoordination:framework] -[IXAppInstallCoordinator _clientDelegate_didUpdateProgress:forPhase:overallProgress:]: <IXInitiatingAppInstallCoordinator<0x103458200> identity:[com.DefaultCompany.NeonDrift.run.1782483975.50560/Invalid/[system-defined]] uuid:673E7A9A-9879-496B-B572-F88E5DAFC7D7 creator:InstallCoordination Simple SPI>: Got did update progress delegate with percentComplete 80.000000 phase IXCoordinatorProgressPhaseInstalling overallProgress 92.000000
2026-06-26 22:27:08.648 Df CoreSimulatorBridge[13156:89740e] [com.apple.installcoordination:framework] -[IXAppInstallCoordinator _clientDelegate_didUpdateProgress:forPhase:overallProgress:]_block_invoke: <IXInitiatingAppInstallCoordinator<0x103458200> identity:[com.DefaultCompany.NeonDrift.run.1782483975.50560/Invalid/[system-defined]] uuid:673E7A9A-9879-496B-B572-F88E5DAFC7D7 creator:InstallCoordination Simple SPI>: Calling selector coordinator:didUpdateProgress:forPhase:overallProgress: on observer <_IXSimpleInstallerDelegate 0x0x101b1b3f0>
2026-06-26 22:27:08.649 Df installd[26514:897423] (MobileSystemServices) 0x16bd27000 -[MIInstallationJournalEntry _refreshUUIDForContainer:withError:]: Data container for com.DefaultCompany.NeonDrift.run.1782483975.50560 is now at /Users/dragonkao/Library/Developer/CoreSimulator/Devices/115FDF0C-5A2F-4686-909B-7F43F1450A28/data/Containers/Data/Application/86735E11-5B3F-4345-AFD4-0BD6B1A1CEA4
2026-06-26 22:27:08.649 Df containermanagerd[13188:763a70] [com.apple.containermanager:schema] [u 88CBF3F4-4FD5-4103-9578-C6D2C8B7224F:p 86735E11-5B3F-4345-AFD4-0BD6B1A1CEA4:c com.DefaultCompany.NeonDrift.run.1782483975.50560(2):i0] Successfully updated schema from (0) → (1), actions count = 6
2026-06-26 22:27:08.649 Df installd[26514:897423] [com.apple.containermanager:unspecified] Replace; old = [app:com.DefaultCompany.NeonDrift.run.1782483975.50560:501::(35A3D1EF-99DC-4FAE-A0E6-6674F148BCEA)], new = [temp-app:com.DefaultCompany.NeonDrift.run.1782483975.50560:501::(C54D1FB9-2E55-4C7B-AE17-5B75E21AAAC3)]
2026-06-26 22:27:08.652 Df installd[26514:897423] [com.apple.containermanager:xpc] Query; euid = 501, uid = 501, class = 1, identifier = [com.DefaultCompany.NeonDrift.run.1782483975.50560](1), flags = 300000002
2026-06-26 22:27:08.652 Df installd[26514:897423] (MobileSystemServices) 0x16bd27000 -[MIContainer makeContainerLiveReplacingContainer:reason:waitForDeletion:withError:]: Made container live for com.DefaultCompany.NeonDrift.run.1782483975.50560 at /Users/dragonkao/Library/Developer/CoreSimulator/Devices/115FDF0C-5A2F-4686-909B-7F43F1450A28/data/Containers/Bundle/Application/43ECB75B-94FB-48F7-A135-D42140F26F70
2026-06-26 22:27:08.653 Df installd[26514:897423] [com.apple.containermanager:xpc] Query; euid = 501, uid = 501, class = 1, identifier = [com.DefaultCompany.NeonDrift.run.1782483975.50560](1), flags = 300000002
2026-06-26 22:27:08.655 Df CoreSimulatorBridge[13156:89740e] [com.apple.installcoordination:framework] -[IXAppInstallCoordinator _clientDelegate_didUpdateProgress:forPhase:overallProgress:]: <IXInitiatingAppInstallCoordinator<0x103458200> identity:[com.DefaultCompany.NeonDrift.run.1782483975.50560/Invalid/[system-defined]] uuid:673E7A9A-9879-496B-B572-F88E5DAFC7D7 creator:InstallCoordination Simple SPI>: Got did update progress delegate with percentComplete 90.000000 phase IXCoordinatorProgressPhaseInstalling overallProgress 96.000000
2026-06-26 22:27:08.655 Df CoreSimulatorBridge[13156:89740e] [com.apple.installcoordination:framework] -[IXAppInstallCoordinator _clientDelegate_didUpdateProgress:forPhase:overallProgress:]_block_invoke: <IXInitiatingAppInstallCoordinator<0x103458200> identity:[com.DefaultCompany.NeonDrift.run.1782483975.50560/Invalid/[system-defined]] uuid:673E7A9A-9879-496B-B572-F88E5DAFC7D7 creator:InstallCoordination Simple SPI>: Calling selector coordinator:didUpdateProgress:forPhase:overallProgress: on observer <_IXSimpleInstallerDelegate 0x0x101b1b3f0>
2026-06-26 22:27:08.655 Df containermanagerd[13188:763a70] [com.apple.containermanager:codesignmapping] Reconciled [com.DefaultCompany.NeonDrift.run.1782483975.50560]; old app groups: (null), new app groups: (null), old system groups: (null), new system groups: (null)
2026-06-26 22:27:08.655 Df installd[26514:897423] [com.apple.containermanager:unspecified] Requesting disk usage; class = 1, identifier = com.DefaultCompany.NeonDrift.run.1782483975.50560
2026-06-26 22:27:08.657 Df installd[26514:897423] [com.apple.containermanager:query] Query; euid = 501, uid = 501, class = 7, identifier = [com.DefaultCompany.NeonDrift.run.1782483975.50560](1), flags = 300000001
2026-06-26 22:27:08.658 Df SpringBoard[13125:4bdd22] [com.apple.SpringBoard:Common] termination assertion released for com.DefaultCompany.NeonDrift.run.1782483975.50560 (app not found)
2026-06-26 22:27:08.660 Df installd[26514:897423] (MobileSystemServices) 0x16bd27000 -[MILaunchServicesOperationManager _onQueue_addPendingLaunchServicesOperation:error:]: Added pending LS operation <MILaunchServicesRegisterOperation: 23CD7662-2AA3-41DD-9CB7-98EF7F471347:108 com.DefaultCompany.NeonDrift.run.1782483975.50560/MIInstallationDomainSystemShared personas:[com.apple.containermanager.primary-persona]>
2026-06-26 22:27:08.661 Df lsd[13177:89743b] [com.apple.launchservices:appinstallation] Post installation registration: request to register com.DefaultCompany.NeonDrift.run.1782483975.50560, operation 23CD7662-2AA3-41DD-9CB7-98EF7F471347, from pid 26514
2026-06-26 22:27:08.661 Df lsd[13177:89743b] [com.apple.appinstallation:TransactionLog] com.DefaultCompany.NeonDrift.run.1782483975.50560/Unknown Persona:5:4:1:1:Registering bundles via registrant - start
2026-06-26 22:27:08.663 Df lsd[13177:89743b] [com.apple.appinstallation:TransactionLog] com.DefaultCompany.NeonDrift.run.1782483975.50560/Unknown Persona:5:5:1:1:Building bundle record for app
2026-06-26 22:27:08.663 Df lsd[13177:89743b] [com.apple.launchservices:appinstallation] Removed existing registered placeholder for com.DefaultCompany.NeonDrift.run.1782483975.50560
2026-06-26 22:27:08.663 Df lsd[13177:89743b] [com.apple.appinstallation:TransactionLog] com.DefaultCompany.NeonDrift.run.1782483975.50560/Unknown Persona:5:5:2:1:Built bundle record for app
2026-06-26 22:27:08.664 Df lsd[13177:89743b] [com.apple.launchservices:icons] clearAlternateNameForBundleIdentifier: won't clear for com.DefaultCompany.NeonDrift.run.1782483975.50560
2026-06-26 22:27:08.664 Df lsd[13177:89743b] [com.apple.appinstallation:TransactionLog] com.DefaultCompany.NeonDrift.run.1782483975.50560/Unknown Persona:5:4:2:1:Registered bundle status = success
2026-06-26 22:27:08.664 Df lsd[13177:89743b] [com.apple.appinstallation:TransactionLog] com.DefaultCompany.NeonDrift.run.1782483975.50560/Unknown Persona:5:4:2:1:Finished registering com.DefaultCompany.NeonDrift.run.1782483975.50560, bundle unit 754
2026-06-26 22:27:08.664 Df lsd[13177:89467c] [com.apple.launchservices:progress] Installation ended for com.DefaultCompany.NeonDrift.run.1782483975.50560 with state 5
2026-06-26 22:27:08.664 Df lsd[13177:89467c] [com.apple.launchservices:progress] Discarding proportions for com.DefaultCompany.NeonDrift.run.1782483975.50560
2026-06-26 22:27:08.664 Df lsd[13177:897460] [com.apple.launchservices:progress] Sending applicationsDidInstall: for (
    "<LSApplicationProxy: 0x1057d8000> com.DefaultCompany.NeonDrift.run.1782483975.50560 file:///Users/dragonkao/Library/Developer/CoreSimulator/Devices/115FDF0C-5A2F-4686-909B-7F43F1450A28/data/Containers/Bundle/Application/43ECB75B-94FB-48F7-A135-D42140F26F70/NeonDrift.run.1782483975.50560.app/ <com.DefaultCompany.NeonDrift.run.1782483975.50560 <installed >:0>"
)
2026-06-26 22:27:08.664 Df installd[26514:897423] (MobileSystemServices) 0x16bd27000 -[MIJournal purgeJournalEntry:withError:]: Removing journal entry <MIInstallationJournalEntry<0x1050b0780> [com.DefaultCompany.NeonDrift.run.1782483975.50560/com.apple.containermanager.primary-persona/[system-defined]]/MIInstallationDomainSystemShared op:1 phase:JournalPhaseDidRegisterWithLS version:0>
2026-06-26 22:27:08.664 Df liveactivitiesd[26558:763bd7] [com.apple.launchservices:progress] Unpublishing progress block called for app com.DefaultCompany.NeonDrift.run.1782483975.50560
2026-06-26 22:27:08.664 Df liveactivitiesd[26558:89746f] [com.apple.launchservices:progress] #LSInstallProgressList remove subscriber: <_NSProgressSubscriber: 0x105becd20> publishingString: com.DefaultCompany.NeonDrift.run.1782483975.50560
2026-06-26 22:27:08.664 Df installd[26514:897423] [com.apple.appinstallation:TransactionLog] com.DefaultCompany.NeonDrift.run.1782483975.50560/com.apple.containermanager.primary-persona:7:5:2:1:Success (End) : Install (New)
2026-06-26 22:27:08.664 Df installd[26514:897423] (MobileSystemServices) 0x16bd27000 -[MIInstaller _logOperationCompletionWithStartTime:distributorID:]: Install successful for (Developer:com.DefaultCompany.NeonDrift.run.1782483975.50560) [Distributor: (null)]; Staging: 0.00s; Waiting: 0.00s; Preflight/Patch: 0.00s, Verifying: 0.00s; Overall: 0.05s
2026-06-26 22:27:08.665 Df appstored[13277:897442] [com.apple.launchservices:appinstallation] Received applicationsDidInstall:(
    "<LSApplicationProxy: 0x1027f0000> com.DefaultCompany.NeonDrift.run.1782483975.50560 file:///Users/dragonkao/Library/Developer/CoreSimulator/Devices/115FDF0C-5A2F-4686-909B-7F43F1450A28/data/Containers/Bundle/Application/43ECB75B-94FB-48F7-A135-D42140F26F70/NeonDrift.run.1782483975.50560.app/ <com.DefaultCompany.NeonDrift.run.1782483975.50560 <installed >:0>"
)
2026-06-26 22:27:08.665 Df healthappd[13951:897444] [com.apple.launchservices:appinstallation] Received applicationsDidInstall:(
    "<LSApplicationProxy: 0x10f89c780> com.DefaultCompany.NeonDrift.run.1782483975.50560 file:///Users/dragonkao/Library/Developer/CoreSimulator/Devices/115FDF0C-5A2F-4686-909B-7F43F1450A28/data/Containers/Bundle/Application/43ECB75B-94FB-48F7-A135-D42140F26F70/NeonDrift.run.1782483975.50560.app/ <com.DefaultCompany.NeonDrift.run.1782483975.50560 <installed >:0>"
)
2026-06-26 22:27:08.665 Df runningboardd[13128:89741c] [com.apple.launchservices:appinstallation] Received applicationsDidInstall:(
    "<LSApplicationProxy: 0x104d98000> com.DefaultCompany.NeonDrift.run.1782483975.50560 file:///Users/dragonkao/Library/Developer/CoreSimulator/Devices/115FDF0C-5A2F-4686-909B-7F43F1450A28/data/Containers/Bundle/Application/43ECB75B-94FB-48F7-A135-D42140F26F70/NeonDrift.run.1782483975.50560.app/ <com.DefaultCompany.NeonDrift.run.1782483975.50560 <installed >:0>"
)
2026-06-26 22:27:08.665 Df SpringBoard[13125:4bdd22] [com.apple.launchservices:progress] Unpublishing progress block called for app com.DefaultCompany.NeonDrift.run.1782483975.50560
2026-06-26 22:27:08.665 Df SpringBoard[13125:897447] [com.apple.launchservices:progress] #LSInstallProgressList remove subscriber: <_NSProgressSubscriber: 0x12eba26a0> publishingString: com.DefaultCompany.NeonDrift.run.1782483975.50560
2026-06-26 22:27:08.665 Df SpringBoard[13125:89747e] [com.apple.launchservices:appinstallation] Received applicationsDidInstall:(
    "<LSApplicationProxy: 0x12aa8b480> com.DefaultCompany.NeonDrift.run.1782483975.50560 file:///Users/dragonkao/Library/Developer/CoreSimulator/Devices/115FDF0C-5A2F-4686-909B-7F43F1450A28/data/Containers/Bundle/Application/43ECB75B-94FB-48F7-A135-D42140F26F70/NeonDrift.run.1782483975.50560.app/ <com.DefaultCompany.NeonDrift.run.1782483975.50560 <installed >:0>"
)
2026-06-26 22:27:08.665 Df healthd[13135:897445] [com.apple.launchservices:appinstallation] Received applicationsDidInstall:(
    "<LSApplicationProxy: 0x101a94d80> com.DefaultCompany.NeonDrift.run.1782483975.50560 file:///Users/dragonkao/Library/Developer/CoreSimulator/Devices/115FDF0C-5A2F-4686-909B-7F43F1450A28/data/Containers/Bundle/Application/43ECB75B-94FB-48F7-A135-D42140F26F70/NeonDrift.run.1782483975.50560.app/ <com.DefaultCompany.NeonDrift.run.1782483975.50560 <installed >:0>"
)
2026-06-26 22:27:08.665 Df webbookmarksd[13224:897448] [com.apple.launchservices:appinstallation] Received applicationsDidInstall:(
    "<LSApplicationProxy: 0x101dec000> com.DefaultCompany.NeonDrift.run.1782483975.50560 file:///Users/dragonkao/Library/Developer/CoreSimulator/Devices/115FDF0C-5A2F-4686-909B-7F43F1450A28/data/Containers/Bundle/Application/43ECB75B-94FB-48F7-A135-D42140F26F70/NeonDrift.run.1782483975.50560.app/ <com.DefaultCompany.NeonDrift.run.1782483975.50560 <installed >:0>"
)
2026-06-26 22:27:08.665 Df installcoordinationd[26512:897414] [com.apple.installcoordination:daemon] -[IXSPendingOperationsTracker endPendingOperationForIdentity:]_block_invoke: Ending pending operation for [com.DefaultCompany.NeonDrift.run.1782483975.50560/Invalid/[system-defined]]
2026-06-26 22:27:08.665 Df lsd[13177:4bde02] [com.apple.launchservices:progress] unsubscribing from com.DefaultCompany.NeonDrift.run.1782483975.50560.Installing as it was unpublished
2026-06-26 22:27:08.665 Df lsd[13177:4bde02] [com.apple.launchservices:progress] #LSInstallProgressList remove subscriber: <_NSProgressSubscriber: 0x1057c4450> publishingString: com.DefaultCompany.NeonDrift.run.1782483975.50560.Installing
2026-06-26 22:27:08.665 Df locationd[13150:893521] [com.apple.launchservices:appinstallation] Received applicationsDidInstall:(
    "<LSApplicationProxy: 0x103b9c6c0> com.DefaultCompany.NeonDrift.run.1782483975.50560 file:///Users/dragonkao/Library/Developer/CoreSimulator/Devices/115FDF0C-5A2F-4686-909B-7F43F1450A28/data/Containers/Bundle/Application/43ECB75B-94FB-48F7-A135-D42140F26F70/NeonDrift.run.1782483975.50560.app/ <com.DefaultCompany.NeonDrift.run.1782483975.50560 <installed >:0>"
)
2026-06-26 22:27:08.666 Df CoreSimulatorBridge[13156:88f9d7] [com.apple.installcoordination:framework] -[IXAppInstallCoordinator _clientDelegate_didUpdateProgress:forPhase:overallProgress:]: <IXInitiatingAppInstallCoordinator<0x103458200> identity:[com.DefaultCompany.NeonDrift.run.1782483975.50560/Invalid/[system-defined]] uuid:673E7A9A-9879-496B-B572-F88E5DAFC7D7 creator:InstallCoordination Simple SPI>: Got did update progress delegate with percentComplete 100.000000 phase IXCoordinatorProgressPhaseInstalling overallProgress 100.000000
2026-06-26 22:27:08.666 Df CoreSimulatorBridge[13156:88f9d7] [com.apple.installcoordination:framework] -[IXAppInstallCoordinator _clientDelegate_didUpdateProgress:forPhase:overallProgress:]_block_invoke: <IXInitiatingAppInstallCoordinator<0x103458200> identity:[com.DefaultCompany.NeonDrift.run.1782483975.50560/Invalid/[system-defined]] uuid:673E7A9A-9879-496B-B572-F88E5DAFC7D7 creator:InstallCoordination Simple SPI>: Calling selector coordinator:didUpdateProgress:forPhase:overallProgress: on observer <_IXSimpleInstallerDelegate 0x0x101b1b3f0>
2026-06-26 22:27:08.666 Df financed[13231:89353d] [com.apple.launchservices:appinstallation] Received applicationsDidInstall:(
    "<LSApplicationProxy: 0x1079fb780> com.DefaultCompany.NeonDrift.run.1782483975.50560 file:///Users/dragonkao/Library/Developer/CoreSimulator/Devices/115FDF0C-5A2F-4686-909B-7F43F1450A28/data/Containers/Bundle/Application/43ECB75B-94FB-48F7-A135-D42140F26F70/NeonDrift.run.1782483975.50560.app/ <com.DefaultCompany.NeonDrift.run.1782483975.50560 <installed >:0>"
)
2026-06-26 22:27:08.666 Df clipserviced[26555:7bebe6] [com.apple.launchservices:appinstallation] Received applicationsDidInstall:(
    "<LSApplicationProxy: 0x1035a8000> com.DefaultCompany.NeonDrift.run.1782483975.50560 file:///Users/dragonkao/Library/Developer/CoreSimulator/Devices/115FDF0C-5A2F-4686-909B-7F43F1450A28/data/Containers/Bundle/Application/43ECB75B-94FB-48F7-A135-D42140F26F70/NeonDrift.run.1782483975.50560.app/ <com.DefaultCompany.NeonDrift.run.1782483975.50560 <installed >:0>"
)
2026-06-26 22:27:08.666 Df gamed[13228:893fb7] [com.apple.launchservices:appinstallation] Received applicationsDidInstall:(
    "<LSApplicationProxy: 0x101f2c240> com.DefaultCompany.NeonDrift.run.1782483975.50560 file:///Users/dragonkao/Library/Developer/CoreSimulator/Devices/115FDF0C-5A2F-4686-909B-7F43F1450A28/data/Containers/Bundle/Application/43ECB75B-94FB-48F7-A135-D42140F26F70/NeonDrift.run.1782483975.50560.app/ <com.DefaultCompany.NeonDrift.run.1782483975.50560 <installed >:0>"
)
2026-06-26 22:27:08.666 Df runningboardd[13128:89741c] [com.apple.appinstallation:TransactionLog] com.DefaultCompany.NeonDrift.run.1782483975.50560/Unknown Persona:5:8:3:1:applicationsDidInstall <LSApplicationProxy: 0x104d980c0> com.DefaultCompany.NeonDrift.run.1782483975.50560 file:///Users/dragonkao/Library/Developer/CoreSimulator/Devices/115FDF0C-5A2F-4686-909B-7F43F1450A28/data/Containers/Bundle/Application/43ECB75B-94FB-48F7-A135-D42140F26F70/NeonDrift.run.1782483975.50560.app/ <com.DefaultCompany.NeonDrift.run.1782483975.50560 <installed >:0>
2026-06-26 22:27:08.666 Df deviceaccessd[26574:89353f] [com.apple.launchservices:appinstallation] Received applicationsDidInstall:(
    "<LSApplicationProxy: 0x106170600> com.DefaultCompany.NeonDrift.run.1782483975.50560 file:///Users/dragonkao/Library/Developer/CoreSimulator/Devices/115FDF0C-5A2F-4686-909B-7F43F1450A28/data/Containers/Bundle/Application/43ECB75B-94FB-48F7-A135-D42140F26F70/NeonDrift.run.1782483975.50560.app/ <com.DefaultCompany.NeonDrift.run.1782483975.50560 <installed >:0>"
)
2026-06-26 22:27:08.666 Df appstored[13277:897442] [com.apple.appinstallation:TransactionLog] com.DefaultCompany.NeonDrift.run.1782483975.50560/Unknown Persona:5:8:3:1:applicationsDidInstall <LSApplicationProxy: 0x1027f00c0> com.DefaultCompany.NeonDrift.run.1782483975.50560 file:///Users/dragonkao/Library/Developer/CoreSimulator/Devices/115FDF0C-5A2F-4686-909B-7F43F1450A28/data/Containers/Bundle/Application/43ECB75B-94FB-48F7-A135-D42140F26F70/NeonDrift.run.1782483975.50560.app/ <com.DefaultCompany.NeonDrift.run.1782483975.50560 <installed >:0>
2026-06-26 22:27:08.666 Df activityawardsd[13316:893540] [com.apple.launchservices:appinstallation] Received applicationsDidInstall:(
    "<LSApplicationProxy: 0x10192cf00> com.DefaultCompany.NeonDrift.run.1782483975.50560 file:///Users/dragonkao/Library/Developer/CoreSimulator/Devices/115FDF0C-5A2F-4686-909B-7F43F1450A28/data/Containers/Bundle/Application/43ECB75B-94FB-48F7-A135-D42140F26F70/NeonDrift.run.1782483975.50560.app/ <com.DefaultCompany.NeonDrift.run.1782483975.50560 <installed >:0>"
)
2026-06-26 22:27:08.666 Df SpringBoard[13125:89747e] [com.apple.appinstallation:TransactionLog] com.DefaultCompany.NeonDrift.run.1782483975.50560/Unknown Persona:5:8:3:1:applicationsDidInstall <LSApplicationProxy: 0x12aa8aac0> com.DefaultCompany.NeonDrift.run.1782483975.50560 file:///Users/dragonkao/Library/Developer/CoreSimulator/Devices/115FDF0C-5A2F-4686-909B-7F43F1450A28/data/Containers/Bundle/Application/43ECB75B-94FB-48F7-A135-D42140F26F70/NeonDrift.run.1782483975.50560.app/ <com.DefaultCompany.NeonDrift.run.1782483975.50560 <installed >:0>
2026-06-26 22:27:08.666 Df SpringBoard[13125:89747e] [com.apple.frontboard.ApplicationLibrary:observer] -[FBSApplicationLibrary applicationsDidInstall:] com.DefaultCompany.NeonDrift.run.1782483975.50560
2026-06-26 22:27:08.666 Df SpringBoard[13125:89747e] [com.apple.frontboard.ApplicationLibrary:default] Removed placeholder: <SBApplicationPlaceholderProxy: 0x130c24980; com.DefaultCompany.NeonDrift.run.1782483975.50560 (NeonDrift.run.1782483975.50560); LSInstallType: StoreDownload>
2026-06-26 22:27:08.666 Df healthappd[13951:897444] [com.apple.appinstallation:TransactionLog] com.DefaultCompany.NeonDrift.run.1782483975.50560/Unknown Persona:5:8:3:1:applicationsDidInstall <LSApplicationProxy: 0x10f89df80> com.DefaultCompany.NeonDrift.run.1782483975.50560 file:///Users/dragonkao/Library/Developer/CoreSimulator/Devices/115FDF0C-5A2F-4686-909B-7F43F1450A28/data/Containers/Bundle/Application/43ECB75B-94FB-48F7-A135-D42140F26F70/NeonDrift.run.1782483975.50560.app/ <com.DefaultCompany.NeonDrift.run.1782483975.50560 <installed >:0>
2026-06-26 22:27:08.666 Df callservicesd[13196:8934ec] [com.apple.launchservices:appinstallation] Received applicationsDidInstall:(
    "<LSApplicationProxy: 0x106e7d140> com.DefaultCompany.NeonDrift.run.1782483975.50560 file:///Users/dragonkao/Library/Developer/CoreSimulator/Devices/115FDF0C-5A2F-4686-909B-7F43F1450A28/data/Containers/Bundle/Application/43ECB75B-94FB-48F7-A135-D42140F26F70/NeonDrift.run.1782483975.50560.app/ <com.DefaultCompany.NeonDrift.run.1782483975.50560 <installed >:0>"
)
2026-06-26 22:27:08.666 Df SpringBoard[13125:89747e] [com.apple.frontboard.ApplicationLibrary:default] Added application: <SBApplicationInfo: 0x1270a3900; com.DefaultCompany.NeonDrift.run.1782483975.50560 (NeonDrift.run.1782483975.50560)>
2026-06-26 22:27:08.666 Df liveactivitiesd[26558:89746f] [com.apple.launchservices:appinstallation] Received applicationsDidInstall:(
    "<LSApplicationProxy: 0x105a85d40> com.DefaultCompany.NeonDrift.run.1782483975.50560 file:///Users/dragonkao/Library/Developer/CoreSimulator/Devices/115FDF0C-5A2F-4686-909B-7F43F1450A28/data/Containers/Bundle/Application/43ECB75B-94FB-48F7-A135-D42140F26F70/NeonDrift.run.1782483975.50560.app/ <com.DefaultCompany.NeonDrift.run.1782483975.50560 <installed >:0>"
)
2026-06-26 22:27:08.666 Df SpringBoard[13125:89747e] [com.apple.SplashBoard:FileManifest] Applications were added. Updating launch images for: (
    "com.DefaultCompany.NeonDrift.run.1782483975.50560"
)
2026-06-26 22:27:08.666 Df lsd[13177:897460] [com.apple.launchservices:progress] Sent distributed notification com.apple.LaunchServices.applicationRegistered with payload {
    bundleIDs =     (
        "com.DefaultCompany.NeonDrift.run.1782483975.50560"
    );
    isPlaceholder = 0;
}
2026-06-26 22:27:08.666 Df SpringBoard[13125:4bdd22] [com.apple.frontboard.ApplicationLibrary:sb.placeholder] App placeholder proxies installed: (
    "<SBApplicationPlaceholderProxy: 0x130c24980; com.DefaultCompany.NeonDrift.run.1782483975.50560 (NeonDrift.run.1782483975.50560); LSInstallType: StoreDownload>"
)
2026-06-26 22:27:08.666 Df mobiletimerd[84688:89667f] [com.apple.launchservices:appinstallation] Received applicationsDidInstall:(
    "<LSApplicationProxy: 0x1016346c0> com.DefaultCompany.NeonDrift.run.1782483975.50560 file:///Users/dragonkao/Library/Developer/CoreSimulator/Devices/115FDF0C-5A2F-4686-909B-7F43F1450A28/data/Containers/Bundle/Application/43ECB75B-94FB-48F7-A135-D42140F26F70/NeonDrift.run.1782483975.50560.app/ <com.DefaultCompany.NeonDrift.run.1782483975.50560 <installed >:0>"
)
2026-06-26 22:27:08.667 Df SpringBoard[13125:4bdd22] [com.apple.appinstallation:TransactionLog] com.DefaultCompany.NeonDrift.run.1782483975.50560/Unknown Persona:10:4:1:1:Placeholder remove BEGIN
2026-06-26 22:27:08.667 Df profiled[26569:89744f] [com.apple.launchservices:appinstallation] Received applicationsDidInstall:(
    "<LSApplicationProxy: 0x1067d0000> com.DefaultCompany.NeonDrift.run.1782483975.50560 file:///Users/dragonkao/Library/Developer/CoreSimulator/Devices/115FDF0C-5A2F-4686-909B-7F43F1450A28/data/Containers/Bundle/Application/43ECB75B-94FB-48F7-A135-D42140F26F70/NeonDrift.run.1782483975.50560.app/ <com.DefaultCompany.NeonDrift.run.1782483975.50560 <installed >:0>"
)
2026-06-26 22:27:08.667 Df activitysharingd[13524:8934f5] [com.apple.launchservices:appinstallation] Received applicationsDidInstall:(
    "<LSApplicationProxy: 0x1019bcf00> com.DefaultCompany.NeonDrift.run.1782483975.50560 file:///Users/dragonkao/Library/Developer/CoreSimulator/Devices/115FDF0C-5A2F-4686-909B-7F43F1450A28/data/Containers/Bundle/Application/43ECB75B-94FB-48F7-A135-D42140F26F70/NeonDrift.run.1782483975.50560.app/ <com.DefaultCompany.NeonDrift.run.1782483975.50560 <installed >:0>"
)
2026-06-26 22:27:08.667 Df installcoordinationd[26512:897414] [com.apple.installcoordination:daemon] -[IXSCoordinatedAppInstall setComplete:]: <IXSCoordinatedAppInstall<0x1055e4000> [P=CoreSimulatorBridge (pid 13156)] identifier:[com.DefaultCompany.NeonDrift.run.1782483975.50560/Invalid/[system-defined]] uuid:673E7A9A-9879-496B-B572-F88E5DAFC7D7 intent:IXCoordinatorIntentInitiating creator/appDRI:InstallCoordination Simple SPI importance:UserWaiting state:IXAppCoordinationStateComplete promise-state:PA2I4> complete!
2026-06-26 22:27:08.667 Df donotdisturbd[13175:893541] [com.apple.launchservices:appinstallation] Received applicationsDidInstall:(
    "<LSApplicationProxy: 0x1041e0f00> com.DefaultCompany.NeonDrift.run.1782483975.50560 file:///Users/dragonkao/Library/Developer/CoreSimulator/Devices/115FDF0C-5A2F-4686-909B-7F43F1450A28/data/Containers/Bundle/Application/43ECB75B-94FB-48F7-A135-D42140F26F70/NeonDrift.run.1782483975.50560.app/ <com.DefaultCompany.NeonDrift.run.1782483975.50560 <installed >:0>"
)
2026-06-26 22:27:08.667 Df SpringBoard[13125:4bdd22] [com.apple.appinstallation:TransactionLog] com.DefaultCompany.NeonDrift.run.1782483975.50560/Unknown Persona:10:10:3:1:Application added
2026-06-26 22:27:08.667 Df installcoordinationd[26512:897414] [com.apple.installcoordination:daemon] -[IXSPowerAssertion invalidate]: Released power assertion IXPowerAssertion-12-[com.DefaultCompany.NeonDrift.run.1782483975.50560/Invalid/[system-defined]]
2026-06-26 22:27:08.667 Df sleepd[13153:8925f8] [com.apple.launchservices:appinstallation] Received applicationsDidInstall:(
    "<LSApplicationProxy: 0x103a603c0> com.DefaultCompany.NeonDrift.run.1782483975.50560 file:///Users/dragonkao/Library/Developer/CoreSimulator/Devices/115FDF0C-5A2F-4686-909B-7F43F1450A28/data/Containers/Bundle/Application/43ECB75B-94FB-48F7-A135-D42140F26F70/NeonDrift.run.1782483975.50560.app/ <com.DefaultCompany.NeonDrift.run.1782483975.50560 <installed >:0>"
)
2026-06-26 22:27:08.667 Df routined[13133:8923b7] [com.apple.launchservices:appinstallation] Received applicationsDidInstall:(
    "<LSApplicationProxy: 0x1091609c0> com.DefaultCompany.NeonDrift.run.1782483975.50560 file:///Users/dragonkao/Library/Developer/CoreSimulator/Devices/115FDF0C-5A2F-4686-909B-7F43F1450A28/data/Containers/Bundle/Application/43ECB75B-94FB-48F7-A135-D42140F26F70/NeonDrift.run.1782483975.50560.app/ <com.DefaultCompany.NeonDrift.run.1782483975.50560 <installed >:0>"
)
2026-06-26 22:27:08.667 Df SpringBoard[13125:89747e] [com.apple.SplashBoard:FileManifest] com.DefaultCompany.NeonDrift.run.1782483975.50560 Manifest is empty; purging everything at /Users/dragonkao/Library/Developer/CoreSimulator/Devices/115FDF0C-5A2F-4686-909B-7F43F1450A28/data/Containers/Data/Application/86735E11-5B3F-4345-AFD4-0BD6B1A1CEA4/Library/SplashBoard/Snapshots
2026-06-26 22:27:08.667 Df nsurlsessiond[13176:8970bc] [com.apple.launchservices:appinstallation] Received applicationsDidInstall:(
    "<LSApplicationProxy: 0x10365c240> com.DefaultCompany.NeonDrift.run.1782483975.50560 file:///Users/dragonkao/Library/Developer/CoreSimulator/Devices/115FDF0C-5A2F-4686-909B-7F43F1450A28/data/Containers/Bundle/Application/43ECB75B-94FB-48F7-A135-D42140F26F70/NeonDrift.run.1782483975.50560.app/ <com.DefaultCompany.NeonDrift.run.1782483975.50560 <installed >:0>"
)
2026-06-26 22:27:08.668 Df installcoordinationd[26512:897414] [com.apple.installcoordination:daemon] -[IXSDataPromise decommission]: Decommissioning <IXSPromisedTransferToPath(0x1054dd100) Name:Icon resources for com.DefaultCompany.NeonDrift.run.1782483975.50560 Creator:InstallCoordination Simple SPI UUID:BF4847A0-6D22-4C06-B4C5-B7000531031D Location:[system-defined]>
2026-06-26 22:27:08.668 Df webbookmarksd[13224:897448] [com.apple.appinstallation:TransactionLog] com.DefaultCompany.NeonDrift.run.1782483975.50560/Unknown Persona:5:8:3:1:applicationsDidInstall <LSApplicationProxy: 0x101dec0c0> com.DefaultCompany.NeonDrift.run.1782483975.50560 file:///Users/dragonkao/Library/Developer/CoreSimulator/Devices/115FDF0C-5A2F-4686-909B-7F43F1450A28/data/Containers/Bundle/Application/43ECB75B-94FB-48F7-A135-D42140F26F70/NeonDrift.run.1782483975.50560.app/ <com.DefaultCompany.NeonDrift.run.1782483975.50560 <installed >:0>
2026-06-26 22:27:08.668 Df activityawardsd[13316:89744e] [com.apple.appinstallation:TransactionLog] com.DefaultCompany.NeonDrift.run.1782483975.50560/Unknown Persona:5:8:3:1:applicationsDidInstall <LSApplicationProxy: 0x10192ca80> com.DefaultCompany.NeonDrift.run.1782483975.50560 file:///Users/dragonkao/Library/Developer/CoreSimulator/Devices/115FDF0C-5A2F-4686-909B-7F43F1450A28/data/Containers/Bundle/Application/43ECB75B-94FB-48F7-A135-D42140F26F70/NeonDrift.run.1782483975.50560.app/ <com.DefaultCompany.NeonDrift.run.1782483975.50560 <installed >:0>
2026-06-26 22:27:08.668 Df locationd[13150:893521] [com.apple.appinstallation:TransactionLog] com.DefaultCompany.NeonDrift.run.1782483975.50560/Unknown Persona:5:8:3:1:applicationsDidInstall <LSApplicationProxy: 0x103b9c780> com.DefaultCompany.NeonDrift.run.1782483975.50560 file:///Users/dragonkao/Library/Developer/CoreSimulator/Devices/115FDF0C-5A2F-4686-909B-7F43F1450A28/data/Containers/Bundle/Application/43ECB75B-94FB-48F7-A135-D42140F26F70/NeonDrift.run.1782483975.50560.app/ <com.DefaultCompany.NeonDrift.run.1782483975.50560 <installed >:0>
2026-06-26 22:27:08.668 Df SpringBoard[13125:89747e] [com.apple.SplashBoard:Capture] Processing launch request <XBLaunchStateRequest: 0x12a83e140> for app: com.DefaultCompany.NeonDrift.run.1782483975.50560.
2026-06-26 22:27:08.668 Df SpringBoard[13125:89747e] [com.apple.SplashBoard:Capture] Processing launch request <XBLaunchStateRequest: 0x12a83c0e0> for app: com.DefaultCompany.NeonDrift.run.1782483975.50560.
2026-06-26 22:27:08.668 Df healthd[13135:89353c] [com.apple.appinstallation:TransactionLog] com.DefaultCompany.NeonDrift.run.1782483975.50560/Unknown Persona:5:8:3:1:applicationsDidInstall <LSApplicationProxy: 0x101a952c0> com.DefaultCompany.NeonDrift.run.1782483975.50560 file:///Users/dragonkao/Library/Developer/CoreSimulator/Devices/115FDF0C-5A2F-4686-909B-7F43F1450A28/data/Containers/Bundle/Application/43ECB75B-94FB-48F7-A135-D42140F26F70/NeonDrift.run.1782483975.50560.app/ <com.DefaultCompany.NeonDrift.run.1782483975.50560 <installed >:0>
