2026-06-26 22:41:16.819 Df installcoordinationd[69867:8b0b0f] [com.apple.installcoordination:daemon] -[IXSDataPromiseManager promiseDidComplete:]: Unowned promise completed: <IXSPlaceholder(0x1055243c0) Name:App Placeholder: NeonDrift.run.1782484808.68182 (com.DefaultCompany.NeonDrift.run.1782484808.68182) Creator:InstallCoordination Simple SPI UUID:77674E89-77FC-4EF3-A80A-12D69DE46505 Location:[system-defined]>
2026-06-26 22:41:16.820 Df installcoordinationd[69867:8b0b10] [com.apple.installcoordination:daemon] -[IXSDataPromiseManager registerPromise:]: Registered promise <IXSPromisedTransferToPath(0x1054f9580) Name:App Asset: com.DefaultCompany.NeonDrift.run.1782484808.68182 Creator:InstallCoordination Simple SPI UUID:D8964ACC-BD74-43DE-AEFA-F1C54CED5122 Location:[system-defined]> for UUID D8964ACC-BD74-43DE-AEFA-F1C54CED5122
2026-06-26 22:41:16.825 Df installcoordinationd[69867:8b0b0f] [com.apple.installcoordination:daemon] -[IXSCoordinatorManager coordinatorForIdentity:connection:error:creatingIfNotExisting:]_block_invoke: Registered coordinator: <IXSCoordinatedAppInstall<0x105608000> [P=CoreSimulatorBridge (pid 69675)] identifier:[com.DefaultCompany.NeonDrift.run.1782484808.68182/Invalid/[system-defined]] uuid:9AACB75E-E4B4-4911-B9F2-18DEF7912707 intent:IXCoordinatorIntentUpdating creator/appDRI:InstallCoordination Simple SPI importance:Background state:IXAppCoordinationStatePlaceholderPromiseNotSet promise-state:01234>
2026-06-26 22:41:16.825 Df installcoordinationd[69867:8b0b0f] [com.apple.appinstallation:TransactionLog] com.DefaultCompany.NeonDrift.run.1782484808.68182/Unknown Persona:4:2:1:1:Created coordinator with intent IXCoordinatorIntentUpdating for client InstallCoordination Simple SPI
2026-06-26 22:41:16.826 Df installcoordinationd[69867:8b0b0f] [com.apple.installcoordination:daemon] -[IXSCoordinatedAppInstall setPriorityBoostCompletion:withSourceInfo:]: <IXSCoordinatedAppInstall<0x105608000> [P=CoreSimulatorBridge (pid 69675)] identifier:[com.DefaultCompany.NeonDrift.run.1782484808.68182/Invalid/[system-defined]] uuid:9AACB75E-E4B4-4911-B9F2-18DEF7912707 intent:IXCoordinatorIntentUpdating creator/appDRI:InstallCoordination Simple SPI importance:Background state:IXAppCoordinationStatePlaceholderPromiseNotSet promise-state:01234>: Retaining completion from CoreSimulatorBridge (69675), QOS_CLASS_DEFAULT (0x15)
2026-06-26 22:41:16.826 Df installcoordinationd[69867:8b0b0f] [com.apple.installcoordination:daemon] -[IXSCoordinatedAppInstall setImportance:]: <IXSCoordinatedAppInstall<0x105608000> [P=CoreSimulatorBridge (pid 69675)] identifier:[com.DefaultCompany.NeonDrift.run.1782484808.68182/Invalid/[system-defined]] uuid:9AACB75E-E4B4-4911-B9F2-18DEF7912707 intent:IXCoordinatorIntentUpdating creator/appDRI:InstallCoordination Simple SPI importance:UserWaiting state:IXAppCoordinationStatePlaceholderPromiseNotSet promise-state:01234>: set importance to UserWaiting
2026-06-26 22:41:16.828 Df installcoordinationd[69867:8b0b0f] [com.apple.installcoordination:daemon] -[IXSCoordinatedAppInstall _onQueue_fireObserversForClient:]: <IXSCoordinatedAppInstall<0x105608000> [P=CoreSimulatorBridge (pid 69675)] identifier:[com.DefaultCompany.NeonDrift.run.1782484808.68182/Invalid/[system-defined]] uuid:9AACB75E-E4B4-4911-B9F2-18DEF7912707 intent:IXCoordinatorIntentUpdating creator/appDRI:InstallCoordination Simple SPI importance:UserWaiting state:IXAppCoordinationStatePlaceholderPromiseNotSet promise-state:01234>: Firing applicable observers for client <IXSClientConnection<0x105459440> client:CoreSimulatorBridge (pid 69675) uuid:6B0FB27F-1159-4612-9183-838C29ECD05B>
2026-06-26 22:41:16.828 Df installcoordinationd[69867:8b0b0f] [com.apple.installcoordination:daemon] -[IXSCoordinatedAppInstall setPriorityBoostCompletion:withSourceInfo:]: <IXSCoordinatedAppInstall<0x105608000> [P=CoreSimulatorBridge (pid 69675)] identifier:[com.DefaultCompany.NeonDrift.run.1782484808.68182/Invalid/[system-defined]] uuid:9AACB75E-E4B4-4911-B9F2-18DEF7912707 intent:IXCoordinatorIntentUpdating creator/appDRI:InstallCoordination Simple SPI importance:UserWaiting state:IXAppCoordinationStatePlaceholderPromiseNotSet promise-state:01234>: Disposing of completion from CoreSimulatorBridge (69675), QOS_CLASS_DEFAULT (0x15)
2026-06-26 22:41:16.828 Df installcoordinationd[69867:8b0b0f] [com.apple.installcoordination:daemon] -[IXSCoordinatedAppInstall setPriorityBoostCompletion:withSourceInfo:]: <IXSCoordinatedAppInstall<0x105608000> [P=CoreSimulatorBridge (pid 69675)] identifier:[com.DefaultCompany.NeonDrift.run.1782484808.68182/Invalid/[system-defined]] uuid:9AACB75E-E4B4-4911-B9F2-18DEF7912707 intent:IXCoordinatorIntentUpdating creator/appDRI:InstallCoordination Simple SPI importance:UserWaiting state:IXAppCoordinationStatePlaceholderPromiseNotSet promise-state:01234>: Retaining completion from CoreSimulatorBridge (69675), QOS_CLASS_DEFAULT (0x15)
2026-06-26 22:41:16.828 Df CoreSimulatorBridge[69675:8b0312] [com.apple.installcoordination:framework] -[IXAppInstallCoordinator _clientDelegate_didRegisterForObservation]: <IXUpdatingAppInstallCoordinator<0x106090d40> identity:[com.DefaultCompany.NeonDrift.run.1782484808.68182/Invalid/[system-defined]] uuid:9AACB75E-E4B4-4911-B9F2-18DEF7912707 creator:InstallCoordination Simple SPI>: Got observer registration delegate
2026-06-26 22:41:16.828 Df CoreSimulatorBridge[69675:8b0312] [com.apple.installcoordination:framework] -[IXAppInstallCoordinator _clientDelegate_shouldResume]: <IXUpdatingAppInstallCoordinator<0x106090d40> identity:[com.DefaultCompany.NeonDrift.run.1782484808.68182/Invalid/[system-defined]] uuid:9AACB75E-E4B4-4911-B9F2-18DEF7912707 creator:InstallCoordination Simple SPI>: Got should resume delegate
2026-06-26 22:41:16.828 Df CoreSimulatorBridge[69675:8b0312] [com.apple.installcoordination:framework] -[IXAppInstallCoordinator _clientDelegate_didRegisterForObservation]_block_invoke: <IXUpdatingAppInstallCoordinator<0x106090d40> identity:[com.DefaultCompany.NeonDrift.run.1782484808.68182/Invalid/[system-defined]] uuid:9AACB75E-E4B4-4911-B9F2-18DEF7912707 creator:InstallCoordination Simple SPI>: Observer <_IXSimpleInstallerDelegate 0x0x106059470> does not respond to coordinatorDidRegisterForObservation:
2026-06-26 22:41:16.828 Df CoreSimulatorBridge[69675:8b0312] [com.apple.installcoordination:framework] -[IXAppInstallCoordinator _clientDelegate_shouldResume]_block_invoke: <IXUpdatingAppInstallCoordinator<0x106090d40> identity:[com.DefaultCompany.NeonDrift.run.1782484808.68182/Invalid/[system-defined]] uuid:9AACB75E-E4B4-4911-B9F2-18DEF7912707 creator:InstallCoordination Simple SPI>: Observer <_IXSimpleInstallerDelegate 0x0x106059470> does not respond to coordinatorShouldResume:
2026-06-26 22:41:16.831 Df installcoordinationd[69867:8b0a66] [com.apple.installcoordination:daemon] -[IXSCoordinatedAppInstall _internal_setInstallOptionsPromise:performExternalActions:]: <IXSCoordinatedAppInstall<0x105608000> [P=CoreSimulatorBridge (pid 69675)] identifier:[com.DefaultCompany.NeonDrift.run.1782484808.68182/Invalid/[system-defined]] uuid:9AACB75E-E4B4-4911-B9F2-18DEF7912707 intent:IXCoordinatorIntentUpdating creator/appDRI:InstallCoordination Simple SPI importance:UserWaiting state:IXAppCoordinationStatePlaceholderPromiseNotSet promise-state:012I4> : install options set: <IXSPromisedInMemoryData(0x1054f9980) Name:MIInstallOptions data Creator:Install Coordination Internal UUID:2A019DF1-A814-4459-9697-884E05F22D9D Location:[system-defined]>
2026-06-26 22:41:16.832 Df installcoordinationd[69867:8b0b0f] [com.apple.installcoordination:daemon] -[IXSCoordinatedAppInstall promiseDidComplete:]: <IXSCoordinatedAppInstall<0x105608000> [P=CoreSimulatorBridge (pid 69675)] identifier:[com.DefaultCompany.NeonDrift.run.1782484808.68182/Invalid/[system-defined]] uuid:9AACB75E-E4B4-4911-B9F2-18DEF7912707 intent:IXCoordinatorIntentUpdating creator/appDRI:InstallCoordination Simple SPI importance:UserWaiting state:IXAppCoordinationStatePlaceholderPromiseNotSet promise-state:012I4> : Promise completed: <IXSPromisedInMemoryData(0x1054f9980) Name:MIInstallOptions data Creator:Install Coordination Internal UUID:2A019DF1-A814-4459-9697-884E05F22D9D Location:[system-defined]>
2026-06-26 22:41:16.833 Df installcoordinationd[69867:8b0b0f] [com.apple.appinstallation:TransactionLog] com.DefaultCompany.NeonDrift.run.1782484808.68182/Unknown Persona:4:13:1:1:Install Options Promise began. Coordinator State: IXAppCoordinationStatePlaceholderPromiseNotSet
2026-06-26 22:41:16.833 Df installcoordinationd[69867:8b0b0f] [com.apple.appinstallation:TransactionLog] com.DefaultCompany.NeonDrift.run.1782484808.68182/Unknown Persona:4:13:2:1:Install Options Promise completed. Coordinator State: IXAppCoordinationStatePlaceholderPromiseNotSet
2026-06-26 22:41:16.833 Df installcoordinationd[69867:8b0a66] [com.apple.installcoordination:daemon] -[IXSCoordinatedAppInstall _internal_setAppAssetPromise:performExternalActions:]: <IXSCoordinatedAppInstall<0x105608000> [P=CoreSimulatorBridge (pid 69675)] identifier:[com.DefaultCompany.NeonDrift.run.1782484808.68182/Invalid/[system-defined]] uuid:9AACB75E-E4B4-4911-B9F2-18DEF7912707 intent:IXCoordinatorIntentUpdating creator/appDRI:InstallCoordination Simple SPI importance:UserWaiting state:IXAppCoordinationStatePlaceholderPromiseNotSet promise-state:0a2I4> : App Asset Promise set: <IXSPromisedTransferToPath(0x1054f9580) Name:App Asset: com.DefaultCompany.NeonDrift.run.1782484808.68182 Creator:InstallCoordination Simple SPI UUID:D8964ACC-BD74-43DE-AEFA-F1C54CED5122 Location:[system-defined]>
2026-06-26 22:41:16.834 Df installcoordinationd[69867:8b0a66] [com.apple.installcoordination:daemon] -[IXSCoordinatedAppInstall setInitialODRAssetPromises:]: <IXSCoordinatedAppInstall<0x105608000> [P=CoreSimulatorBridge (pid 69675)] identifier:[com.DefaultCompany.NeonDrift.run.1782484808.68182/Invalid/[system-defined]] uuid:9AACB75E-E4B4-4911-B9F2-18DEF7912707 intent:IXCoordinatorIntentUpdating creator/appDRI:InstallCoordination Simple SPI importance:UserWaiting state:IXAppCoordinationStatePlaceholderPromiseNotSet promise-state:0a2I4> : Initial ODR Asset Promises set: (
)
2026-06-26 22:41:16.835 Df CoreSimulatorBridge[69675:8b026e] [com.apple.installcoordination:framework] -[IXPromisedTransferToPath _performDeltaCopyFrom:toDestination:]: Performing delta copy from /Users/dragonkao/.openclaw/workspace/382b9e3384298039b171c9b2a60ae644/NeonDrift_MVP/project/xcode_derived_data/Build/Products/Release-iphonesimulator/NeonDrift.run.1782484808.68182.app to /Users/dragonkao/Library/Developer/CoreSimulator/Devices/CC47DE7A-8196-4465-A5A5-BB852C9C6C82/data/Containers/Shared/SystemGroup/systemgroup.com.apple.installcoordinationd/Library/InstallCoordination/PromiseStaging/D8964ACC-BD74-43DE-AEFA-F1C54CED5122/NeonDrift.run.1782484808.68182.app with installed bundle at /Users/dragonkao/Library/Developer/CoreSimulator/Devices/CC47DE7A-8196-4465-A5A5-BB852C9C6C82/data/Containers/Bundle/Application/0A268C7B-63E9-4601-98B7-10EC8E440B21/NeonDrift.run.1782484808.68182.app
2026-06-26 22:41:16.837 Df CoreSimulatorBridge[69675:8b026e] (MobileSystemServices) 0x16af6f000 MDMCreateDeltaDirectory: calling MDMDirectoryDiff with:
state->old_bundle: /Users/dragonkao/Library/Developer/CoreSimulator/Devices/CC47DE7A-8196-4465-A5A5-BB852C9C6C82/data/Containers/Bundle/Application/0A268C7B-63E9-4601-98B7-10EC8E440B21/NeonDrift.run.1782484808.68182.app
state->new_bundle: /Users/dragonkao/.openclaw/workspace/382b9e3384298039b171c9b2a60ae644/NeonDrift_MVP/project/xcode_derived_data/Build/Products/Release-iphonesimulator/NeonDrift.run.1782484808.68182.app
state->dst_bundle: /Users/dragonkao/Library/Developer/CoreSimulator/Devices/CC47DE7A-8196-4465-A5A5-BB852C9C6C82/data/Containers/Shared/SystemGroup/systemgroup.com.apple.installcoordinationd/Library/InstallCoordination/PromiseStaging/D8964ACC-BD74-43DE-AEFA-F1C54CED5122/NeonDrift.run.1782484808.68182.app/Payload//NeonDrift.run.1782484808.68182.app, binaryDiff flag: FALSE
	dst_ipa: /Users/dragonkao/Library/Developer/CoreSimulator/Devices/CC47DE7A-8196-4465-A5A5-BB852C9C6C82/data/Containers/Shared/SystemGroup/systemg<…>
2026-06-26 22:41:16.840 Df CoreSimulatorBridge[69675:8b026e] [com.apple.installcoordination:framework] -[IXPromisedTransferToPath setComplete:]: <IXPromisedTransferToPath<0x106090fc0> name:"App Asset: com.DefaultCompany.NeonDrift.run.1782484808.68182" uuid:D8964ACC-BD74-43DE-AEFA-F1C54CED5122 creator:"InstallCoordination Simple SPI" location:[system-defined]> Delta Copy operation from /Users/dragonkao/.openclaw/workspace/382b9e3384298039b171c9b2a60ae644/NeonDrift_MVP/project/xcode_derived_data/Build/Products/Release-iphonesimulator/NeonDrift.run.1782484808.68182.app to /Users/dragonkao/Library/Developer/CoreSimulator/Devices/CC47DE7A-8196-4465-A5A5-BB852C9C6C82/data/Containers/Shared/SystemGroup/systemgroup.com.apple.installcoordinationd/Library/InstallCoordination/PromiseStaging/D8964ACC-BD74-43DE-AEFA-F1C54CED5122/NeonDrift.run.1782484808.68182.app took 0.005317 seconds
2026-06-26 22:41:16.841 Df installcoordinationd[69867:8b0a66] [com.apple.installcoordination:daemon] -[IXSDataPromise _setPercentComplete:saveStateIfNeeded:]: Progress: <IXSPromisedTransferToPath(0x1054f9580) Name:App Asset: com.DefaultCompany.NeonDrift.run.1782484808.68182 Creator:InstallCoordination Simple SPI UUID:D8964ACC-BD74-43DE-AEFA-F1C54CED5122 Location:[system-defined]>
2026-06-26 22:41:16.841 Df installcoordinationd[69867:8b0b10] [com.apple.appinstallation:TransactionLog] com.DefaultCompany.NeonDrift.run.1782484808.68182/Unknown Persona:4:10:1:1:App Asset Promise began. Coordinator State: IXAppCoordinationStatePlaceholderPromiseNotSet
2026-06-26 22:41:16.841 Df CoreSimulatorBridge[69675:8b0312] [com.apple.installcoordination:framework] -[IXAppInstallCoordinator _clientDelegate_promiseDidBeginFulfillmentWithIdentifier:]: <IXUpdatingAppInstallCoordinator<0x106090d40> identity:[com.DefaultCompany.NeonDrift.run.1782484808.68182/Invalid/[system-defined]] uuid:9AACB75E-E4B4-4911-B9F2-18DEF7912707 creator:InstallCoordination Simple SPI>: Got promise did begin fulfillment for identifier 2
2026-06-26 22:41:16.841 Df CoreSimulatorBridge[69675:8b0312] [com.apple.installcoordination:framework] -[IXAppInstallCoordinator _clientDelegate_promiseDidBeginFulfillmentWithIdentifier:]_block_invoke: <IXUpdatingAppInstallCoordinator<0x106090d40> identity:[com.DefaultCompany.NeonDrift.run.1782484808.68182/Invalid/[system-defined]] uuid:9AACB75E-E4B4-4911-B9F2-18DEF7912707 creator:InstallCoordination Simple SPI>: Observer <_IXSimpleInstallerDelegate 0x0x106059470> does not respond to coordinator:configuredPromiseDidBeginFulfillment: (or any deprecated equivalent)
2026-06-26 22:41:16.841 Df installcoordinationd[69867:8b0b0f] [com.apple.installcoordination:daemon] -[IXSCoordinatedAppInstall promiseDidComplete:]: <IXSCoordinatedAppInstall<0x105608000> [P=CoreSimulatorBridge (pid 69675)] identifier:[com.DefaultCompany.NeonDrift.run.1782484808.68182/Invalid/[system-defined]] uuid:9AACB75E-E4B4-4911-B9F2-18DEF7912707 intent:IXCoordinatorIntentUpdating creator/appDRI:InstallCoordination Simple SPI importance:UserWaiting state:IXAppCoordinationStatePlaceholderPromiseNotSet promise-state:0A2I4> : Promise completed: <IXSPromisedTransferToPath(0x1054f9580) Name:App Asset: com.DefaultCompany.NeonDrift.run.1782484808.68182 Creator:InstallCoordination Simple SPI UUID:D8964ACC-BD74-43DE-AEFA-F1C54CED5122 Location:[system-defined]>
2026-06-26 22:41:16.841 Df installcoordinationd[69867:8b0b10] [com.apple.appinstallation:TransactionLog] com.DefaultCompany.NeonDrift.run.1782484808.68182/Unknown Persona:4:10:2:1:App Asset Promise completed. Coordinator State: IXAppCoordinationStatePlaceholderPromiseNotSet
2026-06-26 22:41:16.841 Df CoreSimulatorBridge[69675:8b0312] [com.apple.installcoordination:framework] -[IXAppInstallCoordinator _clientDelegate_didUpdateProgress:forPhase:overallProgress:]: <IXUpdatingAppInstallCoordinator<0x106090d40> identity:[com.DefaultCompany.NeonDrift.run.1782484808.68182/Invalid/[system-defined]] uuid:9AACB75E-E4B4-4911-B9F2-18DEF7912707 creator:InstallCoordination Simple SPI>: Got did update progress delegate with percentComplete 100.000000 phase IXCoordinatorProgressPhaseLoading overallProgress 60.000000
2026-06-26 22:41:16.842 Df CoreSimulatorBridge[69675:8b0312] [com.apple.installcoordination:framework] -[IXAppInstallCoordinator _clientDelegate_didUpdateProgress:forPhase:overallProgress:]_block_invoke: <IXUpdatingAppInstallCoordinator<0x106090d40> identity:[com.DefaultCompany.NeonDrift.run.1782484808.68182/Invalid/[system-defined]] uuid:9AACB75E-E4B4-4911-B9F2-18DEF7912707 creator:InstallCoordination Simple SPI>: Calling selector coordinator:didUpdateProgress:forPhase:overallProgress: on observer <_IXSimpleInstallerDelegate 0x0x106059470>
2026-06-26 22:41:16.842 Df installcoordinationd[69867:8b0b20] [com.apple.installcoordination:daemon] -[IXSCoordinatedAppInstall setPlaceholderPromise:]: <IXSCoordinatedAppInstall<0x105608000> [P=CoreSimulatorBridge (pid 69675)] identifier:[com.DefaultCompany.NeonDrift.run.1782484808.68182/Invalid/[system-defined]] uuid:9AACB75E-E4B4-4911-B9F2-18DEF7912707 intent:IXCoordinatorIntentUpdating creator/appDRI:InstallCoordination Simple SPI importance:UserWaiting state:IXAppCoordinationStateReadyForPlaceholderInstall promise-state:PA2I4> : Placeholder Promise set: <IXSPlaceholder(0x1055243c0) Name:App Placeholder: NeonDrift.run.1782484808.68182 (com.DefaultCompany.NeonDrift.run.1782484808.68182) Creator:InstallCoordination Simple SPI UUID:77674E89-77FC-4EF3-A80A-12D69DE46505 Location:[system-defined]>
2026-06-26 22:41:16.842 Df installcoordinationd[69867:8b0a66] [com.apple.installcoordination:daemon] -[IXSCoordinatedAppInstall promiseDidComplete:]: <IXSCoordinatedAppInstall<0x105608000> [P=CoreSimulatorBridge (pid 69675)] identifier:[com.DefaultCompany.NeonDrift.run.1782484808.68182/Invalid/[system-defined]] uuid:9AACB75E-E4B4-4911-B9F2-18DEF7912707 intent:IXCoordinatorIntentUpdating creator/appDRI:InstallCoordination Simple SPI importance:UserWaiting state:IXAppCoordinationStateReadyForPlaceholderInstall promise-state:PA2I4> : Promise completed: <IXSPlaceholder(0x1055243c0) Name:App Placeholder: NeonDrift.run.1782484808.68182 (com.DefaultCompany.NeonDrift.run.1782484808.68182) Creator:InstallCoordination Simple SPI UUID:77674E89-77FC-4EF3-A80A-12D69DE46505 Location:[system-defined]>
2026-06-26 22:41:16.842 Df installcoordinationd[69867:8b0b20] [com.apple.installcoordination:daemon] -[IXSCoordinatedAppInstall _onQueue_acquireAssertionAndInstallPlaceholder]: Acquiring termination assertion to install placeholder for [com.DefaultCompany.NeonDrift.run.1782484808.68182/Invalid/[system-defined]]
2026-06-26 22:41:16.843 Df installcoordinationd[69867:8b0b20] [com.apple.installcoordination:daemon] -[IXSPendingOperationsTracker beginPendingOperationForIdentity:]_block_invoke: Beginning pending operation for [com.DefaultCompany.NeonDrift.run.1782484808.68182/Invalid/[system-defined]]
2026-06-26 22:41:16.845 Df runningboardd[69648:8b02e0] [com.apple.runningboard:connection] Received termination request from [osservice<com.apple.installcoordinationd>:69867] on <RBSProcessPredicate <RBSProcessBundleIdentifierPredicate "com.DefaultCompany.NeonDrift.run.1782484808.68182">> with context <RBSTerminateContext| explanation:installcoordinationd app:[com.DefaultCompany.NeonDrift.run.1782484808.68182/Invalid/[system-defined]] uuid:9AACB75E-E4B4-4911-B9F2-18DEF7912707 isPlaceholder:Y reportType:None maxTerminationResistance:Absolute attrs:[
	<RBSPreventLaunchLimitation| <RBSProcessPredicate <RBSProcessBundleIdentifierPredicate "com.DefaultCompany.NeonDrift.run.1782484808.68182">> allow:(null)>
	]>
2026-06-26 22:41:16.845 Df runningboardd[69648:8b02e0] [com.apple.runningboard:general] Found 0 extensions contained in com.DefaultCompany.NeonDrift.run.1782484808.68182
2026-06-26 22:41:16.846 Df runningboardd[69648:8b02e0] [com.apple.PlugInKit:holds] <PKManager:0x109cb2180> hold request for [/Users/dragonkao/Library/Developer/CoreSimulator/Devices/CC47DE7A-8196-4465-A5A5-BB852C9C6C82/data/Containers/Bundle/Application/0A268C7B-63E9-4601-98B7-10EC8E440B21/NeonDrift.run.1782484808.68182.app] with flags: 0x4
2026-06-26 22:41:16.847 Df runningboardd[69648:8b02ce] [com.apple.PlugInKit:holds] <PKManager:0x109cb2180> hold request for [/Users/dragonkao/Library/Developer/CoreSimulator/Devices/CC47DE7A-8196-4465-A5A5-BB852C9C6C82/data/Containers/Bundle/Application/0A268C7B-63E9-4601-98B7-10EC8E440B21/NeonDrift.run.1782484808.68182.app] with flags: 0x4 completed with hold token: [81B3A258-6689-4400-B789-40E2222D4A5E]
2026-06-26 22:41:16.847 Df runningboardd[69648:8b02ce] [com.apple.runningboard:ttl] Acquiring assertion targeting system from originator [osservice<com.apple.installcoordinationd>:69867] with description <RBSAssertionDescriptor| "installcoordinationd app:[com.DefaultCompany.NeonDrift.run.1782484808.68182/Invalid/[system-defined]] uuid:9AACB75E-E4B4-4911-B9F2-18DEF7912707 isPlaceholder:Y" ID:69648-69867-194 target:system attributes:[
	<RBSPreventLaunchLimitation| <RBSProcessPredicate <RBSProcessBundleIdentifierPredicate "com.DefaultCompany.NeonDrift.run.1782484808.68182">> allow:(null)>
	]>
2026-06-26 22:41:16.847 Df runningboardd[69648:8b02ce] [com.apple.runningboard:process] Executing termination request for: <RBSProcessPredicate <RBSProcessBundleIdentifierPredicate "com.DefaultCompany.NeonDrift.run.1782484808.68182">>
2026-06-26 22:41:16.847 Df SpringBoard[69792:8b074f] [com.apple.SpringBoard:Common] termination assertion acquired for com.DefaultCompany.NeonDrift.run.1782484808.68182
2026-06-26 22:41:16.847 Df SpringBoard[69792:8b074f] [com.apple.SpringBoard:Icon] 0x10d752700-SBApplicationIcon Data source did change: <SBApplication: 0x10d794600; com.DefaultCompany.NeonDrift.run.1782484808.68182> {
} (SBApplication)
2026-06-26 22:41:16.847 Df installcoordinationd[69867:8b0b10] [com.apple.appinstallation:TransactionLog] com.DefaultCompany.NeonDrift.run.1782484808.68182/Unknown Persona:4:9:1:1:Placeholder Promise began. Coordinator State: IXAppCoordinationStateWaitingForPlaceholderAssertion
2026-06-26 22:41:16.847 Df installcoordinationd[69867:8b0b10] [com.apple.installcoordination:daemon] -[IXSCoordinatorProgress setTotalUnitsCompleted:]: Progress for coordinator: [com.DefaultCompany.NeonDrift.run.1782484808.68182/Invalid/[system-defined]], Phase: IXCoordinatorProgressPhaseLoading, Percentage: 100.000000: Attempt to set units completed on finished progress: 100
2026-06-26 22:41:16.847 Df installcoordinationd[69867:8b0b10] [com.apple.appinstallation:TransactionLog] com.DefaultCompany.NeonDrift.run.1782484808.68182/Unknown Persona:4:9:2:1:Placeholder Promise completed. Coordinator State: IXAppCoordinationStateWaitingForPlaceholderAssertion
2026-06-26 22:41:16.847 Df CoreSimulatorBridge[69675:8b0310] [com.apple.installcoordination:framework] -[IXAppInstallCoordinator _clientDelegate_promiseDidBeginFulfillmentWithIdentifier:]: <IXUpdatingAppInstallCoordinator<0x106090d40> identity:[com.DefaultCompany.NeonDrift.run.1782484808.68182/Invalid/[system-defined]] uuid:9AACB75E-E4B4-4911-B9F2-18DEF7912707 creator:InstallCoordination Simple SPI>: Got promise did begin fulfillment for identifier 1
2026-06-26 22:41:16.847 Df CoreSimulatorBridge[69675:8b0310] [com.apple.installcoordination:framework] -[IXAppInstallCoordinator _clientDelegate_promiseDidBeginFulfillmentWithIdentifier:]_block_invoke: <IXUpdatingAppInstallCoordinator<0x106090d40> identity:[com.DefaultCompany.NeonDrift.run.1782484808.68182/Invalid/[system-defined]] uuid:9AACB75E-E4B4-4911-B9F2-18DEF7912707 creator:InstallCoordination Simple SPI>: Observer <_IXSimpleInstallerDelegate 0x0x106059470> does not respond to coordinator:configuredPromiseDidBeginFulfillment: (or any deprecated equivalent)
2026-06-26 22:41:16.847 Df installcoordinationd[69867:8b0a66] [com.apple.installcoordination:daemon] -[IXSCoordinatedAppInstall assertionAcquiredCallback]: RBS termination assertion observer called for <IXSCoordinatedAppInstall<0x105608000> [P=CoreSimulatorBridge (pid 69675)] identifier:[com.DefaultCompany.NeonDrift.run.1782484808.68182/Invalid/[system-defined]] uuid:9AACB75E-E4B4-4911-B9F2-18DEF7912707 intent:IXCoordinatorIntentUpdating creator/appDRI:InstallCoordination Simple SPI importance:UserWaiting state:IXAppCoordinationStateWaitingForPlaceholderAssertion promise-state:PA2I4>
2026-06-26 22:41:16.848 Df installcoordinationd[69867:8b0a66] [com.apple.installcoordination:daemon] -[IXSCoordinatedAppInstall _onQueue_installPlaceholder]: Acquired termination assertion for placeholder [com.DefaultCompany.NeonDrift.run.1782484808.68182/Invalid/[system-defined]]; proceeding with install.
2026-06-26 22:41:16.848 Df installcoordinationd[69867:8b0a66] [com.apple.installcoordination:daemon] -[IXSPowerAssertion initWithAssertionName:details:]: Acquired power assertion IXPowerAssertion-12-[com.DefaultCompany.NeonDrift.run.1782484808.68182/Invalid/[system-defined]]
2026-06-26 22:41:16.849 Df installd[69878:8b0b0a] (MobileSystemServices) 0x16fe27000 -[MIClientConnection _doInstallationForURL:identity:domain:options:operationType:completion:]: Install of "/Users/dragonkao/Library/Developer/CoreSimulator/Devices/CC47DE7A-8196-4465-A5A5-BB852C9C6C82/data/Containers/Shared/SystemGroup/systemgroup.com.apple.installcoordinationd/Library/InstallCoordination/PromiseStaging/77674E89-77FC-4EF3-A80A-12D69DE46505/NeonDrift.run.1782484808.68182.app" type Placeholder (LSInstallType = 1, Domain: MIInstallationDomainDefault) requested by installcoordinationd (pid 69867 (501/20))
2026-06-26 22:41:16.853 Df installd[69878:8b0b0a] [com.apple.containermanager:xpc] Query; euid = 501, uid = 501, class = 1, identifier = [com.DefaultCompany.NeonDrift.run.1782484808.68182](1), flags = 300000002
2026-06-26 22:41:16.853 Df containermanagerd_system[69690:8b0b0b] [com.apple.containermanager:cache] Disk sync reporting on new entry: (com.DefaultCompany.NeonDrift.run.1782484808.68182|18446744073709551615|<MCMContainerPath: 0x1058f63f0; [<MCMContainerClassPath: 0x10584d1a0; persona [(null)]; [/Users/dragonkao/Library/Developer/CoreSimulator/Devices/CC47DE7A-8196-4465-A5A5-BB852C9C6C82/data/Containers]/[Bundle]/[Application] created>]/[0A268C7B-63E9-4601-98B7-10EC8E440B21]/[(null)]>|0|D87CBB14-F727-4797-97CF-D932ADAF8C00|(null))
2026-06-26 22:41:16.854 Df installd[69878:8b0b0a] [com.apple.containermanager:xpc] Query; euid = 501, uid = 501, class = 1, identifier = [com.DefaultCompany.NeonDrift.run.1782484808.68182](1), flags = 300000002
2026-06-26 22:41:16.871 Df runningboardd[69648:8b02ce] [com.apple.runningboard:process] Checking PreventLaunch: global:0 exPath:(null) predicates:{(
    <RBSProcessPredicate <RBSProcessBundleIdentifierPredicate "com.DefaultCompany.NeonDrift.run.1782484808.68182">>
)} allow:(null)
2026-06-26 22:41:16.959 Df installd[69878:8b0b0a] [com.apple.containermanager:xpc] Query; euid = 501, uid = 501, class = 1, identifier = [com.DefaultCompany.NeonDrift.run.1782484808.68182](1), flags = 300000002
2026-06-26 22:41:16.959 Df installd[69878:8b0b0a] [com.apple.containermanager:xpc] Query; euid = 501, uid = 501, class = 1, identifier = [com.DefaultCompany.NeonDrift.run.1782484808.68182](1), flags = 300000002
2026-06-26 22:41:16.961 Df installd[69878:8b0b0a] (MobileSystemServices) 0x16fe27000 -[MIInstaller _installInstallable:containingSymlink:error:]: Installing <MIInstallableParallelPlaceholder ID=com.DefaultCompany.NeonDrift.run.1782484808.68182; Persona=com.apple.containermanager.primary-persona, Version=0, ShortVersion=1.0>
2026-06-26 22:41:16.961 Df installd[69878:8b0b0a] [com.apple.appinstallation:TransactionLog] com.DefaultCompany.NeonDrift.run.1782484808.68182/com.apple.containermanager.primary-persona:7:2:1:1:Start : Install (Parallel Placeholder)
2026-06-26 22:41:16.985 Df runningboardd[69648:8b02cf] [com.apple.runningboard:process] Checking PreventLaunch: global:0 exPath:(null) predicates:{(
    <RBSProcessPredicate <RBSProcessBundleIdentifierPredicate "com.DefaultCompany.NeonDrift.run.1782484808.68182">>
)} allow:(null)
2026-06-26 22:41:17.097 Df runningboardd[69648:8b02ce] [com.apple.runningboard:process] Checking PreventLaunch: global:0 exPath:(null) predicates:{(
    <RBSProcessPredicate <RBSProcessBundleIdentifierPredicate "com.DefaultCompany.NeonDrift.run.1782484808.68182">>
)} allow:(null)
2026-06-26 22:41:17.210 Df runningboardd[69648:8b02d0] [com.apple.runningboard:process] Checking PreventLaunch: global:0 exPath:(null) predicates:{(
    <RBSProcessPredicate <RBSProcessBundleIdentifierPredicate "com.DefaultCompany.NeonDrift.run.1782484808.68182">>
)} allow:(null)
2026-06-26 22:41:17.324 Df runningboardd[69648:8b0971] [com.apple.runningboard:process] Checking PreventLaunch: global:0 exPath:(null) predicates:{(
    <RBSProcessPredicate <RBSProcessBundleIdentifierPredicate "com.DefaultCompany.NeonDrift.run.1782484808.68182">>
)} allow:(null)
2026-06-26 22:41:17.438 Df runningboardd[69648:8b0971] [com.apple.runningboard:process] Checking PreventLaunch: global:0 exPath:(null) predicates:{(
    <RBSProcessPredicate <RBSProcessBundleIdentifierPredicate "com.DefaultCompany.NeonDrift.run.1782484808.68182">>
)} allow:(null)
2026-06-26 22:41:17.507 Df searchd[69741:8b0627] [com.apple.spotlight:default] Apps changed: (
    "com.apple.Passbook",
    "com.apple.MobileAddressBook",
    "com.apple.Fitness",
    "com.apple.DocumentsApp",
    "com.apple.MobileSMS",
    "com.apple.Maps",
    "com.apple.Passwords",
    "com.apple.mobilecal",
    "com.apple.Bridge",
    "com.apple.BarcodeScanner",
    "com.apple.Preferences",
    "com.apple.reminders",
    "com.DefaultCompany.NeonDrift.run.1782484808.68182",
    "com.apple.Health",
    "com.apple.news",
    "com.apple.mobileslideshow",
    "com.DefaultCompany.NeonDrift",
    "com.apple.mobilesafari",
    "com.DefaultCompany.NeonDrift.run.1782484537.59589",
    "com.apple.TVRemoteUIService",
    "com.apple.Preview",
    "com.apple.shortcuts",
    "com.DefaultCompany.NeonDrift.run.1782484282.54413"
)
2026-06-26 22:41:19.511 Df installd[69878:8b0b0a] [com.apple.containermanager:query] Query; euid = 501, uid = 501, class = 4, identifier = [com.DefaultCompany.NeonDrift.run.1782484808.68182](1), flags = 300000002
2026-06-26 22:41:19.551 Df installd[69878:8b0b0a] [com.apple.containermanager:query] Query; euid = 501, uid = 501, class = 4, identifier = [com.DefaultCompany.NeonDrift.run.1782484808.68182](1), flags = 300000002
2026-06-26 22:41:19.551 Df installd[69878:8b0b0a] (MobileSystemServices) 0x16fe27000 -[MIInstallableParallelPlaceholder performInstallationWithError:]: Installing parallel placeholder for [com.DefaultCompany.NeonDrift.run.1782484808.68182/com.apple.containermanager.primary-persona/[system-defined]]
2026-06-26 22:41:19.553 Df installd[69878:8b0b0a] [com.apple.containermanager:query] Query; euid = 501, uid = 501, class = 2, identifier = [com.DefaultCompany.NeonDrift.run.1782484808.68182](1), flags = 300000003
2026-06-26 22:41:19.565 Df containermanagerd[69702:8b038f] [com.apple.containermanager:cache] Disk sync reporting on new entry: (com.DefaultCompany.NeonDrift.run.1782484808.68182|18446744073709551615|<MCMContainerPath: 0x103b22d00; [<MCMContainerClassPath: 0x1038497a0; persona [(null)]; [/Users/dragonkao/Library/Developer/CoreSimulator/Devices/CC47DE7A-8196-4465-A5A5-BB852C9C6C82/data/Containers]/[Data]/[Application] created>]/[D28A974A-AA00-4F8C-9CF5-7B8854062AB2]/[(null)]>|1|7CE8CF15-7BED-4EBE-912E-617CADD00A8C|(null))
2026-06-26 22:41:19.567 Df installd[69878:8b0b0a] [com.apple.containermanager:query] Query; euid = 501, uid = 501, class = 2, identifier = [com.DefaultCompany.NeonDrift.run.1782484808.68182](1), flags = 300000002
2026-06-26 22:41:19.576 Df containermanagerd[69702:8b038f] [com.apple.containermanager:schema] [u 7CE8CF15-7BED-4EBE-912E-617CADD00A8C:p D28A974A-AA00-4F8C-9CF5-7B8854062AB2:c com.DefaultCompany.NeonDrift.run.1782484808.68182(2):i0] Successfully updated schema from (0) → (1), actions count = 6
2026-06-26 22:41:19.577 Df containermanagerd_system[69690:8b0b0b] [com.apple.containermanager:schema] [u D87CBB14-F727-4797-97CF-D932ADAF8C00:p 0A268C7B-63E9-4601-98B7-10EC8E440B21:c com.DefaultCompany.NeonDrift.run.1782484808.68182(1):i0] Successfully updated schema from (0) → (0), actions count = 0
2026-06-26 22:41:19.577 Df installd[69878:8b0b0a] [com.apple.containermanager:xpc] Query; euid = 501, uid = 501, class = 1, identifier = [com.DefaultCompany.NeonDrift.run.1782484808.68182](1), flags = 300000002
2026-06-26 22:41:19.578 Df installd[69878:8b0b0a] [com.apple.containermanager:unspecified] Requesting disk usage; class = 1, identifier = com.DefaultCompany.NeonDrift.run.1782484808.68182
2026-06-26 22:41:19.579 Df installd[69878:8b0b0a] [com.apple.containermanager:query] Query; euid = 501, uid = 501, class = 7, identifier = [com.DefaultCompany.NeonDrift.run.1782484808.68182](1), flags = 300000001
2026-06-26 22:41:19.580 Df SpringBoard[69792:8b074f] [com.apple.SpringBoard:Common] termination assertion released for com.DefaultCompany.NeonDrift.run.1782484808.68182
2026-06-26 22:41:19.580 Df SpringBoard[69792:8b074f] [com.apple.SpringBoard:Icon] 0x10d752700-SBApplicationIcon Data source did change: <SBApplication: 0x10d794600; com.DefaultCompany.NeonDrift.run.1782484808.68182> {
} (SBApplication)
2026-06-26 22:41:19.582 Df installd[69878:8b0b0a] (MobileSystemServices) 0x16fe27000 -[MILaunchServicesOperationManager _onQueue_addPendingLaunchServicesOperation:error:]: Added pending LS operation <MILaunchServicesRegisterOperation: 4D68B4D7-939B-44D9-B09B-97A7B219E12E:1 com.DefaultCompany.NeonDrift.run.1782484808.68182/MIInstallationDomainSystemShared personas:[com.apple.containermanager.primary-persona]>
2026-06-26 22:41:19.583 Df lsd[69695:8b02fc] [com.apple.launchservices:appinstallation] Post installation registration: request to register com.DefaultCompany.NeonDrift.run.1782484808.68182, operation 4D68B4D7-939B-44D9-B09B-97A7B219E12E, from pid 69878
2026-06-26 22:41:19.583 Df lsd[69695:8b02fc] [com.apple.appinstallation:TransactionLog] com.DefaultCompany.NeonDrift.run.1782484808.68182/Unknown Persona:5:4:1:1:Registering bundles via registrant - start
2026-06-26 22:41:19.586 Df lsd[69695:8b02fc] [com.apple.appinstallation:TransactionLog] com.DefaultCompany.NeonDrift.run.1782484808.68182/Unknown Persona:5:5:1:1:Building bundle record for app
2026-06-26 22:41:19.586 Df lsd[69695:8b02fc] [com.apple.launchservices:appinstallation] Placeholder detected - Flagging bundle com.DefaultCompany.NeonDrift.run.1782484808.68182 incomplete
2026-06-26 22:41:19.587 Df lsd[69695:8b02fc] [com.apple.appinstallation:TransactionLog] com.DefaultCompany.NeonDrift.run.1782484808.68182/Unknown Persona:5:5:2:1:Built bundle record for app
2026-06-26 22:41:19.588 Df lsd[69695:8b02fc] [com.apple.appinstallation:TransactionLog] com.DefaultCompany.NeonDrift.run.1782484808.68182/Unknown Persona:5:4:2:1:Registered bundle status = success
2026-06-26 22:41:19.589 Df lsd[69695:8b02fc] [com.apple.appinstallation:TransactionLog] com.DefaultCompany.NeonDrift.run.1782484808.68182/Unknown Persona:5:4:2:1:Finished registering com.DefaultCompany.NeonDrift.run.1782484808.68182, bundle unit 470
2026-06-26 22:41:19.589 Df installd[69878:8b0b0a] (MobileSystemServices) 0x16fe27000 -[MIJournal purgeJournalEntry:withError:]: Removing journal entry <MIInstallationJournalEntry<0x1010e8a00> [com.DefaultCompany.NeonDrift.run.1782484808.68182/com.apple.containermanager.primary-persona/[system-defined]]/MIInstallationDomainSystemShared op:3 phase:JournalPhaseDidRegisterWithLS version:0>
2026-06-26 22:41:19.589 Df installd[69878:8b0b0a] [com.apple.appinstallation:TransactionLog] com.DefaultCompany.NeonDrift.run.1782484808.68182/com.apple.containermanager.primary-persona:7:2:2:1:Success (End) : Install (Parallel Placeholder)
2026-06-26 22:41:19.589 Df lsd[69695:8b02fc] [com.apple.launchservices:progress] Sending applicationInstallsDidStart: for (
    "<LSApplicationProxy: 0x101b30000> com.DefaultCompany.NeonDrift.run.1782484808.68182 file:///Users/dragonkao/Library/Developer/CoreSimulator/Devices/CC47DE7A-8196-4465-A5A5-BB852C9C6C82/data/Containers/Bundle/Application/0A268C7B-63E9-4601-98B7-10EC8E440B21/com.apple.mobileinstallation.placeholder/ <com.DefaultCompany.NeonDrift.run.1782484808.68182 <placeholder >:1>"
)
2026-06-26 22:41:19.589 Df installd[69878:8b0b0a] (MobileSystemServices) 0x16fe27000 -[MIInstaller _logOperationCompletionWithStartTime:distributorID:]: Install successful for (Placeholder:com.DefaultCompany.NeonDrift.run.1782484808.68182) [Distributor: (null)]; Staging: 0.00s; Waiting: 0.00s; Preflight/Patch: 2.55s, Verifying: 0.04s; Overall: 2.74s
2026-06-26 22:41:19.590 Df lsd[69695:8b02fc] [com.apple.launchservices:progress] Created parent progress <NSProgress: com.DefaultCompany.NeonDrift.run.1782484808.68182 phase=InstallingPlaceholder; state=Waiting; finalPhase=Installing; fractionCompleted=0.000000>
2026-06-26 22:41:19.590 Df installcoordinationd[69867:8b0a66] [com.apple.installcoordination:daemon] -[IXSPowerAssertion invalidate]: Released power assertion IXPowerAssertion-12-[com.DefaultCompany.NeonDrift.run.1782484808.68182/Invalid/[system-defined]]
2026-06-26 22:41:19.591 Df nsurlsessiond[69694:8b031d] [com.apple.launchservices:appinstallation] LaunchServices observer: InstallsStarted (
    "<LSApplicationProxy: 0x1022983c0> com.DefaultCompany.NeonDrift.run.1782484808.68182 file:///Users/dragonkao/Library/Developer/CoreSimulator/Devices/CC47DE7A-8196-4465-A5A5-BB852C9C6C82/data/Containers/Bundle/Application/0A268C7B-63E9-4601-98B7-10EC8E440B21/com.apple.mobileinstallation.placeholder/ <com.DefaultCompany.NeonDrift.run.1782484808.68182 <placeholder >:1>"
)
2026-06-26 22:41:19.591 Df installcoordinationd[69867:8b0b21] [com.apple.installcoordination:daemon] -[IXSPendingOperationsTracker endPendingOperationForIdentity:]_block_invoke: Ending pending operation for [com.DefaultCompany.NeonDrift.run.1782484808.68182/Invalid/[system-defined]]
2026-06-26 22:41:19.591 Df callservicesd[69710:8b07ed] [com.apple.launchservices:appinstallation] LaunchServices observer: InstallsStarted (
    "<LSApplicationProxy: 0x109274d80> com.DefaultCompany.NeonDrift.run.1782484808.68182 file:///Users/dragonkao/Library/Developer/CoreSimulator/Devices/CC47DE7A-8196-4465-A5A5-BB852C9C6C82/data/Containers/Bundle/Application/0A268C7B-63E9-4601-98B7-10EC8E440B21/com.apple.mobileinstallation.placeholder/ <com.DefaultCompany.NeonDrift.run.1782484808.68182 <placeholder >:1>"
)
2026-06-26 22:41:19.591 Df installcoordinationd[69867:8b0b21] [com.apple.installcoordination:daemon] -[IXSCoordinatedAppInstall setPlaceholderInstallState:withLSRecordPromiseForCompletion:]: <IXSCoordinatedAppInstall<0x105608000> [P=CoreSimulatorBridge (pid 69675)] identifier:[com.DefaultCompany.NeonDrift.run.1782484808.68182/Invalid/[system-defined]] uuid:9AACB75E-E4B4-4911-B9F2-18DEF7912707 intent:IXCoordinatorIntentUpdating creator/appDRI:InstallCoordination Simple SPI importance:UserWaiting state:IXAppCoordinationStateReadyForInstall promise-state:PA2I4>: Placeholder install completed.
2026-06-26 22:41:19.591 Df profiled[69725:8b0508] [com.apple.launchservices:appinstallation] LaunchServices observer: InstallsStarted (
    "<LSApplicationProxy: 0x1023fc000> com.DefaultCompany.NeonDrift.run.1782484808.68182 file:///Users/dragonkao/Library/Developer/CoreSimulator/Devices/CC47DE7A-8196-4465-A5A5-BB852C9C6C82/data/Containers/Bundle/Application/0A268C7B-63E9-4601-98B7-10EC8E440B21/com.apple.mobileinstallation.placeholder/ <com.DefaultCompany.NeonDrift.run.1782484808.68182 <placeholder >:1>"
)
2026-06-26 22:41:19.592 Df passd[69674:8b0729] [com.apple.launchservices:appinstallation] LaunchServices observer: InstallsStarted (
    "<LSApplicationProxy: 0x10a4bd980> com.DefaultCompany.NeonDrift.run.1782484808.68182 file:///Users/dragonkao/Library/Developer/CoreSimulator/Devices/CC47DE7A-8196-4465-A5A5-BB852C9C6C82/data/Containers/Bundle/Application/0A268C7B-63E9-4601-98B7-10EC8E440B21/com.apple.mobileinstallation.placeholder/ <com.DefaultCompany.NeonDrift.run.1782484808.68182 <placeholder >:1>"
)
2026-06-26 22:41:19.592 Df liveactivitiesd[69699:8b043d] [com.apple.launchservices:appinstallation] LaunchServices observer: InstallsStarted (
    "<LSApplicationProxy: 0x104681680> com.DefaultCompany.NeonDrift.run.1782484808.68182 file:///Users/dragonkao/Library/Developer/CoreSimulator/Devices/CC47DE7A-8196-4465-A5A5-BB852C9C6C82/data/Containers/Bundle/Application/0A268C7B-63E9-4601-98B7-10EC8E440B21/com.apple.mobileinstallation.placeholder/ <com.DefaultCompany.NeonDrift.run.1782484808.68182 <placeholder >:1>"
)
2026-06-26 22:41:19.592 Df usernotificationsd[69707:8b0480] [com.apple.launchservices:appinstallation] LaunchServices observer: InstallsStarted (
    "<LSApplicationProxy: 0x1035b4600> com.DefaultCompany.NeonDrift.run.1782484808.68182 file:///Users/dragonkao/Library/Developer/CoreSimulator/Devices/CC47DE7A-8196-4465-A5A5-BB852C9C6C82/data/Containers/Bundle/Application/0A268C7B-63E9-4601-98B7-10EC8E440B21/com.apple.mobileinstallation.placeholder/ <com.DefaultCompany.NeonDrift.run.1782484808.68182 <placeholder >:1>"
)
2026-06-26 22:41:19.592 Df financed[69746:8b059f] [com.apple.launchservices:appinstallation] LaunchServices observer: InstallsStarted (
    "<LSApplicationProxy: 0x107a3bc00> com.DefaultCompany.NeonDrift.run.1782484808.68182 file:///Users/dragonkao/Library/Developer/CoreSimulator/Devices/CC47DE7A-8196-4465-A5A5-BB852C9C6C82/data/Containers/Bundle/Application/0A268C7B-63E9-4601-98B7-10EC8E440B21/com.apple.mobileinstallation.placeholder/ <com.DefaultCompany.NeonDrift.run.1782484808.68182 <placeholder >:1>"
)
2026-06-26 22:41:19.592 Df sleepd[69672:8b0294] [com.apple.launchservices:appinstallation] LaunchServices observer: InstallsStarted (
    "<LSApplicationProxy: 0x105a68180> com.DefaultCompany.NeonDrift.run.1782484808.68182 file:///Users/dragonkao/Library/Developer/CoreSimulator/Devices/CC47DE7A-8196-4465-A5A5-BB852C9C6C82/data/Containers/Bundle/Application/0A268C7B-63E9-4601-98B7-10EC8E440B21/com.apple.mobileinstallation.placeholder/ <com.DefaultCompany.NeonDrift.run.1782484808.68182 <placeholder >:1>"
)
2026-06-26 22:41:19.592 Df lsd[69695:8b02fc] [com.apple.launchservices:progress] Sent distributed notification com.apple.LaunchServices.applicationRegistered with payload {
    bundleIDs =     (
        "com.DefaultCompany.NeonDrift.run.1782484808.68182"
    );
    isPlaceholder = 1;
}
2026-06-26 22:41:19.592 Df runningboardd[69648:8b02d0] [com.apple.launchservices:appinstallation] LaunchServices observer: InstallsStarted (
    "<LSApplicationProxy: 0x1061a4000> com.DefaultCompany.NeonDrift.run.1782484808.68182 file:///Users/dragonkao/Library/Developer/CoreSimulator/Devices/CC47DE7A-8196-4465-A5A5-BB852C9C6C82/data/Containers/Bundle/Application/0A268C7B-63E9-4601-98B7-10EC8E440B21/com.apple.mobileinstallation.placeholder/ <com.DefaultCompany.NeonDrift.run.1782484808.68182 <placeholder >:1>"
)
2026-06-26 22:41:19.592 Df mobiletimerd[69660:8b02e9] [com.apple.launchservices:appinstallation] LaunchServices observer: InstallsStarted (
    "<LSApplicationProxy: 0x10366c180> com.DefaultCompany.NeonDrift.run.1782484808.68182 file:///Users/dragonkao/Library/Developer/CoreSimulator/Devices/CC47DE7A-8196-4465-A5A5-BB852C9C6C82/data/Containers/Bundle/Application/0A268C7B-63E9-4601-98B7-10EC8E440B21/com.apple.mobileinstallation.placeholder/ <com.DefaultCompany.NeonDrift.run.1782484808.68182 <placeholder >:1>"
)
2026-06-26 22:41:19.593 Df SpringBoard[69792:8b0803] [com.apple.launchservices:appinstallation] LaunchServices observer: InstallsStarted (
    "<LSApplicationProxy: 0x12c632b80> com.DefaultCompany.NeonDrift.run.1782484808.68182 file:///Users/dragonkao/Library/Developer/CoreSimulator/Devices/CC47DE7A-8196-4465-A5A5-BB852C9C6C82/data/Containers/Bundle/Application/0A268C7B-63E9-4601-98B7-10EC8E440B21/com.apple.mobileinstallation.placeholder/ <com.DefaultCompany.NeonDrift.run.1782484808.68182 <placeholder >:1>"
)
2026-06-26 22:41:19.593 Df SpringBoard[69792:8b0803] [com.apple.frontboard.ApplicationLibrary:observer] -[FBSApplicationLibrary applicationInstallsDidStart:] com.DefaultCompany.NeonDrift.run.1782484808.68182
2026-06-26 22:41:19.593 Df SpringBoard[69792:8b0803] [com.apple.frontboard.ApplicationLibrary:default] Added placeholder: <SBApplicationPlaceholderProxy: 0x10c7e7480; com.DefaultCompany.NeonDrift.run.1782484808.68182 (NeonDrift.run.1782484808.68182); LSInstallType: StoreDownload>
2026-06-26 22:41:19.593 Df SpringBoard[69792:8b074f] [com.apple.frontboard.ApplicationLibrary:sb.placeholder] App placeholder proxies added: (
    "<SBApplicationPlaceholderProxy: 0x10c7e7480; com.DefaultCompany.NeonDrift.run.1782484808.68182 (NeonDrift.run.1782484808.68182); LSInstallType: StoreDownload>"
), currentlyKnownExistingPlaceholders: {
}
2026-06-26 22:41:19.593 Df SpringBoard[69792:8b074f] [com.apple.appinstallation:TransactionLog] com.DefaultCompany.NeonDrift.run.1782484808.68182/Unknown Persona:10:0:1:1:Placeholder add BEGIN
2026-06-26 22:41:19.593 Df donotdisturbd[69692:8b03cf] [com.apple.launchservices:appinstallation] LaunchServices observer: InstallsStarted (
    "<LSApplicationProxy: 0x1021d9440> com.DefaultCompany.NeonDrift.run.1782484808.68182 file:///Users/dragonkao/Library/Developer/CoreSimulator/Devices/CC47DE7A-8196-4465-A5A5-BB852C9C6C82/data/Containers/Bundle/Application/0A268C7B-63E9-4601-98B7-10EC8E440B21/com.apple.mobileinstallation.placeholder/ <com.DefaultCompany.NeonDrift.run.1782484808.68182 <placeholder >:1>"
)
2026-06-26 22:41:19.593 Df routined[69653:8b0397] [com.apple.launchservices:appinstallation] LaunchServices observer: InstallsStarted (
    "<LSApplicationProxy: 0x10585c9c0> com.DefaultCompany.NeonDrift.run.1782484808.68182 file:///Users/dragonkao/Library/Developer/CoreSimulator/Devices/CC47DE7A-8196-4465-A5A5-BB852C9C6C82/data/Containers/Bundle/Application/0A268C7B-63E9-4601-98B7-10EC8E440B21/com.apple.mobileinstallation.placeholder/ <com.DefaultCompany.NeonDrift.run.1782484808.68182 <placeholder >:1>"
)
2026-06-26 22:41:19.593 Df SpringBoard[69792:8b090e] [com.apple.launchservices:progress] #LSInstallProgressList add subscriber: <_NSProgressSubscriber: 0x12675b750> publishingString: com.DefaultCompany.NeonDrift.run.1782484808.68182
2026-06-26 22:41:19.593 Df homed[69712:8b05f8] [com.apple.launchservices:appinstallation] LaunchServices observer: InstallsStarted (
    "<LSApplicationProxy: 0x105274900> com.DefaultCompany.NeonDrift.run.1782484808.68182 file:///Users/dragonkao/Library/Developer/CoreSimulator/Devices/CC47DE7A-8196-4465-A5A5-BB852C9C6C82/data/Containers/Bundle/Application/0A268C7B-63E9-4601-98B7-10EC8E440B21/com.apple.mobileinstallation.placeholder/ <com.DefaultCompany.NeonDrift.run.1782484808.68182 <placeholder >:1>"
)
2026-06-26 22:41:19.593 Df locationd[69669:8b02b1] [com.apple.launchservices:appinstallation] LaunchServices observer: InstallsStarted (
    "<LSApplicationProxy: 0x107b78600> com.DefaultCompany.NeonDrift.run.1782484808.68182 file:///Users/dragonkao/Library/Developer/CoreSimulator/Devices/CC47DE7A-8196-4465-A5A5-BB852C9C6C82/data/Containers/Bundle/Application/0A268C7B-63E9-4601-98B7-10EC8E440B21/com.apple.mobileinstallation.placeholder/ <com.DefaultCompany.NeonDrift.run.1782484808.68182 <placeholder >:1>"
)
2026-06-26 22:41:19.593 Df deviceaccessd[69735:8b050e] [com.apple.launchservices:appinstallation] LaunchServices observer: InstallsStarted (
    "<LSApplicationProxy: 0x102170000> com.DefaultCompany.NeonDrift.run.1782484808.68182 file:///Users/dragonkao/Library/Developer/CoreSimulator/Devices/CC47DE7A-8196-4465-A5A5-BB852C9C6C82/data/Containers/Bundle/Application/0A268C7B-63E9-4601-98B7-10EC8E440B21/com.apple.mobileinstallation.placeholder/ <com.DefaultCompany.NeonDrift.run.1782484808.68182 <placeholder >:1>"
)
2026-06-26 22:41:19.593 Df SpringBoard[69792:8b090e] [com.apple.launchservices:progress] Subscribing to progress for app com.DefaultCompany.NeonDrift.run.1782484808.68182,
2026-06-26 22:41:19.593 E  SpringBoard[69792:8b090e] [com.apple.frontboard.ApplicationLibrary:placeholder] Non-demoted placeholder for com.DefaultCompany.NeonDrift.run.1782484808.68182 has no associated NSProgress!
2026-06-26 22:41:19.593 Df gamed[69793:8b08a0] [com.apple.launchservices:appinstallation] LaunchServices observer: InstallsStarted (
    "<LSApplicationProxy: 0x1023689c0> com.DefaultCompany.NeonDrift.run.1782484808.68182 file:///Users/dragonkao/Library/Developer/CoreSimulator/Devices/CC47DE7A-8196-4465-A5A5-BB852C9C6C82/data/Containers/Bundle/Application/0A268C7B-63E9-4601-98B7-10EC8E440B21/com.apple.mobileinstallation.placeholder/ <com.DefaultCompany.NeonDrift.run.1782484808.68182 <placeholder >:1>"
)
2026-06-26 22:41:19.593 Df appstored[69854:8b0b12] [com.apple.launchservices:appinstallation] LaunchServices observer: InstallsStarted (
    "<LSApplicationProxy: 0x1022ec000> com.DefaultCompany.NeonDrift.run.1782484808.68182 file:///Users/dragonkao/Library/Developer/CoreSimulator/Devices/CC47DE7A-8196-4465-A5A5-BB852C9C6C82/data/Containers/Bundle/Application/0A268C7B-63E9-4601-98B7-10EC8E440B21/com.apple.mobileinstallation.placeholder/ <com.DefaultCompany.NeonDrift.run.1782484808.68182 <placeholder >:1>"
)
2026-06-26 22:41:19.594 Df installcoordinationd[69867:8b0b21] [com.apple.installprogress:server] initiating progress for [com.DefaultCompany.NeonDrift.run.1782484808.68182/Invalid/[system-defined]]
2026-06-26 22:41:19.594 Df dasd[69671:8b063b] [com.apple.launchservices:appinstallation] LaunchServices observer: InstallsStarted (
