    "<LSApplicationProxy: 0x103be0180> com.DefaultCompany.NeonDrift.run.1782485248.76636 file:///Users/dragonkao/Library/Developer/CoreSimulator/Devices/CC47DE7A-8196-4465-A5A5-BB852C9C6C82/data/Containers/Bundle/Application/3E35D46C-846E-4659-A7AC-173C00AE316B/NeonDrift.run.1782485248.76636.app/ <com.DefaultCompany.NeonDrift.run.1782485248.76636 <placeholder >:1>"
)
2026-06-26 22:48:15.588 Df runningboardd[74472:8b9254] [com.apple.launchservices:appinstallation] LaunchServices observer: InstallsStarted (
    "<LSApplicationProxy: 0x103da4000> com.DefaultCompany.NeonDrift.run.1782485248.76636 file:///Users/dragonkao/Library/Developer/CoreSimulator/Devices/CC47DE7A-8196-4465-A5A5-BB852C9C6C82/data/Containers/Bundle/Application/3E35D46C-846E-4659-A7AC-173C00AE316B/NeonDrift.run.1782485248.76636.app/ <com.DefaultCompany.NeonDrift.run.1782485248.76636 <placeholder >:1>"
)
2026-06-26 22:48:15.588 Df lsd[74526:8bc6c3] [com.apple.launchservices:progress] #LSInstallProgressList add subscriber: <_NSProgressSubscriber: 0x101725410> publishingString: com.DefaultCompany.NeonDrift.run.1782485248.76636.Loading
2026-06-26 22:48:15.588 Df lsd[74526:8bc6c3] [com.apple.launchservices:progress] Subscribing to com.DefaultCompany.NeonDrift.run.1782485248.76636.Loading
2026-06-26 22:48:15.589 Df deviceaccessd[74580:8b77ad] [com.apple.launchservices:appinstallation] LaunchServices observer: InstallsStarted (
    "<LSApplicationProxy: 0x10617c000> com.DefaultCompany.NeonDrift.run.1782485248.76636 file:///Users/dragonkao/Library/Developer/CoreSimulator/Devices/CC47DE7A-8196-4465-A5A5-BB852C9C6C82/data/Containers/Bundle/Application/3E35D46C-846E-4659-A7AC-173C00AE316B/NeonDrift.run.1782485248.76636.app/ <com.DefaultCompany.NeonDrift.run.1782485248.76636 <placeholder >:1>"
)
2026-06-26 22:48:15.589 Df installcoordinationd[74674:8bc69b] [com.apple.launchservices:progress] Published install progress <NSProgress: com.DefaultCompany.NeonDrift.run.1782485248.76636.Loading phase=Loading; state=Waiting; finalPhase=Installing; fractionCompleted=0.000000>
2026-06-26 22:48:15.589 Df webbookmarksd[74545:8bc6d8] [com.apple.launchservices:appinstallation] LaunchServices observer: InstallsStarted (
    "<LSApplicationProxy: 0x1055cc000> com.DefaultCompany.NeonDrift.run.1782485248.76636 file:///Users/dragonkao/Library/Developer/CoreSimulator/Devices/CC47DE7A-8196-4465-A5A5-BB852C9C6C82/data/Containers/Bundle/Application/3E35D46C-846E-4659-A7AC-173C00AE316B/NeonDrift.run.1782485248.76636.app/ <com.DefaultCompany.NeonDrift.run.1782485248.76636 <placeholder >:1>"
)
2026-06-26 22:48:15.589 Df CoreSimulatorBridge[74501:8bc699] [com.apple.installcoordination:framework] -[IXAppInstallCoordinator _clientDelegate_didUpdateProgress:forPhase:overallProgress:]: <IXInitiatingAppInstallCoordinator<0x105c91a80> identity:[com.DefaultCompany.NeonDrift.run.1782485248.76636/Invalid/[system-defined]] uuid:5F0A9FD4-7FEE-4014-BCDE-507E0BA813F8 creator:InstallCoordination Simple SPI>: Got did update progress delegate with percentComplete 100.000000 phase IXCoordinatorProgressPhaseLoading overallProgress 60.000000
2026-06-26 22:48:15.589 Df CoreSimulatorBridge[74501:8bc699] [com.apple.installcoordination:framework] -[IXAppInstallCoordinator _clientDelegate_didUpdateProgress:forPhase:overallProgress:]_block_invoke: <IXInitiatingAppInstallCoordinator<0x105c91a80> identity:[com.DefaultCompany.NeonDrift.run.1782485248.76636/Invalid/[system-defined]] uuid:5F0A9FD4-7FEE-4014-BCDE-507E0BA813F8 creator:InstallCoordination Simple SPI>: Calling selector coordinator:didUpdateProgress:forPhase:overallProgress: on observer <_IXSimpleInstallerDelegate 0x0x105c5bfc0>
2026-06-26 22:48:15.589 Df lsd[74526:8b74dd] [com.apple.launchservices:progress] unsubscribing from com.DefaultCompany.NeonDrift.run.1782485248.76636.Loading as it was unpublished
2026-06-26 22:48:15.589 Df lsd[74526:8b74dd] [com.apple.launchservices:progress] #LSInstallProgressList remove subscriber: <_NSProgressSubscriber: 0x101725410> publishingString: com.DefaultCompany.NeonDrift.run.1782485248.76636.Loading
2026-06-26 22:48:15.589 Df clipserviced[74717:8b7d76] [com.apple.launchservices:appinstallation] LaunchServices observer: InstallsStarted (
    "<LSApplicationProxy: 0x1056cf1b0> com.DefaultCompany.NeonDrift.run.1782485248.76636 file:///Users/dragonkao/Library/Developer/CoreSimulator/Devices/CC47DE7A-8196-4465-A5A5-BB852C9C6C82/data/Containers/Bundle/Application/3E35D46C-846E-4659-A7AC-173C00AE316B/NeonDrift.run.1782485248.76636.app/ <com.DefaultCompany.NeonDrift.run.1782485248.76636 <placeholder >:1>"
)
2026-06-26 22:48:15.589 Df lsd[74526:8bc6f7] [com.apple.launchservices:progress] Using publishing string "com.DefaultCompany.NeonDrift.run.1782485248.76636.Installing" for the first time
2026-06-26 22:48:15.590 Df lsd[74526:8bc6f7] [com.apple.launchservices:progress] Updating installPhase for <NSProgress: com.DefaultCompany.NeonDrift.run.1782485248.76636 phase=Loading; state=Active; finalPhase=Installing; fractionCompleted=0.600000> to 1
2026-06-26 22:48:15.590 Df lsd[74526:8bc6f7] [com.apple.launchservices:progress] Parent progress for installation <NSProgress: com.DefaultCompany.NeonDrift.run.1782485248.76636 phase=Installing; state=Active; finalPhase=Installing; fractionCompleted=0.600000>, adding phase 1
2026-06-26 22:48:15.590 Df lsd[74526:8bc6f7] [com.apple.launchservices:progress] #LSInstallProgressList add subscriber: <_NSProgressSubscriber: 0x101725ef0> publishingString: com.DefaultCompany.NeonDrift.run.1782485248.76636.Installing
2026-06-26 22:48:15.590 Df lsd[74526:8bc6f7] [com.apple.launchservices:progress] Subscribing to com.DefaultCompany.NeonDrift.run.1782485248.76636.Installing
2026-06-26 22:48:15.590 Df installcoordinationd[74674:8bc69b] [com.apple.launchservices:progress] Published install progress <NSProgress: com.DefaultCompany.NeonDrift.run.1782485248.76636.Installing phase=Installing; state=Waiting; finalPhase=Installing; fractionCompleted=0.000000>
2026-06-26 22:48:15.590 Df PosterBoard[74651:8bc707] [com.apple.launchservices:appinstallation] LaunchServices observer: MetadataUpdate (
    "com.DefaultCompany.NeonDrift.run.1782485248.76636"
)
2026-06-26 22:48:15.590 Df installd[74682:8bc6aa] (MobileSystemServices) 0x16d3bb000 -[MIClientConnection _doInstallationForURL:identity:domain:options:operationType:completion:]: Install of "/Users/dragonkao/Library/Developer/CoreSimulator/Devices/CC47DE7A-8196-4465-A5A5-BB852C9C6C82/data/Containers/Shared/SystemGroup/systemgroup.com.apple.installcoordinationd/Library/InstallCoordination/PromiseStaging/2AFC75B4-26A3-4EB5-9DFD-BD94349A11F8/NeonDrift.run.1782485248.76636.app" type Developer (LSInstallType = 0, Domain: MIInstallationDomainDefault) requested by installcoordinationd (pid 74674 (501/20))
2026-06-26 22:48:15.591 Df dmd[74617:8b7916] Received xpc stream event (distributed notification matching) with name: com.apple.LaunchServices.applicationRegistered user info: {
    bundleIDs =     (
        "com.DefaultCompany.NeonDrift.run.1782485248.76636"
    );
    isPlaceholder = 1;
}
2026-06-26 22:48:15.591 Df siriactionsd[74538:8b8ae7] [com.apple.shortcuts:Daemon] Dispatching XPC event: <distributed notification: com.apple.LaunchServices.applicationRegistered, userInfo: [AnyHashable("bundleIDs"): <__NSSingleObjectArrayI 0x101e14ad0>(
com.DefaultCompany.NeonDrift.run.1782485248.76636
)
, AnyHashable("isPlaceholder"): 1]>
2026-06-26 22:48:15.591 Df siriactionsd[74538:8b8ae7] [com.apple.shortcuts:XPCEvent] Dispatching XPC event: <distributed notification: com.apple.LaunchServices.applicationRegistered, userInfo: [AnyHashable("bundleIDs"): <__NSSingleObjectArrayI 0x101e14ad0>(
com.DefaultCompany.NeonDrift.run.1782485248.76636
)
, AnyHashable("isPlaceholder"): 1]>
2026-06-26 22:48:15.592 Df siriactionsd[74538:8b8ae7] [com.apple.shortcuts:Daemon] Firing event: <distributed notification: com.apple.LaunchServices.applicationRegistered, userInfo: [AnyHashable("bundleIDs"): <__NSSingleObjectArrayI 0x101e14ad0>(
com.DefaultCompany.NeonDrift.run.1782485248.76636
)
, AnyHashable("isPlaceholder"): 1]>
2026-06-26 22:48:15.592 E  siriactionsd[74538:8b8ae7] [com.apple.shortcuts:Daemon] Received an event that we do not have a DaemonTask for: <distributed notification: com.apple.LaunchServices.applicationRegistered, userInfo: [AnyHashable("bundleIDs"): <__NSSingleObjectArrayI 0x101e14ad0>(
com.DefaultCompany.NeonDrift.run.1782485248.76636
)
, AnyHashable("isPlaceholder"): 1]>. This is a serious programming error that might lead to missed messages and stuck streams.
2026-06-26 22:48:15.594 Df CoreSimulatorBridge[74501:8bc69e] [com.apple.installcoordination:framework] -[IXAppInstallCoordinator _clientDelegate_didUpdateProgress:forPhase:overallProgress:]: <IXInitiatingAppInstallCoordinator<0x105c91a80> identity:[com.DefaultCompany.NeonDrift.run.1782485248.76636/Invalid/[system-defined]] uuid:5F0A9FD4-7FEE-4014-BCDE-507E0BA813F8 creator:InstallCoordination Simple SPI>: Got did update progress delegate with percentComplete 5.000000 phase IXCoordinatorProgressPhaseInstalling overallProgress 62.000000
2026-06-26 22:48:15.594 Df CoreSimulatorBridge[74501:8bc69e] [com.apple.installcoordination:framework] -[IXAppInstallCoordinator _clientDelegate_didUpdateProgress:forPhase:overallProgress:]: <IXInitiatingAppInstallCoordinator<0x105c91a80> identity:[com.DefaultCompany.NeonDrift.run.1782485248.76636/Invalid/[system-defined]] uuid:5F0A9FD4-7FEE-4014-BCDE-507E0BA813F8 creator:InstallCoordination Simple SPI>: Got did update progress delegate with percentComplete 15.000000 phase IXCoordinatorProgressPhaseInstalling overallProgress 66.000000
2026-06-26 22:48:15.594 Df CoreSimulatorBridge[74501:8bc699] [com.apple.installcoordination:framework] -[IXAppInstallCoordinator _clientDelegate_didUpdateProgress:forPhase:overallProgress:]_block_invoke: <IXInitiatingAppInstallCoordinator<0x105c91a80> identity:[com.DefaultCompany.NeonDrift.run.1782485248.76636/Invalid/[system-defined]] uuid:5F0A9FD4-7FEE-4014-BCDE-507E0BA813F8 creator:InstallCoordination Simple SPI>: Calling selector coordinator:didUpdateProgress:forPhase:overallProgress: on observer <_IXSimpleInstallerDelegate 0x0x105c5bfc0>
2026-06-26 22:48:15.594 Df CoreSimulatorBridge[74501:8bc699] [com.apple.installcoordination:framework] -[IXAppInstallCoordinator _clientDelegate_didUpdateProgress:forPhase:overallProgress:]_block_invoke: <IXInitiatingAppInstallCoordinator<0x105c91a80> identity:[com.DefaultCompany.NeonDrift.run.1782485248.76636/Invalid/[system-defined]] uuid:5F0A9FD4-7FEE-4014-BCDE-507E0BA813F8 creator:InstallCoordination Simple SPI>: Calling selector coordinator:didUpdateProgress:forPhase:overallProgress: on observer <_IXSimpleInstallerDelegate 0x0x105c5bfc0>
2026-06-26 22:48:15.595 Df CoreSimulatorBridge[74501:8bc699] [com.apple.installcoordination:framework] -[IXAppInstallCoordinator _clientDelegate_didUpdateProgress:forPhase:overallProgress:]: <IXInitiatingAppInstallCoordinator<0x105c91a80> identity:[com.DefaultCompany.NeonDrift.run.1782485248.76636/Invalid/[system-defined]] uuid:5F0A9FD4-7FEE-4014-BCDE-507E0BA813F8 creator:InstallCoordination Simple SPI>: Got did update progress delegate with percentComplete 20.000000 phase IXCoordinatorProgressPhaseInstalling overallProgress 68.000000
2026-06-26 22:48:15.595 Df CoreSimulatorBridge[74501:8bc699] [com.apple.installcoordination:framework] -[IXAppInstallCoordinator _clientDelegate_didUpdateProgress:forPhase:overallProgress:]_block_invoke: <IXInitiatingAppInstallCoordinator<0x105c91a80> identity:[com.DefaultCompany.NeonDrift.run.1782485248.76636/Invalid/[system-defined]] uuid:5F0A9FD4-7FEE-4014-BCDE-507E0BA813F8 creator:InstallCoordination Simple SPI>: Calling selector coordinator:didUpdateProgress:forPhase:overallProgress: on observer <_IXSimpleInstallerDelegate 0x0x105c5bfc0>
2026-06-26 22:48:15.597 Df installd[74682:8bc6aa] [com.apple.containermanager:xpc] Query; euid = 501, uid = 501, class = 1, identifier = [com.DefaultCompany.NeonDrift.run.1782485248.76636](1), flags = 300000002
2026-06-26 22:48:15.597 Df installd[74682:8bc6aa] [com.apple.containermanager:xpc] Query; euid = 501, uid = 501, class = 1, identifier = [com.DefaultCompany.NeonDrift.run.1782485248.76636](1), flags = 300000002
2026-06-26 22:48:15.600 Df installd[74682:8bc6aa] [com.apple.containermanager:xpc] Query; euid = 501, uid = 501, class = 1, identifier = [com.DefaultCompany.NeonDrift.run.1782485248.76636](1), flags = 300000002
2026-06-26 22:48:15.600 Df installcoordinationd[74674:8bc69f] [com.apple.installcoordination:daemon] -[IXSCoordinatorProgress setTotalUnitsCompleted:]: Progress for coordinator: [com.DefaultCompany.NeonDrift.run.1782485248.76636/Invalid/[system-defined]], Phase: IXCoordinatorProgressPhaseInstalling, Percentage: 20.000000: Attempt to set units completed on finished progress: 20
2026-06-26 22:48:15.600 Df SpringBoard[74645:8b79ae] [com.apple.appinstallation:TransactionLog] com.DefaultCompany.NeonDrift.run.1782485248.76636/Unknown Persona:10:1:3:1:Created icon for placeholder.
2026-06-26 22:48:15.601 Df installd[74682:8bc6aa] [com.apple.containermanager:xpc] Query; euid = 501, uid = 501, class = 1, identifier = [com.DefaultCompany.NeonDrift.run.1782485248.76636](1), flags = 300000002
2026-06-26 22:48:15.601 Df SpringBoard[74645:8b79ae] [com.apple.frontboard.ApplicationLibrary:sb.placeholder] Placeholders added: (
    "<SBApplicationPlaceholder: 0x107a42460; bundleIdentifier: com.DefaultCompany.NeonDrift.run.1782485248.76636; displayName: NeonDrift.run.1782485248.76636>"
), modified: (
), removed: (null)
2026-06-26 22:48:15.601 Df SpringBoard[74645:8b79ae] [com.apple.launchservices:progress] Got progress <NSProgress: com.DefaultCompany.NeonDrift.run.1782485248.76636 phase=InstallingPlaceholder; state=Finished; finalPhase=Installing; fractionCompleted=0.000000> for app com.DefaultCompany.NeonDrift.run.1782485248.76636,
2026-06-26 22:48:15.602 Df SpringBoard[74645:8b79ae] [com.apple.appinstallation:TransactionLog] com.DefaultCompany.NeonDrift.run.1782485248.76636/Unknown Persona:10:2:3:1:Reloading icon image.
2026-06-26 22:48:15.603 Df SpringBoard[74645:8b79ae] [com.apple.SpringBoard:Common] termination assertion acquired for com.DefaultCompany.NeonDrift.run.1782485248.76636 (app not found)
2026-06-26 22:48:15.604 Df installd[74682:8bc6aa] (MobileSystemServices) 0x16d3bb000 -[MIInstaller _installInstallable:containingSymlink:error:]: Installing <MIInstallableBundle ID=com.DefaultCompany.NeonDrift.run.1782485248.76636; Persona=com.apple.containermanager.primary-persona, Version=0, ShortVersion=1.0>
2026-06-26 22:48:15.604 Df SpringBoard[74645:8b79ae] [com.apple.appinstallation:TransactionLog] com.DefaultCompany.NeonDrift.run.1782485248.76636/Unknown Persona:10:2:3:1:Reloading icon image.
2026-06-26 22:48:15.604 Df installd[74682:8bc6aa] [com.apple.appinstallation:TransactionLog] com.DefaultCompany.NeonDrift.run.1782485248.76636/com.apple.containermanager.primary-persona:7:5:1:1:Start : Install (New)
2026-06-26 22:48:15.604 Df CoreSimulatorBridge[74501:8bc69e] [com.apple.installcoordination:framework] -[IXAppInstallCoordinator _clientDelegate_didUpdateProgress:forPhase:overallProgress:]: <IXInitiatingAppInstallCoordinator<0x105c91a80> identity:[com.DefaultCompany.NeonDrift.run.1782485248.76636/Invalid/[system-defined]] uuid:5F0A9FD4-7FEE-4014-BCDE-507E0BA813F8 creator:InstallCoordination Simple SPI>: Got did update progress delegate with percentComplete 30.000000 phase IXCoordinatorProgressPhaseInstalling overallProgress 72.000000
2026-06-26 22:48:15.604 Df CoreSimulatorBridge[74501:8bc69e] [com.apple.installcoordination:framework] -[IXAppInstallCoordinator _clientDelegate_didUpdateProgress:forPhase:overallProgress:]_block_invoke: <IXInitiatingAppInstallCoordinator<0x105c91a80> identity:[com.DefaultCompany.NeonDrift.run.1782485248.76636/Invalid/[system-defined]] uuid:5F0A9FD4-7FEE-4014-BCDE-507E0BA813F8 creator:InstallCoordination Simple SPI>: Calling selector coordinator:didUpdateProgress:forPhase:overallProgress: on observer <_IXSimpleInstallerDelegate 0x0x105c5bfc0>
2026-06-26 22:48:15.605 Df SpringBoard[74645:8b79ae] [com.apple.appinstallation:TransactionLog] com.DefaultCompany.NeonDrift.run.1782485248.76636/Unknown Persona:10:2:3:1:Reloading icon image.
2026-06-26 22:48:15.607 Df appprotectiond[74487:8b8b34] [com.apple.appprotection:server] Received distnoted event <dictionary: 0x105900000> { count = 3, transaction: 0, voucher = 0x105948730, contents =
	"UserInfo" => <dictionary: 0x105830240> { count = 2, transaction: 0, voucher = 0x0, contents =
		"isPlaceholder" => <bool: 0x1e704c530>: true
		"bundleIDs" => <array: 0x105836e20> { count = 1, capacity = 1, contents =
			0: <string: 0x105837390> { string cache = 0x0, length = 49, contents = "com.DefaultCompany.NeonDrift.run.1782485248.76636" }
		}
	}
	"Name" => <string: 0x105837780> { string cache = 0x0, length = 46, contents = "com.apple.LaunchServices.applicationRegistered" }
	"XPCEventName" => <string: 0x105834720> { string cache = 0x0, length = 21, contents = "ApplicationRegistered" }
}
2026-06-26 22:48:15.607 Df appprotectiond[74487:8b8b34] [com.apple.appprotection:server] received note: name = com.apple.LaunchServices.applicationRegistered, object = Optional(AppProtection.DistnotedXPCEventStreamTranslator), userInfo = Optional([AnyHashable("bundleIDs"): <__NSSingleObjectArrayI 0x1059f4020>(
com.DefaultCompany.NeonDrift.run.1782485248.76636
)
, AnyHashable("isPlaceholder"): 1])
2026-06-26 22:48:15.607 Df liveactivitiesd[74530:8b752e] [com.apple.launchservices:progress] Got progress <NSProgress: com.DefaultCompany.NeonDrift.run.1782485248.76636 phase=Installing; state=Active; finalPhase=Installing; fractionCompleted=0.600000> for app com.DefaultCompany.NeonDrift.run.1782485248.76636,
2026-06-26 22:48:15.607 Df liveactivitiesd[74530:8b8b3c] [com.apple.launchservices:progress] #LSInstallProgressList add subscriber: <_NSProgressSubscriber: 0x105c00330> publishingString: com.DefaultCompany.NeonDrift.run.1782485248.76636
2026-06-26 22:48:15.607 Df liveactivitiesd[74530:8b8b3c] [com.apple.launchservices:progress] Subscribing to progress for app com.DefaultCompany.NeonDrift.run.1782485248.76636,
2026-06-26 22:48:15.607 Df appprotectiond[74487:8b8b34] [com.apple.appprotection:server] processing settings authority event: SettingsAuthorityEvent.promotePreferenceFromProvisionalForApplication(com.DefaultCompany.NeonDrift.run.1782485248.76636)
2026-06-26 22:48:15.609 Df installd[74682:8bc6aa] [com.apple.containermanager:query] Query; euid = 501, uid = 501, class = 4, identifier = [com.DefaultCompany.NeonDrift.run.1782485248.76636](1), flags = 300000002
2026-06-26 22:48:15.609 Df CoreSimulatorBridge[74501:8bc699] [com.apple.installcoordination:framework] -[IXAppInstallCoordinator _clientDelegate_didUpdateProgress:forPhase:overallProgress:]: <IXInitiatingAppInstallCoordinator<0x105c91a80> identity:[com.DefaultCompany.NeonDrift.run.1782485248.76636/Invalid/[system-defined]] uuid:5F0A9FD4-7FEE-4014-BCDE-507E0BA813F8 creator:InstallCoordination Simple SPI>: Got did update progress delegate with percentComplete 40.000000 phase IXCoordinatorProgressPhaseInstalling overallProgress 76.000000
2026-06-26 22:48:15.609 Df CoreSimulatorBridge[74501:8bc699] [com.apple.installcoordination:framework] -[IXAppInstallCoordinator _clientDelegate_didUpdateProgress:forPhase:overallProgress:]_block_invoke: <IXInitiatingAppInstallCoordinator<0x105c91a80> identity:[com.DefaultCompany.NeonDrift.run.1782485248.76636/Invalid/[system-defined]] uuid:5F0A9FD4-7FEE-4014-BCDE-507E0BA813F8 creator:InstallCoordination Simple SPI>: Calling selector coordinator:didUpdateProgress:forPhase:overallProgress: on observer <_IXSimpleInstallerDelegate 0x0x105c5bfc0>
2026-06-26 22:48:15.609 Df installd[74682:8bc6aa] [com.apple.containermanager:query] Query; euid = 501, uid = 501, class = 4, identifier = [com.DefaultCompany.NeonDrift.run.1782485248.76636](1), flags = 300000002
2026-06-26 22:48:15.609 Df installd[74682:8bc6aa] [com.apple.containermanager:xpc] Query; euid = 501, uid = 501, class = 1, identifier = [com.DefaultCompany.NeonDrift.run.1782485248.76636](1), flags = 300000003
2026-06-26 22:48:15.609 Df CoreSimulatorBridge[74501:8bc69e] [com.apple.installcoordination:framework] -[IXAppInstallCoordinator _clientDelegate_didUpdateProgress:forPhase:overallProgress:]: <IXInitiatingAppInstallCoordinator<0x105c91a80> identity:[com.DefaultCompany.NeonDrift.run.1782485248.76636/Invalid/[system-defined]] uuid:5F0A9FD4-7FEE-4014-BCDE-507E0BA813F8 creator:InstallCoordination Simple SPI>: Got did update progress delegate with percentComplete 50.000000 phase IXCoordinatorProgressPhaseInstalling overallProgress 80.000000
2026-06-26 22:48:15.609 Df CoreSimulatorBridge[74501:8bc69e] [com.apple.installcoordination:framework] -[IXAppInstallCoordinator _clientDelegate_didUpdateProgress:forPhase:overallProgress:]_block_invoke: <IXInitiatingAppInstallCoordinator<0x105c91a80> identity:[com.DefaultCompany.NeonDrift.run.1782485248.76636/Invalid/[system-defined]] uuid:5F0A9FD4-7FEE-4014-BCDE-507E0BA813F8 creator:InstallCoordination Simple SPI>: Calling selector coordinator:didUpdateProgress:forPhase:overallProgress: on observer <_IXSimpleInstallerDelegate 0x0x105c5bfc0>
2026-06-26 22:48:15.609 E  containermanagerd_system[74523:8bc6ae] [com.apple.containermanager:schema] [com.DefaultCompany.NeonDrift.run.1782485248.76636(1)] Current schema version (1) is newer than the latest (0), ignoring.
2026-06-26 22:48:15.610 Df containermanagerd_system[74523:8bc6ae] [com.apple.containermanager:schema] [u 61DC10B6-0628-4CA9-986A-0B5CDC28081F:p 14CC5254-752F-4F73-85C6-AB5906C09446:c com.DefaultCompany.NeonDrift.run.1782485248.76636(1):i31426051] Successfully updated schema from (0) → (0), actions count = 0
2026-06-26 22:48:15.610 Df PosterBoard[74651:8bc707] [com.apple.launchservices:appinstallation] LaunchServices observer: InstallsStarted (
    "<LSApplicationProxy: 0x108678000> com.DefaultCompany.NeonDrift.run.1782485248.76636 file:///Users/dragonkao/Library/Developer/CoreSimulator/Devices/CC47DE7A-8196-4465-A5A5-BB852C9C6C82/data/Containers/Bundle/Application/3E35D46C-846E-4659-A7AC-173C00AE316B/NeonDrift.run.1782485248.76636.app/ <com.DefaultCompany.NeonDrift.run.1782485248.76636 <placeholder >:1>"
)
2026-06-26 22:48:15.610 Df installd[74682:8bc6aa] [com.apple.containermanager:xpc] Query; euid = 501, uid = 501, class = 1, identifier = [com.DefaultCompany.NeonDrift.run.1782485248.76636](1), flags = 300000002
2026-06-26 22:48:15.611 Df CoreSimulatorBridge[74501:8bc699] [com.apple.installcoordination:framework] -[IXAppInstallCoordinator _clientDelegate_didUpdateProgress:forPhase:overallProgress:]: <IXInitiatingAppInstallCoordinator<0x105c91a80> identity:[com.DefaultCompany.NeonDrift.run.1782485248.76636/Invalid/[system-defined]] uuid:5F0A9FD4-7FEE-4014-BCDE-507E0BA813F8 creator:InstallCoordination Simple SPI>: Got did update progress delegate with percentComplete 60.000000 phase IXCoordinatorProgressPhaseInstalling overallProgress 84.000000
2026-06-26 22:48:15.611 Df CoreSimulatorBridge[74501:8bc699] [com.apple.installcoordination:framework] -[IXAppInstallCoordinator _clientDelegate_didUpdateProgress:forPhase:overallProgress:]_block_invoke: <IXInitiatingAppInstallCoordinator<0x105c91a80> identity:[com.DefaultCompany.NeonDrift.run.1782485248.76636/Invalid/[system-defined]] uuid:5F0A9FD4-7FEE-4014-BCDE-507E0BA813F8 creator:InstallCoordination Simple SPI>: Calling selector coordinator:didUpdateProgress:forPhase:overallProgress: on observer <_IXSimpleInstallerDelegate 0x0x105c5bfc0>
2026-06-26 22:48:15.611 Df dmd[74617:8b7916] Received xpc stream event (distributed notification matching) with name: com.apple.LaunchServices.applicationRegistered user info: {
    bundleIDs =     (
        "com.DefaultCompany.NeonDrift.run.1782485248.76636"
    );
    isPlaceholder = 1;
}
2026-06-26 22:48:15.613 Df installd[74682:8bc6aa] [com.apple.containermanager:query] Query; euid = 501, uid = 501, class = 2, identifier = [com.DefaultCompany.NeonDrift.run.1782485248.76636](1), flags = 300000003
2026-06-26 22:48:15.613 Df CoreSimulatorBridge[74501:8bc69e] [com.apple.installcoordination:framework] -[IXAppInstallCoordinator _clientDelegate_didUpdateProgress:forPhase:overallProgress:]: <IXInitiatingAppInstallCoordinator<0x105c91a80> identity:[com.DefaultCompany.NeonDrift.run.1782485248.76636/Invalid/[system-defined]] uuid:5F0A9FD4-7FEE-4014-BCDE-507E0BA813F8 creator:InstallCoordination Simple SPI>: Got did update progress delegate with percentComplete 70.000000 phase IXCoordinatorProgressPhaseInstalling overallProgress 88.000000
2026-06-26 22:48:15.613 Df CoreSimulatorBridge[74501:8bc69e] [com.apple.installcoordination:framework] -[IXAppInstallCoordinator _clientDelegate_didUpdateProgress:forPhase:overallProgress:]_block_invoke: <IXInitiatingAppInstallCoordinator<0x105c91a80> identity:[com.DefaultCompany.NeonDrift.run.1782485248.76636/Invalid/[system-defined]] uuid:5F0A9FD4-7FEE-4014-BCDE-507E0BA813F8 creator:InstallCoordination Simple SPI>: Calling selector coordinator:didUpdateProgress:forPhase:overallProgress: on observer <_IXSimpleInstallerDelegate 0x0x105c5bfc0>
2026-06-26 22:48:15.614 Df installd[74682:8bc6aa] [com.apple.containermanager:query] Query; euid = 501, uid = 501, class = 2, identifier = [com.DefaultCompany.NeonDrift.run.1782485248.76636](1), flags = 300000002
2026-06-26 22:48:15.621 Df CoreSimulatorBridge[74501:8bc699] [com.apple.installcoordination:framework] -[IXAppInstallCoordinator _clientDelegate_didUpdateProgress:forPhase:overallProgress:]: <IXInitiatingAppInstallCoordinator<0x105c91a80> identity:[com.DefaultCompany.NeonDrift.run.1782485248.76636/Invalid/[system-defined]] uuid:5F0A9FD4-7FEE-4014-BCDE-507E0BA813F8 creator:InstallCoordination Simple SPI>: Got did update progress delegate with percentComplete 80.000000 phase IXCoordinatorProgressPhaseInstalling overallProgress 92.000000
2026-06-26 22:48:15.621 Df CoreSimulatorBridge[74501:8bc699] [com.apple.installcoordination:framework] -[IXAppInstallCoordinator _clientDelegate_didUpdateProgress:forPhase:overallProgress:]_block_invoke: <IXInitiatingAppInstallCoordinator<0x105c91a80> identity:[com.DefaultCompany.NeonDrift.run.1782485248.76636/Invalid/[system-defined]] uuid:5F0A9FD4-7FEE-4014-BCDE-507E0BA813F8 creator:InstallCoordination Simple SPI>: Calling selector coordinator:didUpdateProgress:forPhase:overallProgress: on observer <_IXSimpleInstallerDelegate 0x0x105c5bfc0>
2026-06-26 22:48:15.622 Df installd[74682:8bc6aa] (MobileSystemServices) 0x16d3bb000 -[MIInstallationJournalEntry _refreshUUIDForContainer:withError:]: Data container for com.DefaultCompany.NeonDrift.run.1782485248.76636 is now at /Users/dragonkao/Library/Developer/CoreSimulator/Devices/CC47DE7A-8196-4465-A5A5-BB852C9C6C82/data/Containers/Data/Application/0ABA6F15-BAEC-4B4C-9B16-D7C4AA1C6C6C
2026-06-26 22:48:15.623 Df containermanagerd[74533:8b755d] [com.apple.containermanager:schema] [u 9C6EA38E-9593-4832-990C-84C37BCF18C4:p 0ABA6F15-BAEC-4B4C-9B16-D7C4AA1C6C6C:c com.DefaultCompany.NeonDrift.run.1782485248.76636(2):i0] Successfully updated schema from (0) → (1), actions count = 6
2026-06-26 22:48:15.623 Df installd[74682:8bc6aa] [com.apple.containermanager:unspecified] Replace; old = [app:com.DefaultCompany.NeonDrift.run.1782485248.76636:501::(6D640939-D01D-4FC7-96EA-F2FB35C586B8)], new = [temp-app:com.DefaultCompany.NeonDrift.run.1782485248.76636:501::(61DC10B6-0628-4CA9-986A-0B5CDC28081F)]
2026-06-26 22:48:15.625 Df installd[74682:8bc6aa] [com.apple.containermanager:xpc] Query; euid = 501, uid = 501, class = 1, identifier = [com.DefaultCompany.NeonDrift.run.1782485248.76636](1), flags = 300000002
2026-06-26 22:48:15.626 Df installd[74682:8bc6aa] (MobileSystemServices) 0x16d3bb000 -[MIContainer makeContainerLiveReplacingContainer:reason:waitForDeletion:withError:]: Made container live for com.DefaultCompany.NeonDrift.run.1782485248.76636 at /Users/dragonkao/Library/Developer/CoreSimulator/Devices/CC47DE7A-8196-4465-A5A5-BB852C9C6C82/data/Containers/Bundle/Application/71EFA004-723F-43A7-808E-93344DDC6665
2026-06-26 22:48:15.627 Df installd[74682:8bc6aa] [com.apple.containermanager:xpc] Query; euid = 501, uid = 501, class = 1, identifier = [com.DefaultCompany.NeonDrift.run.1782485248.76636](1), flags = 300000002
2026-06-26 22:48:15.628 Df CoreSimulatorBridge[74501:8bc69e] [com.apple.installcoordination:framework] -[IXAppInstallCoordinator _clientDelegate_didUpdateProgress:forPhase:overallProgress:]: <IXInitiatingAppInstallCoordinator<0x105c91a80> identity:[com.DefaultCompany.NeonDrift.run.1782485248.76636/Invalid/[system-defined]] uuid:5F0A9FD4-7FEE-4014-BCDE-507E0BA813F8 creator:InstallCoordination Simple SPI>: Got did update progress delegate with percentComplete 90.000000 phase IXCoordinatorProgressPhaseInstalling overallProgress 96.000000
2026-06-26 22:48:15.628 Df CoreSimulatorBridge[74501:8bc69e] [com.apple.installcoordination:framework] -[IXAppInstallCoordinator _clientDelegate_didUpdateProgress:forPhase:overallProgress:]_block_invoke: <IXInitiatingAppInstallCoordinator<0x105c91a80> identity:[com.DefaultCompany.NeonDrift.run.1782485248.76636/Invalid/[system-defined]] uuid:5F0A9FD4-7FEE-4014-BCDE-507E0BA813F8 creator:InstallCoordination Simple SPI>: Calling selector coordinator:didUpdateProgress:forPhase:overallProgress: on observer <_IXSimpleInstallerDelegate 0x0x105c5bfc0>
2026-06-26 22:48:15.628 Df containermanagerd[74533:8b755d] [com.apple.containermanager:codesignmapping] Reconciled [com.DefaultCompany.NeonDrift.run.1782485248.76636]; old app groups: (null), new app groups: (null), old system groups: (null), new system groups: (null)
2026-06-26 22:48:15.629 Df installd[74682:8bc6aa] [com.apple.containermanager:unspecified] Requesting disk usage; class = 1, identifier = com.DefaultCompany.NeonDrift.run.1782485248.76636
2026-06-26 22:48:15.631 Df installd[74682:8bc6aa] [com.apple.containermanager:query] Query; euid = 501, uid = 501, class = 7, identifier = [com.DefaultCompany.NeonDrift.run.1782485248.76636](1), flags = 300000001
2026-06-26 22:48:15.632 Df SpringBoard[74645:8b79ae] [com.apple.SpringBoard:Common] termination assertion released for com.DefaultCompany.NeonDrift.run.1782485248.76636 (app not found)
2026-06-26 22:48:15.634 Df installd[74682:8bc6aa] (MobileSystemServices) 0x16d3bb000 -[MILaunchServicesOperationManager _onQueue_addPendingLaunchServicesOperation:error:]: Added pending LS operation <MILaunchServicesRegisterOperation: 58192243-0A87-44C6-8F06-1B0812327843:4 com.DefaultCompany.NeonDrift.run.1782485248.76636/MIInstallationDomainSystemShared personas:[com.apple.containermanager.primary-persona]>
2026-06-26 22:48:15.634 Df lsd[74526:8bc6f7] [com.apple.launchservices:appinstallation] Post installation registration: request to register com.DefaultCompany.NeonDrift.run.1782485248.76636, operation 58192243-0A87-44C6-8F06-1B0812327843, from pid 74682
2026-06-26 22:48:15.634 Df lsd[74526:8bc6f7] [com.apple.appinstallation:TransactionLog] com.DefaultCompany.NeonDrift.run.1782485248.76636/Unknown Persona:5:4:1:1:Registering bundles via registrant - start
2026-06-26 22:48:15.636 Df lsd[74526:8bc6f7] [com.apple.appinstallation:TransactionLog] com.DefaultCompany.NeonDrift.run.1782485248.76636/Unknown Persona:5:5:1:1:Building bundle record for app
2026-06-26 22:48:15.636 Df lsd[74526:8bc6f7] [com.apple.launchservices:appinstallation] Removed existing registered placeholder for com.DefaultCompany.NeonDrift.run.1782485248.76636
2026-06-26 22:48:15.636 Df lsd[74526:8bc6f7] [com.apple.appinstallation:TransactionLog] com.DefaultCompany.NeonDrift.run.1782485248.76636/Unknown Persona:5:5:2:1:Built bundle record for app
2026-06-26 22:48:15.637 Df lsd[74526:8bc6f7] [com.apple.launchservices:icons] clearAlternateNameForBundleIdentifier: won't clear for com.DefaultCompany.NeonDrift.run.1782485248.76636
2026-06-26 22:48:15.637 Df lsd[74526:8bc6f7] [com.apple.appinstallation:TransactionLog] com.DefaultCompany.NeonDrift.run.1782485248.76636/Unknown Persona:5:4:2:1:Registered bundle status = success
2026-06-26 22:48:15.637 Df lsd[74526:8bc6f7] [com.apple.appinstallation:TransactionLog] com.DefaultCompany.NeonDrift.run.1782485248.76636/Unknown Persona:5:4:2:1:Finished registering com.DefaultCompany.NeonDrift.run.1782485248.76636, bundle unit 48c
2026-06-26 22:48:15.637 Df lsd[74526:8bc6c3] [com.apple.launchservices:progress] Installation ended for com.DefaultCompany.NeonDrift.run.1782485248.76636 with state 5
2026-06-26 22:48:15.637 Df lsd[74526:8bc6c3] [com.apple.launchservices:progress] Discarding proportions for com.DefaultCompany.NeonDrift.run.1782485248.76636
2026-06-26 22:48:15.637 Df liveactivitiesd[74530:8b752e] [com.apple.launchservices:progress] Unpublishing progress block called for app com.DefaultCompany.NeonDrift.run.1782485248.76636
2026-06-26 22:48:15.637 Df lsd[74526:8bc6ec] [com.apple.launchservices:progress] Sending applicationsDidInstall: for (
    "<LSApplicationProxy: 0x101744000> com.DefaultCompany.NeonDrift.run.1782485248.76636 file:///Users/dragonkao/Library/Developer/CoreSimulator/Devices/CC47DE7A-8196-4465-A5A5-BB852C9C6C82/data/Containers/Bundle/Application/71EFA004-723F-43A7-808E-93344DDC6665/NeonDrift.run.1782485248.76636.app/ <com.DefaultCompany.NeonDrift.run.1782485248.76636 <installed >:0>"
)
2026-06-26 22:48:15.637 Df liveactivitiesd[74530:8b8b3c] [com.apple.launchservices:progress] #LSInstallProgressList remove subscriber: <_NSProgressSubscriber: 0x105c00330> publishingString: com.DefaultCompany.NeonDrift.run.1782485248.76636
2026-06-26 22:48:15.638 Df installd[74682:8bc6aa] (MobileSystemServices) 0x16d3bb000 -[MIJournal purgeJournalEntry:withError:]: Removing journal entry <MIInstallationJournalEntry<0x103ce8820> [com.DefaultCompany.NeonDrift.run.1782485248.76636/com.apple.containermanager.primary-persona/[system-defined]]/MIInstallationDomainSystemShared op:1 phase:JournalPhaseDidRegisterWithLS version:0>
2026-06-26 22:48:15.638 Df installd[74682:8bc6aa] [com.apple.appinstallation:TransactionLog] com.DefaultCompany.NeonDrift.run.1782485248.76636/com.apple.containermanager.primary-persona:7:5:2:1:Success (End) : Install (New)
2026-06-26 22:48:15.638 Df installd[74682:8bc6aa] (MobileSystemServices) 0x16d3bb000 -[MIInstaller _logOperationCompletionWithStartTime:distributorID:]: Install successful for (Developer:com.DefaultCompany.NeonDrift.run.1782485248.76636) [Distributor: (null)]; Staging: 0.00s; Waiting: 0.00s; Preflight/Patch: 0.00s, Verifying: 0.00s; Overall: 0.05s
2026-06-26 22:48:15.638 Df clipserviced[74717:8b7d77] [com.apple.launchservices:appinstallation] Received applicationsDidInstall:(
    "<LSApplicationProxy: 0x1056cf1b0> com.DefaultCompany.NeonDrift.run.1782485248.76636 file:///Users/dragonkao/Library/Developer/CoreSimulator/Devices/CC47DE7A-8196-4465-A5A5-BB852C9C6C82/data/Containers/Bundle/Application/71EFA004-723F-43A7-808E-93344DDC6665/NeonDrift.run.1782485248.76636.app/ <com.DefaultCompany.NeonDrift.run.1782485248.76636 <installed >:0>"
)
2026-06-26 22:48:15.638 Df healthd[74479:8bc6cd] [com.apple.launchservices:appinstallation] Received applicationsDidInstall:(
    "<LSApplicationProxy: 0x105a583c0> com.DefaultCompany.NeonDrift.run.1782485248.76636 file:///Users/dragonkao/Library/Developer/CoreSimulator/Devices/CC47DE7A-8196-4465-A5A5-BB852C9C6C82/data/Containers/Bundle/Application/71EFA004-723F-43A7-808E-93344DDC6665/NeonDrift.run.1782485248.76636.app/ <com.DefaultCompany.NeonDrift.run.1782485248.76636 <installed >:0>"
)
2026-06-26 22:48:15.638 Df activitysharingd[75334:8b8af8] [com.apple.launchservices:appinstallation] Received applicationsDidInstall:(
    "<LSApplicationProxy: 0x1019c4e40> com.DefaultCompany.NeonDrift.run.1782485248.76636 file:///Users/dragonkao/Library/Developer/CoreSimulator/Devices/CC47DE7A-8196-4465-A5A5-BB852C9C6C82/data/Containers/Bundle/Application/71EFA004-723F-43A7-808E-93344DDC6665/NeonDrift.run.1782485248.76636.app/ <com.DefaultCompany.NeonDrift.run.1782485248.76636 <installed >:0>"
)
2026-06-26 22:48:15.639 Df homed[74569:8b96ec] [com.apple.launchservices:appinstallation] Received applicationsDidInstall:(
    "<LSApplicationProxy: 0x107a9c480> com.DefaultCompany.NeonDrift.run.1782485248.76636 file:///Users/dragonkao/Library/Developer/CoreSimulator/Devices/CC47DE7A-8196-4465-A5A5-BB852C9C6C82/data/Containers/Bundle/Application/71EFA004-723F-43A7-808E-93344DDC6665/NeonDrift.run.1782485248.76636.app/ <com.DefaultCompany.NeonDrift.run.1782485248.76636 <installed >:0>"
)
2026-06-26 22:48:15.639 Df locationd[74493:8bb6ae] [com.apple.launchservices:appinstallation] Received applicationsDidInstall:(
    "<LSApplicationProxy: 0x105378600> com.DefaultCompany.NeonDrift.run.1782485248.76636 file:///Users/dragonkao/Library/Developer/CoreSimulator/Devices/CC47DE7A-8196-4465-A5A5-BB852C9C6C82/data/Containers/Bundle/Application/71EFA004-723F-43A7-808E-93344DDC6665/NeonDrift.run.1782485248.76636.app/ <com.DefaultCompany.NeonDrift.run.1782485248.76636 <installed >:0>"
)
2026-06-26 22:48:15.639 Df donotdisturbd[74525:8b94ac] [com.apple.launchservices:appinstallation] Received applicationsDidInstall:(
    "<LSApplicationProxy: 0x103dd95c0> com.DefaultCompany.NeonDrift.run.1782485248.76636 file:///Users/dragonkao/Library/Developer/CoreSimulator/Devices/CC47DE7A-8196-4465-A5A5-BB852C9C6C82/data/Containers/Bundle/Application/71EFA004-723F-43A7-808E-93344DDC6665/NeonDrift.run.1782485248.76636.app/ <com.DefaultCompany.NeonDrift.run.1782485248.76636 <installed >:0>"
)
2026-06-26 22:48:15.639 Df SpringBoard[74645:8b79ae] [com.apple.launchservices:progress] Unpublishing progress block called for app com.DefaultCompany.NeonDrift.run.1782485248.76636
2026-06-26 22:48:15.639 Df SpringBoard[74645:8bc714] [com.apple.launchservices:progress] #LSInstallProgressList remove subscriber: <_NSProgressSubscriber: 0x120194b70> publishingString: com.DefaultCompany.NeonDrift.run.1782485248.76636
2026-06-26 22:48:15.639 Df installcoordinationd[74674:8bc6a5] [com.apple.installcoordination:daemon] -[IXSPendingOperationsTracker endPendingOperationForIdentity:]_block_invoke: Ending pending operation for [com.DefaultCompany.NeonDrift.run.1782485248.76636/Invalid/[system-defined]]
2026-06-26 22:48:15.639 Df appstored[74665:8b7d4f] [com.apple.launchservices:appinstallation] Received applicationsDidInstall:(
    "<LSApplicationProxy: 0x104344000> com.DefaultCompany.NeonDrift.run.1782485248.76636 file:///Users/dragonkao/Library/Developer/CoreSimulator/Devices/CC47DE7A-8196-4465-A5A5-BB852C9C6C82/data/Containers/Bundle/Application/71EFA004-723F-43A7-808E-93344DDC6665/NeonDrift.run.1782485248.76636.app/ <com.DefaultCompany.NeonDrift.run.1782485248.76636 <installed >:0>"
)
2026-06-26 22:48:15.639 Df webbookmarksd[74545:8bc6d8] [com.apple.launchservices:appinstallation] Received applicationsDidInstall:(
    "<LSApplicationProxy: 0x1055cc000> com.DefaultCompany.NeonDrift.run.1782485248.76636 file:///Users/dragonkao/Library/Developer/CoreSimulator/Devices/CC47DE7A-8196-4465-A5A5-BB852C9C6C82/data/Containers/Bundle/Application/71EFA004-723F-43A7-808E-93344DDC6665/NeonDrift.run.1782485248.76636.app/ <com.DefaultCompany.NeonDrift.run.1782485248.76636 <installed >:0>"
)
2026-06-26 22:48:15.639 Df liveactivitiesd[74530:8b8b3c] [com.apple.launchservices:appinstallation] Received applicationsDidInstall:(
    "<LSApplicationProxy: 0x101e89bc0> com.DefaultCompany.NeonDrift.run.1782485248.76636 file:///Users/dragonkao/Library/Developer/CoreSimulator/Devices/CC47DE7A-8196-4465-A5A5-BB852C9C6C82/data/Containers/Bundle/Application/71EFA004-723F-43A7-808E-93344DDC6665/NeonDrift.run.1782485248.76636.app/ <com.DefaultCompany.NeonDrift.run.1782485248.76636 <installed >:0>"
)
2026-06-26 22:48:15.639 Df nanotimekitcompaniond[74805:8bc6b7] [com.apple.launchservices:appinstallation] Received applicationsDidInstall:(
    "<LSApplicationProxy: 0x101a58000> com.DefaultCompany.NeonDrift.run.1782485248.76636 file:///Users/dragonkao/Library/Developer/CoreSimulator/Devices/CC47DE7A-8196-4465-A5A5-BB852C9C6C82/data/Containers/Bundle/Application/71EFA004-723F-43A7-808E-93344DDC6665/NeonDrift.run.1782485248.76636.app/ <com.DefaultCompany.NeonDrift.run.1782485248.76636 <installed >:0>"
)
2026-06-26 22:48:15.639 Df PosterBoard[74651:8b9531] [com.apple.launchservices:appinstallation] Received applicationsDidInstall:(
    "<LSApplicationProxy: 0x108678480> com.DefaultCompany.NeonDrift.run.1782485248.76636 file:///Users/dragonkao/Library/Developer/CoreSimulator/Devices/CC47DE7A-8196-4465-A5A5-BB852C9C6C82/data/Containers/Bundle/Application/71EFA004-723F-43A7-808E-93344DDC6665/NeonDrift.run.1782485248.76636.app/ <com.DefaultCompany.NeonDrift.run.1782485248.76636 <installed >:0>"
)
2026-06-26 22:48:15.639 Df mobiletimerd[74484:8bc3ed] [com.apple.launchservices:appinstallation] Received applicationsDidInstall:(
    "<LSApplicationProxy: 0x101e6c6c0> com.DefaultCompany.NeonDrift.run.1782485248.76636 file:///Users/dragonkao/Library/Developer/CoreSimulator/Devices/CC47DE7A-8196-4465-A5A5-BB852C9C6C82/data/Containers/Bundle/Application/71EFA004-723F-43A7-808E-93344DDC6665/NeonDrift.run.1782485248.76636.app/ <com.DefaultCompany.NeonDrift.run.1782485248.76636 <installed >:0>"
)
2026-06-26 22:48:15.640 Df CoreSimulatorBridge[74501:8bc699] [com.apple.installcoordination:framework] -[IXAppInstallCoordinator _clientDelegate_didUpdateProgress:forPhase:overallProgress:]: <IXInitiatingAppInstallCoordinator<0x105c91a80> identity:[com.DefaultCompany.NeonDrift.run.1782485248.76636/Invalid/[system-defined]] uuid:5F0A9FD4-7FEE-4014-BCDE-507E0BA813F8 creator:InstallCoordination Simple SPI>: Got did update progress delegate with percentComplete 100.000000 phase IXCoordinatorProgressPhaseInstalling overallProgress 100.000000
2026-06-26 22:48:15.640 Df financed[74551:8bc6db] [com.apple.launchservices:appinstallation] Received applicationsDidInstall:(
    "<LSApplicationProxy: 0x109ad7540> com.DefaultCompany.NeonDrift.run.1782485248.76636 file:///Users/dragonkao/Library/Developer/CoreSimulator/Devices/CC47DE7A-8196-4465-A5A5-BB852C9C6C82/data/Containers/Bundle/Application/71EFA004-723F-43A7-808E-93344DDC6665/NeonDrift.run.1782485248.76636.app/ <com.DefaultCompany.NeonDrift.run.1782485248.76636 <installed >:0>"
)
2026-06-26 22:48:15.640 Df CoreSimulatorBridge[74501:8bc699] [com.apple.installcoordination:framework] -[IXAppInstallCoordinator _clientDelegate_didUpdateProgress:forPhase:overallProgress:]_block_invoke: <IXInitiatingAppInstallCoordinator<0x105c91a80> identity:[com.DefaultCompany.NeonDrift.run.1782485248.76636/Invalid/[system-defined]] uuid:5F0A9FD4-7FEE-4014-BCDE-507E0BA813F8 creator:InstallCoordination Simple SPI>: Calling selector coordinator:didUpdateProgress:forPhase:overallProgress: on observer <_IXSimpleInstallerDelegate 0x0x105c5bfc0>
2026-06-26 22:48:15.640 Df SpringBoard[74645:8bc714] [com.apple.launchservices:appinstallation] Received applicationsDidInstall:(
    "<LSApplicationProxy: 0x12554f240> com.DefaultCompany.NeonDrift.run.1782485248.76636 file:///Users/dragonkao/Library/Developer/CoreSimulator/Devices/CC47DE7A-8196-4465-A5A5-BB852C9C6C82/data/Containers/Bundle/Application/71EFA004-723F-43A7-808E-93344DDC6665/NeonDrift.run.1782485248.76636.app/ <com.DefaultCompany.NeonDrift.run.1782485248.76636 <installed >:0>"
)
2026-06-26 22:48:15.640 Df passd[74500:8b94cb] [com.apple.launchservices:appinstallation] Received applicationsDidInstall:(
    "<LSApplicationProxy: 0x1068b5a40> com.DefaultCompany.NeonDrift.run.1782485248.76636 file:///Users/dragonkao/Library/Developer/CoreSimulator/Devices/CC47DE7A-8196-4465-A5A5-BB852C9C6C82/data/Containers/Bundle/Application/71EFA004-723F-43A7-808E-93344DDC6665/NeonDrift.run.1782485248.76636.app/ <com.DefaultCompany.NeonDrift.run.1782485248.76636 <installed >:0>"
)
2026-06-26 22:48:15.640 Df usernotificationsd[74539:8b7744] [com.apple.launchservices:appinstallation] Received applicationsDidInstall:(
    "<LSApplicationProxy: 0x1055b4600> com.DefaultCompany.NeonDrift.run.1782485248.76636 file:///Users/dragonkao/Library/Developer/CoreSimulator/Devices/CC47DE7A-8196-4465-A5A5-BB852C9C6C82/data/Containers/Bundle/Application/71EFA004-723F-43A7-808E-93344DDC6665/NeonDrift.run.1782485248.76636.app/ <com.DefaultCompany.NeonDrift.run.1782485248.76636 <installed >:0>"
)
2026-06-26 22:48:15.640 Df callservicesd[74567:8bc6e4] [com.apple.launchservices:appinstallation] Received applicationsDidInstall:(
    "<LSApplicationProxy: 0x106d24cc0> com.DefaultCompany.NeonDrift.run.1782485248.76636 file:///Users/dragonkao/Library/Developer/CoreSimulator/Devices/CC47DE7A-8196-4465-A5A5-BB852C9C6C82/data/Containers/Bundle/Application/71EFA004-723F-43A7-808E-93344DDC6665/NeonDrift.run.1782485248.76636.app/ <com.DefaultCompany.NeonDrift.run.1782485248.76636 <installed >:0>"
)
2026-06-26 22:48:15.640 Df deviceaccessd[74580:8bc6e2] [com.apple.launchservices:appinstallation] Received applicationsDidInstall:(
    "<LSApplicationProxy: 0x10617c000> com.DefaultCompany.NeonDrift.run.1782485248.76636 file:///Users/dragonkao/Library/Developer/CoreSimulator/Devices/CC47DE7A-8196-4465-A5A5-BB852C9C6C82/data/Containers/Bundle/Application/71EFA004-723F-43A7-808E-93344DDC6665/NeonDrift.run.1782485248.76636.app/ <com.DefaultCompany.NeonDrift.run.1782485248.76636 <installed >:0>"
)
2026-06-26 22:48:15.640 Df sleepd[74498:8bc6e3] [com.apple.launchservices:appinstallation] Received applicationsDidInstall:(
    "<LSApplicationProxy: 0x102268180> com.DefaultCompany.NeonDrift.run.1782485248.76636 file:///Users/dragonkao/Library/Developer/CoreSimulator/Devices/CC47DE7A-8196-4465-A5A5-BB852C9C6C82/data/Containers/Bundle/Application/71EFA004-723F-43A7-808E-93344DDC6665/NeonDrift.run.1782485248.76636.app/ <com.DefaultCompany.NeonDrift.run.1782485248.76636 <installed >:0>"
)
2026-06-26 22:48:15.640 Df lsd[74526:8b74dd] [com.apple.launchservices:progress] unsubscribing from com.DefaultCompany.NeonDrift.run.1782485248.76636.Installing as it was unpublished
2026-06-26 22:48:15.640 Df lsd[74526:8b74dd] [com.apple.launchservices:progress] #LSInstallProgressList remove subscriber: <_NSProgressSubscriber: 0x101725ef0> publishingString: com.DefaultCompany.NeonDrift.run.1782485248.76636.Installing
2026-06-26 22:48:15.640 Df installcoordinationd[74674:8bc6a5] [com.apple.installcoordination:daemon] -[IXSCoordinatedAppInstall setComplete:]: <IXSCoordinatedAppInstall<0x103a10000> [P=CoreSimulatorBridge (pid 74501)] identifier:[com.DefaultCompany.NeonDrift.run.1782485248.76636/Invalid/[system-defined]] uuid:5F0A9FD4-7FEE-4014-BCDE-507E0BA813F8 intent:IXCoordinatorIntentInitiating creator/appDRI:InstallCoordination Simple SPI importance:UserWaiting state:IXAppCoordinationStateComplete promise-state:PA2I4> complete!
2026-06-26 22:48:15.640 Df installcoordinationd[74674:8bc6a5] [com.apple.installcoordination:daemon] -[IXSPowerAssertion invalidate]: Released power assertion IXPowerAssertion-12-[com.DefaultCompany.NeonDrift.run.1782485248.76636/Invalid/[system-defined]]
2026-06-26 22:48:15.641 Df lsd[74526:8bc6ec] [com.apple.launchservices:progress] Sent distributed notification com.apple.LaunchServices.applicationRegistered with payload {
    bundleIDs =     (
        "com.DefaultCompany.NeonDrift.run.1782485248.76636"
    );
    isPlaceholder = 0;
}
2026-06-26 22:48:15.641 Df SpringBoard[74645:8bc717] [com.apple.appinstallation:TransactionLog] com.DefaultCompany.NeonDrift.run.1782485248.76636/Unknown Persona:5:8:3:1:applicationsDidInstall <LSApplicationProxy: 0x12554d980> com.DefaultCompany.NeonDrift.run.1782485248.76636 file:///Users/dragonkao/Library/Developer/CoreSimulator/Devices/CC47DE7A-8196-4465-A5A5-BB852C9C6C82/data/Containers/Bundle/Application/71EFA004-723F-43A7-808E-93344DDC6665/NeonDrift.run.1782485248.76636.app/ <com.DefaultCompany.NeonDrift.run.1782485248.76636 <installed >:0>
2026-06-26 22:48:15.641 Df installcoordinationd[74674:8bc6a5] [com.apple.installcoordination:daemon] -[IXSDataPromise decommission]: Decommissioning <IXSPromisedTransferToPath(0x1038f8c00) Name:Icon resources for com.DefaultCompany.NeonDrift.run.1782485248.76636 Creator:InstallCoordination Simple SPI UUID:7238BFA9-E2BC-48C4-A2F8-F4762D1A97BF Location:[system-defined]>
2026-06-26 22:48:15.641 Df runningboardd[74472:8bc6a8] [com.apple.launchservices:appinstallation] Received applicationsDidInstall:(
    "<LSApplicationProxy: 0x103da4000> com.DefaultCompany.NeonDrift.run.1782485248.76636 file:///Users/dragonkao/Library/Developer/CoreSimulator/Devices/CC47DE7A-8196-4465-A5A5-BB852C9C6C82/data/Containers/Bundle/Application/71EFA004-723F-43A7-808E-93344DDC6665/NeonDrift.run.1782485248.76636.app/ <com.DefaultCompany.NeonDrift.run.1782485248.76636 <installed >:0>"
)
2026-06-26 22:48:15.641 Df profiled[74552:8bc6e5] [com.apple.launchservices:appinstallation] Received applicationsDidInstall:(
    "<LSApplicationProxy: 0x105c14000> com.DefaultCompany.NeonDrift.run.1782485248.76636 file:///Users/dragonkao/Library/Developer/CoreSimulator/Devices/CC47DE7A-8196-4465-A5A5-BB852C9C6C82/data/Containers/Bundle/Application/71EFA004-723F-43A7-808E-93344DDC6665/NeonDrift.run.1782485248.76636.app/ <com.DefaultCompany.NeonDrift.run.1782485248.76636 <installed >:0>"
)
2026-06-26 22:48:15.641 Df SpringBoard[74645:8bc717] [com.apple.frontboard.ApplicationLibrary:observer] -[FBSApplicationLibrary applicationsDidInstall:] com.DefaultCompany.NeonDrift.run.1782485248.76636
2026-06-26 22:48:15.641 Df SpringBoard[74645:8bc717] [com.apple.frontboard.ApplicationLibrary:default] Removed placeholder: <SBApplicationPlaceholderProxy: 0x127ae2e80; com.DefaultCompany.NeonDrift.run.1782485248.76636 (NeonDrift.run.1782485248.76636); LSInstallType: StoreDownload>
