Timestamp               Ty Process[PID:TID]
2026-06-23 01:09:51.753 Df CoreSimulatorBridge[16923:6ad242] Request received for installation of file:///Users/dragonkao/.openclaw/workspace/382b9e3384298039b171c9b2a60ae644/NeonDrift_MVP/project/xcode_derived_data/Build/Products/Release-iphonesimulator/NeonDrift.app/ with options: {
    PackageType = Developer;
    SimulatorRootPath = "/Library/Developer/CoreSimulator/Volumes/iOS_23F77/Library/Developer/CoreSimulator/Profiles/Runtimes/iOS 26.5.simruntime/Contents/Resources/RuntimeRoot";
    SimulatorUserPath = "/Users/dragonkao/Library/Developer/CoreSimulator/Devices/CCB1E793-CED4-4FCD-BF73-321AAEA77AB9/data";
}
2026-06-23 01:09:51.753 Df CoreSimulatorBridge[16923:6ad242] [com.apple.installcoordination:framework] +[IXAppInstallCoordinator(IXSimpleInstaller) _beginInstallForURL:forPersonaUniqueString:consumeSource:options:progressBlock:completionWithIdentity:]: Beginning install for /Users/dragonkao/.openclaw/workspace/382b9e3384298039b171c9b2a60ae644/NeonDrift_MVP/project/xcode_derived_data/Build/Products/Release-iphonesimulator/NeonDrift.app consuming source:N options:{
    IsUserInitiated = 1;
    PackageType = Developer;
} installationRequestorAuditToken: NULL
2026-06-23 01:09:51.756 Df installcoordinationd[55453:6ab347] [com.apple.installcoordination:daemon] -[IXSDataPromiseManager registerPromise:]: Registered promise <IXSPlaceholder(0x105d0c500) Name:App Placeholder: NeonDrift (com.DefaultCompany.NeonDrift) Creator:InstallCoordination Simple SPI UUID:2B6152F7-5083-4C51-80FD-FFB5DB001CAB Location:[system-defined]> for UUID 2B6152F7-5083-4C51-80FD-FFB5DB001CAB
2026-06-23 01:09:51.757 Df installcoordinationd[55453:6ab347] [com.apple.installcoordination:daemon] -[IXSPlaceholder setAttributes:]: <IXSPlaceholder(0x105d0c500) Name:App Placeholder: NeonDrift (com.DefaultCompany.NeonDrift) Creator:InstallCoordination Simple SPI UUID:2B6152F7-5083-4C51-80FD-FFB5DB001CAB Location:[system-defined]>: setting placeholder attributes to <IXPlaceholderAttributes<0x105ca4960> : {
    CFBundleShortVersionString = "1.0";
    CFBundleSupportedPlatforms =     (
        iPhoneSimulator
    );
    CFBundleVersion = 0;
    DTPlatformName = iphonesimulator;
    LSRequiresIPhoneOS = 1;
    MinimumOSVersion = "13.0";
    UIDeviceFamily =     (
        1,
        2
    );
    UIRequiredDeviceCapabilities =     {
        arm64 = 1;
        metal = 1;
    };
}>
2026-06-23 01:09:51.757 Df CoreSimulatorBridge[16923:6ab343] [com.apple.installcoordination:framework] +[IXPlaceholder _setEntitlementsFromBundleExecutableURL:withBundleID:client:onPlaceholder:location:error:]: Executable for com.DefaultCompany.NeonDrift at NeonDrift -- file:///Users/dragonkao/.openclaw/workspace/382b9e3384298039b171c9b2a60ae644/NeonDrift_MVP/project/xcode_derived_data/Build/Products/Release-iphonesimulator/NeonDrift.app/ had no entitlements
2026-06-23 01:09:51.757 Df CoreSimulatorBridge[16923:6ab343] [com.apple.installcoordination:framework] +[IXPlaceholder _placeholderForBundle:client:withParent:installType:metadata:placeholderType:mayBeDeltaPackage:isFromSerializedPlaceholder:location:error:]: Using full fidelity icons for com.DefaultCompany.NeonDrift at /Users/dragonkao/.openclaw/workspace/382b9e3384298039b171c9b2a60ae644/NeonDrift_MVP/project/xcode_derived_data/Build/Products/Release-iphonesimulator/NeonDrift.app
2026-06-23 01:09:51.758 Df installcoordinationd[55453:6ab347] [com.apple.installcoordination:daemon] -[IXSDataPromiseManager registerPromise:]: Registered promise <IXSPromisedTransferToPath(0x105ce6000) Name:Icon resources for com.DefaultCompany.NeonDrift Creator:InstallCoordination Simple SPI UUID:73EDD29B-3F2A-496E-9B45-31A5E1B9E6CB Location:[system-defined]> for UUID 73EDD29B-3F2A-496E-9B45-31A5E1B9E6CB
2026-06-23 01:09:51.761 Df CoreSimulatorBridge[16923:6ab343] [com.apple.installcoordination:framework] -[IXPromisedTransferToPath setComplete:]: <IXPromisedTransferToPath<0x1055cdac0> name:"Icon resources for com.DefaultCompany.NeonDrift" uuid:73EDD29B-3F2A-496E-9B45-31A5E1B9E6CB creator:"InstallCoordination Simple SPI" location:[system-defined]> Move operation from /Users/dragonkao/Library/Developer/CoreSimulator/Devices/CCB1E793-CED4-4FCD-BF73-321AAEA77AB9/data/Containers/Shared/SystemGroup/systemgroup.com.apple.installcoordinationd/Library/InstallCoordination/PromiseStaging/73EDD29B-3F2A-496E-9B45-31A5E1B9E6CB/temp.ojSKwL to /Users/dragonkao/Library/Developer/CoreSimulator/Devices/CCB1E793-CED4-4FCD-BF73-321AAEA77AB9/data/Containers/Shared/SystemGroup/systemgroup.com.apple.installcoordinationd/Library/InstallCoordination/PromiseStaging/73EDD29B-3F2A-496E-9B45-31A5E1B9E6CB/temp.ojSKwL took 0.000047 seconds
2026-06-23 01:09:51.761 Df installcoordinationd[55453:6ab347] [com.apple.installcoordination:daemon] -[IXSDataPromise _setPercentComplete:saveStateIfNeeded:]: Progress: <IXSPromisedTransferToPath(0x105ce6000) Name:Icon resources for com.DefaultCompany.NeonDrift Creator:InstallCoordination Simple SPI UUID:73EDD29B-3F2A-496E-9B45-31A5E1B9E6CB Location:[system-defined]>
2026-06-23 01:09:51.761 Df installcoordinationd[55453:6ab348] [com.apple.installcoordination:daemon] -[IXSDataPromiseManager promiseDidBegin:]: Unowned promise began: <IXSPromisedTransferToPath(0x105ce6000) Name:Icon resources for com.DefaultCompany.NeonDrift Creator:InstallCoordination Simple SPI UUID:73EDD29B-3F2A-496E-9B45-31A5E1B9E6CB Location:[system-defined]>
2026-06-23 01:09:51.761 Df installcoordinationd[55453:6ab348] [com.apple.installcoordination:daemon] -[IXSDataPromiseManager promise:didUpdateProgress:]: Unowned promise update progress to 1.000000 : <IXSPromisedTransferToPath(0x105ce6000) Name:Icon resources for com.DefaultCompany.NeonDrift Creator:InstallCoordination Simple SPI UUID:73EDD29B-3F2A-496E-9B45-31A5E1B9E6CB Location:[system-defined]>
2026-06-23 01:09:51.762 Df installcoordinationd[55453:6ab348] [com.apple.installcoordination:daemon] -[IXSDataPromiseManager promiseDidComplete:]: Unowned promise completed: <IXSPromisedTransferToPath(0x105ce6000) Name:Icon resources for com.DefaultCompany.NeonDrift Creator:InstallCoordination Simple SPI UUID:73EDD29B-3F2A-496E-9B45-31A5E1B9E6CB Location:[system-defined]>
2026-06-23 01:09:51.763 Df installcoordinationd[55453:6ab348] [com.apple.installcoordination:daemon] -[IXSDataPromise _setPercentComplete:saveStateIfNeeded:]: Progress: <IXSPromisedInMemoryDictionary(0x105ce5980) Name:Info.plist icon content for com.DefaultCompany.NeonDrift Creator:InstallCoordination Simple SPI UUID:EBEC654F-AF82-45AA-9C1B-0BB9DD1BD9B4 Location:[system-defined]>
2026-06-23 01:09:51.763 Df installcoordinationd[55453:6ab348] [com.apple.installcoordination:daemon] -[IXSDataPromiseManager registerPromise:]: Registered promise <IXSPromisedInMemoryDictionary(0x105ce5980) Name:Info.plist icon content for com.DefaultCompany.NeonDrift Creator:InstallCoordination Simple SPI UUID:EBEC654F-AF82-45AA-9C1B-0BB9DD1BD9B4 Location:[system-defined]> for UUID EBEC654F-AF82-45AA-9C1B-0BB9DD1BD9B4
2026-06-23 01:09:51.763 Df installcoordinationd[55453:6ab347] [com.apple.installcoordination:daemon] -[IXSDataPromiseManager promiseDidBegin:]: Unowned promise began: <IXSPromisedInMemoryDictionary(0x105ce5980) Name:Info.plist icon content for com.DefaultCompany.NeonDrift Creator:InstallCoordination Simple SPI UUID:EBEC654F-AF82-45AA-9C1B-0BB9DD1BD9B4 Location:[system-defined]>
2026-06-23 01:09:51.763 Df installcoordinationd[55453:6ab347] [com.apple.installcoordination:daemon] -[IXSDataPromiseManager promise:didUpdateProgress:]: Unowned promise update progress to 1.000000 : <IXSPromisedInMemoryDictionary(0x105ce5980) Name:Info.plist icon content for com.DefaultCompany.NeonDrift Creator:InstallCoordination Simple SPI UUID:EBEC654F-AF82-45AA-9C1B-0BB9DD1BD9B4 Location:[system-defined]>
2026-06-23 01:09:51.763 Df installcoordinationd[55453:6ab347] [com.apple.installcoordination:daemon] -[IXSDataPromiseManager promiseDidComplete:]: Unowned promise completed: <IXSPromisedInMemoryDictionary(0x105ce5980) Name:Info.plist icon content for com.DefaultCompany.NeonDrift Creator:InstallCoordination Simple SPI UUID:EBEC654F-AF82-45AA-9C1B-0BB9DD1BD9B4 Location:[system-defined]>
2026-06-23 01:09:51.763 Df installcoordinationd[55453:6ab348] [com.apple.installcoordination:daemon] -[IXSPlaceholder setIconResourcesPromise:]: <IXSPlaceholder(0x105d0c500) Name:App Placeholder: NeonDrift (com.DefaultCompany.NeonDrift) Creator:InstallCoordination Simple SPI UUID:2B6152F7-5083-4C51-80FD-FFB5DB001CAB Location:[system-defined]>: setting icon resources promise to <IXSPromisedTransferToPath(0x105ce6000) Name:Icon resources for com.DefaultCompany.NeonDrift Creator:InstallCoordination Simple SPI UUID:73EDD29B-3F2A-496E-9B45-31A5E1B9E6CB Location:[system-defined]>
2026-06-23 01:09:51.764 Df installcoordinationd[55453:6ab348] [com.apple.installcoordination:daemon] -[IXSPlaceholder setInfoPlistIconContentPromise:]: <IXSPlaceholder(0x105d0c500) Name:App Placeholder: NeonDrift (com.DefaultCompany.NeonDrift) Creator:InstallCoordination Simple SPI UUID:2B6152F7-5083-4C51-80FD-FFB5DB001CAB Location:[system-defined]>: setting Info.plist icon content promise to <IXSPromisedInMemoryDictionary(0x105ce5980) Name:Info.plist icon content for com.DefaultCompany.NeonDrift Creator:InstallCoordination Simple SPI UUID:EBEC654F-AF82-45AA-9C1B-0BB9DD1BD9B4 Location:[system-defined]>
2026-06-23 01:09:51.764 Df installcoordinationd[55453:6b9ba9] [com.apple.installcoordination:daemon] -[IXSDataPromiseManager promiseDidBegin:]: Unowned promise began: <IXSPlaceholder(0x105d0c500) Name:App Placeholder: NeonDrift (com.DefaultCompany.NeonDrift) Creator:InstallCoordination Simple SPI UUID:2B6152F7-5083-4C51-80FD-FFB5DB001CAB Location:[system-defined]>
2026-06-23 01:09:51.764 Df installcoordinationd[55453:6b9ba9] [com.apple.installcoordination:daemon] -[IXSDataPromiseManager promise:didUpdateProgress:]: Unowned promise update progress to 0.000000 : <IXSPlaceholder(0x105d0c500) Name:App Placeholder: NeonDrift (com.DefaultCompany.NeonDrift) Creator:InstallCoordination Simple SPI UUID:2B6152F7-5083-4C51-80FD-FFB5DB001CAB Location:[system-defined]>
2026-06-23 01:09:51.764 Df installcoordinationd[55453:6b9ba9] [com.apple.installcoordination:daemon] -[IXSDataPromiseManager promise:didUpdateProgress:]: Unowned promise update progress to 0.000000 : <IXSPlaceholder(0x105d0c500) Name:App Placeholder: NeonDrift (com.DefaultCompany.NeonDrift) Creator:InstallCoordination Simple SPI UUID:2B6152F7-5083-4C51-80FD-FFB5DB001CAB Location:[system-defined]>
2026-06-23 01:09:51.765 Df installcoordinationd[55453:6b9ba9] [com.apple.installcoordination:daemon] -[IXSDataPromise _setPercentComplete:saveStateIfNeeded:]: Progress: <IXSPromisedInMemoryDictionary(0x105ce5180) Name:Localizations for com.DefaultCompany.NeonDrift Creator:InstallCoordination Simple SPI UUID:0D6EC918-245D-46A4-8CD9-A65EE6D70B12 Location:[system-defined]>
2026-06-23 01:09:51.765 Df installcoordinationd[55453:6b9ba9] [com.apple.installcoordination:daemon] -[IXSDataPromiseManager registerPromise:]: Registered promise <IXSPromisedInMemoryDictionary(0x105ce5180) Name:Localizations for com.DefaultCompany.NeonDrift Creator:InstallCoordination Simple SPI UUID:0D6EC918-245D-46A4-8CD9-A65EE6D70B12 Location:[system-defined]> for UUID 0D6EC918-245D-46A4-8CD9-A65EE6D70B12
2026-06-23 01:09:51.765 Df installcoordinationd[55453:6ab348] [com.apple.installcoordination:daemon] -[IXSDataPromiseManager promiseDidBegin:]: Unowned promise began: <IXSPromisedInMemoryDictionary(0x105ce5180) Name:Localizations for com.DefaultCompany.NeonDrift Creator:InstallCoordination Simple SPI UUID:0D6EC918-245D-46A4-8CD9-A65EE6D70B12 Location:[system-defined]>
2026-06-23 01:09:51.765 Df installcoordinationd[55453:6ab348] [com.apple.installcoordination:daemon] -[IXSDataPromiseManager promise:didUpdateProgress:]: Unowned promise update progress to 1.000000 : <IXSPromisedInMemoryDictionary(0x105ce5180) Name:Localizations for com.DefaultCompany.NeonDrift Creator:InstallCoordination Simple SPI UUID:0D6EC918-245D-46A4-8CD9-A65EE6D70B12 Location:[system-defined]>
2026-06-23 01:09:51.765 Df installcoordinationd[55453:6ab348] [com.apple.installcoordination:daemon] -[IXSDataPromiseManager promiseDidComplete:]: Unowned promise completed: <IXSPromisedInMemoryDictionary(0x105ce5180) Name:Localizations for com.DefaultCompany.NeonDrift Creator:InstallCoordination Simple SPI UUID:0D6EC918-245D-46A4-8CD9-A65EE6D70B12 Location:[system-defined]>
2026-06-23 01:09:51.766 Df installcoordinationd[55453:6b9ba9] [com.apple.installcoordination:daemon] -[IXSPlaceholder setLocalizationDictionaryPromise:]: <IXSPlaceholder(0x105d0c500) Name:App Placeholder: NeonDrift (com.DefaultCompany.NeonDrift) Creator:InstallCoordination Simple SPI UUID:2B6152F7-5083-4C51-80FD-FFB5DB001CAB Location:[system-defined]>: setting localization dict promise to <IXSPromisedInMemoryDictionary(0x105ce5180) Name:Localizations for com.DefaultCompany.NeonDrift Creator:InstallCoordination Simple SPI UUID:0D6EC918-245D-46A4-8CD9-A65EE6D70B12 Location:[system-defined]>
2026-06-23 01:09:51.766 Df installcoordinationd[55453:6ab347] [com.apple.installcoordination:daemon] -[IXSDataPromiseManager promise:didUpdateProgress:]: Unowned promise update progress to 0.000000 : <IXSPlaceholder(0x105d0c500) Name:App Placeholder: NeonDrift (com.DefaultCompany.NeonDrift) Creator:InstallCoordination Simple SPI UUID:2B6152F7-5083-4C51-80FD-FFB5DB001CAB Location:[system-defined]>
2026-06-23 01:09:51.767 Df installcoordinationd[55453:6ab347] [com.apple.installcoordination:daemon] -[IXSPlaceholder setConfigurationComplete:]: <IXSPlaceholder(0x105d0c500) Name:App Placeholder: NeonDrift (com.DefaultCompany.NeonDrift) Creator:InstallCoordination Simple SPI UUID:2B6152F7-5083-4C51-80FD-FFB5DB001CAB Location:[system-defined]>: setting configuration complete to Y
2026-06-23 01:09:51.767 Df installcoordinationd[55453:6ab347] [com.apple.installcoordination:daemon] -[IXSPlaceholder _materialize]: <IXSPlaceholder(0x105d0c500) Name:App Placeholder: NeonDrift (com.DefaultCompany.NeonDrift) Creator:InstallCoordination Simple SPI UUID:2B6152F7-5083-4C51-80FD-FFB5DB001CAB Location:[system-defined]>: Materializing placeholder at /Users/dragonkao/Library/Developer/CoreSimulator/Devices/CCB1E793-CED4-4FCD-BF73-321AAEA77AB9/data/Containers/Shared/SystemGroup/systemgroup.com.apple.installcoordinationd/Library/InstallCoordination/PromiseStaging/2B6152F7-5083-4C51-80FD-FFB5DB001CAB/NeonDrift.app
2026-06-23 01:09:51.767 Df installcoordinationd[55453:6ab347] [com.apple.installcoordination:daemon] -[IXSPlaceholder _materialize]: <IXSPlaceholder(0x105d0c500) Name:App Placeholder: NeonDrift (com.DefaultCompany.NeonDrift) Creator:InstallCoordination Simple SPI UUID:2B6152F7-5083-4C51-80FD-FFB5DB001CAB Location:[system-defined]>: Using Info.plist icon content: {
    CFBundleIcons =     {
        CFBundlePrimaryIcon =         {
            CFBundleIconName = AppIcon;
        };
    };
    "CFBundleIcons~ipad" =     {
        CFBundlePrimaryIcon =         {
            CFBundleIconName = AppIcon;
        };
    };
    ISIconPlatform = iPhoneOS;
}
2026-06-23 01:09:51.768 Df installcoordinationd[55453:6ab347] [com.apple.installcoordination:daemon] -[IXSPlaceholder _materialize]_block_invoke: <IXSPlaceholder(0x105d0c500) Name:App Placeholder: NeonDrift (com.DefaultCompany.NeonDrift) Creator:InstallCoordination Simple SPI UUID:2B6152F7-5083-4C51-80FD-FFB5DB001CAB Location:[system-defined]>: Using icon resource Assets.car
2026-06-23 01:09:51.768 Df installcoordinationd[55453:6ab347] [com.apple.installcoordination:daemon] -[IXSPlaceholder _materialize]: <IXSPlaceholder(0x105d0c500) Name:App Placeholder: NeonDrift (com.DefaultCompany.NeonDrift) Creator:InstallCoordination Simple SPI UUID:2B6152F7-5083-4C51-80FD-FFB5DB001CAB Location:[system-defined]>: Including lproj localizations for (
)
2026-06-23 01:09:51.768 Df installcoordinationd[55453:6ab348] [com.apple.installcoordination:daemon] -[IXSDataPromiseManager promiseDidComplete:]: Unowned promise completed: <IXSPlaceholder(0x105d0c500) Name:App Placeholder: NeonDrift (com.DefaultCompany.NeonDrift) Creator:InstallCoordination Simple SPI UUID:2B6152F7-5083-4C51-80FD-FFB5DB001CAB Location:[system-defined]>
2026-06-23 01:09:51.769 Df installcoordinationd[55453:6ab348] [com.apple.installcoordination:daemon] -[IXSDataPromiseManager registerPromise:]: Registered promise <IXSPromisedTransferToPath(0x105ce5300) Name:App Asset: com.DefaultCompany.NeonDrift Creator:InstallCoordination Simple SPI UUID:2D468C8A-EABF-467F-933F-62B123B89349 Location:[system-defined]> for UUID 2D468C8A-EABF-467F-933F-62B123B89349
2026-06-23 01:09:51.770 Df installcoordinationd[55453:6ab348] [com.apple.installcoordination:daemon] -[IXSCoordinatorManager coordinatorForIdentity:connection:error:creatingIfNotExisting:]_block_invoke: Registered coordinator: <IXSCoordinatedAppInstall<0x105df4000> [P=CoreSimulatorBridge (pid 16923)] identifier:[com.DefaultCompany.NeonDrift/Invalid/[system-defined]] uuid:AD8AC7B0-E848-41C8-8F7E-1B427D533F7E intent:IXCoordinatorIntentUpdating creator/appDRI:InstallCoordination Simple SPI importance:Background state:IXAppCoordinationStatePlaceholderPromiseNotSet promise-state:01234>
2026-06-23 01:09:51.770 Df installcoordinationd[55453:6ab348] [com.apple.appinstallation:TransactionLog] com.DefaultCompany.NeonDrift/Unknown Persona:4:2:1:1:Created coordinator with intent IXCoordinatorIntentUpdating for client InstallCoordination Simple SPI
2026-06-23 01:09:51.770 Df installcoordinationd[55453:6ab348] [com.apple.installcoordination:daemon] -[IXSCoordinatedAppInstall setPriorityBoostCompletion:withSourceInfo:]: <IXSCoordinatedAppInstall<0x105df4000> [P=CoreSimulatorBridge (pid 16923)] identifier:[com.DefaultCompany.NeonDrift/Invalid/[system-defined]] uuid:AD8AC7B0-E848-41C8-8F7E-1B427D533F7E intent:IXCoordinatorIntentUpdating creator/appDRI:InstallCoordination Simple SPI importance:Background state:IXAppCoordinationStatePlaceholderPromiseNotSet promise-state:01234>: Retaining completion from CoreSimulatorBridge (16923), QOS_CLASS_DEFAULT (0x15)
2026-06-23 01:09:51.770 Df installcoordinationd[55453:6ab348] [com.apple.installcoordination:daemon] -[IXSCoordinatedAppInstall setImportance:]: <IXSCoordinatedAppInstall<0x105df4000> [P=CoreSimulatorBridge (pid 16923)] identifier:[com.DefaultCompany.NeonDrift/Invalid/[system-defined]] uuid:AD8AC7B0-E848-41C8-8F7E-1B427D533F7E intent:IXCoordinatorIntentUpdating creator/appDRI:InstallCoordination Simple SPI importance:UserWaiting state:IXAppCoordinationStatePlaceholderPromiseNotSet promise-state:01234>: set importance to UserWaiting
2026-06-23 01:09:51.770 Df installcoordinationd[55453:6ab348] [com.apple.installcoordination:daemon] -[IXSCoordinatedAppInstall _onQueue_fireObserversForClient:]: <IXSCoordinatedAppInstall<0x105df4000> [P=CoreSimulatorBridge (pid 16923)] identifier:[com.DefaultCompany.NeonDrift/Invalid/[system-defined]] uuid:AD8AC7B0-E848-41C8-8F7E-1B427D533F7E intent:IXCoordinatorIntentUpdating creator/appDRI:InstallCoordination Simple SPI importance:UserWaiting state:IXAppCoordinationStatePlaceholderPromiseNotSet promise-state:01234>: Firing applicable observers for client <IXSClientConnection<0x105c44480> client:CoreSimulatorBridge (pid 16923) uuid:807850CD-602B-4881-A92F-9CDF1896469D>
2026-06-23 01:09:51.770 Df installcoordinationd[55453:6ab348] [com.apple.installcoordination:daemon] -[IXSCoordinatedAppInstall setPriorityBoostCompletion:withSourceInfo:]: <IXSCoordinatedAppInstall<0x105df4000> [P=CoreSimulatorBridge (pid 16923)] identifier:[com.DefaultCompany.NeonDrift/Invalid/[system-defined]] uuid:AD8AC7B0-E848-41C8-8F7E-1B427D533F7E intent:IXCoordinatorIntentUpdating creator/appDRI:InstallCoordination Simple SPI importance:UserWaiting state:IXAppCoordinationStatePlaceholderPromiseNotSet promise-state:01234>: Disposing of completion from CoreSimulatorBridge (16923), QOS_CLASS_DEFAULT (0x15)
2026-06-23 01:09:51.771 Df installcoordinationd[55453:6ab348] [com.apple.installcoordination:daemon] -[IXSCoordinatedAppInstall setPriorityBoostCompletion:withSourceInfo:]: <IXSCoordinatedAppInstall<0x105df4000> [P=CoreSimulatorBridge (pid 16923)] identifier:[com.DefaultCompany.NeonDrift/Invalid/[system-defined]] uuid:AD8AC7B0-E848-41C8-8F7E-1B427D533F7E intent:IXCoordinatorIntentUpdating creator/appDRI:InstallCoordination Simple SPI importance:UserWaiting state:IXAppCoordinationStatePlaceholderPromiseNotSet promise-state:01234>: Retaining completion from CoreSimulatorBridge (16923), QOS_CLASS_DEFAULT (0x15)
2026-06-23 01:09:51.771 Df CoreSimulatorBridge[16923:6b7d3c] [com.apple.installcoordination:framework] -[IXAppInstallCoordinator _clientDelegate_didRegisterForObservation]: <IXUpdatingAppInstallCoordinator<0x1055cdd40> identity:[com.DefaultCompany.NeonDrift/Invalid/[system-defined]] uuid:AD8AC7B0-E848-41C8-8F7E-1B427D533F7E creator:InstallCoordination Simple SPI>: Got observer registration delegate
2026-06-23 01:09:51.771 Df CoreSimulatorBridge[16923:6b7d3c] [com.apple.installcoordination:framework] -[IXAppInstallCoordinator _clientDelegate_shouldResume]: <IXUpdatingAppInstallCoordinator<0x1055cdd40> identity:[com.DefaultCompany.NeonDrift/Invalid/[system-defined]] uuid:AD8AC7B0-E848-41C8-8F7E-1B427D533F7E creator:InstallCoordination Simple SPI>: Got should resume delegate
2026-06-23 01:09:51.771 Df CoreSimulatorBridge[16923:6ad241] [com.apple.installcoordination:framework] -[IXAppInstallCoordinator _clientDelegate_didRegisterForObservation]_block_invoke: <IXUpdatingAppInstallCoordinator<0x1055cdd40> identity:[com.DefaultCompany.NeonDrift/Invalid/[system-defined]] uuid:AD8AC7B0-E848-41C8-8F7E-1B427D533F7E creator:InstallCoordination Simple SPI>: Observer <_IXSimpleInstallerDelegate 0x0x1055d52c0> does not respond to coordinatorDidRegisterForObservation:
2026-06-23 01:09:51.771 Df CoreSimulatorBridge[16923:6ad241] [com.apple.installcoordination:framework] -[IXAppInstallCoordinator _clientDelegate_shouldResume]_block_invoke: <IXUpdatingAppInstallCoordinator<0x1055cdd40> identity:[com.DefaultCompany.NeonDrift/Invalid/[system-defined]] uuid:AD8AC7B0-E848-41C8-8F7E-1B427D533F7E creator:InstallCoordination Simple SPI>: Observer <_IXSimpleInstallerDelegate 0x0x1055d52c0> does not respond to coordinatorShouldResume:
2026-06-23 01:09:51.772 Df installcoordinationd[55453:6ab348] [com.apple.installcoordination:daemon] -[IXSCoordinatedAppInstall _internal_setInstallOptionsPromise:performExternalActions:]: <IXSCoordinatedAppInstall<0x105df4000> [P=CoreSimulatorBridge (pid 16923)] identifier:[com.DefaultCompany.NeonDrift/Invalid/[system-defined]] uuid:AD8AC7B0-E848-41C8-8F7E-1B427D533F7E intent:IXCoordinatorIntentUpdating creator/appDRI:InstallCoordination Simple SPI importance:UserWaiting state:IXAppCoordinationStatePlaceholderPromiseNotSet promise-state:012I4> : install options set: <IXSPromisedInMemoryData(0x105ce5580) Name:MIInstallOptions data Creator:Install Coordination Internal UUID:3D50C8D4-76ED-495C-82CF-DD04E3B3C84F Location:[system-defined]>
2026-06-23 01:09:51.772 Df installcoordinationd[55453:6b9ba9] [com.apple.installcoordination:daemon] -[IXSCoordinatedAppInstall promiseDidComplete:]: <IXSCoordinatedAppInstall<0x105df4000> [P=CoreSimulatorBridge (pid 16923)] identifier:[com.DefaultCompany.NeonDrift/Invalid/[system-defined]] uuid:AD8AC7B0-E848-41C8-8F7E-1B427D533F7E intent:IXCoordinatorIntentUpdating creator/appDRI:InstallCoordination Simple SPI importance:UserWaiting state:IXAppCoordinationStatePlaceholderPromiseNotSet promise-state:012I4> : Promise completed: <IXSPromisedInMemoryData(0x105ce5580) Name:MIInstallOptions data Creator:Install Coordination Internal UUID:3D50C8D4-76ED-495C-82CF-DD04E3B3C84F Location:[system-defined]>
2026-06-23 01:09:51.772 Df installcoordinationd[55453:6b9ba9] [com.apple.appinstallation:TransactionLog] com.DefaultCompany.NeonDrift/Unknown Persona:4:13:1:1:Install Options Promise began. Coordinator State: IXAppCoordinationStatePlaceholderPromiseNotSet
2026-06-23 01:09:51.772 Df installcoordinationd[55453:6b9ba9] [com.apple.appinstallation:TransactionLog] com.DefaultCompany.NeonDrift/Unknown Persona:4:13:2:1:Install Options Promise completed. Coordinator State: IXAppCoordinationStatePlaceholderPromiseNotSet
2026-06-23 01:09:51.773 Df installcoordinationd[55453:6b9ba9] [com.apple.installcoordination:daemon] -[IXSCoordinatedAppInstall _internal_setAppAssetPromise:performExternalActions:]: <IXSCoordinatedAppInstall<0x105df4000> [P=CoreSimulatorBridge (pid 16923)] identifier:[com.DefaultCompany.NeonDrift/Invalid/[system-defined]] uuid:AD8AC7B0-E848-41C8-8F7E-1B427D533F7E intent:IXCoordinatorIntentUpdating creator/appDRI:InstallCoordination Simple SPI importance:UserWaiting state:IXAppCoordinationStatePlaceholderPromiseNotSet promise-state:0a2I4> : App Asset Promise set: <IXSPromisedTransferToPath(0x105ce5300) Name:App Asset: com.DefaultCompany.NeonDrift Creator:InstallCoordination Simple SPI UUID:2D468C8A-EABF-467F-933F-62B123B89349 Location:[system-defined]>
2026-06-23 01:09:51.773 Df installcoordinationd[55453:6ab348] [com.apple.installcoordination:daemon] -[IXSCoordinatedAppInstall setInitialODRAssetPromises:]: <IXSCoordinatedAppInstall<0x105df4000> [P=CoreSimulatorBridge (pid 16923)] identifier:[com.DefaultCompany.NeonDrift/Invalid/[system-defined]] uuid:AD8AC7B0-E848-41C8-8F7E-1B427D533F7E intent:IXCoordinatorIntentUpdating creator/appDRI:InstallCoordination Simple SPI importance:UserWaiting state:IXAppCoordinationStatePlaceholderPromiseNotSet promise-state:0a2I4> : Initial ODR Asset Promises set: (
)
2026-06-23 01:09:51.774 Df CoreSimulatorBridge[16923:6ab343] [com.apple.installcoordination:framework] -[IXPromisedTransferToPath _performDeltaCopyFrom:toDestination:]: Performing delta copy from /Users/dragonkao/.openclaw/workspace/382b9e3384298039b171c9b2a60ae644/NeonDrift_MVP/project/xcode_derived_data/Build/Products/Release-iphonesimulator/NeonDrift.app to /Users/dragonkao/Library/Developer/CoreSimulator/Devices/CCB1E793-CED4-4FCD-BF73-321AAEA77AB9/data/Containers/Shared/SystemGroup/systemgroup.com.apple.installcoordinationd/Library/InstallCoordination/PromiseStaging/2D468C8A-EABF-467F-933F-62B123B89349/NeonDrift.app with installed bundle at /Users/dragonkao/Library/Developer/CoreSimulator/Devices/CCB1E793-CED4-4FCD-BF73-321AAEA77AB9/data/Containers/Bundle/Application/433BB5E7-56A8-4352-9E43-0BA1BACA6BF6/NeonDrift.app
2026-06-23 01:09:51.774 Df CoreSimulatorBridge[16923:6ab343] (MobileSystemServices) 0x16dbeb000 MDMCreateDeltaDirectory: calling MDMDirectoryDiff with:
state->old_bundle: /Users/dragonkao/Library/Developer/CoreSimulator/Devices/CCB1E793-CED4-4FCD-BF73-321AAEA77AB9/data/Containers/Bundle/Application/433BB5E7-56A8-4352-9E43-0BA1BACA6BF6/NeonDrift.app
state->new_bundle: /Users/dragonkao/.openclaw/workspace/382b9e3384298039b171c9b2a60ae644/NeonDrift_MVP/project/xcode_derived_data/Build/Products/Release-iphonesimulator/NeonDrift.app
state->dst_bundle: /Users/dragonkao/Library/Developer/CoreSimulator/Devices/CCB1E793-CED4-4FCD-BF73-321AAEA77AB9/data/Containers/Shared/SystemGroup/systemgroup.com.apple.installcoordinationd/Library/InstallCoordination/PromiseStaging/2D468C8A-EABF-467F-933F-62B123B89349/NeonDrift.app/Payload//NeonDrift.app, binaryDiff flag: FALSE
	dst_ipa: /Users/dragonkao/Library/Developer/CoreSimulator/Devices/CCB1E793-CED4-4FCD-BF73-321AAEA77AB9/data/Containers/Shared/SystemGroup/systemgroup.com.apple.installcoordinationd/Library/InstallCoordination/PromiseStaging/2D468<…>
2026-06-23 01:09:51.839 Df CoreSimulatorBridge[16923:6ab343] [com.apple.installcoordination:framework] -[IXPromisedTransferToPath setComplete:]: <IXPromisedTransferToPath<0x1055cdb80> name:"App Asset: com.DefaultCompany.NeonDrift" uuid:2D468C8A-EABF-467F-933F-62B123B89349 creator:"InstallCoordination Simple SPI" location:[system-defined]> Delta Copy operation from /Users/dragonkao/.openclaw/workspace/382b9e3384298039b171c9b2a60ae644/NeonDrift_MVP/project/xcode_derived_data/Build/Products/Release-iphonesimulator/NeonDrift.app to /Users/dragonkao/Library/Developer/CoreSimulator/Devices/CCB1E793-CED4-4FCD-BF73-321AAEA77AB9/data/Containers/Shared/SystemGroup/systemgroup.com.apple.installcoordinationd/Library/InstallCoordination/PromiseStaging/2D468C8A-EABF-467F-933F-62B123B89349/NeonDrift.app took 0.065574 seconds
2026-06-23 01:09:51.840 Df installcoordinationd[55453:6ab348] [com.apple.installcoordination:daemon] -[IXSDataPromise _setPercentComplete:saveStateIfNeeded:]: Progress: <IXSPromisedTransferToPath(0x105ce5300) Name:App Asset: com.DefaultCompany.NeonDrift Creator:InstallCoordination Simple SPI UUID:2D468C8A-EABF-467F-933F-62B123B89349 Location:[system-defined]>
2026-06-23 01:09:51.840 Df installcoordinationd[55453:6ab348] [com.apple.installcoordination:daemon] -[IXSCoordinatedAppInstall promiseDidComplete:]: <IXSCoordinatedAppInstall<0x105df4000> [P=CoreSimulatorBridge (pid 16923)] identifier:[com.DefaultCompany.NeonDrift/Invalid/[system-defined]] uuid:AD8AC7B0-E848-41C8-8F7E-1B427D533F7E intent:IXCoordinatorIntentUpdating creator/appDRI:InstallCoordination Simple SPI importance:UserWaiting state:IXAppCoordinationStatePlaceholderPromiseNotSet promise-state:0A2I4> : Promise completed: <IXSPromisedTransferToPath(0x105ce5300) Name:App Asset: com.DefaultCompany.NeonDrift Creator:InstallCoordination Simple SPI UUID:2D468C8A-EABF-467F-933F-62B123B89349 Location:[system-defined]>
2026-06-23 01:09:51.840 Df installcoordinationd[55453:6b9ba9] [com.apple.appinstallation:TransactionLog] com.DefaultCompany.NeonDrift/Unknown Persona:4:10:1:1:App Asset Promise began. Coordinator State: IXAppCoordinationStatePlaceholderPromiseNotSet
2026-06-23 01:09:51.840 Df installcoordinationd[55453:6b9ba9] [com.apple.appinstallation:TransactionLog] com.DefaultCompany.NeonDrift/Unknown Persona:4:10:2:1:App Asset Promise completed. Coordinator State: IXAppCoordinationStatePlaceholderPromiseNotSet
2026-06-23 01:09:51.840 Df installcoordinationd[55453:6ab348] [com.apple.installcoordination:daemon] -[IXSCoordinatedAppInstall setPlaceholderPromise:]: <IXSCoordinatedAppInstall<0x105df4000> [P=CoreSimulatorBridge (pid 16923)] identifier:[com.DefaultCompany.NeonDrift/Invalid/[system-defined]] uuid:AD8AC7B0-E848-41C8-8F7E-1B427D533F7E intent:IXCoordinatorIntentUpdating creator/appDRI:InstallCoordination Simple SPI importance:UserWaiting state:IXAppCoordinationStateReadyForPlaceholderInstall promise-state:PA2I4> : Placeholder Promise set: <IXSPlaceholder(0x105d0c500) Name:App Placeholder: NeonDrift (com.DefaultCompany.NeonDrift) Creator:InstallCoordination Simple SPI UUID:2B6152F7-5083-4C51-80FD-FFB5DB001CAB Location:[system-defined]>
2026-06-23 01:09:51.840 Df CoreSimulatorBridge[16923:6b7d3c] [com.apple.installcoordination:framework] -[IXAppInstallCoordinator _clientDelegate_promiseDidBeginFulfillmentWithIdentifier:]: <IXUpdatingAppInstallCoordinator<0x1055cdd40> identity:[com.DefaultCompany.NeonDrift/Invalid/[system-defined]] uuid:AD8AC7B0-E848-41C8-8F7E-1B427D533F7E creator:InstallCoordination Simple SPI>: Got promise did begin fulfillment for identifier 2
2026-06-23 01:09:51.840 Df installcoordinationd[55453:6b9ba9] [com.apple.installcoordination:daemon] -[IXSCoordinatedAppInstall promiseDidComplete:]: <IXSCoordinatedAppInstall<0x105df4000> [P=CoreSimulatorBridge (pid 16923)] identifier:[com.DefaultCompany.NeonDrift/Invalid/[system-defined]] uuid:AD8AC7B0-E848-41C8-8F7E-1B427D533F7E intent:IXCoordinatorIntentUpdating creator/appDRI:InstallCoordination Simple SPI importance:UserWaiting state:IXAppCoordinationStateReadyForPlaceholderInstall promise-state:PA2I4> : Promise completed: <IXSPlaceholder(0x105d0c500) Name:App Placeholder: NeonDrift (com.DefaultCompany.NeonDrift) Creator:InstallCoordination Simple SPI UUID:2B6152F7-5083-4C51-80FD-FFB5DB001CAB Location:[system-defined]>
2026-06-23 01:09:51.840 Df CoreSimulatorBridge[16923:6b7d3c] [com.apple.installcoordination:framework] -[IXAppInstallCoordinator _clientDelegate_didUpdateProgress:forPhase:overallProgress:]: <IXUpdatingAppInstallCoordinator<0x1055cdd40> identity:[com.DefaultCompany.NeonDrift/Invalid/[system-defined]] uuid:AD8AC7B0-E848-41C8-8F7E-1B427D533F7E creator:InstallCoordination Simple SPI>: Got did update progress delegate with percentComplete 100.000000 phase IXCoordinatorProgressPhaseLoading overallProgress 60.000000
2026-06-23 01:09:51.840 Df CoreSimulatorBridge[16923:6b7d3c] [com.apple.installcoordination:framework] -[IXAppInstallCoordinator _clientDelegate_promiseDidBeginFulfillmentWithIdentifier:]_block_invoke: <IXUpdatingAppInstallCoordinator<0x1055cdd40> identity:[com.DefaultCompany.NeonDrift/Invalid/[system-defined]] uuid:AD8AC7B0-E848-41C8-8F7E-1B427D533F7E creator:InstallCoordination Simple SPI>: Observer <_IXSimpleInstallerDelegate 0x0x1055d52c0> does not respond to coordinator:configuredPromiseDidBeginFulfillment: (or any deprecated equivalent)
2026-06-23 01:09:51.840 Df CoreSimulatorBridge[16923:6b7d3c] [com.apple.installcoordination:framework] -[IXAppInstallCoordinator _clientDelegate_didUpdateProgress:forPhase:overallProgress:]_block_invoke: <IXUpdatingAppInstallCoordinator<0x1055cdd40> identity:[com.DefaultCompany.NeonDrift/Invalid/[system-defined]] uuid:AD8AC7B0-E848-41C8-8F7E-1B427D533F7E creator:InstallCoordination Simple SPI>: Calling selector coordinator:didUpdateProgress:forPhase:overallProgress: on observer <_IXSimpleInstallerDelegate 0x0x1055d52c0>
2026-06-23 01:09:51.841 Df installcoordinationd[55453:6ab348] [com.apple.installcoordination:daemon] -[IXSCoordinatedAppInstall _onQueue_acquireAssertionAndInstallPlaceholder]: Acquiring termination assertion to install placeholder for [com.DefaultCompany.NeonDrift/Invalid/[system-defined]]
2026-06-23 01:09:51.841 Df installcoordinationd[55453:6ab348] [com.apple.installcoordination:daemon] -[IXSPendingOperationsTracker beginPendingOperationForIdentity:]_block_invoke: Beginning pending operation for [com.DefaultCompany.NeonDrift/Invalid/[system-defined]]
2026-06-23 01:09:51.842 Df installcoordinationd[55453:6ab347] [com.apple.runningboard:process] Hit the server for a process handle 1dbddb040000d8a1 that resolved to: [app<com.DefaultCompany.NeonDrift((null))>:55457]
2026-06-23 01:09:51.842 Df runningboardd[16896:6b9bb2] [com.apple.runningboard:connection] Received termination request from [osservice<com.apple.installcoordinationd>:55453] on <RBSProcessPredicate <RBSProcessBundleIdentifierPredicate "com.DefaultCompany.NeonDrift">> with context <RBSTerminateContext| explanation:installcoordinationd app:[com.DefaultCompany.NeonDrift/Invalid/[system-defined]] uuid:AD8AC7B0-E848-41C8-8F7E-1B427D533F7E isPlaceholder:Y reportType:None maxTerminationResistance:Absolute attrs:[
	<RBSPreventLaunchLimitation| <RBSProcessPredicate <RBSProcessBundleIdentifierPredicate "com.DefaultCompany.NeonDrift">> allow:(null)>
	]>
2026-06-23 01:09:51.842 Df installcoordinationd[55453:6ab347] [com.apple.runningboard:monitor] Received state update for 55457 (app<com.DefaultCompany.NeonDrift((null))>, running-active-NotVisible
2026-06-23 01:09:51.842 Df runningboardd[16896:6b9bb2] [com.apple.runningboard:general] Found 0 extensions contained in com.DefaultCompany.NeonDrift
2026-06-23 01:09:51.842 Df runningboardd[16896:6b9bb2] [com.apple.PlugInKit:holds] <PKManager:0x107069940> hold request for [/Users/dragonkao/Library/Developer/CoreSimulator/Devices/CCB1E793-CED4-4FCD-BF73-321AAEA77AB9/data/Containers/Bundle/Application/433BB5E7-56A8-4352-9E43-0BA1BACA6BF6/NeonDrift.app] with flags: 0x4
2026-06-23 01:09:51.843 Df NeonDrift[55457:6ab5a3] [com.apple.PlugInKit:discovery] Annotations changed, re-performing query for continuous discovery, report block = <0x1170edc50>.
2026-06-23 01:09:51.843 Df runningboardd[16896:6b9bb2] [com.apple.PlugInKit:holds] <PKManager:0x107069940> hold request for [/Users/dragonkao/Library/Developer/CoreSimulator/Devices/CCB1E793-CED4-4FCD-BF73-321AAEA77AB9/data/Containers/Bundle/Application/433BB5E7-56A8-4352-9E43-0BA1BACA6BF6/NeonDrift.app] with flags: 0x4 completed with hold token: [0C9BE8B8-0836-4546-A9AB-C5B6453CD6FC]
2026-06-23 01:09:51.843 Df NeonDrift[55457:6b6cfe] [com.apple.PlugInKit:discovery] Annotations changed, re-performing query for continuous discovery, report block = <0x1170ee340>.
2026-06-23 01:09:51.843 Df NeonDrift[55457:6b680d] [com.apple.PlugInKit:discovery] Annotations changed, re-performing query for continuous discovery, report block = <0x1170ee580>.
2026-06-23 01:09:51.843 Df runningboardd[16896:6b9bb2] [com.apple.runningboard:ttl] Acquiring assertion targeting system from originator [osservice<com.apple.installcoordinationd>:55453] with description <RBSAssertionDescriptor| "installcoordinationd app:[com.DefaultCompany.NeonDrift/Invalid/[system-defined]] uuid:AD8AC7B0-E848-41C8-8F7E-1B427D533F7E isPlaceholder:Y" ID:16896-55453-2155 target:system attributes:[
	<RBSPreventLaunchLimitation| <RBSProcessPredicate <RBSProcessBundleIdentifierPredicate "com.DefaultCompany.NeonDrift">> allow:(null)>
	]>
2026-06-23 01:09:51.843 Df NeonDrift[55457:6ab5a3] [com.apple.PlugInKit:discovery] [d D90B2304-7E29-4D2B-8A53-6D6B765F2425] <PKHost:0x1170d0440> Beginning discovery for flags: 0, point: com.apple.AudioUnit
2026-06-23 01:09:51.843 Df NeonDrift[55457:6b6cfe] [com.apple.PlugInKit:discovery] [d 17B608B9-0BC7-41CA-94C1-F591C5F54D0E] <PKHost:0x1170d0440> Beginning discovery for flags: 0, point: com.apple.AudioUnit-Speech
2026-06-23 01:09:51.843 Df NeonDrift[55457:6b680d] [com.apple.PlugInKit:discovery] [d 228B4614-D77D-4760-8C14-F6358673BB9A] <PKHost:0x1170d0440> Beginning discovery for flags: 0, point: com.apple.AudioUnit-UI
2026-06-23 01:09:51.843 Df runningboardd[16896:6b9bb2] [com.apple.runningboard:process] Executing termination request for: <RBSProcessPredicate <RBSProcessBundleIdentifierPredicate "com.DefaultCompany.NeonDrift">>
2026-06-23 01:09:51.843 Df runningboardd[16896:6b9bb2] [com.apple.runningboard:process] [app<com.DefaultCompany.NeonDrift((null))>:55457] Terminating with context: <RBSTerminateContext| explanation:installcoordinationd app:[com.DefaultCompany.NeonDrift/Invalid/[system-defined]] uuid:AD8AC7B0-E848-41C8-8F7E-1B427D533F7E isPlaceholder:Y reportType:None maxTerminationResistance:Absolute attrs:[
	<RBSPreventLaunchLimitation| <RBSProcessPredicate <RBSProcessBundleIdentifierPredicate "com.DefaultCompany.NeonDrift">> allow:(null)>
	]>
2026-06-23 01:09:51.843 Df SpringBoard[16891:643be3] [com.apple.SpringBoard:Common] termination assertion acquired for com.DefaultCompany.NeonDrift
2026-06-23 01:09:51.843 Df runningboardd[16896:6b9bb2] [com.apple.runningboard:process] [app<com.DefaultCompany.NeonDrift((null))>:55457] terminate_with_reason() success
2026-06-23 01:09:51.843 Df SpringBoard[16891:643be3] [com.apple.SpringBoard:Icon] 0x10a554000-SBApplicationIcon Data source did change: <SBApplication: 0x1220a7400; com.DefaultCompany.NeonDrift> {
    processState = <SBApplicationProcessState: 0x125063080; pid: 55457; taskState: Running; visibility: Foreground>;
} (SBApplication)
2026-06-23 01:09:51.844 Df installcoordinationd[55453:6ab348] [com.apple.runningboard:assertion] Setting up death monitor for [app<com.DefaultCompany.NeonDrift((null))>:55457]
2026-06-23 01:09:51.844 Df installcoordinationd[55453:6ab348] [com.apple.runningboard:process] Starting death monitoring for handle [app<com.DefaultCompany.NeonDrift((null))>:55457]
2026-06-23 01:09:51.844 Df installcoordinationd[55453:6ab347] [com.apple.appinstallation:TransactionLog] com.DefaultCompany.NeonDrift/Unknown Persona:4:9:1:1:Placeholder Promise began. Coordinator State: IXAppCoordinationStateWaitingForPlaceholderAssertion
2026-06-23 01:09:51.844 Df installcoordinationd[55453:6ab347] [com.apple.installcoordination:daemon] -[IXSCoordinatorProgress setTotalUnitsCompleted:]: Progress for coordinator: [com.DefaultCompany.NeonDrift/Invalid/[system-defined]], Phase: IXCoordinatorProgressPhaseLoading, Percentage: 100.000000: Attempt to set units completed on finished progress: 100
2026-06-23 01:09:51.844 Df installcoordinationd[55453:6ab347] [com.apple.appinstallation:TransactionLog] com.DefaultCompany.NeonDrift/Unknown Persona:4:9:2:1:Placeholder Promise completed. Coordinator State: IXAppCoordinationStateWaitingForPlaceholderAssertion
2026-06-23 01:09:51.844 Df CoreSimulatorBridge[16923:6ad241] [com.apple.installcoordination:framework] -[IXAppInstallCoordinator _clientDelegate_promiseDidBeginFulfillmentWithIdentifier:]: <IXUpdatingAppInstallCoordinator<0x1055cdd40> identity:[com.DefaultCompany.NeonDrift/Invalid/[system-defined]] uuid:AD8AC7B0-E848-41C8-8F7E-1B427D533F7E creator:InstallCoordination Simple SPI>: Got promise did begin fulfillment for identifier 1
2026-06-23 01:09:51.844 Df CoreSimulatorBridge[16923:6ad241] [com.apple.installcoordination:framework] -[IXAppInstallCoordinator _clientDelegate_promiseDidBeginFulfillmentWithIdentifier:]_block_invoke: <IXUpdatingAppInstallCoordinator<0x1055cdd40> identity:[com.DefaultCompany.NeonDrift/Invalid/[system-defined]] uuid:AD8AC7B0-E848-41C8-8F7E-1B427D533F7E creator:InstallCoordination Simple SPI>: Observer <_IXSimpleInstallerDelegate 0x0x1055d52c0> does not respond to coordinator:configuredPromiseDidBeginFulfillment: (or any deprecated equivalent)
2026-06-23 01:09:51.889 Df backboardd[16914:6b9bca] [com.apple.iohid:default] Connection removed: IOHIDEventSystemConnection uuid:F6096938-1949-446E-B553-D2AEBA5D88B2 pid:55457 process:NeonDrift type:Monitor entitlements:0x0 caller:GameControllerFoundation: -[GCHIDEventSystemClient initWithQueue:type:attributes:functions:] + 116 attributes:(null) state:0x1 events:0 mask:0x0 dropped:0 dropStatus:0 droppedMask:0x0 lastDroppedTime:NONE
2026-06-23 01:09:51.889 Df backboardd[16914:6b9bc9] [com.apple.iohid:default] Connection removed: IOHIDEventSystemConnection uuid:64E469A2-7AF9-48FA-8D4F-3706225F325A pid:55457 process:NeonDrift type:Passive entitlements:0x0 caller:BackBoardServices: ___getHIDEventSystemClient_block_invoke + 296 attributes:{
    HighFrequency = 0;
    bundleID = "com.DefaultCompany.NeonDrift";
    pid = 55457;
} state:0x1 events:57 mask:0x808 dropped:0 dropStatus:0 droppedMask:0x0 lastDroppedTime:NONE
2026-06-23 01:09:51.889 Df SpringBoard[16891:6b9bcc] [com.apple.FrontBoard:ProcessWorkspace] [app<com.DefaultCompany.NeonDrift>:55457] Workspace connection invalidated.
2026-06-23 01:09:51.889 Df SpringBoard[16891:6b9bcc] [com.apple.FrontBoard:Process] [app<com.DefaultCompany.NeonDrift>:55457] Now flagged as pending exit for reason: workspace client connection invalidated
2026-06-23 01:09:51.889 Df SpringBoard[16891:6b9250] [com.apple.KeyboardArbiter:Handle] com.DefaultCompany.NeonDrift(55457) lostConnection (invalidation)
2026-06-23 01:09:51.889 Df backboardd[16914:6b9bc9] [com.apple.BackBoard:HID] Removing client connection <BKHIDClientConnection: 0x10dc82c40; IOHIDEventSystemConnectionRef: 0x10c4ade00; vpid: 55457(vC5A7A); taskPort: 0x19123; bundleID: com.DefaultCompany.NeonDrift> for client: IOHIDEventSystemConnection uuid:64E469A2-7AF9-48FA-8D4F-3706225F325A pid:55457 process:NeonDrift type:Passive entitlements:0x0 caller:BackBoardServices: ___getHIDEventSystemClient_block_invoke + 296 attributes:{
    HighFrequency = 0;
    bundleID = "com.DefaultCompany.NeonDrift";
    pid = 55457;
} state:0x1 events:57 mask:0x808 dropped:0 dropStatus:0 droppedMask:0x0 lastDroppedTime:NONE source:HID
2026-06-23 01:09:51.889 Df SpringBoard[16891:643be3] [com.apple.SpringBoard:KeyboardFocus] [coordinator] using MRU target <com.apple.frontboard.systemappservices/FBSceneManager:sceneID%3Acom.DefaultCompany.NeonDrift-default pid:55457>
2026-06-23 01:09:51.889 Df SpringBoard[16891:6b9250] [com.apple.KeyboardArbiter:Handle] RX com.DefaultCompany.NeonDrift(55457) setWindowContextID:0 windowState:Disabled level:0.0
    focusContext:(null)
2026-06-23 01:09:51.889 Df backboardd[16914:6b4d3c] [com.apple.BackBoard:EventDelivery] chain did update (setDeferringRules) <keyboardFocus; display: null> containsEndOfChain: YES; [
    <token: com.apple.frontboard.systemappservices/FBSceneManager:com.apple.springboard; pid: 16891>,
    <token: com.apple.frontboard.systemappservices/FBSceneManager:sceneID%3Acom.DefaultCompany.NeonDrift-default; pid: 55457>
]
2026-06-23 01:09:51.889 Df SpringBoard[16891:643be3] [com.apple.SpringBoard:KeyboardFocus] [coordinator] informing scene controller 'com.apple.springboard' of focusTarget: <com.apple.frontboard.systemappservices/FBSceneManager:sceneID%3Acom.DefaultCompany.NeonDrift-default pid:55457>
2026-06-23 01:09:51.890 Df SpringBoard[16891:643be3] [com.apple.SpringBoard:KeyboardFocus] [coordinator] keyboard arbiter suggested <nothing> and we replied <com.apple.frontboard.systemappservices/FBSceneManager:sceneID%3Acom.DefaultCompany.NeonDrift-default pid:55457>
2026-06-23 01:09:51.890 Df backboardd[16914:6b4d3c] [com.apple.BackBoard:EventDelivery] chain did update (setDeferringRules) <keyboardFocus; display: builtin> containsEndOfChain: YES; [
    <token: com.apple.frontboard.systemappservices/FBSceneManager:com.apple.springboard; pid: 16891>,
    <token: com.apple.frontboard.systemappservices/FBSceneManager:sceneID%3Acom.DefaultCompany.NeonDrift-default; pid: 55457>
]
2026-06-23 01:09:51.890 E  SpringBoard[16891:6b9250] [com.apple.UIKit:KeyboardArbiter] Advisor: No handle found for currently focused PID: 55457; sceneIdentity: com.apple.frontboard.systemappservices/FBSceneManager:sceneID%3Acom.DefaultCompany.NeonDrift-default
2026-06-23 01:09:51.903 Df launchd_sim[16886:6b9989] [user/501:] service inactive: UIKitApplication:com.DefaultCompany.NeonDrift[e839][rb-legacy]
2026-06-23 01:09:51.903 Df runningboardd[16896:6b7d38] [com.apple.runningboard:ttl] [app<com.DefaultCompany.NeonDrift((null))>:55457] termination reported by launchd (0, 0, 9)
2026-06-23 01:09:51.903 Df runningboardd[16896:6b7d38] [com.apple.runningboard:process] Removing process: [app<com.DefaultCompany.NeonDrift((null))>:55457]
2026-06-23 01:09:51.903 Df runningboardd[16896:6b7d38] [com.apple.runningboard:job] Removing launch job for: [app<com.DefaultCompany.NeonDrift((null))>:55457]
2026-06-23 01:09:51.904 Df launchd_sim[16886:6b999f] [user/501:] removing service: UIKitApplication:com.DefaultCompany.NeonDrift[e839][rb-legacy]
2026-06-23 01:09:51.904 Df runningboardd[16896:6b7d38] [com.apple.runningboard:job] Removed job for [app<com.DefaultCompany.NeonDrift((null))>:55457]
2026-06-23 01:09:51.904 Df runningboardd[16896:6b7d38] [com.apple.runningboard:process] Removing assertions for terminated process: [app<com.DefaultCompany.NeonDrift((null))>:55457]
2026-06-23 01:09:51.904 Df runningboardd[16896:6b7d38] [com.apple.runningboard:assertion] Removed last relative-start-date-defining assertion for process app<com.DefaultCompany.NeonDrift((null))>
2026-06-23 01:09:51.904 Df runningboardd[16896:6b7d38] [com.apple.runningboard:monitor] Calculated state for app<com.DefaultCompany.NeonDrift((null))>: none (role: None) (endowments: (null))
2026-06-23 01:09:51.904 Df runningboardd[16896:6b9bb2] [com.apple.runningboard:process] Notifying connection [osservice<com.apple.SpringBoard>:16891] that process [app<com.DefaultCompany.NeonDrift((null))>:55457] exited with context <RBSProcessExitContext| specific, status:<RBSProcessExitStatus| domain:signal(2) code:SIGKILL(9)>>
2026-06-23 01:09:51.904 Df SpringBoard[16891:6b9bd1] [com.apple.FrontBoard:ProcessWorkspace] [app<com.DefaultCompany.NeonDrift>:55457] Workspace assertion invalidated: <NSError: 0x10a1c6400; domain: RBSAssertionErrorDomain; code: 1; "Assertions were invalidated, count = 3.
16896-16891-1822: invalidation reason: 1
16896-16891-1826: invalidation reason: 1
16896-16891-1879: invalidation reason: 1">
2026-06-23 01:09:51.904 Df runningboardd[16896:6b9bb4] [com.apple.runningboard:connection] Inheritance changeset: <RBSInheritanceChangeSet| gained:(null) lost:{(
    <RBSInheritance| environment:UIScene:com.apple.frontboard.systemappservices/FBSceneManager:sceneID%3Acom.DefaultCompany.NeonDrift-default name:com.apple.frontboard.visibility origID:16896-16891-1879 payload 15463113259460807867>,
    <RBSInheritance| environment:(none) name:com.apple.frontboard.visibility origID:16896-16891-1826 0>
)}>
2026-06-23 01:09:51.904 Df runningboardd[16896:6b9bb2] [com.apple.runningboard:process] Notifying connection [osservice<com.apple.installcoordinationd>:55453] that process [app<com.DefaultCompany.NeonDrift((null))>:55457] exited with context <RBSProcessExitContext| specific, status:<RBSProcessExitStatus| domain:signal(2) code:SIGKILL(9)>>
2026-06-23 01:09:51.904 Df SpringBoard[16891:6b9bd1] [com.apple.runningboard:process] Calling process death completion block for handle [app<com.DefaultCompany.NeonDrift((null))>:55457]
2026-06-23 01:09:51.904 Df runningboardd[16896:6b9bb2] [com.apple.runningboard:monitor] Calculated state for app<com.DefaultCompany.NeonDrift((null))>: none (role: None) (endowments: (null))
2026-06-23 01:09:51.904 Df SpringBoard[16891:6b9bd1] [com.apple.FrontBoard:Process] [app<com.DefaultCompany.NeonDrift>:55457] Process exited: <RBSProcessExitContext| specific, status:<RBSProcessExitStatus| domain:signal(2) code:SIGKILL(9)>>.
2026-06-23 01:09:51.905 Df SpringBoard[16891:6b9bd1] [com.apple.FrontBoard:Process] [app<com.DefaultCompany.NeonDrift>:55457] Setting process task state to: Not Running
2026-06-23 01:09:51.905 Df SpringBoard[16891:6b9bd1] [com.apple.FrontBoard:Process] [app<com.DefaultCompany.NeonDrift>:55457] Setting process visibility to: Unknown
2026-06-23 01:09:51.905 Df SpringBoard[16891:6b9bcf] [com.apple.FrontBoard:ProcessWorkspace] [app<com.DefaultCompany.NeonDrift>:55457] Invalidating workspace.
2026-06-23 01:09:51.905 Df SpringBoard[16891:6b9bcf] [com.apple.FrontBoard:ProcessWorkspace] Removing source registration for processHandle: [app<com.DefaultCompany.NeonDrift((null))>:55457]
