Timestamp               Ty Process[PID:TID]
2026-07-11 14:59:44.960 Df CoreSimulatorBridge[12254:1b3b6] Request received for installation of file:///Users/dragonkao/.openclaw/workspace/382b9e3384298039b171c9b2a60ae644/NeonDrift_MVP/project/xcode_derived_data/Build/Products/Release-iphonesimulator/NeonDrift.run.1783753118.17777.app/ with options: {
    PackageType = Developer;
    SimulatorRootPath = "/Library/Developer/CoreSimulator/Volumes/iOS_23E254a/Library/Developer/CoreSimulator/Profiles/Runtimes/iOS 26.4.simruntime/Contents/Resources/RuntimeRoot";
    SimulatorUserPath = "/Users/dragonkao/Library/Developer/CoreSimulator/Devices/CC47DE7A-8196-4465-A5A5-BB852C9C6C82/data";
}
2026-07-11 14:59:44.960 Df CoreSimulatorBridge[12254:1b3b6] [com.apple.installcoordination:framework] +[IXAppInstallCoordinator(IXSimpleInstaller) _beginInstallForURL:forPersonaUniqueString:consumeSource:options:progressBlock:completionWithIdentity:]: Beginning install for /Users/dragonkao/.openclaw/workspace/382b9e3384298039b171c9b2a60ae644/NeonDrift_MVP/project/xcode_derived_data/Build/Products/Release-iphonesimulator/NeonDrift.run.1783753118.17777.app consuming source:N options:{
    IsUserInitiated = 1;
    PackageType = Developer;
} installationRequestorAuditToken: NULL
2026-07-11 14:59:44.964 Df installcoordinationd[12371:196e5] [com.apple.installcoordination:daemon] -[IXSDataPromiseManager registerPromise:]: Registered promise <IXSPlaceholder(0x146184500) Name:App Placeholder: NeonDrift.run.1783753118.17777 (com.DefaultCompany.NeonDrift.run.1783753118.17777) Creator:InstallCoordination Simple SPI UUID:C485FD55-F004-4A1C-929F-DE56837A252F Location:[system-defined]> for UUID C485FD55-F004-4A1C-929F-DE56837A252F
2026-07-11 14:59:44.966 Df installcoordinationd[12371:196e5] [com.apple.installcoordination:daemon] -[IXSPlaceholder setAttributes:]: <IXSPlaceholder(0x146184500) Name:App Placeholder: NeonDrift.run.1783753118.17777 (com.DefaultCompany.NeonDrift.run.1783753118.17777) Creator:InstallCoordination Simple SPI UUID:C485FD55-F004-4A1C-929F-DE56837A252F Location:[system-defined]>: setting placeholder attributes to <IXPlaceholderAttributes<0x146124960> : {
    CFBundleShortVersionString = "1.0";
    CFBundleSupportedPlatforms =     (
        iPhoneSimulator
    );
    CFBundleVersion = 0;
    DTPlatformName = iphonesimulator;
    LSRequiresIPhoneOS = 1;
    MinimumOSVersion = "13.0";
    UIDeviceFamily =     (
        1,
        2
    );
    UIRequiredDeviceCapabilities =     {
        arm64 = 1;
        metal = 1;
    };
}>
2026-07-11 14:59:44.967 Df CoreSimulatorBridge[12254:23131] [com.apple.installcoordination:framework] +[IXPlaceholder _setEntitlementsFromBundleExecutableURL:withBundleID:client:onPlaceholder:location:error:]: Executable for com.DefaultCompany.NeonDrift.run.1783753118.17777 at NeonDrift.run.1783753118.17777 -- file:///Users/dragonkao/.openclaw/workspace/382b9e3384298039b171c9b2a60ae644/NeonDrift_MVP/project/xcode_derived_data/Build/Products/Release-iphonesimulator/NeonDrift.run.1783753118.17777.app/ had no entitlements
2026-07-11 14:59:44.967 Df CoreSimulatorBridge[12254:23131] [com.apple.installcoordination:framework] +[IXPlaceholder _placeholderForBundle:client:withParent:installType:metadata:placeholderType:mayBeDeltaPackage:isFromSerializedPlaceholder:location:error:]: Using full fidelity icons for com.DefaultCompany.NeonDrift.run.1783753118.17777 at /Users/dragonkao/.openclaw/workspace/382b9e3384298039b171c9b2a60ae644/NeonDrift_MVP/project/xcode_derived_data/Build/Products/Release-iphonesimulator/NeonDrift.run.1783753118.17777.app
2026-07-11 14:59:44.967 Df installcoordinationd[12371:196e5] [com.apple.installcoordination:daemon] -[IXSDataPromiseManager registerPromise:]: Registered promise <IXSPromisedTransferToPath(0x146158f80) Name:Icon resources for com.DefaultCompany.NeonDrift.run.1783753118.17777 Creator:InstallCoordination Simple SPI UUID:E1CD0BE8-878C-4838-B8CF-B4D63025690A Location:[system-defined]> for UUID E1CD0BE8-878C-4838-B8CF-B4D63025690A
2026-07-11 14:59:44.970 Df CoreSimulatorBridge[12254:23131] [com.apple.installcoordination:framework] -[IXPromisedTransferToPath setComplete:]: <IXPromisedTransferToPath<0x1598fdb00> name:"Icon resources for com.DefaultCompany.NeonDrift.run.1783753118.17777" uuid:E1CD0BE8-878C-4838-B8CF-B4D63025690A creator:"InstallCoordination Simple SPI" location:[system-defined]> Move operation from /Users/dragonkao/Library/Developer/CoreSimulator/Devices/CC47DE7A-8196-4465-A5A5-BB852C9C6C82/data/Containers/Shared/SystemGroup/systemgroup.com.apple.installcoordinationd/Library/InstallCoordination/PromiseStaging/E1CD0BE8-878C-4838-B8CF-B4D63025690A/temp.fyTkYe to /Users/dragonkao/Library/Developer/CoreSimulator/Devices/CC47DE7A-8196-4465-A5A5-BB852C9C6C82/data/Containers/Shared/SystemGroup/systemgroup.com.apple.installcoordinationd/Library/InstallCoordination/PromiseStaging/E1CD0BE8-878C-4838-B8CF-B4D63025690A/temp.fyTkYe took 0.000047 seconds
2026-07-11 14:59:44.971 Df installcoordinationd[12371:196e5] [com.apple.installcoordination:daemon] -[IXSDataPromise _setPercentComplete:saveStateIfNeeded:]: Progress: <IXSPromisedTransferToPath(0x146158f80) Name:Icon resources for com.DefaultCompany.NeonDrift.run.1783753118.17777 Creator:InstallCoordination Simple SPI UUID:E1CD0BE8-878C-4838-B8CF-B4D63025690A Location:[system-defined]>
2026-07-11 14:59:44.971 Df installcoordinationd[12371:197b0] [com.apple.installcoordination:daemon] -[IXSDataPromiseManager promiseDidBegin:]: Unowned promise began: <IXSPromisedTransferToPath(0x146158f80) Name:Icon resources for com.DefaultCompany.NeonDrift.run.1783753118.17777 Creator:InstallCoordination Simple SPI UUID:E1CD0BE8-878C-4838-B8CF-B4D63025690A Location:[system-defined]>
2026-07-11 14:59:44.971 Df installcoordinationd[12371:197b0] [com.apple.installcoordination:daemon] -[IXSDataPromiseManager promise:didUpdateProgress:]: Unowned promise update progress to 1.000000 : <IXSPromisedTransferToPath(0x146158f80) Name:Icon resources for com.DefaultCompany.NeonDrift.run.1783753118.17777 Creator:InstallCoordination Simple SPI UUID:E1CD0BE8-878C-4838-B8CF-B4D63025690A Location:[system-defined]>
2026-07-11 14:59:44.972 Df installcoordinationd[12371:197b0] [com.apple.installcoordination:daemon] -[IXSDataPromiseManager promiseDidComplete:]: Unowned promise completed: <IXSPromisedTransferToPath(0x146158f80) Name:Icon resources for com.DefaultCompany.NeonDrift.run.1783753118.17777 Creator:InstallCoordination Simple SPI UUID:E1CD0BE8-878C-4838-B8CF-B4D63025690A Location:[system-defined]>
2026-07-11 14:59:44.973 Df installcoordinationd[12371:197b0] [com.apple.installcoordination:daemon] -[IXSDataPromise _setPercentComplete:saveStateIfNeeded:]: Progress: <IXSPromisedInMemoryDictionary(0x146159100) Name:Info.plist icon content for com.DefaultCompany.NeonDrift.run.1783753118.17777 Creator:InstallCoordination Simple SPI UUID:57F6CC87-7DC3-4EB4-933D-CC4AD52FE2C2 Location:[system-defined]>
2026-07-11 14:59:44.973 Df installcoordinationd[12371:197b0] [com.apple.installcoordination:daemon] -[IXSDataPromiseManager registerPromise:]: Registered promise <IXSPromisedInMemoryDictionary(0x146159100) Name:Info.plist icon content for com.DefaultCompany.NeonDrift.run.1783753118.17777 Creator:InstallCoordination Simple SPI UUID:57F6CC87-7DC3-4EB4-933D-CC4AD52FE2C2 Location:[system-defined]> for UUID 57F6CC87-7DC3-4EB4-933D-CC4AD52FE2C2
2026-07-11 14:59:44.974 Df installcoordinationd[12371:23134] [com.apple.installcoordination:daemon] -[IXSDataPromiseManager promiseDidBegin:]: Unowned promise began: <IXSPromisedInMemoryDictionary(0x146159100) Name:Info.plist icon content for com.DefaultCompany.NeonDrift.run.1783753118.17777 Creator:InstallCoordination Simple SPI UUID:57F6CC87-7DC3-4EB4-933D-CC4AD52FE2C2 Location:[system-defined]>
2026-07-11 14:59:44.974 Df installcoordinationd[12371:23134] [com.apple.installcoordination:daemon] -[IXSDataPromiseManager promise:didUpdateProgress:]: Unowned promise update progress to 1.000000 : <IXSPromisedInMemoryDictionary(0x146159100) Name:Info.plist icon content for com.DefaultCompany.NeonDrift.run.1783753118.17777 Creator:InstallCoordination Simple SPI UUID:57F6CC87-7DC3-4EB4-933D-CC4AD52FE2C2 Location:[system-defined]>
2026-07-11 14:59:44.974 Df installcoordinationd[12371:23134] [com.apple.installcoordination:daemon] -[IXSDataPromiseManager promiseDidComplete:]: Unowned promise completed: <IXSPromisedInMemoryDictionary(0x146159100) Name:Info.plist icon content for com.DefaultCompany.NeonDrift.run.1783753118.17777 Creator:InstallCoordination Simple SPI UUID:57F6CC87-7DC3-4EB4-933D-CC4AD52FE2C2 Location:[system-defined]>
2026-07-11 14:59:44.974 Df installcoordinationd[12371:197b0] [com.apple.installcoordination:daemon] -[IXSPlaceholder setIconResourcesPromise:]: <IXSPlaceholder(0x146184500) Name:App Placeholder: NeonDrift.run.1783753118.17777 (com.DefaultCompany.NeonDrift.run.1783753118.17777) Creator:InstallCoordination Simple SPI UUID:C485FD55-F004-4A1C-929F-DE56837A252F Location:[system-defined]>: setting icon resources promise to <IXSPromisedTransferToPath(0x146158f80) Name:Icon resources for com.DefaultCompany.NeonDrift.run.1783753118.17777 Creator:InstallCoordination Simple SPI UUID:E1CD0BE8-878C-4838-B8CF-B4D63025690A Location:[system-defined]>
2026-07-11 14:59:44.975 Df installcoordinationd[12371:197b0] [com.apple.installcoordination:daemon] -[IXSPlaceholder setInfoPlistIconContentPromise:]: <IXSPlaceholder(0x146184500) Name:App Placeholder: NeonDrift.run.1783753118.17777 (com.DefaultCompany.NeonDrift.run.1783753118.17777) Creator:InstallCoordination Simple SPI UUID:C485FD55-F004-4A1C-929F-DE56837A252F Location:[system-defined]>: setting Info.plist icon content promise to <IXSPromisedInMemoryDictionary(0x146159100) Name:Info.plist icon content for com.DefaultCompany.NeonDrift.run.1783753118.17777 Creator:InstallCoordination Simple SPI UUID:57F6CC87-7DC3-4EB4-933D-CC4AD52FE2C2 Location:[system-defined]>
2026-07-11 14:59:44.976 Df installcoordinationd[12371:197b0] [com.apple.installcoordination:daemon] -[IXSDataPromiseManager promiseDidBegin:]: Unowned promise began: <IXSPlaceholder(0x146184500) Name:App Placeholder: NeonDrift.run.1783753118.17777 (com.DefaultCompany.NeonDrift.run.1783753118.17777) Creator:InstallCoordination Simple SPI UUID:C485FD55-F004-4A1C-929F-DE56837A252F Location:[system-defined]>
2026-07-11 14:59:44.976 Df installcoordinationd[12371:197b0] [com.apple.installcoordination:daemon] -[IXSDataPromiseManager promise:didUpdateProgress:]: Unowned promise update progress to 0.000000 : <IXSPlaceholder(0x146184500) Name:App Placeholder: NeonDrift.run.1783753118.17777 (com.DefaultCompany.NeonDrift.run.1783753118.17777) Creator:InstallCoordination Simple SPI UUID:C485FD55-F004-4A1C-929F-DE56837A252F Location:[system-defined]>
2026-07-11 14:59:44.976 Df installcoordinationd[12371:197b0] [com.apple.installcoordination:daemon] -[IXSDataPromiseManager promise:didUpdateProgress:]: Unowned promise update progress to 0.000000 : <IXSPlaceholder(0x146184500) Name:App Placeholder: NeonDrift.run.1783753118.17777 (com.DefaultCompany.NeonDrift.run.1783753118.17777) Creator:InstallCoordination Simple SPI UUID:C485FD55-F004-4A1C-929F-DE56837A252F Location:[system-defined]>
2026-07-11 14:59:44.977 Df installcoordinationd[12371:197b0] [com.apple.installcoordination:daemon] -[IXSDataPromise _setPercentComplete:saveStateIfNeeded:]: Progress: <IXSPromisedInMemoryDictionary(0x146159280) Name:Localizations for com.DefaultCompany.NeonDrift.run.1783753118.17777 Creator:InstallCoordination Simple SPI UUID:D9B63F20-D1FB-43E6-A3C5-AFAA44B43F4C Location:[system-defined]>
2026-07-11 14:59:44.977 Df installcoordinationd[12371:197b0] [com.apple.installcoordination:daemon] -[IXSDataPromiseManager registerPromise:]: Registered promise <IXSPromisedInMemoryDictionary(0x146159280) Name:Localizations for com.DefaultCompany.NeonDrift.run.1783753118.17777 Creator:InstallCoordination Simple SPI UUID:D9B63F20-D1FB-43E6-A3C5-AFAA44B43F4C Location:[system-defined]> for UUID D9B63F20-D1FB-43E6-A3C5-AFAA44B43F4C
2026-07-11 14:59:44.977 Df installcoordinationd[12371:196e5] [com.apple.installcoordination:daemon] -[IXSDataPromiseManager promiseDidBegin:]: Unowned promise began: <IXSPromisedInMemoryDictionary(0x146159280) Name:Localizations for com.DefaultCompany.NeonDrift.run.1783753118.17777 Creator:InstallCoordination Simple SPI UUID:D9B63F20-D1FB-43E6-A3C5-AFAA44B43F4C Location:[system-defined]>
2026-07-11 14:59:44.977 Df installcoordinationd[12371:196e5] [com.apple.installcoordination:daemon] -[IXSDataPromiseManager promise:didUpdateProgress:]: Unowned promise update progress to 1.000000 : <IXSPromisedInMemoryDictionary(0x146159280) Name:Localizations for com.DefaultCompany.NeonDrift.run.1783753118.17777 Creator:InstallCoordination Simple SPI UUID:D9B63F20-D1FB-43E6-A3C5-AFAA44B43F4C Location:[system-defined]>
2026-07-11 14:59:44.977 Df installcoordinationd[12371:196e5] [com.apple.installcoordination:daemon] -[IXSDataPromiseManager promiseDidComplete:]: Unowned promise completed: <IXSPromisedInMemoryDictionary(0x146159280) Name:Localizations for com.DefaultCompany.NeonDrift.run.1783753118.17777 Creator:InstallCoordination Simple SPI UUID:D9B63F20-D1FB-43E6-A3C5-AFAA44B43F4C Location:[system-defined]>
2026-07-11 14:59:44.977 Df installcoordinationd[12371:197b0] [com.apple.installcoordination:daemon] -[IXSPlaceholder setLocalizationDictionaryPromise:]: <IXSPlaceholder(0x146184500) Name:App Placeholder: NeonDrift.run.1783753118.17777 (com.DefaultCompany.NeonDrift.run.1783753118.17777) Creator:InstallCoordination Simple SPI UUID:C485FD55-F004-4A1C-929F-DE56837A252F Location:[system-defined]>: setting localization dict promise to <IXSPromisedInMemoryDictionary(0x146159280) Name:Localizations for com.DefaultCompany.NeonDrift.run.1783753118.17777 Creator:InstallCoordination Simple SPI UUID:D9B63F20-D1FB-43E6-A3C5-AFAA44B43F4C Location:[system-defined]>
2026-07-11 14:59:44.978 Df installcoordinationd[12371:197b0] [com.apple.installcoordination:daemon] -[IXSDataPromiseManager promise:didUpdateProgress:]: Unowned promise update progress to 0.000000 : <IXSPlaceholder(0x146184500) Name:App Placeholder: NeonDrift.run.1783753118.17777 (com.DefaultCompany.NeonDrift.run.1783753118.17777) Creator:InstallCoordination Simple SPI UUID:C485FD55-F004-4A1C-929F-DE56837A252F Location:[system-defined]>
2026-07-11 14:59:44.978 Df installcoordinationd[12371:197b0] [com.apple.installcoordination:daemon] -[IXSPlaceholder setConfigurationComplete:]: <IXSPlaceholder(0x146184500) Name:App Placeholder: NeonDrift.run.1783753118.17777 (com.DefaultCompany.NeonDrift.run.1783753118.17777) Creator:InstallCoordination Simple SPI UUID:C485FD55-F004-4A1C-929F-DE56837A252F Location:[system-defined]>: setting configuration complete to Y
2026-07-11 14:59:44.979 Df installcoordinationd[12371:197b0] [com.apple.installcoordination:daemon] -[IXSPlaceholder _materialize]: <IXSPlaceholder(0x146184500) Name:App Placeholder: NeonDrift.run.1783753118.17777 (com.DefaultCompany.NeonDrift.run.1783753118.17777) Creator:InstallCoordination Simple SPI UUID:C485FD55-F004-4A1C-929F-DE56837A252F Location:[system-defined]>: Materializing placeholder at /Users/dragonkao/Library/Developer/CoreSimulator/Devices/CC47DE7A-8196-4465-A5A5-BB852C9C6C82/data/Containers/Shared/SystemGroup/systemgroup.com.apple.installcoordinationd/Library/InstallCoordination/PromiseStaging/C485FD55-F004-4A1C-929F-DE56837A252F/NeonDrift.run.1783753118.17777.app
2026-07-11 14:59:44.979 Df installcoordinationd[12371:197b0] [com.apple.installcoordination:daemon] -[IXSPlaceholder _materialize]: <IXSPlaceholder(0x146184500) Name:App Placeholder: NeonDrift.run.1783753118.17777 (com.DefaultCompany.NeonDrift.run.1783753118.17777) Creator:InstallCoordination Simple SPI UUID:C485FD55-F004-4A1C-929F-DE56837A252F Location:[system-defined]>: Using Info.plist icon content: {
    CFBundleIcons =     {
        CFBundlePrimaryIcon =         {
            CFBundleIconName = AppIcon;
        };
    };
    "CFBundleIcons~ipad" =     {
        CFBundlePrimaryIcon =         {
            CFBundleIconName = AppIcon;
        };
    };
    ISIconPlatform = iPhoneOS;
}
2026-07-11 14:59:44.979 Df installcoordinationd[12371:197b0] [com.apple.installcoordination:daemon] -[IXSPlaceholder _materialize]_block_invoke: <IXSPlaceholder(0x146184500) Name:App Placeholder: NeonDrift.run.1783753118.17777 (com.DefaultCompany.NeonDrift.run.1783753118.17777) Creator:InstallCoordination Simple SPI UUID:C485FD55-F004-4A1C-929F-DE56837A252F Location:[system-defined]>: Using icon resource Assets.car
2026-07-11 14:59:44.979 Df installcoordinationd[12371:197b0] [com.apple.installcoordination:daemon] -[IXSPlaceholder _materialize]: <IXSPlaceholder(0x146184500) Name:App Placeholder: NeonDrift.run.1783753118.17777 (com.DefaultCompany.NeonDrift.run.1783753118.17777) Creator:InstallCoordination Simple SPI UUID:C485FD55-F004-4A1C-929F-DE56837A252F Location:[system-defined]>: Including lproj localizations for (
)
2026-07-11 14:59:44.980 Df installcoordinationd[12371:23134] [com.apple.installcoordination:daemon] -[IXSDataPromiseManager promiseDidComplete:]: Unowned promise completed: <IXSPlaceholder(0x146184500) Name:App Placeholder: NeonDrift.run.1783753118.17777 (com.DefaultCompany.NeonDrift.run.1783753118.17777) Creator:InstallCoordination Simple SPI UUID:C485FD55-F004-4A1C-929F-DE56837A252F Location:[system-defined]>
2026-07-11 14:59:44.981 Df installcoordinationd[12371:197b0] [com.apple.installcoordination:daemon] -[IXSDataPromiseManager registerPromise:]: Registered promise <IXSPromisedTransferToPath(0x146159400) Name:App Asset: com.DefaultCompany.NeonDrift.run.1783753118.17777 Creator:InstallCoordination Simple SPI UUID:873700C9-BE33-4B7C-BC79-17FB6E535026 Location:[system-defined]> for UUID 873700C9-BE33-4B7C-BC79-17FB6E535026
2026-07-11 14:59:44.983 Df installcoordinationd[12371:197b0] [com.apple.installcoordination:daemon] -[IXSCoordinatorManager coordinatorForIdentity:connection:error:creatingIfNotExisting:]_block_invoke: Registered coordinator: <IXSCoordinatedAppInstall<0x146244000> [P=CoreSimulatorBridge (pid 12254)] identifier:[com.DefaultCompany.NeonDrift.run.1783753118.17777/Invalid/[system-defined]] uuid:ABD7CA18-EC4E-4EBF-89D8-6287124AD329 intent:IXCoordinatorIntentInitiating creator/appDRI:InstallCoordination Simple SPI importance:Background state:IXAppCoordinationStatePlaceholderPromiseNotSet promise-state:01234>
2026-07-11 14:59:44.983 Df installcoordinationd[12371:197b0] [com.apple.appinstallation:TransactionLog] com.DefaultCompany.NeonDrift.run.1783753118.17777/Unknown Persona:4:1:1:1:Created coordinator with intent IXCoordinatorIntentInitiating for client InstallCoordination Simple SPI
2026-07-11 14:59:44.983 Df installcoordinationd[12371:197b0] [com.apple.installcoordination:daemon] -[IXSCoordinatedAppInstall setPriorityBoostCompletion:withSourceInfo:]: <IXSCoordinatedAppInstall<0x146244000> [P=CoreSimulatorBridge (pid 12254)] identifier:[com.DefaultCompany.NeonDrift.run.1783753118.17777/Invalid/[system-defined]] uuid:ABD7CA18-EC4E-4EBF-89D8-6287124AD329 intent:IXCoordinatorIntentInitiating creator/appDRI:InstallCoordination Simple SPI importance:Background state:IXAppCoordinationStatePlaceholderPromiseNotSet promise-state:01234>: Retaining completion from CoreSimulatorBridge (12254), QOS_CLASS_DEFAULT (0x15)
2026-07-11 14:59:44.983 Df installcoordinationd[12371:197b0] [com.apple.installcoordination:daemon] -[IXSCoordinatedAppInstall setImportance:]: <IXSCoordinatedAppInstall<0x146244000> [P=CoreSimulatorBridge (pid 12254)] identifier:[com.DefaultCompany.NeonDrift.run.1783753118.17777/Invalid/[system-defined]] uuid:ABD7CA18-EC4E-4EBF-89D8-6287124AD329 intent:IXCoordinatorIntentInitiating creator/appDRI:InstallCoordination Simple SPI importance:UserWaiting state:IXAppCoordinationStatePlaceholderPromiseNotSet promise-state:01234>: set importance to UserWaiting
2026-07-11 14:59:44.983 Df installcoordinationd[12371:197b0] [com.apple.installcoordination:daemon] -[IXSCoordinatedAppInstall _onQueue_fireObserversForClient:]: <IXSCoordinatedAppInstall<0x146244000> [P=CoreSimulatorBridge (pid 12254)] identifier:[com.DefaultCompany.NeonDrift.run.1783753118.17777/Invalid/[system-defined]] uuid:ABD7CA18-EC4E-4EBF-89D8-6287124AD329 intent:IXCoordinatorIntentInitiating creator/appDRI:InstallCoordination Simple SPI importance:UserWaiting state:IXAppCoordinationStatePlaceholderPromiseNotSet promise-state:01234>: Firing applicable observers for client <IXSClientConnection<0x1460c54a0> client:CoreSimulatorBridge (pid 12254) uuid:904384F5-8643-49E7-A083-146DFA04CAF9>
2026-07-11 14:59:44.983 Df installcoordinationd[12371:197b0] [com.apple.installcoordination:daemon] -[IXSCoordinatedAppInstall setPriorityBoostCompletion:withSourceInfo:]: <IXSCoordinatedAppInstall<0x146244000> [P=CoreSimulatorBridge (pid 12254)] identifier:[com.DefaultCompany.NeonDrift.run.1783753118.17777/Invalid/[system-defined]] uuid:ABD7CA18-EC4E-4EBF-89D8-6287124AD329 intent:IXCoordinatorIntentInitiating creator/appDRI:InstallCoordination Simple SPI importance:UserWaiting state:IXAppCoordinationStatePlaceholderPromiseNotSet promise-state:01234>: Disposing of completion from CoreSimulatorBridge (12254), QOS_CLASS_DEFAULT (0x15)
2026-07-11 14:59:44.983 Df installcoordinationd[12371:197b0] [com.apple.installcoordination:daemon] -[IXSCoordinatedAppInstall setPriorityBoostCompletion:withSourceInfo:]: <IXSCoordinatedAppInstall<0x146244000> [P=CoreSimulatorBridge (pid 12254)] identifier:[com.DefaultCompany.NeonDrift.run.1783753118.17777/Invalid/[system-defined]] uuid:ABD7CA18-EC4E-4EBF-89D8-6287124AD329 intent:IXCoordinatorIntentInitiating creator/appDRI:InstallCoordination Simple SPI importance:UserWaiting state:IXAppCoordinationStatePlaceholderPromiseNotSet promise-state:01234>: Retaining completion from CoreSimulatorBridge (12254), QOS_CLASS_DEFAULT (0x15)
2026-07-11 14:59:44.984 Df CoreSimulatorBridge[12254:23132] [com.apple.installcoordination:framework] -[IXAppInstallCoordinator _clientDelegate_didRegisterForObservation]: <IXInitiatingAppInstallCoordinator<0x1598fd8c0> identity:[com.DefaultCompany.NeonDrift.run.1783753118.17777/Invalid/[system-defined]] uuid:ABD7CA18-EC4E-4EBF-89D8-6287124AD329 creator:InstallCoordination Simple SPI>: Got observer registration delegate
2026-07-11 14:59:44.984 Df CoreSimulatorBridge[12254:23132] [com.apple.installcoordination:framework] -[IXAppInstallCoordinator _clientDelegate_didRegisterForObservation]_block_invoke: <IXInitiatingAppInstallCoordinator<0x1598fd8c0> identity:[com.DefaultCompany.NeonDrift.run.1783753118.17777/Invalid/[system-defined]] uuid:ABD7CA18-EC4E-4EBF-89D8-6287124AD329 creator:InstallCoordination Simple SPI>: Observer <_IXSimpleInstallerDelegate 0x0x1598cfc90> does not respond to coordinatorDidRegisterForObservation:
2026-07-11 14:59:44.984 Df CoreSimulatorBridge[12254:23136] [com.apple.installcoordination:framework] -[IXAppInstallCoordinator _clientDelegate_shouldResume]: <IXInitiatingAppInstallCoordinator<0x1598fd8c0> identity:[com.DefaultCompany.NeonDrift.run.1783753118.17777/Invalid/[system-defined]] uuid:ABD7CA18-EC4E-4EBF-89D8-6287124AD329 creator:InstallCoordination Simple SPI>: Got should resume delegate
2026-07-11 14:59:44.984 Df CoreSimulatorBridge[12254:23136] [com.apple.installcoordination:framework] -[IXAppInstallCoordinator _clientDelegate_shouldResume]_block_invoke: <IXInitiatingAppInstallCoordinator<0x1598fd8c0> identity:[com.DefaultCompany.NeonDrift.run.1783753118.17777/Invalid/[system-defined]] uuid:ABD7CA18-EC4E-4EBF-89D8-6287124AD329 creator:InstallCoordination Simple SPI>: Observer <_IXSimpleInstallerDelegate 0x0x1598cfc90> does not respond to coordinatorShouldResume:
2026-07-11 14:59:44.985 Df installcoordinationd[12371:197b0] [com.apple.installcoordination:daemon] -[IXSCoordinatedAppInstall _internal_setInstallOptionsPromise:performExternalActions:]: <IXSCoordinatedAppInstall<0x146244000> [P=CoreSimulatorBridge (pid 12254)] identifier:[com.DefaultCompany.NeonDrift.run.1783753118.17777/Invalid/[system-defined]] uuid:ABD7CA18-EC4E-4EBF-89D8-6287124AD329 intent:IXCoordinatorIntentInitiating creator/appDRI:InstallCoordination Simple SPI importance:UserWaiting state:IXAppCoordinationStatePlaceholderPromiseNotSet promise-state:012I4> : install options set: <IXSPromisedInMemoryData(0x146159680) Name:MIInstallOptions data Creator:Install Coordination Internal UUID:70BBBA02-792E-4D23-AE1D-4463C9E1ACFB Location:[system-defined]>
2026-07-11 14:59:44.985 Df installcoordinationd[12371:196e5] [com.apple.installcoordination:daemon] -[IXSCoordinatedAppInstall promiseDidComplete:]: <IXSCoordinatedAppInstall<0x146244000> [P=CoreSimulatorBridge (pid 12254)] identifier:[com.DefaultCompany.NeonDrift.run.1783753118.17777/Invalid/[system-defined]] uuid:ABD7CA18-EC4E-4EBF-89D8-6287124AD329 intent:IXCoordinatorIntentInitiating creator/appDRI:InstallCoordination Simple SPI importance:UserWaiting state:IXAppCoordinationStatePlaceholderPromiseNotSet promise-state:012I4> : Promise completed: <IXSPromisedInMemoryData(0x146159680) Name:MIInstallOptions data Creator:Install Coordination Internal UUID:70BBBA02-792E-4D23-AE1D-4463C9E1ACFB Location:[system-defined]>
2026-07-11 14:59:44.986 Df installcoordinationd[12371:196e5] [com.apple.appinstallation:TransactionLog] com.DefaultCompany.NeonDrift.run.1783753118.17777/Unknown Persona:4:13:1:1:Install Options Promise began. Coordinator State: IXAppCoordinationStatePlaceholderPromiseNotSet
2026-07-11 14:59:44.986 Df installcoordinationd[12371:196e5] [com.apple.appinstallation:TransactionLog] com.DefaultCompany.NeonDrift.run.1783753118.17777/Unknown Persona:4:13:2:1:Install Options Promise completed. Coordinator State: IXAppCoordinationStatePlaceholderPromiseNotSet
2026-07-11 14:59:44.986 Df installcoordinationd[12371:23134] [com.apple.installcoordination:daemon] -[IXSCoordinatedAppInstall _internal_setAppAssetPromise:performExternalActions:]: <IXSCoordinatedAppInstall<0x146244000> [P=CoreSimulatorBridge (pid 12254)] identifier:[com.DefaultCompany.NeonDrift.run.1783753118.17777/Invalid/[system-defined]] uuid:ABD7CA18-EC4E-4EBF-89D8-6287124AD329 intent:IXCoordinatorIntentInitiating creator/appDRI:InstallCoordination Simple SPI importance:UserWaiting state:IXAppCoordinationStatePlaceholderPromiseNotSet promise-state:0a2I4> : App Asset Promise set: <IXSPromisedTransferToPath(0x146159400) Name:App Asset: com.DefaultCompany.NeonDrift.run.1783753118.17777 Creator:InstallCoordination Simple SPI UUID:873700C9-BE33-4B7C-BC79-17FB6E535026 Location:[system-defined]>
2026-07-11 14:59:44.986 Df installcoordinationd[12371:23134] [com.apple.installcoordination:daemon] -[IXSCoordinatedAppInstall setInitialODRAssetPromises:]: <IXSCoordinatedAppInstall<0x146244000> [P=CoreSimulatorBridge (pid 12254)] identifier:[com.DefaultCompany.NeonDrift.run.1783753118.17777/Invalid/[system-defined]] uuid:ABD7CA18-EC4E-4EBF-89D8-6287124AD329 intent:IXCoordinatorIntentInitiating creator/appDRI:InstallCoordination Simple SPI importance:UserWaiting state:IXAppCoordinationStatePlaceholderPromiseNotSet promise-state:0a2I4> : Initial ODR Asset Promises set: (
)
2026-07-11 14:59:45.000 Df CoreSimulatorBridge[12254:23131] [com.apple.installcoordination:framework] -[IXPromisedTransferToPath setComplete:]: <IXPromisedTransferToPath<0x1598fd940> name:"App Asset: com.DefaultCompany.NeonDrift.run.1783753118.17777" uuid:873700C9-BE33-4B7C-BC79-17FB6E535026 creator:"InstallCoordination Simple SPI" location:[system-defined]> Copy operation from /Users/dragonkao/.openclaw/workspace/382b9e3384298039b171c9b2a60ae644/NeonDrift_MVP/project/xcode_derived_data/Build/Products/Release-iphonesimulator/NeonDrift.run.1783753118.17777.app to /Users/dragonkao/Library/Developer/CoreSimulator/Devices/CC47DE7A-8196-4465-A5A5-BB852C9C6C82/data/Containers/Shared/SystemGroup/systemgroup.com.apple.installcoordinationd/Library/InstallCoordination/PromiseStaging/873700C9-BE33-4B7C-BC79-17FB6E535026/NeonDrift.run.1783753118.17777.app took 0.012706 seconds
2026-07-11 14:59:45.000 Df installcoordinationd[12371:23134] [com.apple.installcoordination:daemon] -[IXSDataPromise _setPercentComplete:saveStateIfNeeded:]: Progress: <IXSPromisedTransferToPath(0x146159400) Name:App Asset: com.DefaultCompany.NeonDrift.run.1783753118.17777 Creator:InstallCoordination Simple SPI UUID:873700C9-BE33-4B7C-BC79-17FB6E535026 Location:[system-defined]>
2026-07-11 14:59:45.000 Df installcoordinationd[12371:197b0] [com.apple.appinstallation:TransactionLog] com.DefaultCompany.NeonDrift.run.1783753118.17777/Unknown Persona:4:10:1:1:App Asset Promise began. Coordinator State: IXAppCoordinationStatePlaceholderPromiseNotSet
2026-07-11 14:59:45.001 Df CoreSimulatorBridge[12254:23133] [com.apple.installcoordination:framework] -[IXAppInstallCoordinator _clientDelegate_promiseDidBeginFulfillmentWithIdentifier:]: <IXInitiatingAppInstallCoordinator<0x1598fd8c0> identity:[com.DefaultCompany.NeonDrift.run.1783753118.17777/Invalid/[system-defined]] uuid:ABD7CA18-EC4E-4EBF-89D8-6287124AD329 creator:InstallCoordination Simple SPI>: Got promise did begin fulfillment for identifier 2
2026-07-11 14:59:45.001 Df CoreSimulatorBridge[12254:23133] [com.apple.installcoordination:framework] -[IXAppInstallCoordinator _clientDelegate_promiseDidBeginFulfillmentWithIdentifier:]_block_invoke: <IXInitiatingAppInstallCoordinator<0x1598fd8c0> identity:[com.DefaultCompany.NeonDrift.run.1783753118.17777/Invalid/[system-defined]] uuid:ABD7CA18-EC4E-4EBF-89D8-6287124AD329 creator:InstallCoordination Simple SPI>: Observer <_IXSimpleInstallerDelegate 0x0x1598cfc90> does not respond to coordinator:configuredPromiseDidBeginFulfillment: (or any deprecated equivalent)
2026-07-11 14:59:45.001 Df installcoordinationd[12371:196e5] [com.apple.installcoordination:daemon] -[IXSCoordinatedAppInstall promiseDidComplete:]: <IXSCoordinatedAppInstall<0x146244000> [P=CoreSimulatorBridge (pid 12254)] identifier:[com.DefaultCompany.NeonDrift.run.1783753118.17777/Invalid/[system-defined]] uuid:ABD7CA18-EC4E-4EBF-89D8-6287124AD329 intent:IXCoordinatorIntentInitiating creator/appDRI:InstallCoordination Simple SPI importance:UserWaiting state:IXAppCoordinationStatePlaceholderPromiseNotSet promise-state:0A2I4> : Promise completed: <IXSPromisedTransferToPath(0x146159400) Name:App Asset: com.DefaultCompany.NeonDrift.run.1783753118.17777 Creator:InstallCoordination Simple SPI UUID:873700C9-BE33-4B7C-BC79-17FB6E535026 Location:[system-defined]>
2026-07-11 14:59:45.001 Df installcoordinationd[12371:23138] [com.apple.appinstallation:TransactionLog] com.DefaultCompany.NeonDrift.run.1783753118.17777/Unknown Persona:4:10:2:1:App Asset Promise completed. Coordinator State: IXAppCoordinationStatePlaceholderPromiseNotSet
2026-07-11 14:59:45.001 Df CoreSimulatorBridge[12254:23136] [com.apple.installcoordination:framework] -[IXAppInstallCoordinator _clientDelegate_didUpdateProgress:forPhase:overallProgress:]: <IXInitiatingAppInstallCoordinator<0x1598fd8c0> identity:[com.DefaultCompany.NeonDrift.run.1783753118.17777/Invalid/[system-defined]] uuid:ABD7CA18-EC4E-4EBF-89D8-6287124AD329 creator:InstallCoordination Simple SPI>: Got did update progress delegate with percentComplete 100.000000 phase IXCoordinatorProgressPhaseLoading overallProgress 60.000000
2026-07-11 14:59:45.001 Df installcoordinationd[12371:23137] [com.apple.installcoordination:daemon] -[IXSCoordinatedAppInstall setPlaceholderPromise:]: <IXSCoordinatedAppInstall<0x146244000> [P=CoreSimulatorBridge (pid 12254)] identifier:[com.DefaultCompany.NeonDrift.run.1783753118.17777/Invalid/[system-defined]] uuid:ABD7CA18-EC4E-4EBF-89D8-6287124AD329 intent:IXCoordinatorIntentInitiating creator/appDRI:InstallCoordination Simple SPI importance:UserWaiting state:IXAppCoordinationStateReadyForPlaceholderInstall promise-state:PA2I4> : Placeholder Promise set: <IXSPlaceholder(0x146184500) Name:App Placeholder: NeonDrift.run.1783753118.17777 (com.DefaultCompany.NeonDrift.run.1783753118.17777) Creator:InstallCoordination Simple SPI UUID:C485FD55-F004-4A1C-929F-DE56837A252F Location:[system-defined]>
2026-07-11 14:59:45.001 Df CoreSimulatorBridge[12254:23136] [com.apple.installcoordination:framework] -[IXAppInstallCoordinator _clientDelegate_didUpdateProgress:forPhase:overallProgress:]_block_invoke: <IXInitiatingAppInstallCoordinator<0x1598fd8c0> identity:[com.DefaultCompany.NeonDrift.run.1783753118.17777/Invalid/[system-defined]] uuid:ABD7CA18-EC4E-4EBF-89D8-6287124AD329 creator:InstallCoordination Simple SPI>: Calling selector coordinator:didUpdateProgress:forPhase:overallProgress: on observer <_IXSimpleInstallerDelegate 0x0x1598cfc90>
2026-07-11 14:59:45.001 Df installcoordinationd[12371:196e5] [com.apple.installcoordination:daemon] -[IXSCoordinatedAppInstall promiseDidComplete:]: <IXSCoordinatedAppInstall<0x146244000> [P=CoreSimulatorBridge (pid 12254)] identifier:[com.DefaultCompany.NeonDrift.run.1783753118.17777/Invalid/[system-defined]] uuid:ABD7CA18-EC4E-4EBF-89D8-6287124AD329 intent:IXCoordinatorIntentInitiating creator/appDRI:InstallCoordination Simple SPI importance:UserWaiting state:IXAppCoordinationStateReadyForPlaceholderInstall promise-state:PA2I4> : Promise completed: <IXSPlaceholder(0x146184500) Name:App Placeholder: NeonDrift.run.1783753118.17777 (com.DefaultCompany.NeonDrift.run.1783753118.17777) Creator:InstallCoordination Simple SPI UUID:C485FD55-F004-4A1C-929F-DE56837A252F Location:[system-defined]>
2026-07-11 14:59:45.002 Df installcoordinationd[12371:23137] [com.apple.installcoordination:daemon] -[IXSCoordinatedAppInstall _onQueue_acquireAssertionAndInstallPlaceholder]: Acquiring termination assertion to install placeholder for [com.DefaultCompany.NeonDrift.run.1783753118.17777/Invalid/[system-defined]]
2026-07-11 14:59:45.002 Df installcoordinationd[12371:23137] [com.apple.installcoordination:daemon] -[IXSPendingOperationsTracker beginPendingOperationForIdentity:]_block_invoke: Beginning pending operation for [com.DefaultCompany.NeonDrift.run.1783753118.17777/Invalid/[system-defined]]
2026-07-11 14:59:45.002 Df runningboardd[12225:2310a] [com.apple.runningboard:connection] Received termination request from [osservice<com.apple.installcoordinationd>:12371] on <RBSProcessPredicate <RBSProcessBundleIdentifierPredicate "com.DefaultCompany.NeonDrift.run.1783753118.17777">> with context <RBSTerminateContext| explanation:installcoordinationd app:[com.DefaultCompany.NeonDrift.run.1783753118.17777/Invalid/[system-defined]] uuid:ABD7CA18-EC4E-4EBF-89D8-6287124AD329 isPlaceholder:Y reportType:None maxTerminationResistance:Absolute attrs:[
	<RBSPreventLaunchLimitation| <RBSProcessPredicate <RBSProcessBundleIdentifierPredicate "com.DefaultCompany.NeonDrift.run.1783753118.17777">> allow:(null)>
	]>
2026-07-11 14:59:45.003 Df runningboardd[12225:2310a] [com.apple.runningboard:general] failed to get LSApplicationRecord for com.DefaultCompany.NeonDrift.run.1783753118.17777 - probably OK
2026-07-11 14:59:45.003 Df runningboardd[12225:2310a] [com.apple.runningboard:connection] skipping plugin hold for uninstalled proxy com.DefaultCompany.NeonDrift.run.1783753118.17777
2026-07-11 14:59:45.003 Df runningboardd[12225:2310a] [com.apple.runningboard:ttl] Acquiring assertion targeting system from originator [osservice<com.apple.installcoordinationd>:12371] with description <RBSAssertionDescriptor| "installcoordinationd app:[com.DefaultCompany.NeonDrift.run.1783753118.17777/Invalid/[system-defined]] uuid:ABD7CA18-EC4E-4EBF-89D8-6287124AD329 isPlaceholder:Y" ID:12225-12371-708 target:system attributes:[
	<RBSPreventLaunchLimitation| <RBSProcessPredicate <RBSProcessBundleIdentifierPredicate "com.DefaultCompany.NeonDrift.run.1783753118.17777">> allow:(null)>
	]>
2026-07-11 14:59:45.003 Df runningboardd[12225:2310a] [com.apple.runningboard:process] Executing termination request for: <RBSProcessPredicate <RBSProcessBundleIdentifierPredicate "com.DefaultCompany.NeonDrift.run.1783753118.17777">>
2026-07-11 14:59:45.003 Df installcoordinationd[12371:23137] [com.apple.appinstallation:TransactionLog] com.DefaultCompany.NeonDrift.run.1783753118.17777/Unknown Persona:4:9:1:1:Placeholder Promise began. Coordinator State: IXAppCoordinationStateWaitingForPlaceholderAssertion
2026-07-11 14:59:45.003 Df installcoordinationd[12371:23137] [com.apple.installcoordination:daemon] -[IXSCoordinatorProgress setTotalUnitsCompleted:]: Progress for coordinator: [com.DefaultCompany.NeonDrift.run.1783753118.17777/Invalid/[system-defined]], Phase: IXCoordinatorProgressPhaseLoading, Percentage: 100.000000: Attempt to set units completed on finished progress: 100
2026-07-11 14:59:45.003 Df installcoordinationd[12371:23137] [com.apple.appinstallation:TransactionLog] com.DefaultCompany.NeonDrift.run.1783753118.17777/Unknown Persona:4:9:2:1:Placeholder Promise completed. Coordinator State: IXAppCoordinationStateWaitingForPlaceholderAssertion
2026-07-11 14:59:45.003 Df installcoordinationd[12371:23138] [com.apple.installcoordination:daemon] -[IXSCoordinatedAppInstall assertionAcquiredCallback]: RBS termination assertion observer called for <IXSCoordinatedAppInstall<0x146244000> [P=CoreSimulatorBridge (pid 12254)] identifier:[com.DefaultCompany.NeonDrift.run.1783753118.17777/Invalid/[system-defined]] uuid:ABD7CA18-EC4E-4EBF-89D8-6287124AD329 intent:IXCoordinatorIntentInitiating creator/appDRI:InstallCoordination Simple SPI importance:UserWaiting state:IXAppCoordinationStateWaitingForPlaceholderAssertion promise-state:PA2I4>
2026-07-11 14:59:45.003 Df SpringBoard[12324:19110] [com.apple.SpringBoard:Common] termination assertion acquired for com.DefaultCompany.NeonDrift.run.1783753118.17777 (app not found)
2026-07-11 14:59:45.004 Df CoreSimulatorBridge[12254:23131] [com.apple.installcoordination:framework] -[IXAppInstallCoordinator _clientDelegate_promiseDidBeginFulfillmentWithIdentifier:]: <IXInitiatingAppInstallCoordinator<0x1598fd8c0> identity:[com.DefaultCompany.NeonDrift.run.1783753118.17777/Invalid/[system-defined]] uuid:ABD7CA18-EC4E-4EBF-89D8-6287124AD329 creator:InstallCoordination Simple SPI>: Got promise did begin fulfillment for identifier 1
2026-07-11 14:59:45.004 Df installcoordinationd[12371:23137] [com.apple.installcoordination:daemon] -[IXSCoordinatedAppInstall _onQueue_installPlaceholder]: Acquired termination assertion for placeholder [com.DefaultCompany.NeonDrift.run.1783753118.17777/Invalid/[system-defined]]; proceeding with install.
2026-07-11 14:59:45.004 Df CoreSimulatorBridge[12254:23131] [com.apple.installcoordination:framework] -[IXAppInstallCoordinator _clientDelegate_promiseDidBeginFulfillmentWithIdentifier:]_block_invoke: <IXInitiatingAppInstallCoordinator<0x1598fd8c0> identity:[com.DefaultCompany.NeonDrift.run.1783753118.17777/Invalid/[system-defined]] uuid:ABD7CA18-EC4E-4EBF-89D8-6287124AD329 creator:InstallCoordination Simple SPI>: Observer <_IXSimpleInstallerDelegate 0x0x1598cfc90> does not respond to coordinator:configuredPromiseDidBeginFulfillment: (or any deprecated equivalent)
2026-07-11 14:59:45.004 Df installcoordinationd[12371:23137] [com.apple.installcoordination:daemon] -[IXSPowerAssertion initWithAssertionName:details:]: Acquired power assertion IXPowerAssertion-12-[com.DefaultCompany.NeonDrift.run.1783753118.17777/Invalid/[system-defined]]
2026-07-11 14:59:45.006 Df installd[12392:197b2] (MobileSystemServices) 0x16d953000 -[MIClientConnection _doInstallationForURL:identity:domain:options:operationType:completion:]: Install of "/Users/dragonkao/Library/Developer/CoreSimulator/Devices/CC47DE7A-8196-4465-A5A5-BB852C9C6C82/data/Containers/Shared/SystemGroup/systemgroup.com.apple.installcoordinationd/Library/InstallCoordination/PromiseStaging/C485FD55-F004-4A1C-929F-DE56837A252F/NeonDrift.run.1783753118.17777.app" type Placeholder (LSInstallType = 1, Domain: MIInstallationDomainDefault) requested by installcoordinationd (pid 12371 (501/20))
2026-07-11 14:59:45.010 Df installd[12392:197b2] [com.apple.containermanager:xpc] Query; euid = 501, uid = 501, class = 1, identifier = [com.DefaultCompany.NeonDrift.run.1783753118.17777](1), flags = 300000002
2026-07-11 14:59:45.012 Df installd[12392:197b2] [com.apple.containermanager:xpc] Query; euid = 501, uid = 501, class = 1, identifier = [com.DefaultCompany.NeonDrift.run.1783753118.17777](1), flags = 300000002
2026-07-11 14:59:45.013 Df installd[12392:197b2] (MobileSystemServices) 0x16d953000 -[MIInstaller _installInstallable:containingSymlink:error:]: Installing <MIInstallableBundle ID=com.DefaultCompany.NeonDrift.run.1783753118.17777; Persona=com.apple.containermanager.primary-persona, Version=0, ShortVersion=1.0>
2026-07-11 14:59:45.013 Df installd[12392:197b2] [com.apple.appinstallation:TransactionLog] com.DefaultCompany.NeonDrift.run.1783753118.17777/com.apple.containermanager.primary-persona:7:4:1:1:Start : Install (Placeholder)
2026-07-11 14:59:45.014 Df installd[12392:197b2] [com.apple.containermanager:query] Query; euid = 501, uid = 501, class = 4, identifier = [com.DefaultCompany.NeonDrift.run.1783753118.17777](1), flags = 300000002
2026-07-11 14:59:45.015 Df installd[12392:197b2] [com.apple.containermanager:query] Query; euid = 501, uid = 501, class = 4, identifier = [com.DefaultCompany.NeonDrift.run.1783753118.17777](1), flags = 300000002
2026-07-11 14:59:45.015 Df installd[12392:197b2] [com.apple.containermanager:xpc] Query; euid = 501, uid = 501, class = 1, identifier = [com.DefaultCompany.NeonDrift.run.1783753118.17777](1), flags = 300000003
2026-07-11 14:59:45.016 E  containermanagerd_system[12269:18ea3] [com.apple.containermanager:schema] [com.DefaultCompany.NeonDrift.run.1783753118.17777(1)] Current schema version (1) is newer than the latest (0), ignoring.
2026-07-11 14:59:45.016 Df containermanagerd_system[12269:18ea3] [com.apple.containermanager:schema] [u 20F73466-0CB7-4623-8AED-3DBFB89A6C36:p B9485494-C98B-4C24-928F-67E5BDCE3481:c com.DefaultCompany.NeonDrift.run.1783753118.17777(1):i41223054] Successfully updated schema from (0) → (0), actions count = 0
2026-07-11 14:59:45.017 Df installd[12392:197b2] [com.apple.containermanager:xpc] Query; euid = 501, uid = 501, class = 1, identifier = [com.DefaultCompany.NeonDrift.run.1783753118.17777](1), flags = 300000002
2026-07-11 14:59:45.019 Df installd[12392:197b2] [com.apple.containermanager:query] Query; euid = 501, uid = 501, class = 2, identifier = [com.DefaultCompany.NeonDrift.run.1783753118.17777](1), flags = 300000003
2026-07-11 14:59:45.021 Df containermanagerd[12282:18fb8] [com.apple.containermanager:schema] [u CA9C9DF4-CF03-4168-B824-A4D37E1B2414:p FF4116C4-B0EF-4FC1-9F4F-6AE7465D5A0C:c com.DefaultCompany.NeonDrift.run.1783753118.17777(2):i41223057] Successfully updated schema from (0) → (1), actions count = 6
2026-07-11 14:59:45.023 Df installd[12392:197b2] [com.apple.containermanager:query] Query; euid = 501, uid = 501, class = 2, identifier = [com.DefaultCompany.NeonDrift.run.1783753118.17777](1), flags = 300000002
2026-07-11 14:59:45.025 Df installd[12392:197b2] (MobileSystemServices) 0x16d953000 -[MIInstallationJournalEntry _refreshUUIDForContainer:withError:]: Data container for com.DefaultCompany.NeonDrift.run.1783753118.17777 is now at /Users/dragonkao/Library/Developer/CoreSimulator/Devices/CC47DE7A-8196-4465-A5A5-BB852C9C6C82/data/Containers/Data/Application/1259E51B-0965-45D1-ADAF-890EC1E12EA4
2026-07-11 14:59:45.025 Df containermanagerd[12282:18fb8] [com.apple.containermanager:schema] [u CA9C9DF4-CF03-4168-B824-A4D37E1B2414:p 1259E51B-0965-45D1-ADAF-890EC1E12EA4:c com.DefaultCompany.NeonDrift.run.1783753118.17777(2):i0] Successfully updated schema from (0) → (1), actions count = 6
2026-07-11 14:59:45.025 Df installd[12392:197b2] [com.apple.containermanager:unspecified] Replace; old = <NULL>, new = [temp-app:com.DefaultCompany.NeonDrift.run.1783753118.17777:501::(20F73466-0CB7-4623-8AED-3DBFB89A6C36)]
2026-07-11 14:59:45.027 Df installd[12392:197b2] [com.apple.containermanager:xpc] Query; euid = 501, uid = 501, class = 1, identifier = [com.DefaultCompany.NeonDrift.run.1783753118.17777](1), flags = 300000002
2026-07-11 14:59:45.027 Df installd[12392:197b2] (MobileSystemServices) 0x16d953000 -[MIContainer makeContainerLiveReplacingContainer:reason:waitForDeletion:withError:]: Made container live for com.DefaultCompany.NeonDrift.run.1783753118.17777 at /Users/dragonkao/Library/Developer/CoreSimulator/Devices/CC47DE7A-8196-4465-A5A5-BB852C9C6C82/data/Containers/Bundle/Application/5C4CEEFD-D729-4077-B2F4-37070BE58561
2026-07-11 14:59:45.028 Df containermanagerd[12282:18fb8] [com.apple.containermanager:codesignmapping] Reconciled [com.DefaultCompany.NeonDrift.run.1783753118.17777]; old app groups: (null), new app groups: (null), old system groups: (null), new system groups: (null)
2026-07-11 14:59:45.029 Df installd[12392:197b2] [com.apple.containermanager:unspecified] Requesting disk usage; class = 1, identifier = com.DefaultCompany.NeonDrift.run.1783753118.17777
2026-07-11 14:59:45.031 Df installd[12392:197b2] [com.apple.containermanager:query] Query; euid = 501, uid = 501, class = 7, identifier = [com.DefaultCompany.NeonDrift.run.1783753118.17777](1), flags = 300000001
2026-07-11 14:59:45.031 Df SpringBoard[12324:19110] [com.apple.SpringBoard:Common] termination assertion released for com.DefaultCompany.NeonDrift.run.1783753118.17777 (app not found)
2026-07-11 14:59:45.035 Df installd[12392:197b2] (MobileSystemServices) 0x16d953000 -[MILaunchServicesOperationManager _onQueue_addPendingLaunchServicesOperation:error:]: Added pending LS operation <MILaunchServicesRegisterOperation: C9776D59-034F-443A-9BF0-A8B814DAFCAE:3 com.DefaultCompany.NeonDrift.run.1783753118.17777/MIInstallationDomainSystemShared personas:[com.apple.containermanager.primary-persona]>
2026-07-11 14:59:45.036 Df lsd[12273:1d2b3] [com.apple.launchservices:appinstallation] Post installation registration: request to register com.DefaultCompany.NeonDrift.run.1783753118.17777, operation C9776D59-034F-443A-9BF0-A8B814DAFCAE, from pid 12392
2026-07-11 14:59:45.037 Df lsd[12273:1d2b3] [com.apple.appinstallation:TransactionLog] com.DefaultCompany.NeonDrift.run.1783753118.17777/Unknown Persona:5:4:1:1:Registering bundles via registrant - start
2026-07-11 14:59:45.040 E  lsd[12273:1d2b3] [com.apple.launchservices:default] LSStringLocalizer development region en not found in localizations available for bundle file:///Users/dragonkao/Library/Developer/CoreSimulator/Devices/CC47DE7A-8196-4465-A5A5-BB852C9C6C82/data/Containers/Bundle/Application/5C4CEEFD-D729-4077-B2F4-37070BE58561/NeonDrift.run.1783753118.17777.app/
2026-07-11 14:59:45.041 Df lsd[12273:1d2b3] [com.apple.appinstallation:TransactionLog] com.DefaultCompany.NeonDrift.run.1783753118.17777/Unknown Persona:5:5:1:1:Building bundle record for app
2026-07-11 14:59:45.041 Df lsd[12273:1d2b3] [com.apple.launchservices:appinstallation] No bundles to remove for com.DefaultCompany.NeonDrift.run.1783753118.17777
2026-07-11 14:59:45.041 Df lsd[12273:1d2b3] [com.apple.launchservices:appinstallation] Placeholder detected - Flagging bundle com.DefaultCompany.NeonDrift.run.1783753118.17777 incomplete
2026-07-11 14:59:45.041 Df lsd[12273:1d2b3] [com.apple.appinstallation:TransactionLog] com.DefaultCompany.NeonDrift.run.1783753118.17777/Unknown Persona:5:5:2:1:Built bundle record for app
2026-07-11 14:59:45.042 Df lsd[12273:1d2b3] [com.apple.appinstallation:TransactionLog] com.DefaultCompany.NeonDrift.run.1783753118.17777/Unknown Persona:5:4:2:1:Registered bundle status = success
2026-07-11 14:59:45.043 Df lsd[12273:1d2b3] [com.apple.appinstallation:TransactionLog] com.DefaultCompany.NeonDrift.run.1783753118.17777/Unknown Persona:5:4:2:1:Finished registering com.DefaultCompany.NeonDrift.run.1783753118.17777, bundle unit 650
2026-07-11 14:59:45.044 Df lsd[12273:1d2b3] [com.apple.launchservices:progress] Sending applicationInstallsDidStart: for (
    "<LSApplicationProxy: 0x15d734000> com.DefaultCompany.NeonDrift.run.1783753118.17777 file:///Users/dragonkao/Library/Developer/CoreSimulator/Devices/CC47DE7A-8196-4465-A5A5-BB852C9C6C82/data/Containers/Bundle/Application/5C4CEEFD-D729-4077-B2F4-37070BE58561/NeonDrift.run.1783753118.17777.app/ <com.DefaultCompany.NeonDrift.run.1783753118.17777 <placeholder >:1>"
)
2026-07-11 14:59:45.044 Df installd[12392:197b2] (MobileSystemServices) 0x16d953000 -[MIJournal purgeJournalEntry:withError:]: Removing journal entry <MIInstallationJournalEntry<0x147d44b40> [com.DefaultCompany.NeonDrift.run.1783753118.17777/com.apple.containermanager.primary-persona/[system-defined]]/MIInstallationDomainSystemShared op:2 phase:JournalPhaseDidRegisterWithLS version:0>
2026-07-11 14:59:45.044 Df installd[12392:197b2] [com.apple.appinstallation:TransactionLog] com.DefaultCompany.NeonDrift.run.1783753118.17777/com.apple.containermanager.primary-persona:7:4:2:1:Success (End) : Install (Placeholder)
2026-07-11 14:59:45.044 Df lsd[12273:1d2b3] [com.apple.launchservices:progress] Created parent progress <NSProgress: com.DefaultCompany.NeonDrift.run.1783753118.17777 phase=InstallingPlaceholder; state=Waiting; finalPhase=Installing; fractionCompleted=0.000000>
2026-07-11 14:59:45.044 Df installd[12392:197b2] (MobileSystemServices) 0x16d953000 -[MIInstaller _logOperationCompletionWithStartTime:distributorID:]: Install successful for (Placeholder:com.DefaultCompany.NeonDrift.run.1783753118.17777) [Distributor: (null)]; Staging: 0.00s; Waiting: 0.00s; Preflight/Patch: 0.00s, Verifying: 0.00s; Overall: 0.04s
2026-07-11 14:59:45.045 Df installcoordinationd[12371:23137] [com.apple.installcoordination:daemon] -[IXSPowerAssertion invalidate]: Released power assertion IXPowerAssertion-12-[com.DefaultCompany.NeonDrift.run.1783753118.17777/Invalid/[system-defined]]
2026-07-11 14:59:45.045 Df locationd[12246:1dc73] [com.apple.launchservices:appinstallation] LaunchServices observer: InstallsStarted (
