Timestamp               Ty Process[PID:TID]
2026-06-24 01:07:27.552 Df CoreSimulatorBridge[16923:9698c0] Request received for installation of file:///Users/dragonkao/.openclaw/workspace/382b9e3384298039b171c9b2a60ae644/NeonDrift_MVP/project/xcode_derived_data/Build/Products/Release-iphonesimulator/NeonDrift.app/ with options: {
    PackageType = Developer;
    SimulatorRootPath = "/Library/Developer/CoreSimulator/Volumes/iOS_23F77/Library/Developer/CoreSimulator/Profiles/Runtimes/iOS 26.5.simruntime/Contents/Resources/RuntimeRoot";
    SimulatorUserPath = "/Users/dragonkao/Library/Developer/CoreSimulator/Devices/CCB1E793-CED4-4FCD-BF73-321AAEA77AB9/data";
}
2026-06-24 01:07:27.553 Df CoreSimulatorBridge[16923:9698c0] [com.apple.installcoordination:framework] +[IXAppInstallCoordinator(IXSimpleInstaller) _beginInstallForURL:forPersonaUniqueString:consumeSource:options:progressBlock:completionWithIdentity:]: Beginning install for /Users/dragonkao/.openclaw/workspace/382b9e3384298039b171c9b2a60ae644/NeonDrift_MVP/project/xcode_derived_data/Build/Products/Release-iphonesimulator/NeonDrift.app consuming source:N options:{
    IsUserInitiated = 1;
    PackageType = Developer;
} installationRequestorAuditToken: NULL
2026-06-24 01:07:27.556 Df installcoordinationd[55453:9571e8] [com.apple.installcoordination:daemon] -[IXSDataPromiseManager registerPromise:]: Registered promise <IXSPlaceholder(0x105d0c500) Name:App Placeholder: NeonDrift (com.DefaultCompany.NeonDrift) Creator:InstallCoordination Simple SPI UUID:DAD5C6A1-839C-40CF-982D-CE02BA8C6C68 Location:[system-defined]> for UUID DAD5C6A1-839C-40CF-982D-CE02BA8C6C68
2026-06-24 01:07:27.558 Df installcoordinationd[55453:9571e8] [com.apple.installcoordination:daemon] -[IXSPlaceholder setAttributes:]: <IXSPlaceholder(0x105d0c500) Name:App Placeholder: NeonDrift (com.DefaultCompany.NeonDrift) Creator:InstallCoordination Simple SPI UUID:DAD5C6A1-839C-40CF-982D-CE02BA8C6C68 Location:[system-defined]>: setting placeholder attributes to <IXPlaceholderAttributes<0x105ca4e60> : {
    CFBundleShortVersionString = "1.0";
    CFBundleSupportedPlatforms =     (
        iPhoneSimulator
    );
    CFBundleVersion = 0;
    DTPlatformName = iphonesimulator;
    LSRequiresIPhoneOS = 1;
    MinimumOSVersion = "13.0";
    UIDeviceFamily =     (
        1,
        2
    );
    UIRequiredDeviceCapabilities =     {
        arm64 = 1;
        metal = 1;
    };
}>
2026-06-24 01:07:27.558 Df CoreSimulatorBridge[16923:969949] [com.apple.installcoordination:framework] +[IXPlaceholder _setEntitlementsFromBundleExecutableURL:withBundleID:client:onPlaceholder:location:error:]: Executable for com.DefaultCompany.NeonDrift at NeonDrift -- file:///Users/dragonkao/.openclaw/workspace/382b9e3384298039b171c9b2a60ae644/NeonDrift_MVP/project/xcode_derived_data/Build/Products/Release-iphonesimulator/NeonDrift.app/ had no entitlements
2026-06-24 01:07:27.558 Df CoreSimulatorBridge[16923:969949] [com.apple.installcoordination:framework] +[IXPlaceholder _placeholderForBundle:client:withParent:installType:metadata:placeholderType:mayBeDeltaPackage:isFromSerializedPlaceholder:location:error:]: Using full fidelity icons for com.DefaultCompany.NeonDrift at /Users/dragonkao/.openclaw/workspace/382b9e3384298039b171c9b2a60ae644/NeonDrift_MVP/project/xcode_derived_data/Build/Products/Release-iphonesimulator/NeonDrift.app
2026-06-24 01:07:27.559 Df installcoordinationd[55453:9571e8] [com.apple.installcoordination:daemon] -[IXSDataPromiseManager registerPromise:]: Registered promise <IXSPromisedTransferToPath(0x105ce6800) Name:Icon resources for com.DefaultCompany.NeonDrift Creator:InstallCoordination Simple SPI UUID:39C23C05-213B-43C0-86B5-35FCFB12E647 Location:[system-defined]> for UUID 39C23C05-213B-43C0-86B5-35FCFB12E647
2026-06-24 01:07:27.562 Df CoreSimulatorBridge[16923:969949] [com.apple.installcoordination:framework] -[IXPromisedTransferToPath setComplete:]: <IXPromisedTransferToPath<0x1055cdb40> name:"Icon resources for com.DefaultCompany.NeonDrift" uuid:39C23C05-213B-43C0-86B5-35FCFB12E647 creator:"InstallCoordination Simple SPI" location:[system-defined]> Move operation from /Users/dragonkao/Library/Developer/CoreSimulator/Devices/CCB1E793-CED4-4FCD-BF73-321AAEA77AB9/data/Containers/Shared/SystemGroup/systemgroup.com.apple.installcoordinationd/Library/InstallCoordination/PromiseStaging/39C23C05-213B-43C0-86B5-35FCFB12E647/temp.fWO0X8 to /Users/dragonkao/Library/Developer/CoreSimulator/Devices/CCB1E793-CED4-4FCD-BF73-321AAEA77AB9/data/Containers/Shared/SystemGroup/systemgroup.com.apple.installcoordinationd/Library/InstallCoordination/PromiseStaging/39C23C05-213B-43C0-86B5-35FCFB12E647/temp.fWO0X8 took 0.000042 seconds
2026-06-24 01:07:27.563 Df installcoordinationd[55453:9571e8] [com.apple.installcoordination:daemon] -[IXSDataPromise _setPercentComplete:saveStateIfNeeded:]: Progress: <IXSPromisedTransferToPath(0x105ce6800) Name:Icon resources for com.DefaultCompany.NeonDrift Creator:InstallCoordination Simple SPI UUID:39C23C05-213B-43C0-86B5-35FCFB12E647 Location:[system-defined]>
2026-06-24 01:07:27.563 Df installcoordinationd[55453:976d68] [com.apple.installcoordination:daemon] -[IXSDataPromiseManager promiseDidBegin:]: Unowned promise began: <IXSPromisedTransferToPath(0x105ce6800) Name:Icon resources for com.DefaultCompany.NeonDrift Creator:InstallCoordination Simple SPI UUID:39C23C05-213B-43C0-86B5-35FCFB12E647 Location:[system-defined]>
2026-06-24 01:07:27.563 Df installcoordinationd[55453:976d68] [com.apple.installcoordination:daemon] -[IXSDataPromiseManager promise:didUpdateProgress:]: Unowned promise update progress to 1.000000 : <IXSPromisedTransferToPath(0x105ce6800) Name:Icon resources for com.DefaultCompany.NeonDrift Creator:InstallCoordination Simple SPI UUID:39C23C05-213B-43C0-86B5-35FCFB12E647 Location:[system-defined]>
2026-06-24 01:07:27.563 Df installcoordinationd[55453:9571e8] [com.apple.installcoordination:daemon] -[IXSDataPromiseManager promiseDidComplete:]: Unowned promise completed: <IXSPromisedTransferToPath(0x105ce6800) Name:Icon resources for com.DefaultCompany.NeonDrift Creator:InstallCoordination Simple SPI UUID:39C23C05-213B-43C0-86B5-35FCFB12E647 Location:[system-defined]>
2026-06-24 01:07:27.564 Df installcoordinationd[55453:976d68] [com.apple.installcoordination:daemon] -[IXSDataPromise _setPercentComplete:saveStateIfNeeded:]: Progress: <IXSPromisedInMemoryDictionary(0x105ce5080) Name:Info.plist icon content for com.DefaultCompany.NeonDrift Creator:InstallCoordination Simple SPI UUID:0E1B8F26-276F-47B4-906A-E2A9D37567A5 Location:[system-defined]>
2026-06-24 01:07:27.564 Df installcoordinationd[55453:976d68] [com.apple.installcoordination:daemon] -[IXSDataPromiseManager registerPromise:]: Registered promise <IXSPromisedInMemoryDictionary(0x105ce5080) Name:Info.plist icon content for com.DefaultCompany.NeonDrift Creator:InstallCoordination Simple SPI UUID:0E1B8F26-276F-47B4-906A-E2A9D37567A5 Location:[system-defined]> for UUID 0E1B8F26-276F-47B4-906A-E2A9D37567A5
2026-06-24 01:07:27.565 Df installcoordinationd[55453:9571e8] [com.apple.installcoordination:daemon] -[IXSDataPromiseManager promiseDidBegin:]: Unowned promise began: <IXSPromisedInMemoryDictionary(0x105ce5080) Name:Info.plist icon content for com.DefaultCompany.NeonDrift Creator:InstallCoordination Simple SPI UUID:0E1B8F26-276F-47B4-906A-E2A9D37567A5 Location:[system-defined]>
2026-06-24 01:07:27.565 Df installcoordinationd[55453:9571e8] [com.apple.installcoordination:daemon] -[IXSDataPromiseManager promise:didUpdateProgress:]: Unowned promise update progress to 1.000000 : <IXSPromisedInMemoryDictionary(0x105ce5080) Name:Info.plist icon content for com.DefaultCompany.NeonDrift Creator:InstallCoordination Simple SPI UUID:0E1B8F26-276F-47B4-906A-E2A9D37567A5 Location:[system-defined]>
2026-06-24 01:07:27.565 Df installcoordinationd[55453:9571e8] [com.apple.installcoordination:daemon] -[IXSDataPromiseManager promiseDidComplete:]: Unowned promise completed: <IXSPromisedInMemoryDictionary(0x105ce5080) Name:Info.plist icon content for com.DefaultCompany.NeonDrift Creator:InstallCoordination Simple SPI UUID:0E1B8F26-276F-47B4-906A-E2A9D37567A5 Location:[system-defined]>
2026-06-24 01:07:27.565 Df installcoordinationd[55453:976d68] [com.apple.installcoordination:daemon] -[IXSPlaceholder setIconResourcesPromise:]: <IXSPlaceholder(0x105d0c500) Name:App Placeholder: NeonDrift (com.DefaultCompany.NeonDrift) Creator:InstallCoordination Simple SPI UUID:DAD5C6A1-839C-40CF-982D-CE02BA8C6C68 Location:[system-defined]>: setting icon resources promise to <IXSPromisedTransferToPath(0x105ce6800) Name:Icon resources for com.DefaultCompany.NeonDrift Creator:InstallCoordination Simple SPI UUID:39C23C05-213B-43C0-86B5-35FCFB12E647 Location:[system-defined]>
2026-06-24 01:07:27.565 Df installcoordinationd[55453:976d68] [com.apple.installcoordination:daemon] -[IXSPlaceholder setInfoPlistIconContentPromise:]: <IXSPlaceholder(0x105d0c500) Name:App Placeholder: NeonDrift (com.DefaultCompany.NeonDrift) Creator:InstallCoordination Simple SPI UUID:DAD5C6A1-839C-40CF-982D-CE02BA8C6C68 Location:[system-defined]>: setting Info.plist icon content promise to <IXSPromisedInMemoryDictionary(0x105ce5080) Name:Info.plist icon content for com.DefaultCompany.NeonDrift Creator:InstallCoordination Simple SPI UUID:0E1B8F26-276F-47B4-906A-E2A9D37567A5 Location:[system-defined]>
2026-06-24 01:07:27.566 Df installcoordinationd[55453:976d68] [com.apple.installcoordination:daemon] -[IXSDataPromiseManager promiseDidBegin:]: Unowned promise began: <IXSPlaceholder(0x105d0c500) Name:App Placeholder: NeonDrift (com.DefaultCompany.NeonDrift) Creator:InstallCoordination Simple SPI UUID:DAD5C6A1-839C-40CF-982D-CE02BA8C6C68 Location:[system-defined]>
2026-06-24 01:07:27.566 Df installcoordinationd[55453:976d68] [com.apple.installcoordination:daemon] -[IXSDataPromiseManager promise:didUpdateProgress:]: Unowned promise update progress to 0.000000 : <IXSPlaceholder(0x105d0c500) Name:App Placeholder: NeonDrift (com.DefaultCompany.NeonDrift) Creator:InstallCoordination Simple SPI UUID:DAD5C6A1-839C-40CF-982D-CE02BA8C6C68 Location:[system-defined]>
2026-06-24 01:07:27.566 Df installcoordinationd[55453:976d68] [com.apple.installcoordination:daemon] -[IXSDataPromiseManager promise:didUpdateProgress:]: Unowned promise update progress to 0.000000 : <IXSPlaceholder(0x105d0c500) Name:App Placeholder: NeonDrift (com.DefaultCompany.NeonDrift) Creator:InstallCoordination Simple SPI UUID:DAD5C6A1-839C-40CF-982D-CE02BA8C6C68 Location:[system-defined]>
2026-06-24 01:07:27.567 Df installcoordinationd[55453:976d6a] [com.apple.installcoordination:daemon] -[IXSDataPromise _setPercentComplete:saveStateIfNeeded:]: Progress: <IXSPromisedInMemoryDictionary(0x105ce5780) Name:Localizations for com.DefaultCompany.NeonDrift Creator:InstallCoordination Simple SPI UUID:206ECD66-AAA7-4DFA-864E-539ABE88A32B Location:[system-defined]>
2026-06-24 01:07:27.567 Df installcoordinationd[55453:976d6a] [com.apple.installcoordination:daemon] -[IXSDataPromiseManager registerPromise:]: Registered promise <IXSPromisedInMemoryDictionary(0x105ce5780) Name:Localizations for com.DefaultCompany.NeonDrift Creator:InstallCoordination Simple SPI UUID:206ECD66-AAA7-4DFA-864E-539ABE88A32B Location:[system-defined]> for UUID 206ECD66-AAA7-4DFA-864E-539ABE88A32B
2026-06-24 01:07:27.567 Df installcoordinationd[55453:976d68] [com.apple.installcoordination:daemon] -[IXSDataPromiseManager promiseDidBegin:]: Unowned promise began: <IXSPromisedInMemoryDictionary(0x105ce5780) Name:Localizations for com.DefaultCompany.NeonDrift Creator:InstallCoordination Simple SPI UUID:206ECD66-AAA7-4DFA-864E-539ABE88A32B Location:[system-defined]>
2026-06-24 01:07:27.567 Df installcoordinationd[55453:976d68] [com.apple.installcoordination:daemon] -[IXSDataPromiseManager promise:didUpdateProgress:]: Unowned promise update progress to 1.000000 : <IXSPromisedInMemoryDictionary(0x105ce5780) Name:Localizations for com.DefaultCompany.NeonDrift Creator:InstallCoordination Simple SPI UUID:206ECD66-AAA7-4DFA-864E-539ABE88A32B Location:[system-defined]>
2026-06-24 01:07:27.567 Df installcoordinationd[55453:976d68] [com.apple.installcoordination:daemon] -[IXSDataPromiseManager promiseDidComplete:]: Unowned promise completed: <IXSPromisedInMemoryDictionary(0x105ce5780) Name:Localizations for com.DefaultCompany.NeonDrift Creator:InstallCoordination Simple SPI UUID:206ECD66-AAA7-4DFA-864E-539ABE88A32B Location:[system-defined]>
2026-06-24 01:07:27.568 Df installcoordinationd[55453:976d6a] [com.apple.installcoordination:daemon] -[IXSPlaceholder setLocalizationDictionaryPromise:]: <IXSPlaceholder(0x105d0c500) Name:App Placeholder: NeonDrift (com.DefaultCompany.NeonDrift) Creator:InstallCoordination Simple SPI UUID:DAD5C6A1-839C-40CF-982D-CE02BA8C6C68 Location:[system-defined]>: setting localization dict promise to <IXSPromisedInMemoryDictionary(0x105ce5780) Name:Localizations for com.DefaultCompany.NeonDrift Creator:InstallCoordination Simple SPI UUID:206ECD66-AAA7-4DFA-864E-539ABE88A32B Location:[system-defined]>
2026-06-24 01:07:27.568 Df installcoordinationd[55453:9571e8] [com.apple.installcoordination:daemon] -[IXSDataPromiseManager promise:didUpdateProgress:]: Unowned promise update progress to 0.000000 : <IXSPlaceholder(0x105d0c500) Name:App Placeholder: NeonDrift (com.DefaultCompany.NeonDrift) Creator:InstallCoordination Simple SPI UUID:DAD5C6A1-839C-40CF-982D-CE02BA8C6C68 Location:[system-defined]>
2026-06-24 01:07:27.568 Df installcoordinationd[55453:976d6a] [com.apple.installcoordination:daemon] -[IXSPlaceholder setConfigurationComplete:]: <IXSPlaceholder(0x105d0c500) Name:App Placeholder: NeonDrift (com.DefaultCompany.NeonDrift) Creator:InstallCoordination Simple SPI UUID:DAD5C6A1-839C-40CF-982D-CE02BA8C6C68 Location:[system-defined]>: setting configuration complete to Y
2026-06-24 01:07:27.569 Df installcoordinationd[55453:976d6a] [com.apple.installcoordination:daemon] -[IXSPlaceholder _materialize]: <IXSPlaceholder(0x105d0c500) Name:App Placeholder: NeonDrift (com.DefaultCompany.NeonDrift) Creator:InstallCoordination Simple SPI UUID:DAD5C6A1-839C-40CF-982D-CE02BA8C6C68 Location:[system-defined]>: Materializing placeholder at /Users/dragonkao/Library/Developer/CoreSimulator/Devices/CCB1E793-CED4-4FCD-BF73-321AAEA77AB9/data/Containers/Shared/SystemGroup/systemgroup.com.apple.installcoordinationd/Library/InstallCoordination/PromiseStaging/DAD5C6A1-839C-40CF-982D-CE02BA8C6C68/NeonDrift.app
2026-06-24 01:07:27.569 Df installcoordinationd[55453:976d6a] [com.apple.installcoordination:daemon] -[IXSPlaceholder _materialize]: <IXSPlaceholder(0x105d0c500) Name:App Placeholder: NeonDrift (com.DefaultCompany.NeonDrift) Creator:InstallCoordination Simple SPI UUID:DAD5C6A1-839C-40CF-982D-CE02BA8C6C68 Location:[system-defined]>: Using Info.plist icon content: {
    CFBundleIcons =     {
        CFBundlePrimaryIcon =         {
            CFBundleIconName = AppIcon;
        };
    };
    "CFBundleIcons~ipad" =     {
        CFBundlePrimaryIcon =         {
            CFBundleIconName = AppIcon;
        };
    };
    ISIconPlatform = iPhoneOS;
}
2026-06-24 01:07:27.569 Df installcoordinationd[55453:976d6a] [com.apple.installcoordination:daemon] -[IXSPlaceholder _materialize]_block_invoke: <IXSPlaceholder(0x105d0c500) Name:App Placeholder: NeonDrift (com.DefaultCompany.NeonDrift) Creator:InstallCoordination Simple SPI UUID:DAD5C6A1-839C-40CF-982D-CE02BA8C6C68 Location:[system-defined]>: Using icon resource Assets.car
2026-06-24 01:07:27.569 Df installcoordinationd[55453:976d6a] [com.apple.installcoordination:daemon] -[IXSPlaceholder _materialize]: <IXSPlaceholder(0x105d0c500) Name:App Placeholder: NeonDrift (com.DefaultCompany.NeonDrift) Creator:InstallCoordination Simple SPI UUID:DAD5C6A1-839C-40CF-982D-CE02BA8C6C68 Location:[system-defined]>: Including lproj localizations for (
)
2026-06-24 01:07:27.570 Df installcoordinationd[55453:9571e8] [com.apple.installcoordination:daemon] -[IXSDataPromiseManager promiseDidComplete:]: Unowned promise completed: <IXSPlaceholder(0x105d0c500) Name:App Placeholder: NeonDrift (com.DefaultCompany.NeonDrift) Creator:InstallCoordination Simple SPI UUID:DAD5C6A1-839C-40CF-982D-CE02BA8C6C68 Location:[system-defined]>
2026-06-24 01:07:27.570 Df installcoordinationd[55453:976d6a] [com.apple.installcoordination:daemon] -[IXSDataPromiseManager registerPromise:]: Registered promise <IXSPromisedTransferToPath(0x105ce6200) Name:App Asset: com.DefaultCompany.NeonDrift Creator:InstallCoordination Simple SPI UUID:89D0021E-E746-4E55-B8CE-CC61875BD27A Location:[system-defined]> for UUID 89D0021E-E746-4E55-B8CE-CC61875BD27A
2026-06-24 01:07:27.572 Df installcoordinationd[55453:976d6a] [com.apple.installcoordination:daemon] -[IXSCoordinatorManager coordinatorForIdentity:connection:error:creatingIfNotExisting:]_block_invoke: Registered coordinator: <IXSCoordinatedAppInstall<0x105df4000> [P=CoreSimulatorBridge (pid 16923)] identifier:[com.DefaultCompany.NeonDrift/Invalid/[system-defined]] uuid:0B654E9F-0B02-4EEE-AD7B-C0D857C5C29F intent:IXCoordinatorIntentUpdating creator/appDRI:InstallCoordination Simple SPI importance:Background state:IXAppCoordinationStatePlaceholderPromiseNotSet promise-state:01234>
2026-06-24 01:07:27.573 Df installcoordinationd[55453:976d6a] [com.apple.appinstallation:TransactionLog] com.DefaultCompany.NeonDrift/Unknown Persona:4:2:1:1:Created coordinator with intent IXCoordinatorIntentUpdating for client InstallCoordination Simple SPI
2026-06-24 01:07:27.573 Df installcoordinationd[55453:976d6a] [com.apple.installcoordination:daemon] -[IXSCoordinatedAppInstall setPriorityBoostCompletion:withSourceInfo:]: <IXSCoordinatedAppInstall<0x105df4000> [P=CoreSimulatorBridge (pid 16923)] identifier:[com.DefaultCompany.NeonDrift/Invalid/[system-defined]] uuid:0B654E9F-0B02-4EEE-AD7B-C0D857C5C29F intent:IXCoordinatorIntentUpdating creator/appDRI:InstallCoordination Simple SPI importance:Background state:IXAppCoordinationStatePlaceholderPromiseNotSet promise-state:01234>: Retaining completion from CoreSimulatorBridge (16923), QOS_CLASS_DEFAULT (0x15)
2026-06-24 01:07:27.573 Df installcoordinationd[55453:976d6a] [com.apple.installcoordination:daemon] -[IXSCoordinatedAppInstall setImportance:]: <IXSCoordinatedAppInstall<0x105df4000> [P=CoreSimulatorBridge (pid 16923)] identifier:[com.DefaultCompany.NeonDrift/Invalid/[system-defined]] uuid:0B654E9F-0B02-4EEE-AD7B-C0D857C5C29F intent:IXCoordinatorIntentUpdating creator/appDRI:InstallCoordination Simple SPI importance:UserWaiting state:IXAppCoordinationStatePlaceholderPromiseNotSet promise-state:01234>: set importance to UserWaiting
2026-06-24 01:07:27.573 Df installcoordinationd[55453:976d6a] [com.apple.installcoordination:daemon] -[IXSCoordinatedAppInstall _onQueue_fireObserversForClient:]: <IXSCoordinatedAppInstall<0x105df4000> [P=CoreSimulatorBridge (pid 16923)] identifier:[com.DefaultCompany.NeonDrift/Invalid/[system-defined]] uuid:0B654E9F-0B02-4EEE-AD7B-C0D857C5C29F intent:IXCoordinatorIntentUpdating creator/appDRI:InstallCoordination Simple SPI importance:UserWaiting state:IXAppCoordinationStatePlaceholderPromiseNotSet promise-state:01234>: Firing applicable observers for client <IXSClientConnection<0x105c44480> client:CoreSimulatorBridge (pid 16923) uuid:807850CD-602B-4881-A92F-9CDF1896469D>
2026-06-24 01:07:27.573 Df installcoordinationd[55453:976d6a] [com.apple.installcoordination:daemon] -[IXSCoordinatedAppInstall setPriorityBoostCompletion:withSourceInfo:]: <IXSCoordinatedAppInstall<0x105df4000> [P=CoreSimulatorBridge (pid 16923)] identifier:[com.DefaultCompany.NeonDrift/Invalid/[system-defined]] uuid:0B654E9F-0B02-4EEE-AD7B-C0D857C5C29F intent:IXCoordinatorIntentUpdating creator/appDRI:InstallCoordination Simple SPI importance:UserWaiting state:IXAppCoordinationStatePlaceholderPromiseNotSet promise-state:01234>: Disposing of completion from CoreSimulatorBridge (16923), QOS_CLASS_DEFAULT (0x15)
2026-06-24 01:07:27.573 Df installcoordinationd[55453:976d6a] [com.apple.installcoordination:daemon] -[IXSCoordinatedAppInstall setPriorityBoostCompletion:withSourceInfo:]: <IXSCoordinatedAppInstall<0x105df4000> [P=CoreSimulatorBridge (pid 16923)] identifier:[com.DefaultCompany.NeonDrift/Invalid/[system-defined]] uuid:0B654E9F-0B02-4EEE-AD7B-C0D857C5C29F intent:IXCoordinatorIntentUpdating creator/appDRI:InstallCoordination Simple SPI importance:UserWaiting state:IXAppCoordinationStatePlaceholderPromiseNotSet promise-state:01234>: Retaining completion from CoreSimulatorBridge (16923), QOS_CLASS_DEFAULT (0x15)
2026-06-24 01:07:27.574 Df CoreSimulatorBridge[16923:976d69] [com.apple.installcoordination:framework] -[IXAppInstallCoordinator _clientDelegate_didRegisterForObservation]: <IXUpdatingAppInstallCoordinator<0x1055ce440> identity:[com.DefaultCompany.NeonDrift/Invalid/[system-defined]] uuid:0B654E9F-0B02-4EEE-AD7B-C0D857C5C29F creator:InstallCoordination Simple SPI>: Got observer registration delegate
2026-06-24 01:07:27.574 Df CoreSimulatorBridge[16923:976d69] [com.apple.installcoordination:framework] -[IXAppInstallCoordinator _clientDelegate_shouldResume]: <IXUpdatingAppInstallCoordinator<0x1055ce440> identity:[com.DefaultCompany.NeonDrift/Invalid/[system-defined]] uuid:0B654E9F-0B02-4EEE-AD7B-C0D857C5C29F creator:InstallCoordination Simple SPI>: Got should resume delegate
2026-06-24 01:07:27.574 Df CoreSimulatorBridge[16923:964e14] [com.apple.installcoordination:framework] -[IXAppInstallCoordinator _clientDelegate_didRegisterForObservation]_block_invoke: <IXUpdatingAppInstallCoordinator<0x1055ce440> identity:[com.DefaultCompany.NeonDrift/Invalid/[system-defined]] uuid:0B654E9F-0B02-4EEE-AD7B-C0D857C5C29F creator:InstallCoordination Simple SPI>: Observer <_IXSimpleInstallerDelegate 0x0x1055d6130> does not respond to coordinatorDidRegisterForObservation:
2026-06-24 01:07:27.574 Df CoreSimulatorBridge[16923:964e14] [com.apple.installcoordination:framework] -[IXAppInstallCoordinator _clientDelegate_shouldResume]_block_invoke: <IXUpdatingAppInstallCoordinator<0x1055ce440> identity:[com.DefaultCompany.NeonDrift/Invalid/[system-defined]] uuid:0B654E9F-0B02-4EEE-AD7B-C0D857C5C29F creator:InstallCoordination Simple SPI>: Observer <_IXSimpleInstallerDelegate 0x0x1055d6130> does not respond to coordinatorShouldResume:
2026-06-24 01:07:27.575 Df installcoordinationd[55453:976d6a] [com.apple.installcoordination:daemon] -[IXSCoordinatedAppInstall _internal_setInstallOptionsPromise:performExternalActions:]: <IXSCoordinatedAppInstall<0x105df4000> [P=CoreSimulatorBridge (pid 16923)] identifier:[com.DefaultCompany.NeonDrift/Invalid/[system-defined]] uuid:0B654E9F-0B02-4EEE-AD7B-C0D857C5C29F intent:IXCoordinatorIntentUpdating creator/appDRI:InstallCoordination Simple SPI importance:UserWaiting state:IXAppCoordinationStatePlaceholderPromiseNotSet promise-state:012I4> : install options set: <IXSPromisedInMemoryData(0x105ce5b00) Name:MIInstallOptions data Creator:Install Coordination Internal UUID:90C058E9-1565-458F-95BC-14417C5B2BF3 Location:[system-defined]>
2026-06-24 01:07:27.575 Df installcoordinationd[55453:976d6a] [com.apple.installcoordination:daemon] -[IXSCoordinatedAppInstall promiseDidComplete:]: <IXSCoordinatedAppInstall<0x105df4000> [P=CoreSimulatorBridge (pid 16923)] identifier:[com.DefaultCompany.NeonDrift/Invalid/[system-defined]] uuid:0B654E9F-0B02-4EEE-AD7B-C0D857C5C29F intent:IXCoordinatorIntentUpdating creator/appDRI:InstallCoordination Simple SPI importance:UserWaiting state:IXAppCoordinationStatePlaceholderPromiseNotSet promise-state:012I4> : Promise completed: <IXSPromisedInMemoryData(0x105ce5b00) Name:MIInstallOptions data Creator:Install Coordination Internal UUID:90C058E9-1565-458F-95BC-14417C5B2BF3 Location:[system-defined]>
2026-06-24 01:07:27.575 Df installcoordinationd[55453:976d6a] [com.apple.appinstallation:TransactionLog] com.DefaultCompany.NeonDrift/Unknown Persona:4:13:1:1:Install Options Promise began. Coordinator State: IXAppCoordinationStatePlaceholderPromiseNotSet
2026-06-24 01:07:27.575 Df installcoordinationd[55453:976d6a] [com.apple.appinstallation:TransactionLog] com.DefaultCompany.NeonDrift/Unknown Persona:4:13:2:1:Install Options Promise completed. Coordinator State: IXAppCoordinationStatePlaceholderPromiseNotSet
2026-06-24 01:07:27.579 Df installcoordinationd[55453:976d68] [com.apple.installcoordination:daemon] -[IXSCoordinatedAppInstall _internal_setAppAssetPromise:performExternalActions:]: <IXSCoordinatedAppInstall<0x105df4000> [P=CoreSimulatorBridge (pid 16923)] identifier:[com.DefaultCompany.NeonDrift/Invalid/[system-defined]] uuid:0B654E9F-0B02-4EEE-AD7B-C0D857C5C29F intent:IXCoordinatorIntentUpdating creator/appDRI:InstallCoordination Simple SPI importance:UserWaiting state:IXAppCoordinationStatePlaceholderPromiseNotSet promise-state:0a2I4> : App Asset Promise set: <IXSPromisedTransferToPath(0x105ce6200) Name:App Asset: com.DefaultCompany.NeonDrift Creator:InstallCoordination Simple SPI UUID:89D0021E-E746-4E55-B8CE-CC61875BD27A Location:[system-defined]>
2026-06-24 01:07:27.579 Df installcoordinationd[55453:976d68] [com.apple.installcoordination:daemon] -[IXSCoordinatedAppInstall setInitialODRAssetPromises:]: <IXSCoordinatedAppInstall<0x105df4000> [P=CoreSimulatorBridge (pid 16923)] identifier:[com.DefaultCompany.NeonDrift/Invalid/[system-defined]] uuid:0B654E9F-0B02-4EEE-AD7B-C0D857C5C29F intent:IXCoordinatorIntentUpdating creator/appDRI:InstallCoordination Simple SPI importance:UserWaiting state:IXAppCoordinationStatePlaceholderPromiseNotSet promise-state:0a2I4> : Initial ODR Asset Promises set: (
)
2026-06-24 01:07:27.580 Df CoreSimulatorBridge[16923:969949] [com.apple.installcoordination:framework] -[IXPromisedTransferToPath _performDeltaCopyFrom:toDestination:]: Performing delta copy from /Users/dragonkao/.openclaw/workspace/382b9e3384298039b171c9b2a60ae644/NeonDrift_MVP/project/xcode_derived_data/Build/Products/Release-iphonesimulator/NeonDrift.app to /Users/dragonkao/Library/Developer/CoreSimulator/Devices/CCB1E793-CED4-4FCD-BF73-321AAEA77AB9/data/Containers/Shared/SystemGroup/systemgroup.com.apple.installcoordinationd/Library/InstallCoordination/PromiseStaging/89D0021E-E746-4E55-B8CE-CC61875BD27A/NeonDrift.app with installed bundle at /Users/dragonkao/Library/Developer/CoreSimulator/Devices/CCB1E793-CED4-4FCD-BF73-321AAEA77AB9/data/Containers/Bundle/Application/5FB7A7A4-0279-44D2-B6E8-611C1F872FAA/NeonDrift.app
2026-06-24 01:07:27.581 Df CoreSimulatorBridge[16923:969949] (MobileSystemServices) 0x16dad3000 MDMCreateDeltaDirectory: calling MDMDirectoryDiff with:
state->old_bundle: /Users/dragonkao/Library/Developer/CoreSimulator/Devices/CCB1E793-CED4-4FCD-BF73-321AAEA77AB9/data/Containers/Bundle/Application/5FB7A7A4-0279-44D2-B6E8-611C1F872FAA/NeonDrift.app
state->new_bundle: /Users/dragonkao/.openclaw/workspace/382b9e3384298039b171c9b2a60ae644/NeonDrift_MVP/project/xcode_derived_data/Build/Products/Release-iphonesimulator/NeonDrift.app
state->dst_bundle: /Users/dragonkao/Library/Developer/CoreSimulator/Devices/CCB1E793-CED4-4FCD-BF73-321AAEA77AB9/data/Containers/Shared/SystemGroup/systemgroup.com.apple.installcoordinationd/Library/InstallCoordination/PromiseStaging/89D0021E-E746-4E55-B8CE-CC61875BD27A/NeonDrift.app/Payload//NeonDrift.app, binaryDiff flag: FALSE
	dst_ipa: /Users/dragonkao/Library/Developer/CoreSimulator/Devices/CCB1E793-CED4-4FCD-BF73-321AAEA77AB9/data/Containers/Shared/SystemGroup/systemgroup.com.apple.installcoordinationd/Library/InstallCoordination/PromiseStaging/89D00<…>
2026-06-24 01:07:27.641 Df CoreSimulatorBridge[16923:969949] [com.apple.installcoordination:framework] -[IXPromisedTransferToPath setComplete:]: <IXPromisedTransferToPath<0x1055ce4c0> name:"App Asset: com.DefaultCompany.NeonDrift" uuid:89D0021E-E746-4E55-B8CE-CC61875BD27A creator:"InstallCoordination Simple SPI" location:[system-defined]> Delta Copy operation from /Users/dragonkao/.openclaw/workspace/382b9e3384298039b171c9b2a60ae644/NeonDrift_MVP/project/xcode_derived_data/Build/Products/Release-iphonesimulator/NeonDrift.app to /Users/dragonkao/Library/Developer/CoreSimulator/Devices/CCB1E793-CED4-4FCD-BF73-321AAEA77AB9/data/Containers/Shared/SystemGroup/systemgroup.com.apple.installcoordinationd/Library/InstallCoordination/PromiseStaging/89D0021E-E746-4E55-B8CE-CC61875BD27A/NeonDrift.app took 0.061314 seconds
2026-06-24 01:07:27.642 Df installcoordinationd[55453:9571e8] [com.apple.installcoordination:daemon] -[IXSDataPromise _setPercentComplete:saveStateIfNeeded:]: Progress: <IXSPromisedTransferToPath(0x105ce6200) Name:App Asset: com.DefaultCompany.NeonDrift Creator:InstallCoordination Simple SPI UUID:89D0021E-E746-4E55-B8CE-CC61875BD27A Location:[system-defined]>
2026-06-24 01:07:27.642 Df installcoordinationd[55453:9571e8] [com.apple.installcoordination:daemon] -[IXSCoordinatedAppInstall promiseDidComplete:]: <IXSCoordinatedAppInstall<0x105df4000> [P=CoreSimulatorBridge (pid 16923)] identifier:[com.DefaultCompany.NeonDrift/Invalid/[system-defined]] uuid:0B654E9F-0B02-4EEE-AD7B-C0D857C5C29F intent:IXCoordinatorIntentUpdating creator/appDRI:InstallCoordination Simple SPI importance:UserWaiting state:IXAppCoordinationStatePlaceholderPromiseNotSet promise-state:0A2I4> : Promise completed: <IXSPromisedTransferToPath(0x105ce6200) Name:App Asset: com.DefaultCompany.NeonDrift Creator:InstallCoordination Simple SPI UUID:89D0021E-E746-4E55-B8CE-CC61875BD27A Location:[system-defined]>
2026-06-24 01:07:27.648 Df installcoordinationd[55453:976d68] [com.apple.appinstallation:TransactionLog] com.DefaultCompany.NeonDrift/Unknown Persona:4:10:1:1:App Asset Promise began. Coordinator State: IXAppCoordinationStatePlaceholderPromiseNotSet
2026-06-24 01:07:27.648 Df installcoordinationd[55453:976d68] [com.apple.appinstallation:TransactionLog] com.DefaultCompany.NeonDrift/Unknown Persona:4:10:2:1:App Asset Promise completed. Coordinator State: IXAppCoordinationStatePlaceholderPromiseNotSet
2026-06-24 01:07:27.648 Df installcoordinationd[55453:9571e8] [com.apple.installcoordination:daemon] -[IXSCoordinatedAppInstall setPlaceholderPromise:]: <IXSCoordinatedAppInstall<0x105df4000> [P=CoreSimulatorBridge (pid 16923)] identifier:[com.DefaultCompany.NeonDrift/Invalid/[system-defined]] uuid:0B654E9F-0B02-4EEE-AD7B-C0D857C5C29F intent:IXCoordinatorIntentUpdating creator/appDRI:InstallCoordination Simple SPI importance:UserWaiting state:IXAppCoordinationStateReadyForPlaceholderInstall promise-state:PA2I4> : Placeholder Promise set: <IXSPlaceholder(0x105d0c500) Name:App Placeholder: NeonDrift (com.DefaultCompany.NeonDrift) Creator:InstallCoordination Simple SPI UUID:DAD5C6A1-839C-40CF-982D-CE02BA8C6C68 Location:[system-defined]>
2026-06-24 01:07:27.648 Df CoreSimulatorBridge[16923:964e14] [com.apple.installcoordination:framework] -[IXAppInstallCoordinator _clientDelegate_promiseDidBeginFulfillmentWithIdentifier:]: <IXUpdatingAppInstallCoordinator<0x1055ce440> identity:[com.DefaultCompany.NeonDrift/Invalid/[system-defined]] uuid:0B654E9F-0B02-4EEE-AD7B-C0D857C5C29F creator:InstallCoordination Simple SPI>: Got promise did begin fulfillment for identifier 2
2026-06-24 01:07:27.648 Df installcoordinationd[55453:976d68] [com.apple.installcoordination:daemon] -[IXSCoordinatedAppInstall promiseDidComplete:]: <IXSCoordinatedAppInstall<0x105df4000> [P=CoreSimulatorBridge (pid 16923)] identifier:[com.DefaultCompany.NeonDrift/Invalid/[system-defined]] uuid:0B654E9F-0B02-4EEE-AD7B-C0D857C5C29F intent:IXCoordinatorIntentUpdating creator/appDRI:InstallCoordination Simple SPI importance:UserWaiting state:IXAppCoordinationStateReadyForPlaceholderInstall promise-state:PA2I4> : Promise completed: <IXSPlaceholder(0x105d0c500) Name:App Placeholder: NeonDrift (com.DefaultCompany.NeonDrift) Creator:InstallCoordination Simple SPI UUID:DAD5C6A1-839C-40CF-982D-CE02BA8C6C68 Location:[system-defined]>
2026-06-24 01:07:27.648 Df CoreSimulatorBridge[16923:964e14] [com.apple.installcoordination:framework] -[IXAppInstallCoordinator _clientDelegate_promiseDidBeginFulfillmentWithIdentifier:]_block_invoke: <IXUpdatingAppInstallCoordinator<0x1055ce440> identity:[com.DefaultCompany.NeonDrift/Invalid/[system-defined]] uuid:0B654E9F-0B02-4EEE-AD7B-C0D857C5C29F creator:InstallCoordination Simple SPI>: Observer <_IXSimpleInstallerDelegate 0x0x1055d6130> does not respond to coordinator:configuredPromiseDidBeginFulfillment: (or any deprecated equivalent)
2026-06-24 01:07:27.648 Df CoreSimulatorBridge[16923:976d69] [com.apple.installcoordination:framework] -[IXAppInstallCoordinator _clientDelegate_didUpdateProgress:forPhase:overallProgress:]: <IXUpdatingAppInstallCoordinator<0x1055ce440> identity:[com.DefaultCompany.NeonDrift/Invalid/[system-defined]] uuid:0B654E9F-0B02-4EEE-AD7B-C0D857C5C29F creator:InstallCoordination Simple SPI>: Got did update progress delegate with percentComplete 100.000000 phase IXCoordinatorProgressPhaseLoading overallProgress 60.000000
2026-06-24 01:07:27.648 Df CoreSimulatorBridge[16923:976d69] [com.apple.installcoordination:framework] -[IXAppInstallCoordinator _clientDelegate_didUpdateProgress:forPhase:overallProgress:]_block_invoke: <IXUpdatingAppInstallCoordinator<0x1055ce440> identity:[com.DefaultCompany.NeonDrift/Invalid/[system-defined]] uuid:0B654E9F-0B02-4EEE-AD7B-C0D857C5C29F creator:InstallCoordination Simple SPI>: Calling selector coordinator:didUpdateProgress:forPhase:overallProgress: on observer <_IXSimpleInstallerDelegate 0x0x1055d6130>
2026-06-24 01:07:27.649 Df installcoordinationd[55453:9571e8] [com.apple.installcoordination:daemon] -[IXSCoordinatedAppInstall _onQueue_acquireAssertionAndInstallPlaceholder]: Acquiring termination assertion to install placeholder for [com.DefaultCompany.NeonDrift/Invalid/[system-defined]]
2026-06-24 01:07:27.649 Df installcoordinationd[55453:9571e8] [com.apple.installcoordination:daemon] -[IXSPendingOperationsTracker beginPendingOperationForIdentity:]_block_invoke: Beginning pending operation for [com.DefaultCompany.NeonDrift/Invalid/[system-defined]]
2026-06-24 01:07:27.649 Df runningboardd[16896:976d70] [com.apple.runningboard:connection] Received termination request from [osservice<com.apple.installcoordinationd>:55453] on <RBSProcessPredicate <RBSProcessBundleIdentifierPredicate "com.DefaultCompany.NeonDrift">> with context <RBSTerminateContext| explanation:installcoordinationd app:[com.DefaultCompany.NeonDrift/Invalid/[system-defined]] uuid:0B654E9F-0B02-4EEE-AD7B-C0D857C5C29F isPlaceholder:Y reportType:None maxTerminationResistance:Absolute attrs:[
	<RBSPreventLaunchLimitation| <RBSProcessPredicate <RBSProcessBundleIdentifierPredicate "com.DefaultCompany.NeonDrift">> allow:(null)>
	]>
2026-06-24 01:07:27.649 Df installcoordinationd[55453:976d68] [com.apple.runningboard:process] Hit the server for a process handle f1b20690000b16c that resolved to: [app<com.DefaultCompany.NeonDrift((null))>:45420]
2026-06-24 01:07:27.649 Df installcoordinationd[55453:976d68] [com.apple.runningboard:monitor] Received state update for 45420 (app<com.DefaultCompany.NeonDrift((null))>, running-active-NotVisible
2026-06-24 01:07:27.650 Df runningboardd[16896:976d70] [com.apple.runningboard:general] Found 0 extensions contained in com.DefaultCompany.NeonDrift
2026-06-24 01:07:27.650 Df runningboardd[16896:976d70] [com.apple.PlugInKit:holds] <PKManager:0x107069940> hold request for [/Users/dragonkao/Library/Developer/CoreSimulator/Devices/CCB1E793-CED4-4FCD-BF73-321AAEA77AB9/data/Containers/Bundle/Application/5FB7A7A4-0279-44D2-B6E8-611C1F872FAA/NeonDrift.app] with flags: 0x4
2026-06-24 01:07:27.651 Df runningboardd[16896:976d70] [com.apple.PlugInKit:holds] <PKManager:0x107069940> hold request for [/Users/dragonkao/Library/Developer/CoreSimulator/Devices/CCB1E793-CED4-4FCD-BF73-321AAEA77AB9/data/Containers/Bundle/Application/5FB7A7A4-0279-44D2-B6E8-611C1F872FAA/NeonDrift.app] with flags: 0x4 completed with hold token: [C95A7BB6-F645-4CB5-8EC6-95EEA3342E0E]
2026-06-24 01:07:27.651 Df NeonDrift[45420:957406] [com.apple.PlugInKit:discovery] Annotations changed, re-performing query for continuous discovery, report block = <0x116967db0>.
2026-06-24 01:07:27.651 Df NeonDrift[45420:957405] [com.apple.PlugInKit:discovery] Annotations changed, re-performing query for continuous discovery, report block = <0x1168c0300>.
2026-06-24 01:07:27.651 Df runningboardd[16896:976d70] [com.apple.runningboard:ttl] Acquiring assertion targeting system from originator [osservice<com.apple.installcoordinationd>:55453] with description <RBSAssertionDescriptor| "installcoordinationd app:[com.DefaultCompany.NeonDrift/Invalid/[system-defined]] uuid:0B654E9F-0B02-4EEE-AD7B-C0D857C5C29F isPlaceholder:Y" ID:16896-55453-10270 target:system attributes:[
	<RBSPreventLaunchLimitation| <RBSProcessPredicate <RBSProcessBundleIdentifierPredicate "com.DefaultCompany.NeonDrift">> allow:(null)>
	]>
2026-06-24 01:07:27.651 Df NeonDrift[45420:95740c] [com.apple.PlugInKit:discovery] Annotations changed, re-performing query for continuous discovery, report block = <0x116967b70>.
2026-06-24 01:07:27.651 Df runningboardd[16896:976d70] [com.apple.runningboard:process] Executing termination request for: <RBSProcessPredicate <RBSProcessBundleIdentifierPredicate "com.DefaultCompany.NeonDrift">>
2026-06-24 01:07:27.651 Df runningboardd[16896:976d70] [com.apple.runningboard:process] [app<com.DefaultCompany.NeonDrift((null))>:45420] Terminating with context: <RBSTerminateContext| explanation:installcoordinationd app:[com.DefaultCompany.NeonDrift/Invalid/[system-defined]] uuid:0B654E9F-0B02-4EEE-AD7B-C0D857C5C29F isPlaceholder:Y reportType:None maxTerminationResistance:Absolute attrs:[
	<RBSPreventLaunchLimitation| <RBSProcessPredicate <RBSProcessBundleIdentifierPredicate "com.DefaultCompany.NeonDrift">> allow:(null)>
	]>
2026-06-24 01:07:27.651 Df runningboardd[16896:976d70] [com.apple.runningboard:process] [app<com.DefaultCompany.NeonDrift((null))>:45420] terminate_with_reason() success
2026-06-24 01:07:27.651 Df NeonDrift[45420:957406] [com.apple.PlugInKit:discovery] [d CEF4D50E-11AD-4F9B-8CF0-4642EFD06DC9] <PKHost:0x116970400> Beginning discovery for flags: 0, point: com.apple.AudioUnit-UI
2026-06-24 01:07:27.651 Df NeonDrift[45420:95740c] [com.apple.PlugInKit:discovery] [d 80E44B7F-D85B-4A0A-B5E8-A7E0EA5983A4] <PKHost:0x116970400> Beginning discovery for flags: 0, point: com.apple.AudioUnit
2026-06-24 01:07:27.652 Df SpringBoard[16891:643be3] [com.apple.SpringBoard:Common] termination assertion acquired for com.DefaultCompany.NeonDrift
2026-06-24 01:07:27.652 Df installcoordinationd[55453:9571e8] [com.apple.runningboard:assertion] Setting up death monitor for [app<com.DefaultCompany.NeonDrift((null))>:45420]
2026-06-24 01:07:27.652 Df installcoordinationd[55453:9571e8] [com.apple.runningboard:process] Starting death monitoring for handle [app<com.DefaultCompany.NeonDrift((null))>:45420]
2026-06-24 01:07:27.652 Df SpringBoard[16891:976d74] [com.apple.FrontBoard:ProcessWorkspace] [app<com.DefaultCompany.NeonDrift>:45420] Workspace connection invalidated.
2026-06-24 01:07:27.652 Df SpringBoard[16891:976d74] [com.apple.FrontBoard:Process] [app<com.DefaultCompany.NeonDrift>:45420] Now flagged as pending exit for reason: workspace client connection invalidated
2026-06-24 01:07:27.652 Df backboardd[16914:976d73] [com.apple.iohid:default] Connection removed: IOHIDEventSystemConnection uuid:40BA5146-BFB2-47AD-873C-5DD935757635 pid:45420 process:NeonDrift type:Passive entitlements:0x0 caller:BackBoardServices: ___getHIDEventSystemClient_block_invoke + 296 attributes:{
    HighFrequency = 0;
    bundleID = "com.DefaultCompany.NeonDrift";
    pid = 45420;
} state:0x1 events:0 mask:0x0 dropped:0 dropStatus:0 droppedMask:0x0 lastDroppedTime:NONE
2026-06-24 01:07:27.652 Df backboardd[16914:976d76] [com.apple.iohid:default] Connection removed: IOHIDEventSystemConnection uuid:1FB9C92C-97E7-47FB-8B0F-655771A562ED pid:45420 process:NeonDrift type:Monitor entitlements:0x0 caller:GameControllerFoundation: -[GCHIDEventSystemClient initWithQueue:type:attributes:functions:] + 116 attributes:(null) state:0x1 events:0 mask:0x0 dropped:0 dropStatus:0 droppedMask:0x0 lastDroppedTime:NONE
2026-06-24 01:07:27.652 Df backboardd[16914:976d73] [com.apple.BackBoard:HID] Removing client connection <BKHIDClientConnection: 0x10dd3d4c0; IOHIDEventSystemConnectionRef: 0x105ebce00; vpid: 45420(v19347A); taskPort: 0x27CAB; bundleID: com.DefaultCompany.NeonDrift> for client: IOHIDEventSystemConnection uuid:40BA5146-BFB2-47AD-873C-5DD935757635 pid:45420 process:NeonDrift type:Passive entitlements:0x0 caller:BackBoardServices: ___getHIDEventSystemClient_block_invoke + 296 attributes:{
    HighFrequency = 0;
    bundleID = "com.DefaultCompany.NeonDrift";
    pid = 45420;
} state:0x1 events:0 mask:0x0 dropped:0 dropStatus:0 droppedMask:0x0 lastDroppedTime:NONE source:HID
2026-06-24 01:07:27.653 Df SpringBoard[16891:97508c] [com.apple.KeyboardArbiter:Handle] com.DefaultCompany.NeonDrift(45420) lostConnection (invalidation)
2026-06-24 01:07:27.654 Df SpringBoard[16891:643be3] [com.apple.SpringBoard:Icon] 0x10a554000-SBApplicationIcon Data source did change: <SBApplication: 0x121cfd200; com.DefaultCompany.NeonDrift> {
    processState = <SBApplicationProcessState: 0x121ee2800; pid: 45420; taskState: Running; visibility: Foreground>;
} (SBApplication)
2026-06-24 01:07:27.654 Df installcoordinationd[55453:9571e8] [com.apple.appinstallation:TransactionLog] com.DefaultCompany.NeonDrift/Unknown Persona:4:9:1:1:Placeholder Promise began. Coordinator State: IXAppCoordinationStateWaitingForPlaceholderAssertion
2026-06-24 01:07:27.654 Df installcoordinationd[55453:9571e8] [com.apple.installcoordination:daemon] -[IXSCoordinatorProgress setTotalUnitsCompleted:]: Progress for coordinator: [com.DefaultCompany.NeonDrift/Invalid/[system-defined]], Phase: IXCoordinatorProgressPhaseLoading, Percentage: 100.000000: Attempt to set units completed on finished progress: 100
2026-06-24 01:07:27.654 Df installcoordinationd[55453:9571e8] [com.apple.appinstallation:TransactionLog] com.DefaultCompany.NeonDrift/Unknown Persona:4:9:2:1:Placeholder Promise completed. Coordinator State: IXAppCoordinationStateWaitingForPlaceholderAssertion
2026-06-24 01:07:27.654 Df runningboardd[16896:97539a] [com.apple.runningboard:process] XPC connection invalidated: [app<com.DefaultCompany.NeonDrift((null))>:45420]
2026-06-24 01:07:27.657 Df SpringBoard[16891:97508c] [com.apple.KeyboardArbiter:Handle] RX com.DefaultCompany.NeonDrift(45420) setWindowContextID:0 windowState:Disabled level:0.0
    focusContext:(null)
2026-06-24 01:07:27.659 Df CoreSimulatorBridge[16923:969949] [com.apple.installcoordination:framework] -[IXAppInstallCoordinator _clientDelegate_promiseDidBeginFulfillmentWithIdentifier:]: <IXUpdatingAppInstallCoordinator<0x1055ce440> identity:[com.DefaultCompany.NeonDrift/Invalid/[system-defined]] uuid:0B654E9F-0B02-4EEE-AD7B-C0D857C5C29F creator:InstallCoordination Simple SPI>: Got promise did begin fulfillment for identifier 1
2026-06-24 01:07:27.659 Df CoreSimulatorBridge[16923:969949] [com.apple.installcoordination:framework] -[IXAppInstallCoordinator _clientDelegate_promiseDidBeginFulfillmentWithIdentifier:]_block_invoke: <IXUpdatingAppInstallCoordinator<0x1055ce440> identity:[com.DefaultCompany.NeonDrift/Invalid/[system-defined]] uuid:0B654E9F-0B02-4EEE-AD7B-C0D857C5C29F creator:InstallCoordination Simple SPI>: Observer <_IXSimpleInstallerDelegate 0x0x1055d6130> does not respond to coordinator:configuredPromiseDidBeginFulfillment: (or any deprecated equivalent)
2026-06-24 01:07:27.659 Df SpringBoard[16891:643be3] [com.apple.SpringBoard:KeyboardFocus] [coordinator] using MRU target <com.apple.frontboard.systemappservices/FBSceneManager:sceneID%3Acom.DefaultCompany.NeonDrift-default pid:45420>
2026-06-24 01:07:27.659 Df backboardd[16914:96cd24] [com.apple.BackBoard:EventDelivery] chain did update (setDeferringRules) <keyboardFocus; display: null> containsEndOfChain: YES; [
    <token: com.apple.frontboard.systemappservices/FBSceneManager:com.apple.springboard; pid: 16891>,
    <token: com.apple.frontboard.systemappservices/FBSceneManager:sceneID%3Acom.DefaultCompany.NeonDrift-default; pid: 45420>
]
2026-06-24 01:07:27.659 Df SpringBoard[16891:643be3] [com.apple.SpringBoard:KeyboardFocus] [coordinator] informing scene controller 'com.apple.springboard' of focusTarget: <com.apple.frontboard.systemappservices/FBSceneManager:sceneID%3Acom.DefaultCompany.NeonDrift-default pid:45420>
2026-06-24 01:07:27.660 Df backboardd[16914:96cd24] [com.apple.BackBoard:EventDelivery] chain did update (setDeferringRules) <keyboardFocus; display: builtin> containsEndOfChain: YES; [
    <token: com.apple.frontboard.systemappservices/FBSceneManager:com.apple.springboard; pid: 16891>,
    <token: com.apple.frontboard.systemappservices/FBSceneManager:sceneID%3Acom.DefaultCompany.NeonDrift-default; pid: 45420>
]
2026-06-24 01:07:27.660 Df SpringBoard[16891:643be3] [com.apple.SpringBoard:KeyboardFocus] [coordinator] keyboard arbiter suggested <nothing> and we replied <com.apple.frontboard.systemappservices/FBSceneManager:sceneID%3Acom.DefaultCompany.NeonDrift-default pid:45420>
2026-06-24 01:07:27.660 E  SpringBoard[16891:976d8e] [com.apple.UIKit:KeyboardArbiter] Advisor: No handle found for currently focused PID: 45420; sceneIdentity: com.apple.frontboard.systemappservices/FBSceneManager:sceneID%3Acom.DefaultCompany.NeonDrift-default
2026-06-24 01:07:27.668 Df launchd_sim[16886:975c31] [user/501/UIKitApplication:com.DefaultCompany.NeonDrift[e737][rb-legacy] [45420]:] exited with exit reason (namespace: 15 code: 0x0) - OS_REASON_RUNNINGBOARD | <RBSTerminateContext| explanation:installcoordinationd app:[com.DefaultCompany.NeonDrift/Invalid/[system-defined]] uuid:0B654E9F-0B02-4EEE-AD7B-C0D857C5C29F isPlaceholder:Y reportType:None maxTerminationResistance:Absolute attrs:[
	<RBSPreventLaunchLimitation| <RBSProcessPredicate <RBSProcessBundleIdentifierPredicate "com.DefaultCompany.NeonDrift">> allow:(null)>
	]>, ran for 2151863ms
2026-06-24 01:07:27.668 Df launchd_sim[16886:975c31] [user/501:] service inactive: UIKitApplication:com.DefaultCompany.NeonDrift[e737][rb-legacy]
2026-06-24 01:07:27.668 Df runningboardd[16896:976d72] [com.apple.runningboard:ttl] [app<com.DefaultCompany.NeonDrift((null))>:45420] termination reported by launchd (15, 0, 9)
2026-06-24 01:07:27.668 Df runningboardd[16896:976d72] [com.apple.runningboard:process] Removing process: [app<com.DefaultCompany.NeonDrift((null))>:45420]
2026-06-24 01:07:27.668 Df runningboardd[16896:976d72] [com.apple.runningboard:job] Removing launch job for: [app<com.DefaultCompany.NeonDrift((null))>:45420]
2026-06-24 01:07:27.668 Df launchd_sim[16886:976b84] [user/501:] removing service: UIKitApplication:com.DefaultCompany.NeonDrift[e737][rb-legacy]
2026-06-24 01:07:27.668 Df runningboardd[16896:976d72] [com.apple.runningboard:job] Removed job for [app<com.DefaultCompany.NeonDrift((null))>:45420]
2026-06-24 01:07:27.668 Df runningboardd[16896:976d72] [com.apple.runningboard:process] Removing assertions for terminated process: [app<com.DefaultCompany.NeonDrift((null))>:45420]
2026-06-24 01:07:27.668 Df runningboardd[16896:976d72] [com.apple.runningboard:assertion] Removed last relative-start-date-defining assertion for process app<com.DefaultCompany.NeonDrift((null))>
2026-06-24 01:07:27.669 Df runningboardd[16896:976d70] [com.apple.runningboard:monitor] Calculated state for app<com.DefaultCompany.NeonDrift((null))>: none (role: None) (endowments: (null))
2026-06-24 01:07:27.669 Df runningboardd[16896:976da4] [com.apple.runningboard:process] Notifying connection [osservice<com.apple.SpringBoard>:16891] that process [app<com.DefaultCompany.NeonDrift((null))>:45420] exited with context <RBSProcessExitContext| specific, status:<RBSProcessExitStatus| domain:runningboard(15) code:0>>
2026-06-24 01:07:27.669 Df runningboardd[16896:976da4] [com.apple.runningboard:process] Notifying connection [osservice<com.apple.installcoordinationd>:55453] that process [app<com.DefaultCompany.NeonDrift((null))>:45420] exited with context <RBSProcessExitContext| specific, status:<RBSProcessExitStatus| domain:runningboard(15) code:0>>
2026-06-24 01:07:27.669 Df runningboardd[16896:976dac] [com.apple.runningboard:monitor] Calculated state for app<com.DefaultCompany.NeonDrift((null))>: none (role: None) (endowments: (null))
2026-06-24 01:07:27.669 Df installcoordinationd[55453:9571e8] [com.apple.runningboard:process] Calling process death completion block for handle [app<com.DefaultCompany.NeonDrift((null))>:45420]
2026-06-24 01:07:27.669 Df installcoordinationd[55453:9571e8] [com.apple.runningboard:assertion] Death monitor triggered for [app<com.DefaultCompany.NeonDrift((null))>:45420]
2026-06-24 01:07:27.669 Df SpringBoard[16891:97647d] [com.apple.FrontBoard:ProcessWorkspace] [app<com.DefaultCompany.NeonDrift>:45420] Workspace assertion invalidated: <NSError: 0x121c318f0; domain: RBSAssertionErrorDomain; code: 1; "Assertions were invalidated, count = 3.
16896-16891-10111: invalidation reason: 1
16896-16891-10106: invalidation reason: 1
16896-16891-10107: invalidation reason: 1">
2026-06-24 01:07:27.669 Df SpringBoard[16891:97647d] [com.apple.runningboard:process] Calling process death completion block for handle [app<com.DefaultCompany.NeonDrift((null))>:45420]
2026-06-24 01:07:27.669 Df installcoordinationd[55453:9571e8] [com.apple.installcoordination:daemon] -[IXSCoordinatedAppInstall assertionAcquiredCallback]: RBS termination assertion observer called for <IXSCoordinatedAppInstall<0x105df4000> [P=CoreSimulatorBridge (pid 16923)] identifier:[com.DefaultCompany.NeonDrift/Invalid/[system-defined]] uuid:0B654E9F-0B02-4EEE-AD7B-C0D857C5C29F intent:IXCoordinatorIntentUpdating creator/appDRI:InstallCoordination Simple SPI importance:UserWaiting state:IXAppCoordinationStateWaitingForPlaceholderAssertion promise-state:PA2I4>
