Timestamp               Ty Process[PID:TID]
2026-06-26 21:31:24.901 Df CoreSimulatorBridge[13156:853e10] Request received for installation of file:///Users/dragonkao/.openclaw/workspace/382b9e3384298039b171c9b2a60ae644/NeonDrift_MVP/project/xcode_derived_data/Build/Products/Release-iphonesimulator/NeonDrift.run.1782480634.15608.app/ with options: {
    PackageType = Developer;
    SimulatorRootPath = "/Library/Developer/CoreSimulator/Volumes/iOS_23F77/Library/Developer/CoreSimulator/Profiles/Runtimes/iOS 26.5.simruntime/Contents/Resources/RuntimeRoot";
    SimulatorUserPath = "/Users/dragonkao/Library/Developer/CoreSimulator/Devices/115FDF0C-5A2F-4686-909B-7F43F1450A28/data";
}
2026-06-26 21:31:24.902 Df CoreSimulatorBridge[13156:853e10] [com.apple.installcoordination:framework] +[IXAppInstallCoordinator(IXSimpleInstaller) _beginInstallForURL:forPersonaUniqueString:consumeSource:options:progressBlock:completionWithIdentity:]: Beginning install for /Users/dragonkao/.openclaw/workspace/382b9e3384298039b171c9b2a60ae644/NeonDrift_MVP/project/xcode_derived_data/Build/Products/Release-iphonesimulator/NeonDrift.run.1782480634.15608.app consuming source:N options:{
    IsUserInitiated = 1;
    PackageType = Developer;
} installationRequestorAuditToken: NULL
2026-06-26 21:31:24.904 Df installcoordinationd[26512:853e21] [com.apple.installcoordination:daemon] -[IXSDataPromiseManager registerPromise:]: Registered promise <IXSPlaceholder(0x105510500) Name:App Placeholder: NeonDrift.run.1782480634.15608 (com.DefaultCompany.NeonDrift.run.1782480634.15608) Creator:InstallCoordination Simple SPI UUID:959720C3-9C3C-46BD-9635-C5D824135FD5 Location:[system-defined]> for UUID 959720C3-9C3C-46BD-9635-C5D824135FD5
2026-06-26 21:31:24.905 Df installcoordinationd[26512:853e21] [com.apple.installcoordination:daemon] -[IXSPlaceholder setAttributes:]: <IXSPlaceholder(0x105510500) Name:App Placeholder: NeonDrift.run.1782480634.15608 (com.DefaultCompany.NeonDrift.run.1782480634.15608) Creator:InstallCoordination Simple SPI UUID:959720C3-9C3C-46BD-9635-C5D824135FD5 Location:[system-defined]>: setting placeholder attributes to <IXPlaceholderAttributes<0x1054a0fa0> : {
    CFBundleShortVersionString = "1.0";
    CFBundleSupportedPlatforms =     (
        iPhoneSimulator
    );
    CFBundleVersion = 0;
    DTPlatformName = iphonesimulator;
    LSRequiresIPhoneOS = 1;
    MinimumOSVersion = "13.0";
    UIDeviceFamily =     (
        1,
        2
    );
    UIRequiredDeviceCapabilities =     {
        arm64 = 1;
        metal = 1;
    };
}>
2026-06-26 21:31:24.905 Df CoreSimulatorBridge[13156:853e11] [com.apple.installcoordination:framework] +[IXPlaceholder _setEntitlementsFromBundleExecutableURL:withBundleID:client:onPlaceholder:location:error:]: Executable for com.DefaultCompany.NeonDrift.run.1782480634.15608 at NeonDrift.run.1782480634.15608 -- file:///Users/dragonkao/.openclaw/workspace/382b9e3384298039b171c9b2a60ae644/NeonDrift_MVP/project/xcode_derived_data/Build/Products/Release-iphonesimulator/NeonDrift.run.1782480634.15608.app/ had no entitlements
2026-06-26 21:31:24.905 Df CoreSimulatorBridge[13156:853e11] [com.apple.installcoordination:framework] +[IXPlaceholder _placeholderForBundle:client:withParent:installType:metadata:placeholderType:mayBeDeltaPackage:isFromSerializedPlaceholder:location:error:]: Using full fidelity icons for com.DefaultCompany.NeonDrift.run.1782480634.15608 at /Users/dragonkao/.openclaw/workspace/382b9e3384298039b171c9b2a60ae644/NeonDrift_MVP/project/xcode_derived_data/Build/Products/Release-iphonesimulator/NeonDrift.run.1782480634.15608.app
2026-06-26 21:31:24.906 Df installcoordinationd[26512:853e21] [com.apple.installcoordination:daemon] -[IXSDataPromiseManager registerPromise:]: Registered promise <IXSPromisedTransferToPath(0x1054de380) Name:Icon resources for com.DefaultCompany.NeonDrift.run.1782480634.15608 Creator:InstallCoordination Simple SPI UUID:F43EEF22-8ABF-4F7D-A01B-171252C0E2DB Location:[system-defined]> for UUID F43EEF22-8ABF-4F7D-A01B-171252C0E2DB
2026-06-26 21:31:24.909 Df CoreSimulatorBridge[13156:853e11] [com.apple.installcoordination:framework] -[IXPromisedTransferToPath setComplete:]: <IXPromisedTransferToPath<0x103458640> name:"Icon resources for com.DefaultCompany.NeonDrift.run.1782480634.15608" uuid:F43EEF22-8ABF-4F7D-A01B-171252C0E2DB creator:"InstallCoordination Simple SPI" location:[system-defined]> Move operation from /Users/dragonkao/Library/Developer/CoreSimulator/Devices/115FDF0C-5A2F-4686-909B-7F43F1450A28/data/Containers/Shared/SystemGroup/systemgroup.com.apple.installcoordinationd/Library/InstallCoordination/PromiseStaging/F43EEF22-8ABF-4F7D-A01B-171252C0E2DB/temp.ByoqS1 to /Users/dragonkao/Library/Developer/CoreSimulator/Devices/115FDF0C-5A2F-4686-909B-7F43F1450A28/data/Containers/Shared/SystemGroup/systemgroup.com.apple.installcoordinationd/Library/InstallCoordination/PromiseStaging/F43EEF22-8ABF-4F7D-A01B-171252C0E2DB/temp.ByoqS1 took 0.000048 seconds
2026-06-26 21:31:24.909 Df installcoordinationd[26512:853e21] [com.apple.installcoordination:daemon] -[IXSDataPromise _setPercentComplete:saveStateIfNeeded:]: Progress: <IXSPromisedTransferToPath(0x1054de380) Name:Icon resources for com.DefaultCompany.NeonDrift.run.1782480634.15608 Creator:InstallCoordination Simple SPI UUID:F43EEF22-8ABF-4F7D-A01B-171252C0E2DB Location:[system-defined]>
2026-06-26 21:31:24.910 Df installcoordinationd[26512:853e21] [com.apple.installcoordination:daemon] -[IXSDataPromiseManager promiseDidBegin:]: Unowned promise began: <IXSPromisedTransferToPath(0x1054de380) Name:Icon resources for com.DefaultCompany.NeonDrift.run.1782480634.15608 Creator:InstallCoordination Simple SPI UUID:F43EEF22-8ABF-4F7D-A01B-171252C0E2DB Location:[system-defined]>
2026-06-26 21:31:24.910 Df installcoordinationd[26512:853e21] [com.apple.installcoordination:daemon] -[IXSDataPromiseManager promise:didUpdateProgress:]: Unowned promise update progress to 1.000000 : <IXSPromisedTransferToPath(0x1054de380) Name:Icon resources for com.DefaultCompany.NeonDrift.run.1782480634.15608 Creator:InstallCoordination Simple SPI UUID:F43EEF22-8ABF-4F7D-A01B-171252C0E2DB Location:[system-defined]>
2026-06-26 21:31:24.910 Df installcoordinationd[26512:853e21] [com.apple.installcoordination:daemon] -[IXSDataPromiseManager promiseDidComplete:]: Unowned promise completed: <IXSPromisedTransferToPath(0x1054de380) Name:Icon resources for com.DefaultCompany.NeonDrift.run.1782480634.15608 Creator:InstallCoordination Simple SPI UUID:F43EEF22-8ABF-4F7D-A01B-171252C0E2DB Location:[system-defined]>
2026-06-26 21:31:24.911 Df installcoordinationd[26512:853e22] [com.apple.installcoordination:daemon] -[IXSDataPromise _setPercentComplete:saveStateIfNeeded:]: Progress: <IXSPromisedInMemoryDictionary(0x1054de100) Name:Info.plist icon content for com.DefaultCompany.NeonDrift.run.1782480634.15608 Creator:InstallCoordination Simple SPI UUID:D35A9146-88BB-4B42-87F1-AC26AE6B2647 Location:[system-defined]>
2026-06-26 21:31:24.911 Df installcoordinationd[26512:853e22] [com.apple.installcoordination:daemon] -[IXSDataPromiseManager registerPromise:]: Registered promise <IXSPromisedInMemoryDictionary(0x1054de100) Name:Info.plist icon content for com.DefaultCompany.NeonDrift.run.1782480634.15608 Creator:InstallCoordination Simple SPI UUID:D35A9146-88BB-4B42-87F1-AC26AE6B2647 Location:[system-defined]> for UUID D35A9146-88BB-4B42-87F1-AC26AE6B2647
2026-06-26 21:31:24.911 Df installcoordinationd[26512:85893f] [com.apple.installcoordination:daemon] -[IXSDataPromiseManager promiseDidBegin:]: Unowned promise began: <IXSPromisedInMemoryDictionary(0x1054de100) Name:Info.plist icon content for com.DefaultCompany.NeonDrift.run.1782480634.15608 Creator:InstallCoordination Simple SPI UUID:D35A9146-88BB-4B42-87F1-AC26AE6B2647 Location:[system-defined]>
2026-06-26 21:31:24.911 Df installcoordinationd[26512:85893f] [com.apple.installcoordination:daemon] -[IXSDataPromiseManager promise:didUpdateProgress:]: Unowned promise update progress to 1.000000 : <IXSPromisedInMemoryDictionary(0x1054de100) Name:Info.plist icon content for com.DefaultCompany.NeonDrift.run.1782480634.15608 Creator:InstallCoordination Simple SPI UUID:D35A9146-88BB-4B42-87F1-AC26AE6B2647 Location:[system-defined]>
2026-06-26 21:31:24.911 Df installcoordinationd[26512:85893f] [com.apple.installcoordination:daemon] -[IXSDataPromiseManager promiseDidComplete:]: Unowned promise completed: <IXSPromisedInMemoryDictionary(0x1054de100) Name:Info.plist icon content for com.DefaultCompany.NeonDrift.run.1782480634.15608 Creator:InstallCoordination Simple SPI UUID:D35A9146-88BB-4B42-87F1-AC26AE6B2647 Location:[system-defined]>
2026-06-26 21:31:24.912 Df installcoordinationd[26512:853e22] [com.apple.installcoordination:daemon] -[IXSPlaceholder setIconResourcesPromise:]: <IXSPlaceholder(0x105510500) Name:App Placeholder: NeonDrift.run.1782480634.15608 (com.DefaultCompany.NeonDrift.run.1782480634.15608) Creator:InstallCoordination Simple SPI UUID:959720C3-9C3C-46BD-9635-C5D824135FD5 Location:[system-defined]>: setting icon resources promise to <IXSPromisedTransferToPath(0x1054de380) Name:Icon resources for com.DefaultCompany.NeonDrift.run.1782480634.15608 Creator:InstallCoordination Simple SPI UUID:F43EEF22-8ABF-4F7D-A01B-171252C0E2DB Location:[system-defined]>
2026-06-26 21:31:24.912 Df installcoordinationd[26512:853e22] [com.apple.installcoordination:daemon] -[IXSPlaceholder setInfoPlistIconContentPromise:]: <IXSPlaceholder(0x105510500) Name:App Placeholder: NeonDrift.run.1782480634.15608 (com.DefaultCompany.NeonDrift.run.1782480634.15608) Creator:InstallCoordination Simple SPI UUID:959720C3-9C3C-46BD-9635-C5D824135FD5 Location:[system-defined]>: setting Info.plist icon content promise to <IXSPromisedInMemoryDictionary(0x1054de100) Name:Info.plist icon content for com.DefaultCompany.NeonDrift.run.1782480634.15608 Creator:InstallCoordination Simple SPI UUID:D35A9146-88BB-4B42-87F1-AC26AE6B2647 Location:[system-defined]>
2026-06-26 21:31:24.913 Df installcoordinationd[26512:853e22] [com.apple.installcoordination:daemon] -[IXSDataPromiseManager promiseDidBegin:]: Unowned promise began: <IXSPlaceholder(0x105510500) Name:App Placeholder: NeonDrift.run.1782480634.15608 (com.DefaultCompany.NeonDrift.run.1782480634.15608) Creator:InstallCoordination Simple SPI UUID:959720C3-9C3C-46BD-9635-C5D824135FD5 Location:[system-defined]>
2026-06-26 21:31:24.913 Df installcoordinationd[26512:853e22] [com.apple.installcoordination:daemon] -[IXSDataPromiseManager promise:didUpdateProgress:]: Unowned promise update progress to 0.000000 : <IXSPlaceholder(0x105510500) Name:App Placeholder: NeonDrift.run.1782480634.15608 (com.DefaultCompany.NeonDrift.run.1782480634.15608) Creator:InstallCoordination Simple SPI UUID:959720C3-9C3C-46BD-9635-C5D824135FD5 Location:[system-defined]>
2026-06-26 21:31:24.913 Df installcoordinationd[26512:853e22] [com.apple.installcoordination:daemon] -[IXSDataPromiseManager promise:didUpdateProgress:]: Unowned promise update progress to 0.000000 : <IXSPlaceholder(0x105510500) Name:App Placeholder: NeonDrift.run.1782480634.15608 (com.DefaultCompany.NeonDrift.run.1782480634.15608) Creator:InstallCoordination Simple SPI UUID:959720C3-9C3C-46BD-9635-C5D824135FD5 Location:[system-defined]>
2026-06-26 21:31:24.914 Df installcoordinationd[26512:85893f] [com.apple.installcoordination:daemon] -[IXSDataPromise _setPercentComplete:saveStateIfNeeded:]: Progress: <IXSPromisedInMemoryDictionary(0x1054dd080) Name:Localizations for com.DefaultCompany.NeonDrift.run.1782480634.15608 Creator:InstallCoordination Simple SPI UUID:F2B638D9-7230-4CF0-BC89-886DD6511A3B Location:[system-defined]>
2026-06-26 21:31:24.914 Df installcoordinationd[26512:85893f] [com.apple.installcoordination:daemon] -[IXSDataPromiseManager registerPromise:]: Registered promise <IXSPromisedInMemoryDictionary(0x1054dd080) Name:Localizations for com.DefaultCompany.NeonDrift.run.1782480634.15608 Creator:InstallCoordination Simple SPI UUID:F2B638D9-7230-4CF0-BC89-886DD6511A3B Location:[system-defined]> for UUID F2B638D9-7230-4CF0-BC89-886DD6511A3B
2026-06-26 21:31:24.914 Df installcoordinationd[26512:853e22] [com.apple.installcoordination:daemon] -[IXSDataPromiseManager promiseDidBegin:]: Unowned promise began: <IXSPromisedInMemoryDictionary(0x1054dd080) Name:Localizations for com.DefaultCompany.NeonDrift.run.1782480634.15608 Creator:InstallCoordination Simple SPI UUID:F2B638D9-7230-4CF0-BC89-886DD6511A3B Location:[system-defined]>
2026-06-26 21:31:24.914 Df installcoordinationd[26512:853e22] [com.apple.installcoordination:daemon] -[IXSDataPromiseManager promise:didUpdateProgress:]: Unowned promise update progress to 1.000000 : <IXSPromisedInMemoryDictionary(0x1054dd080) Name:Localizations for com.DefaultCompany.NeonDrift.run.1782480634.15608 Creator:InstallCoordination Simple SPI UUID:F2B638D9-7230-4CF0-BC89-886DD6511A3B Location:[system-defined]>
2026-06-26 21:31:24.914 Df installcoordinationd[26512:853e22] [com.apple.installcoordination:daemon] -[IXSDataPromiseManager promiseDidComplete:]: Unowned promise completed: <IXSPromisedInMemoryDictionary(0x1054dd080) Name:Localizations for com.DefaultCompany.NeonDrift.run.1782480634.15608 Creator:InstallCoordination Simple SPI UUID:F2B638D9-7230-4CF0-BC89-886DD6511A3B Location:[system-defined]>
2026-06-26 21:31:24.914 Df installcoordinationd[26512:85893f] [com.apple.installcoordination:daemon] -[IXSPlaceholder setLocalizationDictionaryPromise:]: <IXSPlaceholder(0x105510500) Name:App Placeholder: NeonDrift.run.1782480634.15608 (com.DefaultCompany.NeonDrift.run.1782480634.15608) Creator:InstallCoordination Simple SPI UUID:959720C3-9C3C-46BD-9635-C5D824135FD5 Location:[system-defined]>: setting localization dict promise to <IXSPromisedInMemoryDictionary(0x1054dd080) Name:Localizations for com.DefaultCompany.NeonDrift.run.1782480634.15608 Creator:InstallCoordination Simple SPI UUID:F2B638D9-7230-4CF0-BC89-886DD6511A3B Location:[system-defined]>
2026-06-26 21:31:24.915 Df installcoordinationd[26512:85893f] [com.apple.installcoordination:daemon] -[IXSDataPromiseManager promise:didUpdateProgress:]: Unowned promise update progress to 0.000000 : <IXSPlaceholder(0x105510500) Name:App Placeholder: NeonDrift.run.1782480634.15608 (com.DefaultCompany.NeonDrift.run.1782480634.15608) Creator:InstallCoordination Simple SPI UUID:959720C3-9C3C-46BD-9635-C5D824135FD5 Location:[system-defined]>
2026-06-26 21:31:24.915 Df installcoordinationd[26512:853e21] [com.apple.installcoordination:daemon] -[IXSPlaceholder setConfigurationComplete:]: <IXSPlaceholder(0x105510500) Name:App Placeholder: NeonDrift.run.1782480634.15608 (com.DefaultCompany.NeonDrift.run.1782480634.15608) Creator:InstallCoordination Simple SPI UUID:959720C3-9C3C-46BD-9635-C5D824135FD5 Location:[system-defined]>: setting configuration complete to Y
2026-06-26 21:31:24.915 Df installcoordinationd[26512:853e21] [com.apple.installcoordination:daemon] -[IXSPlaceholder _materialize]: <IXSPlaceholder(0x105510500) Name:App Placeholder: NeonDrift.run.1782480634.15608 (com.DefaultCompany.NeonDrift.run.1782480634.15608) Creator:InstallCoordination Simple SPI UUID:959720C3-9C3C-46BD-9635-C5D824135FD5 Location:[system-defined]>: Materializing placeholder at /Users/dragonkao/Library/Developer/CoreSimulator/Devices/115FDF0C-5A2F-4686-909B-7F43F1450A28/data/Containers/Shared/SystemGroup/systemgroup.com.apple.installcoordinationd/Library/InstallCoordination/PromiseStaging/959720C3-9C3C-46BD-9635-C5D824135FD5/NeonDrift.run.1782480634.15608.app
2026-06-26 21:31:24.916 Df installcoordinationd[26512:853e21] [com.apple.installcoordination:daemon] -[IXSPlaceholder _materialize]: <IXSPlaceholder(0x105510500) Name:App Placeholder: NeonDrift.run.1782480634.15608 (com.DefaultCompany.NeonDrift.run.1782480634.15608) Creator:InstallCoordination Simple SPI UUID:959720C3-9C3C-46BD-9635-C5D824135FD5 Location:[system-defined]>: Using Info.plist icon content: {
    CFBundleIcons =     {
        CFBundlePrimaryIcon =         {
            CFBundleIconName = AppIcon;
        };
    };
    "CFBundleIcons~ipad" =     {
        CFBundlePrimaryIcon =         {
            CFBundleIconName = AppIcon;
        };
    };
    ISIconPlatform = iPhoneOS;
}
2026-06-26 21:31:24.916 Df installcoordinationd[26512:853e21] [com.apple.installcoordination:daemon] -[IXSPlaceholder _materialize]_block_invoke: <IXSPlaceholder(0x105510500) Name:App Placeholder: NeonDrift.run.1782480634.15608 (com.DefaultCompany.NeonDrift.run.1782480634.15608) Creator:InstallCoordination Simple SPI UUID:959720C3-9C3C-46BD-9635-C5D824135FD5 Location:[system-defined]>: Using icon resource Assets.car
2026-06-26 21:31:24.916 Df installcoordinationd[26512:853e21] [com.apple.installcoordination:daemon] -[IXSPlaceholder _materialize]: <IXSPlaceholder(0x105510500) Name:App Placeholder: NeonDrift.run.1782480634.15608 (com.DefaultCompany.NeonDrift.run.1782480634.15608) Creator:InstallCoordination Simple SPI UUID:959720C3-9C3C-46BD-9635-C5D824135FD5 Location:[system-defined]>: Including lproj localizations for (
)
2026-06-26 21:31:24.916 Df installcoordinationd[26512:85893f] [com.apple.installcoordination:daemon] -[IXSDataPromiseManager promiseDidComplete:]: Unowned promise completed: <IXSPlaceholder(0x105510500) Name:App Placeholder: NeonDrift.run.1782480634.15608 (com.DefaultCompany.NeonDrift.run.1782480634.15608) Creator:InstallCoordination Simple SPI UUID:959720C3-9C3C-46BD-9635-C5D824135FD5 Location:[system-defined]>
2026-06-26 21:31:24.917 Df installcoordinationd[26512:853e21] [com.apple.installcoordination:daemon] -[IXSDataPromiseManager registerPromise:]: Registered promise <IXSPromisedTransferToPath(0x1054dd480) Name:App Asset: com.DefaultCompany.NeonDrift.run.1782480634.15608 Creator:InstallCoordination Simple SPI UUID:FF0BCE1A-271B-4936-878E-1A41E4E25994 Location:[system-defined]> for UUID FF0BCE1A-271B-4936-878E-1A41E4E25994
2026-06-26 21:31:24.918 Df installcoordinationd[26512:853e21] [com.apple.installcoordination:daemon] -[IXSCoordinatorManager coordinatorForIdentity:connection:error:creatingIfNotExisting:]_block_invoke: Registered coordinator: <IXSCoordinatedAppInstall<0x1055e4000> [P=CoreSimulatorBridge (pid 13156)] identifier:[com.DefaultCompany.NeonDrift.run.1782480634.15608/Invalid/[system-defined]] uuid:6F6869CD-3B4B-4505-A2A5-54482DB89B62 intent:IXCoordinatorIntentInitiating creator/appDRI:InstallCoordination Simple SPI importance:Background state:IXAppCoordinationStatePlaceholderPromiseNotSet promise-state:01234>
2026-06-26 21:31:24.919 Df installcoordinationd[26512:853e21] [com.apple.appinstallation:TransactionLog] com.DefaultCompany.NeonDrift.run.1782480634.15608/Unknown Persona:4:1:1:1:Created coordinator with intent IXCoordinatorIntentInitiating for client InstallCoordination Simple SPI
2026-06-26 21:31:24.919 Df installcoordinationd[26512:853e21] [com.apple.installcoordination:daemon] -[IXSCoordinatedAppInstall setPriorityBoostCompletion:withSourceInfo:]: <IXSCoordinatedAppInstall<0x1055e4000> [P=CoreSimulatorBridge (pid 13156)] identifier:[com.DefaultCompany.NeonDrift.run.1782480634.15608/Invalid/[system-defined]] uuid:6F6869CD-3B4B-4505-A2A5-54482DB89B62 intent:IXCoordinatorIntentInitiating creator/appDRI:InstallCoordination Simple SPI importance:Background state:IXAppCoordinationStatePlaceholderPromiseNotSet promise-state:01234>: Retaining completion from CoreSimulatorBridge (13156), QOS_CLASS_DEFAULT (0x15)
2026-06-26 21:31:24.919 Df installcoordinationd[26512:853e21] [com.apple.installcoordination:daemon] -[IXSCoordinatedAppInstall setImportance:]: <IXSCoordinatedAppInstall<0x1055e4000> [P=CoreSimulatorBridge (pid 13156)] identifier:[com.DefaultCompany.NeonDrift.run.1782480634.15608/Invalid/[system-defined]] uuid:6F6869CD-3B4B-4505-A2A5-54482DB89B62 intent:IXCoordinatorIntentInitiating creator/appDRI:InstallCoordination Simple SPI importance:UserWaiting state:IXAppCoordinationStatePlaceholderPromiseNotSet promise-state:01234>: set importance to UserWaiting
2026-06-26 21:31:24.919 Df installcoordinationd[26512:853e21] [com.apple.installcoordination:daemon] -[IXSCoordinatedAppInstall _onQueue_fireObserversForClient:]: <IXSCoordinatedAppInstall<0x1055e4000> [P=CoreSimulatorBridge (pid 13156)] identifier:[com.DefaultCompany.NeonDrift.run.1782480634.15608/Invalid/[system-defined]] uuid:6F6869CD-3B4B-4505-A2A5-54482DB89B62 intent:IXCoordinatorIntentInitiating creator/appDRI:InstallCoordination Simple SPI importance:UserWaiting state:IXAppCoordinationStatePlaceholderPromiseNotSet promise-state:01234>: Firing applicable observers for client <IXSClientConnection<0x1054407e0> client:CoreSimulatorBridge (pid 13156) uuid:91EA0638-10DA-4AE9-8353-ED9F7F8399EE>
2026-06-26 21:31:24.919 Df installcoordinationd[26512:853e21] [com.apple.installcoordination:daemon] -[IXSCoordinatedAppInstall setPriorityBoostCompletion:withSourceInfo:]: <IXSCoordinatedAppInstall<0x1055e4000> [P=CoreSimulatorBridge (pid 13156)] identifier:[com.DefaultCompany.NeonDrift.run.1782480634.15608/Invalid/[system-defined]] uuid:6F6869CD-3B4B-4505-A2A5-54482DB89B62 intent:IXCoordinatorIntentInitiating creator/appDRI:InstallCoordination Simple SPI importance:UserWaiting state:IXAppCoordinationStatePlaceholderPromiseNotSet promise-state:01234>: Disposing of completion from CoreSimulatorBridge (13156), QOS_CLASS_DEFAULT (0x15)
2026-06-26 21:31:24.919 Df installcoordinationd[26512:853e21] [com.apple.installcoordination:daemon] -[IXSCoordinatedAppInstall setPriorityBoostCompletion:withSourceInfo:]: <IXSCoordinatedAppInstall<0x1055e4000> [P=CoreSimulatorBridge (pid 13156)] identifier:[com.DefaultCompany.NeonDrift.run.1782480634.15608/Invalid/[system-defined]] uuid:6F6869CD-3B4B-4505-A2A5-54482DB89B62 intent:IXCoordinatorIntentInitiating creator/appDRI:InstallCoordination Simple SPI importance:UserWaiting state:IXAppCoordinationStatePlaceholderPromiseNotSet promise-state:01234>: Retaining completion from CoreSimulatorBridge (13156), QOS_CLASS_DEFAULT (0x15)
2026-06-26 21:31:24.919 Df CoreSimulatorBridge[13156:853e17] [com.apple.installcoordination:framework] -[IXAppInstallCoordinator _clientDelegate_didRegisterForObservation]: <IXInitiatingAppInstallCoordinator<0x103458300> identity:[com.DefaultCompany.NeonDrift.run.1782480634.15608/Invalid/[system-defined]] uuid:6F6869CD-3B4B-4505-A2A5-54482DB89B62 creator:InstallCoordination Simple SPI>: Got observer registration delegate
2026-06-26 21:31:24.919 Df CoreSimulatorBridge[13156:853e17] [com.apple.installcoordination:framework] -[IXAppInstallCoordinator _clientDelegate_shouldResume]: <IXInitiatingAppInstallCoordinator<0x103458300> identity:[com.DefaultCompany.NeonDrift.run.1782480634.15608/Invalid/[system-defined]] uuid:6F6869CD-3B4B-4505-A2A5-54482DB89B62 creator:InstallCoordination Simple SPI>: Got should resume delegate
2026-06-26 21:31:24.919 Df CoreSimulatorBridge[13156:85893e] [com.apple.installcoordination:framework] -[IXAppInstallCoordinator _clientDelegate_didRegisterForObservation]_block_invoke: <IXInitiatingAppInstallCoordinator<0x103458300> identity:[com.DefaultCompany.NeonDrift.run.1782480634.15608/Invalid/[system-defined]] uuid:6F6869CD-3B4B-4505-A2A5-54482DB89B62 creator:InstallCoordination Simple SPI>: Observer <_IXSimpleInstallerDelegate 0x0x101b1b240> does not respond to coordinatorDidRegisterForObservation:
2026-06-26 21:31:24.919 Df CoreSimulatorBridge[13156:85893e] [com.apple.installcoordination:framework] -[IXAppInstallCoordinator _clientDelegate_shouldResume]_block_invoke: <IXInitiatingAppInstallCoordinator<0x103458300> identity:[com.DefaultCompany.NeonDrift.run.1782480634.15608/Invalid/[system-defined]] uuid:6F6869CD-3B4B-4505-A2A5-54482DB89B62 creator:InstallCoordination Simple SPI>: Observer <_IXSimpleInstallerDelegate 0x0x101b1b240> does not respond to coordinatorShouldResume:
2026-06-26 21:31:24.921 Df installcoordinationd[26512:853e21] [com.apple.installcoordination:daemon] -[IXSCoordinatedAppInstall _internal_setInstallOptionsPromise:performExternalActions:]: <IXSCoordinatedAppInstall<0x1055e4000> [P=CoreSimulatorBridge (pid 13156)] identifier:[com.DefaultCompany.NeonDrift.run.1782480634.15608/Invalid/[system-defined]] uuid:6F6869CD-3B4B-4505-A2A5-54482DB89B62 intent:IXCoordinatorIntentInitiating creator/appDRI:InstallCoordination Simple SPI importance:UserWaiting state:IXAppCoordinationStatePlaceholderPromiseNotSet promise-state:012I4> : install options set: <IXSPromisedInMemoryData(0x1054dd980) Name:MIInstallOptions data Creator:Install Coordination Internal UUID:4EDCD462-B014-43C6-AFB5-571D0F19152E Location:[system-defined]>
2026-06-26 21:31:24.921 Df installcoordinationd[26512:853e22] [com.apple.installcoordination:daemon] -[IXSCoordinatedAppInstall promiseDidComplete:]: <IXSCoordinatedAppInstall<0x1055e4000> [P=CoreSimulatorBridge (pid 13156)] identifier:[com.DefaultCompany.NeonDrift.run.1782480634.15608/Invalid/[system-defined]] uuid:6F6869CD-3B4B-4505-A2A5-54482DB89B62 intent:IXCoordinatorIntentInitiating creator/appDRI:InstallCoordination Simple SPI importance:UserWaiting state:IXAppCoordinationStatePlaceholderPromiseNotSet promise-state:012I4> : Promise completed: <IXSPromisedInMemoryData(0x1054dd980) Name:MIInstallOptions data Creator:Install Coordination Internal UUID:4EDCD462-B014-43C6-AFB5-571D0F19152E Location:[system-defined]>
2026-06-26 21:31:24.921 Df installcoordinationd[26512:853e22] [com.apple.appinstallation:TransactionLog] com.DefaultCompany.NeonDrift.run.1782480634.15608/Unknown Persona:4:13:1:1:Install Options Promise began. Coordinator State: IXAppCoordinationStatePlaceholderPromiseNotSet
2026-06-26 21:31:24.921 Df installcoordinationd[26512:853e22] [com.apple.appinstallation:TransactionLog] com.DefaultCompany.NeonDrift.run.1782480634.15608/Unknown Persona:4:13:2:1:Install Options Promise completed. Coordinator State: IXAppCoordinationStatePlaceholderPromiseNotSet
2026-06-26 21:31:24.921 Df installcoordinationd[26512:858941] [com.apple.installcoordination:daemon] -[IXSCoordinatedAppInstall _internal_setAppAssetPromise:performExternalActions:]: <IXSCoordinatedAppInstall<0x1055e4000> [P=CoreSimulatorBridge (pid 13156)] identifier:[com.DefaultCompany.NeonDrift.run.1782480634.15608/Invalid/[system-defined]] uuid:6F6869CD-3B4B-4505-A2A5-54482DB89B62 intent:IXCoordinatorIntentInitiating creator/appDRI:InstallCoordination Simple SPI importance:UserWaiting state:IXAppCoordinationStatePlaceholderPromiseNotSet promise-state:0a2I4> : App Asset Promise set: <IXSPromisedTransferToPath(0x1054dd480) Name:App Asset: com.DefaultCompany.NeonDrift.run.1782480634.15608 Creator:InstallCoordination Simple SPI UUID:FF0BCE1A-271B-4936-878E-1A41E4E25994 Location:[system-defined]>
2026-06-26 21:31:24.922 Df installcoordinationd[26512:853e21] [com.apple.installcoordination:daemon] -[IXSCoordinatedAppInstall setInitialODRAssetPromises:]: <IXSCoordinatedAppInstall<0x1055e4000> [P=CoreSimulatorBridge (pid 13156)] identifier:[com.DefaultCompany.NeonDrift.run.1782480634.15608/Invalid/[system-defined]] uuid:6F6869CD-3B4B-4505-A2A5-54482DB89B62 intent:IXCoordinatorIntentInitiating creator/appDRI:InstallCoordination Simple SPI importance:UserWaiting state:IXAppCoordinationStatePlaceholderPromiseNotSet promise-state:0a2I4> : Initial ODR Asset Promises set: (
)
2026-06-26 21:31:24.934 Df CoreSimulatorBridge[13156:853e11] [com.apple.installcoordination:framework] -[IXPromisedTransferToPath setComplete:]: <IXPromisedTransferToPath<0x103458800> name:"App Asset: com.DefaultCompany.NeonDrift.run.1782480634.15608" uuid:FF0BCE1A-271B-4936-878E-1A41E4E25994 creator:"InstallCoordination Simple SPI" location:[system-defined]> Copy operation from /Users/dragonkao/.openclaw/workspace/382b9e3384298039b171c9b2a60ae644/NeonDrift_MVP/project/xcode_derived_data/Build/Products/Release-iphonesimulator/NeonDrift.run.1782480634.15608.app to /Users/dragonkao/Library/Developer/CoreSimulator/Devices/115FDF0C-5A2F-4686-909B-7F43F1450A28/data/Containers/Shared/SystemGroup/systemgroup.com.apple.installcoordinationd/Library/InstallCoordination/PromiseStaging/FF0BCE1A-271B-4936-878E-1A41E4E25994/NeonDrift.run.1782480634.15608.app took 0.011571 seconds
2026-06-26 21:31:24.934 Df installcoordinationd[26512:853e21] [com.apple.installcoordination:daemon] -[IXSDataPromise _setPercentComplete:saveStateIfNeeded:]: Progress: <IXSPromisedTransferToPath(0x1054dd480) Name:App Asset: com.DefaultCompany.NeonDrift.run.1782480634.15608 Creator:InstallCoordination Simple SPI UUID:FF0BCE1A-271B-4936-878E-1A41E4E25994 Location:[system-defined]>
2026-06-26 21:31:24.934 Df installcoordinationd[26512:858941] [com.apple.appinstallation:TransactionLog] com.DefaultCompany.NeonDrift.run.1782480634.15608/Unknown Persona:4:10:1:1:App Asset Promise began. Coordinator State: IXAppCoordinationStatePlaceholderPromiseNotSet
2026-06-26 21:31:24.935 Df CoreSimulatorBridge[13156:85893e] [com.apple.installcoordination:framework] -[IXAppInstallCoordinator _clientDelegate_promiseDidBeginFulfillmentWithIdentifier:]: <IXInitiatingAppInstallCoordinator<0x103458300> identity:[com.DefaultCompany.NeonDrift.run.1782480634.15608/Invalid/[system-defined]] uuid:6F6869CD-3B4B-4505-A2A5-54482DB89B62 creator:InstallCoordination Simple SPI>: Got promise did begin fulfillment for identifier 2
2026-06-26 21:31:24.935 Df CoreSimulatorBridge[13156:85893e] [com.apple.installcoordination:framework] -[IXAppInstallCoordinator _clientDelegate_promiseDidBeginFulfillmentWithIdentifier:]_block_invoke: <IXInitiatingAppInstallCoordinator<0x103458300> identity:[com.DefaultCompany.NeonDrift.run.1782480634.15608/Invalid/[system-defined]] uuid:6F6869CD-3B4B-4505-A2A5-54482DB89B62 creator:InstallCoordination Simple SPI>: Observer <_IXSimpleInstallerDelegate 0x0x101b1b240> does not respond to coordinator:configuredPromiseDidBeginFulfillment: (or any deprecated equivalent)
2026-06-26 21:31:24.935 Df installcoordinationd[26512:853e21] [com.apple.installcoordination:daemon] -[IXSCoordinatedAppInstall promiseDidComplete:]: <IXSCoordinatedAppInstall<0x1055e4000> [P=CoreSimulatorBridge (pid 13156)] identifier:[com.DefaultCompany.NeonDrift.run.1782480634.15608/Invalid/[system-defined]] uuid:6F6869CD-3B4B-4505-A2A5-54482DB89B62 intent:IXCoordinatorIntentInitiating creator/appDRI:InstallCoordination Simple SPI importance:UserWaiting state:IXAppCoordinationStatePlaceholderPromiseNotSet promise-state:0A2I4> : Promise completed: <IXSPromisedTransferToPath(0x1054dd480) Name:App Asset: com.DefaultCompany.NeonDrift.run.1782480634.15608 Creator:InstallCoordination Simple SPI UUID:FF0BCE1A-271B-4936-878E-1A41E4E25994 Location:[system-defined]>
2026-06-26 21:31:24.935 Df installcoordinationd[26512:858941] [com.apple.appinstallation:TransactionLog] com.DefaultCompany.NeonDrift.run.1782480634.15608/Unknown Persona:4:10:2:1:App Asset Promise completed. Coordinator State: IXAppCoordinationStatePlaceholderPromiseNotSet
2026-06-26 21:31:24.935 Df CoreSimulatorBridge[13156:85893e] [com.apple.installcoordination:framework] -[IXAppInstallCoordinator _clientDelegate_didUpdateProgress:forPhase:overallProgress:]: <IXInitiatingAppInstallCoordinator<0x103458300> identity:[com.DefaultCompany.NeonDrift.run.1782480634.15608/Invalid/[system-defined]] uuid:6F6869CD-3B4B-4505-A2A5-54482DB89B62 creator:InstallCoordination Simple SPI>: Got did update progress delegate with percentComplete 100.000000 phase IXCoordinatorProgressPhaseLoading overallProgress 60.000000
2026-06-26 21:31:24.935 Df CoreSimulatorBridge[13156:85893e] [com.apple.installcoordination:framework] -[IXAppInstallCoordinator _clientDelegate_didUpdateProgress:forPhase:overallProgress:]_block_invoke: <IXInitiatingAppInstallCoordinator<0x103458300> identity:[com.DefaultCompany.NeonDrift.run.1782480634.15608/Invalid/[system-defined]] uuid:6F6869CD-3B4B-4505-A2A5-54482DB89B62 creator:InstallCoordination Simple SPI>: Calling selector coordinator:didUpdateProgress:forPhase:overallProgress: on observer <_IXSimpleInstallerDelegate 0x0x101b1b240>
2026-06-26 21:31:24.935 Df installcoordinationd[26512:85893f] [com.apple.installcoordination:daemon] -[IXSCoordinatedAppInstall setPlaceholderPromise:]: <IXSCoordinatedAppInstall<0x1055e4000> [P=CoreSimulatorBridge (pid 13156)] identifier:[com.DefaultCompany.NeonDrift.run.1782480634.15608/Invalid/[system-defined]] uuid:6F6869CD-3B4B-4505-A2A5-54482DB89B62 intent:IXCoordinatorIntentInitiating creator/appDRI:InstallCoordination Simple SPI importance:UserWaiting state:IXAppCoordinationStateReadyForPlaceholderInstall promise-state:PA2I4> : Placeholder Promise set: <IXSPlaceholder(0x105510500) Name:App Placeholder: NeonDrift.run.1782480634.15608 (com.DefaultCompany.NeonDrift.run.1782480634.15608) Creator:InstallCoordination Simple SPI UUID:959720C3-9C3C-46BD-9635-C5D824135FD5 Location:[system-defined]>
2026-06-26 21:31:24.935 Df installcoordinationd[26512:853e21] [com.apple.installcoordination:daemon] -[IXSCoordinatedAppInstall promiseDidComplete:]: <IXSCoordinatedAppInstall<0x1055e4000> [P=CoreSimulatorBridge (pid 13156)] identifier:[com.DefaultCompany.NeonDrift.run.1782480634.15608/Invalid/[system-defined]] uuid:6F6869CD-3B4B-4505-A2A5-54482DB89B62 intent:IXCoordinatorIntentInitiating creator/appDRI:InstallCoordination Simple SPI importance:UserWaiting state:IXAppCoordinationStateReadyForPlaceholderInstall promise-state:PA2I4> : Promise completed: <IXSPlaceholder(0x105510500) Name:App Placeholder: NeonDrift.run.1782480634.15608 (com.DefaultCompany.NeonDrift.run.1782480634.15608) Creator:InstallCoordination Simple SPI UUID:959720C3-9C3C-46BD-9635-C5D824135FD5 Location:[system-defined]>
2026-06-26 21:31:24.935 Df installcoordinationd[26512:85893f] [com.apple.installcoordination:daemon] -[IXSCoordinatedAppInstall _onQueue_acquireAssertionAndInstallPlaceholder]: Acquiring termination assertion to install placeholder for [com.DefaultCompany.NeonDrift.run.1782480634.15608/Invalid/[system-defined]]
2026-06-26 21:31:24.935 Df installcoordinationd[26512:85893f] [com.apple.installcoordination:daemon] -[IXSPendingOperationsTracker beginPendingOperationForIdentity:]_block_invoke: Beginning pending operation for [com.DefaultCompany.NeonDrift.run.1782480634.15608/Invalid/[system-defined]]
2026-06-26 21:31:24.936 Df runningboardd[13128:856220] [com.apple.runningboard:connection] Received termination request from [osservice<com.apple.installcoordinationd>:26512] on <RBSProcessPredicate <RBSProcessBundleIdentifierPredicate "com.DefaultCompany.NeonDrift.run.1782480634.15608">> with context <RBSTerminateContext| explanation:installcoordinationd app:[com.DefaultCompany.NeonDrift.run.1782480634.15608/Invalid/[system-defined]] uuid:6F6869CD-3B4B-4505-A2A5-54482DB89B62 isPlaceholder:Y reportType:None maxTerminationResistance:Absolute attrs:[
	<RBSPreventLaunchLimitation| <RBSProcessPredicate <RBSProcessBundleIdentifierPredicate "com.DefaultCompany.NeonDrift.run.1782480634.15608">> allow:(null)>
	]>
2026-06-26 21:31:24.936 Df runningboardd[13128:856220] [com.apple.runningboard:general] failed to get LSApplicationRecord for com.DefaultCompany.NeonDrift.run.1782480634.15608 - probably OK
2026-06-26 21:31:24.936 Df runningboardd[13128:856220] [com.apple.runningboard:connection] skipping plugin hold for uninstalled proxy com.DefaultCompany.NeonDrift.run.1782480634.15608
2026-06-26 21:31:24.936 Df runningboardd[13128:856220] [com.apple.runningboard:ttl] Acquiring assertion targeting system from originator [osservice<com.apple.installcoordinationd>:26512] with description <RBSAssertionDescriptor| "installcoordinationd app:[com.DefaultCompany.NeonDrift.run.1782480634.15608/Invalid/[system-defined]] uuid:6F6869CD-3B4B-4505-A2A5-54482DB89B62 isPlaceholder:Y" ID:13128-26512-8208 target:system attributes:[
	<RBSPreventLaunchLimitation| <RBSProcessPredicate <RBSProcessBundleIdentifierPredicate "com.DefaultCompany.NeonDrift.run.1782480634.15608">> allow:(null)>
	]>
2026-06-26 21:31:24.937 Df runningboardd[13128:856220] [com.apple.runningboard:process] Executing termination request for: <RBSProcessPredicate <RBSProcessBundleIdentifierPredicate "com.DefaultCompany.NeonDrift.run.1782480634.15608">>
2026-06-26 21:31:24.937 Df installcoordinationd[26512:85893f] [com.apple.installcoordination:daemon] -[IXSCoordinatedAppInstall assertionAcquiredCallback]: RBS termination assertion observer called for <IXSCoordinatedAppInstall<0x1055e4000> [P=CoreSimulatorBridge (pid 13156)] identifier:[com.DefaultCompany.NeonDrift.run.1782480634.15608/Invalid/[system-defined]] uuid:6F6869CD-3B4B-4505-A2A5-54482DB89B62 intent:IXCoordinatorIntentInitiating creator/appDRI:InstallCoordination Simple SPI importance:UserWaiting state:IXAppCoordinationStateWaitingForPlaceholderAssertion promise-state:PA2I4>
2026-06-26 21:31:24.937 Df installcoordinationd[26512:853e22] [com.apple.appinstallation:TransactionLog] com.DefaultCompany.NeonDrift.run.1782480634.15608/Unknown Persona:4:9:1:1:Placeholder Promise began. Coordinator State: IXAppCoordinationStateWaitingForPlaceholderAssertion
2026-06-26 21:31:24.937 Df installcoordinationd[26512:853e22] [com.apple.installcoordination:daemon] -[IXSCoordinatorProgress setTotalUnitsCompleted:]: Progress for coordinator: [com.DefaultCompany.NeonDrift.run.1782480634.15608/Invalid/[system-defined]], Phase: IXCoordinatorProgressPhaseLoading, Percentage: 100.000000: Attempt to set units completed on finished progress: 100
2026-06-26 21:31:24.937 Df SpringBoard[13125:4bdd22] [com.apple.SpringBoard:Common] termination assertion acquired for com.DefaultCompany.NeonDrift.run.1782480634.15608 (app not found)
2026-06-26 21:31:24.937 Df installcoordinationd[26512:853e22] [com.apple.appinstallation:TransactionLog] com.DefaultCompany.NeonDrift.run.1782480634.15608/Unknown Persona:4:9:2:1:Placeholder Promise completed. Coordinator State: IXAppCoordinationStateWaitingForPlaceholderAssertion
2026-06-26 21:31:24.938 Df CoreSimulatorBridge[13156:853e17] [com.apple.installcoordination:framework] -[IXAppInstallCoordinator _clientDelegate_promiseDidBeginFulfillmentWithIdentifier:]: <IXInitiatingAppInstallCoordinator<0x103458300> identity:[com.DefaultCompany.NeonDrift.run.1782480634.15608/Invalid/[system-defined]] uuid:6F6869CD-3B4B-4505-A2A5-54482DB89B62 creator:InstallCoordination Simple SPI>: Got promise did begin fulfillment for identifier 1
2026-06-26 21:31:24.938 Df CoreSimulatorBridge[13156:853e17] [com.apple.installcoordination:framework] -[IXAppInstallCoordinator _clientDelegate_promiseDidBeginFulfillmentWithIdentifier:]_block_invoke: <IXInitiatingAppInstallCoordinator<0x103458300> identity:[com.DefaultCompany.NeonDrift.run.1782480634.15608/Invalid/[system-defined]] uuid:6F6869CD-3B4B-4505-A2A5-54482DB89B62 creator:InstallCoordination Simple SPI>: Observer <_IXSimpleInstallerDelegate 0x0x101b1b240> does not respond to coordinator:configuredPromiseDidBeginFulfillment: (or any deprecated equivalent)
2026-06-26 21:31:24.938 Df installcoordinationd[26512:853e22] [com.apple.installcoordination:daemon] -[IXSCoordinatedAppInstall _onQueue_installPlaceholder]: Acquired termination assertion for placeholder [com.DefaultCompany.NeonDrift.run.1782480634.15608/Invalid/[system-defined]]; proceeding with install.
2026-06-26 21:31:24.939 Df installcoordinationd[26512:853e22] [com.apple.installcoordination:daemon] -[IXSPowerAssertion initWithAssertionName:details:]: Acquired power assertion IXPowerAssertion-12-[com.DefaultCompany.NeonDrift.run.1782480634.15608/Invalid/[system-defined]]
2026-06-26 21:31:24.939 Df installd[26514:853e5e] (MobileSystemServices) 0x16bd27000 -[MIClientConnection _doInstallationForURL:identity:domain:options:operationType:completion:]: Install of "/Users/dragonkao/Library/Developer/CoreSimulator/Devices/115FDF0C-5A2F-4686-909B-7F43F1450A28/data/Containers/Shared/SystemGroup/systemgroup.com.apple.installcoordinationd/Library/InstallCoordination/PromiseStaging/959720C3-9C3C-46BD-9635-C5D824135FD5/NeonDrift.run.1782480634.15608.app" type Placeholder (LSInstallType = 1, Domain: MIInstallationDomainDefault) requested by installcoordinationd (pid 26512 (501/20))
2026-06-26 21:31:24.943 Df installd[26514:853e5e] [com.apple.containermanager:xpc] Query; euid = 501, uid = 501, class = 1, identifier = [com.DefaultCompany.NeonDrift.run.1782480634.15608](1), flags = 300000002
2026-06-26 21:31:24.943 Df installd[26514:853e5e] [com.apple.containermanager:xpc] Query; euid = 501, uid = 501, class = 1, identifier = [com.DefaultCompany.NeonDrift.run.1782480634.15608](1), flags = 300000002
2026-06-26 21:31:24.944 Df installd[26514:853e5e] (MobileSystemServices) 0x16bd27000 -[MIInstaller _installInstallable:containingSymlink:error:]: Installing <MIInstallableBundle ID=com.DefaultCompany.NeonDrift.run.1782480634.15608; Persona=com.apple.containermanager.primary-persona, Version=0, ShortVersion=1.0>
2026-06-26 21:31:24.944 Df installd[26514:853e5e] [com.apple.appinstallation:TransactionLog] com.DefaultCompany.NeonDrift.run.1782480634.15608/com.apple.containermanager.primary-persona:7:4:1:1:Start : Install (Placeholder)
2026-06-26 21:31:24.945 Df installd[26514:853e5e] [com.apple.containermanager:query] Query; euid = 501, uid = 501, class = 4, identifier = [com.DefaultCompany.NeonDrift.run.1782480634.15608](1), flags = 300000002
2026-06-26 21:31:24.946 Df installd[26514:853e5e] [com.apple.containermanager:query] Query; euid = 501, uid = 501, class = 4, identifier = [com.DefaultCompany.NeonDrift.run.1782480634.15608](1), flags = 300000002
2026-06-26 21:31:24.946 Df installd[26514:853e5e] [com.apple.containermanager:xpc] Query; euid = 501, uid = 501, class = 1, identifier = [com.DefaultCompany.NeonDrift.run.1782480634.15608](1), flags = 300000003
2026-06-26 21:31:24.946 E  containermanagerd_system[13173:8534a6] [com.apple.containermanager:schema] [com.DefaultCompany.NeonDrift.run.1782480634.15608(1)] Current schema version (1) is newer than the latest (0), ignoring.
2026-06-26 21:31:24.947 Df containermanagerd_system[13173:8534a6] [com.apple.containermanager:schema] [u FCB7A215-2946-4FDB-BC3A-1E112B9FADB4:p B98E66C1-626B-4645-83C2-18EB31C3FFC4:c com.DefaultCompany.NeonDrift.run.1782480634.15608(1):i31209481] Successfully updated schema from (0) → (0), actions count = 0
2026-06-26 21:31:24.948 Df installd[26514:853e5e] [com.apple.containermanager:xpc] Query; euid = 501, uid = 501, class = 1, identifier = [com.DefaultCompany.NeonDrift.run.1782480634.15608](1), flags = 300000002
2026-06-26 21:31:24.950 Df installd[26514:853e5e] [com.apple.containermanager:query] Query; euid = 501, uid = 501, class = 2, identifier = [com.DefaultCompany.NeonDrift.run.1782480634.15608](1), flags = 300000003
2026-06-26 21:31:24.952 Df containermanagerd[13188:763a70] [com.apple.containermanager:schema] [u FBD9D733-C912-43D5-94A0-FF98E97D1255:p 9E927279-AFE2-4EC9-8404-52761A447AC9:c com.DefaultCompany.NeonDrift.run.1782480634.15608(2):i31209484] Successfully updated schema from (0) → (1), actions count = 6
2026-06-26 21:31:24.952 Df installd[26514:853e5e] [com.apple.containermanager:query] Query; euid = 501, uid = 501, class = 2, identifier = [com.DefaultCompany.NeonDrift.run.1782480634.15608](1), flags = 300000002
2026-06-26 21:31:24.953 Df installd[26514:853e5e] (MobileSystemServices) 0x16bd27000 -[MIInstallationJournalEntry _refreshUUIDForContainer:withError:]: Data container for com.DefaultCompany.NeonDrift.run.1782480634.15608 is now at /Users/dragonkao/Library/Developer/CoreSimulator/Devices/115FDF0C-5A2F-4686-909B-7F43F1450A28/data/Containers/Data/Application/E889B80D-CA5F-4089-BA40-A9850C33BCCB
2026-06-26 21:31:24.954 Df containermanagerd[13188:763a70] [com.apple.containermanager:schema] [u FBD9D733-C912-43D5-94A0-FF98E97D1255:p E889B80D-CA5F-4089-BA40-A9850C33BCCB:c com.DefaultCompany.NeonDrift.run.1782480634.15608(2):i0] Successfully updated schema from (0) → (1), actions count = 6
2026-06-26 21:31:24.954 Df installd[26514:853e5e] [com.apple.containermanager:unspecified] Replace; old = <NULL>, new = [temp-app:com.DefaultCompany.NeonDrift.run.1782480634.15608:501::(FCB7A215-2946-4FDB-BC3A-1E112B9FADB4)]
2026-06-26 21:31:24.955 Df installd[26514:853e5e] [com.apple.containermanager:xpc] Query; euid = 501, uid = 501, class = 1, identifier = [com.DefaultCompany.NeonDrift.run.1782480634.15608](1), flags = 300000002
2026-06-26 21:31:24.956 Df installd[26514:853e5e] (MobileSystemServices) 0x16bd27000 -[MIContainer makeContainerLiveReplacingContainer:reason:waitForDeletion:withError:]: Made container live for com.DefaultCompany.NeonDrift.run.1782480634.15608 at /Users/dragonkao/Library/Developer/CoreSimulator/Devices/115FDF0C-5A2F-4686-909B-7F43F1450A28/data/Containers/Bundle/Application/E8B8DBFE-0A0D-48D1-BF25-31BCE08B9122
2026-06-26 21:31:24.956 Df containermanagerd[13188:763a70] [com.apple.containermanager:codesignmapping] Reconciled [com.DefaultCompany.NeonDrift.run.1782480634.15608]; old app groups: (null), new app groups: (null), old system groups: (null), new system groups: (null)
2026-06-26 21:31:24.957 Df installd[26514:853e5e] [com.apple.containermanager:unspecified] Requesting disk usage; class = 1, identifier = com.DefaultCompany.NeonDrift.run.1782480634.15608
2026-06-26 21:31:24.959 Df installd[26514:853e5e] [com.apple.containermanager:query] Query; euid = 501, uid = 501, class = 7, identifier = [com.DefaultCompany.NeonDrift.run.1782480634.15608](1), flags = 300000001
2026-06-26 21:31:24.960 Df SpringBoard[13125:4bdd22] [com.apple.SpringBoard:Common] termination assertion released for com.DefaultCompany.NeonDrift.run.1782480634.15608 (app not found)
2026-06-26 21:31:24.967 Df installd[26514:853e5e] (MobileSystemServices) 0x16bd27000 -[MILaunchServicesOperationManager _onQueue_addPendingLaunchServicesOperation:error:]: Added pending LS operation <MILaunchServicesRegisterOperation: 46F49EBC-E2C0-40FB-B585-203CE6E521D8:81 com.DefaultCompany.NeonDrift.run.1782480634.15608/MIInstallationDomainSystemShared personas:[com.apple.containermanager.primary-persona]>
2026-06-26 21:31:24.967 Df lsd[13177:853e67] [com.apple.launchservices:appinstallation] Post installation registration: request to register com.DefaultCompany.NeonDrift.run.1782480634.15608, operation 46F49EBC-E2C0-40FB-B585-203CE6E521D8, from pid 26514
2026-06-26 21:31:24.967 Df lsd[13177:853e67] [com.apple.appinstallation:TransactionLog] com.DefaultCompany.NeonDrift.run.1782480634.15608/Unknown Persona:5:4:1:1:Registering bundles via registrant - start
2026-06-26 21:31:24.969 E  lsd[13177:853e67] [com.apple.launchservices:default] LSStringLocalizer development region en not found in localizations available for bundle file:///Users/dragonkao/Library/Developer/CoreSimulator/Devices/115FDF0C-5A2F-4686-909B-7F43F1450A28/data/Containers/Bundle/Application/E8B8DBFE-0A0D-48D1-BF25-31BCE08B9122/NeonDrift.run.1782480634.15608.app/
2026-06-26 21:31:24.969 Df lsd[13177:853e67] [com.apple.appinstallation:TransactionLog] com.DefaultCompany.NeonDrift.run.1782480634.15608/Unknown Persona:5:5:1:1:Building bundle record for app
2026-06-26 21:31:24.969 Df lsd[13177:853e67] [com.apple.launchservices:appinstallation] No bundles to remove for com.DefaultCompany.NeonDrift.run.1782480634.15608
2026-06-26 21:31:24.969 Df lsd[13177:853e67] [com.apple.launchservices:appinstallation] Placeholder detected - Flagging bundle com.DefaultCompany.NeonDrift.run.1782480634.15608 incomplete
2026-06-26 21:31:24.969 Df lsd[13177:853e67] [com.apple.appinstallation:TransactionLog] com.DefaultCompany.NeonDrift.run.1782480634.15608/Unknown Persona:5:5:2:1:Built bundle record for app
2026-06-26 21:31:24.969 Df lsd[13177:853e67] [com.apple.appinstallation:TransactionLog] com.DefaultCompany.NeonDrift.run.1782480634.15608/Unknown Persona:5:4:2:1:Registered bundle status = success
2026-06-26 21:31:24.970 Df lsd[13177:853e67] [com.apple.appinstallation:TransactionLog] com.DefaultCompany.NeonDrift.run.1782480634.15608/Unknown Persona:5:4:2:1:Finished registering com.DefaultCompany.NeonDrift.run.1782480634.15608, bundle unit 6e8
2026-06-26 21:31:24.970 Df lsd[13177:853e67] [com.apple.launchservices:progress] Sending applicationInstallsDidStart: for (
    "<LSApplicationProxy: 0x1057d8000> com.DefaultCompany.NeonDrift.run.1782480634.15608 file:///Users/dragonkao/Library/Developer/CoreSimulator/Devices/115FDF0C-5A2F-4686-909B-7F43F1450A28/data/Containers/Bundle/Application/E8B8DBFE-0A0D-48D1-BF25-31BCE08B9122/NeonDrift.run.1782480634.15608.app/ <com.DefaultCompany.NeonDrift.run.1782480634.15608 <placeholder >:1>"
)
2026-06-26 21:31:24.970 Df installd[26514:853e5e] (MobileSystemServices) 0x16bd27000 -[MIJournal purgeJournalEntry:withError:]: Removing journal entry <MIInstallationJournalEntry<0x1050b06e0> [com.DefaultCompany.NeonDrift.run.1782480634.15608/com.apple.containermanager.primary-persona/[system-defined]]/MIInstallationDomainSystemShared op:2 phase:JournalPhaseDidRegisterWithLS version:0>
2026-06-26 21:31:24.970 Df lsd[13177:853e67] [com.apple.launchservices:progress] Created parent progress <NSProgress: com.DefaultCompany.NeonDrift.run.1782480634.15608 phase=InstallingPlaceholder; state=Waiting; finalPhase=Installing; fractionCompleted=0.000000>
2026-06-26 21:31:24.970 Df installd[26514:853e5e] [com.apple.appinstallation:TransactionLog] com.DefaultCompany.NeonDrift.run.1782480634.15608/com.apple.containermanager.primary-persona:7:4:2:1:Success (End) : Install (Placeholder)
2026-06-26 21:31:24.970 Df installd[26514:853e5e] (MobileSystemServices) 0x16bd27000 -[MIInstaller _logOperationCompletionWithStartTime:distributorID:]: Install successful for (Placeholder:com.DefaultCompany.NeonDrift.run.1782480634.15608) [Distributor: (null)]; Staging: 0.00s; Waiting: 0.00s; Preflight/Patch: 0.00s, Verifying: 0.00s; Overall: 0.03s
2026-06-26 21:31:24.971 Df appstored[13277:85895b] [com.apple.launchservices:appinstallation] LaunchServices observer: InstallsStarted (
