    "<LSApplicationProxy: 0x1095bf840> com.DefaultCompany.NeonDrift.run.1782484537.59589 file:///Users/dragonkao/Library/Developer/CoreSimulator/Devices/CC47DE7A-8196-4465-A5A5-BB852C9C6C82/data/Containers/Bundle/Application/6993FDDC-E7EB-4151-8793-A68CC38652BB/NeonDrift.run.1782484537.59589.app/ <com.DefaultCompany.NeonDrift.run.1782484537.59589 <placeholder >:1>"
)
2026-06-26 22:36:26.689 Df nsurlsessiond[56590:8a6b85] [com.apple.launchservices:appinstallation] LaunchServices observer: InstallsStarted (
    "<LSApplicationProxy: 0x106290fc0> com.DefaultCompany.NeonDrift.run.1782484537.59589 file:///Users/dragonkao/Library/Developer/CoreSimulator/Devices/CC47DE7A-8196-4465-A5A5-BB852C9C6C82/data/Containers/Bundle/Application/6993FDDC-E7EB-4151-8793-A68CC38652BB/NeonDrift.run.1782484537.59589.app/ <com.DefaultCompany.NeonDrift.run.1782484537.59589 <placeholder >:1>"
)
2026-06-26 22:36:26.689 Df appstored[56694:8a6e6a] [com.apple.launchservices:appinstallation] LaunchServices observer: InstallsStarted (
    "<LSApplicationProxy: 0x1022d0180> com.DefaultCompany.NeonDrift.run.1782484537.59589 file:///Users/dragonkao/Library/Developer/CoreSimulator/Devices/CC47DE7A-8196-4465-A5A5-BB852C9C6C82/data/Containers/Bundle/Application/6993FDDC-E7EB-4151-8793-A68CC38652BB/NeonDrift.run.1782484537.59589.app/ <com.DefaultCompany.NeonDrift.run.1782484537.59589 <placeholder >:1>"
)
2026-06-26 22:36:26.689 Df routined[56546:8a5d32] [com.apple.launchservices:appinstallation] LaunchServices observer: InstallsStarted (
    "<LSApplicationProxy: 0x105561140> com.DefaultCompany.NeonDrift.run.1782484537.59589 file:///Users/dragonkao/Library/Developer/CoreSimulator/Devices/CC47DE7A-8196-4465-A5A5-BB852C9C6C82/data/Containers/Bundle/Application/6993FDDC-E7EB-4151-8793-A68CC38652BB/NeonDrift.run.1782484537.59589.app/ <com.DefaultCompany.NeonDrift.run.1782484537.59589 <placeholder >:1>"
)
2026-06-26 22:36:26.689 Df profiled[56644:8a436c] [com.apple.launchservices:appinstallation] LaunchServices observer: InstallsStarted (
    "<LSApplicationProxy: 0x107c18000> com.DefaultCompany.NeonDrift.run.1782484537.59589 file:///Users/dragonkao/Library/Developer/CoreSimulator/Devices/CC47DE7A-8196-4465-A5A5-BB852C9C6C82/data/Containers/Bundle/Application/6993FDDC-E7EB-4151-8793-A68CC38652BB/NeonDrift.run.1782484537.59589.app/ <com.DefaultCompany.NeonDrift.run.1782484537.59589 <placeholder >:1>"
)
2026-06-26 22:36:26.689 Df lsd[56598:8a6e75] [com.apple.launchservices:progress] #LSInstallProgressList add subscriber: <_NSProgressSubscriber: 0x10172bc90> publishingString: com.DefaultCompany.NeonDrift.run.1782484537.59589.Loading
2026-06-26 22:36:26.689 Df lsd[56598:8a6e75] [com.apple.launchservices:progress] Subscribing to com.DefaultCompany.NeonDrift.run.1782484537.59589.Loading
2026-06-26 22:36:26.689 Df usernotificationsd[56642:8a6e82] [com.apple.launchservices:appinstallation] LaunchServices observer: InstallsStarted (
    "<LSApplicationProxy: 0x101dc4600> com.DefaultCompany.NeonDrift.run.1782484537.59589 file:///Users/dragonkao/Library/Developer/CoreSimulator/Devices/CC47DE7A-8196-4465-A5A5-BB852C9C6C82/data/Containers/Bundle/Application/6993FDDC-E7EB-4151-8793-A68CC38652BB/NeonDrift.run.1782484537.59589.app/ <com.DefaultCompany.NeonDrift.run.1782484537.59589 <placeholder >:1>"
)
2026-06-26 22:36:26.689 Df homed[56653:8a3dc8] [com.apple.launchservices:appinstallation] LaunchServices observer: InstallsStarted (
    "<LSApplicationProxy: 0x107e60900> com.DefaultCompany.NeonDrift.run.1782484537.59589 file:///Users/dragonkao/Library/Developer/CoreSimulator/Devices/CC47DE7A-8196-4465-A5A5-BB852C9C6C82/data/Containers/Bundle/Application/6993FDDC-E7EB-4151-8793-A68CC38652BB/NeonDrift.run.1782484537.59589.app/ <com.DefaultCompany.NeonDrift.run.1782484537.59589 <placeholder >:1>"
)
2026-06-26 22:36:26.689 Df installcoordinationd[56719:8a6e2b] [com.apple.launchservices:progress] Published install progress <NSProgress: com.DefaultCompany.NeonDrift.run.1782484537.59589.Loading phase=Loading; state=Waiting; finalPhase=Installing; fractionCompleted=0.000000>
2026-06-26 22:36:26.689 Df liveactivitiesd[56633:8a4378] [com.apple.launchservices:appinstallation] LaunchServices observer: InstallsStarted (
    "<LSApplicationProxy: 0x102285bc0> com.DefaultCompany.NeonDrift.run.1782484537.59589 file:///Users/dragonkao/Library/Developer/CoreSimulator/Devices/CC47DE7A-8196-4465-A5A5-BB852C9C6C82/data/Containers/Bundle/Application/6993FDDC-E7EB-4151-8793-A68CC38652BB/NeonDrift.run.1782484537.59589.app/ <com.DefaultCompany.NeonDrift.run.1782484537.59589 <placeholder >:1>"
)
2026-06-26 22:36:26.689 Df healthappd[57166:8a69ae] [com.apple.launchservices:appinstallation] LaunchServices observer: InstallsStarted (
    "<LSApplicationProxy: 0x111dd8600> com.DefaultCompany.NeonDrift.run.1782484537.59589 file:///Users/dragonkao/Library/Developer/CoreSimulator/Devices/CC47DE7A-8196-4465-A5A5-BB852C9C6C82/data/Containers/Bundle/Application/6993FDDC-E7EB-4151-8793-A68CC38652BB/NeonDrift.run.1782484537.59589.app/ <com.DefaultCompany.NeonDrift.run.1782484537.59589 <placeholder >:1>"
)
2026-06-26 22:36:26.689 Df clipserviced[56619:8a0516] [com.apple.launchservices:appinstallation] LaunchServices observer: InstallsStarted (
    "<LSApplicationProxy: 0x1015b8000> com.DefaultCompany.NeonDrift.run.1782484537.59589 file:///Users/dragonkao/Library/Developer/CoreSimulator/Devices/CC47DE7A-8196-4465-A5A5-BB852C9C6C82/data/Containers/Bundle/Application/6993FDDC-E7EB-4151-8793-A68CC38652BB/NeonDrift.run.1782484537.59589.app/ <com.DefaultCompany.NeonDrift.run.1782484537.59589 <placeholder >:1>"
)
2026-06-26 22:36:26.689 Df CoreSimulatorBridge[56569:8a6e24] [com.apple.installcoordination:framework] -[IXAppInstallCoordinator _clientDelegate_didUpdateProgress:forPhase:overallProgress:]: <IXInitiatingAppInstallCoordinator<0x106091b00> identity:[com.DefaultCompany.NeonDrift.run.1782484537.59589/Invalid/[system-defined]] uuid:C65B60D1-1B15-4700-B8B3-875190186FD9 creator:InstallCoordination Simple SPI>: Got did update progress delegate with percentComplete 100.000000 phase IXCoordinatorProgressPhaseLoading overallProgress 60.000000
2026-06-26 22:36:26.689 Df CoreSimulatorBridge[56569:8a6e26] [com.apple.installcoordination:framework] -[IXAppInstallCoordinator _clientDelegate_didUpdateProgress:forPhase:overallProgress:]_block_invoke: <IXInitiatingAppInstallCoordinator<0x106091b00> identity:[com.DefaultCompany.NeonDrift.run.1782484537.59589/Invalid/[system-defined]] uuid:C65B60D1-1B15-4700-B8B3-875190186FD9 creator:InstallCoordination Simple SPI>: Calling selector coordinator:didUpdateProgress:forPhase:overallProgress: on observer <_IXSimpleInstallerDelegate 0x0x10605ba20>
2026-06-26 22:36:26.690 Df lsd[56598:89fce4] [com.apple.launchservices:progress] unsubscribing from com.DefaultCompany.NeonDrift.run.1782484537.59589.Loading as it was unpublished
2026-06-26 22:36:26.690 Df lsd[56598:8a6e75] [com.apple.launchservices:progress] Using publishing string "com.DefaultCompany.NeonDrift.run.1782484537.59589.Installing" for the first time
2026-06-26 22:36:26.690 Df lsd[56598:89fce4] [com.apple.launchservices:progress] #LSInstallProgressList remove subscriber: <_NSProgressSubscriber: 0x10172bc90> publishingString: com.DefaultCompany.NeonDrift.run.1782484537.59589.Loading
2026-06-26 22:36:26.690 Df lsd[56598:8a6e75] [com.apple.launchservices:progress] Updating installPhase for <NSProgress: com.DefaultCompany.NeonDrift.run.1782484537.59589 phase=Loading; state=Active; finalPhase=Installing; fractionCompleted=0.600000> to 1
2026-06-26 22:36:26.690 Df lsd[56598:8a6e75] [com.apple.launchservices:progress] Parent progress for installation <NSProgress: com.DefaultCompany.NeonDrift.run.1782484537.59589 phase=Installing; state=Active; finalPhase=Installing; fractionCompleted=0.600000>, adding phase 1
2026-06-26 22:36:26.690 Df lsd[56598:8a6e75] [com.apple.launchservices:progress] #LSInstallProgressList add subscriber: <_NSProgressSubscriber: 0x1017ac0c0> publishingString: com.DefaultCompany.NeonDrift.run.1782484537.59589.Installing
2026-06-26 22:36:26.690 Df lsd[56598:8a6e75] [com.apple.launchservices:progress] Subscribing to com.DefaultCompany.NeonDrift.run.1782484537.59589.Installing
2026-06-26 22:36:26.690 Df installcoordinationd[56719:8a02df] [com.apple.launchservices:progress] Published install progress <NSProgress: com.DefaultCompany.NeonDrift.run.1782484537.59589.Installing phase=Installing; state=Waiting; finalPhase=Installing; fractionCompleted=0.000000>
2026-06-26 22:36:26.691 Df siriactionsd[56640:8a6e83] [com.apple.shortcuts:Daemon] Dispatching XPC event: <distributed notification: com.apple.LaunchServices.applicationRegistered, userInfo: [AnyHashable("isPlaceholder"): 1, AnyHashable("bundleIDs"): <__NSSingleObjectArrayI 0x101a2a620>(
com.DefaultCompany.NeonDrift.run.1782484537.59589
)
]>
2026-06-26 22:36:26.691 Df siriactionsd[56640:8a6e83] [com.apple.shortcuts:XPCEvent] Dispatching XPC event: <distributed notification: com.apple.LaunchServices.applicationRegistered, userInfo: [AnyHashable("isPlaceholder"): 1, AnyHashable("bundleIDs"): <__NSSingleObjectArrayI 0x101a2a620>(
com.DefaultCompany.NeonDrift.run.1782484537.59589
)
]>
2026-06-26 22:36:26.691 Df siriactionsd[56640:8a6e83] [com.apple.shortcuts:Daemon] Firing event: <distributed notification: com.apple.LaunchServices.applicationRegistered, userInfo: [AnyHashable("isPlaceholder"): 1, AnyHashable("bundleIDs"): <__NSSingleObjectArrayI 0x101a2a620>(
com.DefaultCompany.NeonDrift.run.1782484537.59589
)
]>
2026-06-26 22:36:26.691 E  siriactionsd[56640:8a6e83] [com.apple.shortcuts:Daemon] Received an event that we do not have a DaemonTask for: <distributed notification: com.apple.LaunchServices.applicationRegistered, userInfo: [AnyHashable("isPlaceholder"): 1, AnyHashable("bundleIDs"): <__NSSingleObjectArrayI 0x101a2a620>(
com.DefaultCompany.NeonDrift.run.1782484537.59589
)
]>. This is a serious programming error that might lead to missed messages and stuck streams.
2026-06-26 22:36:26.691 Df installd[56732:8a6e2d] (MobileSystemServices) 0x16dbbb000 -[MIClientConnection _doInstallationForURL:identity:domain:options:operationType:completion:]: Install of "/Users/dragonkao/Library/Developer/CoreSimulator/Devices/CC47DE7A-8196-4465-A5A5-BB852C9C6C82/data/Containers/Shared/SystemGroup/systemgroup.com.apple.installcoordinationd/Library/InstallCoordination/PromiseStaging/5C4AC2DF-828C-46BF-877E-91E045E1E8AD/NeonDrift.run.1782484537.59589.app" type Developer (LSInstallType = 0, Domain: MIInstallationDomainDefault) requested by installcoordinationd (pid 56719 (501/20))
2026-06-26 22:36:26.692 Df appprotectiond[56556:8a6e93] [com.apple.appprotection:server] Received distnoted event <dictionary: 0x101900000> { count = 3, transaction: 0, voucher = 0x1019409b0, contents =
	"UserInfo" => <dictionary: 0x101830a20> { count = 2, transaction: 0, voucher = 0x0, contents =
		"isPlaceholder" => <bool: 0x1e704c530>: true
		"bundleIDs" => <array: 0x101837810> { count = 1, capacity = 1, contents =
			0: <string: 0x101836460> { string cache = 0x0, length = 49, contents = "com.DefaultCompany.NeonDrift.run.1782484537.59589" }
		}
	}
	"Name" => <string: 0x101836040> { string cache = 0x0, length = 46, contents = "com.apple.LaunchServices.applicationRegistered" }
	"XPCEventName" => <string: 0x101836eb0> { string cache = 0x0, length = 21, contents = "ApplicationRegistered" }
}
2026-06-26 22:36:26.692 Df appprotectiond[56556:8a6e93] [com.apple.appprotection:server] received note: name = com.apple.LaunchServices.applicationRegistered, object = Optional(AppProtection.DistnotedXPCEventStreamTranslator), userInfo = Optional([AnyHashable("bundleIDs"): <__NSSingleObjectArrayI 0x1019fc000>(
com.DefaultCompany.NeonDrift.run.1782484537.59589
)
, AnyHashable("isPlaceholder"): 1])
2026-06-26 22:36:26.692 Df appprotectiond[56556:8a6e93] [com.apple.appprotection:server] processing settings authority event: SettingsAuthorityEvent.promotePreferenceFromProvisionalForApplication(com.DefaultCompany.NeonDrift.run.1782484537.59589)
2026-06-26 22:36:26.695 Df CoreSimulatorBridge[56569:8a6e24] [com.apple.installcoordination:framework] -[IXAppInstallCoordinator _clientDelegate_didUpdateProgress:forPhase:overallProgress:]: <IXInitiatingAppInstallCoordinator<0x106091b00> identity:[com.DefaultCompany.NeonDrift.run.1782484537.59589/Invalid/[system-defined]] uuid:C65B60D1-1B15-4700-B8B3-875190186FD9 creator:InstallCoordination Simple SPI>: Got did update progress delegate with percentComplete 5.000000 phase IXCoordinatorProgressPhaseInstalling overallProgress 62.000000
2026-06-26 22:36:26.695 Df CoreSimulatorBridge[56569:8a6e24] [com.apple.installcoordination:framework] -[IXAppInstallCoordinator _clientDelegate_didUpdateProgress:forPhase:overallProgress:]: <IXInitiatingAppInstallCoordinator<0x106091b00> identity:[com.DefaultCompany.NeonDrift.run.1782484537.59589/Invalid/[system-defined]] uuid:C65B60D1-1B15-4700-B8B3-875190186FD9 creator:InstallCoordination Simple SPI>: Got did update progress delegate with percentComplete 15.000000 phase IXCoordinatorProgressPhaseInstalling overallProgress 66.000000
2026-06-26 22:36:26.695 Df CoreSimulatorBridge[56569:8a6e26] [com.apple.installcoordination:framework] -[IXAppInstallCoordinator _clientDelegate_didUpdateProgress:forPhase:overallProgress:]_block_invoke: <IXInitiatingAppInstallCoordinator<0x106091b00> identity:[com.DefaultCompany.NeonDrift.run.1782484537.59589/Invalid/[system-defined]] uuid:C65B60D1-1B15-4700-B8B3-875190186FD9 creator:InstallCoordination Simple SPI>: Calling selector coordinator:didUpdateProgress:forPhase:overallProgress: on observer <_IXSimpleInstallerDelegate 0x0x10605ba20>
2026-06-26 22:36:26.695 Df CoreSimulatorBridge[56569:8a6e26] [com.apple.installcoordination:framework] -[IXAppInstallCoordinator _clientDelegate_didUpdateProgress:forPhase:overallProgress:]_block_invoke: <IXInitiatingAppInstallCoordinator<0x106091b00> identity:[com.DefaultCompany.NeonDrift.run.1782484537.59589/Invalid/[system-defined]] uuid:C65B60D1-1B15-4700-B8B3-875190186FD9 creator:InstallCoordination Simple SPI>: Calling selector coordinator:didUpdateProgress:forPhase:overallProgress: on observer <_IXSimpleInstallerDelegate 0x0x10605ba20>
2026-06-26 22:36:26.695 Df CoreSimulatorBridge[56569:8a6e26] [com.apple.installcoordination:framework] -[IXAppInstallCoordinator _clientDelegate_didUpdateProgress:forPhase:overallProgress:]: <IXInitiatingAppInstallCoordinator<0x106091b00> identity:[com.DefaultCompany.NeonDrift.run.1782484537.59589/Invalid/[system-defined]] uuid:C65B60D1-1B15-4700-B8B3-875190186FD9 creator:InstallCoordination Simple SPI>: Got did update progress delegate with percentComplete 20.000000 phase IXCoordinatorProgressPhaseInstalling overallProgress 68.000000
2026-06-26 22:36:26.695 Df CoreSimulatorBridge[56569:8a6e26] [com.apple.installcoordination:framework] -[IXAppInstallCoordinator _clientDelegate_didUpdateProgress:forPhase:overallProgress:]_block_invoke: <IXInitiatingAppInstallCoordinator<0x106091b00> identity:[com.DefaultCompany.NeonDrift.run.1782484537.59589/Invalid/[system-defined]] uuid:C65B60D1-1B15-4700-B8B3-875190186FD9 creator:InstallCoordination Simple SPI>: Calling selector coordinator:didUpdateProgress:forPhase:overallProgress: on observer <_IXSimpleInstallerDelegate 0x0x10605ba20>
2026-06-26 22:36:26.697 Df installd[56732:8a6e2d] [com.apple.containermanager:xpc] Query; euid = 501, uid = 501, class = 1, identifier = [com.DefaultCompany.NeonDrift.run.1782484537.59589](1), flags = 300000002
2026-06-26 22:36:26.698 Df installd[56732:8a6e2d] [com.apple.containermanager:xpc] Query; euid = 501, uid = 501, class = 1, identifier = [com.DefaultCompany.NeonDrift.run.1782484537.59589](1), flags = 300000002
2026-06-26 22:36:26.700 Df SpringBoard[56538:89fbe6] [com.apple.appinstallation:TransactionLog] com.DefaultCompany.NeonDrift.run.1782484537.59589/Unknown Persona:10:1:3:1:Created icon for placeholder.
2026-06-26 22:36:26.701 Df installd[56732:8a6e2d] [com.apple.containermanager:xpc] Query; euid = 501, uid = 501, class = 1, identifier = [com.DefaultCompany.NeonDrift.run.1782484537.59589](1), flags = 300000002
2026-06-26 22:36:26.701 Df installcoordinationd[56719:8a0250] [com.apple.installcoordination:daemon] -[IXSCoordinatorProgress setTotalUnitsCompleted:]: Progress for coordinator: [com.DefaultCompany.NeonDrift.run.1782484537.59589/Invalid/[system-defined]], Phase: IXCoordinatorProgressPhaseInstalling, Percentage: 20.000000: Attempt to set units completed on finished progress: 20
2026-06-26 22:36:26.701 Df installd[56732:8a6e2d] [com.apple.containermanager:xpc] Query; euid = 501, uid = 501, class = 1, identifier = [com.DefaultCompany.NeonDrift.run.1782484537.59589](1), flags = 300000002
2026-06-26 22:36:26.701 Df SpringBoard[56538:89fbe6] [com.apple.frontboard.ApplicationLibrary:sb.placeholder] Placeholders added: (
    "<SBApplicationPlaceholder: 0x127a77210; bundleIdentifier: com.DefaultCompany.NeonDrift.run.1782484537.59589; displayName: NeonDrift.run.1782484537.59589>"
), modified: (
), removed: (null)
2026-06-26 22:36:26.701 Df SpringBoard[56538:89fbe6] [com.apple.launchservices:progress] Got progress <NSProgress: com.DefaultCompany.NeonDrift.run.1782484537.59589 phase=InstallingPlaceholder; state=Finished; finalPhase=Installing; fractionCompleted=0.000000> for app com.DefaultCompany.NeonDrift.run.1782484537.59589,
2026-06-26 22:36:26.704 Df installd[56732:8a6e2d] (MobileSystemServices) 0x16dbbb000 -[MIInstaller _installInstallable:containingSymlink:error:]: Installing <MIInstallableBundle ID=com.DefaultCompany.NeonDrift.run.1782484537.59589; Persona=com.apple.containermanager.primary-persona, Version=0, ShortVersion=1.0>
2026-06-26 22:36:26.704 Df installd[56732:8a6e2d] [com.apple.appinstallation:TransactionLog] com.DefaultCompany.NeonDrift.run.1782484537.59589/com.apple.containermanager.primary-persona:7:5:1:1:Start : Install (New)
2026-06-26 22:36:26.704 Df SpringBoard[56538:89fbe6] [com.apple.appinstallation:TransactionLog] com.DefaultCompany.NeonDrift.run.1782484537.59589/Unknown Persona:10:2:3:1:Reloading icon image.
2026-06-26 22:36:26.704 Df CoreSimulatorBridge[56569:8a6e24] [com.apple.installcoordination:framework] -[IXAppInstallCoordinator _clientDelegate_didUpdateProgress:forPhase:overallProgress:]: <IXInitiatingAppInstallCoordinator<0x106091b00> identity:[com.DefaultCompany.NeonDrift.run.1782484537.59589/Invalid/[system-defined]] uuid:C65B60D1-1B15-4700-B8B3-875190186FD9 creator:InstallCoordination Simple SPI>: Got did update progress delegate with percentComplete 30.000000 phase IXCoordinatorProgressPhaseInstalling overallProgress 72.000000
2026-06-26 22:36:26.704 Df CoreSimulatorBridge[56569:8a6e24] [com.apple.installcoordination:framework] -[IXAppInstallCoordinator _clientDelegate_didUpdateProgress:forPhase:overallProgress:]_block_invoke: <IXInitiatingAppInstallCoordinator<0x106091b00> identity:[com.DefaultCompany.NeonDrift.run.1782484537.59589/Invalid/[system-defined]] uuid:C65B60D1-1B15-4700-B8B3-875190186FD9 creator:InstallCoordination Simple SPI>: Calling selector coordinator:didUpdateProgress:forPhase:overallProgress: on observer <_IXSimpleInstallerDelegate 0x0x10605ba20>
2026-06-26 22:36:26.705 Df SpringBoard[56538:89fbe6] [com.apple.SpringBoard:Common] termination assertion acquired for com.DefaultCompany.NeonDrift.run.1782484537.59589 (app not found)
2026-06-26 22:36:26.705 Df SpringBoard[56538:89fbe6] [com.apple.appinstallation:TransactionLog] com.DefaultCompany.NeonDrift.run.1782484537.59589/Unknown Persona:10:2:3:1:Reloading icon image.
2026-06-26 22:36:26.706 Df SpringBoard[56538:89fbe6] [com.apple.appinstallation:TransactionLog] com.DefaultCompany.NeonDrift.run.1782484537.59589/Unknown Persona:10:2:3:1:Reloading icon image.
2026-06-26 22:36:26.708 Df installd[56732:8a6e2d] [com.apple.containermanager:query] Query; euid = 501, uid = 501, class = 4, identifier = [com.DefaultCompany.NeonDrift.run.1782484537.59589](1), flags = 300000002
2026-06-26 22:36:26.708 Df CoreSimulatorBridge[56569:8a6e26] [com.apple.installcoordination:framework] -[IXAppInstallCoordinator _clientDelegate_didUpdateProgress:forPhase:overallProgress:]: <IXInitiatingAppInstallCoordinator<0x106091b00> identity:[com.DefaultCompany.NeonDrift.run.1782484537.59589/Invalid/[system-defined]] uuid:C65B60D1-1B15-4700-B8B3-875190186FD9 creator:InstallCoordination Simple SPI>: Got did update progress delegate with percentComplete 40.000000 phase IXCoordinatorProgressPhaseInstalling overallProgress 76.000000
2026-06-26 22:36:26.708 Df CoreSimulatorBridge[56569:8a6e26] [com.apple.installcoordination:framework] -[IXAppInstallCoordinator _clientDelegate_didUpdateProgress:forPhase:overallProgress:]_block_invoke: <IXInitiatingAppInstallCoordinator<0x106091b00> identity:[com.DefaultCompany.NeonDrift.run.1782484537.59589/Invalid/[system-defined]] uuid:C65B60D1-1B15-4700-B8B3-875190186FD9 creator:InstallCoordination Simple SPI>: Calling selector coordinator:didUpdateProgress:forPhase:overallProgress: on observer <_IXSimpleInstallerDelegate 0x0x10605ba20>
2026-06-26 22:36:26.709 Df installd[56732:8a6e2d] [com.apple.containermanager:query] Query; euid = 501, uid = 501, class = 4, identifier = [com.DefaultCompany.NeonDrift.run.1782484537.59589](1), flags = 300000002
2026-06-26 22:36:26.709 Df installd[56732:8a6e2d] [com.apple.containermanager:xpc] Query; euid = 501, uid = 501, class = 1, identifier = [com.DefaultCompany.NeonDrift.run.1782484537.59589](1), flags = 300000003
2026-06-26 22:36:26.709 Df CoreSimulatorBridge[56569:8a6e24] [com.apple.installcoordination:framework] -[IXAppInstallCoordinator _clientDelegate_didUpdateProgress:forPhase:overallProgress:]: <IXInitiatingAppInstallCoordinator<0x106091b00> identity:[com.DefaultCompany.NeonDrift.run.1782484537.59589/Invalid/[system-defined]] uuid:C65B60D1-1B15-4700-B8B3-875190186FD9 creator:InstallCoordination Simple SPI>: Got did update progress delegate with percentComplete 50.000000 phase IXCoordinatorProgressPhaseInstalling overallProgress 80.000000
2026-06-26 22:36:26.709 Df CoreSimulatorBridge[56569:8a6e24] [com.apple.installcoordination:framework] -[IXAppInstallCoordinator _clientDelegate_didUpdateProgress:forPhase:overallProgress:]_block_invoke: <IXInitiatingAppInstallCoordinator<0x106091b00> identity:[com.DefaultCompany.NeonDrift.run.1782484537.59589/Invalid/[system-defined]] uuid:C65B60D1-1B15-4700-B8B3-875190186FD9 creator:InstallCoordination Simple SPI>: Calling selector coordinator:didUpdateProgress:forPhase:overallProgress: on observer <_IXSimpleInstallerDelegate 0x0x10605ba20>
2026-06-26 22:36:26.709 E  containermanagerd_system[56592:89fce5] [com.apple.containermanager:schema] [com.DefaultCompany.NeonDrift.run.1782484537.59589(1)] Current schema version (1) is newer than the latest (0), ignoring.
2026-06-26 22:36:26.710 Df containermanagerd_system[56592:89fce5] [com.apple.containermanager:schema] [u CC64D52A-CB20-4D87-A8E5-08CB81781D1B:p E67A2735-29BF-45B5-B9C6-DE671E8D9E57:c com.DefaultCompany.NeonDrift.run.1782484537.59589(1):i31375792] Successfully updated schema from (0) → (0), actions count = 0
2026-06-26 22:36:26.710 Df installd[56732:8a6e2d] [com.apple.containermanager:xpc] Query; euid = 501, uid = 501, class = 1, identifier = [com.DefaultCompany.NeonDrift.run.1782484537.59589](1), flags = 300000002
2026-06-26 22:36:26.711 Df CoreSimulatorBridge[56569:8a6e26] [com.apple.installcoordination:framework] -[IXAppInstallCoordinator _clientDelegate_didUpdateProgress:forPhase:overallProgress:]: <IXInitiatingAppInstallCoordinator<0x106091b00> identity:[com.DefaultCompany.NeonDrift.run.1782484537.59589/Invalid/[system-defined]] uuid:C65B60D1-1B15-4700-B8B3-875190186FD9 creator:InstallCoordination Simple SPI>: Got did update progress delegate with percentComplete 60.000000 phase IXCoordinatorProgressPhaseInstalling overallProgress 84.000000
2026-06-26 22:36:26.711 Df CoreSimulatorBridge[56569:8a6e26] [com.apple.installcoordination:framework] -[IXAppInstallCoordinator _clientDelegate_didUpdateProgress:forPhase:overallProgress:]_block_invoke: <IXInitiatingAppInstallCoordinator<0x106091b00> identity:[com.DefaultCompany.NeonDrift.run.1782484537.59589/Invalid/[system-defined]] uuid:C65B60D1-1B15-4700-B8B3-875190186FD9 creator:InstallCoordination Simple SPI>: Calling selector coordinator:didUpdateProgress:forPhase:overallProgress: on observer <_IXSimpleInstallerDelegate 0x0x10605ba20>
2026-06-26 22:36:26.712 Df PosterBoard[56652:8a4393] [com.apple.launchservices:appinstallation] LaunchServices observer: InstallsStarted (
    "<LSApplicationProxy: 0x106114780> com.DefaultCompany.NeonDrift.run.1782484537.59589 file:///Users/dragonkao/Library/Developer/CoreSimulator/Devices/CC47DE7A-8196-4465-A5A5-BB852C9C6C82/data/Containers/Bundle/Application/6993FDDC-E7EB-4151-8793-A68CC38652BB/NeonDrift.run.1782484537.59589.app/ <com.DefaultCompany.NeonDrift.run.1782484537.59589 <placeholder >:1>"
)
2026-06-26 22:36:26.712 Df installd[56732:8a6e2d] [com.apple.containermanager:query] Query; euid = 501, uid = 501, class = 2, identifier = [com.DefaultCompany.NeonDrift.run.1782484537.59589](1), flags = 300000003
2026-06-26 22:36:26.712 Df PosterBoard[56652:8a4393] [com.apple.launchservices:appinstallation] LaunchServices observer: MetadataUpdate (
    "com.DefaultCompany.NeonDrift.run.1782484537.59589"
)
2026-06-26 22:36:26.712 Df CoreSimulatorBridge[56569:8a6e26] [com.apple.installcoordination:framework] -[IXAppInstallCoordinator _clientDelegate_didUpdateProgress:forPhase:overallProgress:]: <IXInitiatingAppInstallCoordinator<0x106091b00> identity:[com.DefaultCompany.NeonDrift.run.1782484537.59589/Invalid/[system-defined]] uuid:C65B60D1-1B15-4700-B8B3-875190186FD9 creator:InstallCoordination Simple SPI>: Got did update progress delegate with percentComplete 70.000000 phase IXCoordinatorProgressPhaseInstalling overallProgress 88.000000
2026-06-26 22:36:26.712 Df CoreSimulatorBridge[56569:8a6e26] [com.apple.installcoordination:framework] -[IXAppInstallCoordinator _clientDelegate_didUpdateProgress:forPhase:overallProgress:]_block_invoke: <IXInitiatingAppInstallCoordinator<0x106091b00> identity:[com.DefaultCompany.NeonDrift.run.1782484537.59589/Invalid/[system-defined]] uuid:C65B60D1-1B15-4700-B8B3-875190186FD9 creator:InstallCoordination Simple SPI>: Calling selector coordinator:didUpdateProgress:forPhase:overallProgress: on observer <_IXSimpleInstallerDelegate 0x0x10605ba20>
2026-06-26 22:36:26.713 Df installd[56732:8a6e2d] [com.apple.containermanager:query] Query; euid = 501, uid = 501, class = 2, identifier = [com.DefaultCompany.NeonDrift.run.1782484537.59589](1), flags = 300000002
2026-06-26 22:36:26.713 Df PosterBoard[56652:8a4393] [com.apple.launchservices:appinstallation] LaunchServices observer: InstallsStarted (
    "<LSApplicationProxy: 0x1061149c0> com.DefaultCompany.NeonDrift.run.1782484537.59589 file:///Users/dragonkao/Library/Developer/CoreSimulator/Devices/CC47DE7A-8196-4465-A5A5-BB852C9C6C82/data/Containers/Bundle/Application/6993FDDC-E7EB-4151-8793-A68CC38652BB/NeonDrift.run.1782484537.59589.app/ <com.DefaultCompany.NeonDrift.run.1782484537.59589 <placeholder >:1>"
)
2026-06-26 22:36:26.720 Df CoreSimulatorBridge[56569:8a6e24] [com.apple.installcoordination:framework] -[IXAppInstallCoordinator _clientDelegate_didUpdateProgress:forPhase:overallProgress:]: <IXInitiatingAppInstallCoordinator<0x106091b00> identity:[com.DefaultCompany.NeonDrift.run.1782484537.59589/Invalid/[system-defined]] uuid:C65B60D1-1B15-4700-B8B3-875190186FD9 creator:InstallCoordination Simple SPI>: Got did update progress delegate with percentComplete 80.000000 phase IXCoordinatorProgressPhaseInstalling overallProgress 92.000000
2026-06-26 22:36:26.720 Df CoreSimulatorBridge[56569:8a6e24] [com.apple.installcoordination:framework] -[IXAppInstallCoordinator _clientDelegate_didUpdateProgress:forPhase:overallProgress:]_block_invoke: <IXInitiatingAppInstallCoordinator<0x106091b00> identity:[com.DefaultCompany.NeonDrift.run.1782484537.59589/Invalid/[system-defined]] uuid:C65B60D1-1B15-4700-B8B3-875190186FD9 creator:InstallCoordination Simple SPI>: Calling selector coordinator:didUpdateProgress:forPhase:overallProgress: on observer <_IXSimpleInstallerDelegate 0x0x10605ba20>
2026-06-26 22:36:26.721 Df installd[56732:8a6e2d] (MobileSystemServices) 0x16dbbb000 -[MIInstallationJournalEntry _refreshUUIDForContainer:withError:]: Data container for com.DefaultCompany.NeonDrift.run.1782484537.59589 is now at /Users/dragonkao/Library/Developer/CoreSimulator/Devices/CC47DE7A-8196-4465-A5A5-BB852C9C6C82/data/Containers/Data/Application/9B3F324E-7EA2-40FD-A2DD-3D53F748A09F
2026-06-26 22:36:26.722 Df containermanagerd[56624:89fd90] [com.apple.containermanager:schema] [u D18BA0E9-D0DA-461B-A480-7559B0E0F3C2:p 9B3F324E-7EA2-40FD-A2DD-3D53F748A09F:c com.DefaultCompany.NeonDrift.run.1782484537.59589(2):i0] Successfully updated schema from (0) → (1), actions count = 6
2026-06-26 22:36:26.722 Df installd[56732:8a6e2d] [com.apple.containermanager:unspecified] Replace; old = [app:com.DefaultCompany.NeonDrift.run.1782484537.59589:501::(4C53E5E6-96B5-4E22-9A6F-D9DA3318BD33)], new = [temp-app:com.DefaultCompany.NeonDrift.run.1782484537.59589:501::(CC64D52A-CB20-4D87-A8E5-08CB81781D1B)]
2026-06-26 22:36:26.722 Df dmd[56657:89ff0f] Received xpc stream event (distributed notification matching) with name: com.apple.LaunchServices.applicationRegistered user info: {
    bundleIDs =     (
        "com.DefaultCompany.NeonDrift.run.1782484537.59589"
    );
    isPlaceholder = 1;
}
2026-06-26 22:36:26.723 Df dmd[56657:89ff0f] Received xpc stream event (distributed notification matching) with name: com.apple.LaunchServices.applicationRegistered user info: {
    bundleIDs =     (
        "com.DefaultCompany.NeonDrift.run.1782484537.59589"
    );
    isPlaceholder = 1;
}
2026-06-26 22:36:26.725 Df installd[56732:8a6e2d] [com.apple.containermanager:xpc] Query; euid = 501, uid = 501, class = 1, identifier = [com.DefaultCompany.NeonDrift.run.1782484537.59589](1), flags = 300000002
2026-06-26 22:36:26.725 Df installd[56732:8a6e2d] (MobileSystemServices) 0x16dbbb000 -[MIContainer makeContainerLiveReplacingContainer:reason:waitForDeletion:withError:]: Made container live for com.DefaultCompany.NeonDrift.run.1782484537.59589 at /Users/dragonkao/Library/Developer/CoreSimulator/Devices/CC47DE7A-8196-4465-A5A5-BB852C9C6C82/data/Containers/Bundle/Application/5843D728-B3ED-4935-A495-075940FA528B
2026-06-26 22:36:26.726 Df installd[56732:8a6e2d] [com.apple.containermanager:xpc] Query; euid = 501, uid = 501, class = 1, identifier = [com.DefaultCompany.NeonDrift.run.1782484537.59589](1), flags = 300000002
2026-06-26 22:36:26.727 Df CoreSimulatorBridge[56569:8a6e26] [com.apple.installcoordination:framework] -[IXAppInstallCoordinator _clientDelegate_didUpdateProgress:forPhase:overallProgress:]: <IXInitiatingAppInstallCoordinator<0x106091b00> identity:[com.DefaultCompany.NeonDrift.run.1782484537.59589/Invalid/[system-defined]] uuid:C65B60D1-1B15-4700-B8B3-875190186FD9 creator:InstallCoordination Simple SPI>: Got did update progress delegate with percentComplete 90.000000 phase IXCoordinatorProgressPhaseInstalling overallProgress 96.000000
2026-06-26 22:36:26.727 Df CoreSimulatorBridge[56569:8a6e26] [com.apple.installcoordination:framework] -[IXAppInstallCoordinator _clientDelegate_didUpdateProgress:forPhase:overallProgress:]_block_invoke: <IXInitiatingAppInstallCoordinator<0x106091b00> identity:[com.DefaultCompany.NeonDrift.run.1782484537.59589/Invalid/[system-defined]] uuid:C65B60D1-1B15-4700-B8B3-875190186FD9 creator:InstallCoordination Simple SPI>: Calling selector coordinator:didUpdateProgress:forPhase:overallProgress: on observer <_IXSimpleInstallerDelegate 0x0x10605ba20>
2026-06-26 22:36:26.727 Df containermanagerd[56624:89fd90] [com.apple.containermanager:codesignmapping] Reconciled [com.DefaultCompany.NeonDrift.run.1782484537.59589]; old app groups: (null), new app groups: (null), old system groups: (null), new system groups: (null)
2026-06-26 22:36:26.727 Df installd[56732:8a6e2d] [com.apple.containermanager:unspecified] Requesting disk usage; class = 1, identifier = com.DefaultCompany.NeonDrift.run.1782484537.59589
2026-06-26 22:36:26.729 Df installd[56732:8a6e2d] [com.apple.containermanager:query] Query; euid = 501, uid = 501, class = 7, identifier = [com.DefaultCompany.NeonDrift.run.1782484537.59589](1), flags = 300000001
2026-06-26 22:36:26.730 Df SpringBoard[56538:89fbe6] [com.apple.SpringBoard:Common] termination assertion released for com.DefaultCompany.NeonDrift.run.1782484537.59589 (app not found)
2026-06-26 22:36:26.733 Df installd[56732:8a6e2d] (MobileSystemServices) 0x16dbbb000 -[MILaunchServicesOperationManager _onQueue_addPendingLaunchServicesOperation:error:]: Added pending LS operation <MILaunchServicesRegisterOperation: 4874C5FC-02BC-4EA4-81BC-C3BF30825778:4 com.DefaultCompany.NeonDrift.run.1782484537.59589/MIInstallationDomainSystemShared personas:[com.apple.containermanager.primary-persona]>
2026-06-26 22:36:26.733 Df lsd[56598:8a6e75] [com.apple.launchservices:appinstallation] Post installation registration: request to register com.DefaultCompany.NeonDrift.run.1782484537.59589, operation 4874C5FC-02BC-4EA4-81BC-C3BF30825778, from pid 56732
2026-06-26 22:36:26.733 Df lsd[56598:8a6e75] [com.apple.appinstallation:TransactionLog] com.DefaultCompany.NeonDrift.run.1782484537.59589/Unknown Persona:5:4:1:1:Registering bundles via registrant - start
2026-06-26 22:36:26.735 Df lsd[56598:8a6e75] [com.apple.appinstallation:TransactionLog] com.DefaultCompany.NeonDrift.run.1782484537.59589/Unknown Persona:5:5:1:1:Building bundle record for app
2026-06-26 22:36:26.735 Df lsd[56598:8a6e75] [com.apple.launchservices:appinstallation] Removed existing registered placeholder for com.DefaultCompany.NeonDrift.run.1782484537.59589
2026-06-26 22:36:26.735 Df lsd[56598:8a6e75] [com.apple.appinstallation:TransactionLog] com.DefaultCompany.NeonDrift.run.1782484537.59589/Unknown Persona:5:5:2:1:Built bundle record for app
2026-06-26 22:36:26.736 Df lsd[56598:8a6e75] [com.apple.launchservices:icons] clearAlternateNameForBundleIdentifier: won't clear for com.DefaultCompany.NeonDrift.run.1782484537.59589
2026-06-26 22:36:26.736 Df lsd[56598:8a6e75] [com.apple.appinstallation:TransactionLog] com.DefaultCompany.NeonDrift.run.1782484537.59589/Unknown Persona:5:4:2:1:Registered bundle status = success
2026-06-26 22:36:26.736 Df lsd[56598:8a6e75] [com.apple.appinstallation:TransactionLog] com.DefaultCompany.NeonDrift.run.1782484537.59589/Unknown Persona:5:4:2:1:Finished registering com.DefaultCompany.NeonDrift.run.1782484537.59589, bundle unit 45c
2026-06-26 22:36:26.736 Df lsd[56598:8a6e50] [com.apple.launchservices:progress] Installation ended for com.DefaultCompany.NeonDrift.run.1782484537.59589 with state 5
2026-06-26 22:36:26.737 Df lsd[56598:8a6e50] [com.apple.launchservices:progress] Discarding proportions for com.DefaultCompany.NeonDrift.run.1782484537.59589
2026-06-26 22:36:26.737 Df liveactivitiesd[56633:89fd86] [com.apple.launchservices:progress] Unpublishing progress block called for app com.DefaultCompany.NeonDrift.run.1782484537.59589
2026-06-26 22:36:26.737 Df installd[56732:8a6e2d] (MobileSystemServices) 0x16dbbb000 -[MIJournal purgeJournalEntry:withError:]: Removing journal entry <MIInstallationJournalEntry<0x1034e83c0> [com.DefaultCompany.NeonDrift.run.1782484537.59589/com.apple.containermanager.primary-persona/[system-defined]]/MIInstallationDomainSystemShared op:1 phase:JournalPhaseDidRegisterWithLS version:0>
2026-06-26 22:36:26.737 Df liveactivitiesd[56633:8a4378] [com.apple.launchservices:progress] #LSInstallProgressList remove subscriber: <_NSProgressSubscriber: 0x1022e3870> publishingString: com.DefaultCompany.NeonDrift.run.1782484537.59589
2026-06-26 22:36:26.737 Df lsd[56598:8a6e75] [com.apple.launchservices:progress] Sending applicationsDidInstall: for (
    "<LSApplicationProxy: 0x101744000> com.DefaultCompany.NeonDrift.run.1782484537.59589 file:///Users/dragonkao/Library/Developer/CoreSimulator/Devices/CC47DE7A-8196-4465-A5A5-BB852C9C6C82/data/Containers/Bundle/Application/5843D728-B3ED-4935-A495-075940FA528B/NeonDrift.run.1782484537.59589.app/ <com.DefaultCompany.NeonDrift.run.1782484537.59589 <installed >:0>"
)
2026-06-26 22:36:26.737 Df installd[56732:8a6e2d] [com.apple.appinstallation:TransactionLog] com.DefaultCompany.NeonDrift.run.1782484537.59589/com.apple.containermanager.primary-persona:7:5:2:1:Success (End) : Install (New)
2026-06-26 22:36:26.737 Df installd[56732:8a6e2d] (MobileSystemServices) 0x16dbbb000 -[MIInstaller _logOperationCompletionWithStartTime:distributorID:]: Install successful for (Developer:com.DefaultCompany.NeonDrift.run.1782484537.59589) [Distributor: (null)]; Staging: 0.00s; Waiting: 0.00s; Preflight/Patch: 0.00s, Verifying: 0.00s; Overall: 0.05s
2026-06-26 22:36:26.737 Df gamed[56684:8a4396] [com.apple.launchservices:appinstallation] Received applicationsDidInstall:(
    "<LSApplicationProxy: 0x104730300> com.DefaultCompany.NeonDrift.run.1782484537.59589 file:///Users/dragonkao/Library/Developer/CoreSimulator/Devices/CC47DE7A-8196-4465-A5A5-BB852C9C6C82/data/Containers/Bundle/Application/5843D728-B3ED-4935-A495-075940FA528B/NeonDrift.run.1782484537.59589.app/ <com.DefaultCompany.NeonDrift.run.1782484537.59589 <installed >:0>"
)
2026-06-26 22:36:26.737 Df donotdisturbd[56594:8a3ad3] [com.apple.launchservices:appinstallation] Received applicationsDidInstall:(
    "<LSApplicationProxy: 0x105dddb00> com.DefaultCompany.NeonDrift.run.1782484537.59589 file:///Users/dragonkao/Library/Developer/CoreSimulator/Devices/CC47DE7A-8196-4465-A5A5-BB852C9C6C82/data/Containers/Bundle/Application/5843D728-B3ED-4935-A495-075940FA528B/NeonDrift.run.1782484537.59589.app/ <com.DefaultCompany.NeonDrift.run.1782484537.59589 <installed >:0>"
)
2026-06-26 22:36:26.738 Df SpringBoard[56538:89fbe6] [com.apple.launchservices:progress] Unpublishing progress block called for app com.DefaultCompany.NeonDrift.run.1782484537.59589
2026-06-26 22:36:26.738 Df SpringBoard[56538:8a5b64] [com.apple.launchservices:progress] #LSInstallProgressList remove subscriber: <_NSProgressSubscriber: 0x10b67b2a0> publishingString: com.DefaultCompany.NeonDrift.run.1782484537.59589
2026-06-26 22:36:26.738 Df passd[56568:8a4388] [com.apple.launchservices:appinstallation] Received applicationsDidInstall:(
    "<LSApplicationProxy: 0x106cadc80> com.DefaultCompany.NeonDrift.run.1782484537.59589 file:///Users/dragonkao/Library/Developer/CoreSimulator/Devices/CC47DE7A-8196-4465-A5A5-BB852C9C6C82/data/Containers/Bundle/Application/5843D728-B3ED-4935-A495-075940FA528B/NeonDrift.run.1782484537.59589.app/ <com.DefaultCompany.NeonDrift.run.1782484537.59589 <installed >:0>"
)
2026-06-26 22:36:26.738 Df installcoordinationd[56719:8a0250] [com.apple.installcoordination:daemon] -[IXSPendingOperationsTracker endPendingOperationForIdentity:]_block_invoke: Ending pending operation for [com.DefaultCompany.NeonDrift.run.1782484537.59589/Invalid/[system-defined]]
2026-06-26 22:36:26.738 Df privacyaccountingd[56677:8a0b41] [com.apple.launchservices:appinstallation] Received applicationsDidInstall:(
    "<LSApplicationProxy: 0x105998480> com.DefaultCompany.NeonDrift.run.1782484537.59589 file:///Users/dragonkao/Library/Developer/CoreSimulator/Devices/CC47DE7A-8196-4465-A5A5-BB852C9C6C82/data/Containers/Bundle/Application/5843D728-B3ED-4935-A495-075940FA528B/NeonDrift.run.1782484537.59589.app/ <com.DefaultCompany.NeonDrift.run.1782484537.59589 <installed >:0>"
)
2026-06-26 22:36:26.738 Df lsd[56598:89fce4] [com.apple.launchservices:progress] unsubscribing from com.DefaultCompany.NeonDrift.run.1782484537.59589.Installing as it was unpublished
2026-06-26 22:36:26.738 Df lsd[56598:89fce4] [com.apple.launchservices:progress] #LSInstallProgressList remove subscriber: <_NSProgressSubscriber: 0x1017ac0c0> publishingString: com.DefaultCompany.NeonDrift.run.1782484537.59589.Installing
2026-06-26 22:36:26.738 Df ctkd[56873:8a6e5c] [com.apple.launchservices:appinstallation] Received applicationsDidInstall:(
    "<LSApplicationProxy: 0x1055f4000> com.DefaultCompany.NeonDrift.run.1782484537.59589 file:///Users/dragonkao/Library/Developer/CoreSimulator/Devices/CC47DE7A-8196-4465-A5A5-BB852C9C6C82/data/Containers/Bundle/Application/5843D728-B3ED-4935-A495-075940FA528B/NeonDrift.run.1782484537.59589.app/ <com.DefaultCompany.NeonDrift.run.1782484537.59589 <installed >:0>"
)
2026-06-26 22:36:26.738 Df CoreSimulatorBridge[56569:8a6e24] [com.apple.installcoordination:framework] -[IXAppInstallCoordinator _clientDelegate_didUpdateProgress:forPhase:overallProgress:]: <IXInitiatingAppInstallCoordinator<0x106091b00> identity:[com.DefaultCompany.NeonDrift.run.1782484537.59589/Invalid/[system-defined]] uuid:C65B60D1-1B15-4700-B8B3-875190186FD9 creator:InstallCoordination Simple SPI>: Got did update progress delegate with percentComplete 100.000000 phase IXCoordinatorProgressPhaseInstalling overallProgress 100.000000
2026-06-26 22:36:26.738 Df CoreSimulatorBridge[56569:8a6e24] [com.apple.installcoordination:framework] -[IXAppInstallCoordinator _clientDelegate_didUpdateProgress:forPhase:overallProgress:]_block_invoke: <IXInitiatingAppInstallCoordinator<0x106091b00> identity:[com.DefaultCompany.NeonDrift.run.1782484537.59589/Invalid/[system-defined]] uuid:C65B60D1-1B15-4700-B8B3-875190186FD9 creator:InstallCoordination Simple SPI>: Calling selector coordinator:didUpdateProgress:forPhase:overallProgress: on observer <_IXSimpleInstallerDelegate 0x0x10605ba20>
2026-06-26 22:36:26.738 Df activitysharingd[57045:8a6e5f] [com.apple.launchservices:appinstallation] Received applicationsDidInstall:(
    "<LSApplicationProxy: 0x1045c0e40> com.DefaultCompany.NeonDrift.run.1782484537.59589 file:///Users/dragonkao/Library/Developer/CoreSimulator/Devices/CC47DE7A-8196-4465-A5A5-BB852C9C6C82/data/Containers/Bundle/Application/5843D728-B3ED-4935-A495-075940FA528B/NeonDrift.run.1782484537.59589.app/ <com.DefaultCompany.NeonDrift.run.1782484537.59589 <installed >:0>"
)
2026-06-26 22:36:26.738 Df locationd[56562:8a3480] [com.apple.launchservices:appinstallation] Received applicationsDidInstall:(
    "<LSApplicationProxy: 0x107778600> com.DefaultCompany.NeonDrift.run.1782484537.59589 file:///Users/dragonkao/Library/Developer/CoreSimulator/Devices/CC47DE7A-8196-4465-A5A5-BB852C9C6C82/data/Containers/Bundle/Application/5843D728-B3ED-4935-A495-075940FA528B/NeonDrift.run.1782484537.59589.app/ <com.DefaultCompany.NeonDrift.run.1782484537.59589 <installed >:0>"
)
2026-06-26 22:36:26.738 Df donotdisturbd[56594:8a3ad3] [com.apple.appinstallation:TransactionLog] com.DefaultCompany.NeonDrift.run.1782484537.59589/Unknown Persona:5:8:3:1:applicationsDidInstall <LSApplicationProxy: 0x105dddbc0> com.DefaultCompany.NeonDrift.run.1782484537.59589 file:///Users/dragonkao/Library/Developer/CoreSimulator/Devices/CC47DE7A-8196-4465-A5A5-BB852C9C6C82/data/Containers/Bundle/Application/5843D728-B3ED-4935-A495-075940FA528B/NeonDrift.run.1782484537.59589.app/ <com.DefaultCompany.NeonDrift.run.1782484537.59589 <installed >:0>
2026-06-26 22:36:26.739 Df gamed[56684:8a6e5e] [com.apple.appinstallation:TransactionLog] com.DefaultCompany.NeonDrift.run.1782484537.59589/Unknown Persona:5:8:3:1:applicationsDidInstall <LSApplicationProxy: 0x104730240> com.DefaultCompany.NeonDrift.run.1782484537.59589 file:///Users/dragonkao/Library/Developer/CoreSimulator/Devices/CC47DE7A-8196-4465-A5A5-BB852C9C6C82/data/Containers/Bundle/Application/5843D728-B3ED-4935-A495-075940FA528B/NeonDrift.run.1782484537.59589.app/ <com.DefaultCompany.NeonDrift.run.1782484537.59589 <installed >:0>
2026-06-26 22:36:26.739 Df sleepd[56565:8a4379] [com.apple.launchservices:appinstallation] Received applicationsDidInstall:(
    "<LSApplicationProxy: 0x101e70180> com.DefaultCompany.NeonDrift.run.1782484537.59589 file:///Users/dragonkao/Library/Developer/CoreSimulator/Devices/CC47DE7A-8196-4465-A5A5-BB852C9C6C82/data/Containers/Bundle/Application/5843D728-B3ED-4935-A495-075940FA528B/NeonDrift.run.1782484537.59589.app/ <com.DefaultCompany.NeonDrift.run.1782484537.59589 <installed >:0>"
)
2026-06-26 22:36:26.739 Df webbookmarksd[56654:8a4373] [com.apple.launchservices:appinstallation] Received applicationsDidInstall:(
    "<LSApplicationProxy: 0x1061c8000> com.DefaultCompany.NeonDrift.run.1782484537.59589 file:///Users/dragonkao/Library/Developer/CoreSimulator/Devices/CC47DE7A-8196-4465-A5A5-BB852C9C6C82/data/Containers/Bundle/Application/5843D728-B3ED-4935-A495-075940FA528B/NeonDrift.run.1782484537.59589.app/ <com.DefaultCompany.NeonDrift.run.1782484537.59589 <installed >:0>"
)
2026-06-26 22:36:26.739 Df profiled[56644:8a6e61] [com.apple.launchservices:appinstallation] Received applicationsDidInstall:(
    "<LSApplicationProxy: 0x107c18000> com.DefaultCompany.NeonDrift.run.1782484537.59589 file:///Users/dragonkao/Library/Developer/CoreSimulator/Devices/CC47DE7A-8196-4465-A5A5-BB852C9C6C82/data/Containers/Bundle/Application/5843D728-B3ED-4935-A495-075940FA528B/NeonDrift.run.1782484537.59589.app/ <com.DefaultCompany.NeonDrift.run.1782484537.59589 <installed >:0>"
)
2026-06-26 22:36:26.739 Df activityawardsd[56704:8a6e65] [com.apple.launchservices:appinstallation] Received applicationsDidInstall:(
    "<LSApplicationProxy: 0x105544c00> com.DefaultCompany.NeonDrift.run.1782484537.59589 file:///Users/dragonkao/Library/Developer/CoreSimulator/Devices/CC47DE7A-8196-4465-A5A5-BB852C9C6C82/data/Containers/Bundle/Application/5843D728-B3ED-4935-A495-075940FA528B/NeonDrift.run.1782484537.59589.app/ <com.DefaultCompany.NeonDrift.run.1782484537.59589 <installed >:0>"
)
2026-06-26 22:36:26.739 Df privacyaccountingd[56677:8a0b41] [com.apple.appinstallation:TransactionLog] com.DefaultCompany.NeonDrift.run.1782484537.59589/Unknown Persona:5:8:3:1:applicationsDidInstall <LSApplicationProxy: 0x105998b40> com.DefaultCompany.NeonDrift.run.1782484537.59589 file:///Users/dragonkao/Library/Developer/CoreSimulator/Devices/CC47DE7A-8196-4465-A5A5-BB852C9C6C82/data/Containers/Bundle/Application/5843D728-B3ED-4935-A495-075940FA528B/NeonDrift.run.1782484537.59589.app/ <com.DefaultCompany.NeonDrift.run.1782484537.59589 <installed >:0>
2026-06-26 22:36:26.739 Df nsurlsessiond[56590:8a5e0c] [com.apple.launchservices:appinstallation] Received applicationsDidInstall:(
    "<LSApplicationProxy: 0x106290fc0> com.DefaultCompany.NeonDrift.run.1782484537.59589 file:///Users/dragonkao/Library/Developer/CoreSimulator/Devices/CC47DE7A-8196-4465-A5A5-BB852C9C6C82/data/Containers/Bundle/Application/5843D728-B3ED-4935-A495-075940FA528B/NeonDrift.run.1782484537.59589.app/ <com.DefaultCompany.NeonDrift.run.1782484537.59589 <installed >:0>"
)
2026-06-26 22:36:26.739 Df callservicesd[56634:8a439b] [com.apple.launchservices:appinstallation] Received applicationsDidInstall:(
    "<LSApplicationProxy: 0x10718cfc0> com.DefaultCompany.NeonDrift.run.1782484537.59589 file:///Users/dragonkao/Library/Developer/CoreSimulator/Devices/CC47DE7A-8196-4465-A5A5-BB852C9C6C82/data/Containers/Bundle/Application/5843D728-B3ED-4935-A495-075940FA528B/NeonDrift.run.1782484537.59589.app/ <com.DefaultCompany.NeonDrift.run.1782484537.59589 <installed >:0>"
)
2026-06-26 22:36:26.739 Df PosterBoard[56652:8a6ec5] [com.apple.launchservices:appinstallation] Received applicationsDidInstall:(
    "<LSApplicationProxy: 0x106114540> com.DefaultCompany.NeonDrift.run.1782484537.59589 file:///Users/dragonkao/Library/Developer/CoreSimulator/Devices/CC47DE7A-8196-4465-A5A5-BB852C9C6C82/data/Containers/Bundle/Application/5843D728-B3ED-4935-A495-075940FA528B/NeonDrift.run.1782484537.59589.app/ <com.DefaultCompany.NeonDrift.run.1782484537.59589 <installed >:0>"
)
2026-06-26 22:36:26.739 Df runningboardd[56541:8a6e35] [com.apple.launchservices:appinstallation] Received applicationsDidInstall:(
    "<LSApplicationProxy: 0x1059a40c0> com.DefaultCompany.NeonDrift.run.1782484537.59589 file:///Users/dragonkao/Library/Developer/CoreSimulator/Devices/CC47DE7A-8196-4465-A5A5-BB852C9C6C82/data/Containers/Bundle/Application/5843D728-B3ED-4935-A495-075940FA528B/NeonDrift.run.1782484537.59589.app/ <com.DefaultCompany.NeonDrift.run.1782484537.59589 <installed >:0>"
)
2026-06-26 22:36:26.739 Df passd[56568:8a4388] [com.apple.appinstallation:TransactionLog] com.DefaultCompany.NeonDrift.run.1782484537.59589/Unknown Persona:5:8:3:1:applicationsDidInstall <LSApplicationProxy: 0x106cae040> com.DefaultCompany.NeonDrift.run.1782484537.59589 file:///Users/dragonkao/Library/Developer/CoreSimulator/Devices/CC47DE7A-8196-4465-A5A5-BB852C9C6C82/data/Containers/Bundle/Application/5843D728-B3ED-4935-A495-075940FA528B/NeonDrift.run.1782484537.59589.app/ <com.DefaultCompany.NeonDrift.run.1782484537.59589 <installed >:0>
2026-06-26 22:36:26.740 Df liveactivitiesd[56633:8a4378] [com.apple.launchservices:appinstallation] Received applicationsDidInstall:(
    "<LSApplicationProxy: 0x102285bc0> com.DefaultCompany.NeonDrift.run.1782484537.59589 file:///Users/dragonkao/Library/Developer/CoreSimulator/Devices/CC47DE7A-8196-4465-A5A5-BB852C9C6C82/data/Containers/Bundle/Application/5843D728-B3ED-4935-A495-075940FA528B/NeonDrift.run.1782484537.59589.app/ <com.DefaultCompany.NeonDrift.run.1782484537.59589 <installed >:0>"
)
2026-06-26 22:36:26.740 Df SpringBoard[56538:8a5b64] [com.apple.launchservices:appinstallation] Received applicationsDidInstall:(
    "<LSApplicationProxy: 0x1234ffd80> com.DefaultCompany.NeonDrift.run.1782484537.59589 file:///Users/dragonkao/Library/Developer/CoreSimulator/Devices/CC47DE7A-8196-4465-A5A5-BB852C9C6C82/data/Containers/Bundle/Application/5843D728-B3ED-4935-A495-075940FA528B/NeonDrift.run.1782484537.59589.app/ <com.DefaultCompany.NeonDrift.run.1782484537.59589 <installed >:0>"
)
2026-06-26 22:36:26.740 Df healthappd[57166:8a69ae] [com.apple.launchservices:appinstallation] Received applicationsDidInstall:(
