Timestamp               Ty Process[PID:TID]
2026-06-26 21:28:20.635 Df CoreSimulatorBridge[13156:7cead4] Request received for installation of file:///Users/dragonkao/.openclaw/workspace/382b9e3384298039b171c9b2a60ae644/NeonDrift_MVP/project/xcode_derived_data/Build/Products/Release-iphonesimulator/NeonDrift.run.1782480457.12401.app/ with options: {
    PackageType = Developer;
    SimulatorRootPath = "/Library/Developer/CoreSimulator/Volumes/iOS_23F77/Library/Developer/CoreSimulator/Profiles/Runtimes/iOS 26.5.simruntime/Contents/Resources/RuntimeRoot";
    SimulatorUserPath = "/Users/dragonkao/Library/Developer/CoreSimulator/Devices/115FDF0C-5A2F-4686-909B-7F43F1450A28/data";
}
2026-06-26 21:28:20.635 Df CoreSimulatorBridge[13156:7cead4] [com.apple.installcoordination:framework] +[IXAppInstallCoordinator(IXSimpleInstaller) _beginInstallForURL:forPersonaUniqueString:consumeSource:options:progressBlock:completionWithIdentity:]: Beginning install for /Users/dragonkao/.openclaw/workspace/382b9e3384298039b171c9b2a60ae644/NeonDrift_MVP/project/xcode_derived_data/Build/Products/Release-iphonesimulator/NeonDrift.run.1782480457.12401.app consuming source:N options:{
    IsUserInitiated = 1;
    PackageType = Developer;
} installationRequestorAuditToken: NULL
2026-06-26 21:28:20.637 Df installcoordinationd[26512:84e0f7] [com.apple.installcoordination:daemon] -[IXSDataPromiseManager registerPromise:]: Registered promise <IXSPlaceholder(0x105510500) Name:App Placeholder: NeonDrift.run.1782480457.12401 (com.DefaultCompany.NeonDrift.run.1782480457.12401) Creator:InstallCoordination Simple SPI UUID:CCF19E81-7494-471E-B87B-949B2BEDA36D Location:[system-defined]> for UUID CCF19E81-7494-471E-B87B-949B2BEDA36D
2026-06-26 21:28:20.638 Df installcoordinationd[26512:84e0f7] [com.apple.installcoordination:daemon] -[IXSPlaceholder setAttributes:]: <IXSPlaceholder(0x105510500) Name:App Placeholder: NeonDrift.run.1782480457.12401 (com.DefaultCompany.NeonDrift.run.1782480457.12401) Creator:InstallCoordination Simple SPI UUID:CCF19E81-7494-471E-B87B-949B2BEDA36D Location:[system-defined]>: setting placeholder attributes to <IXPlaceholderAttributes<0x1054a0dc0> : {
    CFBundleShortVersionString = "1.0";
    CFBundleSupportedPlatforms =     (
        iPhoneSimulator
    );
    CFBundleVersion = 0;
    DTPlatformName = iphonesimulator;
    LSRequiresIPhoneOS = 1;
    MinimumOSVersion = "13.0";
    UIDeviceFamily =     (
        1,
        2
    );
    UIRequiredDeviceCapabilities =     {
        arm64 = 1;
        metal = 1;
    };
}>
2026-06-26 21:28:20.638 Df CoreSimulatorBridge[13156:84e0fb] [com.apple.installcoordination:framework] +[IXPlaceholder _setEntitlementsFromBundleExecutableURL:withBundleID:client:onPlaceholder:location:error:]: Executable for com.DefaultCompany.NeonDrift.run.1782480457.12401 at NeonDrift.run.1782480457.12401 -- file:///Users/dragonkao/.openclaw/workspace/382b9e3384298039b171c9b2a60ae644/NeonDrift_MVP/project/xcode_derived_data/Build/Products/Release-iphonesimulator/NeonDrift.run.1782480457.12401.app/ had no entitlements
2026-06-26 21:28:20.638 Df CoreSimulatorBridge[13156:84e0fb] [com.apple.installcoordination:framework] +[IXPlaceholder _placeholderForBundle:client:withParent:installType:metadata:placeholderType:mayBeDeltaPackage:isFromSerializedPlaceholder:location:error:]: Using full fidelity icons for com.DefaultCompany.NeonDrift.run.1782480457.12401 at /Users/dragonkao/.openclaw/workspace/382b9e3384298039b171c9b2a60ae644/NeonDrift_MVP/project/xcode_derived_data/Build/Products/Release-iphonesimulator/NeonDrift.run.1782480457.12401.app
2026-06-26 21:28:20.639 Df installcoordinationd[26512:84e0f7] [com.apple.installcoordination:daemon] -[IXSDataPromiseManager registerPromise:]: Registered promise <IXSPromisedTransferToPath(0x1054dd480) Name:Icon resources for com.DefaultCompany.NeonDrift.run.1782480457.12401 Creator:InstallCoordination Simple SPI UUID:2F91EA63-C77E-4633-B522-F9919E098FC8 Location:[system-defined]> for UUID 2F91EA63-C77E-4633-B522-F9919E098FC8
2026-06-26 21:28:20.642 Df CoreSimulatorBridge[13156:84e0fb] [com.apple.installcoordination:framework] -[IXPromisedTransferToPath setComplete:]: <IXPromisedTransferToPath<0x103458800> name:"Icon resources for com.DefaultCompany.NeonDrift.run.1782480457.12401" uuid:2F91EA63-C77E-4633-B522-F9919E098FC8 creator:"InstallCoordination Simple SPI" location:[system-defined]> Move operation from /Users/dragonkao/Library/Developer/CoreSimulator/Devices/115FDF0C-5A2F-4686-909B-7F43F1450A28/data/Containers/Shared/SystemGroup/systemgroup.com.apple.installcoordinationd/Library/InstallCoordination/PromiseStaging/2F91EA63-C77E-4633-B522-F9919E098FC8/temp.m6c0XL to /Users/dragonkao/Library/Developer/CoreSimulator/Devices/115FDF0C-5A2F-4686-909B-7F43F1450A28/data/Containers/Shared/SystemGroup/systemgroup.com.apple.installcoordinationd/Library/InstallCoordination/PromiseStaging/2F91EA63-C77E-4633-B522-F9919E098FC8/temp.m6c0XL took 0.000044 seconds
2026-06-26 21:28:20.643 Df installcoordinationd[26512:84e0f7] [com.apple.installcoordination:daemon] -[IXSDataPromise _setPercentComplete:saveStateIfNeeded:]: Progress: <IXSPromisedTransferToPath(0x1054dd480) Name:Icon resources for com.DefaultCompany.NeonDrift.run.1782480457.12401 Creator:InstallCoordination Simple SPI UUID:2F91EA63-C77E-4633-B522-F9919E098FC8 Location:[system-defined]>
2026-06-26 21:28:20.643 Df installcoordinationd[26512:85349a] [com.apple.installcoordination:daemon] -[IXSDataPromiseManager promiseDidBegin:]: Unowned promise began: <IXSPromisedTransferToPath(0x1054dd480) Name:Icon resources for com.DefaultCompany.NeonDrift.run.1782480457.12401 Creator:InstallCoordination Simple SPI UUID:2F91EA63-C77E-4633-B522-F9919E098FC8 Location:[system-defined]>
2026-06-26 21:28:20.643 Df installcoordinationd[26512:85349a] [com.apple.installcoordination:daemon] -[IXSDataPromiseManager promise:didUpdateProgress:]: Unowned promise update progress to 1.000000 : <IXSPromisedTransferToPath(0x1054dd480) Name:Icon resources for com.DefaultCompany.NeonDrift.run.1782480457.12401 Creator:InstallCoordination Simple SPI UUID:2F91EA63-C77E-4633-B522-F9919E098FC8 Location:[system-defined]>
2026-06-26 21:28:20.643 Df installcoordinationd[26512:84e0f7] [com.apple.installcoordination:daemon] -[IXSDataPromiseManager promiseDidComplete:]: Unowned promise completed: <IXSPromisedTransferToPath(0x1054dd480) Name:Icon resources for com.DefaultCompany.NeonDrift.run.1782480457.12401 Creator:InstallCoordination Simple SPI UUID:2F91EA63-C77E-4633-B522-F9919E098FC8 Location:[system-defined]>
2026-06-26 21:28:20.644 Df installcoordinationd[26512:84e0f7] [com.apple.installcoordination:daemon] -[IXSDataPromise _setPercentComplete:saveStateIfNeeded:]: Progress: <IXSPromisedInMemoryDictionary(0x1054dd180) Name:Info.plist icon content for com.DefaultCompany.NeonDrift.run.1782480457.12401 Creator:InstallCoordination Simple SPI UUID:2D9E3F06-BC30-4DDD-AA3C-F8E60ABF0DB9 Location:[system-defined]>
2026-06-26 21:28:20.644 Df installcoordinationd[26512:84e0f7] [com.apple.installcoordination:daemon] -[IXSDataPromiseManager registerPromise:]: Registered promise <IXSPromisedInMemoryDictionary(0x1054dd180) Name:Info.plist icon content for com.DefaultCompany.NeonDrift.run.1782480457.12401 Creator:InstallCoordination Simple SPI UUID:2D9E3F06-BC30-4DDD-AA3C-F8E60ABF0DB9 Location:[system-defined]> for UUID 2D9E3F06-BC30-4DDD-AA3C-F8E60ABF0DB9
2026-06-26 21:28:20.645 Df installcoordinationd[26512:85349a] [com.apple.installcoordination:daemon] -[IXSDataPromiseManager promiseDidBegin:]: Unowned promise began: <IXSPromisedInMemoryDictionary(0x1054dd180) Name:Info.plist icon content for com.DefaultCompany.NeonDrift.run.1782480457.12401 Creator:InstallCoordination Simple SPI UUID:2D9E3F06-BC30-4DDD-AA3C-F8E60ABF0DB9 Location:[system-defined]>
2026-06-26 21:28:20.645 Df installcoordinationd[26512:85349a] [com.apple.installcoordination:daemon] -[IXSDataPromiseManager promise:didUpdateProgress:]: Unowned promise update progress to 1.000000 : <IXSPromisedInMemoryDictionary(0x1054dd180) Name:Info.plist icon content for com.DefaultCompany.NeonDrift.run.1782480457.12401 Creator:InstallCoordination Simple SPI UUID:2D9E3F06-BC30-4DDD-AA3C-F8E60ABF0DB9 Location:[system-defined]>
2026-06-26 21:28:20.645 Df installcoordinationd[26512:85349a] [com.apple.installcoordination:daemon] -[IXSDataPromiseManager promiseDidComplete:]: Unowned promise completed: <IXSPromisedInMemoryDictionary(0x1054dd180) Name:Info.plist icon content for com.DefaultCompany.NeonDrift.run.1782480457.12401 Creator:InstallCoordination Simple SPI UUID:2D9E3F06-BC30-4DDD-AA3C-F8E60ABF0DB9 Location:[system-defined]>
2026-06-26 21:28:20.645 Df installcoordinationd[26512:85349d] [com.apple.installcoordination:daemon] -[IXSPlaceholder setIconResourcesPromise:]: <IXSPlaceholder(0x105510500) Name:App Placeholder: NeonDrift.run.1782480457.12401 (com.DefaultCompany.NeonDrift.run.1782480457.12401) Creator:InstallCoordination Simple SPI UUID:CCF19E81-7494-471E-B87B-949B2BEDA36D Location:[system-defined]>: setting icon resources promise to <IXSPromisedTransferToPath(0x1054dd480) Name:Icon resources for com.DefaultCompany.NeonDrift.run.1782480457.12401 Creator:InstallCoordination Simple SPI UUID:2F91EA63-C77E-4633-B522-F9919E098FC8 Location:[system-defined]>
2026-06-26 21:28:20.645 Df installcoordinationd[26512:85349d] [com.apple.installcoordination:daemon] -[IXSPlaceholder setInfoPlistIconContentPromise:]: <IXSPlaceholder(0x105510500) Name:App Placeholder: NeonDrift.run.1782480457.12401 (com.DefaultCompany.NeonDrift.run.1782480457.12401) Creator:InstallCoordination Simple SPI UUID:CCF19E81-7494-471E-B87B-949B2BEDA36D Location:[system-defined]>: setting Info.plist icon content promise to <IXSPromisedInMemoryDictionary(0x1054dd180) Name:Info.plist icon content for com.DefaultCompany.NeonDrift.run.1782480457.12401 Creator:InstallCoordination Simple SPI UUID:2D9E3F06-BC30-4DDD-AA3C-F8E60ABF0DB9 Location:[system-defined]>
2026-06-26 21:28:20.646 Df installcoordinationd[26512:85349a] [com.apple.installcoordination:daemon] -[IXSDataPromiseManager promiseDidBegin:]: Unowned promise began: <IXSPlaceholder(0x105510500) Name:App Placeholder: NeonDrift.run.1782480457.12401 (com.DefaultCompany.NeonDrift.run.1782480457.12401) Creator:InstallCoordination Simple SPI UUID:CCF19E81-7494-471E-B87B-949B2BEDA36D Location:[system-defined]>
2026-06-26 21:28:20.646 Df installcoordinationd[26512:85349a] [com.apple.installcoordination:daemon] -[IXSDataPromiseManager promise:didUpdateProgress:]: Unowned promise update progress to 0.000000 : <IXSPlaceholder(0x105510500) Name:App Placeholder: NeonDrift.run.1782480457.12401 (com.DefaultCompany.NeonDrift.run.1782480457.12401) Creator:InstallCoordination Simple SPI UUID:CCF19E81-7494-471E-B87B-949B2BEDA36D Location:[system-defined]>
2026-06-26 21:28:20.646 Df installcoordinationd[26512:85349a] [com.apple.installcoordination:daemon] -[IXSDataPromiseManager promise:didUpdateProgress:]: Unowned promise update progress to 0.000000 : <IXSPlaceholder(0x105510500) Name:App Placeholder: NeonDrift.run.1782480457.12401 (com.DefaultCompany.NeonDrift.run.1782480457.12401) Creator:InstallCoordination Simple SPI UUID:CCF19E81-7494-471E-B87B-949B2BEDA36D Location:[system-defined]>
2026-06-26 21:28:20.647 Df installcoordinationd[26512:85349d] [com.apple.installcoordination:daemon] -[IXSDataPromise _setPercentComplete:saveStateIfNeeded:]: Progress: <IXSPromisedInMemoryDictionary(0x1054dd500) Name:Localizations for com.DefaultCompany.NeonDrift.run.1782480457.12401 Creator:InstallCoordination Simple SPI UUID:103C0D6C-ABDA-4379-AF45-F068D7E65137 Location:[system-defined]>
2026-06-26 21:28:20.647 Df installcoordinationd[26512:85349d] [com.apple.installcoordination:daemon] -[IXSDataPromiseManager registerPromise:]: Registered promise <IXSPromisedInMemoryDictionary(0x1054dd500) Name:Localizations for com.DefaultCompany.NeonDrift.run.1782480457.12401 Creator:InstallCoordination Simple SPI UUID:103C0D6C-ABDA-4379-AF45-F068D7E65137 Location:[system-defined]> for UUID 103C0D6C-ABDA-4379-AF45-F068D7E65137
2026-06-26 21:28:20.648 Df installcoordinationd[26512:84e0f7] [com.apple.installcoordination:daemon] -[IXSDataPromiseManager promiseDidBegin:]: Unowned promise began: <IXSPromisedInMemoryDictionary(0x1054dd500) Name:Localizations for com.DefaultCompany.NeonDrift.run.1782480457.12401 Creator:InstallCoordination Simple SPI UUID:103C0D6C-ABDA-4379-AF45-F068D7E65137 Location:[system-defined]>
2026-06-26 21:28:20.648 Df installcoordinationd[26512:84e0f7] [com.apple.installcoordination:daemon] -[IXSDataPromiseManager promise:didUpdateProgress:]: Unowned promise update progress to 1.000000 : <IXSPromisedInMemoryDictionary(0x1054dd500) Name:Localizations for com.DefaultCompany.NeonDrift.run.1782480457.12401 Creator:InstallCoordination Simple SPI UUID:103C0D6C-ABDA-4379-AF45-F068D7E65137 Location:[system-defined]>
2026-06-26 21:28:20.648 Df installcoordinationd[26512:84e0f7] [com.apple.installcoordination:daemon] -[IXSDataPromiseManager promiseDidComplete:]: Unowned promise completed: <IXSPromisedInMemoryDictionary(0x1054dd500) Name:Localizations for com.DefaultCompany.NeonDrift.run.1782480457.12401 Creator:InstallCoordination Simple SPI UUID:103C0D6C-ABDA-4379-AF45-F068D7E65137 Location:[system-defined]>
2026-06-26 21:28:20.648 Df installcoordinationd[26512:85349d] [com.apple.installcoordination:daemon] -[IXSPlaceholder setLocalizationDictionaryPromise:]: <IXSPlaceholder(0x105510500) Name:App Placeholder: NeonDrift.run.1782480457.12401 (com.DefaultCompany.NeonDrift.run.1782480457.12401) Creator:InstallCoordination Simple SPI UUID:CCF19E81-7494-471E-B87B-949B2BEDA36D Location:[system-defined]>: setting localization dict promise to <IXSPromisedInMemoryDictionary(0x1054dd500) Name:Localizations for com.DefaultCompany.NeonDrift.run.1782480457.12401 Creator:InstallCoordination Simple SPI UUID:103C0D6C-ABDA-4379-AF45-F068D7E65137 Location:[system-defined]>
2026-06-26 21:28:20.649 Df installcoordinationd[26512:85349d] [com.apple.installcoordination:daemon] -[IXSDataPromiseManager promise:didUpdateProgress:]: Unowned promise update progress to 0.000000 : <IXSPlaceholder(0x105510500) Name:App Placeholder: NeonDrift.run.1782480457.12401 (com.DefaultCompany.NeonDrift.run.1782480457.12401) Creator:InstallCoordination Simple SPI UUID:CCF19E81-7494-471E-B87B-949B2BEDA36D Location:[system-defined]>
2026-06-26 21:28:20.649 Df installcoordinationd[26512:85349a] [com.apple.installcoordination:daemon] -[IXSPlaceholder setConfigurationComplete:]: <IXSPlaceholder(0x105510500) Name:App Placeholder: NeonDrift.run.1782480457.12401 (com.DefaultCompany.NeonDrift.run.1782480457.12401) Creator:InstallCoordination Simple SPI UUID:CCF19E81-7494-471E-B87B-949B2BEDA36D Location:[system-defined]>: setting configuration complete to Y
2026-06-26 21:28:20.649 Df installcoordinationd[26512:85349a] [com.apple.installcoordination:daemon] -[IXSPlaceholder _materialize]: <IXSPlaceholder(0x105510500) Name:App Placeholder: NeonDrift.run.1782480457.12401 (com.DefaultCompany.NeonDrift.run.1782480457.12401) Creator:InstallCoordination Simple SPI UUID:CCF19E81-7494-471E-B87B-949B2BEDA36D Location:[system-defined]>: Materializing placeholder at /Users/dragonkao/Library/Developer/CoreSimulator/Devices/115FDF0C-5A2F-4686-909B-7F43F1450A28/data/Containers/Shared/SystemGroup/systemgroup.com.apple.installcoordinationd/Library/InstallCoordination/PromiseStaging/CCF19E81-7494-471E-B87B-949B2BEDA36D/NeonDrift.run.1782480457.12401.app
2026-06-26 21:28:20.650 Df installcoordinationd[26512:85349a] [com.apple.installcoordination:daemon] -[IXSPlaceholder _materialize]: <IXSPlaceholder(0x105510500) Name:App Placeholder: NeonDrift.run.1782480457.12401 (com.DefaultCompany.NeonDrift.run.1782480457.12401) Creator:InstallCoordination Simple SPI UUID:CCF19E81-7494-471E-B87B-949B2BEDA36D Location:[system-defined]>: Using Info.plist icon content: {
    CFBundleIcons =     {
        CFBundlePrimaryIcon =         {
            CFBundleIconName = AppIcon;
        };
    };
    "CFBundleIcons~ipad" =     {
        CFBundlePrimaryIcon =         {
            CFBundleIconName = AppIcon;
        };
    };
    ISIconPlatform = iPhoneOS;
}
2026-06-26 21:28:20.650 Df installcoordinationd[26512:85349a] [com.apple.installcoordination:daemon] -[IXSPlaceholder _materialize]_block_invoke: <IXSPlaceholder(0x105510500) Name:App Placeholder: NeonDrift.run.1782480457.12401 (com.DefaultCompany.NeonDrift.run.1782480457.12401) Creator:InstallCoordination Simple SPI UUID:CCF19E81-7494-471E-B87B-949B2BEDA36D Location:[system-defined]>: Using icon resource Assets.car
2026-06-26 21:28:20.650 Df installcoordinationd[26512:85349a] [com.apple.installcoordination:daemon] -[IXSPlaceholder _materialize]: <IXSPlaceholder(0x105510500) Name:App Placeholder: NeonDrift.run.1782480457.12401 (com.DefaultCompany.NeonDrift.run.1782480457.12401) Creator:InstallCoordination Simple SPI UUID:CCF19E81-7494-471E-B87B-949B2BEDA36D Location:[system-defined]>: Including lproj localizations for (
)
2026-06-26 21:28:20.650 Df installcoordinationd[26512:85349d] [com.apple.installcoordination:daemon] -[IXSDataPromiseManager promiseDidComplete:]: Unowned promise completed: <IXSPlaceholder(0x105510500) Name:App Placeholder: NeonDrift.run.1782480457.12401 (com.DefaultCompany.NeonDrift.run.1782480457.12401) Creator:InstallCoordination Simple SPI UUID:CCF19E81-7494-471E-B87B-949B2BEDA36D Location:[system-defined]>
2026-06-26 21:28:20.651 Df installcoordinationd[26512:85349a] [com.apple.installcoordination:daemon] -[IXSDataPromiseManager registerPromise:]: Registered promise <IXSPromisedTransferToPath(0x1054dd580) Name:App Asset: com.DefaultCompany.NeonDrift.run.1782480457.12401 Creator:InstallCoordination Simple SPI UUID:D554EC1A-7D80-49FF-8E66-536384A66300 Location:[system-defined]> for UUID D554EC1A-7D80-49FF-8E66-536384A66300
2026-06-26 21:28:20.652 Df installcoordinationd[26512:85349a] [com.apple.installcoordination:daemon] -[IXSCoordinatorManager coordinatorForIdentity:connection:error:creatingIfNotExisting:]_block_invoke: Registered coordinator: <IXSCoordinatedAppInstall<0x1055e4000> [P=CoreSimulatorBridge (pid 13156)] identifier:[com.DefaultCompany.NeonDrift.run.1782480457.12401/Invalid/[system-defined]] uuid:01372B9C-5FAC-4E73-BDD7-4B589F6922EE intent:IXCoordinatorIntentInitiating creator/appDRI:InstallCoordination Simple SPI importance:Background state:IXAppCoordinationStatePlaceholderPromiseNotSet promise-state:01234>
2026-06-26 21:28:20.652 Df installcoordinationd[26512:85349a] [com.apple.appinstallation:TransactionLog] com.DefaultCompany.NeonDrift.run.1782480457.12401/Unknown Persona:4:1:1:1:Created coordinator with intent IXCoordinatorIntentInitiating for client InstallCoordination Simple SPI
2026-06-26 21:28:20.652 Df installcoordinationd[26512:85349a] [com.apple.installcoordination:daemon] -[IXSCoordinatedAppInstall setPriorityBoostCompletion:withSourceInfo:]: <IXSCoordinatedAppInstall<0x1055e4000> [P=CoreSimulatorBridge (pid 13156)] identifier:[com.DefaultCompany.NeonDrift.run.1782480457.12401/Invalid/[system-defined]] uuid:01372B9C-5FAC-4E73-BDD7-4B589F6922EE intent:IXCoordinatorIntentInitiating creator/appDRI:InstallCoordination Simple SPI importance:Background state:IXAppCoordinationStatePlaceholderPromiseNotSet promise-state:01234>: Retaining completion from CoreSimulatorBridge (13156), QOS_CLASS_DEFAULT (0x15)
2026-06-26 21:28:20.652 Df installcoordinationd[26512:85349a] [com.apple.installcoordination:daemon] -[IXSCoordinatedAppInstall setImportance:]: <IXSCoordinatedAppInstall<0x1055e4000> [P=CoreSimulatorBridge (pid 13156)] identifier:[com.DefaultCompany.NeonDrift.run.1782480457.12401/Invalid/[system-defined]] uuid:01372B9C-5FAC-4E73-BDD7-4B589F6922EE intent:IXCoordinatorIntentInitiating creator/appDRI:InstallCoordination Simple SPI importance:UserWaiting state:IXAppCoordinationStatePlaceholderPromiseNotSet promise-state:01234>: set importance to UserWaiting
2026-06-26 21:28:20.653 Df installcoordinationd[26512:85349a] [com.apple.installcoordination:daemon] -[IXSCoordinatedAppInstall _onQueue_fireObserversForClient:]: <IXSCoordinatedAppInstall<0x1055e4000> [P=CoreSimulatorBridge (pid 13156)] identifier:[com.DefaultCompany.NeonDrift.run.1782480457.12401/Invalid/[system-defined]] uuid:01372B9C-5FAC-4E73-BDD7-4B589F6922EE intent:IXCoordinatorIntentInitiating creator/appDRI:InstallCoordination Simple SPI importance:UserWaiting state:IXAppCoordinationStatePlaceholderPromiseNotSet promise-state:01234>: Firing applicable observers for client <IXSClientConnection<0x1054407e0> client:CoreSimulatorBridge (pid 13156) uuid:91EA0638-10DA-4AE9-8353-ED9F7F8399EE>
2026-06-26 21:28:20.653 Df installcoordinationd[26512:85349a] [com.apple.installcoordination:daemon] -[IXSCoordinatedAppInstall setPriorityBoostCompletion:withSourceInfo:]: <IXSCoordinatedAppInstall<0x1055e4000> [P=CoreSimulatorBridge (pid 13156)] identifier:[com.DefaultCompany.NeonDrift.run.1782480457.12401/Invalid/[system-defined]] uuid:01372B9C-5FAC-4E73-BDD7-4B589F6922EE intent:IXCoordinatorIntentInitiating creator/appDRI:InstallCoordination Simple SPI importance:UserWaiting state:IXAppCoordinationStatePlaceholderPromiseNotSet promise-state:01234>: Disposing of completion from CoreSimulatorBridge (13156), QOS_CLASS_DEFAULT (0x15)
2026-06-26 21:28:20.653 Df installcoordinationd[26512:85349a] [com.apple.installcoordination:daemon] -[IXSCoordinatedAppInstall setPriorityBoostCompletion:withSourceInfo:]: <IXSCoordinatedAppInstall<0x1055e4000> [P=CoreSimulatorBridge (pid 13156)] identifier:[com.DefaultCompany.NeonDrift.run.1782480457.12401/Invalid/[system-defined]] uuid:01372B9C-5FAC-4E73-BDD7-4B589F6922EE intent:IXCoordinatorIntentInitiating creator/appDRI:InstallCoordination Simple SPI importance:UserWaiting state:IXAppCoordinationStatePlaceholderPromiseNotSet promise-state:01234>: Retaining completion from CoreSimulatorBridge (13156), QOS_CLASS_DEFAULT (0x15)
2026-06-26 21:28:20.653 Df CoreSimulatorBridge[13156:85141a] [com.apple.installcoordination:framework] -[IXAppInstallCoordinator _clientDelegate_didRegisterForObservation]: <IXInitiatingAppInstallCoordinator<0x103458340> identity:[com.DefaultCompany.NeonDrift.run.1782480457.12401/Invalid/[system-defined]] uuid:01372B9C-5FAC-4E73-BDD7-4B589F6922EE creator:InstallCoordination Simple SPI>: Got observer registration delegate
2026-06-26 21:28:20.653 Df CoreSimulatorBridge[13156:85141a] [com.apple.installcoordination:framework] -[IXAppInstallCoordinator _clientDelegate_shouldResume]: <IXInitiatingAppInstallCoordinator<0x103458340> identity:[com.DefaultCompany.NeonDrift.run.1782480457.12401/Invalid/[system-defined]] uuid:01372B9C-5FAC-4E73-BDD7-4B589F6922EE creator:InstallCoordination Simple SPI>: Got should resume delegate
2026-06-26 21:28:20.653 Df CoreSimulatorBridge[13156:85141a] [com.apple.installcoordination:framework] -[IXAppInstallCoordinator _clientDelegate_didRegisterForObservation]_block_invoke: <IXInitiatingAppInstallCoordinator<0x103458340> identity:[com.DefaultCompany.NeonDrift.run.1782480457.12401/Invalid/[system-defined]] uuid:01372B9C-5FAC-4E73-BDD7-4B589F6922EE creator:InstallCoordination Simple SPI>: Observer <_IXSimpleInstallerDelegate 0x0x101b1b3f0> does not respond to coordinatorDidRegisterForObservation:
2026-06-26 21:28:20.653 Df CoreSimulatorBridge[13156:85141a] [com.apple.installcoordination:framework] -[IXAppInstallCoordinator _clientDelegate_shouldResume]_block_invoke: <IXInitiatingAppInstallCoordinator<0x103458340> identity:[com.DefaultCompany.NeonDrift.run.1782480457.12401/Invalid/[system-defined]] uuid:01372B9C-5FAC-4E73-BDD7-4B589F6922EE creator:InstallCoordination Simple SPI>: Observer <_IXSimpleInstallerDelegate 0x0x101b1b3f0> does not respond to coordinatorShouldResume:
2026-06-26 21:28:20.654 Df installcoordinationd[26512:85349a] [com.apple.installcoordination:daemon] -[IXSCoordinatedAppInstall _internal_setInstallOptionsPromise:performExternalActions:]: <IXSCoordinatedAppInstall<0x1055e4000> [P=CoreSimulatorBridge (pid 13156)] identifier:[com.DefaultCompany.NeonDrift.run.1782480457.12401/Invalid/[system-defined]] uuid:01372B9C-5FAC-4E73-BDD7-4B589F6922EE intent:IXCoordinatorIntentInitiating creator/appDRI:InstallCoordination Simple SPI importance:UserWaiting state:IXAppCoordinationStatePlaceholderPromiseNotSet promise-state:012I4> : install options set: <IXSPromisedInMemoryData(0x1054dd700) Name:MIInstallOptions data Creator:Install Coordination Internal UUID:F2F3B285-0ABD-4DA0-B310-F5C732ECCA1A Location:[system-defined]>
2026-06-26 21:28:20.655 Df installcoordinationd[26512:84e0f7] [com.apple.installcoordination:daemon] -[IXSCoordinatedAppInstall promiseDidComplete:]: <IXSCoordinatedAppInstall<0x1055e4000> [P=CoreSimulatorBridge (pid 13156)] identifier:[com.DefaultCompany.NeonDrift.run.1782480457.12401/Invalid/[system-defined]] uuid:01372B9C-5FAC-4E73-BDD7-4B589F6922EE intent:IXCoordinatorIntentInitiating creator/appDRI:InstallCoordination Simple SPI importance:UserWaiting state:IXAppCoordinationStatePlaceholderPromiseNotSet promise-state:012I4> : Promise completed: <IXSPromisedInMemoryData(0x1054dd700) Name:MIInstallOptions data Creator:Install Coordination Internal UUID:F2F3B285-0ABD-4DA0-B310-F5C732ECCA1A Location:[system-defined]>
2026-06-26 21:28:20.655 Df installcoordinationd[26512:84e0f7] [com.apple.appinstallation:TransactionLog] com.DefaultCompany.NeonDrift.run.1782480457.12401/Unknown Persona:4:13:1:1:Install Options Promise began. Coordinator State: IXAppCoordinationStatePlaceholderPromiseNotSet
2026-06-26 21:28:20.655 Df installcoordinationd[26512:84e0f7] [com.apple.appinstallation:TransactionLog] com.DefaultCompany.NeonDrift.run.1782480457.12401/Unknown Persona:4:13:2:1:Install Options Promise completed. Coordinator State: IXAppCoordinationStatePlaceholderPromiseNotSet
2026-06-26 21:28:20.655 Df installcoordinationd[26512:85349a] [com.apple.installcoordination:daemon] -[IXSCoordinatedAppInstall _internal_setAppAssetPromise:performExternalActions:]: <IXSCoordinatedAppInstall<0x1055e4000> [P=CoreSimulatorBridge (pid 13156)] identifier:[com.DefaultCompany.NeonDrift.run.1782480457.12401/Invalid/[system-defined]] uuid:01372B9C-5FAC-4E73-BDD7-4B589F6922EE intent:IXCoordinatorIntentInitiating creator/appDRI:InstallCoordination Simple SPI importance:UserWaiting state:IXAppCoordinationStatePlaceholderPromiseNotSet promise-state:0a2I4> : App Asset Promise set: <IXSPromisedTransferToPath(0x1054dd580) Name:App Asset: com.DefaultCompany.NeonDrift.run.1782480457.12401 Creator:InstallCoordination Simple SPI UUID:D554EC1A-7D80-49FF-8E66-536384A66300 Location:[system-defined]>
2026-06-26 21:28:20.656 Df installcoordinationd[26512:84e0f7] [com.apple.installcoordination:daemon] -[IXSCoordinatedAppInstall setInitialODRAssetPromises:]: <IXSCoordinatedAppInstall<0x1055e4000> [P=CoreSimulatorBridge (pid 13156)] identifier:[com.DefaultCompany.NeonDrift.run.1782480457.12401/Invalid/[system-defined]] uuid:01372B9C-5FAC-4E73-BDD7-4B589F6922EE intent:IXCoordinatorIntentInitiating creator/appDRI:InstallCoordination Simple SPI importance:UserWaiting state:IXAppCoordinationStatePlaceholderPromiseNotSet promise-state:0a2I4> : Initial ODR Asset Promises set: (
)
2026-06-26 21:28:20.669 Df CoreSimulatorBridge[13156:84e0fb] [com.apple.installcoordination:framework] -[IXPromisedTransferToPath setComplete:]: <IXPromisedTransferToPath<0x103458400> name:"App Asset: com.DefaultCompany.NeonDrift.run.1782480457.12401" uuid:D554EC1A-7D80-49FF-8E66-536384A66300 creator:"InstallCoordination Simple SPI" location:[system-defined]> Copy operation from /Users/dragonkao/.openclaw/workspace/382b9e3384298039b171c9b2a60ae644/NeonDrift_MVP/project/xcode_derived_data/Build/Products/Release-iphonesimulator/NeonDrift.run.1782480457.12401.app to /Users/dragonkao/Library/Developer/CoreSimulator/Devices/115FDF0C-5A2F-4686-909B-7F43F1450A28/data/Containers/Shared/SystemGroup/systemgroup.com.apple.installcoordinationd/Library/InstallCoordination/PromiseStaging/D554EC1A-7D80-49FF-8E66-536384A66300/NeonDrift.run.1782480457.12401.app took 0.013379 seconds
2026-06-26 21:28:20.670 Df installcoordinationd[26512:84e0f7] [com.apple.installcoordination:daemon] -[IXSDataPromise _setPercentComplete:saveStateIfNeeded:]: Progress: <IXSPromisedTransferToPath(0x1054dd580) Name:App Asset: com.DefaultCompany.NeonDrift.run.1782480457.12401 Creator:InstallCoordination Simple SPI UUID:D554EC1A-7D80-49FF-8E66-536384A66300 Location:[system-defined]>
2026-06-26 21:28:20.670 Df installcoordinationd[26512:85349a] [com.apple.appinstallation:TransactionLog] com.DefaultCompany.NeonDrift.run.1782480457.12401/Unknown Persona:4:10:1:1:App Asset Promise began. Coordinator State: IXAppCoordinationStatePlaceholderPromiseNotSet
2026-06-26 21:28:20.670 Df CoreSimulatorBridge[13156:85141a] [com.apple.installcoordination:framework] -[IXAppInstallCoordinator _clientDelegate_promiseDidBeginFulfillmentWithIdentifier:]: <IXInitiatingAppInstallCoordinator<0x103458340> identity:[com.DefaultCompany.NeonDrift.run.1782480457.12401/Invalid/[system-defined]] uuid:01372B9C-5FAC-4E73-BDD7-4B589F6922EE creator:InstallCoordination Simple SPI>: Got promise did begin fulfillment for identifier 2
2026-06-26 21:28:20.670 Df CoreSimulatorBridge[13156:85141a] [com.apple.installcoordination:framework] -[IXAppInstallCoordinator _clientDelegate_promiseDidBeginFulfillmentWithIdentifier:]_block_invoke: <IXInitiatingAppInstallCoordinator<0x103458340> identity:[com.DefaultCompany.NeonDrift.run.1782480457.12401/Invalid/[system-defined]] uuid:01372B9C-5FAC-4E73-BDD7-4B589F6922EE creator:InstallCoordination Simple SPI>: Observer <_IXSimpleInstallerDelegate 0x0x101b1b3f0> does not respond to coordinator:configuredPromiseDidBeginFulfillment: (or any deprecated equivalent)
2026-06-26 21:28:20.670 Df installcoordinationd[26512:84e0f7] [com.apple.installcoordination:daemon] -[IXSCoordinatedAppInstall promiseDidComplete:]: <IXSCoordinatedAppInstall<0x1055e4000> [P=CoreSimulatorBridge (pid 13156)] identifier:[com.DefaultCompany.NeonDrift.run.1782480457.12401/Invalid/[system-defined]] uuid:01372B9C-5FAC-4E73-BDD7-4B589F6922EE intent:IXCoordinatorIntentInitiating creator/appDRI:InstallCoordination Simple SPI importance:UserWaiting state:IXAppCoordinationStatePlaceholderPromiseNotSet promise-state:0A2I4> : Promise completed: <IXSPromisedTransferToPath(0x1054dd580) Name:App Asset: com.DefaultCompany.NeonDrift.run.1782480457.12401 Creator:InstallCoordination Simple SPI UUID:D554EC1A-7D80-49FF-8E66-536384A66300 Location:[system-defined]>
2026-06-26 21:28:20.671 Df CoreSimulatorBridge[13156:85141a] [com.apple.installcoordination:framework] -[IXAppInstallCoordinator _clientDelegate_didUpdateProgress:forPhase:overallProgress:]: <IXInitiatingAppInstallCoordinator<0x103458340> identity:[com.DefaultCompany.NeonDrift.run.1782480457.12401/Invalid/[system-defined]] uuid:01372B9C-5FAC-4E73-BDD7-4B589F6922EE creator:InstallCoordination Simple SPI>: Got did update progress delegate with percentComplete 100.000000 phase IXCoordinatorProgressPhaseLoading overallProgress 60.000000
2026-06-26 21:28:20.671 Df CoreSimulatorBridge[13156:85141a] [com.apple.installcoordination:framework] -[IXAppInstallCoordinator _clientDelegate_didUpdateProgress:forPhase:overallProgress:]_block_invoke: <IXInitiatingAppInstallCoordinator<0x103458340> identity:[com.DefaultCompany.NeonDrift.run.1782480457.12401/Invalid/[system-defined]] uuid:01372B9C-5FAC-4E73-BDD7-4B589F6922EE creator:InstallCoordination Simple SPI>: Calling selector coordinator:didUpdateProgress:forPhase:overallProgress: on observer <_IXSimpleInstallerDelegate 0x0x101b1b3f0>
2026-06-26 21:28:20.671 Df installcoordinationd[26512:85349f] [com.apple.appinstallation:TransactionLog] com.DefaultCompany.NeonDrift.run.1782480457.12401/Unknown Persona:4:10:2:1:App Asset Promise completed. Coordinator State: IXAppCoordinationStatePlaceholderPromiseNotSet
2026-06-26 21:28:20.671 Df installcoordinationd[26512:85349a] [com.apple.installcoordination:daemon] -[IXSCoordinatedAppInstall setPlaceholderPromise:]: <IXSCoordinatedAppInstall<0x1055e4000> [P=CoreSimulatorBridge (pid 13156)] identifier:[com.DefaultCompany.NeonDrift.run.1782480457.12401/Invalid/[system-defined]] uuid:01372B9C-5FAC-4E73-BDD7-4B589F6922EE intent:IXCoordinatorIntentInitiating creator/appDRI:InstallCoordination Simple SPI importance:UserWaiting state:IXAppCoordinationStateReadyForPlaceholderInstall promise-state:PA2I4> : Placeholder Promise set: <IXSPlaceholder(0x105510500) Name:App Placeholder: NeonDrift.run.1782480457.12401 (com.DefaultCompany.NeonDrift.run.1782480457.12401) Creator:InstallCoordination Simple SPI UUID:CCF19E81-7494-471E-B87B-949B2BEDA36D Location:[system-defined]>
2026-06-26 21:28:20.671 Df installcoordinationd[26512:84e0f7] [com.apple.installcoordination:daemon] -[IXSCoordinatedAppInstall promiseDidComplete:]: <IXSCoordinatedAppInstall<0x1055e4000> [P=CoreSimulatorBridge (pid 13156)] identifier:[com.DefaultCompany.NeonDrift.run.1782480457.12401/Invalid/[system-defined]] uuid:01372B9C-5FAC-4E73-BDD7-4B589F6922EE intent:IXCoordinatorIntentInitiating creator/appDRI:InstallCoordination Simple SPI importance:UserWaiting state:IXAppCoordinationStateReadyForPlaceholderInstall promise-state:PA2I4> : Promise completed: <IXSPlaceholder(0x105510500) Name:App Placeholder: NeonDrift.run.1782480457.12401 (com.DefaultCompany.NeonDrift.run.1782480457.12401) Creator:InstallCoordination Simple SPI UUID:CCF19E81-7494-471E-B87B-949B2BEDA36D Location:[system-defined]>
2026-06-26 21:28:20.671 Df installcoordinationd[26512:85349a] [com.apple.installcoordination:daemon] -[IXSCoordinatedAppInstall _onQueue_acquireAssertionAndInstallPlaceholder]: Acquiring termination assertion to install placeholder for [com.DefaultCompany.NeonDrift.run.1782480457.12401/Invalid/[system-defined]]
2026-06-26 21:28:20.671 Df installcoordinationd[26512:85349a] [com.apple.installcoordination:daemon] -[IXSPendingOperationsTracker beginPendingOperationForIdentity:]_block_invoke: Beginning pending operation for [com.DefaultCompany.NeonDrift.run.1782480457.12401/Invalid/[system-defined]]
2026-06-26 21:28:20.672 Df runningboardd[13128:8534a0] [com.apple.runningboard:connection] Received termination request from [osservice<com.apple.installcoordinationd>:26512] on <RBSProcessPredicate <RBSProcessBundleIdentifierPredicate "com.DefaultCompany.NeonDrift.run.1782480457.12401">> with context <RBSTerminateContext| explanation:installcoordinationd app:[com.DefaultCompany.NeonDrift.run.1782480457.12401/Invalid/[system-defined]] uuid:01372B9C-5FAC-4E73-BDD7-4B589F6922EE isPlaceholder:Y reportType:None maxTerminationResistance:Absolute attrs:[
	<RBSPreventLaunchLimitation| <RBSProcessPredicate <RBSProcessBundleIdentifierPredicate "com.DefaultCompany.NeonDrift.run.1782480457.12401">> allow:(null)>
	]>
2026-06-26 21:28:20.672 Df runningboardd[13128:8534a0] [com.apple.runningboard:general] failed to get LSApplicationRecord for com.DefaultCompany.NeonDrift.run.1782480457.12401 - probably OK
2026-06-26 21:28:20.672 Df runningboardd[13128:8534a0] [com.apple.runningboard:connection] skipping plugin hold for uninstalled proxy com.DefaultCompany.NeonDrift.run.1782480457.12401
2026-06-26 21:28:20.672 Df runningboardd[13128:8534a0] [com.apple.runningboard:ttl] Acquiring assertion targeting system from originator [osservice<com.apple.installcoordinationd>:26512] with description <RBSAssertionDescriptor| "installcoordinationd app:[com.DefaultCompany.NeonDrift.run.1782480457.12401/Invalid/[system-defined]] uuid:01372B9C-5FAC-4E73-BDD7-4B589F6922EE isPlaceholder:Y" ID:13128-26512-8131 target:system attributes:[
	<RBSPreventLaunchLimitation| <RBSProcessPredicate <RBSProcessBundleIdentifierPredicate "com.DefaultCompany.NeonDrift.run.1782480457.12401">> allow:(null)>
	]>
2026-06-26 21:28:20.672 Df runningboardd[13128:8534a0] [com.apple.runningboard:process] Executing termination request for: <RBSProcessPredicate <RBSProcessBundleIdentifierPredicate "com.DefaultCompany.NeonDrift.run.1782480457.12401">>
2026-06-26 21:28:20.673 Df SpringBoard[13125:4bdd22] [com.apple.SpringBoard:Common] termination assertion acquired for com.DefaultCompany.NeonDrift.run.1782480457.12401 (app not found)
2026-06-26 21:28:20.673 Df installcoordinationd[26512:85349a] [com.apple.installcoordination:daemon] -[IXSCoordinatedAppInstall assertionAcquiredCallback]: RBS termination assertion observer called for <IXSCoordinatedAppInstall<0x1055e4000> [P=CoreSimulatorBridge (pid 13156)] identifier:[com.DefaultCompany.NeonDrift.run.1782480457.12401/Invalid/[system-defined]] uuid:01372B9C-5FAC-4E73-BDD7-4B589F6922EE intent:IXCoordinatorIntentInitiating creator/appDRI:InstallCoordination Simple SPI importance:UserWaiting state:IXAppCoordinationStateWaitingForPlaceholderAssertion promise-state:PA2I4>
2026-06-26 21:28:20.673 Df installcoordinationd[26512:85349a] [com.apple.appinstallation:TransactionLog] com.DefaultCompany.NeonDrift.run.1782480457.12401/Unknown Persona:4:9:1:1:Placeholder Promise began. Coordinator State: IXAppCoordinationStateWaitingForPlaceholderAssertion
2026-06-26 21:28:20.673 Df installcoordinationd[26512:85349a] [com.apple.installcoordination:daemon] -[IXSCoordinatorProgress setTotalUnitsCompleted:]: Progress for coordinator: [com.DefaultCompany.NeonDrift.run.1782480457.12401/Invalid/[system-defined]], Phase: IXCoordinatorProgressPhaseLoading, Percentage: 100.000000: Attempt to set units completed on finished progress: 100
2026-06-26 21:28:20.674 Df installcoordinationd[26512:85349a] [com.apple.appinstallation:TransactionLog] com.DefaultCompany.NeonDrift.run.1782480457.12401/Unknown Persona:4:9:2:1:Placeholder Promise completed. Coordinator State: IXAppCoordinationStateWaitingForPlaceholderAssertion
2026-06-26 21:28:20.674 Df CoreSimulatorBridge[13156:84e0fb] [com.apple.installcoordination:framework] -[IXAppInstallCoordinator _clientDelegate_promiseDidBeginFulfillmentWithIdentifier:]: <IXInitiatingAppInstallCoordinator<0x103458340> identity:[com.DefaultCompany.NeonDrift.run.1782480457.12401/Invalid/[system-defined]] uuid:01372B9C-5FAC-4E73-BDD7-4B589F6922EE creator:InstallCoordination Simple SPI>: Got promise did begin fulfillment for identifier 1
2026-06-26 21:28:20.674 Df CoreSimulatorBridge[13156:84e0fb] [com.apple.installcoordination:framework] -[IXAppInstallCoordinator _clientDelegate_promiseDidBeginFulfillmentWithIdentifier:]_block_invoke: <IXInitiatingAppInstallCoordinator<0x103458340> identity:[com.DefaultCompany.NeonDrift.run.1782480457.12401/Invalid/[system-defined]] uuid:01372B9C-5FAC-4E73-BDD7-4B589F6922EE creator:InstallCoordination Simple SPI>: Observer <_IXSimpleInstallerDelegate 0x0x101b1b3f0> does not respond to coordinator:configuredPromiseDidBeginFulfillment: (or any deprecated equivalent)
2026-06-26 21:28:20.674 Df installcoordinationd[26512:85349a] [com.apple.installcoordination:daemon] -[IXSCoordinatedAppInstall _onQueue_installPlaceholder]: Acquired termination assertion for placeholder [com.DefaultCompany.NeonDrift.run.1782480457.12401/Invalid/[system-defined]]; proceeding with install.
2026-06-26 21:28:20.674 Df installcoordinationd[26512:85349a] [com.apple.installcoordination:daemon] -[IXSPowerAssertion initWithAssertionName:details:]: Acquired power assertion IXPowerAssertion-12-[com.DefaultCompany.NeonDrift.run.1782480457.12401/Invalid/[system-defined]]
2026-06-26 21:28:20.675 Df installd[26514:84e130] (MobileSystemServices) 0x16bd27000 -[MIClientConnection _doInstallationForURL:identity:domain:options:operationType:completion:]: Install of "/Users/dragonkao/Library/Developer/CoreSimulator/Devices/115FDF0C-5A2F-4686-909B-7F43F1450A28/data/Containers/Shared/SystemGroup/systemgroup.com.apple.installcoordinationd/Library/InstallCoordination/PromiseStaging/CCF19E81-7494-471E-B87B-949B2BEDA36D/NeonDrift.run.1782480457.12401.app" type Placeholder (LSInstallType = 1, Domain: MIInstallationDomainDefault) requested by installcoordinationd (pid 26512 (501/20))
2026-06-26 21:28:20.678 Df installd[26514:84e130] [com.apple.containermanager:xpc] Query; euid = 501, uid = 501, class = 1, identifier = [com.DefaultCompany.NeonDrift.run.1782480457.12401](1), flags = 300000002
2026-06-26 21:28:20.679 Df installd[26514:84e130] [com.apple.containermanager:xpc] Query; euid = 501, uid = 501, class = 1, identifier = [com.DefaultCompany.NeonDrift.run.1782480457.12401](1), flags = 300000002
2026-06-26 21:28:20.679 Df installd[26514:84e130] (MobileSystemServices) 0x16bd27000 -[MIInstaller _installInstallable:containingSymlink:error:]: Installing <MIInstallableBundle ID=com.DefaultCompany.NeonDrift.run.1782480457.12401; Persona=com.apple.containermanager.primary-persona, Version=0, ShortVersion=1.0>
2026-06-26 21:28:20.679 Df installd[26514:84e130] [com.apple.appinstallation:TransactionLog] com.DefaultCompany.NeonDrift.run.1782480457.12401/com.apple.containermanager.primary-persona:7:4:1:1:Start : Install (Placeholder)
2026-06-26 21:28:20.681 Df installd[26514:84e130] [com.apple.containermanager:query] Query; euid = 501, uid = 501, class = 4, identifier = [com.DefaultCompany.NeonDrift.run.1782480457.12401](1), flags = 300000002
2026-06-26 21:28:20.681 Df installd[26514:84e130] [com.apple.containermanager:query] Query; euid = 501, uid = 501, class = 4, identifier = [com.DefaultCompany.NeonDrift.run.1782480457.12401](1), flags = 300000002
2026-06-26 21:28:20.682 Df installd[26514:84e130] [com.apple.containermanager:xpc] Query; euid = 501, uid = 501, class = 1, identifier = [com.DefaultCompany.NeonDrift.run.1782480457.12401](1), flags = 300000003
2026-06-26 21:28:20.682 E  containermanagerd_system[13173:7ceb4c] [com.apple.containermanager:schema] [com.DefaultCompany.NeonDrift.run.1782480457.12401(1)] Current schema version (1) is newer than the latest (0), ignoring.
2026-06-26 21:28:20.682 Df containermanagerd_system[13173:7ceb4c] [com.apple.containermanager:schema] [u 244F0DA1-AD24-4CF9-AFCA-23603C2627DA:p 8B868AC1-E0D8-43DF-B6BA-D3C759D22A8A:c com.DefaultCompany.NeonDrift.run.1782480457.12401(1):i31186446] Successfully updated schema from (0) → (0), actions count = 0
2026-06-26 21:28:20.683 Df installd[26514:84e130] [com.apple.containermanager:xpc] Query; euid = 501, uid = 501, class = 1, identifier = [com.DefaultCompany.NeonDrift.run.1782480457.12401](1), flags = 300000002
2026-06-26 21:28:20.685 Df installd[26514:84e130] [com.apple.containermanager:query] Query; euid = 501, uid = 501, class = 2, identifier = [com.DefaultCompany.NeonDrift.run.1782480457.12401](1), flags = 300000003
2026-06-26 21:28:20.686 Df containermanagerd[13188:763a70] [com.apple.containermanager:schema] [u D5DDEF4D-D4FF-49F6-9D0E-38B8464F5090:p 322B2535-6D60-466C-A15E-053F7F027D44:c com.DefaultCompany.NeonDrift.run.1782480457.12401(2):i31186449] Successfully updated schema from (0) → (1), actions count = 6
2026-06-26 21:28:20.687 Df installd[26514:84e130] [com.apple.containermanager:query] Query; euid = 501, uid = 501, class = 2, identifier = [com.DefaultCompany.NeonDrift.run.1782480457.12401](1), flags = 300000002
2026-06-26 21:28:20.688 Df installd[26514:84e130] (MobileSystemServices) 0x16bd27000 -[MIInstallationJournalEntry _refreshUUIDForContainer:withError:]: Data container for com.DefaultCompany.NeonDrift.run.1782480457.12401 is now at /Users/dragonkao/Library/Developer/CoreSimulator/Devices/115FDF0C-5A2F-4686-909B-7F43F1450A28/data/Containers/Data/Application/4165CFF4-D681-4C7F-977B-F54A43D20BA7
2026-06-26 21:28:20.689 Df containermanagerd[13188:763a70] [com.apple.containermanager:schema] [u D5DDEF4D-D4FF-49F6-9D0E-38B8464F5090:p 4165CFF4-D681-4C7F-977B-F54A43D20BA7:c com.DefaultCompany.NeonDrift.run.1782480457.12401(2):i0] Successfully updated schema from (0) → (1), actions count = 6
2026-06-26 21:28:20.689 Df installd[26514:84e130] [com.apple.containermanager:unspecified] Replace; old = <NULL>, new = [temp-app:com.DefaultCompany.NeonDrift.run.1782480457.12401:501::(244F0DA1-AD24-4CF9-AFCA-23603C2627DA)]
2026-06-26 21:28:20.690 Df installd[26514:84e130] [com.apple.containermanager:xpc] Query; euid = 501, uid = 501, class = 1, identifier = [com.DefaultCompany.NeonDrift.run.1782480457.12401](1), flags = 300000002
2026-06-26 21:28:20.691 Df installd[26514:84e130] (MobileSystemServices) 0x16bd27000 -[MIContainer makeContainerLiveReplacingContainer:reason:waitForDeletion:withError:]: Made container live for com.DefaultCompany.NeonDrift.run.1782480457.12401 at /Users/dragonkao/Library/Developer/CoreSimulator/Devices/115FDF0C-5A2F-4686-909B-7F43F1450A28/data/Containers/Bundle/Application/A28BA792-F12B-4FEF-BACC-BBC679F0D75D
2026-06-26 21:28:20.693 Df containermanagerd[13188:763a70] [com.apple.containermanager:codesignmapping] Reconciled [com.DefaultCompany.NeonDrift.run.1782480457.12401]; old app groups: (null), new app groups: (null), old system groups: (null), new system groups: (null)
2026-06-26 21:28:20.693 Df installd[26514:84e130] [com.apple.containermanager:unspecified] Requesting disk usage; class = 1, identifier = com.DefaultCompany.NeonDrift.run.1782480457.12401
2026-06-26 21:28:20.695 Df installd[26514:84e130] [com.apple.containermanager:query] Query; euid = 501, uid = 501, class = 7, identifier = [com.DefaultCompany.NeonDrift.run.1782480457.12401](1), flags = 300000001
2026-06-26 21:28:20.695 Df SpringBoard[13125:4bdd22] [com.apple.SpringBoard:Common] termination assertion released for com.DefaultCompany.NeonDrift.run.1782480457.12401 (app not found)
2026-06-26 21:28:20.702 Df installd[26514:84e130] (MobileSystemServices) 0x16bd27000 -[MILaunchServicesOperationManager _onQueue_addPendingLaunchServicesOperation:error:]: Added pending LS operation <MILaunchServicesRegisterOperation: D9E26C11-7C08-45C2-8605-D545E88BBF3D:77 com.DefaultCompany.NeonDrift.run.1782480457.12401/MIInstallationDomainSystemShared personas:[com.apple.containermanager.primary-persona]>
2026-06-26 21:28:20.703 Df lsd[13177:84f93b] [com.apple.launchservices:appinstallation] Post installation registration: request to register com.DefaultCompany.NeonDrift.run.1782480457.12401, operation D9E26C11-7C08-45C2-8605-D545E88BBF3D, from pid 26514
2026-06-26 21:28:20.703 Df lsd[13177:84f93b] [com.apple.appinstallation:TransactionLog] com.DefaultCompany.NeonDrift.run.1782480457.12401/Unknown Persona:5:4:1:1:Registering bundles via registrant - start
2026-06-26 21:28:20.705 E  lsd[13177:84f93b] [com.apple.launchservices:default] LSStringLocalizer development region en not found in localizations available for bundle file:///Users/dragonkao/Library/Developer/CoreSimulator/Devices/115FDF0C-5A2F-4686-909B-7F43F1450A28/data/Containers/Bundle/Application/A28BA792-F12B-4FEF-BACC-BBC679F0D75D/NeonDrift.run.1782480457.12401.app/
2026-06-26 21:28:20.705 Df lsd[13177:84f93b] [com.apple.appinstallation:TransactionLog] com.DefaultCompany.NeonDrift.run.1782480457.12401/Unknown Persona:5:5:1:1:Building bundle record for app
2026-06-26 21:28:20.705 Df lsd[13177:84f93b] [com.apple.launchservices:appinstallation] No bundles to remove for com.DefaultCompany.NeonDrift.run.1782480457.12401
2026-06-26 21:28:20.705 Df lsd[13177:84f93b] [com.apple.launchservices:appinstallation] Placeholder detected - Flagging bundle com.DefaultCompany.NeonDrift.run.1782480457.12401 incomplete
2026-06-26 21:28:20.705 Df lsd[13177:84f93b] [com.apple.appinstallation:TransactionLog] com.DefaultCompany.NeonDrift.run.1782480457.12401/Unknown Persona:5:5:2:1:Built bundle record for app
2026-06-26 21:28:20.705 Df lsd[13177:84f93b] [com.apple.appinstallation:TransactionLog] com.DefaultCompany.NeonDrift.run.1782480457.12401/Unknown Persona:5:4:2:1:Registered bundle status = success
2026-06-26 21:28:20.705 Df lsd[13177:84f93b] [com.apple.appinstallation:TransactionLog] com.DefaultCompany.NeonDrift.run.1782480457.12401/Unknown Persona:5:4:2:1:Finished registering com.DefaultCompany.NeonDrift.run.1782480457.12401, bundle unit 6d8
2026-06-26 21:28:20.706 Df installd[26514:84e130] (MobileSystemServices) 0x16bd27000 -[MIJournal purgeJournalEntry:withError:]: Removing journal entry <MIInstallationJournalEntry<0x1050b0aa0> [com.DefaultCompany.NeonDrift.run.1782480457.12401/com.apple.containermanager.primary-persona/[system-defined]]/MIInstallationDomainSystemShared op:2 phase:JournalPhaseDidRegisterWithLS version:0>
2026-06-26 21:28:20.706 Df installd[26514:84e130] [com.apple.appinstallation:TransactionLog] com.DefaultCompany.NeonDrift.run.1782480457.12401/com.apple.containermanager.primary-persona:7:4:2:1:Success (End) : Install (Placeholder)
2026-06-26 21:28:20.706 Df installd[26514:84e130] (MobileSystemServices) 0x16bd27000 -[MIInstaller _logOperationCompletionWithStartTime:distributorID:]: Install successful for (Placeholder:com.DefaultCompany.NeonDrift.run.1782480457.12401) [Distributor: (null)]; Staging: 0.00s; Waiting: 0.00s; Preflight/Patch: 0.00s, Verifying: 0.00s; Overall: 0.03s
2026-06-26 21:28:20.707 Df installcoordinationd[26512:85349a] [com.apple.installcoordination:daemon] -[IXSPowerAssertion invalidate]: Released power assertion IXPowerAssertion-12-[com.DefaultCompany.NeonDrift.run.1782480457.12401/Invalid/[system-defined]]
2026-06-26 21:28:20.707 Df lsd[13177:8534b1] [com.apple.launchservices:progress] Sending applicationInstallsDidStart: for (
    "<LSApplicationProxy: 0x1057d8000> com.DefaultCompany.NeonDrift.run.1782480457.12401 file:///Users/dragonkao/Library/Developer/CoreSimulator/Devices/115FDF0C-5A2F-4686-909B-7F43F1450A28/data/Containers/Bundle/Application/A28BA792-F12B-4FEF-BACC-BBC679F0D75D/NeonDrift.run.1782480457.12401.app/ <com.DefaultCompany.NeonDrift.run.1782480457.12401 <placeholder >:1>"
)
2026-06-26 21:28:20.707 Df lsd[13177:8534b1] [com.apple.launchservices:progress] Created parent progress <NSProgress: com.DefaultCompany.NeonDrift.run.1782480457.12401 phase=InstallingPlaceholder; state=Waiting; finalPhase=Installing; fractionCompleted=0.000000>
