    SimulatorUserPath = "/Users/dragonkao/Library/Developer/CoreSimulator/Devices/CC47DE7A-8196-4465-A5A5-BB852C9C6C82/data";
}
2026-07-11 14:05:20.563 Df CoreSimulatorBridge[48563:3cb2a7] [com.apple.installcoordination:framework] +[IXAppInstallCoordinator(IXSimpleInstaller) _beginInstallForURL:forPersonaUniqueString:consumeSource:options:progressBlock:completionWithIdentity:]: Beginning install for /Users/dragonkao/.openclaw/workspace/382b9e3384298039b171c9b2a60ae644/NeonDrift_MVP/project/xcode_derived_data/Build/Products/Release-iphonesimulator/NeonDrift.app consuming source:N options:{
    IsUserInitiated = 1;
    PackageType = Developer;
} installationRequestorAuditToken: NULL
2026-07-11 14:05:20.683 Df installcoordinationd[48732:3cb9f4] [com.apple.installcoordination:daemon] -[IXSDataPromiseManager registerPromise:]: Registered promise <IXSPlaceholder(0x10193c500) Name:App Placeholder: NeonDrift (com.DefaultCompany.NeonDrift) Creator:InstallCoordination Simple SPI UUID:2070C30E-DABE-4F29-889D-12057835FB72 Location:[system-defined]> for UUID 2070C30E-DABE-4F29-889D-12057835FB72
2026-07-11 14:05:20.689 Df installcoordinationd[48732:3cb9f4] [com.apple.installcoordination:daemon] -[IXSPlaceholder setAttributes:]: <IXSPlaceholder(0x10193c500) Name:App Placeholder: NeonDrift (com.DefaultCompany.NeonDrift) Creator:InstallCoordination Simple SPI UUID:2070C30E-DABE-4F29-889D-12057835FB72 Location:[system-defined]>: setting placeholder attributes to <IXPlaceholderAttributes<0x1018d0be0> : {
    CFBundleShortVersionString = "1.0";
    CFBundleSupportedPlatforms =     (
        iPhoneSimulator
    );
    CFBundleVersion = 0;
    DTPlatformName = iphonesimulator;
    LSRequiresIPhoneOS = 1;
    MinimumOSVersion = "13.0";
    UIDeviceFamily =     (
        1,
        2
    );
    UIRequiredDeviceCapabilities =     {
        arm64 = 1;
        metal = 1;
    };
}>
2026-07-11 14:05:20.693 Df CoreSimulatorBridge[48563:3cb3a6] [com.apple.installcoordination:framework] +[IXPlaceholder _setEntitlementsFromBundleExecutableURL:withBundleID:client:onPlaceholder:location:error:]: Executable for com.DefaultCompany.NeonDrift at NeonDrift -- file:///Users/dragonkao/.openclaw/workspace/382b9e3384298039b171c9b2a60ae644/NeonDrift_MVP/project/xcode_derived_data/Build/Products/Release-iphonesimulator/NeonDrift.app/ had no entitlements
2026-07-11 14:05:20.693 Df CoreSimulatorBridge[48563:3cb3a6] [com.apple.installcoordination:framework] +[IXPlaceholder _placeholderForBundle:client:withParent:installType:metadata:placeholderType:mayBeDeltaPackage:isFromSerializedPlaceholder:location:error:]: Using full fidelity icons for com.DefaultCompany.NeonDrift at /Users/dragonkao/.openclaw/workspace/382b9e3384298039b171c9b2a60ae644/NeonDrift_MVP/project/xcode_derived_data/Build/Products/Release-iphonesimulator/NeonDrift.app
2026-07-11 14:05:20.695 Df installcoordinationd[48732:3cb9f4] [com.apple.installcoordination:daemon] -[IXSDataPromiseManager registerPromise:]: Registered promise <IXSPromisedTransferToPath(0x101914f80) Name:Icon resources for com.DefaultCompany.NeonDrift Creator:InstallCoordination Simple SPI UUID:B662793B-F550-408C-89C0-D3321519DBE2 Location:[system-defined]> for UUID B662793B-F550-408C-89C0-D3321519DBE2
2026-07-11 14:05:20.700 Df CoreSimulatorBridge[48563:3cb3a6] [com.apple.installcoordination:framework] -[IXPromisedTransferToPath setComplete:]: <IXPromisedTransferToPath<0x101c8d200> name:"Icon resources for com.DefaultCompany.NeonDrift" uuid:B662793B-F550-408C-89C0-D3321519DBE2 creator:"InstallCoordination Simple SPI" location:[system-defined]> Move operation from /Users/dragonkao/Library/Developer/CoreSimulator/Devices/CC47DE7A-8196-4465-A5A5-BB852C9C6C82/data/Containers/Shared/SystemGroup/systemgroup.com.apple.installcoordinationd/Library/InstallCoordination/PromiseStaging/B662793B-F550-408C-89C0-D3321519DBE2/temp.R8TBrD to /Users/dragonkao/Library/Developer/CoreSimulator/Devices/CC47DE7A-8196-4465-A5A5-BB852C9C6C82/data/Containers/Shared/SystemGroup/systemgroup.com.apple.installcoordinationd/Library/InstallCoordination/PromiseStaging/B662793B-F550-408C-89C0-D3321519DBE2/temp.R8TBrD took 0.000095 seconds
2026-07-11 14:05:20.702 Df installcoordinationd[48732:3cb9f4] [com.apple.installcoordination:daemon] -[IXSDataPromise _setPercentComplete:saveStateIfNeeded:]: Progress: <IXSPromisedTransferToPath(0x101914f80) Name:Icon resources for com.DefaultCompany.NeonDrift Creator:InstallCoordination Simple SPI UUID:B662793B-F550-408C-89C0-D3321519DBE2 Location:[system-defined]>
2026-07-11 14:05:20.702 Df installcoordinationd[48732:3cbb13] [com.apple.installcoordination:daemon] -[IXSDataPromiseManager promiseDidBegin:]: Unowned promise began: <IXSPromisedTransferToPath(0x101914f80) Name:Icon resources for com.DefaultCompany.NeonDrift Creator:InstallCoordination Simple SPI UUID:B662793B-F550-408C-89C0-D3321519DBE2 Location:[system-defined]>
2026-07-11 14:05:20.702 Df installcoordinationd[48732:3cbb13] [com.apple.installcoordination:daemon] -[IXSDataPromiseManager promise:didUpdateProgress:]: Unowned promise update progress to 1.000000 : <IXSPromisedTransferToPath(0x101914f80) Name:Icon resources for com.DefaultCompany.NeonDrift Creator:InstallCoordination Simple SPI UUID:B662793B-F550-408C-89C0-D3321519DBE2 Location:[system-defined]>
2026-07-11 14:05:20.702 Df installcoordinationd[48732:3cb9f4] [com.apple.installcoordination:daemon] -[IXSDataPromiseManager promiseDidComplete:]: Unowned promise completed: <IXSPromisedTransferToPath(0x101914f80) Name:Icon resources for com.DefaultCompany.NeonDrift Creator:InstallCoordination Simple SPI UUID:B662793B-F550-408C-89C0-D3321519DBE2 Location:[system-defined]>
2026-07-11 14:05:20.704 Df installcoordinationd[48732:3cb9f4] [com.apple.installcoordination:daemon] -[IXSDataPromise _setPercentComplete:saveStateIfNeeded:]: Progress: <IXSPromisedInMemoryDictionary(0x101915280) Name:Info.plist icon content for com.DefaultCompany.NeonDrift Creator:InstallCoordination Simple SPI UUID:572D1E37-7EA3-4900-BF03-76685920F7FF Location:[system-defined]>
2026-07-11 14:05:20.705 Df installcoordinationd[48732:3cb9f4] [com.apple.installcoordination:daemon] -[IXSDataPromiseManager registerPromise:]: Registered promise <IXSPromisedInMemoryDictionary(0x101915280) Name:Info.plist icon content for com.DefaultCompany.NeonDrift Creator:InstallCoordination Simple SPI UUID:572D1E37-7EA3-4900-BF03-76685920F7FF Location:[system-defined]> for UUID 572D1E37-7EA3-4900-BF03-76685920F7FF
2026-07-11 14:05:20.706 Df installcoordinationd[48732:3cbb13] [com.apple.installcoordination:daemon] -[IXSDataPromiseManager promiseDidBegin:]: Unowned promise began: <IXSPromisedInMemoryDictionary(0x101915280) Name:Info.plist icon content for com.DefaultCompany.NeonDrift Creator:InstallCoordination Simple SPI UUID:572D1E37-7EA3-4900-BF03-76685920F7FF Location:[system-defined]>
2026-07-11 14:05:20.706 Df installcoordinationd[48732:3cbb13] [com.apple.installcoordination:daemon] -[IXSDataPromiseManager promise:didUpdateProgress:]: Unowned promise update progress to 1.000000 : <IXSPromisedInMemoryDictionary(0x101915280) Name:Info.plist icon content for com.DefaultCompany.NeonDrift Creator:InstallCoordination Simple SPI UUID:572D1E37-7EA3-4900-BF03-76685920F7FF Location:[system-defined]>
2026-07-11 14:05:20.706 Df installcoordinationd[48732:3cbb13] [com.apple.installcoordination:daemon] -[IXSDataPromiseManager promiseDidComplete:]: Unowned promise completed: <IXSPromisedInMemoryDictionary(0x101915280) Name:Info.plist icon content for com.DefaultCompany.NeonDrift Creator:InstallCoordination Simple SPI UUID:572D1E37-7EA3-4900-BF03-76685920F7FF Location:[system-defined]>
2026-07-11 14:05:20.707 Df installcoordinationd[48732:3cb9f4] [com.apple.installcoordination:daemon] -[IXSPlaceholder setIconResourcesPromise:]: <IXSPlaceholder(0x10193c500) Name:App Placeholder: NeonDrift (com.DefaultCompany.NeonDrift) Creator:InstallCoordination Simple SPI UUID:2070C30E-DABE-4F29-889D-12057835FB72 Location:[system-defined]>: setting icon resources promise to <IXSPromisedTransferToPath(0x101914f80) Name:Icon resources for com.DefaultCompany.NeonDrift Creator:InstallCoordination Simple SPI UUID:B662793B-F550-408C-89C0-D3321519DBE2 Location:[system-defined]>
2026-07-11 14:05:20.708 Df installcoordinationd[48732:3cb9f4] [com.apple.installcoordination:daemon] -[IXSPlaceholder setInfoPlistIconContentPromise:]: <IXSPlaceholder(0x10193c500) Name:App Placeholder: NeonDrift (com.DefaultCompany.NeonDrift) Creator:InstallCoordination Simple SPI UUID:2070C30E-DABE-4F29-889D-12057835FB72 Location:[system-defined]>: setting Info.plist icon content promise to <IXSPromisedInMemoryDictionary(0x101915280) Name:Info.plist icon content for com.DefaultCompany.NeonDrift Creator:InstallCoordination Simple SPI UUID:572D1E37-7EA3-4900-BF03-76685920F7FF Location:[system-defined]>
2026-07-11 14:05:20.709 Df installcoordinationd[48732:3cb9f4] [com.apple.installcoordination:daemon] -[IXSDataPromiseManager promiseDidBegin:]: Unowned promise began: <IXSPlaceholder(0x10193c500) Name:App Placeholder: NeonDrift (com.DefaultCompany.NeonDrift) Creator:InstallCoordination Simple SPI UUID:2070C30E-DABE-4F29-889D-12057835FB72 Location:[system-defined]>
2026-07-11 14:05:20.709 Df installcoordinationd[48732:3cb9f4] [com.apple.installcoordination:daemon] -[IXSDataPromiseManager promise:didUpdateProgress:]: Unowned promise update progress to 0.000000 : <IXSPlaceholder(0x10193c500) Name:App Placeholder: NeonDrift (com.DefaultCompany.NeonDrift) Creator:InstallCoordination Simple SPI UUID:2070C30E-DABE-4F29-889D-12057835FB72 Location:[system-defined]>
2026-07-11 14:05:20.709 Df installcoordinationd[48732:3cb9f4] [com.apple.installcoordination:daemon] -[IXSDataPromiseManager promise:didUpdateProgress:]: Unowned promise update progress to 0.000000 : <IXSPlaceholder(0x10193c500) Name:App Placeholder: NeonDrift (com.DefaultCompany.NeonDrift) Creator:InstallCoordination Simple SPI UUID:2070C30E-DABE-4F29-889D-12057835FB72 Location:[system-defined]>
2026-07-11 14:05:20.712 Df installcoordinationd[48732:3cbb13] [com.apple.installcoordination:daemon] -[IXSDataPromise _setPercentComplete:saveStateIfNeeded:]: Progress: <IXSPromisedInMemoryDictionary(0x101915400) Name:Localizations for com.DefaultCompany.NeonDrift Creator:InstallCoordination Simple SPI UUID:3315EFB0-A09F-4D37-A98A-979CCB4ABE6E Location:[system-defined]>
2026-07-11 14:05:20.715 Df installcoordinationd[48732:3cbb13] [com.apple.installcoordination:daemon] -[IXSDataPromiseManager registerPromise:]: Registered promise <IXSPromisedInMemoryDictionary(0x101915400) Name:Localizations for com.DefaultCompany.NeonDrift Creator:InstallCoordination Simple SPI UUID:3315EFB0-A09F-4D37-A98A-979CCB4ABE6E Location:[system-defined]> for UUID 3315EFB0-A09F-4D37-A98A-979CCB4ABE6E
2026-07-11 14:05:20.715 Df installcoordinationd[48732:3cb9f4] [com.apple.installcoordination:daemon] -[IXSDataPromiseManager promiseDidBegin:]: Unowned promise began: <IXSPromisedInMemoryDictionary(0x101915400) Name:Localizations for com.DefaultCompany.NeonDrift Creator:InstallCoordination Simple SPI UUID:3315EFB0-A09F-4D37-A98A-979CCB4ABE6E Location:[system-defined]>
2026-07-11 14:05:20.715 Df installcoordinationd[48732:3cb9f4] [com.apple.installcoordination:daemon] -[IXSDataPromiseManager promise:didUpdateProgress:]: Unowned promise update progress to 1.000000 : <IXSPromisedInMemoryDictionary(0x101915400) Name:Localizations for com.DefaultCompany.NeonDrift Creator:InstallCoordination Simple SPI UUID:3315EFB0-A09F-4D37-A98A-979CCB4ABE6E Location:[system-defined]>
2026-07-11 14:05:20.715 Df installcoordinationd[48732:3cb9f4] [com.apple.installcoordination:daemon] -[IXSDataPromiseManager promiseDidComplete:]: Unowned promise completed: <IXSPromisedInMemoryDictionary(0x101915400) Name:Localizations for com.DefaultCompany.NeonDrift Creator:InstallCoordination Simple SPI UUID:3315EFB0-A09F-4D37-A98A-979CCB4ABE6E Location:[system-defined]>
2026-07-11 14:05:20.717 Df installcoordinationd[48732:3cbb13] [com.apple.installcoordination:daemon] -[IXSPlaceholder setLocalizationDictionaryPromise:]: <IXSPlaceholder(0x10193c500) Name:App Placeholder: NeonDrift (com.DefaultCompany.NeonDrift) Creator:InstallCoordination Simple SPI UUID:2070C30E-DABE-4F29-889D-12057835FB72 Location:[system-defined]>: setting localization dict promise to <IXSPromisedInMemoryDictionary(0x101915400) Name:Localizations for com.DefaultCompany.NeonDrift Creator:InstallCoordination Simple SPI UUID:3315EFB0-A09F-4D37-A98A-979CCB4ABE6E Location:[system-defined]>
2026-07-11 14:05:20.719 Df installcoordinationd[48732:3cbb12] [com.apple.installcoordination:daemon] -[IXSDataPromiseManager promise:didUpdateProgress:]: Unowned promise update progress to 0.000000 : <IXSPlaceholder(0x10193c500) Name:App Placeholder: NeonDrift (com.DefaultCompany.NeonDrift) Creator:InstallCoordination Simple SPI UUID:2070C30E-DABE-4F29-889D-12057835FB72 Location:[system-defined]>
2026-07-11 14:05:20.719 Df installcoordinationd[48732:3cb9f4] [com.apple.installcoordination:daemon] -[IXSPlaceholder setConfigurationComplete:]: <IXSPlaceholder(0x10193c500) Name:App Placeholder: NeonDrift (com.DefaultCompany.NeonDrift) Creator:InstallCoordination Simple SPI UUID:2070C30E-DABE-4F29-889D-12057835FB72 Location:[system-defined]>: setting configuration complete to Y
2026-07-11 14:05:20.720 Df installcoordinationd[48732:3cb9f4] [com.apple.installcoordination:daemon] -[IXSPlaceholder _materialize]: <IXSPlaceholder(0x10193c500) Name:App Placeholder: NeonDrift (com.DefaultCompany.NeonDrift) Creator:InstallCoordination Simple SPI UUID:2070C30E-DABE-4F29-889D-12057835FB72 Location:[system-defined]>: Materializing placeholder at /Users/dragonkao/Library/Developer/CoreSimulator/Devices/CC47DE7A-8196-4465-A5A5-BB852C9C6C82/data/Containers/Shared/SystemGroup/systemgroup.com.apple.installcoordinationd/Library/InstallCoordination/PromiseStaging/2070C30E-DABE-4F29-889D-12057835FB72/NeonDrift.app
2026-07-11 14:05:20.720 Df installcoordinationd[48732:3cb9f4] [com.apple.installcoordination:daemon] -[IXSPlaceholder _materialize]: <IXSPlaceholder(0x10193c500) Name:App Placeholder: NeonDrift (com.DefaultCompany.NeonDrift) Creator:InstallCoordination Simple SPI UUID:2070C30E-DABE-4F29-889D-12057835FB72 Location:[system-defined]>: Using Info.plist icon content: {
    CFBundleIcons =     {
        CFBundlePrimaryIcon =         {
            CFBundleIconName = AppIcon;
        };
    };
    "CFBundleIcons~ipad" =     {
        CFBundlePrimaryIcon =         {
            CFBundleIconName = AppIcon;
        };
    };
    ISIconPlatform = iPhoneOS;
}
2026-07-11 14:05:20.721 Df installcoordinationd[48732:3cb9f4] [com.apple.installcoordination:daemon] -[IXSPlaceholder _materialize]_block_invoke: <IXSPlaceholder(0x10193c500) Name:App Placeholder: NeonDrift (com.DefaultCompany.NeonDrift) Creator:InstallCoordination Simple SPI UUID:2070C30E-DABE-4F29-889D-12057835FB72 Location:[system-defined]>: Using icon resource Assets.car
2026-07-11 14:05:20.721 Df installcoordinationd[48732:3cb9f4] [com.apple.installcoordination:daemon] -[IXSPlaceholder _materialize]: <IXSPlaceholder(0x10193c500) Name:App Placeholder: NeonDrift (com.DefaultCompany.NeonDrift) Creator:InstallCoordination Simple SPI UUID:2070C30E-DABE-4F29-889D-12057835FB72 Location:[system-defined]>: Including lproj localizations for (
)
2026-07-11 14:05:20.722 Df installcoordinationd[48732:3cbb12] [com.apple.installcoordination:daemon] -[IXSDataPromiseManager promiseDidComplete:]: Unowned promise completed: <IXSPlaceholder(0x10193c500) Name:App Placeholder: NeonDrift (com.DefaultCompany.NeonDrift) Creator:InstallCoordination Simple SPI UUID:2070C30E-DABE-4F29-889D-12057835FB72 Location:[system-defined]>
2026-07-11 14:05:20.724 Df installcoordinationd[48732:3cbb12] [com.apple.installcoordination:daemon] -[IXSDataPromiseManager registerPromise:]: Registered promise <IXSPromisedTransferToPath(0x101915580) Name:App Asset: com.DefaultCompany.NeonDrift Creator:InstallCoordination Simple SPI UUID:2FD3D4EF-A5BB-4032-BE04-E93A69F416E2 Location:[system-defined]> for UUID 2FD3D4EF-A5BB-4032-BE04-E93A69F416E2
2026-07-11 14:05:20.730 Df installcoordinationd[48732:3cb9f4] [com.apple.installcoordination:daemon] -[IXSCoordinatorManager coordinatorForIdentity:connection:error:creatingIfNotExisting:]_block_invoke: Registered coordinator: <IXSCoordinatedAppInstall<0x101a18000> [P=CoreSimulatorBridge (pid 48563)] identifier:[com.DefaultCompany.NeonDrift/Invalid/[system-defined]] uuid:0823810C-24C9-4121-A10D-8B939F4B7262 intent:IXCoordinatorIntentUpdating creator/appDRI:InstallCoordination Simple SPI importance:Background state:IXAppCoordinationStatePlaceholderPromiseNotSet promise-state:01234>
2026-07-11 14:05:20.730 Df installcoordinationd[48732:3cb9f4] [com.apple.appinstallation:TransactionLog] com.DefaultCompany.NeonDrift/Unknown Persona:4:2:1:1:Created coordinator with intent IXCoordinatorIntentUpdating for client InstallCoordination Simple SPI
2026-07-11 14:05:20.731 Df installcoordinationd[48732:3cb9f4] [com.apple.installcoordination:daemon] -[IXSCoordinatedAppInstall setPriorityBoostCompletion:withSourceInfo:]: <IXSCoordinatedAppInstall<0x101a18000> [P=CoreSimulatorBridge (pid 48563)] identifier:[com.DefaultCompany.NeonDrift/Invalid/[system-defined]] uuid:0823810C-24C9-4121-A10D-8B939F4B7262 intent:IXCoordinatorIntentUpdating creator/appDRI:InstallCoordination Simple SPI importance:Background state:IXAppCoordinationStatePlaceholderPromiseNotSet promise-state:01234>: Retaining completion from CoreSimulatorBridge (48563), QOS_CLASS_DEFAULT (0x15)
2026-07-11 14:05:20.731 Df installcoordinationd[48732:3cb9f4] [com.apple.installcoordination:daemon] -[IXSCoordinatedAppInstall setImportance:]: <IXSCoordinatedAppInstall<0x101a18000> [P=CoreSimulatorBridge (pid 48563)] identifier:[com.DefaultCompany.NeonDrift/Invalid/[system-defined]] uuid:0823810C-24C9-4121-A10D-8B939F4B7262 intent:IXCoordinatorIntentUpdating creator/appDRI:InstallCoordination Simple SPI importance:UserWaiting state:IXAppCoordinationStatePlaceholderPromiseNotSet promise-state:01234>: set importance to UserWaiting
2026-07-11 14:05:20.732 Df installcoordinationd[48732:3cb9f4] [com.apple.installcoordination:daemon] -[IXSCoordinatedAppInstall _onQueue_fireObserversForClient:]: <IXSCoordinatedAppInstall<0x101a18000> [P=CoreSimulatorBridge (pid 48563)] identifier:[com.DefaultCompany.NeonDrift/Invalid/[system-defined]] uuid:0823810C-24C9-4121-A10D-8B939F4B7262 intent:IXCoordinatorIntentUpdating creator/appDRI:InstallCoordination Simple SPI importance:UserWaiting state:IXAppCoordinationStatePlaceholderPromiseNotSet promise-state:01234>: Firing applicable observers for client <IXSClientConnection<0x10185d1a0> client:CoreSimulatorBridge (pid 48563) uuid:0B2D5374-6046-4EAC-9968-3D983B7EB3DC>
2026-07-11 14:05:20.732 Df installcoordinationd[48732:3cb9f4] [com.apple.installcoordination:daemon] -[IXSCoordinatedAppInstall setPriorityBoostCompletion:withSourceInfo:]: <IXSCoordinatedAppInstall<0x101a18000> [P=CoreSimulatorBridge (pid 48563)] identifier:[com.DefaultCompany.NeonDrift/Invalid/[system-defined]] uuid:0823810C-24C9-4121-A10D-8B939F4B7262 intent:IXCoordinatorIntentUpdating creator/appDRI:InstallCoordination Simple SPI importance:UserWaiting state:IXAppCoordinationStatePlaceholderPromiseNotSet promise-state:01234>: Disposing of completion from CoreSimulatorBridge (48563), QOS_CLASS_DEFAULT (0x15)
2026-07-11 14:05:20.732 Df installcoordinationd[48732:3cb9f4] [com.apple.installcoordination:daemon] -[IXSCoordinatedAppInstall setPriorityBoostCompletion:withSourceInfo:]: <IXSCoordinatedAppInstall<0x101a18000> [P=CoreSimulatorBridge (pid 48563)] identifier:[com.DefaultCompany.NeonDrift/Invalid/[system-defined]] uuid:0823810C-24C9-4121-A10D-8B939F4B7262 intent:IXCoordinatorIntentUpdating creator/appDRI:InstallCoordination Simple SPI importance:UserWaiting state:IXAppCoordinationStatePlaceholderPromiseNotSet promise-state:01234>: Retaining completion from CoreSimulatorBridge (48563), QOS_CLASS_DEFAULT (0x15)
2026-07-11 14:05:20.733 Df CoreSimulatorBridge[48563:3cb2af] [com.apple.installcoordination:framework] -[IXAppInstallCoordinator _clientDelegate_didRegisterForObservation]: <IXUpdatingAppInstallCoordinator<0x101c8cdc0> identity:[com.DefaultCompany.NeonDrift/Invalid/[system-defined]] uuid:0823810C-24C9-4121-A10D-8B939F4B7262 creator:InstallCoordination Simple SPI>: Got observer registration delegate
2026-07-11 14:05:20.733 Df CoreSimulatorBridge[48563:3cb2af] [com.apple.installcoordination:framework] -[IXAppInstallCoordinator _clientDelegate_shouldResume]: <IXUpdatingAppInstallCoordinator<0x101c8cdc0> identity:[com.DefaultCompany.NeonDrift/Invalid/[system-defined]] uuid:0823810C-24C9-4121-A10D-8B939F4B7262 creator:InstallCoordination Simple SPI>: Got should resume delegate
2026-07-11 14:05:20.733 Df CoreSimulatorBridge[48563:3cb2af] [com.apple.installcoordination:framework] -[IXAppInstallCoordinator _clientDelegate_didRegisterForObservation]_block_invoke: <IXUpdatingAppInstallCoordinator<0x101c8cdc0> identity:[com.DefaultCompany.NeonDrift/Invalid/[system-defined]] uuid:0823810C-24C9-4121-A10D-8B939F4B7262 creator:InstallCoordination Simple SPI>: Observer <_IXSimpleInstallerDelegate 0x0x101c59980> does not respond to coordinatorDidRegisterForObservation:
2026-07-11 14:05:20.733 Df CoreSimulatorBridge[48563:3cb2af] [com.apple.installcoordination:framework] -[IXAppInstallCoordinator _clientDelegate_shouldResume]_block_invoke: <IXUpdatingAppInstallCoordinator<0x101c8cdc0> identity:[com.DefaultCompany.NeonDrift/Invalid/[system-defined]] uuid:0823810C-24C9-4121-A10D-8B939F4B7262 creator:InstallCoordination Simple SPI>: Observer <_IXSimpleInstallerDelegate 0x0x101c59980> does not respond to coordinatorShouldResume:
2026-07-11 14:05:20.736 Df installcoordinationd[48732:3cb9f4] [com.apple.installcoordination:daemon] -[IXSCoordinatedAppInstall _internal_setInstallOptionsPromise:performExternalActions:]: <IXSCoordinatedAppInstall<0x101a18000> [P=CoreSimulatorBridge (pid 48563)] identifier:[com.DefaultCompany.NeonDrift/Invalid/[system-defined]] uuid:0823810C-24C9-4121-A10D-8B939F4B7262 intent:IXCoordinatorIntentUpdating creator/appDRI:InstallCoordination Simple SPI importance:UserWaiting state:IXAppCoordinationStatePlaceholderPromiseNotSet promise-state:012I4> : install options set: <IXSPromisedInMemoryData(0x101915a00) Name:MIInstallOptions data Creator:Install Coordination Internal UUID:FE5F9C17-2326-4CD9-841A-A90F35137063 Location:[system-defined]>
2026-07-11 14:05:20.736 Df installcoordinationd[48732:3cbb12] [com.apple.installcoordination:daemon] -[IXSCoordinatedAppInstall promiseDidComplete:]: <IXSCoordinatedAppInstall<0x101a18000> [P=CoreSimulatorBridge (pid 48563)] identifier:[com.DefaultCompany.NeonDrift/Invalid/[system-defined]] uuid:0823810C-24C9-4121-A10D-8B939F4B7262 intent:IXCoordinatorIntentUpdating creator/appDRI:InstallCoordination Simple SPI importance:UserWaiting state:IXAppCoordinationStatePlaceholderPromiseNotSet promise-state:012I4> : Promise completed: <IXSPromisedInMemoryData(0x101915a00) Name:MIInstallOptions data Creator:Install Coordination Internal UUID:FE5F9C17-2326-4CD9-841A-A90F35137063 Location:[system-defined]>
2026-07-11 14:05:20.737 Df installcoordinationd[48732:3cbb12] [com.apple.appinstallation:TransactionLog] com.DefaultCompany.NeonDrift/Unknown Persona:4:13:1:1:Install Options Promise began. Coordinator State: IXAppCoordinationStatePlaceholderPromiseNotSet
2026-07-11 14:05:20.737 Df installcoordinationd[48732:3cbb12] [com.apple.appinstallation:TransactionLog] com.DefaultCompany.NeonDrift/Unknown Persona:4:13:2:1:Install Options Promise completed. Coordinator State: IXAppCoordinationStatePlaceholderPromiseNotSet
2026-07-11 14:05:20.737 Df installcoordinationd[48732:3cbb13] [com.apple.installcoordination:daemon] -[IXSCoordinatedAppInstall _internal_setAppAssetPromise:performExternalActions:]: <IXSCoordinatedAppInstall<0x101a18000> [P=CoreSimulatorBridge (pid 48563)] identifier:[com.DefaultCompany.NeonDrift/Invalid/[system-defined]] uuid:0823810C-24C9-4121-A10D-8B939F4B7262 intent:IXCoordinatorIntentUpdating creator/appDRI:InstallCoordination Simple SPI importance:UserWaiting state:IXAppCoordinationStatePlaceholderPromiseNotSet promise-state:0a2I4> : App Asset Promise set: <IXSPromisedTransferToPath(0x101915580) Name:App Asset: com.DefaultCompany.NeonDrift Creator:InstallCoordination Simple SPI UUID:2FD3D4EF-A5BB-4032-BE04-E93A69F416E2 Location:[system-defined]>
2026-07-11 14:05:20.739 Df installcoordinationd[48732:3cbb13] [com.apple.installcoordination:daemon] -[IXSCoordinatedAppInstall setInitialODRAssetPromises:]: <IXSCoordinatedAppInstall<0x101a18000> [P=CoreSimulatorBridge (pid 48563)] identifier:[com.DefaultCompany.NeonDrift/Invalid/[system-defined]] uuid:0823810C-24C9-4121-A10D-8B939F4B7262 intent:IXCoordinatorIntentUpdating creator/appDRI:InstallCoordination Simple SPI importance:UserWaiting state:IXAppCoordinationStatePlaceholderPromiseNotSet promise-state:0a2I4> : Initial ODR Asset Promises set: (
)
2026-07-11 14:05:20.740 Df CoreSimulatorBridge[48563:3cb3a6] [com.apple.installcoordination:framework] -[IXPromisedTransferToPath _performDeltaCopyFrom:toDestination:]: Performing delta copy from /Users/dragonkao/.openclaw/workspace/382b9e3384298039b171c9b2a60ae644/NeonDrift_MVP/project/xcode_derived_data/Build/Products/Release-iphonesimulator/NeonDrift.app to /Users/dragonkao/Library/Developer/CoreSimulator/Devices/CC47DE7A-8196-4465-A5A5-BB852C9C6C82/data/Containers/Shared/SystemGroup/systemgroup.com.apple.installcoordinationd/Library/InstallCoordination/PromiseStaging/2FD3D4EF-A5BB-4032-BE04-E93A69F416E2/NeonDrift.app with installed bundle at /Users/dragonkao/Library/Developer/CoreSimulator/Devices/CC47DE7A-8196-4465-A5A5-BB852C9C6C82/data/Containers/Bundle/Application/B53BC1F2-DBF2-4619-97C0-BA0F0CA6BB2C/NeonDrift.app
2026-07-11 14:05:20.741 Df CoreSimulatorBridge[48563:3cb3a6] (MobileSystemServices) 0x16f61f000 MDMCreateDeltaDirectory: calling MDMDirectoryDiff with:
state->old_bundle: /Users/dragonkao/Library/Developer/CoreSimulator/Devices/CC47DE7A-8196-4465-A5A5-BB852C9C6C82/data/Containers/Bundle/Application/B53BC1F2-DBF2-4619-97C0-BA0F0CA6BB2C/NeonDrift.app
state->new_bundle: /Users/dragonkao/.openclaw/workspace/382b9e3384298039b171c9b2a60ae644/NeonDrift_MVP/project/xcode_derived_data/Build/Products/Release-iphonesimulator/NeonDrift.app
state->dst_bundle: /Users/dragonkao/Library/Developer/CoreSimulator/Devices/CC47DE7A-8196-4465-A5A5-BB852C9C6C82/data/Containers/Shared/SystemGroup/systemgroup.com.apple.installcoordinationd/Library/InstallCoordination/PromiseStaging/2FD3D4EF-A5BB-4032-BE04-E93A69F416E2/NeonDrift.app/Payload//NeonDrift.app, binaryDiff flag: FALSE
	dst_ipa: /Users/dragonkao/Library/Developer/CoreSimulator/Devices/CC47DE7A-8196-4465-A5A5-BB852C9C6C82/data/Containers/Shared/SystemGroup/systemgroup.com.apple.installcoordinationd/Library/InstallCoordination/PromiseStaging/2FD3D<…>
2026-07-11 14:05:20.745 Df CoreSimulatorBridge[48563:3cb3a6] [com.apple.installcoordination:framework] -[IXPromisedTransferToPath setComplete:]: <IXPromisedTransferToPath<0x101c8d040> name:"App Asset: com.DefaultCompany.NeonDrift" uuid:2FD3D4EF-A5BB-4032-BE04-E93A69F416E2 creator:"InstallCoordination Simple SPI" location:[system-defined]> Delta Copy operation from /Users/dragonkao/.openclaw/workspace/382b9e3384298039b171c9b2a60ae644/NeonDrift_MVP/project/xcode_derived_data/Build/Products/Release-iphonesimulator/NeonDrift.app to /Users/dragonkao/Library/Developer/CoreSimulator/Devices/CC47DE7A-8196-4465-A5A5-BB852C9C6C82/data/Containers/Shared/SystemGroup/systemgroup.com.apple.installcoordinationd/Library/InstallCoordination/PromiseStaging/2FD3D4EF-A5BB-4032-BE04-E93A69F416E2/NeonDrift.app took 0.005528 seconds
2026-07-11 14:05:20.747 Df installcoordinationd[48732:3cbb13] [com.apple.installcoordination:daemon] -[IXSDataPromise _setPercentComplete:saveStateIfNeeded:]: Progress: <IXSPromisedTransferToPath(0x101915580) Name:App Asset: com.DefaultCompany.NeonDrift Creator:InstallCoordination Simple SPI UUID:2FD3D4EF-A5BB-4032-BE04-E93A69F416E2 Location:[system-defined]>
2026-07-11 14:05:20.748 Df installcoordinationd[48732:3cb9f4] [com.apple.appinstallation:TransactionLog] com.DefaultCompany.NeonDrift/Unknown Persona:4:10:1:1:App Asset Promise began. Coordinator State: IXAppCoordinationStatePlaceholderPromiseNotSet
2026-07-11 14:05:20.748 Df CoreSimulatorBridge[48563:3cb2af] [com.apple.installcoordination:framework] -[IXAppInstallCoordinator _clientDelegate_promiseDidBeginFulfillmentWithIdentifier:]: <IXUpdatingAppInstallCoordinator<0x101c8cdc0> identity:[com.DefaultCompany.NeonDrift/Invalid/[system-defined]] uuid:0823810C-24C9-4121-A10D-8B939F4B7262 creator:InstallCoordination Simple SPI>: Got promise did begin fulfillment for identifier 2
2026-07-11 14:05:20.748 Df CoreSimulatorBridge[48563:3cb2af] [com.apple.installcoordination:framework] -[IXAppInstallCoordinator _clientDelegate_promiseDidBeginFulfillmentWithIdentifier:]_block_invoke: <IXUpdatingAppInstallCoordinator<0x101c8cdc0> identity:[com.DefaultCompany.NeonDrift/Invalid/[system-defined]] uuid:0823810C-24C9-4121-A10D-8B939F4B7262 creator:InstallCoordination Simple SPI>: Observer <_IXSimpleInstallerDelegate 0x0x101c59980> does not respond to coordinator:configuredPromiseDidBeginFulfillment: (or any deprecated equivalent)
2026-07-11 14:05:20.749 Df installcoordinationd[48732:3cbb12] [com.apple.installcoordination:daemon] -[IXSCoordinatedAppInstall promiseDidComplete:]: <IXSCoordinatedAppInstall<0x101a18000> [P=CoreSimulatorBridge (pid 48563)] identifier:[com.DefaultCompany.NeonDrift/Invalid/[system-defined]] uuid:0823810C-24C9-4121-A10D-8B939F4B7262 intent:IXCoordinatorIntentUpdating creator/appDRI:InstallCoordination Simple SPI importance:UserWaiting state:IXAppCoordinationStatePlaceholderPromiseNotSet promise-state:0A2I4> : Promise completed: <IXSPromisedTransferToPath(0x101915580) Name:App Asset: com.DefaultCompany.NeonDrift Creator:InstallCoordination Simple SPI UUID:2FD3D4EF-A5BB-4032-BE04-E93A69F416E2 Location:[system-defined]>
2026-07-11 14:05:20.749 Df installcoordinationd[48732:3cb9f4] [com.apple.appinstallation:TransactionLog] com.DefaultCompany.NeonDrift/Unknown Persona:4:10:2:1:App Asset Promise completed. Coordinator State: IXAppCoordinationStatePlaceholderPromiseNotSet
2026-07-11 14:05:20.749 Df CoreSimulatorBridge[48563:3cb89a] [com.apple.installcoordination:framework] -[IXAppInstallCoordinator _clientDelegate_didUpdateProgress:forPhase:overallProgress:]: <IXUpdatingAppInstallCoordinator<0x101c8cdc0> identity:[com.DefaultCompany.NeonDrift/Invalid/[system-defined]] uuid:0823810C-24C9-4121-A10D-8B939F4B7262 creator:InstallCoordination Simple SPI>: Got did update progress delegate with percentComplete 100.000000 phase IXCoordinatorProgressPhaseLoading overallProgress 60.000000
2026-07-11 14:05:20.749 Df CoreSimulatorBridge[48563:3cb2af] [com.apple.installcoordination:framework] -[IXAppInstallCoordinator _clientDelegate_didUpdateProgress:forPhase:overallProgress:]_block_invoke: <IXUpdatingAppInstallCoordinator<0x101c8cdc0> identity:[com.DefaultCompany.NeonDrift/Invalid/[system-defined]] uuid:0823810C-24C9-4121-A10D-8B939F4B7262 creator:InstallCoordination Simple SPI>: Calling selector coordinator:didUpdateProgress:forPhase:overallProgress: on observer <_IXSimpleInstallerDelegate 0x0x101c59980>
2026-07-11 14:05:20.750 Df installcoordinationd[48732:3cbb12] [com.apple.installcoordination:daemon] -[IXSCoordinatedAppInstall promiseDidComplete:]: <IXSCoordinatedAppInstall<0x101a18000> [P=CoreSimulatorBridge (pid 48563)] identifier:[com.DefaultCompany.NeonDrift/Invalid/[system-defined]] uuid:0823810C-24C9-4121-A10D-8B939F4B7262 intent:IXCoordinatorIntentUpdating creator/appDRI:InstallCoordination Simple SPI importance:UserWaiting state:IXAppCoordinationStateReadyForPlaceholderInstall promise-state:PA2I4> : Promise completed: <IXSPlaceholder(0x10193c500) Name:App Placeholder: NeonDrift (com.DefaultCompany.NeonDrift) Creator:InstallCoordination Simple SPI UUID:2070C30E-DABE-4F29-889D-12057835FB72 Location:[system-defined]>
2026-07-11 14:05:20.750 Df installcoordinationd[48732:3cb9f4] [com.apple.installcoordination:daemon] -[IXSCoordinatedAppInstall setPlaceholderPromise:]: <IXSCoordinatedAppInstall<0x101a18000> [P=CoreSimulatorBridge (pid 48563)] identifier:[com.DefaultCompany.NeonDrift/Invalid/[system-defined]] uuid:0823810C-24C9-4121-A10D-8B939F4B7262 intent:IXCoordinatorIntentUpdating creator/appDRI:InstallCoordination Simple SPI importance:UserWaiting state:IXAppCoordinationStateReadyForPlaceholderInstall promise-state:PA2I4> : Placeholder Promise set: <IXSPlaceholder(0x10193c500) Name:App Placeholder: NeonDrift (com.DefaultCompany.NeonDrift) Creator:InstallCoordination Simple SPI UUID:2070C30E-DABE-4F29-889D-12057835FB72 Location:[system-defined]>
2026-07-11 14:05:20.751 Df installcoordinationd[48732:3cb9f4] [com.apple.installcoordination:daemon] -[IXSCoordinatedAppInstall _onQueue_acquireAssertionAndInstallPlaceholder]: Acquiring termination assertion to install placeholder for [com.DefaultCompany.NeonDrift/Invalid/[system-defined]]
2026-07-11 14:05:20.751 Df installcoordinationd[48732:3cb9f4] [com.apple.installcoordination:daemon] -[IXSPendingOperationsTracker beginPendingOperationForIdentity:]_block_invoke: Beginning pending operation for [com.DefaultCompany.NeonDrift/Invalid/[system-defined]]
2026-07-11 14:05:20.755 Df runningboardd[48536:3cb31b] [com.apple.runningboard:connection] Received termination request from [osservice<com.apple.installcoordinationd>:48732] on <RBSProcessPredicate <RBSProcessBundleIdentifierPredicate "com.DefaultCompany.NeonDrift">> with context <RBSTerminateContext| explanation:installcoordinationd app:[com.DefaultCompany.NeonDrift/Invalid/[system-defined]] uuid:0823810C-24C9-4121-A10D-8B939F4B7262 isPlaceholder:Y reportType:None maxTerminationResistance:Absolute attrs:[
	<RBSPreventLaunchLimitation| <RBSProcessPredicate <RBSProcessBundleIdentifierPredicate "com.DefaultCompany.NeonDrift">> allow:(null)>
	]>
2026-07-11 14:05:20.755 Df runningboardd[48536:3cb31d] [com.apple.runningboard:general] Found 0 extensions contained in com.DefaultCompany.NeonDrift
2026-07-11 14:05:20.756 Df runningboardd[48536:3cb31d] [com.apple.PlugInKit:holds] <PKManager:0x1094a6400> hold request for [/Users/dragonkao/Library/Developer/CoreSimulator/Devices/CC47DE7A-8196-4465-A5A5-BB852C9C6C82/data/Containers/Bundle/Application/B53BC1F2-DBF2-4619-97C0-BA0F0CA6BB2C/NeonDrift.app] with flags: 0x4
2026-07-11 14:05:20.757 Df runningboardd[48536:3cb31b] [com.apple.PlugInKit:holds] <PKManager:0x1094a6400> hold request for [/Users/dragonkao/Library/Developer/CoreSimulator/Devices/CC47DE7A-8196-4465-A5A5-BB852C9C6C82/data/Containers/Bundle/Application/B53BC1F2-DBF2-4619-97C0-BA0F0CA6BB2C/NeonDrift.app] with flags: 0x4 completed with hold token: [4752E0B3-EE51-4F23-A673-E44BFFB67B1E]
2026-07-11 14:05:20.757 Df runningboardd[48536:3cb31b] [com.apple.runningboard:ttl] Acquiring assertion targeting system from originator [osservice<com.apple.installcoordinationd>:48732] with description <RBSAssertionDescriptor| "installcoordinationd app:[com.DefaultCompany.NeonDrift/Invalid/[system-defined]] uuid:0823810C-24C9-4121-A10D-8B939F4B7262 isPlaceholder:Y" ID:48536-48732-183 target:system attributes:[
	<RBSPreventLaunchLimitation| <RBSProcessPredicate <RBSProcessBundleIdentifierPredicate "com.DefaultCompany.NeonDrift">> allow:(null)>
	]>
2026-07-11 14:05:20.757 Df runningboardd[48536:3cb31b] [com.apple.runningboard:process] Executing termination request for: <RBSProcessPredicate <RBSProcessBundleIdentifierPredicate "com.DefaultCompany.NeonDrift">>
2026-07-11 14:05:20.759 Df installcoordinationd[48732:3cbb13] [com.apple.appinstallation:TransactionLog] com.DefaultCompany.NeonDrift/Unknown Persona:4:9:1:1:Placeholder Promise began. Coordinator State: IXAppCoordinationStateWaitingForPlaceholderAssertion
2026-07-11 14:05:20.759 Df installcoordinationd[48732:3cb9f4] [com.apple.installcoordination:daemon] -[IXSCoordinatedAppInstall assertionAcquiredCallback]: RBS termination assertion observer called for <IXSCoordinatedAppInstall<0x101a18000> [P=CoreSimulatorBridge (pid 48563)] identifier:[com.DefaultCompany.NeonDrift/Invalid/[system-defined]] uuid:0823810C-24C9-4121-A10D-8B939F4B7262 intent:IXCoordinatorIntentUpdating creator/appDRI:InstallCoordination Simple SPI importance:UserWaiting state:IXAppCoordinationStateWaitingForPlaceholderAssertion promise-state:PA2I4>
2026-07-11 14:05:20.759 Df installcoordinationd[48732:3cbb13] [com.apple.installcoordination:daemon] -[IXSCoordinatorProgress setTotalUnitsCompleted:]: Progress for coordinator: [com.DefaultCompany.NeonDrift/Invalid/[system-defined]], Phase: IXCoordinatorProgressPhaseLoading, Percentage: 100.000000: Attempt to set units completed on finished progress: 100
2026-07-11 14:05:20.759 Df installcoordinationd[48732:3cbb13] [com.apple.appinstallation:TransactionLog] com.DefaultCompany.NeonDrift/Unknown Persona:4:9:2:1:Placeholder Promise completed. Coordinator State: IXAppCoordinationStateWaitingForPlaceholderAssertion
2026-07-11 14:05:20.759 Df CoreSimulatorBridge[48563:3cb3a6] [com.apple.installcoordination:framework] -[IXAppInstallCoordinator _clientDelegate_promiseDidBeginFulfillmentWithIdentifier:]: <IXUpdatingAppInstallCoordinator<0x101c8cdc0> identity:[com.DefaultCompany.NeonDrift/Invalid/[system-defined]] uuid:0823810C-24C9-4121-A10D-8B939F4B7262 creator:InstallCoordination Simple SPI>: Got promise did begin fulfillment for identifier 1
2026-07-11 14:05:20.759 Df CoreSimulatorBridge[48563:3cb3a6] [com.apple.installcoordination:framework] -[IXAppInstallCoordinator _clientDelegate_promiseDidBeginFulfillmentWithIdentifier:]_block_invoke: <IXUpdatingAppInstallCoordinator<0x101c8cdc0> identity:[com.DefaultCompany.NeonDrift/Invalid/[system-defined]] uuid:0823810C-24C9-4121-A10D-8B939F4B7262 creator:InstallCoordination Simple SPI>: Observer <_IXSimpleInstallerDelegate 0x0x101c59980> does not respond to coordinator:configuredPromiseDidBeginFulfillment: (or any deprecated equivalent)
2026-07-11 14:05:20.760 Df installcoordinationd[48732:3cbb13] [com.apple.installcoordination:daemon] -[IXSCoordinatedAppInstall _onQueue_installPlaceholder]: Acquired termination assertion for placeholder [com.DefaultCompany.NeonDrift/Invalid/[system-defined]]; proceeding with install.
2026-07-11 14:05:20.760 Df installcoordinationd[48732:3cbb13] [com.apple.installcoordination:daemon] -[IXSPowerAssertion initWithAssertionName:details:]: Acquired power assertion IXPowerAssertion-12-[com.DefaultCompany.NeonDrift/Invalid/[system-defined]]
2026-07-11 14:05:20.761 Df SpringBoard[48698:3cb7ac] [com.apple.SpringBoard:Common] termination assertion acquired for com.DefaultCompany.NeonDrift
2026-07-11 14:05:20.761 Df SpringBoard[48698:3cb7ac] [com.apple.SpringBoard:Icon] 0x1089a4840-SBApplicationIcon Data source did change: <SBApplication: 0x108bfc000; com.DefaultCompany.NeonDrift> {
} (SBApplication)
2026-07-11 14:05:20.762 Df installd[48747:3cbb01] (MobileSystemServices) 0x16d92f000 -[MIClientConnection _doInstallationForURL:identity:domain:options:operationType:completion:]: Install of "/Users/dragonkao/Library/Developer/CoreSimulator/Devices/CC47DE7A-8196-4465-A5A5-BB852C9C6C82/data/Containers/Shared/SystemGroup/systemgroup.com.apple.installcoordinationd/Library/InstallCoordination/PromiseStaging/2070C30E-DABE-4F29-889D-12057835FB72/NeonDrift.app" type Placeholder (LSInstallType = 1, Domain: MIInstallationDomainDefault) requested by installcoordinationd (pid 48732 (501/20))
2026-07-11 14:05:20.767 Df installd[48747:3cbb01] [com.apple.containermanager:xpc] Query; euid = 501, uid = 501, class = 1, identifier = [com.DefaultCompany.NeonDrift](1), flags = 300000002
2026-07-11 14:05:20.768 Df containermanagerd_system[48577:3cb31a] [com.apple.containermanager:cache] Disk sync reporting on new entry: (com.DefaultCompany.NeonDrift.run.1782485533.82553|18446744073709551615|<MCMContainerPath: 0x1060ea350; [<MCMContainerClassPath: 0x1060491a0; persona [(null)]; [/Users/dragonkao/Library/Developer/CoreSimulator/Devices/CC47DE7A-8196-4465-A5A5-BB852C9C6C82/data/Containers]/[Bundle]/[Application] created>]/[60DB0A34-B3BB-4A4D-B075-CFC8084764F2]/[(null)]>|0|AB1E03B8-9E20-4EEB-8B0D-863324D79A8C|(null))
2026-07-11 14:05:20.768 Df containermanagerd_system[48577:3cb31a] [com.apple.containermanager:cache] Disk sync reporting on new entry: (com.DefaultCompany.NeonDrift.run.1782484537.59589|18446744073709551615|<MCMContainerPath: 0x1060ea3a0; [<MCMContainerClassPath: 0x1060491a0; persona [(null)]; [/Users/dragonkao/Library/Developer/CoreSimulator/Devices/CC47DE7A-8196-4465-A5A5-BB852C9C6C82/data/Containers]/[Bundle]/[Application] created>]/[1DCDE5CE-4A96-4924-9746-D506874359C8]/[(null)]>|0|CA78BCEA-E9DA-4657-BDDA-0D3066818EDB|(null))
2026-07-11 14:05:20.768 Df containermanagerd_system[48577:3cb31a] [com.apple.containermanager:cache] Disk sync reporting on new entry: (com.DefaultCompany.NeonDrift.run.1782486232.95300|18446744073709551615|<MCMContainerPath: 0x1060ea3f0; [<MCMContainerClassPath: 0x1060491a0; persona [(null)]; [/Users/dragonkao/Library/Developer/CoreSimulator/Devices/CC47DE7A-8196-4465-A5A5-BB852C9C6C82/data/Containers]/[Bundle]/[Application] created>]/[8DC090CD-F12C-4CB7-8B8B-876CECF543CD]/[(null)]>|0|F8E0A204-8720-4FE0-9E2D-0C9ADBE66604|(null))
2026-07-11 14:05:20.768 Df containermanagerd_system[48577:3cb31a] [com.apple.containermanager:cache] Disk sync reporting on new entry: (com.DefaultCompany.NeonDrift.run.1782650479.26426|18446744073709551615|<MCMContainerPath: 0x1060ea440; [<MCMContainerClassPath: 0x1060491a0; persona [(null)]; [/Users/dragonkao/Library/Developer/CoreSimulator/Devices/CC47DE7A-8196-4465-A5A5-BB852C9C6C82/data/Containers]/[Bundle]/[Application] created>]/[0ECB469C-A749-4BA2-B677-2105588F4229]/[(null)]>|0|C67CB0AD-5475-4E5D-8926-491998F0D11D|(null))
2026-07-11 14:05:20.768 Df containermanagerd_system[48577:3cb31a] [com.apple.containermanager:cache] Disk sync reporting on new entry: (com.DefaultCompany.NeonDrift.run.1782484808.68182|18446744073709551615|<MCMContainerPath: 0x1060ea490; [<MCMContainerClassPath: 0x1060491a0; persona [(null)]; [/Users/dragonkao/Library/Developer/CoreSimulator/Devices/CC47DE7A-8196-4465-A5A5-BB852C9C6C82/data/Containers]/[Bundle]/[Application] created>]/[35E2636E-F3E8-4D12-9D64-9F69C01749CE]/[(null)]>|0|E3C7D274-6DD2-4307-AC53-3596FB383B51|(null))
2026-07-11 14:05:20.768 Df containermanagerd_system[48577:3cb31a] [com.apple.containermanager:cache] Disk sync reporting on new entry: (com.DefaultCompany.NeonDrift.run.1782641020.54193|18446744073709551615|<MCMContainerPath: 0x1060ea4e0; [<MCMContainerClassPath: 0x1060491a0; persona [(null)]; [/Users/dragonkao/Library/Developer/CoreSimulator/Devices/CC47DE7A-8196-4465-A5A5-BB852C9C6C82/data/Containers]/[Bundle]/[Application] created>]/[02C9EC5B-380B-43F1-AB4A-A95947982CAE]/[(null)]>|0|6B7422AF-8E28-4E30-AD91-0371A0FC1D74|(null))
2026-07-11 14:05:20.768 Df containermanagerd_system[48577:3cb31a] [com.apple.containermanager:cache] Disk sync reporting on new entry: (com.DefaultCompany.NeonDrift|18446744073709551615|<MCMContainerPath: 0x1060ea530; [<MCMContainerClassPath: 0x1060491a0; persona [(null)]; [/Users/dragonkao/Library/Developer/CoreSimulator/Devices/CC47DE7A-8196-4465-A5A5-BB852C9C6C82/data/Containers]/[Bundle]/[Application] created>]/[B53BC1F2-DBF2-4619-97C0-BA0F0CA6BB2C]/[(null)]>|0|29F2C6C2-8902-4CDA-A633-FBFFED3019FD|(null))
2026-07-11 14:05:20.769 Df containermanagerd_system[48577:3cb31a] [com.apple.containermanager:cache] Disk sync reporting on new entry: (com.DefaultCompany.NeonDrift.run.1782493753.82761|18446744073709551615|<MCMContainerPath: 0x1060ea580; [<MCMContainerClassPath: 0x1060491a0; persona [(null)]; [/Users/dragonkao/Library/Developer/CoreSimulator/Devices/CC47DE7A-8196-4465-A5A5-BB852C9C6C82/data/Containers]/[Bundle]/[Application] created>]/[1D19FB4A-7F72-4B84-964E-8EB113904887]/[(null)]>|0|83C79E93-0C0F-434B-8D59-B82E7CE69637|(null))
2026-07-11 14:05:20.769 Df containermanagerd_system[48577:3cb31a] [com.apple.containermanager:cache] Disk sync reporting on new entry: (com.DefaultCompany.NeonDrift.run.1782638094.21137|18446744073709551615|<MCMContainerPath: 0x1060ea5d0; [<MCMContainerClassPath: 0x1060491a0; persona [(null)]; [/Users/dragonkao/Library/Developer/CoreSimulator/Devices/CC47DE7A-8196-4465-A5A5-BB852C9C6C82/data/Containers]/[Bundle]/[Application] created>]/[E94F1934-984A-4F70-890F-98DD22CB7F2D]/[(null)]>|0|86E9EDBE-1655-4664-9CA4-5DA5CB829709|(null))
2026-07-11 14:05:20.769 Df containermanagerd_system[48577:3cb31a] [com.apple.containermanager:cache] Disk sync reporting on new entry: (com.DefaultCompany.NeonDrift.run.1782573263.85778|18446744073709551615|<MCMContainerPath: 0x1060ea620; [<MCMContainerClassPath: 0x1060491a0; persona [(null)]; [/Users/dragonkao/Library/Developer/CoreSimulator/Devices/CC47DE7A-8196-4465-A5A5-BB852C9C6C82/data/Containers]/[Bundle]/[Application] created>]/[DF33DF21-5A51-4651-B4B5-F0C0DDC499D1]/[(null)]>|0|D056E3B8-3271-499E-A3D6-91BE4A4869F7|(null))
2026-07-11 14:05:20.769 Df containermanagerd_system[48577:3cb31a] [com.apple.containermanager:cache] Disk sync reporting on new entry: (com.DefaultCompany.NeonDrift.run.1782485248.76636|18446744073709551615|<MCMContainerPath: 0x1060ea670; [<MCMContainerClassPath: 0x1060491a0; persona [(null)]; [/Users/dragonkao/Library/Developer/CoreSimulator/Devices/CC47DE7A-8196-4465-A5A5-BB852C9C6C82/data/Containers]/[Bundle]/[Application] created>]/[B4ABC976-10C1-4871-BD01-63E901777FC4]/[(null)]>|0|678C7A37-7585-4056-8742-94D0F2EB0FE5|(null))
2026-07-11 14:05:20.769 Df containermanagerd_system[48577:3cb31a] [com.apple.containermanager:cache] Disk sync reporting on new entry: (com.DefaultCompany.NeonDrift.run.1782484282.54413|18446744073709551615|<MCMContainerPath: 0x1060ea6c0; [<MCMContainerClassPath: 0x1060491a0; persona [(null)]; [/Users/dragonkao/Library/Developer/CoreSimulator/Devices/CC47DE7A-8196-4465-A5A5-BB852C9C6C82/data/Containers]/[Bundle]/[Application] created>]/[5C99B373-2E0D-4720-A65A-9669594A0776]/[(null)]>|0|7DB7DDF9-C350-45C5-8184-251E537D58FC|(null))
2026-07-11 14:05:20.770 Df installd[48747:3cbb01] [com.apple.containermanager:xpc] Query; euid = 501, uid = 501, class = 1, identifier = [com.DefaultCompany.NeonDrift](1), flags = 300000002
2026-07-11 14:05:20.828 Df runningboardd[48536:3cb312] [com.apple.runningboard:process] Checking PreventLaunch: global:0 exPath:(null) predicates:{(
    <RBSProcessPredicate <RBSProcessBundleIdentifierPredicate "com.DefaultCompany.NeonDrift">>
)} allow:(null)
2026-07-11 14:05:20.930 Df installd[48747:3cbb01] [com.apple.containermanager:xpc] Query; euid = 501, uid = 501, class = 1, identifier = [com.DefaultCompany.NeonDrift](1), flags = 300000002
2026-07-11 14:05:20.931 Df installd[48747:3cbb01] [com.apple.containermanager:xpc] Query; euid = 501, uid = 501, class = 1, identifier = [com.DefaultCompany.NeonDrift](1), flags = 300000002
2026-07-11 14:05:20.933 Df installd[48747:3cbb01] (MobileSystemServices) 0x16d92f000 -[MIInstaller _installInstallable:containingSymlink:error:]: Installing <MIInstallableParallelPlaceholder ID=com.DefaultCompany.NeonDrift; Persona=com.apple.containermanager.primary-persona, Version=0, ShortVersion=1.0>
2026-07-11 14:05:20.933 Df installd[48747:3cbb01] [com.apple.appinstallation:TransactionLog] com.DefaultCompany.NeonDrift/com.apple.containermanager.primary-persona:7:2:1:1:Start : Install (Parallel Placeholder)
2026-07-11 14:05:20.952 Df runningboardd[48536:3cb31d] [com.apple.runningboard:process] Checking PreventLaunch: global:0 exPath:(null) predicates:{(
    <RBSProcessPredicate <RBSProcessBundleIdentifierPredicate "com.DefaultCompany.NeonDrift">>
)} allow:(null)
2026-07-11 14:05:20.954 Df SpringBoard[48698:3cb9fd] [com.apple.PosterLegibilityKit:Caching] -[PLKCachedImageGenerator(SpringBoardHome Label Content Generator0x1229dc240) removeImagesForCacheKeys:NeonDrift.run.1782485533.82553@@zh_TW_1368232380023648501_0__sz101.0x26.0B23CV11@@]
2026-07-11 14:05:20.954 Df SpringBoard[48698:3cb9fd] [com.apple.PosterLegibilityKit:Caching] -[PLKCachedImageGenerator(SpringBoardHome Legibility Label Content Generator0x1229dda40) removeImagesForCacheKeys:NeonDrift.run.1782573263.85778@@zh_TW_1368232380023648501_12014554394295850968__sz119.0x46.0B23CV11@@]
2026-07-11 14:05:20.956 Df SpringBoard[48698:3cb9fd] [com.apple.PosterLegibilityKit:Caching] -[PLKCachedImageGenerator(SpringBoardHome Label Content Generator0x1229dc240) removeImagesForCacheKeys:NeonDrift.run.1782493753.82761@@zh_TW_1368232380023648501_0__sz101.0x26.0B23CV11@@]
2026-07-11 14:05:20.956 Df SpringBoard[48698:3cb9fd] [com.apple.PosterLegibilityKit:Caching] -[PLKCachedImageGenerator(SpringBoardHome Legibility Label Content Generator0x1229dda40) removeImagesForCacheKeys:NeonDrift.run.1782638094.21137@@zh_TW_1368232380023648501_12014554394295850968__sz119.0x46.0B23CV11@@]
2026-07-11 14:05:20.956 Df SpringBoard[48698:3cb9fd] [com.apple.PosterLegibilityKit:Caching] -[PLKCachedImageGenerator(SpringBoardHome Label Content Generator0x1229dc240) removeImagesForCacheKeys:NeonDrift.run.1782486232.95300@@zh_TW_1368232380023648501_0__sz101.0x26.0B23CV11@@]
2026-07-11 14:05:20.956 Df SpringBoard[48698:3cb9fd] [com.apple.PosterLegibilityKit:Caching] -[PLKCachedImageGenerator(SpringBoardHome Legibility Label Content Generator0x1229dda40) removeImagesForCacheKeys:NeonDrift.run.1782484808.68182@@zh_TW_1368232380023648501_12014554394295850968__sz119.0x46.0B23CV11@@]
2026-07-11 14:05:20.956 Df SpringBoard[48698:3cb9fd] [com.apple.PosterLegibilityKit:Caching] -[PLKCachedImageGenerator(SpringBoardHome Label Content Generator0x1229dc240) removeImagesForCacheKeys:NeonDrift.run.1782484282.54413@@zh_TW_1368232380023648501_0__sz101.0x26.0B23CV11@@]
