2026-07-11 15:01:06.532 Df installcoordinationd[19154:25044] [com.apple.installcoordination:daemon] -[IXSCoordinatedAppInstall promiseDidComplete:]: <IXSCoordinatedAppInstall<0x101618000> [P=CoreSimulatorBridge (pid 19008)] identifier:[com.DefaultCompany.NeonDrift.run.1783753118.17777/Invalid/[system-defined]] uuid:3AFCCA89-E960-4DDB-ABBE-464256D22E4F intent:IXCoordinatorIntentUpdating creator/appDRI:InstallCoordination Simple SPI importance:UserWaiting state:IXAppCoordinationStatePlaceholderPromiseNotSet promise-state:012I4> : Promise completed: <IXSPromisedInMemoryData(0x1014fd900) Name:MIInstallOptions data Creator:Install Coordination Internal UUID:4DCE6B6F-1E4C-4EC8-90DA-A29EE8BC2BF6 Location:[system-defined]>
2026-07-11 15:01:06.533 Df installcoordinationd[19154:25044] [com.apple.appinstallation:TransactionLog] com.DefaultCompany.NeonDrift.run.1783753118.17777/Unknown Persona:4:13:1:1:Install Options Promise began. Coordinator State: IXAppCoordinationStatePlaceholderPromiseNotSet
2026-07-11 15:01:06.533 Df installcoordinationd[19154:25044] [com.apple.appinstallation:TransactionLog] com.DefaultCompany.NeonDrift.run.1783753118.17777/Unknown Persona:4:13:2:1:Install Options Promise completed. Coordinator State: IXAppCoordinationStatePlaceholderPromiseNotSet
2026-07-11 15:01:06.533 Df installcoordinationd[19154:24f37] [com.apple.installcoordination:daemon] -[IXSCoordinatedAppInstall _internal_setAppAssetPromise:performExternalActions:]: <IXSCoordinatedAppInstall<0x101618000> [P=CoreSimulatorBridge (pid 19008)] identifier:[com.DefaultCompany.NeonDrift.run.1783753118.17777/Invalid/[system-defined]] uuid:3AFCCA89-E960-4DDB-ABBE-464256D22E4F intent:IXCoordinatorIntentUpdating creator/appDRI:InstallCoordination Simple SPI importance:UserWaiting state:IXAppCoordinationStatePlaceholderPromiseNotSet promise-state:0a2I4> : App Asset Promise set: <IXSPromisedTransferToPath(0x1014fd580) Name:App Asset: com.DefaultCompany.NeonDrift.run.1783753118.17777 Creator:InstallCoordination Simple SPI UUID:6012E890-309F-4A11-B6BA-6C81213D618A Location:[system-defined]>
2026-07-11 15:01:06.533 Df installcoordinationd[19154:24f37] [com.apple.installcoordination:daemon] -[IXSCoordinatedAppInstall setInitialODRAssetPromises:]: <IXSCoordinatedAppInstall<0x101618000> [P=CoreSimulatorBridge (pid 19008)] identifier:[com.DefaultCompany.NeonDrift.run.1783753118.17777/Invalid/[system-defined]] uuid:3AFCCA89-E960-4DDB-ABBE-464256D22E4F intent:IXCoordinatorIntentUpdating creator/appDRI:InstallCoordination Simple SPI importance:UserWaiting state:IXAppCoordinationStatePlaceholderPromiseNotSet promise-state:0a2I4> : Initial ODR Asset Promises set: (
)
2026-07-11 15:01:06.534 Df CoreSimulatorBridge[19008:24830] [com.apple.installcoordination:framework] -[IXPromisedTransferToPath _performDeltaCopyFrom:toDestination:]: Performing delta copy from /Users/dragonkao/.openclaw/workspace/382b9e3384298039b171c9b2a60ae644/NeonDrift_MVP/project/xcode_derived_data/Build/Products/Release-iphonesimulator/NeonDrift.run.1783753118.17777.app to /Users/dragonkao/Library/Developer/CoreSimulator/Devices/CC47DE7A-8196-4465-A5A5-BB852C9C6C82/data/Containers/Shared/SystemGroup/systemgroup.com.apple.installcoordinationd/Library/InstallCoordination/PromiseStaging/6012E890-309F-4A11-B6BA-6C81213D618A/NeonDrift.run.1783753118.17777.app with installed bundle at /Users/dragonkao/Library/Developer/CoreSimulator/Devices/CC47DE7A-8196-4465-A5A5-BB852C9C6C82/data/Containers/Bundle/Application/47E4C2A9-A2A2-4067-88C5-3EA955FB78D3/NeonDrift.run.1783753118.17777.app
2026-07-11 15:01:06.535 Df CoreSimulatorBridge[19008:24830] (MobileSystemServices) 0x16fdc3000 MDMCreateDeltaDirectory: calling MDMDirectoryDiff with:
state->old_bundle: /Users/dragonkao/Library/Developer/CoreSimulator/Devices/CC47DE7A-8196-4465-A5A5-BB852C9C6C82/data/Containers/Bundle/Application/47E4C2A9-A2A2-4067-88C5-3EA955FB78D3/NeonDrift.run.1783753118.17777.app
state->new_bundle: /Users/dragonkao/.openclaw/workspace/382b9e3384298039b171c9b2a60ae644/NeonDrift_MVP/project/xcode_derived_data/Build/Products/Release-iphonesimulator/NeonDrift.run.1783753118.17777.app
state->dst_bundle: /Users/dragonkao/Library/Developer/CoreSimulator/Devices/CC47DE7A-8196-4465-A5A5-BB852C9C6C82/data/Containers/Shared/SystemGroup/systemgroup.com.apple.installcoordinationd/Library/InstallCoordination/PromiseStaging/6012E890-309F-4A11-B6BA-6C81213D618A/NeonDrift.run.1783753118.17777.app/Payload//NeonDrift.run.1783753118.17777.app, binaryDiff flag: FALSE
	dst_ipa: /Users/dragonkao/Library/Developer/CoreSimulator/Devices/CC47DE7A-8196-4465-A5A5-BB852C9C6C82/data/Containers/Shared/SystemGroup/systemg<…>
2026-07-11 15:01:06.537 Df CoreSimulatorBridge[19008:24830] [com.apple.installcoordination:framework] -[IXPromisedTransferToPath setComplete:]: <IXPromisedTransferToPath<0x101488680> name:"App Asset: com.DefaultCompany.NeonDrift.run.1783753118.17777" uuid:6012E890-309F-4A11-B6BA-6C81213D618A creator:"InstallCoordination Simple SPI" location:[system-defined]> Delta Copy operation from /Users/dragonkao/.openclaw/workspace/382b9e3384298039b171c9b2a60ae644/NeonDrift_MVP/project/xcode_derived_data/Build/Products/Release-iphonesimulator/NeonDrift.run.1783753118.17777.app to /Users/dragonkao/Library/Developer/CoreSimulator/Devices/CC47DE7A-8196-4465-A5A5-BB852C9C6C82/data/Containers/Shared/SystemGroup/systemgroup.com.apple.installcoordinationd/Library/InstallCoordination/PromiseStaging/6012E890-309F-4A11-B6BA-6C81213D618A/NeonDrift.run.1783753118.17777.app took 0.002973 seconds
2026-07-11 15:01:06.537 Df installcoordinationd[19154:24f37] [com.apple.installcoordination:daemon] -[IXSDataPromise _setPercentComplete:saveStateIfNeeded:]: Progress: <IXSPromisedTransferToPath(0x1014fd580) Name:App Asset: com.DefaultCompany.NeonDrift.run.1783753118.17777 Creator:InstallCoordination Simple SPI UUID:6012E890-309F-4A11-B6BA-6C81213D618A Location:[system-defined]>
2026-07-11 15:01:06.537 Df installcoordinationd[19154:25043] [com.apple.appinstallation:TransactionLog] com.DefaultCompany.NeonDrift.run.1783753118.17777/Unknown Persona:4:10:1:1:App Asset Promise began. Coordinator State: IXAppCoordinationStatePlaceholderPromiseNotSet
2026-07-11 15:01:06.538 Df CoreSimulatorBridge[19008:249f9] [com.apple.installcoordination:framework] -[IXAppInstallCoordinator _clientDelegate_promiseDidBeginFulfillmentWithIdentifier:]: <IXUpdatingAppInstallCoordinator<0x101488900> identity:[com.DefaultCompany.NeonDrift.run.1783753118.17777/Invalid/[system-defined]] uuid:3AFCCA89-E960-4DDB-ABBE-464256D22E4F creator:InstallCoordination Simple SPI>: Got promise did begin fulfillment for identifier 2
2026-07-11 15:01:06.538 Df CoreSimulatorBridge[19008:249f9] [com.apple.installcoordination:framework] -[IXAppInstallCoordinator _clientDelegate_promiseDidBeginFulfillmentWithIdentifier:]_block_invoke: <IXUpdatingAppInstallCoordinator<0x101488900> identity:[com.DefaultCompany.NeonDrift.run.1783753118.17777/Invalid/[system-defined]] uuid:3AFCCA89-E960-4DDB-ABBE-464256D22E4F creator:InstallCoordination Simple SPI>: Observer <_IXSimpleInstallerDelegate 0x0x101458a80> does not respond to coordinator:configuredPromiseDidBeginFulfillment: (or any deprecated equivalent)
2026-07-11 15:01:06.538 Df installcoordinationd[19154:25044] [com.apple.installcoordination:daemon] -[IXSCoordinatedAppInstall promiseDidComplete:]: <IXSCoordinatedAppInstall<0x101618000> [P=CoreSimulatorBridge (pid 19008)] identifier:[com.DefaultCompany.NeonDrift.run.1783753118.17777/Invalid/[system-defined]] uuid:3AFCCA89-E960-4DDB-ABBE-464256D22E4F intent:IXCoordinatorIntentUpdating creator/appDRI:InstallCoordination Simple SPI importance:UserWaiting state:IXAppCoordinationStatePlaceholderPromiseNotSet promise-state:0A2I4> : Promise completed: <IXSPromisedTransferToPath(0x1014fd580) Name:App Asset: com.DefaultCompany.NeonDrift.run.1783753118.17777 Creator:InstallCoordination Simple SPI UUID:6012E890-309F-4A11-B6BA-6C81213D618A Location:[system-defined]>
2026-07-11 15:01:06.538 Df CoreSimulatorBridge[19008:248f0] [com.apple.installcoordination:framework] -[IXAppInstallCoordinator _clientDelegate_didUpdateProgress:forPhase:overallProgress:]: <IXUpdatingAppInstallCoordinator<0x101488900> identity:[com.DefaultCompany.NeonDrift.run.1783753118.17777/Invalid/[system-defined]] uuid:3AFCCA89-E960-4DDB-ABBE-464256D22E4F creator:InstallCoordination Simple SPI>: Got did update progress delegate with percentComplete 100.000000 phase IXCoordinatorProgressPhaseLoading overallProgress 60.000000
2026-07-11 15:01:06.538 Df CoreSimulatorBridge[19008:249f9] [com.apple.installcoordination:framework] -[IXAppInstallCoordinator _clientDelegate_didUpdateProgress:forPhase:overallProgress:]_block_invoke: <IXUpdatingAppInstallCoordinator<0x101488900> identity:[com.DefaultCompany.NeonDrift.run.1783753118.17777/Invalid/[system-defined]] uuid:3AFCCA89-E960-4DDB-ABBE-464256D22E4F creator:InstallCoordination Simple SPI>: Calling selector coordinator:didUpdateProgress:forPhase:overallProgress: on observer <_IXSimpleInstallerDelegate 0x0x101458a80>
2026-07-11 15:01:06.538 Df installcoordinationd[19154:25050] [com.apple.appinstallation:TransactionLog] com.DefaultCompany.NeonDrift.run.1783753118.17777/Unknown Persona:4:10:2:1:App Asset Promise completed. Coordinator State: IXAppCoordinationStatePlaceholderPromiseNotSet
2026-07-11 15:01:06.538 Df installcoordinationd[19154:2504f] [com.apple.installcoordination:daemon] -[IXSCoordinatedAppInstall setPlaceholderPromise:]: <IXSCoordinatedAppInstall<0x101618000> [P=CoreSimulatorBridge (pid 19008)] identifier:[com.DefaultCompany.NeonDrift.run.1783753118.17777/Invalid/[system-defined]] uuid:3AFCCA89-E960-4DDB-ABBE-464256D22E4F intent:IXCoordinatorIntentUpdating creator/appDRI:InstallCoordination Simple SPI importance:UserWaiting state:IXAppCoordinationStateReadyForPlaceholderInstall promise-state:PA2I4> : Placeholder Promise set: <IXSPlaceholder(0x1015283c0) Name:App Placeholder: NeonDrift.run.1783753118.17777 (com.DefaultCompany.NeonDrift.run.1783753118.17777) Creator:InstallCoordination Simple SPI UUID:DA537CBF-FF0D-428C-ACB4-73758FC5EBC3 Location:[system-defined]>
2026-07-11 15:01:06.538 Df installcoordinationd[19154:25050] [com.apple.installcoordination:daemon] -[IXSCoordinatedAppInstall promiseDidComplete:]: <IXSCoordinatedAppInstall<0x101618000> [P=CoreSimulatorBridge (pid 19008)] identifier:[com.DefaultCompany.NeonDrift.run.1783753118.17777/Invalid/[system-defined]] uuid:3AFCCA89-E960-4DDB-ABBE-464256D22E4F intent:IXCoordinatorIntentUpdating creator/appDRI:InstallCoordination Simple SPI importance:UserWaiting state:IXAppCoordinationStateReadyForPlaceholderInstall promise-state:PA2I4> : Promise completed: <IXSPlaceholder(0x1015283c0) Name:App Placeholder: NeonDrift.run.1783753118.17777 (com.DefaultCompany.NeonDrift.run.1783753118.17777) Creator:InstallCoordination Simple SPI UUID:DA537CBF-FF0D-428C-ACB4-73758FC5EBC3 Location:[system-defined]>
2026-07-11 15:01:06.539 Df installcoordinationd[19154:2504f] [com.apple.installcoordination:daemon] -[IXSCoordinatedAppInstall _onQueue_acquireAssertionAndInstallPlaceholder]: Acquiring termination assertion to install placeholder for [com.DefaultCompany.NeonDrift.run.1783753118.17777/Invalid/[system-defined]]
2026-07-11 15:01:06.539 Df installcoordinationd[19154:2504f] [com.apple.installcoordination:daemon] -[IXSPendingOperationsTracker beginPendingOperationForIdentity:]_block_invoke: Beginning pending operation for [com.DefaultCompany.NeonDrift.run.1783753118.17777/Invalid/[system-defined]]
2026-07-11 15:01:06.541 Df runningboardd[18981:248cb] [com.apple.runningboard:connection] Received termination request from [osservice<com.apple.installcoordinationd>:19154] on <RBSProcessPredicate <RBSProcessBundleIdentifierPredicate "com.DefaultCompany.NeonDrift.run.1783753118.17777">> with context <RBSTerminateContext| explanation:installcoordinationd app:[com.DefaultCompany.NeonDrift.run.1783753118.17777/Invalid/[system-defined]] uuid:3AFCCA89-E960-4DDB-ABBE-464256D22E4F isPlaceholder:Y reportType:None maxTerminationResistance:Absolute attrs:[
	<RBSPreventLaunchLimitation| <RBSProcessPredicate <RBSProcessBundleIdentifierPredicate "com.DefaultCompany.NeonDrift.run.1783753118.17777">> allow:(null)>
	]>
2026-07-11 15:01:06.542 Df runningboardd[18981:248cb] [com.apple.runningboard:general] Found 0 extensions contained in com.DefaultCompany.NeonDrift.run.1783753118.17777
2026-07-11 15:01:06.542 Df runningboardd[18981:248cb] [com.apple.PlugInKit:holds] <PKManager:0x107462d00> hold request for [/Users/dragonkao/Library/Developer/CoreSimulator/Devices/CC47DE7A-8196-4465-A5A5-BB852C9C6C82/data/Containers/Bundle/Application/47E4C2A9-A2A2-4067-88C5-3EA955FB78D3/NeonDrift.run.1783753118.17777.app] with flags: 0x4
2026-07-11 15:01:06.543 Df runningboardd[18981:248cb] [com.apple.PlugInKit:holds] <PKManager:0x107462d00> hold request for [/Users/dragonkao/Library/Developer/CoreSimulator/Devices/CC47DE7A-8196-4465-A5A5-BB852C9C6C82/data/Containers/Bundle/Application/47E4C2A9-A2A2-4067-88C5-3EA955FB78D3/NeonDrift.run.1783753118.17777.app] with flags: 0x4 completed with hold token: [D343E2D3-3031-44C4-BCED-AEA933F79CDF]
2026-07-11 15:01:06.543 Df runningboardd[18981:248cb] [com.apple.runningboard:ttl] Acquiring assertion targeting system from originator [osservice<com.apple.installcoordinationd>:19154] with description <RBSAssertionDescriptor| "installcoordinationd app:[com.DefaultCompany.NeonDrift.run.1783753118.17777/Invalid/[system-defined]] uuid:3AFCCA89-E960-4DDB-ABBE-464256D22E4F isPlaceholder:Y" ID:18981-19154-194 target:system attributes:[
	<RBSPreventLaunchLimitation| <RBSProcessPredicate <RBSProcessBundleIdentifierPredicate "com.DefaultCompany.NeonDrift.run.1783753118.17777">> allow:(null)>
	]>
2026-07-11 15:01:06.543 Df runningboardd[18981:248cb] [com.apple.runningboard:process] Executing termination request for: <RBSProcessPredicate <RBSProcessBundleIdentifierPredicate "com.DefaultCompany.NeonDrift.run.1783753118.17777">>
2026-07-11 15:01:06.543 Df SpringBoard[19125:24cf5] [com.apple.SpringBoard:Common] termination assertion acquired for com.DefaultCompany.NeonDrift.run.1783753118.17777
2026-07-11 15:01:06.543 Df SpringBoard[19125:24cf5] [com.apple.SpringBoard:Icon] 0x10c97f840-SBApplicationIcon Data source did change: <SBApplication: 0x10cb8aa00; com.DefaultCompany.NeonDrift.run.1783753118.17777> {
} (SBApplication)
2026-07-11 15:01:06.543 Df installcoordinationd[19154:2504f] [com.apple.installcoordination:daemon] -[IXSCoordinatedAppInstall assertionAcquiredCallback]: RBS termination assertion observer called for <IXSCoordinatedAppInstall<0x101618000> [P=CoreSimulatorBridge (pid 19008)] identifier:[com.DefaultCompany.NeonDrift.run.1783753118.17777/Invalid/[system-defined]] uuid:3AFCCA89-E960-4DDB-ABBE-464256D22E4F intent:IXCoordinatorIntentUpdating creator/appDRI:InstallCoordination Simple SPI importance:UserWaiting state:IXAppCoordinationStateWaitingForPlaceholderAssertion promise-state:PA2I4>
2026-07-11 15:01:06.543 Df installcoordinationd[19154:25044] [com.apple.appinstallation:TransactionLog] com.DefaultCompany.NeonDrift.run.1783753118.17777/Unknown Persona:4:9:1:1:Placeholder Promise began. Coordinator State: IXAppCoordinationStateWaitingForPlaceholderAssertion
2026-07-11 15:01:06.544 Df installcoordinationd[19154:25044] [com.apple.installcoordination:daemon] -[IXSCoordinatorProgress setTotalUnitsCompleted:]: Progress for coordinator: [com.DefaultCompany.NeonDrift.run.1783753118.17777/Invalid/[system-defined]], Phase: IXCoordinatorProgressPhaseLoading, Percentage: 100.000000: Attempt to set units completed on finished progress: 100
2026-07-11 15:01:06.544 Df installcoordinationd[19154:25044] [com.apple.appinstallation:TransactionLog] com.DefaultCompany.NeonDrift.run.1783753118.17777/Unknown Persona:4:9:2:1:Placeholder Promise completed. Coordinator State: IXAppCoordinationStateWaitingForPlaceholderAssertion
2026-07-11 15:01:06.544 Df CoreSimulatorBridge[19008:249f9] [com.apple.installcoordination:framework] -[IXAppInstallCoordinator _clientDelegate_promiseDidBeginFulfillmentWithIdentifier:]: <IXUpdatingAppInstallCoordinator<0x101488900> identity:[com.DefaultCompany.NeonDrift.run.1783753118.17777/Invalid/[system-defined]] uuid:3AFCCA89-E960-4DDB-ABBE-464256D22E4F creator:InstallCoordination Simple SPI>: Got promise did begin fulfillment for identifier 1
2026-07-11 15:01:06.544 Df CoreSimulatorBridge[19008:249f9] [com.apple.installcoordination:framework] -[IXAppInstallCoordinator _clientDelegate_promiseDidBeginFulfillmentWithIdentifier:]_block_invoke: <IXUpdatingAppInstallCoordinator<0x101488900> identity:[com.DefaultCompany.NeonDrift.run.1783753118.17777/Invalid/[system-defined]] uuid:3AFCCA89-E960-4DDB-ABBE-464256D22E4F creator:InstallCoordination Simple SPI>: Observer <_IXSimpleInstallerDelegate 0x0x101458a80> does not respond to coordinator:configuredPromiseDidBeginFulfillment: (or any deprecated equivalent)
2026-07-11 15:01:06.544 Df installcoordinationd[19154:25044] [com.apple.installcoordination:daemon] -[IXSCoordinatedAppInstall _onQueue_installPlaceholder]: Acquired termination assertion for placeholder [com.DefaultCompany.NeonDrift.run.1783753118.17777/Invalid/[system-defined]]; proceeding with install.
2026-07-11 15:01:06.545 Df installcoordinationd[19154:25044] [com.apple.installcoordination:daemon] -[IXSPowerAssertion initWithAssertionName:details:]: Acquired power assertion IXPowerAssertion-12-[com.DefaultCompany.NeonDrift.run.1783753118.17777/Invalid/[system-defined]]
2026-07-11 15:01:06.545 Df installd[19168:2503d] (MobileSystemServices) 0x16dd8f000 -[MIClientConnection _doInstallationForURL:identity:domain:options:operationType:completion:]: Install of "/Users/dragonkao/Library/Developer/CoreSimulator/Devices/CC47DE7A-8196-4465-A5A5-BB852C9C6C82/data/Containers/Shared/SystemGroup/systemgroup.com.apple.installcoordinationd/Library/InstallCoordination/PromiseStaging/DA537CBF-FF0D-428C-ACB4-73758FC5EBC3/NeonDrift.run.1783753118.17777.app" type Placeholder (LSInstallType = 1, Domain: MIInstallationDomainDefault) requested by installcoordinationd (pid 19154 (501/20))
2026-07-11 15:01:06.549 Df installd[19168:2503d] [com.apple.containermanager:xpc] Query; euid = 501, uid = 501, class = 1, identifier = [com.DefaultCompany.NeonDrift.run.1783753118.17777](1), flags = 300000002
2026-07-11 15:01:06.551 Df containermanagerd_system[19026:248e2] [com.apple.containermanager:cache] Disk sync reporting on new entry: (com.DefaultCompany.NeonDrift.run.1783753118.17777|18446744073709551615|<MCMContainerPath: 0x1054ee710; [<MCMContainerClassPath: 0x1054491a0; persona [(null)]; [/Users/dragonkao/Library/Developer/CoreSimulator/Devices/CC47DE7A-8196-4465-A5A5-BB852C9C6C82/data/Containers]/[Bundle]/[Application] created>]/[47E4C2A9-A2A2-4067-88C5-3EA955FB78D3]/[(null)]>|0|F36F002F-22B1-42E5-8421-F65CAC8F3C8B|(null))
2026-07-11 15:01:06.551 Df installd[19168:2503d] [com.apple.containermanager:xpc] Query; euid = 501, uid = 501, class = 1, identifier = [com.DefaultCompany.NeonDrift.run.1783753118.17777](1), flags = 300000002
2026-07-11 15:01:06.584 Df runningboardd[18981:248d5] [com.apple.runningboard:process] Checking PreventLaunch: global:0 exPath:(null) predicates:{(
    <RBSProcessPredicate <RBSProcessBundleIdentifierPredicate "com.DefaultCompany.NeonDrift.run.1783753118.17777">>
)} allow:(null)
2026-07-11 15:01:06.597 Df runningboardd[18981:248cd] [com.apple.runningboard:process] Checking PreventLaunch: global:0 exPath:(null) predicates:{(
    <RBSProcessPredicate <RBSProcessBundleIdentifierPredicate "com.DefaultCompany.NeonDrift.run.1783753118.17777">>
)} allow:(null)
2026-07-11 15:01:06.707 Df installd[19168:2503d] [com.apple.containermanager:xpc] Query; euid = 501, uid = 501, class = 1, identifier = [com.DefaultCompany.NeonDrift.run.1783753118.17777](1), flags = 300000002
2026-07-11 15:01:06.707 Df installd[19168:2503d] [com.apple.containermanager:xpc] Query; euid = 501, uid = 501, class = 1, identifier = [com.DefaultCompany.NeonDrift.run.1783753118.17777](1), flags = 300000002
2026-07-11 15:01:06.710 Df installd[19168:2503d] (MobileSystemServices) 0x16dd8f000 -[MIInstaller _installInstallable:containingSymlink:error:]: Installing <MIInstallableParallelPlaceholder ID=com.DefaultCompany.NeonDrift.run.1783753118.17777; Persona=com.apple.containermanager.primary-persona, Version=0, ShortVersion=1.0>
2026-07-11 15:01:06.710 Df installd[19168:2503d] [com.apple.appinstallation:TransactionLog] com.DefaultCompany.NeonDrift.run.1783753118.17777/com.apple.containermanager.primary-persona:7:2:1:1:Start : Install (Parallel Placeholder)
2026-07-11 15:01:06.710 Df runningboardd[18981:248d5] [com.apple.runningboard:process] Checking PreventLaunch: global:0 exPath:(null) predicates:{(
    <RBSProcessPredicate <RBSProcessBundleIdentifierPredicate "com.DefaultCompany.NeonDrift.run.1783753118.17777">>
)} allow:(null)
2026-07-11 15:01:06.825 Df runningboardd[18981:248cb] [com.apple.runningboard:process] Checking PreventLaunch: global:0 exPath:(null) predicates:{(
    <RBSProcessPredicate <RBSProcessBundleIdentifierPredicate "com.DefaultCompany.NeonDrift.run.1783753118.17777">>
)} allow:(null)
2026-07-11 15:01:06.940 Df runningboardd[18981:248cd] [com.apple.runningboard:process] Checking PreventLaunch: global:0 exPath:(null) predicates:{(
    <RBSProcessPredicate <RBSProcessBundleIdentifierPredicate "com.DefaultCompany.NeonDrift.run.1783753118.17777">>
)} allow:(null)
2026-07-11 15:01:06.966 Df SpringBoard[19125:24dde] [com.apple.PosterLegibilityKit:Caching] -[PLKCachedImageGenerator(SpringBoardHome Legibility Label Content Generator0x125e12c40) removeImagesForCacheKeys:NeonDrift.run.1783753118.17777@@zh_TW_1368232380023648501_12014554394295850968__sz119.0x46.0B23CV11@@]
2026-07-11 15:01:07.065 Df runningboardd[18981:248d1] [com.apple.runningboard:process] Checking PreventLaunch: global:0 exPath:(null) predicates:{(
    <RBSProcessPredicate <RBSProcessBundleIdentifierPredicate "com.DefaultCompany.NeonDrift.run.1783753118.17777">>
)} allow:(null)
2026-07-11 15:01:07.188 Df runningboardd[18981:248d0] [com.apple.runningboard:process] Checking PreventLaunch: global:0 exPath:(null) predicates:{(
    <RBSProcessPredicate <RBSProcessBundleIdentifierPredicate "com.DefaultCompany.NeonDrift.run.1783753118.17777">>
)} allow:(null)
2026-07-11 15:01:07.280 Df SpringBoard[19125:24ed1] [com.apple.PosterLegibilityKit:Caching] -[PLKCachedImageGenerator(SpringBoardHome Label Content Generator0x125e12940) removeImagesForCacheKeys:NeonDrift.run.1783753118.17777@@zh_TW_1368232380023648501_0__sz101.0x26.0B23CV11@@]
2026-07-11 15:01:07.302 Df runningboardd[18981:248d0] [com.apple.runningboard:process] Checking PreventLaunch: global:0 exPath:(null) predicates:{(
    <RBSProcessPredicate <RBSProcessBundleIdentifierPredicate "com.DefaultCompany.NeonDrift.run.1783753118.17777">>
)} allow:(null)
2026-07-11 15:01:07.431 Df runningboardd[18981:248d5] [com.apple.runningboard:process] Checking PreventLaunch: global:0 exPath:(null) predicates:{(
    <RBSProcessPredicate <RBSProcessBundleIdentifierPredicate "com.DefaultCompany.NeonDrift.run.1783753118.17777">>
)} allow:(null)
2026-07-11 15:01:08.297 Df searchd[19049:24ac0] [com.apple.spotlight:default] Apps changed: (
    "com.apple.Passbook",
    "com.DefaultCompany.NeonDrift.run.1782486232.95300",
    "com.DefaultCompany.NeonDrift.run.1782493753.82761",
    "com.DefaultCompany.NeonDrift.run.1782485248.76636",
    "com.apple.DocumentsApp",
    "com.apple.MobileAddressBook",
    "com.apple.Fitness",
    "com.DefaultCompany.NeonDrift.run.1782638094.21137",
    "com.apple.MobileSMS",
    "com.DefaultCompany.NeonDrift.run.1782485533.82553",
    "com.apple.Maps",
    "com.DefaultCompany.NeonDrift.run.1782641020.54193",
    "com.apple.Passwords",
    "com.DefaultCompany.NeonDrift.run.1782650479.26426",
    "com.apple.mobilecal",
    "com.apple.BarcodeScanner",
    "com.apple.Preferences",
    "com.DefaultCompany.NeonDrift.run.1783753118.17777",
    "com.DefaultCompany.NeonDrift.run.1782573263.85778",
    "com.apple.Bridge",
    "com.apple.reminders",
    "com.DefaultCompany.NeonDrift.run.1782484808.68182",
    "com.apple.Health",
    "com.apple.news",
    "com.apple.mobileslideshow",
    "com.DefaultCompany.NeonDrift
2026-07-11 15:01:08.348 Df searchd[19049:24abd] [com.apple.spotlight:default] _allInstalledApplicationsIdentifiers: {(
    "com.apple.Passbook",
    "com.DefaultCompany.NeonDrift.run.1782486232.95300",
    "com.DefaultCompany.NeonDrift.run.1782493753.82761",
    "com.DefaultCompany.NeonDrift.run.1782485248.76636",
    "com.apple.DocumentsApp",
    "com.apple.MobileAddressBook",
    "com.apple.Fitness",
    "com.DefaultCompany.NeonDrift.run.1782638094.21137",
    "com.apple.MobileSMS",
    "com.DefaultCompany.NeonDrift.run.1782485533.82553",
    "com.apple.Maps",
    "com.DefaultCompany.NeonDrift.run.1782641020.54193",
    "com.apple.Passwords",
    "com.DefaultCompany.NeonDrift.run.1782650479.26426",
    "com.apple.mobilecal",
    "com.apple.BarcodeScanner",
    "com.apple.Preferences",
    "com.DefaultCompany.NeonDrift.run.1783753118.17777",
    "com.DefaultCompany.NeonDrift.run.1782573263.85778",
    "com.apple.Bridge",
    "com.apple.reminders",
    "com.DefaultCompany.NeonDrift.run.1782484808.68182",
    "com.apple.Health",
    "com.apple.news",
    "com.apple.mobileslideshow",
    "com.DefaultCompany.NeonDrif
2026-07-11 15:01:08.964 Df runningboardd[18981:248d5] [com.apple.runningboard:process] Checking PreventLaunch: global:0 exPath:(null) predicates:{(
    <RBSProcessPredicate <RBSProcessBundleIdentifierPredicate "com.DefaultCompany.NeonDrift.run.1783753118.17777">>
)} allow:(null)
2026-07-11 15:01:09.237 Df installd[19168:2503d] [com.apple.containermanager:query] Query; euid = 501, uid = 501, class = 4, identifier = [com.DefaultCompany.NeonDrift.run.1783753118.17777](1), flags = 300000002
2026-07-11 15:01:09.288 Df installd[19168:2503d] [com.apple.containermanager:query] Query; euid = 501, uid = 501, class = 4, identifier = [com.DefaultCompany.NeonDrift.run.1783753118.17777](1), flags = 300000002
2026-07-11 15:01:09.289 Df installd[19168:2503d] (MobileSystemServices) 0x16dd8f000 -[MIInstallableParallelPlaceholder performInstallationWithError:]: Installing parallel placeholder for [com.DefaultCompany.NeonDrift.run.1783753118.17777/com.apple.containermanager.primary-persona/[system-defined]]
2026-07-11 15:01:09.293 Df installd[19168:2503d] [com.apple.containermanager:query] Query; euid = 501, uid = 501, class = 2, identifier = [com.DefaultCompany.NeonDrift.run.1783753118.17777](1), flags = 300000003
2026-07-11 15:01:09.298 Df containermanagerd[19062:24983] [com.apple.containermanager:cache] Disk sync reporting on new entry: (com.DefaultCompany.NeonDrift.run.1783753118.17777|18446744073709551615|<MCMContainerPath: 0x101b252c0; [<MCMContainerClassPath: 0x1018497a0; persona [(null)]; [/Users/dragonkao/Library/Developer/CoreSimulator/Devices/CC47DE7A-8196-4465-A5A5-BB852C9C6C82/data/Containers]/[Data]/[Application] created>]/[625E5D34-11A8-4FB5-A318-F33F1A30836B]/[(null)]>|1|CA9C9DF4-CF03-4168-B824-A4D37E1B2414|(null))
2026-07-11 15:01:09.309 Df installd[19168:2503d] [com.apple.containermanager:query] Query; euid = 501, uid = 501, class = 2, identifier = [com.DefaultCompany.NeonDrift.run.1783753118.17777](1), flags = 300000002
2026-07-11 15:01:09.322 Df containermanagerd[19062:24983] [com.apple.containermanager:schema] [u CA9C9DF4-CF03-4168-B824-A4D37E1B2414:p 625E5D34-11A8-4FB5-A318-F33F1A30836B:c com.DefaultCompany.NeonDrift.run.1783753118.17777(2):i0] Successfully updated schema from (0) → (1), actions count = 6
2026-07-11 15:01:09.323 Df containermanagerd_system[19026:248e2] [com.apple.containermanager:schema] [u F36F002F-22B1-42E5-8421-F65CAC8F3C8B:p 47E4C2A9-A2A2-4067-88C5-3EA955FB78D3:c com.DefaultCompany.NeonDrift.run.1783753118.17777(1):i0] Successfully updated schema from (0) → (0), actions count = 0
2026-07-11 15:01:09.324 Df installd[19168:2503d] [com.apple.containermanager:xpc] Query; euid = 501, uid = 501, class = 1, identifier = [com.DefaultCompany.NeonDrift.run.1783753118.17777](1), flags = 300000002
2026-07-11 15:01:09.325 Df installd[19168:2503d] [com.apple.containermanager:unspecified] Requesting disk usage; class = 1, identifier = com.DefaultCompany.NeonDrift.run.1783753118.17777
2026-07-11 15:01:09.327 Df installd[19168:2503d] [com.apple.containermanager:query] Query; euid = 501, uid = 501, class = 7, identifier = [com.DefaultCompany.NeonDrift.run.1783753118.17777](1), flags = 300000001
2026-07-11 15:01:09.328 Df SpringBoard[19125:24cf5] [com.apple.SpringBoard:Common] termination assertion released for com.DefaultCompany.NeonDrift.run.1783753118.17777
2026-07-11 15:01:09.328 Df SpringBoard[19125:24cf5] [com.apple.SpringBoard:Icon] 0x10c97f840-SBApplicationIcon Data source did change: <SBApplication: 0x10cb8aa00; com.DefaultCompany.NeonDrift.run.1783753118.17777> {
} (SBApplication)
2026-07-11 15:01:09.330 Df installd[19168:2503d] (MobileSystemServices) 0x16dd8f000 -[MILaunchServicesOperationManager _onQueue_addPendingLaunchServicesOperation:error:]: Added pending LS operation <MILaunchServicesRegisterOperation: 9C536524-E46F-4C4B-8CA9-7375D2713E04:1 com.DefaultCompany.NeonDrift.run.1783753118.17777/MIInstallationDomainSystemShared personas:[com.apple.containermanager.primary-persona]>
2026-07-11 15:01:09.332 Df lsd[19029:24900] [com.apple.launchservices:appinstallation] Post installation registration: request to register com.DefaultCompany.NeonDrift.run.1783753118.17777, operation 9C536524-E46F-4C4B-8CA9-7375D2713E04, from pid 19168
2026-07-11 15:01:09.332 Df lsd[19029:24900] [com.apple.appinstallation:TransactionLog] com.DefaultCompany.NeonDrift.run.1783753118.17777/Unknown Persona:5:4:1:1:Registering bundles via registrant - start
2026-07-11 15:01:09.336 Df lsd[19029:24900] [com.apple.appinstallation:TransactionLog] com.DefaultCompany.NeonDrift.run.1783753118.17777/Unknown Persona:5:5:1:1:Building bundle record for app
2026-07-11 15:01:09.336 Df lsd[19029:24900] [com.apple.launchservices:appinstallation] Placeholder detected - Flagging bundle com.DefaultCompany.NeonDrift.run.1783753118.17777 incomplete
2026-07-11 15:01:09.336 Df lsd[19029:24900] [com.apple.appinstallation:TransactionLog] com.DefaultCompany.NeonDrift.run.1783753118.17777/Unknown Persona:5:5:2:1:Built bundle record for app
2026-07-11 15:01:09.338 Df lsd[19029:24900] [com.apple.appinstallation:TransactionLog] com.DefaultCompany.NeonDrift.run.1783753118.17777/Unknown Persona:5:4:2:1:Registered bundle status = success
2026-07-11 15:01:09.340 Df lsd[19029:24900] [com.apple.appinstallation:TransactionLog] com.DefaultCompany.NeonDrift.run.1783753118.17777/Unknown Persona:5:4:2:1:Finished registering com.DefaultCompany.NeonDrift.run.1783753118.17777, bundle unit 658
2026-07-11 15:01:09.341 Df installd[19168:2503d] (MobileSystemServices) 0x16dd8f000 -[MIJournal purgeJournalEntry:withError:]: Removing journal entry <MIInstallationJournalEntry<0x1034d0a00> [com.DefaultCompany.NeonDrift.run.1783753118.17777/com.apple.containermanager.primary-persona/[system-defined]]/MIInstallationDomainSystemShared op:3 phase:JournalPhaseDidRegisterWithLS version:0>
2026-07-11 15:01:09.341 Df installd[19168:2503d] [com.apple.appinstallation:TransactionLog] com.DefaultCompany.NeonDrift.run.1783753118.17777/com.apple.containermanager.primary-persona:7:2:2:1:Success (End) : Install (Parallel Placeholder)
2026-07-11 15:01:09.341 Df installd[19168:2503d] (MobileSystemServices) 0x16dd8f000 -[MIInstaller _logOperationCompletionWithStartTime:distributorID:]: Install successful for (Placeholder:com.DefaultCompany.NeonDrift.run.1783753118.17777) [Distributor: (null)]; Staging: 0.00s; Waiting: 0.00s; Preflight/Patch: 2.53s, Verifying: 0.05s; Overall: 2.80s
2026-07-11 15:01:09.342 Df lsd[19029:2498c] [com.apple.launchservices:progress] Sending applicationInstallsDidStart: for (
    "<LSApplicationProxy: 0x103334000> com.DefaultCompany.NeonDrift.run.1783753118.17777 file:///Users/dragonkao/Library/Developer/CoreSimulator/Devices/CC47DE7A-8196-4465-A5A5-BB852C9C6C82/data/Containers/Bundle/Application/47E4C2A9-A2A2-4067-88C5-3EA955FB78D3/com.apple.mobileinstallation.placeholder/ <com.DefaultCompany.NeonDrift.run.1783753118.17777 <placeholder >:1>"
)
2026-07-11 15:01:09.342 Df lsd[19029:2498c] [com.apple.launchservices:progress] Created parent progress <NSProgress: com.DefaultCompany.NeonDrift.run.1783753118.17777 phase=InstallingPlaceholder; state=Waiting; finalPhase=Installing; fractionCompleted=0.000000>
2026-07-11 15:01:09.342 Df installcoordinationd[19154:24f37] [com.apple.installcoordination:daemon] -[IXSPowerAssertion invalidate]: Released power assertion IXPowerAssertion-12-[com.DefaultCompany.NeonDrift.run.1783753118.17777/Invalid/[system-defined]]
2026-07-11 15:01:09.343 Df installcoordinationd[19154:24f37] [com.apple.installcoordination:daemon] -[IXSPendingOperationsTracker endPendingOperationForIdentity:]_block_invoke: Ending pending operation for [com.DefaultCompany.NeonDrift.run.1783753118.17777/Invalid/[system-defined]]
2026-07-11 15:01:09.343 Df installcoordinationd[19154:24f37] [com.apple.installcoordination:daemon] -[IXSCoordinatedAppInstall setPlaceholderInstallState:withLSRecordPromiseForCompletion:]: <IXSCoordinatedAppInstall<0x101618000> [P=CoreSimulatorBridge (pid 19008)] identifier:[com.DefaultCompany.NeonDrift.run.1783753118.17777/Invalid/[system-defined]] uuid:3AFCCA89-E960-4DDB-ABBE-464256D22E4F intent:IXCoordinatorIntentUpdating creator/appDRI:InstallCoordination Simple SPI importance:UserWaiting state:IXAppCoordinationStateReadyForInstall promise-state:PA2I4>: Placeholder install completed.
2026-07-11 15:01:09.344 Df installcoordinationd[19154:24f37] [com.apple.installprogress:server] initiating progress for [com.DefaultCompany.NeonDrift.run.1783753118.17777/Invalid/[system-defined]]
2026-07-11 15:01:09.345 Df routined[18986:24a16] [com.apple.launchservices:appinstallation] LaunchServices observer: InstallsStarted (
    "<LSApplicationProxy: 0x109964a80> com.DefaultCompany.NeonDrift.run.1783753118.17777 file:///Users/dragonkao/Library/Developer/CoreSimulator/Devices/CC47DE7A-8196-4465-A5A5-BB852C9C6C82/data/Containers/Bundle/Application/47E4C2A9-A2A2-4067-88C5-3EA955FB78D3/com.apple.mobileinstallation.placeholder/ <com.DefaultCompany.NeonDrift.run.1783753118.17777 <placeholder >:1>"
)
2026-07-11 15:01:09.345 Df installcoordinationd[19154:24f37] [com.apple.installprogress:default] Created published identity progress for [com.DefaultCompany.NeonDrift.run.1783753118.17777/Invalid/[system-defined]], observer 0x1014a8dc0
2026-07-11 15:01:09.345 Df installcoordinationd[19154:24f37] [com.apple.installcoordination:daemon] -[IXSCoordinatorProgress setTotalUnitsCompleted:]: Progress for coordinator: [com.DefaultCompany.NeonDrift.run.1783753118.17777/Invalid/[system-defined]], Phase: IXCoordinatorProgressPhaseLoading, Percentage: 100.000000: Attempt to set units completed on finished progress: 100
2026-07-11 15:01:09.345 Df installcoordinationd[19154:24f37] [com.apple.installcoordination:daemon] -[IXSCoordinatedAppInstall _onQueue_acquireAssertionAndDoInstall]: Acquiring termination assertion to install [com.DefaultCompany.NeonDrift.run.1783753118.17777/Invalid/[system-defined]]
2026-07-11 15:01:09.345 Df installcoordinationd[19154:24f37] [com.apple.installcoordination:daemon] -[IXSPendingOperationsTracker beginPendingOperationForIdentity:]_block_invoke: Beginning pending operation for [com.DefaultCompany.NeonDrift.run.1783753118.17777/Invalid/[system-defined]]
2026-07-11 15:01:09.345 Df dasd[19004:2488a] [com.apple.launchservices:appinstallation] LaunchServices observer: InstallsStarted (
    "<LSApplicationProxy: 0x101fac240> com.DefaultCompany.NeonDrift.run.1783753118.17777 file:///Users/dragonkao/Library/Developer/CoreSimulator/Devices/CC47DE7A-8196-4465-A5A5-BB852C9C6C82/data/Containers/Bundle/Application/47E4C2A9-A2A2-4067-88C5-3EA955FB78D3/com.apple.mobileinstallation.placeholder/ <com.DefaultCompany.NeonDrift.run.1783753118.17777 <placeholder >:1>"
)
2026-07-11 15:01:09.345 Df gamed[19118:24d16] [com.apple.launchservices:appinstallation] LaunchServices observer: InstallsStarted (
    "<LSApplicationProxy: 0x102344a80> com.DefaultCompany.NeonDrift.run.1783753118.17777 file:///Users/dragonkao/Library/Developer/CoreSimulator/Devices/CC47DE7A-8196-4465-A5A5-BB852C9C6C82/data/Containers/Bundle/Application/47E4C2A9-A2A2-4067-88C5-3EA955FB78D3/com.apple.mobileinstallation.placeholder/ <com.DefaultCompany.NeonDrift.run.1783753118.17777 <placeholder >:1>"
)
2026-07-11 15:01:09.345 Df runningboardd[18981:248cd] [com.apple.launchservices:appinstallation] LaunchServices observer: InstallsStarted (
    "<LSApplicationProxy: 0x10357c000> com.DefaultCompany.NeonDrift.run.1783753118.17777 file:///Users/dragonkao/Library/Developer/CoreSimulator/Devices/CC47DE7A-8196-4465-A5A5-BB852C9C6C82/data/Containers/Bundle/Application/47E4C2A9-A2A2-4067-88C5-3EA955FB78D3/com.apple.mobileinstallation.placeholder/ <com.DefaultCompany.NeonDrift.run.1783753118.17777 <placeholder >:1>"
)
2026-07-11 15:01:09.346 Df nsurlsessiond[19024:24a79] [com.apple.launchservices:appinstallation] LaunchServices observer: InstallsStarted (
    "<LSApplicationProxy: 0x103e44600> com.DefaultCompany.NeonDrift.run.1783753118.17777 file:///Users/dragonkao/Library/Developer/CoreSimulator/Devices/CC47DE7A-8196-4465-A5A5-BB852C9C6C82/data/Containers/Bundle/Application/47E4C2A9-A2A2-4067-88C5-3EA955FB78D3/com.apple.mobileinstallation.placeholder/ <com.DefaultCompany.NeonDrift.run.1783753118.17777 <placeholder >:1>"
)
2026-07-11 15:01:09.346 Df lsd[19029:2498c] [com.apple.launchservices:progress] Sent distributed notification com.apple.LaunchServices.applicationRegistered with payload {
    bundleIDs =     (
        "com.DefaultCompany.NeonDrift.run.1783753118.17777"
    );
    isPlaceholder = 1;
}
2026-07-11 15:01:09.346 Df locationd[19002:2485c] [com.apple.launchservices:appinstallation] LaunchServices observer: InstallsStarted (
    "<LSApplicationProxy: 0x103768600> com.DefaultCompany.NeonDrift.run.1783753118.17777 file:///Users/dragonkao/Library/Developer/CoreSimulator/Devices/CC47DE7A-8196-4465-A5A5-BB852C9C6C82/data/Containers/Bundle/Application/47E4C2A9-A2A2-4067-88C5-3EA955FB78D3/com.apple.mobileinstallation.placeholder/ <com.DefaultCompany.NeonDrift.run.1783753118.17777 <placeholder >:1>"
)
2026-07-11 15:01:09.347 Df passd[19007:24c34] [com.apple.launchservices:appinstallation] LaunchServices observer: InstallsStarted (
    "<LSApplicationProxy: 0x1084b6040> com.DefaultCompany.NeonDrift.run.1783753118.17777 file:///Users/dragonkao/Library/Developer/CoreSimulator/Devices/CC47DE7A-8196-4465-A5A5-BB852C9C6C82/data/Containers/Bundle/Application/47E4C2A9-A2A2-4067-88C5-3EA955FB78D3/com.apple.mobileinstallation.placeholder/ <com.DefaultCompany.NeonDrift.run.1783753118.17777 <placeholder >:1>"
)
2026-07-11 15:01:09.347 Df mobiletimerd[18993:248ff] [com.apple.launchservices:appinstallation] LaunchServices observer: InstallsStarted (
    "<LSApplicationProxy: 0x103a5c000> com.DefaultCompany.NeonDrift.run.1783753118.17777 file:///Users/dragonkao/Library/Developer/CoreSimulator/Devices/CC47DE7A-8196-4465-A5A5-BB852C9C6C82/data/Containers/Bundle/Application/47E4C2A9-A2A2-4067-88C5-3EA955FB78D3/com.apple.mobileinstallation.placeholder/ <com.DefaultCompany.NeonDrift.run.1783753118.17777 <placeholder >:1>"
)
2026-07-11 15:01:09.348 Df usernotificationsd[19065:24b14] [com.apple.launchservices:appinstallation] LaunchServices observer: InstallsStarted (
    "<LSApplicationProxy: 0x103da0540> com.DefaultCompany.NeonDrift.run.1783753118.17777 file:///Users/dragonkao/Library/Developer/CoreSimulator/Devices/CC47DE7A-8196-4465-A5A5-BB852C9C6C82/data/Containers/Bundle/Application/47E4C2A9-A2A2-4067-88C5-3EA955FB78D3/com.apple.mobileinstallation.placeholder/ <com.DefaultCompany.NeonDrift.run.1783753118.17777 <placeholder >:1>"
)
2026-07-11 15:01:09.348 Df liveactivitiesd[19061:249a5] [com.apple.launchservices:appinstallation] LaunchServices observer: InstallsStarted (
    "<LSApplicationProxy: 0x101e95680> com.DefaultCompany.NeonDrift.run.1783753118.17777 file:///Users/dragonkao/Library/Developer/CoreSimulator/Devices/CC47DE7A-8196-4465-A5A5-BB852C9C6C82/data/Containers/Bundle/Application/47E4C2A9-A2A2-4067-88C5-3EA955FB78D3/com.apple.mobileinstallation.placeholder/ <com.DefaultCompany.NeonDrift.run.1783753118.17777 <placeholder >:1>"
)
2026-07-11 15:01:09.348 Df callservicesd[19075:24ad7] [com.apple.launchservices:appinstallation] LaunchServices observer: InstallsStarted (
    "<LSApplicationProxy: 0x106e5cb40> com.DefaultCompany.NeonDrift.run.1783753118.17777 file:///Users/dragonkao/Library/Developer/CoreSimulator/Devices/CC47DE7A-8196-4465-A5A5-BB852C9C6C82/data/Containers/Bundle/Application/47E4C2A9-A2A2-4067-88C5-3EA955FB78D3/com.apple.mobileinstallation.placeholder/ <com.DefaultCompany.NeonDrift.run.1783753118.17777 <placeholder >:1>"
)
2026-07-11 15:01:09.349 Df appstored[19145:24ed5] [com.apple.launchservices:appinstallation] LaunchServices observer: InstallsStarted (
    "<LSApplicationProxy: 0x101af4000> com.DefaultCompany.NeonDrift.run.1783753118.17777 file:///Users/dragonkao/Library/Developer/CoreSimulator/Devices/CC47DE7A-8196-4465-A5A5-BB852C9C6C82/data/Containers/Bundle/Application/47E4C2A9-A2A2-4067-88C5-3EA955FB78D3/com.apple.mobileinstallation.placeholder/ <com.DefaultCompany.NeonDrift.run.1783753118.17777 <placeholder >:1>"
)
2026-07-11 15:01:09.349 Df sleepd[19005:24853] [com.apple.launchservices:appinstallation] LaunchServices observer: InstallsStarted (
    "<LSApplicationProxy: 0x101668180> com.DefaultCompany.NeonDrift.run.1783753118.17777 file:///Users/dragonkao/Library/Developer/CoreSimulator/Devices/CC47DE7A-8196-4465-A5A5-BB852C9C6C82/data/Containers/Bundle/Application/47E4C2A9-A2A2-4067-88C5-3EA955FB78D3/com.apple.mobileinstallation.placeholder/ <com.DefaultCompany.NeonDrift.run.1783753118.17777 <placeholder >:1>"
)
2026-07-11 15:01:09.349 Df webbookmarksd[19052:24b05] [com.apple.launchservices:appinstallation] LaunchServices observer: InstallsStarted (
    "<LSApplicationProxy: 0x105b48890> com.DefaultCompany.NeonDrift.run.1783753118.17777 file:///Users/dragonkao/Library/Developer/CoreSimulator/Devices/CC47DE7A-8196-4465-A5A5-BB852C9C6C82/data/Containers/Bundle/Application/47E4C2A9-A2A2-4067-88C5-3EA955FB78D3/com.apple.mobileinstallation.placeholder/ <com.DefaultCompany.NeonDrift.run.1783753118.17777 <placeholder >:1>"
)
2026-07-11 15:01:09.349 Df deviceaccessd[19087:24b63] [com.apple.launchservices:appinstallation] LaunchServices observer: InstallsStarted (
    "<LSApplicationProxy: 0x105d74000> com.DefaultCompany.NeonDrift.run.1783753118.17777 file:///Users/dragonkao/Library/Developer/CoreSimulator/Devices/CC47DE7A-8196-4465-A5A5-BB852C9C6C82/data/Containers/Bundle/Application/47E4C2A9-A2A2-4067-88C5-3EA955FB78D3/com.apple.mobileinstallation.placeholder/ <com.DefaultCompany.NeonDrift.run.1783753118.17777 <placeholder >:1>"
)
2026-07-11 15:01:09.349 Df financed[19054:24a40] [com.apple.launchservices:appinstallation] LaunchServices observer: InstallsStarted (
    "<LSApplicationProxy: 0x10619bcc0> com.DefaultCompany.NeonDrift.run.1783753118.17777 file:///Users/dragonkao/Library/Developer/CoreSimulator/Devices/CC47DE7A-8196-4465-A5A5-BB852C9C6C82/data/Containers/Bundle/Application/47E4C2A9-A2A2-4067-88C5-3EA955FB78D3/com.apple.mobileinstallation.placeholder/ <com.DefaultCompany.NeonDrift.run.1783753118.17777 <placeholder >:1>"
)
2026-07-11 15:01:09.350 Df profiled[19072:24aab] [com.apple.launchservices:appinstallation] LaunchServices observer: InstallsStarted (
    "<LSApplicationProxy: 0x102cc4330> com.DefaultCompany.NeonDrift.run.1783753118.17777 file:///Users/dragonkao/Library/Developer/CoreSimulator/Devices/CC47DE7A-8196-4465-A5A5-BB852C9C6C82/data/Containers/Bundle/Application/47E4C2A9-A2A2-4067-88C5-3EA955FB78D3/com.apple.mobileinstallation.placeholder/ <com.DefaultCompany.NeonDrift.run.1783753118.17777 <placeholder >:1>"
)
2026-07-11 15:01:09.350 Df donotdisturbd[19028:24a5a] [com.apple.launchservices:appinstallation] LaunchServices observer: InstallsStarted (
    "<LSApplicationProxy: 0x1015c5380> com.DefaultCompany.NeonDrift.run.1783753118.17777 file:///Users/dragonkao/Library/Developer/CoreSimulator/Devices/CC47DE7A-8196-4465-A5A5-BB852C9C6C82/data/Containers/Bundle/Application/47E4C2A9-A2A2-4067-88C5-3EA955FB78D3/com.apple.mobileinstallation.placeholder/ <com.DefaultCompany.NeonDrift.run.1783753118.17777 <placeholder >:1>"
)
2026-07-11 15:01:09.350 Df homed[19076:24b50] [com.apple.launchservices:appinstallation] LaunchServices observer: InstallsStarted (
    "<LSApplicationProxy: 0x107e98cc0> com.DefaultCompany.NeonDrift.run.1783753118.17777 file:///Users/dragonkao/Library/Developer/CoreSimulator/Devices/CC47DE7A-8196-4465-A5A5-BB852C9C6C82/data/Containers/Bundle/Application/47E4C2A9-A2A2-4067-88C5-3EA955FB78D3/com.apple.mobileinstallation.placeholder/ <com.DefaultCompany.NeonDrift.run.1783753118.17777 <placeholder >:1>"
)
2026-07-11 15:01:09.351 Df SpringBoard[19125:24d92] [com.apple.launchservices:appinstallation] LaunchServices observer: InstallsStarted (
    "<LSApplicationProxy: 0x12aaa7540> com.DefaultCompany.NeonDrift.run.1783753118.17777 file:///Users/dragonkao/Library/Developer/CoreSimulator/Devices/CC47DE7A-8196-4465-A5A5-BB852C9C6C82/data/Containers/Bundle/Application/47E4C2A9-A2A2-4067-88C5-3EA955FB78D3/com.apple.mobileinstallation.placeholder/ <com.DefaultCompany.NeonDrift.run.1783753118.17777 <placeholder >:1>"
)
2026-07-11 15:01:09.351 Df SpringBoard[19125:24d92] [com.apple.frontboard.ApplicationLibrary:observer] -[FBSApplicationLibrary applicationInstallsDidStart:] com.DefaultCompany.NeonDrift.run.1783753118.17777
2026-07-11 15:01:09.351 Df SpringBoard[19125:24d92] [com.apple.frontboard.ApplicationLibrary:default] Added placeholder: <SBApplicationPlaceholderProxy: 0x12a2c4700; com.DefaultCompany.NeonDrift.run.1783753118.17777 (NeonDrift.run.1783753118.17777); LSInstallType: StoreDownload>
2026-07-11 15:01:09.352 Df installcoordinationd[19154:2504f] [com.apple.installcoordination:daemon] -[IXSCoordinatedAppInstall _limitedConcurrency_fetchLoadingProgressForPlaceholderInstallType:progressHint:andRun:]: <IXSCoordinatedAppInstall<0x101618000> [P=CoreSimulatorBridge (pid 19008)] identifier:[com.DefaultCompany.NeonDrift.run.1783753118.17777/Invalid/[system-defined]] uuid:3AFCCA89-E960-4DDB-ABBE-464256D22E4F intent:IXCoordinatorIntentUpdating creator/appDRI:InstallCoordination Simple SPI importance:UserWaiting state:IXAppCoordinationStateWaitingForInstallAssertion promise-state:PA2I4>: initiating loading progress with install type 1
2026-07-11 15:01:09.352 Df installcoordinationd[19154:2504f] [com.apple.appinstallation:TransactionLog] com.DefaultCompany.NeonDrift.run.1783753118.17777/Unknown Persona:5:11:1:1:Updating PlaceholderMetadata for com.DefaultCompany.NeonDrift.run.1783753118.17777 with LSInstallType 1
2026-07-11 15:01:09.353 Df CoreSimulatorBridge[19008:24830] [com.apple.installcoordination:framework] -[IXAppInstallCoordinator _clientDelegate_placeholderDidInstallForApplicationRecord:]: <IXUpdatingAppInstallCoordinator<0x101488900> identity:[com.DefaultCompany.NeonDrift.run.1783753118.17777/Invalid/[system-defined]] uuid:3AFCCA89-E960-4DDB-ABBE-464256D22E4F creator:InstallCoordination Simple SPI>: Got placeholder did install delegate for app record { bundleID: com.DefaultCompany.NeonDrift.run.1783753118.17777, URL: file:///Users/dragonkao/Library/Developer/CoreSimulator/Devices/CC47DE7A-8196-4465-A5A5-BB852C9C6C82/data/Containers/Bundle/Application/47E4C2A9-A2A2-4067-88C5-3EA955FB78D3/com.apple.mobileinstallation.placeholder/ }
2026-07-11 15:01:09.353 Df CoreSimulatorBridge[19008:24830] [com.apple.installcoordination:framework] -[IXAppInstallCoordinator _clientDelegate_placeholderDidInstallForApplicationRecord:]_block_invoke: <IXUpdatingAppInstallCoordinator<0x101488900> identity:[com.DefaultCompany.NeonDrift.run.1783753118.17777/Invalid/[system-defined]] uuid:3AFCCA89-E960-4DDB-ABBE-464256D22E4F creator:InstallCoordination Simple SPI>: Observer <_IXSimpleInstallerDelegate 0x0x101458a80> does not respond to coordinatorDidInstallPlaceholder:forApplicationRecord: (or any deprecated equivalent)
2026-07-11 15:01:09.353 Df SpringBoard[19125:24cf5] [com.apple.frontboard.ApplicationLibrary:sb.placeholder] App placeholder proxies added: (
    "<SBApplicationPlaceholderProxy: 0x12a2c4700; com.DefaultCompany.NeonDrift.run.1783753118.17777 (NeonDrift.run.1783753118.17777); LSInstallType: StoreDownload>"
), currentlyKnownExistingPlaceholders: {
}
2026-07-11 15:01:09.353 Df SpringBoard[19125:24cf5] [com.apple.appinstallation:TransactionLog] com.DefaultCompany.NeonDrift.run.1783753118.17777/Unknown Persona:10:0:1:1:Placeholder add BEGIN
2026-07-11 15:01:09.353 Df SpringBoard[19125:24d92] [com.apple.launchservices:progress] #LSInstallProgressList add subscriber: <_NSProgressSubscriber: 0x122914060> publishingString: com.DefaultCompany.NeonDrift.run.1783753118.17777
2026-07-11 15:01:09.353 Df SpringBoard[19125:24d92] [com.apple.launchservices:progress] Subscribing to progress for app com.DefaultCompany.NeonDrift.run.1783753118.17777,
2026-07-11 15:01:09.353 E  SpringBoard[19125:24d92] [com.apple.frontboard.ApplicationLibrary:placeholder] Non-demoted placeholder for com.DefaultCompany.NeonDrift.run.1783753118.17777 has no associated NSProgress!
2026-07-11 15:01:09.353 Df SpringBoard[19125:24cf5] [com.apple.SpringBoard:Icon] <<SBLeafIcon:0x10c97f840 [com.DefaultCompany.NeonDrift.run.1783753118.17777]>> Changing active data source: <SBApplicationIcon: 0x10c97f840; nodeID: com.DefaultCompany.NeonDrift.run.1783753118.17777; bundleID: com.DefaultCompany.NeonDrift.run.1783753118.17777>
