Timestamp               Ty Process[PID:TID]
2026-06-27 01:10:09.668 Df CoreSimulatorBridge[64415:951829] Request received for installation of file:///Users/dragonkao/.openclaw/workspace/382b9e3384298039b171c9b2a60ae644/NeonDrift_MVP/project/xcode_derived_data/Build/Products/Release-iphonesimulator/NeonDrift.run.1782493753.82761.app/ with options: {
    PackageType = Developer;
    SimulatorRootPath = "/Library/Developer/CoreSimulator/Volumes/iOS_23E254a/Library/Developer/CoreSimulator/Profiles/Runtimes/iOS 26.4.simruntime/Contents/Resources/RuntimeRoot";
    SimulatorUserPath = "/Users/dragonkao/Library/Developer/CoreSimulator/Devices/CC47DE7A-8196-4465-A5A5-BB852C9C6C82/data";
}
2026-06-27 01:10:09.669 Df CoreSimulatorBridge[64415:951829] [com.apple.installcoordination:framework] +[IXAppInstallCoordinator(IXSimpleInstaller) _beginInstallForURL:forPersonaUniqueString:consumeSource:options:progressBlock:completionWithIdentity:]: Beginning install for /Users/dragonkao/.openclaw/workspace/382b9e3384298039b171c9b2a60ae644/NeonDrift_MVP/project/xcode_derived_data/Build/Products/Release-iphonesimulator/NeonDrift.run.1782493753.82761.app consuming source:N options:{
    IsUserInitiated = 1;
    PackageType = Developer;
} installationRequestorAuditToken: NULL
2026-06-27 01:10:09.672 Df installcoordinationd[64557:941925] [com.apple.installcoordination:daemon] -[IXSDataPromiseManager registerPromise:]: Registered promise <IXSPlaceholder(0x101d243c0) Name:App Placeholder: NeonDrift.run.1782493753.82761 (com.DefaultCompany.NeonDrift.run.1782493753.82761) Creator:InstallCoordination Simple SPI UUID:0B5E2711-1224-4573-8536-66907A7FA2DE Location:[system-defined]> for UUID 0B5E2711-1224-4573-8536-66907A7FA2DE
2026-06-27 01:10:09.673 Df installcoordinationd[64557:941925] [com.apple.installcoordination:daemon] -[IXSPlaceholder setAttributes:]: <IXSPlaceholder(0x101d243c0) Name:App Placeholder: NeonDrift.run.1782493753.82761 (com.DefaultCompany.NeonDrift.run.1782493753.82761) Creator:InstallCoordination Simple SPI UUID:0B5E2711-1224-4573-8536-66907A7FA2DE Location:[system-defined]>: setting placeholder attributes to <IXPlaceholderAttributes<0x101cc8960> : {
    CFBundleShortVersionString = "1.0";
    CFBundleSupportedPlatforms =     (
        iPhoneSimulator
    );
    CFBundleVersion = 0;
    DTPlatformName = iphonesimulator;
    LSRequiresIPhoneOS = 1;
    MinimumOSVersion = "13.0";
    UIDeviceFamily =     (
        1,
        2
    );
    UIRequiredDeviceCapabilities =     {
        arm64 = 1;
        metal = 1;
    };
}>
2026-06-27 01:10:09.674 Df CoreSimulatorBridge[64415:95180e] [com.apple.installcoordination:framework] +[IXPlaceholder _setEntitlementsFromBundleExecutableURL:withBundleID:client:onPlaceholder:location:error:]: Executable for com.DefaultCompany.NeonDrift.run.1782493753.82761 at NeonDrift.run.1782493753.82761 -- file:///Users/dragonkao/.openclaw/workspace/382b9e3384298039b171c9b2a60ae644/NeonDrift_MVP/project/xcode_derived_data/Build/Products/Release-iphonesimulator/NeonDrift.run.1782493753.82761.app/ had no entitlements
2026-06-27 01:10:09.674 Df CoreSimulatorBridge[64415:95180e] [com.apple.installcoordination:framework] +[IXPlaceholder _placeholderForBundle:client:withParent:installType:metadata:placeholderType:mayBeDeltaPackage:isFromSerializedPlaceholder:location:error:]: Using full fidelity icons for com.DefaultCompany.NeonDrift.run.1782493753.82761 at /Users/dragonkao/.openclaw/workspace/382b9e3384298039b171c9b2a60ae644/NeonDrift_MVP/project/xcode_derived_data/Build/Products/Release-iphonesimulator/NeonDrift.run.1782493753.82761.app
2026-06-27 01:10:09.674 Df installcoordinationd[64557:941925] [com.apple.installcoordination:daemon] -[IXSDataPromiseManager registerPromise:]: Registered promise <IXSPromisedTransferToPath(0x101cf9900) Name:Icon resources for com.DefaultCompany.NeonDrift.run.1782493753.82761 Creator:InstallCoordination Simple SPI UUID:57C968AC-138B-464C-B492-D5B7B09A13AA Location:[system-defined]> for UUID 57C968AC-138B-464C-B492-D5B7B09A13AA
2026-06-27 01:10:09.677 Df CoreSimulatorBridge[64415:95180e] [com.apple.installcoordination:framework] -[IXPromisedTransferToPath setComplete:]: <IXPromisedTransferToPath<0x105893200> name:"Icon resources for com.DefaultCompany.NeonDrift.run.1782493753.82761" uuid:57C968AC-138B-464C-B492-D5B7B09A13AA creator:"InstallCoordination Simple SPI" location:[system-defined]> Move operation from /Users/dragonkao/Library/Developer/CoreSimulator/Devices/CC47DE7A-8196-4465-A5A5-BB852C9C6C82/data/Containers/Shared/SystemGroup/systemgroup.com.apple.installcoordinationd/Library/InstallCoordination/PromiseStaging/57C968AC-138B-464C-B492-D5B7B09A13AA/temp.Z6aKWr to /Users/dragonkao/Library/Developer/CoreSimulator/Devices/CC47DE7A-8196-4465-A5A5-BB852C9C6C82/data/Containers/Shared/SystemGroup/systemgroup.com.apple.installcoordinationd/Library/InstallCoordination/PromiseStaging/57C968AC-138B-464C-B492-D5B7B09A13AA/temp.Z6aKWr took 0.000044 seconds
2026-06-27 01:10:09.678 Df installcoordinationd[64557:941925] [com.apple.installcoordination:daemon] -[IXSDataPromise _setPercentComplete:saveStateIfNeeded:]: Progress: <IXSPromisedTransferToPath(0x101cf9900) Name:Icon resources for com.DefaultCompany.NeonDrift.run.1782493753.82761 Creator:InstallCoordination Simple SPI UUID:57C968AC-138B-464C-B492-D5B7B09A13AA Location:[system-defined]>
2026-06-27 01:10:09.678 Df installcoordinationd[64557:963325] [com.apple.installcoordination:daemon] -[IXSDataPromiseManager promiseDidBegin:]: Unowned promise began: <IXSPromisedTransferToPath(0x101cf9900) Name:Icon resources for com.DefaultCompany.NeonDrift.run.1782493753.82761 Creator:InstallCoordination Simple SPI UUID:57C968AC-138B-464C-B492-D5B7B09A13AA Location:[system-defined]>
2026-06-27 01:10:09.678 Df installcoordinationd[64557:963325] [com.apple.installcoordination:daemon] -[IXSDataPromiseManager promise:didUpdateProgress:]: Unowned promise update progress to 1.000000 : <IXSPromisedTransferToPath(0x101cf9900) Name:Icon resources for com.DefaultCompany.NeonDrift.run.1782493753.82761 Creator:InstallCoordination Simple SPI UUID:57C968AC-138B-464C-B492-D5B7B09A13AA Location:[system-defined]>
2026-06-27 01:10:09.679 Df installcoordinationd[64557:941925] [com.apple.installcoordination:daemon] -[IXSDataPromiseManager promiseDidComplete:]: Unowned promise completed: <IXSPromisedTransferToPath(0x101cf9900) Name:Icon resources for com.DefaultCompany.NeonDrift.run.1782493753.82761 Creator:InstallCoordination Simple SPI UUID:57C968AC-138B-464C-B492-D5B7B09A13AA Location:[system-defined]>
2026-06-27 01:10:09.679 Df installcoordinationd[64557:963325] [com.apple.installcoordination:daemon] -[IXSDataPromise _setPercentComplete:saveStateIfNeeded:]: Progress: <IXSPromisedInMemoryDictionary(0x101cf8c00) Name:Info.plist icon content for com.DefaultCompany.NeonDrift.run.1782493753.82761 Creator:InstallCoordination Simple SPI UUID:CD522168-5E89-4BF6-AD24-2AC5FA6B8928 Location:[system-defined]>
2026-06-27 01:10:09.680 Df installcoordinationd[64557:963325] [com.apple.installcoordination:daemon] -[IXSDataPromiseManager registerPromise:]: Registered promise <IXSPromisedInMemoryDictionary(0x101cf8c00) Name:Info.plist icon content for com.DefaultCompany.NeonDrift.run.1782493753.82761 Creator:InstallCoordination Simple SPI UUID:CD522168-5E89-4BF6-AD24-2AC5FA6B8928 Location:[system-defined]> for UUID CD522168-5E89-4BF6-AD24-2AC5FA6B8928
2026-06-27 01:10:09.680 Df installcoordinationd[64557:941925] [com.apple.installcoordination:daemon] -[IXSDataPromiseManager promiseDidBegin:]: Unowned promise began: <IXSPromisedInMemoryDictionary(0x101cf8c00) Name:Info.plist icon content for com.DefaultCompany.NeonDrift.run.1782493753.82761 Creator:InstallCoordination Simple SPI UUID:CD522168-5E89-4BF6-AD24-2AC5FA6B8928 Location:[system-defined]>
2026-06-27 01:10:09.680 Df installcoordinationd[64557:941925] [com.apple.installcoordination:daemon] -[IXSDataPromiseManager promise:didUpdateProgress:]: Unowned promise update progress to 1.000000 : <IXSPromisedInMemoryDictionary(0x101cf8c00) Name:Info.plist icon content for com.DefaultCompany.NeonDrift.run.1782493753.82761 Creator:InstallCoordination Simple SPI UUID:CD522168-5E89-4BF6-AD24-2AC5FA6B8928 Location:[system-defined]>
2026-06-27 01:10:09.680 Df installcoordinationd[64557:941925] [com.apple.installcoordination:daemon] -[IXSDataPromiseManager promiseDidComplete:]: Unowned promise completed: <IXSPromisedInMemoryDictionary(0x101cf8c00) Name:Info.plist icon content for com.DefaultCompany.NeonDrift.run.1782493753.82761 Creator:InstallCoordination Simple SPI UUID:CD522168-5E89-4BF6-AD24-2AC5FA6B8928 Location:[system-defined]>
2026-06-27 01:10:09.680 Df installcoordinationd[64557:963325] [com.apple.installcoordination:daemon] -[IXSPlaceholder setIconResourcesPromise:]: <IXSPlaceholder(0x101d243c0) Name:App Placeholder: NeonDrift.run.1782493753.82761 (com.DefaultCompany.NeonDrift.run.1782493753.82761) Creator:InstallCoordination Simple SPI UUID:0B5E2711-1224-4573-8536-66907A7FA2DE Location:[system-defined]>: setting icon resources promise to <IXSPromisedTransferToPath(0x101cf9900) Name:Icon resources for com.DefaultCompany.NeonDrift.run.1782493753.82761 Creator:InstallCoordination Simple SPI UUID:57C968AC-138B-464C-B492-D5B7B09A13AA Location:[system-defined]>
2026-06-27 01:10:09.681 Df installcoordinationd[64557:963325] [com.apple.installcoordination:daemon] -[IXSPlaceholder setInfoPlistIconContentPromise:]: <IXSPlaceholder(0x101d243c0) Name:App Placeholder: NeonDrift.run.1782493753.82761 (com.DefaultCompany.NeonDrift.run.1782493753.82761) Creator:InstallCoordination Simple SPI UUID:0B5E2711-1224-4573-8536-66907A7FA2DE Location:[system-defined]>: setting Info.plist icon content promise to <IXSPromisedInMemoryDictionary(0x101cf8c00) Name:Info.plist icon content for com.DefaultCompany.NeonDrift.run.1782493753.82761 Creator:InstallCoordination Simple SPI UUID:CD522168-5E89-4BF6-AD24-2AC5FA6B8928 Location:[system-defined]>
2026-06-27 01:10:09.682 Df installcoordinationd[64557:963325] [com.apple.installcoordination:daemon] -[IXSDataPromiseManager promiseDidBegin:]: Unowned promise began: <IXSPlaceholder(0x101d243c0) Name:App Placeholder: NeonDrift.run.1782493753.82761 (com.DefaultCompany.NeonDrift.run.1782493753.82761) Creator:InstallCoordination Simple SPI UUID:0B5E2711-1224-4573-8536-66907A7FA2DE Location:[system-defined]>
2026-06-27 01:10:09.682 Df installcoordinationd[64557:963325] [com.apple.installcoordination:daemon] -[IXSDataPromiseManager promise:didUpdateProgress:]: Unowned promise update progress to 0.000000 : <IXSPlaceholder(0x101d243c0) Name:App Placeholder: NeonDrift.run.1782493753.82761 (com.DefaultCompany.NeonDrift.run.1782493753.82761) Creator:InstallCoordination Simple SPI UUID:0B5E2711-1224-4573-8536-66907A7FA2DE Location:[system-defined]>
2026-06-27 01:10:09.682 Df installcoordinationd[64557:963325] [com.apple.installcoordination:daemon] -[IXSDataPromiseManager promise:didUpdateProgress:]: Unowned promise update progress to 0.000000 : <IXSPlaceholder(0x101d243c0) Name:App Placeholder: NeonDrift.run.1782493753.82761 (com.DefaultCompany.NeonDrift.run.1782493753.82761) Creator:InstallCoordination Simple SPI UUID:0B5E2711-1224-4573-8536-66907A7FA2DE Location:[system-defined]>
2026-06-27 01:10:09.682 Df installcoordinationd[64557:963326] [com.apple.installcoordination:daemon] -[IXSDataPromise _setPercentComplete:saveStateIfNeeded:]: Progress: <IXSPromisedInMemoryDictionary(0x101cf9280) Name:Localizations for com.DefaultCompany.NeonDrift.run.1782493753.82761 Creator:InstallCoordination Simple SPI UUID:E5067CF9-8331-4D8A-9C42-DA789C22E602 Location:[system-defined]>
2026-06-27 01:10:09.683 Df installcoordinationd[64557:963326] [com.apple.installcoordination:daemon] -[IXSDataPromiseManager registerPromise:]: Registered promise <IXSPromisedInMemoryDictionary(0x101cf9280) Name:Localizations for com.DefaultCompany.NeonDrift.run.1782493753.82761 Creator:InstallCoordination Simple SPI UUID:E5067CF9-8331-4D8A-9C42-DA789C22E602 Location:[system-defined]> for UUID E5067CF9-8331-4D8A-9C42-DA789C22E602
2026-06-27 01:10:09.683 Df installcoordinationd[64557:941925] [com.apple.installcoordination:daemon] -[IXSDataPromiseManager promiseDidBegin:]: Unowned promise began: <IXSPromisedInMemoryDictionary(0x101cf9280) Name:Localizations for com.DefaultCompany.NeonDrift.run.1782493753.82761 Creator:InstallCoordination Simple SPI UUID:E5067CF9-8331-4D8A-9C42-DA789C22E602 Location:[system-defined]>
2026-06-27 01:10:09.683 Df installcoordinationd[64557:941925] [com.apple.installcoordination:daemon] -[IXSDataPromiseManager promise:didUpdateProgress:]: Unowned promise update progress to 1.000000 : <IXSPromisedInMemoryDictionary(0x101cf9280) Name:Localizations for com.DefaultCompany.NeonDrift.run.1782493753.82761 Creator:InstallCoordination Simple SPI UUID:E5067CF9-8331-4D8A-9C42-DA789C22E602 Location:[system-defined]>
2026-06-27 01:10:09.683 Df installcoordinationd[64557:941925] [com.apple.installcoordination:daemon] -[IXSDataPromiseManager promiseDidComplete:]: Unowned promise completed: <IXSPromisedInMemoryDictionary(0x101cf9280) Name:Localizations for com.DefaultCompany.NeonDrift.run.1782493753.82761 Creator:InstallCoordination Simple SPI UUID:E5067CF9-8331-4D8A-9C42-DA789C22E602 Location:[system-defined]>
2026-06-27 01:10:09.683 Df installcoordinationd[64557:963326] [com.apple.installcoordination:daemon] -[IXSPlaceholder setLocalizationDictionaryPromise:]: <IXSPlaceholder(0x101d243c0) Name:App Placeholder: NeonDrift.run.1782493753.82761 (com.DefaultCompany.NeonDrift.run.1782493753.82761) Creator:InstallCoordination Simple SPI UUID:0B5E2711-1224-4573-8536-66907A7FA2DE Location:[system-defined]>: setting localization dict promise to <IXSPromisedInMemoryDictionary(0x101cf9280) Name:Localizations for com.DefaultCompany.NeonDrift.run.1782493753.82761 Creator:InstallCoordination Simple SPI UUID:E5067CF9-8331-4D8A-9C42-DA789C22E602 Location:[system-defined]>
2026-06-27 01:10:09.684 Df installcoordinationd[64557:963325] [com.apple.installcoordination:daemon] -[IXSDataPromiseManager promise:didUpdateProgress:]: Unowned promise update progress to 0.000000 : <IXSPlaceholder(0x101d243c0) Name:App Placeholder: NeonDrift.run.1782493753.82761 (com.DefaultCompany.NeonDrift.run.1782493753.82761) Creator:InstallCoordination Simple SPI UUID:0B5E2711-1224-4573-8536-66907A7FA2DE Location:[system-defined]>
2026-06-27 01:10:09.684 Df installcoordinationd[64557:963326] [com.apple.installcoordination:daemon] -[IXSPlaceholder setConfigurationComplete:]: <IXSPlaceholder(0x101d243c0) Name:App Placeholder: NeonDrift.run.1782493753.82761 (com.DefaultCompany.NeonDrift.run.1782493753.82761) Creator:InstallCoordination Simple SPI UUID:0B5E2711-1224-4573-8536-66907A7FA2DE Location:[system-defined]>: setting configuration complete to Y
2026-06-27 01:10:09.685 Df installcoordinationd[64557:963326] [com.apple.installcoordination:daemon] -[IXSPlaceholder _materialize]: <IXSPlaceholder(0x101d243c0) Name:App Placeholder: NeonDrift.run.1782493753.82761 (com.DefaultCompany.NeonDrift.run.1782493753.82761) Creator:InstallCoordination Simple SPI UUID:0B5E2711-1224-4573-8536-66907A7FA2DE Location:[system-defined]>: Materializing placeholder at /Users/dragonkao/Library/Developer/CoreSimulator/Devices/CC47DE7A-8196-4465-A5A5-BB852C9C6C82/data/Containers/Shared/SystemGroup/systemgroup.com.apple.installcoordinationd/Library/InstallCoordination/PromiseStaging/0B5E2711-1224-4573-8536-66907A7FA2DE/NeonDrift.run.1782493753.82761.app
2026-06-27 01:10:09.685 Df installcoordinationd[64557:963326] [com.apple.installcoordination:daemon] -[IXSPlaceholder _materialize]: <IXSPlaceholder(0x101d243c0) Name:App Placeholder: NeonDrift.run.1782493753.82761 (com.DefaultCompany.NeonDrift.run.1782493753.82761) Creator:InstallCoordination Simple SPI UUID:0B5E2711-1224-4573-8536-66907A7FA2DE Location:[system-defined]>: Using Info.plist icon content: {
    CFBundleIcons =     {
        CFBundlePrimaryIcon =         {
            CFBundleIconName = AppIcon;
        };
    };
    "CFBundleIcons~ipad" =     {
        CFBundlePrimaryIcon =         {
            CFBundleIconName = AppIcon;
        };
    };
    ISIconPlatform = iPhoneOS;
}
2026-06-27 01:10:09.685 Df installcoordinationd[64557:963326] [com.apple.installcoordination:daemon] -[IXSPlaceholder _materialize]_block_invoke: <IXSPlaceholder(0x101d243c0) Name:App Placeholder: NeonDrift.run.1782493753.82761 (com.DefaultCompany.NeonDrift.run.1782493753.82761) Creator:InstallCoordination Simple SPI UUID:0B5E2711-1224-4573-8536-66907A7FA2DE Location:[system-defined]>: Using icon resource Assets.car
2026-06-27 01:10:09.685 Df installcoordinationd[64557:963326] [com.apple.installcoordination:daemon] -[IXSPlaceholder _materialize]: <IXSPlaceholder(0x101d243c0) Name:App Placeholder: NeonDrift.run.1782493753.82761 (com.DefaultCompany.NeonDrift.run.1782493753.82761) Creator:InstallCoordination Simple SPI UUID:0B5E2711-1224-4573-8536-66907A7FA2DE Location:[system-defined]>: Including lproj localizations for (
)
2026-06-27 01:10:09.686 Df installcoordinationd[64557:963325] [com.apple.installcoordination:daemon] -[IXSDataPromiseManager promiseDidComplete:]: Unowned promise completed: <IXSPlaceholder(0x101d243c0) Name:App Placeholder: NeonDrift.run.1782493753.82761 (com.DefaultCompany.NeonDrift.run.1782493753.82761) Creator:InstallCoordination Simple SPI UUID:0B5E2711-1224-4573-8536-66907A7FA2DE Location:[system-defined]>
2026-06-27 01:10:09.687 Df installcoordinationd[64557:963326] [com.apple.installcoordination:daemon] -[IXSDataPromiseManager registerPromise:]: Registered promise <IXSPromisedTransferToPath(0x101cf9400) Name:App Asset: com.DefaultCompany.NeonDrift.run.1782493753.82761 Creator:InstallCoordination Simple SPI UUID:7A79A4C0-71DA-4045-B782-C58A554D71F8 Location:[system-defined]> for UUID 7A79A4C0-71DA-4045-B782-C58A554D71F8
2026-06-27 01:10:09.688 Df installcoordinationd[64557:963326] [com.apple.installcoordination:daemon] -[IXSCoordinatorManager coordinatorForIdentity:connection:error:creatingIfNotExisting:]_block_invoke: Registered coordinator: <IXSCoordinatedAppInstall<0x101e0c000> [P=CoreSimulatorBridge (pid 64415)] identifier:[com.DefaultCompany.NeonDrift.run.1782493753.82761/Invalid/[system-defined]] uuid:1E5A6C8F-00FA-4821-9D51-7E39595CC249 intent:IXCoordinatorIntentInitiating creator/appDRI:InstallCoordination Simple SPI importance:Background state:IXAppCoordinationStatePlaceholderPromiseNotSet promise-state:01234>
2026-06-27 01:10:09.688 Df installcoordinationd[64557:963326] [com.apple.appinstallation:TransactionLog] com.DefaultCompany.NeonDrift.run.1782493753.82761/Unknown Persona:4:1:1:1:Created coordinator with intent IXCoordinatorIntentInitiating for client InstallCoordination Simple SPI
2026-06-27 01:10:09.688 Df installcoordinationd[64557:963326] [com.apple.installcoordination:daemon] -[IXSCoordinatedAppInstall setPriorityBoostCompletion:withSourceInfo:]: <IXSCoordinatedAppInstall<0x101e0c000> [P=CoreSimulatorBridge (pid 64415)] identifier:[com.DefaultCompany.NeonDrift.run.1782493753.82761/Invalid/[system-defined]] uuid:1E5A6C8F-00FA-4821-9D51-7E39595CC249 intent:IXCoordinatorIntentInitiating creator/appDRI:InstallCoordination Simple SPI importance:Background state:IXAppCoordinationStatePlaceholderPromiseNotSet promise-state:01234>: Retaining completion from CoreSimulatorBridge (64415), QOS_CLASS_DEFAULT (0x15)
2026-06-27 01:10:09.688 Df installcoordinationd[64557:963326] [com.apple.installcoordination:daemon] -[IXSCoordinatedAppInstall setImportance:]: <IXSCoordinatedAppInstall<0x101e0c000> [P=CoreSimulatorBridge (pid 64415)] identifier:[com.DefaultCompany.NeonDrift.run.1782493753.82761/Invalid/[system-defined]] uuid:1E5A6C8F-00FA-4821-9D51-7E39595CC249 intent:IXCoordinatorIntentInitiating creator/appDRI:InstallCoordination Simple SPI importance:UserWaiting state:IXAppCoordinationStatePlaceholderPromiseNotSet promise-state:01234>: set importance to UserWaiting
2026-06-27 01:10:09.689 Df installcoordinationd[64557:963326] [com.apple.installcoordination:daemon] -[IXSCoordinatedAppInstall _onQueue_fireObserversForClient:]: <IXSCoordinatedAppInstall<0x101e0c000> [P=CoreSimulatorBridge (pid 64415)] identifier:[com.DefaultCompany.NeonDrift.run.1782493753.82761/Invalid/[system-defined]] uuid:1E5A6C8F-00FA-4821-9D51-7E39595CC249 intent:IXCoordinatorIntentInitiating creator/appDRI:InstallCoordination Simple SPI importance:UserWaiting state:IXAppCoordinationStatePlaceholderPromiseNotSet promise-state:01234>: Firing applicable observers for client <IXSClientConnection<0x101c591a0> client:CoreSimulatorBridge (pid 64415) uuid:61BB9016-4250-4F0C-BCD4-FE8E8841383D>
2026-06-27 01:10:09.689 Df installcoordinationd[64557:963326] [com.apple.installcoordination:daemon] -[IXSCoordinatedAppInstall setPriorityBoostCompletion:withSourceInfo:]: <IXSCoordinatedAppInstall<0x101e0c000> [P=CoreSimulatorBridge (pid 64415)] identifier:[com.DefaultCompany.NeonDrift.run.1782493753.82761/Invalid/[system-defined]] uuid:1E5A6C8F-00FA-4821-9D51-7E39595CC249 intent:IXCoordinatorIntentInitiating creator/appDRI:InstallCoordination Simple SPI importance:UserWaiting state:IXAppCoordinationStatePlaceholderPromiseNotSet promise-state:01234>: Disposing of completion from CoreSimulatorBridge (64415), QOS_CLASS_DEFAULT (0x15)
2026-06-27 01:10:09.689 Df installcoordinationd[64557:963326] [com.apple.installcoordination:daemon] -[IXSCoordinatedAppInstall setPriorityBoostCompletion:withSourceInfo:]: <IXSCoordinatedAppInstall<0x101e0c000> [P=CoreSimulatorBridge (pid 64415)] identifier:[com.DefaultCompany.NeonDrift.run.1782493753.82761/Invalid/[system-defined]] uuid:1E5A6C8F-00FA-4821-9D51-7E39595CC249 intent:IXCoordinatorIntentInitiating creator/appDRI:InstallCoordination Simple SPI importance:UserWaiting state:IXAppCoordinationStatePlaceholderPromiseNotSet promise-state:01234>: Retaining completion from CoreSimulatorBridge (64415), QOS_CLASS_DEFAULT (0x15)
2026-06-27 01:10:09.689 Df CoreSimulatorBridge[64415:95182a] [com.apple.installcoordination:framework] -[IXAppInstallCoordinator _clientDelegate_didRegisterForObservation]: <IXInitiatingAppInstallCoordinator<0x105893280> identity:[com.DefaultCompany.NeonDrift.run.1782493753.82761/Invalid/[system-defined]] uuid:1E5A6C8F-00FA-4821-9D51-7E39595CC249 creator:InstallCoordination Simple SPI>: Got observer registration delegate
2026-06-27 01:10:09.689 Df CoreSimulatorBridge[64415:95182a] [com.apple.installcoordination:framework] -[IXAppInstallCoordinator _clientDelegate_shouldResume]: <IXInitiatingAppInstallCoordinator<0x105893280> identity:[com.DefaultCompany.NeonDrift.run.1782493753.82761/Invalid/[system-defined]] uuid:1E5A6C8F-00FA-4821-9D51-7E39595CC249 creator:InstallCoordination Simple SPI>: Got should resume delegate
2026-06-27 01:10:09.689 Df CoreSimulatorBridge[64415:95182a] [com.apple.installcoordination:framework] -[IXAppInstallCoordinator _clientDelegate_didRegisterForObservation]_block_invoke: <IXInitiatingAppInstallCoordinator<0x105893280> identity:[com.DefaultCompany.NeonDrift.run.1782493753.82761/Invalid/[system-defined]] uuid:1E5A6C8F-00FA-4821-9D51-7E39595CC249 creator:InstallCoordination Simple SPI>: Observer <_IXSimpleInstallerDelegate 0x0x105aec060> does not respond to coordinatorDidRegisterForObservation:
2026-06-27 01:10:09.689 Df CoreSimulatorBridge[64415:95182a] [com.apple.installcoordination:framework] -[IXAppInstallCoordinator _clientDelegate_shouldResume]_block_invoke: <IXInitiatingAppInstallCoordinator<0x105893280> identity:[com.DefaultCompany.NeonDrift.run.1782493753.82761/Invalid/[system-defined]] uuid:1E5A6C8F-00FA-4821-9D51-7E39595CC249 creator:InstallCoordination Simple SPI>: Observer <_IXSimpleInstallerDelegate 0x0x105aec060> does not respond to coordinatorShouldResume:
2026-06-27 01:10:09.697 Df installcoordinationd[64557:941925] [com.apple.installcoordination:daemon] -[IXSCoordinatedAppInstall _internal_setInstallOptionsPromise:performExternalActions:]: <IXSCoordinatedAppInstall<0x101e0c000> [P=CoreSimulatorBridge (pid 64415)] identifier:[com.DefaultCompany.NeonDrift.run.1782493753.82761/Invalid/[system-defined]] uuid:1E5A6C8F-00FA-4821-9D51-7E39595CC249 intent:IXCoordinatorIntentInitiating creator/appDRI:InstallCoordination Simple SPI importance:UserWaiting state:IXAppCoordinationStatePlaceholderPromiseNotSet promise-state:012I4> : install options set: <IXSPromisedInMemoryData(0x101cf9a80) Name:MIInstallOptions data Creator:Install Coordination Internal UUID:23A27B27-83EE-414B-9B77-96132E7FAD7A Location:[system-defined]>
2026-06-27 01:10:09.697 Df installcoordinationd[64557:963326] [com.apple.installcoordination:daemon] -[IXSCoordinatedAppInstall promiseDidComplete:]: <IXSCoordinatedAppInstall<0x101e0c000> [P=CoreSimulatorBridge (pid 64415)] identifier:[com.DefaultCompany.NeonDrift.run.1782493753.82761/Invalid/[system-defined]] uuid:1E5A6C8F-00FA-4821-9D51-7E39595CC249 intent:IXCoordinatorIntentInitiating creator/appDRI:InstallCoordination Simple SPI importance:UserWaiting state:IXAppCoordinationStatePlaceholderPromiseNotSet promise-state:012I4> : Promise completed: <IXSPromisedInMemoryData(0x101cf9a80) Name:MIInstallOptions data Creator:Install Coordination Internal UUID:23A27B27-83EE-414B-9B77-96132E7FAD7A Location:[system-defined]>
2026-06-27 01:10:09.697 Df installcoordinationd[64557:963326] [com.apple.appinstallation:TransactionLog] com.DefaultCompany.NeonDrift.run.1782493753.82761/Unknown Persona:4:13:1:1:Install Options Promise began. Coordinator State: IXAppCoordinationStatePlaceholderPromiseNotSet
2026-06-27 01:10:09.697 Df installcoordinationd[64557:963326] [com.apple.appinstallation:TransactionLog] com.DefaultCompany.NeonDrift.run.1782493753.82761/Unknown Persona:4:13:2:1:Install Options Promise completed. Coordinator State: IXAppCoordinationStatePlaceholderPromiseNotSet
2026-06-27 01:10:09.697 Df installcoordinationd[64557:963326] [com.apple.installcoordination:daemon] -[IXSCoordinatedAppInstall _internal_setAppAssetPromise:performExternalActions:]: <IXSCoordinatedAppInstall<0x101e0c000> [P=CoreSimulatorBridge (pid 64415)] identifier:[com.DefaultCompany.NeonDrift.run.1782493753.82761/Invalid/[system-defined]] uuid:1E5A6C8F-00FA-4821-9D51-7E39595CC249 intent:IXCoordinatorIntentInitiating creator/appDRI:InstallCoordination Simple SPI importance:UserWaiting state:IXAppCoordinationStatePlaceholderPromiseNotSet promise-state:0a2I4> : App Asset Promise set: <IXSPromisedTransferToPath(0x101cf9400) Name:App Asset: com.DefaultCompany.NeonDrift.run.1782493753.82761 Creator:InstallCoordination Simple SPI UUID:7A79A4C0-71DA-4045-B782-C58A554D71F8 Location:[system-defined]>
2026-06-27 01:10:09.698 Df installcoordinationd[64557:963326] [com.apple.installcoordination:daemon] -[IXSCoordinatedAppInstall setInitialODRAssetPromises:]: <IXSCoordinatedAppInstall<0x101e0c000> [P=CoreSimulatorBridge (pid 64415)] identifier:[com.DefaultCompany.NeonDrift.run.1782493753.82761/Invalid/[system-defined]] uuid:1E5A6C8F-00FA-4821-9D51-7E39595CC249 intent:IXCoordinatorIntentInitiating creator/appDRI:InstallCoordination Simple SPI importance:UserWaiting state:IXAppCoordinationStatePlaceholderPromiseNotSet promise-state:0a2I4> : Initial ODR Asset Promises set: (
)
2026-06-27 01:10:09.711 Df CoreSimulatorBridge[64415:95180e] [com.apple.installcoordination:framework] -[IXPromisedTransferToPath setComplete:]: <IXPromisedTransferToPath<0x1058933c0> name:"App Asset: com.DefaultCompany.NeonDrift.run.1782493753.82761" uuid:7A79A4C0-71DA-4045-B782-C58A554D71F8 creator:"InstallCoordination Simple SPI" location:[system-defined]> Copy operation from /Users/dragonkao/.openclaw/workspace/382b9e3384298039b171c9b2a60ae644/NeonDrift_MVP/project/xcode_derived_data/Build/Products/Release-iphonesimulator/NeonDrift.run.1782493753.82761.app to /Users/dragonkao/Library/Developer/CoreSimulator/Devices/CC47DE7A-8196-4465-A5A5-BB852C9C6C82/data/Containers/Shared/SystemGroup/systemgroup.com.apple.installcoordinationd/Library/InstallCoordination/PromiseStaging/7A79A4C0-71DA-4045-B782-C58A554D71F8/NeonDrift.run.1782493753.82761.app took 0.012876 seconds
2026-06-27 01:10:09.712 Df installcoordinationd[64557:963326] [com.apple.installcoordination:daemon] -[IXSDataPromise _setPercentComplete:saveStateIfNeeded:]: Progress: <IXSPromisedTransferToPath(0x101cf9400) Name:App Asset: com.DefaultCompany.NeonDrift.run.1782493753.82761 Creator:InstallCoordination Simple SPI UUID:7A79A4C0-71DA-4045-B782-C58A554D71F8 Location:[system-defined]>
2026-06-27 01:10:09.712 Df installcoordinationd[64557:963325] [com.apple.installcoordination:daemon] -[IXSCoordinatedAppInstall promiseDidComplete:]: <IXSCoordinatedAppInstall<0x101e0c000> [P=CoreSimulatorBridge (pid 64415)] identifier:[com.DefaultCompany.NeonDrift.run.1782493753.82761/Invalid/[system-defined]] uuid:1E5A6C8F-00FA-4821-9D51-7E39595CC249 intent:IXCoordinatorIntentInitiating creator/appDRI:InstallCoordination Simple SPI importance:UserWaiting state:IXAppCoordinationStatePlaceholderPromiseNotSet promise-state:0A2I4> : Promise completed: <IXSPromisedTransferToPath(0x101cf9400) Name:App Asset: com.DefaultCompany.NeonDrift.run.1782493753.82761 Creator:InstallCoordination Simple SPI UUID:7A79A4C0-71DA-4045-B782-C58A554D71F8 Location:[system-defined]>
2026-06-27 01:10:09.713 Df installcoordinationd[64557:963326] [com.apple.appinstallation:TransactionLog] com.DefaultCompany.NeonDrift.run.1782493753.82761/Unknown Persona:4:10:1:1:App Asset Promise began. Coordinator State: IXAppCoordinationStatePlaceholderPromiseNotSet
2026-06-27 01:10:09.713 Df installcoordinationd[64557:963326] [com.apple.appinstallation:TransactionLog] com.DefaultCompany.NeonDrift.run.1782493753.82761/Unknown Persona:4:10:2:1:App Asset Promise completed. Coordinator State: IXAppCoordinationStatePlaceholderPromiseNotSet
2026-06-27 01:10:09.713 Df installcoordinationd[64557:963325] [com.apple.installcoordination:daemon] -[IXSCoordinatedAppInstall setPlaceholderPromise:]: <IXSCoordinatedAppInstall<0x101e0c000> [P=CoreSimulatorBridge (pid 64415)] identifier:[com.DefaultCompany.NeonDrift.run.1782493753.82761/Invalid/[system-defined]] uuid:1E5A6C8F-00FA-4821-9D51-7E39595CC249 intent:IXCoordinatorIntentInitiating creator/appDRI:InstallCoordination Simple SPI importance:UserWaiting state:IXAppCoordinationStateReadyForPlaceholderInstall promise-state:PA2I4> : Placeholder Promise set: <IXSPlaceholder(0x101d243c0) Name:App Placeholder: NeonDrift.run.1782493753.82761 (com.DefaultCompany.NeonDrift.run.1782493753.82761) Creator:InstallCoordination Simple SPI UUID:0B5E2711-1224-4573-8536-66907A7FA2DE Location:[system-defined]>
2026-06-27 01:10:09.713 Df CoreSimulatorBridge[64415:95182a] [com.apple.installcoordination:framework] -[IXAppInstallCoordinator _clientDelegate_promiseDidBeginFulfillmentWithIdentifier:]: <IXInitiatingAppInstallCoordinator<0x105893280> identity:[com.DefaultCompany.NeonDrift.run.1782493753.82761/Invalid/[system-defined]] uuid:1E5A6C8F-00FA-4821-9D51-7E39595CC249 creator:InstallCoordination Simple SPI>: Got promise did begin fulfillment for identifier 2
2026-06-27 01:10:09.713 Df CoreSimulatorBridge[64415:95182a] [com.apple.installcoordination:framework] -[IXAppInstallCoordinator _clientDelegate_promiseDidBeginFulfillmentWithIdentifier:]_block_invoke: <IXInitiatingAppInstallCoordinator<0x105893280> identity:[com.DefaultCompany.NeonDrift.run.1782493753.82761/Invalid/[system-defined]] uuid:1E5A6C8F-00FA-4821-9D51-7E39595CC249 creator:InstallCoordination Simple SPI>: Observer <_IXSimpleInstallerDelegate 0x0x105aec060> does not respond to coordinator:configuredPromiseDidBeginFulfillment: (or any deprecated equivalent)
2026-06-27 01:10:09.714 Df CoreSimulatorBridge[64415:95182a] [com.apple.installcoordination:framework] -[IXAppInstallCoordinator _clientDelegate_didUpdateProgress:forPhase:overallProgress:]: <IXInitiatingAppInstallCoordinator<0x105893280> identity:[com.DefaultCompany.NeonDrift.run.1782493753.82761/Invalid/[system-defined]] uuid:1E5A6C8F-00FA-4821-9D51-7E39595CC249 creator:InstallCoordination Simple SPI>: Got did update progress delegate with percentComplete 100.000000 phase IXCoordinatorProgressPhaseLoading overallProgress 60.000000
2026-06-27 01:10:09.714 Df installcoordinationd[64557:941925] [com.apple.installcoordination:daemon] -[IXSCoordinatedAppInstall promiseDidComplete:]: <IXSCoordinatedAppInstall<0x101e0c000> [P=CoreSimulatorBridge (pid 64415)] identifier:[com.DefaultCompany.NeonDrift.run.1782493753.82761/Invalid/[system-defined]] uuid:1E5A6C8F-00FA-4821-9D51-7E39595CC249 intent:IXCoordinatorIntentInitiating creator/appDRI:InstallCoordination Simple SPI importance:UserWaiting state:IXAppCoordinationStateReadyForPlaceholderInstall promise-state:PA2I4> : Promise completed: <IXSPlaceholder(0x101d243c0) Name:App Placeholder: NeonDrift.run.1782493753.82761 (com.DefaultCompany.NeonDrift.run.1782493753.82761) Creator:InstallCoordination Simple SPI UUID:0B5E2711-1224-4573-8536-66907A7FA2DE Location:[system-defined]>
2026-06-27 01:10:09.714 Df CoreSimulatorBridge[64415:95182a] [com.apple.installcoordination:framework] -[IXAppInstallCoordinator _clientDelegate_didUpdateProgress:forPhase:overallProgress:]_block_invoke: <IXInitiatingAppInstallCoordinator<0x105893280> identity:[com.DefaultCompany.NeonDrift.run.1782493753.82761/Invalid/[system-defined]] uuid:1E5A6C8F-00FA-4821-9D51-7E39595CC249 creator:InstallCoordination Simple SPI>: Calling selector coordinator:didUpdateProgress:forPhase:overallProgress: on observer <_IXSimpleInstallerDelegate 0x0x105aec060>
2026-06-27 01:10:09.714 Df installcoordinationd[64557:963325] [com.apple.installcoordination:daemon] -[IXSCoordinatedAppInstall _onQueue_acquireAssertionAndInstallPlaceholder]: Acquiring termination assertion to install placeholder for [com.DefaultCompany.NeonDrift.run.1782493753.82761/Invalid/[system-defined]]
2026-06-27 01:10:09.714 Df installcoordinationd[64557:963325] [com.apple.installcoordination:daemon] -[IXSPendingOperationsTracker beginPendingOperationForIdentity:]_block_invoke: Beginning pending operation for [com.DefaultCompany.NeonDrift.run.1782493753.82761/Invalid/[system-defined]]
2026-06-27 01:10:09.715 Df runningboardd[64388:962def] [com.apple.runningboard:connection] Received termination request from [osservice<com.apple.installcoordinationd>:64557] on <RBSProcessPredicate <RBSProcessBundleIdentifierPredicate "com.DefaultCompany.NeonDrift.run.1782493753.82761">> with context <RBSTerminateContext| explanation:installcoordinationd app:[com.DefaultCompany.NeonDrift.run.1782493753.82761/Invalid/[system-defined]] uuid:1E5A6C8F-00FA-4821-9D51-7E39595CC249 isPlaceholder:Y reportType:None maxTerminationResistance:Absolute attrs:[
	<RBSPreventLaunchLimitation| <RBSProcessPredicate <RBSProcessBundleIdentifierPredicate "com.DefaultCompany.NeonDrift.run.1782493753.82761">> allow:(null)>
	]>
2026-06-27 01:10:09.716 Df runningboardd[64388:962de8] [com.apple.runningboard:general] failed to get LSApplicationRecord for com.DefaultCompany.NeonDrift.run.1782493753.82761 - probably OK
2026-06-27 01:10:09.716 Df runningboardd[64388:962de8] [com.apple.runningboard:connection] skipping plugin hold for uninstalled proxy com.DefaultCompany.NeonDrift.run.1782493753.82761
2026-06-27 01:10:09.716 Df runningboardd[64388:962de8] [com.apple.runningboard:ttl] Acquiring assertion targeting system from originator [osservice<com.apple.installcoordinationd>:64557] with description <RBSAssertionDescriptor| "installcoordinationd app:[com.DefaultCompany.NeonDrift.run.1782493753.82761/Invalid/[system-defined]] uuid:1E5A6C8F-00FA-4821-9D51-7E39595CC249 isPlaceholder:Y" ID:64388-64557-781 target:system attributes:[
	<RBSPreventLaunchLimitation| <RBSProcessPredicate <RBSProcessBundleIdentifierPredicate "com.DefaultCompany.NeonDrift.run.1782493753.82761">> allow:(null)>
	]>
2026-06-27 01:10:09.716 Df runningboardd[64388:962de8] [com.apple.runningboard:process] Executing termination request for: <RBSProcessPredicate <RBSProcessBundleIdentifierPredicate "com.DefaultCompany.NeonDrift.run.1782493753.82761">>
2026-06-27 01:10:09.716 Df SpringBoard[64519:941611] [com.apple.SpringBoard:Common] termination assertion acquired for com.DefaultCompany.NeonDrift.run.1782493753.82761 (app not found)
2026-06-27 01:10:09.716 Df installcoordinationd[64557:941925] [com.apple.appinstallation:TransactionLog] com.DefaultCompany.NeonDrift.run.1782493753.82761/Unknown Persona:4:9:1:1:Placeholder Promise began. Coordinator State: IXAppCoordinationStateWaitingForPlaceholderAssertion
2026-06-27 01:10:09.716 Df installcoordinationd[64557:963329] [com.apple.installcoordination:daemon] -[IXSCoordinatedAppInstall assertionAcquiredCallback]: RBS termination assertion observer called for <IXSCoordinatedAppInstall<0x101e0c000> [P=CoreSimulatorBridge (pid 64415)] identifier:[com.DefaultCompany.NeonDrift.run.1782493753.82761/Invalid/[system-defined]] uuid:1E5A6C8F-00FA-4821-9D51-7E39595CC249 intent:IXCoordinatorIntentInitiating creator/appDRI:InstallCoordination Simple SPI importance:UserWaiting state:IXAppCoordinationStateWaitingForPlaceholderAssertion promise-state:PA2I4>
2026-06-27 01:10:09.716 Df installcoordinationd[64557:941925] [com.apple.installcoordination:daemon] -[IXSCoordinatorProgress setTotalUnitsCompleted:]: Progress for coordinator: [com.DefaultCompany.NeonDrift.run.1782493753.82761/Invalid/[system-defined]], Phase: IXCoordinatorProgressPhaseLoading, Percentage: 100.000000: Attempt to set units completed on finished progress: 100
2026-06-27 01:10:09.716 Df installcoordinationd[64557:941925] [com.apple.appinstallation:TransactionLog] com.DefaultCompany.NeonDrift.run.1782493753.82761/Unknown Persona:4:9:2:1:Placeholder Promise completed. Coordinator State: IXAppCoordinationStateWaitingForPlaceholderAssertion
2026-06-27 01:10:09.716 Df CoreSimulatorBridge[64415:95182a] [com.apple.installcoordination:framework] -[IXAppInstallCoordinator _clientDelegate_promiseDidBeginFulfillmentWithIdentifier:]: <IXInitiatingAppInstallCoordinator<0x105893280> identity:[com.DefaultCompany.NeonDrift.run.1782493753.82761/Invalid/[system-defined]] uuid:1E5A6C8F-00FA-4821-9D51-7E39595CC249 creator:InstallCoordination Simple SPI>: Got promise did begin fulfillment for identifier 1
2026-06-27 01:10:09.716 Df CoreSimulatorBridge[64415:95182a] [com.apple.installcoordination:framework] -[IXAppInstallCoordinator _clientDelegate_promiseDidBeginFulfillmentWithIdentifier:]_block_invoke: <IXInitiatingAppInstallCoordinator<0x105893280> identity:[com.DefaultCompany.NeonDrift.run.1782493753.82761/Invalid/[system-defined]] uuid:1E5A6C8F-00FA-4821-9D51-7E39595CC249 creator:InstallCoordination Simple SPI>: Observer <_IXSimpleInstallerDelegate 0x0x105aec060> does not respond to coordinator:configuredPromiseDidBeginFulfillment: (or any deprecated equivalent)
2026-06-27 01:10:09.717 Df installcoordinationd[64557:941925] [com.apple.installcoordination:daemon] -[IXSCoordinatedAppInstall _onQueue_installPlaceholder]: Acquired termination assertion for placeholder [com.DefaultCompany.NeonDrift.run.1782493753.82761/Invalid/[system-defined]]; proceeding with install.
2026-06-27 01:10:09.717 Df installcoordinationd[64557:941925] [com.apple.installcoordination:daemon] -[IXSPowerAssertion initWithAssertionName:details:]: Acquired power assertion IXPowerAssertion-12-[com.DefaultCompany.NeonDrift.run.1782493753.82761/Invalid/[system-defined]]
2026-06-27 01:10:09.718 Df installd[64567:963336] (MobileSystemServices) 0x16d7cf000 -[MIClientConnection _doInstallationForURL:identity:domain:options:operationType:completion:]: Install of "/Users/dragonkao/Library/Developer/CoreSimulator/Devices/CC47DE7A-8196-4465-A5A5-BB852C9C6C82/data/Containers/Shared/SystemGroup/systemgroup.com.apple.installcoordinationd/Library/InstallCoordination/PromiseStaging/0B5E2711-1224-4573-8536-66907A7FA2DE/NeonDrift.run.1782493753.82761.app" type Placeholder (LSInstallType = 1, Domain: MIInstallationDomainDefault) requested by installcoordinationd (pid 64557 (501/20))
2026-06-27 01:10:09.723 Df installd[64567:963336] [com.apple.containermanager:xpc] Query; euid = 501, uid = 501, class = 1, identifier = [com.DefaultCompany.NeonDrift.run.1782493753.82761](1), flags = 300000002
2026-06-27 01:10:09.727 Df installd[64567:963336] [com.apple.containermanager:xpc] Query; euid = 501, uid = 501, class = 1, identifier = [com.DefaultCompany.NeonDrift.run.1782493753.82761](1), flags = 300000002
2026-06-27 01:10:09.727 Df installd[64567:963336] (MobileSystemServices) 0x16d7cf000 -[MIInstaller _installInstallable:containingSymlink:error:]: Installing <MIInstallableBundle ID=com.DefaultCompany.NeonDrift.run.1782493753.82761; Persona=com.apple.containermanager.primary-persona, Version=0, ShortVersion=1.0>
2026-06-27 01:10:09.727 Df installd[64567:963336] [com.apple.appinstallation:TransactionLog] com.DefaultCompany.NeonDrift.run.1782493753.82761/com.apple.containermanager.primary-persona:7:4:1:1:Start : Install (Placeholder)
2026-06-27 01:10:09.730 Df installd[64567:963336] [com.apple.containermanager:query] Query; euid = 501, uid = 501, class = 4, identifier = [com.DefaultCompany.NeonDrift.run.1782493753.82761](1), flags = 300000002
2026-06-27 01:10:09.730 Df installd[64567:963336] [com.apple.containermanager:query] Query; euid = 501, uid = 501, class = 4, identifier = [com.DefaultCompany.NeonDrift.run.1782493753.82761](1), flags = 300000002
2026-06-27 01:10:09.730 Df installd[64567:963336] [com.apple.containermanager:xpc] Query; euid = 501, uid = 501, class = 1, identifier = [com.DefaultCompany.NeonDrift.run.1782493753.82761](1), flags = 300000003
2026-06-27 01:10:09.731 E  containermanagerd_system[64432:9411f3] [com.apple.containermanager:schema] [com.DefaultCompany.NeonDrift.run.1782493753.82761(1)] Current schema version (1) is newer than the latest (0), ignoring.
2026-06-27 01:10:09.732 Df containermanagerd_system[64432:9411f3] [com.apple.containermanager:schema] [u 13B9F431-D5D7-49E7-89E3-5B400AF38236:p C03659DF-5DD2-409A-BD30-FC1CF2C0A23C:c com.DefaultCompany.NeonDrift.run.1782493753.82761(1):i31728243] Successfully updated schema from (0) → (0), actions count = 0
2026-06-27 01:10:09.733 Df installd[64567:963336] [com.apple.containermanager:xpc] Query; euid = 501, uid = 501, class = 1, identifier = [com.DefaultCompany.NeonDrift.run.1782493753.82761](1), flags = 300000002
2026-06-27 01:10:09.735 Df installd[64567:963336] [com.apple.containermanager:query] Query; euid = 501, uid = 501, class = 2, identifier = [com.DefaultCompany.NeonDrift.run.1782493753.82761](1), flags = 300000003
2026-06-27 01:10:09.737 Df containermanagerd[64444:9412a1] [com.apple.containermanager:schema] [u 4AF633A6-A5CE-427F-A4E0-838947FBB0EF:p 5CFA9899-2C68-483F-9DAE-134205BCDE23:c com.DefaultCompany.NeonDrift.run.1782493753.82761(2):i31728246] Successfully updated schema from (0) → (1), actions count = 6
2026-06-27 01:10:09.739 Df installd[64567:963336] [com.apple.containermanager:query] Query; euid = 501, uid = 501, class = 2, identifier = [com.DefaultCompany.NeonDrift.run.1782493753.82761](1), flags = 300000002
2026-06-27 01:10:09.740 Df installd[64567:963336] (MobileSystemServices) 0x16d7cf000 -[MIInstallationJournalEntry _refreshUUIDForContainer:withError:]: Data container for com.DefaultCompany.NeonDrift.run.1782493753.82761 is now at /Users/dragonkao/Library/Developer/CoreSimulator/Devices/CC47DE7A-8196-4465-A5A5-BB852C9C6C82/data/Containers/Data/Application/06BE366A-2180-4BA2-93D5-804B85DBEA2A
2026-06-27 01:10:09.741 Df containermanagerd[64444:9412a1] [com.apple.containermanager:schema] [u 4AF633A6-A5CE-427F-A4E0-838947FBB0EF:p 06BE366A-2180-4BA2-93D5-804B85DBEA2A:c com.DefaultCompany.NeonDrift.run.1782493753.82761(2):i0] Successfully updated schema from (0) → (1), actions count = 6
2026-06-27 01:10:09.741 Df installd[64567:963336] [com.apple.containermanager:unspecified] Replace; old = <NULL>, new = [temp-app:com.DefaultCompany.NeonDrift.run.1782493753.82761:501::(13B9F431-D5D7-49E7-89E3-5B400AF38236)]
2026-06-27 01:10:09.742 Df installd[64567:963336] [com.apple.containermanager:xpc] Query; euid = 501, uid = 501, class = 1, identifier = [com.DefaultCompany.NeonDrift.run.1782493753.82761](1), flags = 300000002
2026-06-27 01:10:09.743 Df installd[64567:963336] (MobileSystemServices) 0x16d7cf000 -[MIContainer makeContainerLiveReplacingContainer:reason:waitForDeletion:withError:]: Made container live for com.DefaultCompany.NeonDrift.run.1782493753.82761 at /Users/dragonkao/Library/Developer/CoreSimulator/Devices/CC47DE7A-8196-4465-A5A5-BB852C9C6C82/data/Containers/Bundle/Application/999D17E2-3B50-442B-A0DB-76322D97E783
2026-06-27 01:10:09.743 Df containermanagerd[64444:9412a1] [com.apple.containermanager:codesignmapping] Reconciled [com.DefaultCompany.NeonDrift.run.1782493753.82761]; old app groups: (null), new app groups: (null), old system groups: (null), new system groups: (null)
2026-06-27 01:10:09.744 Df installd[64567:963336] [com.apple.containermanager:unspecified] Requesting disk usage; class = 1, identifier = com.DefaultCompany.NeonDrift.run.1782493753.82761
2026-06-27 01:10:09.746 Df installd[64567:963336] [com.apple.containermanager:query] Query; euid = 501, uid = 501, class = 7, identifier = [com.DefaultCompany.NeonDrift.run.1782493753.82761](1), flags = 300000001
2026-06-27 01:10:09.747 Df SpringBoard[64519:941611] [com.apple.SpringBoard:Common] termination assertion released for com.DefaultCompany.NeonDrift.run.1782493753.82761 (app not found)
2026-06-27 01:10:09.752 Df installd[64567:963336] (MobileSystemServices) 0x16d7cf000 -[MILaunchServicesOperationManager _onQueue_addPendingLaunchServicesOperation:error:]: Added pending LS operation <MILaunchServicesRegisterOperation: C5DDE76F-EEEE-4518-90EA-715645849CE5:3 com.DefaultCompany.NeonDrift.run.1782493753.82761/MIInstallationDomainSystemShared personas:[com.apple.containermanager.primary-persona]>
2026-06-27 01:10:09.752 Df lsd[64436:94e31b] [com.apple.launchservices:appinstallation] Post installation registration: request to register com.DefaultCompany.NeonDrift.run.1782493753.82761, operation C5DDE76F-EEEE-4518-90EA-715645849CE5, from pid 64567
2026-06-27 01:10:09.753 Df lsd[64436:94e31b] [com.apple.appinstallation:TransactionLog] com.DefaultCompany.NeonDrift.run.1782493753.82761/Unknown Persona:5:4:1:1:Registering bundles via registrant - start
2026-06-27 01:10:09.755 E  lsd[64436:94e31b] [com.apple.launchservices:default] LSStringLocalizer development region en not found in localizations available for bundle file:///Users/dragonkao/Library/Developer/CoreSimulator/Devices/CC47DE7A-8196-4465-A5A5-BB852C9C6C82/data/Containers/Bundle/Application/999D17E2-3B50-442B-A0DB-76322D97E783/NeonDrift.run.1782493753.82761.app/
2026-06-27 01:10:09.757 Df lsd[64436:94e31b] [com.apple.appinstallation:TransactionLog] com.DefaultCompany.NeonDrift.run.1782493753.82761/Unknown Persona:5:5:1:1:Building bundle record for app
2026-06-27 01:10:09.757 Df lsd[64436:94e31b] [com.apple.launchservices:appinstallation] No bundles to remove for com.DefaultCompany.NeonDrift.run.1782493753.82761
2026-06-27 01:10:09.757 Df lsd[64436:94e31b] [com.apple.launchservices:appinstallation] Placeholder detected - Flagging bundle com.DefaultCompany.NeonDrift.run.1782493753.82761 incomplete
2026-06-27 01:10:09.757 Df lsd[64436:94e31b] [com.apple.appinstallation:TransactionLog] com.DefaultCompany.NeonDrift.run.1782493753.82761/Unknown Persona:5:5:2:1:Built bundle record for app
2026-06-27 01:10:09.758 Df lsd[64436:94e31b] [com.apple.appinstallation:TransactionLog] com.DefaultCompany.NeonDrift.run.1782493753.82761/Unknown Persona:5:4:2:1:Registered bundle status = success
2026-06-27 01:10:09.759 Df lsd[64436:94e31b] [com.apple.appinstallation:TransactionLog] com.DefaultCompany.NeonDrift.run.1782493753.82761/Unknown Persona:5:4:2:1:Finished registering com.DefaultCompany.NeonDrift.run.1782493753.82761, bundle unit 500
2026-06-27 01:10:09.759 Df installd[64567:963336] (MobileSystemServices) 0x16d7cf000 -[MIJournal purgeJournalEntry:withError:]: Removing journal entry <MIInstallationJournalEntry<0x1038e8c80> [com.DefaultCompany.NeonDrift.run.1782493753.82761/com.apple.containermanager.primary-persona/[system-defined]]/MIInstallationDomainSystemShared op:2 phase:JournalPhaseDidRegisterWithLS version:0>
2026-06-27 01:10:09.759 Df lsd[64436:94e31b] [com.apple.launchservices:progress] Sending applicationInstallsDidStart: for (
    "<LSApplicationProxy: 0x105330000> com.DefaultCompany.NeonDrift.run.1782493753.82761 file:///Users/dragonkao/Library/Developer/CoreSimulator/Devices/CC47DE7A-8196-4465-A5A5-BB852C9C6C82/data/Containers/Bundle/Application/999D17E2-3B50-442B-A0DB-76322D97E783/NeonDrift.run.1782493753.82761.app/ <com.DefaultCompany.NeonDrift.run.1782493753.82761 <placeholder >:1>"
)
2026-06-27 01:10:09.760 Df lsd[64436:94e31b] [com.apple.launchservices:progress] Created parent progress <NSProgress: com.DefaultCompany.NeonDrift.run.1782493753.82761 phase=InstallingPlaceholder; state=Waiting; finalPhase=Installing; fractionCompleted=0.000000>
2026-06-27 01:10:09.760 Df installd[64567:963336] [com.apple.appinstallation:TransactionLog] com.DefaultCompany.NeonDrift.run.1782493753.82761/com.apple.containermanager.primary-persona:7:4:2:1:Success (End) : Install (Placeholder)
2026-06-27 01:10:09.760 Df installd[64567:963336] (MobileSystemServices) 0x16d7cf000 -[MIInstaller _logOperationCompletionWithStartTime:distributorID:]: Install successful for (Placeholder:com.DefaultCompany.NeonDrift.run.1782493753.82761) [Distributor: (null)]; Staging: 0.00s; Waiting: 0.00s; Preflight/Patch: 0.00s, Verifying: 0.00s; Overall: 0.04s
2026-06-27 01:10:09.760 Df liveactivitiesd[64441:96334a] [com.apple.launchservices:appinstallation] LaunchServices observer: InstallsStarted (
