Timestamp               Ty Process[PID:TID]
2026-06-26 22:36:26.608 Df CoreSimulatorBridge[56569:8a0eeb] Request received for installation of file:///Users/dragonkao/.openclaw/workspace/382b9e3384298039b171c9b2a60ae644/NeonDrift_MVP/project/xcode_derived_data/Build/Products/Release-iphonesimulator/NeonDrift.run.1782484537.59589.app/ with options: {
    PackageType = Developer;
    SimulatorRootPath = "/Library/Developer/CoreSimulator/Volumes/iOS_23E254a/Library/Developer/CoreSimulator/Profiles/Runtimes/iOS 26.4.simruntime/Contents/Resources/RuntimeRoot";
    SimulatorUserPath = "/Users/dragonkao/Library/Developer/CoreSimulator/Devices/CC47DE7A-8196-4465-A5A5-BB852C9C6C82/data";
}
2026-06-26 22:36:26.608 Df CoreSimulatorBridge[56569:8a0eeb] [com.apple.installcoordination:framework] +[IXAppInstallCoordinator(IXSimpleInstaller) _beginInstallForURL:forPersonaUniqueString:consumeSource:options:progressBlock:completionWithIdentity:]: Beginning install for /Users/dragonkao/.openclaw/workspace/382b9e3384298039b171c9b2a60ae644/NeonDrift_MVP/project/xcode_derived_data/Build/Products/Release-iphonesimulator/NeonDrift.run.1782484537.59589.app consuming source:N options:{
    IsUserInitiated = 1;
    PackageType = Developer;
} installationRequestorAuditToken: NULL
2026-06-26 22:36:26.610 Df installcoordinationd[56719:8a0250] [com.apple.installcoordination:daemon] -[IXSDataPromiseManager registerPromise:]: Registered promise <IXSPlaceholder(0x104124500) Name:App Placeholder: NeonDrift.run.1782484537.59589 (com.DefaultCompany.NeonDrift.run.1782484537.59589) Creator:InstallCoordination Simple SPI UUID:66CB01A5-C6CE-4ACD-AB53-D080274AC9FB Location:[system-defined]> for UUID 66CB01A5-C6CE-4ACD-AB53-D080274AC9FB
2026-06-26 22:36:26.611 Df installcoordinationd[56719:8a0250] [com.apple.installcoordination:daemon] -[IXSPlaceholder setAttributes:]: <IXSPlaceholder(0x104124500) Name:App Placeholder: NeonDrift.run.1782484537.59589 (com.DefaultCompany.NeonDrift.run.1782484537.59589) Creator:InstallCoordination Simple SPI UUID:66CB01A5-C6CE-4ACD-AB53-D080274AC9FB Location:[system-defined]>: setting placeholder attributes to <IXPlaceholderAttributes<0x1040c86e0> : {
    CFBundleShortVersionString = "1.0";
    CFBundleSupportedPlatforms =     (
        iPhoneSimulator
    );
    CFBundleVersion = 0;
    DTPlatformName = iphonesimulator;
    LSRequiresIPhoneOS = 1;
    MinimumOSVersion = "13.0";
    UIDeviceFamily =     (
        1,
        2
    );
    UIRequiredDeviceCapabilities =     {
        arm64 = 1;
        metal = 1;
    };
}>
2026-06-26 22:36:26.612 Df CoreSimulatorBridge[56569:8a6e24] [com.apple.installcoordination:framework] +[IXPlaceholder _setEntitlementsFromBundleExecutableURL:withBundleID:client:onPlaceholder:location:error:]: Executable for com.DefaultCompany.NeonDrift.run.1782484537.59589 at NeonDrift.run.1782484537.59589 -- file:///Users/dragonkao/.openclaw/workspace/382b9e3384298039b171c9b2a60ae644/NeonDrift_MVP/project/xcode_derived_data/Build/Products/Release-iphonesimulator/NeonDrift.run.1782484537.59589.app/ had no entitlements
2026-06-26 22:36:26.612 Df CoreSimulatorBridge[56569:8a6e24] [com.apple.installcoordination:framework] +[IXPlaceholder _placeholderForBundle:client:withParent:installType:metadata:placeholderType:mayBeDeltaPackage:isFromSerializedPlaceholder:location:error:]: Using full fidelity icons for com.DefaultCompany.NeonDrift.run.1782484537.59589 at /Users/dragonkao/.openclaw/workspace/382b9e3384298039b171c9b2a60ae644/NeonDrift_MVP/project/xcode_derived_data/Build/Products/Release-iphonesimulator/NeonDrift.run.1782484537.59589.app
2026-06-26 22:36:26.612 Df installcoordinationd[56719:8a0250] [com.apple.installcoordination:daemon] -[IXSDataPromiseManager registerPromise:]: Registered promise <IXSPromisedTransferToPath(0x1040f8f00) Name:Icon resources for com.DefaultCompany.NeonDrift.run.1782484537.59589 Creator:InstallCoordination Simple SPI UUID:729B1BA1-198B-4855-8075-AC7F05DFE6CF Location:[system-defined]> for UUID 729B1BA1-198B-4855-8075-AC7F05DFE6CF
2026-06-26 22:36:26.615 Df CoreSimulatorBridge[56569:8a6e24] [com.apple.installcoordination:framework] -[IXPromisedTransferToPath setComplete:]: <IXPromisedTransferToPath<0x106090c00> name:"Icon resources for com.DefaultCompany.NeonDrift.run.1782484537.59589" uuid:729B1BA1-198B-4855-8075-AC7F05DFE6CF creator:"InstallCoordination Simple SPI" location:[system-defined]> Move operation from /Users/dragonkao/Library/Developer/CoreSimulator/Devices/CC47DE7A-8196-4465-A5A5-BB852C9C6C82/data/Containers/Shared/SystemGroup/systemgroup.com.apple.installcoordinationd/Library/InstallCoordination/PromiseStaging/729B1BA1-198B-4855-8075-AC7F05DFE6CF/temp.HhIoR9 to /Users/dragonkao/Library/Developer/CoreSimulator/Devices/CC47DE7A-8196-4465-A5A5-BB852C9C6C82/data/Containers/Shared/SystemGroup/systemgroup.com.apple.installcoordinationd/Library/InstallCoordination/PromiseStaging/729B1BA1-198B-4855-8075-AC7F05DFE6CF/temp.HhIoR9 took 0.000051 seconds
2026-06-26 22:36:26.616 Df installcoordinationd[56719:8a02df] [com.apple.installcoordination:daemon] -[IXSDataPromise _setPercentComplete:saveStateIfNeeded:]: Progress: <IXSPromisedTransferToPath(0x1040f8f00) Name:Icon resources for com.DefaultCompany.NeonDrift.run.1782484537.59589 Creator:InstallCoordination Simple SPI UUID:729B1BA1-198B-4855-8075-AC7F05DFE6CF Location:[system-defined]>
2026-06-26 22:36:26.616 Df installcoordinationd[56719:8a0250] [com.apple.installcoordination:daemon] -[IXSDataPromiseManager promiseDidBegin:]: Unowned promise began: <IXSPromisedTransferToPath(0x1040f8f00) Name:Icon resources for com.DefaultCompany.NeonDrift.run.1782484537.59589 Creator:InstallCoordination Simple SPI UUID:729B1BA1-198B-4855-8075-AC7F05DFE6CF Location:[system-defined]>
2026-06-26 22:36:26.616 Df installcoordinationd[56719:8a0250] [com.apple.installcoordination:daemon] -[IXSDataPromiseManager promise:didUpdateProgress:]: Unowned promise update progress to 1.000000 : <IXSPromisedTransferToPath(0x1040f8f00) Name:Icon resources for com.DefaultCompany.NeonDrift.run.1782484537.59589 Creator:InstallCoordination Simple SPI UUID:729B1BA1-198B-4855-8075-AC7F05DFE6CF Location:[system-defined]>
2026-06-26 22:36:26.616 Df installcoordinationd[56719:8a0250] [com.apple.installcoordination:daemon] -[IXSDataPromiseManager promiseDidComplete:]: Unowned promise completed: <IXSPromisedTransferToPath(0x1040f8f00) Name:Icon resources for com.DefaultCompany.NeonDrift.run.1782484537.59589 Creator:InstallCoordination Simple SPI UUID:729B1BA1-198B-4855-8075-AC7F05DFE6CF Location:[system-defined]>
2026-06-26 22:36:26.617 Df installcoordinationd[56719:8a02df] [com.apple.installcoordination:daemon] -[IXSDataPromise _setPercentComplete:saveStateIfNeeded:]: Progress: <IXSPromisedInMemoryDictionary(0x1040f9080) Name:Info.plist icon content for com.DefaultCompany.NeonDrift.run.1782484537.59589 Creator:InstallCoordination Simple SPI UUID:6ED33D3B-C4B7-4168-BB4B-AB7426B08DD4 Location:[system-defined]>
2026-06-26 22:36:26.617 Df installcoordinationd[56719:8a02df] [com.apple.installcoordination:daemon] -[IXSDataPromiseManager registerPromise:]: Registered promise <IXSPromisedInMemoryDictionary(0x1040f9080) Name:Info.plist icon content for com.DefaultCompany.NeonDrift.run.1782484537.59589 Creator:InstallCoordination Simple SPI UUID:6ED33D3B-C4B7-4168-BB4B-AB7426B08DD4 Location:[system-defined]> for UUID 6ED33D3B-C4B7-4168-BB4B-AB7426B08DD4
2026-06-26 22:36:26.618 Df installcoordinationd[56719:8a0250] [com.apple.installcoordination:daemon] -[IXSDataPromiseManager promiseDidBegin:]: Unowned promise began: <IXSPromisedInMemoryDictionary(0x1040f9080) Name:Info.plist icon content for com.DefaultCompany.NeonDrift.run.1782484537.59589 Creator:InstallCoordination Simple SPI UUID:6ED33D3B-C4B7-4168-BB4B-AB7426B08DD4 Location:[system-defined]>
2026-06-26 22:36:26.618 Df installcoordinationd[56719:8a0250] [com.apple.installcoordination:daemon] -[IXSDataPromiseManager promise:didUpdateProgress:]: Unowned promise update progress to 1.000000 : <IXSPromisedInMemoryDictionary(0x1040f9080) Name:Info.plist icon content for com.DefaultCompany.NeonDrift.run.1782484537.59589 Creator:InstallCoordination Simple SPI UUID:6ED33D3B-C4B7-4168-BB4B-AB7426B08DD4 Location:[system-defined]>
2026-06-26 22:36:26.618 Df installcoordinationd[56719:8a0250] [com.apple.installcoordination:daemon] -[IXSDataPromiseManager promiseDidComplete:]: Unowned promise completed: <IXSPromisedInMemoryDictionary(0x1040f9080) Name:Info.plist icon content for com.DefaultCompany.NeonDrift.run.1782484537.59589 Creator:InstallCoordination Simple SPI UUID:6ED33D3B-C4B7-4168-BB4B-AB7426B08DD4 Location:[system-defined]>
2026-06-26 22:36:26.618 Df installcoordinationd[56719:8a02df] [com.apple.installcoordination:daemon] -[IXSPlaceholder setIconResourcesPromise:]: <IXSPlaceholder(0x104124500) Name:App Placeholder: NeonDrift.run.1782484537.59589 (com.DefaultCompany.NeonDrift.run.1782484537.59589) Creator:InstallCoordination Simple SPI UUID:66CB01A5-C6CE-4ACD-AB53-D080274AC9FB Location:[system-defined]>: setting icon resources promise to <IXSPromisedTransferToPath(0x1040f8f00) Name:Icon resources for com.DefaultCompany.NeonDrift.run.1782484537.59589 Creator:InstallCoordination Simple SPI UUID:729B1BA1-198B-4855-8075-AC7F05DFE6CF Location:[system-defined]>
2026-06-26 22:36:26.618 Df installcoordinationd[56719:8a02df] [com.apple.installcoordination:daemon] -[IXSPlaceholder setInfoPlistIconContentPromise:]: <IXSPlaceholder(0x104124500) Name:App Placeholder: NeonDrift.run.1782484537.59589 (com.DefaultCompany.NeonDrift.run.1782484537.59589) Creator:InstallCoordination Simple SPI UUID:66CB01A5-C6CE-4ACD-AB53-D080274AC9FB Location:[system-defined]>: setting Info.plist icon content promise to <IXSPromisedInMemoryDictionary(0x1040f9080) Name:Info.plist icon content for com.DefaultCompany.NeonDrift.run.1782484537.59589 Creator:InstallCoordination Simple SPI UUID:6ED33D3B-C4B7-4168-BB4B-AB7426B08DD4 Location:[system-defined]>
2026-06-26 22:36:26.619 Df installcoordinationd[56719:8a02de] [com.apple.installcoordination:daemon] -[IXSDataPromiseManager promiseDidBegin:]: Unowned promise began: <IXSPlaceholder(0x104124500) Name:App Placeholder: NeonDrift.run.1782484537.59589 (com.DefaultCompany.NeonDrift.run.1782484537.59589) Creator:InstallCoordination Simple SPI UUID:66CB01A5-C6CE-4ACD-AB53-D080274AC9FB Location:[system-defined]>
2026-06-26 22:36:26.619 Df installcoordinationd[56719:8a02de] [com.apple.installcoordination:daemon] -[IXSDataPromiseManager promise:didUpdateProgress:]: Unowned promise update progress to 0.000000 : <IXSPlaceholder(0x104124500) Name:App Placeholder: NeonDrift.run.1782484537.59589 (com.DefaultCompany.NeonDrift.run.1782484537.59589) Creator:InstallCoordination Simple SPI UUID:66CB01A5-C6CE-4ACD-AB53-D080274AC9FB Location:[system-defined]>
2026-06-26 22:36:26.619 Df installcoordinationd[56719:8a02de] [com.apple.installcoordination:daemon] -[IXSDataPromiseManager promise:didUpdateProgress:]: Unowned promise update progress to 0.000000 : <IXSPlaceholder(0x104124500) Name:App Placeholder: NeonDrift.run.1782484537.59589 (com.DefaultCompany.NeonDrift.run.1782484537.59589) Creator:InstallCoordination Simple SPI UUID:66CB01A5-C6CE-4ACD-AB53-D080274AC9FB Location:[system-defined]>
2026-06-26 22:36:26.620 Df installcoordinationd[56719:8a02de] [com.apple.installcoordination:daemon] -[IXSDataPromise _setPercentComplete:saveStateIfNeeded:]: Progress: <IXSPromisedInMemoryDictionary(0x1040f9200) Name:Localizations for com.DefaultCompany.NeonDrift.run.1782484537.59589 Creator:InstallCoordination Simple SPI UUID:EB8D1548-28AB-45AD-A6F8-6DE52E7DCB65 Location:[system-defined]>
2026-06-26 22:36:26.620 Df installcoordinationd[56719:8a02de] [com.apple.installcoordination:daemon] -[IXSDataPromiseManager registerPromise:]: Registered promise <IXSPromisedInMemoryDictionary(0x1040f9200) Name:Localizations for com.DefaultCompany.NeonDrift.run.1782484537.59589 Creator:InstallCoordination Simple SPI UUID:EB8D1548-28AB-45AD-A6F8-6DE52E7DCB65 Location:[system-defined]> for UUID EB8D1548-28AB-45AD-A6F8-6DE52E7DCB65
2026-06-26 22:36:26.620 Df installcoordinationd[56719:8a02df] [com.apple.installcoordination:daemon] -[IXSDataPromiseManager promiseDidBegin:]: Unowned promise began: <IXSPromisedInMemoryDictionary(0x1040f9200) Name:Localizations for com.DefaultCompany.NeonDrift.run.1782484537.59589 Creator:InstallCoordination Simple SPI UUID:EB8D1548-28AB-45AD-A6F8-6DE52E7DCB65 Location:[system-defined]>
2026-06-26 22:36:26.620 Df installcoordinationd[56719:8a02df] [com.apple.installcoordination:daemon] -[IXSDataPromiseManager promise:didUpdateProgress:]: Unowned promise update progress to 1.000000 : <IXSPromisedInMemoryDictionary(0x1040f9200) Name:Localizations for com.DefaultCompany.NeonDrift.run.1782484537.59589 Creator:InstallCoordination Simple SPI UUID:EB8D1548-28AB-45AD-A6F8-6DE52E7DCB65 Location:[system-defined]>
2026-06-26 22:36:26.620 Df installcoordinationd[56719:8a02df] [com.apple.installcoordination:daemon] -[IXSDataPromiseManager promiseDidComplete:]: Unowned promise completed: <IXSPromisedInMemoryDictionary(0x1040f9200) Name:Localizations for com.DefaultCompany.NeonDrift.run.1782484537.59589 Creator:InstallCoordination Simple SPI UUID:EB8D1548-28AB-45AD-A6F8-6DE52E7DCB65 Location:[system-defined]>
2026-06-26 22:36:26.621 Df installcoordinationd[56719:8a02de] [com.apple.installcoordination:daemon] -[IXSPlaceholder setLocalizationDictionaryPromise:]: <IXSPlaceholder(0x104124500) Name:App Placeholder: NeonDrift.run.1782484537.59589 (com.DefaultCompany.NeonDrift.run.1782484537.59589) Creator:InstallCoordination Simple SPI UUID:66CB01A5-C6CE-4ACD-AB53-D080274AC9FB Location:[system-defined]>: setting localization dict promise to <IXSPromisedInMemoryDictionary(0x1040f9200) Name:Localizations for com.DefaultCompany.NeonDrift.run.1782484537.59589 Creator:InstallCoordination Simple SPI UUID:EB8D1548-28AB-45AD-A6F8-6DE52E7DCB65 Location:[system-defined]>
2026-06-26 22:36:26.622 Df installcoordinationd[56719:8a02de] [com.apple.installcoordination:daemon] -[IXSDataPromiseManager promise:didUpdateProgress:]: Unowned promise update progress to 0.000000 : <IXSPlaceholder(0x104124500) Name:App Placeholder: NeonDrift.run.1782484537.59589 (com.DefaultCompany.NeonDrift.run.1782484537.59589) Creator:InstallCoordination Simple SPI UUID:66CB01A5-C6CE-4ACD-AB53-D080274AC9FB Location:[system-defined]>
2026-06-26 22:36:26.622 Df installcoordinationd[56719:8a0250] [com.apple.installcoordination:daemon] -[IXSPlaceholder setConfigurationComplete:]: <IXSPlaceholder(0x104124500) Name:App Placeholder: NeonDrift.run.1782484537.59589 (com.DefaultCompany.NeonDrift.run.1782484537.59589) Creator:InstallCoordination Simple SPI UUID:66CB01A5-C6CE-4ACD-AB53-D080274AC9FB Location:[system-defined]>: setting configuration complete to Y
2026-06-26 22:36:26.622 Df installcoordinationd[56719:8a0250] [com.apple.installcoordination:daemon] -[IXSPlaceholder _materialize]: <IXSPlaceholder(0x104124500) Name:App Placeholder: NeonDrift.run.1782484537.59589 (com.DefaultCompany.NeonDrift.run.1782484537.59589) Creator:InstallCoordination Simple SPI UUID:66CB01A5-C6CE-4ACD-AB53-D080274AC9FB Location:[system-defined]>: Materializing placeholder at /Users/dragonkao/Library/Developer/CoreSimulator/Devices/CC47DE7A-8196-4465-A5A5-BB852C9C6C82/data/Containers/Shared/SystemGroup/systemgroup.com.apple.installcoordinationd/Library/InstallCoordination/PromiseStaging/66CB01A5-C6CE-4ACD-AB53-D080274AC9FB/NeonDrift.run.1782484537.59589.app
2026-06-26 22:36:26.622 Df installcoordinationd[56719:8a0250] [com.apple.installcoordination:daemon] -[IXSPlaceholder _materialize]: <IXSPlaceholder(0x104124500) Name:App Placeholder: NeonDrift.run.1782484537.59589 (com.DefaultCompany.NeonDrift.run.1782484537.59589) Creator:InstallCoordination Simple SPI UUID:66CB01A5-C6CE-4ACD-AB53-D080274AC9FB Location:[system-defined]>: Using Info.plist icon content: {
    CFBundleIcons =     {
        CFBundlePrimaryIcon =         {
            CFBundleIconName = AppIcon;
        };
    };
    "CFBundleIcons~ipad" =     {
        CFBundlePrimaryIcon =         {
            CFBundleIconName = AppIcon;
        };
    };
    ISIconPlatform = iPhoneOS;
}
2026-06-26 22:36:26.623 Df installcoordinationd[56719:8a0250] [com.apple.installcoordination:daemon] -[IXSPlaceholder _materialize]_block_invoke: <IXSPlaceholder(0x104124500) Name:App Placeholder: NeonDrift.run.1782484537.59589 (com.DefaultCompany.NeonDrift.run.1782484537.59589) Creator:InstallCoordination Simple SPI UUID:66CB01A5-C6CE-4ACD-AB53-D080274AC9FB Location:[system-defined]>: Using icon resource Assets.car
2026-06-26 22:36:26.623 Df installcoordinationd[56719:8a0250] [com.apple.installcoordination:daemon] -[IXSPlaceholder _materialize]: <IXSPlaceholder(0x104124500) Name:App Placeholder: NeonDrift.run.1782484537.59589 (com.DefaultCompany.NeonDrift.run.1782484537.59589) Creator:InstallCoordination Simple SPI UUID:66CB01A5-C6CE-4ACD-AB53-D080274AC9FB Location:[system-defined]>: Including lproj localizations for (
)
2026-06-26 22:36:26.623 Df installcoordinationd[56719:8a02de] [com.apple.installcoordination:daemon] -[IXSDataPromiseManager promiseDidComplete:]: Unowned promise completed: <IXSPlaceholder(0x104124500) Name:App Placeholder: NeonDrift.run.1782484537.59589 (com.DefaultCompany.NeonDrift.run.1782484537.59589) Creator:InstallCoordination Simple SPI UUID:66CB01A5-C6CE-4ACD-AB53-D080274AC9FB Location:[system-defined]>
2026-06-26 22:36:26.624 Df installcoordinationd[56719:8a0250] [com.apple.installcoordination:daemon] -[IXSDataPromiseManager registerPromise:]: Registered promise <IXSPromisedTransferToPath(0x1040f9380) Name:App Asset: com.DefaultCompany.NeonDrift.run.1782484537.59589 Creator:InstallCoordination Simple SPI UUID:5C4AC2DF-828C-46BF-877E-91E045E1E8AD Location:[system-defined]> for UUID 5C4AC2DF-828C-46BF-877E-91E045E1E8AD
2026-06-26 22:36:26.625 Df installcoordinationd[56719:8a0250] [com.apple.installcoordination:daemon] -[IXSCoordinatorManager coordinatorForIdentity:connection:error:creatingIfNotExisting:]_block_invoke: Registered coordinator: <IXSCoordinatedAppInstall<0x104200000> [P=CoreSimulatorBridge (pid 56569)] identifier:[com.DefaultCompany.NeonDrift.run.1782484537.59589/Invalid/[system-defined]] uuid:C65B60D1-1B15-4700-B8B3-875190186FD9 intent:IXCoordinatorIntentInitiating creator/appDRI:InstallCoordination Simple SPI importance:Background state:IXAppCoordinationStatePlaceholderPromiseNotSet promise-state:01234>
2026-06-26 22:36:26.625 Df installcoordinationd[56719:8a0250] [com.apple.appinstallation:TransactionLog] com.DefaultCompany.NeonDrift.run.1782484537.59589/Unknown Persona:4:1:1:1:Created coordinator with intent IXCoordinatorIntentInitiating for client InstallCoordination Simple SPI
2026-06-26 22:36:26.625 Df installcoordinationd[56719:8a0250] [com.apple.installcoordination:daemon] -[IXSCoordinatedAppInstall setPriorityBoostCompletion:withSourceInfo:]: <IXSCoordinatedAppInstall<0x104200000> [P=CoreSimulatorBridge (pid 56569)] identifier:[com.DefaultCompany.NeonDrift.run.1782484537.59589/Invalid/[system-defined]] uuid:C65B60D1-1B15-4700-B8B3-875190186FD9 intent:IXCoordinatorIntentInitiating creator/appDRI:InstallCoordination Simple SPI importance:Background state:IXAppCoordinationStatePlaceholderPromiseNotSet promise-state:01234>: Retaining completion from CoreSimulatorBridge (56569), QOS_CLASS_DEFAULT (0x15)
2026-06-26 22:36:26.625 Df installcoordinationd[56719:8a0250] [com.apple.installcoordination:daemon] -[IXSCoordinatedAppInstall setImportance:]: <IXSCoordinatedAppInstall<0x104200000> [P=CoreSimulatorBridge (pid 56569)] identifier:[com.DefaultCompany.NeonDrift.run.1782484537.59589/Invalid/[system-defined]] uuid:C65B60D1-1B15-4700-B8B3-875190186FD9 intent:IXCoordinatorIntentInitiating creator/appDRI:InstallCoordination Simple SPI importance:UserWaiting state:IXAppCoordinationStatePlaceholderPromiseNotSet promise-state:01234>: set importance to UserWaiting
2026-06-26 22:36:26.625 Df installcoordinationd[56719:8a0250] [com.apple.installcoordination:daemon] -[IXSCoordinatedAppInstall _onQueue_fireObserversForClient:]: <IXSCoordinatedAppInstall<0x104200000> [P=CoreSimulatorBridge (pid 56569)] identifier:[com.DefaultCompany.NeonDrift.run.1782484537.59589/Invalid/[system-defined]] uuid:C65B60D1-1B15-4700-B8B3-875190186FD9 intent:IXCoordinatorIntentInitiating creator/appDRI:InstallCoordination Simple SPI importance:UserWaiting state:IXAppCoordinationStatePlaceholderPromiseNotSet promise-state:01234>: Firing applicable observers for client <IXSClientConnection<0x1040594a0> client:CoreSimulatorBridge (pid 56569) uuid:420F7F51-5E08-4DB1-BE75-28CD159B3D64>
2026-06-26 22:36:26.625 Df installcoordinationd[56719:8a0250] [com.apple.installcoordination:daemon] -[IXSCoordinatedAppInstall setPriorityBoostCompletion:withSourceInfo:]: <IXSCoordinatedAppInstall<0x104200000> [P=CoreSimulatorBridge (pid 56569)] identifier:[com.DefaultCompany.NeonDrift.run.1782484537.59589/Invalid/[system-defined]] uuid:C65B60D1-1B15-4700-B8B3-875190186FD9 intent:IXCoordinatorIntentInitiating creator/appDRI:InstallCoordination Simple SPI importance:UserWaiting state:IXAppCoordinationStatePlaceholderPromiseNotSet promise-state:01234>: Disposing of completion from CoreSimulatorBridge (56569), QOS_CLASS_DEFAULT (0x15)
2026-06-26 22:36:26.626 Df installcoordinationd[56719:8a0250] [com.apple.installcoordination:daemon] -[IXSCoordinatedAppInstall setPriorityBoostCompletion:withSourceInfo:]: <IXSCoordinatedAppInstall<0x104200000> [P=CoreSimulatorBridge (pid 56569)] identifier:[com.DefaultCompany.NeonDrift.run.1782484537.59589/Invalid/[system-defined]] uuid:C65B60D1-1B15-4700-B8B3-875190186FD9 intent:IXCoordinatorIntentInitiating creator/appDRI:InstallCoordination Simple SPI importance:UserWaiting state:IXAppCoordinationStatePlaceholderPromiseNotSet promise-state:01234>: Retaining completion from CoreSimulatorBridge (56569), QOS_CLASS_DEFAULT (0x15)
2026-06-26 22:36:26.626 Df CoreSimulatorBridge[56569:8a6e26] [com.apple.installcoordination:framework] -[IXAppInstallCoordinator _clientDelegate_didRegisterForObservation]: <IXInitiatingAppInstallCoordinator<0x106091b00> identity:[com.DefaultCompany.NeonDrift.run.1782484537.59589/Invalid/[system-defined]] uuid:C65B60D1-1B15-4700-B8B3-875190186FD9 creator:InstallCoordination Simple SPI>: Got observer registration delegate
2026-06-26 22:36:26.626 Df CoreSimulatorBridge[56569:8a6e26] [com.apple.installcoordination:framework] -[IXAppInstallCoordinator _clientDelegate_shouldResume]: <IXInitiatingAppInstallCoordinator<0x106091b00> identity:[com.DefaultCompany.NeonDrift.run.1782484537.59589/Invalid/[system-defined]] uuid:C65B60D1-1B15-4700-B8B3-875190186FD9 creator:InstallCoordination Simple SPI>: Got should resume delegate
2026-06-26 22:36:26.626 Df CoreSimulatorBridge[56569:8a6e26] [com.apple.installcoordination:framework] -[IXAppInstallCoordinator _clientDelegate_didRegisterForObservation]_block_invoke: <IXInitiatingAppInstallCoordinator<0x106091b00> identity:[com.DefaultCompany.NeonDrift.run.1782484537.59589/Invalid/[system-defined]] uuid:C65B60D1-1B15-4700-B8B3-875190186FD9 creator:InstallCoordination Simple SPI>: Observer <_IXSimpleInstallerDelegate 0x0x10605ba20> does not respond to coordinatorDidRegisterForObservation:
2026-06-26 22:36:26.626 Df CoreSimulatorBridge[56569:8a6e26] [com.apple.installcoordination:framework] -[IXAppInstallCoordinator _clientDelegate_shouldResume]_block_invoke: <IXInitiatingAppInstallCoordinator<0x106091b00> identity:[com.DefaultCompany.NeonDrift.run.1782484537.59589/Invalid/[system-defined]] uuid:C65B60D1-1B15-4700-B8B3-875190186FD9 creator:InstallCoordination Simple SPI>: Observer <_IXSimpleInstallerDelegate 0x0x10605ba20> does not respond to coordinatorShouldResume:
2026-06-26 22:36:26.627 Df installcoordinationd[56719:8a0250] [com.apple.installcoordination:daemon] -[IXSCoordinatedAppInstall _internal_setInstallOptionsPromise:performExternalActions:]: <IXSCoordinatedAppInstall<0x104200000> [P=CoreSimulatorBridge (pid 56569)] identifier:[com.DefaultCompany.NeonDrift.run.1782484537.59589/Invalid/[system-defined]] uuid:C65B60D1-1B15-4700-B8B3-875190186FD9 intent:IXCoordinatorIntentInitiating creator/appDRI:InstallCoordination Simple SPI importance:UserWaiting state:IXAppCoordinationStatePlaceholderPromiseNotSet promise-state:012I4> : install options set: <IXSPromisedInMemoryData(0x1040f9600) Name:MIInstallOptions data Creator:Install Coordination Internal UUID:7F105F85-7B93-4E04-9CC6-85CEA9C78652 Location:[system-defined]>
2026-06-26 22:36:26.627 Df installcoordinationd[56719:8a0250] [com.apple.installcoordination:daemon] -[IXSCoordinatedAppInstall promiseDidComplete:]: <IXSCoordinatedAppInstall<0x104200000> [P=CoreSimulatorBridge (pid 56569)] identifier:[com.DefaultCompany.NeonDrift.run.1782484537.59589/Invalid/[system-defined]] uuid:C65B60D1-1B15-4700-B8B3-875190186FD9 intent:IXCoordinatorIntentInitiating creator/appDRI:InstallCoordination Simple SPI importance:UserWaiting state:IXAppCoordinationStatePlaceholderPromiseNotSet promise-state:012I4> : Promise completed: <IXSPromisedInMemoryData(0x1040f9600) Name:MIInstallOptions data Creator:Install Coordination Internal UUID:7F105F85-7B93-4E04-9CC6-85CEA9C78652 Location:[system-defined]>
2026-06-26 22:36:26.627 Df installcoordinationd[56719:8a0250] [com.apple.appinstallation:TransactionLog] com.DefaultCompany.NeonDrift.run.1782484537.59589/Unknown Persona:4:13:1:1:Install Options Promise began. Coordinator State: IXAppCoordinationStatePlaceholderPromiseNotSet
2026-06-26 22:36:26.627 Df installcoordinationd[56719:8a0250] [com.apple.appinstallation:TransactionLog] com.DefaultCompany.NeonDrift.run.1782484537.59589/Unknown Persona:4:13:2:1:Install Options Promise completed. Coordinator State: IXAppCoordinationStatePlaceholderPromiseNotSet
2026-06-26 22:36:26.628 Df installcoordinationd[56719:8a02df] [com.apple.installcoordination:daemon] -[IXSCoordinatedAppInstall _internal_setAppAssetPromise:performExternalActions:]: <IXSCoordinatedAppInstall<0x104200000> [P=CoreSimulatorBridge (pid 56569)] identifier:[com.DefaultCompany.NeonDrift.run.1782484537.59589/Invalid/[system-defined]] uuid:C65B60D1-1B15-4700-B8B3-875190186FD9 intent:IXCoordinatorIntentInitiating creator/appDRI:InstallCoordination Simple SPI importance:UserWaiting state:IXAppCoordinationStatePlaceholderPromiseNotSet promise-state:0a2I4> : App Asset Promise set: <IXSPromisedTransferToPath(0x1040f9380) Name:App Asset: com.DefaultCompany.NeonDrift.run.1782484537.59589 Creator:InstallCoordination Simple SPI UUID:5C4AC2DF-828C-46BF-877E-91E045E1E8AD Location:[system-defined]>
2026-06-26 22:36:26.628 Df installcoordinationd[56719:8a02de] [com.apple.installcoordination:daemon] -[IXSCoordinatedAppInstall setInitialODRAssetPromises:]: <IXSCoordinatedAppInstall<0x104200000> [P=CoreSimulatorBridge (pid 56569)] identifier:[com.DefaultCompany.NeonDrift.run.1782484537.59589/Invalid/[system-defined]] uuid:C65B60D1-1B15-4700-B8B3-875190186FD9 intent:IXCoordinatorIntentInitiating creator/appDRI:InstallCoordination Simple SPI importance:UserWaiting state:IXAppCoordinationStatePlaceholderPromiseNotSet promise-state:0a2I4> : Initial ODR Asset Promises set: (
)
2026-06-26 22:36:26.640 Df CoreSimulatorBridge[56569:8a6e24] [com.apple.installcoordination:framework] -[IXPromisedTransferToPath setComplete:]: <IXPromisedTransferToPath<0x1060918c0> name:"App Asset: com.DefaultCompany.NeonDrift.run.1782484537.59589" uuid:5C4AC2DF-828C-46BF-877E-91E045E1E8AD creator:"InstallCoordination Simple SPI" location:[system-defined]> Copy operation from /Users/dragonkao/.openclaw/workspace/382b9e3384298039b171c9b2a60ae644/NeonDrift_MVP/project/xcode_derived_data/Build/Products/Release-iphonesimulator/NeonDrift.run.1782484537.59589.app to /Users/dragonkao/Library/Developer/CoreSimulator/Devices/CC47DE7A-8196-4465-A5A5-BB852C9C6C82/data/Containers/Shared/SystemGroup/systemgroup.com.apple.installcoordinationd/Library/InstallCoordination/PromiseStaging/5C4AC2DF-828C-46BF-877E-91E045E1E8AD/NeonDrift.run.1782484537.59589.app took 0.011517 seconds
2026-06-26 22:36:26.641 Df installcoordinationd[56719:8a02de] [com.apple.installcoordination:daemon] -[IXSDataPromise _setPercentComplete:saveStateIfNeeded:]: Progress: <IXSPromisedTransferToPath(0x1040f9380) Name:App Asset: com.DefaultCompany.NeonDrift.run.1782484537.59589 Creator:InstallCoordination Simple SPI UUID:5C4AC2DF-828C-46BF-877E-91E045E1E8AD Location:[system-defined]>
2026-06-26 22:36:26.641 Df installcoordinationd[56719:8a0250] [com.apple.appinstallation:TransactionLog] com.DefaultCompany.NeonDrift.run.1782484537.59589/Unknown Persona:4:10:1:1:App Asset Promise began. Coordinator State: IXAppCoordinationStatePlaceholderPromiseNotSet
2026-06-26 22:36:26.641 Df CoreSimulatorBridge[56569:8a6e25] [com.apple.installcoordination:framework] -[IXAppInstallCoordinator _clientDelegate_promiseDidBeginFulfillmentWithIdentifier:]: <IXInitiatingAppInstallCoordinator<0x106091b00> identity:[com.DefaultCompany.NeonDrift.run.1782484537.59589/Invalid/[system-defined]] uuid:C65B60D1-1B15-4700-B8B3-875190186FD9 creator:InstallCoordination Simple SPI>: Got promise did begin fulfillment for identifier 2
2026-06-26 22:36:26.641 Df CoreSimulatorBridge[56569:8a6e25] [com.apple.installcoordination:framework] -[IXAppInstallCoordinator _clientDelegate_promiseDidBeginFulfillmentWithIdentifier:]_block_invoke: <IXInitiatingAppInstallCoordinator<0x106091b00> identity:[com.DefaultCompany.NeonDrift.run.1782484537.59589/Invalid/[system-defined]] uuid:C65B60D1-1B15-4700-B8B3-875190186FD9 creator:InstallCoordination Simple SPI>: Observer <_IXSimpleInstallerDelegate 0x0x10605ba20> does not respond to coordinator:configuredPromiseDidBeginFulfillment: (or any deprecated equivalent)
2026-06-26 22:36:26.641 Df installcoordinationd[56719:8a02de] [com.apple.installcoordination:daemon] -[IXSCoordinatedAppInstall promiseDidComplete:]: <IXSCoordinatedAppInstall<0x104200000> [P=CoreSimulatorBridge (pid 56569)] identifier:[com.DefaultCompany.NeonDrift.run.1782484537.59589/Invalid/[system-defined]] uuid:C65B60D1-1B15-4700-B8B3-875190186FD9 intent:IXCoordinatorIntentInitiating creator/appDRI:InstallCoordination Simple SPI importance:UserWaiting state:IXAppCoordinationStatePlaceholderPromiseNotSet promise-state:0A2I4> : Promise completed: <IXSPromisedTransferToPath(0x1040f9380) Name:App Asset: com.DefaultCompany.NeonDrift.run.1782484537.59589 Creator:InstallCoordination Simple SPI UUID:5C4AC2DF-828C-46BF-877E-91E045E1E8AD Location:[system-defined]>
2026-06-26 22:36:26.641 Df CoreSimulatorBridge[56569:8a6e26] [com.apple.installcoordination:framework] -[IXAppInstallCoordinator _clientDelegate_didUpdateProgress:forPhase:overallProgress:]: <IXInitiatingAppInstallCoordinator<0x106091b00> identity:[com.DefaultCompany.NeonDrift.run.1782484537.59589/Invalid/[system-defined]] uuid:C65B60D1-1B15-4700-B8B3-875190186FD9 creator:InstallCoordination Simple SPI>: Got did update progress delegate with percentComplete 100.000000 phase IXCoordinatorProgressPhaseLoading overallProgress 60.000000
2026-06-26 22:36:26.641 Df installcoordinationd[56719:8a02de] [com.apple.appinstallation:TransactionLog] com.DefaultCompany.NeonDrift.run.1782484537.59589/Unknown Persona:4:10:2:1:App Asset Promise completed. Coordinator State: IXAppCoordinationStatePlaceholderPromiseNotSet
2026-06-26 22:36:26.641 Df CoreSimulatorBridge[56569:8a6e26] [com.apple.installcoordination:framework] -[IXAppInstallCoordinator _clientDelegate_didUpdateProgress:forPhase:overallProgress:]_block_invoke: <IXInitiatingAppInstallCoordinator<0x106091b00> identity:[com.DefaultCompany.NeonDrift.run.1782484537.59589/Invalid/[system-defined]] uuid:C65B60D1-1B15-4700-B8B3-875190186FD9 creator:InstallCoordination Simple SPI>: Calling selector coordinator:didUpdateProgress:forPhase:overallProgress: on observer <_IXSimpleInstallerDelegate 0x0x10605ba20>
2026-06-26 22:36:26.641 Df installcoordinationd[56719:8a0250] [com.apple.installcoordination:daemon] -[IXSCoordinatedAppInstall setPlaceholderPromise:]: <IXSCoordinatedAppInstall<0x104200000> [P=CoreSimulatorBridge (pid 56569)] identifier:[com.DefaultCompany.NeonDrift.run.1782484537.59589/Invalid/[system-defined]] uuid:C65B60D1-1B15-4700-B8B3-875190186FD9 intent:IXCoordinatorIntentInitiating creator/appDRI:InstallCoordination Simple SPI importance:UserWaiting state:IXAppCoordinationStateReadyForPlaceholderInstall promise-state:PA2I4> : Placeholder Promise set: <IXSPlaceholder(0x104124500) Name:App Placeholder: NeonDrift.run.1782484537.59589 (com.DefaultCompany.NeonDrift.run.1782484537.59589) Creator:InstallCoordination Simple SPI UUID:66CB01A5-C6CE-4ACD-AB53-D080274AC9FB Location:[system-defined]>
2026-06-26 22:36:26.641 Df installcoordinationd[56719:8a02df] [com.apple.installcoordination:daemon] -[IXSCoordinatedAppInstall promiseDidComplete:]: <IXSCoordinatedAppInstall<0x104200000> [P=CoreSimulatorBridge (pid 56569)] identifier:[com.DefaultCompany.NeonDrift.run.1782484537.59589/Invalid/[system-defined]] uuid:C65B60D1-1B15-4700-B8B3-875190186FD9 intent:IXCoordinatorIntentInitiating creator/appDRI:InstallCoordination Simple SPI importance:UserWaiting state:IXAppCoordinationStateReadyForPlaceholderInstall promise-state:PA2I4> : Promise completed: <IXSPlaceholder(0x104124500) Name:App Placeholder: NeonDrift.run.1782484537.59589 (com.DefaultCompany.NeonDrift.run.1782484537.59589) Creator:InstallCoordination Simple SPI UUID:66CB01A5-C6CE-4ACD-AB53-D080274AC9FB Location:[system-defined]>
2026-06-26 22:36:26.642 Df installcoordinationd[56719:8a0250] [com.apple.installcoordination:daemon] -[IXSCoordinatedAppInstall _onQueue_acquireAssertionAndInstallPlaceholder]: Acquiring termination assertion to install placeholder for [com.DefaultCompany.NeonDrift.run.1782484537.59589/Invalid/[system-defined]]
2026-06-26 22:36:26.642 Df installcoordinationd[56719:8a0250] [com.apple.installcoordination:daemon] -[IXSPendingOperationsTracker beginPendingOperationForIdentity:]_block_invoke: Beginning pending operation for [com.DefaultCompany.NeonDrift.run.1782484537.59589/Invalid/[system-defined]]
2026-06-26 22:36:26.643 Df runningboardd[56541:8a6e29] [com.apple.runningboard:connection] Received termination request from [osservice<com.apple.installcoordinationd>:56719] on <RBSProcessPredicate <RBSProcessBundleIdentifierPredicate "com.DefaultCompany.NeonDrift.run.1782484537.59589">> with context <RBSTerminateContext| explanation:installcoordinationd app:[com.DefaultCompany.NeonDrift.run.1782484537.59589/Invalid/[system-defined]] uuid:C65B60D1-1B15-4700-B8B3-875190186FD9 isPlaceholder:Y reportType:None maxTerminationResistance:Absolute attrs:[
	<RBSPreventLaunchLimitation| <RBSProcessPredicate <RBSProcessBundleIdentifierPredicate "com.DefaultCompany.NeonDrift.run.1782484537.59589">> allow:(null)>
	]>
2026-06-26 22:36:26.643 Df runningboardd[56541:8a6e29] [com.apple.runningboard:general] failed to get LSApplicationRecord for com.DefaultCompany.NeonDrift.run.1782484537.59589 - probably OK
2026-06-26 22:36:26.643 Df runningboardd[56541:8a6e29] [com.apple.runningboard:connection] skipping plugin hold for uninstalled proxy com.DefaultCompany.NeonDrift.run.1782484537.59589
2026-06-26 22:36:26.643 Df runningboardd[56541:8a6e29] [com.apple.runningboard:ttl] Acquiring assertion targeting system from originator [osservice<com.apple.installcoordinationd>:56719] with description <RBSAssertionDescriptor| "installcoordinationd app:[com.DefaultCompany.NeonDrift.run.1782484537.59589/Invalid/[system-defined]] uuid:C65B60D1-1B15-4700-B8B3-875190186FD9 isPlaceholder:Y" ID:56541-56719-950 target:system attributes:[
	<RBSPreventLaunchLimitation| <RBSProcessPredicate <RBSProcessBundleIdentifierPredicate "com.DefaultCompany.NeonDrift.run.1782484537.59589">> allow:(null)>
	]>
2026-06-26 22:36:26.643 Df runningboardd[56541:8a6e29] [com.apple.runningboard:process] Executing termination request for: <RBSProcessPredicate <RBSProcessBundleIdentifierPredicate "com.DefaultCompany.NeonDrift.run.1782484537.59589">>
2026-06-26 22:36:26.643 Df installcoordinationd[56719:8a0250] [com.apple.installcoordination:daemon] -[IXSCoordinatedAppInstall assertionAcquiredCallback]: RBS termination assertion observer called for <IXSCoordinatedAppInstall<0x104200000> [P=CoreSimulatorBridge (pid 56569)] identifier:[com.DefaultCompany.NeonDrift.run.1782484537.59589/Invalid/[system-defined]] uuid:C65B60D1-1B15-4700-B8B3-875190186FD9 intent:IXCoordinatorIntentInitiating creator/appDRI:InstallCoordination Simple SPI importance:UserWaiting state:IXAppCoordinationStateWaitingForPlaceholderAssertion promise-state:PA2I4>
2026-06-26 22:36:26.643 Df installcoordinationd[56719:8a02df] [com.apple.appinstallation:TransactionLog] com.DefaultCompany.NeonDrift.run.1782484537.59589/Unknown Persona:4:9:1:1:Placeholder Promise began. Coordinator State: IXAppCoordinationStateWaitingForPlaceholderAssertion
2026-06-26 22:36:26.643 Df installcoordinationd[56719:8a02df] [com.apple.installcoordination:daemon] -[IXSCoordinatorProgress setTotalUnitsCompleted:]: Progress for coordinator: [com.DefaultCompany.NeonDrift.run.1782484537.59589/Invalid/[system-defined]], Phase: IXCoordinatorProgressPhaseLoading, Percentage: 100.000000: Attempt to set units completed on finished progress: 100
2026-06-26 22:36:26.643 Df installcoordinationd[56719:8a02df] [com.apple.appinstallation:TransactionLog] com.DefaultCompany.NeonDrift.run.1782484537.59589/Unknown Persona:4:9:2:1:Placeholder Promise completed. Coordinator State: IXAppCoordinationStateWaitingForPlaceholderAssertion
2026-06-26 22:36:26.643 Df SpringBoard[56538:89fbe6] [com.apple.SpringBoard:Common] termination assertion acquired for com.DefaultCompany.NeonDrift.run.1782484537.59589 (app not found)
2026-06-26 22:36:26.645 Df installcoordinationd[56719:8a02df] [com.apple.installcoordination:daemon] -[IXSCoordinatedAppInstall _onQueue_installPlaceholder]: Acquired termination assertion for placeholder [com.DefaultCompany.NeonDrift.run.1782484537.59589/Invalid/[system-defined]]; proceeding with install.
2026-06-26 22:36:26.646 Df installcoordinationd[56719:8a02df] [com.apple.installcoordination:daemon] -[IXSPowerAssertion initWithAssertionName:details:]: Acquired power assertion IXPowerAssertion-12-[com.DefaultCompany.NeonDrift.run.1782484537.59589/Invalid/[system-defined]]
2026-06-26 22:36:26.646 Df CoreSimulatorBridge[56569:8a6e24] [com.apple.installcoordination:framework] -[IXAppInstallCoordinator _clientDelegate_promiseDidBeginFulfillmentWithIdentifier:]: <IXInitiatingAppInstallCoordinator<0x106091b00> identity:[com.DefaultCompany.NeonDrift.run.1782484537.59589/Invalid/[system-defined]] uuid:C65B60D1-1B15-4700-B8B3-875190186FD9 creator:InstallCoordination Simple SPI>: Got promise did begin fulfillment for identifier 1
2026-06-26 22:36:26.646 Df CoreSimulatorBridge[56569:8a6e24] [com.apple.installcoordination:framework] -[IXAppInstallCoordinator _clientDelegate_promiseDidBeginFulfillmentWithIdentifier:]_block_invoke: <IXInitiatingAppInstallCoordinator<0x106091b00> identity:[com.DefaultCompany.NeonDrift.run.1782484537.59589/Invalid/[system-defined]] uuid:C65B60D1-1B15-4700-B8B3-875190186FD9 creator:InstallCoordination Simple SPI>: Observer <_IXSimpleInstallerDelegate 0x0x10605ba20> does not respond to coordinator:configuredPromiseDidBeginFulfillment: (or any deprecated equivalent)
2026-06-26 22:36:26.646 Df installd[56732:8a02cf] (MobileSystemServices) 0x16db2f000 -[MIClientConnection _doInstallationForURL:identity:domain:options:operationType:completion:]: Install of "/Users/dragonkao/Library/Developer/CoreSimulator/Devices/CC47DE7A-8196-4465-A5A5-BB852C9C6C82/data/Containers/Shared/SystemGroup/systemgroup.com.apple.installcoordinationd/Library/InstallCoordination/PromiseStaging/66CB01A5-C6CE-4ACD-AB53-D080274AC9FB/NeonDrift.run.1782484537.59589.app" type Placeholder (LSInstallType = 1, Domain: MIInstallationDomainDefault) requested by installcoordinationd (pid 56719 (501/20))
2026-06-26 22:36:26.650 Df installd[56732:8a02cf] [com.apple.containermanager:xpc] Query; euid = 501, uid = 501, class = 1, identifier = [com.DefaultCompany.NeonDrift.run.1782484537.59589](1), flags = 300000002
2026-06-26 22:36:26.651 Df installd[56732:8a02cf] [com.apple.containermanager:xpc] Query; euid = 501, uid = 501, class = 1, identifier = [com.DefaultCompany.NeonDrift.run.1782484537.59589](1), flags = 300000002
2026-06-26 22:36:26.651 Df installd[56732:8a02cf] (MobileSystemServices) 0x16db2f000 -[MIInstaller _installInstallable:containingSymlink:error:]: Installing <MIInstallableBundle ID=com.DefaultCompany.NeonDrift.run.1782484537.59589; Persona=com.apple.containermanager.primary-persona, Version=0, ShortVersion=1.0>
2026-06-26 22:36:26.651 Df installd[56732:8a02cf] [com.apple.appinstallation:TransactionLog] com.DefaultCompany.NeonDrift.run.1782484537.59589/com.apple.containermanager.primary-persona:7:4:1:1:Start : Install (Placeholder)
2026-06-26 22:36:26.653 Df installd[56732:8a02cf] [com.apple.containermanager:query] Query; euid = 501, uid = 501, class = 4, identifier = [com.DefaultCompany.NeonDrift.run.1782484537.59589](1), flags = 300000002
2026-06-26 22:36:26.653 Df installd[56732:8a02cf] [com.apple.containermanager:query] Query; euid = 501, uid = 501, class = 4, identifier = [com.DefaultCompany.NeonDrift.run.1782484537.59589](1), flags = 300000002
2026-06-26 22:36:26.653 Df installd[56732:8a02cf] [com.apple.containermanager:xpc] Query; euid = 501, uid = 501, class = 1, identifier = [com.DefaultCompany.NeonDrift.run.1782484537.59589](1), flags = 300000003
2026-06-26 22:36:26.654 E  containermanagerd_system[56592:89fce5] [com.apple.containermanager:schema] [com.DefaultCompany.NeonDrift.run.1782484537.59589(1)] Current schema version (1) is newer than the latest (0), ignoring.
2026-06-26 22:36:26.654 Df containermanagerd_system[56592:89fce5] [com.apple.containermanager:schema] [u 4C53E5E6-96B5-4E22-9A6F-D9DA3318BD33:p F47AD615-4D40-42F2-8067-4030B7052599:c com.DefaultCompany.NeonDrift.run.1782484537.59589(1):i31375763] Successfully updated schema from (0) → (0), actions count = 0
2026-06-26 22:36:26.655 Df installd[56732:8a02cf] [com.apple.containermanager:xpc] Query; euid = 501, uid = 501, class = 1, identifier = [com.DefaultCompany.NeonDrift.run.1782484537.59589](1), flags = 300000002
2026-06-26 22:36:26.657 Df installd[56732:8a02cf] [com.apple.containermanager:query] Query; euid = 501, uid = 501, class = 2, identifier = [com.DefaultCompany.NeonDrift.run.1782484537.59589](1), flags = 300000003
2026-06-26 22:36:26.658 Df containermanagerd[56624:89fd90] [com.apple.containermanager:schema] [u D18BA0E9-D0DA-461B-A480-7559B0E0F3C2:p 897F30FC-B534-45E2-ACDF-7825971AF39D:c com.DefaultCompany.NeonDrift.run.1782484537.59589(2):i31375769] Successfully updated schema from (0) → (1), actions count = 6
2026-06-26 22:36:26.659 Df installd[56732:8a02cf] [com.apple.containermanager:query] Query; euid = 501, uid = 501, class = 2, identifier = [com.DefaultCompany.NeonDrift.run.1782484537.59589](1), flags = 300000002
2026-06-26 22:36:26.660 Df installd[56732:8a02cf] (MobileSystemServices) 0x16db2f000 -[MIInstallationJournalEntry _refreshUUIDForContainer:withError:]: Data container for com.DefaultCompany.NeonDrift.run.1782484537.59589 is now at /Users/dragonkao/Library/Developer/CoreSimulator/Devices/CC47DE7A-8196-4465-A5A5-BB852C9C6C82/data/Containers/Data/Application/C0F7BD0C-C864-4146-8097-B4B1FC8C4A38
2026-06-26 22:36:26.660 Df containermanagerd[56624:89fd90] [com.apple.containermanager:schema] [u D18BA0E9-D0DA-461B-A480-7559B0E0F3C2:p C0F7BD0C-C864-4146-8097-B4B1FC8C4A38:c com.DefaultCompany.NeonDrift.run.1782484537.59589(2):i0] Successfully updated schema from (0) → (1), actions count = 6
2026-06-26 22:36:26.661 Df installd[56732:8a02cf] [com.apple.containermanager:unspecified] Replace; old = <NULL>, new = [temp-app:com.DefaultCompany.NeonDrift.run.1782484537.59589:501::(4C53E5E6-96B5-4E22-9A6F-D9DA3318BD33)]
2026-06-26 22:36:26.662 Df installd[56732:8a02cf] [com.apple.containermanager:xpc] Query; euid = 501, uid = 501, class = 1, identifier = [com.DefaultCompany.NeonDrift.run.1782484537.59589](1), flags = 300000002
2026-06-26 22:36:26.662 Df installd[56732:8a02cf] (MobileSystemServices) 0x16db2f000 -[MIContainer makeContainerLiveReplacingContainer:reason:waitForDeletion:withError:]: Made container live for com.DefaultCompany.NeonDrift.run.1782484537.59589 at /Users/dragonkao/Library/Developer/CoreSimulator/Devices/CC47DE7A-8196-4465-A5A5-BB852C9C6C82/data/Containers/Bundle/Application/6993FDDC-E7EB-4151-8793-A68CC38652BB
2026-06-26 22:36:26.663 Df containermanagerd[56624:89fd90] [com.apple.containermanager:codesignmapping] Reconciled [com.DefaultCompany.NeonDrift.run.1782484537.59589]; old app groups: (null), new app groups: (null), old system groups: (null), new system groups: (null)
2026-06-26 22:36:26.663 Df installd[56732:8a02cf] [com.apple.containermanager:unspecified] Requesting disk usage; class = 1, identifier = com.DefaultCompany.NeonDrift.run.1782484537.59589
2026-06-26 22:36:26.665 Df installd[56732:8a02cf] [com.apple.containermanager:query] Query; euid = 501, uid = 501, class = 7, identifier = [com.DefaultCompany.NeonDrift.run.1782484537.59589](1), flags = 300000001
2026-06-26 22:36:26.665 Df SpringBoard[56538:89fbe6] [com.apple.SpringBoard:Common] termination assertion released for com.DefaultCompany.NeonDrift.run.1782484537.59589 (app not found)
2026-06-26 22:36:26.670 Df installd[56732:8a02cf] (MobileSystemServices) 0x16db2f000 -[MILaunchServicesOperationManager _onQueue_addPendingLaunchServicesOperation:error:]: Added pending LS operation <MILaunchServicesRegisterOperation: 958E6C5A-69FE-4F32-B8A9-AFE69A1328AF:3 com.DefaultCompany.NeonDrift.run.1782484537.59589/MIInstallationDomainSystemShared personas:[com.apple.containermanager.primary-persona]>
2026-06-26 22:36:26.670 Df lsd[56598:8a3ea6] [com.apple.launchservices:appinstallation] Post installation registration: request to register com.DefaultCompany.NeonDrift.run.1782484537.59589, operation 958E6C5A-69FE-4F32-B8A9-AFE69A1328AF, from pid 56732
2026-06-26 22:36:26.671 Df lsd[56598:8a3ea6] [com.apple.appinstallation:TransactionLog] com.DefaultCompany.NeonDrift.run.1782484537.59589/Unknown Persona:5:4:1:1:Registering bundles via registrant - start
2026-06-26 22:36:26.672 E  lsd[56598:8a3ea6] [com.apple.launchservices:default] LSStringLocalizer development region en not found in localizations available for bundle file:///Users/dragonkao/Library/Developer/CoreSimulator/Devices/CC47DE7A-8196-4465-A5A5-BB852C9C6C82/data/Containers/Bundle/Application/6993FDDC-E7EB-4151-8793-A68CC38652BB/NeonDrift.run.1782484537.59589.app/
2026-06-26 22:36:26.673 Df lsd[56598:8a3ea6] [com.apple.appinstallation:TransactionLog] com.DefaultCompany.NeonDrift.run.1782484537.59589/Unknown Persona:5:5:1:1:Building bundle record for app
2026-06-26 22:36:26.673 Df lsd[56598:8a3ea6] [com.apple.launchservices:appinstallation] No bundles to remove for com.DefaultCompany.NeonDrift.run.1782484537.59589
2026-06-26 22:36:26.673 Df lsd[56598:8a3ea6] [com.apple.launchservices:appinstallation] Placeholder detected - Flagging bundle com.DefaultCompany.NeonDrift.run.1782484537.59589 incomplete
2026-06-26 22:36:26.673 Df lsd[56598:8a3ea6] [com.apple.appinstallation:TransactionLog] com.DefaultCompany.NeonDrift.run.1782484537.59589/Unknown Persona:5:5:2:1:Built bundle record for app
2026-06-26 22:36:26.674 Df lsd[56598:8a3ea6] [com.apple.appinstallation:TransactionLog] com.DefaultCompany.NeonDrift.run.1782484537.59589/Unknown Persona:5:4:2:1:Registered bundle status = success
2026-06-26 22:36:26.675 Df lsd[56598:8a3ea6] [com.apple.appinstallation:TransactionLog] com.DefaultCompany.NeonDrift.run.1782484537.59589/Unknown Persona:5:4:2:1:Finished registering com.DefaultCompany.NeonDrift.run.1782484537.59589, bundle unit 458
2026-06-26 22:36:26.675 Df lsd[56598:8a6e50] [com.apple.launchservices:progress] Sending applicationInstallsDidStart: for (
    "<LSApplicationProxy: 0x101744000> com.DefaultCompany.NeonDrift.run.1782484537.59589 file:///Users/dragonkao/Library/Developer/CoreSimulator/Devices/CC47DE7A-8196-4465-A5A5-BB852C9C6C82/data/Containers/Bundle/Application/6993FDDC-E7EB-4151-8793-A68CC38652BB/NeonDrift.run.1782484537.59589.app/ <com.DefaultCompany.NeonDrift.run.1782484537.59589 <placeholder >:1>"
)
2026-06-26 22:36:26.675 Df installd[56732:8a02cf] (MobileSystemServices) 0x16db2f000 -[MIJournal purgeJournalEntry:withError:]: Removing journal entry <MIInstallationJournalEntry<0x1034e83c0> [com.DefaultCompany.NeonDrift.run.1782484537.59589/com.apple.containermanager.primary-persona/[system-defined]]/MIInstallationDomainSystemShared op:2 phase:JournalPhaseDidRegisterWithLS version:0>
2026-06-26 22:36:26.675 Df lsd[56598:8a6e50] [com.apple.launchservices:progress] Created parent progress <NSProgress: com.DefaultCompany.NeonDrift.run.1782484537.59589 phase=InstallingPlaceholder; state=Waiting; finalPhase=Installing; fractionCompleted=0.000000>
2026-06-26 22:36:26.676 Df installd[56732:8a02cf] [com.apple.appinstallation:TransactionLog] com.DefaultCompany.NeonDrift.run.1782484537.59589/com.apple.containermanager.primary-persona:7:4:2:1:Success (End) : Install (Placeholder)
2026-06-26 22:36:26.676 Df installd[56732:8a02cf] (MobileSystemServices) 0x16db2f000 -[MIInstaller _logOperationCompletionWithStartTime:distributorID:]: Install successful for (Placeholder:com.DefaultCompany.NeonDrift.run.1782484537.59589) [Distributor: (null)]; Staging: 0.00s; Waiting: 0.00s; Preflight/Patch: 0.00s, Verifying: 0.00s; Overall: 0.03s
2026-06-26 22:36:26.676 Df donotdisturbd[56594:8a6e53] [com.apple.launchservices:appinstallation] LaunchServices observer: InstallsStarted (
