Timestamp               Ty Process[PID:TID]
2026-06-22 01:12:29.614 Df CoreSimulatorBridge[50222:4afb9f] Request received for installation of file:///Users/dragonkao/.openclaw/workspace/382b9e3384298039b171c9b2a60ae644/NeonDrift_MVP/project/xcode_derived_data/Build/Products/Release-iphonesimulator/NeonDrift.app/ with options: {
    PackageType = Developer;
    SimulatorRootPath = "/Library/Developer/CoreSimulator/Volumes/iOS_23F77/Library/Developer/CoreSimulator/Profiles/Runtimes/iOS 26.5.simruntime/Contents/Resources/RuntimeRoot";
    SimulatorUserPath = "/Users/dragonkao/Library/Developer/CoreSimulator/Devices/CCB1E793-CED4-4FCD-BF73-321AAEA77AB9/data";
}
2026-06-22 01:12:29.614 Df CoreSimulatorBridge[50222:4afb9f] [com.apple.installcoordination:framework] +[IXAppInstallCoordinator(IXSimpleInstaller) _beginInstallForURL:forPersonaUniqueString:consumeSource:options:progressBlock:completionWithIdentity:]: Beginning install for /Users/dragonkao/.openclaw/workspace/382b9e3384298039b171c9b2a60ae644/NeonDrift_MVP/project/xcode_derived_data/Build/Products/Release-iphonesimulator/NeonDrift.app consuming source:N options:{
    IsUserInitiated = 1;
    PackageType = Developer;
} installationRequestorAuditToken: NULL
2026-06-22 01:12:29.616 Df installcoordinationd[73024:4b1c51] [com.apple.installcoordination:daemon] -[IXSDataPromiseManager registerPromise:]: Registered promise <IXSPlaceholder(0x10190c500) Name:App Placeholder: NeonDrift (com.DefaultCompany.NeonDrift) Creator:InstallCoordination Simple SPI UUID:6941B4A6-5CA1-4E69-B5A7-0FEDFD496C75 Location:[system-defined]> for UUID 6941B4A6-5CA1-4E69-B5A7-0FEDFD496C75
2026-06-22 01:12:29.617 Df installcoordinationd[73024:4b1c51] [com.apple.installcoordination:daemon] -[IXSPlaceholder setAttributes:]: <IXSPlaceholder(0x10190c500) Name:App Placeholder: NeonDrift (com.DefaultCompany.NeonDrift) Creator:InstallCoordination Simple SPI UUID:6941B4A6-5CA1-4E69-B5A7-0FEDFD496C75 Location:[system-defined]>: setting placeholder attributes to <IXPlaceholderAttributes<0x1018a52c0> : {
    CFBundleShortVersionString = "1.0";
    CFBundleSupportedPlatforms =     (
        iPhoneSimulator
    );
    CFBundleVersion = 0;
    DTPlatformName = iphonesimulator;
    LSRequiresIPhoneOS = 1;
    MinimumOSVersion = "13.0";
    UIDeviceFamily =     (
        1,
        2
    );
    UIRequiredDeviceCapabilities =     {
        arm64 = 1;
        metal = 1;
    };
}>
2026-06-22 01:12:29.617 Df CoreSimulatorBridge[50222:4937f4] [com.apple.installcoordination:framework] +[IXPlaceholder _setEntitlementsFromBundleExecutableURL:withBundleID:client:onPlaceholder:location:error:]: Executable for com.DefaultCompany.NeonDrift at NeonDrift -- file:///Users/dragonkao/.openclaw/workspace/382b9e3384298039b171c9b2a60ae644/NeonDrift_MVP/project/xcode_derived_data/Build/Products/Release-iphonesimulator/NeonDrift.app/ had no entitlements
2026-06-22 01:12:29.617 Df CoreSimulatorBridge[50222:4937f4] [com.apple.installcoordination:framework] +[IXPlaceholder _placeholderForBundle:client:withParent:installType:metadata:placeholderType:mayBeDeltaPackage:isFromSerializedPlaceholder:location:error:]: Using full fidelity icons for com.DefaultCompany.NeonDrift at /Users/dragonkao/.openclaw/workspace/382b9e3384298039b171c9b2a60ae644/NeonDrift_MVP/project/xcode_derived_data/Build/Products/Release-iphonesimulator/NeonDrift.app
2026-06-22 01:12:29.618 Df installcoordinationd[73024:4b1c51] [com.apple.installcoordination:daemon] -[IXSDataPromiseManager registerPromise:]: Registered promise <IXSPromisedTransferToPath(0x1018e6200) Name:Icon resources for com.DefaultCompany.NeonDrift Creator:InstallCoordination Simple SPI UUID:524FD6F9-D560-4232-AF20-53C6F6EF7DFC Location:[system-defined]> for UUID 524FD6F9-D560-4232-AF20-53C6F6EF7DFC
2026-06-22 01:12:29.620 Df CoreSimulatorBridge[50222:4937f4] [com.apple.installcoordination:framework] -[IXPromisedTransferToPath setComplete:]: <IXPromisedTransferToPath<0x1014756c0> name:"Icon resources for com.DefaultCompany.NeonDrift" uuid:524FD6F9-D560-4232-AF20-53C6F6EF7DFC creator:"InstallCoordination Simple SPI" location:[system-defined]> Move operation from /Users/dragonkao/Library/Developer/CoreSimulator/Devices/CCB1E793-CED4-4FCD-BF73-321AAEA77AB9/data/Containers/Shared/SystemGroup/systemgroup.com.apple.installcoordinationd/Library/InstallCoordination/PromiseStaging/524FD6F9-D560-4232-AF20-53C6F6EF7DFC/temp.oDUALk to /Users/dragonkao/Library/Developer/CoreSimulator/Devices/CCB1E793-CED4-4FCD-BF73-321AAEA77AB9/data/Containers/Shared/SystemGroup/systemgroup.com.apple.installcoordinationd/Library/InstallCoordination/PromiseStaging/524FD6F9-D560-4232-AF20-53C6F6EF7DFC/temp.oDUALk took 0.000039 seconds
2026-06-22 01:12:29.621 Df installcoordinationd[73024:4b64a8] [com.apple.installcoordination:daemon] -[IXSDataPromise _setPercentComplete:saveStateIfNeeded:]: Progress: <IXSPromisedTransferToPath(0x1018e6200) Name:Icon resources for com.DefaultCompany.NeonDrift Creator:InstallCoordination Simple SPI UUID:524FD6F9-D560-4232-AF20-53C6F6EF7DFC Location:[system-defined]>
2026-06-22 01:12:29.621 Df installcoordinationd[73024:4b1c51] [com.apple.installcoordination:daemon] -[IXSDataPromiseManager promiseDidBegin:]: Unowned promise began: <IXSPromisedTransferToPath(0x1018e6200) Name:Icon resources for com.DefaultCompany.NeonDrift Creator:InstallCoordination Simple SPI UUID:524FD6F9-D560-4232-AF20-53C6F6EF7DFC Location:[system-defined]>
2026-06-22 01:12:29.621 Df installcoordinationd[73024:4b1c51] [com.apple.installcoordination:daemon] -[IXSDataPromiseManager promise:didUpdateProgress:]: Unowned promise update progress to 1.000000 : <IXSPromisedTransferToPath(0x1018e6200) Name:Icon resources for com.DefaultCompany.NeonDrift Creator:InstallCoordination Simple SPI UUID:524FD6F9-D560-4232-AF20-53C6F6EF7DFC Location:[system-defined]>
2026-06-22 01:12:29.621 Df installcoordinationd[73024:4b64a8] [com.apple.installcoordination:daemon] -[IXSDataPromiseManager promiseDidComplete:]: Unowned promise completed: <IXSPromisedTransferToPath(0x1018e6200) Name:Icon resources for com.DefaultCompany.NeonDrift Creator:InstallCoordination Simple SPI UUID:524FD6F9-D560-4232-AF20-53C6F6EF7DFC Location:[system-defined]>
2026-06-22 01:12:29.622 Df installcoordinationd[73024:4b64a8] [com.apple.installcoordination:daemon] -[IXSDataPromise _setPercentComplete:saveStateIfNeeded:]: Progress: <IXSPromisedInMemoryDictionary(0x1018e5100) Name:Info.plist icon content for com.DefaultCompany.NeonDrift Creator:InstallCoordination Simple SPI UUID:59E6C579-DC7F-47EF-B394-1E169FEBBE2E Location:[system-defined]>
2026-06-22 01:12:29.622 Df installcoordinationd[73024:4b64a8] [com.apple.installcoordination:daemon] -[IXSDataPromiseManager registerPromise:]: Registered promise <IXSPromisedInMemoryDictionary(0x1018e5100) Name:Info.plist icon content for com.DefaultCompany.NeonDrift Creator:InstallCoordination Simple SPI UUID:59E6C579-DC7F-47EF-B394-1E169FEBBE2E Location:[system-defined]> for UUID 59E6C579-DC7F-47EF-B394-1E169FEBBE2E
2026-06-22 01:12:29.622 Df installcoordinationd[73024:4b1c51] [com.apple.installcoordination:daemon] -[IXSDataPromiseManager promiseDidBegin:]: Unowned promise began: <IXSPromisedInMemoryDictionary(0x1018e5100) Name:Info.plist icon content for com.DefaultCompany.NeonDrift Creator:InstallCoordination Simple SPI UUID:59E6C579-DC7F-47EF-B394-1E169FEBBE2E Location:[system-defined]>
2026-06-22 01:12:29.622 Df installcoordinationd[73024:4b1c51] [com.apple.installcoordination:daemon] -[IXSDataPromiseManager promise:didUpdateProgress:]: Unowned promise update progress to 1.000000 : <IXSPromisedInMemoryDictionary(0x1018e5100) Name:Info.plist icon content for com.DefaultCompany.NeonDrift Creator:InstallCoordination Simple SPI UUID:59E6C579-DC7F-47EF-B394-1E169FEBBE2E Location:[system-defined]>
2026-06-22 01:12:29.622 Df installcoordinationd[73024:4b1c51] [com.apple.installcoordination:daemon] -[IXSDataPromiseManager promiseDidComplete:]: Unowned promise completed: <IXSPromisedInMemoryDictionary(0x1018e5100) Name:Info.plist icon content for com.DefaultCompany.NeonDrift Creator:InstallCoordination Simple SPI UUID:59E6C579-DC7F-47EF-B394-1E169FEBBE2E Location:[system-defined]>
2026-06-22 01:12:29.623 Df installcoordinationd[73024:4b64a8] [com.apple.installcoordination:daemon] -[IXSPlaceholder setIconResourcesPromise:]: <IXSPlaceholder(0x10190c500) Name:App Placeholder: NeonDrift (com.DefaultCompany.NeonDrift) Creator:InstallCoordination Simple SPI UUID:6941B4A6-5CA1-4E69-B5A7-0FEDFD496C75 Location:[system-defined]>: setting icon resources promise to <IXSPromisedTransferToPath(0x1018e6200) Name:Icon resources for com.DefaultCompany.NeonDrift Creator:InstallCoordination Simple SPI UUID:524FD6F9-D560-4232-AF20-53C6F6EF7DFC Location:[system-defined]>
2026-06-22 01:12:29.623 Df installcoordinationd[73024:4b64a8] [com.apple.installcoordination:daemon] -[IXSPlaceholder setInfoPlistIconContentPromise:]: <IXSPlaceholder(0x10190c500) Name:App Placeholder: NeonDrift (com.DefaultCompany.NeonDrift) Creator:InstallCoordination Simple SPI UUID:6941B4A6-5CA1-4E69-B5A7-0FEDFD496C75 Location:[system-defined]>: setting Info.plist icon content promise to <IXSPromisedInMemoryDictionary(0x1018e5100) Name:Info.plist icon content for com.DefaultCompany.NeonDrift Creator:InstallCoordination Simple SPI UUID:59E6C579-DC7F-47EF-B394-1E169FEBBE2E Location:[system-defined]>
2026-06-22 01:12:29.624 Df installcoordinationd[73024:4b64ac] [com.apple.installcoordination:daemon] -[IXSDataPromiseManager promiseDidBegin:]: Unowned promise began: <IXSPlaceholder(0x10190c500) Name:App Placeholder: NeonDrift (com.DefaultCompany.NeonDrift) Creator:InstallCoordination Simple SPI UUID:6941B4A6-5CA1-4E69-B5A7-0FEDFD496C75 Location:[system-defined]>
2026-06-22 01:12:29.624 Df installcoordinationd[73024:4b64ac] [com.apple.installcoordination:daemon] -[IXSDataPromiseManager promise:didUpdateProgress:]: Unowned promise update progress to 0.000000 : <IXSPlaceholder(0x10190c500) Name:App Placeholder: NeonDrift (com.DefaultCompany.NeonDrift) Creator:InstallCoordination Simple SPI UUID:6941B4A6-5CA1-4E69-B5A7-0FEDFD496C75 Location:[system-defined]>
2026-06-22 01:12:29.624 Df installcoordinationd[73024:4b64ac] [com.apple.installcoordination:daemon] -[IXSDataPromiseManager promise:didUpdateProgress:]: Unowned promise update progress to 0.000000 : <IXSPlaceholder(0x10190c500) Name:App Placeholder: NeonDrift (com.DefaultCompany.NeonDrift) Creator:InstallCoordination Simple SPI UUID:6941B4A6-5CA1-4E69-B5A7-0FEDFD496C75 Location:[system-defined]>
2026-06-22 01:12:29.625 Df installcoordinationd[73024:4b64a8] [com.apple.installcoordination:daemon] -[IXSDataPromise _setPercentComplete:saveStateIfNeeded:]: Progress: <IXSPromisedInMemoryDictionary(0x1018e5480) Name:Localizations for com.DefaultCompany.NeonDrift Creator:InstallCoordination Simple SPI UUID:86E2F55F-702D-49CF-8141-781DDEEB35D7 Location:[system-defined]>
2026-06-22 01:12:29.625 Df installcoordinationd[73024:4b64a8] [com.apple.installcoordination:daemon] -[IXSDataPromiseManager registerPromise:]: Registered promise <IXSPromisedInMemoryDictionary(0x1018e5480) Name:Localizations for com.DefaultCompany.NeonDrift Creator:InstallCoordination Simple SPI UUID:86E2F55F-702D-49CF-8141-781DDEEB35D7 Location:[system-defined]> for UUID 86E2F55F-702D-49CF-8141-781DDEEB35D7
2026-06-22 01:12:29.625 Df installcoordinationd[73024:4b64ac] [com.apple.installcoordination:daemon] -[IXSDataPromiseManager promiseDidBegin:]: Unowned promise began: <IXSPromisedInMemoryDictionary(0x1018e5480) Name:Localizations for com.DefaultCompany.NeonDrift Creator:InstallCoordination Simple SPI UUID:86E2F55F-702D-49CF-8141-781DDEEB35D7 Location:[system-defined]>
2026-06-22 01:12:29.625 Df installcoordinationd[73024:4b64ac] [com.apple.installcoordination:daemon] -[IXSDataPromiseManager promise:didUpdateProgress:]: Unowned promise update progress to 1.000000 : <IXSPromisedInMemoryDictionary(0x1018e5480) Name:Localizations for com.DefaultCompany.NeonDrift Creator:InstallCoordination Simple SPI UUID:86E2F55F-702D-49CF-8141-781DDEEB35D7 Location:[system-defined]>
2026-06-22 01:12:29.625 Df installcoordinationd[73024:4b64ac] [com.apple.installcoordination:daemon] -[IXSDataPromiseManager promiseDidComplete:]: Unowned promise completed: <IXSPromisedInMemoryDictionary(0x1018e5480) Name:Localizations for com.DefaultCompany.NeonDrift Creator:InstallCoordination Simple SPI UUID:86E2F55F-702D-49CF-8141-781DDEEB35D7 Location:[system-defined]>
2026-06-22 01:12:29.626 Df installcoordinationd[73024:4b64a8] [com.apple.installcoordination:daemon] -[IXSPlaceholder setLocalizationDictionaryPromise:]: <IXSPlaceholder(0x10190c500) Name:App Placeholder: NeonDrift (com.DefaultCompany.NeonDrift) Creator:InstallCoordination Simple SPI UUID:6941B4A6-5CA1-4E69-B5A7-0FEDFD496C75 Location:[system-defined]>: setting localization dict promise to <IXSPromisedInMemoryDictionary(0x1018e5480) Name:Localizations for com.DefaultCompany.NeonDrift Creator:InstallCoordination Simple SPI UUID:86E2F55F-702D-49CF-8141-781DDEEB35D7 Location:[system-defined]>
2026-06-22 01:12:29.627 Df installcoordinationd[73024:4b1c51] [com.apple.installcoordination:daemon] -[IXSDataPromiseManager promise:didUpdateProgress:]: Unowned promise update progress to 0.000000 : <IXSPlaceholder(0x10190c500) Name:App Placeholder: NeonDrift (com.DefaultCompany.NeonDrift) Creator:InstallCoordination Simple SPI UUID:6941B4A6-5CA1-4E69-B5A7-0FEDFD496C75 Location:[system-defined]>
2026-06-22 01:12:29.627 Df installcoordinationd[73024:4b1c51] [com.apple.installcoordination:daemon] -[IXSPlaceholder setConfigurationComplete:]: <IXSPlaceholder(0x10190c500) Name:App Placeholder: NeonDrift (com.DefaultCompany.NeonDrift) Creator:InstallCoordination Simple SPI UUID:6941B4A6-5CA1-4E69-B5A7-0FEDFD496C75 Location:[system-defined]>: setting configuration complete to Y
2026-06-22 01:12:29.627 Df installcoordinationd[73024:4b1c51] [com.apple.installcoordination:daemon] -[IXSPlaceholder _materialize]: <IXSPlaceholder(0x10190c500) Name:App Placeholder: NeonDrift (com.DefaultCompany.NeonDrift) Creator:InstallCoordination Simple SPI UUID:6941B4A6-5CA1-4E69-B5A7-0FEDFD496C75 Location:[system-defined]>: Materializing placeholder at /Users/dragonkao/Library/Developer/CoreSimulator/Devices/CCB1E793-CED4-4FCD-BF73-321AAEA77AB9/data/Containers/Shared/SystemGroup/systemgroup.com.apple.installcoordinationd/Library/InstallCoordination/PromiseStaging/6941B4A6-5CA1-4E69-B5A7-0FEDFD496C75/NeonDrift.app
2026-06-22 01:12:29.627 Df installcoordinationd[73024:4b1c51] [com.apple.installcoordination:daemon] -[IXSPlaceholder _materialize]: <IXSPlaceholder(0x10190c500) Name:App Placeholder: NeonDrift (com.DefaultCompany.NeonDrift) Creator:InstallCoordination Simple SPI UUID:6941B4A6-5CA1-4E69-B5A7-0FEDFD496C75 Location:[system-defined]>: Using Info.plist icon content: {
    CFBundleIcons =     {
        CFBundlePrimaryIcon =         {
            CFBundleIconName = AppIcon;
        };
    };
    "CFBundleIcons~ipad" =     {
        CFBundlePrimaryIcon =         {
            CFBundleIconName = AppIcon;
        };
    };
    ISIconPlatform = iPhoneOS;
}
2026-06-22 01:12:29.628 Df installcoordinationd[73024:4b1c51] [com.apple.installcoordination:daemon] -[IXSPlaceholder _materialize]_block_invoke: <IXSPlaceholder(0x10190c500) Name:App Placeholder: NeonDrift (com.DefaultCompany.NeonDrift) Creator:InstallCoordination Simple SPI UUID:6941B4A6-5CA1-4E69-B5A7-0FEDFD496C75 Location:[system-defined]>: Using icon resource Assets.car
2026-06-22 01:12:29.628 Df installcoordinationd[73024:4b1c51] [com.apple.installcoordination:daemon] -[IXSPlaceholder _materialize]: <IXSPlaceholder(0x10190c500) Name:App Placeholder: NeonDrift (com.DefaultCompany.NeonDrift) Creator:InstallCoordination Simple SPI UUID:6941B4A6-5CA1-4E69-B5A7-0FEDFD496C75 Location:[system-defined]>: Including lproj localizations for (
)
2026-06-22 01:12:29.628 Df installcoordinationd[73024:4b64a8] [com.apple.installcoordination:daemon] -[IXSDataPromiseManager promiseDidComplete:]: Unowned promise completed: <IXSPlaceholder(0x10190c500) Name:App Placeholder: NeonDrift (com.DefaultCompany.NeonDrift) Creator:InstallCoordination Simple SPI UUID:6941B4A6-5CA1-4E69-B5A7-0FEDFD496C75 Location:[system-defined]>
2026-06-22 01:12:29.629 Df installcoordinationd[73024:4b64a8] [com.apple.installcoordination:daemon] -[IXSDataPromiseManager registerPromise:]: Registered promise <IXSPromisedTransferToPath(0x1018e5780) Name:App Asset: com.DefaultCompany.NeonDrift Creator:InstallCoordination Simple SPI UUID:1D22D0E9-51AC-47EC-980C-06FD937ED4E9 Location:[system-defined]> for UUID 1D22D0E9-51AC-47EC-980C-06FD937ED4E9
2026-06-22 01:12:29.630 Df installcoordinationd[73024:4b64a8] [com.apple.installcoordination:daemon] -[IXSCoordinatorManager coordinatorForIdentity:connection:error:creatingIfNotExisting:]_block_invoke: Registered coordinator: <IXSCoordinatedAppInstall<0x1019f4000> [P=CoreSimulatorBridge (pid 50222)] identifier:[com.DefaultCompany.NeonDrift/Invalid/[system-defined]] uuid:92D49F83-E316-40F5-8105-E3F141AD0939 intent:IXCoordinatorIntentUpdating creator/appDRI:InstallCoordination Simple SPI importance:Background state:IXAppCoordinationStatePlaceholderPromiseNotSet promise-state:01234>
2026-06-22 01:12:29.630 Df installcoordinationd[73024:4b64a8] [com.apple.appinstallation:TransactionLog] com.DefaultCompany.NeonDrift/Unknown Persona:4:2:1:1:Created coordinator with intent IXCoordinatorIntentUpdating for client InstallCoordination Simple SPI
2026-06-22 01:12:29.631 Df installcoordinationd[73024:4b64a8] [com.apple.installcoordination:daemon] -[IXSCoordinatedAppInstall setPriorityBoostCompletion:withSourceInfo:]: <IXSCoordinatedAppInstall<0x1019f4000> [P=CoreSimulatorBridge (pid 50222)] identifier:[com.DefaultCompany.NeonDrift/Invalid/[system-defined]] uuid:92D49F83-E316-40F5-8105-E3F141AD0939 intent:IXCoordinatorIntentUpdating creator/appDRI:InstallCoordination Simple SPI importance:Background state:IXAppCoordinationStatePlaceholderPromiseNotSet promise-state:01234>: Retaining completion from CoreSimulatorBridge (50222), QOS_CLASS_DEFAULT (0x15)
2026-06-22 01:12:29.631 Df installcoordinationd[73024:4b64a8] [com.apple.installcoordination:daemon] -[IXSCoordinatedAppInstall setImportance:]: <IXSCoordinatedAppInstall<0x1019f4000> [P=CoreSimulatorBridge (pid 50222)] identifier:[com.DefaultCompany.NeonDrift/Invalid/[system-defined]] uuid:92D49F83-E316-40F5-8105-E3F141AD0939 intent:IXCoordinatorIntentUpdating creator/appDRI:InstallCoordination Simple SPI importance:UserWaiting state:IXAppCoordinationStatePlaceholderPromiseNotSet promise-state:01234>: set importance to UserWaiting
2026-06-22 01:12:29.631 Df installcoordinationd[73024:4b64a8] [com.apple.installcoordination:daemon] -[IXSCoordinatedAppInstall _onQueue_fireObserversForClient:]: <IXSCoordinatedAppInstall<0x1019f4000> [P=CoreSimulatorBridge (pid 50222)] identifier:[com.DefaultCompany.NeonDrift/Invalid/[system-defined]] uuid:92D49F83-E316-40F5-8105-E3F141AD0939 intent:IXCoordinatorIntentUpdating creator/appDRI:InstallCoordination Simple SPI importance:UserWaiting state:IXAppCoordinationStatePlaceholderPromiseNotSet promise-state:01234>: Firing applicable observers for client <IXSClientConnection<0x1018453e0> client:CoreSimulatorBridge (pid 50222) uuid:97E4103C-0E7B-4BF2-9B64-F2D450B25CB1>
2026-06-22 01:12:29.631 Df installcoordinationd[73024:4b64a8] [com.apple.installcoordination:daemon] -[IXSCoordinatedAppInstall setPriorityBoostCompletion:withSourceInfo:]: <IXSCoordinatedAppInstall<0x1019f4000> [P=CoreSimulatorBridge (pid 50222)] identifier:[com.DefaultCompany.NeonDrift/Invalid/[system-defined]] uuid:92D49F83-E316-40F5-8105-E3F141AD0939 intent:IXCoordinatorIntentUpdating creator/appDRI:InstallCoordination Simple SPI importance:UserWaiting state:IXAppCoordinationStatePlaceholderPromiseNotSet promise-state:01234>: Disposing of completion from CoreSimulatorBridge (50222), QOS_CLASS_DEFAULT (0x15)
2026-06-22 01:12:29.631 Df installcoordinationd[73024:4b64a8] [com.apple.installcoordination:daemon] -[IXSCoordinatedAppInstall setPriorityBoostCompletion:withSourceInfo:]: <IXSCoordinatedAppInstall<0x1019f4000> [P=CoreSimulatorBridge (pid 50222)] identifier:[com.DefaultCompany.NeonDrift/Invalid/[system-defined]] uuid:92D49F83-E316-40F5-8105-E3F141AD0939 intent:IXCoordinatorIntentUpdating creator/appDRI:InstallCoordination Simple SPI importance:UserWaiting state:IXAppCoordinationStatePlaceholderPromiseNotSet promise-state:01234>: Retaining completion from CoreSimulatorBridge (50222), QOS_CLASS_DEFAULT (0x15)
2026-06-22 01:12:29.631 Df CoreSimulatorBridge[50222:4b64aa] [com.apple.installcoordination:framework] -[IXAppInstallCoordinator _clientDelegate_didRegisterForObservation]: <IXUpdatingAppInstallCoordinator<0x101476bc0> identity:[com.DefaultCompany.NeonDrift/Invalid/[system-defined]] uuid:92D49F83-E316-40F5-8105-E3F141AD0939 creator:InstallCoordination Simple SPI>: Got observer registration delegate
2026-06-22 01:12:29.631 Df CoreSimulatorBridge[50222:4b64a9] [com.apple.installcoordination:framework] -[IXAppInstallCoordinator _clientDelegate_didRegisterForObservation]_block_invoke: <IXUpdatingAppInstallCoordinator<0x101476bc0> identity:[com.DefaultCompany.NeonDrift/Invalid/[system-defined]] uuid:92D49F83-E316-40F5-8105-E3F141AD0939 creator:InstallCoordination Simple SPI>: Observer <_IXSimpleInstallerDelegate 0x0x1017d8f00> does not respond to coordinatorDidRegisterForObservation:
2026-06-22 01:12:29.631 Df CoreSimulatorBridge[50222:4b64aa] [com.apple.installcoordination:framework] -[IXAppInstallCoordinator _clientDelegate_shouldResume]: <IXUpdatingAppInstallCoordinator<0x101476bc0> identity:[com.DefaultCompany.NeonDrift/Invalid/[system-defined]] uuid:92D49F83-E316-40F5-8105-E3F141AD0939 creator:InstallCoordination Simple SPI>: Got should resume delegate
2026-06-22 01:12:29.631 Df CoreSimulatorBridge[50222:4b64a9] [com.apple.installcoordination:framework] -[IXAppInstallCoordinator _clientDelegate_shouldResume]_block_invoke: <IXUpdatingAppInstallCoordinator<0x101476bc0> identity:[com.DefaultCompany.NeonDrift/Invalid/[system-defined]] uuid:92D49F83-E316-40F5-8105-E3F141AD0939 creator:InstallCoordination Simple SPI>: Observer <_IXSimpleInstallerDelegate 0x0x1017d8f00> does not respond to coordinatorShouldResume:
2026-06-22 01:12:29.633 Df installcoordinationd[73024:4b64a8] [com.apple.installcoordination:daemon] -[IXSCoordinatedAppInstall _internal_setInstallOptionsPromise:performExternalActions:]: <IXSCoordinatedAppInstall<0x1019f4000> [P=CoreSimulatorBridge (pid 50222)] identifier:[com.DefaultCompany.NeonDrift/Invalid/[system-defined]] uuid:92D49F83-E316-40F5-8105-E3F141AD0939 intent:IXCoordinatorIntentUpdating creator/appDRI:InstallCoordination Simple SPI importance:UserWaiting state:IXAppCoordinationStatePlaceholderPromiseNotSet promise-state:012I4> : install options set: <IXSPromisedInMemoryData(0x1018e6300) Name:MIInstallOptions data Creator:Install Coordination Internal UUID:42B3D74C-2209-4E18-995B-E01B99C6974B Location:[system-defined]>
2026-06-22 01:12:29.633 Df installcoordinationd[73024:4b64ac] [com.apple.installcoordination:daemon] -[IXSCoordinatedAppInstall promiseDidComplete:]: <IXSCoordinatedAppInstall<0x1019f4000> [P=CoreSimulatorBridge (pid 50222)] identifier:[com.DefaultCompany.NeonDrift/Invalid/[system-defined]] uuid:92D49F83-E316-40F5-8105-E3F141AD0939 intent:IXCoordinatorIntentUpdating creator/appDRI:InstallCoordination Simple SPI importance:UserWaiting state:IXAppCoordinationStatePlaceholderPromiseNotSet promise-state:012I4> : Promise completed: <IXSPromisedInMemoryData(0x1018e6300) Name:MIInstallOptions data Creator:Install Coordination Internal UUID:42B3D74C-2209-4E18-995B-E01B99C6974B Location:[system-defined]>
2026-06-22 01:12:29.633 Df installcoordinationd[73024:4b64ac] [com.apple.appinstallation:TransactionLog] com.DefaultCompany.NeonDrift/Unknown Persona:4:13:1:1:Install Options Promise began. Coordinator State: IXAppCoordinationStatePlaceholderPromiseNotSet
2026-06-22 01:12:29.633 Df installcoordinationd[73024:4b64ac] [com.apple.appinstallation:TransactionLog] com.DefaultCompany.NeonDrift/Unknown Persona:4:13:2:1:Install Options Promise completed. Coordinator State: IXAppCoordinationStatePlaceholderPromiseNotSet
2026-06-22 01:12:29.633 Df installcoordinationd[73024:4b64ac] [com.apple.installcoordination:daemon] -[IXSCoordinatedAppInstall _internal_setAppAssetPromise:performExternalActions:]: <IXSCoordinatedAppInstall<0x1019f4000> [P=CoreSimulatorBridge (pid 50222)] identifier:[com.DefaultCompany.NeonDrift/Invalid/[system-defined]] uuid:92D49F83-E316-40F5-8105-E3F141AD0939 intent:IXCoordinatorIntentUpdating creator/appDRI:InstallCoordination Simple SPI importance:UserWaiting state:IXAppCoordinationStatePlaceholderPromiseNotSet promise-state:0a2I4> : App Asset Promise set: <IXSPromisedTransferToPath(0x1018e5780) Name:App Asset: com.DefaultCompany.NeonDrift Creator:InstallCoordination Simple SPI UUID:1D22D0E9-51AC-47EC-980C-06FD937ED4E9 Location:[system-defined]>
2026-06-22 01:12:29.634 Df installcoordinationd[73024:4b64ac] [com.apple.installcoordination:daemon] -[IXSCoordinatedAppInstall setInitialODRAssetPromises:]: <IXSCoordinatedAppInstall<0x1019f4000> [P=CoreSimulatorBridge (pid 50222)] identifier:[com.DefaultCompany.NeonDrift/Invalid/[system-defined]] uuid:92D49F83-E316-40F5-8105-E3F141AD0939 intent:IXCoordinatorIntentUpdating creator/appDRI:InstallCoordination Simple SPI importance:UserWaiting state:IXAppCoordinationStatePlaceholderPromiseNotSet promise-state:0a2I4> : Initial ODR Asset Promises set: (
)
2026-06-22 01:12:29.634 Df CoreSimulatorBridge[50222:4937f4] [com.apple.installcoordination:framework] -[IXPromisedTransferToPath _performDeltaCopyFrom:toDestination:]: Performing delta copy from /Users/dragonkao/.openclaw/workspace/382b9e3384298039b171c9b2a60ae644/NeonDrift_MVP/project/xcode_derived_data/Build/Products/Release-iphonesimulator/NeonDrift.app to /Users/dragonkao/Library/Developer/CoreSimulator/Devices/CCB1E793-CED4-4FCD-BF73-321AAEA77AB9/data/Containers/Shared/SystemGroup/systemgroup.com.apple.installcoordinationd/Library/InstallCoordination/PromiseStaging/1D22D0E9-51AC-47EC-980C-06FD937ED4E9/NeonDrift.app with installed bundle at /Users/dragonkao/Library/Developer/CoreSimulator/Devices/CCB1E793-CED4-4FCD-BF73-321AAEA77AB9/data/Containers/Bundle/Application/EF163BE0-E948-42A5-B16D-949615BABFF6/NeonDrift.app
2026-06-22 01:12:29.635 Df CoreSimulatorBridge[50222:4937f4] (MobileSystemServices) 0x16fd5b000 MDMCreateDeltaDirectory: calling MDMDirectoryDiff with:
state->old_bundle: /Users/dragonkao/Library/Developer/CoreSimulator/Devices/CCB1E793-CED4-4FCD-BF73-321AAEA77AB9/data/Containers/Bundle/Application/EF163BE0-E948-42A5-B16D-949615BABFF6/NeonDrift.app
state->new_bundle: /Users/dragonkao/.openclaw/workspace/382b9e3384298039b171c9b2a60ae644/NeonDrift_MVP/project/xcode_derived_data/Build/Products/Release-iphonesimulator/NeonDrift.app
state->dst_bundle: /Users/dragonkao/Library/Developer/CoreSimulator/Devices/CCB1E793-CED4-4FCD-BF73-321AAEA77AB9/data/Containers/Shared/SystemGroup/systemgroup.com.apple.installcoordinationd/Library/InstallCoordination/PromiseStaging/1D22D0E9-51AC-47EC-980C-06FD937ED4E9/NeonDrift.app/Payload//NeonDrift.app, binaryDiff flag: FALSE
	dst_ipa: /Users/dragonkao/Library/Developer/CoreSimulator/Devices/CCB1E793-CED4-4FCD-BF73-321AAEA77AB9/data/Containers/Shared/SystemGroup/systemgroup.com.apple.installcoordinationd/Library/InstallCoordination/PromiseStaging/1D22D<…>
2026-06-22 01:12:29.696 Df CoreSimulatorBridge[50222:4937f4] [com.apple.installcoordination:framework] -[IXPromisedTransferToPath setComplete:]: <IXPromisedTransferToPath<0x101476e40> name:"App Asset: com.DefaultCompany.NeonDrift" uuid:1D22D0E9-51AC-47EC-980C-06FD937ED4E9 creator:"InstallCoordination Simple SPI" location:[system-defined]> Delta Copy operation from /Users/dragonkao/.openclaw/workspace/382b9e3384298039b171c9b2a60ae644/NeonDrift_MVP/project/xcode_derived_data/Build/Products/Release-iphonesimulator/NeonDrift.app to /Users/dragonkao/Library/Developer/CoreSimulator/Devices/CCB1E793-CED4-4FCD-BF73-321AAEA77AB9/data/Containers/Shared/SystemGroup/systemgroup.com.apple.installcoordinationd/Library/InstallCoordination/PromiseStaging/1D22D0E9-51AC-47EC-980C-06FD937ED4E9/NeonDrift.app took 0.062251 seconds
2026-06-22 01:12:29.697 Df installcoordinationd[73024:4b64ac] [com.apple.installcoordination:daemon] -[IXSDataPromise _setPercentComplete:saveStateIfNeeded:]: Progress: <IXSPromisedTransferToPath(0x1018e5780) Name:App Asset: com.DefaultCompany.NeonDrift Creator:InstallCoordination Simple SPI UUID:1D22D0E9-51AC-47EC-980C-06FD937ED4E9 Location:[system-defined]>
2026-06-22 01:12:29.697 Df installcoordinationd[73024:4b1c51] [com.apple.appinstallation:TransactionLog] com.DefaultCompany.NeonDrift/Unknown Persona:4:10:1:1:App Asset Promise began. Coordinator State: IXAppCoordinationStatePlaceholderPromiseNotSet
2026-06-22 01:12:29.697 Df CoreSimulatorBridge[50222:4b64aa] [com.apple.installcoordination:framework] -[IXAppInstallCoordinator _clientDelegate_promiseDidBeginFulfillmentWithIdentifier:]: <IXUpdatingAppInstallCoordinator<0x101476bc0> identity:[com.DefaultCompany.NeonDrift/Invalid/[system-defined]] uuid:92D49F83-E316-40F5-8105-E3F141AD0939 creator:InstallCoordination Simple SPI>: Got promise did begin fulfillment for identifier 2
2026-06-22 01:12:29.697 Df CoreSimulatorBridge[50222:4b64aa] [com.apple.installcoordination:framework] -[IXAppInstallCoordinator _clientDelegate_promiseDidBeginFulfillmentWithIdentifier:]_block_invoke: <IXUpdatingAppInstallCoordinator<0x101476bc0> identity:[com.DefaultCompany.NeonDrift/Invalid/[system-defined]] uuid:92D49F83-E316-40F5-8105-E3F141AD0939 creator:InstallCoordination Simple SPI>: Observer <_IXSimpleInstallerDelegate 0x0x1017d8f00> does not respond to coordinator:configuredPromiseDidBeginFulfillment: (or any deprecated equivalent)
2026-06-22 01:12:29.698 Df installcoordinationd[73024:4b64a8] [com.apple.installcoordination:daemon] -[IXSCoordinatedAppInstall promiseDidComplete:]: <IXSCoordinatedAppInstall<0x1019f4000> [P=CoreSimulatorBridge (pid 50222)] identifier:[com.DefaultCompany.NeonDrift/Invalid/[system-defined]] uuid:92D49F83-E316-40F5-8105-E3F141AD0939 intent:IXCoordinatorIntentUpdating creator/appDRI:InstallCoordination Simple SPI importance:UserWaiting state:IXAppCoordinationStatePlaceholderPromiseNotSet promise-state:0A2I4> : Promise completed: <IXSPromisedTransferToPath(0x1018e5780) Name:App Asset: com.DefaultCompany.NeonDrift Creator:InstallCoordination Simple SPI UUID:1D22D0E9-51AC-47EC-980C-06FD937ED4E9 Location:[system-defined]>
2026-06-22 01:12:29.698 Df installcoordinationd[73024:4b64b0] [com.apple.appinstallation:TransactionLog] com.DefaultCompany.NeonDrift/Unknown Persona:4:10:2:1:App Asset Promise completed. Coordinator State: IXAppCoordinationStatePlaceholderPromiseNotSet
2026-06-22 01:12:29.698 Df CoreSimulatorBridge[50222:4b64aa] [com.apple.installcoordination:framework] -[IXAppInstallCoordinator _clientDelegate_didUpdateProgress:forPhase:overallProgress:]: <IXUpdatingAppInstallCoordinator<0x101476bc0> identity:[com.DefaultCompany.NeonDrift/Invalid/[system-defined]] uuid:92D49F83-E316-40F5-8105-E3F141AD0939 creator:InstallCoordination Simple SPI>: Got did update progress delegate with percentComplete 100.000000 phase IXCoordinatorProgressPhaseLoading overallProgress 60.000000
2026-06-22 01:12:29.698 Df installcoordinationd[73024:4b1c51] [com.apple.installcoordination:daemon] -[IXSCoordinatedAppInstall setPlaceholderPromise:]: <IXSCoordinatedAppInstall<0x1019f4000> [P=CoreSimulatorBridge (pid 50222)] identifier:[com.DefaultCompany.NeonDrift/Invalid/[system-defined]] uuid:92D49F83-E316-40F5-8105-E3F141AD0939 intent:IXCoordinatorIntentUpdating creator/appDRI:InstallCoordination Simple SPI importance:UserWaiting state:IXAppCoordinationStateReadyForPlaceholderInstall promise-state:PA2I4> : Placeholder Promise set: <IXSPlaceholder(0x10190c500) Name:App Placeholder: NeonDrift (com.DefaultCompany.NeonDrift) Creator:InstallCoordination Simple SPI UUID:6941B4A6-5CA1-4E69-B5A7-0FEDFD496C75 Location:[system-defined]>
2026-06-22 01:12:29.698 Df CoreSimulatorBridge[50222:4b64aa] [com.apple.installcoordination:framework] -[IXAppInstallCoordinator _clientDelegate_didUpdateProgress:forPhase:overallProgress:]_block_invoke: <IXUpdatingAppInstallCoordinator<0x101476bc0> identity:[com.DefaultCompany.NeonDrift/Invalid/[system-defined]] uuid:92D49F83-E316-40F5-8105-E3F141AD0939 creator:InstallCoordination Simple SPI>: Calling selector coordinator:didUpdateProgress:forPhase:overallProgress: on observer <_IXSimpleInstallerDelegate 0x0x1017d8f00>
2026-06-22 01:12:29.698 Df installcoordinationd[73024:4b64b0] [com.apple.installcoordination:daemon] -[IXSCoordinatedAppInstall promiseDidComplete:]: <IXSCoordinatedAppInstall<0x1019f4000> [P=CoreSimulatorBridge (pid 50222)] identifier:[com.DefaultCompany.NeonDrift/Invalid/[system-defined]] uuid:92D49F83-E316-40F5-8105-E3F141AD0939 intent:IXCoordinatorIntentUpdating creator/appDRI:InstallCoordination Simple SPI importance:UserWaiting state:IXAppCoordinationStateReadyForPlaceholderInstall promise-state:PA2I4> : Promise completed: <IXSPlaceholder(0x10190c500) Name:App Placeholder: NeonDrift (com.DefaultCompany.NeonDrift) Creator:InstallCoordination Simple SPI UUID:6941B4A6-5CA1-4E69-B5A7-0FEDFD496C75 Location:[system-defined]>
2026-06-22 01:12:29.698 Df installcoordinationd[73024:4b1c51] [com.apple.installcoordination:daemon] -[IXSCoordinatedAppInstall _onQueue_acquireAssertionAndInstallPlaceholder]: Acquiring termination assertion to install placeholder for [com.DefaultCompany.NeonDrift/Invalid/[system-defined]]
2026-06-22 01:12:29.698 Df installcoordinationd[73024:4b1c51] [com.apple.installcoordination:daemon] -[IXSPendingOperationsTracker beginPendingOperationForIdentity:]_block_invoke: Beginning pending operation for [com.DefaultCompany.NeonDrift/Invalid/[system-defined]]
2026-06-22 01:12:29.699 Df installcoordinationd[73024:4b64b0] [com.apple.runningboard:process] Hit the server for a process handle 160cada200015aec that resolved to: [app<com.DefaultCompany.NeonDrift((null))>:88812]
2026-06-22 01:12:29.699 Df runningboardd[50195:4b40fd] [com.apple.runningboard:connection] Received termination request from [osservice<com.apple.installcoordinationd>:73024] on <RBSProcessPredicate <RBSProcessBundleIdentifierPredicate "com.DefaultCompany.NeonDrift">> with context <RBSTerminateContext| explanation:installcoordinationd app:[com.DefaultCompany.NeonDrift/Invalid/[system-defined]] uuid:92D49F83-E316-40F5-8105-E3F141AD0939 isPlaceholder:Y reportType:None maxTerminationResistance:Absolute attrs:[
	<RBSPreventLaunchLimitation| <RBSProcessPredicate <RBSProcessBundleIdentifierPredicate "com.DefaultCompany.NeonDrift">> allow:(null)>
	]>
2026-06-22 01:12:29.699 Df installcoordinationd[73024:4b64b0] [com.apple.runningboard:monitor] Received state update for 88812 (app<com.DefaultCompany.NeonDrift((null))>, running-active-NotVisible
2026-06-22 01:12:29.699 Df runningboardd[50195:4b40fd] [com.apple.runningboard:general] Found 0 extensions contained in com.DefaultCompany.NeonDrift
2026-06-22 01:12:29.700 Df runningboardd[50195:4b40fd] [com.apple.PlugInKit:holds] <PKManager:0x1095d5680> hold request for [/Users/dragonkao/Library/Developer/CoreSimulator/Devices/CCB1E793-CED4-4FCD-BF73-321AAEA77AB9/data/Containers/Bundle/Application/EF163BE0-E948-42A5-B16D-949615BABFF6/NeonDrift.app] with flags: 0x4
2026-06-22 01:12:29.700 Df NeonDrift[88812:4b1eef] [com.apple.PlugInKit:discovery] Annotations changed, re-performing query for continuous discovery, report block = <0x11748bfc0>.
2026-06-22 01:12:29.700 Df NeonDrift[88812:4b1eee] [com.apple.PlugInKit:discovery] Annotations changed, re-performing query for continuous discovery, report block = <0x1174ec1b0>.
2026-06-22 01:12:29.700 Df NeonDrift[88812:4b1ef3] [com.apple.PlugInKit:discovery] Annotations changed, re-performing query for continuous discovery, report block = <0x1174ec2d0>.
2026-06-22 01:12:29.700 Df runningboardd[50195:4b40fd] [com.apple.PlugInKit:holds] <PKManager:0x1095d5680> hold request for [/Users/dragonkao/Library/Developer/CoreSimulator/Devices/CCB1E793-CED4-4FCD-BF73-321AAEA77AB9/data/Containers/Bundle/Application/EF163BE0-E948-42A5-B16D-949615BABFF6/NeonDrift.app] with flags: 0x4 completed with hold token: [049B9E8E-3E39-4622-874B-641374FABE1B]
2026-06-22 01:12:29.700 Df NeonDrift[88812:4b1eee] [com.apple.PlugInKit:discovery] [d 137BA218-6491-4A96-B202-CE07719C3F65] <PKHost:0x1174b4380> Beginning discovery for flags: 0, point: com.apple.AudioUnit-UI
2026-06-22 01:12:29.700 Df NeonDrift[88812:4b1eef] [com.apple.PlugInKit:discovery] [d 3477FCD8-0E5E-48F5-A9BB-509630C2205D] <PKHost:0x1174b4380> Beginning discovery for flags: 0, point: com.apple.AudioUnit
2026-06-22 01:12:29.700 Df NeonDrift[88812:4b1ef3] [com.apple.PlugInKit:discovery] [d C5F4C7C3-26AE-412F-9B93-C819CFE20BE6] <PKHost:0x1174b4380> Beginning discovery for flags: 0, point: com.apple.AudioUnit-Speech
2026-06-22 01:12:29.700 Df runningboardd[50195:4b40fd] [com.apple.runningboard:ttl] Acquiring assertion targeting system from originator [osservice<com.apple.installcoordinationd>:73024] with description <RBSAssertionDescriptor| "installcoordinationd app:[com.DefaultCompany.NeonDrift/Invalid/[system-defined]] uuid:92D49F83-E316-40F5-8105-E3F141AD0939 isPlaceholder:Y" ID:50195-73024-4861 target:system attributes:[
	<RBSPreventLaunchLimitation| <RBSProcessPredicate <RBSProcessBundleIdentifierPredicate "com.DefaultCompany.NeonDrift">> allow:(null)>
	]>
2026-06-22 01:12:29.701 Df runningboardd[50195:4b40fd] [com.apple.runningboard:process] Executing termination request for: <RBSProcessPredicate <RBSProcessBundleIdentifierPredicate "com.DefaultCompany.NeonDrift">>
2026-06-22 01:12:29.701 Df runningboardd[50195:4b40fd] [com.apple.runningboard:process] [app<com.DefaultCompany.NeonDrift((null))>:88812] Terminating with context: <RBSTerminateContext| explanation:installcoordinationd app:[com.DefaultCompany.NeonDrift/Invalid/[system-defined]] uuid:92D49F83-E316-40F5-8105-E3F141AD0939 isPlaceholder:Y reportType:None maxTerminationResistance:Absolute attrs:[
	<RBSPreventLaunchLimitation| <RBSProcessPredicate <RBSProcessBundleIdentifierPredicate "com.DefaultCompany.NeonDrift">> allow:(null)>
	]>
2026-06-22 01:12:29.701 Df SpringBoard[50190:3c6b67] [com.apple.SpringBoard:Common] termination assertion acquired for com.DefaultCompany.NeonDrift
2026-06-22 01:12:29.701 Df SpringBoard[50190:3c6b67] [com.apple.SpringBoard:Icon] 0x12b21ad00-SBApplicationIcon Data source did change: <SBApplication: 0x1244c8000; com.DefaultCompany.NeonDrift> {
    processState = <SBApplicationProcessState: 0x1246764c0; pid: 88812; taskState: Running; visibility: Foreground>;
} (SBApplication)
2026-06-22 01:12:29.701 Df runningboardd[50195:4b40fd] [com.apple.runningboard:process] [app<com.DefaultCompany.NeonDrift((null))>:88812] terminate_with_reason() success
2026-06-22 01:12:29.702 Df installcoordinationd[73024:4b1c51] [com.apple.runningboard:assertion] Setting up death monitor for [app<com.DefaultCompany.NeonDrift((null))>:88812]
2026-06-22 01:12:29.702 Df installcoordinationd[73024:4b1c51] [com.apple.runningboard:process] Starting death monitoring for handle [app<com.DefaultCompany.NeonDrift((null))>:88812]
2026-06-22 01:12:29.703 Df installcoordinationd[73024:4b64b0] [com.apple.appinstallation:TransactionLog] com.DefaultCompany.NeonDrift/Unknown Persona:4:9:1:1:Placeholder Promise began. Coordinator State: IXAppCoordinationStateWaitingForPlaceholderAssertion
2026-06-22 01:12:29.703 Df installcoordinationd[73024:4b64b0] [com.apple.installcoordination:daemon] -[IXSCoordinatorProgress setTotalUnitsCompleted:]: Progress for coordinator: [com.DefaultCompany.NeonDrift/Invalid/[system-defined]], Phase: IXCoordinatorProgressPhaseLoading, Percentage: 100.000000: Attempt to set units completed on finished progress: 100
2026-06-22 01:12:29.703 Df installcoordinationd[73024:4b64b0] [com.apple.appinstallation:TransactionLog] com.DefaultCompany.NeonDrift/Unknown Persona:4:9:2:1:Placeholder Promise completed. Coordinator State: IXAppCoordinationStateWaitingForPlaceholderAssertion
2026-06-22 01:12:29.703 Df CoreSimulatorBridge[50222:4b64a9] [com.apple.installcoordination:framework] -[IXAppInstallCoordinator _clientDelegate_promiseDidBeginFulfillmentWithIdentifier:]: <IXUpdatingAppInstallCoordinator<0x101476bc0> identity:[com.DefaultCompany.NeonDrift/Invalid/[system-defined]] uuid:92D49F83-E316-40F5-8105-E3F141AD0939 creator:InstallCoordination Simple SPI>: Got promise did begin fulfillment for identifier 1
2026-06-22 01:12:29.703 Df CoreSimulatorBridge[50222:4b64a9] [com.apple.installcoordination:framework] -[IXAppInstallCoordinator _clientDelegate_promiseDidBeginFulfillmentWithIdentifier:]_block_invoke: <IXUpdatingAppInstallCoordinator<0x101476bc0> identity:[com.DefaultCompany.NeonDrift/Invalid/[system-defined]] uuid:92D49F83-E316-40F5-8105-E3F141AD0939 creator:InstallCoordination Simple SPI>: Observer <_IXSimpleInstallerDelegate 0x0x1017d8f00> does not respond to coordinator:configuredPromiseDidBeginFulfillment: (or any deprecated equivalent)
2026-06-22 01:12:29.745 Df backboardd[50213:4b64d4] [com.apple.iohid:default] Connection removed: IOHIDEventSystemConnection uuid:3B02CBB0-929B-4439-BE62-33F0CAE61A6B pid:88812 process:NeonDrift type:Passive entitlements:0x0 caller:BackBoardServices: ___getHIDEventSystemClient_block_invoke + 296 attributes:{
    HighFrequency = 0;
    bundleID = "com.DefaultCompany.NeonDrift";
    pid = 88812;
} state:0x1 events:49 mask:0x808 dropped:0 dropStatus:0 droppedMask:0x0 lastDroppedTime:NONE
2026-06-22 01:12:29.745 Df backboardd[50213:4b64d5] [com.apple.iohid:default] Connection removed: IOHIDEventSystemConnection uuid:0669159F-E07B-4CBC-93BD-30DFE237FA9B pid:88812 process:NeonDrift type:Monitor entitlements:0x0 caller:GameControllerFoundation: -[GCHIDEventSystemClient initWithQueue:type:attributes:functions:] + 116 attributes:(null) state:0x1 events:0 mask:0x0 dropped:0 dropStatus:0 droppedMask:0x0 lastDroppedTime:NONE
2026-06-22 01:12:29.745 Df SpringBoard[50190:4b64d6] [com.apple.FrontBoard:ProcessWorkspace] [app<com.DefaultCompany.NeonDrift>:88812] Workspace connection invalidated.
2026-06-22 01:12:29.745 Df backboardd[50213:4b64d4] [com.apple.BackBoard:HID] Removing client connection <BKHIDClientConnection: 0x10c967fc0; IOHIDEventSystemConnectionRef: 0x105b79c00; vpid: 88812(v69801); taskPort: 0xEFA3; bundleID: com.DefaultCompany.NeonDrift> for client: IOHIDEventSystemConnection uuid:3B02CBB0-929B-4439-BE62-33F0CAE61A6B pid:88812 process:NeonDrift type:Passive entitlements:0x0 caller:BackBoardServices: ___getHIDEventSystemClient_block_invoke + 296 attributes:{
    HighFrequency = 0;
    bundleID = "com.DefaultCompany.NeonDrift";
    pid = 88812;
} state:0x1 events:49 mask:0x808 dropped:0 dropStatus:0 droppedMask:0x0 lastDroppedTime:NONE source:HID
2026-06-22 01:12:29.745 Df SpringBoard[50190:4b64d6] [com.apple.FrontBoard:Process] [app<com.DefaultCompany.NeonDrift>:88812] Now flagged as pending exit for reason: workspace client connection invalidated
2026-06-22 01:12:29.745 Df SpringBoard[50190:4b5ece] [com.apple.KeyboardArbiter:Handle] com.DefaultCompany.NeonDrift(88812) lostConnection (invalidation)
2026-06-22 01:12:29.746 Df SpringBoard[50190:4b5ece] [com.apple.KeyboardArbiter:Handle] RX com.DefaultCompany.NeonDrift(88812) setWindowContextID:0 windowState:Disabled level:0.0
    focusContext:(null)
2026-06-22 01:12:29.746 Df SpringBoard[50190:3c6b67] [com.apple.SpringBoard:KeyboardFocus] [coordinator] using MRU target <com.apple.frontboard.systemappservices/FBSceneManager:sceneID%3Acom.DefaultCompany.NeonDrift-default pid:88812>
2026-06-22 01:12:29.746 Df backboardd[50213:4b3c3c] [com.apple.BackBoard:EventDelivery] chain did update (setDeferringRules) <keyboardFocus; display: null> containsEndOfChain: YES; [
    <token: com.apple.frontboard.systemappservices/FBSceneManager:com.apple.springboard; pid: 50190>,
    <token: com.apple.frontboard.systemappservices/FBSceneManager:sceneID%3Acom.DefaultCompany.NeonDrift-default; pid: 88812>
]
2026-06-22 01:12:29.746 Df SpringBoard[50190:3c6b67] [com.apple.SpringBoard:KeyboardFocus] [coordinator] informing scene controller 'com.apple.springboard' of focusTarget: <com.apple.frontboard.systemappservices/FBSceneManager:sceneID%3Acom.DefaultCompany.NeonDrift-default pid:88812>
2026-06-22 01:12:29.746 Df backboardd[50213:4b3c3c] [com.apple.BackBoard:EventDelivery] chain did update (setDeferringRules) <keyboardFocus; display: builtin> containsEndOfChain: YES; [
    <token: com.apple.frontboard.systemappservices/FBSceneManager:com.apple.springboard; pid: 50190>,
    <token: com.apple.frontboard.systemappservices/FBSceneManager:sceneID%3Acom.DefaultCompany.NeonDrift-default; pid: 88812>
]
2026-06-22 01:12:29.747 Df SpringBoard[50190:3c6b67] [com.apple.SpringBoard:KeyboardFocus] [coordinator] keyboard arbiter suggested <nothing> and we replied <com.apple.frontboard.systemappservices/FBSceneManager:sceneID%3Acom.DefaultCompany.NeonDrift-default pid:88812>
2026-06-22 01:12:29.747 E  SpringBoard[50190:4b64d6] [com.apple.UIKit:KeyboardArbiter] Advisor: No handle found for currently focused PID: 88812; sceneIdentity: com.apple.frontboard.systemappservices/FBSceneManager:sceneID%3Acom.DefaultCompany.NeonDrift-default
2026-06-22 01:12:29.755 Df launchd_sim[50184:4b5f76] [user/501:] service inactive: UIKitApplication:com.DefaultCompany.NeonDrift[71f0][rb-legacy]
2026-06-22 01:12:29.755 Df runningboardd[50195:4b64ba] [com.apple.runningboard:ttl] [app<com.DefaultCompany.NeonDrift((null))>:88812] termination reported by launchd (0, 0, 9)
2026-06-22 01:12:29.755 Df runningboardd[50195:4b64ba] [com.apple.runningboard:process] Removing process: [app<com.DefaultCompany.NeonDrift((null))>:88812]
2026-06-22 01:12:29.755 Df runningboardd[50195:4b64ba] [com.apple.runningboard:job] Removing launch job for: [app<com.DefaultCompany.NeonDrift((null))>:88812]
2026-06-22 01:12:29.756 Df launchd_sim[50184:4b634f] [user/501:] removing service: UIKitApplication:com.DefaultCompany.NeonDrift[71f0][rb-legacy]
2026-06-22 01:12:29.756 Df runningboardd[50195:4b64ba] [com.apple.runningboard:job] Removed job for [app<com.DefaultCompany.NeonDrift((null))>:88812]
2026-06-22 01:12:29.756 Df runningboardd[50195:4b64ba] [com.apple.runningboard:process] Removing assertions for terminated process: [app<com.DefaultCompany.NeonDrift((null))>:88812]
2026-06-22 01:12:29.756 Df runningboardd[50195:4b64ba] [com.apple.runningboard:assertion] Removed last relative-start-date-defining assertion for process app<com.DefaultCompany.NeonDrift((null))>
2026-06-22 01:12:29.756 Df SpringBoard[50190:4b64d6] [com.apple.FrontBoard:ProcessWorkspace] [app<com.DefaultCompany.NeonDrift>:88812] Workspace assertion invalidated: <NSError: 0x1246d3900; domain: RBSAssertionErrorDomain; code: 1; "Assertions were invalidated, count = 3.
50195-50190-4821: invalidation reason: 1
50195-50190-4804: invalidation reason: 1
50195-50190-4805: invalidation reason: 1">
2026-06-22 01:12:29.756 Df runningboardd[50195:4b40fd] [com.apple.runningboard:process] Notifying connection [osservice<com.apple.SpringBoard>:50190] that process [app<com.DefaultCompany.NeonDrift((null))>:88812] exited with context <RBSProcessExitContext| specific, status:<RBSProcessExitStatus| domain:signal(2) code:SIGKILL(9)>>
2026-06-22 01:12:29.756 Df runningboardd[50195:4b64ba] [com.apple.runningboard:monitor] Calculated state for app<com.DefaultCompany.NeonDrift((null))>: none (role: None) (endowments: (null))
2026-06-22 01:12:29.756 Df runningboardd[50195:4b40fb] [com.apple.runningboard:connection] Inheritance changeset: <RBSInheritanceChangeSet| gained:(null) lost:{(
    <RBSInheritance| environment:UIScene:com.apple.frontboard.systemappservices/FBSceneManager:sceneID%3Acom.DefaultCompany.NeonDrift-default name:com.apple.frontboard.visibility origID:50195-50190-4821 payload 988977049718614166>,
    <RBSInheritance| environment:(none) name:com.apple.frontboard.visibility origID:50195-50190-4805 0>
)}>
2026-06-22 01:12:29.756 Df runningboardd[50195:4b40fd] [com.apple.runningboard:process] Notifying connection [osservice<com.apple.installcoordinationd>:73024] that process [app<com.DefaultCompany.NeonDrift((null))>:88812] exited with context <RBSProcessExitContext| specific, status:<RBSProcessExitStatus| domain:signal(2) code:SIGKILL(9)>>
2026-06-22 01:12:29.756 Df SpringBoard[50190:4b5ece] [com.apple.runningboard:process] Calling process death completion block for handle [app<com.DefaultCompany.NeonDrift((null))>:88812]
2026-06-22 01:12:29.756 Df runningboardd[50195:4b40fb] [com.apple.runningboard:monitor] Calculated state for app<com.DefaultCompany.NeonDrift((null))>: none (role: None) (endowments: (null))
2026-06-22 01:12:29.756 Df SpringBoard[50190:4b5ece] [com.apple.FrontBoard:Process] [app<com.DefaultCompany.NeonDrift>:88812] Process exited: <RBSProcessExitContext| specific, status:<RBSProcessExitStatus| domain:signal(2) code:SIGKILL(9)>>.
2026-06-22 01:12:29.756 Df SpringBoard[50190:4b5ece] [com.apple.FrontBoard:Process] [app<com.DefaultCompany.NeonDrift>:88812] Setting process task state to: Not Running
2026-06-22 01:12:29.756 Df SpringBoard[50190:4b5ece] [com.apple.FrontBoard:Process] [app<com.DefaultCompany.NeonDrift>:88812] Setting process visibility to: Unknown
2026-06-22 01:12:29.756 Df SpringBoard[50190:4b64d6] [com.apple.FrontBoard:ProcessWorkspace] [app<com.DefaultCompany.NeonDrift>:88812] Invalidating workspace.
2026-06-22 01:12:29.756 Df installcoordinationd[73024:4b64b0] [com.apple.runningboard:process] Calling process death completion block for handle [app<com.DefaultCompany.NeonDrift((null))>:88812]
