2026-06-27 01:11:02.754 Df installcoordinationd[84878:964df7] [com.apple.installcoordination:daemon] -[IXSCoordinatedAppInstall setPriorityBoostCompletion:withSourceInfo:]: <IXSCoordinatedAppInstall<0x105e1c000> [P=CoreSimulatorBridge (pid 84699)] identifier:[com.DefaultCompany.NeonDrift.run.1782493753.82761/Invalid/[system-defined]] uuid:08922505-C3FD-4C63-A1B1-3ED921BFFC80 intent:IXCoordinatorIntentUpdating creator/appDRI:InstallCoordination Simple SPI importance:UserWaiting state:IXAppCoordinationStatePlaceholderPromiseNotSet promise-state:01234>: Disposing of completion from CoreSimulatorBridge (84699), QOS_CLASS_DEFAULT (0x15)
2026-06-27 01:11:02.754 Df installcoordinationd[84878:964df7] [com.apple.installcoordination:daemon] -[IXSCoordinatedAppInstall setPriorityBoostCompletion:withSourceInfo:]: <IXSCoordinatedAppInstall<0x105e1c000> [P=CoreSimulatorBridge (pid 84699)] identifier:[com.DefaultCompany.NeonDrift.run.1782493753.82761/Invalid/[system-defined]] uuid:08922505-C3FD-4C63-A1B1-3ED921BFFC80 intent:IXCoordinatorIntentUpdating creator/appDRI:InstallCoordination Simple SPI importance:UserWaiting state:IXAppCoordinationStatePlaceholderPromiseNotSet promise-state:01234>: Retaining completion from CoreSimulatorBridge (84699), QOS_CLASS_DEFAULT (0x15)
2026-06-27 01:11:02.754 Df CoreSimulatorBridge[84699:964783] [com.apple.installcoordination:framework] -[IXAppInstallCoordinator _clientDelegate_didRegisterForObservation]: <IXUpdatingAppInstallCoordinator<0x103891280> identity:[com.DefaultCompany.NeonDrift.run.1782493753.82761/Invalid/[system-defined]] uuid:08922505-C3FD-4C63-A1B1-3ED921BFFC80 creator:InstallCoordination Simple SPI>: Got observer registration delegate
2026-06-27 01:11:02.754 Df CoreSimulatorBridge[84699:964783] [com.apple.installcoordination:framework] -[IXAppInstallCoordinator _clientDelegate_shouldResume]: <IXUpdatingAppInstallCoordinator<0x103891280> identity:[com.DefaultCompany.NeonDrift.run.1782493753.82761/Invalid/[system-defined]] uuid:08922505-C3FD-4C63-A1B1-3ED921BFFC80 creator:InstallCoordination Simple SPI>: Got should resume delegate
2026-06-27 01:11:02.754 Df CoreSimulatorBridge[84699:964783] [com.apple.installcoordination:framework] -[IXAppInstallCoordinator _clientDelegate_didRegisterForObservation]_block_invoke: <IXUpdatingAppInstallCoordinator<0x103891280> identity:[com.DefaultCompany.NeonDrift.run.1782493753.82761/Invalid/[system-defined]] uuid:08922505-C3FD-4C63-A1B1-3ED921BFFC80 creator:InstallCoordination Simple SPI>: Observer <_IXSimpleInstallerDelegate 0x0x103858db0> does not respond to coordinatorDidRegisterForObservation:
2026-06-27 01:11:02.754 Df CoreSimulatorBridge[84699:964783] [com.apple.installcoordination:framework] -[IXAppInstallCoordinator _clientDelegate_shouldResume]_block_invoke: <IXUpdatingAppInstallCoordinator<0x103891280> identity:[com.DefaultCompany.NeonDrift.run.1782493753.82761/Invalid/[system-defined]] uuid:08922505-C3FD-4C63-A1B1-3ED921BFFC80 creator:InstallCoordination Simple SPI>: Observer <_IXSimpleInstallerDelegate 0x0x103858db0> does not respond to coordinatorShouldResume:
2026-06-27 01:11:02.757 Df installcoordinationd[84878:964e90] [com.apple.installcoordination:daemon] -[IXSCoordinatedAppInstall _internal_setInstallOptionsPromise:performExternalActions:]: <IXSCoordinatedAppInstall<0x105e1c000> [P=CoreSimulatorBridge (pid 84699)] identifier:[com.DefaultCompany.NeonDrift.run.1782493753.82761/Invalid/[system-defined]] uuid:08922505-C3FD-4C63-A1B1-3ED921BFFC80 intent:IXCoordinatorIntentUpdating creator/appDRI:InstallCoordination Simple SPI importance:UserWaiting state:IXAppCoordinationStatePlaceholderPromiseNotSet promise-state:012I4> : install options set: <IXSPromisedInMemoryData(0x105cf9900) Name:MIInstallOptions data Creator:Install Coordination Internal UUID:A99F8F2E-727B-495F-B0DB-C7CF9B104D03 Location:[system-defined]>
2026-06-27 01:11:02.757 Df installcoordinationd[84878:964e8f] [com.apple.installcoordination:daemon] -[IXSCoordinatedAppInstall promiseDidComplete:]: <IXSCoordinatedAppInstall<0x105e1c000> [P=CoreSimulatorBridge (pid 84699)] identifier:[com.DefaultCompany.NeonDrift.run.1782493753.82761/Invalid/[system-defined]] uuid:08922505-C3FD-4C63-A1B1-3ED921BFFC80 intent:IXCoordinatorIntentUpdating creator/appDRI:InstallCoordination Simple SPI importance:UserWaiting state:IXAppCoordinationStatePlaceholderPromiseNotSet promise-state:012I4> : Promise completed: <IXSPromisedInMemoryData(0x105cf9900) Name:MIInstallOptions data Creator:Install Coordination Internal UUID:A99F8F2E-727B-495F-B0DB-C7CF9B104D03 Location:[system-defined]>
2026-06-27 01:11:02.758 Df installcoordinationd[84878:964e8f] [com.apple.appinstallation:TransactionLog] com.DefaultCompany.NeonDrift.run.1782493753.82761/Unknown Persona:4:13:1:1:Install Options Promise began. Coordinator State: IXAppCoordinationStatePlaceholderPromiseNotSet
2026-06-27 01:11:02.758 Df installcoordinationd[84878:964e8f] [com.apple.appinstallation:TransactionLog] com.DefaultCompany.NeonDrift.run.1782493753.82761/Unknown Persona:4:13:2:1:Install Options Promise completed. Coordinator State: IXAppCoordinationStatePlaceholderPromiseNotSet
2026-06-27 01:11:02.758 Df installcoordinationd[84878:964e90] [com.apple.installcoordination:daemon] -[IXSCoordinatedAppInstall _internal_setAppAssetPromise:performExternalActions:]: <IXSCoordinatedAppInstall<0x105e1c000> [P=CoreSimulatorBridge (pid 84699)] identifier:[com.DefaultCompany.NeonDrift.run.1782493753.82761/Invalid/[system-defined]] uuid:08922505-C3FD-4C63-A1B1-3ED921BFFC80 intent:IXCoordinatorIntentUpdating creator/appDRI:InstallCoordination Simple SPI importance:UserWaiting state:IXAppCoordinationStatePlaceholderPromiseNotSet promise-state:0a2I4> : App Asset Promise set: <IXSPromisedTransferToPath(0x105cf9580) Name:App Asset: com.DefaultCompany.NeonDrift.run.1782493753.82761 Creator:InstallCoordination Simple SPI UUID:68E76B34-4711-458A-961F-219CF970AEFB Location:[system-defined]>
2026-06-27 01:11:02.758 Df installcoordinationd[84878:964e90] [com.apple.installcoordination:daemon] -[IXSCoordinatedAppInstall setInitialODRAssetPromises:]: <IXSCoordinatedAppInstall<0x105e1c000> [P=CoreSimulatorBridge (pid 84699)] identifier:[com.DefaultCompany.NeonDrift.run.1782493753.82761/Invalid/[system-defined]] uuid:08922505-C3FD-4C63-A1B1-3ED921BFFC80 intent:IXCoordinatorIntentUpdating creator/appDRI:InstallCoordination Simple SPI importance:UserWaiting state:IXAppCoordinationStatePlaceholderPromiseNotSet promise-state:0a2I4> : Initial ODR Asset Promises set: (
)
2026-06-27 01:11:02.759 Df CoreSimulatorBridge[84699:96465a] [com.apple.installcoordination:framework] -[IXPromisedTransferToPath _performDeltaCopyFrom:toDestination:]: Performing delta copy from /Users/dragonkao/.openclaw/workspace/382b9e3384298039b171c9b2a60ae644/NeonDrift_MVP/project/xcode_derived_data/Build/Products/Release-iphonesimulator/NeonDrift.run.1782493753.82761.app to /Users/dragonkao/Library/Developer/CoreSimulator/Devices/CC47DE7A-8196-4465-A5A5-BB852C9C6C82/data/Containers/Shared/SystemGroup/systemgroup.com.apple.installcoordinationd/Library/InstallCoordination/PromiseStaging/68E76B34-4711-458A-961F-219CF970AEFB/NeonDrift.run.1782493753.82761.app with installed bundle at /Users/dragonkao/Library/Developer/CoreSimulator/Devices/CC47DE7A-8196-4465-A5A5-BB852C9C6C82/data/Containers/Bundle/Application/54F57C06-7203-42C9-A64F-6A7822129B9B/NeonDrift.run.1782493753.82761.app
2026-06-27 01:11:02.760 Df CoreSimulatorBridge[84699:96465a] (MobileSystemServices) 0x16d77f000 MDMCreateDeltaDirectory: calling MDMDirectoryDiff with:
state->old_bundle: /Users/dragonkao/Library/Developer/CoreSimulator/Devices/CC47DE7A-8196-4465-A5A5-BB852C9C6C82/data/Containers/Bundle/Application/54F57C06-7203-42C9-A64F-6A7822129B9B/NeonDrift.run.1782493753.82761.app
state->new_bundle: /Users/dragonkao/.openclaw/workspace/382b9e3384298039b171c9b2a60ae644/NeonDrift_MVP/project/xcode_derived_data/Build/Products/Release-iphonesimulator/NeonDrift.run.1782493753.82761.app
state->dst_bundle: /Users/dragonkao/Library/Developer/CoreSimulator/Devices/CC47DE7A-8196-4465-A5A5-BB852C9C6C82/data/Containers/Shared/SystemGroup/systemgroup.com.apple.installcoordinationd/Library/InstallCoordination/PromiseStaging/68E76B34-4711-458A-961F-219CF970AEFB/NeonDrift.run.1782493753.82761.app/Payload//NeonDrift.run.1782493753.82761.app, binaryDiff flag: FALSE
	dst_ipa: /Users/dragonkao/Library/Developer/CoreSimulator/Devices/CC47DE7A-8196-4465-A5A5-BB852C9C6C82/data/Containers/Shared/SystemGroup/systemg<…>
2026-06-27 01:11:02.761 Df CoreSimulatorBridge[84699:96465a] [com.apple.installcoordination:framework] -[IXPromisedTransferToPath setComplete:]: <IXPromisedTransferToPath<0x103891340> name:"App Asset: com.DefaultCompany.NeonDrift.run.1782493753.82761" uuid:68E76B34-4711-458A-961F-219CF970AEFB creator:"InstallCoordination Simple SPI" location:[system-defined]> Delta Copy operation from /Users/dragonkao/.openclaw/workspace/382b9e3384298039b171c9b2a60ae644/NeonDrift_MVP/project/xcode_derived_data/Build/Products/Release-iphonesimulator/NeonDrift.run.1782493753.82761.app to /Users/dragonkao/Library/Developer/CoreSimulator/Devices/CC47DE7A-8196-4465-A5A5-BB852C9C6C82/data/Containers/Shared/SystemGroup/systemgroup.com.apple.installcoordinationd/Library/InstallCoordination/PromiseStaging/68E76B34-4711-458A-961F-219CF970AEFB/NeonDrift.run.1782493753.82761.app took 0.002470 seconds
2026-06-27 01:11:02.762 Df installcoordinationd[84878:964e90] [com.apple.installcoordination:daemon] -[IXSDataPromise _setPercentComplete:saveStateIfNeeded:]: Progress: <IXSPromisedTransferToPath(0x105cf9580) Name:App Asset: com.DefaultCompany.NeonDrift.run.1782493753.82761 Creator:InstallCoordination Simple SPI UUID:68E76B34-4711-458A-961F-219CF970AEFB Location:[system-defined]>
2026-06-27 01:11:02.762 Df installcoordinationd[84878:964df7] [com.apple.appinstallation:TransactionLog] com.DefaultCompany.NeonDrift.run.1782493753.82761/Unknown Persona:4:10:1:1:App Asset Promise began. Coordinator State: IXAppCoordinationStatePlaceholderPromiseNotSet
2026-06-27 01:11:02.762 Df CoreSimulatorBridge[84699:964783] [com.apple.installcoordination:framework] -[IXAppInstallCoordinator _clientDelegate_promiseDidBeginFulfillmentWithIdentifier:]: <IXUpdatingAppInstallCoordinator<0x103891280> identity:[com.DefaultCompany.NeonDrift.run.1782493753.82761/Invalid/[system-defined]] uuid:08922505-C3FD-4C63-A1B1-3ED921BFFC80 creator:InstallCoordination Simple SPI>: Got promise did begin fulfillment for identifier 2
2026-06-27 01:11:02.762 Df CoreSimulatorBridge[84699:964783] [com.apple.installcoordination:framework] -[IXAppInstallCoordinator _clientDelegate_promiseDidBeginFulfillmentWithIdentifier:]_block_invoke: <IXUpdatingAppInstallCoordinator<0x103891280> identity:[com.DefaultCompany.NeonDrift.run.1782493753.82761/Invalid/[system-defined]] uuid:08922505-C3FD-4C63-A1B1-3ED921BFFC80 creator:InstallCoordination Simple SPI>: Observer <_IXSimpleInstallerDelegate 0x0x103858db0> does not respond to coordinator:configuredPromiseDidBeginFulfillment: (or any deprecated equivalent)
2026-06-27 01:11:02.762 Df installcoordinationd[84878:964e8f] [com.apple.installcoordination:daemon] -[IXSCoordinatedAppInstall promiseDidComplete:]: <IXSCoordinatedAppInstall<0x105e1c000> [P=CoreSimulatorBridge (pid 84699)] identifier:[com.DefaultCompany.NeonDrift.run.1782493753.82761/Invalid/[system-defined]] uuid:08922505-C3FD-4C63-A1B1-3ED921BFFC80 intent:IXCoordinatorIntentUpdating creator/appDRI:InstallCoordination Simple SPI importance:UserWaiting state:IXAppCoordinationStatePlaceholderPromiseNotSet promise-state:0A2I4> : Promise completed: <IXSPromisedTransferToPath(0x105cf9580) Name:App Asset: com.DefaultCompany.NeonDrift.run.1782493753.82761 Creator:InstallCoordination Simple SPI UUID:68E76B34-4711-458A-961F-219CF970AEFB Location:[system-defined]>
2026-06-27 01:11:02.762 Df installcoordinationd[84878:964e9c] [com.apple.appinstallation:TransactionLog] com.DefaultCompany.NeonDrift.run.1782493753.82761/Unknown Persona:4:10:2:1:App Asset Promise completed. Coordinator State: IXAppCoordinationStatePlaceholderPromiseNotSet
2026-06-27 01:11:02.762 Df CoreSimulatorBridge[84699:964783] [com.apple.installcoordination:framework] -[IXAppInstallCoordinator _clientDelegate_didUpdateProgress:forPhase:overallProgress:]: <IXUpdatingAppInstallCoordinator<0x103891280> identity:[com.DefaultCompany.NeonDrift.run.1782493753.82761/Invalid/[system-defined]] uuid:08922505-C3FD-4C63-A1B1-3ED921BFFC80 creator:InstallCoordination Simple SPI>: Got did update progress delegate with percentComplete 100.000000 phase IXCoordinatorProgressPhaseLoading overallProgress 60.000000
2026-06-27 01:11:02.762 Df installcoordinationd[84878:964df7] [com.apple.installcoordination:daemon] -[IXSCoordinatedAppInstall setPlaceholderPromise:]: <IXSCoordinatedAppInstall<0x105e1c000> [P=CoreSimulatorBridge (pid 84699)] identifier:[com.DefaultCompany.NeonDrift.run.1782493753.82761/Invalid/[system-defined]] uuid:08922505-C3FD-4C63-A1B1-3ED921BFFC80 intent:IXCoordinatorIntentUpdating creator/appDRI:InstallCoordination Simple SPI importance:UserWaiting state:IXAppCoordinationStateReadyForPlaceholderInstall promise-state:PA2I4> : Placeholder Promise set: <IXSPlaceholder(0x105d24140) Name:App Placeholder: NeonDrift.run.1782493753.82761 (com.DefaultCompany.NeonDrift.run.1782493753.82761) Creator:InstallCoordination Simple SPI UUID:3A01C52C-0F95-4E9A-8C1E-9877268D7FAB Location:[system-defined]>
2026-06-27 01:11:02.762 Df CoreSimulatorBridge[84699:964783] [com.apple.installcoordination:framework] -[IXAppInstallCoordinator _clientDelegate_didUpdateProgress:forPhase:overallProgress:]_block_invoke: <IXUpdatingAppInstallCoordinator<0x103891280> identity:[com.DefaultCompany.NeonDrift.run.1782493753.82761/Invalid/[system-defined]] uuid:08922505-C3FD-4C63-A1B1-3ED921BFFC80 creator:InstallCoordination Simple SPI>: Calling selector coordinator:didUpdateProgress:forPhase:overallProgress: on observer <_IXSimpleInstallerDelegate 0x0x103858db0>
2026-06-27 01:11:02.762 Df installcoordinationd[84878:964e8f] [com.apple.installcoordination:daemon] -[IXSCoordinatedAppInstall promiseDidComplete:]: <IXSCoordinatedAppInstall<0x105e1c000> [P=CoreSimulatorBridge (pid 84699)] identifier:[com.DefaultCompany.NeonDrift.run.1782493753.82761/Invalid/[system-defined]] uuid:08922505-C3FD-4C63-A1B1-3ED921BFFC80 intent:IXCoordinatorIntentUpdating creator/appDRI:InstallCoordination Simple SPI importance:UserWaiting state:IXAppCoordinationStateReadyForPlaceholderInstall promise-state:PA2I4> : Promise completed: <IXSPlaceholder(0x105d24140) Name:App Placeholder: NeonDrift.run.1782493753.82761 (com.DefaultCompany.NeonDrift.run.1782493753.82761) Creator:InstallCoordination Simple SPI UUID:3A01C52C-0F95-4E9A-8C1E-9877268D7FAB Location:[system-defined]>
2026-06-27 01:11:02.763 Df installcoordinationd[84878:964df7] [com.apple.installcoordination:daemon] -[IXSCoordinatedAppInstall _onQueue_acquireAssertionAndInstallPlaceholder]: Acquiring termination assertion to install placeholder for [com.DefaultCompany.NeonDrift.run.1782493753.82761/Invalid/[system-defined]]
2026-06-27 01:11:02.763 Df installcoordinationd[84878:964df7] [com.apple.installcoordination:daemon] -[IXSPendingOperationsTracker beginPendingOperationForIdentity:]_block_invoke: Beginning pending operation for [com.DefaultCompany.NeonDrift.run.1782493753.82761/Invalid/[system-defined]]
2026-06-27 01:11:02.766 Df runningboardd[84672:9646f7] [com.apple.runningboard:connection] Received termination request from [osservice<com.apple.installcoordinationd>:84878] on <RBSProcessPredicate <RBSProcessBundleIdentifierPredicate "com.DefaultCompany.NeonDrift.run.1782493753.82761">> with context <RBSTerminateContext| explanation:installcoordinationd app:[com.DefaultCompany.NeonDrift.run.1782493753.82761/Invalid/[system-defined]] uuid:08922505-C3FD-4C63-A1B1-3ED921BFFC80 isPlaceholder:Y reportType:None maxTerminationResistance:Absolute attrs:[
	<RBSPreventLaunchLimitation| <RBSProcessPredicate <RBSProcessBundleIdentifierPredicate "com.DefaultCompany.NeonDrift.run.1782493753.82761">> allow:(null)>
	]>
2026-06-27 01:11:02.766 Df runningboardd[84672:9646f7] [com.apple.runningboard:general] Found 0 extensions contained in com.DefaultCompany.NeonDrift.run.1782493753.82761
2026-06-27 01:11:02.766 Df runningboardd[84672:9646f7] [com.apple.PlugInKit:holds] <PKManager:0x1070aec40> hold request for [/Users/dragonkao/Library/Developer/CoreSimulator/Devices/CC47DE7A-8196-4465-A5A5-BB852C9C6C82/data/Containers/Bundle/Application/54F57C06-7203-42C9-A64F-6A7822129B9B/NeonDrift.run.1782493753.82761.app] with flags: 0x4
2026-06-27 01:11:02.767 Df runningboardd[84672:9646f7] [com.apple.PlugInKit:holds] <PKManager:0x1070aec40> hold request for [/Users/dragonkao/Library/Developer/CoreSimulator/Devices/CC47DE7A-8196-4465-A5A5-BB852C9C6C82/data/Containers/Bundle/Application/54F57C06-7203-42C9-A64F-6A7822129B9B/NeonDrift.run.1782493753.82761.app] with flags: 0x4 completed with hold token: [CE20F4AE-D819-4DCE-B70F-062DF7709662]
2026-06-27 01:11:02.767 Df runningboardd[84672:9646f7] [com.apple.runningboard:ttl] Acquiring assertion targeting system from originator [osservice<com.apple.installcoordinationd>:84878] with description <RBSAssertionDescriptor| "installcoordinationd app:[com.DefaultCompany.NeonDrift.run.1782493753.82761/Invalid/[system-defined]] uuid:08922505-C3FD-4C63-A1B1-3ED921BFFC80 isPlaceholder:Y" ID:84672-84878-196 target:system attributes:[
	<RBSPreventLaunchLimitation| <RBSProcessPredicate <RBSProcessBundleIdentifierPredicate "com.DefaultCompany.NeonDrift.run.1782493753.82761">> allow:(null)>
	]>
2026-06-27 01:11:02.768 Df runningboardd[84672:9646f7] [com.apple.runningboard:process] Executing termination request for: <RBSProcessPredicate <RBSProcessBundleIdentifierPredicate "com.DefaultCompany.NeonDrift.run.1782493753.82761">>
2026-06-27 01:11:02.768 Df installcoordinationd[84878:964df7] [com.apple.installcoordination:daemon] -[IXSCoordinatedAppInstall assertionAcquiredCallback]: RBS termination assertion observer called for <IXSCoordinatedAppInstall<0x105e1c000> [P=CoreSimulatorBridge (pid 84699)] identifier:[com.DefaultCompany.NeonDrift.run.1782493753.82761/Invalid/[system-defined]] uuid:08922505-C3FD-4C63-A1B1-3ED921BFFC80 intent:IXCoordinatorIntentUpdating creator/appDRI:InstallCoordination Simple SPI importance:UserWaiting state:IXAppCoordinationStateWaitingForPlaceholderAssertion promise-state:PA2I4>
2026-06-27 01:11:02.768 Df installcoordinationd[84878:964df7] [com.apple.appinstallation:TransactionLog] com.DefaultCompany.NeonDrift.run.1782493753.82761/Unknown Persona:4:9:1:1:Placeholder Promise began. Coordinator State: IXAppCoordinationStateWaitingForPlaceholderAssertion
2026-06-27 01:11:02.768 Df installcoordinationd[84878:964df7] [com.apple.installcoordination:daemon] -[IXSCoordinatorProgress setTotalUnitsCompleted:]: Progress for coordinator: [com.DefaultCompany.NeonDrift.run.1782493753.82761/Invalid/[system-defined]], Phase: IXCoordinatorProgressPhaseLoading, Percentage: 100.000000: Attempt to set units completed on finished progress: 100
2026-06-27 01:11:02.768 Df installcoordinationd[84878:964df7] [com.apple.appinstallation:TransactionLog] com.DefaultCompany.NeonDrift.run.1782493753.82761/Unknown Persona:4:9:2:1:Placeholder Promise completed. Coordinator State: IXAppCoordinationStateWaitingForPlaceholderAssertion
2026-06-27 01:11:02.769 Df CoreSimulatorBridge[84699:9647a9] [com.apple.installcoordination:framework] -[IXAppInstallCoordinator _clientDelegate_promiseDidBeginFulfillmentWithIdentifier:]: <IXUpdatingAppInstallCoordinator<0x103891280> identity:[com.DefaultCompany.NeonDrift.run.1782493753.82761/Invalid/[system-defined]] uuid:08922505-C3FD-4C63-A1B1-3ED921BFFC80 creator:InstallCoordination Simple SPI>: Got promise did begin fulfillment for identifier 1
2026-06-27 01:11:02.769 Df CoreSimulatorBridge[84699:9647a9] [com.apple.installcoordination:framework] -[IXAppInstallCoordinator _clientDelegate_promiseDidBeginFulfillmentWithIdentifier:]_block_invoke: <IXUpdatingAppInstallCoordinator<0x103891280> identity:[com.DefaultCompany.NeonDrift.run.1782493753.82761/Invalid/[system-defined]] uuid:08922505-C3FD-4C63-A1B1-3ED921BFFC80 creator:InstallCoordination Simple SPI>: Observer <_IXSimpleInstallerDelegate 0x0x103858db0> does not respond to coordinator:configuredPromiseDidBeginFulfillment: (or any deprecated equivalent)
2026-06-27 01:11:02.769 Df installcoordinationd[84878:964df7] [com.apple.installcoordination:daemon] -[IXSCoordinatedAppInstall _onQueue_installPlaceholder]: Acquired termination assertion for placeholder [com.DefaultCompany.NeonDrift.run.1782493753.82761/Invalid/[system-defined]]; proceeding with install.
2026-06-27 01:11:02.770 Df installcoordinationd[84878:964df7] [com.apple.installcoordination:daemon] -[IXSPowerAssertion initWithAssertionName:details:]: Acquired power assertion IXPowerAssertion-12-[com.DefaultCompany.NeonDrift.run.1782493753.82761/Invalid/[system-defined]]
2026-06-27 01:11:02.771 Df installd[84899:964e9f] (MobileSystemServices) 0x16d177000 -[MIClientConnection _doInstallationForURL:identity:domain:options:operationType:completion:]: Install of "/Users/dragonkao/Library/Developer/CoreSimulator/Devices/CC47DE7A-8196-4465-A5A5-BB852C9C6C82/data/Containers/Shared/SystemGroup/systemgroup.com.apple.installcoordinationd/Library/InstallCoordination/PromiseStaging/3A01C52C-0F95-4E9A-8C1E-9877268D7FAB/NeonDrift.run.1782493753.82761.app" type Placeholder (LSInstallType = 1, Domain: MIInstallationDomainDefault) requested by installcoordinationd (pid 84878 (501/20))
2026-06-27 01:11:02.772 Df SpringBoard[84835:964b95] [com.apple.SpringBoard:Common] termination assertion acquired for com.DefaultCompany.NeonDrift.run.1782493753.82761
2026-06-27 01:11:02.772 Df SpringBoard[84835:964b95] [com.apple.SpringBoard:Icon] 0x10cf439c0-SBApplicationIcon Data source did change: <SBApplication: 0x10cfb0000; com.DefaultCompany.NeonDrift.run.1782493753.82761> {
} (SBApplication)
2026-06-27 01:11:02.777 Df installd[84899:964e9f] [com.apple.containermanager:xpc] Query; euid = 501, uid = 501, class = 1, identifier = [com.DefaultCompany.NeonDrift.run.1782493753.82761](1), flags = 300000002
2026-06-27 01:11:02.777 Df containermanagerd_system[84715:964707] [com.apple.containermanager:cache] Disk sync reporting on new entry: (com.DefaultCompany.NeonDrift.run.1782493753.82761|18446744073709551615|<MCMContainerPath: 0x1018f63f0; [<MCMContainerClassPath: 0x10184d1a0; persona [(null)]; [/Users/dragonkao/Library/Developer/CoreSimulator/Devices/CC47DE7A-8196-4465-A5A5-BB852C9C6C82/data/Containers]/[Bundle]/[Application] created>]/[54F57C06-7203-42C9-A64F-6A7822129B9B]/[(null)]>|0|3317DC59-E992-4CD9-AAE5-6B12C1482C8B|(null))
2026-06-27 01:11:02.778 Df installd[84899:964e9f] [com.apple.containermanager:xpc] Query; euid = 501, uid = 501, class = 1, identifier = [com.DefaultCompany.NeonDrift.run.1782493753.82761](1), flags = 300000002
2026-06-27 01:11:02.871 Df runningboardd[84672:9646f2] [com.apple.runningboard:process] Checking PreventLaunch: global:0 exPath:(null) predicates:{(
    <RBSProcessPredicate <RBSProcessBundleIdentifierPredicate "com.DefaultCompany.NeonDrift.run.1782493753.82761">>
)} allow:(null)
2026-06-27 01:11:02.889 Df searchd[84757:964a25] [com.apple.spotlight:default] Apps changed: (
    "com.apple.Passbook",
    "com.DefaultCompany.NeonDrift.run.1782486232.95300",
    "com.DefaultCompany.NeonDrift.run.1782493753.82761",
    "com.DefaultCompany.NeonDrift.run.1782485248.76636",
    "com.apple.DocumentsApp",
    "com.apple.Fitness",
    "com.apple.MobileAddressBook",
    "com.apple.MobileSMS",
    "com.DefaultCompany.NeonDrift.run.1782485533.82553",
    "com.apple.Maps",
    "com.apple.Passwords",
    "com.apple.mobilecal",
    "com.apple.Bridge",
    "com.apple.BarcodeScanner",
    "com.apple.Preferences",
    "com.apple.reminders",
    "com.DefaultCompany.NeonDrift.run.1782484808.68182",
    "com.apple.Health",
    "com.apple.news",
    "com.apple.mobileslideshow",
    "com.DefaultCompany.NeonDrift",
    "com.apple.mobilesafari",
    "com.DefaultCompany.NeonDrift.run.1782484537.59589",
    "com.apple.TVRemoteUIService",
    "com.apple.shortcuts",
    "com.apple.Preview",
    "com.DefaultCompany.NeonDrift.run.1782484282.54413"
)
2026-06-27 01:11:02.906 Df installd[84899:964e9f] [com.apple.containermanager:xpc] Query; euid = 501, uid = 501, class = 1, identifier = [com.DefaultCompany.NeonDrift.run.1782493753.82761](1), flags = 300000002
2026-06-27 01:11:02.907 Df installd[84899:964e9f] [com.apple.containermanager:xpc] Query; euid = 501, uid = 501, class = 1, identifier = [com.DefaultCompany.NeonDrift.run.1782493753.82761](1), flags = 300000002
2026-06-27 01:11:02.909 Df installd[84899:964e9f] (MobileSystemServices) 0x16d177000 -[MIInstaller _installInstallable:containingSymlink:error:]: Installing <MIInstallableParallelPlaceholder ID=com.DefaultCompany.NeonDrift.run.1782493753.82761; Persona=com.apple.containermanager.primary-persona, Version=0, ShortVersion=1.0>
2026-06-27 01:11:02.909 Df installd[84899:964e9f] [com.apple.appinstallation:TransactionLog] com.DefaultCompany.NeonDrift.run.1782493753.82761/com.apple.containermanager.primary-persona:7:2:1:1:Start : Install (Parallel Placeholder)
2026-06-27 01:11:02.966 Df searchd[84757:964949] [com.apple.spotlight:default] _allInstalledApplicationsIdentifiers: {(
    "com.apple.Passbook",
    "com.DefaultCompany.NeonDrift.run.1782486232.95300",
    "com.DefaultCompany.NeonDrift.run.1782493753.82761",
    "com.DefaultCompany.NeonDrift.run.1782485248.76636",
    "com.apple.DocumentsApp",
    "com.apple.Fitness",
    "com.apple.MobileAddressBook",
    "com.apple.MobileSMS",
    "com.DefaultCompany.NeonDrift.run.1782485533.82553",
    "com.apple.Maps",
    "com.apple.Passwords",
    "com.apple.mobilecal",
    "com.apple.Bridge",
    "com.apple.BarcodeScanner",
    "com.apple.Preferences",
    "com.apple.reminders",
    "com.DefaultCompany.NeonDrift.run.1782484808.68182",
    "com.apple.Health",
    "com.apple.news",
    "com.apple.mobileslideshow",
    "com.DefaultCompany.NeonDrift",
    "com.apple.mobilesafari",
    "com.DefaultCompany.NeonDrift.run.1782484537.59589",
    "com.apple.TVRemoteUIService",
    "com.apple.shortcuts",
    "com.apple.Preview",
    "com.DefaultCompany.NeonDrift.run.1782484282.54413"
)}
2026-06-27 01:11:02.987 Df runningboardd[84672:9646f2] [com.apple.runningboard:process] Checking PreventLaunch: global:0 exPath:(null) predicates:{(
    <RBSProcessPredicate <RBSProcessBundleIdentifierPredicate "com.DefaultCompany.NeonDrift.run.1782493753.82761">>
)} allow:(null)
2026-06-27 01:11:03.101 Df runningboardd[84672:9646ea] [com.apple.runningboard:process] Checking PreventLaunch: global:0 exPath:(null) predicates:{(
    <RBSProcessPredicate <RBSProcessBundleIdentifierPredicate "com.DefaultCompany.NeonDrift.run.1782493753.82761">>
)} allow:(null)
2026-06-27 01:11:03.218 Df runningboardd[84672:9646f2] [com.apple.runningboard:process] Checking PreventLaunch: global:0 exPath:(null) predicates:{(
    <RBSProcessPredicate <RBSProcessBundleIdentifierPredicate "com.DefaultCompany.NeonDrift.run.1782493753.82761">>
)} allow:(null)
2026-06-27 01:11:03.332 Df runningboardd[84672:9646f3] [com.apple.runningboard:process] Checking PreventLaunch: global:0 exPath:(null) predicates:{(
    <RBSProcessPredicate <RBSProcessBundleIdentifierPredicate "com.DefaultCompany.NeonDrift.run.1782493753.82761">>
)} allow:(null)
2026-06-27 01:11:03.456 Df runningboardd[84672:9646f3] [com.apple.runningboard:process] Checking PreventLaunch: global:0 exPath:(null) predicates:{(
    <RBSProcessPredicate <RBSProcessBundleIdentifierPredicate "com.DefaultCompany.NeonDrift.run.1782493753.82761">>
)} allow:(null)
2026-06-27 01:11:03.739 Df BackgroundShortcutRunner[84916:964f5c] [com.apple.shortcuts:ToolKitIndexing] Indexing for request: <WFToolKitIndexingRequest: 0x1069b0320>, changeset: .partial(updatedCount: 1 removedCount: 0 updated: ["com.DefaultCompany.NeonDrift.run.1782493753.82761"], removed: [], provenance: [VoiceShortcutClient.ToolKitIndexingReason.Changeset.Provenance.launchServicesSnapshot(<LaunchServicesSnapshot uuid=F24B79A2-9144-48E3-970E-A35D347E6B98, v=1284)> ["com.apple.SafariViewService", "com.DefaultCompany.NeonDrift.run.1782485248.76636", "com.apple.intelligenceflow.IntelligenceFlowAppIntentsExtension", "com.apple.AAUIViewService", "com.apple.VSViewService", "com.apple.CompanionViewService", "com.apple.shortcuts", "com.apple.DefaultAppsSettingsIntents", "com.apple.CloudKit.ShareBear", "com.apple.AXUIViewService", "com.apple.SharingViewService", "com.apple.AmbientTester.AmbientSettingsAppIntentsExtension", "com.apple.compass.CompassSettingsAppIntents", "com.apple.iMessageAppsViewService", "com.apple.Passwords", "com.DefaultCompany.NeonDrift.run.1782484282.54413", "com.apple.WebSheet", "com.apple.BarcodeScanner", "com.ap<…>, priority: <decode: missing data>
2026-06-27 01:11:03.757 Df BackgroundShortcutRunner[84916:964f55] [com.apple.shortcuts:AppIntentsMetadata] Loading LNEntityMetadata for bundle identifier com.DefaultCompany.NeonDrift.run.1782493753.82761
2026-06-27 01:11:03.757 Df BackgroundShortcutRunner[84916:964f55] [com.apple.shortcuts:AppIntentsMetadata] Loading LNActionMetadata for bundle identifier com.DefaultCompany.NeonDrift.run.1782493753.82761
2026-06-27 01:11:05.330 Df installd[84899:964e9f] [com.apple.containermanager:query] Query; euid = 501, uid = 501, class = 4, identifier = [com.DefaultCompany.NeonDrift.run.1782493753.82761](1), flags = 300000002
2026-06-27 01:11:05.388 Df installd[84899:964e9f] [com.apple.containermanager:query] Query; euid = 501, uid = 501, class = 4, identifier = [com.DefaultCompany.NeonDrift.run.1782493753.82761](1), flags = 300000002
2026-06-27 01:11:05.389 Df installd[84899:964e9f] (MobileSystemServices) 0x16d177000 -[MIInstallableParallelPlaceholder performInstallationWithError:]: Installing parallel placeholder for [com.DefaultCompany.NeonDrift.run.1782493753.82761/com.apple.containermanager.primary-persona/[system-defined]]
2026-06-27 01:11:05.391 Df installd[84899:964e9f] [com.apple.containermanager:query] Query; euid = 501, uid = 501, class = 2, identifier = [com.DefaultCompany.NeonDrift.run.1782493753.82761](1), flags = 300000003
2026-06-27 01:11:05.394 Df containermanagerd[84729:9647a0] [com.apple.containermanager:cache] Disk sync reporting on new entry: (com.DefaultCompany.NeonDrift.run.1782493753.82761|18446744073709551615|<MCMContainerPath: 0x105748e60; [<MCMContainerClassPath: 0x1054497a0; persona [(null)]; [/Users/dragonkao/Library/Developer/CoreSimulator/Devices/CC47DE7A-8196-4465-A5A5-BB852C9C6C82/data/Containers]/[Data]/[Application] created>]/[D3F4DB76-EB49-42E8-98C3-FF7B91E378ED]/[(null)]>|1|4AF633A6-A5CE-427F-A4E0-838947FBB0EF|(null))
2026-06-27 01:11:05.406 Df installd[84899:964e9f] [com.apple.containermanager:query] Query; euid = 501, uid = 501, class = 2, identifier = [com.DefaultCompany.NeonDrift.run.1782493753.82761](1), flags = 300000002
2026-06-27 01:11:05.417 Df containermanagerd[84729:9647a0] [com.apple.containermanager:schema] [u 4AF633A6-A5CE-427F-A4E0-838947FBB0EF:p D3F4DB76-EB49-42E8-98C3-FF7B91E378ED:c com.DefaultCompany.NeonDrift.run.1782493753.82761(2):i0] Successfully updated schema from (0) → (1), actions count = 6
2026-06-27 01:11:05.417 Df containermanagerd_system[84715:964707] [com.apple.containermanager:schema] [u 3317DC59-E992-4CD9-AAE5-6B12C1482C8B:p 54F57C06-7203-42C9-A64F-6A7822129B9B:c com.DefaultCompany.NeonDrift.run.1782493753.82761(1):i0] Successfully updated schema from (0) → (0), actions count = 0
2026-06-27 01:11:05.418 Df installd[84899:964e9f] [com.apple.containermanager:xpc] Query; euid = 501, uid = 501, class = 1, identifier = [com.DefaultCompany.NeonDrift.run.1782493753.82761](1), flags = 300000002
2026-06-27 01:11:05.418 Df installd[84899:964e9f] [com.apple.containermanager:unspecified] Requesting disk usage; class = 1, identifier = com.DefaultCompany.NeonDrift.run.1782493753.82761
2026-06-27 01:11:05.419 Df installd[84899:964e9f] [com.apple.containermanager:query] Query; euid = 501, uid = 501, class = 7, identifier = [com.DefaultCompany.NeonDrift.run.1782493753.82761](1), flags = 300000001
2026-06-27 01:11:05.420 Df SpringBoard[84835:964b95] [com.apple.SpringBoard:Common] termination assertion released for com.DefaultCompany.NeonDrift.run.1782493753.82761
2026-06-27 01:11:05.420 Df SpringBoard[84835:964b95] [com.apple.SpringBoard:Icon] 0x10cf439c0-SBApplicationIcon Data source did change: <SBApplication: 0x10cfb0000; com.DefaultCompany.NeonDrift.run.1782493753.82761> {
} (SBApplication)
2026-06-27 01:11:05.423 Df installd[84899:964e9f] (MobileSystemServices) 0x16d177000 -[MILaunchServicesOperationManager _onQueue_addPendingLaunchServicesOperation:error:]: Added pending LS operation <MILaunchServicesRegisterOperation: 38D3F468-3F14-4BF0-8E42-A01079FEFB1C:1 com.DefaultCompany.NeonDrift.run.1782493753.82761/MIInstallationDomainSystemShared personas:[com.apple.containermanager.primary-persona]>
2026-06-27 01:11:05.424 Df lsd[84719:9647a7] [com.apple.launchservices:appinstallation] Post installation registration: request to register com.DefaultCompany.NeonDrift.run.1782493753.82761, operation 38D3F468-3F14-4BF0-8E42-A01079FEFB1C, from pid 84899
2026-06-27 01:11:05.424 Df lsd[84719:9647a7] [com.apple.appinstallation:TransactionLog] com.DefaultCompany.NeonDrift.run.1782493753.82761/Unknown Persona:5:4:1:1:Registering bundles via registrant - start
2026-06-27 01:11:05.427 Df lsd[84719:9647a7] [com.apple.appinstallation:TransactionLog] com.DefaultCompany.NeonDrift.run.1782493753.82761/Unknown Persona:5:5:1:1:Building bundle record for app
2026-06-27 01:11:05.427 Df lsd[84719:9647a7] [com.apple.launchservices:appinstallation] Placeholder detected - Flagging bundle com.DefaultCompany.NeonDrift.run.1782493753.82761 incomplete
2026-06-27 01:11:05.428 Df lsd[84719:9647a7] [com.apple.appinstallation:TransactionLog] com.DefaultCompany.NeonDrift.run.1782493753.82761/Unknown Persona:5:5:2:1:Built bundle record for app
2026-06-27 01:11:05.429 Df lsd[84719:9647a7] [com.apple.appinstallation:TransactionLog] com.DefaultCompany.NeonDrift.run.1782493753.82761/Unknown Persona:5:4:2:1:Registered bundle status = success
2026-06-27 01:11:05.430 Df lsd[84719:9647a7] [com.apple.appinstallation:TransactionLog] com.DefaultCompany.NeonDrift.run.1782493753.82761/Unknown Persona:5:4:2:1:Finished registering com.DefaultCompany.NeonDrift.run.1782493753.82761, bundle unit 508
2026-06-27 01:11:05.431 Df installd[84899:964e9f] (MobileSystemServices) 0x16d177000 -[MIJournal purgeJournalEntry:withError:]: Removing journal entry <MIInstallationJournalEntry<0x1040e8a00> [com.DefaultCompany.NeonDrift.run.1782493753.82761/com.apple.containermanager.primary-persona/[system-defined]]/MIInstallationDomainSystemShared op:3 phase:JournalPhaseDidRegisterWithLS version:0>
2026-06-27 01:11:05.431 Df installd[84899:964e9f] [com.apple.appinstallation:TransactionLog] com.DefaultCompany.NeonDrift.run.1782493753.82761/com.apple.containermanager.primary-persona:7:2:2:1:Success (End) : Install (Parallel Placeholder)
2026-06-27 01:11:05.431 Df installd[84899:964e9f] (MobileSystemServices) 0x16d177000 -[MIInstaller _logOperationCompletionWithStartTime:distributorID:]: Install successful for (Placeholder:com.DefaultCompany.NeonDrift.run.1782493753.82761) [Distributor: (null)]; Staging: 0.00s; Waiting: 0.00s; Preflight/Patch: 2.42s, Verifying: 0.06s; Overall: 2.66s
2026-06-27 01:11:05.431 Df lsd[84719:9647b6] [com.apple.launchservices:progress] Sending applicationInstallsDidStart: for (
    "<LSApplicationProxy: 0x101b4c000> com.DefaultCompany.NeonDrift.run.1782493753.82761 file:///Users/dragonkao/Library/Developer/CoreSimulator/Devices/CC47DE7A-8196-4465-A5A5-BB852C9C6C82/data/Containers/Bundle/Application/54F57C06-7203-42C9-A64F-6A7822129B9B/com.apple.mobileinstallation.placeholder/ <com.DefaultCompany.NeonDrift.run.1782493753.82761 <placeholder >:1>"
)
2026-06-27 01:11:05.431 Df lsd[84719:9647b6] [com.apple.launchservices:progress] Created parent progress <NSProgress: com.DefaultCompany.NeonDrift.run.1782493753.82761 phase=InstallingPlaceholder; state=Waiting; finalPhase=Installing; fractionCompleted=0.000000>
2026-06-27 01:11:05.432 Df installcoordinationd[84878:964df7] [com.apple.installcoordination:daemon] -[IXSPowerAssertion invalidate]: Released power assertion IXPowerAssertion-12-[com.DefaultCompany.NeonDrift.run.1782493753.82761/Invalid/[system-defined]]
2026-06-27 01:11:05.433 Df usernotificationsd[84732:964924] [com.apple.launchservices:appinstallation] LaunchServices observer: InstallsStarted (
    "<LSApplicationProxy: 0x1055b0600> com.DefaultCompany.NeonDrift.run.1782493753.82761 file:///Users/dragonkao/Library/Developer/CoreSimulator/Devices/CC47DE7A-8196-4465-A5A5-BB852C9C6C82/data/Containers/Bundle/Application/54F57C06-7203-42C9-A64F-6A7822129B9B/com.apple.mobileinstallation.placeholder/ <com.DefaultCompany.NeonDrift.run.1782493753.82761 <placeholder >:1>"
)
2026-06-27 01:11:05.433 Df installcoordinationd[84878:964e90] [com.apple.installcoordination:daemon] -[IXSPendingOperationsTracker endPendingOperationForIdentity:]_block_invoke: Ending pending operation for [com.DefaultCompany.NeonDrift.run.1782493753.82761/Invalid/[system-defined]]
2026-06-27 01:11:05.433 Df sleepd[84696:96469b] [com.apple.launchservices:appinstallation] LaunchServices observer: InstallsStarted (
    "<LSApplicationProxy: 0x103a68180> com.DefaultCompany.NeonDrift.run.1782493753.82761 file:///Users/dragonkao/Library/Developer/CoreSimulator/Devices/CC47DE7A-8196-4465-A5A5-BB852C9C6C82/data/Containers/Bundle/Application/54F57C06-7203-42C9-A64F-6A7822129B9B/com.apple.mobileinstallation.placeholder/ <com.DefaultCompany.NeonDrift.run.1782493753.82761 <placeholder >:1>"
)
2026-06-27 01:11:05.433 Df homed[84745:964977] [com.apple.launchservices:appinstallation] LaunchServices observer: InstallsStarted (
    "<LSApplicationProxy: 0x107eb0540> com.DefaultCompany.NeonDrift.run.1782493753.82761 file:///Users/dragonkao/Library/Developer/CoreSimulator/Devices/CC47DE7A-8196-4465-A5A5-BB852C9C6C82/data/Containers/Bundle/Application/54F57C06-7203-42C9-A64F-6A7822129B9B/com.apple.mobileinstallation.placeholder/ <com.DefaultCompany.NeonDrift.run.1782493753.82761 <placeholder >:1>"
)
2026-06-27 01:11:05.433 Df dasd[84695:96497d] [com.apple.launchservices:appinstallation] LaunchServices observer: InstallsStarted (
    "<LSApplicationProxy: 0x105f64240> com.DefaultCompany.NeonDrift.run.1782493753.82761 file:///Users/dragonkao/Library/Developer/CoreSimulator/Devices/CC47DE7A-8196-4465-A5A5-BB852C9C6C82/data/Containers/Bundle/Application/54F57C06-7203-42C9-A64F-6A7822129B9B/com.apple.mobileinstallation.placeholder/ <com.DefaultCompany.NeonDrift.run.1782493753.82761 <placeholder >:1>"
)
2026-06-27 01:11:05.434 Df appstored[84872:964e93] [com.apple.launchservices:appinstallation] LaunchServices observer: InstallsStarted (
    "<LSApplicationProxy: 0x1026e03c0> com.DefaultCompany.NeonDrift.run.1782493753.82761 file:///Users/dragonkao/Library/Developer/CoreSimulator/Devices/CC47DE7A-8196-4465-A5A5-BB852C9C6C82/data/Containers/Bundle/Application/54F57C06-7203-42C9-A64F-6A7822129B9B/com.apple.mobileinstallation.placeholder/ <com.DefaultCompany.NeonDrift.run.1782493753.82761 <placeholder >:1>"
)
2026-06-27 01:11:05.434 Df locationd[84693:9646a5] [com.apple.launchservices:appinstallation] LaunchServices observer: InstallsStarted (
    "<LSApplicationProxy: 0x103f8c600> com.DefaultCompany.NeonDrift.run.1782493753.82761 file:///Users/dragonkao/Library/Developer/CoreSimulator/Devices/CC47DE7A-8196-4465-A5A5-BB852C9C6C82/data/Containers/Bundle/Application/54F57C06-7203-42C9-A64F-6A7822129B9B/com.apple.mobileinstallation.placeholder/ <com.DefaultCompany.NeonDrift.run.1782493753.82761 <placeholder >:1>"
)
2026-06-27 01:11:05.434 Df lsd[84719:9647b6] [com.apple.launchservices:progress] Sent distributed notification com.apple.LaunchServices.applicationRegistered with payload {
    bundleIDs =     (
        "com.DefaultCompany.NeonDrift.run.1782493753.82761"
    );
    isPlaceholder = 1;
}
2026-06-27 01:11:05.434 Df runningboardd[84672:9646f2] [com.apple.launchservices:appinstallation] LaunchServices observer: InstallsStarted (
    "<LSApplicationProxy: 0x1035a4000> com.DefaultCompany.NeonDrift.run.1782493753.82761 file:///Users/dragonkao/Library/Developer/CoreSimulator/Devices/CC47DE7A-8196-4465-A5A5-BB852C9C6C82/data/Containers/Bundle/Application/54F57C06-7203-42C9-A64F-6A7822129B9B/com.apple.mobileinstallation.placeholder/ <com.DefaultCompany.NeonDrift.run.1782493753.82761 <placeholder >:1>"
)
2026-06-27 01:11:05.434 Df SpringBoard[84835:964c2f] [com.apple.launchservices:appinstallation] LaunchServices observer: InstallsStarted (
    "<LSApplicationProxy: 0x12332f600> com.DefaultCompany.NeonDrift.run.1782493753.82761 file:///Users/dragonkao/Library/Developer/CoreSimulator/Devices/CC47DE7A-8196-4465-A5A5-BB852C9C6C82/data/Containers/Bundle/Application/54F57C06-7203-42C9-A64F-6A7822129B9B/com.apple.mobileinstallation.placeholder/ <com.DefaultCompany.NeonDrift.run.1782493753.82761 <placeholder >:1>"
)
2026-06-27 01:11:05.434 Df SpringBoard[84835:964c2f] [com.apple.frontboard.ApplicationLibrary:observer] -[FBSApplicationLibrary applicationInstallsDidStart:] com.DefaultCompany.NeonDrift.run.1782493753.82761
2026-06-27 01:11:05.434 Df SpringBoard[84835:964c2f] [com.apple.frontboard.ApplicationLibrary:default] Added placeholder: <SBApplicationPlaceholderProxy: 0x12a74c600; com.DefaultCompany.NeonDrift.run.1782493753.82761 (NeonDrift.run.1782493753.82761); LSInstallType: StoreDownload>
2026-06-27 01:11:05.434 Df SpringBoard[84835:964b95] [com.apple.frontboard.ApplicationLibrary:sb.placeholder] App placeholder proxies added: (
    "<SBApplicationPlaceholderProxy: 0x12a74c600; com.DefaultCompany.NeonDrift.run.1782493753.82761 (NeonDrift.run.1782493753.82761); LSInstallType: StoreDownload>"
), currentlyKnownExistingPlaceholders: {
}
2026-06-27 01:11:05.434 Df installcoordinationd[84878:964e90] [com.apple.installcoordination:daemon] -[IXSCoordinatedAppInstall setPlaceholderInstallState:withLSRecordPromiseForCompletion:]: <IXSCoordinatedAppInstall<0x105e1c000> [P=CoreSimulatorBridge (pid 84699)] identifier:[com.DefaultCompany.NeonDrift.run.1782493753.82761/Invalid/[system-defined]] uuid:08922505-C3FD-4C63-A1B1-3ED921BFFC80 intent:IXCoordinatorIntentUpdating creator/appDRI:InstallCoordination Simple SPI importance:UserWaiting state:IXAppCoordinationStateReadyForInstall promise-state:PA2I4>: Placeholder install completed.
2026-06-27 01:11:05.434 Df SpringBoard[84835:964b95] [com.apple.appinstallation:TransactionLog] com.DefaultCompany.NeonDrift.run.1782493753.82761/Unknown Persona:10:0:1:1:Placeholder add BEGIN
2026-06-27 01:11:05.435 Df donotdisturbd[84718:964836] [com.apple.launchservices:appinstallation] LaunchServices observer: InstallsStarted (
    "<LSApplicationProxy: 0x105dc5500> com.DefaultCompany.NeonDrift.run.1782493753.82761 file:///Users/dragonkao/Library/Developer/CoreSimulator/Devices/CC47DE7A-8196-4465-A5A5-BB852C9C6C82/data/Containers/Bundle/Application/54F57C06-7203-42C9-A64F-6A7822129B9B/com.apple.mobileinstallation.placeholder/ <com.DefaultCompany.NeonDrift.run.1782493753.82761 <placeholder >:1>"
)
2026-06-27 01:11:05.435 Df callservicesd[84742:964c03] [com.apple.launchservices:appinstallation] LaunchServices observer: InstallsStarted (
    "<LSApplicationProxy: 0x1051d4d80> com.DefaultCompany.NeonDrift.run.1782493753.82761 file:///Users/dragonkao/Library/Developer/CoreSimulator/Devices/CC47DE7A-8196-4465-A5A5-BB852C9C6C82/data/Containers/Bundle/Application/54F57C06-7203-42C9-A64F-6A7822129B9B/com.apple.mobileinstallation.placeholder/ <com.DefaultCompany.NeonDrift.run.1782493753.82761 <placeholder >:1>"
)
2026-06-27 01:11:05.435 Df passd[84698:964aa0] [com.apple.launchservices:appinstallation] LaunchServices observer: InstallsStarted (
    "<LSApplicationProxy: 0x105cb5bc0> com.DefaultCompany.NeonDrift.run.1782493753.82761 file:///Users/dragonkao/Library/Developer/CoreSimulator/Devices/CC47DE7A-8196-4465-A5A5-BB852C9C6C82/data/Containers/Bundle/Application/54F57C06-7203-42C9-A64F-6A7822129B9B/com.apple.mobileinstallation.placeholder/ <com.DefaultCompany.NeonDrift.run.1782493753.82761 <placeholder >:1>"
)
2026-06-27 01:11:05.435 Df SpringBoard[84835:964d5c] [com.apple.launchservices:progress] #LSInstallProgressList add subscriber: <_NSProgressSubscriber: 0x12312a9a0> publishingString: com.DefaultCompany.NeonDrift.run.1782493753.82761
2026-06-27 01:11:05.435 Df SpringBoard[84835:964d5c] [com.apple.launchservices:progress] Subscribing to progress for app com.DefaultCompany.NeonDrift.run.1782493753.82761,
2026-06-27 01:11:05.435 E  SpringBoard[84835:964d5c] [com.apple.frontboard.ApplicationLibrary:placeholder] Non-demoted placeholder for com.DefaultCompany.NeonDrift.run.1782493753.82761 has no associated NSProgress!
2026-06-27 01:11:05.435 Df SpringBoard[84835:964b95] [com.apple.SpringBoard:Icon] <<SBLeafIcon:0x10cf439c0 [com.DefaultCompany.NeonDrift.run.1782493753.82761]>> Changing active data source: <SBApplicationIcon: 0x10cf439c0; nodeID: com.DefaultCompany.NeonDrift.run.1782493753.82761; bundleID: com.DefaultCompany.NeonDrift.run.1782493753.82761>
2026-06-27 01:11:05.435 Df SpringBoard[84835:964b95] [com.apple.SpringBoard:Icon] <<SBLeafIcon:0x10cf439c0 [com.DefaultCompany.NeonDrift.run.1782493753.82761]>> Changing from data souce: com.DefaultCompany.NeonDrift.run.1782493753.82761 to data source:com.DefaultCompany.NeonDrift.run.1782493753.82761.
2026-06-27 01:11:05.435 Df SpringBoard[84835:964b95] [com.apple.appinstallation:TransactionLog] com.DefaultCompany.NeonDrift.run.1782493753.82761/Unknown Persona:10:1:3:1:Created icon for placeholder.
2026-06-27 01:11:05.436 Df financed[84761:964915] [com.apple.launchservices:appinstallation] LaunchServices observer: InstallsStarted (
    "<LSApplicationProxy: 0x105e8b480> com.DefaultCompany.NeonDrift.run.1782493753.82761 file:///Users/dragonkao/Library/Developer/CoreSimulator/Devices/CC47DE7A-8196-4465-A5A5-BB852C9C6C82/data/Containers/Bundle/Application/54F57C06-7203-42C9-A64F-6A7822129B9B/com.apple.mobileinstallation.placeholder/ <com.DefaultCompany.NeonDrift.run.1782493753.82761 <placeholder >:1>"
)
2026-06-27 01:11:05.436 Df nsurlsessiond[84716:96478c] [com.apple.launchservices:appinstallation] LaunchServices observer: InstallsStarted (
    "<LSApplicationProxy: 0x103e446c0> com.DefaultCompany.NeonDrift.run.1782493753.82761 file:///Users/dragonkao/Library/Developer/CoreSimulator/Devices/CC47DE7A-8196-4465-A5A5-BB852C9C6C82/data/Containers/Bundle/Application/54F57C06-7203-42C9-A64F-6A7822129B9B/com.apple.mobileinstallation.placeholder/ <com.DefaultCompany.NeonDrift.run.1782493753.82761 <placeholder >:1>"
)
2026-06-27 01:11:05.436 Df profiled[84777:9649a2] [com.apple.launchservices:appinstallation] LaunchServices observer: InstallsStarted (
    "<LSApplicationProxy: 0x1016669a0> com.DefaultCompany.NeonDrift.run.1782493753.82761 file:///Users/dragonkao/Library/Developer/CoreSimulator/Devices/CC47DE7A-8196-4465-A5A5-BB852C9C6C82/data/Containers/Bundle/Application/54F57C06-7203-42C9-A64F-6A7822129B9B/com.apple.mobileinstallation.placeholder/ <com.DefaultCompany.NeonDrift.run.1782493753.82761 <placeholder >:1>"
)
2026-06-27 01:11:05.436 Df installcoordinationd[84878:964e90] [com.apple.installprogress:server] initiating progress for [com.DefaultCompany.NeonDrift.run.1782493753.82761/Invalid/[system-defined]]
2026-06-27 01:11:05.436 Df SpringBoard[84835:964b95] [com.apple.frontboard.ApplicationLibrary:sb.placeholder] Placeholders added: (
    "<SBApplicationPlaceholder: 0x1231a86f0; bundleIdentifier: com.DefaultCompany.NeonDrift.run.1782493753.82761; displayName: NeonDrift.run.1782493753.82761>"
), modified: (
), removed: (null)
2026-06-27 01:11:05.436 Df routined[84677:964805] [com.apple.launchservices:appinstallation] LaunchServices observer: InstallsStarted (
    "<LSApplicationProxy: 0x109d54900> com.DefaultCompany.NeonDrift.run.1782493753.82761 file:///Users/dragonkao/Library/Developer/CoreSimulator/Devices/CC47DE7A-8196-4465-A5A5-BB852C9C6C82/data/Containers/Bundle/Application/54F57C06-7203-42C9-A64F-6A7822129B9B/com.apple.mobileinstallation.placeholder/ <com.DefaultCompany.NeonDrift.run.1782493753.82761 <placeholder >:1>"
)
2026-06-27 01:11:05.436 Df gamed[84823:964b65] [com.apple.launchservices:appinstallation] LaunchServices observer: InstallsStarted (
    "<LSApplicationProxy: 0x105b78840> com.DefaultCompany.NeonDrift.run.1782493753.82761 file:///Users/dragonkao/Library/Developer/CoreSimulator/Devices/CC47DE7A-8196-4465-A5A5-BB852C9C6C82/data/Containers/Bundle/Application/54F57C06-7203-42C9-A64F-6A7822129B9B/com.apple.mobileinstallation.placeholder/ <com.DefaultCompany.NeonDrift.run.1782493753.82761 <placeholder >:1>"
)
2026-06-27 01:11:05.436 Df liveactivitiesd[84727:9648df] [com.apple.launchservices:appinstallation] LaunchServices observer: InstallsStarted (
    "<LSApplicationProxy: 0x102679680> com.DefaultCompany.NeonDrift.run.1782493753.82761 file:///Users/dragonkao/Library/Developer/CoreSimulator/Devices/CC47DE7A-8196-4465-A5A5-BB852C9C6C82/data/Containers/Bundle/Application/54F57C06-7203-42C9-A64F-6A7822129B9B/com.apple.mobileinstallation.placeholder/ <com.DefaultCompany.NeonDrift.run.1782493753.82761 <placeholder >:1>"
)
2026-06-27 01:11:05.436 Df installcoordinationd[84878:964e90] [com.apple.installprogress:default] Created published identity progress for [com.DefaultCompany.NeonDrift.run.1782493753.82761/Invalid/[system-defined]], observer 0x105ca8dc0
