Timestamp               Ty Process[PID:TID]
2026-06-23 01:24:26.955 Df runningboardd[16896:6c8619] [com.apple.runningboard:process] Periodic Run States <RBProcessState| identity:app<com.DefaultCompany.NeonDrift((null))> role:UserInteractiveFocal gpuRole:UserInteractiveFocal coalitionLevel:0 explicitJetsamBand:100 memoryLimit:Inactive(Soft) flags:144 guaranteedRunning:NO legacyFinishTaskReason:0 inheritances:<RBMutableInheritanceCollection| inheritancesByEnvironment:{
	UIScene:com.apple.frontboard.systemappservices/FBSceneManager:sceneID%3Acom.DefaultCompany.NeonDrift-default=[
		<RBSInheritance| environment:UIScene:com.apple.frontboard.systemappservices/FBSceneManager:sceneID%3Acom.DefaultCompany.NeonDrift-default name:com.apple.frontboard.visibility origID:16896-16891-2350 payload 15463113259460807867>
		]
		
	}> attributes:[
	SupportsBackgroundAudio
	] primitiveAssertions:[
	<RBSProcessAssertionInfo| type:2 reason:0 name:"Domain" domain:"com.apple.underlying:defaultUnderlyingAppAssertion" expl:"RB Underlying Assertion">,
	<RBSProcessAssertionInfo| type:2 reason:23 name:"Domain" domain:"com.apple.mediaexperience:AudioRecording" expl:"AudioRecording<…>
2026-06-23 01:25:51.739 Df CoreSimulatorBridge[16923:6c85dd] Request received for installation of file:///Users/dragonkao/.openclaw/workspace/382b9e3384298039b171c9b2a60ae644/NeonDrift_MVP/project/xcode_derived_data/Build/Products/Release-iphonesimulator/NeonDrift.app/ with options: {
    PackageType = Developer;
    SimulatorRootPath = "/Library/Developer/CoreSimulator/Volumes/iOS_23F77/Library/Developer/CoreSimulator/Profiles/Runtimes/iOS 26.5.simruntime/Contents/Resources/RuntimeRoot";
    SimulatorUserPath = "/Users/dragonkao/Library/Developer/CoreSimulator/Devices/CCB1E793-CED4-4FCD-BF73-321AAEA77AB9/data";
}
2026-06-23 01:25:51.739 Df CoreSimulatorBridge[16923:6c85dd] [com.apple.installcoordination:framework] +[IXAppInstallCoordinator(IXSimpleInstaller) _beginInstallForURL:forPersonaUniqueString:consumeSource:options:progressBlock:completionWithIdentity:]: Beginning install for /Users/dragonkao/.openclaw/workspace/382b9e3384298039b171c9b2a60ae644/NeonDrift_MVP/project/xcode_derived_data/Build/Products/Release-iphonesimulator/NeonDrift.app consuming source:N options:{
    IsUserInitiated = 1;
    PackageType = Developer;
} installationRequestorAuditToken: NULL
2026-06-23 01:25:51.741 Df installcoordinationd[55453:6c85e0] [com.apple.installcoordination:daemon] -[IXSDataPromiseManager registerPromise:]: Registered promise <IXSPlaceholder(0x105d0c500) Name:App Placeholder: NeonDrift (com.DefaultCompany.NeonDrift) Creator:InstallCoordination Simple SPI UUID:5DF71A27-E249-4CAE-A558-E13767ED8963 Location:[system-defined]> for UUID 5DF71A27-E249-4CAE-A558-E13767ED8963
2026-06-23 01:25:51.742 Df installcoordinationd[55453:6c85e0] [com.apple.installcoordination:daemon] -[IXSPlaceholder setAttributes:]: <IXSPlaceholder(0x105d0c500) Name:App Placeholder: NeonDrift (com.DefaultCompany.NeonDrift) Creator:InstallCoordination Simple SPI UUID:5DF71A27-E249-4CAE-A558-E13767ED8963 Location:[system-defined]>: setting placeholder attributes to <IXPlaceholderAttributes<0x105ca4000> : {
    CFBundleShortVersionString = "1.0";
    CFBundleSupportedPlatforms =     (
        iPhoneSimulator
    );
    CFBundleVersion = 0;
    DTPlatformName = iphonesimulator;
    LSRequiresIPhoneOS = 1;
    MinimumOSVersion = "13.0";
    UIDeviceFamily =     (
        1,
        2
    );
    UIRequiredDeviceCapabilities =     {
        arm64 = 1;
        metal = 1;
    };
}>
2026-06-23 01:25:51.743 Df CoreSimulatorBridge[16923:6c85dc] [com.apple.installcoordination:framework] +[IXPlaceholder _setEntitlementsFromBundleExecutableURL:withBundleID:client:onPlaceholder:location:error:]: Executable for com.DefaultCompany.NeonDrift at NeonDrift -- file:///Users/dragonkao/.openclaw/workspace/382b9e3384298039b171c9b2a60ae644/NeonDrift_MVP/project/xcode_derived_data/Build/Products/Release-iphonesimulator/NeonDrift.app/ had no entitlements
2026-06-23 01:25:51.743 Df CoreSimulatorBridge[16923:6c85dc] [com.apple.installcoordination:framework] +[IXPlaceholder _placeholderForBundle:client:withParent:installType:metadata:placeholderType:mayBeDeltaPackage:isFromSerializedPlaceholder:location:error:]: Using full fidelity icons for com.DefaultCompany.NeonDrift at /Users/dragonkao/.openclaw/workspace/382b9e3384298039b171c9b2a60ae644/NeonDrift_MVP/project/xcode_derived_data/Build/Products/Release-iphonesimulator/NeonDrift.app
2026-06-23 01:25:51.743 Df installcoordinationd[55453:6c85e0] [com.apple.installcoordination:daemon] -[IXSDataPromiseManager registerPromise:]: Registered promise <IXSPromisedTransferToPath(0x105ce6680) Name:Icon resources for com.DefaultCompany.NeonDrift Creator:InstallCoordination Simple SPI UUID:F7963AD7-EDAA-4219-85C1-FC52BE76EBB4 Location:[system-defined]> for UUID F7963AD7-EDAA-4219-85C1-FC52BE76EBB4
2026-06-23 01:25:51.746 Df CoreSimulatorBridge[16923:6c85dc] [com.apple.installcoordination:framework] -[IXPromisedTransferToPath setComplete:]: <IXPromisedTransferToPath<0x1055cdbc0> name:"Icon resources for com.DefaultCompany.NeonDrift" uuid:F7963AD7-EDAA-4219-85C1-FC52BE76EBB4 creator:"InstallCoordination Simple SPI" location:[system-defined]> Move operation from /Users/dragonkao/Library/Developer/CoreSimulator/Devices/CCB1E793-CED4-4FCD-BF73-321AAEA77AB9/data/Containers/Shared/SystemGroup/systemgroup.com.apple.installcoordinationd/Library/InstallCoordination/PromiseStaging/F7963AD7-EDAA-4219-85C1-FC52BE76EBB4/temp.uwKAdj to /Users/dragonkao/Library/Developer/CoreSimulator/Devices/CCB1E793-CED4-4FCD-BF73-321AAEA77AB9/data/Containers/Shared/SystemGroup/systemgroup.com.apple.installcoordinationd/Library/InstallCoordination/PromiseStaging/F7963AD7-EDAA-4219-85C1-FC52BE76EBB4/temp.uwKAdj took 0.000041 seconds
2026-06-23 01:25:51.747 Df installcoordinationd[55453:6c85e0] [com.apple.installcoordination:daemon] -[IXSDataPromise _setPercentComplete:saveStateIfNeeded:]: Progress: <IXSPromisedTransferToPath(0x105ce6680) Name:Icon resources for com.DefaultCompany.NeonDrift Creator:InstallCoordination Simple SPI UUID:F7963AD7-EDAA-4219-85C1-FC52BE76EBB4 Location:[system-defined]>
2026-06-23 01:25:51.747 Df installcoordinationd[55453:6c85e1] [com.apple.installcoordination:daemon] -[IXSDataPromiseManager promiseDidBegin:]: Unowned promise began: <IXSPromisedTransferToPath(0x105ce6680) Name:Icon resources for com.DefaultCompany.NeonDrift Creator:InstallCoordination Simple SPI UUID:F7963AD7-EDAA-4219-85C1-FC52BE76EBB4 Location:[system-defined]>
2026-06-23 01:25:51.747 Df installcoordinationd[55453:6c85e1] [com.apple.installcoordination:daemon] -[IXSDataPromiseManager promise:didUpdateProgress:]: Unowned promise update progress to 1.000000 : <IXSPromisedTransferToPath(0x105ce6680) Name:Icon resources for com.DefaultCompany.NeonDrift Creator:InstallCoordination Simple SPI UUID:F7963AD7-EDAA-4219-85C1-FC52BE76EBB4 Location:[system-defined]>
2026-06-23 01:25:51.747 Df installcoordinationd[55453:6c85e0] [com.apple.installcoordination:daemon] -[IXSDataPromiseManager promiseDidComplete:]: Unowned promise completed: <IXSPromisedTransferToPath(0x105ce6680) Name:Icon resources for com.DefaultCompany.NeonDrift Creator:InstallCoordination Simple SPI UUID:F7963AD7-EDAA-4219-85C1-FC52BE76EBB4 Location:[system-defined]>
2026-06-23 01:25:51.748 Df installcoordinationd[55453:6c85e1] [com.apple.installcoordination:daemon] -[IXSDataPromise _setPercentComplete:saveStateIfNeeded:]: Progress: <IXSPromisedInMemoryDictionary(0x105ce6100) Name:Info.plist icon content for com.DefaultCompany.NeonDrift Creator:InstallCoordination Simple SPI UUID:67475FE8-E165-40FE-BC4A-51F2CD580F6E Location:[system-defined]>
2026-06-23 01:25:51.748 Df installcoordinationd[55453:6c85e1] [com.apple.installcoordination:daemon] -[IXSDataPromiseManager registerPromise:]: Registered promise <IXSPromisedInMemoryDictionary(0x105ce6100) Name:Info.plist icon content for com.DefaultCompany.NeonDrift Creator:InstallCoordination Simple SPI UUID:67475FE8-E165-40FE-BC4A-51F2CD580F6E Location:[system-defined]> for UUID 67475FE8-E165-40FE-BC4A-51F2CD580F6E
2026-06-23 01:25:51.748 Df installcoordinationd[55453:6c85e0] [com.apple.installcoordination:daemon] -[IXSDataPromiseManager promiseDidBegin:]: Unowned promise began: <IXSPromisedInMemoryDictionary(0x105ce6100) Name:Info.plist icon content for com.DefaultCompany.NeonDrift Creator:InstallCoordination Simple SPI UUID:67475FE8-E165-40FE-BC4A-51F2CD580F6E Location:[system-defined]>
2026-06-23 01:25:51.748 Df installcoordinationd[55453:6c85e0] [com.apple.installcoordination:daemon] -[IXSDataPromiseManager promise:didUpdateProgress:]: Unowned promise update progress to 1.000000 : <IXSPromisedInMemoryDictionary(0x105ce6100) Name:Info.plist icon content for com.DefaultCompany.NeonDrift Creator:InstallCoordination Simple SPI UUID:67475FE8-E165-40FE-BC4A-51F2CD580F6E Location:[system-defined]>
2026-06-23 01:25:51.748 Df installcoordinationd[55453:6c85e0] [com.apple.installcoordination:daemon] -[IXSDataPromiseManager promiseDidComplete:]: Unowned promise completed: <IXSPromisedInMemoryDictionary(0x105ce6100) Name:Info.plist icon content for com.DefaultCompany.NeonDrift Creator:InstallCoordination Simple SPI UUID:67475FE8-E165-40FE-BC4A-51F2CD580F6E Location:[system-defined]>
2026-06-23 01:25:51.748 Df installcoordinationd[55453:6c85e1] [com.apple.installcoordination:daemon] -[IXSPlaceholder setIconResourcesPromise:]: <IXSPlaceholder(0x105d0c500) Name:App Placeholder: NeonDrift (com.DefaultCompany.NeonDrift) Creator:InstallCoordination Simple SPI UUID:5DF71A27-E249-4CAE-A558-E13767ED8963 Location:[system-defined]>: setting icon resources promise to <IXSPromisedTransferToPath(0x105ce6680) Name:Icon resources for com.DefaultCompany.NeonDrift Creator:InstallCoordination Simple SPI UUID:F7963AD7-EDAA-4219-85C1-FC52BE76EBB4 Location:[system-defined]>
2026-06-23 01:25:51.749 Df installcoordinationd[55453:6c85e1] [com.apple.installcoordination:daemon] -[IXSPlaceholder setInfoPlistIconContentPromise:]: <IXSPlaceholder(0x105d0c500) Name:App Placeholder: NeonDrift (com.DefaultCompany.NeonDrift) Creator:InstallCoordination Simple SPI UUID:5DF71A27-E249-4CAE-A558-E13767ED8963 Location:[system-defined]>: setting Info.plist icon content promise to <IXSPromisedInMemoryDictionary(0x105ce6100) Name:Info.plist icon content for com.DefaultCompany.NeonDrift Creator:InstallCoordination Simple SPI UUID:67475FE8-E165-40FE-BC4A-51F2CD580F6E Location:[system-defined]>
2026-06-23 01:25:51.749 Df installcoordinationd[55453:6c85e1] [com.apple.installcoordination:daemon] -[IXSDataPromiseManager promiseDidBegin:]: Unowned promise began: <IXSPlaceholder(0x105d0c500) Name:App Placeholder: NeonDrift (com.DefaultCompany.NeonDrift) Creator:InstallCoordination Simple SPI UUID:5DF71A27-E249-4CAE-A558-E13767ED8963 Location:[system-defined]>
2026-06-23 01:25:51.749 Df installcoordinationd[55453:6c85e1] [com.apple.installcoordination:daemon] -[IXSDataPromiseManager promise:didUpdateProgress:]: Unowned promise update progress to 0.000000 : <IXSPlaceholder(0x105d0c500) Name:App Placeholder: NeonDrift (com.DefaultCompany.NeonDrift) Creator:InstallCoordination Simple SPI UUID:5DF71A27-E249-4CAE-A558-E13767ED8963 Location:[system-defined]>
2026-06-23 01:25:51.749 Df installcoordinationd[55453:6c85e1] [com.apple.installcoordination:daemon] -[IXSDataPromiseManager promise:didUpdateProgress:]: Unowned promise update progress to 0.000000 : <IXSPlaceholder(0x105d0c500) Name:App Placeholder: NeonDrift (com.DefaultCompany.NeonDrift) Creator:InstallCoordination Simple SPI UUID:5DF71A27-E249-4CAE-A558-E13767ED8963 Location:[system-defined]>
2026-06-23 01:25:51.750 Df installcoordinationd[55453:6c85e1] [com.apple.installcoordination:daemon] -[IXSDataPromise _setPercentComplete:saveStateIfNeeded:]: Progress: <IXSPromisedInMemoryDictionary(0x105ce5200) Name:Localizations for com.DefaultCompany.NeonDrift Creator:InstallCoordination Simple SPI UUID:1BFD4F6E-5B03-404F-AD74-C0D963A5571C Location:[system-defined]>
2026-06-23 01:25:51.750 Df installcoordinationd[55453:6c85e1] [com.apple.installcoordination:daemon] -[IXSDataPromiseManager registerPromise:]: Registered promise <IXSPromisedInMemoryDictionary(0x105ce5200) Name:Localizations for com.DefaultCompany.NeonDrift Creator:InstallCoordination Simple SPI UUID:1BFD4F6E-5B03-404F-AD74-C0D963A5571C Location:[system-defined]> for UUID 1BFD4F6E-5B03-404F-AD74-C0D963A5571C
2026-06-23 01:25:51.751 Df installcoordinationd[55453:6cf4d7] [com.apple.installcoordination:daemon] -[IXSDataPromiseManager promiseDidBegin:]: Unowned promise began: <IXSPromisedInMemoryDictionary(0x105ce5200) Name:Localizations for com.DefaultCompany.NeonDrift Creator:InstallCoordination Simple SPI UUID:1BFD4F6E-5B03-404F-AD74-C0D963A5571C Location:[system-defined]>
2026-06-23 01:25:51.751 Df installcoordinationd[55453:6cf4d7] [com.apple.installcoordination:daemon] -[IXSDataPromiseManager promise:didUpdateProgress:]: Unowned promise update progress to 1.000000 : <IXSPromisedInMemoryDictionary(0x105ce5200) Name:Localizations for com.DefaultCompany.NeonDrift Creator:InstallCoordination Simple SPI UUID:1BFD4F6E-5B03-404F-AD74-C0D963A5571C Location:[system-defined]>
2026-06-23 01:25:51.751 Df installcoordinationd[55453:6cf4d7] [com.apple.installcoordination:daemon] -[IXSDataPromiseManager promiseDidComplete:]: Unowned promise completed: <IXSPromisedInMemoryDictionary(0x105ce5200) Name:Localizations for com.DefaultCompany.NeonDrift Creator:InstallCoordination Simple SPI UUID:1BFD4F6E-5B03-404F-AD74-C0D963A5571C Location:[system-defined]>
2026-06-23 01:25:51.751 Df installcoordinationd[55453:6c85e1] [com.apple.installcoordination:daemon] -[IXSPlaceholder setLocalizationDictionaryPromise:]: <IXSPlaceholder(0x105d0c500) Name:App Placeholder: NeonDrift (com.DefaultCompany.NeonDrift) Creator:InstallCoordination Simple SPI UUID:5DF71A27-E249-4CAE-A558-E13767ED8963 Location:[system-defined]>: setting localization dict promise to <IXSPromisedInMemoryDictionary(0x105ce5200) Name:Localizations for com.DefaultCompany.NeonDrift Creator:InstallCoordination Simple SPI UUID:1BFD4F6E-5B03-404F-AD74-C0D963A5571C Location:[system-defined]>
2026-06-23 01:25:51.752 Df installcoordinationd[55453:6c85e1] [com.apple.installcoordination:daemon] -[IXSDataPromiseManager promise:didUpdateProgress:]: Unowned promise update progress to 0.000000 : <IXSPlaceholder(0x105d0c500) Name:App Placeholder: NeonDrift (com.DefaultCompany.NeonDrift) Creator:InstallCoordination Simple SPI UUID:5DF71A27-E249-4CAE-A558-E13767ED8963 Location:[system-defined]>
2026-06-23 01:25:51.752 Df installcoordinationd[55453:6c85e0] [com.apple.installcoordination:daemon] -[IXSPlaceholder setConfigurationComplete:]: <IXSPlaceholder(0x105d0c500) Name:App Placeholder: NeonDrift (com.DefaultCompany.NeonDrift) Creator:InstallCoordination Simple SPI UUID:5DF71A27-E249-4CAE-A558-E13767ED8963 Location:[system-defined]>: setting configuration complete to Y
2026-06-23 01:25:51.752 Df installcoordinationd[55453:6c85e0] [com.apple.installcoordination:daemon] -[IXSPlaceholder _materialize]: <IXSPlaceholder(0x105d0c500) Name:App Placeholder: NeonDrift (com.DefaultCompany.NeonDrift) Creator:InstallCoordination Simple SPI UUID:5DF71A27-E249-4CAE-A558-E13767ED8963 Location:[system-defined]>: Materializing placeholder at /Users/dragonkao/Library/Developer/CoreSimulator/Devices/CCB1E793-CED4-4FCD-BF73-321AAEA77AB9/data/Containers/Shared/SystemGroup/systemgroup.com.apple.installcoordinationd/Library/InstallCoordination/PromiseStaging/5DF71A27-E249-4CAE-A558-E13767ED8963/NeonDrift.app
2026-06-23 01:25:51.752 Df installcoordinationd[55453:6c85e0] [com.apple.installcoordination:daemon] -[IXSPlaceholder _materialize]: <IXSPlaceholder(0x105d0c500) Name:App Placeholder: NeonDrift (com.DefaultCompany.NeonDrift) Creator:InstallCoordination Simple SPI UUID:5DF71A27-E249-4CAE-A558-E13767ED8963 Location:[system-defined]>: Using Info.plist icon content: {
    CFBundleIcons =     {
        CFBundlePrimaryIcon =         {
            CFBundleIconName = AppIcon;
        };
    };
    "CFBundleIcons~ipad" =     {
        CFBundlePrimaryIcon =         {
            CFBundleIconName = AppIcon;
        };
    };
    ISIconPlatform = iPhoneOS;
}
2026-06-23 01:25:51.753 Df installcoordinationd[55453:6c85e0] [com.apple.installcoordination:daemon] -[IXSPlaceholder _materialize]_block_invoke: <IXSPlaceholder(0x105d0c500) Name:App Placeholder: NeonDrift (com.DefaultCompany.NeonDrift) Creator:InstallCoordination Simple SPI UUID:5DF71A27-E249-4CAE-A558-E13767ED8963 Location:[system-defined]>: Using icon resource Assets.car
2026-06-23 01:25:51.753 Df installcoordinationd[55453:6c85e0] [com.apple.installcoordination:daemon] -[IXSPlaceholder _materialize]: <IXSPlaceholder(0x105d0c500) Name:App Placeholder: NeonDrift (com.DefaultCompany.NeonDrift) Creator:InstallCoordination Simple SPI UUID:5DF71A27-E249-4CAE-A558-E13767ED8963 Location:[system-defined]>: Including lproj localizations for (
)
2026-06-23 01:25:51.753 Df installcoordinationd[55453:6c85e1] [com.apple.installcoordination:daemon] -[IXSDataPromiseManager promiseDidComplete:]: Unowned promise completed: <IXSPlaceholder(0x105d0c500) Name:App Placeholder: NeonDrift (com.DefaultCompany.NeonDrift) Creator:InstallCoordination Simple SPI UUID:5DF71A27-E249-4CAE-A558-E13767ED8963 Location:[system-defined]>
2026-06-23 01:25:51.754 Df installcoordinationd[55453:6c85e0] [com.apple.installcoordination:daemon] -[IXSDataPromiseManager registerPromise:]: Registered promise <IXSPromisedTransferToPath(0x105ce4f00) Name:App Asset: com.DefaultCompany.NeonDrift Creator:InstallCoordination Simple SPI UUID:906DF4DB-AE6F-4F99-9549-0A354F7C8C14 Location:[system-defined]> for UUID 906DF4DB-AE6F-4F99-9549-0A354F7C8C14
2026-06-23 01:25:51.755 Df installcoordinationd[55453:6c85e0] [com.apple.installcoordination:daemon] -[IXSCoordinatorManager coordinatorForIdentity:connection:error:creatingIfNotExisting:]_block_invoke: Registered coordinator: <IXSCoordinatedAppInstall<0x105df4000> [P=CoreSimulatorBridge (pid 16923)] identifier:[com.DefaultCompany.NeonDrift/Invalid/[system-defined]] uuid:B2017B40-EB51-4B0A-812A-38D5A22E4529 intent:IXCoordinatorIntentUpdating creator/appDRI:InstallCoordination Simple SPI importance:Background state:IXAppCoordinationStatePlaceholderPromiseNotSet promise-state:01234>
2026-06-23 01:25:51.755 Df installcoordinationd[55453:6c85e0] [com.apple.appinstallation:TransactionLog] com.DefaultCompany.NeonDrift/Unknown Persona:4:2:1:1:Created coordinator with intent IXCoordinatorIntentUpdating for client InstallCoordination Simple SPI
2026-06-23 01:25:51.755 Df installcoordinationd[55453:6c85e0] [com.apple.installcoordination:daemon] -[IXSCoordinatedAppInstall setPriorityBoostCompletion:withSourceInfo:]: <IXSCoordinatedAppInstall<0x105df4000> [P=CoreSimulatorBridge (pid 16923)] identifier:[com.DefaultCompany.NeonDrift/Invalid/[system-defined]] uuid:B2017B40-EB51-4B0A-812A-38D5A22E4529 intent:IXCoordinatorIntentUpdating creator/appDRI:InstallCoordination Simple SPI importance:Background state:IXAppCoordinationStatePlaceholderPromiseNotSet promise-state:01234>: Retaining completion from CoreSimulatorBridge (16923), QOS_CLASS_DEFAULT (0x15)
2026-06-23 01:25:51.755 Df installcoordinationd[55453:6c85e0] [com.apple.installcoordination:daemon] -[IXSCoordinatedAppInstall setImportance:]: <IXSCoordinatedAppInstall<0x105df4000> [P=CoreSimulatorBridge (pid 16923)] identifier:[com.DefaultCompany.NeonDrift/Invalid/[system-defined]] uuid:B2017B40-EB51-4B0A-812A-38D5A22E4529 intent:IXCoordinatorIntentUpdating creator/appDRI:InstallCoordination Simple SPI importance:UserWaiting state:IXAppCoordinationStatePlaceholderPromiseNotSet promise-state:01234>: set importance to UserWaiting
2026-06-23 01:25:51.755 Df installcoordinationd[55453:6c85e0] [com.apple.installcoordination:daemon] -[IXSCoordinatedAppInstall _onQueue_fireObserversForClient:]: <IXSCoordinatedAppInstall<0x105df4000> [P=CoreSimulatorBridge (pid 16923)] identifier:[com.DefaultCompany.NeonDrift/Invalid/[system-defined]] uuid:B2017B40-EB51-4B0A-812A-38D5A22E4529 intent:IXCoordinatorIntentUpdating creator/appDRI:InstallCoordination Simple SPI importance:UserWaiting state:IXAppCoordinationStatePlaceholderPromiseNotSet promise-state:01234>: Firing applicable observers for client <IXSClientConnection<0x105c44480> client:CoreSimulatorBridge (pid 16923) uuid:807850CD-602B-4881-A92F-9CDF1896469D>
2026-06-23 01:25:51.755 Df installcoordinationd[55453:6c85e0] [com.apple.installcoordination:daemon] -[IXSCoordinatedAppInstall setPriorityBoostCompletion:withSourceInfo:]: <IXSCoordinatedAppInstall<0x105df4000> [P=CoreSimulatorBridge (pid 16923)] identifier:[com.DefaultCompany.NeonDrift/Invalid/[system-defined]] uuid:B2017B40-EB51-4B0A-812A-38D5A22E4529 intent:IXCoordinatorIntentUpdating creator/appDRI:InstallCoordination Simple SPI importance:UserWaiting state:IXAppCoordinationStatePlaceholderPromiseNotSet promise-state:01234>: Disposing of completion from CoreSimulatorBridge (16923), QOS_CLASS_DEFAULT (0x15)
2026-06-23 01:25:51.755 Df installcoordinationd[55453:6c85e0] [com.apple.installcoordination:daemon] -[IXSCoordinatedAppInstall setPriorityBoostCompletion:withSourceInfo:]: <IXSCoordinatedAppInstall<0x105df4000> [P=CoreSimulatorBridge (pid 16923)] identifier:[com.DefaultCompany.NeonDrift/Invalid/[system-defined]] uuid:B2017B40-EB51-4B0A-812A-38D5A22E4529 intent:IXCoordinatorIntentUpdating creator/appDRI:InstallCoordination Simple SPI importance:UserWaiting state:IXAppCoordinationStatePlaceholderPromiseNotSet promise-state:01234>: Retaining completion from CoreSimulatorBridge (16923), QOS_CLASS_DEFAULT (0x15)
2026-06-23 01:25:51.756 Df CoreSimulatorBridge[16923:6c85df] [com.apple.installcoordination:framework] -[IXAppInstallCoordinator _clientDelegate_didRegisterForObservation]: <IXUpdatingAppInstallCoordinator<0x1055cdb40> identity:[com.DefaultCompany.NeonDrift/Invalid/[system-defined]] uuid:B2017B40-EB51-4B0A-812A-38D5A22E4529 creator:InstallCoordination Simple SPI>: Got observer registration delegate
2026-06-23 01:25:51.756 Df CoreSimulatorBridge[16923:6c85df] [com.apple.installcoordination:framework] -[IXAppInstallCoordinator _clientDelegate_didRegisterForObservation]_block_invoke: <IXUpdatingAppInstallCoordinator<0x1055cdb40> identity:[com.DefaultCompany.NeonDrift/Invalid/[system-defined]] uuid:B2017B40-EB51-4B0A-812A-38D5A22E4529 creator:InstallCoordination Simple SPI>: Observer <_IXSimpleInstallerDelegate 0x0x1055d5530> does not respond to coordinatorDidRegisterForObservation:
2026-06-23 01:25:51.756 Df CoreSimulatorBridge[16923:6cf4d6] [com.apple.installcoordination:framework] -[IXAppInstallCoordinator _clientDelegate_shouldResume]: <IXUpdatingAppInstallCoordinator<0x1055cdb40> identity:[com.DefaultCompany.NeonDrift/Invalid/[system-defined]] uuid:B2017B40-EB51-4B0A-812A-38D5A22E4529 creator:InstallCoordination Simple SPI>: Got should resume delegate
2026-06-23 01:25:51.756 Df CoreSimulatorBridge[16923:6cf4d6] [com.apple.installcoordination:framework] -[IXAppInstallCoordinator _clientDelegate_shouldResume]_block_invoke: <IXUpdatingAppInstallCoordinator<0x1055cdb40> identity:[com.DefaultCompany.NeonDrift/Invalid/[system-defined]] uuid:B2017B40-EB51-4B0A-812A-38D5A22E4529 creator:InstallCoordination Simple SPI>: Observer <_IXSimpleInstallerDelegate 0x0x1055d5530> does not respond to coordinatorShouldResume:
2026-06-23 01:25:51.757 Df installcoordinationd[55453:6c85e0] [com.apple.installcoordination:daemon] -[IXSCoordinatedAppInstall _internal_setInstallOptionsPromise:performExternalActions:]: <IXSCoordinatedAppInstall<0x105df4000> [P=CoreSimulatorBridge (pid 16923)] identifier:[com.DefaultCompany.NeonDrift/Invalid/[system-defined]] uuid:B2017B40-EB51-4B0A-812A-38D5A22E4529 intent:IXCoordinatorIntentUpdating creator/appDRI:InstallCoordination Simple SPI importance:UserWaiting state:IXAppCoordinationStatePlaceholderPromiseNotSet promise-state:012I4> : install options set: <IXSPromisedInMemoryData(0x105ce4f80) Name:MIInstallOptions data Creator:Install Coordination Internal UUID:204FA877-A0C4-413E-AE1D-279A626D3591 Location:[system-defined]>
2026-06-23 01:25:51.757 Df installcoordinationd[55453:6c85e1] [com.apple.installcoordination:daemon] -[IXSCoordinatedAppInstall promiseDidComplete:]: <IXSCoordinatedAppInstall<0x105df4000> [P=CoreSimulatorBridge (pid 16923)] identifier:[com.DefaultCompany.NeonDrift/Invalid/[system-defined]] uuid:B2017B40-EB51-4B0A-812A-38D5A22E4529 intent:IXCoordinatorIntentUpdating creator/appDRI:InstallCoordination Simple SPI importance:UserWaiting state:IXAppCoordinationStatePlaceholderPromiseNotSet promise-state:012I4> : Promise completed: <IXSPromisedInMemoryData(0x105ce4f80) Name:MIInstallOptions data Creator:Install Coordination Internal UUID:204FA877-A0C4-413E-AE1D-279A626D3591 Location:[system-defined]>
2026-06-23 01:25:51.757 Df installcoordinationd[55453:6c85e0] [com.apple.appinstallation:TransactionLog] com.DefaultCompany.NeonDrift/Unknown Persona:4:13:1:1:Install Options Promise began. Coordinator State: IXAppCoordinationStatePlaceholderPromiseNotSet
2026-06-23 01:25:51.757 Df installcoordinationd[55453:6c85e0] [com.apple.appinstallation:TransactionLog] com.DefaultCompany.NeonDrift/Unknown Persona:4:13:2:1:Install Options Promise completed. Coordinator State: IXAppCoordinationStatePlaceholderPromiseNotSet
2026-06-23 01:25:51.758 Df installcoordinationd[55453:6c85e1] [com.apple.installcoordination:daemon] -[IXSCoordinatedAppInstall _internal_setAppAssetPromise:performExternalActions:]: <IXSCoordinatedAppInstall<0x105df4000> [P=CoreSimulatorBridge (pid 16923)] identifier:[com.DefaultCompany.NeonDrift/Invalid/[system-defined]] uuid:B2017B40-EB51-4B0A-812A-38D5A22E4529 intent:IXCoordinatorIntentUpdating creator/appDRI:InstallCoordination Simple SPI importance:UserWaiting state:IXAppCoordinationStatePlaceholderPromiseNotSet promise-state:0a2I4> : App Asset Promise set: <IXSPromisedTransferToPath(0x105ce4f00) Name:App Asset: com.DefaultCompany.NeonDrift Creator:InstallCoordination Simple SPI UUID:906DF4DB-AE6F-4F99-9549-0A354F7C8C14 Location:[system-defined]>
2026-06-23 01:25:51.758 Df installcoordinationd[55453:6c85e1] [com.apple.installcoordination:daemon] -[IXSCoordinatedAppInstall setInitialODRAssetPromises:]: <IXSCoordinatedAppInstall<0x105df4000> [P=CoreSimulatorBridge (pid 16923)] identifier:[com.DefaultCompany.NeonDrift/Invalid/[system-defined]] uuid:B2017B40-EB51-4B0A-812A-38D5A22E4529 intent:IXCoordinatorIntentUpdating creator/appDRI:InstallCoordination Simple SPI importance:UserWaiting state:IXAppCoordinationStatePlaceholderPromiseNotSet promise-state:0a2I4> : Initial ODR Asset Promises set: (
)
2026-06-23 01:25:51.759 Df CoreSimulatorBridge[16923:6c85dc] [com.apple.installcoordination:framework] -[IXPromisedTransferToPath _performDeltaCopyFrom:toDestination:]: Performing delta copy from /Users/dragonkao/.openclaw/workspace/382b9e3384298039b171c9b2a60ae644/NeonDrift_MVP/project/xcode_derived_data/Build/Products/Release-iphonesimulator/NeonDrift.app to /Users/dragonkao/Library/Developer/CoreSimulator/Devices/CCB1E793-CED4-4FCD-BF73-321AAEA77AB9/data/Containers/Shared/SystemGroup/systemgroup.com.apple.installcoordinationd/Library/InstallCoordination/PromiseStaging/906DF4DB-AE6F-4F99-9549-0A354F7C8C14/NeonDrift.app with installed bundle at /Users/dragonkao/Library/Developer/CoreSimulator/Devices/CCB1E793-CED4-4FCD-BF73-321AAEA77AB9/data/Containers/Bundle/Application/7756E5D8-3825-4A10-8C4C-0E0DA86EC10A/NeonDrift.app
2026-06-23 01:25:51.759 Df CoreSimulatorBridge[16923:6c85dc] (MobileSystemServices) 0x16da47000 MDMCreateDeltaDirectory: calling MDMDirectoryDiff with:
state->old_bundle: /Users/dragonkao/Library/Developer/CoreSimulator/Devices/CCB1E793-CED4-4FCD-BF73-321AAEA77AB9/data/Containers/Bundle/Application/7756E5D8-3825-4A10-8C4C-0E0DA86EC10A/NeonDrift.app
state->new_bundle: /Users/dragonkao/.openclaw/workspace/382b9e3384298039b171c9b2a60ae644/NeonDrift_MVP/project/xcode_derived_data/Build/Products/Release-iphonesimulator/NeonDrift.app
state->dst_bundle: /Users/dragonkao/Library/Developer/CoreSimulator/Devices/CCB1E793-CED4-4FCD-BF73-321AAEA77AB9/data/Containers/Shared/SystemGroup/systemgroup.com.apple.installcoordinationd/Library/InstallCoordination/PromiseStaging/906DF4DB-AE6F-4F99-9549-0A354F7C8C14/NeonDrift.app/Payload//NeonDrift.app, binaryDiff flag: FALSE
	dst_ipa: /Users/dragonkao/Library/Developer/CoreSimulator/Devices/CCB1E793-CED4-4FCD-BF73-321AAEA77AB9/data/Containers/Shared/SystemGroup/systemgroup.com.apple.installcoordinationd/Library/InstallCoordination/PromiseStaging/906DF<…>
2026-06-23 01:25:51.821 Df CoreSimulatorBridge[16923:6c85dc] [com.apple.installcoordination:framework] -[IXPromisedTransferToPath setComplete:]: <IXPromisedTransferToPath<0x1055cddc0> name:"App Asset: com.DefaultCompany.NeonDrift" uuid:906DF4DB-AE6F-4F99-9549-0A354F7C8C14 creator:"InstallCoordination Simple SPI" location:[system-defined]> Delta Copy operation from /Users/dragonkao/.openclaw/workspace/382b9e3384298039b171c9b2a60ae644/NeonDrift_MVP/project/xcode_derived_data/Build/Products/Release-iphonesimulator/NeonDrift.app to /Users/dragonkao/Library/Developer/CoreSimulator/Devices/CCB1E793-CED4-4FCD-BF73-321AAEA77AB9/data/Containers/Shared/SystemGroup/systemgroup.com.apple.installcoordinationd/Library/InstallCoordination/PromiseStaging/906DF4DB-AE6F-4F99-9549-0A354F7C8C14/NeonDrift.app took 0.062044 seconds
2026-06-23 01:25:51.821 Df installcoordinationd[55453:6cf4d7] [com.apple.installcoordination:daemon] -[IXSDataPromise _setPercentComplete:saveStateIfNeeded:]: Progress: <IXSPromisedTransferToPath(0x105ce4f00) Name:App Asset: com.DefaultCompany.NeonDrift Creator:InstallCoordination Simple SPI UUID:906DF4DB-AE6F-4F99-9549-0A354F7C8C14 Location:[system-defined]>
2026-06-23 01:25:51.821 Df installcoordinationd[55453:6c85e1] [com.apple.appinstallation:TransactionLog] com.DefaultCompany.NeonDrift/Unknown Persona:4:10:1:1:App Asset Promise began. Coordinator State: IXAppCoordinationStatePlaceholderPromiseNotSet
2026-06-23 01:25:51.822 Df CoreSimulatorBridge[16923:6cf4d6] [com.apple.installcoordination:framework] -[IXAppInstallCoordinator _clientDelegate_promiseDidBeginFulfillmentWithIdentifier:]: <IXUpdatingAppInstallCoordinator<0x1055cdb40> identity:[com.DefaultCompany.NeonDrift/Invalid/[system-defined]] uuid:B2017B40-EB51-4B0A-812A-38D5A22E4529 creator:InstallCoordination Simple SPI>: Got promise did begin fulfillment for identifier 2
2026-06-23 01:25:51.822 Df installcoordinationd[55453:6cf4d7] [com.apple.installcoordination:daemon] -[IXSCoordinatedAppInstall promiseDidComplete:]: <IXSCoordinatedAppInstall<0x105df4000> [P=CoreSimulatorBridge (pid 16923)] identifier:[com.DefaultCompany.NeonDrift/Invalid/[system-defined]] uuid:B2017B40-EB51-4B0A-812A-38D5A22E4529 intent:IXCoordinatorIntentUpdating creator/appDRI:InstallCoordination Simple SPI importance:UserWaiting state:IXAppCoordinationStatePlaceholderPromiseNotSet promise-state:0A2I4> : Promise completed: <IXSPromisedTransferToPath(0x105ce4f00) Name:App Asset: com.DefaultCompany.NeonDrift Creator:InstallCoordination Simple SPI UUID:906DF4DB-AE6F-4F99-9549-0A354F7C8C14 Location:[system-defined]>
2026-06-23 01:25:51.822 Df CoreSimulatorBridge[16923:6cf4d6] [com.apple.installcoordination:framework] -[IXAppInstallCoordinator _clientDelegate_promiseDidBeginFulfillmentWithIdentifier:]_block_invoke: <IXUpdatingAppInstallCoordinator<0x1055cdb40> identity:[com.DefaultCompany.NeonDrift/Invalid/[system-defined]] uuid:B2017B40-EB51-4B0A-812A-38D5A22E4529 creator:InstallCoordination Simple SPI>: Observer <_IXSimpleInstallerDelegate 0x0x1055d5530> does not respond to coordinator:configuredPromiseDidBeginFulfillment: (or any deprecated equivalent)
2026-06-23 01:25:51.822 Df installcoordinationd[55453:6cf4d7] [com.apple.appinstallation:TransactionLog] com.DefaultCompany.NeonDrift/Unknown Persona:4:10:2:1:App Asset Promise completed. Coordinator State: IXAppCoordinationStatePlaceholderPromiseNotSet
2026-06-23 01:25:51.822 Df CoreSimulatorBridge[16923:6c85df] [com.apple.installcoordination:framework] -[IXAppInstallCoordinator _clientDelegate_didUpdateProgress:forPhase:overallProgress:]: <IXUpdatingAppInstallCoordinator<0x1055cdb40> identity:[com.DefaultCompany.NeonDrift/Invalid/[system-defined]] uuid:B2017B40-EB51-4B0A-812A-38D5A22E4529 creator:InstallCoordination Simple SPI>: Got did update progress delegate with percentComplete 100.000000 phase IXCoordinatorProgressPhaseLoading overallProgress 60.000000
2026-06-23 01:25:51.822 Df installcoordinationd[55453:6c85e1] [com.apple.installcoordination:daemon] -[IXSCoordinatedAppInstall setPlaceholderPromise:]: <IXSCoordinatedAppInstall<0x105df4000> [P=CoreSimulatorBridge (pid 16923)] identifier:[com.DefaultCompany.NeonDrift/Invalid/[system-defined]] uuid:B2017B40-EB51-4B0A-812A-38D5A22E4529 intent:IXCoordinatorIntentUpdating creator/appDRI:InstallCoordination Simple SPI importance:UserWaiting state:IXAppCoordinationStateReadyForPlaceholderInstall promise-state:PA2I4> : Placeholder Promise set: <IXSPlaceholder(0x105d0c500) Name:App Placeholder: NeonDrift (com.DefaultCompany.NeonDrift) Creator:InstallCoordination Simple SPI UUID:5DF71A27-E249-4CAE-A558-E13767ED8963 Location:[system-defined]>
2026-06-23 01:25:51.822 Df CoreSimulatorBridge[16923:6c85df] [com.apple.installcoordination:framework] -[IXAppInstallCoordinator _clientDelegate_didUpdateProgress:forPhase:overallProgress:]_block_invoke: <IXUpdatingAppInstallCoordinator<0x1055cdb40> identity:[com.DefaultCompany.NeonDrift/Invalid/[system-defined]] uuid:B2017B40-EB51-4B0A-812A-38D5A22E4529 creator:InstallCoordination Simple SPI>: Calling selector coordinator:didUpdateProgress:forPhase:overallProgress: on observer <_IXSimpleInstallerDelegate 0x0x1055d5530>
2026-06-23 01:25:51.822 Df installcoordinationd[55453:6cf4d7] [com.apple.installcoordination:daemon] -[IXSCoordinatedAppInstall promiseDidComplete:]: <IXSCoordinatedAppInstall<0x105df4000> [P=CoreSimulatorBridge (pid 16923)] identifier:[com.DefaultCompany.NeonDrift/Invalid/[system-defined]] uuid:B2017B40-EB51-4B0A-812A-38D5A22E4529 intent:IXCoordinatorIntentUpdating creator/appDRI:InstallCoordination Simple SPI importance:UserWaiting state:IXAppCoordinationStateReadyForPlaceholderInstall promise-state:PA2I4> : Promise completed: <IXSPlaceholder(0x105d0c500) Name:App Placeholder: NeonDrift (com.DefaultCompany.NeonDrift) Creator:InstallCoordination Simple SPI UUID:5DF71A27-E249-4CAE-A558-E13767ED8963 Location:[system-defined]>
2026-06-23 01:25:51.822 Df installcoordinationd[55453:6c85e1] [com.apple.installcoordination:daemon] -[IXSCoordinatedAppInstall _onQueue_acquireAssertionAndInstallPlaceholder]: Acquiring termination assertion to install placeholder for [com.DefaultCompany.NeonDrift/Invalid/[system-defined]]
2026-06-23 01:25:51.822 Df installcoordinationd[55453:6c85e1] [com.apple.installcoordination:daemon] -[IXSPendingOperationsTracker beginPendingOperationForIdentity:]_block_invoke: Beginning pending operation for [com.DefaultCompany.NeonDrift/Invalid/[system-defined]]
2026-06-23 01:25:51.823 Df installcoordinationd[55453:6c85e0] [com.apple.runningboard:process] Hit the server for a process handle b7ed1b800010d12 that resolved to: [app<com.DefaultCompany.NeonDrift((null))>:68882]
2026-06-23 01:25:51.823 Df runningboardd[16896:6cf4de] [com.apple.runningboard:connection] Received termination request from [osservice<com.apple.installcoordinationd>:55453] on <RBSProcessPredicate <RBSProcessBundleIdentifierPredicate "com.DefaultCompany.NeonDrift">> with context <RBSTerminateContext| explanation:installcoordinationd app:[com.DefaultCompany.NeonDrift/Invalid/[system-defined]] uuid:B2017B40-EB51-4B0A-812A-38D5A22E4529 isPlaceholder:Y reportType:None maxTerminationResistance:Absolute attrs:[
	<RBSPreventLaunchLimitation| <RBSProcessPredicate <RBSProcessBundleIdentifierPredicate "com.DefaultCompany.NeonDrift">> allow:(null)>
	]>
2026-06-23 01:25:51.823 Df installcoordinationd[55453:6c85e0] [com.apple.runningboard:monitor] Received state update for 68882 (app<com.DefaultCompany.NeonDrift((null))>, running-active-NotVisible
2026-06-23 01:25:51.823 Df runningboardd[16896:6cf4de] [com.apple.runningboard:general] Found 0 extensions contained in com.DefaultCompany.NeonDrift
2026-06-23 01:25:51.824 Df runningboardd[16896:6cf4de] [com.apple.PlugInKit:holds] <PKManager:0x107069940> hold request for [/Users/dragonkao/Library/Developer/CoreSimulator/Devices/CCB1E793-CED4-4FCD-BF73-321AAEA77AB9/data/Containers/Bundle/Application/7756E5D8-3825-4A10-8C4C-0E0DA86EC10A/NeonDrift.app] with flags: 0x4
2026-06-23 01:25:51.824 Df NeonDrift[68882:6c8801] [com.apple.PlugInKit:discovery] Annotations changed, re-performing query for continuous discovery, report block = <0x118133c00>.
2026-06-23 01:25:51.824 Df NeonDrift[68882:6c8802] [com.apple.PlugInKit:discovery] Annotations changed, re-performing query for continuous discovery, report block = <0x118084330>.
2026-06-23 01:25:51.824 Df runningboardd[16896:6cf4de] [com.apple.PlugInKit:holds] <PKManager:0x107069940> hold request for [/Users/dragonkao/Library/Developer/CoreSimulator/Devices/CCB1E793-CED4-4FCD-BF73-321AAEA77AB9/data/Containers/Bundle/Application/7756E5D8-3825-4A10-8C4C-0E0DA86EC10A/NeonDrift.app] with flags: 0x4 completed with hold token: [9F96FE78-C4F8-459F-9251-38CECA23ADA8]
2026-06-23 01:25:51.825 Df runningboardd[16896:6cf4de] [com.apple.runningboard:ttl] Acquiring assertion targeting system from originator [osservice<com.apple.installcoordinationd>:55453] with description <RBSAssertionDescriptor| "installcoordinationd app:[com.DefaultCompany.NeonDrift/Invalid/[system-defined]] uuid:B2017B40-EB51-4B0A-812A-38D5A22E4529 isPlaceholder:Y" ID:16896-55453-2364 target:system attributes:[
	<RBSPreventLaunchLimitation| <RBSProcessPredicate <RBSProcessBundleIdentifierPredicate "com.DefaultCompany.NeonDrift">> allow:(null)>
	]>
2026-06-23 01:25:51.825 Df runningboardd[16896:6cf4de] [com.apple.runningboard:process] Executing termination request for: <RBSProcessPredicate <RBSProcessBundleIdentifierPredicate "com.DefaultCompany.NeonDrift">>
2026-06-23 01:25:51.825 Df NeonDrift[68882:6c8816] [com.apple.PlugInKit:discovery] Annotations changed, re-performing query for continuous discovery, report block = <0x118133e40>.
2026-06-23 01:25:51.825 Df runningboardd[16896:6cf4de] [com.apple.runningboard:process] [app<com.DefaultCompany.NeonDrift((null))>:68882] Terminating with context: <RBSTerminateContext| explanation:installcoordinationd app:[com.DefaultCompany.NeonDrift/Invalid/[system-defined]] uuid:B2017B40-EB51-4B0A-812A-38D5A22E4529 isPlaceholder:Y reportType:None maxTerminationResistance:Absolute attrs:[
	<RBSPreventLaunchLimitation| <RBSProcessPredicate <RBSProcessBundleIdentifierPredicate "com.DefaultCompany.NeonDrift">> allow:(null)>
	]>
2026-06-23 01:25:51.826 Df NeonDrift[68882:6c8816] [com.apple.PlugInKit:discovery] [d C433B941-8F2E-4E24-B7D2-491FC107103E] <PKHost:0x118138400> Beginning discovery for flags: 0, point: com.apple.AudioUnit-UI
2026-06-23 01:25:51.826 Df runningboardd[16896:6cf4de] [com.apple.runningboard:process] [app<com.DefaultCompany.NeonDrift((null))>:68882] terminate_with_reason() success
2026-06-23 01:25:51.827 Df SpringBoard[16891:643be3] [com.apple.SpringBoard:Common] termination assertion acquired for com.DefaultCompany.NeonDrift
2026-06-23 01:25:51.827 Df installcoordinationd[55453:6c85e1] [com.apple.runningboard:assertion] Setting up death monitor for [app<com.DefaultCompany.NeonDrift((null))>:68882]
2026-06-23 01:25:51.827 Df installcoordinationd[55453:6c85e1] [com.apple.runningboard:process] Starting death monitoring for handle [app<com.DefaultCompany.NeonDrift((null))>:68882]
2026-06-23 01:25:51.827 Df SpringBoard[16891:643be3] [com.apple.SpringBoard:Icon] 0x10a554000-SBApplicationIcon Data source did change: <SBApplication: 0x1252d4d00; com.DefaultCompany.NeonDrift> {
    processState = <SBApplicationProcessState: 0x10aba42e0; pid: 68882; taskState: Running; visibility: Foreground>;
} (SBApplication)
2026-06-23 01:25:51.827 Df NeonDrift[68882:6c8802] [com.apple.PlugInKit:discovery] [d ABA2A27C-6551-4297-963E-965DD4C1C4F1] <PKHost:0x118138400> Beginning discovery for flags: 0, point: com.apple.AudioUnit-Speech
2026-06-23 01:25:51.827 Df NeonDrift[68882:6c8801] [com.apple.PlugInKit:discovery] [d 58ED6CDD-0A61-47A4-BADD-62253ADD09AA] <PKHost:0x118138400> Beginning discovery for flags: 0, point: com.apple.AudioUnit
2026-06-23 01:25:51.828 Df installcoordinationd[55453:6cf4d7] [com.apple.appinstallation:TransactionLog] com.DefaultCompany.NeonDrift/Unknown Persona:4:9:1:1:Placeholder Promise began. Coordinator State: IXAppCoordinationStateWaitingForPlaceholderAssertion
2026-06-23 01:25:51.828 Df installcoordinationd[55453:6cf4d7] [com.apple.installcoordination:daemon] -[IXSCoordinatorProgress setTotalUnitsCompleted:]: Progress for coordinator: [com.DefaultCompany.NeonDrift/Invalid/[system-defined]], Phase: IXCoordinatorProgressPhaseLoading, Percentage: 100.000000: Attempt to set units completed on finished progress: 100
2026-06-23 01:25:51.828 Df installcoordinationd[55453:6cf4d7] [com.apple.appinstallation:TransactionLog] com.DefaultCompany.NeonDrift/Unknown Persona:4:9:2:1:Placeholder Promise completed. Coordinator State: IXAppCoordinationStateWaitingForPlaceholderAssertion
2026-06-23 01:25:51.828 Df backboardd[16914:6cf4e5] [com.apple.iohid:default] Connection removed: IOHIDEventSystemConnection uuid:BD77F9AB-84F2-4777-8DA7-1A603B5FD037 pid:68882 process:NeonDrift type:Passive entitlements:0x0 caller:BackBoardServices: ___getHIDEventSystemClient_block_invoke + 296 attributes:{
    HighFrequency = 0;
    bundleID = "com.DefaultCompany.NeonDrift";
    pid = 68882;
} state:0x1 events:0 mask:0x0 dropped:0 dropStatus:0 droppedMask:0x0 lastDroppedTime:NONE
2026-06-23 01:25:51.828 Df backboardd[16914:6cf4e8] [com.apple.iohid:default] Connection removed: IOHIDEventSystemConnection uuid:83988C66-79AF-48FC-B547-F0BCF8EB610F pid:68882 process:NeonDrift type:Monitor entitlements:0x0 caller:GameControllerFoundation: -[GCHIDEventSystemClient initWithQueue:type:attributes:functions:] + 116 attributes:(null) state:0x1 events:0 mask:0x0 dropped:0 dropStatus:0 droppedMask:0x0 lastDroppedTime:NONE
2026-06-23 01:25:51.828 Df backboardd[16914:6cf4e5] [com.apple.BackBoard:HID] Removing client connection <BKHIDClientConnection: 0x10d371940; IOHIDEventSystemConnectionRef: 0x10c4af400; vpid: 68882(vCC6F8); taskPort: 0x2A603; bundleID: com.DefaultCompany.NeonDrift> for client: IOHIDEventSystemConnection uuid:BD77F9AB-84F2-4777-8DA7-1A603B5FD037 pid:68882 process:NeonDrift type:Passive entitlements:0x0 caller:BackBoardServices: ___getHIDEventSystemClient_block_invoke + 296 attributes:{
    HighFrequency = 0;
    bundleID = "com.DefaultCompany.NeonDrift";
    pid = 68882;
} state:0x1 events:0 mask:0x0 dropped:0 dropStatus:0 droppedMask:0x0 lastDroppedTime:NONE source:HID
2026-06-23 01:25:51.828 Df SpringBoard[16891:6cd593] [com.apple.FrontBoard:ProcessWorkspace] [app<com.DefaultCompany.NeonDrift>:68882] Workspace connection invalidated.
2026-06-23 01:25:51.828 Df SpringBoard[16891:6cf4e9] [com.apple.KeyboardArbiter:Handle] com.DefaultCompany.NeonDrift(68882) lostConnection (invalidation)
2026-06-23 01:25:51.829 Df SpringBoard[16891:6cd593] [com.apple.FrontBoard:Process] [app<com.DefaultCompany.NeonDrift>:68882] Now flagged as pending exit for reason: workspace client connection invalidated
2026-06-23 01:25:51.829 Df CoreSimulatorBridge[16923:6c85dc] [com.apple.installcoordination:framework] -[IXAppInstallCoordinator _clientDelegate_promiseDidBeginFulfillmentWithIdentifier:]: <IXUpdatingAppInstallCoordinator<0x1055cdb40> identity:[com.DefaultCompany.NeonDrift/Invalid/[system-defined]] uuid:B2017B40-EB51-4B0A-812A-38D5A22E4529 creator:InstallCoordination Simple SPI>: Got promise did begin fulfillment for identifier 1
2026-06-23 01:25:51.829 Df CoreSimulatorBridge[16923:6c85dc] [com.apple.installcoordination:framework] -[IXAppInstallCoordinator _clientDelegate_promiseDidBeginFulfillmentWithIdentifier:]_block_invoke: <IXUpdatingAppInstallCoordinator<0x1055cdb40> identity:[com.DefaultCompany.NeonDrift/Invalid/[system-defined]] uuid:B2017B40-EB51-4B0A-812A-38D5A22E4529 creator:InstallCoordination Simple SPI>: Observer <_IXSimpleInstallerDelegate 0x0x1055d5530> does not respond to coordinator:configuredPromiseDidBeginFulfillment: (or any deprecated equivalent)
2026-06-23 01:25:51.829 Df backboardd[16914:6ca223] [com.apple.BackBoard:EventDelivery] chain did update (setDeferringRules) <keyboardFocus; display: null> containsEndOfChain: YES; [
    <token: com.apple.frontboard.systemappservices/FBSceneManager:com.apple.springboard; pid: 16891>,
    <token: com.apple.frontboard.systemappservices/FBSceneManager:sceneID%3Acom.DefaultCompany.NeonDrift-default; pid: 68882>
]
2026-06-23 01:25:51.829 Df SpringBoard[16891:6cf4e9] [com.apple.KeyboardArbiter:Handle] RX com.DefaultCompany.NeonDrift(68882) setWindowContextID:0 windowState:Disabled level:0.0
    focusContext:(null)
2026-06-23 01:25:51.830 Df SpringBoard[16891:643be3] [com.apple.SpringBoard:KeyboardFocus] [coordinator] using MRU target <com.apple.frontboard.systemappservices/FBSceneManager:sceneID%3Acom.DefaultCompany.NeonDrift-default pid:68882>
2026-06-23 01:25:51.830 Df backboardd[16914:6ca223] [com.apple.BackBoard:EventDelivery] chain did update (setDeferringRules) <keyboardFocus; display: builtin> containsEndOfChain: YES; [
    <token: com.apple.frontboard.systemappservices/FBSceneManager:com.apple.springboard; pid: 16891>,
    <token: com.apple.frontboard.systemappservices/FBSceneManager:sceneID%3Acom.DefaultCompany.NeonDrift-default; pid: 68882>
]
2026-06-23 01:25:51.830 Df SpringBoard[16891:643be3] [com.apple.SpringBoard:KeyboardFocus] [coordinator] informing scene controller 'com.apple.springboard' of focusTarget: <com.apple.frontboard.systemappservices/FBSceneManager:sceneID%3Acom.DefaultCompany.NeonDrift-default pid:68882>
2026-06-23 01:25:51.830 Df SpringBoard[16891:643be3] [com.apple.SpringBoard:KeyboardFocus] [coordinator] keyboard arbiter suggested <nothing> and we replied <com.apple.frontboard.systemappservices/FBSceneManager:sceneID%3Acom.DefaultCompany.NeonDrift-default pid:68882>
2026-06-23 01:25:51.830 E  SpringBoard[16891:6cd593] [com.apple.UIKit:KeyboardArbiter] Advisor: No handle found for currently focused PID: 68882; sceneIdentity: com.apple.frontboard.systemappservices/FBSceneManager:sceneID%3Acom.DefaultCompany.NeonDrift-default
2026-06-23 01:25:51.838 Df launchd_sim[16886:6cc2a3] [user/501/UIKitApplication:com.DefaultCompany.NeonDrift[1ed4][rb-legacy] [68882]:] exited with exit reason (namespace: 15 code: 0x0) - OS_REASON_RUNNINGBOARD | <RBSTerminateContext| explanation:installcoordinationd app:[com.DefaultCompany.NeonDrift/Invalid/[system-defined]] uuid:B2017B40-EB51-4B0A-812A-38D5A22E4529 isPlaceholder:Y reportType:None maxTerminationResistance:Absolute attrs:[
	<RBSPreventLaunchLimitation| <RBSProcessPredicate <RBSProcessBundleIdentifierPredicate "com.DefaultCompany.NeonDrift">> allow:(null)>
	]>, ran for 261483ms
2026-06-23 01:25:51.838 Df launchd_sim[16886:6cc2a3] [user/501:] service inactive: UIKitApplication:com.DefaultCompany.NeonDrift[1ed4][rb-legacy]
2026-06-23 01:25:51.839 Df runningboardd[16896:6cb6df] [com.apple.runningboard:ttl] [app<com.DefaultCompany.NeonDrift((null))>:68882] termination reported by launchd (15, 0, 9)
2026-06-23 01:25:51.839 Df runningboardd[16896:6cb6df] [com.apple.runningboard:process] Removing process: [app<com.DefaultCompany.NeonDrift((null))>:68882]
2026-06-23 01:25:51.839 Df runningboardd[16896:6cb6df] [com.apple.runningboard:job] Removing launch job for: [app<com.DefaultCompany.NeonDrift((null))>:68882]
2026-06-23 01:25:51.839 Df launchd_sim[16886:6cbf69] [user/501:] removing service: UIKitApplication:com.DefaultCompany.NeonDrift[1ed4][rb-legacy]
2026-06-23 01:25:51.839 Df runningboardd[16896:6cb6df] [com.apple.runningboard:job] Removed job for [app<com.DefaultCompany.NeonDrift((null))>:68882]
2026-06-23 01:25:51.839 Df runningboardd[16896:6cb6df] [com.apple.runningboard:process] Removing assertions for terminated process: [app<com.DefaultCompany.NeonDrift((null))>:68882]
2026-06-23 01:25:51.839 Df runningboardd[16896:6cb6df] [com.apple.runningboard:assertion] Removed last relative-start-date-defining assertion for process app<com.DefaultCompany.NeonDrift((null))>
2026-06-23 01:25:51.839 Df SpringBoard[16891:6cf4ea] [com.apple.FrontBoard:ProcessWorkspace] [app<com.DefaultCompany.NeonDrift>:68882] Workspace assertion invalidated: <NSError: 0x1250bb2a0; domain: RBSAssertionErrorDomain; code: 1; "Assertions were invalidated, count = 3.
16896-16891-2344: invalidation reason: 1
16896-16891-2350: invalidation reason: 1
16896-16891-2343: invalidation reason: 1">
2026-06-23 01:25:51.839 Df runningboardd[16896:6cf518] [com.apple.runningboard:monitor] Calculated state for app<com.DefaultCompany.NeonDrift((null))>: none (role: None) (endowments: (null))
2026-06-23 01:25:51.839 Df runningboardd[16896:6cf517] [com.apple.runningboard:process] Notifying connection [osservice<com.apple.SpringBoard>:16891] that process [app<com.DefaultCompany.NeonDrift((null))>:68882] exited with context <RBSProcessExitContext| specific, status:<RBSProcessExitStatus| domain:runningboard(15) code:0>>
2026-06-23 01:25:51.839 Df runningboardd[16896:6cf4de] [com.apple.runningboard:connection] Inheritance changeset: <RBSInheritanceChangeSet| gained:(null) lost:{(
    <RBSInheritance| environment:UIScene:com.apple.frontboard.systemappservices/FBSceneManager:sceneID%3Acom.DefaultCompany.NeonDrift-default name:com.apple.frontboard.visibility origID:16896-16891-2350 payload 15463113259460807867>,
    <RBSInheritance| environment:(none) name:com.apple.frontboard.visibility origID:16896-16891-2344 0>
)}>
