Timestamp               Ty Process[PID:TID]
2026-06-26 22:23:42.256 Df CoreSimulatorBridge[13156:88dbc6] Request received for installation of file:///Users/dragonkao/.openclaw/workspace/382b9e3384298039b171c9b2a60ae644/NeonDrift_MVP/project/xcode_derived_data/Build/Products/Release-iphonesimulator/NeonDrift.run.1782483479.44964.app/ with options: {
    PackageType = Developer;
    SimulatorRootPath = "/Library/Developer/CoreSimulator/Volumes/iOS_23F77/Library/Developer/CoreSimulator/Profiles/Runtimes/iOS 26.5.simruntime/Contents/Resources/RuntimeRoot";
    SimulatorUserPath = "/Users/dragonkao/Library/Developer/CoreSimulator/Devices/115FDF0C-5A2F-4686-909B-7F43F1450A28/data";
}
2026-06-26 22:23:42.257 Df CoreSimulatorBridge[13156:88dbc6] [com.apple.installcoordination:framework] +[IXAppInstallCoordinator(IXSimpleInstaller) _beginInstallForURL:forPersonaUniqueString:consumeSource:options:progressBlock:completionWithIdentity:]: Beginning install for /Users/dragonkao/.openclaw/workspace/382b9e3384298039b171c9b2a60ae644/NeonDrift_MVP/project/xcode_derived_data/Build/Products/Release-iphonesimulator/NeonDrift.run.1782483479.44964.app consuming source:N options:{
    IsUserInitiated = 1;
    PackageType = Developer;
} installationRequestorAuditToken: NULL
2026-06-26 22:23:42.258 Df installcoordinationd[26512:88f9d9] [com.apple.installcoordination:daemon] -[IXSDataPromiseManager registerPromise:]: Registered promise <IXSPlaceholder(0x105510500) Name:App Placeholder: NeonDrift.run.1782483479.44964 (com.DefaultCompany.NeonDrift.run.1782483479.44964) Creator:InstallCoordination Simple SPI UUID:CEFD8894-CF11-4C6F-B571-EC0C3732C0BF Location:[system-defined]> for UUID CEFD8894-CF11-4C6F-B571-EC0C3732C0BF
2026-06-26 22:23:42.259 Df installcoordinationd[26512:88f9d9] [com.apple.installcoordination:daemon] -[IXSPlaceholder setAttributes:]: <IXSPlaceholder(0x105510500) Name:App Placeholder: NeonDrift.run.1782483479.44964 (com.DefaultCompany.NeonDrift.run.1782483479.44964) Creator:InstallCoordination Simple SPI UUID:CEFD8894-CF11-4C6F-B571-EC0C3732C0BF Location:[system-defined]>: setting placeholder attributes to <IXPlaceholderAttributes<0x1054a0fa0> : {
    CFBundleShortVersionString = "1.0";
    CFBundleSupportedPlatforms =     (
        iPhoneSimulator
    );
    CFBundleVersion = 0;
    DTPlatformName = iphonesimulator;
    LSRequiresIPhoneOS = 1;
    MinimumOSVersion = "13.0";
    UIDeviceFamily =     (
        1,
        2
    );
    UIRequiredDeviceCapabilities =     {
        arm64 = 1;
        metal = 1;
    };
}>
2026-06-26 22:23:42.260 Df CoreSimulatorBridge[13156:88dbc5] [com.apple.installcoordination:framework] +[IXPlaceholder _setEntitlementsFromBundleExecutableURL:withBundleID:client:onPlaceholder:location:error:]: Executable for com.DefaultCompany.NeonDrift.run.1782483479.44964 at NeonDrift.run.1782483479.44964 -- file:///Users/dragonkao/.openclaw/workspace/382b9e3384298039b171c9b2a60ae644/NeonDrift_MVP/project/xcode_derived_data/Build/Products/Release-iphonesimulator/NeonDrift.run.1782483479.44964.app/ had no entitlements
2026-06-26 22:23:42.260 Df CoreSimulatorBridge[13156:88dbc5] [com.apple.installcoordination:framework] +[IXPlaceholder _placeholderForBundle:client:withParent:installType:metadata:placeholderType:mayBeDeltaPackage:isFromSerializedPlaceholder:location:error:]: Using full fidelity icons for com.DefaultCompany.NeonDrift.run.1782483479.44964 at /Users/dragonkao/.openclaw/workspace/382b9e3384298039b171c9b2a60ae644/NeonDrift_MVP/project/xcode_derived_data/Build/Products/Release-iphonesimulator/NeonDrift.run.1782483479.44964.app
2026-06-26 22:23:42.261 Df installcoordinationd[26512:88f9d9] [com.apple.installcoordination:daemon] -[IXSDataPromiseManager registerPromise:]: Registered promise <IXSPromisedTransferToPath(0x1054de380) Name:Icon resources for com.DefaultCompany.NeonDrift.run.1782483479.44964 Creator:InstallCoordination Simple SPI UUID:82AC3D6F-98AE-4B07-AE37-45AEEB22F8CD Location:[system-defined]> for UUID 82AC3D6F-98AE-4B07-AE37-45AEEB22F8CD
2026-06-26 22:23:42.263 Df CoreSimulatorBridge[13156:88dbc5] [com.apple.installcoordination:framework] -[IXPromisedTransferToPath setComplete:]: <IXPromisedTransferToPath<0x103458440> name:"Icon resources for com.DefaultCompany.NeonDrift.run.1782483479.44964" uuid:82AC3D6F-98AE-4B07-AE37-45AEEB22F8CD creator:"InstallCoordination Simple SPI" location:[system-defined]> Move operation from /Users/dragonkao/Library/Developer/CoreSimulator/Devices/115FDF0C-5A2F-4686-909B-7F43F1450A28/data/Containers/Shared/SystemGroup/systemgroup.com.apple.installcoordinationd/Library/InstallCoordination/PromiseStaging/82AC3D6F-98AE-4B07-AE37-45AEEB22F8CD/temp.jVszKV to /Users/dragonkao/Library/Developer/CoreSimulator/Devices/115FDF0C-5A2F-4686-909B-7F43F1450A28/data/Containers/Shared/SystemGroup/systemgroup.com.apple.installcoordinationd/Library/InstallCoordination/PromiseStaging/82AC3D6F-98AE-4B07-AE37-45AEEB22F8CD/temp.jVszKV took 0.000053 seconds
2026-06-26 22:23:42.264 Df installcoordinationd[26512:88f9d9] [com.apple.installcoordination:daemon] -[IXSDataPromise _setPercentComplete:saveStateIfNeeded:]: Progress: <IXSPromisedTransferToPath(0x1054de380) Name:Icon resources for com.DefaultCompany.NeonDrift.run.1782483479.44964 Creator:InstallCoordination Simple SPI UUID:82AC3D6F-98AE-4B07-AE37-45AEEB22F8CD Location:[system-defined]>
2026-06-26 22:23:42.264 Df installcoordinationd[26512:88fa81] [com.apple.installcoordination:daemon] -[IXSDataPromiseManager promiseDidBegin:]: Unowned promise began: <IXSPromisedTransferToPath(0x1054de380) Name:Icon resources for com.DefaultCompany.NeonDrift.run.1782483479.44964 Creator:InstallCoordination Simple SPI UUID:82AC3D6F-98AE-4B07-AE37-45AEEB22F8CD Location:[system-defined]>
2026-06-26 22:23:42.264 Df installcoordinationd[26512:88fa81] [com.apple.installcoordination:daemon] -[IXSDataPromiseManager promise:didUpdateProgress:]: Unowned promise update progress to 1.000000 : <IXSPromisedTransferToPath(0x1054de380) Name:Icon resources for com.DefaultCompany.NeonDrift.run.1782483479.44964 Creator:InstallCoordination Simple SPI UUID:82AC3D6F-98AE-4B07-AE37-45AEEB22F8CD Location:[system-defined]>
2026-06-26 22:23:42.265 Df installcoordinationd[26512:88f9d9] [com.apple.installcoordination:daemon] -[IXSDataPromiseManager promiseDidComplete:]: Unowned promise completed: <IXSPromisedTransferToPath(0x1054de380) Name:Icon resources for com.DefaultCompany.NeonDrift.run.1782483479.44964 Creator:InstallCoordination Simple SPI UUID:82AC3D6F-98AE-4B07-AE37-45AEEB22F8CD Location:[system-defined]>
2026-06-26 22:23:42.265 Df installcoordinationd[26512:88f9d9] [com.apple.installcoordination:daemon] -[IXSDataPromise _setPercentComplete:saveStateIfNeeded:]: Progress: <IXSPromisedInMemoryDictionary(0x1054dd180) Name:Info.plist icon content for com.DefaultCompany.NeonDrift.run.1782483479.44964 Creator:InstallCoordination Simple SPI UUID:41A70846-502B-4061-942F-95E001DF3F23 Location:[system-defined]>
2026-06-26 22:23:42.266 Df installcoordinationd[26512:88f9d9] [com.apple.installcoordination:daemon] -[IXSDataPromiseManager registerPromise:]: Registered promise <IXSPromisedInMemoryDictionary(0x1054dd180) Name:Info.plist icon content for com.DefaultCompany.NeonDrift.run.1782483479.44964 Creator:InstallCoordination Simple SPI UUID:41A70846-502B-4061-942F-95E001DF3F23 Location:[system-defined]> for UUID 41A70846-502B-4061-942F-95E001DF3F23
2026-06-26 22:23:42.266 Df installcoordinationd[26512:88fa81] [com.apple.installcoordination:daemon] -[IXSDataPromiseManager promiseDidBegin:]: Unowned promise began: <IXSPromisedInMemoryDictionary(0x1054dd180) Name:Info.plist icon content for com.DefaultCompany.NeonDrift.run.1782483479.44964 Creator:InstallCoordination Simple SPI UUID:41A70846-502B-4061-942F-95E001DF3F23 Location:[system-defined]>
2026-06-26 22:23:42.266 Df installcoordinationd[26512:88fa81] [com.apple.installcoordination:daemon] -[IXSDataPromiseManager promise:didUpdateProgress:]: Unowned promise update progress to 1.000000 : <IXSPromisedInMemoryDictionary(0x1054dd180) Name:Info.plist icon content for com.DefaultCompany.NeonDrift.run.1782483479.44964 Creator:InstallCoordination Simple SPI UUID:41A70846-502B-4061-942F-95E001DF3F23 Location:[system-defined]>
2026-06-26 22:23:42.266 Df installcoordinationd[26512:88fa81] [com.apple.installcoordination:daemon] -[IXSDataPromiseManager promiseDidComplete:]: Unowned promise completed: <IXSPromisedInMemoryDictionary(0x1054dd180) Name:Info.plist icon content for com.DefaultCompany.NeonDrift.run.1782483479.44964 Creator:InstallCoordination Simple SPI UUID:41A70846-502B-4061-942F-95E001DF3F23 Location:[system-defined]>
2026-06-26 22:23:42.266 Df installcoordinationd[26512:88f9d9] [com.apple.installcoordination:daemon] -[IXSPlaceholder setIconResourcesPromise:]: <IXSPlaceholder(0x105510500) Name:App Placeholder: NeonDrift.run.1782483479.44964 (com.DefaultCompany.NeonDrift.run.1782483479.44964) Creator:InstallCoordination Simple SPI UUID:CEFD8894-CF11-4C6F-B571-EC0C3732C0BF Location:[system-defined]>: setting icon resources promise to <IXSPromisedTransferToPath(0x1054de380) Name:Icon resources for com.DefaultCompany.NeonDrift.run.1782483479.44964 Creator:InstallCoordination Simple SPI UUID:82AC3D6F-98AE-4B07-AE37-45AEEB22F8CD Location:[system-defined]>
2026-06-26 22:23:42.267 Df installcoordinationd[26512:88f9d9] [com.apple.installcoordination:daemon] -[IXSPlaceholder setInfoPlistIconContentPromise:]: <IXSPlaceholder(0x105510500) Name:App Placeholder: NeonDrift.run.1782483479.44964 (com.DefaultCompany.NeonDrift.run.1782483479.44964) Creator:InstallCoordination Simple SPI UUID:CEFD8894-CF11-4C6F-B571-EC0C3732C0BF Location:[system-defined]>: setting Info.plist icon content promise to <IXSPromisedInMemoryDictionary(0x1054dd180) Name:Info.plist icon content for com.DefaultCompany.NeonDrift.run.1782483479.44964 Creator:InstallCoordination Simple SPI UUID:41A70846-502B-4061-942F-95E001DF3F23 Location:[system-defined]>
2026-06-26 22:23:42.267 Df installcoordinationd[26512:89194e] [com.apple.installcoordination:daemon] -[IXSDataPromiseManager promiseDidBegin:]: Unowned promise began: <IXSPlaceholder(0x105510500) Name:App Placeholder: NeonDrift.run.1782483479.44964 (com.DefaultCompany.NeonDrift.run.1782483479.44964) Creator:InstallCoordination Simple SPI UUID:CEFD8894-CF11-4C6F-B571-EC0C3732C0BF Location:[system-defined]>
2026-06-26 22:23:42.267 Df installcoordinationd[26512:89194e] [com.apple.installcoordination:daemon] -[IXSDataPromiseManager promise:didUpdateProgress:]: Unowned promise update progress to 0.000000 : <IXSPlaceholder(0x105510500) Name:App Placeholder: NeonDrift.run.1782483479.44964 (com.DefaultCompany.NeonDrift.run.1782483479.44964) Creator:InstallCoordination Simple SPI UUID:CEFD8894-CF11-4C6F-B571-EC0C3732C0BF Location:[system-defined]>
2026-06-26 22:23:42.267 Df installcoordinationd[26512:89194e] [com.apple.installcoordination:daemon] -[IXSDataPromiseManager promise:didUpdateProgress:]: Unowned promise update progress to 0.000000 : <IXSPlaceholder(0x105510500) Name:App Placeholder: NeonDrift.run.1782483479.44964 (com.DefaultCompany.NeonDrift.run.1782483479.44964) Creator:InstallCoordination Simple SPI UUID:CEFD8894-CF11-4C6F-B571-EC0C3732C0BF Location:[system-defined]>
2026-06-26 22:23:42.268 Df installcoordinationd[26512:88f9d9] [com.apple.installcoordination:daemon] -[IXSDataPromise _setPercentComplete:saveStateIfNeeded:]: Progress: <IXSPromisedInMemoryDictionary(0x1054de600) Name:Localizations for com.DefaultCompany.NeonDrift.run.1782483479.44964 Creator:InstallCoordination Simple SPI UUID:BEC24367-9589-4FE4-B23E-402451D87F96 Location:[system-defined]>
2026-06-26 22:23:42.268 Df installcoordinationd[26512:88f9d9] [com.apple.installcoordination:daemon] -[IXSDataPromiseManager registerPromise:]: Registered promise <IXSPromisedInMemoryDictionary(0x1054de600) Name:Localizations for com.DefaultCompany.NeonDrift.run.1782483479.44964 Creator:InstallCoordination Simple SPI UUID:BEC24367-9589-4FE4-B23E-402451D87F96 Location:[system-defined]> for UUID BEC24367-9589-4FE4-B23E-402451D87F96
2026-06-26 22:23:42.268 Df installcoordinationd[26512:88fa81] [com.apple.installcoordination:daemon] -[IXSDataPromiseManager promiseDidBegin:]: Unowned promise began: <IXSPromisedInMemoryDictionary(0x1054de600) Name:Localizations for com.DefaultCompany.NeonDrift.run.1782483479.44964 Creator:InstallCoordination Simple SPI UUID:BEC24367-9589-4FE4-B23E-402451D87F96 Location:[system-defined]>
2026-06-26 22:23:42.269 Df installcoordinationd[26512:88fa81] [com.apple.installcoordination:daemon] -[IXSDataPromiseManager promise:didUpdateProgress:]: Unowned promise update progress to 1.000000 : <IXSPromisedInMemoryDictionary(0x1054de600) Name:Localizations for com.DefaultCompany.NeonDrift.run.1782483479.44964 Creator:InstallCoordination Simple SPI UUID:BEC24367-9589-4FE4-B23E-402451D87F96 Location:[system-defined]>
2026-06-26 22:23:42.269 Df installcoordinationd[26512:88fa81] [com.apple.installcoordination:daemon] -[IXSDataPromiseManager promiseDidComplete:]: Unowned promise completed: <IXSPromisedInMemoryDictionary(0x1054de600) Name:Localizations for com.DefaultCompany.NeonDrift.run.1782483479.44964 Creator:InstallCoordination Simple SPI UUID:BEC24367-9589-4FE4-B23E-402451D87F96 Location:[system-defined]>
2026-06-26 22:23:42.269 Df installcoordinationd[26512:88f9d9] [com.apple.installcoordination:daemon] -[IXSPlaceholder setLocalizationDictionaryPromise:]: <IXSPlaceholder(0x105510500) Name:App Placeholder: NeonDrift.run.1782483479.44964 (com.DefaultCompany.NeonDrift.run.1782483479.44964) Creator:InstallCoordination Simple SPI UUID:CEFD8894-CF11-4C6F-B571-EC0C3732C0BF Location:[system-defined]>: setting localization dict promise to <IXSPromisedInMemoryDictionary(0x1054de600) Name:Localizations for com.DefaultCompany.NeonDrift.run.1782483479.44964 Creator:InstallCoordination Simple SPI UUID:BEC24367-9589-4FE4-B23E-402451D87F96 Location:[system-defined]>
2026-06-26 22:23:42.270 Df installcoordinationd[26512:88f9d9] [com.apple.installcoordination:daemon] -[IXSDataPromiseManager promise:didUpdateProgress:]: Unowned promise update progress to 0.000000 : <IXSPlaceholder(0x105510500) Name:App Placeholder: NeonDrift.run.1782483479.44964 (com.DefaultCompany.NeonDrift.run.1782483479.44964) Creator:InstallCoordination Simple SPI UUID:CEFD8894-CF11-4C6F-B571-EC0C3732C0BF Location:[system-defined]>
2026-06-26 22:23:42.270 Df installcoordinationd[26512:88f9d9] [com.apple.installcoordination:daemon] -[IXSPlaceholder setConfigurationComplete:]: <IXSPlaceholder(0x105510500) Name:App Placeholder: NeonDrift.run.1782483479.44964 (com.DefaultCompany.NeonDrift.run.1782483479.44964) Creator:InstallCoordination Simple SPI UUID:CEFD8894-CF11-4C6F-B571-EC0C3732C0BF Location:[system-defined]>: setting configuration complete to Y
2026-06-26 22:23:42.270 Df installcoordinationd[26512:88f9d9] [com.apple.installcoordination:daemon] -[IXSPlaceholder _materialize]: <IXSPlaceholder(0x105510500) Name:App Placeholder: NeonDrift.run.1782483479.44964 (com.DefaultCompany.NeonDrift.run.1782483479.44964) Creator:InstallCoordination Simple SPI UUID:CEFD8894-CF11-4C6F-B571-EC0C3732C0BF Location:[system-defined]>: Materializing placeholder at /Users/dragonkao/Library/Developer/CoreSimulator/Devices/115FDF0C-5A2F-4686-909B-7F43F1450A28/data/Containers/Shared/SystemGroup/systemgroup.com.apple.installcoordinationd/Library/InstallCoordination/PromiseStaging/CEFD8894-CF11-4C6F-B571-EC0C3732C0BF/NeonDrift.run.1782483479.44964.app
2026-06-26 22:23:42.270 Df installcoordinationd[26512:88f9d9] [com.apple.installcoordination:daemon] -[IXSPlaceholder _materialize]: <IXSPlaceholder(0x105510500) Name:App Placeholder: NeonDrift.run.1782483479.44964 (com.DefaultCompany.NeonDrift.run.1782483479.44964) Creator:InstallCoordination Simple SPI UUID:CEFD8894-CF11-4C6F-B571-EC0C3732C0BF Location:[system-defined]>: Using Info.plist icon content: {
    CFBundleIcons =     {
        CFBundlePrimaryIcon =         {
            CFBundleIconName = AppIcon;
        };
    };
    "CFBundleIcons~ipad" =     {
        CFBundlePrimaryIcon =         {
            CFBundleIconName = AppIcon;
        };
    };
    ISIconPlatform = iPhoneOS;
}
2026-06-26 22:23:42.271 Df installcoordinationd[26512:88f9d9] [com.apple.installcoordination:daemon] -[IXSPlaceholder _materialize]_block_invoke: <IXSPlaceholder(0x105510500) Name:App Placeholder: NeonDrift.run.1782483479.44964 (com.DefaultCompany.NeonDrift.run.1782483479.44964) Creator:InstallCoordination Simple SPI UUID:CEFD8894-CF11-4C6F-B571-EC0C3732C0BF Location:[system-defined]>: Using icon resource Assets.car
2026-06-26 22:23:42.271 Df installcoordinationd[26512:88f9d9] [com.apple.installcoordination:daemon] -[IXSPlaceholder _materialize]: <IXSPlaceholder(0x105510500) Name:App Placeholder: NeonDrift.run.1782483479.44964 (com.DefaultCompany.NeonDrift.run.1782483479.44964) Creator:InstallCoordination Simple SPI UUID:CEFD8894-CF11-4C6F-B571-EC0C3732C0BF Location:[system-defined]>: Including lproj localizations for (
)
2026-06-26 22:23:42.271 Df installcoordinationd[26512:89194e] [com.apple.installcoordination:daemon] -[IXSDataPromiseManager promiseDidComplete:]: Unowned promise completed: <IXSPlaceholder(0x105510500) Name:App Placeholder: NeonDrift.run.1782483479.44964 (com.DefaultCompany.NeonDrift.run.1782483479.44964) Creator:InstallCoordination Simple SPI UUID:CEFD8894-CF11-4C6F-B571-EC0C3732C0BF Location:[system-defined]>
2026-06-26 22:23:42.271 Df installcoordinationd[26512:88f9d9] [com.apple.installcoordination:daemon] -[IXSDataPromiseManager registerPromise:]: Registered promise <IXSPromisedTransferToPath(0x1054dd400) Name:App Asset: com.DefaultCompany.NeonDrift.run.1782483479.44964 Creator:InstallCoordination Simple SPI UUID:23C4C685-4DD5-452C-80FF-A8E057677B82 Location:[system-defined]> for UUID 23C4C685-4DD5-452C-80FF-A8E057677B82
2026-06-26 22:23:42.273 Df installcoordinationd[26512:89194e] [com.apple.installcoordination:daemon] -[IXSCoordinatorManager coordinatorForIdentity:connection:error:creatingIfNotExisting:]_block_invoke: Registered coordinator: <IXSCoordinatedAppInstall<0x1055e4000> [P=CoreSimulatorBridge (pid 13156)] identifier:[com.DefaultCompany.NeonDrift.run.1782483479.44964/Invalid/[system-defined]] uuid:0FE8DDC8-17F7-4981-88B1-3A1F1EB14322 intent:IXCoordinatorIntentUpdating creator/appDRI:InstallCoordination Simple SPI importance:Background state:IXAppCoordinationStatePlaceholderPromiseNotSet promise-state:01234>
2026-06-26 22:23:42.273 Df installcoordinationd[26512:89194e] [com.apple.appinstallation:TransactionLog] com.DefaultCompany.NeonDrift.run.1782483479.44964/Unknown Persona:4:2:1:1:Created coordinator with intent IXCoordinatorIntentUpdating for client InstallCoordination Simple SPI
2026-06-26 22:23:42.273 Df installcoordinationd[26512:89194e] [com.apple.installcoordination:daemon] -[IXSCoordinatedAppInstall setPriorityBoostCompletion:withSourceInfo:]: <IXSCoordinatedAppInstall<0x1055e4000> [P=CoreSimulatorBridge (pid 13156)] identifier:[com.DefaultCompany.NeonDrift.run.1782483479.44964/Invalid/[system-defined]] uuid:0FE8DDC8-17F7-4981-88B1-3A1F1EB14322 intent:IXCoordinatorIntentUpdating creator/appDRI:InstallCoordination Simple SPI importance:Background state:IXAppCoordinationStatePlaceholderPromiseNotSet promise-state:01234>: Retaining completion from CoreSimulatorBridge (13156), QOS_CLASS_DEFAULT (0x15)
2026-06-26 22:23:42.273 Df installcoordinationd[26512:89194e] [com.apple.installcoordination:daemon] -[IXSCoordinatedAppInstall setImportance:]: <IXSCoordinatedAppInstall<0x1055e4000> [P=CoreSimulatorBridge (pid 13156)] identifier:[com.DefaultCompany.NeonDrift.run.1782483479.44964/Invalid/[system-defined]] uuid:0FE8DDC8-17F7-4981-88B1-3A1F1EB14322 intent:IXCoordinatorIntentUpdating creator/appDRI:InstallCoordination Simple SPI importance:UserWaiting state:IXAppCoordinationStatePlaceholderPromiseNotSet promise-state:01234>: set importance to UserWaiting
2026-06-26 22:23:42.274 Df installcoordinationd[26512:89194e] [com.apple.installcoordination:daemon] -[IXSCoordinatedAppInstall _onQueue_fireObserversForClient:]: <IXSCoordinatedAppInstall<0x1055e4000> [P=CoreSimulatorBridge (pid 13156)] identifier:[com.DefaultCompany.NeonDrift.run.1782483479.44964/Invalid/[system-defined]] uuid:0FE8DDC8-17F7-4981-88B1-3A1F1EB14322 intent:IXCoordinatorIntentUpdating creator/appDRI:InstallCoordination Simple SPI importance:UserWaiting state:IXAppCoordinationStatePlaceholderPromiseNotSet promise-state:01234>: Firing applicable observers for client <IXSClientConnection<0x1054407e0> client:CoreSimulatorBridge (pid 13156) uuid:91EA0638-10DA-4AE9-8353-ED9F7F8399EE>
2026-06-26 22:23:42.274 Df installcoordinationd[26512:89194e] [com.apple.installcoordination:daemon] -[IXSCoordinatedAppInstall setPriorityBoostCompletion:withSourceInfo:]: <IXSCoordinatedAppInstall<0x1055e4000> [P=CoreSimulatorBridge (pid 13156)] identifier:[com.DefaultCompany.NeonDrift.run.1782483479.44964/Invalid/[system-defined]] uuid:0FE8DDC8-17F7-4981-88B1-3A1F1EB14322 intent:IXCoordinatorIntentUpdating creator/appDRI:InstallCoordination Simple SPI importance:UserWaiting state:IXAppCoordinationStatePlaceholderPromiseNotSet promise-state:01234>: Disposing of completion from CoreSimulatorBridge (13156), QOS_CLASS_DEFAULT (0x15)
2026-06-26 22:23:42.274 Df installcoordinationd[26512:89194e] [com.apple.installcoordination:daemon] -[IXSCoordinatedAppInstall setPriorityBoostCompletion:withSourceInfo:]: <IXSCoordinatedAppInstall<0x1055e4000> [P=CoreSimulatorBridge (pid 13156)] identifier:[com.DefaultCompany.NeonDrift.run.1782483479.44964/Invalid/[system-defined]] uuid:0FE8DDC8-17F7-4981-88B1-3A1F1EB14322 intent:IXCoordinatorIntentUpdating creator/appDRI:InstallCoordination Simple SPI importance:UserWaiting state:IXAppCoordinationStatePlaceholderPromiseNotSet promise-state:01234>: Retaining completion from CoreSimulatorBridge (13156), QOS_CLASS_DEFAULT (0x15)
2026-06-26 22:23:42.274 Df CoreSimulatorBridge[13156:88f9d7] [com.apple.installcoordination:framework] -[IXAppInstallCoordinator _clientDelegate_didRegisterForObservation]: <IXUpdatingAppInstallCoordinator<0x103458640> identity:[com.DefaultCompany.NeonDrift.run.1782483479.44964/Invalid/[system-defined]] uuid:0FE8DDC8-17F7-4981-88B1-3A1F1EB14322 creator:InstallCoordination Simple SPI>: Got observer registration delegate
2026-06-26 22:23:42.274 Df CoreSimulatorBridge[13156:88f9d7] [com.apple.installcoordination:framework] -[IXAppInstallCoordinator _clientDelegate_didRegisterForObservation]_block_invoke: <IXUpdatingAppInstallCoordinator<0x103458640> identity:[com.DefaultCompany.NeonDrift.run.1782483479.44964/Invalid/[system-defined]] uuid:0FE8DDC8-17F7-4981-88B1-3A1F1EB14322 creator:InstallCoordination Simple SPI>: Observer <_IXSimpleInstallerDelegate 0x0x101b1ac70> does not respond to coordinatorDidRegisterForObservation:
2026-06-26 22:23:42.275 Df CoreSimulatorBridge[13156:89194d] [com.apple.installcoordination:framework] -[IXAppInstallCoordinator _clientDelegate_shouldResume]: <IXUpdatingAppInstallCoordinator<0x103458640> identity:[com.DefaultCompany.NeonDrift.run.1782483479.44964/Invalid/[system-defined]] uuid:0FE8DDC8-17F7-4981-88B1-3A1F1EB14322 creator:InstallCoordination Simple SPI>: Got should resume delegate
2026-06-26 22:23:42.275 Df CoreSimulatorBridge[13156:89194d] [com.apple.installcoordination:framework] -[IXAppInstallCoordinator _clientDelegate_shouldResume]_block_invoke: <IXUpdatingAppInstallCoordinator<0x103458640> identity:[com.DefaultCompany.NeonDrift.run.1782483479.44964/Invalid/[system-defined]] uuid:0FE8DDC8-17F7-4981-88B1-3A1F1EB14322 creator:InstallCoordination Simple SPI>: Observer <_IXSimpleInstallerDelegate 0x0x101b1ac70> does not respond to coordinatorShouldResume:
2026-06-26 22:23:42.276 Df installcoordinationd[26512:89194e] [com.apple.installcoordination:daemon] -[IXSCoordinatedAppInstall _internal_setInstallOptionsPromise:performExternalActions:]: <IXSCoordinatedAppInstall<0x1055e4000> [P=CoreSimulatorBridge (pid 13156)] identifier:[com.DefaultCompany.NeonDrift.run.1782483479.44964/Invalid/[system-defined]] uuid:0FE8DDC8-17F7-4981-88B1-3A1F1EB14322 intent:IXCoordinatorIntentUpdating creator/appDRI:InstallCoordination Simple SPI importance:UserWaiting state:IXAppCoordinationStatePlaceholderPromiseNotSet promise-state:012I4> : install options set: <IXSPromisedInMemoryData(0x1054dd080) Name:MIInstallOptions data Creator:Install Coordination Internal UUID:12FAC31D-A2A9-4910-8BB4-99760040FBF9 Location:[system-defined]>
2026-06-26 22:23:42.276 Df installcoordinationd[26512:88f9d9] [com.apple.installcoordination:daemon] -[IXSCoordinatedAppInstall promiseDidComplete:]: <IXSCoordinatedAppInstall<0x1055e4000> [P=CoreSimulatorBridge (pid 13156)] identifier:[com.DefaultCompany.NeonDrift.run.1782483479.44964/Invalid/[system-defined]] uuid:0FE8DDC8-17F7-4981-88B1-3A1F1EB14322 intent:IXCoordinatorIntentUpdating creator/appDRI:InstallCoordination Simple SPI importance:UserWaiting state:IXAppCoordinationStatePlaceholderPromiseNotSet promise-state:012I4> : Promise completed: <IXSPromisedInMemoryData(0x1054dd080) Name:MIInstallOptions data Creator:Install Coordination Internal UUID:12FAC31D-A2A9-4910-8BB4-99760040FBF9 Location:[system-defined]>
2026-06-26 22:23:42.276 Df installcoordinationd[26512:88f9d9] [com.apple.appinstallation:TransactionLog] com.DefaultCompany.NeonDrift.run.1782483479.44964/Unknown Persona:4:13:1:1:Install Options Promise began. Coordinator State: IXAppCoordinationStatePlaceholderPromiseNotSet
2026-06-26 22:23:42.276 Df installcoordinationd[26512:88f9d9] [com.apple.appinstallation:TransactionLog] com.DefaultCompany.NeonDrift.run.1782483479.44964/Unknown Persona:4:13:2:1:Install Options Promise completed. Coordinator State: IXAppCoordinationStatePlaceholderPromiseNotSet
2026-06-26 22:23:42.276 Df installcoordinationd[26512:88f9d9] [com.apple.installcoordination:daemon] -[IXSCoordinatedAppInstall _internal_setAppAssetPromise:performExternalActions:]: <IXSCoordinatedAppInstall<0x1055e4000> [P=CoreSimulatorBridge (pid 13156)] identifier:[com.DefaultCompany.NeonDrift.run.1782483479.44964/Invalid/[system-defined]] uuid:0FE8DDC8-17F7-4981-88B1-3A1F1EB14322 intent:IXCoordinatorIntentUpdating creator/appDRI:InstallCoordination Simple SPI importance:UserWaiting state:IXAppCoordinationStatePlaceholderPromiseNotSet promise-state:0a2I4> : App Asset Promise set: <IXSPromisedTransferToPath(0x1054dd400) Name:App Asset: com.DefaultCompany.NeonDrift.run.1782483479.44964 Creator:InstallCoordination Simple SPI UUID:23C4C685-4DD5-452C-80FF-A8E057677B82 Location:[system-defined]>
2026-06-26 22:23:42.277 Df installcoordinationd[26512:88fa81] [com.apple.installcoordination:daemon] -[IXSCoordinatedAppInstall setInitialODRAssetPromises:]: <IXSCoordinatedAppInstall<0x1055e4000> [P=CoreSimulatorBridge (pid 13156)] identifier:[com.DefaultCompany.NeonDrift.run.1782483479.44964/Invalid/[system-defined]] uuid:0FE8DDC8-17F7-4981-88B1-3A1F1EB14322 intent:IXCoordinatorIntentUpdating creator/appDRI:InstallCoordination Simple SPI importance:UserWaiting state:IXAppCoordinationStatePlaceholderPromiseNotSet promise-state:0a2I4> : Initial ODR Asset Promises set: (
)
2026-06-26 22:23:42.277 Df CoreSimulatorBridge[13156:88dbc5] [com.apple.installcoordination:framework] -[IXPromisedTransferToPath _performDeltaCopyFrom:toDestination:]: Performing delta copy from /Users/dragonkao/.openclaw/workspace/382b9e3384298039b171c9b2a60ae644/NeonDrift_MVP/project/xcode_derived_data/Build/Products/Release-iphonesimulator/NeonDrift.run.1782483479.44964.app to /Users/dragonkao/Library/Developer/CoreSimulator/Devices/115FDF0C-5A2F-4686-909B-7F43F1450A28/data/Containers/Shared/SystemGroup/systemgroup.com.apple.installcoordinationd/Library/InstallCoordination/PromiseStaging/23C4C685-4DD5-452C-80FF-A8E057677B82/NeonDrift.run.1782483479.44964.app with installed bundle at /Users/dragonkao/Library/Developer/CoreSimulator/Devices/115FDF0C-5A2F-4686-909B-7F43F1450A28/data/Containers/Bundle/Application/E5561FB7-505C-4724-8DE7-AC3F587A9BCE/NeonDrift.run.1782483479.44964.app
2026-06-26 22:23:42.278 Df CoreSimulatorBridge[13156:88dbc5] (MobileSystemServices) 0x16f61b000 MDMCreateDeltaDirectory: calling MDMDirectoryDiff with:
state->old_bundle: /Users/dragonkao/Library/Developer/CoreSimulator/Devices/115FDF0C-5A2F-4686-909B-7F43F1450A28/data/Containers/Bundle/Application/E5561FB7-505C-4724-8DE7-AC3F587A9BCE/NeonDrift.run.1782483479.44964.app
state->new_bundle: /Users/dragonkao/.openclaw/workspace/382b9e3384298039b171c9b2a60ae644/NeonDrift_MVP/project/xcode_derived_data/Build/Products/Release-iphonesimulator/NeonDrift.run.1782483479.44964.app
state->dst_bundle: /Users/dragonkao/Library/Developer/CoreSimulator/Devices/115FDF0C-5A2F-4686-909B-7F43F1450A28/data/Containers/Shared/SystemGroup/systemgroup.com.apple.installcoordinationd/Library/InstallCoordination/PromiseStaging/23C4C685-4DD5-452C-80FF-A8E057677B82/NeonDrift.run.1782483479.44964.app/Payload//NeonDrift.run.1782483479.44964.app, binaryDiff flag: FALSE
	dst_ipa: /Users/dragonkao/Library/Developer/CoreSimulator/Devices/115FDF0C-5A2F-4686-909B-7F43F1450A28/data/Containers/Shared/SystemGroup/systemg<…>
2026-06-26 22:23:42.279 Df CoreSimulatorBridge[13156:88dbc5] [com.apple.installcoordination:framework] -[IXPromisedTransferToPath setComplete:]: <IXPromisedTransferToPath<0x103458740> name:"App Asset: com.DefaultCompany.NeonDrift.run.1782483479.44964" uuid:23C4C685-4DD5-452C-80FF-A8E057677B82 creator:"InstallCoordination Simple SPI" location:[system-defined]> Delta Copy operation from /Users/dragonkao/.openclaw/workspace/382b9e3384298039b171c9b2a60ae644/NeonDrift_MVP/project/xcode_derived_data/Build/Products/Release-iphonesimulator/NeonDrift.run.1782483479.44964.app to /Users/dragonkao/Library/Developer/CoreSimulator/Devices/115FDF0C-5A2F-4686-909B-7F43F1450A28/data/Containers/Shared/SystemGroup/systemgroup.com.apple.installcoordinationd/Library/InstallCoordination/PromiseStaging/23C4C685-4DD5-452C-80FF-A8E057677B82/NeonDrift.run.1782483479.44964.app took 0.002331 seconds
2026-06-26 22:23:42.280 Df installcoordinationd[26512:88fa81] [com.apple.installcoordination:daemon] -[IXSDataPromise _setPercentComplete:saveStateIfNeeded:]: Progress: <IXSPromisedTransferToPath(0x1054dd400) Name:App Asset: com.DefaultCompany.NeonDrift.run.1782483479.44964 Creator:InstallCoordination Simple SPI UUID:23C4C685-4DD5-452C-80FF-A8E057677B82 Location:[system-defined]>
2026-06-26 22:23:42.280 Df installcoordinationd[26512:88f9d9] [com.apple.appinstallation:TransactionLog] com.DefaultCompany.NeonDrift.run.1782483479.44964/Unknown Persona:4:10:1:1:App Asset Promise began. Coordinator State: IXAppCoordinationStatePlaceholderPromiseNotSet
2026-06-26 22:23:42.280 Df CoreSimulatorBridge[13156:89194d] [com.apple.installcoordination:framework] -[IXAppInstallCoordinator _clientDelegate_promiseDidBeginFulfillmentWithIdentifier:]: <IXUpdatingAppInstallCoordinator<0x103458640> identity:[com.DefaultCompany.NeonDrift.run.1782483479.44964/Invalid/[system-defined]] uuid:0FE8DDC8-17F7-4981-88B1-3A1F1EB14322 creator:InstallCoordination Simple SPI>: Got promise did begin fulfillment for identifier 2
2026-06-26 22:23:42.280 Df CoreSimulatorBridge[13156:89194d] [com.apple.installcoordination:framework] -[IXAppInstallCoordinator _clientDelegate_promiseDidBeginFulfillmentWithIdentifier:]_block_invoke: <IXUpdatingAppInstallCoordinator<0x103458640> identity:[com.DefaultCompany.NeonDrift.run.1782483479.44964/Invalid/[system-defined]] uuid:0FE8DDC8-17F7-4981-88B1-3A1F1EB14322 creator:InstallCoordination Simple SPI>: Observer <_IXSimpleInstallerDelegate 0x0x101b1ac70> does not respond to coordinator:configuredPromiseDidBeginFulfillment: (or any deprecated equivalent)
2026-06-26 22:23:42.280 Df installcoordinationd[26512:89194e] [com.apple.installcoordination:daemon] -[IXSCoordinatedAppInstall promiseDidComplete:]: <IXSCoordinatedAppInstall<0x1055e4000> [P=CoreSimulatorBridge (pid 13156)] identifier:[com.DefaultCompany.NeonDrift.run.1782483479.44964/Invalid/[system-defined]] uuid:0FE8DDC8-17F7-4981-88B1-3A1F1EB14322 intent:IXCoordinatorIntentUpdating creator/appDRI:InstallCoordination Simple SPI importance:UserWaiting state:IXAppCoordinationStatePlaceholderPromiseNotSet promise-state:0A2I4> : Promise completed: <IXSPromisedTransferToPath(0x1054dd400) Name:App Asset: com.DefaultCompany.NeonDrift.run.1782483479.44964 Creator:InstallCoordination Simple SPI UUID:23C4C685-4DD5-452C-80FF-A8E057677B82 Location:[system-defined]>
2026-06-26 22:23:42.280 Df installcoordinationd[26512:88fa81] [com.apple.appinstallation:TransactionLog] com.DefaultCompany.NeonDrift.run.1782483479.44964/Unknown Persona:4:10:2:1:App Asset Promise completed. Coordinator State: IXAppCoordinationStatePlaceholderPromiseNotSet
2026-06-26 22:23:42.280 Df CoreSimulatorBridge[13156:88f9d7] [com.apple.installcoordination:framework] -[IXAppInstallCoordinator _clientDelegate_didUpdateProgress:forPhase:overallProgress:]: <IXUpdatingAppInstallCoordinator<0x103458640> identity:[com.DefaultCompany.NeonDrift.run.1782483479.44964/Invalid/[system-defined]] uuid:0FE8DDC8-17F7-4981-88B1-3A1F1EB14322 creator:InstallCoordination Simple SPI>: Got did update progress delegate with percentComplete 100.000000 phase IXCoordinatorProgressPhaseLoading overallProgress 60.000000
2026-06-26 22:23:42.280 Df CoreSimulatorBridge[13156:89194d] [com.apple.installcoordination:framework] -[IXAppInstallCoordinator _clientDelegate_didUpdateProgress:forPhase:overallProgress:]_block_invoke: <IXUpdatingAppInstallCoordinator<0x103458640> identity:[com.DefaultCompany.NeonDrift.run.1782483479.44964/Invalid/[system-defined]] uuid:0FE8DDC8-17F7-4981-88B1-3A1F1EB14322 creator:InstallCoordination Simple SPI>: Calling selector coordinator:didUpdateProgress:forPhase:overallProgress: on observer <_IXSimpleInstallerDelegate 0x0x101b1ac70>
2026-06-26 22:23:42.280 Df installcoordinationd[26512:88f9d9] [com.apple.installcoordination:daemon] -[IXSCoordinatedAppInstall setPlaceholderPromise:]: <IXSCoordinatedAppInstall<0x1055e4000> [P=CoreSimulatorBridge (pid 13156)] identifier:[com.DefaultCompany.NeonDrift.run.1782483479.44964/Invalid/[system-defined]] uuid:0FE8DDC8-17F7-4981-88B1-3A1F1EB14322 intent:IXCoordinatorIntentUpdating creator/appDRI:InstallCoordination Simple SPI importance:UserWaiting state:IXAppCoordinationStateReadyForPlaceholderInstall promise-state:PA2I4> : Placeholder Promise set: <IXSPlaceholder(0x105510500) Name:App Placeholder: NeonDrift.run.1782483479.44964 (com.DefaultCompany.NeonDrift.run.1782483479.44964) Creator:InstallCoordination Simple SPI UUID:CEFD8894-CF11-4C6F-B571-EC0C3732C0BF Location:[system-defined]>
2026-06-26 22:23:42.280 Df installcoordinationd[26512:88fa81] [com.apple.installcoordination:daemon] -[IXSCoordinatedAppInstall promiseDidComplete:]: <IXSCoordinatedAppInstall<0x1055e4000> [P=CoreSimulatorBridge (pid 13156)] identifier:[com.DefaultCompany.NeonDrift.run.1782483479.44964/Invalid/[system-defined]] uuid:0FE8DDC8-17F7-4981-88B1-3A1F1EB14322 intent:IXCoordinatorIntentUpdating creator/appDRI:InstallCoordination Simple SPI importance:UserWaiting state:IXAppCoordinationStateReadyForPlaceholderInstall promise-state:PA2I4> : Promise completed: <IXSPlaceholder(0x105510500) Name:App Placeholder: NeonDrift.run.1782483479.44964 (com.DefaultCompany.NeonDrift.run.1782483479.44964) Creator:InstallCoordination Simple SPI UUID:CEFD8894-CF11-4C6F-B571-EC0C3732C0BF Location:[system-defined]>
2026-06-26 22:23:42.281 Df installcoordinationd[26512:88f9d9] [com.apple.installcoordination:daemon] -[IXSCoordinatedAppInstall _onQueue_acquireAssertionAndInstallPlaceholder]: Acquiring termination assertion to install placeholder for [com.DefaultCompany.NeonDrift.run.1782483479.44964/Invalid/[system-defined]]
2026-06-26 22:23:42.281 Df installcoordinationd[26512:88f9d9] [com.apple.installcoordination:daemon] -[IXSPendingOperationsTracker beginPendingOperationForIdentity:]_block_invoke: Beginning pending operation for [com.DefaultCompany.NeonDrift.run.1782483479.44964/Invalid/[system-defined]]
2026-06-26 22:23:42.281 Df installcoordinationd[26512:89194e] [com.apple.runningboard:process] Hit the server for a process handle 17f8b16f0000bbf3 that resolved to: [app<com.DefaultCompany.NeonDrift.run.1782483479.44964((null))>:48115]
2026-06-26 22:23:42.281 Df runningboardd[13128:891951] [com.apple.runningboard:connection] Received termination request from [osservice<com.apple.installcoordinationd>:26512] on <RBSProcessPredicate <RBSProcessBundleIdentifierPredicate "com.DefaultCompany.NeonDrift.run.1782483479.44964">> with context <RBSTerminateContext| explanation:installcoordinationd app:[com.DefaultCompany.NeonDrift.run.1782483479.44964/Invalid/[system-defined]] uuid:0FE8DDC8-17F7-4981-88B1-3A1F1EB14322 isPlaceholder:Y reportType:None maxTerminationResistance:Absolute attrs:[
	<RBSPreventLaunchLimitation| <RBSProcessPredicate <RBSProcessBundleIdentifierPredicate "com.DefaultCompany.NeonDrift.run.1782483479.44964">> allow:(null)>
	]>
2026-06-26 22:23:42.281 Df installcoordinationd[26512:89194e] [com.apple.runningboard:monitor] Received state update for 48115 (app<com.DefaultCompany.NeonDrift.run.1782483479.44964((null))>, running-active-NotVisible
2026-06-26 22:23:42.282 Df runningboardd[13128:891951] [com.apple.runningboard:general] Found 0 extensions contained in com.DefaultCompany.NeonDrift.run.1782483479.44964
2026-06-26 22:23:42.282 Df runningboardd[13128:891951] [com.apple.PlugInKit:holds] <PKManager:0x104c602a0> hold request for [/Users/dragonkao/Library/Developer/CoreSimulator/Devices/115FDF0C-5A2F-4686-909B-7F43F1450A28/data/Containers/Bundle/Application/E5561FB7-505C-4724-8DE7-AC3F587A9BCE/NeonDrift.run.1782483479.44964.app] with flags: 0x4
2026-06-26 22:23:42.282 Df NeonDrift.run.1782483479.44964[48115:88fd30] [com.apple.PlugInKit:discovery] Annotations changed, re-performing query for continuous discovery, report block = <0x118d47210>.
2026-06-26 22:23:42.282 Df NeonDrift.run.1782483479.44964[48115:88fd31] [com.apple.PlugInKit:discovery] Annotations changed, re-performing query for continuous discovery, report block = <0x118d47780>.
2026-06-26 22:23:42.282 Df NeonDrift.run.1782483479.44964[48115:88fd30] [com.apple.PlugInKit:discovery] [d A4832E86-DDEE-4F17-81FC-66EE81E96748] <PKHost:0x118d344c0> Beginning discovery for flags: 0, point: com.apple.AudioUnit
2026-06-26 22:23:42.282 Df runningboardd[13128:891951] [com.apple.PlugInKit:holds] <PKManager:0x104c602a0> hold request for [/Users/dragonkao/Library/Developer/CoreSimulator/Devices/115FDF0C-5A2F-4686-909B-7F43F1450A28/data/Containers/Bundle/Application/E5561FB7-505C-4724-8DE7-AC3F587A9BCE/NeonDrift.run.1782483479.44964.app] with flags: 0x4 completed with hold token: [6FF0E032-47A1-4BF8-9BA4-87C4468E3EC4]
2026-06-26 22:23:42.282 Df NeonDrift.run.1782483479.44964[48115:88fd46] [com.apple.PlugInKit:discovery] Annotations changed, re-performing query for continuous discovery, report block = <0x118d47240>.
2026-06-26 22:23:42.283 Df NeonDrift.run.1782483479.44964[48115:88fd46] [com.apple.PlugInKit:discovery] [d 1B28238F-4428-4EF1-8C88-27B8F206385A] <PKHost:0x118d344c0> Beginning discovery for flags: 0, point: com.apple.AudioUnit-UI
2026-06-26 22:23:42.283 Df NeonDrift.run.1782483479.44964[48115:88fd31] [com.apple.PlugInKit:discovery] [d 8AEE6389-FCEC-4603-BDD7-B5108063E8FD] <PKHost:0x118d344c0> Beginning discovery for flags: 0, point: com.apple.AudioUnit-Speech
2026-06-26 22:23:42.283 Df runningboardd[13128:891951] [com.apple.runningboard:ttl] Acquiring assertion targeting system from originator [osservice<com.apple.installcoordinationd>:26512] with description <RBSAssertionDescriptor| "installcoordinationd app:[com.DefaultCompany.NeonDrift.run.1782483479.44964/Invalid/[system-defined]] uuid:0FE8DDC8-17F7-4981-88B1-3A1F1EB14322 isPlaceholder:Y" ID:13128-26512-8847 target:system attributes:[
	<RBSPreventLaunchLimitation| <RBSProcessPredicate <RBSProcessBundleIdentifierPredicate "com.DefaultCompany.NeonDrift.run.1782483479.44964">> allow:(null)>
	]>
2026-06-26 22:23:42.283 Df SpringBoard[13125:4bdd22] [com.apple.SpringBoard:Common] termination assertion acquired for com.DefaultCompany.NeonDrift.run.1782483479.44964
2026-06-26 22:23:42.283 Df SpringBoard[13125:4bdd22] [com.apple.SpringBoard:Icon] 0x12aaa3480-SBApplicationIcon Data source did change: <SBApplication: 0x12aa0a100; com.DefaultCompany.NeonDrift.run.1782483479.44964> {
    processState = <SBApplicationProcessState: 0x1081328a0; pid: 48115; taskState: Running; visibility: Foreground>;
} (SBApplication)
2026-06-26 22:23:42.284 Df runningboardd[13128:891951] [com.apple.runningboard:process] Executing termination request for: <RBSProcessPredicate <RBSProcessBundleIdentifierPredicate "com.DefaultCompany.NeonDrift.run.1782483479.44964">>
2026-06-26 22:23:42.284 Df runningboardd[13128:891951] [com.apple.runningboard:process] [app<com.DefaultCompany.NeonDrift.run.1782483479.44964((null))>:48115] Terminating with context: <RBSTerminateContext| explanation:installcoordinationd app:[com.DefaultCompany.NeonDrift.run.1782483479.44964/Invalid/[system-defined]] uuid:0FE8DDC8-17F7-4981-88B1-3A1F1EB14322 isPlaceholder:Y reportType:None maxTerminationResistance:Absolute attrs:[
	<RBSPreventLaunchLimitation| <RBSProcessPredicate <RBSProcessBundleIdentifierPredicate "com.DefaultCompany.NeonDrift.run.1782483479.44964">> allow:(null)>
	]>
2026-06-26 22:23:42.284 Df runningboardd[13128:891951] [com.apple.runningboard:process] [app<com.DefaultCompany.NeonDrift.run.1782483479.44964((null))>:48115] terminate_with_reason() success
2026-06-26 22:23:42.284 Df NeonDrift.run.1782483479.44964[48115:88fd30] [com.apple.PlugInKit:discovery] [d 8AEE6389-FCEC-4603-BDD7-B5108063E8FD] <PKHost:0x118d344c0> Completed discovery. Final # of matches: 4
2026-06-26 22:23:42.284 Df SpringBoard[13125:89195d] [com.apple.FrontBoard:ProcessWorkspace] [app<com.DefaultCompany.NeonDrift.run.1782483479.44964>:48115] Workspace connection invalidated.
2026-06-26 22:23:42.284 Df SpringBoard[13125:89195d] [com.apple.FrontBoard:Process] [app<com.DefaultCompany.NeonDrift.run.1782483479.44964>:48115] Now flagged as pending exit for reason: workspace client connection invalidated
2026-06-26 22:23:42.284 Df backboardd[13147:89195e] [com.apple.iohid:default] Connection removed: IOHIDEventSystemConnection uuid:C7D69BBA-84BE-43B0-9530-4B452DC1A15D pid:48115 process:NeonDrift.run.1782483479.44964 type:Passive entitlements:0x0 caller:BackBoardServices: ___getHIDEventSystemClient_block_invoke + 296 attributes:{
    HighFrequency = 0;
    bundleID = "com.DefaultCompany.NeonDrift.run.1782483479.44964";
    pid = 48115;
} state:0x1 events:0 mask:0x0 dropped:0 dropStatus:0 droppedMask:0x0 lastDroppedTime:NONE
2026-06-26 22:23:42.284 Df backboardd[13147:891960] [com.apple.iohid:default] Connection removed: IOHIDEventSystemConnection uuid:2A4D6B4A-18A1-4872-B0B7-F88D3431C9CD pid:48115 process:NeonDrift.run.1782483479.44964 type:Monitor entitlements:0x0 caller:GameControllerFoundation: -[GCHIDEventSystemClient initWithQueue:type:attributes:functions:] + 116 attributes:(null) state:0x1 events:0 mask:0x0 dropped:0 dropStatus:0 droppedMask:0x0 lastDroppedTime:NONE
2026-06-26 22:23:42.284 Df backboardd[13147:89195e] [com.apple.BackBoard:HID] Removing client connection <BKHIDClientConnection: 0x112887740; IOHIDEventSystemConnectionRef: 0x105eeee00; vpid: 48115(v27F206); taskPort: 0x221CF; bundleID: com.DefaultCompany.NeonDrift.run.1782483479.44964> for client: IOHIDEventSystemConnection uuid:C7D69BBA-84BE-43B0-9530-4B452DC1A15D pid:48115 process:NeonDrift.run.1782483479.44964 type:Passive entitlements:0x0 caller:BackBoardServices: ___getHIDEventSystemClient_block_invoke + 296 attributes:{
    HighFrequency = 0;
    bundleID = "com.DefaultCompany.NeonDrift.run.1782483479.44964";
    pid = 48115;
} state:0x1 events:0 mask:0x0 dropped:0 dropStatus:0 droppedMask:0x0 lastDroppedTime:NONE source:HID
2026-06-26 22:23:42.284 Df SpringBoard[13125:890cd0] [com.apple.KeyboardArbiter:Handle] com.DefaultCompany.NeonDrift.run.1782483479.44964(48115) lostConnection (invalidation)
2026-06-26 22:23:42.285 Df runningboardd[13128:891951] [com.apple.runningboard:process] XPC connection invalidated: [app<com.DefaultCompany.NeonDrift.run.1782483479.44964((null))>:48115]
2026-06-26 22:23:42.285 Df installcoordinationd[26512:88f9d9] [com.apple.runningboard:assertion] Setting up death monitor for [app<com.DefaultCompany.NeonDrift.run.1782483479.44964((null))>:48115]
2026-06-26 22:23:42.285 Df installcoordinationd[26512:88f9d9] [com.apple.runningboard:process] Starting death monitoring for handle [app<com.DefaultCompany.NeonDrift.run.1782483479.44964((null))>:48115]
2026-06-26 22:23:42.285 Df installcoordinationd[26512:89194e] [com.apple.appinstallation:TransactionLog] com.DefaultCompany.NeonDrift.run.1782483479.44964/Unknown Persona:4:9:1:1:Placeholder Promise began. Coordinator State: IXAppCoordinationStateWaitingForPlaceholderAssertion
2026-06-26 22:23:42.285 Df installcoordinationd[26512:89194e] [com.apple.installcoordination:daemon] -[IXSCoordinatorProgress setTotalUnitsCompleted:]: Progress for coordinator: [com.DefaultCompany.NeonDrift.run.1782483479.44964/Invalid/[system-defined]], Phase: IXCoordinatorProgressPhaseLoading, Percentage: 100.000000: Attempt to set units completed on finished progress: 100
2026-06-26 22:23:42.285 Df installcoordinationd[26512:89194e] [com.apple.appinstallation:TransactionLog] com.DefaultCompany.NeonDrift.run.1782483479.44964/Unknown Persona:4:9:2:1:Placeholder Promise completed. Coordinator State: IXAppCoordinationStateWaitingForPlaceholderAssertion
2026-06-26 22:23:42.285 Df SpringBoard[13125:890cd0] [com.apple.KeyboardArbiter:Handle] RX com.DefaultCompany.NeonDrift.run.1782483479.44964(48115) setWindowContextID:0 windowState:Disabled level:0.0
    focusContext:(null)
2026-06-26 22:23:42.285 Df CoreSimulatorBridge[13156:88f9d7] [com.apple.installcoordination:framework] -[IXAppInstallCoordinator _clientDelegate_promiseDidBeginFulfillmentWithIdentifier:]: <IXUpdatingAppInstallCoordinator<0x103458640> identity:[com.DefaultCompany.NeonDrift.run.1782483479.44964/Invalid/[system-defined]] uuid:0FE8DDC8-17F7-4981-88B1-3A1F1EB14322 creator:InstallCoordination Simple SPI>: Got promise did begin fulfillment for identifier 1
2026-06-26 22:23:42.285 Df CoreSimulatorBridge[13156:88dbc5] [com.apple.installcoordination:framework] -[IXAppInstallCoordinator _clientDelegate_promiseDidBeginFulfillmentWithIdentifier:]_block_invoke: <IXUpdatingAppInstallCoordinator<0x103458640> identity:[com.DefaultCompany.NeonDrift.run.1782483479.44964/Invalid/[system-defined]] uuid:0FE8DDC8-17F7-4981-88B1-3A1F1EB14322 creator:InstallCoordination Simple SPI>: Observer <_IXSimpleInstallerDelegate 0x0x101b1ac70> does not respond to coordinator:configuredPromiseDidBeginFulfillment: (or any deprecated equivalent)
2026-06-26 22:23:42.285 Df SpringBoard[13125:4bdd22] [com.apple.SpringBoard:KeyboardFocus] [coordinator] using MRU target <com.apple.frontboard.systemappservices/FBSceneManager:sceneID%3Acom.DefaultCompany.NeonDrift.run.1782483479.44964-default pid:48115>
2026-06-26 22:23:42.285 Df backboardd[13147:88e103] [com.apple.BackBoard:EventDelivery] chain did update (setDeferringRules) <keyboardFocus; display: null> containsEndOfChain: YES; [
    <token: com.apple.frontboard.systemappservices/FBSceneManager:com.apple.springboard; pid: 13125>,
    <token: com.apple.frontboard.systemappservices/FBSceneManager:sceneID%3Acom.DefaultCompany.NeonDrift.run.1782483479.44964-default; pid: 48115>
]
2026-06-26 22:23:42.286 Df SpringBoard[13125:4bdd22] [com.apple.SpringBoard:KeyboardFocus] [coordinator] informing scene controller 'com.apple.springboard' of focusTarget: <com.apple.frontboard.systemappservices/FBSceneManager:sceneID%3Acom.DefaultCompany.NeonDrift.run.1782483479.44964-default pid:48115>
2026-06-26 22:23:42.286 Df backboardd[13147:88e103] [com.apple.BackBoard:EventDelivery] chain did update (setDeferringRules) <keyboardFocus; display: builtin> containsEndOfChain: YES; [
    <token: com.apple.frontboard.systemappservices/FBSceneManager:com.apple.springboard; pid: 13125>,
    <token: com.apple.frontboard.systemappservices/FBSceneManager:sceneID%3Acom.DefaultCompany.NeonDrift.run.1782483479.44964-default; pid: 48115>
]
2026-06-26 22:23:42.286 Df SpringBoard[13125:4bdd22] [com.apple.SpringBoard:KeyboardFocus] [coordinator] keyboard arbiter suggested <nothing> and we replied <com.apple.frontboard.systemappservices/FBSceneManager:sceneID%3Acom.DefaultCompany.NeonDrift.run.1782483479.44964-default pid:48115>
2026-06-26 22:23:42.286 E  SpringBoard[13125:890cd0] [com.apple.UIKit:KeyboardArbiter] Advisor: No handle found for currently focused PID: 48115; sceneIdentity: com.apple.frontboard.systemappservices/FBSceneManager:sceneID%3Acom.DefaultCompany.NeonDrift.run.1782483479.44964-default
2026-06-26 22:23:42.294 Df launchd_sim[13120:891599] [user/501/UIKitApplication:com.DefaultCompany.NeonDrift.run.1782483479.44964[acbe][rb-legacy] [48115]:] exited with exit reason (namespace: 15 code: 0x0) - OS_REASON_RUNNINGBOARD | <RBSTerminateContext| explanation:installcoordinationd app:[com.DefaultCompany.NeonDrift.run.1782483479.44964/Invalid/[system-defined]] uuid:0FE8DDC8-17F7-4981-88B1-3A1F1EB14322 isPlaceholder:Y reportType:None maxTerminationResistance:Absolute attrs:[
	<RBSPreventLaunchLimitation| <RBSProcessPredicate <RBSProcessBundleIdentifierPredicate "com.DefaultCompany.NeonDrift.run.1782483479.44964">> allow:(null)>
	]>, ran for 102991ms
2026-06-26 22:23:42.294 Df launchd_sim[13120:891599] [user/501:] service inactive: UIKitApplication:com.DefaultCompany.NeonDrift.run.1782483479.44964[acbe][rb-legacy]
2026-06-26 22:23:42.294 Df runningboardd[13128:891951] [com.apple.runningboard:ttl] [app<com.DefaultCompany.NeonDrift.run.1782483479.44964((null))>:48115] termination reported by launchd (15, 0, 9)
