2026-06-26 21:25:13.346 Df installcoordinationd[26512:84d60e] [com.apple.installcoordination:daemon] -[IXSPlaceholder setAttributes:]: <IXSPlaceholder(0x105510500) Name:App Placeholder: NeonDrift (com.DefaultCompany.NeonDrift) Creator:InstallCoordination Simple SPI UUID:19DF2975-88B2-47FA-886B-C160295A0C5A Location:[system-defined]>: setting placeholder attributes to <IXPlaceholderAttributes<0x1054a14a0> : {
    CFBundleShortVersionString = "1.0";
    CFBundleSupportedPlatforms =     (
        iPhoneSimulator
    );
    CFBundleVersion = 0;
    DTPlatformName = iphonesimulator;
    LSRequiresIPhoneOS = 1;
    MinimumOSVersion = "13.0";
    UIDeviceFamily =     (
        1,
        2
    );
    UIRequiredDeviceCapabilities =     {
        arm64 = 1;
        metal = 1;
    };
}>
2026-06-26 21:25:13.346 Df CoreSimulatorBridge[13156:7cead4] [com.apple.installcoordination:framework] +[IXPlaceholder _setEntitlementsFromBundleExecutableURL:withBundleID:client:onPlaceholder:location:error:]: Executable for com.DefaultCompany.NeonDrift at NeonDrift -- file:///Users/dragonkao/.openclaw/workspace/382b9e3384298039b171c9b2a60ae644/NeonDrift_MVP/project/xcode_derived_data/Build/Products/Release-iphonesimulator/NeonDrift.app/ had no entitlements
2026-06-26 21:25:13.346 Df CoreSimulatorBridge[13156:7cead4] [com.apple.installcoordination:framework] +[IXPlaceholder _placeholderForBundle:client:withParent:installType:metadata:placeholderType:mayBeDeltaPackage:isFromSerializedPlaceholder:location:error:]: Using full fidelity icons for com.DefaultCompany.NeonDrift at /Users/dragonkao/.openclaw/workspace/382b9e3384298039b171c9b2a60ae644/NeonDrift_MVP/project/xcode_derived_data/Build/Products/Release-iphonesimulator/NeonDrift.app
2026-06-26 21:25:13.347 Df installcoordinationd[26512:84d60e] [com.apple.installcoordination:daemon] -[IXSDataPromiseManager registerPromise:]: Registered promise <IXSPromisedTransferToPath(0x1054dd500) Name:Icon resources for com.DefaultCompany.NeonDrift Creator:InstallCoordination Simple SPI UUID:26A58884-093F-4AA2-A75B-954EA543664C Location:[system-defined]> for UUID 26A58884-093F-4AA2-A75B-954EA543664C
2026-06-26 21:25:13.349 Df CoreSimulatorBridge[13156:7cead4] [com.apple.installcoordination:framework] -[IXPromisedTransferToPath setComplete:]: <IXPromisedTransferToPath<0x103458880> name:"Icon resources for com.DefaultCompany.NeonDrift" uuid:26A58884-093F-4AA2-A75B-954EA543664C creator:"InstallCoordination Simple SPI" location:[system-defined]> Move operation from /Users/dragonkao/Library/Developer/CoreSimulator/Devices/115FDF0C-5A2F-4686-909B-7F43F1450A28/data/Containers/Shared/SystemGroup/systemgroup.com.apple.installcoordinationd/Library/InstallCoordination/PromiseStaging/26A58884-093F-4AA2-A75B-954EA543664C/temp.OT9AZq to /Users/dragonkao/Library/Developer/CoreSimulator/Devices/115FDF0C-5A2F-4686-909B-7F43F1450A28/data/Containers/Shared/SystemGroup/systemgroup.com.apple.installcoordinationd/Library/InstallCoordination/PromiseStaging/26A58884-093F-4AA2-A75B-954EA543664C/temp.OT9AZq took 0.000050 seconds
2026-06-26 21:25:13.350 Df installcoordinationd[26512:84e0f7] [com.apple.installcoordination:daemon] -[IXSDataPromise _setPercentComplete:saveStateIfNeeded:]: Progress: <IXSPromisedTransferToPath(0x1054dd500) Name:Icon resources for com.DefaultCompany.NeonDrift Creator:InstallCoordination Simple SPI UUID:26A58884-093F-4AA2-A75B-954EA543664C Location:[system-defined]>
2026-06-26 21:25:13.350 Df installcoordinationd[26512:84d60e] [com.apple.installcoordination:daemon] -[IXSDataPromiseManager promiseDidBegin:]: Unowned promise began: <IXSPromisedTransferToPath(0x1054dd500) Name:Icon resources for com.DefaultCompany.NeonDrift Creator:InstallCoordination Simple SPI UUID:26A58884-093F-4AA2-A75B-954EA543664C Location:[system-defined]>
2026-06-26 21:25:13.350 Df installcoordinationd[26512:84d60e] [com.apple.installcoordination:daemon] -[IXSDataPromiseManager promise:didUpdateProgress:]: Unowned promise update progress to 1.000000 : <IXSPromisedTransferToPath(0x1054dd500) Name:Icon resources for com.DefaultCompany.NeonDrift Creator:InstallCoordination Simple SPI UUID:26A58884-093F-4AA2-A75B-954EA543664C Location:[system-defined]>
2026-06-26 21:25:13.350 Df installcoordinationd[26512:84d60e] [com.apple.installcoordination:daemon] -[IXSDataPromiseManager promiseDidComplete:]: Unowned promise completed: <IXSPromisedTransferToPath(0x1054dd500) Name:Icon resources for com.DefaultCompany.NeonDrift Creator:InstallCoordination Simple SPI UUID:26A58884-093F-4AA2-A75B-954EA543664C Location:[system-defined]>
2026-06-26 21:25:13.351 Df installcoordinationd[26512:84e0f7] [com.apple.installcoordination:daemon] -[IXSDataPromise _setPercentComplete:saveStateIfNeeded:]: Progress: <IXSPromisedInMemoryDictionary(0x1054dd580) Name:Info.plist icon content for com.DefaultCompany.NeonDrift Creator:InstallCoordination Simple SPI UUID:1906E748-7C33-4766-B2D6-E67F1B5CDFB1 Location:[system-defined]>
2026-06-26 21:25:13.351 Df installcoordinationd[26512:84e0f7] [com.apple.installcoordination:daemon] -[IXSDataPromiseManager registerPromise:]: Registered promise <IXSPromisedInMemoryDictionary(0x1054dd580) Name:Info.plist icon content for com.DefaultCompany.NeonDrift Creator:InstallCoordination Simple SPI UUID:1906E748-7C33-4766-B2D6-E67F1B5CDFB1 Location:[system-defined]> for UUID 1906E748-7C33-4766-B2D6-E67F1B5CDFB1
2026-06-26 21:25:13.351 Df installcoordinationd[26512:84d60e] [com.apple.installcoordination:daemon] -[IXSDataPromiseManager promiseDidBegin:]: Unowned promise began: <IXSPromisedInMemoryDictionary(0x1054dd580) Name:Info.plist icon content for com.DefaultCompany.NeonDrift Creator:InstallCoordination Simple SPI UUID:1906E748-7C33-4766-B2D6-E67F1B5CDFB1 Location:[system-defined]>
2026-06-26 21:25:13.351 Df installcoordinationd[26512:84d60e] [com.apple.installcoordination:daemon] -[IXSDataPromiseManager promise:didUpdateProgress:]: Unowned promise update progress to 1.000000 : <IXSPromisedInMemoryDictionary(0x1054dd580) Name:Info.plist icon content for com.DefaultCompany.NeonDrift Creator:InstallCoordination Simple SPI UUID:1906E748-7C33-4766-B2D6-E67F1B5CDFB1 Location:[system-defined]>
2026-06-26 21:25:13.351 Df installcoordinationd[26512:84d60e] [com.apple.installcoordination:daemon] -[IXSDataPromiseManager promiseDidComplete:]: Unowned promise completed: <IXSPromisedInMemoryDictionary(0x1054dd580) Name:Info.plist icon content for com.DefaultCompany.NeonDrift Creator:InstallCoordination Simple SPI UUID:1906E748-7C33-4766-B2D6-E67F1B5CDFB1 Location:[system-defined]>
2026-06-26 21:25:13.352 Df installcoordinationd[26512:84e0f7] [com.apple.installcoordination:daemon] -[IXSPlaceholder setIconResourcesPromise:]: <IXSPlaceholder(0x105510500) Name:App Placeholder: NeonDrift (com.DefaultCompany.NeonDrift) Creator:InstallCoordination Simple SPI UUID:19DF2975-88B2-47FA-886B-C160295A0C5A Location:[system-defined]>: setting icon resources promise to <IXSPromisedTransferToPath(0x1054dd500) Name:Icon resources for com.DefaultCompany.NeonDrift Creator:InstallCoordination Simple SPI UUID:26A58884-093F-4AA2-A75B-954EA543664C Location:[system-defined]>
2026-06-26 21:25:13.352 Df installcoordinationd[26512:84e0f7] [com.apple.installcoordination:daemon] -[IXSPlaceholder setInfoPlistIconContentPromise:]: <IXSPlaceholder(0x105510500) Name:App Placeholder: NeonDrift (com.DefaultCompany.NeonDrift) Creator:InstallCoordination Simple SPI UUID:19DF2975-88B2-47FA-886B-C160295A0C5A Location:[system-defined]>: setting Info.plist icon content promise to <IXSPromisedInMemoryDictionary(0x1054dd580) Name:Info.plist icon content for com.DefaultCompany.NeonDrift Creator:InstallCoordination Simple SPI UUID:1906E748-7C33-4766-B2D6-E67F1B5CDFB1 Location:[system-defined]>
2026-06-26 21:25:13.353 Df installcoordinationd[26512:84e0fa] [com.apple.installcoordination:daemon] -[IXSDataPromiseManager promiseDidBegin:]: Unowned promise began: <IXSPlaceholder(0x105510500) Name:App Placeholder: NeonDrift (com.DefaultCompany.NeonDrift) Creator:InstallCoordination Simple SPI UUID:19DF2975-88B2-47FA-886B-C160295A0C5A Location:[system-defined]>
2026-06-26 21:25:13.353 Df installcoordinationd[26512:84e0fa] [com.apple.installcoordination:daemon] -[IXSDataPromiseManager promise:didUpdateProgress:]: Unowned promise update progress to 0.000000 : <IXSPlaceholder(0x105510500) Name:App Placeholder: NeonDrift (com.DefaultCompany.NeonDrift) Creator:InstallCoordination Simple SPI UUID:19DF2975-88B2-47FA-886B-C160295A0C5A Location:[system-defined]>
2026-06-26 21:25:13.353 Df installcoordinationd[26512:84e0fa] [com.apple.installcoordination:daemon] -[IXSDataPromiseManager promise:didUpdateProgress:]: Unowned promise update progress to 0.000000 : <IXSPlaceholder(0x105510500) Name:App Placeholder: NeonDrift (com.DefaultCompany.NeonDrift) Creator:InstallCoordination Simple SPI UUID:19DF2975-88B2-47FA-886B-C160295A0C5A Location:[system-defined]>
2026-06-26 21:25:13.354 Df installcoordinationd[26512:84e0fa] [com.apple.installcoordination:daemon] -[IXSDataPromise _setPercentComplete:saveStateIfNeeded:]: Progress: <IXSPromisedInMemoryDictionary(0x1054dd000) Name:Localizations for com.DefaultCompany.NeonDrift Creator:InstallCoordination Simple SPI UUID:D0774BCE-EDE2-4401-8C21-945C69F9F544 Location:[system-defined]>
2026-06-26 21:25:13.354 Df installcoordinationd[26512:84e0fa] [com.apple.installcoordination:daemon] -[IXSDataPromiseManager registerPromise:]: Registered promise <IXSPromisedInMemoryDictionary(0x1054dd000) Name:Localizations for com.DefaultCompany.NeonDrift Creator:InstallCoordination Simple SPI UUID:D0774BCE-EDE2-4401-8C21-945C69F9F544 Location:[system-defined]> for UUID D0774BCE-EDE2-4401-8C21-945C69F9F544
2026-06-26 21:25:13.354 Df installcoordinationd[26512:84e0f7] [com.apple.installcoordination:daemon] -[IXSDataPromiseManager promiseDidBegin:]: Unowned promise began: <IXSPromisedInMemoryDictionary(0x1054dd000) Name:Localizations for com.DefaultCompany.NeonDrift Creator:InstallCoordination Simple SPI UUID:D0774BCE-EDE2-4401-8C21-945C69F9F544 Location:[system-defined]>
2026-06-26 21:25:13.354 Df installcoordinationd[26512:84e0f7] [com.apple.installcoordination:daemon] -[IXSDataPromiseManager promise:didUpdateProgress:]: Unowned promise update progress to 1.000000 : <IXSPromisedInMemoryDictionary(0x1054dd000) Name:Localizations for com.DefaultCompany.NeonDrift Creator:InstallCoordination Simple SPI UUID:D0774BCE-EDE2-4401-8C21-945C69F9F544 Location:[system-defined]>
2026-06-26 21:25:13.354 Df installcoordinationd[26512:84e0f7] [com.apple.installcoordination:daemon] -[IXSDataPromiseManager promiseDidComplete:]: Unowned promise completed: <IXSPromisedInMemoryDictionary(0x1054dd000) Name:Localizations for com.DefaultCompany.NeonDrift Creator:InstallCoordination Simple SPI UUID:D0774BCE-EDE2-4401-8C21-945C69F9F544 Location:[system-defined]>
2026-06-26 21:25:13.354 Df installcoordinationd[26512:84e0fa] [com.apple.installcoordination:daemon] -[IXSPlaceholder setLocalizationDictionaryPromise:]: <IXSPlaceholder(0x105510500) Name:App Placeholder: NeonDrift (com.DefaultCompany.NeonDrift) Creator:InstallCoordination Simple SPI UUID:19DF2975-88B2-47FA-886B-C160295A0C5A Location:[system-defined]>: setting localization dict promise to <IXSPromisedInMemoryDictionary(0x1054dd000) Name:Localizations for com.DefaultCompany.NeonDrift Creator:InstallCoordination Simple SPI UUID:D0774BCE-EDE2-4401-8C21-945C69F9F544 Location:[system-defined]>
2026-06-26 21:25:13.355 Df installcoordinationd[26512:84e0fa] [com.apple.installcoordination:daemon] -[IXSDataPromiseManager promise:didUpdateProgress:]: Unowned promise update progress to 0.000000 : <IXSPlaceholder(0x105510500) Name:App Placeholder: NeonDrift (com.DefaultCompany.NeonDrift) Creator:InstallCoordination Simple SPI UUID:19DF2975-88B2-47FA-886B-C160295A0C5A Location:[system-defined]>
2026-06-26 21:25:13.356 Df installcoordinationd[26512:84d60e] [com.apple.installcoordination:daemon] -[IXSPlaceholder setConfigurationComplete:]: <IXSPlaceholder(0x105510500) Name:App Placeholder: NeonDrift (com.DefaultCompany.NeonDrift) Creator:InstallCoordination Simple SPI UUID:19DF2975-88B2-47FA-886B-C160295A0C5A Location:[system-defined]>: setting configuration complete to Y
2026-06-26 21:25:13.356 Df installcoordinationd[26512:84d60e] [com.apple.installcoordination:daemon] -[IXSPlaceholder _materialize]: <IXSPlaceholder(0x105510500) Name:App Placeholder: NeonDrift (com.DefaultCompany.NeonDrift) Creator:InstallCoordination Simple SPI UUID:19DF2975-88B2-47FA-886B-C160295A0C5A Location:[system-defined]>: Materializing placeholder at /Users/dragonkao/Library/Developer/CoreSimulator/Devices/115FDF0C-5A2F-4686-909B-7F43F1450A28/data/Containers/Shared/SystemGroup/systemgroup.com.apple.installcoordinationd/Library/InstallCoordination/PromiseStaging/19DF2975-88B2-47FA-886B-C160295A0C5A/NeonDrift.app
2026-06-26 21:25:13.356 Df installcoordinationd[26512:84d60e] [com.apple.installcoordination:daemon] -[IXSPlaceholder _materialize]: <IXSPlaceholder(0x105510500) Name:App Placeholder: NeonDrift (com.DefaultCompany.NeonDrift) Creator:InstallCoordination Simple SPI UUID:19DF2975-88B2-47FA-886B-C160295A0C5A Location:[system-defined]>: Using Info.plist icon content: {
    CFBundleIcons =     {
        CFBundlePrimaryIcon =         {
            CFBundleIconName = AppIcon;
        };
    };
    "CFBundleIcons~ipad" =     {
        CFBundlePrimaryIcon =         {
            CFBundleIconName = AppIcon;
        };
    };
    ISIconPlatform = iPhoneOS;
}
2026-06-26 21:25:13.356 Df installcoordinationd[26512:84d60e] [com.apple.installcoordination:daemon] -[IXSPlaceholder _materialize]_block_invoke: <IXSPlaceholder(0x105510500) Name:App Placeholder: NeonDrift (com.DefaultCompany.NeonDrift) Creator:InstallCoordination Simple SPI UUID:19DF2975-88B2-47FA-886B-C160295A0C5A Location:[system-defined]>: Using icon resource Assets.car
2026-06-26 21:25:13.357 Df installcoordinationd[26512:84d60e] [com.apple.installcoordination:daemon] -[IXSPlaceholder _materialize]: <IXSPlaceholder(0x105510500) Name:App Placeholder: NeonDrift (com.DefaultCompany.NeonDrift) Creator:InstallCoordination Simple SPI UUID:19DF2975-88B2-47FA-886B-C160295A0C5A Location:[system-defined]>: Including lproj localizations for (
)
2026-06-26 21:25:13.357 Df installcoordinationd[26512:84d60e] [com.apple.installcoordination:daemon] -[IXSDataPromiseManager promiseDidComplete:]: Unowned promise completed: <IXSPlaceholder(0x105510500) Name:App Placeholder: NeonDrift (com.DefaultCompany.NeonDrift) Creator:InstallCoordination Simple SPI UUID:19DF2975-88B2-47FA-886B-C160295A0C5A Location:[system-defined]>
2026-06-26 21:25:13.358 Df installcoordinationd[26512:84e0fa] [com.apple.installcoordination:daemon] -[IXSDataPromiseManager registerPromise:]: Registered promise <IXSPromisedTransferToPath(0x1054dd380) Name:App Asset: com.DefaultCompany.NeonDrift Creator:InstallCoordination Simple SPI UUID:71D25DBC-41CD-47C0-85FD-63A240B258B5 Location:[system-defined]> for UUID 71D25DBC-41CD-47C0-85FD-63A240B258B5
2026-06-26 21:25:13.360 Df installcoordinationd[26512:84d60e] [com.apple.installcoordination:daemon] -[IXSCoordinatorManager coordinatorForIdentity:connection:error:creatingIfNotExisting:]_block_invoke: Registered coordinator: <IXSCoordinatedAppInstall<0x1055e4000> [P=CoreSimulatorBridge (pid 13156)] identifier:[com.DefaultCompany.NeonDrift/Invalid/[system-defined]] uuid:0B7B88F5-E89C-44FD-BAA8-6642D0603962 intent:IXCoordinatorIntentUpdating creator/appDRI:InstallCoordination Simple SPI importance:Background state:IXAppCoordinationStatePlaceholderPromiseNotSet promise-state:01234>
2026-06-26 21:25:13.360 Df installcoordinationd[26512:84d60e] [com.apple.appinstallation:TransactionLog] com.DefaultCompany.NeonDrift/Unknown Persona:4:2:1:1:Created coordinator with intent IXCoordinatorIntentUpdating for client InstallCoordination Simple SPI
2026-06-26 21:25:13.360 Df installcoordinationd[26512:84d60e] [com.apple.installcoordination:daemon] -[IXSCoordinatedAppInstall setPriorityBoostCompletion:withSourceInfo:]: <IXSCoordinatedAppInstall<0x1055e4000> [P=CoreSimulatorBridge (pid 13156)] identifier:[com.DefaultCompany.NeonDrift/Invalid/[system-defined]] uuid:0B7B88F5-E89C-44FD-BAA8-6642D0603962 intent:IXCoordinatorIntentUpdating creator/appDRI:InstallCoordination Simple SPI importance:Background state:IXAppCoordinationStatePlaceholderPromiseNotSet promise-state:01234>: Retaining completion from CoreSimulatorBridge (13156), QOS_CLASS_DEFAULT (0x15)
2026-06-26 21:25:13.360 Df installcoordinationd[26512:84d60e] [com.apple.installcoordination:daemon] -[IXSCoordinatedAppInstall setImportance:]: <IXSCoordinatedAppInstall<0x1055e4000> [P=CoreSimulatorBridge (pid 13156)] identifier:[com.DefaultCompany.NeonDrift/Invalid/[system-defined]] uuid:0B7B88F5-E89C-44FD-BAA8-6642D0603962 intent:IXCoordinatorIntentUpdating creator/appDRI:InstallCoordination Simple SPI importance:UserWaiting state:IXAppCoordinationStatePlaceholderPromiseNotSet promise-state:01234>: set importance to UserWaiting
2026-06-26 21:25:13.361 Df installcoordinationd[26512:84d60e] [com.apple.installcoordination:daemon] -[IXSCoordinatedAppInstall _onQueue_fireObserversForClient:]: <IXSCoordinatedAppInstall<0x1055e4000> [P=CoreSimulatorBridge (pid 13156)] identifier:[com.DefaultCompany.NeonDrift/Invalid/[system-defined]] uuid:0B7B88F5-E89C-44FD-BAA8-6642D0603962 intent:IXCoordinatorIntentUpdating creator/appDRI:InstallCoordination Simple SPI importance:UserWaiting state:IXAppCoordinationStatePlaceholderPromiseNotSet promise-state:01234>: Firing applicable observers for client <IXSClientConnection<0x1054407e0> client:CoreSimulatorBridge (pid 13156) uuid:91EA0638-10DA-4AE9-8353-ED9F7F8399EE>
2026-06-26 21:25:13.361 Df installcoordinationd[26512:84d60e] [com.apple.installcoordination:daemon] -[IXSCoordinatedAppInstall setPriorityBoostCompletion:withSourceInfo:]: <IXSCoordinatedAppInstall<0x1055e4000> [P=CoreSimulatorBridge (pid 13156)] identifier:[com.DefaultCompany.NeonDrift/Invalid/[system-defined]] uuid:0B7B88F5-E89C-44FD-BAA8-6642D0603962 intent:IXCoordinatorIntentUpdating creator/appDRI:InstallCoordination Simple SPI importance:UserWaiting state:IXAppCoordinationStatePlaceholderPromiseNotSet promise-state:01234>: Disposing of completion from CoreSimulatorBridge (13156), QOS_CLASS_DEFAULT (0x15)
2026-06-26 21:25:13.361 Df installcoordinationd[26512:84d60e] [com.apple.installcoordination:daemon] -[IXSCoordinatedAppInstall setPriorityBoostCompletion:withSourceInfo:]: <IXSCoordinatedAppInstall<0x1055e4000> [P=CoreSimulatorBridge (pid 13156)] identifier:[com.DefaultCompany.NeonDrift/Invalid/[system-defined]] uuid:0B7B88F5-E89C-44FD-BAA8-6642D0603962 intent:IXCoordinatorIntentUpdating creator/appDRI:InstallCoordination Simple SPI importance:UserWaiting state:IXAppCoordinationStatePlaceholderPromiseNotSet promise-state:01234>: Retaining completion from CoreSimulatorBridge (13156), QOS_CLASS_DEFAULT (0x15)
2026-06-26 21:25:13.361 Df CoreSimulatorBridge[13156:84e0f8] [com.apple.installcoordination:framework] -[IXAppInstallCoordinator _clientDelegate_didRegisterForObservation]: <IXUpdatingAppInstallCoordinator<0x103458800> identity:[com.DefaultCompany.NeonDrift/Invalid/[system-defined]] uuid:0B7B88F5-E89C-44FD-BAA8-6642D0603962 creator:InstallCoordination Simple SPI>: Got observer registration delegate
2026-06-26 21:25:13.361 Df CoreSimulatorBridge[13156:84e0f8] [com.apple.installcoordination:framework] -[IXAppInstallCoordinator _clientDelegate_shouldResume]: <IXUpdatingAppInstallCoordinator<0x103458800> identity:[com.DefaultCompany.NeonDrift/Invalid/[system-defined]] uuid:0B7B88F5-E89C-44FD-BAA8-6642D0603962 creator:InstallCoordination Simple SPI>: Got should resume delegate
2026-06-26 21:25:13.361 Df CoreSimulatorBridge[13156:84e0f9] [com.apple.installcoordination:framework] -[IXAppInstallCoordinator _clientDelegate_didRegisterForObservation]_block_invoke: <IXUpdatingAppInstallCoordinator<0x103458800> identity:[com.DefaultCompany.NeonDrift/Invalid/[system-defined]] uuid:0B7B88F5-E89C-44FD-BAA8-6642D0603962 creator:InstallCoordination Simple SPI>: Observer <_IXSimpleInstallerDelegate 0x0x101b1b240> does not respond to coordinatorDidRegisterForObservation:
2026-06-26 21:25:13.361 Df CoreSimulatorBridge[13156:84e0f9] [com.apple.installcoordination:framework] -[IXAppInstallCoordinator _clientDelegate_shouldResume]_block_invoke: <IXUpdatingAppInstallCoordinator<0x103458800> identity:[com.DefaultCompany.NeonDrift/Invalid/[system-defined]] uuid:0B7B88F5-E89C-44FD-BAA8-6642D0603962 creator:InstallCoordination Simple SPI>: Observer <_IXSimpleInstallerDelegate 0x0x101b1b240> does not respond to coordinatorShouldResume:
2026-06-26 21:25:13.362 Df installcoordinationd[26512:84d60e] [com.apple.installcoordination:daemon] -[IXSCoordinatedAppInstall _internal_setInstallOptionsPromise:performExternalActions:]: <IXSCoordinatedAppInstall<0x1055e4000> [P=CoreSimulatorBridge (pid 13156)] identifier:[com.DefaultCompany.NeonDrift/Invalid/[system-defined]] uuid:0B7B88F5-E89C-44FD-BAA8-6642D0603962 intent:IXCoordinatorIntentUpdating creator/appDRI:InstallCoordination Simple SPI importance:UserWaiting state:IXAppCoordinationStatePlaceholderPromiseNotSet promise-state:012I4> : install options set: <IXSPromisedInMemoryData(0x1054de100) Name:MIInstallOptions data Creator:Install Coordination Internal UUID:AF44E56A-518D-48C0-AF55-74B20B17F336 Location:[system-defined]>
2026-06-26 21:25:13.362 Df installcoordinationd[26512:84e0f7] [com.apple.installcoordination:daemon] -[IXSCoordinatedAppInstall promiseDidComplete:]: <IXSCoordinatedAppInstall<0x1055e4000> [P=CoreSimulatorBridge (pid 13156)] identifier:[com.DefaultCompany.NeonDrift/Invalid/[system-defined]] uuid:0B7B88F5-E89C-44FD-BAA8-6642D0603962 intent:IXCoordinatorIntentUpdating creator/appDRI:InstallCoordination Simple SPI importance:UserWaiting state:IXAppCoordinationStatePlaceholderPromiseNotSet promise-state:012I4> : Promise completed: <IXSPromisedInMemoryData(0x1054de100) Name:MIInstallOptions data Creator:Install Coordination Internal UUID:AF44E56A-518D-48C0-AF55-74B20B17F336 Location:[system-defined]>
2026-06-26 21:25:13.363 Df installcoordinationd[26512:84e0f7] [com.apple.appinstallation:TransactionLog] com.DefaultCompany.NeonDrift/Unknown Persona:4:13:1:1:Install Options Promise began. Coordinator State: IXAppCoordinationStatePlaceholderPromiseNotSet
2026-06-26 21:25:13.363 Df installcoordinationd[26512:84e0f7] [com.apple.appinstallation:TransactionLog] com.DefaultCompany.NeonDrift/Unknown Persona:4:13:2:1:Install Options Promise completed. Coordinator State: IXAppCoordinationStatePlaceholderPromiseNotSet
2026-06-26 21:25:13.363 Df installcoordinationd[26512:84e0f7] [com.apple.installcoordination:daemon] -[IXSCoordinatedAppInstall _internal_setAppAssetPromise:performExternalActions:]: <IXSCoordinatedAppInstall<0x1055e4000> [P=CoreSimulatorBridge (pid 13156)] identifier:[com.DefaultCompany.NeonDrift/Invalid/[system-defined]] uuid:0B7B88F5-E89C-44FD-BAA8-6642D0603962 intent:IXCoordinatorIntentUpdating creator/appDRI:InstallCoordination Simple SPI importance:UserWaiting state:IXAppCoordinationStatePlaceholderPromiseNotSet promise-state:0a2I4> : App Asset Promise set: <IXSPromisedTransferToPath(0x1054dd380) Name:App Asset: com.DefaultCompany.NeonDrift Creator:InstallCoordination Simple SPI UUID:71D25DBC-41CD-47C0-85FD-63A240B258B5 Location:[system-defined]>
2026-06-26 21:25:13.363 Df installcoordinationd[26512:84e0f7] [com.apple.installcoordination:daemon] -[IXSCoordinatedAppInstall setInitialODRAssetPromises:]: <IXSCoordinatedAppInstall<0x1055e4000> [P=CoreSimulatorBridge (pid 13156)] identifier:[com.DefaultCompany.NeonDrift/Invalid/[system-defined]] uuid:0B7B88F5-E89C-44FD-BAA8-6642D0603962 intent:IXCoordinatorIntentUpdating creator/appDRI:InstallCoordination Simple SPI importance:UserWaiting state:IXAppCoordinationStatePlaceholderPromiseNotSet promise-state:0a2I4> : Initial ODR Asset Promises set: (
)
2026-06-26 21:25:13.364 Df CoreSimulatorBridge[13156:7cead4] [com.apple.installcoordination:framework] -[IXPromisedTransferToPath _performDeltaCopyFrom:toDestination:]: Performing delta copy from /Users/dragonkao/.openclaw/workspace/382b9e3384298039b171c9b2a60ae644/NeonDrift_MVP/project/xcode_derived_data/Build/Products/Release-iphonesimulator/NeonDrift.app to /Users/dragonkao/Library/Developer/CoreSimulator/Devices/115FDF0C-5A2F-4686-909B-7F43F1450A28/data/Containers/Shared/SystemGroup/systemgroup.com.apple.installcoordinationd/Library/InstallCoordination/PromiseStaging/71D25DBC-41CD-47C0-85FD-63A240B258B5/NeonDrift.app with installed bundle at /Users/dragonkao/Library/Developer/CoreSimulator/Devices/115FDF0C-5A2F-4686-909B-7F43F1450A28/data/Containers/Bundle/Application/2ED70793-515E-4F87-85F5-315BF16B8AA8/NeonDrift.app
2026-06-26 21:25:13.365 Df CoreSimulatorBridge[13156:7cead4] (MobileSystemServices) 0x16f733000 MDMCreateDeltaDirectory: calling MDMDirectoryDiff with:
state->old_bundle: /Users/dragonkao/Library/Developer/CoreSimulator/Devices/115FDF0C-5A2F-4686-909B-7F43F1450A28/data/Containers/Bundle/Application/2ED70793-515E-4F87-85F5-315BF16B8AA8/NeonDrift.app
state->new_bundle: /Users/dragonkao/.openclaw/workspace/382b9e3384298039b171c9b2a60ae644/NeonDrift_MVP/project/xcode_derived_data/Build/Products/Release-iphonesimulator/NeonDrift.app
state->dst_bundle: /Users/dragonkao/Library/Developer/CoreSimulator/Devices/115FDF0C-5A2F-4686-909B-7F43F1450A28/data/Containers/Shared/SystemGroup/systemgroup.com.apple.installcoordinationd/Library/InstallCoordination/PromiseStaging/71D25DBC-41CD-47C0-85FD-63A240B258B5/NeonDrift.app/Payload//NeonDrift.app, binaryDiff flag: FALSE
	dst_ipa: /Users/dragonkao/Library/Developer/CoreSimulator/Devices/115FDF0C-5A2F-4686-909B-7F43F1450A28/data/Containers/Shared/SystemGroup/systemgroup.com.apple.installcoordinationd/Library/InstallCoordination/PromiseStaging/71D25<…>
2026-06-26 21:25:13.366 Df CoreSimulatorBridge[13156:7cead4] [com.apple.installcoordination:framework] -[IXPromisedTransferToPath setComplete:]: <IXPromisedTransferToPath<0x103458340> name:"App Asset: com.DefaultCompany.NeonDrift" uuid:71D25DBC-41CD-47C0-85FD-63A240B258B5 creator:"InstallCoordination Simple SPI" location:[system-defined]> Delta Copy operation from /Users/dragonkao/.openclaw/workspace/382b9e3384298039b171c9b2a60ae644/NeonDrift_MVP/project/xcode_derived_data/Build/Products/Release-iphonesimulator/NeonDrift.app to /Users/dragonkao/Library/Developer/CoreSimulator/Devices/115FDF0C-5A2F-4686-909B-7F43F1450A28/data/Containers/Shared/SystemGroup/systemgroup.com.apple.installcoordinationd/Library/InstallCoordination/PromiseStaging/71D25DBC-41CD-47C0-85FD-63A240B258B5/NeonDrift.app took 0.002380 seconds
2026-06-26 21:25:13.367 Df installcoordinationd[26512:84e0f7] [com.apple.installcoordination:daemon] -[IXSDataPromise _setPercentComplete:saveStateIfNeeded:]: Progress: <IXSPromisedTransferToPath(0x1054dd380) Name:App Asset: com.DefaultCompany.NeonDrift Creator:InstallCoordination Simple SPI UUID:71D25DBC-41CD-47C0-85FD-63A240B258B5 Location:[system-defined]>
2026-06-26 21:25:13.367 Df installcoordinationd[26512:84e0fa] [com.apple.appinstallation:TransactionLog] com.DefaultCompany.NeonDrift/Unknown Persona:4:10:1:1:App Asset Promise began. Coordinator State: IXAppCoordinationStatePlaceholderPromiseNotSet
2026-06-26 21:25:13.367 Df CoreSimulatorBridge[13156:84e0f8] [com.apple.installcoordination:framework] -[IXAppInstallCoordinator _clientDelegate_promiseDidBeginFulfillmentWithIdentifier:]: <IXUpdatingAppInstallCoordinator<0x103458800> identity:[com.DefaultCompany.NeonDrift/Invalid/[system-defined]] uuid:0B7B88F5-E89C-44FD-BAA8-6642D0603962 creator:InstallCoordination Simple SPI>: Got promise did begin fulfillment for identifier 2
2026-06-26 21:25:13.367 Df CoreSimulatorBridge[13156:84e0f8] [com.apple.installcoordination:framework] -[IXAppInstallCoordinator _clientDelegate_promiseDidBeginFulfillmentWithIdentifier:]_block_invoke: <IXUpdatingAppInstallCoordinator<0x103458800> identity:[com.DefaultCompany.NeonDrift/Invalid/[system-defined]] uuid:0B7B88F5-E89C-44FD-BAA8-6642D0603962 creator:InstallCoordination Simple SPI>: Observer <_IXSimpleInstallerDelegate 0x0x101b1b240> does not respond to coordinator:configuredPromiseDidBeginFulfillment: (or any deprecated equivalent)
2026-06-26 21:25:13.367 Df installcoordinationd[26512:84d60e] [com.apple.installcoordination:daemon] -[IXSCoordinatedAppInstall promiseDidComplete:]: <IXSCoordinatedAppInstall<0x1055e4000> [P=CoreSimulatorBridge (pid 13156)] identifier:[com.DefaultCompany.NeonDrift/Invalid/[system-defined]] uuid:0B7B88F5-E89C-44FD-BAA8-6642D0603962 intent:IXCoordinatorIntentUpdating creator/appDRI:InstallCoordination Simple SPI importance:UserWaiting state:IXAppCoordinationStatePlaceholderPromiseNotSet promise-state:0A2I4> : Promise completed: <IXSPromisedTransferToPath(0x1054dd380) Name:App Asset: com.DefaultCompany.NeonDrift Creator:InstallCoordination Simple SPI UUID:71D25DBC-41CD-47C0-85FD-63A240B258B5 Location:[system-defined]>
2026-06-26 21:25:13.367 Df installcoordinationd[26512:84e0fe] [com.apple.appinstallation:TransactionLog] com.DefaultCompany.NeonDrift/Unknown Persona:4:10:2:1:App Asset Promise completed. Coordinator State: IXAppCoordinationStatePlaceholderPromiseNotSet
2026-06-26 21:25:13.367 Df CoreSimulatorBridge[13156:84e0f9] [com.apple.installcoordination:framework] -[IXAppInstallCoordinator _clientDelegate_didUpdateProgress:forPhase:overallProgress:]: <IXUpdatingAppInstallCoordinator<0x103458800> identity:[com.DefaultCompany.NeonDrift/Invalid/[system-defined]] uuid:0B7B88F5-E89C-44FD-BAA8-6642D0603962 creator:InstallCoordination Simple SPI>: Got did update progress delegate with percentComplete 100.000000 phase IXCoordinatorProgressPhaseLoading overallProgress 60.000000
2026-06-26 21:25:13.367 Df CoreSimulatorBridge[13156:84e0f8] [com.apple.installcoordination:framework] -[IXAppInstallCoordinator _clientDelegate_didUpdateProgress:forPhase:overallProgress:]_block_invoke: <IXUpdatingAppInstallCoordinator<0x103458800> identity:[com.DefaultCompany.NeonDrift/Invalid/[system-defined]] uuid:0B7B88F5-E89C-44FD-BAA8-6642D0603962 creator:InstallCoordination Simple SPI>: Calling selector coordinator:didUpdateProgress:forPhase:overallProgress: on observer <_IXSimpleInstallerDelegate 0x0x101b1b240>
2026-06-26 21:25:13.367 Df installcoordinationd[26512:84e0f7] [com.apple.installcoordination:daemon] -[IXSCoordinatedAppInstall setPlaceholderPromise:]: <IXSCoordinatedAppInstall<0x1055e4000> [P=CoreSimulatorBridge (pid 13156)] identifier:[com.DefaultCompany.NeonDrift/Invalid/[system-defined]] uuid:0B7B88F5-E89C-44FD-BAA8-6642D0603962 intent:IXCoordinatorIntentUpdating creator/appDRI:InstallCoordination Simple SPI importance:UserWaiting state:IXAppCoordinationStateReadyForPlaceholderInstall promise-state:PA2I4> : Placeholder Promise set: <IXSPlaceholder(0x105510500) Name:App Placeholder: NeonDrift (com.DefaultCompany.NeonDrift) Creator:InstallCoordination Simple SPI UUID:19DF2975-88B2-47FA-886B-C160295A0C5A Location:[system-defined]>
2026-06-26 21:25:13.367 Df installcoordinationd[26512:84e0fa] [com.apple.installcoordination:daemon] -[IXSCoordinatedAppInstall promiseDidComplete:]: <IXSCoordinatedAppInstall<0x1055e4000> [P=CoreSimulatorBridge (pid 13156)] identifier:[com.DefaultCompany.NeonDrift/Invalid/[system-defined]] uuid:0B7B88F5-E89C-44FD-BAA8-6642D0603962 intent:IXCoordinatorIntentUpdating creator/appDRI:InstallCoordination Simple SPI importance:UserWaiting state:IXAppCoordinationStateReadyForPlaceholderInstall promise-state:PA2I4> : Promise completed: <IXSPlaceholder(0x105510500) Name:App Placeholder: NeonDrift (com.DefaultCompany.NeonDrift) Creator:InstallCoordination Simple SPI UUID:19DF2975-88B2-47FA-886B-C160295A0C5A Location:[system-defined]>
2026-06-26 21:25:13.368 Df installcoordinationd[26512:84e0f7] [com.apple.installcoordination:daemon] -[IXSCoordinatedAppInstall _onQueue_acquireAssertionAndInstallPlaceholder]: Acquiring termination assertion to install placeholder for [com.DefaultCompany.NeonDrift/Invalid/[system-defined]]
2026-06-26 21:25:13.368 Df installcoordinationd[26512:84e0f7] [com.apple.installcoordination:daemon] -[IXSPendingOperationsTracker beginPendingOperationForIdentity:]_block_invoke: Beginning pending operation for [com.DefaultCompany.NeonDrift/Invalid/[system-defined]]
2026-06-26 21:25:13.368 Df installcoordinationd[26512:84e0fa] [com.apple.runningboard:process] Hit the server for a process handle 1d14c4ef000026ce that resolved to: [app<com.DefaultCompany.NeonDrift((null))>:9934]
2026-06-26 21:25:13.368 Df runningboardd[13128:848b75] [com.apple.runningboard:connection] Received termination request from [osservice<com.apple.installcoordinationd>:26512] on <RBSProcessPredicate <RBSProcessBundleIdentifierPredicate "com.DefaultCompany.NeonDrift">> with context <RBSTerminateContext| explanation:installcoordinationd app:[com.DefaultCompany.NeonDrift/Invalid/[system-defined]] uuid:0B7B88F5-E89C-44FD-BAA8-6642D0603962 isPlaceholder:Y reportType:None maxTerminationResistance:Absolute attrs:[
	<RBSPreventLaunchLimitation| <RBSProcessPredicate <RBSProcessBundleIdentifierPredicate "com.DefaultCompany.NeonDrift">> allow:(null)>
	]>
2026-06-26 21:25:13.368 Df installcoordinationd[26512:84e0fa] [com.apple.runningboard:monitor] Received state update for 9934 (app<com.DefaultCompany.NeonDrift((null))>, running-active-NotVisible
2026-06-26 21:25:13.369 Df runningboardd[13128:84d656] [com.apple.runningboard:general] Found 0 extensions contained in com.DefaultCompany.NeonDrift
2026-06-26 21:25:13.369 Df runningboardd[13128:84d656] [com.apple.PlugInKit:holds] <PKManager:0x104c602a0> hold request for [/Users/dragonkao/Library/Developer/CoreSimulator/Devices/115FDF0C-5A2F-4686-909B-7F43F1450A28/data/Containers/Bundle/Application/2ED70793-515E-4F87-85F5-315BF16B8AA8/NeonDrift.app] with flags: 0x4
2026-06-26 21:25:13.370 Df NeonDrift[9934:84d749] [com.apple.PlugInKit:discovery] Annotations changed, re-performing query for continuous discovery, report block = <0x118cff270>.
2026-06-26 21:25:13.370 Df runningboardd[13128:84d656] [com.apple.PlugInKit:holds] <PKManager:0x104c602a0> hold request for [/Users/dragonkao/Library/Developer/CoreSimulator/Devices/115FDF0C-5A2F-4686-909B-7F43F1450A28/data/Containers/Bundle/Application/2ED70793-515E-4F87-85F5-315BF16B8AA8/NeonDrift.app] with flags: 0x4 completed with hold token: [FAD6AB53-FD79-4AD8-B0C4-C956D5430FA9]
2026-06-26 21:25:13.370 Df NeonDrift[9934:84d767] [com.apple.PlugInKit:discovery] Annotations changed, re-performing query for continuous discovery, report block = <0x118cff6c0>.
2026-06-26 21:25:13.370 Df NeonDrift[9934:84d76a] [com.apple.PlugInKit:discovery] Annotations changed, re-performing query for continuous discovery, report block = <0x118cff1b0>.
2026-06-26 21:25:13.370 Df runningboardd[13128:84d656] [com.apple.runningboard:ttl] Acquiring assertion targeting system from originator [osservice<com.apple.installcoordinationd>:26512] with description <RBSAssertionDescriptor| "installcoordinationd app:[com.DefaultCompany.NeonDrift/Invalid/[system-defined]] uuid:0B7B88F5-E89C-44FD-BAA8-6642D0603962 isPlaceholder:Y" ID:13128-26512-8074 target:system attributes:[
	<RBSPreventLaunchLimitation| <RBSProcessPredicate <RBSProcessBundleIdentifierPredicate "com.DefaultCompany.NeonDrift">> allow:(null)>
	]>
2026-06-26 21:25:13.370 Df NeonDrift[9934:84d749] [com.apple.PlugInKit:discovery] [d B31DFD57-3E47-4952-A19A-4925E072BE5E] <PKHost:0x118d18340> Beginning discovery for flags: 0, point: com.apple.AudioUnit-UI
2026-06-26 21:25:13.370 Df NeonDrift[9934:84d76a] [com.apple.PlugInKit:discovery] [d F295424A-D612-4956-B1E4-392FD028666E] <PKHost:0x118d18340> Beginning discovery for flags: 0, point: com.apple.AudioUnit
2026-06-26 21:25:13.370 Df runningboardd[13128:84d656] [com.apple.runningboard:process] Executing termination request for: <RBSProcessPredicate <RBSProcessBundleIdentifierPredicate "com.DefaultCompany.NeonDrift">>
2026-06-26 21:25:13.370 Df runningboardd[13128:84d656] [com.apple.runningboard:process] [app<com.DefaultCompany.NeonDrift((null))>:9934] Terminating with context: <RBSTerminateContext| explanation:installcoordinationd app:[com.DefaultCompany.NeonDrift/Invalid/[system-defined]] uuid:0B7B88F5-E89C-44FD-BAA8-6642D0603962 isPlaceholder:Y reportType:None maxTerminationResistance:Absolute attrs:[
	<RBSPreventLaunchLimitation| <RBSProcessPredicate <RBSProcessBundleIdentifierPredicate "com.DefaultCompany.NeonDrift">> allow:(null)>
	]>
2026-06-26 21:25:13.370 Df NeonDrift[9934:84d767] [com.apple.PlugInKit:discovery] [d 38DBA3B3-B48E-49F8-96CA-46591301AE9F] <PKHost:0x118d18340> Beginning discovery for flags: 0, point: com.apple.AudioUnit-Speech
2026-06-26 21:25:13.370 Df runningboardd[13128:84d656] [com.apple.runningboard:process] [app<com.DefaultCompany.NeonDrift((null))>:9934] terminate_with_reason() success
2026-06-26 21:25:13.370 Df SpringBoard[13125:4bdd22] [com.apple.SpringBoard:Common] termination assertion acquired for com.DefaultCompany.NeonDrift
2026-06-26 21:25:13.370 Df SpringBoard[13125:4bdd22] [com.apple.SpringBoard:Icon] 0x11fa327c0-SBApplicationIcon Data source did change: <SBApplication: 0x122c30500; com.DefaultCompany.NeonDrift> {
    processState = <SBApplicationProcessState: 0x121f542e0; pid: 9934; taskState: Running; visibility: Foreground>;
} (SBApplication)
2026-06-26 21:25:13.370 Df backboardd[13147:84e10f] [com.apple.iohid:default] Connection removed: IOHIDEventSystemConnection uuid:B2272427-0CC1-4018-AD24-694E9D84252E pid:9934 process:NeonDrift type:Passive entitlements:0x0 caller:BackBoardServices: ___getHIDEventSystemClient_block_invoke + 296 attributes:{
    HighFrequency = 0;
    bundleID = "com.DefaultCompany.NeonDrift";
    pid = 9934;
} state:0x1 events:0 mask:0x0 dropped:0 dropStatus:0 droppedMask:0x0 lastDroppedTime:NONE
2026-06-26 21:25:13.370 Df backboardd[13147:84e110] [com.apple.iohid:default] Connection removed: IOHIDEventSystemConnection uuid:9EC48875-5BDA-4AD1-B4FD-09477521DCB3 pid:9934 process:NeonDrift type:Monitor entitlements:0x0 caller:GameControllerFoundation: -[GCHIDEventSystemClient initWithQueue:type:attributes:functions:] + 116 attributes:(null) state:0x1 events:0 mask:0x0 dropped:0 dropStatus:0 droppedMask:0x0 lastDroppedTime:NONE
2026-06-26 21:25:13.370 Df backboardd[13147:84e10f] [com.apple.BackBoard:HID] Removing client connection <BKHIDClientConnection: 0x1129f0300; IOHIDEventSystemConnectionRef: 0x105eecc00; vpid: 9934(v26DA3E); taskPort: 0x29D07; bundleID: com.DefaultCompany.NeonDrift> for client: IOHIDEventSystemConnection uuid:B2272427-0CC1-4018-AD24-694E9D84252E pid:9934 process:NeonDrift type:Passive entitlements:0x0 caller:BackBoardServices: ___getHIDEventSystemClient_block_invoke + 296 attributes:{
    HighFrequency = 0;
    bundleID = "com.DefaultCompany.NeonDrift";
    pid = 9934;
} state:0x1 events:0 mask:0x0 dropped:0 dropStatus:0 droppedMask:0x0 lastDroppedTime:NONE source:HID
2026-06-26 21:25:13.370 Df SpringBoard[13125:84d64f] [com.apple.FrontBoard:ProcessWorkspace] [app<com.DefaultCompany.NeonDrift>:9934] Workspace connection invalidated.
2026-06-26 21:25:13.370 Df SpringBoard[13125:84d6fc] [com.apple.KeyboardArbiter:Handle] com.DefaultCompany.NeonDrift(9934) lostConnection (invalidation)
2026-06-26 21:25:13.371 Df SpringBoard[13125:84d64f] [com.apple.FrontBoard:Process] [app<com.DefaultCompany.NeonDrift>:9934] Now flagged as pending exit for reason: workspace client connection invalidated
2026-06-26 21:25:13.371 Df installcoordinationd[26512:84e0f7] [com.apple.runningboard:assertion] Setting up death monitor for [app<com.DefaultCompany.NeonDrift((null))>:9934]
2026-06-26 21:25:13.371 Df installcoordinationd[26512:84e0f7] [com.apple.runningboard:process] Starting death monitoring for handle [app<com.DefaultCompany.NeonDrift((null))>:9934]
2026-06-26 21:25:13.371 Df runningboardd[13128:84d656] [com.apple.runningboard:process] XPC connection invalidated: [app<com.DefaultCompany.NeonDrift((null))>:9934]
2026-06-26 21:25:13.372 Df backboardd[13147:84dd5c] [com.apple.BackBoard:EventDelivery] chain did update (setDeferringRules) <keyboardFocus; display: null> containsEndOfChain: YES; [
    <token: com.apple.frontboard.systemappservices/FBSceneManager:com.apple.springboard; pid: 13125>,
    <token: com.apple.frontboard.systemappservices/FBSceneManager:sceneID%3Acom.DefaultCompany.NeonDrift-default; pid: 9934>
]
2026-06-26 21:25:13.372 Df installcoordinationd[26512:84e0f7] [com.apple.appinstallation:TransactionLog] com.DefaultCompany.NeonDrift/Unknown Persona:4:9:1:1:Placeholder Promise began. Coordinator State: IXAppCoordinationStateWaitingForPlaceholderAssertion
2026-06-26 21:25:13.372 Df installcoordinationd[26512:84e0f7] [com.apple.installcoordination:daemon] -[IXSCoordinatorProgress setTotalUnitsCompleted:]: Progress for coordinator: [com.DefaultCompany.NeonDrift/Invalid/[system-defined]], Phase: IXCoordinatorProgressPhaseLoading, Percentage: 100.000000: Attempt to set units completed on finished progress: 100
2026-06-26 21:25:13.372 Df backboardd[13147:84dd5c] [com.apple.BackBoard:EventDelivery] chain did update (setDeferringRules) <keyboardFocus; display: builtin> containsEndOfChain: YES; [
    <token: com.apple.frontboard.systemappservices/FBSceneManager:com.apple.springboard; pid: 13125>,
    <token: com.apple.frontboard.systemappservices/FBSceneManager:sceneID%3Acom.DefaultCompany.NeonDrift-default; pid: 9934>
]
2026-06-26 21:25:13.372 Df SpringBoard[13125:84d6fc] [com.apple.KeyboardArbiter:Handle] RX com.DefaultCompany.NeonDrift(9934) setWindowContextID:0 windowState:Disabled level:0.0
    focusContext:(null)
2026-06-26 21:25:13.372 Df installcoordinationd[26512:84e0f7] [com.apple.appinstallation:TransactionLog] com.DefaultCompany.NeonDrift/Unknown Persona:4:9:2:1:Placeholder Promise completed. Coordinator State: IXAppCoordinationStateWaitingForPlaceholderAssertion
2026-06-26 21:25:13.372 Df CoreSimulatorBridge[13156:84e0f9] [com.apple.installcoordination:framework] -[IXAppInstallCoordinator _clientDelegate_promiseDidBeginFulfillmentWithIdentifier:]: <IXUpdatingAppInstallCoordinator<0x103458800> identity:[com.DefaultCompany.NeonDrift/Invalid/[system-defined]] uuid:0B7B88F5-E89C-44FD-BAA8-6642D0603962 creator:InstallCoordination Simple SPI>: Got promise did begin fulfillment for identifier 1
2026-06-26 21:25:13.372 Df CoreSimulatorBridge[13156:7cead4] [com.apple.installcoordination:framework] -[IXAppInstallCoordinator _clientDelegate_promiseDidBeginFulfillmentWithIdentifier:]_block_invoke: <IXUpdatingAppInstallCoordinator<0x103458800> identity:[com.DefaultCompany.NeonDrift/Invalid/[system-defined]] uuid:0B7B88F5-E89C-44FD-BAA8-6642D0603962 creator:InstallCoordination Simple SPI>: Observer <_IXSimpleInstallerDelegate 0x0x101b1b240> does not respond to coordinator:configuredPromiseDidBeginFulfillment: (or any deprecated equivalent)
2026-06-26 21:25:13.372 Df SpringBoard[13125:4bdd22] [com.apple.SpringBoard:KeyboardFocus] [coordinator] using MRU target <com.apple.frontboard.systemappservices/FBSceneManager:sceneID%3Acom.DefaultCompany.NeonDrift-default pid:9934>
2026-06-26 21:25:13.372 Df SpringBoard[13125:4bdd22] [com.apple.SpringBoard:KeyboardFocus] [coordinator] informing scene controller 'com.apple.springboard' of focusTarget: <com.apple.frontboard.systemappservices/FBSceneManager:sceneID%3Acom.DefaultCompany.NeonDrift-default pid:9934>
2026-06-26 21:25:13.372 Df SpringBoard[13125:4bdd22] [com.apple.SpringBoard:KeyboardFocus] [coordinator] keyboard arbiter suggested <nothing> and we replied <com.apple.frontboard.systemappservices/FBSceneManager:sceneID%3Acom.DefaultCompany.NeonDrift-default pid:9934>
2026-06-26 21:25:13.373 E  SpringBoard[13125:84e113] [com.apple.UIKit:KeyboardArbiter] Advisor: No handle found for currently focused PID: 9934; sceneIdentity: com.apple.frontboard.systemappservices/FBSceneManager:sceneID%3Acom.DefaultCompany.NeonDrift-default
2026-06-26 21:25:13.377 Df launchd_sim[13120:84e073] [user/501/UIKitApplication:com.DefaultCompany.NeonDrift[9a84][rb-legacy] [9934]:] exited with exit reason (namespace: 15 code: 0x0) - OS_REASON_RUNNINGBOARD | <RBSTerminateContext| explanation:installcoordinationd app:[com.DefaultCompany.NeonDrift/Invalid/[system-defined]] uuid:0B7B88F5-E89C-44FD-BAA8-6642D0603962 isPlaceholder:Y reportType:None maxTerminationResistance:Absolute attrs:[
	<RBSPreventLaunchLimitation| <RBSProcessPredicate <RBSProcessBundleIdentifierPredicate "com.DefaultCompany.NeonDrift">> allow:(null)>
	]>, ran for 20862ms
2026-06-26 21:25:13.377 Df launchd_sim[13120:84e073] [user/501:] service inactive: UIKitApplication:com.DefaultCompany.NeonDrift[9a84][rb-legacy]
2026-06-26 21:25:13.378 Df runningboardd[13128:84d656] [com.apple.runningboard:ttl] [app<com.DefaultCompany.NeonDrift((null))>:9934] termination reported by launchd (15, 0, 9)
2026-06-26 21:25:13.378 Df runningboardd[13128:84d656] [com.apple.runningboard:process] Removing process: [app<com.DefaultCompany.NeonDrift((null))>:9934]
2026-06-26 21:25:13.378 Df runningboardd[13128:84d656] [com.apple.runningboard:job] Removing launch job for: [app<com.DefaultCompany.NeonDrift((null))>:9934]
2026-06-26 21:25:13.378 Df launchd_sim[13120:84d2a6] [user/501:] removing service: UIKitApplication:com.DefaultCompany.NeonDrift[9a84][rb-legacy]
2026-06-26 21:25:13.378 Df runningboardd[13128:84d656] [com.apple.runningboard:job] Removed job for [app<com.DefaultCompany.NeonDrift((null))>:9934]
2026-06-26 21:25:13.378 Df runningboardd[13128:84d656] [com.apple.runningboard:process] Removing assertions for terminated process: [app<com.DefaultCompany.NeonDrift((null))>:9934]
2026-06-26 21:25:13.378 Df runningboardd[13128:84d656] [com.apple.runningboard:assertion] Removed last relative-start-date-defining assertion for process app<com.DefaultCompany.NeonDrift((null))>
2026-06-26 21:25:13.379 Df runningboardd[13128:848b75] [com.apple.runningboard:monitor] Calculated state for app<com.DefaultCompany.NeonDrift((null))>: none (role: None) (endowments: (null))
2026-06-26 21:25:13.379 Df runningboardd[13128:848b76] [com.apple.runningboard:process] Notifying connection [osservice<com.apple.SpringBoard>:13125] that process [app<com.DefaultCompany.NeonDrift((null))>:9934] exited with context <RBSProcessExitContext| specific, status:<RBSProcessExitStatus| domain:runningboard(15) code:0>>
2026-06-26 21:25:13.379 Df runningboardd[13128:848b76] [com.apple.runningboard:process] Notifying connection [osservice<com.apple.installcoordinationd>:26512] that process [app<com.DefaultCompany.NeonDrift((null))>:9934] exited with context <RBSProcessExitContext| specific, status:<RBSProcessExitStatus| domain:runningboard(15) code:0>>
2026-06-26 21:25:13.379 Df SpringBoard[13125:84d7e3] [com.apple.FrontBoard:ProcessWorkspace] [app<com.DefaultCompany.NeonDrift>:9934] Workspace assertion invalidated: <NSError: 0x12664a070; domain: RBSAssertionErrorDomain; code: 1; "Assertions were invalidated, count = 3.
13128-13125-8050: invalidation reason: 1
13128-13125-8049: invalidation reason: 1
13128-13125-8054: invalidation reason: 1">
2026-06-26 21:25:13.379 Df runningboardd[13128:848b76] [com.apple.runningboard:monitor] Calculated state for app<com.DefaultCompany.NeonDrift((null))>: none (role: None) (endowments: (null))
2026-06-26 21:25:13.379 Df SpringBoard[13125:84d7e3] [com.apple.runningboard:process] Calling process death completion block for handle [app<com.DefaultCompany.NeonDrift((null))>:9934]
2026-06-26 21:25:13.379 Df installcoordinationd[26512:84d60e] [com.apple.runningboard:process] Calling process death completion block for handle [app<com.DefaultCompany.NeonDrift((null))>:9934]
2026-06-26 21:25:13.379 Df installcoordinationd[26512:84d60e] [com.apple.runningboard:assertion] Death monitor triggered for [app<com.DefaultCompany.NeonDrift((null))>:9934]
2026-06-26 21:25:13.379 Df installcoordinationd[26512:84e0fe] [com.apple.runningboard:monitor] Received state update for 9934 (app<com.DefaultCompany.NeonDrift((null))>, none-NotVisible
2026-06-26 21:25:13.379 Df SpringBoard[13125:84d7e3] [com.apple.FrontBoard:Process] [app<com.DefaultCompany.NeonDrift>:9934] Process exited: <RBSProcessExitContext| specific, status:<RBSProcessExitStatus| domain:runningboard(15) code:0>>.
2026-06-26 21:25:13.379 Df installcoordinationd[26512:84d60e] [com.apple.installcoordination:daemon] -[IXSCoordinatedAppInstall assertionAcquiredCallback]: RBS termination assertion observer called for <IXSCoordinatedAppInstall<0x1055e4000> [P=CoreSimulatorBridge (pid 13156)] identifier:[com.DefaultCompany.NeonDrift/Invalid/[system-defined]] uuid:0B7B88F5-E89C-44FD-BAA8-6642D0603962 intent:IXCoordinatorIntentUpdating creator/appDRI:InstallCoordination Simple SPI importance:UserWaiting state:IXAppCoordinationStateWaitingForPlaceholderAssertion promise-state:PA2I4>
2026-06-26 21:25:13.379 Df locationd[13150:84d696] [com.apple.runningboard:monitor] Received state update for 9934 (app<com.DefaultCompany.NeonDrift((null))>, none-NotVisible
2026-06-26 21:25:13.379 Df SpringBoard[13125:84d7e3] [com.apple.FrontBoard:Process] [app<com.DefaultCompany.NeonDrift>:9934] Setting process task state to: Not Running
2026-06-26 21:25:13.379 Df locationd[13150:845dc4] [com.apple.locationd.Core:Core] {"msg":"RBS #AppMonitor process monitor update handler invoked", "pid":9934, "bundleID":com.DefaultCompany.NeonDrift, "state":1}
2026-06-26 21:25:13.379 Df callservicesd[13196:84e12b] [com.apple.runningboard:monitor] Received state update for 9934 (app<com.DefaultCompany.NeonDrift((null))>, none-NotVisible
2026-06-26 21:25:13.379 Df SpringBoard[13125:84d7e3] [com.apple.FrontBoard:Process] [app<com.DefaultCompany.NeonDrift>:9934] Setting process visibility to: Unknown
