2026-07-11 14:52:18.370 Df installcoordinationd[12371:197a0] [com.apple.installcoordination:daemon] -[IXSPlaceholder _materialize]: <IXSPlaceholder(0x146184500) Name:App Placeholder: NeonDrift (com.DefaultCompany.NeonDrift) Creator:InstallCoordination Simple SPI UUID:8A3B2FAD-AC4A-46DA-9701-54FD6E5E38C6 Location:[system-defined]>: Materializing placeholder at /Users/dragonkao/Library/Developer/CoreSimulator/Devices/CC47DE7A-8196-4465-A5A5-BB852C9C6C82/data/Containers/Shared/SystemGroup/systemgroup.com.apple.installcoordinationd/Library/InstallCoordination/PromiseStaging/8A3B2FAD-AC4A-46DA-9701-54FD6E5E38C6/NeonDrift.app
2026-07-11 14:52:18.370 Df installcoordinationd[12371:197a0] [com.apple.installcoordination:daemon] -[IXSPlaceholder _materialize]: <IXSPlaceholder(0x146184500) Name:App Placeholder: NeonDrift (com.DefaultCompany.NeonDrift) Creator:InstallCoordination Simple SPI UUID:8A3B2FAD-AC4A-46DA-9701-54FD6E5E38C6 Location:[system-defined]>: Using Info.plist icon content: {
    CFBundleIcons =     {
        CFBundlePrimaryIcon =         {
            CFBundleIconName = AppIcon;
        };
    };
    "CFBundleIcons~ipad" =     {
        CFBundlePrimaryIcon =         {
            CFBundleIconName = AppIcon;
        };
    };
    ISIconPlatform = iPhoneOS;
}
2026-07-11 14:52:18.371 Df installcoordinationd[12371:197a0] [com.apple.installcoordination:daemon] -[IXSPlaceholder _materialize]_block_invoke: <IXSPlaceholder(0x146184500) Name:App Placeholder: NeonDrift (com.DefaultCompany.NeonDrift) Creator:InstallCoordination Simple SPI UUID:8A3B2FAD-AC4A-46DA-9701-54FD6E5E38C6 Location:[system-defined]>: Using icon resource Assets.car
2026-07-11 14:52:18.371 Df installcoordinationd[12371:197a0] [com.apple.installcoordination:daemon] -[IXSPlaceholder _materialize]: <IXSPlaceholder(0x146184500) Name:App Placeholder: NeonDrift (com.DefaultCompany.NeonDrift) Creator:InstallCoordination Simple SPI UUID:8A3B2FAD-AC4A-46DA-9701-54FD6E5E38C6 Location:[system-defined]>: Including lproj localizations for (
)
2026-07-11 14:52:18.371 Df installcoordinationd[12371:1979f] [com.apple.installcoordination:daemon] -[IXSDataPromiseManager promiseDidComplete:]: Unowned promise completed: <IXSPlaceholder(0x146184500) Name:App Placeholder: NeonDrift (com.DefaultCompany.NeonDrift) Creator:InstallCoordination Simple SPI UUID:8A3B2FAD-AC4A-46DA-9701-54FD6E5E38C6 Location:[system-defined]>
2026-07-11 14:52:18.373 Df installcoordinationd[12371:197a0] [com.apple.installcoordination:daemon] -[IXSDataPromiseManager registerPromise:]: Registered promise <IXSPromisedTransferToPath(0x146159480) Name:App Asset: com.DefaultCompany.NeonDrift Creator:InstallCoordination Simple SPI UUID:45CC1180-5643-4B0C-BD43-B2491FF636F9 Location:[system-defined]> for UUID 45CC1180-5643-4B0C-BD43-B2491FF636F9
2026-07-11 14:52:18.379 Df installcoordinationd[12371:1979f] [com.apple.installcoordination:daemon] -[IXSCoordinatorManager coordinatorForIdentity:connection:error:creatingIfNotExisting:]_block_invoke: Registered coordinator: <IXSCoordinatedAppInstall<0x146244000> [P=CoreSimulatorBridge (pid 12254)] identifier:[com.DefaultCompany.NeonDrift/Invalid/[system-defined]] uuid:BFBC1034-5B2F-4340-8F25-1BFD66BBF547 intent:IXCoordinatorIntentUpdating creator/appDRI:InstallCoordination Simple SPI importance:Background state:IXAppCoordinationStatePlaceholderPromiseNotSet promise-state:01234>
2026-07-11 14:52:18.379 Df installcoordinationd[12371:1979f] [com.apple.appinstallation:TransactionLog] com.DefaultCompany.NeonDrift/Unknown Persona:4:2:1:1:Created coordinator with intent IXCoordinatorIntentUpdating for client InstallCoordination Simple SPI
2026-07-11 14:52:18.380 Df installcoordinationd[12371:1979f] [com.apple.installcoordination:daemon] -[IXSCoordinatedAppInstall setPriorityBoostCompletion:withSourceInfo:]: <IXSCoordinatedAppInstall<0x146244000> [P=CoreSimulatorBridge (pid 12254)] identifier:[com.DefaultCompany.NeonDrift/Invalid/[system-defined]] uuid:BFBC1034-5B2F-4340-8F25-1BFD66BBF547 intent:IXCoordinatorIntentUpdating creator/appDRI:InstallCoordination Simple SPI importance:Background state:IXAppCoordinationStatePlaceholderPromiseNotSet promise-state:01234>: Retaining completion from CoreSimulatorBridge (12254), QOS_CLASS_DEFAULT (0x15)
2026-07-11 14:52:18.380 Df installcoordinationd[12371:1979f] [com.apple.installcoordination:daemon] -[IXSCoordinatedAppInstall setImportance:]: <IXSCoordinatedAppInstall<0x146244000> [P=CoreSimulatorBridge (pid 12254)] identifier:[com.DefaultCompany.NeonDrift/Invalid/[system-defined]] uuid:BFBC1034-5B2F-4340-8F25-1BFD66BBF547 intent:IXCoordinatorIntentUpdating creator/appDRI:InstallCoordination Simple SPI importance:UserWaiting state:IXAppCoordinationStatePlaceholderPromiseNotSet promise-state:01234>: set importance to UserWaiting
2026-07-11 14:52:18.380 Df installcoordinationd[12371:1979f] [com.apple.installcoordination:daemon] -[IXSCoordinatedAppInstall _onQueue_fireObserversForClient:]: <IXSCoordinatedAppInstall<0x146244000> [P=CoreSimulatorBridge (pid 12254)] identifier:[com.DefaultCompany.NeonDrift/Invalid/[system-defined]] uuid:BFBC1034-5B2F-4340-8F25-1BFD66BBF547 intent:IXCoordinatorIntentUpdating creator/appDRI:InstallCoordination Simple SPI importance:UserWaiting state:IXAppCoordinationStatePlaceholderPromiseNotSet promise-state:01234>: Firing applicable observers for client <IXSClientConnection<0x1460c54a0> client:CoreSimulatorBridge (pid 12254) uuid:904384F5-8643-49E7-A083-146DFA04CAF9>
2026-07-11 14:52:18.381 Df installcoordinationd[12371:1979f] [com.apple.installcoordination:daemon] -[IXSCoordinatedAppInstall setPriorityBoostCompletion:withSourceInfo:]: <IXSCoordinatedAppInstall<0x146244000> [P=CoreSimulatorBridge (pid 12254)] identifier:[com.DefaultCompany.NeonDrift/Invalid/[system-defined]] uuid:BFBC1034-5B2F-4340-8F25-1BFD66BBF547 intent:IXCoordinatorIntentUpdating creator/appDRI:InstallCoordination Simple SPI importance:UserWaiting state:IXAppCoordinationStatePlaceholderPromiseNotSet promise-state:01234>: Disposing of completion from CoreSimulatorBridge (12254), QOS_CLASS_DEFAULT (0x15)
2026-07-11 14:52:18.381 Df installcoordinationd[12371:1979f] [com.apple.installcoordination:daemon] -[IXSCoordinatedAppInstall setPriorityBoostCompletion:withSourceInfo:]: <IXSCoordinatedAppInstall<0x146244000> [P=CoreSimulatorBridge (pid 12254)] identifier:[com.DefaultCompany.NeonDrift/Invalid/[system-defined]] uuid:BFBC1034-5B2F-4340-8F25-1BFD66BBF547 intent:IXCoordinatorIntentUpdating creator/appDRI:InstallCoordination Simple SPI importance:UserWaiting state:IXAppCoordinationStatePlaceholderPromiseNotSet promise-state:01234>: Retaining completion from CoreSimulatorBridge (12254), QOS_CLASS_DEFAULT (0x15)
2026-07-11 14:52:18.381 Df CoreSimulatorBridge[12254:18ded] [com.apple.installcoordination:framework] -[IXAppInstallCoordinator _clientDelegate_didRegisterForObservation]: <IXUpdatingAppInstallCoordinator<0x1598fca00> identity:[com.DefaultCompany.NeonDrift/Invalid/[system-defined]] uuid:BFBC1034-5B2F-4340-8F25-1BFD66BBF547 creator:InstallCoordination Simple SPI>: Got observer registration delegate
2026-07-11 14:52:18.381 Df CoreSimulatorBridge[12254:18ded] [com.apple.installcoordination:framework] -[IXAppInstallCoordinator _clientDelegate_shouldResume]: <IXUpdatingAppInstallCoordinator<0x1598fca00> identity:[com.DefaultCompany.NeonDrift/Invalid/[system-defined]] uuid:BFBC1034-5B2F-4340-8F25-1BFD66BBF547 creator:InstallCoordination Simple SPI>: Got should resume delegate
2026-07-11 14:52:18.381 Df CoreSimulatorBridge[12254:18fd0] [com.apple.installcoordination:framework] -[IXAppInstallCoordinator _clientDelegate_didRegisterForObservation]_block_invoke: <IXUpdatingAppInstallCoordinator<0x1598fca00> identity:[com.DefaultCompany.NeonDrift/Invalid/[system-defined]] uuid:BFBC1034-5B2F-4340-8F25-1BFD66BBF547 creator:InstallCoordination Simple SPI>: Observer <_IXSimpleInstallerDelegate 0x0x1598ccc00> does not respond to coordinatorDidRegisterForObservation:
2026-07-11 14:52:18.381 Df CoreSimulatorBridge[12254:18fd0] [com.apple.installcoordination:framework] -[IXAppInstallCoordinator _clientDelegate_shouldResume]_block_invoke: <IXUpdatingAppInstallCoordinator<0x1598fca00> identity:[com.DefaultCompany.NeonDrift/Invalid/[system-defined]] uuid:BFBC1034-5B2F-4340-8F25-1BFD66BBF547 creator:InstallCoordination Simple SPI>: Observer <_IXSimpleInstallerDelegate 0x0x1598ccc00> does not respond to coordinatorShouldResume:
2026-07-11 14:52:18.384 Df installcoordinationd[12371:197a0] [com.apple.installcoordination:daemon] -[IXSCoordinatedAppInstall _internal_setInstallOptionsPromise:performExternalActions:]: <IXSCoordinatedAppInstall<0x146244000> [P=CoreSimulatorBridge (pid 12254)] identifier:[com.DefaultCompany.NeonDrift/Invalid/[system-defined]] uuid:BFBC1034-5B2F-4340-8F25-1BFD66BBF547 intent:IXCoordinatorIntentUpdating creator/appDRI:InstallCoordination Simple SPI importance:UserWaiting state:IXAppCoordinationStatePlaceholderPromiseNotSet promise-state:012I4> : install options set: <IXSPromisedInMemoryData(0x146159880) Name:MIInstallOptions data Creator:Install Coordination Internal UUID:D3F58B9B-966A-453F-AF93-B4159FE1BCA2 Location:[system-defined]>
2026-07-11 14:52:18.384 Df installcoordinationd[12371:1979f] [com.apple.installcoordination:daemon] -[IXSCoordinatedAppInstall promiseDidComplete:]: <IXSCoordinatedAppInstall<0x146244000> [P=CoreSimulatorBridge (pid 12254)] identifier:[com.DefaultCompany.NeonDrift/Invalid/[system-defined]] uuid:BFBC1034-5B2F-4340-8F25-1BFD66BBF547 intent:IXCoordinatorIntentUpdating creator/appDRI:InstallCoordination Simple SPI importance:UserWaiting state:IXAppCoordinationStatePlaceholderPromiseNotSet promise-state:012I4> : Promise completed: <IXSPromisedInMemoryData(0x146159880) Name:MIInstallOptions data Creator:Install Coordination Internal UUID:D3F58B9B-966A-453F-AF93-B4159FE1BCA2 Location:[system-defined]>
2026-07-11 14:52:18.385 Df installcoordinationd[12371:1979f] [com.apple.appinstallation:TransactionLog] com.DefaultCompany.NeonDrift/Unknown Persona:4:13:1:1:Install Options Promise began. Coordinator State: IXAppCoordinationStatePlaceholderPromiseNotSet
2026-07-11 14:52:18.385 Df installcoordinationd[12371:1979f] [com.apple.appinstallation:TransactionLog] com.DefaultCompany.NeonDrift/Unknown Persona:4:13:2:1:Install Options Promise completed. Coordinator State: IXAppCoordinationStatePlaceholderPromiseNotSet
2026-07-11 14:52:18.385 Df installcoordinationd[12371:1979f] [com.apple.installcoordination:daemon] -[IXSCoordinatedAppInstall _internal_setAppAssetPromise:performExternalActions:]: <IXSCoordinatedAppInstall<0x146244000> [P=CoreSimulatorBridge (pid 12254)] identifier:[com.DefaultCompany.NeonDrift/Invalid/[system-defined]] uuid:BFBC1034-5B2F-4340-8F25-1BFD66BBF547 intent:IXCoordinatorIntentUpdating creator/appDRI:InstallCoordination Simple SPI importance:UserWaiting state:IXAppCoordinationStatePlaceholderPromiseNotSet promise-state:0a2I4> : App Asset Promise set: <IXSPromisedTransferToPath(0x146159480) Name:App Asset: com.DefaultCompany.NeonDrift Creator:InstallCoordination Simple SPI UUID:45CC1180-5643-4B0C-BD43-B2491FF636F9 Location:[system-defined]>
2026-07-11 14:52:18.386 Df installcoordinationd[12371:1979f] [com.apple.installcoordination:daemon] -[IXSCoordinatedAppInstall setInitialODRAssetPromises:]: <IXSCoordinatedAppInstall<0x146244000> [P=CoreSimulatorBridge (pid 12254)] identifier:[com.DefaultCompany.NeonDrift/Invalid/[system-defined]] uuid:BFBC1034-5B2F-4340-8F25-1BFD66BBF547 intent:IXCoordinatorIntentUpdating creator/appDRI:InstallCoordination Simple SPI importance:UserWaiting state:IXAppCoordinationStatePlaceholderPromiseNotSet promise-state:0a2I4> : Initial ODR Asset Promises set: (
)
2026-07-11 14:52:18.387 Df CoreSimulatorBridge[12254:18e63] [com.apple.installcoordination:framework] -[IXPromisedTransferToPath _performDeltaCopyFrom:toDestination:]: Performing delta copy from /Users/dragonkao/.openclaw/workspace/382b9e3384298039b171c9b2a60ae644/NeonDrift_MVP/project/xcode_derived_data/Build/Products/Release-iphonesimulator/NeonDrift.app to /Users/dragonkao/Library/Developer/CoreSimulator/Devices/CC47DE7A-8196-4465-A5A5-BB852C9C6C82/data/Containers/Shared/SystemGroup/systemgroup.com.apple.installcoordinationd/Library/InstallCoordination/PromiseStaging/45CC1180-5643-4B0C-BD43-B2491FF636F9/NeonDrift.app with installed bundle at /Users/dragonkao/Library/Developer/CoreSimulator/Devices/CC47DE7A-8196-4465-A5A5-BB852C9C6C82/data/Containers/Bundle/Application/3BD7861C-AD2B-485B-BC2D-128D120592E2/NeonDrift.app
2026-07-11 14:52:18.388 Df CoreSimulatorBridge[12254:18e63] (MobileSystemServices) 0x16d22f000 MDMCreateDeltaDirectory: calling MDMDirectoryDiff with:
state->old_bundle: /Users/dragonkao/Library/Developer/CoreSimulator/Devices/CC47DE7A-8196-4465-A5A5-BB852C9C6C82/data/Containers/Bundle/Application/3BD7861C-AD2B-485B-BC2D-128D120592E2/NeonDrift.app
state->new_bundle: /Users/dragonkao/.openclaw/workspace/382b9e3384298039b171c9b2a60ae644/NeonDrift_MVP/project/xcode_derived_data/Build/Products/Release-iphonesimulator/NeonDrift.app
state->dst_bundle: /Users/dragonkao/Library/Developer/CoreSimulator/Devices/CC47DE7A-8196-4465-A5A5-BB852C9C6C82/data/Containers/Shared/SystemGroup/systemgroup.com.apple.installcoordinationd/Library/InstallCoordination/PromiseStaging/45CC1180-5643-4B0C-BD43-B2491FF636F9/NeonDrift.app/Payload//NeonDrift.app, binaryDiff flag: FALSE
	dst_ipa: /Users/dragonkao/Library/Developer/CoreSimulator/Devices/CC47DE7A-8196-4465-A5A5-BB852C9C6C82/data/Containers/Shared/SystemGroup/systemgroup.com.apple.installcoordinationd/Library/InstallCoordination/PromiseStaging/45CC1<…>
2026-07-11 14:52:18.392 Df CoreSimulatorBridge[12254:18e63] [com.apple.installcoordination:framework] -[IXPromisedTransferToPath setComplete:]: <IXPromisedTransferToPath<0x1598fcc80> name:"App Asset: com.DefaultCompany.NeonDrift" uuid:45CC1180-5643-4B0C-BD43-B2491FF636F9 creator:"InstallCoordination Simple SPI" location:[system-defined]> Delta Copy operation from /Users/dragonkao/.openclaw/workspace/382b9e3384298039b171c9b2a60ae644/NeonDrift_MVP/project/xcode_derived_data/Build/Products/Release-iphonesimulator/NeonDrift.app to /Users/dragonkao/Library/Developer/CoreSimulator/Devices/CC47DE7A-8196-4465-A5A5-BB852C9C6C82/data/Containers/Shared/SystemGroup/systemgroup.com.apple.installcoordinationd/Library/InstallCoordination/PromiseStaging/45CC1180-5643-4B0C-BD43-B2491FF636F9/NeonDrift.app took 0.004615 seconds
2026-07-11 14:52:18.392 Df installcoordinationd[12371:1979f] [com.apple.installcoordination:daemon] -[IXSDataPromise _setPercentComplete:saveStateIfNeeded:]: Progress: <IXSPromisedTransferToPath(0x146159480) Name:App Asset: com.DefaultCompany.NeonDrift Creator:InstallCoordination Simple SPI UUID:45CC1180-5643-4B0C-BD43-B2491FF636F9 Location:[system-defined]>
2026-07-11 14:52:18.393 Df installcoordinationd[12371:196e5] [com.apple.appinstallation:TransactionLog] com.DefaultCompany.NeonDrift/Unknown Persona:4:10:1:1:App Asset Promise began. Coordinator State: IXAppCoordinationStatePlaceholderPromiseNotSet
2026-07-11 14:52:18.393 Df CoreSimulatorBridge[12254:18fd0] [com.apple.installcoordination:framework] -[IXAppInstallCoordinator _clientDelegate_promiseDidBeginFulfillmentWithIdentifier:]: <IXUpdatingAppInstallCoordinator<0x1598fca00> identity:[com.DefaultCompany.NeonDrift/Invalid/[system-defined]] uuid:BFBC1034-5B2F-4340-8F25-1BFD66BBF547 creator:InstallCoordination Simple SPI>: Got promise did begin fulfillment for identifier 2
2026-07-11 14:52:18.393 Df CoreSimulatorBridge[12254:18fd0] [com.apple.installcoordination:framework] -[IXAppInstallCoordinator _clientDelegate_promiseDidBeginFulfillmentWithIdentifier:]_block_invoke: <IXUpdatingAppInstallCoordinator<0x1598fca00> identity:[com.DefaultCompany.NeonDrift/Invalid/[system-defined]] uuid:BFBC1034-5B2F-4340-8F25-1BFD66BBF547 creator:InstallCoordination Simple SPI>: Observer <_IXSimpleInstallerDelegate 0x0x1598ccc00> does not respond to coordinator:configuredPromiseDidBeginFulfillment: (or any deprecated equivalent)
2026-07-11 14:52:18.393 Df installcoordinationd[12371:196e5] [com.apple.installcoordination:daemon] -[IXSCoordinatedAppInstall promiseDidComplete:]: <IXSCoordinatedAppInstall<0x146244000> [P=CoreSimulatorBridge (pid 12254)] identifier:[com.DefaultCompany.NeonDrift/Invalid/[system-defined]] uuid:BFBC1034-5B2F-4340-8F25-1BFD66BBF547 intent:IXCoordinatorIntentUpdating creator/appDRI:InstallCoordination Simple SPI importance:UserWaiting state:IXAppCoordinationStatePlaceholderPromiseNotSet promise-state:0A2I4> : Promise completed: <IXSPromisedTransferToPath(0x146159480) Name:App Asset: com.DefaultCompany.NeonDrift Creator:InstallCoordination Simple SPI UUID:45CC1180-5643-4B0C-BD43-B2491FF636F9 Location:[system-defined]>
2026-07-11 14:52:18.393 Df installcoordinationd[12371:196e5] [com.apple.appinstallation:TransactionLog] com.DefaultCompany.NeonDrift/Unknown Persona:4:10:2:1:App Asset Promise completed. Coordinator State: IXAppCoordinationStatePlaceholderPromiseNotSet
2026-07-11 14:52:18.393 Df CoreSimulatorBridge[12254:18fd0] [com.apple.installcoordination:framework] -[IXAppInstallCoordinator _clientDelegate_didUpdateProgress:forPhase:overallProgress:]: <IXUpdatingAppInstallCoordinator<0x1598fca00> identity:[com.DefaultCompany.NeonDrift/Invalid/[system-defined]] uuid:BFBC1034-5B2F-4340-8F25-1BFD66BBF547 creator:InstallCoordination Simple SPI>: Got did update progress delegate with percentComplete 100.000000 phase IXCoordinatorProgressPhaseLoading overallProgress 60.000000
2026-07-11 14:52:18.393 Df CoreSimulatorBridge[12254:18fd0] [com.apple.installcoordination:framework] -[IXAppInstallCoordinator _clientDelegate_didUpdateProgress:forPhase:overallProgress:]_block_invoke: <IXUpdatingAppInstallCoordinator<0x1598fca00> identity:[com.DefaultCompany.NeonDrift/Invalid/[system-defined]] uuid:BFBC1034-5B2F-4340-8F25-1BFD66BBF547 creator:InstallCoordination Simple SPI>: Calling selector coordinator:didUpdateProgress:forPhase:overallProgress: on observer <_IXSimpleInstallerDelegate 0x0x1598ccc00>
2026-07-11 14:52:18.394 Df installcoordinationd[12371:1979f] [com.apple.installcoordination:daemon] -[IXSCoordinatedAppInstall setPlaceholderPromise:]: <IXSCoordinatedAppInstall<0x146244000> [P=CoreSimulatorBridge (pid 12254)] identifier:[com.DefaultCompany.NeonDrift/Invalid/[system-defined]] uuid:BFBC1034-5B2F-4340-8F25-1BFD66BBF547 intent:IXCoordinatorIntentUpdating creator/appDRI:InstallCoordination Simple SPI importance:UserWaiting state:IXAppCoordinationStateReadyForPlaceholderInstall promise-state:PA2I4> : Placeholder Promise set: <IXSPlaceholder(0x146184500) Name:App Placeholder: NeonDrift (com.DefaultCompany.NeonDrift) Creator:InstallCoordination Simple SPI UUID:8A3B2FAD-AC4A-46DA-9701-54FD6E5E38C6 Location:[system-defined]>
2026-07-11 14:52:18.394 Df installcoordinationd[12371:197ad] [com.apple.installcoordination:daemon] -[IXSCoordinatedAppInstall promiseDidComplete:]: <IXSCoordinatedAppInstall<0x146244000> [P=CoreSimulatorBridge (pid 12254)] identifier:[com.DefaultCompany.NeonDrift/Invalid/[system-defined]] uuid:BFBC1034-5B2F-4340-8F25-1BFD66BBF547 intent:IXCoordinatorIntentUpdating creator/appDRI:InstallCoordination Simple SPI importance:UserWaiting state:IXAppCoordinationStateReadyForPlaceholderInstall promise-state:PA2I4> : Promise completed: <IXSPlaceholder(0x146184500) Name:App Placeholder: NeonDrift (com.DefaultCompany.NeonDrift) Creator:InstallCoordination Simple SPI UUID:8A3B2FAD-AC4A-46DA-9701-54FD6E5E38C6 Location:[system-defined]>
2026-07-11 14:52:18.394 Df installcoordinationd[12371:1979f] [com.apple.installcoordination:daemon] -[IXSCoordinatedAppInstall _onQueue_acquireAssertionAndInstallPlaceholder]: Acquiring termination assertion to install placeholder for [com.DefaultCompany.NeonDrift/Invalid/[system-defined]]
2026-07-11 14:52:18.395 Df installcoordinationd[12371:1979f] [com.apple.installcoordination:daemon] -[IXSPendingOperationsTracker beginPendingOperationForIdentity:]_block_invoke: Beginning pending operation for [com.DefaultCompany.NeonDrift/Invalid/[system-defined]]
2026-07-11 14:52:18.397 Df runningboardd[12225:18e83] [com.apple.runningboard:connection] Received termination request from [osservice<com.apple.installcoordinationd>:12371] on <RBSProcessPredicate <RBSProcessBundleIdentifierPredicate "com.DefaultCompany.NeonDrift">> with context <RBSTerminateContext| explanation:installcoordinationd app:[com.DefaultCompany.NeonDrift/Invalid/[system-defined]] uuid:BFBC1034-5B2F-4340-8F25-1BFD66BBF547 isPlaceholder:Y reportType:None maxTerminationResistance:Absolute attrs:[
	<RBSPreventLaunchLimitation| <RBSProcessPredicate <RBSProcessBundleIdentifierPredicate "com.DefaultCompany.NeonDrift">> allow:(null)>
	]>
2026-07-11 14:52:18.397 Df runningboardd[12225:195b9] [com.apple.runningboard:general] Found 0 extensions contained in com.DefaultCompany.NeonDrift
2026-07-11 14:52:18.398 Df runningboardd[12225:195b9] [com.apple.PlugInKit:holds] <PKManager:0x150062060> hold request for [/Users/dragonkao/Library/Developer/CoreSimulator/Devices/CC47DE7A-8196-4465-A5A5-BB852C9C6C82/data/Containers/Bundle/Application/3BD7861C-AD2B-485B-BC2D-128D120592E2/NeonDrift.app] with flags: 0x4
2026-07-11 14:52:18.399 Df runningboardd[12225:195b9] [com.apple.PlugInKit:holds] <PKManager:0x150062060> hold request for [/Users/dragonkao/Library/Developer/CoreSimulator/Devices/CC47DE7A-8196-4465-A5A5-BB852C9C6C82/data/Containers/Bundle/Application/3BD7861C-AD2B-485B-BC2D-128D120592E2/NeonDrift.app] with flags: 0x4 completed with hold token: [C6E407F9-7253-4496-9955-AF1E03B4F922]
2026-07-11 14:52:18.399 Df runningboardd[12225:195b9] [com.apple.runningboard:ttl] Acquiring assertion targeting system from originator [osservice<com.apple.installcoordinationd>:12371] with description <RBSAssertionDescriptor| "installcoordinationd app:[com.DefaultCompany.NeonDrift/Invalid/[system-defined]] uuid:BFBC1034-5B2F-4340-8F25-1BFD66BBF547 isPlaceholder:Y" ID:12225-12371-119 target:system attributes:[
	<RBSPreventLaunchLimitation| <RBSProcessPredicate <RBSProcessBundleIdentifierPredicate "com.DefaultCompany.NeonDrift">> allow:(null)>
	]>
2026-07-11 14:52:18.400 Df SpringBoard[12324:19110] [com.apple.SpringBoard:Common] termination assertion acquired for com.DefaultCompany.NeonDrift
2026-07-11 14:52:18.400 Df SpringBoard[12324:19110] [com.apple.SpringBoard:Icon] 0x34b19d680-SBApplicationIcon Data source did change: <SBApplication: 0x34b376600; com.DefaultCompany.NeonDrift> {
} (SBApplication)
2026-07-11 14:52:18.400 Df runningboardd[12225:195b9] [com.apple.runningboard:process] Executing termination request for: <RBSProcessPredicate <RBSProcessBundleIdentifierPredicate "com.DefaultCompany.NeonDrift">>
2026-07-11 14:52:18.401 Df installcoordinationd[12371:1979f] [com.apple.installcoordination:daemon] -[IXSCoordinatedAppInstall assertionAcquiredCallback]: RBS termination assertion observer called for <IXSCoordinatedAppInstall<0x146244000> [P=CoreSimulatorBridge (pid 12254)] identifier:[com.DefaultCompany.NeonDrift/Invalid/[system-defined]] uuid:BFBC1034-5B2F-4340-8F25-1BFD66BBF547 intent:IXCoordinatorIntentUpdating creator/appDRI:InstallCoordination Simple SPI importance:UserWaiting state:IXAppCoordinationStateWaitingForPlaceholderAssertion promise-state:PA2I4>
2026-07-11 14:52:18.401 Df installcoordinationd[12371:1979f] [com.apple.appinstallation:TransactionLog] com.DefaultCompany.NeonDrift/Unknown Persona:4:9:1:1:Placeholder Promise began. Coordinator State: IXAppCoordinationStateWaitingForPlaceholderAssertion
2026-07-11 14:52:18.401 Df installcoordinationd[12371:1979f] [com.apple.installcoordination:daemon] -[IXSCoordinatorProgress setTotalUnitsCompleted:]: Progress for coordinator: [com.DefaultCompany.NeonDrift/Invalid/[system-defined]], Phase: IXCoordinatorProgressPhaseLoading, Percentage: 100.000000: Attempt to set units completed on finished progress: 100
2026-07-11 14:52:18.401 Df installcoordinationd[12371:1979f] [com.apple.appinstallation:TransactionLog] com.DefaultCompany.NeonDrift/Unknown Persona:4:9:2:1:Placeholder Promise completed. Coordinator State: IXAppCoordinationStateWaitingForPlaceholderAssertion
2026-07-11 14:52:18.401 Df CoreSimulatorBridge[12254:18ded] [com.apple.installcoordination:framework] -[IXAppInstallCoordinator _clientDelegate_promiseDidBeginFulfillmentWithIdentifier:]: <IXUpdatingAppInstallCoordinator<0x1598fca00> identity:[com.DefaultCompany.NeonDrift/Invalid/[system-defined]] uuid:BFBC1034-5B2F-4340-8F25-1BFD66BBF547 creator:InstallCoordination Simple SPI>: Got promise did begin fulfillment for identifier 1
2026-07-11 14:52:18.402 Df CoreSimulatorBridge[12254:18ded] [com.apple.installcoordination:framework] -[IXAppInstallCoordinator _clientDelegate_promiseDidBeginFulfillmentWithIdentifier:]_block_invoke: <IXUpdatingAppInstallCoordinator<0x1598fca00> identity:[com.DefaultCompany.NeonDrift/Invalid/[system-defined]] uuid:BFBC1034-5B2F-4340-8F25-1BFD66BBF547 creator:InstallCoordination Simple SPI>: Observer <_IXSimpleInstallerDelegate 0x0x1598ccc00> does not respond to coordinator:configuredPromiseDidBeginFulfillment: (or any deprecated equivalent)
2026-07-11 14:52:18.402 Df installcoordinationd[12371:1979f] [com.apple.installcoordination:daemon] -[IXSCoordinatedAppInstall _onQueue_installPlaceholder]: Acquired termination assertion for placeholder [com.DefaultCompany.NeonDrift/Invalid/[system-defined]]; proceeding with install.
2026-07-11 14:52:18.403 Df installcoordinationd[12371:1979f] [com.apple.installcoordination:daemon] -[IXSPowerAssertion initWithAssertionName:details:]: Acquired power assertion IXPowerAssertion-12-[com.DefaultCompany.NeonDrift/Invalid/[system-defined]]
2026-07-11 14:52:18.404 Df installd[12392:1979c] (MobileSystemServices) 0x16d83b000 -[MIClientConnection _doInstallationForURL:identity:domain:options:operationType:completion:]: Install of "/Users/dragonkao/Library/Developer/CoreSimulator/Devices/CC47DE7A-8196-4465-A5A5-BB852C9C6C82/data/Containers/Shared/SystemGroup/systemgroup.com.apple.installcoordinationd/Library/InstallCoordination/PromiseStaging/8A3B2FAD-AC4A-46DA-9701-54FD6E5E38C6/NeonDrift.app" type Placeholder (LSInstallType = 1, Domain: MIInstallationDomainDefault) requested by installcoordinationd (pid 12371 (501/20))
2026-07-11 14:52:18.408 Df installd[12392:1979c] [com.apple.containermanager:xpc] Query; euid = 501, uid = 501, class = 1, identifier = [com.DefaultCompany.NeonDrift](1), flags = 300000002
2026-07-11 14:52:18.409 Df containermanagerd_system[12269:18ea3] [com.apple.containermanager:cache] Disk sync reporting on new entry: (com.DefaultCompany.NeonDrift.run.1782485533.82553|18446744073709551615|<MCMContainerPath: 0x14650e170; [<MCMContainerClassPath: 0x14646d1a0; persona [(null)]; [/Users/dragonkao/Library/Developer/CoreSimulator/Devices/CC47DE7A-8196-4465-A5A5-BB852C9C6C82/data/Containers]/[Bundle]/[Application] created>]/[60DB0A34-B3BB-4A4D-B075-CFC8084764F2]/[(null)]>|0|AB1E03B8-9E20-4EEB-8B0D-863324D79A8C|(null))
2026-07-11 14:52:18.409 Df containermanagerd_system[12269:18ea3] [com.apple.containermanager:cache] Disk sync reporting on new entry: (com.DefaultCompany.NeonDrift.run.1782484537.59589|18446744073709551615|<MCMContainerPath: 0x14650e1c0; [<MCMContainerClassPath: 0x14646d1a0; persona [(null)]; [/Users/dragonkao/Library/Developer/CoreSimulator/Devices/CC47DE7A-8196-4465-A5A5-BB852C9C6C82/data/Containers]/[Bundle]/[Application] created>]/[1DCDE5CE-4A96-4924-9746-D506874359C8]/[(null)]>|0|CA78BCEA-E9DA-4657-BDDA-0D3066818EDB|(null))
2026-07-11 14:52:18.409 Df containermanagerd_system[12269:18ea3] [com.apple.containermanager:cache] Disk sync reporting on new entry: (com.DefaultCompany.NeonDrift.run.1782486232.95300|18446744073709551615|<MCMContainerPath: 0x14650e210; [<MCMContainerClassPath: 0x14646d1a0; persona [(null)]; [/Users/dragonkao/Library/Developer/CoreSimulator/Devices/CC47DE7A-8196-4465-A5A5-BB852C9C6C82/data/Containers]/[Bundle]/[Application] created>]/[8DC090CD-F12C-4CB7-8B8B-876CECF543CD]/[(null)]>|0|F8E0A204-8720-4FE0-9E2D-0C9ADBE66604|(null))
2026-07-11 14:52:18.410 Df containermanagerd_system[12269:18ea3] [com.apple.containermanager:cache] Disk sync reporting on new entry: (com.DefaultCompany.NeonDrift.run.1782650479.26426|18446744073709551615|<MCMContainerPath: 0x14650e260; [<MCMContainerClassPath: 0x14646d1a0; persona [(null)]; [/Users/dragonkao/Library/Developer/CoreSimulator/Devices/CC47DE7A-8196-4465-A5A5-BB852C9C6C82/data/Containers]/[Bundle]/[Application] created>]/[0ECB469C-A749-4BA2-B677-2105588F4229]/[(null)]>|0|C67CB0AD-5475-4E5D-8926-491998F0D11D|(null))
2026-07-11 14:52:18.410 Df containermanagerd_system[12269:18ea3] [com.apple.containermanager:cache] Disk sync reporting on new entry: (com.DefaultCompany.NeonDrift.run.1782484808.68182|18446744073709551615|<MCMContainerPath: 0x14650e2b0; [<MCMContainerClassPath: 0x14646d1a0; persona [(null)]; [/Users/dragonkao/Library/Developer/CoreSimulator/Devices/CC47DE7A-8196-4465-A5A5-BB852C9C6C82/data/Containers]/[Bundle]/[Application] created>]/[35E2636E-F3E8-4D12-9D64-9F69C01749CE]/[(null)]>|0|E3C7D274-6DD2-4307-AC53-3596FB383B51|(null))
2026-07-11 14:52:18.411 Df containermanagerd_system[12269:18ea3] [com.apple.containermanager:cache] Disk sync reporting on new entry: (com.DefaultCompany.NeonDrift.run.1782641020.54193|18446744073709551615|<MCMContainerPath: 0x14650e300; [<MCMContainerClassPath: 0x14646d1a0; persona [(null)]; [/Users/dragonkao/Library/Developer/CoreSimulator/Devices/CC47DE7A-8196-4465-A5A5-BB852C9C6C82/data/Containers]/[Bundle]/[Application] created>]/[02C9EC5B-380B-43F1-AB4A-A95947982CAE]/[(null)]>|0|6B7422AF-8E28-4E30-AD91-0371A0FC1D74|(null))
2026-07-11 14:52:18.411 Df containermanagerd_system[12269:18ea3] [com.apple.containermanager:cache] Disk sync reporting on new entry: (com.DefaultCompany.NeonDrift.run.1782493753.82761|18446744073709551615|<MCMContainerPath: 0x14650e350; [<MCMContainerClassPath: 0x14646d1a0; persona [(null)]; [/Users/dragonkao/Library/Developer/CoreSimulator/Devices/CC47DE7A-8196-4465-A5A5-BB852C9C6C82/data/Containers]/[Bundle]/[Application] created>]/[1D19FB4A-7F72-4B84-964E-8EB113904887]/[(null)]>|0|83C79E93-0C0F-434B-8D59-B82E7CE69637|(null))
2026-07-11 14:52:18.411 Df containermanagerd_system[12269:18ea3] [com.apple.containermanager:cache] Disk sync reporting on new entry: (com.DefaultCompany.NeonDrift|18446744073709551615|<MCMContainerPath: 0x14650e3a0; [<MCMContainerClassPath: 0x14646d1a0; persona [(null)]; [/Users/dragonkao/Library/Developer/CoreSimulator/Devices/CC47DE7A-8196-4465-A5A5-BB852C9C6C82/data/Containers]/[Bundle]/[Application] created>]/[3BD7861C-AD2B-485B-BC2D-128D120592E2]/[(null)]>|0|7B18E08B-9C71-423E-BD92-2B741429FE91|(null))
2026-07-11 14:52:18.411 Df containermanagerd_system[12269:18ea3] [com.apple.containermanager:cache] Disk sync reporting on new entry: (com.DefaultCompany.NeonDrift.run.1782638094.21137|18446744073709551615|<MCMContainerPath: 0x14650e3f0; [<MCMContainerClassPath: 0x14646d1a0; persona [(null)]; [/Users/dragonkao/Library/Developer/CoreSimulator/Devices/CC47DE7A-8196-4465-A5A5-BB852C9C6C82/data/Containers]/[Bundle]/[Application] created>]/[E94F1934-984A-4F70-890F-98DD22CB7F2D]/[(null)]>|0|86E9EDBE-1655-4664-9CA4-5DA5CB829709|(null))
2026-07-11 14:52:18.413 Df containermanagerd_system[12269:18ea3] [com.apple.containermanager:cache] Disk sync reporting on new entry: (com.DefaultCompany.NeonDrift.run.1782573263.85778|18446744073709551615|<MCMContainerPath: 0x14650e440; [<MCMContainerClassPath: 0x14646d1a0; persona [(null)]; [/Users/dragonkao/Library/Developer/CoreSimulator/Devices/CC47DE7A-8196-4465-A5A5-BB852C9C6C82/data/Containers]/[Bundle]/[Application] created>]/[DF33DF21-5A51-4651-B4B5-F0C0DDC499D1]/[(null)]>|0|D056E3B8-3271-499E-A3D6-91BE4A4869F7|(null))
2026-07-11 14:52:18.413 Df containermanagerd_system[12269:18ea3] [com.apple.containermanager:cache] Disk sync reporting on new entry: (com.DefaultCompany.NeonDrift.run.1782485248.76636|18446744073709551615|<MCMContainerPath: 0x14650e490; [<MCMContainerClassPath: 0x14646d1a0; persona [(null)]; [/Users/dragonkao/Library/Developer/CoreSimulator/Devices/CC47DE7A-8196-4465-A5A5-BB852C9C6C82/data/Containers]/[Bundle]/[Application] created>]/[B4ABC976-10C1-4871-BD01-63E901777FC4]/[(null)]>|0|678C7A37-7585-4056-8742-94D0F2EB0FE5|(null))
2026-07-11 14:52:18.413 Df containermanagerd_system[12269:18ea3] [com.apple.containermanager:cache] Disk sync reporting on new entry: (com.DefaultCompany.NeonDrift.run.1782484282.54413|18446744073709551615|<MCMContainerPath: 0x14650e4e0; [<MCMContainerClassPath: 0x14646d1a0; persona [(null)]; [/Users/dragonkao/Library/Developer/CoreSimulator/Devices/CC47DE7A-8196-4465-A5A5-BB852C9C6C82/data/Containers]/[Bundle]/[Application] created>]/[5C99B373-2E0D-4720-A65A-9669594A0776]/[(null)]>|0|7DB7DDF9-C350-45C5-8184-251E537D58FC|(null))
2026-07-11 14:52:18.414 Df installd[12392:1979c] [com.apple.containermanager:xpc] Query; euid = 501, uid = 501, class = 1, identifier = [com.DefaultCompany.NeonDrift](1), flags = 300000002
2026-07-11 14:52:18.497 Df runningboardd[12225:1931b] [com.apple.runningboard:process] Checking PreventLaunch: global:0 exPath:(null) predicates:{(
    <RBSProcessPredicate <RBSProcessBundleIdentifierPredicate "com.DefaultCompany.NeonDrift">>
)} allow:(null)
2026-07-11 14:52:18.684 Df installd[12392:1979c] [com.apple.containermanager:xpc] Query; euid = 501, uid = 501, class = 1, identifier = [com.DefaultCompany.NeonDrift](1), flags = 300000002
2026-07-11 14:52:18.686 Df installd[12392:1979c] [com.apple.containermanager:xpc] Query; euid = 501, uid = 501, class = 1, identifier = [com.DefaultCompany.NeonDrift](1), flags = 300000002
2026-07-11 14:52:18.691 Df installd[12392:1979c] (MobileSystemServices) 0x16d83b000 -[MIInstaller _installInstallable:containingSymlink:error:]: Installing <MIInstallableParallelPlaceholder ID=com.DefaultCompany.NeonDrift; Persona=com.apple.containermanager.primary-persona, Version=0, ShortVersion=1.0>
2026-07-11 14:52:18.691 Df installd[12392:1979c] [com.apple.appinstallation:TransactionLog] com.DefaultCompany.NeonDrift/com.apple.containermanager.primary-persona:7:2:1:1:Start : Install (Parallel Placeholder)
2026-07-11 14:52:18.879 Df runningboardd[12225:1931b] [com.apple.runningboard:process] Checking PreventLaunch: global:0 exPath:(null) predicates:{(
    <RBSProcessPredicate <RBSProcessBundleIdentifierPredicate "com.DefaultCompany.NeonDrift">>
)} allow:(null)
2026-07-11 14:52:19.242 Df runningboardd[12225:1931b] [com.apple.runningboard:process] Checking PreventLaunch: global:0 exPath:(null) predicates:{(
    <RBSProcessPredicate <RBSProcessBundleIdentifierPredicate "com.DefaultCompany.NeonDrift">>
)} allow:(null)
2026-07-11 14:52:19.610 Df runningboardd[12225:1931b] [com.apple.runningboard:process] Checking PreventLaunch: global:0 exPath:(null) predicates:{(
    <RBSProcessPredicate <RBSProcessBundleIdentifierPredicate "com.DefaultCompany.NeonDrift">>
)} allow:(null)
2026-07-11 14:52:19.966 Df runningboardd[12225:1931b] [com.apple.runningboard:process] Checking PreventLaunch: global:0 exPath:(null) predicates:{(
    <RBSProcessPredicate <RBSProcessBundleIdentifierPredicate "com.DefaultCompany.NeonDrift">>
)} allow:(null)
2026-07-11 14:52:20.330 Df runningboardd[12225:1931b] [com.apple.runningboard:process] Checking PreventLaunch: global:0 exPath:(null) predicates:{(
    <RBSProcessPredicate <RBSProcessBundleIdentifierPredicate "com.DefaultCompany.NeonDrift">>
)} allow:(null)
2026-07-11 14:52:20.676 Df runningboardd[12225:1931b] [com.apple.runningboard:process] Checking PreventLaunch: global:0 exPath:(null) predicates:{(
    <RBSProcessPredicate <RBSProcessBundleIdentifierPredicate "com.DefaultCompany.NeonDrift">>
)} allow:(null)
2026-07-11 14:52:21.013 Df runningboardd[12225:1931b] [com.apple.runningboard:process] Checking PreventLaunch: global:0 exPath:(null) predicates:{(
    <RBSProcessPredicate <RBSProcessBundleIdentifierPredicate "com.DefaultCompany.NeonDrift">>
)} allow:(null)
2026-07-11 14:52:21.399 Df runningboardd[12225:196fe] [com.apple.runningboard:process] Checking PreventLaunch: global:0 exPath:(null) predicates:{(
    <RBSProcessPredicate <RBSProcessBundleIdentifierPredicate "com.DefaultCompany.NeonDrift">>
)} allow:(null)
2026-07-11 14:52:21.532 Df installd[12392:1979c] [com.apple.containermanager:query] Query; euid = 501, uid = 501, class = 4, identifier = [com.DefaultCompany.NeonDrift](1), flags = 300000002
2026-07-11 14:52:21.644 Df installd[12392:1979c] [com.apple.containermanager:query] Query; euid = 501, uid = 501, class = 4, identifier = [com.DefaultCompany.NeonDrift](1), flags = 300000002
2026-07-11 14:52:21.645 Df installd[12392:1979c] (MobileSystemServices) 0x16d83b000 -[MIInstallableParallelPlaceholder performInstallationWithError:]: Installing parallel placeholder for [com.DefaultCompany.NeonDrift/com.apple.containermanager.primary-persona/[system-defined]]
2026-07-11 14:52:21.649 Df installd[12392:1979c] [com.apple.containermanager:query] Query; euid = 501, uid = 501, class = 2, identifier = [com.DefaultCompany.NeonDrift](1), flags = 300000003
2026-07-11 14:52:21.650 Df containermanagerd[12282:18fb6] [com.apple.containermanager:cache] Disk sync reporting on new entry: (com.DefaultCompany.NeonDrift.run.1782485248.76636|18446744073709551615|<MCMContainerPath: 0x1542e4460; [<MCMContainerClassPath: 0x1540717a0; persona [(null)]; [/Users/dragonkao/Library/Developer/CoreSimulator/Devices/CC47DE7A-8196-4465-A5A5-BB852C9C6C82/data/Containers]/[Data]/[Application] created>]/[15213DC8-4265-45F6-8FEC-BEE05B0A8A01]/[(null)]>|1|9C6EA38E-9593-4832-990C-84C37BCF18C4|(null))
2026-07-11 14:52:21.651 Df containermanagerd[12282:18fb6] [com.apple.containermanager:cache] Disk sync reporting on new entry: (com.DefaultCompany.NeonDrift.run.1782486232.95300|18446744073709551615|<MCMContainerPath: 0x1542e4730; [<MCMContainerClassPath: 0x1540717a0; persona [(null)]; [/Users/dragonkao/Library/Developer/CoreSimulator/Devices/CC47DE7A-8196-4465-A5A5-BB852C9C6C82/data/Containers]/[Data]/[Application] created>]/[E6149FA8-BAEC-4126-BD64-F2F9DF0161A8]/[(null)]>|1|DC055FA7-B130-4DED-B060-E215379C83F1|(null))
2026-07-11 14:52:21.651 Df containermanagerd[12282:18fb6] [com.apple.containermanager:cache] Disk sync reporting on new entry: (com.DefaultCompany.NeonDrift.run.1782484808.68182|18446744073709551615|<MCMContainerPath: 0x1542e4780; [<MCMContainerClassPath: 0x1540717a0; persona [(null)]; [/Users/dragonkao/Library/Developer/CoreSimulator/Devices/CC47DE7A-8196-4465-A5A5-BB852C9C6C82/data/Containers]/[Data]/[Application] created>]/[1E2F819E-C2F0-4C04-8F11-49D3C8B6BAC5]/[(null)]>|1|7CE8CF15-7BED-4EBE-912E-617CADD00A8C|(null))
2026-07-11 14:52:21.652 Df containermanagerd[12282:18fb6] [com.apple.containermanager:cache] Disk sync reporting on new entry: (com.DefaultCompany.NeonDrift.run.1782650479.26426|18446744073709551615|<MCMContainerPath: 0x1542e4960; [<MCMContainerClassPath: 0x1540717a0; persona [(null)]; [/Users/dragonkao/Library/Developer/CoreSimulator/Devices/CC47DE7A-8196-4465-A5A5-BB852C9C6C82/data/Containers]/[Data]/[Application] created>]/[65CD0163-C7A1-483B-976F-BD9D64C651EF]/[(null)]>|1|8D038B14-F68D-42F7-B5B3-CE2C91FE81DC|(null))
2026-07-11 14:52:21.658 Df containermanagerd[12282:18fb6] [com.apple.containermanager:cache] Disk sync reporting on new entry: (com.DefaultCompany.NeonDrift|18446744073709551615|<MCMContainerPath: 0x1542e5950; [<MCMContainerClassPath: 0x1540717a0; persona [(null)]; [/Users/dragonkao/Library/Developer/CoreSimulator/Devices/CC47DE7A-8196-4465-A5A5-BB852C9C6C82/data/Containers]/[Data]/[Application] created>]/[8B835F6B-438E-405E-9283-8E676EA1EE8C]/[(null)]>|1|815BD00E-79CD-4463-AD29-B14C41CCA58C|(null))
2026-07-11 14:52:21.658 Df containermanagerd[12282:18fb6] [com.apple.containermanager:cache] Disk sync reporting on new entry: (com.DefaultCompany.NeonDrift.run.1782484282.54413|18446744073709551615|<MCMContainerPath: 0x1542e59a0; [<MCMContainerClassPath: 0x1540717a0; persona [(null)]; [/Users/dragonkao/Library/Developer/CoreSimulator/Devices/CC47DE7A-8196-4465-A5A5-BB852C9C6C82/data/Containers]/[Data]/[Application] created>]/[C444D7CB-82D0-4C33-8535-2768FB88C07A]/[(null)]>|1|44B13F59-3185-47DC-B581-F8ADF836CC01|(null))
2026-07-11 14:52:21.659 Df containermanagerd[12282:18fb6] [com.apple.containermanager:cache] Disk sync reporting on new entry: (com.DefaultCompany.NeonDrift.run.1782484537.59589|18446744073709551615|<MCMContainerPath: 0x1542e5a90; [<MCMContainerClassPath: 0x1540717a0; persona [(null)]; [/Users/dragonkao/Library/Developer/CoreSimulator/Devices/CC47DE7A-8196-4465-A5A5-BB852C9C6C82/data/Containers]/[Data]/[Application] created>]/[1C854E62-61C8-49AD-BF79-648DF6FD7531]/[(null)]>|1|D18BA0E9-D0DA-461B-A480-7559B0E0F3C2|(null))
2026-07-11 14:52:21.660 Df containermanagerd[12282:18fb6] [com.apple.containermanager:cache] Disk sync reporting on new entry: (com.DefaultCompany.NeonDrift.run.1782485533.82553|18446744073709551615|<MCMContainerPath: 0x1542e5d60; [<MCMContainerClassPath: 0x1540717a0; persona [(null)]; [/Users/dragonkao/Library/Developer/CoreSimulator/Devices/CC47DE7A-8196-4465-A5A5-BB852C9C6C82/data/Containers]/[Data]/[Application] created>]/[EF1ED47B-33B9-46F7-9259-AC69DEEA4036]/[(null)]>|1|B56A13AE-9A84-47A1-BFC9-B3D869C59E21|(null))
2026-07-11 14:52:21.661 Df containermanagerd[12282:18fb6] [com.apple.containermanager:cache] Disk sync reporting on new entry: (com.DefaultCompany.NeonDrift.run.1782638094.21137|18446744073709551615|<MCMContainerPath: 0x1542e5ef0; [<MCMContainerClassPath: 0x1540717a0; persona [(null)]; [/Users/dragonkao/Library/Developer/CoreSimulator/Devices/CC47DE7A-8196-4465-A5A5-BB852C9C6C82/data/Containers]/[Data]/[Application] created>]/[CB101454-E329-4408-9809-D723A00F7730]/[(null)]>|1|E5674EBC-CD7F-4EA4-9FA2-E521E6ED6F13|(null))
2026-07-11 14:52:21.661 Df containermanagerd[12282:18fb6] [com.apple.containermanager:cache] Disk sync reporting on new entry: (com.DefaultCompany.NeonDrift.run.1782573263.85778|18446744073709551615|<MCMContainerPath: 0x1542e5f90; [<MCMContainerClassPath: 0x1540717a0; persona [(null)]; [/Users/dragonkao/Library/Developer/CoreSimulator/Devices/CC47DE7A-8196-4465-A5A5-BB852C9C6C82/data/Containers]/[Data]/[Application] created>]/[DDAB4FDA-59AD-4E0E-B5FE-65F0074594B1]/[(null)]>|1|580E0C6B-8685-444B-8E54-82A211DB3401|(null))
2026-07-11 14:52:21.664 Df containermanagerd[12282:18fb6] [com.apple.containermanager:cache] Disk sync reporting on new entry: (com.DefaultCompany.NeonDrift.run.1782493753.82761|18446744073709551615|<MCMContainerPath: 0x1542e6ad0; [<MCMContainerClassPath: 0x1540717a0; persona [(null)]; [/Users/dragonkao/Library/Developer/CoreSimulator/Devices/CC47DE7A-8196-4465-A5A5-BB852C9C6C82/data/Containers]/[Data]/[Application] created>]/[6C1D639D-5F57-4E6F-B264-B1380052AFAB]/[(null)]>|1|4AF633A6-A5CE-427F-A4E0-838947FBB0EF|(null))
2026-07-11 14:52:21.668 Df containermanagerd[12282:18fb6] [com.apple.containermanager:cache] Disk sync reporting on new entry: (com.DefaultCompany.NeonDrift.run.1782641020.54193|18446744073709551615|<MCMContainerPath: 0x1542e72a0; [<MCMContainerClassPath: 0x1540717a0; persona [(null)]; [/Users/dragonkao/Library/Developer/CoreSimulator/Devices/CC47DE7A-8196-4465-A5A5-BB852C9C6C82/data/Containers]/[Data]/[Application] created>]/[54BF4EA0-04C9-499B-B287-9FF22A2ED8CB]/[(null)]>|1|5FAAD7F6-4BA8-49E5-A448-C7F46C9A17B1|(null))
2026-07-11 14:52:21.669 Df installd[12392:1979c] [com.apple.containermanager:query] Query; euid = 501, uid = 501, class = 2, identifier = [com.DefaultCompany.NeonDrift](1), flags = 300000002
2026-07-11 14:52:21.684 Df containermanagerd[12282:18fb6] [com.apple.containermanager:schema] [u 815BD00E-79CD-4463-AD29-B14C41CCA58C:p 8B835F6B-438E-405E-9283-8E676EA1EE8C:c com.DefaultCompany.NeonDrift(2):i0] Successfully updated schema from (0) → (1), actions count = 6
2026-07-11 14:52:21.685 Df containermanagerd_system[12269:18ea3] [com.apple.containermanager:schema] [u 7B18E08B-9C71-423E-BD92-2B741429FE91:p 3BD7861C-AD2B-485B-BC2D-128D120592E2:c com.DefaultCompany.NeonDrift(1):i0] Successfully updated schema from (0) → (0), actions count = 0
2026-07-11 14:52:21.686 Df installd[12392:1979c] [com.apple.containermanager:xpc] Query; euid = 501, uid = 501, class = 1, identifier = [com.DefaultCompany.NeonDrift](1), flags = 300000002
2026-07-11 14:52:21.688 Df installd[12392:1979c] [com.apple.containermanager:unspecified] Requesting disk usage; class = 1, identifier = com.DefaultCompany.NeonDrift
2026-07-11 14:52:21.692 Df installd[12392:1979c] [com.apple.containermanager:query] Query; euid = 501, uid = 501, class = 7, identifier = [com.DefaultCompany.NeonDrift](1), flags = 300000001
2026-07-11 14:52:21.694 Df SpringBoard[12324:19110] [com.apple.SpringBoard:Common] termination assertion released for com.DefaultCompany.NeonDrift
2026-07-11 14:52:21.694 Df SpringBoard[12324:19110] [com.apple.SpringBoard:Icon] 0x34b19d680-SBApplicationIcon Data source did change: <SBApplication: 0x34b376600; com.DefaultCompany.NeonDrift> {
} (SBApplication)
2026-07-11 14:52:21.697 Df installd[12392:1979c] (MobileSystemServices) 0x16d83b000 -[MILaunchServicesOperationManager _onQueue_addPendingLaunchServicesOperation:error:]: Added pending LS operation <MILaunchServicesRegisterOperation: 9A83E5CA-70B0-4045-B3E5-03CC41217A25:1 com.DefaultCompany.NeonDrift/MIInstallationDomainSystemShared personas:[com.apple.containermanager.primary-persona]>
2026-07-11 14:52:21.700 Df lsd[12273:18fc3] [com.apple.launchservices:appinstallation] Post installation registration: request to register com.DefaultCompany.NeonDrift, operation 9A83E5CA-70B0-4045-B3E5-03CC41217A25, from pid 12392
2026-07-11 14:52:21.702 Df lsd[12273:18fc3] [com.apple.appinstallation:TransactionLog] com.DefaultCompany.NeonDrift/Unknown Persona:5:4:1:1:Registering bundles via registrant - start
2026-07-11 14:52:21.714 Df lsd[12273:18fc3] [com.apple.appinstallation:TransactionLog] com.DefaultCompany.NeonDrift/Unknown Persona:5:5:1:1:Building bundle record for app
2026-07-11 14:52:21.714 Df lsd[12273:18fc3] [com.apple.launchservices:appinstallation] Placeholder detected - Flagging bundle com.DefaultCompany.NeonDrift incomplete
2026-07-11 14:52:21.715 Df lsd[12273:18fc3] [com.apple.appinstallation:TransactionLog] com.DefaultCompany.NeonDrift/Unknown Persona:5:5:2:1:Built bundle record for app
2026-07-11 14:52:21.719 Df lsd[12273:18fc3] [com.apple.appinstallation:TransactionLog] com.DefaultCompany.NeonDrift/Unknown Persona:5:4:2:1:Registered bundle status = success
2026-07-11 14:52:21.722 Df lsd[12273:18fc3] [com.apple.appinstallation:TransactionLog] com.DefaultCompany.NeonDrift/Unknown Persona:5:4:2:1:Finished registering com.DefaultCompany.NeonDrift, bundle unit 648
2026-07-11 14:52:21.722 Df installd[12392:1979c] (MobileSystemServices) 0x16d83b000 -[MIJournal purgeJournalEntry:withError:]: Removing journal entry <MIInstallationJournalEntry<0x147d44a00> [com.DefaultCompany.NeonDrift/com.apple.containermanager.primary-persona/[system-defined]]/MIInstallationDomainSystemShared op:3 phase:JournalPhaseDidRegisterWithLS version:0>
2026-07-11 14:52:21.723 Df lsd[12273:18fc3] [com.apple.launchservices:progress] Sending applicationInstallsDidStart: for (
    "<LSApplicationProxy: 0x15d734000> com.DefaultCompany.NeonDrift file:///Users/dragonkao/Library/Developer/CoreSimulator/Devices/CC47DE7A-8196-4465-A5A5-BB852C9C6C82/data/Containers/Bundle/Application/3BD7861C-AD2B-485B-BC2D-128D120592E2/com.apple.mobileinstallation.placeholder/ <com.DefaultCompany.NeonDrift <placeholder >:1>"
)
2026-07-11 14:52:21.723 Df installd[12392:1979c] [com.apple.appinstallation:TransactionLog] com.DefaultCompany.NeonDrift/com.apple.containermanager.primary-persona:7:2:2:1:Success (End) : Install (Parallel Placeholder)
2026-07-11 14:52:21.723 Df installd[12392:1979c] (MobileSystemServices) 0x16d83b000 -[MIInstaller _logOperationCompletionWithStartTime:distributorID:]: Install successful for (Placeholder:com.DefaultCompany.NeonDrift) [Distributor: (null)]; Staging: 0.00s; Waiting: 0.00s; Preflight/Patch: 2.84s, Verifying: 0.11s; Overall: 3.32s
2026-07-11 14:52:21.723 Df lsd[12273:18fc3] [com.apple.launchservices:progress] Created parent progress <NSProgress: com.DefaultCompany.NeonDrift phase=InstallingPlaceholder; state=Waiting; finalPhase=Installing; fractionCompleted=0.000000>
2026-07-11 14:52:21.724 Df installcoordinationd[12371:1979f] [com.apple.installcoordination:daemon] -[IXSPowerAssertion invalidate]: Released power assertion IXPowerAssertion-12-[com.DefaultCompany.NeonDrift/Invalid/[system-defined]]
2026-07-11 14:52:21.726 Df lsd[12273:18fc3] [com.apple.launchservices:progress] Sent distributed notification com.apple.LaunchServices.applicationRegistered with payload {
    bundleIDs =     (
        "com.DefaultCompany.NeonDrift"
    );
    isPlaceholder = 1;
}
2026-07-11 14:52:21.727 Df installcoordinationd[12371:1979f] [com.apple.installcoordination:daemon] -[IXSPendingOperationsTracker endPendingOperationForIdentity:]_block_invoke: Ending pending operation for [com.DefaultCompany.NeonDrift/Invalid/[system-defined]]
2026-07-11 14:52:21.727 Df installcoordinationd[12371:1979f] [com.apple.installcoordination:daemon] -[IXSCoordinatedAppInstall setPlaceholderInstallState:withLSRecordPromiseForCompletion:]: <IXSCoordinatedAppInstall<0x146244000> [P=CoreSimulatorBridge (pid 12254)] identifier:[com.DefaultCompany.NeonDrift/Invalid/[system-defined]] uuid:BFBC1034-5B2F-4340-8F25-1BFD66BBF547 intent:IXCoordinatorIntentUpdating creator/appDRI:InstallCoordination Simple SPI importance:UserWaiting state:IXAppCoordinationStateReadyForInstall promise-state:PA2I4>: Placeholder install completed.
2026-07-11 14:52:21.728 Df webbookmarksd[12309:19359] [com.apple.launchservices:appinstallation] LaunchServices observer: InstallsStarted (
