Timestamp               Ty Process[PID:TID]
2026-06-26 21:24:52.144 Df CoreSimulatorBridge[13156:7c9860] Request received for installation of file:///Users/dragonkao/.openclaw/workspace/382b9e3384298039b171c9b2a60ae644/NeonDrift_MVP/project/xcode_derived_data/Build/Products/Release-iphonesimulator/NeonDrift.app/ with options: {
    PackageType = Developer;
    SimulatorRootPath = "/Library/Developer/CoreSimulator/Volumes/iOS_23F77/Library/Developer/CoreSimulator/Profiles/Runtimes/iOS 26.5.simruntime/Contents/Resources/RuntimeRoot";
    SimulatorUserPath = "/Users/dragonkao/Library/Developer/CoreSimulator/Devices/115FDF0C-5A2F-4686-909B-7F43F1450A28/data";
}
2026-06-26 21:24:52.144 Df CoreSimulatorBridge[13156:7c9860] [com.apple.installcoordination:framework] +[IXAppInstallCoordinator(IXSimpleInstaller) _beginInstallForURL:forPersonaUniqueString:consumeSource:options:progressBlock:completionWithIdentity:]: Beginning install for /Users/dragonkao/.openclaw/workspace/382b9e3384298039b171c9b2a60ae644/NeonDrift_MVP/project/xcode_derived_data/Build/Products/Release-iphonesimulator/NeonDrift.app consuming source:N options:{
    IsUserInitiated = 1;
    PackageType = Developer;
} installationRequestorAuditToken: NULL
2026-06-26 21:24:52.148 Df installcoordinationd[26512:7ceaf8] [com.apple.installcoordination:daemon] -[IXSDataPromiseManager registerPromise:]: Registered promise <IXSPlaceholder(0x105510500) Name:App Placeholder: NeonDrift (com.DefaultCompany.NeonDrift) Creator:InstallCoordination Simple SPI UUID:FAA125E4-8FAA-47F7-BE09-80D2511060E2 Location:[system-defined]> for UUID FAA125E4-8FAA-47F7-BE09-80D2511060E2
2026-06-26 21:24:52.149 Df installcoordinationd[26512:7ceaf8] [com.apple.installcoordination:daemon] -[IXSPlaceholder setAttributes:]: <IXSPlaceholder(0x105510500) Name:App Placeholder: NeonDrift (com.DefaultCompany.NeonDrift) Creator:InstallCoordination Simple SPI UUID:FAA125E4-8FAA-47F7-BE09-80D2511060E2 Location:[system-defined]>: setting placeholder attributes to <IXPlaceholderAttributes<0x1054a0dc0> : {
    CFBundleShortVersionString = "1.0";
    CFBundleSupportedPlatforms =     (
        iPhoneSimulator
    );
    CFBundleVersion = 0;
    DTPlatformName = iphonesimulator;
    LSRequiresIPhoneOS = 1;
    MinimumOSVersion = "13.0";
    UIDeviceFamily =     (
        1,
        2
    );
    UIRequiredDeviceCapabilities =     {
        arm64 = 1;
        metal = 1;
    };
}>
2026-06-26 21:24:52.150 Df CoreSimulatorBridge[13156:7cead4] [com.apple.installcoordination:framework] +[IXPlaceholder _setEntitlementsFromBundleExecutableURL:withBundleID:client:onPlaceholder:location:error:]: Executable for com.DefaultCompany.NeonDrift at NeonDrift -- file:///Users/dragonkao/.openclaw/workspace/382b9e3384298039b171c9b2a60ae644/NeonDrift_MVP/project/xcode_derived_data/Build/Products/Release-iphonesimulator/NeonDrift.app/ had no entitlements
2026-06-26 21:24:52.150 Df CoreSimulatorBridge[13156:7cead4] [com.apple.installcoordination:framework] +[IXPlaceholder _placeholderForBundle:client:withParent:installType:metadata:placeholderType:mayBeDeltaPackage:isFromSerializedPlaceholder:location:error:]: Using full fidelity icons for com.DefaultCompany.NeonDrift at /Users/dragonkao/.openclaw/workspace/382b9e3384298039b171c9b2a60ae644/NeonDrift_MVP/project/xcode_derived_data/Build/Products/Release-iphonesimulator/NeonDrift.app
2026-06-26 21:24:52.151 Df installcoordinationd[26512:7ceaf8] [com.apple.installcoordination:daemon] -[IXSDataPromiseManager registerPromise:]: Registered promise <IXSPromisedTransferToPath(0x1054dd000) Name:Icon resources for com.DefaultCompany.NeonDrift Creator:InstallCoordination Simple SPI UUID:8A7455C4-2FF8-4504-83FC-4BCBAB519052 Location:[system-defined]> for UUID 8A7455C4-2FF8-4504-83FC-4BCBAB519052
2026-06-26 21:24:52.153 Df CoreSimulatorBridge[13156:7cead4] [com.apple.installcoordination:framework] -[IXPromisedTransferToPath setComplete:]: <IXPromisedTransferToPath<0x103458740> name:"Icon resources for com.DefaultCompany.NeonDrift" uuid:8A7455C4-2FF8-4504-83FC-4BCBAB519052 creator:"InstallCoordination Simple SPI" location:[system-defined]> Move operation from /Users/dragonkao/Library/Developer/CoreSimulator/Devices/115FDF0C-5A2F-4686-909B-7F43F1450A28/data/Containers/Shared/SystemGroup/systemgroup.com.apple.installcoordinationd/Library/InstallCoordination/PromiseStaging/8A7455C4-2FF8-4504-83FC-4BCBAB519052/temp.59lkhD to /Users/dragonkao/Library/Developer/CoreSimulator/Devices/115FDF0C-5A2F-4686-909B-7F43F1450A28/data/Containers/Shared/SystemGroup/systemgroup.com.apple.installcoordinationd/Library/InstallCoordination/PromiseStaging/8A7455C4-2FF8-4504-83FC-4BCBAB519052/temp.59lkhD took 0.000045 seconds
2026-06-26 21:24:52.154 Df installcoordinationd[26512:84d60e] [com.apple.installcoordination:daemon] -[IXSDataPromise _setPercentComplete:saveStateIfNeeded:]: Progress: <IXSPromisedTransferToPath(0x1054dd000) Name:Icon resources for com.DefaultCompany.NeonDrift Creator:InstallCoordination Simple SPI UUID:8A7455C4-2FF8-4504-83FC-4BCBAB519052 Location:[system-defined]>
2026-06-26 21:24:52.154 Df installcoordinationd[26512:7ceaf8] [com.apple.installcoordination:daemon] -[IXSDataPromiseManager promiseDidBegin:]: Unowned promise began: <IXSPromisedTransferToPath(0x1054dd000) Name:Icon resources for com.DefaultCompany.NeonDrift Creator:InstallCoordination Simple SPI UUID:8A7455C4-2FF8-4504-83FC-4BCBAB519052 Location:[system-defined]>
2026-06-26 21:24:52.154 Df installcoordinationd[26512:7ceaf8] [com.apple.installcoordination:daemon] -[IXSDataPromiseManager promise:didUpdateProgress:]: Unowned promise update progress to 1.000000 : <IXSPromisedTransferToPath(0x1054dd000) Name:Icon resources for com.DefaultCompany.NeonDrift Creator:InstallCoordination Simple SPI UUID:8A7455C4-2FF8-4504-83FC-4BCBAB519052 Location:[system-defined]>
2026-06-26 21:24:52.155 Df installcoordinationd[26512:84d60e] [com.apple.installcoordination:daemon] -[IXSDataPromiseManager promiseDidComplete:]: Unowned promise completed: <IXSPromisedTransferToPath(0x1054dd000) Name:Icon resources for com.DefaultCompany.NeonDrift Creator:InstallCoordination Simple SPI UUID:8A7455C4-2FF8-4504-83FC-4BCBAB519052 Location:[system-defined]>
2026-06-26 21:24:52.155 Df installcoordinationd[26512:7ceaf8] [com.apple.installcoordination:daemon] -[IXSDataPromise _setPercentComplete:saveStateIfNeeded:]: Progress: <IXSPromisedInMemoryDictionary(0x1054dd380) Name:Info.plist icon content for com.DefaultCompany.NeonDrift Creator:InstallCoordination Simple SPI UUID:E63890D1-3C19-4948-8BAC-7FF03DE31930 Location:[system-defined]>
2026-06-26 21:24:52.156 Df installcoordinationd[26512:7ceaf8] [com.apple.installcoordination:daemon] -[IXSDataPromiseManager registerPromise:]: Registered promise <IXSPromisedInMemoryDictionary(0x1054dd380) Name:Info.plist icon content for com.DefaultCompany.NeonDrift Creator:InstallCoordination Simple SPI UUID:E63890D1-3C19-4948-8BAC-7FF03DE31930 Location:[system-defined]> for UUID E63890D1-3C19-4948-8BAC-7FF03DE31930
2026-06-26 21:24:52.156 Df installcoordinationd[26512:84d60e] [com.apple.installcoordination:daemon] -[IXSDataPromiseManager promiseDidBegin:]: Unowned promise began: <IXSPromisedInMemoryDictionary(0x1054dd380) Name:Info.plist icon content for com.DefaultCompany.NeonDrift Creator:InstallCoordination Simple SPI UUID:E63890D1-3C19-4948-8BAC-7FF03DE31930 Location:[system-defined]>
2026-06-26 21:24:52.156 Df installcoordinationd[26512:84d60e] [com.apple.installcoordination:daemon] -[IXSDataPromiseManager promise:didUpdateProgress:]: Unowned promise update progress to 1.000000 : <IXSPromisedInMemoryDictionary(0x1054dd380) Name:Info.plist icon content for com.DefaultCompany.NeonDrift Creator:InstallCoordination Simple SPI UUID:E63890D1-3C19-4948-8BAC-7FF03DE31930 Location:[system-defined]>
2026-06-26 21:24:52.156 Df installcoordinationd[26512:84d60e] [com.apple.installcoordination:daemon] -[IXSDataPromiseManager promiseDidComplete:]: Unowned promise completed: <IXSPromisedInMemoryDictionary(0x1054dd380) Name:Info.plist icon content for com.DefaultCompany.NeonDrift Creator:InstallCoordination Simple SPI UUID:E63890D1-3C19-4948-8BAC-7FF03DE31930 Location:[system-defined]>
2026-06-26 21:24:52.156 Df installcoordinationd[26512:7ceaf8] [com.apple.installcoordination:daemon] -[IXSPlaceholder setIconResourcesPromise:]: <IXSPlaceholder(0x105510500) Name:App Placeholder: NeonDrift (com.DefaultCompany.NeonDrift) Creator:InstallCoordination Simple SPI UUID:FAA125E4-8FAA-47F7-BE09-80D2511060E2 Location:[system-defined]>: setting icon resources promise to <IXSPromisedTransferToPath(0x1054dd000) Name:Icon resources for com.DefaultCompany.NeonDrift Creator:InstallCoordination Simple SPI UUID:8A7455C4-2FF8-4504-83FC-4BCBAB519052 Location:[system-defined]>
2026-06-26 21:24:52.157 Df installcoordinationd[26512:7ceaf8] [com.apple.installcoordination:daemon] -[IXSPlaceholder setInfoPlistIconContentPromise:]: <IXSPlaceholder(0x105510500) Name:App Placeholder: NeonDrift (com.DefaultCompany.NeonDrift) Creator:InstallCoordination Simple SPI UUID:FAA125E4-8FAA-47F7-BE09-80D2511060E2 Location:[system-defined]>: setting Info.plist icon content promise to <IXSPromisedInMemoryDictionary(0x1054dd380) Name:Info.plist icon content for com.DefaultCompany.NeonDrift Creator:InstallCoordination Simple SPI UUID:E63890D1-3C19-4948-8BAC-7FF03DE31930 Location:[system-defined]>
2026-06-26 21:24:52.157 Df installcoordinationd[26512:84d612] [com.apple.installcoordination:daemon] -[IXSDataPromiseManager promiseDidBegin:]: Unowned promise began: <IXSPlaceholder(0x105510500) Name:App Placeholder: NeonDrift (com.DefaultCompany.NeonDrift) Creator:InstallCoordination Simple SPI UUID:FAA125E4-8FAA-47F7-BE09-80D2511060E2 Location:[system-defined]>
2026-06-26 21:24:52.157 Df installcoordinationd[26512:84d612] [com.apple.installcoordination:daemon] -[IXSDataPromiseManager promise:didUpdateProgress:]: Unowned promise update progress to 0.000000 : <IXSPlaceholder(0x105510500) Name:App Placeholder: NeonDrift (com.DefaultCompany.NeonDrift) Creator:InstallCoordination Simple SPI UUID:FAA125E4-8FAA-47F7-BE09-80D2511060E2 Location:[system-defined]>
2026-06-26 21:24:52.157 Df installcoordinationd[26512:84d612] [com.apple.installcoordination:daemon] -[IXSDataPromiseManager promise:didUpdateProgress:]: Unowned promise update progress to 0.000000 : <IXSPlaceholder(0x105510500) Name:App Placeholder: NeonDrift (com.DefaultCompany.NeonDrift) Creator:InstallCoordination Simple SPI UUID:FAA125E4-8FAA-47F7-BE09-80D2511060E2 Location:[system-defined]>
2026-06-26 21:24:52.158 Df installcoordinationd[26512:84d612] [com.apple.installcoordination:daemon] -[IXSDataPromise _setPercentComplete:saveStateIfNeeded:]: Progress: <IXSPromisedInMemoryDictionary(0x1054dd080) Name:Localizations for com.DefaultCompany.NeonDrift Creator:InstallCoordination Simple SPI UUID:5D04F3F6-A2A4-44BD-840A-71C18AD3046A Location:[system-defined]>
2026-06-26 21:24:52.158 Df installcoordinationd[26512:84d612] [com.apple.installcoordination:daemon] -[IXSDataPromiseManager registerPromise:]: Registered promise <IXSPromisedInMemoryDictionary(0x1054dd080) Name:Localizations for com.DefaultCompany.NeonDrift Creator:InstallCoordination Simple SPI UUID:5D04F3F6-A2A4-44BD-840A-71C18AD3046A Location:[system-defined]> for UUID 5D04F3F6-A2A4-44BD-840A-71C18AD3046A
2026-06-26 21:24:52.159 Df installcoordinationd[26512:84d60e] [com.apple.installcoordination:daemon] -[IXSDataPromiseManager promiseDidBegin:]: Unowned promise began: <IXSPromisedInMemoryDictionary(0x1054dd080) Name:Localizations for com.DefaultCompany.NeonDrift Creator:InstallCoordination Simple SPI UUID:5D04F3F6-A2A4-44BD-840A-71C18AD3046A Location:[system-defined]>
2026-06-26 21:24:52.159 Df installcoordinationd[26512:84d60e] [com.apple.installcoordination:daemon] -[IXSDataPromiseManager promise:didUpdateProgress:]: Unowned promise update progress to 1.000000 : <IXSPromisedInMemoryDictionary(0x1054dd080) Name:Localizations for com.DefaultCompany.NeonDrift Creator:InstallCoordination Simple SPI UUID:5D04F3F6-A2A4-44BD-840A-71C18AD3046A Location:[system-defined]>
2026-06-26 21:24:52.159 Df installcoordinationd[26512:84d60e] [com.apple.installcoordination:daemon] -[IXSDataPromiseManager promiseDidComplete:]: Unowned promise completed: <IXSPromisedInMemoryDictionary(0x1054dd080) Name:Localizations for com.DefaultCompany.NeonDrift Creator:InstallCoordination Simple SPI UUID:5D04F3F6-A2A4-44BD-840A-71C18AD3046A Location:[system-defined]>
2026-06-26 21:24:52.159 Df installcoordinationd[26512:84d612] [com.apple.installcoordination:daemon] -[IXSPlaceholder setLocalizationDictionaryPromise:]: <IXSPlaceholder(0x105510500) Name:App Placeholder: NeonDrift (com.DefaultCompany.NeonDrift) Creator:InstallCoordination Simple SPI UUID:FAA125E4-8FAA-47F7-BE09-80D2511060E2 Location:[system-defined]>: setting localization dict promise to <IXSPromisedInMemoryDictionary(0x1054dd080) Name:Localizations for com.DefaultCompany.NeonDrift Creator:InstallCoordination Simple SPI UUID:5D04F3F6-A2A4-44BD-840A-71C18AD3046A Location:[system-defined]>
2026-06-26 21:24:52.160 Df installcoordinationd[26512:84d612] [com.apple.installcoordination:daemon] -[IXSDataPromiseManager promise:didUpdateProgress:]: Unowned promise update progress to 0.000000 : <IXSPlaceholder(0x105510500) Name:App Placeholder: NeonDrift (com.DefaultCompany.NeonDrift) Creator:InstallCoordination Simple SPI UUID:FAA125E4-8FAA-47F7-BE09-80D2511060E2 Location:[system-defined]>
2026-06-26 21:24:52.160 Df installcoordinationd[26512:7ceaf8] [com.apple.installcoordination:daemon] -[IXSPlaceholder setConfigurationComplete:]: <IXSPlaceholder(0x105510500) Name:App Placeholder: NeonDrift (com.DefaultCompany.NeonDrift) Creator:InstallCoordination Simple SPI UUID:FAA125E4-8FAA-47F7-BE09-80D2511060E2 Location:[system-defined]>: setting configuration complete to Y
2026-06-26 21:24:52.160 Df installcoordinationd[26512:7ceaf8] [com.apple.installcoordination:daemon] -[IXSPlaceholder _materialize]: <IXSPlaceholder(0x105510500) Name:App Placeholder: NeonDrift (com.DefaultCompany.NeonDrift) Creator:InstallCoordination Simple SPI UUID:FAA125E4-8FAA-47F7-BE09-80D2511060E2 Location:[system-defined]>: Materializing placeholder at /Users/dragonkao/Library/Developer/CoreSimulator/Devices/115FDF0C-5A2F-4686-909B-7F43F1450A28/data/Containers/Shared/SystemGroup/systemgroup.com.apple.installcoordinationd/Library/InstallCoordination/PromiseStaging/FAA125E4-8FAA-47F7-BE09-80D2511060E2/NeonDrift.app
2026-06-26 21:24:52.161 Df installcoordinationd[26512:7ceaf8] [com.apple.installcoordination:daemon] -[IXSPlaceholder _materialize]: <IXSPlaceholder(0x105510500) Name:App Placeholder: NeonDrift (com.DefaultCompany.NeonDrift) Creator:InstallCoordination Simple SPI UUID:FAA125E4-8FAA-47F7-BE09-80D2511060E2 Location:[system-defined]>: Using Info.plist icon content: {
    CFBundleIcons =     {
        CFBundlePrimaryIcon =         {
            CFBundleIconName = AppIcon;
        };
    };
    "CFBundleIcons~ipad" =     {
        CFBundlePrimaryIcon =         {
            CFBundleIconName = AppIcon;
        };
    };
    ISIconPlatform = iPhoneOS;
}
2026-06-26 21:24:52.161 Df installcoordinationd[26512:7ceaf8] [com.apple.installcoordination:daemon] -[IXSPlaceholder _materialize]_block_invoke: <IXSPlaceholder(0x105510500) Name:App Placeholder: NeonDrift (com.DefaultCompany.NeonDrift) Creator:InstallCoordination Simple SPI UUID:FAA125E4-8FAA-47F7-BE09-80D2511060E2 Location:[system-defined]>: Using icon resource Assets.car
2026-06-26 21:24:52.161 Df installcoordinationd[26512:7ceaf8] [com.apple.installcoordination:daemon] -[IXSPlaceholder _materialize]: <IXSPlaceholder(0x105510500) Name:App Placeholder: NeonDrift (com.DefaultCompany.NeonDrift) Creator:InstallCoordination Simple SPI UUID:FAA125E4-8FAA-47F7-BE09-80D2511060E2 Location:[system-defined]>: Including lproj localizations for (
)
2026-06-26 21:24:52.161 Df installcoordinationd[26512:84d612] [com.apple.installcoordination:daemon] -[IXSDataPromiseManager promiseDidComplete:]: Unowned promise completed: <IXSPlaceholder(0x105510500) Name:App Placeholder: NeonDrift (com.DefaultCompany.NeonDrift) Creator:InstallCoordination Simple SPI UUID:FAA125E4-8FAA-47F7-BE09-80D2511060E2 Location:[system-defined]>
2026-06-26 21:24:52.162 Df installcoordinationd[26512:84d612] [com.apple.installcoordination:daemon] -[IXSDataPromiseManager registerPromise:]: Registered promise <IXSPromisedTransferToPath(0x1054dd280) Name:App Asset: com.DefaultCompany.NeonDrift Creator:InstallCoordination Simple SPI UUID:179200E0-CFE0-4872-81E6-5C0982FA2F1A Location:[system-defined]> for UUID 179200E0-CFE0-4872-81E6-5C0982FA2F1A
2026-06-26 21:24:52.164 Df installcoordinationd[26512:7ceaf8] [com.apple.installcoordination:daemon] -[IXSCoordinatorManager coordinatorForIdentity:connection:error:creatingIfNotExisting:]_block_invoke: Registered coordinator: <IXSCoordinatedAppInstall<0x1055e4000> [P=CoreSimulatorBridge (pid 13156)] identifier:[com.DefaultCompany.NeonDrift/Invalid/[system-defined]] uuid:85909342-1AC3-4DE0-ABBA-8CE7591D73A7 intent:IXCoordinatorIntentUpdating creator/appDRI:InstallCoordination Simple SPI importance:Background state:IXAppCoordinationStatePlaceholderPromiseNotSet promise-state:01234>
2026-06-26 21:24:52.164 Df installcoordinationd[26512:7ceaf8] [com.apple.appinstallation:TransactionLog] com.DefaultCompany.NeonDrift/Unknown Persona:4:2:1:1:Created coordinator with intent IXCoordinatorIntentUpdating for client InstallCoordination Simple SPI
2026-06-26 21:24:52.164 Df installcoordinationd[26512:7ceaf8] [com.apple.installcoordination:daemon] -[IXSCoordinatedAppInstall setPriorityBoostCompletion:withSourceInfo:]: <IXSCoordinatedAppInstall<0x1055e4000> [P=CoreSimulatorBridge (pid 13156)] identifier:[com.DefaultCompany.NeonDrift/Invalid/[system-defined]] uuid:85909342-1AC3-4DE0-ABBA-8CE7591D73A7 intent:IXCoordinatorIntentUpdating creator/appDRI:InstallCoordination Simple SPI importance:Background state:IXAppCoordinationStatePlaceholderPromiseNotSet promise-state:01234>: Retaining completion from CoreSimulatorBridge (13156), QOS_CLASS_DEFAULT (0x15)
2026-06-26 21:24:52.164 Df installcoordinationd[26512:7ceaf8] [com.apple.installcoordination:daemon] -[IXSCoordinatedAppInstall setImportance:]: <IXSCoordinatedAppInstall<0x1055e4000> [P=CoreSimulatorBridge (pid 13156)] identifier:[com.DefaultCompany.NeonDrift/Invalid/[system-defined]] uuid:85909342-1AC3-4DE0-ABBA-8CE7591D73A7 intent:IXCoordinatorIntentUpdating creator/appDRI:InstallCoordination Simple SPI importance:UserWaiting state:IXAppCoordinationStatePlaceholderPromiseNotSet promise-state:01234>: set importance to UserWaiting
2026-06-26 21:24:52.164 Df installcoordinationd[26512:7ceaf8] [com.apple.installcoordination:daemon] -[IXSCoordinatedAppInstall _onQueue_fireObserversForClient:]: <IXSCoordinatedAppInstall<0x1055e4000> [P=CoreSimulatorBridge (pid 13156)] identifier:[com.DefaultCompany.NeonDrift/Invalid/[system-defined]] uuid:85909342-1AC3-4DE0-ABBA-8CE7591D73A7 intent:IXCoordinatorIntentUpdating creator/appDRI:InstallCoordination Simple SPI importance:UserWaiting state:IXAppCoordinationStatePlaceholderPromiseNotSet promise-state:01234>: Firing applicable observers for client <IXSClientConnection<0x1054407e0> client:CoreSimulatorBridge (pid 13156) uuid:91EA0638-10DA-4AE9-8353-ED9F7F8399EE>
2026-06-26 21:24:52.164 Df installcoordinationd[26512:7ceaf8] [com.apple.installcoordination:daemon] -[IXSCoordinatedAppInstall setPriorityBoostCompletion:withSourceInfo:]: <IXSCoordinatedAppInstall<0x1055e4000> [P=CoreSimulatorBridge (pid 13156)] identifier:[com.DefaultCompany.NeonDrift/Invalid/[system-defined]] uuid:85909342-1AC3-4DE0-ABBA-8CE7591D73A7 intent:IXCoordinatorIntentUpdating creator/appDRI:InstallCoordination Simple SPI importance:UserWaiting state:IXAppCoordinationStatePlaceholderPromiseNotSet promise-state:01234>: Disposing of completion from CoreSimulatorBridge (13156), QOS_CLASS_DEFAULT (0x15)
2026-06-26 21:24:52.164 Df installcoordinationd[26512:7ceaf8] [com.apple.installcoordination:daemon] -[IXSCoordinatedAppInstall setPriorityBoostCompletion:withSourceInfo:]: <IXSCoordinatedAppInstall<0x1055e4000> [P=CoreSimulatorBridge (pid 13156)] identifier:[com.DefaultCompany.NeonDrift/Invalid/[system-defined]] uuid:85909342-1AC3-4DE0-ABBA-8CE7591D73A7 intent:IXCoordinatorIntentUpdating creator/appDRI:InstallCoordination Simple SPI importance:UserWaiting state:IXAppCoordinationStatePlaceholderPromiseNotSet promise-state:01234>: Retaining completion from CoreSimulatorBridge (13156), QOS_CLASS_DEFAULT (0x15)
2026-06-26 21:24:52.165 Df CoreSimulatorBridge[13156:84d60f] [com.apple.installcoordination:framework] -[IXAppInstallCoordinator _clientDelegate_didRegisterForObservation]: <IXUpdatingAppInstallCoordinator<0x103458880> identity:[com.DefaultCompany.NeonDrift/Invalid/[system-defined]] uuid:85909342-1AC3-4DE0-ABBA-8CE7591D73A7 creator:InstallCoordination Simple SPI>: Got observer registration delegate
2026-06-26 21:24:52.165 Df CoreSimulatorBridge[13156:84d60f] [com.apple.installcoordination:framework] -[IXAppInstallCoordinator _clientDelegate_shouldResume]: <IXUpdatingAppInstallCoordinator<0x103458880> identity:[com.DefaultCompany.NeonDrift/Invalid/[system-defined]] uuid:85909342-1AC3-4DE0-ABBA-8CE7591D73A7 creator:InstallCoordination Simple SPI>: Got should resume delegate
2026-06-26 21:24:52.165 Df CoreSimulatorBridge[13156:84d610] [com.apple.installcoordination:framework] -[IXAppInstallCoordinator _clientDelegate_didRegisterForObservation]_block_invoke: <IXUpdatingAppInstallCoordinator<0x103458880> identity:[com.DefaultCompany.NeonDrift/Invalid/[system-defined]] uuid:85909342-1AC3-4DE0-ABBA-8CE7591D73A7 creator:InstallCoordination Simple SPI>: Observer <_IXSimpleInstallerDelegate 0x0x101b19a10> does not respond to coordinatorDidRegisterForObservation:
2026-06-26 21:24:52.166 Df CoreSimulatorBridge[13156:84d610] [com.apple.installcoordination:framework] -[IXAppInstallCoordinator _clientDelegate_shouldResume]_block_invoke: <IXUpdatingAppInstallCoordinator<0x103458880> identity:[com.DefaultCompany.NeonDrift/Invalid/[system-defined]] uuid:85909342-1AC3-4DE0-ABBA-8CE7591D73A7 creator:InstallCoordination Simple SPI>: Observer <_IXSimpleInstallerDelegate 0x0x101b19a10> does not respond to coordinatorShouldResume:
2026-06-26 21:24:52.167 Df installcoordinationd[26512:7ceaf8] [com.apple.installcoordination:daemon] -[IXSCoordinatedAppInstall _internal_setInstallOptionsPromise:performExternalActions:]: <IXSCoordinatedAppInstall<0x1055e4000> [P=CoreSimulatorBridge (pid 13156)] identifier:[com.DefaultCompany.NeonDrift/Invalid/[system-defined]] uuid:85909342-1AC3-4DE0-ABBA-8CE7591D73A7 intent:IXCoordinatorIntentUpdating creator/appDRI:InstallCoordination Simple SPI importance:UserWaiting state:IXAppCoordinationStatePlaceholderPromiseNotSet promise-state:012I4> : install options set: <IXSPromisedInMemoryData(0x1054de580) Name:MIInstallOptions data Creator:Install Coordination Internal UUID:418B7932-488F-44CA-A719-4F71C8D82EC9 Location:[system-defined]>
2026-06-26 21:24:52.167 Df installcoordinationd[26512:84d60e] [com.apple.installcoordination:daemon] -[IXSCoordinatedAppInstall promiseDidComplete:]: <IXSCoordinatedAppInstall<0x1055e4000> [P=CoreSimulatorBridge (pid 13156)] identifier:[com.DefaultCompany.NeonDrift/Invalid/[system-defined]] uuid:85909342-1AC3-4DE0-ABBA-8CE7591D73A7 intent:IXCoordinatorIntentUpdating creator/appDRI:InstallCoordination Simple SPI importance:UserWaiting state:IXAppCoordinationStatePlaceholderPromiseNotSet promise-state:012I4> : Promise completed: <IXSPromisedInMemoryData(0x1054de580) Name:MIInstallOptions data Creator:Install Coordination Internal UUID:418B7932-488F-44CA-A719-4F71C8D82EC9 Location:[system-defined]>
2026-06-26 21:24:52.167 Df installcoordinationd[26512:84d60e] [com.apple.appinstallation:TransactionLog] com.DefaultCompany.NeonDrift/Unknown Persona:4:13:1:1:Install Options Promise began. Coordinator State: IXAppCoordinationStatePlaceholderPromiseNotSet
2026-06-26 21:24:52.167 Df installcoordinationd[26512:84d60e] [com.apple.appinstallation:TransactionLog] com.DefaultCompany.NeonDrift/Unknown Persona:4:13:2:1:Install Options Promise completed. Coordinator State: IXAppCoordinationStatePlaceholderPromiseNotSet
2026-06-26 21:24:52.167 Df installcoordinationd[26512:84d60e] [com.apple.installcoordination:daemon] -[IXSCoordinatedAppInstall _internal_setAppAssetPromise:performExternalActions:]: <IXSCoordinatedAppInstall<0x1055e4000> [P=CoreSimulatorBridge (pid 13156)] identifier:[com.DefaultCompany.NeonDrift/Invalid/[system-defined]] uuid:85909342-1AC3-4DE0-ABBA-8CE7591D73A7 intent:IXCoordinatorIntentUpdating creator/appDRI:InstallCoordination Simple SPI importance:UserWaiting state:IXAppCoordinationStatePlaceholderPromiseNotSet promise-state:0a2I4> : App Asset Promise set: <IXSPromisedTransferToPath(0x1054dd280) Name:App Asset: com.DefaultCompany.NeonDrift Creator:InstallCoordination Simple SPI UUID:179200E0-CFE0-4872-81E6-5C0982FA2F1A Location:[system-defined]>
2026-06-26 21:24:52.168 Df installcoordinationd[26512:84d60e] [com.apple.installcoordination:daemon] -[IXSCoordinatedAppInstall setInitialODRAssetPromises:]: <IXSCoordinatedAppInstall<0x1055e4000> [P=CoreSimulatorBridge (pid 13156)] identifier:[com.DefaultCompany.NeonDrift/Invalid/[system-defined]] uuid:85909342-1AC3-4DE0-ABBA-8CE7591D73A7 intent:IXCoordinatorIntentUpdating creator/appDRI:InstallCoordination Simple SPI importance:UserWaiting state:IXAppCoordinationStatePlaceholderPromiseNotSet promise-state:0a2I4> : Initial ODR Asset Promises set: (
)
2026-06-26 21:24:52.169 Df CoreSimulatorBridge[13156:7cead4] [com.apple.installcoordination:framework] -[IXPromisedTransferToPath _performDeltaCopyFrom:toDestination:]: Performing delta copy from /Users/dragonkao/.openclaw/workspace/382b9e3384298039b171c9b2a60ae644/NeonDrift_MVP/project/xcode_derived_data/Build/Products/Release-iphonesimulator/NeonDrift.app to /Users/dragonkao/Library/Developer/CoreSimulator/Devices/115FDF0C-5A2F-4686-909B-7F43F1450A28/data/Containers/Shared/SystemGroup/systemgroup.com.apple.installcoordinationd/Library/InstallCoordination/PromiseStaging/179200E0-CFE0-4872-81E6-5C0982FA2F1A/NeonDrift.app with installed bundle at /Users/dragonkao/Library/Developer/CoreSimulator/Devices/115FDF0C-5A2F-4686-909B-7F43F1450A28/data/Containers/Bundle/Application/DEB3099C-681A-4F35-BB66-5E195FC7FBF5/NeonDrift.app
2026-06-26 21:24:52.169 Df CoreSimulatorBridge[13156:7cead4] (MobileSystemServices) 0x16f733000 MDMCreateDeltaDirectory: calling MDMDirectoryDiff with:
state->old_bundle: /Users/dragonkao/Library/Developer/CoreSimulator/Devices/115FDF0C-5A2F-4686-909B-7F43F1450A28/data/Containers/Bundle/Application/DEB3099C-681A-4F35-BB66-5E195FC7FBF5/NeonDrift.app
state->new_bundle: /Users/dragonkao/.openclaw/workspace/382b9e3384298039b171c9b2a60ae644/NeonDrift_MVP/project/xcode_derived_data/Build/Products/Release-iphonesimulator/NeonDrift.app
state->dst_bundle: /Users/dragonkao/Library/Developer/CoreSimulator/Devices/115FDF0C-5A2F-4686-909B-7F43F1450A28/data/Containers/Shared/SystemGroup/systemgroup.com.apple.installcoordinationd/Library/InstallCoordination/PromiseStaging/179200E0-CFE0-4872-81E6-5C0982FA2F1A/NeonDrift.app/Payload//NeonDrift.app, binaryDiff flag: FALSE
	dst_ipa: /Users/dragonkao/Library/Developer/CoreSimulator/Devices/115FDF0C-5A2F-4686-909B-7F43F1450A28/data/Containers/Shared/SystemGroup/systemgroup.com.apple.installcoordinationd/Library/InstallCoordination/PromiseStaging/17920<…>
2026-06-26 21:24:52.236 Df CoreSimulatorBridge[13156:7cead4] [com.apple.installcoordination:framework] -[IXPromisedTransferToPath setComplete:]: <IXPromisedTransferToPath<0x103458500> name:"App Asset: com.DefaultCompany.NeonDrift" uuid:179200E0-CFE0-4872-81E6-5C0982FA2F1A creator:"InstallCoordination Simple SPI" location:[system-defined]> Delta Copy operation from /Users/dragonkao/.openclaw/workspace/382b9e3384298039b171c9b2a60ae644/NeonDrift_MVP/project/xcode_derived_data/Build/Products/Release-iphonesimulator/NeonDrift.app to /Users/dragonkao/Library/Developer/CoreSimulator/Devices/115FDF0C-5A2F-4686-909B-7F43F1450A28/data/Containers/Shared/SystemGroup/systemgroup.com.apple.installcoordinationd/Library/InstallCoordination/PromiseStaging/179200E0-CFE0-4872-81E6-5C0982FA2F1A/NeonDrift.app took 0.067683 seconds
2026-06-26 21:24:52.236 Df installcoordinationd[26512:84d60e] [com.apple.installcoordination:daemon] -[IXSDataPromise _setPercentComplete:saveStateIfNeeded:]: Progress: <IXSPromisedTransferToPath(0x1054dd280) Name:App Asset: com.DefaultCompany.NeonDrift Creator:InstallCoordination Simple SPI UUID:179200E0-CFE0-4872-81E6-5C0982FA2F1A Location:[system-defined]>
2026-06-26 21:24:52.236 Df installcoordinationd[26512:7ceaf8] [com.apple.appinstallation:TransactionLog] com.DefaultCompany.NeonDrift/Unknown Persona:4:10:1:1:App Asset Promise began. Coordinator State: IXAppCoordinationStatePlaceholderPromiseNotSet
2026-06-26 21:24:52.237 Df CoreSimulatorBridge[13156:84d60f] [com.apple.installcoordination:framework] -[IXAppInstallCoordinator _clientDelegate_promiseDidBeginFulfillmentWithIdentifier:]: <IXUpdatingAppInstallCoordinator<0x103458880> identity:[com.DefaultCompany.NeonDrift/Invalid/[system-defined]] uuid:85909342-1AC3-4DE0-ABBA-8CE7591D73A7 creator:InstallCoordination Simple SPI>: Got promise did begin fulfillment for identifier 2
2026-06-26 21:24:52.237 Df CoreSimulatorBridge[13156:84d60f] [com.apple.installcoordination:framework] -[IXAppInstallCoordinator _clientDelegate_promiseDidBeginFulfillmentWithIdentifier:]_block_invoke: <IXUpdatingAppInstallCoordinator<0x103458880> identity:[com.DefaultCompany.NeonDrift/Invalid/[system-defined]] uuid:85909342-1AC3-4DE0-ABBA-8CE7591D73A7 creator:InstallCoordination Simple SPI>: Observer <_IXSimpleInstallerDelegate 0x0x101b19a10> does not respond to coordinator:configuredPromiseDidBeginFulfillment: (or any deprecated equivalent)
2026-06-26 21:24:52.237 Df installcoordinationd[26512:84d612] [com.apple.installcoordination:daemon] -[IXSCoordinatedAppInstall promiseDidComplete:]: <IXSCoordinatedAppInstall<0x1055e4000> [P=CoreSimulatorBridge (pid 13156)] identifier:[com.DefaultCompany.NeonDrift/Invalid/[system-defined]] uuid:85909342-1AC3-4DE0-ABBA-8CE7591D73A7 intent:IXCoordinatorIntentUpdating creator/appDRI:InstallCoordination Simple SPI importance:UserWaiting state:IXAppCoordinationStatePlaceholderPromiseNotSet promise-state:0A2I4> : Promise completed: <IXSPromisedTransferToPath(0x1054dd280) Name:App Asset: com.DefaultCompany.NeonDrift Creator:InstallCoordination Simple SPI UUID:179200E0-CFE0-4872-81E6-5C0982FA2F1A Location:[system-defined]>
2026-06-26 21:24:52.237 Df CoreSimulatorBridge[13156:84d610] [com.apple.installcoordination:framework] -[IXAppInstallCoordinator _clientDelegate_didUpdateProgress:forPhase:overallProgress:]: <IXUpdatingAppInstallCoordinator<0x103458880> identity:[com.DefaultCompany.NeonDrift/Invalid/[system-defined]] uuid:85909342-1AC3-4DE0-ABBA-8CE7591D73A7 creator:InstallCoordination Simple SPI>: Got did update progress delegate with percentComplete 100.000000 phase IXCoordinatorProgressPhaseLoading overallProgress 60.000000
2026-06-26 21:24:52.237 Df installcoordinationd[26512:84d616] [com.apple.installcoordination:daemon] -[IXSCoordinatedAppInstall setPlaceholderPromise:]: <IXSCoordinatedAppInstall<0x1055e4000> [P=CoreSimulatorBridge (pid 13156)] identifier:[com.DefaultCompany.NeonDrift/Invalid/[system-defined]] uuid:85909342-1AC3-4DE0-ABBA-8CE7591D73A7 intent:IXCoordinatorIntentUpdating creator/appDRI:InstallCoordination Simple SPI importance:UserWaiting state:IXAppCoordinationStateReadyForPlaceholderInstall promise-state:PA2I4> : Placeholder Promise set: <IXSPlaceholder(0x105510500) Name:App Placeholder: NeonDrift (com.DefaultCompany.NeonDrift) Creator:InstallCoordination Simple SPI UUID:FAA125E4-8FAA-47F7-BE09-80D2511060E2 Location:[system-defined]>
2026-06-26 21:24:52.237 Df CoreSimulatorBridge[13156:84d610] [com.apple.installcoordination:framework] -[IXAppInstallCoordinator _clientDelegate_didUpdateProgress:forPhase:overallProgress:]_block_invoke: <IXUpdatingAppInstallCoordinator<0x103458880> identity:[com.DefaultCompany.NeonDrift/Invalid/[system-defined]] uuid:85909342-1AC3-4DE0-ABBA-8CE7591D73A7 creator:InstallCoordination Simple SPI>: Calling selector coordinator:didUpdateProgress:forPhase:overallProgress: on observer <_IXSimpleInstallerDelegate 0x0x101b19a10>
2026-06-26 21:24:52.237 Df installcoordinationd[26512:7ceaf8] [com.apple.installcoordination:daemon] -[IXSCoordinatedAppInstall promiseDidComplete:]: <IXSCoordinatedAppInstall<0x1055e4000> [P=CoreSimulatorBridge (pid 13156)] identifier:[com.DefaultCompany.NeonDrift/Invalid/[system-defined]] uuid:85909342-1AC3-4DE0-ABBA-8CE7591D73A7 intent:IXCoordinatorIntentUpdating creator/appDRI:InstallCoordination Simple SPI importance:UserWaiting state:IXAppCoordinationStateReadyForPlaceholderInstall promise-state:PA2I4> : Promise completed: <IXSPlaceholder(0x105510500) Name:App Placeholder: NeonDrift (com.DefaultCompany.NeonDrift) Creator:InstallCoordination Simple SPI UUID:FAA125E4-8FAA-47F7-BE09-80D2511060E2 Location:[system-defined]>
2026-06-26 21:24:52.237 Df installcoordinationd[26512:84d616] [com.apple.installcoordination:daemon] -[IXSCoordinatedAppInstall _onQueue_acquireAssertionAndInstallPlaceholder]: Acquiring termination assertion to install placeholder for [com.DefaultCompany.NeonDrift/Invalid/[system-defined]]
2026-06-26 21:24:52.237 Df installcoordinationd[26512:84d616] [com.apple.installcoordination:daemon] -[IXSPendingOperationsTracker beginPendingOperationForIdentity:]_block_invoke: Beginning pending operation for [com.DefaultCompany.NeonDrift/Invalid/[system-defined]]
2026-06-26 21:24:52.238 Df runningboardd[13128:848b75] [com.apple.runningboard:connection] Received termination request from [osservice<com.apple.installcoordinationd>:26512] on <RBSProcessPredicate <RBSProcessBundleIdentifierPredicate "com.DefaultCompany.NeonDrift">> with context <RBSTerminateContext| explanation:installcoordinationd app:[com.DefaultCompany.NeonDrift/Invalid/[system-defined]] uuid:85909342-1AC3-4DE0-ABBA-8CE7591D73A7 isPlaceholder:Y reportType:None maxTerminationResistance:Absolute attrs:[
	<RBSPreventLaunchLimitation| <RBSProcessPredicate <RBSProcessBundleIdentifierPredicate "com.DefaultCompany.NeonDrift">> allow:(null)>
	]>
2026-06-26 21:24:52.238 Df installcoordinationd[26512:7ceaf8] [com.apple.runningboard:process] Hit the server for a process handle cc9de8e0001648a that resolved to: [app<com.DefaultCompany.NeonDrift((null))>:91274]
2026-06-26 21:24:52.238 Df installcoordinationd[26512:7ceaf8] [com.apple.runningboard:monitor] Received state update for 91274 (app<com.DefaultCompany.NeonDrift((null))>, running-active-NotVisible
2026-06-26 21:24:52.238 Df runningboardd[13128:848b75] [com.apple.runningboard:general] Found 0 extensions contained in com.DefaultCompany.NeonDrift
2026-06-26 21:24:52.239 Df runningboardd[13128:848b75] [com.apple.PlugInKit:holds] <PKManager:0x104c602a0> hold request for [/Users/dragonkao/Library/Developer/CoreSimulator/Devices/115FDF0C-5A2F-4686-909B-7F43F1450A28/data/Containers/Bundle/Application/DEB3099C-681A-4F35-BB66-5E195FC7FBF5/NeonDrift.app] with flags: 0x4
2026-06-26 21:24:52.240 Df NeonDrift[91274:80ced3] [com.apple.PlugInKit:discovery] Annotations changed, re-performing query for continuous discovery, report block = <0x118e475a0>.
2026-06-26 21:24:52.241 Df NeonDrift[91274:80ced3] [com.apple.PlugInKit:discovery] [d 1C595104-82BB-46D7-9045-0732AC0A3371] <PKHost:0x11a14c4c0> Beginning discovery for flags: 0, point: com.apple.AudioUnit-UI
2026-06-26 21:24:52.241 Df NeonDrift[91274:80ced3] [com.apple.PlugInKit:discovery] Annotations changed, re-performing query for continuous discovery, report block = <0x118e473c0>.
2026-06-26 21:24:52.241 Df runningboardd[13128:848b75] [com.apple.PlugInKit:holds] <PKManager:0x104c602a0> hold request for [/Users/dragonkao/Library/Developer/CoreSimulator/Devices/115FDF0C-5A2F-4686-909B-7F43F1450A28/data/Containers/Bundle/Application/DEB3099C-681A-4F35-BB66-5E195FC7FBF5/NeonDrift.app] with flags: 0x4 completed with hold token: [E6BF6BFB-0396-4244-B7E7-5AD8FD25E27E]
2026-06-26 21:24:52.241 Df NeonDrift[91274:80ced3] [com.apple.PlugInKit:discovery] [d 59CA1161-C3F7-4078-8E8C-4EDD612BF227] <PKHost:0x11a14c4c0> Beginning discovery for flags: 0, point: com.apple.AudioUnit-Speech
2026-06-26 21:24:52.241 Df NeonDrift[91274:80ced3] [com.apple.PlugInKit:discovery] Annotations changed, re-performing query for continuous discovery, report block = <0x118e47090>.
2026-06-26 21:24:52.241 Df runningboardd[13128:848b75] [com.apple.runningboard:ttl] Acquiring assertion targeting system from originator [osservice<com.apple.installcoordinationd>:26512] with description <RBSAssertionDescriptor| "installcoordinationd app:[com.DefaultCompany.NeonDrift/Invalid/[system-defined]] uuid:85909342-1AC3-4DE0-ABBA-8CE7591D73A7 isPlaceholder:Y" ID:13128-26512-8037 target:system attributes:[
	<RBSPreventLaunchLimitation| <RBSProcessPredicate <RBSProcessBundleIdentifierPredicate "com.DefaultCompany.NeonDrift">> allow:(null)>
	]>
2026-06-26 21:24:52.242 Df runningboardd[13128:848b75] [com.apple.runningboard:process] Executing termination request for: <RBSProcessPredicate <RBSProcessBundleIdentifierPredicate "com.DefaultCompany.NeonDrift">>
2026-06-26 21:24:52.243 Df NeonDrift[91274:80ced3] [com.apple.PlugInKit:discovery] [d 10A9AB86-EEC2-4359-8D42-C8A90AE36C31] <PKHost:0x11a14c4c0> Beginning discovery for flags: 0, point: com.apple.AudioUnit
2026-06-26 21:24:52.243 Df SpringBoard[13125:4bdd22] [com.apple.SpringBoard:Common] termination assertion acquired for com.DefaultCompany.NeonDrift
2026-06-26 21:24:52.243 Df SpringBoard[13125:4bdd22] [com.apple.SpringBoard:Icon] 0x11fa327c0-SBApplicationIcon Data source did change: <SBApplication: 0x12aa0b300; com.DefaultCompany.NeonDrift> {
    processState = <SBApplicationProcessState: 0x122cb6980; pid: 91274; taskState: Running; visibility: Background>;
} (SBApplication)
2026-06-26 21:24:52.243 Df runningboardd[13128:848b75] [com.apple.runningboard:process] [app<com.DefaultCompany.NeonDrift((null))>:91274] Terminating with context: <RBSTerminateContext| explanation:installcoordinationd app:[com.DefaultCompany.NeonDrift/Invalid/[system-defined]] uuid:85909342-1AC3-4DE0-ABBA-8CE7591D73A7 isPlaceholder:Y reportType:None maxTerminationResistance:Absolute attrs:[
	<RBSPreventLaunchLimitation| <RBSProcessPredicate <RBSProcessBundleIdentifierPredicate "com.DefaultCompany.NeonDrift">> allow:(null)>
	]>
2026-06-26 21:24:52.243 Df runningboardd[13128:848b75] [com.apple.runningboard:process] [app<com.DefaultCompany.NeonDrift((null))>:91274] terminate_with_reason() success
2026-06-26 21:24:52.244 Df SpringBoard[13125:84c1a8] [com.apple.FrontBoard:ProcessWorkspace] [app<com.DefaultCompany.NeonDrift>:91274] Workspace connection invalidated.
2026-06-26 21:24:52.244 Df SpringBoard[13125:84c1a8] [com.apple.FrontBoard:Process] [app<com.DefaultCompany.NeonDrift>:91274] Now flagged as pending exit for reason: workspace client connection invalidated
2026-06-26 21:24:52.244 Df backboardd[13147:84d626] [com.apple.iohid:default] Connection removed: IOHIDEventSystemConnection uuid:C0B3814C-FDEB-48D5-ACBA-FB24AA975F66 pid:91274 process:NeonDrift type:Monitor entitlements:0x0 caller:GameControllerFoundation: -[GCHIDEventSystemClient initWithQueue:type:attributes:functions:] + 116 attributes:(null) state:0x1 events:0 mask:0x0 dropped:0 dropStatus:0 droppedMask:0x0 lastDroppedTime:NONE
2026-06-26 21:24:52.244 Df backboardd[13147:84d625] [com.apple.iohid:default] Connection removed: IOHIDEventSystemConnection uuid:92D693D0-7056-4B07-9FA5-2C52624D5FBE pid:91274 process:NeonDrift type:Passive entitlements:0x0 caller:BackBoardServices: ___getHIDEventSystemClient_block_invoke + 296 attributes:{
    HighFrequency = 0;
    bundleID = "com.DefaultCompany.NeonDrift";
    pid = 91274;
} state:0x1 events:0 mask:0x0 dropped:0 dropStatus:0 droppedMask:0x0 lastDroppedTime:NONE
2026-06-26 21:24:52.244 Df backboardd[13147:84d625] [com.apple.BackBoard:HID] Removing client connection <BKHIDClientConnection: 0x1128a2dc0; IOHIDEventSystemConnectionRef: 0x105eecc00; vpid: 91274(v2325E2); taskPort: 0x2269F; bundleID: com.DefaultCompany.NeonDrift> for client: IOHIDEventSystemConnection uuid:92D693D0-7056-4B07-9FA5-2C52624D5FBE pid:91274 process:NeonDrift type:Passive entitlements:0x0 caller:BackBoardServices: ___getHIDEventSystemClient_block_invoke + 296 attributes:{
    HighFrequency = 0;
    bundleID = "com.DefaultCompany.NeonDrift";
    pid = 91274;
} state:0x1 events:0 mask:0x0 dropped:0 dropStatus:0 droppedMask:0x0 lastDroppedTime:NONE source:HID
2026-06-26 21:24:52.244 Df installcoordinationd[26512:84d616] [com.apple.runningboard:assertion] Setting up death monitor for [app<com.DefaultCompany.NeonDrift((null))>:91274]
2026-06-26 21:24:52.244 Df installcoordinationd[26512:84d616] [com.apple.runningboard:process] Starting death monitoring for handle [app<com.DefaultCompany.NeonDrift((null))>:91274]
2026-06-26 21:24:52.244 Df runningboardd[13128:848b75] [com.apple.runningboard:process] XPC connection invalidated: [app<com.DefaultCompany.NeonDrift((null))>:91274]
2026-06-26 21:24:52.245 Df installcoordinationd[26512:84d60e] [com.apple.appinstallation:TransactionLog] com.DefaultCompany.NeonDrift/Unknown Persona:4:10:2:1:App Asset Promise completed. Coordinator State: IXAppCoordinationStateWaitingForPlaceholderAssertion
2026-06-26 21:24:52.245 Df installcoordinationd[26512:84d60e] [com.apple.appinstallation:TransactionLog] com.DefaultCompany.NeonDrift/Unknown Persona:4:9:1:1:Placeholder Promise began. Coordinator State: IXAppCoordinationStateWaitingForPlaceholderAssertion
2026-06-26 21:24:52.245 Df installcoordinationd[26512:84d60e] [com.apple.installcoordination:daemon] -[IXSCoordinatorProgress setTotalUnitsCompleted:]: Progress for coordinator: [com.DefaultCompany.NeonDrift/Invalid/[system-defined]], Phase: IXCoordinatorProgressPhaseLoading, Percentage: 100.000000: Attempt to set units completed on finished progress: 100
2026-06-26 21:24:52.245 Df installcoordinationd[26512:84d60e] [com.apple.appinstallation:TransactionLog] com.DefaultCompany.NeonDrift/Unknown Persona:4:9:2:1:Placeholder Promise completed. Coordinator State: IXAppCoordinationStateWaitingForPlaceholderAssertion
2026-06-26 21:24:52.245 Df CoreSimulatorBridge[13156:84d610] [com.apple.installcoordination:framework] -[IXAppInstallCoordinator _clientDelegate_promiseDidBeginFulfillmentWithIdentifier:]: <IXUpdatingAppInstallCoordinator<0x103458880> identity:[com.DefaultCompany.NeonDrift/Invalid/[system-defined]] uuid:85909342-1AC3-4DE0-ABBA-8CE7591D73A7 creator:InstallCoordination Simple SPI>: Got promise did begin fulfillment for identifier 1
2026-06-26 21:24:52.245 Df CoreSimulatorBridge[13156:84d610] [com.apple.installcoordination:framework] -[IXAppInstallCoordinator _clientDelegate_promiseDidBeginFulfillmentWithIdentifier:]_block_invoke: <IXUpdatingAppInstallCoordinator<0x103458880> identity:[com.DefaultCompany.NeonDrift/Invalid/[system-defined]] uuid:85909342-1AC3-4DE0-ABBA-8CE7591D73A7 creator:InstallCoordination Simple SPI>: Observer <_IXSimpleInstallerDelegate 0x0x101b19a10> does not respond to coordinator:configuredPromiseDidBeginFulfillment: (or any deprecated equivalent)
2026-06-26 21:24:52.258 Df launchd_sim[13120:84ce87] [user/501/UIKitApplication:com.DefaultCompany.NeonDrift[86af][rb-legacy] [91274]:] exited with exit reason (namespace: 15 code: 0x0) - OS_REASON_RUNNINGBOARD | <RBSTerminateContext| explanation:installcoordinationd app:[com.DefaultCompany.NeonDrift/Invalid/[system-defined]] uuid:85909342-1AC3-4DE0-ABBA-8CE7591D73A7 isPlaceholder:Y reportType:None maxTerminationResistance:Absolute attrs:[
	<RBSPreventLaunchLimitation| <RBSProcessPredicate <RBSProcessBundleIdentifierPredicate "com.DefaultCompany.NeonDrift">> allow:(null)>
	]>, ran for 18971021ms
2026-06-26 21:24:52.258 Df launchd_sim[13120:84ce87] [user/501:] service inactive: UIKitApplication:com.DefaultCompany.NeonDrift[86af][rb-legacy]
2026-06-26 21:24:52.258 Df runningboardd[13128:848b74] [com.apple.runningboard:ttl] [app<com.DefaultCompany.NeonDrift((null))>:91274] termination reported by launchd (15, 0, 9)
2026-06-26 21:24:52.258 Df runningboardd[13128:848b74] [com.apple.runningboard:process] Removing process: [app<com.DefaultCompany.NeonDrift((null))>:91274]
2026-06-26 21:24:52.259 Df runningboardd[13128:848b74] [com.apple.runningboard:job] Removing launch job for: [app<com.DefaultCompany.NeonDrift((null))>:91274]
2026-06-26 21:24:52.259 Df launchd_sim[13120:84d2a6] [user/501:] removing service: UIKitApplication:com.DefaultCompany.NeonDrift[86af][rb-legacy]
2026-06-26 21:24:52.259 Df runningboardd[13128:848b74] [com.apple.runningboard:job] Removed job for [app<com.DefaultCompany.NeonDrift((null))>:91274]
2026-06-26 21:24:52.259 Df runningboardd[13128:848b74] [com.apple.runningboard:process] Removing assertions for terminated process: [app<com.DefaultCompany.NeonDrift((null))>:91274]
2026-06-26 21:24:52.259 Df runningboardd[13128:848b74] [com.apple.runningboard:assertion] Removed last relative-start-date-defining assertion for process app<com.DefaultCompany.NeonDrift((null))>
2026-06-26 21:24:52.259 Df runningboardd[13128:84d656] [com.apple.runningboard:process] Notifying connection [osservice<com.apple.SpringBoard>:13125] that process [app<com.DefaultCompany.NeonDrift((null))>:91274] exited with context <RBSProcessExitContext| specific, status:<RBSProcessExitStatus| domain:runningboard(15) code:0>>
2026-06-26 21:24:52.259 Df runningboardd[13128:848b76] [com.apple.runningboard:monitor] Calculated state for app<com.DefaultCompany.NeonDrift((null))>: none (role: None) (endowments: (null))
2026-06-26 21:24:52.259 Df runningboardd[13128:84d656] [com.apple.runningboard:process] Notifying connection [osservice<com.apple.installcoordinationd>:26512] that process [app<com.DefaultCompany.NeonDrift((null))>:91274] exited with context <RBSProcessExitContext| specific, status:<RBSProcessExitStatus| domain:runningboard(15) code:0>>
2026-06-26 21:24:52.259 Df runningboardd[13128:848b74] [com.apple.runningboard:process] Periodic Run States <RBProcessState| identity:app<com.DefaultCompany.NeonDrift.run.1782407758.7409((null))> role:NonUserInteractive gpuRole:None coalitionLevel:0 explicitJetsamBand:100 memoryLimit:Inactive(Soft) flags:44 guaranteedRunning:NO legacyFinishTaskReason:0 attributes:[
	SupportsBackgroundAudio
	] primitiveAssertions:[
	<RBSProcessAssertionInfo| type:2 reason:1 name:"Domain" domain:"com.apple.mediaexperience:MediaPlayback" expl:"MediaPlayback">,
	<RBSProcessAssertionInfo| type:2 reason:0 name:"Domain" domain:"com.apple.underlying:defaultUnderlyingAppAssertion" expl:"RB Underlying Assertion">,
	<RBSProcessAssertionInfo| type:2 reason:23 name:"Domain" domain:"com.apple.mediaexperience:AudioRecording" expl:"AudioRecording">
	]>
2026-06-26 21:24:52.259 Df runningboardd[13128:848b76] [com.apple.runningboard:monitor] Calculated state for app<com.DefaultCompany.NeonDrift((null))>: none (role: None) (endowments: (null))
2026-06-26 21:24:52.259 Df runningboardd[13128:848b74] [com.apple.runningboard:process] Periodic Run States <RBProcessState| identity:app<com.DefaultCompany.NeonDrift.run.1782461851.95225((null))> role:NonUserInteractive gpuRole:None coalitionLevel:0 explicitJetsamBand:100 memoryLimit:Inactive(Soft) flags:44 guaranteedRunning:NO legacyFinishTaskReason:0 attributes:[
	SupportsBackgroundAudio
	] primitiveAssertions:[
	<RBSProcessAssertionInfo| type:2 reason:1 name:"Domain" domain:"com.apple.mediaexperience:MediaPlayback" expl:"MediaPlayback">,
	<RBSProcessAssertionInfo| type:2 reason:0 name:"Domain" domain:"com.apple.underlying:defaultUnderlyingAppAssertion" expl:"RB Underlying Assertion">,
	<RBSProcessAssertionInfo| type:2 reason:23 name:"Domain" domain:"com.apple.mediaexperience:AudioRecording" expl:"AudioRecording">
	]>
2026-06-26 21:24:52.259 Df SpringBoard[13125:84d64e] [com.apple.runningboard:process] Calling process death completion block for handle [app<com.DefaultCompany.NeonDrift((null))>:91274]
2026-06-26 21:24:52.259 Df installcoordinationd[26512:7ceaf8] [com.apple.runningboard:process] Calling process death completion block for handle [app<com.DefaultCompany.NeonDrift((null))>:91274]
2026-06-26 21:24:52.259 Df SpringBoard[13125:84d64e] [com.apple.FrontBoard:Process] [app<com.DefaultCompany.NeonDrift>:91274] Process exited: <RBSProcessExitContext| specific, status:<RBSProcessExitStatus| domain:runningboard(15) code:0>>.
2026-06-26 21:24:52.259 Df runningboardd[13128:848b74] [com.apple.runningboard:process] Periodic Run States <RBProcessState| identity:app<com.DefaultCompany.NeonDrift.run.1782463407.6244((null))> role:UserInteractiveFocal gpuRole:UserInteractiveFocal coalitionLevel:0 explicitJetsamBand:100 memoryLimit:Inactive(Soft) flags:144 guaranteedRunning:NO legacyFinishTaskReason:0 inheritances:<RBMutableInheritanceCollection| inheritancesByEnvironment:{
	UIScene:com.apple.frontboard.systemappservices/FBSceneManager:sceneID%3Acom.DefaultCompany.NeonDrift.run.1782463407.6244-default=[
		<RBSInheritance| environment:UIScene:com.apple.frontboard.systemappservices/FBSceneManager:sceneID%3Acom.DefaultCompany.NeonDrift.run.1782463407.6244-default name:com.apple.frontboard.visibility origID:13128-13125-6976 payload 2338507433811884420>
		]
		
	}> attributes:[
	SupportsBackgroundAudio
	] primitiveAssertions:[
	<RBSProcessAssertionInfo| type:2 reason:0 name:"Domain" domain:"com.apple.underlying:defaultUnderlyingAppAssertion" expl:"RB Underlying Assertion">,
	<RBSProcessAssertionInfo| type:2 reason:10000 name:"Domain" domain:"<…>
