2026-06-27 01:11:05.470 Df installd[84899:964e85] (MobileSystemServices) 0x16d0eb000 -[MIClientConnection _doInstallationForURL:identity:domain:options:operationType:completion:]: Install of "/Users/dragonkao/Library/Developer/CoreSimulator/Devices/CC47DE7A-8196-4465-A5A5-BB852C9C6C82/data/Containers/Shared/SystemGroup/systemgroup.com.apple.installcoordinationd/Library/InstallCoordination/PromiseStaging/68E76B34-4711-458A-961F-219CF970AEFB/NeonDrift.run.1782493753.82761.app" type Developer (LSInstallType = 0, Domain: MIInstallationDomainDefault) requested by installcoordinationd (pid 84878 (501/20))
2026-06-27 01:11:05.471 Df SpringBoard[84835:964d61] [com.apple.launchservices:appinstallation] LaunchServices observer: Will install (
    "<LSApplicationProxy: 0x126ffadc0> com.DefaultCompany.NeonDrift.run.1782493753.82761 file:///Users/dragonkao/Library/Developer/CoreSimulator/Devices/CC47DE7A-8196-4465-A5A5-BB852C9C6C82/data/Containers/Bundle/Application/54F57C06-7203-42C9-A64F-6A7822129B9B/NeonDrift.run.1782493753.82761.app/ <com.DefaultCompany.NeonDrift.run.1782493753.82761 <installed >:0>"
)
2026-06-27 01:11:05.472 Df SpringBoard[84835:964d61] [com.apple.frontboard.ApplicationLibrary:observer] -[FBSApplicationLibrary applicationsWillInstall:] com.DefaultCompany.NeonDrift.run.1782493753.82761
2026-06-27 01:11:05.473 Df CoreSimulatorBridge[84699:96465a] [com.apple.installcoordination:framework] -[IXAppInstallCoordinator _clientDelegate_didUpdateProgress:forPhase:overallProgress:]: <IXUpdatingAppInstallCoordinator<0x103891280> identity:[com.DefaultCompany.NeonDrift.run.1782493753.82761/Invalid/[system-defined]] uuid:08922505-C3FD-4C63-A1B1-3ED921BFFC80 creator:InstallCoordination Simple SPI>: Got did update progress delegate with percentComplete 5.000000 phase IXCoordinatorProgressPhaseInstalling overallProgress 62.000000
2026-06-27 01:11:05.473 Df CoreSimulatorBridge[84699:96465a] [com.apple.installcoordination:framework] -[IXAppInstallCoordinator _clientDelegate_didUpdateProgress:forPhase:overallProgress:]: <IXUpdatingAppInstallCoordinator<0x103891280> identity:[com.DefaultCompany.NeonDrift.run.1782493753.82761/Invalid/[system-defined]] uuid:08922505-C3FD-4C63-A1B1-3ED921BFFC80 creator:InstallCoordination Simple SPI>: Got did update progress delegate with percentComplete 15.000000 phase IXCoordinatorProgressPhaseInstalling overallProgress 66.000000
2026-06-27 01:11:05.473 Df CoreSimulatorBridge[84699:96465a] [com.apple.installcoordination:framework] -[IXAppInstallCoordinator _clientDelegate_didUpdateProgress:forPhase:overallProgress:]: <IXUpdatingAppInstallCoordinator<0x103891280> identity:[com.DefaultCompany.NeonDrift.run.1782493753.82761/Invalid/[system-defined]] uuid:08922505-C3FD-4C63-A1B1-3ED921BFFC80 creator:InstallCoordination Simple SPI>: Got did update progress delegate with percentComplete 20.000000 phase IXCoordinatorProgressPhaseInstalling overallProgress 68.000000
2026-06-27 01:11:05.473 Df CoreSimulatorBridge[84699:96465a] [com.apple.installcoordination:framework] -[IXAppInstallCoordinator _clientDelegate_didUpdateProgress:forPhase:overallProgress:]_block_invoke: <IXUpdatingAppInstallCoordinator<0x103891280> identity:[com.DefaultCompany.NeonDrift.run.1782493753.82761/Invalid/[system-defined]] uuid:08922505-C3FD-4C63-A1B1-3ED921BFFC80 creator:InstallCoordination Simple SPI>: Calling selector coordinator:didUpdateProgress:forPhase:overallProgress: on observer <_IXSimpleInstallerDelegate 0x0x103858db0>
2026-06-27 01:11:05.473 Df CoreSimulatorBridge[84699:96465a] [com.apple.installcoordination:framework] -[IXAppInstallCoordinator _clientDelegate_didUpdateProgress:forPhase:overallProgress:]_block_invoke: <IXUpdatingAppInstallCoordinator<0x103891280> identity:[com.DefaultCompany.NeonDrift.run.1782493753.82761/Invalid/[system-defined]] uuid:08922505-C3FD-4C63-A1B1-3ED921BFFC80 creator:InstallCoordination Simple SPI>: Calling selector coordinator:didUpdateProgress:forPhase:overallProgress: on observer <_IXSimpleInstallerDelegate 0x0x103858db0>
2026-06-27 01:11:05.473 Df CoreSimulatorBridge[84699:96465a] [com.apple.installcoordination:framework] -[IXAppInstallCoordinator _clientDelegate_didUpdateProgress:forPhase:overallProgress:]_block_invoke: <IXUpdatingAppInstallCoordinator<0x103891280> identity:[com.DefaultCompany.NeonDrift.run.1782493753.82761/Invalid/[system-defined]] uuid:08922505-C3FD-4C63-A1B1-3ED921BFFC80 creator:InstallCoordination Simple SPI>: Calling selector coordinator:didUpdateProgress:forPhase:overallProgress: on observer <_IXSimpleInstallerDelegate 0x0x103858db0>
2026-06-27 01:11:05.475 Df installd[84899:964e85] [com.apple.containermanager:xpc] Query; euid = 501, uid = 501, class = 1, identifier = [com.DefaultCompany.NeonDrift.run.1782493753.82761](1), flags = 300000002
2026-06-27 01:11:05.477 Df installd[84899:964e85] [com.apple.containermanager:xpc] Query; euid = 501, uid = 501, class = 1, identifier = [com.DefaultCompany.NeonDrift.run.1782493753.82761](1), flags = 300000002
2026-06-27 01:11:05.487 Df installd[84899:964e85] [com.apple.containermanager:xpc] Query; euid = 501, uid = 501, class = 1, identifier = [com.DefaultCompany.NeonDrift.run.1782493753.82761](1), flags = 300000002
2026-06-27 01:11:05.487 Df installcoordinationd[84878:964e9b] [com.apple.installcoordination:daemon] -[IXSCoordinatorProgress setTotalUnitsCompleted:]: Progress for coordinator: [com.DefaultCompany.NeonDrift.run.1782493753.82761/Invalid/[system-defined]], Phase: IXCoordinatorProgressPhaseInstalling, Percentage: 20.000000: Attempt to set units completed on finished progress: 20
2026-06-27 01:11:05.487 Df installd[84899:964e85] [com.apple.containermanager:xpc] Query; euid = 501, uid = 501, class = 1, identifier = [com.DefaultCompany.NeonDrift.run.1782493753.82761](1), flags = 300000002
2026-06-27 01:11:05.491 Df installd[84899:964e85] (MobileSystemServices) 0x16d0eb000 -[MIInstaller _installInstallable:containingSymlink:error:]: Installing <MIInstallableBundle ID=com.DefaultCompany.NeonDrift.run.1782493753.82761; Persona=com.apple.containermanager.primary-persona, Version=0, ShortVersion=1.0>
2026-06-27 01:11:05.492 Df installd[84899:964e85] [com.apple.appinstallation:TransactionLog] com.DefaultCompany.NeonDrift.run.1782493753.82761/com.apple.containermanager.primary-persona:7:1:1:1:Start : Install (Patch Update)
2026-06-27 01:11:05.492 Df installd[84899:964e85] (MobileSystemServices) 0x16d0eb000 -[MIInstallable applyPatchWithError:]: Attempting Delta patch update of com.DefaultCompany.NeonDrift.run.1782493753.82761 from 0 (1.0) to 0 (1.0)
2026-06-27 01:11:05.492 Df CoreSimulatorBridge[84699:9647a9] [com.apple.installcoordination:framework] -[IXAppInstallCoordinator _clientDelegate_didUpdateProgress:forPhase:overallProgress:]: <IXUpdatingAppInstallCoordinator<0x103891280> identity:[com.DefaultCompany.NeonDrift.run.1782493753.82761/Invalid/[system-defined]] uuid:08922505-C3FD-4C63-A1B1-3ED921BFFC80 creator:InstallCoordination Simple SPI>: Got did update progress delegate with percentComplete 30.000000 phase IXCoordinatorProgressPhaseInstalling overallProgress 72.000000
2026-06-27 01:11:05.492 Df CoreSimulatorBridge[84699:9647a9] [com.apple.installcoordination:framework] -[IXAppInstallCoordinator _clientDelegate_didUpdateProgress:forPhase:overallProgress:]: <IXUpdatingAppInstallCoordinator<0x103891280> identity:[com.DefaultCompany.NeonDrift.run.1782493753.82761/Invalid/[system-defined]] uuid:08922505-C3FD-4C63-A1B1-3ED921BFFC80 creator:InstallCoordination Simple SPI>: Got did update progress delegate with percentComplete 35.000000 phase IXCoordinatorProgressPhaseInstalling overallProgress 74.000000
2026-06-27 01:11:05.492 Df CoreSimulatorBridge[84699:9647a9] [com.apple.installcoordination:framework] -[IXAppInstallCoordinator _clientDelegate_didUpdateProgress:forPhase:overallProgress:]_block_invoke: <IXUpdatingAppInstallCoordinator<0x103891280> identity:[com.DefaultCompany.NeonDrift.run.1782493753.82761/Invalid/[system-defined]] uuid:08922505-C3FD-4C63-A1B1-3ED921BFFC80 creator:InstallCoordination Simple SPI>: Calling selector coordinator:didUpdateProgress:forPhase:overallProgress: on observer <_IXSimpleInstallerDelegate 0x0x103858db0>
2026-06-27 01:11:05.492 Df CoreSimulatorBridge[84699:9647a9] [com.apple.installcoordination:framework] -[IXAppInstallCoordinator _clientDelegate_didUpdateProgress:forPhase:overallProgress:]_block_invoke: <IXUpdatingAppInstallCoordinator<0x103891280> identity:[com.DefaultCompany.NeonDrift.run.1782493753.82761/Invalid/[system-defined]] uuid:08922505-C3FD-4C63-A1B1-3ED921BFFC80 creator:InstallCoordination Simple SPI>: Calling selector coordinator:didUpdateProgress:forPhase:overallProgress: on observer <_IXSimpleInstallerDelegate 0x0x103858db0>
2026-06-27 01:11:05.518 Df installd[84899:964e85] [com.apple.containermanager:query] Query; euid = 501, uid = 501, class = 4, identifier = [com.DefaultCompany.NeonDrift.run.1782493753.82761](1), flags = 300000002
2026-06-27 01:11:05.519 Df installd[84899:964e85] [com.apple.containermanager:query] Query; euid = 501, uid = 501, class = 4, identifier = [com.DefaultCompany.NeonDrift.run.1782493753.82761](1), flags = 300000002
2026-06-27 01:11:05.519 Df CoreSimulatorBridge[84699:96465a] [com.apple.installcoordination:framework] -[IXAppInstallCoordinator _clientDelegate_didUpdateProgress:forPhase:overallProgress:]: <IXUpdatingAppInstallCoordinator<0x103891280> identity:[com.DefaultCompany.NeonDrift.run.1782493753.82761/Invalid/[system-defined]] uuid:08922505-C3FD-4C63-A1B1-3ED921BFFC80 creator:InstallCoordination Simple SPI>: Got did update progress delegate with percentComplete 40.000000 phase IXCoordinatorProgressPhaseInstalling overallProgress 76.000000
2026-06-27 01:11:05.519 Df CoreSimulatorBridge[84699:96465a] [com.apple.installcoordination:framework] -[IXAppInstallCoordinator _clientDelegate_didUpdateProgress:forPhase:overallProgress:]_block_invoke: <IXUpdatingAppInstallCoordinator<0x103891280> identity:[com.DefaultCompany.NeonDrift.run.1782493753.82761/Invalid/[system-defined]] uuid:08922505-C3FD-4C63-A1B1-3ED921BFFC80 creator:InstallCoordination Simple SPI>: Calling selector coordinator:didUpdateProgress:forPhase:overallProgress: on observer <_IXSimpleInstallerDelegate 0x0x103858db0>
2026-06-27 01:11:05.520 Df installd[84899:964e85] [com.apple.containermanager:xpc] Query; euid = 501, uid = 501, class = 1, identifier = [com.DefaultCompany.NeonDrift.run.1782493753.82761](1), flags = 300000003
2026-06-27 01:11:05.521 Df CoreSimulatorBridge[84699:96465a] [com.apple.installcoordination:framework] -[IXAppInstallCoordinator _clientDelegate_didUpdateProgress:forPhase:overallProgress:]: <IXUpdatingAppInstallCoordinator<0x103891280> identity:[com.DefaultCompany.NeonDrift.run.1782493753.82761/Invalid/[system-defined]] uuid:08922505-C3FD-4C63-A1B1-3ED921BFFC80 creator:InstallCoordination Simple SPI>: Got did update progress delegate with percentComplete 50.000000 phase IXCoordinatorProgressPhaseInstalling overallProgress 80.000000
2026-06-27 01:11:05.521 Df CoreSimulatorBridge[84699:96465a] [com.apple.installcoordination:framework] -[IXAppInstallCoordinator _clientDelegate_didUpdateProgress:forPhase:overallProgress:]_block_invoke: <IXUpdatingAppInstallCoordinator<0x103891280> identity:[com.DefaultCompany.NeonDrift.run.1782493753.82761/Invalid/[system-defined]] uuid:08922505-C3FD-4C63-A1B1-3ED921BFFC80 creator:InstallCoordination Simple SPI>: Calling selector coordinator:didUpdateProgress:forPhase:overallProgress: on observer <_IXSimpleInstallerDelegate 0x0x103858db0>
2026-06-27 01:11:05.521 E  containermanagerd_system[84715:964707] [com.apple.containermanager:schema] [com.DefaultCompany.NeonDrift.run.1782493753.82761(1)] Current schema version (1) is newer than the latest (0), ignoring.
2026-06-27 01:11:05.521 Df containermanagerd_system[84715:964707] [com.apple.containermanager:schema] [u 83C79E93-0C0F-434B-8D59-B82E7CE69637:p 28387181-3C00-46D1-AE01-5008300FAD37:c com.DefaultCompany.NeonDrift.run.1782493753.82761(1):i31734120] Successfully updated schema from (0) → (0), actions count = 0
2026-06-27 01:11:05.523 Df installd[84899:964e85] [com.apple.containermanager:xpc] Query; euid = 501, uid = 501, class = 1, identifier = [com.DefaultCompany.NeonDrift.run.1782493753.82761](1), flags = 300000002
2026-06-27 01:11:05.524 Df CoreSimulatorBridge[84699:96465a] [com.apple.installcoordination:framework] -[IXAppInstallCoordinator _clientDelegate_didUpdateProgress:forPhase:overallProgress:]: <IXUpdatingAppInstallCoordinator<0x103891280> identity:[com.DefaultCompany.NeonDrift.run.1782493753.82761/Invalid/[system-defined]] uuid:08922505-C3FD-4C63-A1B1-3ED921BFFC80 creator:InstallCoordination Simple SPI>: Got did update progress delegate with percentComplete 60.000000 phase IXCoordinatorProgressPhaseInstalling overallProgress 84.000000
2026-06-27 01:11:05.524 Df CoreSimulatorBridge[84699:96465a] [com.apple.installcoordination:framework] -[IXAppInstallCoordinator _clientDelegate_didUpdateProgress:forPhase:overallProgress:]_block_invoke: <IXUpdatingAppInstallCoordinator<0x103891280> identity:[com.DefaultCompany.NeonDrift.run.1782493753.82761/Invalid/[system-defined]] uuid:08922505-C3FD-4C63-A1B1-3ED921BFFC80 creator:InstallCoordination Simple SPI>: Calling selector coordinator:didUpdateProgress:forPhase:overallProgress: on observer <_IXSimpleInstallerDelegate 0x0x103858db0>
2026-06-27 01:11:05.525 Df installd[84899:964e85] [com.apple.containermanager:query] Query; euid = 501, uid = 501, class = 2, identifier = [com.DefaultCompany.NeonDrift.run.1782493753.82761](1), flags = 300000003
2026-06-27 01:11:05.525 Df CoreSimulatorBridge[84699:9647a9] [com.apple.installcoordination:framework] -[IXAppInstallCoordinator _clientDelegate_didUpdateProgress:forPhase:overallProgress:]: <IXUpdatingAppInstallCoordinator<0x103891280> identity:[com.DefaultCompany.NeonDrift.run.1782493753.82761/Invalid/[system-defined]] uuid:08922505-C3FD-4C63-A1B1-3ED921BFFC80 creator:InstallCoordination Simple SPI>: Got did update progress delegate with percentComplete 70.000000 phase IXCoordinatorProgressPhaseInstalling overallProgress 88.000000
2026-06-27 01:11:05.525 Df CoreSimulatorBridge[84699:9647a9] [com.apple.installcoordination:framework] -[IXAppInstallCoordinator _clientDelegate_didUpdateProgress:forPhase:overallProgress:]_block_invoke: <IXUpdatingAppInstallCoordinator<0x103891280> identity:[com.DefaultCompany.NeonDrift.run.1782493753.82761/Invalid/[system-defined]] uuid:08922505-C3FD-4C63-A1B1-3ED921BFFC80 creator:InstallCoordination Simple SPI>: Calling selector coordinator:didUpdateProgress:forPhase:overallProgress: on observer <_IXSimpleInstallerDelegate 0x0x103858db0>
2026-06-27 01:11:05.525 Df installd[84899:964e85] [com.apple.containermanager:query] Query; euid = 501, uid = 501, class = 2, identifier = [com.DefaultCompany.NeonDrift.run.1782493753.82761](1), flags = 300000002
2026-06-27 01:11:05.526 Df siriactionsd[84734:964910] [com.apple.shortcuts:Daemon] Dispatching XPC event: <distributed notification: com.apple.LaunchServices.applicationRegistered, userInfo: [AnyHashable("isPlaceholder"): 1, AnyHashable("bundleIDs"): <__NSSingleObjectArrayI 0x103e110c0>(
com.DefaultCompany.NeonDrift.run.1782493753.82761
)
]>
2026-06-27 01:11:05.527 Df siriactionsd[84734:964910] [com.apple.shortcuts:XPCEvent] Dispatching XPC event: <distributed notification: com.apple.LaunchServices.applicationRegistered, userInfo: [AnyHashable("isPlaceholder"): 1, AnyHashable("bundleIDs"): <__NSSingleObjectArrayI 0x103e110c0>(
com.DefaultCompany.NeonDrift.run.1782493753.82761
)
]>
2026-06-27 01:11:05.533 Df CoreSimulatorBridge[84699:96465a] [com.apple.installcoordination:framework] -[IXAppInstallCoordinator _clientDelegate_didUpdateProgress:forPhase:overallProgress:]: <IXUpdatingAppInstallCoordinator<0x103891280> identity:[com.DefaultCompany.NeonDrift.run.1782493753.82761/Invalid/[system-defined]] uuid:08922505-C3FD-4C63-A1B1-3ED921BFFC80 creator:InstallCoordination Simple SPI>: Got did update progress delegate with percentComplete 80.000000 phase IXCoordinatorProgressPhaseInstalling overallProgress 92.000000
2026-06-27 01:11:05.533 Df CoreSimulatorBridge[84699:96465a] [com.apple.installcoordination:framework] -[IXAppInstallCoordinator _clientDelegate_didUpdateProgress:forPhase:overallProgress:]_block_invoke: <IXUpdatingAppInstallCoordinator<0x103891280> identity:[com.DefaultCompany.NeonDrift.run.1782493753.82761/Invalid/[system-defined]] uuid:08922505-C3FD-4C63-A1B1-3ED921BFFC80 creator:InstallCoordination Simple SPI>: Calling selector coordinator:didUpdateProgress:forPhase:overallProgress: on observer <_IXSimpleInstallerDelegate 0x0x103858db0>
2026-06-27 01:11:05.534 Df installd[84899:964e85] (MobileSystemServices) 0x16d0eb000 -[MIInstallationJournalEntry _refreshUUIDForContainer:withError:]: Data container for com.DefaultCompany.NeonDrift.run.1782493753.82761 is now at /Users/dragonkao/Library/Developer/CoreSimulator/Devices/CC47DE7A-8196-4465-A5A5-BB852C9C6C82/data/Containers/Data/Application/6C1D639D-5F57-4E6F-B264-B1380052AFAB
2026-06-27 01:11:05.535 Df containermanagerd[84729:9647a0] [com.apple.containermanager:schema] [u 4AF633A6-A5CE-427F-A4E0-838947FBB0EF:p 6C1D639D-5F57-4E6F-B264-B1380052AFAB:c com.DefaultCompany.NeonDrift.run.1782493753.82761(2):i0] Successfully updated schema from (0) → (1), actions count = 6
2026-06-27 01:11:05.535 Df installd[84899:964e85] [com.apple.containermanager:unspecified] Replace; old = [app:com.DefaultCompany.NeonDrift.run.1782493753.82761:501::(3317DC59-E992-4CD9-AAE5-6B12C1482C8B)], new = [temp-app:com.DefaultCompany.NeonDrift.run.1782493753.82761:501::(83C79E93-0C0F-434B-8D59-B82E7CE69637)]
2026-06-27 01:11:05.538 Df installd[84899:964e85] [com.apple.containermanager:xpc] Query; euid = 501, uid = 501, class = 1, identifier = [com.DefaultCompany.NeonDrift.run.1782493753.82761](1), flags = 300000002
2026-06-27 01:11:05.539 Df appprotectiond[84687:964b4f] [com.apple.appprotection:server] Received distnoted event <dictionary: 0x103900000> { count = 3, transaction: 0, voucher = 0x103945040, contents =
	"UserInfo" => <dictionary: 0x103831140> { count = 2, transaction: 0, voucher = 0x0, contents =
		"isPlaceholder" => <bool: 0x1e704c530>: true
		"bundleIDs" => <array: 0x103835050> { count = 1, capacity = 1, contents =
			0: <string: 0x103837390> { string cache = 0x0, length = 49, contents = "com.DefaultCompany.NeonDrift.run.1782493753.82761" }
		}
	}
	"Name" => <string: 0x103837630> { string cache = 0x0, length = 46, contents = "com.apple.LaunchServices.applicationRegistered" }
	"XPCEventName" => <string: 0x103835f80> { string cache = 0x0, length = 21, contents = "ApplicationRegistered" }
}
2026-06-27 01:11:05.539 Df siriactionsd[84734:964910] [com.apple.shortcuts:Daemon] Firing event: <distributed notification: com.apple.LaunchServices.applicationRegistered, userInfo: [AnyHashable("isPlaceholder"): 1, AnyHashable("bundleIDs"): <__NSSingleObjectArrayI 0x103e110c0>(
com.DefaultCompany.NeonDrift.run.1782493753.82761
)
]>
2026-06-27 01:11:05.539 E  siriactionsd[84734:964910] [com.apple.shortcuts:Daemon] Received an event that we do not have a DaemonTask for: <distributed notification: com.apple.LaunchServices.applicationRegistered, userInfo: [AnyHashable("isPlaceholder"): 1, AnyHashable("bundleIDs"): <__NSSingleObjectArrayI 0x103e110c0>(
com.DefaultCompany.NeonDrift.run.1782493753.82761
)
]>. This is a serious programming error that might lead to missed messages and stuck streams.
2026-06-27 01:11:05.539 Df installd[84899:964e85] (MobileSystemServices) 0x16d0eb000 -[MIContainer makeContainerLiveReplacingContainer:reason:waitForDeletion:withError:]: Made container live for com.DefaultCompany.NeonDrift.run.1782493753.82761 at /Users/dragonkao/Library/Developer/CoreSimulator/Devices/CC47DE7A-8196-4465-A5A5-BB852C9C6C82/data/Containers/Bundle/Application/1D19FB4A-7F72-4B84-964E-8EB113904887
2026-06-27 01:11:05.540 Df installd[84899:964e85] [com.apple.containermanager:xpc] Query; euid = 501, uid = 501, class = 1, identifier = [com.DefaultCompany.NeonDrift.run.1782493753.82761](1), flags = 300000002
2026-06-27 01:11:05.540 Df appprotectiond[84687:964b4f] [com.apple.appprotection:server] received note: name = com.apple.LaunchServices.applicationRegistered, object = Optional(AppProtection.DistnotedXPCEventStreamTranslator), userInfo = Optional([AnyHashable("isPlaceholder"): 1, AnyHashable("bundleIDs"): <__NSSingleObjectArrayI 0x103a14000>(
com.DefaultCompany.NeonDrift.run.1782493753.82761
)
])
2026-06-27 01:11:05.540 Df appprotectiond[84687:964b4f] [com.apple.appprotection:server] processing settings authority event: SettingsAuthorityEvent.promotePreferenceFromProvisionalForApplication(com.DefaultCompany.NeonDrift.run.1782493753.82761)
2026-06-27 01:11:05.542 Df appprotectiond[84687:964b4f] [com.apple.appprotection:server] processing settings authority event: SettingsAuthorityEvent.promotePreferenceFromProvisionalForApplication(com.DefaultCompany.NeonDrift.run.1782493753.82761)
2026-06-27 01:11:05.542 Df CoreSimulatorBridge[84699:9647a9] [com.apple.installcoordination:framework] -[IXAppInstallCoordinator _clientDelegate_didUpdateProgress:forPhase:overallProgress:]: <IXUpdatingAppInstallCoordinator<0x103891280> identity:[com.DefaultCompany.NeonDrift.run.1782493753.82761/Invalid/[system-defined]] uuid:08922505-C3FD-4C63-A1B1-3ED921BFFC80 creator:InstallCoordination Simple SPI>: Got did update progress delegate with percentComplete 90.000000 phase IXCoordinatorProgressPhaseInstalling overallProgress 96.000000
2026-06-27 01:11:05.543 Df CoreSimulatorBridge[84699:9647a9] [com.apple.installcoordination:framework] -[IXAppInstallCoordinator _clientDelegate_didUpdateProgress:forPhase:overallProgress:]_block_invoke: <IXUpdatingAppInstallCoordinator<0x103891280> identity:[com.DefaultCompany.NeonDrift.run.1782493753.82761/Invalid/[system-defined]] uuid:08922505-C3FD-4C63-A1B1-3ED921BFFC80 creator:InstallCoordination Simple SPI>: Calling selector coordinator:didUpdateProgress:forPhase:overallProgress: on observer <_IXSimpleInstallerDelegate 0x0x103858db0>
2026-06-27 01:11:05.543 Df installd[84899:964e85] [com.apple.containermanager:unspecified] Requesting disk usage; class = 1, identifier = com.DefaultCompany.NeonDrift.run.1782493753.82761
2026-06-27 01:11:05.545 Df installd[84899:964e85] [com.apple.containermanager:query] Query; euid = 501, uid = 501, class = 7, identifier = [com.DefaultCompany.NeonDrift.run.1782493753.82761](1), flags = 300000001
2026-06-27 01:11:05.547 Df SpringBoard[84835:964b95] [com.apple.SpringBoard:Common] termination assertion released for com.DefaultCompany.NeonDrift.run.1782493753.82761
2026-06-27 01:11:05.549 Df installd[84899:964e85] (MobileSystemServices) 0x16d0eb000 -[MILaunchServicesOperationManager _onQueue_addPendingLaunchServicesOperation:error:]: Added pending LS operation <MILaunchServicesRegisterOperation: 3347D2A1-43C4-4EC8-B6D4-CD845E4309E3:2 com.DefaultCompany.NeonDrift.run.1782493753.82761/MIInstallationDomainSystemShared personas:[com.apple.containermanager.primary-persona]>
2026-06-27 01:11:05.549 Df lsd[84719:965012] [com.apple.launchservices:appinstallation] Post installation registration: request to register com.DefaultCompany.NeonDrift.run.1782493753.82761, operation 3347D2A1-43C4-4EC8-B6D4-CD845E4309E3, from pid 84899
2026-06-27 01:11:05.549 Df lsd[84719:965012] [com.apple.appinstallation:TransactionLog] com.DefaultCompany.NeonDrift.run.1782493753.82761/Unknown Persona:5:4:1:1:Registering bundles via registrant - start
2026-06-27 01:11:05.552 Df lsd[84719:965012] [com.apple.appinstallation:TransactionLog] com.DefaultCompany.NeonDrift.run.1782493753.82761/Unknown Persona:5:5:1:1:Building bundle record for app
2026-06-27 01:11:05.552 Df lsd[84719:965012] [com.apple.launchservices:appinstallation] Removed existing registered placeholder for com.DefaultCompany.NeonDrift.run.1782493753.82761
2026-06-27 01:11:05.552 Df lsd[84719:965012] [com.apple.launchservices:appinstallation] Removed existing registered bundle for com.DefaultCompany.NeonDrift.run.1782493753.82761
2026-06-27 01:11:05.553 Df lsd[84719:965012] [com.apple.appinstallation:TransactionLog] com.DefaultCompany.NeonDrift.run.1782493753.82761/Unknown Persona:5:5:2:1:Built bundle record for app
2026-06-27 01:11:05.553 Df lsd[84719:965012] [com.apple.launchservices:icons] clearAlternateNameForBundleIdentifier: won't clear for com.DefaultCompany.NeonDrift.run.1782493753.82761
2026-06-27 01:11:05.553 Df lsd[84719:965012] [com.apple.appinstallation:TransactionLog] com.DefaultCompany.NeonDrift.run.1782493753.82761/Unknown Persona:5:4:2:1:Registered bundle status = success
2026-06-27 01:11:05.554 Df lsd[84719:965012] [com.apple.appinstallation:TransactionLog] com.DefaultCompany.NeonDrift.run.1782493753.82761/Unknown Persona:5:4:2:1:Finished registering com.DefaultCompany.NeonDrift.run.1782493753.82761, bundle unit 50c
2026-06-27 01:11:05.554 Df lsd[84719:965012] [com.apple.launchservices:progress] Installation ended for com.DefaultCompany.NeonDrift.run.1782493753.82761 with state 5
2026-06-27 01:11:05.554 Df lsd[84719:965012] [com.apple.launchservices:progress] Discarding proportions for com.DefaultCompany.NeonDrift.run.1782493753.82761
2026-06-27 01:11:05.554 Df installd[84899:964e85] (MobileSystemServices) 0x16d0eb000 -[MIJournal purgeJournalEntry:withError:]: Removing journal entry <MIInstallationJournalEntry<0x1040e8a00> [com.DefaultCompany.NeonDrift.run.1782493753.82761/com.apple.containermanager.primary-persona/[system-defined]]/MIInstallationDomainSystemShared op:1 phase:JournalPhaseDidRegisterWithLS version:0>
2026-06-27 01:11:05.555 Df installd[84899:964e85] [com.apple.appinstallation:TransactionLog] com.DefaultCompany.NeonDrift.run.1782493753.82761/com.apple.containermanager.primary-persona:7:1:2:1:Success (End) : Install (Patch Update)
2026-06-27 01:11:05.555 Df lsd[84719:965013] [com.apple.launchservices:progress] Sending applicationsDidInstall: for (
    "<LSApplicationProxy: 0x101b4c000> com.DefaultCompany.NeonDrift.run.1782493753.82761 file:///Users/dragonkao/Library/Developer/CoreSimulator/Devices/CC47DE7A-8196-4465-A5A5-BB852C9C6C82/data/Containers/Bundle/Application/1D19FB4A-7F72-4B84-964E-8EB113904887/NeonDrift.run.1782493753.82761.app/ <com.DefaultCompany.NeonDrift.run.1782493753.82761 <installed >:0>"
)
2026-06-27 01:11:05.555 Df installd[84899:964e85] (MobileSystemServices) 0x16d0eb000 -[MIInstaller _logOperationCompletionWithStartTime:distributorID:]: Install successful for (Developer:com.DefaultCompany.NeonDrift.run.1782493753.82761) [Distributor: (null)]; Staging: 0.00s; Waiting: 0.00s; Preflight/Patch: 0.03s, Verifying: 0.00s; Overall: 0.08s
2026-06-27 01:11:05.556 Df SpringBoard[84835:964b95] [com.apple.launchservices:progress] Unpublishing progress block called for app com.DefaultCompany.NeonDrift.run.1782493753.82761
2026-06-27 01:11:05.556 Df SpringBoard[84835:964d5c] [com.apple.launchservices:progress] #LSInstallProgressList remove subscriber: <_NSProgressSubscriber: 0x12312a9a0> publishingString: com.DefaultCompany.NeonDrift.run.1782493753.82761
2026-06-27 01:11:05.556 Df sleepd[84696:964644] [com.apple.launchservices:appinstallation] Received applicationsDidInstall:(
    "<LSApplicationProxy: 0x103a68180> com.DefaultCompany.NeonDrift.run.1782493753.82761 file:///Users/dragonkao/Library/Developer/CoreSimulator/Devices/CC47DE7A-8196-4465-A5A5-BB852C9C6C82/data/Containers/Bundle/Application/1D19FB4A-7F72-4B84-964E-8EB113904887/NeonDrift.run.1782493753.82761.app/ <com.DefaultCompany.NeonDrift.run.1782493753.82761 <installed >:0>"
)
2026-06-27 01:11:05.556 Df usernotificationsd[84732:964dc2] [com.apple.launchservices:appinstallation] Received applicationsDidInstall:(
    "<LSApplicationProxy: 0x1055b0600> com.DefaultCompany.NeonDrift.run.1782493753.82761 file:///Users/dragonkao/Library/Developer/CoreSimulator/Devices/CC47DE7A-8196-4465-A5A5-BB852C9C6C82/data/Containers/Bundle/Application/1D19FB4A-7F72-4B84-964E-8EB113904887/NeonDrift.run.1782493753.82761.app/ <com.DefaultCompany.NeonDrift.run.1782493753.82761 <installed >:0>"
)
2026-06-27 01:11:05.556 Df homed[84745:964977] [com.apple.launchservices:appinstallation] Received applicationsDidInstall:(
    "<LSApplicationProxy: 0x107eb0540> com.DefaultCompany.NeonDrift.run.1782493753.82761 file:///Users/dragonkao/Library/Developer/CoreSimulator/Devices/CC47DE7A-8196-4465-A5A5-BB852C9C6C82/data/Containers/Bundle/Application/1D19FB4A-7F72-4B84-964E-8EB113904887/NeonDrift.run.1782493753.82761.app/ <com.DefaultCompany.NeonDrift.run.1782493753.82761 <installed >:0>"
)
2026-06-27 01:11:05.556 Df financed[84761:964915] [com.apple.launchservices:appinstallation] Received applicationsDidInstall:(
    "<LSApplicationProxy: 0x105e8b780> com.DefaultCompany.NeonDrift.run.1782493753.82761 file:///Users/dragonkao/Library/Developer/CoreSimulator/Devices/CC47DE7A-8196-4465-A5A5-BB852C9C6C82/data/Containers/Bundle/Application/1D19FB4A-7F72-4B84-964E-8EB113904887/NeonDrift.run.1782493753.82761.app/ <com.DefaultCompany.NeonDrift.run.1782493753.82761 <installed >:0>"
)
2026-06-27 01:11:05.556 Df appstored[84872:964e93] [com.apple.launchservices:appinstallation] Received applicationsDidInstall:(
    "<LSApplicationProxy: 0x1026e03c0> com.DefaultCompany.NeonDrift.run.1782493753.82761 file:///Users/dragonkao/Library/Developer/CoreSimulator/Devices/CC47DE7A-8196-4465-A5A5-BB852C9C6C82/data/Containers/Bundle/Application/1D19FB4A-7F72-4B84-964E-8EB113904887/NeonDrift.run.1782493753.82761.app/ <com.DefaultCompany.NeonDrift.run.1782493753.82761 <installed >:0>"
)
2026-06-27 01:11:05.556 Df deviceaccessd[84775:9649b2] [com.apple.launchservices:appinstallation] Received applicationsDidInstall:(
    "<LSApplicationProxy: 0x101978000> com.DefaultCompany.NeonDrift.run.1782493753.82761 file:///Users/dragonkao/Library/Developer/CoreSimulator/Devices/CC47DE7A-8196-4465-A5A5-BB852C9C6C82/data/Containers/Bundle/Application/1D19FB4A-7F72-4B84-964E-8EB113904887/NeonDrift.run.1782493753.82761.app/ <com.DefaultCompany.NeonDrift.run.1782493753.82761 <installed >:0>"
)
2026-06-27 01:11:05.557 Df nsurlsessiond[84716:964799] [com.apple.launchservices:appinstallation] Received applicationsDidInstall:(
    "<LSApplicationProxy: 0x103e446c0> com.DefaultCompany.NeonDrift.run.1782493753.82761 file:///Users/dragonkao/Library/Developer/CoreSimulator/Devices/CC47DE7A-8196-4465-A5A5-BB852C9C6C82/data/Containers/Bundle/Application/1D19FB4A-7F72-4B84-964E-8EB113904887/NeonDrift.run.1782493753.82761.app/ <com.DefaultCompany.NeonDrift.run.1782493753.82761 <installed >:0>"
)
2026-06-27 01:11:05.557 Df passd[84698:964a3a] [com.apple.launchservices:appinstallation] Received applicationsDidInstall:(
    "<LSApplicationProxy: 0x105cb5bc0> com.DefaultCompany.NeonDrift.run.1782493753.82761 file:///Users/dragonkao/Library/Developer/CoreSimulator/Devices/CC47DE7A-8196-4465-A5A5-BB852C9C6C82/data/Containers/Bundle/Application/1D19FB4A-7F72-4B84-964E-8EB113904887/NeonDrift.run.1782493753.82761.app/ <com.DefaultCompany.NeonDrift.run.1782493753.82761 <installed >:0>"
)
2026-06-27 01:11:05.557 Df profiled[84777:9649a2] [com.apple.launchservices:appinstallation] Received applicationsDidInstall:(
    "<LSApplicationProxy: 0x101ff0000> com.DefaultCompany.NeonDrift.run.1782493753.82761 file:///Users/dragonkao/Library/Developer/CoreSimulator/Devices/CC47DE7A-8196-4465-A5A5-BB852C9C6C82/data/Containers/Bundle/Application/1D19FB4A-7F72-4B84-964E-8EB113904887/NeonDrift.run.1782493753.82761.app/ <com.DefaultCompany.NeonDrift.run.1782493753.82761 <installed >:0>"
)
2026-06-27 01:11:05.557 Df dasd[84695:96497c] [com.apple.launchservices:appinstallation] Received applicationsDidInstall:(
    "<LSApplicationProxy: 0x105f643c0> com.DefaultCompany.NeonDrift.run.1782493753.82761 file:///Users/dragonkao/Library/Developer/CoreSimulator/Devices/CC47DE7A-8196-4465-A5A5-BB852C9C6C82/data/Containers/Bundle/Application/1D19FB4A-7F72-4B84-964E-8EB113904887/NeonDrift.run.1782493753.82761.app/ <com.DefaultCompany.NeonDrift.run.1782493753.82761 <installed >:0>"
)
2026-06-27 01:11:05.557 Df installcoordinationd[84878:964e8f] [com.apple.installcoordination:daemon] -[IXSPendingOperationsTracker endPendingOperationForIdentity:]_block_invoke: Ending pending operation for [com.DefaultCompany.NeonDrift.run.1782493753.82761/Invalid/[system-defined]]
2026-06-27 01:11:05.557 Df liveactivitiesd[84727:965024] [com.apple.launchservices:appinstallation] Received applicationsDidInstall:(
    "<LSApplicationProxy: 0x102679740> com.DefaultCompany.NeonDrift.run.1782493753.82761 file:///Users/dragonkao/Library/Developer/CoreSimulator/Devices/CC47DE7A-8196-4465-A5A5-BB852C9C6C82/data/Containers/Bundle/Application/1D19FB4A-7F72-4B84-964E-8EB113904887/NeonDrift.run.1782493753.82761.app/ <com.DefaultCompany.NeonDrift.run.1782493753.82761 <installed >:0>"
)
2026-06-27 01:11:05.557 Df gamed[84823:964bf4] [com.apple.launchservices:appinstallation] Received applicationsDidInstall:(
    "<LSApplicationProxy: 0x105b78840> com.DefaultCompany.NeonDrift.run.1782493753.82761 file:///Users/dragonkao/Library/Developer/CoreSimulator/Devices/CC47DE7A-8196-4465-A5A5-BB852C9C6C82/data/Containers/Bundle/Application/1D19FB4A-7F72-4B84-964E-8EB113904887/NeonDrift.run.1782493753.82761.app/ <com.DefaultCompany.NeonDrift.run.1782493753.82761 <installed >:0>"
)
2026-06-27 01:11:05.557 Df runningboardd[84672:9646f6] [com.apple.launchservices:appinstallation] Received applicationsDidInstall:(
    "<LSApplicationProxy: 0x1035a4000> com.DefaultCompany.NeonDrift.run.1782493753.82761 file:///Users/dragonkao/Library/Developer/CoreSimulator/Devices/CC47DE7A-8196-4465-A5A5-BB852C9C6C82/data/Containers/Bundle/Application/1D19FB4A-7F72-4B84-964E-8EB113904887/NeonDrift.run.1782493753.82761.app/ <com.DefaultCompany.NeonDrift.run.1782493753.82761 <installed >:0>"
)
2026-06-27 01:11:05.558 Df webbookmarksd[84760:964963] [com.apple.launchservices:appinstallation] Received applicationsDidInstall:(
    "<LSApplicationProxy: 0x1035c0000> com.DefaultCompany.NeonDrift.run.1782493753.82761 file:///Users/dragonkao/Library/Developer/CoreSimulator/Devices/CC47DE7A-8196-4465-A5A5-BB852C9C6C82/data/Containers/Bundle/Application/1D19FB4A-7F72-4B84-964E-8EB113904887/NeonDrift.run.1782493753.82761.app/ <com.DefaultCompany.NeonDrift.run.1782493753.82761 <installed >:0>"
)
2026-06-27 01:11:05.558 Df routined[84677:9647fe] [com.apple.launchservices:appinstallation] Received applicationsDidInstall:(
    "<LSApplicationProxy: 0x109d54b40> com.DefaultCompany.NeonDrift.run.1782493753.82761 file:///Users/dragonkao/Library/Developer/CoreSimulator/Devices/CC47DE7A-8196-4465-A5A5-BB852C9C6C82/data/Containers/Bundle/Application/1D19FB4A-7F72-4B84-964E-8EB113904887/NeonDrift.run.1782493753.82761.app/ <com.DefaultCompany.NeonDrift.run.1782493753.82761 <installed >:0>"
)
2026-06-27 01:11:05.558 Df locationd[84693:9646a5] [com.apple.launchservices:appinstallation] Received applicationsDidInstall:(
    "<LSApplicationProxy: 0x103f8c600> com.DefaultCompany.NeonDrift.run.1782493753.82761 file:///Users/dragonkao/Library/Developer/CoreSimulator/Devices/CC47DE7A-8196-4465-A5A5-BB852C9C6C82/data/Containers/Bundle/Application/1D19FB4A-7F72-4B84-964E-8EB113904887/NeonDrift.run.1782493753.82761.app/ <com.DefaultCompany.NeonDrift.run.1782493753.82761 <installed >:0>"
)
2026-06-27 01:11:05.558 Df callservicesd[84742:96486a] [com.apple.launchservices:appinstallation] Received applicationsDidInstall:(
    "<LSApplicationProxy: 0x1051d4d80> com.DefaultCompany.NeonDrift.run.1782493753.82761 file:///Users/dragonkao/Library/Developer/CoreSimulator/Devices/CC47DE7A-8196-4465-A5A5-BB852C9C6C82/data/Containers/Bundle/Application/1D19FB4A-7F72-4B84-964E-8EB113904887/NeonDrift.run.1782493753.82761.app/ <com.DefaultCompany.NeonDrift.run.1782493753.82761 <installed >:0>"
)
2026-06-27 01:11:05.558 Df installcoordinationd[84878:964e8f] [com.apple.installcoordination:daemon] -[IXSCoordinatedAppInstall setComplete:]: <IXSCoordinatedAppInstall<0x105e1c000> [P=CoreSimulatorBridge (pid 84699)] identifier:[com.DefaultCompany.NeonDrift.run.1782493753.82761/Invalid/[system-defined]] uuid:08922505-C3FD-4C63-A1B1-3ED921BFFC80 intent:IXCoordinatorIntentUpdating creator/appDRI:InstallCoordination Simple SPI importance:UserWaiting state:IXAppCoordinationStateComplete promise-state:PA2I4> complete!
2026-06-27 01:11:05.558 Df installcoordinationd[84878:964e8f] [com.apple.installcoordination:daemon] -[IXSPowerAssertion invalidate]: Released power assertion IXPowerAssertion-12-[com.DefaultCompany.NeonDrift.run.1782493753.82761/Invalid/[system-defined]]
2026-06-27 01:11:05.558 Df SpringBoard[84835:964d5c] [com.apple.launchservices:appinstallation] Received applicationsDidInstall:(
    "<LSApplicationProxy: 0x12332cc00> com.DefaultCompany.NeonDrift.run.1782493753.82761 file:///Users/dragonkao/Library/Developer/CoreSimulator/Devices/CC47DE7A-8196-4465-A5A5-BB852C9C6C82/data/Containers/Bundle/Application/1D19FB4A-7F72-4B84-964E-8EB113904887/NeonDrift.run.1782493753.82761.app/ <com.DefaultCompany.NeonDrift.run.1782493753.82761 <installed >:0>"
)
2026-06-27 01:11:05.558 Df lsd[84719:965013] [com.apple.launchservices:progress] Sent distributed notification com.apple.LaunchServices.applicationRegistered with payload {
    bundleIDs =     (
        "com.DefaultCompany.NeonDrift.run.1782493753.82761"
    );
    isPlaceholder = 0;
}
2026-06-27 01:11:05.558 Df installcoordinationd[84878:964e8f] [com.apple.installcoordination:daemon] -[IXSDataPromise decommission]: Decommissioning <IXSPromisedTransferToPath(0x105cf8e00) Name:Icon resources for com.DefaultCompany.NeonDrift.run.1782493753.82761 Creator:InstallCoordination Simple SPI UUID:AACA81ED-1DC0-4F90-B703-F7483F1EF8D3 Location:[system-defined]>
2026-06-27 01:11:05.559 Df mobiletimerd[84684:964793] [com.apple.launchservices:appinstallation] Received applicationsDidInstall:(
    "<LSApplicationProxy: 0x101e68000> com.DefaultCompany.NeonDrift.run.1782493753.82761 file:///Users/dragonkao/Library/Developer/CoreSimulator/Devices/CC47DE7A-8196-4465-A5A5-BB852C9C6C82/data/Containers/Bundle/Application/1D19FB4A-7F72-4B84-964E-8EB113904887/NeonDrift.run.1782493753.82761.app/ <com.DefaultCompany.NeonDrift.run.1782493753.82761 <installed >:0>"
)
2026-06-27 01:11:05.559 Df donotdisturbd[84718:9647a4] [com.apple.launchservices:appinstallation] Received applicationsDidInstall:(
    "<LSApplicationProxy: 0x105dc5500> com.DefaultCompany.NeonDrift.run.1782493753.82761 file:///Users/dragonkao/Library/Developer/CoreSimulator/Devices/CC47DE7A-8196-4465-A5A5-BB852C9C6C82/data/Containers/Bundle/Application/1D19FB4A-7F72-4B84-964E-8EB113904887/NeonDrift.run.1782493753.82761.app/ <com.DefaultCompany.NeonDrift.run.1782493753.82761 <installed >:0>"
)
2026-06-27 01:11:05.560 Df usernotificationsd[84732:964dc2] [com.apple.appinstallation:TransactionLog] com.DefaultCompany.NeonDrift.run.1782493753.82761/Unknown Persona:5:8:3:1:applicationsDidInstall <LSApplicationProxy: 0x1055b06c0> com.DefaultCompany.NeonDrift.run.1782493753.82761 file:///Users/dragonkao/Library/Developer/CoreSimulator/Devices/CC47DE7A-8196-4465-A5A5-BB852C9C6C82/data/Containers/Bundle/Application/1D19FB4A-7F72-4B84-964E-8EB113904887/NeonDrift.run.1782493753.82761.app/ <com.DefaultCompany.NeonDrift.run.1782493753.82761 <installed >:0>
2026-06-27 01:11:05.560 Df installcoordinationd[84878:964e8f] [com.apple.installcoordination:daemon] -[IXSDataPromise decommission]: Decommissioning <IXSPromisedInMemoryDictionary(0x105cf9280) Name:Info.plist icon content for com.DefaultCompany.NeonDrift.run.1782493753.82761 Creator:InstallCoordination Simple SPI UUID:D1F791A9-C2F1-41EB-8BC4-25F540567C1D Location:[system-defined]>
2026-06-27 01:11:05.560 Df sleepd[84696:964644] [com.apple.appinstallation:TransactionLog] com.DefaultCompany.NeonDrift.run.1782493753.82761/Unknown Persona:5:8:3:1:applicationsDidInstall <LSApplicationProxy: 0x103a683c0> com.DefaultCompany.NeonDrift.run.1782493753.82761 file:///Users/dragonkao/Library/Developer/CoreSimulator/Devices/CC47DE7A-8196-4465-A5A5-BB852C9C6C82/data/Containers/Bundle/Application/1D19FB4A-7F72-4B84-964E-8EB113904887/NeonDrift.run.1782493753.82761.app/ <com.DefaultCompany.NeonDrift.run.1782493753.82761 <installed >:0>
2026-06-27 01:11:05.560 Df nsurlsessiond[84716:964799] [com.apple.appinstallation:TransactionLog] com.DefaultCompany.NeonDrift.run.1782493753.82761/Unknown Persona:5:8:3:1:applicationsDidInstall <LSApplicationProxy: 0x103e44780> com.DefaultCompany.NeonDrift.run.1782493753.82761 file:///Users/dragonkao/Library/Developer/CoreSimulator/Devices/CC47DE7A-8196-4465-A5A5-BB852C9C6C82/data/Containers/Bundle/Application/1D19FB4A-7F72-4B84-964E-8EB113904887/NeonDrift.run.1782493753.82761.app/ <com.DefaultCompany.NeonDrift.run.1782493753.82761 <installed >:0>
2026-06-27 01:11:05.560 Df deviceaccessd[84775:9649b2] [com.apple.appinstallation:TransactionLog] com.DefaultCompany.NeonDrift.run.1782493753.82761/Unknown Persona:5:8:3:1:applicationsDidInstall <LSApplicationProxy: 0x1019780c0> com.DefaultCompany.NeonDrift.run.1782493753.82761 file:///Users/dragonkao/Library/Developer/CoreSimulator/Devices/CC47DE7A-8196-4465-A5A5-BB852C9C6C82/data/Containers/Bundle/Application/1D19FB4A-7F72-4B84-964E-8EB113904887/NeonDrift.run.1782493753.82761.app/ <com.DefaultCompany.NeonDrift.run.1782493753.82761 <installed >:0>
2026-06-27 01:11:05.561 Df deviceaccessd[84775:9649b5] [com.apple.DeviceAccess:DADaemonServer] ### applicationsDidInstall [
    <LSApplicationProxy: 0x1019780c0> com.DefaultCompany.NeonDrift.run.1782493753.82761 file:///Users/dragonkao/Library/Developer/CoreSimulator/Devices/CC47DE7A-8196-4465-A5A5-BB852C9C6C82/data/Containers/Bundle/Application/1D19FB4A-7F72-4B84-964E-8EB113904887/NeonDrift.run.1782493753.82761.app/ <com.DefaultCompany.NeonDrift.run.1782493753.82761 <installed >:0>
]
2026-06-27 01:11:05.561 Df deviceaccessd[84775:9649b5] [com.apple.DeviceAccess:DADaemonServer] ### applicationsDidInstall com.DefaultCompany.NeonDrift.run.1782493753.82761
2026-06-27 01:11:05.561 Df installcoordinationd[84878:964e8f] [com.apple.installcoordination:daemon] -[IXSDataPromise decommission]: Decommissioning <IXSPromisedInMemoryDictionary(0x105cf9400) Name:Localizations for com.DefaultCompany.NeonDrift.run.1782493753.82761 Creator:InstallCoordination Simple SPI UUID:3ECCACC6-A4AE-4D9D-AAEA-4AEFD9C448C4 Location:[system-defined]>
2026-06-27 01:11:05.561 Df CoreSimulatorBridge[84699:96465a] [com.apple.installcoordination:framework] -[IXAppInstallCoordinator _clientDelegate_didUpdateProgress:forPhase:overallProgress:]: <IXUpdatingAppInstallCoordinator<0x103891280> identity:[com.DefaultCompany.NeonDrift.run.1782493753.82761/Invalid/[system-defined]] uuid:08922505-C3FD-4C63-A1B1-3ED921BFFC80 creator:InstallCoordination Simple SPI>: Got did update progress delegate with percentComplete 100.000000 phase IXCoordinatorProgressPhaseInstalling overallProgress 100.000000
2026-06-27 01:11:05.561 Df CoreSimulatorBridge[84699:96465a] [com.apple.installcoordination:framework] -[IXAppInstallCoordinator _clientDelegate_didUpdateProgress:forPhase:overallProgress:]_block_invoke: <IXUpdatingAppInstallCoordinator<0x103891280> identity:[com.DefaultCompany.NeonDrift.run.1782493753.82761/Invalid/[system-defined]] uuid:08922505-C3FD-4C63-A1B1-3ED921BFFC80 creator:InstallCoordination Simple SPI>: Calling selector coordinator:didUpdateProgress:forPhase:overallProgress: on observer <_IXSimpleInstallerDelegate 0x0x103858db0>
2026-06-27 01:11:05.561 Df dasd[84695:96497c] [com.apple.appinstallation:TransactionLog] com.DefaultCompany.NeonDrift.run.1782493753.82761/Unknown Persona:5:8:3:1:applicationsDidInstall <LSApplicationProxy: 0x105f64240> com.DefaultCompany.NeonDrift.run.1782493753.82761 file:///Users/dragonkao/Library/Developer/CoreSimulator/Devices/CC47DE7A-8196-4465-A5A5-BB852C9C6C82/data/Containers/Bundle/Application/1D19FB4A-7F72-4B84-964E-8EB113904887/NeonDrift.run.1782493753.82761.app/ <com.DefaultCompany.NeonDrift.run.1782493753.82761 <installed >:0>
2026-06-27 01:11:05.562 Df appstored[84872:964e92] [com.apple.appstored:General] Failed to fetch record for placeholder app com.DefaultCompany.NeonDrift.run.1782493753.82761: Error Domain=NSOSStatusErrorDomain Code=-10814 "(null)" UserInfo={_LSFile=LSBindingEvaluator.mm, _LSLine=1973, _LSFunction=runEvaluator}
2026-06-27 01:11:05.562 Df installcoordinationd[84878:964e8f] [com.apple.installcoordination:daemon] -[IXSDataPromise decommission]: Decommissioning <IXSPlaceholder(0x105d24140) Name:App Placeholder: NeonDrift.run.1782493753.82761 (com.DefaultCompany.NeonDrift.run.1782493753.82761) Creator:InstallCoordination Simple SPI UUID:3A01C52C-0F95-4E9A-8C1E-9877268D7FAB Location:[system-defined]>
2026-06-27 01:11:05.562 Df installcoordinationd[84878:964e8f] [com.apple.installcoordination:daemon] -[IXSDataPromise decommission]: Decommissioning <IXSPromisedTransferToPath(0x105cf9580) Name:App Asset: com.DefaultCompany.NeonDrift.run.1782493753.82761 Creator:InstallCoordination Simple SPI UUID:68E76B34-4711-458A-961F-219CF970AEFB Location:[system-defined]>
2026-06-27 01:11:05.562 Df installcoordinationd[84878:964e8f] [com.apple.appinstallation:TransactionLog] com.DefaultCompany.NeonDrift.run.1782493753.82761/Unknown Persona:4:2:2:1:Coordinator completed successfully.
2026-06-27 01:11:05.562 Df routined[84677:9647fe] [com.apple.appinstallation:TransactionLog] com.DefaultCompany.NeonDrift.run.1782493753.82761/Unknown Persona:5:8:3:1:applicationsDidInstall <LSApplicationProxy: 0x109d54900> com.DefaultCompany.NeonDrift.run.1782493753.82761 file:///Users/dragonkao/Library/Developer/CoreSimulator/Devices/CC47DE7A-8196-4465-A5A5-BB852C9C6C82/data/Containers/Bundle/Application/1D19FB4A-7F72-4B84-964E-8EB113904887/NeonDrift.run.1782493753.82761.app/ <com.DefaultCompany.NeonDrift.run.1782493753.82761 <installed >:0>
2026-06-27 01:11:05.562 Df profiled[84777:9649a2] [com.apple.appinstallation:TransactionLog] com.DefaultCompany.NeonDrift.run.1782493753.82761/Unknown Persona:5:8:3:1:applicationsDidInstall <LSApplicationProxy: 0x101ff00c0> com.DefaultCompany.NeonDrift.run.1782493753.82761 file:///Users/dragonkao/Library/Developer/CoreSimulator/Devices/CC47DE7A-8196-4465-A5A5-BB852C9C6C82/data/Containers/Bundle/Application/1D19FB4A-7F72-4B84-964E-8EB113904887/NeonDrift.run.1782493753.82761.app/ <com.DefaultCompany.NeonDrift.run.1782493753.82761 <installed >:0>
2026-06-27 01:11:05.563 Df passd[84698:964a3a] [com.apple.appinstallation:TransactionLog] com.DefaultCompany.NeonDrift.run.1782493753.82761/Unknown Persona:5:8:3:1:applicationsDidInstall <LSApplicationProxy: 0x105cb6280> com.DefaultCompany.NeonDrift.run.1782493753.82761 file:///Users/dragonkao/Library/Developer/CoreSimulator/Devices/CC47DE7A-8196-4465-A5A5-BB852C9C6C82/data/Containers/Bundle/Application/1D19FB4A-7F72-4B84-964E-8EB113904887/NeonDrift.run.1782493753.82761.app/ <com.DefaultCompany.NeonDrift.run.1782493753.82761 <installed >:0>
2026-06-27 01:11:05.563 Df gamed[84823:964bf4] [com.apple.appinstallation:TransactionLog] com.DefaultCompany.NeonDrift.run.1782493753.82761/Unknown Persona:5:8:3:1:applicationsDidInstall <LSApplicationProxy: 0x105b78900> com.DefaultCompany.NeonDrift.run.1782493753.82761 file:///Users/dragonkao/Library/Developer/CoreSimulator/Devices/CC47DE7A-8196-4465-A5A5-BB852C9C6C82/data/Containers/Bundle/Application/1D19FB4A-7F72-4B84-964E-8EB113904887/NeonDrift.run.1782493753.82761.app/ <com.DefaultCompany.NeonDrift.run.1782493753.82761 <installed >:0>
2026-06-27 01:11:05.563 Df webbookmarksd[84760:964963] [com.apple.appinstallation:TransactionLog] com.DefaultCompany.NeonDrift.run.1782493753.82761/Unknown Persona:5:8:3:1:applicationsDidInstall <LSApplicationProxy: 0x1035c00c0> com.DefaultCompany.NeonDrift.run.1782493753.82761 file:///Users/dragonkao/Library/Developer/CoreSimulator/Devices/CC47DE7A-8196-4465-A5A5-BB852C9C6C82/data/Containers/Bundle/Application/1D19FB4A-7F72-4B84-964E-8EB113904887/NeonDrift.run.1782493753.82761.app/ <com.DefaultCompany.NeonDrift.run.1782493753.82761 <installed >:0>
2026-06-27 01:11:05.563 Df deviceaccessd[84775:9649b5] [com.apple.DeviceAccess:DADaemonServer] ### appBundleHasASKEnabled com.DefaultCompany.NeonDrift.run.1782493753.82761 supports None
2026-06-27 01:11:05.563 Df deviceaccessd[84775:9649b5] [com.apple.DeviceAccess:DADaemonServer] ### UpdateAppsAccess: com.DefaultCompany.NeonDrift.run.1782493753.82761 with existing info plist options: None
2026-06-27 01:11:05.563 Df liveactivitiesd[84727:965024] [com.apple.appinstallation:TransactionLog] com.DefaultCompany.NeonDrift.run.1782493753.82761/Unknown Persona:5:8:3:1:applicationsDidInstall <LSApplicationProxy: 0x1026798c0> com.DefaultCompany.NeonDrift.run.1782493753.82761 file:///Users/dragonkao/Library/Developer/CoreSimulator/Devices/CC47DE7A-8196-4465-A5A5-BB852C9C6C82/data/Containers/Bundle/Application/1D19FB4A-7F72-4B84-964E-8EB113904887/NeonDrift.run.1782493753.82761.app/ <com.DefaultCompany.NeonDrift.run.1782493753.82761 <installed >:0>
2026-06-27 01:11:05.563 Df homed[84745:964977] [com.apple.appinstallation:TransactionLog] com.DefaultCompany.NeonDrift.run.1782493753.82761/Unknown Persona:5:8:3:1:applicationsDidInstall <LSApplicationProxy: 0x107eb1200> com.DefaultCompany.NeonDrift.run.1782493753.82761 file:///Users/dragonkao/Library/Developer/CoreSimulator/Devices/CC47DE7A-8196-4465-A5A5-BB852C9C6C82/data/Containers/Bundle/Application/1D19FB4A-7F72-4B84-964E-8EB113904887/NeonDrift.run.1782493753.82761.app/ <com.DefaultCompany.NeonDrift.run.1782493753.82761 <installed >:0>
