Timestamp               Ty Process[PID:TID]
2026-07-11 14:04:11.640 Df CoreSimulatorBridge[43250:3c1539] Request received for installation of file:///Users/dragonkao/.openclaw/workspace/382b9e3384298039b171c9b2a60ae644/NeonDrift_MVP/project/xcode_derived_data/Build/Products/Release-iphonesimulator/NeonDrift.app/ with options: {
    PackageType = Developer;
    SimulatorRootPath = "/Library/Developer/CoreSimulator/Volumes/iOS_23E254a/Library/Developer/CoreSimulator/Profiles/Runtimes/iOS 26.4.simruntime/Contents/Resources/RuntimeRoot";
    SimulatorUserPath = "/Users/dragonkao/Library/Developer/CoreSimulator/Devices/CC47DE7A-8196-4465-A5A5-BB852C9C6C82/data";
}
2026-07-11 14:04:11.640 Df CoreSimulatorBridge[43250:3c1539] [com.apple.installcoordination:framework] +[IXAppInstallCoordinator(IXSimpleInstaller) _beginInstallForURL:forPersonaUniqueString:consumeSource:options:progressBlock:completionWithIdentity:]: Beginning install for /Users/dragonkao/.openclaw/workspace/382b9e3384298039b171c9b2a60ae644/NeonDrift_MVP/project/xcode_derived_data/Build/Products/Release-iphonesimulator/NeonDrift.app consuming source:N options:{
    IsUserInitiated = 1;
    PackageType = Developer;
} installationRequestorAuditToken: NULL
2026-07-11 14:04:11.643 Df installcoordinationd[43527:3bf5c2] [com.apple.installcoordination:daemon] -[IXSDataPromiseManager registerPromise:]: Registered promise <IXSPlaceholder(0x10593c500) Name:App Placeholder: NeonDrift (com.DefaultCompany.NeonDrift) Creator:InstallCoordination Simple SPI UUID:3C51BCE2-08C7-455B-B861-EFD35F028F0B Location:[system-defined]> for UUID 3C51BCE2-08C7-455B-B861-EFD35F028F0B
2026-07-11 14:04:11.644 Df installcoordinationd[43527:3bf5c2] [com.apple.installcoordination:daemon] -[IXSPlaceholder setAttributes:]: <IXSPlaceholder(0x10593c500) Name:App Placeholder: NeonDrift (com.DefaultCompany.NeonDrift) Creator:InstallCoordination Simple SPI UUID:3C51BCE2-08C7-455B-B861-EFD35F028F0B Location:[system-defined]>: setting placeholder attributes to <IXPlaceholderAttributes<0x1058d06e0> : {
    CFBundleShortVersionString = "1.0";
    CFBundleSupportedPlatforms =     (
        iPhoneSimulator
    );
    CFBundleVersion = 0;
    DTPlatformName = iphonesimulator;
    LSRequiresIPhoneOS = 1;
    MinimumOSVersion = "13.0";
    UIDeviceFamily =     (
        1,
        2
    );
    UIRequiredDeviceCapabilities =     {
        arm64 = 1;
        metal = 1;
    };
}>
2026-07-11 14:04:11.645 Df CoreSimulatorBridge[43250:3c9973] [com.apple.installcoordination:framework] +[IXPlaceholder _setEntitlementsFromBundleExecutableURL:withBundleID:client:onPlaceholder:location:error:]: Executable for com.DefaultCompany.NeonDrift at NeonDrift -- file:///Users/dragonkao/.openclaw/workspace/382b9e3384298039b171c9b2a60ae644/NeonDrift_MVP/project/xcode_derived_data/Build/Products/Release-iphonesimulator/NeonDrift.app/ had no entitlements
2026-07-11 14:04:11.645 Df CoreSimulatorBridge[43250:3c9973] [com.apple.installcoordination:framework] +[IXPlaceholder _placeholderForBundle:client:withParent:installType:metadata:placeholderType:mayBeDeltaPackage:isFromSerializedPlaceholder:location:error:]: Using full fidelity icons for com.DefaultCompany.NeonDrift at /Users/dragonkao/.openclaw/workspace/382b9e3384298039b171c9b2a60ae644/NeonDrift_MVP/project/xcode_derived_data/Build/Products/Release-iphonesimulator/NeonDrift.app
2026-07-11 14:04:11.645 Df installcoordinationd[43527:3bf5c2] [com.apple.installcoordination:daemon] -[IXSDataPromiseManager registerPromise:]: Registered promise <IXSPromisedTransferToPath(0x105914f00) Name:Icon resources for com.DefaultCompany.NeonDrift Creator:InstallCoordination Simple SPI UUID:507F72D8-0BDE-4474-BBF0-967ABC50D20C Location:[system-defined]> for UUID 507F72D8-0BDE-4474-BBF0-967ABC50D20C
2026-07-11 14:04:11.648 Df CoreSimulatorBridge[43250:3c9973] [com.apple.installcoordination:framework] -[IXPromisedTransferToPath setComplete:]: <IXPromisedTransferToPath<0x103c8c8c0> name:"Icon resources for com.DefaultCompany.NeonDrift" uuid:507F72D8-0BDE-4474-BBF0-967ABC50D20C creator:"InstallCoordination Simple SPI" location:[system-defined]> Move operation from /Users/dragonkao/Library/Developer/CoreSimulator/Devices/CC47DE7A-8196-4465-A5A5-BB852C9C6C82/data/Containers/Shared/SystemGroup/systemgroup.com.apple.installcoordinationd/Library/InstallCoordination/PromiseStaging/507F72D8-0BDE-4474-BBF0-967ABC50D20C/temp.o2ku9U to /Users/dragonkao/Library/Developer/CoreSimulator/Devices/CC47DE7A-8196-4465-A5A5-BB852C9C6C82/data/Containers/Shared/SystemGroup/systemgroup.com.apple.installcoordinationd/Library/InstallCoordination/PromiseStaging/507F72D8-0BDE-4474-BBF0-967ABC50D20C/temp.o2ku9U took 0.000060 seconds
2026-07-11 14:04:11.649 Df installcoordinationd[43527:3bf5c2] [com.apple.installcoordination:daemon] -[IXSDataPromise _setPercentComplete:saveStateIfNeeded:]: Progress: <IXSPromisedTransferToPath(0x105914f00) Name:Icon resources for com.DefaultCompany.NeonDrift Creator:InstallCoordination Simple SPI UUID:507F72D8-0BDE-4474-BBF0-967ABC50D20C Location:[system-defined]>
2026-07-11 14:04:11.649 Df installcoordinationd[43527:3bf5c3] [com.apple.installcoordination:daemon] -[IXSDataPromiseManager promiseDidBegin:]: Unowned promise began: <IXSPromisedTransferToPath(0x105914f00) Name:Icon resources for com.DefaultCompany.NeonDrift Creator:InstallCoordination Simple SPI UUID:507F72D8-0BDE-4474-BBF0-967ABC50D20C Location:[system-defined]>
2026-07-11 14:04:11.650 Df installcoordinationd[43527:3bf5c3] [com.apple.installcoordination:daemon] -[IXSDataPromiseManager promise:didUpdateProgress:]: Unowned promise update progress to 1.000000 : <IXSPromisedTransferToPath(0x105914f00) Name:Icon resources for com.DefaultCompany.NeonDrift Creator:InstallCoordination Simple SPI UUID:507F72D8-0BDE-4474-BBF0-967ABC50D20C Location:[system-defined]>
2026-07-11 14:04:11.650 Df installcoordinationd[43527:3bf5c3] [com.apple.installcoordination:daemon] -[IXSDataPromiseManager promiseDidComplete:]: Unowned promise completed: <IXSPromisedTransferToPath(0x105914f00) Name:Icon resources for com.DefaultCompany.NeonDrift Creator:InstallCoordination Simple SPI UUID:507F72D8-0BDE-4474-BBF0-967ABC50D20C Location:[system-defined]>
2026-07-11 14:04:11.651 Df installcoordinationd[43527:3bf5c2] [com.apple.installcoordination:daemon] -[IXSDataPromise _setPercentComplete:saveStateIfNeeded:]: Progress: <IXSPromisedInMemoryDictionary(0x105915080) Name:Info.plist icon content for com.DefaultCompany.NeonDrift Creator:InstallCoordination Simple SPI UUID:F15F9733-1600-440B-9F86-CAE1EE91B6C1 Location:[system-defined]>
2026-07-11 14:04:11.651 Df installcoordinationd[43527:3bf5c2] [com.apple.installcoordination:daemon] -[IXSDataPromiseManager registerPromise:]: Registered promise <IXSPromisedInMemoryDictionary(0x105915080) Name:Info.plist icon content for com.DefaultCompany.NeonDrift Creator:InstallCoordination Simple SPI UUID:F15F9733-1600-440B-9F86-CAE1EE91B6C1 Location:[system-defined]> for UUID F15F9733-1600-440B-9F86-CAE1EE91B6C1
2026-07-11 14:04:11.651 Df installcoordinationd[43527:3bf5c3] [com.apple.installcoordination:daemon] -[IXSDataPromiseManager promiseDidBegin:]: Unowned promise began: <IXSPromisedInMemoryDictionary(0x105915080) Name:Info.plist icon content for com.DefaultCompany.NeonDrift Creator:InstallCoordination Simple SPI UUID:F15F9733-1600-440B-9F86-CAE1EE91B6C1 Location:[system-defined]>
2026-07-11 14:04:11.651 Df installcoordinationd[43527:3bf5c3] [com.apple.installcoordination:daemon] -[IXSDataPromiseManager promise:didUpdateProgress:]: Unowned promise update progress to 1.000000 : <IXSPromisedInMemoryDictionary(0x105915080) Name:Info.plist icon content for com.DefaultCompany.NeonDrift Creator:InstallCoordination Simple SPI UUID:F15F9733-1600-440B-9F86-CAE1EE91B6C1 Location:[system-defined]>
2026-07-11 14:04:11.651 Df installcoordinationd[43527:3bf5c3] [com.apple.installcoordination:daemon] -[IXSDataPromiseManager promiseDidComplete:]: Unowned promise completed: <IXSPromisedInMemoryDictionary(0x105915080) Name:Info.plist icon content for com.DefaultCompany.NeonDrift Creator:InstallCoordination Simple SPI UUID:F15F9733-1600-440B-9F86-CAE1EE91B6C1 Location:[system-defined]>
2026-07-11 14:04:11.651 Df installcoordinationd[43527:3bf5c2] [com.apple.installcoordination:daemon] -[IXSPlaceholder setIconResourcesPromise:]: <IXSPlaceholder(0x10593c500) Name:App Placeholder: NeonDrift (com.DefaultCompany.NeonDrift) Creator:InstallCoordination Simple SPI UUID:3C51BCE2-08C7-455B-B861-EFD35F028F0B Location:[system-defined]>: setting icon resources promise to <IXSPromisedTransferToPath(0x105914f00) Name:Icon resources for com.DefaultCompany.NeonDrift Creator:InstallCoordination Simple SPI UUID:507F72D8-0BDE-4474-BBF0-967ABC50D20C Location:[system-defined]>
2026-07-11 14:04:11.652 Df installcoordinationd[43527:3bf5c2] [com.apple.installcoordination:daemon] -[IXSPlaceholder setInfoPlistIconContentPromise:]: <IXSPlaceholder(0x10593c500) Name:App Placeholder: NeonDrift (com.DefaultCompany.NeonDrift) Creator:InstallCoordination Simple SPI UUID:3C51BCE2-08C7-455B-B861-EFD35F028F0B Location:[system-defined]>: setting Info.plist icon content promise to <IXSPromisedInMemoryDictionary(0x105915080) Name:Info.plist icon content for com.DefaultCompany.NeonDrift Creator:InstallCoordination Simple SPI UUID:F15F9733-1600-440B-9F86-CAE1EE91B6C1 Location:[system-defined]>
2026-07-11 14:04:11.653 Df installcoordinationd[43527:3bf5c2] [com.apple.installcoordination:daemon] -[IXSDataPromiseManager promiseDidBegin:]: Unowned promise began: <IXSPlaceholder(0x10593c500) Name:App Placeholder: NeonDrift (com.DefaultCompany.NeonDrift) Creator:InstallCoordination Simple SPI UUID:3C51BCE2-08C7-455B-B861-EFD35F028F0B Location:[system-defined]>
2026-07-11 14:04:11.653 Df installcoordinationd[43527:3bf5c2] [com.apple.installcoordination:daemon] -[IXSDataPromiseManager promise:didUpdateProgress:]: Unowned promise update progress to 0.000000 : <IXSPlaceholder(0x10593c500) Name:App Placeholder: NeonDrift (com.DefaultCompany.NeonDrift) Creator:InstallCoordination Simple SPI UUID:3C51BCE2-08C7-455B-B861-EFD35F028F0B Location:[system-defined]>
2026-07-11 14:04:11.653 Df installcoordinationd[43527:3bf5c2] [com.apple.installcoordination:daemon] -[IXSDataPromiseManager promise:didUpdateProgress:]: Unowned promise update progress to 0.000000 : <IXSPlaceholder(0x10593c500) Name:App Placeholder: NeonDrift (com.DefaultCompany.NeonDrift) Creator:InstallCoordination Simple SPI UUID:3C51BCE2-08C7-455B-B861-EFD35F028F0B Location:[system-defined]>
2026-07-11 14:04:11.654 Df installcoordinationd[43527:3c997c] [com.apple.installcoordination:daemon] -[IXSDataPromise _setPercentComplete:saveStateIfNeeded:]: Progress: <IXSPromisedInMemoryDictionary(0x105915200) Name:Localizations for com.DefaultCompany.NeonDrift Creator:InstallCoordination Simple SPI UUID:814DD65D-9104-42A4-A092-2B75B7CDE598 Location:[system-defined]>
2026-07-11 14:04:11.654 Df installcoordinationd[43527:3c997c] [com.apple.installcoordination:daemon] -[IXSDataPromiseManager registerPromise:]: Registered promise <IXSPromisedInMemoryDictionary(0x105915200) Name:Localizations for com.DefaultCompany.NeonDrift Creator:InstallCoordination Simple SPI UUID:814DD65D-9104-42A4-A092-2B75B7CDE598 Location:[system-defined]> for UUID 814DD65D-9104-42A4-A092-2B75B7CDE598
2026-07-11 14:04:11.654 Df installcoordinationd[43527:3bf5c2] [com.apple.installcoordination:daemon] -[IXSDataPromiseManager promiseDidBegin:]: Unowned promise began: <IXSPromisedInMemoryDictionary(0x105915200) Name:Localizations for com.DefaultCompany.NeonDrift Creator:InstallCoordination Simple SPI UUID:814DD65D-9104-42A4-A092-2B75B7CDE598 Location:[system-defined]>
2026-07-11 14:04:11.654 Df installcoordinationd[43527:3bf5c2] [com.apple.installcoordination:daemon] -[IXSDataPromiseManager promise:didUpdateProgress:]: Unowned promise update progress to 1.000000 : <IXSPromisedInMemoryDictionary(0x105915200) Name:Localizations for com.DefaultCompany.NeonDrift Creator:InstallCoordination Simple SPI UUID:814DD65D-9104-42A4-A092-2B75B7CDE598 Location:[system-defined]>
2026-07-11 14:04:11.654 Df installcoordinationd[43527:3bf5c2] [com.apple.installcoordination:daemon] -[IXSDataPromiseManager promiseDidComplete:]: Unowned promise completed: <IXSPromisedInMemoryDictionary(0x105915200) Name:Localizations for com.DefaultCompany.NeonDrift Creator:InstallCoordination Simple SPI UUID:814DD65D-9104-42A4-A092-2B75B7CDE598 Location:[system-defined]>
2026-07-11 14:04:11.654 Df installcoordinationd[43527:3c997c] [com.apple.installcoordination:daemon] -[IXSPlaceholder setLocalizationDictionaryPromise:]: <IXSPlaceholder(0x10593c500) Name:App Placeholder: NeonDrift (com.DefaultCompany.NeonDrift) Creator:InstallCoordination Simple SPI UUID:3C51BCE2-08C7-455B-B861-EFD35F028F0B Location:[system-defined]>: setting localization dict promise to <IXSPromisedInMemoryDictionary(0x105915200) Name:Localizations for com.DefaultCompany.NeonDrift Creator:InstallCoordination Simple SPI UUID:814DD65D-9104-42A4-A092-2B75B7CDE598 Location:[system-defined]>
2026-07-11 14:04:11.655 Df installcoordinationd[43527:3bf5c3] [com.apple.installcoordination:daemon] -[IXSDataPromiseManager promise:didUpdateProgress:]: Unowned promise update progress to 0.000000 : <IXSPlaceholder(0x10593c500) Name:App Placeholder: NeonDrift (com.DefaultCompany.NeonDrift) Creator:InstallCoordination Simple SPI UUID:3C51BCE2-08C7-455B-B861-EFD35F028F0B Location:[system-defined]>
2026-07-11 14:04:11.655 Df installcoordinationd[43527:3c997c] [com.apple.installcoordination:daemon] -[IXSPlaceholder setConfigurationComplete:]: <IXSPlaceholder(0x10593c500) Name:App Placeholder: NeonDrift (com.DefaultCompany.NeonDrift) Creator:InstallCoordination Simple SPI UUID:3C51BCE2-08C7-455B-B861-EFD35F028F0B Location:[system-defined]>: setting configuration complete to Y
2026-07-11 14:04:11.656 Df installcoordinationd[43527:3c997c] [com.apple.installcoordination:daemon] -[IXSPlaceholder _materialize]: <IXSPlaceholder(0x10593c500) Name:App Placeholder: NeonDrift (com.DefaultCompany.NeonDrift) Creator:InstallCoordination Simple SPI UUID:3C51BCE2-08C7-455B-B861-EFD35F028F0B Location:[system-defined]>: Materializing placeholder at /Users/dragonkao/Library/Developer/CoreSimulator/Devices/CC47DE7A-8196-4465-A5A5-BB852C9C6C82/data/Containers/Shared/SystemGroup/systemgroup.com.apple.installcoordinationd/Library/InstallCoordination/PromiseStaging/3C51BCE2-08C7-455B-B861-EFD35F028F0B/NeonDrift.app
2026-07-11 14:04:11.656 Df installcoordinationd[43527:3c997c] [com.apple.installcoordination:daemon] -[IXSPlaceholder _materialize]: <IXSPlaceholder(0x10593c500) Name:App Placeholder: NeonDrift (com.DefaultCompany.NeonDrift) Creator:InstallCoordination Simple SPI UUID:3C51BCE2-08C7-455B-B861-EFD35F028F0B Location:[system-defined]>: Using Info.plist icon content: {
    CFBundleIcons =     {
        CFBundlePrimaryIcon =         {
            CFBundleIconName = AppIcon;
        };
    };
    "CFBundleIcons~ipad" =     {
        CFBundlePrimaryIcon =         {
            CFBundleIconName = AppIcon;
        };
    };
    ISIconPlatform = iPhoneOS;
}
2026-07-11 14:04:11.656 Df installcoordinationd[43527:3c997c] [com.apple.installcoordination:daemon] -[IXSPlaceholder _materialize]_block_invoke: <IXSPlaceholder(0x10593c500) Name:App Placeholder: NeonDrift (com.DefaultCompany.NeonDrift) Creator:InstallCoordination Simple SPI UUID:3C51BCE2-08C7-455B-B861-EFD35F028F0B Location:[system-defined]>: Using icon resource Assets.car
2026-07-11 14:04:11.656 Df installcoordinationd[43527:3c997c] [com.apple.installcoordination:daemon] -[IXSPlaceholder _materialize]: <IXSPlaceholder(0x10593c500) Name:App Placeholder: NeonDrift (com.DefaultCompany.NeonDrift) Creator:InstallCoordination Simple SPI UUID:3C51BCE2-08C7-455B-B861-EFD35F028F0B Location:[system-defined]>: Including lproj localizations for (
)
2026-07-11 14:04:11.657 Df installcoordinationd[43527:3c997c] [com.apple.installcoordination:daemon] -[IXSDataPromiseManager promiseDidComplete:]: Unowned promise completed: <IXSPlaceholder(0x10593c500) Name:App Placeholder: NeonDrift (com.DefaultCompany.NeonDrift) Creator:InstallCoordination Simple SPI UUID:3C51BCE2-08C7-455B-B861-EFD35F028F0B Location:[system-defined]>
2026-07-11 14:04:11.657 Df installcoordinationd[43527:3c997c] [com.apple.installcoordination:daemon] -[IXSDataPromiseManager registerPromise:]: Registered promise <IXSPromisedTransferToPath(0x105915380) Name:App Asset: com.DefaultCompany.NeonDrift Creator:InstallCoordination Simple SPI UUID:115D4F61-86A4-4DFE-BD77-DBA2201219F3 Location:[system-defined]> for UUID 115D4F61-86A4-4DFE-BD77-DBA2201219F3
2026-07-11 14:04:11.659 Df installcoordinationd[43527:3c997c] [com.apple.installcoordination:daemon] -[IXSCoordinatorManager coordinatorForIdentity:connection:error:creatingIfNotExisting:]_block_invoke: Registered coordinator: <IXSCoordinatedAppInstall<0x105a10000> [P=CoreSimulatorBridge (pid 43250)] identifier:[com.DefaultCompany.NeonDrift/Invalid/[system-defined]] uuid:70609540-9F7D-4E4C-BE0E-9A31D8BB3E8F intent:IXCoordinatorIntentUpdating creator/appDRI:InstallCoordination Simple SPI importance:Background state:IXAppCoordinationStatePlaceholderPromiseNotSet promise-state:01234>
2026-07-11 14:04:11.659 Df installcoordinationd[43527:3c997c] [com.apple.appinstallation:TransactionLog] com.DefaultCompany.NeonDrift/Unknown Persona:4:2:1:1:Created coordinator with intent IXCoordinatorIntentUpdating for client InstallCoordination Simple SPI
2026-07-11 14:04:11.659 Df installcoordinationd[43527:3c997c] [com.apple.installcoordination:daemon] -[IXSCoordinatedAppInstall setPriorityBoostCompletion:withSourceInfo:]: <IXSCoordinatedAppInstall<0x105a10000> [P=CoreSimulatorBridge (pid 43250)] identifier:[com.DefaultCompany.NeonDrift/Invalid/[system-defined]] uuid:70609540-9F7D-4E4C-BE0E-9A31D8BB3E8F intent:IXCoordinatorIntentUpdating creator/appDRI:InstallCoordination Simple SPI importance:Background state:IXAppCoordinationStatePlaceholderPromiseNotSet promise-state:01234>: Retaining completion from CoreSimulatorBridge (43250), QOS_CLASS_DEFAULT (0x15)
2026-07-11 14:04:11.659 Df installcoordinationd[43527:3c997c] [com.apple.installcoordination:daemon] -[IXSCoordinatedAppInstall setImportance:]: <IXSCoordinatedAppInstall<0x105a10000> [P=CoreSimulatorBridge (pid 43250)] identifier:[com.DefaultCompany.NeonDrift/Invalid/[system-defined]] uuid:70609540-9F7D-4E4C-BE0E-9A31D8BB3E8F intent:IXCoordinatorIntentUpdating creator/appDRI:InstallCoordination Simple SPI importance:UserWaiting state:IXAppCoordinationStatePlaceholderPromiseNotSet promise-state:01234>: set importance to UserWaiting
2026-07-11 14:04:11.659 Df installcoordinationd[43527:3c997c] [com.apple.installcoordination:daemon] -[IXSCoordinatedAppInstall _onQueue_fireObserversForClient:]: <IXSCoordinatedAppInstall<0x105a10000> [P=CoreSimulatorBridge (pid 43250)] identifier:[com.DefaultCompany.NeonDrift/Invalid/[system-defined]] uuid:70609540-9F7D-4E4C-BE0E-9A31D8BB3E8F intent:IXCoordinatorIntentUpdating creator/appDRI:InstallCoordination Simple SPI importance:UserWaiting state:IXAppCoordinationStatePlaceholderPromiseNotSet promise-state:01234>: Firing applicable observers for client <IXSClientConnection<0x10585d4a0> client:CoreSimulatorBridge (pid 43250) uuid:67C0401D-22FA-451F-A859-EFC15B887255>
2026-07-11 14:04:11.659 Df installcoordinationd[43527:3c997c] [com.apple.installcoordination:daemon] -[IXSCoordinatedAppInstall setPriorityBoostCompletion:withSourceInfo:]: <IXSCoordinatedAppInstall<0x105a10000> [P=CoreSimulatorBridge (pid 43250)] identifier:[com.DefaultCompany.NeonDrift/Invalid/[system-defined]] uuid:70609540-9F7D-4E4C-BE0E-9A31D8BB3E8F intent:IXCoordinatorIntentUpdating creator/appDRI:InstallCoordination Simple SPI importance:UserWaiting state:IXAppCoordinationStatePlaceholderPromiseNotSet promise-state:01234>: Disposing of completion from CoreSimulatorBridge (43250), QOS_CLASS_DEFAULT (0x15)
2026-07-11 14:04:11.660 Df installcoordinationd[43527:3c997c] [com.apple.installcoordination:daemon] -[IXSCoordinatedAppInstall setPriorityBoostCompletion:withSourceInfo:]: <IXSCoordinatedAppInstall<0x105a10000> [P=CoreSimulatorBridge (pid 43250)] identifier:[com.DefaultCompany.NeonDrift/Invalid/[system-defined]] uuid:70609540-9F7D-4E4C-BE0E-9A31D8BB3E8F intent:IXCoordinatorIntentUpdating creator/appDRI:InstallCoordination Simple SPI importance:UserWaiting state:IXAppCoordinationStatePlaceholderPromiseNotSet promise-state:01234>: Retaining completion from CoreSimulatorBridge (43250), QOS_CLASS_DEFAULT (0x15)
2026-07-11 14:04:11.660 Df CoreSimulatorBridge[43250:3c997b] [com.apple.installcoordination:framework] -[IXAppInstallCoordinator _clientDelegate_didRegisterForObservation]: <IXUpdatingAppInstallCoordinator<0x103c8d880> identity:[com.DefaultCompany.NeonDrift/Invalid/[system-defined]] uuid:70609540-9F7D-4E4C-BE0E-9A31D8BB3E8F creator:InstallCoordination Simple SPI>: Got observer registration delegate
2026-07-11 14:04:11.660 Df CoreSimulatorBridge[43250:3c997b] [com.apple.installcoordination:framework] -[IXAppInstallCoordinator _clientDelegate_shouldResume]: <IXUpdatingAppInstallCoordinator<0x103c8d880> identity:[com.DefaultCompany.NeonDrift/Invalid/[system-defined]] uuid:70609540-9F7D-4E4C-BE0E-9A31D8BB3E8F creator:InstallCoordination Simple SPI>: Got should resume delegate
2026-07-11 14:04:11.660 Df CoreSimulatorBridge[43250:3c997a] [com.apple.installcoordination:framework] -[IXAppInstallCoordinator _clientDelegate_didRegisterForObservation]_block_invoke: <IXUpdatingAppInstallCoordinator<0x103c8d880> identity:[com.DefaultCompany.NeonDrift/Invalid/[system-defined]] uuid:70609540-9F7D-4E4C-BE0E-9A31D8BB3E8F creator:InstallCoordination Simple SPI>: Observer <_IXSimpleInstallerDelegate 0x0x103c5bc90> does not respond to coordinatorDidRegisterForObservation:
2026-07-11 14:04:11.660 Df CoreSimulatorBridge[43250:3c997a] [com.apple.installcoordination:framework] -[IXAppInstallCoordinator _clientDelegate_shouldResume]_block_invoke: <IXUpdatingAppInstallCoordinator<0x103c8d880> identity:[com.DefaultCompany.NeonDrift/Invalid/[system-defined]] uuid:70609540-9F7D-4E4C-BE0E-9A31D8BB3E8F creator:InstallCoordination Simple SPI>: Observer <_IXSimpleInstallerDelegate 0x0x103c5bc90> does not respond to coordinatorShouldResume:
2026-07-11 14:04:11.661 Df installcoordinationd[43527:3c997c] [com.apple.installcoordination:daemon] -[IXSCoordinatedAppInstall _internal_setInstallOptionsPromise:performExternalActions:]: <IXSCoordinatedAppInstall<0x105a10000> [P=CoreSimulatorBridge (pid 43250)] identifier:[com.DefaultCompany.NeonDrift/Invalid/[system-defined]] uuid:70609540-9F7D-4E4C-BE0E-9A31D8BB3E8F intent:IXCoordinatorIntentUpdating creator/appDRI:InstallCoordination Simple SPI importance:UserWaiting state:IXAppCoordinationStatePlaceholderPromiseNotSet promise-state:012I4> : install options set: <IXSPromisedInMemoryData(0x105915780) Name:MIInstallOptions data Creator:Install Coordination Internal UUID:D65B809A-482F-4F7D-9C81-B723FB3BF6D0 Location:[system-defined]>
2026-07-11 14:04:11.661 Df installcoordinationd[43527:3bf5c2] [com.apple.installcoordination:daemon] -[IXSCoordinatedAppInstall promiseDidComplete:]: <IXSCoordinatedAppInstall<0x105a10000> [P=CoreSimulatorBridge (pid 43250)] identifier:[com.DefaultCompany.NeonDrift/Invalid/[system-defined]] uuid:70609540-9F7D-4E4C-BE0E-9A31D8BB3E8F intent:IXCoordinatorIntentUpdating creator/appDRI:InstallCoordination Simple SPI importance:UserWaiting state:IXAppCoordinationStatePlaceholderPromiseNotSet promise-state:012I4> : Promise completed: <IXSPromisedInMemoryData(0x105915780) Name:MIInstallOptions data Creator:Install Coordination Internal UUID:D65B809A-482F-4F7D-9C81-B723FB3BF6D0 Location:[system-defined]>
2026-07-11 14:04:11.662 Df installcoordinationd[43527:3c997c] [com.apple.appinstallation:TransactionLog] com.DefaultCompany.NeonDrift/Unknown Persona:4:13:1:1:Install Options Promise began. Coordinator State: IXAppCoordinationStatePlaceholderPromiseNotSet
2026-07-11 14:04:11.662 Df installcoordinationd[43527:3c997c] [com.apple.appinstallation:TransactionLog] com.DefaultCompany.NeonDrift/Unknown Persona:4:13:2:1:Install Options Promise completed. Coordinator State: IXAppCoordinationStatePlaceholderPromiseNotSet
2026-07-11 14:04:11.662 Df installcoordinationd[43527:3c997c] [com.apple.installcoordination:daemon] -[IXSCoordinatedAppInstall _internal_setAppAssetPromise:performExternalActions:]: <IXSCoordinatedAppInstall<0x105a10000> [P=CoreSimulatorBridge (pid 43250)] identifier:[com.DefaultCompany.NeonDrift/Invalid/[system-defined]] uuid:70609540-9F7D-4E4C-BE0E-9A31D8BB3E8F intent:IXCoordinatorIntentUpdating creator/appDRI:InstallCoordination Simple SPI importance:UserWaiting state:IXAppCoordinationStatePlaceholderPromiseNotSet promise-state:0a2I4> : App Asset Promise set: <IXSPromisedTransferToPath(0x105915380) Name:App Asset: com.DefaultCompany.NeonDrift Creator:InstallCoordination Simple SPI UUID:115D4F61-86A4-4DFE-BD77-DBA2201219F3 Location:[system-defined]>
2026-07-11 14:04:11.663 Df installcoordinationd[43527:3c997c] [com.apple.installcoordination:daemon] -[IXSCoordinatedAppInstall setInitialODRAssetPromises:]: <IXSCoordinatedAppInstall<0x105a10000> [P=CoreSimulatorBridge (pid 43250)] identifier:[com.DefaultCompany.NeonDrift/Invalid/[system-defined]] uuid:70609540-9F7D-4E4C-BE0E-9A31D8BB3E8F intent:IXCoordinatorIntentUpdating creator/appDRI:InstallCoordination Simple SPI importance:UserWaiting state:IXAppCoordinationStatePlaceholderPromiseNotSet promise-state:0a2I4> : Initial ODR Asset Promises set: (
)
2026-07-11 14:04:11.663 Df CoreSimulatorBridge[43250:3c9973] [com.apple.installcoordination:framework] -[IXPromisedTransferToPath _performDeltaCopyFrom:toDestination:]: Performing delta copy from /Users/dragonkao/.openclaw/workspace/382b9e3384298039b171c9b2a60ae644/NeonDrift_MVP/project/xcode_derived_data/Build/Products/Release-iphonesimulator/NeonDrift.app to /Users/dragonkao/Library/Developer/CoreSimulator/Devices/CC47DE7A-8196-4465-A5A5-BB852C9C6C82/data/Containers/Shared/SystemGroup/systemgroup.com.apple.installcoordinationd/Library/InstallCoordination/PromiseStaging/115D4F61-86A4-4DFE-BD77-DBA2201219F3/NeonDrift.app with installed bundle at /Users/dragonkao/Library/Developer/CoreSimulator/Devices/CC47DE7A-8196-4465-A5A5-BB852C9C6C82/data/Containers/Bundle/Application/E4109901-35B4-4E9A-88A1-AC1779A82DEB/NeonDrift.app
2026-07-11 14:04:11.664 Df CoreSimulatorBridge[43250:3c9973] (MobileSystemServices) 0x16d72f000 MDMCreateDeltaDirectory: calling MDMDirectoryDiff with:
state->old_bundle: /Users/dragonkao/Library/Developer/CoreSimulator/Devices/CC47DE7A-8196-4465-A5A5-BB852C9C6C82/data/Containers/Bundle/Application/E4109901-35B4-4E9A-88A1-AC1779A82DEB/NeonDrift.app
state->new_bundle: /Users/dragonkao/.openclaw/workspace/382b9e3384298039b171c9b2a60ae644/NeonDrift_MVP/project/xcode_derived_data/Build/Products/Release-iphonesimulator/NeonDrift.app
state->dst_bundle: /Users/dragonkao/Library/Developer/CoreSimulator/Devices/CC47DE7A-8196-4465-A5A5-BB852C9C6C82/data/Containers/Shared/SystemGroup/systemgroup.com.apple.installcoordinationd/Library/InstallCoordination/PromiseStaging/115D4F61-86A4-4DFE-BD77-DBA2201219F3/NeonDrift.app/Payload//NeonDrift.app, binaryDiff flag: FALSE
	dst_ipa: /Users/dragonkao/Library/Developer/CoreSimulator/Devices/CC47DE7A-8196-4465-A5A5-BB852C9C6C82/data/Containers/Shared/SystemGroup/systemgroup.com.apple.installcoordinationd/Library/InstallCoordination/PromiseStaging/115D4<…>
2026-07-11 14:04:11.728 Df CoreSimulatorBridge[43250:3c9973] [com.apple.installcoordination:framework] -[IXPromisedTransferToPath setComplete:]: <IXPromisedTransferToPath<0x103c8cb00> name:"App Asset: com.DefaultCompany.NeonDrift" uuid:115D4F61-86A4-4DFE-BD77-DBA2201219F3 creator:"InstallCoordination Simple SPI" location:[system-defined]> Delta Copy operation from /Users/dragonkao/.openclaw/workspace/382b9e3384298039b171c9b2a60ae644/NeonDrift_MVP/project/xcode_derived_data/Build/Products/Release-iphonesimulator/NeonDrift.app to /Users/dragonkao/Library/Developer/CoreSimulator/Devices/CC47DE7A-8196-4465-A5A5-BB852C9C6C82/data/Containers/Shared/SystemGroup/systemgroup.com.apple.installcoordinationd/Library/InstallCoordination/PromiseStaging/115D4F61-86A4-4DFE-BD77-DBA2201219F3/NeonDrift.app took 0.065163 seconds
2026-07-11 14:04:11.729 Df installcoordinationd[43527:3c997c] [com.apple.installcoordination:daemon] -[IXSDataPromise _setPercentComplete:saveStateIfNeeded:]: Progress: <IXSPromisedTransferToPath(0x105915380) Name:App Asset: com.DefaultCompany.NeonDrift Creator:InstallCoordination Simple SPI UUID:115D4F61-86A4-4DFE-BD77-DBA2201219F3 Location:[system-defined]>
2026-07-11 14:04:11.729 Df installcoordinationd[43527:3bf5c2] [com.apple.appinstallation:TransactionLog] com.DefaultCompany.NeonDrift/Unknown Persona:4:10:1:1:App Asset Promise began. Coordinator State: IXAppCoordinationStatePlaceholderPromiseNotSet
2026-07-11 14:04:11.730 Df CoreSimulatorBridge[43250:3c997a] [com.apple.installcoordination:framework] -[IXAppInstallCoordinator _clientDelegate_promiseDidBeginFulfillmentWithIdentifier:]: <IXUpdatingAppInstallCoordinator<0x103c8d880> identity:[com.DefaultCompany.NeonDrift/Invalid/[system-defined]] uuid:70609540-9F7D-4E4C-BE0E-9A31D8BB3E8F creator:InstallCoordination Simple SPI>: Got promise did begin fulfillment for identifier 2
2026-07-11 14:04:11.730 Df CoreSimulatorBridge[43250:3c997a] [com.apple.installcoordination:framework] -[IXAppInstallCoordinator _clientDelegate_promiseDidBeginFulfillmentWithIdentifier:]_block_invoke: <IXUpdatingAppInstallCoordinator<0x103c8d880> identity:[com.DefaultCompany.NeonDrift/Invalid/[system-defined]] uuid:70609540-9F7D-4E4C-BE0E-9A31D8BB3E8F creator:InstallCoordination Simple SPI>: Observer <_IXSimpleInstallerDelegate 0x0x103c5bc90> does not respond to coordinator:configuredPromiseDidBeginFulfillment: (or any deprecated equivalent)
2026-07-11 14:04:11.730 Df installcoordinationd[43527:3bf5c2] [com.apple.installcoordination:daemon] -[IXSCoordinatedAppInstall promiseDidComplete:]: <IXSCoordinatedAppInstall<0x105a10000> [P=CoreSimulatorBridge (pid 43250)] identifier:[com.DefaultCompany.NeonDrift/Invalid/[system-defined]] uuid:70609540-9F7D-4E4C-BE0E-9A31D8BB3E8F intent:IXCoordinatorIntentUpdating creator/appDRI:InstallCoordination Simple SPI importance:UserWaiting state:IXAppCoordinationStatePlaceholderPromiseNotSet promise-state:0A2I4> : Promise completed: <IXSPromisedTransferToPath(0x105915380) Name:App Asset: com.DefaultCompany.NeonDrift Creator:InstallCoordination Simple SPI UUID:115D4F61-86A4-4DFE-BD77-DBA2201219F3 Location:[system-defined]>
2026-07-11 14:04:11.730 Df installcoordinationd[43527:3c997c] [com.apple.appinstallation:TransactionLog] com.DefaultCompany.NeonDrift/Unknown Persona:4:10:2:1:App Asset Promise completed. Coordinator State: IXAppCoordinationStatePlaceholderPromiseNotSet
2026-07-11 14:04:11.730 Df CoreSimulatorBridge[43250:3c997b] [com.apple.installcoordination:framework] -[IXAppInstallCoordinator _clientDelegate_didUpdateProgress:forPhase:overallProgress:]: <IXUpdatingAppInstallCoordinator<0x103c8d880> identity:[com.DefaultCompany.NeonDrift/Invalid/[system-defined]] uuid:70609540-9F7D-4E4C-BE0E-9A31D8BB3E8F creator:InstallCoordination Simple SPI>: Got did update progress delegate with percentComplete 100.000000 phase IXCoordinatorProgressPhaseLoading overallProgress 60.000000
2026-07-11 14:04:11.730 Df CoreSimulatorBridge[43250:3c997b] [com.apple.installcoordination:framework] -[IXAppInstallCoordinator _clientDelegate_didUpdateProgress:forPhase:overallProgress:]_block_invoke: <IXUpdatingAppInstallCoordinator<0x103c8d880> identity:[com.DefaultCompany.NeonDrift/Invalid/[system-defined]] uuid:70609540-9F7D-4E4C-BE0E-9A31D8BB3E8F creator:InstallCoordination Simple SPI>: Calling selector coordinator:didUpdateProgress:forPhase:overallProgress: on observer <_IXSimpleInstallerDelegate 0x0x103c5bc90>
2026-07-11 14:04:11.730 Df installcoordinationd[43527:3bf5c3] [com.apple.installcoordination:daemon] -[IXSCoordinatedAppInstall setPlaceholderPromise:]: <IXSCoordinatedAppInstall<0x105a10000> [P=CoreSimulatorBridge (pid 43250)] identifier:[com.DefaultCompany.NeonDrift/Invalid/[system-defined]] uuid:70609540-9F7D-4E4C-BE0E-9A31D8BB3E8F intent:IXCoordinatorIntentUpdating creator/appDRI:InstallCoordination Simple SPI importance:UserWaiting state:IXAppCoordinationStateReadyForPlaceholderInstall promise-state:PA2I4> : Placeholder Promise set: <IXSPlaceholder(0x10593c500) Name:App Placeholder: NeonDrift (com.DefaultCompany.NeonDrift) Creator:InstallCoordination Simple SPI UUID:3C51BCE2-08C7-455B-B861-EFD35F028F0B Location:[system-defined]>
2026-07-11 14:04:11.730 Df installcoordinationd[43527:3c997c] [com.apple.installcoordination:daemon] -[IXSCoordinatedAppInstall promiseDidComplete:]: <IXSCoordinatedAppInstall<0x105a10000> [P=CoreSimulatorBridge (pid 43250)] identifier:[com.DefaultCompany.NeonDrift/Invalid/[system-defined]] uuid:70609540-9F7D-4E4C-BE0E-9A31D8BB3E8F intent:IXCoordinatorIntentUpdating creator/appDRI:InstallCoordination Simple SPI importance:UserWaiting state:IXAppCoordinationStateReadyForPlaceholderInstall promise-state:PA2I4> : Promise completed: <IXSPlaceholder(0x10593c500) Name:App Placeholder: NeonDrift (com.DefaultCompany.NeonDrift) Creator:InstallCoordination Simple SPI UUID:3C51BCE2-08C7-455B-B861-EFD35F028F0B Location:[system-defined]>
2026-07-11 14:04:11.731 Df installcoordinationd[43527:3bf5c3] [com.apple.installcoordination:daemon] -[IXSCoordinatedAppInstall _onQueue_acquireAssertionAndInstallPlaceholder]: Acquiring termination assertion to install placeholder for [com.DefaultCompany.NeonDrift/Invalid/[system-defined]]
2026-07-11 14:04:11.731 Df installcoordinationd[43527:3bf5c3] [com.apple.installcoordination:daemon] -[IXSPendingOperationsTracker beginPendingOperationForIdentity:]_block_invoke: Beginning pending operation for [com.DefaultCompany.NeonDrift/Invalid/[system-defined]]
2026-07-11 14:04:11.732 Df runningboardd[43223:3c9982] [com.apple.runningboard:connection] Received termination request from [osservice<com.apple.installcoordinationd>:43527] on <RBSProcessPredicate <RBSProcessBundleIdentifierPredicate "com.DefaultCompany.NeonDrift">> with context <RBSTerminateContext| explanation:installcoordinationd app:[com.DefaultCompany.NeonDrift/Invalid/[system-defined]] uuid:70609540-9F7D-4E4C-BE0E-9A31D8BB3E8F isPlaceholder:Y reportType:None maxTerminationResistance:Absolute attrs:[
	<RBSPreventLaunchLimitation| <RBSProcessPredicate <RBSProcessBundleIdentifierPredicate "com.DefaultCompany.NeonDrift">> allow:(null)>
	]>
2026-07-11 14:04:11.732 Df installcoordinationd[43527:3bf5c2] [com.apple.runningboard:process] Hit the server for a process handle 1dafa9b20000ac5b that resolved to: [app<com.DefaultCompany.NeonDrift((null))>:44123]
2026-07-11 14:04:11.732 Df runningboardd[43223:3c88c9] [com.apple.runningboard:general] Found 0 extensions contained in com.DefaultCompany.NeonDrift
2026-07-11 14:04:11.732 Df installcoordinationd[43527:3bf5c2] [com.apple.runningboard:monitor] Received state update for 44123 (app<com.DefaultCompany.NeonDrift((null))>, running-active-NotVisible
2026-07-11 14:04:11.733 Df runningboardd[43223:3c88c9] [com.apple.PlugInKit:holds] <PKManager:0x10907ef60> hold request for [/Users/dragonkao/Library/Developer/CoreSimulator/Devices/CC47DE7A-8196-4465-A5A5-BB852C9C6C82/data/Containers/Bundle/Application/E4109901-35B4-4E9A-88A1-AC1779A82DEB/NeonDrift.app] with flags: 0x4
2026-07-11 14:04:11.733 Df NeonDrift[44123:3c0e4f] [com.apple.PlugInKit:discovery] Annotations changed, re-performing query for continuous discovery, report block = <0x11a555920>.
2026-07-11 14:04:11.733 Df runningboardd[43223:3c88c9] [com.apple.PlugInKit:holds] <PKManager:0x10907ef60> hold request for [/Users/dragonkao/Library/Developer/CoreSimulator/Devices/CC47DE7A-8196-4465-A5A5-BB852C9C6C82/data/Containers/Bundle/Application/E4109901-35B4-4E9A-88A1-AC1779A82DEB/NeonDrift.app] with flags: 0x4 completed with hold token: [33BDC9E1-E434-43CA-8FCC-543A567102DD]
2026-07-11 14:04:11.733 Df NeonDrift[44123:3c0e4d] [com.apple.PlugInKit:discovery] Annotations changed, re-performing query for continuous discovery, report block = <0x11a555c20>.
2026-07-11 14:04:11.733 Df NeonDrift[44123:3c0e4f] [com.apple.PlugInKit:discovery] [d 3ABD3827-1D53-4606-B7CF-EB170B8541C2] <PKHost:0x11a538540> Beginning discovery for flags: 0, point: com.apple.AudioUnit
2026-07-11 14:04:11.733 Df runningboardd[43223:3c88c9] [com.apple.runningboard:ttl] Acquiring assertion targeting system from originator [osservice<com.apple.installcoordinationd>:43527] with description <RBSAssertionDescriptor| "installcoordinationd app:[com.DefaultCompany.NeonDrift/Invalid/[system-defined]] uuid:70609540-9F7D-4E4C-BE0E-9A31D8BB3E8F isPlaceholder:Y" ID:43223-43527-652 target:system attributes:[
	<RBSPreventLaunchLimitation| <RBSProcessPredicate <RBSProcessBundleIdentifierPredicate "com.DefaultCompany.NeonDrift">> allow:(null)>
	]>
2026-07-11 14:04:11.734 Df NeonDrift[44123:3c6cae] [com.apple.PlugInKit:discovery] Annotations changed, re-performing query for continuous discovery, report block = <0x11a555980>.
2026-07-11 14:04:11.734 Df NeonDrift[44123:3c0e4d] [com.apple.PlugInKit:discovery] [d 19AAA079-DDC9-4982-B885-30A693DB01E3] <PKHost:0x11a538540> Beginning discovery for flags: 0, point: com.apple.AudioUnit-Speech
2026-07-11 14:04:11.734 Df NeonDrift[44123:3c6cae] [com.apple.PlugInKit:discovery] [d AFC6C99B-EA56-4CB1-AA19-5B1C4E671FC3] <PKHost:0x11a538540> Beginning discovery for flags: 0, point: com.apple.AudioUnit-UI
2026-07-11 14:04:11.734 Df runningboardd[43223:3c88c9] [com.apple.runningboard:process] Executing termination request for: <RBSProcessPredicate <RBSProcessBundleIdentifierPredicate "com.DefaultCompany.NeonDrift">>
2026-07-11 14:04:11.734 Df runningboardd[43223:3c88c9] [com.apple.runningboard:process] [app<com.DefaultCompany.NeonDrift((null))>:44123] Terminating with context: <RBSTerminateContext| explanation:installcoordinationd app:[com.DefaultCompany.NeonDrift/Invalid/[system-defined]] uuid:70609540-9F7D-4E4C-BE0E-9A31D8BB3E8F isPlaceholder:Y reportType:None maxTerminationResistance:Absolute attrs:[
	<RBSPreventLaunchLimitation| <RBSProcessPredicate <RBSProcessBundleIdentifierPredicate "com.DefaultCompany.NeonDrift">> allow:(null)>
	]>
2026-07-11 14:04:11.734 Df runningboardd[43223:3c88c9] [com.apple.runningboard:process] [app<com.DefaultCompany.NeonDrift((null))>:44123] terminate_with_reason() success
2026-07-11 14:04:11.734 Df SpringBoard[43220:3bee81] [com.apple.SpringBoard:Common] termination assertion acquired for com.DefaultCompany.NeonDrift
2026-07-11 14:04:11.734 Df SpringBoard[43220:3bee81] [com.apple.SpringBoard:Icon] 0x10c1a1680-SBApplicationIcon Data source did change: <SBApplication: 0x12dc9cf00; com.DefaultCompany.NeonDrift> {
    processState = <SBApplicationProcessState: 0x10c029060; pid: 44123; taskState: Running; visibility: Foreground>;
} (SBApplication)
2026-07-11 14:04:11.735 Df backboardd[43241:3c9985] [com.apple.iohid:default] Connection removed: IOHIDEventSystemConnection uuid:E2A16B02-37E8-4B75-8A2F-4CF393AA8A69 pid:44123 process:NeonDrift type:Passive entitlements:0x0 caller:BackBoardServices: ___getHIDEventSystemClient_block_invoke + 296 attributes:{
    HighFrequency = 0;
    bundleID = "com.DefaultCompany.NeonDrift";
    pid = 44123;
} state:0x1 events:0 mask:0x0 dropped:0 dropStatus:0 droppedMask:0x0 lastDroppedTime:NONE
2026-07-11 14:04:11.735 Df SpringBoard[43220:3c7f9e] [com.apple.FrontBoard:ProcessWorkspace] [app<com.DefaultCompany.NeonDrift>:44123] Workspace connection invalidated.
2026-07-11 14:04:11.735 Df SpringBoard[43220:3c7f9e] [com.apple.FrontBoard:Process] [app<com.DefaultCompany.NeonDrift>:44123] Now flagged as pending exit for reason: workspace client connection invalidated
2026-07-11 14:04:11.735 Df backboardd[43241:3c9985] [com.apple.BackBoard:HID] Removing client connection <BKHIDClientConnection: 0x10aca4f40; IOHIDEventSystemConnectionRef: 0x109913400; vpid: 44123(v12CD8E); taskPort: 0x272A3; bundleID: com.DefaultCompany.NeonDrift> for client: IOHIDEventSystemConnection uuid:E2A16B02-37E8-4B75-8A2F-4CF393AA8A69 pid:44123 process:NeonDrift type:Passive entitlements:0x0 caller:BackBoardServices: ___getHIDEventSystemClient_block_invoke + 296 attributes:{
    HighFrequency = 0;
    bundleID = "com.DefaultCompany.NeonDrift";
    pid = 44123;
} state:0x1 events:0 mask:0x0 dropped:0 dropStatus:0 droppedMask:0x0 lastDroppedTime:NONE source:HID
2026-07-11 14:04:11.735 Df backboardd[43241:3c9985] [com.apple.iohid:default] Connection removed: IOHIDEventSystemConnection uuid:0DCDEAD2-177F-4878-9D6E-8BE328926C96 pid:44123 process:NeonDrift type:Monitor entitlements:0x0 caller:GameControllerFoundation: -[GCHIDEventSystemClient initWithQueue:type:attributes:functions:] + 116 attributes:(null) state:0x1 events:0 mask:0x0 dropped:0 dropStatus:0 droppedMask:0x0 lastDroppedTime:NONE
2026-07-11 14:04:11.738 Df SpringBoard[43220:3c8984] [com.apple.KeyboardArbiter:Handle] com.DefaultCompany.NeonDrift(44123) lostConnection (invalidation)
2026-07-11 14:04:11.740 Df backboardd[43241:3c29b9] [com.apple.BackBoard:EventDelivery] chain did update (setDeferringRules) <keyboardFocus; display: null> containsEndOfChain: YES; [
    <token: com.apple.frontboard.systemappservices/FBSceneManager:com.apple.springboard; pid: 43220>,
    <token: com.apple.frontboard.systemappservices/FBSceneManager:sceneID%3Acom.DefaultCompany.NeonDrift-default; pid: 44123>
]
2026-07-11 14:04:11.740 Df backboardd[43241:3c29b9] [com.apple.BackBoard:EventDelivery] chain did update (setDeferringRules) <keyboardFocus; display: builtin> containsEndOfChain: YES; [
    <token: com.apple.frontboard.systemappservices/FBSceneManager:com.apple.springboard; pid: 43220>,
    <token: com.apple.frontboard.systemappservices/FBSceneManager:sceneID%3Acom.DefaultCompany.NeonDrift-default; pid: 44123>
]
2026-07-11 14:04:11.740 Df runningboardd[43223:3c9982] [com.apple.runningboard:process] XPC connection invalidated: [app<com.DefaultCompany.NeonDrift((null))>:44123]
2026-07-11 14:04:11.740 Df SpringBoard[43220:3c8984] [com.apple.KeyboardArbiter:Handle] RX com.DefaultCompany.NeonDrift(44123) setWindowContextID:0 windowState:Disabled level:0.0
    focusContext:(null)
2026-07-11 14:04:11.740 Df SpringBoard[43220:3bee81] [com.apple.SpringBoard:KeyboardFocus] [coordinator] using MRU target <com.apple.frontboard.systemappservices/FBSceneManager:sceneID%3Acom.DefaultCompany.NeonDrift-default pid:44123>
2026-07-11 14:04:11.740 Df SpringBoard[43220:3bee81] [com.apple.SpringBoard:KeyboardFocus] [coordinator] informing scene controller 'com.apple.springboard' of focusTarget: <com.apple.frontboard.systemappservices/FBSceneManager:sceneID%3Acom.DefaultCompany.NeonDrift-default pid:44123>
2026-07-11 14:04:11.740 Df installcoordinationd[43527:3bf5c3] [com.apple.runningboard:assertion] Setting up death monitor for [app<com.DefaultCompany.NeonDrift((null))>:44123]
2026-07-11 14:04:11.740 Df installcoordinationd[43527:3bf5c3] [com.apple.runningboard:process] Starting death monitoring for handle [app<com.DefaultCompany.NeonDrift((null))>:44123]
2026-07-11 14:04:11.740 Df SpringBoard[43220:3bee81] [com.apple.SpringBoard:KeyboardFocus] [coordinator] keyboard arbiter suggested <nothing> and we replied <com.apple.frontboard.systemappservices/FBSceneManager:sceneID%3Acom.DefaultCompany.NeonDrift-default pid:44123>
2026-07-11 14:04:11.741 Df installcoordinationd[43527:3c9981] [com.apple.appinstallation:TransactionLog] com.DefaultCompany.NeonDrift/Unknown Persona:4:9:1:1:Placeholder Promise began. Coordinator State: IXAppCoordinationStateWaitingForPlaceholderAssertion
2026-07-11 14:04:11.741 E  SpringBoard[43220:3c8984] [com.apple.UIKit:KeyboardArbiter] Advisor: No handle found for currently focused PID: 44123; sceneIdentity: com.apple.frontboard.systemappservices/FBSceneManager:sceneID%3Acom.DefaultCompany.NeonDrift-default
2026-07-11 14:04:11.741 Df installcoordinationd[43527:3c9981] [com.apple.installcoordination:daemon] -[IXSCoordinatorProgress setTotalUnitsCompleted:]: Progress for coordinator: [com.DefaultCompany.NeonDrift/Invalid/[system-defined]], Phase: IXCoordinatorProgressPhaseLoading, Percentage: 100.000000: Attempt to set units completed on finished progress: 100
2026-07-11 14:04:11.741 Df installcoordinationd[43527:3c9981] [com.apple.appinstallation:TransactionLog] com.DefaultCompany.NeonDrift/Unknown Persona:4:9:2:1:Placeholder Promise completed. Coordinator State: IXAppCoordinationStateWaitingForPlaceholderAssertion
2026-07-11 14:04:11.741 Df CoreSimulatorBridge[43250:3c997b] [com.apple.installcoordination:framework] -[IXAppInstallCoordinator _clientDelegate_promiseDidBeginFulfillmentWithIdentifier:]: <IXUpdatingAppInstallCoordinator<0x103c8d880> identity:[com.DefaultCompany.NeonDrift/Invalid/[system-defined]] uuid:70609540-9F7D-4E4C-BE0E-9A31D8BB3E8F creator:InstallCoordination Simple SPI>: Got promise did begin fulfillment for identifier 1
2026-07-11 14:04:11.741 Df CoreSimulatorBridge[43250:3c997b] [com.apple.installcoordination:framework] -[IXAppInstallCoordinator _clientDelegate_promiseDidBeginFulfillmentWithIdentifier:]_block_invoke: <IXUpdatingAppInstallCoordinator<0x103c8d880> identity:[com.DefaultCompany.NeonDrift/Invalid/[system-defined]] uuid:70609540-9F7D-4E4C-BE0E-9A31D8BB3E8F creator:InstallCoordination Simple SPI>: Observer <_IXSimpleInstallerDelegate 0x0x103c5bc90> does not respond to coordinator:configuredPromiseDidBeginFulfillment: (or any deprecated equivalent)
2026-07-11 14:04:11.750 Df launchd_sim[43202:3c9488] [user/501/UIKitApplication:com.DefaultCompany.NeonDrift[3b4a][rb-legacy] [44123]:] exited with exit reason (namespace: 15 code: 0x0) - OS_REASON_RUNNINGBOARD | <RBSTerminateContext| explanation:installcoordinationd app:[com.DefaultCompany.NeonDrift/Invalid/[system-defined]] uuid:70609540-9F7D-4E4C-BE0E-9A31D8BB3E8F isPlaceholder:Y reportType:None maxTerminationResistance:Absolute attrs:[
	<RBSPreventLaunchLimitation| <RBSProcessPredicate <RBSProcessBundleIdentifierPredicate "com.DefaultCompany.NeonDrift">> allow:(null)>
	]>, ran for 323254ms
2026-07-11 14:04:11.750 Df launchd_sim[43202:3c9488] [user/501:] service inactive: UIKitApplication:com.DefaultCompany.NeonDrift[3b4a][rb-legacy]
2026-07-11 14:04:11.750 Df runningboardd[43223:3c9982] [com.apple.runningboard:ttl] [app<com.DefaultCompany.NeonDrift((null))>:44123] termination reported by launchd (15, 0, 9)
2026-07-11 14:04:11.750 Df runningboardd[43223:3c9982] [com.apple.runningboard:process] Removing process: [app<com.DefaultCompany.NeonDrift((null))>:44123]
2026-07-11 14:04:11.751 Df runningboardd[43223:3c9982] [com.apple.runningboard:job] Removing launch job for: [app<com.DefaultCompany.NeonDrift((null))>:44123]
2026-07-11 14:04:11.751 Df launchd_sim[43202:3c9488] [user/501:] removing service: UIKitApplication:com.DefaultCompany.NeonDrift[3b4a][rb-legacy]
2026-07-11 14:04:11.751 Df runningboardd[43223:3c9982] [com.apple.runningboard:job] Removed job for [app<com.DefaultCompany.NeonDrift((null))>:44123]
2026-07-11 14:04:11.751 Df runningboardd[43223:3c9982] [com.apple.runningboard:process] Removing assertions for terminated process: [app<com.DefaultCompany.NeonDrift((null))>:44123]
2026-07-11 14:04:11.751 Df runningboardd[43223:3c9982] [com.apple.runningboard:assertion] Removed last relative-start-date-defining assertion for process app<com.DefaultCompany.NeonDrift((null))>
2026-07-11 14:04:11.751 Df runningboardd[43223:3c9983] [com.apple.runningboard:process] Notifying connection [osservice<com.apple.SpringBoard>:43220] that process [app<com.DefaultCompany.NeonDrift((null))>:44123] exited with context <RBSProcessExitContext| specific, status:<RBSProcessExitStatus| domain:runningboard(15) code:0>>
2026-07-11 14:04:11.751 Df runningboardd[43223:3c998e] [com.apple.runningboard:monitor] Calculated state for app<com.DefaultCompany.NeonDrift((null))>: none (role: None) (endowments: (null))
2026-07-11 14:04:11.751 Df runningboardd[43223:3c9983] [com.apple.runningboard:process] Notifying connection [osservice<com.apple.installcoordinationd>:43527] that process [app<com.DefaultCompany.NeonDrift((null))>:44123] exited with context <RBSProcessExitContext| specific, status:<RBSProcessExitStatus| domain:runningboard(15) code:0>>
2026-07-11 14:04:11.751 Df SpringBoard[43220:3c9988] [com.apple.FrontBoard:ProcessWorkspace] [app<com.DefaultCompany.NeonDrift>:44123] Workspace assertion invalidated: <NSError: 0x12346e2e0; domain: RBSAssertionErrorDomain; code: 1; "Assertions were invalidated, count = 3.
43223-43220-396: invalidation reason: 1
43223-43220-401: invalidation reason: 1
43223-43220-397: invalidation reason: 1">
2026-07-11 14:04:11.751 Df runningboardd[43223:3c9983] [com.apple.runningboard:monitor] Calculated state for app<com.DefaultCompany.NeonDrift((null))>: none (role: None) (endowments: (null))
2026-07-11 14:04:11.751 Df SpringBoard[43220:3c9988] [com.apple.runningboard:process] Calling process death completion block for handle [app<com.DefaultCompany.NeonDrift((null))>:44123]
2026-07-11 14:04:11.751 Df installcoordinationd[43527:3bf5c2] [com.apple.runningboard:process] Calling process death completion block for handle [app<com.DefaultCompany.NeonDrift((null))>:44123]
2026-07-11 14:04:11.751 Df SpringBoard[43220:3c9988] [com.apple.FrontBoard:Process] [app<com.DefaultCompany.NeonDrift>:44123] Process exited: <RBSProcessExitContext| specific, status:<RBSProcessExitStatus| domain:runningboard(15) code:0>>.
2026-07-11 14:04:11.751 Df installcoordinationd[43527:3bf5c2] [com.apple.runningboard:assertion] Death monitor triggered for [app<com.DefaultCompany.NeonDrift((null))>:44123]
