2026-07-11 14:51:06.838 Df installcoordinationd[11373:17659] [com.apple.installcoordination:daemon] -[IXSCoordinatedAppInstall _onQueue_fireObserversForClient:]: <IXSCoordinatedAppInstall<0x147e40000> [P=CoreSimulatorBridge (pid 11239)] identifier:[com.DefaultCompany.NeonDrift/Invalid/[system-defined]] uuid:1F689FFE-D1D0-4692-9BB8-49A0BF9FCE63 intent:IXCoordinatorIntentUpdating creator/appDRI:InstallCoordination Simple SPI importance:Background state:IXAppCoordinationStatePlaceholderPromiseNotSet promise-state:01234>: Firing applicable observers for client <IXSClientConnection<0x147cc87e0> client:CoreSimulatorBridge (pid 11239) uuid:1A19B528-5B54-418A-A6B9-58BA3DE21F5D>
2026-07-11 14:51:06.838 Df installcoordinationd[11373:17659] [com.apple.installcoordination:daemon] -[IXSCoordinatedAppInstall setImportance:]: <IXSCoordinatedAppInstall<0x147e40000> [P=CoreSimulatorBridge (pid 11239)] identifier:[com.DefaultCompany.NeonDrift/Invalid/[system-defined]] uuid:1F689FFE-D1D0-4692-9BB8-49A0BF9FCE63 intent:IXCoordinatorIntentUpdating creator/appDRI:InstallCoordination Simple SPI importance:UserWaiting state:IXAppCoordinationStatePlaceholderPromiseNotSet promise-state:01234>: set importance to UserWaiting
2026-07-11 14:51:06.838 Df CoreSimulatorBridge[11239:16f17] [com.apple.installcoordination:framework] -[IXAppInstallCoordinator _clientDelegate_didRegisterForObservation]: <IXUpdatingAppInstallCoordinator<0x156cfcf80> identity:[com.DefaultCompany.NeonDrift/Invalid/[system-defined]] uuid:1F689FFE-D1D0-4692-9BB8-49A0BF9FCE63 creator:InstallCoordination Simple SPI>: Got observer registration delegate
2026-07-11 14:51:06.838 Df CoreSimulatorBridge[11239:16f17] [com.apple.installcoordination:framework] -[IXAppInstallCoordinator _clientDelegate_shouldResume]: <IXUpdatingAppInstallCoordinator<0x156cfcf80> identity:[com.DefaultCompany.NeonDrift/Invalid/[system-defined]] uuid:1F689FFE-D1D0-4692-9BB8-49A0BF9FCE63 creator:InstallCoordination Simple SPI>: Got should resume delegate
2026-07-11 14:51:06.838 Df CoreSimulatorBridge[11239:170b2] [com.apple.installcoordination:framework] -[IXAppInstallCoordinator _clientDelegate_didRegisterForObservation]_block_invoke: <IXUpdatingAppInstallCoordinator<0x156cfcf80> identity:[com.DefaultCompany.NeonDrift/Invalid/[system-defined]] uuid:1F689FFE-D1D0-4692-9BB8-49A0BF9FCE63 creator:InstallCoordination Simple SPI>: Observer <_IXSimpleInstallerDelegate 0x0x156ccc480> does not respond to coordinatorDidRegisterForObservation:
2026-07-11 14:51:06.838 Df CoreSimulatorBridge[11239:170b2] [com.apple.installcoordination:framework] -[IXAppInstallCoordinator _clientDelegate_shouldResume]_block_invoke: <IXUpdatingAppInstallCoordinator<0x156cfcf80> identity:[com.DefaultCompany.NeonDrift/Invalid/[system-defined]] uuid:1F689FFE-D1D0-4692-9BB8-49A0BF9FCE63 creator:InstallCoordination Simple SPI>: Observer <_IXSimpleInstallerDelegate 0x0x156ccc480> does not respond to coordinatorShouldResume:
2026-07-11 14:51:06.838 Df installcoordinationd[11373:17659] [com.apple.installcoordination:daemon] -[IXSCoordinatedAppInstall setPriorityBoostCompletion:withSourceInfo:]: <IXSCoordinatedAppInstall<0x147e40000> [P=CoreSimulatorBridge (pid 11239)] identifier:[com.DefaultCompany.NeonDrift/Invalid/[system-defined]] uuid:1F689FFE-D1D0-4692-9BB8-49A0BF9FCE63 intent:IXCoordinatorIntentUpdating creator/appDRI:InstallCoordination Simple SPI importance:UserWaiting state:IXAppCoordinationStatePlaceholderPromiseNotSet promise-state:01234>: Disposing of completion from CoreSimulatorBridge (11239), QOS_CLASS_DEFAULT (0x15)
2026-07-11 14:51:06.838 Df installcoordinationd[11373:17659] [com.apple.installcoordination:daemon] -[IXSCoordinatedAppInstall setPriorityBoostCompletion:withSourceInfo:]: <IXSCoordinatedAppInstall<0x147e40000> [P=CoreSimulatorBridge (pid 11239)] identifier:[com.DefaultCompany.NeonDrift/Invalid/[system-defined]] uuid:1F689FFE-D1D0-4692-9BB8-49A0BF9FCE63 intent:IXCoordinatorIntentUpdating creator/appDRI:InstallCoordination Simple SPI importance:UserWaiting state:IXAppCoordinationStatePlaceholderPromiseNotSet promise-state:01234>: Retaining completion from CoreSimulatorBridge (11239), QOS_CLASS_DEFAULT (0x15)
2026-07-11 14:51:06.840 Df installcoordinationd[11373:17659] [com.apple.installcoordination:daemon] -[IXSCoordinatedAppInstall _internal_setInstallOptionsPromise:performExternalActions:]: <IXSCoordinatedAppInstall<0x147e40000> [P=CoreSimulatorBridge (pid 11239)] identifier:[com.DefaultCompany.NeonDrift/Invalid/[system-defined]] uuid:1F689FFE-D1D0-4692-9BB8-49A0BF9FCE63 intent:IXCoordinatorIntentUpdating creator/appDRI:InstallCoordination Simple SPI importance:UserWaiting state:IXAppCoordinationStatePlaceholderPromiseNotSet promise-state:012I4> : install options set: <IXSPromisedInMemoryData(0x147d69880) Name:MIInstallOptions data Creator:Install Coordination Internal UUID:17516015-31F7-4AA3-BF80-EA2119C7238C Location:[system-defined]>
2026-07-11 14:51:06.840 Df installcoordinationd[11373:17740] [com.apple.installcoordination:daemon] -[IXSCoordinatedAppInstall promiseDidComplete:]: <IXSCoordinatedAppInstall<0x147e40000> [P=CoreSimulatorBridge (pid 11239)] identifier:[com.DefaultCompany.NeonDrift/Invalid/[system-defined]] uuid:1F689FFE-D1D0-4692-9BB8-49A0BF9FCE63 intent:IXCoordinatorIntentUpdating creator/appDRI:InstallCoordination Simple SPI importance:UserWaiting state:IXAppCoordinationStatePlaceholderPromiseNotSet promise-state:012I4> : Promise completed: <IXSPromisedInMemoryData(0x147d69880) Name:MIInstallOptions data Creator:Install Coordination Internal UUID:17516015-31F7-4AA3-BF80-EA2119C7238C Location:[system-defined]>
2026-07-11 14:51:06.840 Df installcoordinationd[11373:17740] [com.apple.appinstallation:TransactionLog] com.DefaultCompany.NeonDrift/Unknown Persona:4:13:1:1:Install Options Promise began. Coordinator State: IXAppCoordinationStatePlaceholderPromiseNotSet
2026-07-11 14:51:06.840 Df installcoordinationd[11373:17740] [com.apple.appinstallation:TransactionLog] com.DefaultCompany.NeonDrift/Unknown Persona:4:13:2:1:Install Options Promise completed. Coordinator State: IXAppCoordinationStatePlaceholderPromiseNotSet
2026-07-11 14:51:06.840 Df installcoordinationd[11373:17659] [com.apple.installcoordination:daemon] -[IXSCoordinatedAppInstall _internal_setAppAssetPromise:performExternalActions:]: <IXSCoordinatedAppInstall<0x147e40000> [P=CoreSimulatorBridge (pid 11239)] identifier:[com.DefaultCompany.NeonDrift/Invalid/[system-defined]] uuid:1F689FFE-D1D0-4692-9BB8-49A0BF9FCE63 intent:IXCoordinatorIntentUpdating creator/appDRI:InstallCoordination Simple SPI importance:UserWaiting state:IXAppCoordinationStatePlaceholderPromiseNotSet promise-state:0a2I4> : App Asset Promise set: <IXSPromisedTransferToPath(0x147d69480) Name:App Asset: com.DefaultCompany.NeonDrift Creator:InstallCoordination Simple SPI UUID:2747C3A3-C367-49A3-A63E-7E4B08F2E947 Location:[system-defined]>
2026-07-11 14:51:06.841 Df installcoordinationd[11373:17659] [com.apple.installcoordination:daemon] -[IXSCoordinatedAppInstall setInitialODRAssetPromises:]: <IXSCoordinatedAppInstall<0x147e40000> [P=CoreSimulatorBridge (pid 11239)] identifier:[com.DefaultCompany.NeonDrift/Invalid/[system-defined]] uuid:1F689FFE-D1D0-4692-9BB8-49A0BF9FCE63 intent:IXCoordinatorIntentUpdating creator/appDRI:InstallCoordination Simple SPI importance:UserWaiting state:IXAppCoordinationStatePlaceholderPromiseNotSet promise-state:0a2I4> : Initial ODR Asset Promises set: (
)
2026-07-11 14:51:06.842 Df CoreSimulatorBridge[11239:170b1] [com.apple.installcoordination:framework] -[IXPromisedTransferToPath _performDeltaCopyFrom:toDestination:]: Performing delta copy from /Users/dragonkao/.openclaw/workspace/382b9e3384298039b171c9b2a60ae644/NeonDrift_MVP/project/xcode_derived_data/Build/Products/Release-iphonesimulator/NeonDrift.app to /Users/dragonkao/Library/Developer/CoreSimulator/Devices/CC47DE7A-8196-4465-A5A5-BB852C9C6C82/data/Containers/Shared/SystemGroup/systemgroup.com.apple.installcoordinationd/Library/InstallCoordination/PromiseStaging/2747C3A3-C367-49A3-A63E-7E4B08F2E947/NeonDrift.app with installed bundle at /Users/dragonkao/Library/Developer/CoreSimulator/Devices/CC47DE7A-8196-4465-A5A5-BB852C9C6C82/data/Containers/Bundle/Application/5D18BDEB-9468-497C-B3E7-8157BC6BD81B/NeonDrift.app
2026-07-11 14:51:06.842 Df CoreSimulatorBridge[11239:170b1] (MobileSystemServices) 0x16ff07000 MDMCreateDeltaDirectory: calling MDMDirectoryDiff with:
state->old_bundle: /Users/dragonkao/Library/Developer/CoreSimulator/Devices/CC47DE7A-8196-4465-A5A5-BB852C9C6C82/data/Containers/Bundle/Application/5D18BDEB-9468-497C-B3E7-8157BC6BD81B/NeonDrift.app
state->new_bundle: /Users/dragonkao/.openclaw/workspace/382b9e3384298039b171c9b2a60ae644/NeonDrift_MVP/project/xcode_derived_data/Build/Products/Release-iphonesimulator/NeonDrift.app
state->dst_bundle: /Users/dragonkao/Library/Developer/CoreSimulator/Devices/CC47DE7A-8196-4465-A5A5-BB852C9C6C82/data/Containers/Shared/SystemGroup/systemgroup.com.apple.installcoordinationd/Library/InstallCoordination/PromiseStaging/2747C3A3-C367-49A3-A63E-7E4B08F2E947/NeonDrift.app/Payload//NeonDrift.app, binaryDiff flag: FALSE
	dst_ipa: /Users/dragonkao/Library/Developer/CoreSimulator/Devices/CC47DE7A-8196-4465-A5A5-BB852C9C6C82/data/Containers/Shared/SystemGroup/systemgroup.com.apple.installcoordinationd/Library/InstallCoordination/PromiseStaging/2747C<…>
2026-07-11 14:51:06.849 Df CoreSimulatorBridge[11239:170b1] [com.apple.installcoordination:framework] -[IXPromisedTransferToPath setComplete:]: <IXPromisedTransferToPath<0x156cfc600> name:"App Asset: com.DefaultCompany.NeonDrift" uuid:2747C3A3-C367-49A3-A63E-7E4B08F2E947 creator:"InstallCoordination Simple SPI" location:[system-defined]> Delta Copy operation from /Users/dragonkao/.openclaw/workspace/382b9e3384298039b171c9b2a60ae644/NeonDrift_MVP/project/xcode_derived_data/Build/Products/Release-iphonesimulator/NeonDrift.app to /Users/dragonkao/Library/Developer/CoreSimulator/Devices/CC47DE7A-8196-4465-A5A5-BB852C9C6C82/data/Containers/Shared/SystemGroup/systemgroup.com.apple.installcoordinationd/Library/InstallCoordination/PromiseStaging/2747C3A3-C367-49A3-A63E-7E4B08F2E947/NeonDrift.app took 0.008028 seconds
2026-07-11 14:51:06.850 Df installcoordinationd[11373:17659] [com.apple.installcoordination:daemon] -[IXSDataPromise _setPercentComplete:saveStateIfNeeded:]: Progress: <IXSPromisedTransferToPath(0x147d69480) Name:App Asset: com.DefaultCompany.NeonDrift Creator:InstallCoordination Simple SPI UUID:2747C3A3-C367-49A3-A63E-7E4B08F2E947 Location:[system-defined]>
2026-07-11 14:51:06.850 Df installcoordinationd[11373:17740] [com.apple.appinstallation:TransactionLog] com.DefaultCompany.NeonDrift/Unknown Persona:4:10:1:1:App Asset Promise began. Coordinator State: IXAppCoordinationStatePlaceholderPromiseNotSet
2026-07-11 14:51:06.850 Df CoreSimulatorBridge[11239:170b2] [com.apple.installcoordination:framework] -[IXAppInstallCoordinator _clientDelegate_promiseDidBeginFulfillmentWithIdentifier:]: <IXUpdatingAppInstallCoordinator<0x156cfcf80> identity:[com.DefaultCompany.NeonDrift/Invalid/[system-defined]] uuid:1F689FFE-D1D0-4692-9BB8-49A0BF9FCE63 creator:InstallCoordination Simple SPI>: Got promise did begin fulfillment for identifier 2
2026-07-11 14:51:06.850 Df CoreSimulatorBridge[11239:170b2] [com.apple.installcoordination:framework] -[IXAppInstallCoordinator _clientDelegate_promiseDidBeginFulfillmentWithIdentifier:]_block_invoke: <IXUpdatingAppInstallCoordinator<0x156cfcf80> identity:[com.DefaultCompany.NeonDrift/Invalid/[system-defined]] uuid:1F689FFE-D1D0-4692-9BB8-49A0BF9FCE63 creator:InstallCoordination Simple SPI>: Observer <_IXSimpleInstallerDelegate 0x0x156ccc480> does not respond to coordinator:configuredPromiseDidBeginFulfillment: (or any deprecated equivalent)
2026-07-11 14:51:06.850 Df installcoordinationd[11373:1773f] [com.apple.installcoordination:daemon] -[IXSCoordinatedAppInstall promiseDidComplete:]: <IXSCoordinatedAppInstall<0x147e40000> [P=CoreSimulatorBridge (pid 11239)] identifier:[com.DefaultCompany.NeonDrift/Invalid/[system-defined]] uuid:1F689FFE-D1D0-4692-9BB8-49A0BF9FCE63 intent:IXCoordinatorIntentUpdating creator/appDRI:InstallCoordination Simple SPI importance:UserWaiting state:IXAppCoordinationStatePlaceholderPromiseNotSet promise-state:0A2I4> : Promise completed: <IXSPromisedTransferToPath(0x147d69480) Name:App Asset: com.DefaultCompany.NeonDrift Creator:InstallCoordination Simple SPI UUID:2747C3A3-C367-49A3-A63E-7E4B08F2E947 Location:[system-defined]>
2026-07-11 14:51:06.850 Df installcoordinationd[11373:17740] [com.apple.appinstallation:TransactionLog] com.DefaultCompany.NeonDrift/Unknown Persona:4:10:2:1:App Asset Promise completed. Coordinator State: IXAppCoordinationStatePlaceholderPromiseNotSet
2026-07-11 14:51:06.850 Df CoreSimulatorBridge[11239:16f17] [com.apple.installcoordination:framework] -[IXAppInstallCoordinator _clientDelegate_didUpdateProgress:forPhase:overallProgress:]: <IXUpdatingAppInstallCoordinator<0x156cfcf80> identity:[com.DefaultCompany.NeonDrift/Invalid/[system-defined]] uuid:1F689FFE-D1D0-4692-9BB8-49A0BF9FCE63 creator:InstallCoordination Simple SPI>: Got did update progress delegate with percentComplete 100.000000 phase IXCoordinatorProgressPhaseLoading overallProgress 60.000000
2026-07-11 14:51:06.850 Df installcoordinationd[11373:17740] [com.apple.installcoordination:daemon] -[IXSCoordinatedAppInstall setPlaceholderPromise:]: <IXSCoordinatedAppInstall<0x147e40000> [P=CoreSimulatorBridge (pid 11239)] identifier:[com.DefaultCompany.NeonDrift/Invalid/[system-defined]] uuid:1F689FFE-D1D0-4692-9BB8-49A0BF9FCE63 intent:IXCoordinatorIntentUpdating creator/appDRI:InstallCoordination Simple SPI importance:UserWaiting state:IXAppCoordinationStateReadyForPlaceholderInstall promise-state:PA2I4> : Placeholder Promise set: <IXSPlaceholder(0x147d90500) Name:App Placeholder: NeonDrift (com.DefaultCompany.NeonDrift) Creator:InstallCoordination Simple SPI UUID:63D5AA30-F5DA-4FE8-8605-7A2A28D2456F Location:[system-defined]>
2026-07-11 14:51:06.850 Df installcoordinationd[11373:1773f] [com.apple.installcoordination:daemon] -[IXSCoordinatedAppInstall promiseDidComplete:]: <IXSCoordinatedAppInstall<0x147e40000> [P=CoreSimulatorBridge (pid 11239)] identifier:[com.DefaultCompany.NeonDrift/Invalid/[system-defined]] uuid:1F689FFE-D1D0-4692-9BB8-49A0BF9FCE63 intent:IXCoordinatorIntentUpdating creator/appDRI:InstallCoordination Simple SPI importance:UserWaiting state:IXAppCoordinationStateReadyForPlaceholderInstall promise-state:PA2I4> : Promise completed: <IXSPlaceholder(0x147d90500) Name:App Placeholder: NeonDrift (com.DefaultCompany.NeonDrift) Creator:InstallCoordination Simple SPI UUID:63D5AA30-F5DA-4FE8-8605-7A2A28D2456F Location:[system-defined]>
2026-07-11 14:51:06.851 Df CoreSimulatorBridge[11239:16f17] [com.apple.installcoordination:framework] -[IXAppInstallCoordinator _clientDelegate_didUpdateProgress:forPhase:overallProgress:]_block_invoke: <IXUpdatingAppInstallCoordinator<0x156cfcf80> identity:[com.DefaultCompany.NeonDrift/Invalid/[system-defined]] uuid:1F689FFE-D1D0-4692-9BB8-49A0BF9FCE63 creator:InstallCoordination Simple SPI>: Calling selector coordinator:didUpdateProgress:forPhase:overallProgress: on observer <_IXSimpleInstallerDelegate 0x0x156ccc480>
2026-07-11 14:51:06.851 Df installcoordinationd[11373:17740] [com.apple.installcoordination:daemon] -[IXSCoordinatedAppInstall _onQueue_acquireAssertionAndInstallPlaceholder]: Acquiring termination assertion to install placeholder for [com.DefaultCompany.NeonDrift/Invalid/[system-defined]]
2026-07-11 14:51:06.851 Df installcoordinationd[11373:17740] [com.apple.installcoordination:daemon] -[IXSPendingOperationsTracker beginPendingOperationForIdentity:]_block_invoke: Beginning pending operation for [com.DefaultCompany.NeonDrift/Invalid/[system-defined]]
2026-07-11 14:51:06.853 Df runningboardd[11212:16f9a] [com.apple.runningboard:connection] Received termination request from [osservice<com.apple.installcoordinationd>:11373] on <RBSProcessPredicate <RBSProcessBundleIdentifierPredicate "com.DefaultCompany.NeonDrift">> with context <RBSTerminateContext| explanation:installcoordinationd app:[com.DefaultCompany.NeonDrift/Invalid/[system-defined]] uuid:1F689FFE-D1D0-4692-9BB8-49A0BF9FCE63 isPlaceholder:Y reportType:None maxTerminationResistance:Absolute attrs:[
	<RBSPreventLaunchLimitation| <RBSProcessPredicate <RBSProcessBundleIdentifierPredicate "com.DefaultCompany.NeonDrift">> allow:(null)>
	]>
2026-07-11 14:51:06.854 Df runningboardd[11212:16f9b] [com.apple.runningboard:general] Found 0 extensions contained in com.DefaultCompany.NeonDrift
2026-07-11 14:51:06.855 Df runningboardd[11212:16f9b] [com.apple.PlugInKit:holds] <PKManager:0x14f47a620> hold request for [/Users/dragonkao/Library/Developer/CoreSimulator/Devices/CC47DE7A-8196-4465-A5A5-BB852C9C6C82/data/Containers/Bundle/Application/5D18BDEB-9468-497C-B3E7-8157BC6BD81B/NeonDrift.app] with flags: 0x4
2026-07-11 14:51:06.856 Df runningboardd[11212:16f9b] [com.apple.PlugInKit:holds] <PKManager:0x14f47a620> hold request for [/Users/dragonkao/Library/Developer/CoreSimulator/Devices/CC47DE7A-8196-4465-A5A5-BB852C9C6C82/data/Containers/Bundle/Application/5D18BDEB-9468-497C-B3E7-8157BC6BD81B/NeonDrift.app] with flags: 0x4 completed with hold token: [4921AEA5-E038-4C09-A042-3EF58B991219]
2026-07-11 14:51:06.856 Df runningboardd[11212:16f9b] [com.apple.runningboard:ttl] Acquiring assertion targeting system from originator [osservice<com.apple.installcoordinationd>:11373] with description <RBSAssertionDescriptor| "installcoordinationd app:[com.DefaultCompany.NeonDrift/Invalid/[system-defined]] uuid:1F689FFE-D1D0-4692-9BB8-49A0BF9FCE63 isPlaceholder:Y" ID:11212-11373-85 target:system attributes:[
	<RBSPreventLaunchLimitation| <RBSProcessPredicate <RBSProcessBundleIdentifierPredicate "com.DefaultCompany.NeonDrift">> allow:(null)>
	]>
2026-07-11 14:51:06.856 Df runningboardd[11212:16f9b] [com.apple.runningboard:process] Executing termination request for: <RBSProcessPredicate <RBSProcessBundleIdentifierPredicate "com.DefaultCompany.NeonDrift">>
2026-07-11 14:51:06.856 Df SpringBoard[11206:16e95] [com.apple.SpringBoard:Common] termination assertion acquired for com.DefaultCompany.NeonDrift
2026-07-11 14:51:06.856 Df SpringBoard[11206:16e95] [com.apple.SpringBoard:Icon] 0x34cd85500-SBApplicationIcon Data source did change: <SBApplication: 0x34cf60800; com.DefaultCompany.NeonDrift> {
} (SBApplication)
2026-07-11 14:51:06.856 Df installcoordinationd[11373:1773f] [com.apple.appinstallation:TransactionLog] com.DefaultCompany.NeonDrift/Unknown Persona:4:9:1:1:Placeholder Promise began. Coordinator State: IXAppCoordinationStateWaitingForPlaceholderAssertion
2026-07-11 14:51:06.857 Df installcoordinationd[11373:1773f] [com.apple.installcoordination:daemon] -[IXSCoordinatorProgress setTotalUnitsCompleted:]: Progress for coordinator: [com.DefaultCompany.NeonDrift/Invalid/[system-defined]], Phase: IXCoordinatorProgressPhaseLoading, Percentage: 100.000000: Attempt to set units completed on finished progress: 100
2026-07-11 14:51:06.857 Df installcoordinationd[11373:17659] [com.apple.installcoordination:daemon] -[IXSCoordinatedAppInstall assertionAcquiredCallback]: RBS termination assertion observer called for <IXSCoordinatedAppInstall<0x147e40000> [P=CoreSimulatorBridge (pid 11239)] identifier:[com.DefaultCompany.NeonDrift/Invalid/[system-defined]] uuid:1F689FFE-D1D0-4692-9BB8-49A0BF9FCE63 intent:IXCoordinatorIntentUpdating creator/appDRI:InstallCoordination Simple SPI importance:UserWaiting state:IXAppCoordinationStateWaitingForPlaceholderAssertion promise-state:PA2I4>
2026-07-11 14:51:06.857 Df installcoordinationd[11373:1773f] [com.apple.appinstallation:TransactionLog] com.DefaultCompany.NeonDrift/Unknown Persona:4:9:2:1:Placeholder Promise completed. Coordinator State: IXAppCoordinationStateWaitingForPlaceholderAssertion
2026-07-11 14:51:06.857 Df CoreSimulatorBridge[11239:170b1] [com.apple.installcoordination:framework] -[IXAppInstallCoordinator _clientDelegate_promiseDidBeginFulfillmentWithIdentifier:]: <IXUpdatingAppInstallCoordinator<0x156cfcf80> identity:[com.DefaultCompany.NeonDrift/Invalid/[system-defined]] uuid:1F689FFE-D1D0-4692-9BB8-49A0BF9FCE63 creator:InstallCoordination Simple SPI>: Got promise did begin fulfillment for identifier 1
2026-07-11 14:51:06.857 Df CoreSimulatorBridge[11239:16f17] [com.apple.installcoordination:framework] -[IXAppInstallCoordinator _clientDelegate_promiseDidBeginFulfillmentWithIdentifier:]_block_invoke: <IXUpdatingAppInstallCoordinator<0x156cfcf80> identity:[com.DefaultCompany.NeonDrift/Invalid/[system-defined]] uuid:1F689FFE-D1D0-4692-9BB8-49A0BF9FCE63 creator:InstallCoordination Simple SPI>: Observer <_IXSimpleInstallerDelegate 0x0x156ccc480> does not respond to coordinator:configuredPromiseDidBeginFulfillment: (or any deprecated equivalent)
2026-07-11 14:51:06.857 Df installcoordinationd[11373:1773f] [com.apple.installcoordination:daemon] -[IXSCoordinatedAppInstall _onQueue_installPlaceholder]: Acquired termination assertion for placeholder [com.DefaultCompany.NeonDrift/Invalid/[system-defined]]; proceeding with install.
2026-07-11 14:51:06.857 Df installcoordinationd[11373:1773f] [com.apple.installcoordination:daemon] -[IXSPowerAssertion initWithAssertionName:details:]: Acquired power assertion IXPowerAssertion-12-[com.DefaultCompany.NeonDrift/Invalid/[system-defined]]
2026-07-11 14:51:06.858 Df installd[11393:17739] (MobileSystemServices) 0x16b75b000 -[MIClientConnection _doInstallationForURL:identity:domain:options:operationType:completion:]: Install of "/Users/dragonkao/Library/Developer/CoreSimulator/Devices/CC47DE7A-8196-4465-A5A5-BB852C9C6C82/data/Containers/Shared/SystemGroup/systemgroup.com.apple.installcoordinationd/Library/InstallCoordination/PromiseStaging/63D5AA30-F5DA-4FE8-8605-7A2A28D2456F/NeonDrift.app" type Placeholder (LSInstallType = 1, Domain: MIInstallationDomainDefault) requested by installcoordinationd (pid 11373 (501/20))
2026-07-11 14:51:06.862 Df installd[11393:17739] [com.apple.containermanager:xpc] Query; euid = 501, uid = 501, class = 1, identifier = [com.DefaultCompany.NeonDrift](1), flags = 300000002
2026-07-11 14:51:06.862 Df containermanagerd_system[11262:1773c] [com.apple.containermanager:cache] Disk sync reporting on new entry: (com.DefaultCompany.NeonDrift|18446744073709551615|<MCMContainerPath: 0x14d10e170; [<MCMContainerClassPath: 0x14d06d1a0; persona [(null)]; [/Users/dragonkao/Library/Developer/CoreSimulator/Devices/CC47DE7A-8196-4465-A5A5-BB852C9C6C82/data/Containers]/[Bundle]/[Application] created>]/[5D18BDEB-9468-497C-B3E7-8157BC6BD81B]/[(null)]>|0|42957672-ADD4-4A26-B483-8DBD01BE4FD7|(null))
2026-07-11 14:51:06.862 Df containermanagerd_system[11262:1773c] [com.apple.containermanager:cache] Disk sync reporting on new entry: (com.DefaultCompany.NeonDrift.run.1782485533.82553|18446744073709551615|<MCMContainerPath: 0x14d10e1c0; [<MCMContainerClassPath: 0x14d06d1a0; persona [(null)]; [/Users/dragonkao/Library/Developer/CoreSimulator/Devices/CC47DE7A-8196-4465-A5A5-BB852C9C6C82/data/Containers]/[Bundle]/[Application] created>]/[60DB0A34-B3BB-4A4D-B075-CFC8084764F2]/[(null)]>|0|AB1E03B8-9E20-4EEB-8B0D-863324D79A8C|(null))
2026-07-11 14:51:06.862 Df containermanagerd_system[11262:1773c] [com.apple.containermanager:cache] Disk sync reporting on new entry: (com.DefaultCompany.NeonDrift.run.1782486232.95300|18446744073709551615|<MCMContainerPath: 0x14d10e210; [<MCMContainerClassPath: 0x14d06d1a0; persona [(null)]; [/Users/dragonkao/Library/Developer/CoreSimulator/Devices/CC47DE7A-8196-4465-A5A5-BB852C9C6C82/data/Containers]/[Bundle]/[Application] created>]/[8DC090CD-F12C-4CB7-8B8B-876CECF543CD]/[(null)]>|0|F8E0A204-8720-4FE0-9E2D-0C9ADBE66604|(null))
2026-07-11 14:51:06.862 Df containermanagerd_system[11262:1773c] [com.apple.containermanager:cache] Disk sync reporting on new entry: (com.DefaultCompany.NeonDrift.run.1782650479.26426|18446744073709551615|<MCMContainerPath: 0x14d10e260; [<MCMContainerClassPath: 0x14d06d1a0; persona [(null)]; [/Users/dragonkao/Library/Developer/CoreSimulator/Devices/CC47DE7A-8196-4465-A5A5-BB852C9C6C82/data/Containers]/[Bundle]/[Application] created>]/[0ECB469C-A749-4BA2-B677-2105588F4229]/[(null)]>|0|C67CB0AD-5475-4E5D-8926-491998F0D11D|(null))
2026-07-11 14:51:06.862 Df containermanagerd_system[11262:1773c] [com.apple.containermanager:cache] Disk sync reporting on new entry: (com.DefaultCompany.NeonDrift.run.1782484808.68182|18446744073709551615|<MCMContainerPath: 0x14d10e2b0; [<MCMContainerClassPath: 0x14d06d1a0; persona [(null)]; [/Users/dragonkao/Library/Developer/CoreSimulator/Devices/CC47DE7A-8196-4465-A5A5-BB852C9C6C82/data/Containers]/[Bundle]/[Application] created>]/[35E2636E-F3E8-4D12-9D64-9F69C01749CE]/[(null)]>|0|E3C7D274-6DD2-4307-AC53-3596FB383B51|(null))
2026-07-11 14:51:06.863 Df containermanagerd_system[11262:1773c] [com.apple.containermanager:cache] Disk sync reporting on new entry: (com.DefaultCompany.NeonDrift.run.1782641020.54193|18446744073709551615|<MCMContainerPath: 0x14d10e300; [<MCMContainerClassPath: 0x14d06d1a0; persona [(null)]; [/Users/dragonkao/Library/Developer/CoreSimulator/Devices/CC47DE7A-8196-4465-A5A5-BB852C9C6C82/data/Containers]/[Bundle]/[Application] created>]/[02C9EC5B-380B-43F1-AB4A-A95947982CAE]/[(null)]>|0|6B7422AF-8E28-4E30-AD91-0371A0FC1D74|(null))
2026-07-11 14:51:06.863 Df containermanagerd_system[11262:1773c] [com.apple.containermanager:cache] Disk sync reporting on new entry: (com.DefaultCompany.NeonDrift.run.1782493753.82761|18446744073709551615|<MCMContainerPath: 0x14d10e350; [<MCMContainerClassPath: 0x14d06d1a0; persona [(null)]; [/Users/dragonkao/Library/Developer/CoreSimulator/Devices/CC47DE7A-8196-4465-A5A5-BB852C9C6C82/data/Containers]/[Bundle]/[Application] created>]/[1D19FB4A-7F72-4B84-964E-8EB113904887]/[(null)]>|0|83C79E93-0C0F-434B-8D59-B82E7CE69637|(null))
2026-07-11 14:51:06.863 Df containermanagerd_system[11262:1773c] [com.apple.containermanager:cache] Disk sync reporting on new entry: (com.DefaultCompany.NeonDrift.run.1782573263.85778|18446744073709551615|<MCMContainerPath: 0x14d10e3a0; [<MCMContainerClassPath: 0x14d06d1a0; persona [(null)]; [/Users/dragonkao/Library/Developer/CoreSimulator/Devices/CC47DE7A-8196-4465-A5A5-BB852C9C6C82/data/Containers]/[Bundle]/[Application] created>]/[DF33DF21-5A51-4651-B4B5-F0C0DDC499D1]/[(null)]>|0|D056E3B8-3271-499E-A3D6-91BE4A4869F7|(null))
2026-07-11 14:51:06.863 Df containermanagerd_system[11262:1773c] [com.apple.containermanager:cache] Disk sync reporting on new entry: (com.DefaultCompany.NeonDrift.run.1782638094.21137|18446744073709551615|<MCMContainerPath: 0x14d10e3f0; [<MCMContainerClassPath: 0x14d06d1a0; persona [(null)]; [/Users/dragonkao/Library/Developer/CoreSimulator/Devices/CC47DE7A-8196-4465-A5A5-BB852C9C6C82/data/Containers]/[Bundle]/[Application] created>]/[E94F1934-984A-4F70-890F-98DD22CB7F2D]/[(null)]>|0|86E9EDBE-1655-4664-9CA4-5DA5CB829709|(null))
2026-07-11 14:51:06.863 Df containermanagerd_system[11262:1773c] [com.apple.containermanager:cache] Disk sync reporting on new entry: (com.DefaultCompany.NeonDrift.run.1782484537.59589|18446744073709551615|<MCMContainerPath: 0x14d10e440; [<MCMContainerClassPath: 0x14d06d1a0; persona [(null)]; [/Users/dragonkao/Library/Developer/CoreSimulator/Devices/CC47DE7A-8196-4465-A5A5-BB852C9C6C82/data/Containers]/[Bundle]/[Application] created>]/[1DCDE5CE-4A96-4924-9746-D506874359C8]/[(null)]>|0|CA78BCEA-E9DA-4657-BDDA-0D3066818EDB|(null))
2026-07-11 14:51:06.863 Df containermanagerd_system[11262:1773c] [com.apple.containermanager:cache] Disk sync reporting on new entry: (com.DefaultCompany.NeonDrift.run.1782485248.76636|18446744073709551615|<MCMContainerPath: 0x14d10e490; [<MCMContainerClassPath: 0x14d06d1a0; persona [(null)]; [/Users/dragonkao/Library/Developer/CoreSimulator/Devices/CC47DE7A-8196-4465-A5A5-BB852C9C6C82/data/Containers]/[Bundle]/[Application] created>]/[B4ABC976-10C1-4871-BD01-63E901777FC4]/[(null)]>|0|678C7A37-7585-4056-8742-94D0F2EB0FE5|(null))
2026-07-11 14:51:06.863 Df containermanagerd_system[11262:1773c] [com.apple.containermanager:cache] Disk sync reporting on new entry: (com.DefaultCompany.NeonDrift.run.1782484282.54413|18446744073709551615|<MCMContainerPath: 0x14d10e4e0; [<MCMContainerClassPath: 0x14d06d1a0; persona [(null)]; [/Users/dragonkao/Library/Developer/CoreSimulator/Devices/CC47DE7A-8196-4465-A5A5-BB852C9C6C82/data/Containers]/[Bundle]/[Application] created>]/[5C99B373-2E0D-4720-A65A-9669594A0776]/[(null)]>|0|7DB7DDF9-C350-45C5-8184-251E537D58FC|(null))
2026-07-11 14:51:06.864 Df installd[11393:17739] [com.apple.containermanager:xpc] Query; euid = 501, uid = 501, class = 1, identifier = [com.DefaultCompany.NeonDrift](1), flags = 300000002
2026-07-11 14:51:07.040 Df searchd[11337:175d4] [com.apple.spotlight:default] Apps changed: (
    "com.apple.Passbook",
    "com.DefaultCompany.NeonDrift.run.1782486232.95300",
    "com.DefaultCompany.NeonDrift.run.1782493753.82761",
    "com.DefaultCompany.NeonDrift.run.1782485248.76636",
    "com.apple.DocumentsApp",
    "com.apple.MobileAddressBook",
    "com.apple.Fitness",
    "com.DefaultCompany.NeonDrift.run.1782638094.21137",
    "com.apple.MobileSMS",
    "com.DefaultCompany.NeonDrift.run.1782485533.82553",
    "com.apple.Maps",
    "com.DefaultCompany.NeonDrift.run.1782641020.54193",
    "com.apple.Passwords",
    "com.DefaultCompany.NeonDrift.run.1782650479.26426",
    "com.apple.mobilecal",
    "com.apple.BarcodeScanner",
    "com.apple.Preferences",
    "com.DefaultCompany.NeonDrift.run.1782573263.85778",
    "com.apple.Bridge",
    "com.apple.reminders",
    "com.DefaultCompany.NeonDrift.run.1782484808.68182",
    "com.apple.Health",
    "com.apple.news",
    "com.apple.mobileslideshow",
    "com.DefaultCompany.NeonDrift",
    "com.apple.mobilesafari",
    "com.DefaultCompany.
2026-07-11 14:51:07.044 Df searchd[11337:175cb] [com.apple.spotlight:default] _allInstalledApplicationsIdentifiers: {(
    "com.apple.Passbook",
    "com.DefaultCompany.NeonDrift.run.1782486232.95300",
    "com.DefaultCompany.NeonDrift.run.1782493753.82761",
    "com.DefaultCompany.NeonDrift.run.1782485248.76636",
    "com.apple.DocumentsApp",
    "com.apple.MobileAddressBook",
    "com.apple.Fitness",
    "com.DefaultCompany.NeonDrift.run.1782638094.21137",
    "com.apple.MobileSMS",
    "com.DefaultCompany.NeonDrift.run.1782485533.82553",
    "com.apple.Maps",
    "com.DefaultCompany.NeonDrift.run.1782641020.54193",
    "com.apple.Passwords",
    "com.DefaultCompany.NeonDrift.run.1782650479.26426",
    "com.apple.mobilecal",
    "com.apple.BarcodeScanner",
    "com.apple.Preferences",
    "com.DefaultCompany.NeonDrift.run.1782573263.85778",
    "com.apple.Bridge",
    "com.apple.reminders",
    "com.DefaultCompany.NeonDrift.run.1782484808.68182",
    "com.apple.Health",
    "com.apple.news",
    "com.apple.mobileslideshow",
    "com.DefaultCompany.NeonDrift",
    "com.apple.mobilesafari",
    "com.DefaultCompany
2026-07-11 14:51:07.187 Df installd[11393:17739] [com.apple.containermanager:xpc] Query; euid = 501, uid = 501, class = 1, identifier = [com.DefaultCompany.NeonDrift](1), flags = 300000002
2026-07-11 14:51:07.187 Df installd[11393:17739] [com.apple.containermanager:xpc] Query; euid = 501, uid = 501, class = 1, identifier = [com.DefaultCompany.NeonDrift](1), flags = 300000002
2026-07-11 14:51:07.191 Df installd[11393:17739] (MobileSystemServices) 0x16b75b000 -[MIInstaller _installInstallable:containingSymlink:error:]: Installing <MIInstallableParallelPlaceholder ID=com.DefaultCompany.NeonDrift; Persona=com.apple.containermanager.primary-persona, Version=0, ShortVersion=1.0>
2026-07-11 14:51:07.191 Df installd[11393:17739] [com.apple.appinstallation:TransactionLog] com.DefaultCompany.NeonDrift/com.apple.containermanager.primary-persona:7:2:1:1:Start : Install (Parallel Placeholder)
2026-07-11 14:51:09.737 Df installd[11393:17739] [com.apple.containermanager:query] Query; euid = 501, uid = 501, class = 4, identifier = [com.DefaultCompany.NeonDrift](1), flags = 300000002
2026-07-11 14:51:09.785 Df installd[11393:17739] [com.apple.containermanager:query] Query; euid = 501, uid = 501, class = 4, identifier = [com.DefaultCompany.NeonDrift](1), flags = 300000002
2026-07-11 14:51:09.786 Df installd[11393:17739] (MobileSystemServices) 0x16b75b000 -[MIInstallableParallelPlaceholder performInstallationWithError:]: Installing parallel placeholder for [com.DefaultCompany.NeonDrift/com.apple.containermanager.primary-persona/[system-defined]]
2026-07-11 14:51:09.789 Df installd[11393:17739] [com.apple.containermanager:query] Query; euid = 501, uid = 501, class = 2, identifier = [com.DefaultCompany.NeonDrift](1), flags = 300000003
2026-07-11 14:51:09.790 Df containermanagerd[11277:1773d] [com.apple.containermanager:cache] Disk sync reporting on new entry: (com.DefaultCompany.NeonDrift.run.1782485248.76636|18446744073709551615|<MCMContainerPath: 0x14970c4b0; [<MCMContainerClassPath: 0x1494717a0; persona [(null)]; [/Users/dragonkao/Library/Developer/CoreSimulator/Devices/CC47DE7A-8196-4465-A5A5-BB852C9C6C82/data/Containers]/[Data]/[Application] created>]/[15213DC8-4265-45F6-8FEC-BEE05B0A8A01]/[(null)]>|1|9C6EA38E-9593-4832-990C-84C37BCF18C4|(null))
2026-07-11 14:51:09.791 Df containermanagerd[11277:1773d] [com.apple.containermanager:cache] Disk sync reporting on new entry: (com.DefaultCompany.NeonDrift.run.1782486232.95300|18446744073709551615|<MCMContainerPath: 0x14970c780; [<MCMContainerClassPath: 0x1494717a0; persona [(null)]; [/Users/dragonkao/Library/Developer/CoreSimulator/Devices/CC47DE7A-8196-4465-A5A5-BB852C9C6C82/data/Containers]/[Data]/[Application] created>]/[E6149FA8-BAEC-4126-BD64-F2F9DF0161A8]/[(null)]>|1|DC055FA7-B130-4DED-B060-E215379C83F1|(null))
2026-07-11 14:51:09.791 Df containermanagerd[11277:1773d] [com.apple.containermanager:cache] Disk sync reporting on new entry: (com.DefaultCompany.NeonDrift.run.1782484808.68182|18446744073709551615|<MCMContainerPath: 0x14970c7d0; [<MCMContainerClassPath: 0x1494717a0; persona [(null)]; [/Users/dragonkao/Library/Developer/CoreSimulator/Devices/CC47DE7A-8196-4465-A5A5-BB852C9C6C82/data/Containers]/[Data]/[Application] created>]/[1E2F819E-C2F0-4C04-8F11-49D3C8B6BAC5]/[(null)]>|1|7CE8CF15-7BED-4EBE-912E-617CADD00A8C|(null))
2026-07-11 14:51:09.792 Df containermanagerd[11277:1773d] [com.apple.containermanager:cache] Disk sync reporting on new entry: (com.DefaultCompany.NeonDrift.run.1782650479.26426|18446744073709551615|<MCMContainerPath: 0x14970c9b0; [<MCMContainerClassPath: 0x1494717a0; persona [(null)]; [/Users/dragonkao/Library/Developer/CoreSimulator/Devices/CC47DE7A-8196-4465-A5A5-BB852C9C6C82/data/Containers]/[Data]/[Application] created>]/[65CD0163-C7A1-483B-976F-BD9D64C651EF]/[(null)]>|1|8D038B14-F68D-42F7-B5B3-CE2C91FE81DC|(null))
2026-07-11 14:51:09.793 Df containermanagerd[11277:1773d] [com.apple.containermanager:cache] Disk sync reporting on new entry: (com.DefaultCompany.NeonDrift|18446744073709551615|<MCMContainerPath: 0x14970cc30; [<MCMContainerClassPath: 0x1494717a0; persona [(null)]; [/Users/dragonkao/Library/Developer/CoreSimulator/Devices/CC47DE7A-8196-4465-A5A5-BB852C9C6C82/data/Containers]/[Data]/[Application] created>]/[6CBF4EBF-2279-4EEC-9D85-3D5650F1B408]/[(null)]>|1|815BD00E-79CD-4463-AD29-B14C41CCA58C|(null))
2026-07-11 14:51:09.797 Df containermanagerd[11277:1773d] [com.apple.containermanager:cache] Disk sync reporting on new entry: (com.DefaultCompany.NeonDrift.run.1782484282.54413|18446744073709551615|<MCMContainerPath: 0x14970d9f0; [<MCMContainerClassPath: 0x1494717a0; persona [(null)]; [/Users/dragonkao/Library/Developer/CoreSimulator/Devices/CC47DE7A-8196-4465-A5A5-BB852C9C6C82/data/Containers]/[Data]/[Application] created>]/[C444D7CB-82D0-4C33-8535-2768FB88C07A]/[(null)]>|1|44B13F59-3185-47DC-B581-F8ADF836CC01|(null))
2026-07-11 14:51:09.797 Df containermanagerd[11277:1773d] [com.apple.containermanager:cache] Disk sync reporting on new entry: (com.DefaultCompany.NeonDrift.run.1782484537.59589|18446744073709551615|<MCMContainerPath: 0x14970dae0; [<MCMContainerClassPath: 0x1494717a0; persona [(null)]; [/Users/dragonkao/Library/Developer/CoreSimulator/Devices/CC47DE7A-8196-4465-A5A5-BB852C9C6C82/data/Containers]/[Data]/[Application] created>]/[1C854E62-61C8-49AD-BF79-648DF6FD7531]/[(null)]>|1|D18BA0E9-D0DA-461B-A480-7559B0E0F3C2|(null))
2026-07-11 14:51:09.798 Df containermanagerd[11277:1773d] [com.apple.containermanager:cache] Disk sync reporting on new entry: (com.DefaultCompany.NeonDrift.run.1782485533.82553|18446744073709551615|<MCMContainerPath: 0x14970ddb0; [<MCMContainerClassPath: 0x1494717a0; persona [(null)]; [/Users/dragonkao/Library/Developer/CoreSimulator/Devices/CC47DE7A-8196-4465-A5A5-BB852C9C6C82/data/Containers]/[Data]/[Application] created>]/[EF1ED47B-33B9-46F7-9259-AC69DEEA4036]/[(null)]>|1|B56A13AE-9A84-47A1-BFC9-B3D869C59E21|(null))
2026-07-11 14:51:09.798 Df containermanagerd[11277:1773d] [com.apple.containermanager:cache] Disk sync reporting on new entry: (com.DefaultCompany.NeonDrift.run.1782638094.21137|18446744073709551615|<MCMContainerPath: 0x14970df40; [<MCMContainerClassPath: 0x1494717a0; persona [(null)]; [/Users/dragonkao/Library/Developer/CoreSimulator/Devices/CC47DE7A-8196-4465-A5A5-BB852C9C6C82/data/Containers]/[Data]/[Application] created>]/[CB101454-E329-4408-9809-D723A00F7730]/[(null)]>|1|E5674EBC-CD7F-4EA4-9FA2-E521E6ED6F13|(null))
2026-07-11 14:51:09.798 Df containermanagerd[11277:1773d] [com.apple.containermanager:cache] Disk sync reporting on new entry: (com.DefaultCompany.NeonDrift.run.1782573263.85778|18446744073709551615|<MCMContainerPath: 0x14970dfe0; [<MCMContainerClassPath: 0x1494717a0; persona [(null)]; [/Users/dragonkao/Library/Developer/CoreSimulator/Devices/CC47DE7A-8196-4465-A5A5-BB852C9C6C82/data/Containers]/[Data]/[Application] created>]/[DDAB4FDA-59AD-4E0E-B5FE-65F0074594B1]/[(null)]>|1|580E0C6B-8685-444B-8E54-82A211DB3401|(null))
2026-07-11 14:51:09.801 Df containermanagerd[11277:1773d] [com.apple.containermanager:cache] Disk sync reporting on new entry: (com.DefaultCompany.NeonDrift.run.1782493753.82761|18446744073709551615|<MCMContainerPath: 0x14970eb20; [<MCMContainerClassPath: 0x1494717a0; persona [(null)]; [/Users/dragonkao/Library/Developer/CoreSimulator/Devices/CC47DE7A-8196-4465-A5A5-BB852C9C6C82/data/Containers]/[Data]/[Application] created>]/[6C1D639D-5F57-4E6F-B264-B1380052AFAB]/[(null)]>|1|4AF633A6-A5CE-427F-A4E0-838947FBB0EF|(null))
2026-07-11 14:51:09.804 Df containermanagerd[11277:1773d] [com.apple.containermanager:cache] Disk sync reporting on new entry: (com.DefaultCompany.NeonDrift.run.1782641020.54193|18446744073709551615|<MCMContainerPath: 0x14970f2f0; [<MCMContainerClassPath: 0x1494717a0; persona [(null)]; [/Users/dragonkao/Library/Developer/CoreSimulator/Devices/CC47DE7A-8196-4465-A5A5-BB852C9C6C82/data/Containers]/[Data]/[Application] created>]/[54BF4EA0-04C9-499B-B287-9FF22A2ED8CB]/[(null)]>|1|5FAAD7F6-4BA8-49E5-A448-C7F46C9A17B1|(null))
2026-07-11 14:51:09.805 Df installd[11393:17739] [com.apple.containermanager:query] Query; euid = 501, uid = 501, class = 2, identifier = [com.DefaultCompany.NeonDrift](1), flags = 300000002
2026-07-11 14:51:09.819 Df containermanagerd[11277:1773d] [com.apple.containermanager:schema] [u 815BD00E-79CD-4463-AD29-B14C41CCA58C:p 6CBF4EBF-2279-4EEC-9D85-3D5650F1B408:c com.DefaultCompany.NeonDrift(2):i0] Successfully updated schema from (0) → (1), actions count = 6
2026-07-11 14:51:09.819 Df containermanagerd_system[11262:16fb1] [com.apple.containermanager:schema] [u 42957672-ADD4-4A26-B483-8DBD01BE4FD7:p 5D18BDEB-9468-497C-B3E7-8157BC6BD81B:c com.DefaultCompany.NeonDrift(1):i0] Successfully updated schema from (0) → (0), actions count = 0
2026-07-11 14:51:09.820 Df installd[11393:17739] [com.apple.containermanager:xpc] Query; euid = 501, uid = 501, class = 1, identifier = [com.DefaultCompany.NeonDrift](1), flags = 300000002
2026-07-11 14:51:09.821 Df installd[11393:17739] [com.apple.containermanager:unspecified] Requesting disk usage; class = 1, identifier = com.DefaultCompany.NeonDrift
2026-07-11 14:51:09.822 Df installd[11393:17739] [com.apple.containermanager:query] Query; euid = 501, uid = 501, class = 7, identifier = [com.DefaultCompany.NeonDrift](1), flags = 300000001
2026-07-11 14:51:09.823 Df SpringBoard[11206:16e95] [com.apple.SpringBoard:Common] termination assertion released for com.DefaultCompany.NeonDrift
2026-07-11 14:51:09.823 Df SpringBoard[11206:16e95] [com.apple.SpringBoard:Icon] 0x34cd85500-SBApplicationIcon Data source did change: <SBApplication: 0x34cf60800; com.DefaultCompany.NeonDrift> {
} (SBApplication)
2026-07-11 14:51:09.827 Df installd[11393:17739] (MobileSystemServices) 0x16b75b000 -[MILaunchServicesOperationManager _onQueue_addPendingLaunchServicesOperation:error:]: Added pending LS operation <MILaunchServicesRegisterOperation: 1D61ED4A-1DD5-4B62-A805-B73AC171C744:1 com.DefaultCompany.NeonDrift/MIInstallationDomainSystemShared personas:[com.apple.containermanager.primary-persona]>
2026-07-11 14:51:09.829 Df lsd[11265:1708a] [com.apple.launchservices:appinstallation] Post installation registration: request to register com.DefaultCompany.NeonDrift, operation 1D61ED4A-1DD5-4B62-A805-B73AC171C744, from pid 11393
2026-07-11 14:51:09.829 Df lsd[11265:1708a] [com.apple.appinstallation:TransactionLog] com.DefaultCompany.NeonDrift/Unknown Persona:5:4:1:1:Registering bundles via registrant - start
2026-07-11 14:51:09.838 Df lsd[11265:1708a] [com.apple.appinstallation:TransactionLog] com.DefaultCompany.NeonDrift/Unknown Persona:5:5:1:1:Building bundle record for app
2026-07-11 14:51:09.839 Df lsd[11265:1708a] [com.apple.launchservices:appinstallation] Placeholder detected - Flagging bundle com.DefaultCompany.NeonDrift incomplete
2026-07-11 14:51:09.839 Df lsd[11265:1708a] [com.apple.appinstallation:TransactionLog] com.DefaultCompany.NeonDrift/Unknown Persona:5:5:2:1:Built bundle record for app
2026-07-11 14:51:09.842 Df lsd[11265:1708a] [com.apple.appinstallation:TransactionLog] com.DefaultCompany.NeonDrift/Unknown Persona:5:4:2:1:Registered bundle status = success
2026-07-11 14:51:09.842 Df lsd[11265:1708a] [com.apple.appinstallation:TransactionLog] com.DefaultCompany.NeonDrift/Unknown Persona:5:4:2:1:Finished registering com.DefaultCompany.NeonDrift, bundle unit 640
2026-07-11 14:51:09.843 Df installd[11393:17739] (MobileSystemServices) 0x16b75b000 -[MIJournal purgeJournalEntry:withError:]: Removing journal entry <MIInstallationJournalEntry<0x149d48960> [com.DefaultCompany.NeonDrift/com.apple.containermanager.primary-persona/[system-defined]]/MIInstallationDomainSystemShared op:3 phase:JournalPhaseDidRegisterWithLS version:0>
2026-07-11 14:51:09.843 Df lsd[11265:1708a] [com.apple.launchservices:progress] Sending applicationInstallsDidStart: for (
    "<LSApplicationProxy: 0x15e728000> com.DefaultCompany.NeonDrift file:///Users/dragonkao/Library/Developer/CoreSimulator/Devices/CC47DE7A-8196-4465-A5A5-BB852C9C6C82/data/Containers/Bundle/Application/5D18BDEB-9468-497C-B3E7-8157BC6BD81B/com.apple.mobileinstallation.placeholder/ <com.DefaultCompany.NeonDrift <placeholder >:1>"
)
2026-07-11 14:51:09.843 Df installd[11393:17739] [com.apple.appinstallation:TransactionLog] com.DefaultCompany.NeonDrift/com.apple.containermanager.primary-persona:7:2:2:1:Success (End) : Install (Parallel Placeholder)
2026-07-11 14:51:09.843 Df installd[11393:17739] (MobileSystemServices) 0x16b75b000 -[MIInstaller _logOperationCompletionWithStartTime:distributorID:]: Install successful for (Placeholder:com.DefaultCompany.NeonDrift) [Distributor: (null)]; Staging: 0.00s; Waiting: 0.00s; Preflight/Patch: 2.55s, Verifying: 0.05s; Overall: 2.98s
2026-07-11 14:51:09.844 Df installcoordinationd[11373:1775d] [com.apple.installcoordination:daemon] -[IXSPowerAssertion invalidate]: Released power assertion IXPowerAssertion-12-[com.DefaultCompany.NeonDrift/Invalid/[system-defined]]
2026-07-11 14:51:09.844 Df lsd[11265:1708a] [com.apple.launchservices:progress] Created parent progress <NSProgress: com.DefaultCompany.NeonDrift phase=InstallingPlaceholder; state=Waiting; finalPhase=Installing; fractionCompleted=0.000000>
2026-07-11 14:51:09.845 Df installcoordinationd[11373:17740] [com.apple.installcoordination:daemon] -[IXSPendingOperationsTracker endPendingOperationForIdentity:]_block_invoke: Ending pending operation for [com.DefaultCompany.NeonDrift/Invalid/[system-defined]]
2026-07-11 14:51:09.845 Df installcoordinationd[11373:17740] [com.apple.installcoordination:daemon] -[IXSCoordinatedAppInstall setPlaceholderInstallState:withLSRecordPromiseForCompletion:]: <IXSCoordinatedAppInstall<0x147e40000> [P=CoreSimulatorBridge (pid 11239)] identifier:[com.DefaultCompany.NeonDrift/Invalid/[system-defined]] uuid:1F689FFE-D1D0-4692-9BB8-49A0BF9FCE63 intent:IXCoordinatorIntentUpdating creator/appDRI:InstallCoordination Simple SPI importance:UserWaiting state:IXAppCoordinationStateReadyForInstall promise-state:PA2I4>: Placeholder install completed.
2026-07-11 14:51:09.845 Df runningboardd[11212:173fe] [com.apple.launchservices:appinstallation] LaunchServices observer: InstallsStarted (
    "<LSApplicationProxy: 0x1499cc000> com.DefaultCompany.NeonDrift file:///Users/dragonkao/Library/Developer/CoreSimulator/Devices/CC47DE7A-8196-4465-A5A5-BB852C9C6C82/data/Containers/Bundle/Application/5D18BDEB-9468-497C-B3E7-8157BC6BD81B/com.apple.mobileinstallation.placeholder/ <com.DefaultCompany.NeonDrift <placeholder >:1>"
)
2026-07-11 14:51:09.846 Df deviceaccessd[11352:1764e] [com.apple.launchservices:appinstallation] LaunchServices observer: InstallsStarted (
    "<LSApplicationProxy: 0x1585c0000> com.DefaultCompany.NeonDrift file:///Users/dragonkao/Library/Developer/CoreSimulator/Devices/CC47DE7A-8196-4465-A5A5-BB852C9C6C82/data/Containers/Bundle/Application/5D18BDEB-9468-497C-B3E7-8157BC6BD81B/com.apple.mobileinstallation.placeholder/ <com.DefaultCompany.NeonDrift <placeholder >:1>"
)
2026-07-11 14:51:09.846 Df lsd[11265:1708a] [com.apple.launchservices:progress] Sent distributed notification com.apple.LaunchServices.applicationRegistered with payload {
    bundleIDs =     (
        "com.DefaultCompany.NeonDrift"
    );
    isPlaceholder = 1;
}
2026-07-11 14:51:09.846 Df sleepd[11236:16f84] [com.apple.launchservices:appinstallation] LaunchServices observer: InstallsStarted (
    "<LSApplicationProxy: 0x14b2ac180> com.DefaultCompany.NeonDrift file:///Users/dragonkao/Library/Developer/CoreSimulator/Devices/CC47DE7A-8196-4465-A5A5-BB852C9C6C82/data/Containers/Bundle/Application/5D18BDEB-9468-497C-B3E7-8157BC6BD81B/com.apple.mobileinstallation.placeholder/ <com.DefaultCompany.NeonDrift <placeholder >:1>"
)
2026-07-11 14:51:09.846 Df mobiletimerd[11224:17869] [com.apple.launchservices:appinstallation] LaunchServices observer: InstallsStarted (
    "<LSApplicationProxy: 0x147ac80c0> com.DefaultCompany.NeonDrift file:///Users/dragonkao/Library/Developer/CoreSimulator/Devices/CC47DE7A-8196-4465-A5A5-BB852C9C6C82/data/Containers/Bundle/Application/5D18BDEB-9468-497C-B3E7-8157BC6BD81B/com.apple.mobileinstallation.placeholder/ <com.DefaultCompany.NeonDrift <placeholder >:1>"
)
2026-07-11 14:51:09.846 Df gamed[11325:17776] [com.apple.launchservices:appinstallation] LaunchServices observer: InstallsStarted (
    "<LSApplicationProxy: 0x3083e1140> com.DefaultCompany.NeonDrift file:///Users/dragonkao/Library/Developer/CoreSimulator/Devices/CC47DE7A-8196-4465-A5A5-BB852C9C6C82/data/Containers/Bundle/Application/5D18BDEB-9468-497C-B3E7-8157BC6BD81B/com.apple.mobileinstallation.placeholder/ <com.DefaultCompany.NeonDrift <placeholder >:1>"
)
2026-07-11 14:51:09.847 Df installcoordinationd[11373:17740] [com.apple.installprogress:server] initiating progress for [com.DefaultCompany.NeonDrift/Invalid/[system-defined]]
2026-07-11 14:51:09.847 Df webbookmarksd[11315:1764d] [com.apple.launchservices:appinstallation] LaunchServices observer: InstallsStarted (
    "<LSApplicationProxy: 0x32ba7f0e0> com.DefaultCompany.NeonDrift file:///Users/dragonkao/Library/Developer/CoreSimulator/Devices/CC47DE7A-8196-4465-A5A5-BB852C9C6C82/data/Containers/Bundle/Application/5D18BDEB-9468-497C-B3E7-8157BC6BD81B/com.apple.mobileinstallation.placeholder/ <com.DefaultCompany.NeonDrift <placeholder >:1>"
)
2026-07-11 14:51:09.847 Df SpringBoard[11206:17176] [com.apple.launchservices:appinstallation] LaunchServices observer: InstallsStarted (
    "<LSApplicationProxy: 0x351576d00> com.DefaultCompany.NeonDrift file:///Users/dragonkao/Library/Developer/CoreSimulator/Devices/CC47DE7A-8196-4465-A5A5-BB852C9C6C82/data/Containers/Bundle/Application/5D18BDEB-9468-497C-B3E7-8157BC6BD81B/com.apple.mobileinstallation.placeholder/ <com.DefaultCompany.NeonDrift <placeholder >:1>"
)
2026-07-11 14:51:09.847 Df donotdisturbd[11263:17103] [com.apple.launchservices:appinstallation] LaunchServices observer: InstallsStarted (
    "<LSApplicationProxy: 0x1645f9080> com.DefaultCompany.NeonDrift file:///Users/dragonkao/Library/Developer/CoreSimulator/Devices/CC47DE7A-8196-4465-A5A5-BB852C9C6C82/data/Containers/Bundle/Application/5D18BDEB-9468-497C-B3E7-8157BC6BD81B/com.apple.mobileinstallation.placeholder/ <com.DefaultCompany.NeonDrift <placeholder >:1>"
)
2026-07-11 14:51:09.847 Df SpringBoard[11206:17176] [com.apple.frontboard.ApplicationLibrary:observer] -[FBSApplicationLibrary applicationInstallsDidStart:] com.DefaultCompany.NeonDrift
2026-07-11 14:51:09.847 Df routined[11217:170cd] [com.apple.launchservices:appinstallation] LaunchServices observer: InstallsStarted (
    "<LSApplicationProxy: 0x3080f8300> com.DefaultCompany.NeonDrift file:///Users/dragonkao/Library/Developer/CoreSimulator/Devices/CC47DE7A-8196-4465-A5A5-BB852C9C6C82/data/Containers/Bundle/Application/5D18BDEB-9468-497C-B3E7-8157BC6BD81B/com.apple.mobileinstallation.placeholder/ <com.DefaultCompany.NeonDrift <placeholder >:1>"
)
