    "<LSApplicationProxy: 0x1041e0f00> com.DefaultCompany.NeonDrift.run.1782480634.15608 file:///Users/dragonkao/Library/Developer/CoreSimulator/Devices/115FDF0C-5A2F-4686-909B-7F43F1450A28/data/Containers/Bundle/Application/C65348AD-C796-4CA4-8D3C-78A194B6D444/NeonDrift.run.1782480634.15608.app/ <com.DefaultCompany.NeonDrift.run.1782480634.15608 <installed >:0>"
)
2026-06-26 21:31:49.645 Df SpringBoard[13125:85933e] [com.apple.frontboard.ApplicationLibrary:observer] -[FBSApplicationLibrary applicationsWillInstall:] com.DefaultCompany.NeonDrift.run.1782480634.15608
2026-06-26 21:31:49.646 Df installd[26514:858947] (MobileSystemServices) 0x16bdb3000 -[MIClientConnection _doInstallationForURL:identity:domain:options:operationType:completion:]: Install of "/Users/dragonkao/Library/Developer/CoreSimulator/Devices/115FDF0C-5A2F-4686-909B-7F43F1450A28/data/Containers/Shared/SystemGroup/systemgroup.com.apple.installcoordinationd/Library/InstallCoordination/PromiseStaging/A13E2510-921E-4F17-AACF-485006F419C3/NeonDrift.run.1782480634.15608.app" type Developer (LSInstallType = 0, Domain: MIInstallationDomainDefault) requested by installcoordinationd (pid 26512 (501/20))
2026-06-26 21:31:49.647 Df CoreSimulatorBridge[13156:858940] [com.apple.installcoordination:framework] -[IXAppInstallCoordinator _clientDelegate_didUpdateProgress:forPhase:overallProgress:]: <IXUpdatingAppInstallCoordinator<0x103458500> identity:[com.DefaultCompany.NeonDrift.run.1782480634.15608/Invalid/[system-defined]] uuid:255C32D1-0F70-4361-8679-F29F420130EE creator:InstallCoordination Simple SPI>: Got did update progress delegate with percentComplete 5.000000 phase IXCoordinatorProgressPhaseInstalling overallProgress 62.000000
2026-06-26 21:31:49.648 Df CoreSimulatorBridge[13156:858940] [com.apple.installcoordination:framework] -[IXAppInstallCoordinator _clientDelegate_didUpdateProgress:forPhase:overallProgress:]: <IXUpdatingAppInstallCoordinator<0x103458500> identity:[com.DefaultCompany.NeonDrift.run.1782480634.15608/Invalid/[system-defined]] uuid:255C32D1-0F70-4361-8679-F29F420130EE creator:InstallCoordination Simple SPI>: Got did update progress delegate with percentComplete 15.000000 phase IXCoordinatorProgressPhaseInstalling overallProgress 66.000000
2026-06-26 21:31:49.648 Df CoreSimulatorBridge[13156:85893e] [com.apple.installcoordination:framework] -[IXAppInstallCoordinator _clientDelegate_didUpdateProgress:forPhase:overallProgress:]_block_invoke: <IXUpdatingAppInstallCoordinator<0x103458500> identity:[com.DefaultCompany.NeonDrift.run.1782480634.15608/Invalid/[system-defined]] uuid:255C32D1-0F70-4361-8679-F29F420130EE creator:InstallCoordination Simple SPI>: Calling selector coordinator:didUpdateProgress:forPhase:overallProgress: on observer <_IXSimpleInstallerDelegate 0x0x101b183f0>
2026-06-26 21:31:49.648 Df CoreSimulatorBridge[13156:858940] [com.apple.installcoordination:framework] -[IXAppInstallCoordinator _clientDelegate_didUpdateProgress:forPhase:overallProgress:]: <IXUpdatingAppInstallCoordinator<0x103458500> identity:[com.DefaultCompany.NeonDrift.run.1782480634.15608/Invalid/[system-defined]] uuid:255C32D1-0F70-4361-8679-F29F420130EE creator:InstallCoordination Simple SPI>: Got did update progress delegate with percentComplete 20.000000 phase IXCoordinatorProgressPhaseInstalling overallProgress 68.000000
2026-06-26 21:31:49.648 Df CoreSimulatorBridge[13156:85893e] [com.apple.installcoordination:framework] -[IXAppInstallCoordinator _clientDelegate_didUpdateProgress:forPhase:overallProgress:]_block_invoke: <IXUpdatingAppInstallCoordinator<0x103458500> identity:[com.DefaultCompany.NeonDrift.run.1782480634.15608/Invalid/[system-defined]] uuid:255C32D1-0F70-4361-8679-F29F420130EE creator:InstallCoordination Simple SPI>: Calling selector coordinator:didUpdateProgress:forPhase:overallProgress: on observer <_IXSimpleInstallerDelegate 0x0x101b183f0>
2026-06-26 21:31:49.648 Df CoreSimulatorBridge[13156:85893e] [com.apple.installcoordination:framework] -[IXAppInstallCoordinator _clientDelegate_didUpdateProgress:forPhase:overallProgress:]_block_invoke: <IXUpdatingAppInstallCoordinator<0x103458500> identity:[com.DefaultCompany.NeonDrift.run.1782480634.15608/Invalid/[system-defined]] uuid:255C32D1-0F70-4361-8679-F29F420130EE creator:InstallCoordination Simple SPI>: Calling selector coordinator:didUpdateProgress:forPhase:overallProgress: on observer <_IXSimpleInstallerDelegate 0x0x101b183f0>
2026-06-26 21:31:49.650 Df installd[26514:858947] [com.apple.containermanager:xpc] Query; euid = 501, uid = 501, class = 1, identifier = [com.DefaultCompany.NeonDrift.run.1782480634.15608](1), flags = 300000002
2026-06-26 21:31:49.650 Df appprotectiond[26556:85899b] [com.apple.appprotection:server] Received distnoted event <dictionary: 0x101108000> { count = 3, transaction: 0, voucher = 0x101148870, contents =
	"UserInfo" => <dictionary: 0x101035140> { count = 2, transaction: 0, voucher = 0x0, contents =
		"isPlaceholder" => <bool: 0x1e6e64540>: true
		"bundleIDs" => <array: 0x10103db30> { count = 1, capacity = 1, contents =
			0: <string: 0x10103dfb0> { string cache = 0x0, length = 49, contents = "com.DefaultCompany.NeonDrift.run.1782480634.15608" }
		}
	}
	"Name" => <string: 0x10103df50> { string cache = 0x0, length = 46, contents = "com.apple.LaunchServices.applicationRegistered" }
	"XPCEventName" => <string: 0x10103dcb0> { string cache = 0x0, length = 21, contents = "ApplicationRegistered" }
}
2026-06-26 21:31:49.650 Df installd[26514:858947] [com.apple.containermanager:xpc] Query; euid = 501, uid = 501, class = 1, identifier = [com.DefaultCompany.NeonDrift.run.1782480634.15608](1), flags = 300000002
2026-06-26 21:31:49.652 Df appprotectiond[26556:85899b] [com.apple.appprotection:server] received note: name = com.apple.LaunchServices.applicationRegistered, object = Optional(AppProtection.DistnotedXPCEventStreamTranslator), userInfo = Optional([AnyHashable("bundleIDs"): <__NSSingleObjectArrayI 0x1011e4220>(
com.DefaultCompany.NeonDrift.run.1782480634.15608
)
, AnyHashable("isPlaceholder"): 1])
2026-06-26 21:31:49.653 Df appprotectiond[26556:85899b] [com.apple.appprotection:server] Received distnoted event <dictionary: 0x101108000> { count = 3, transaction: 0, voucher = 0x101148730, contents =
	"UserInfo" => <dictionary: 0x101035140> { count = 2, transaction: 0, voucher = 0x0, contents =
		"isPlaceholder" => <bool: 0x1e6e64540>: true
		"bundleIDs" => <array: 0x10103db30> { count = 1, capacity = 1, contents =
			0: <string: 0x10103dfb0> { string cache = 0x0, length = 49, contents = "com.DefaultCompany.NeonDrift.run.1782480634.15608" }
		}
	}
	"Name" => <string: 0x10103df50> { string cache = 0x0, length = 46, contents = "com.apple.LaunchServices.applicationRegistered" }
	"XPCEventName" => <string: 0x10103dcb0> { string cache = 0x0, length = 21, contents = "ApplicationRegistered" }
}
2026-06-26 21:31:49.653 Df installd[26514:858947] [com.apple.containermanager:xpc] Query; euid = 501, uid = 501, class = 1, identifier = [com.DefaultCompany.NeonDrift.run.1782480634.15608](1), flags = 300000002
2026-06-26 21:31:49.653 Df installcoordinationd[26512:85928f] [com.apple.installcoordination:daemon] -[IXSCoordinatorProgress setTotalUnitsCompleted:]: Progress for coordinator: [com.DefaultCompany.NeonDrift.run.1782480634.15608/Invalid/[system-defined]], Phase: IXCoordinatorProgressPhaseInstalling, Percentage: 20.000000: Attempt to set units completed on finished progress: 20
2026-06-26 21:31:49.653 Df appprotectiond[26556:85899b] [com.apple.appprotection:server] received note: name = com.apple.LaunchServices.applicationRegistered, object = Optional(AppProtection.DistnotedXPCEventStreamTranslator), userInfo = Optional([AnyHashable("bundleIDs"): <__NSSingleObjectArrayI 0x1011e4220>(
com.DefaultCompany.NeonDrift.run.1782480634.15608
)
, AnyHashable("isPlaceholder"): 1])
2026-06-26 21:31:49.653 Df appprotectiond[26556:85899b] [com.apple.appprotection:server] processing settings authority event: SettingsAuthorityEvent.promotePreferenceFromProvisionalForApplication(com.DefaultCompany.NeonDrift.run.1782480634.15608)
2026-06-26 21:31:49.653 Df installd[26514:858947] [com.apple.containermanager:xpc] Query; euid = 501, uid = 501, class = 1, identifier = [com.DefaultCompany.NeonDrift.run.1782480634.15608](1), flags = 300000002
2026-06-26 21:31:49.653 Df appprotectiond[26556:85899b] [com.apple.appprotection:server] processing settings authority event: SettingsAuthorityEvent.promotePreferenceFromProvisionalForApplication(com.DefaultCompany.NeonDrift.run.1782480634.15608)
2026-06-26 21:31:49.655 Df installd[26514:858947] (MobileSystemServices) 0x16bdb3000 -[MIInstaller _installInstallable:containingSymlink:error:]: Installing <MIInstallableBundle ID=com.DefaultCompany.NeonDrift.run.1782480634.15608; Persona=com.apple.containermanager.primary-persona, Version=0, ShortVersion=1.0>
2026-06-26 21:31:49.655 Df installd[26514:858947] [com.apple.appinstallation:TransactionLog] com.DefaultCompany.NeonDrift.run.1782480634.15608/com.apple.containermanager.primary-persona:7:1:1:1:Start : Install (Patch Update)
2026-06-26 21:31:49.655 Df installd[26514:858947] (MobileSystemServices) 0x16bdb3000 -[MIInstallable applyPatchWithError:]: Attempting Delta patch update of com.DefaultCompany.NeonDrift.run.1782480634.15608 from 0 (1.0) to 0 (1.0)
2026-06-26 21:31:49.655 Df CoreSimulatorBridge[13156:858940] [com.apple.installcoordination:framework] -[IXAppInstallCoordinator _clientDelegate_didUpdateProgress:forPhase:overallProgress:]: <IXUpdatingAppInstallCoordinator<0x103458500> identity:[com.DefaultCompany.NeonDrift.run.1782480634.15608/Invalid/[system-defined]] uuid:255C32D1-0F70-4361-8679-F29F420130EE creator:InstallCoordination Simple SPI>: Got did update progress delegate with percentComplete 30.000000 phase IXCoordinatorProgressPhaseInstalling overallProgress 72.000000
2026-06-26 21:31:49.655 Df CoreSimulatorBridge[13156:858940] [com.apple.installcoordination:framework] -[IXAppInstallCoordinator _clientDelegate_didUpdateProgress:forPhase:overallProgress:]: <IXUpdatingAppInstallCoordinator<0x103458500> identity:[com.DefaultCompany.NeonDrift.run.1782480634.15608/Invalid/[system-defined]] uuid:255C32D1-0F70-4361-8679-F29F420130EE creator:InstallCoordination Simple SPI>: Got did update progress delegate with percentComplete 35.000000 phase IXCoordinatorProgressPhaseInstalling overallProgress 74.000000
2026-06-26 21:31:49.655 Df CoreSimulatorBridge[13156:85893e] [com.apple.installcoordination:framework] -[IXAppInstallCoordinator _clientDelegate_didUpdateProgress:forPhase:overallProgress:]_block_invoke: <IXUpdatingAppInstallCoordinator<0x103458500> identity:[com.DefaultCompany.NeonDrift.run.1782480634.15608/Invalid/[system-defined]] uuid:255C32D1-0F70-4361-8679-F29F420130EE creator:InstallCoordination Simple SPI>: Calling selector coordinator:didUpdateProgress:forPhase:overallProgress: on observer <_IXSimpleInstallerDelegate 0x0x101b183f0>
2026-06-26 21:31:49.655 Df CoreSimulatorBridge[13156:85893e] [com.apple.installcoordination:framework] -[IXAppInstallCoordinator _clientDelegate_didUpdateProgress:forPhase:overallProgress:]_block_invoke: <IXUpdatingAppInstallCoordinator<0x103458500> identity:[com.DefaultCompany.NeonDrift.run.1782480634.15608/Invalid/[system-defined]] uuid:255C32D1-0F70-4361-8679-F29F420130EE creator:InstallCoordination Simple SPI>: Calling selector coordinator:didUpdateProgress:forPhase:overallProgress: on observer <_IXSimpleInstallerDelegate 0x0x101b183f0>
2026-06-26 21:31:49.661 Df SpringBoard[13125:4bdd22] [com.apple.frontboard.ApplicationLibrary:sb.placeholder] App placeholder proxies added: (
    "<SBApplicationPlaceholderProxy: 0x12ebb1580; com.DefaultCompany.NeonDrift.run.1782480634.15608 (NeonDrift.run.1782480634.15608); LSInstallType: StoreDownload>"
), currentlyKnownExistingPlaceholders: {
}
2026-06-26 21:31:49.661 Df SpringBoard[13125:4bdd22] [com.apple.appinstallation:TransactionLog] com.DefaultCompany.NeonDrift.run.1782480634.15608/Unknown Persona:10:0:1:1:Placeholder add BEGIN
2026-06-26 21:31:49.661 Df SpringBoard[13125:4bdd22] [com.apple.SpringBoard:Icon] <<SBLeafIcon:0x12aa883c0 [com.DefaultCompany.NeonDrift.run.1782480634.15608]>> Changing active data source: <SBApplicationIcon: 0x12aa883c0; nodeID: com.DefaultCompany.NeonDrift.run.1782480634.15608; bundleID: com.DefaultCompany.NeonDrift.run.1782480634.15608>
2026-06-26 21:31:49.661 Df liveactivitiesd[26558:763bd7] [com.apple.launchservices:progress] Got progress <NSProgress: com.DefaultCompany.NeonDrift.run.1782480634.15608 phase=Installing; state=Active; finalPhase=Installing; fractionCompleted=0.600000> for app com.DefaultCompany.NeonDrift.run.1782480634.15608,
2026-06-26 21:31:49.661 Df liveactivitiesd[26558:85896a] [com.apple.launchservices:progress] #LSInstallProgressList add subscriber: <_NSProgressSubscriber: 0x105bec690> publishingString: com.DefaultCompany.NeonDrift.run.1782480634.15608
2026-06-26 21:31:49.661 Df SpringBoard[13125:4bdd22] [com.apple.SpringBoard:Icon] <<SBLeafIcon:0x12aa883c0 [com.DefaultCompany.NeonDrift.run.1782480634.15608]>> Changing from data souce: com.DefaultCompany.NeonDrift.run.1782480634.15608 to data source:com.DefaultCompany.NeonDrift.run.1782480634.15608.
2026-06-26 21:31:49.661 Df liveactivitiesd[26558:85896a] [com.apple.launchservices:progress] Subscribing to progress for app com.DefaultCompany.NeonDrift.run.1782480634.15608,
2026-06-26 21:31:49.662 Df PosterBoard[13202:859344] [com.apple.launchservices:appinstallation] LaunchServices observer: InstallsStarted (
    "<LSApplicationProxy: 0x10626d2c0> com.DefaultCompany.NeonDrift.run.1782480634.15608 file:///Users/dragonkao/Library/Developer/CoreSimulator/Devices/115FDF0C-5A2F-4686-909B-7F43F1450A28/data/Containers/Bundle/Application/C65348AD-C796-4CA4-8D3C-78A194B6D444/com.apple.mobileinstallation.placeholder/ <com.DefaultCompany.NeonDrift.run.1782480634.15608 <placeholder >:1>"
)
2026-06-26 21:31:49.662 Df PosterBoard[13202:859344] [com.apple.launchservices:appinstallation] LaunchServices observer: MetadataUpdate (
    "com.DefaultCompany.NeonDrift.run.1782480634.15608"
)
2026-06-26 21:31:49.663 Df SpringBoard[13125:4bdd22] [com.apple.appinstallation:TransactionLog] com.DefaultCompany.NeonDrift.run.1782480634.15608/Unknown Persona:10:1:3:1:Created icon for placeholder.
2026-06-26 21:31:49.663 Df SpringBoard[13125:4bdd22] [com.apple.installcoordination:framework] +[IXAppInstallCoordinator removabilityForAppWithIdentity:error:]: Returning locally read removability, PossibleAndAllowed, for identity:[com.DefaultCompany.NeonDrift.run.1782480634.15608/Invalid/[system-defined]]
2026-06-26 21:31:49.663 Df SpringBoard[13125:4bdd22] [com.apple.frontboard.ApplicationLibrary:sb.placeholder] Placeholders added: (
    "<SBApplicationPlaceholder: 0x12eb82a00; bundleIdentifier: com.DefaultCompany.NeonDrift.run.1782480634.15608; displayName: NeonDrift.run.1782480634.15608; progress: 0%; state: Waiting; canPromote?: YES; canCancel?: YES>"
), modified: (
), removed: (null)
2026-06-26 21:31:49.664 Df SpringBoard[13125:4bdd22] [com.apple.SpringBoard:Common] termination assertion acquired for com.DefaultCompany.NeonDrift.run.1782480634.15608
2026-06-26 21:31:49.669 Df PosterBoard[13202:859344] [com.apple.launchservices:appinstallation] LaunchServices observer: InstallsStarted (
    "<LSApplicationProxy: 0x10626e640> com.DefaultCompany.NeonDrift.run.1782480634.15608 file:///Users/dragonkao/Library/Developer/CoreSimulator/Devices/115FDF0C-5A2F-4686-909B-7F43F1450A28/data/Containers/Bundle/Application/C65348AD-C796-4CA4-8D3C-78A194B6D444/com.apple.mobileinstallation.placeholder/ <com.DefaultCompany.NeonDrift.run.1782480634.15608 <placeholder >:1>"
)
2026-06-26 21:31:49.669 Df PosterBoard[13202:859344] [com.apple.launchservices:appinstallation] LaunchServices observer: Will install (
    "<LSApplicationProxy: 0x10626cb40> com.DefaultCompany.NeonDrift.run.1782480634.15608 file:///Users/dragonkao/Library/Developer/CoreSimulator/Devices/115FDF0C-5A2F-4686-909B-7F43F1450A28/data/Containers/Bundle/Application/C65348AD-C796-4CA4-8D3C-78A194B6D444/NeonDrift.run.1782480634.15608.app/ <com.DefaultCompany.NeonDrift.run.1782480634.15608 <installed >:0>"
)
2026-06-26 21:31:49.669 Df SpringBoard[13125:4bdd22] [com.apple.appinstallation:TransactionLog] com.DefaultCompany.NeonDrift.run.1782480634.15608/Unknown Persona:10:2:3:1:Reloading icon image.
2026-06-26 21:31:49.678 Df installd[26514:858947] [com.apple.containermanager:query] Query; euid = 501, uid = 501, class = 4, identifier = [com.DefaultCompany.NeonDrift.run.1782480634.15608](1), flags = 300000002
2026-06-26 21:31:49.679 Df CoreSimulatorBridge[13156:858940] [com.apple.installcoordination:framework] -[IXAppInstallCoordinator _clientDelegate_didUpdateProgress:forPhase:overallProgress:]: <IXUpdatingAppInstallCoordinator<0x103458500> identity:[com.DefaultCompany.NeonDrift.run.1782480634.15608/Invalid/[system-defined]] uuid:255C32D1-0F70-4361-8679-F29F420130EE creator:InstallCoordination Simple SPI>: Got did update progress delegate with percentComplete 40.000000 phase IXCoordinatorProgressPhaseInstalling overallProgress 76.000000
2026-06-26 21:31:49.679 Df CoreSimulatorBridge[13156:858940] [com.apple.installcoordination:framework] -[IXAppInstallCoordinator _clientDelegate_didUpdateProgress:forPhase:overallProgress:]_block_invoke: <IXUpdatingAppInstallCoordinator<0x103458500> identity:[com.DefaultCompany.NeonDrift.run.1782480634.15608/Invalid/[system-defined]] uuid:255C32D1-0F70-4361-8679-F29F420130EE creator:InstallCoordination Simple SPI>: Calling selector coordinator:didUpdateProgress:forPhase:overallProgress: on observer <_IXSimpleInstallerDelegate 0x0x101b183f0>
2026-06-26 21:31:49.679 Df installd[26514:858947] [com.apple.containermanager:query] Query; euid = 501, uid = 501, class = 4, identifier = [com.DefaultCompany.NeonDrift.run.1782480634.15608](1), flags = 300000002
2026-06-26 21:31:49.679 Df installd[26514:858947] [com.apple.containermanager:xpc] Query; euid = 501, uid = 501, class = 1, identifier = [com.DefaultCompany.NeonDrift.run.1782480634.15608](1), flags = 300000003
2026-06-26 21:31:49.679 Df CoreSimulatorBridge[13156:858940] [com.apple.installcoordination:framework] -[IXAppInstallCoordinator _clientDelegate_didUpdateProgress:forPhase:overallProgress:]: <IXUpdatingAppInstallCoordinator<0x103458500> identity:[com.DefaultCompany.NeonDrift.run.1782480634.15608/Invalid/[system-defined]] uuid:255C32D1-0F70-4361-8679-F29F420130EE creator:InstallCoordination Simple SPI>: Got did update progress delegate with percentComplete 50.000000 phase IXCoordinatorProgressPhaseInstalling overallProgress 80.000000
2026-06-26 21:31:49.679 Df CoreSimulatorBridge[13156:858940] [com.apple.installcoordination:framework] -[IXAppInstallCoordinator _clientDelegate_didUpdateProgress:forPhase:overallProgress:]_block_invoke: <IXUpdatingAppInstallCoordinator<0x103458500> identity:[com.DefaultCompany.NeonDrift.run.1782480634.15608/Invalid/[system-defined]] uuid:255C32D1-0F70-4361-8679-F29F420130EE creator:InstallCoordination Simple SPI>: Calling selector coordinator:didUpdateProgress:forPhase:overallProgress: on observer <_IXSimpleInstallerDelegate 0x0x101b183f0>
2026-06-26 21:31:49.679 E  containermanagerd_system[13173:8534a6] [com.apple.containermanager:schema] [com.DefaultCompany.NeonDrift.run.1782480634.15608(1)] Current schema version (1) is newer than the latest (0), ignoring.
2026-06-26 21:31:49.680 Df containermanagerd_system[13173:8534a6] [com.apple.containermanager:schema] [u 235784A9-9C5E-4723-B3A8-F6D8B3A80366:p AE841503-D6C0-4E3A-BE74-0DF6CF24F3F8:c com.DefaultCompany.NeonDrift.run.1782480634.15608(1):i31218172] Successfully updated schema from (0) → (0), actions count = 0
2026-06-26 21:31:49.681 Df installd[26514:858947] [com.apple.containermanager:xpc] Query; euid = 501, uid = 501, class = 1, identifier = [com.DefaultCompany.NeonDrift.run.1782480634.15608](1), flags = 300000002
2026-06-26 21:31:49.681 Df CoreSimulatorBridge[13156:85893e] [com.apple.installcoordination:framework] -[IXAppInstallCoordinator _clientDelegate_didUpdateProgress:forPhase:overallProgress:]: <IXUpdatingAppInstallCoordinator<0x103458500> identity:[com.DefaultCompany.NeonDrift.run.1782480634.15608/Invalid/[system-defined]] uuid:255C32D1-0F70-4361-8679-F29F420130EE creator:InstallCoordination Simple SPI>: Got did update progress delegate with percentComplete 60.000000 phase IXCoordinatorProgressPhaseInstalling overallProgress 84.000000
2026-06-26 21:31:49.681 Df CoreSimulatorBridge[13156:85893e] [com.apple.installcoordination:framework] -[IXAppInstallCoordinator _clientDelegate_didUpdateProgress:forPhase:overallProgress:]_block_invoke: <IXUpdatingAppInstallCoordinator<0x103458500> identity:[com.DefaultCompany.NeonDrift.run.1782480634.15608/Invalid/[system-defined]] uuid:255C32D1-0F70-4361-8679-F29F420130EE creator:InstallCoordination Simple SPI>: Calling selector coordinator:didUpdateProgress:forPhase:overallProgress: on observer <_IXSimpleInstallerDelegate 0x0x101b183f0>
2026-06-26 21:31:49.683 Df installd[26514:858947] [com.apple.containermanager:query] Query; euid = 501, uid = 501, class = 2, identifier = [com.DefaultCompany.NeonDrift.run.1782480634.15608](1), flags = 300000003
2026-06-26 21:31:49.683 Df CoreSimulatorBridge[13156:85893e] [com.apple.installcoordination:framework] -[IXAppInstallCoordinator _clientDelegate_didUpdateProgress:forPhase:overallProgress:]: <IXUpdatingAppInstallCoordinator<0x103458500> identity:[com.DefaultCompany.NeonDrift.run.1782480634.15608/Invalid/[system-defined]] uuid:255C32D1-0F70-4361-8679-F29F420130EE creator:InstallCoordination Simple SPI>: Got did update progress delegate with percentComplete 70.000000 phase IXCoordinatorProgressPhaseInstalling overallProgress 88.000000
2026-06-26 21:31:49.683 Df CoreSimulatorBridge[13156:85893e] [com.apple.installcoordination:framework] -[IXAppInstallCoordinator _clientDelegate_didUpdateProgress:forPhase:overallProgress:]_block_invoke: <IXUpdatingAppInstallCoordinator<0x103458500> identity:[com.DefaultCompany.NeonDrift.run.1782480634.15608/Invalid/[system-defined]] uuid:255C32D1-0F70-4361-8679-F29F420130EE creator:InstallCoordination Simple SPI>: Calling selector coordinator:didUpdateProgress:forPhase:overallProgress: on observer <_IXSimpleInstallerDelegate 0x0x101b183f0>
2026-06-26 21:31:49.683 Df installd[26514:858947] [com.apple.containermanager:query] Query; euid = 501, uid = 501, class = 2, identifier = [com.DefaultCompany.NeonDrift.run.1782480634.15608](1), flags = 300000002
2026-06-26 21:31:49.683 Df runningboardd[13128:8592b0] [com.apple.runningboard:process] Checking PreventLaunch: global:0 exPath:(null) predicates:{(
    <RBSProcessPredicate <RBSProcessBundleIdentifierPredicate "com.DefaultCompany.NeonDrift.run.1782480634.15608">>
)} allow:(null)
2026-06-26 21:31:49.686 Df dmd[13203:4bdf71] Received xpc stream event (distributed notification matching) with name: com.apple.LaunchServices.applicationRegistered user info: {
    bundleIDs =     (
        "com.DefaultCompany.NeonDrift.run.1782480634.15608"
    );
    isPlaceholder = 1;
}
2026-06-26 21:31:49.692 Df CoreSimulatorBridge[13156:858940] [com.apple.installcoordination:framework] -[IXAppInstallCoordinator _clientDelegate_didUpdateProgress:forPhase:overallProgress:]: <IXUpdatingAppInstallCoordinator<0x103458500> identity:[com.DefaultCompany.NeonDrift.run.1782480634.15608/Invalid/[system-defined]] uuid:255C32D1-0F70-4361-8679-F29F420130EE creator:InstallCoordination Simple SPI>: Got did update progress delegate with percentComplete 80.000000 phase IXCoordinatorProgressPhaseInstalling overallProgress 92.000000
2026-06-26 21:31:49.692 Df CoreSimulatorBridge[13156:858940] [com.apple.installcoordination:framework] -[IXAppInstallCoordinator _clientDelegate_didUpdateProgress:forPhase:overallProgress:]_block_invoke: <IXUpdatingAppInstallCoordinator<0x103458500> identity:[com.DefaultCompany.NeonDrift.run.1782480634.15608/Invalid/[system-defined]] uuid:255C32D1-0F70-4361-8679-F29F420130EE creator:InstallCoordination Simple SPI>: Calling selector coordinator:didUpdateProgress:forPhase:overallProgress: on observer <_IXSimpleInstallerDelegate 0x0x101b183f0>
2026-06-26 21:31:49.693 Df installd[26514:858947] (MobileSystemServices) 0x16bdb3000 -[MIInstallationJournalEntry _refreshUUIDForContainer:withError:]: Data container for com.DefaultCompany.NeonDrift.run.1782480634.15608 is now at /Users/dragonkao/Library/Developer/CoreSimulator/Devices/115FDF0C-5A2F-4686-909B-7F43F1450A28/data/Containers/Data/Application/88B226E5-5BA0-42BE-AFC2-4576DE61E565
2026-06-26 21:31:49.693 Df containermanagerd[13188:763a70] [com.apple.containermanager:schema] [u FBD9D733-C912-43D5-94A0-FF98E97D1255:p 88B226E5-5BA0-42BE-AFC2-4576DE61E565:c com.DefaultCompany.NeonDrift.run.1782480634.15608(2):i0] Successfully updated schema from (0) → (1), actions count = 6
2026-06-26 21:31:49.693 Df installd[26514:858947] [com.apple.containermanager:unspecified] Replace; old = [app:com.DefaultCompany.NeonDrift.run.1782480634.15608:501::(F5BABAF6-6E32-4646-AD5F-E8EEE68C66D2)], new = [temp-app:com.DefaultCompany.NeonDrift.run.1782480634.15608:501::(235784A9-9C5E-4723-B3A8-F6D8B3A80366)]
2026-06-26 21:31:49.696 Df installd[26514:858947] [com.apple.containermanager:xpc] Query; euid = 501, uid = 501, class = 1, identifier = [com.DefaultCompany.NeonDrift.run.1782480634.15608](1), flags = 300000002
2026-06-26 21:31:49.697 Df installd[26514:858947] (MobileSystemServices) 0x16bdb3000 -[MIContainer makeContainerLiveReplacingContainer:reason:waitForDeletion:withError:]: Made container live for com.DefaultCompany.NeonDrift.run.1782480634.15608 at /Users/dragonkao/Library/Developer/CoreSimulator/Devices/115FDF0C-5A2F-4686-909B-7F43F1450A28/data/Containers/Bundle/Application/455FE24B-6B53-4891-A634-06C09E092856
2026-06-26 21:31:49.697 Df installd[26514:858947] [com.apple.containermanager:xpc] Query; euid = 501, uid = 501, class = 1, identifier = [com.DefaultCompany.NeonDrift.run.1782480634.15608](1), flags = 300000002
2026-06-26 21:31:49.699 Df CoreSimulatorBridge[13156:85893e] [com.apple.installcoordination:framework] -[IXAppInstallCoordinator _clientDelegate_didUpdateProgress:forPhase:overallProgress:]: <IXUpdatingAppInstallCoordinator<0x103458500> identity:[com.DefaultCompany.NeonDrift.run.1782480634.15608/Invalid/[system-defined]] uuid:255C32D1-0F70-4361-8679-F29F420130EE creator:InstallCoordination Simple SPI>: Got did update progress delegate with percentComplete 90.000000 phase IXCoordinatorProgressPhaseInstalling overallProgress 96.000000
2026-06-26 21:31:49.699 Df CoreSimulatorBridge[13156:85893e] [com.apple.installcoordination:framework] -[IXAppInstallCoordinator _clientDelegate_didUpdateProgress:forPhase:overallProgress:]_block_invoke: <IXUpdatingAppInstallCoordinator<0x103458500> identity:[com.DefaultCompany.NeonDrift.run.1782480634.15608/Invalid/[system-defined]] uuid:255C32D1-0F70-4361-8679-F29F420130EE creator:InstallCoordination Simple SPI>: Calling selector coordinator:didUpdateProgress:forPhase:overallProgress: on observer <_IXSimpleInstallerDelegate 0x0x101b183f0>
2026-06-26 21:31:49.699 Df installd[26514:858947] [com.apple.containermanager:unspecified] Requesting disk usage; class = 1, identifier = com.DefaultCompany.NeonDrift.run.1782480634.15608
2026-06-26 21:31:49.701 Df installd[26514:858947] [com.apple.containermanager:query] Query; euid = 501, uid = 501, class = 7, identifier = [com.DefaultCompany.NeonDrift.run.1782480634.15608](1), flags = 300000001
2026-06-26 21:31:49.701 Df SpringBoard[13125:4bdd22] [com.apple.SpringBoard:Common] termination assertion released for com.DefaultCompany.NeonDrift.run.1782480634.15608
2026-06-26 21:31:49.704 Df installd[26514:858947] (MobileSystemServices) 0x16bdb3000 -[MILaunchServicesOperationManager _onQueue_addPendingLaunchServicesOperation:error:]: Added pending LS operation <MILaunchServicesRegisterOperation: 22AF390A-922A-4804-99A6-3E1F6843FA21:84 com.DefaultCompany.NeonDrift.run.1782480634.15608/MIInstallationDomainSystemShared personas:[com.apple.containermanager.primary-persona]>
2026-06-26 21:31:49.705 Df lsd[13177:8589b2] [com.apple.launchservices:appinstallation] Post installation registration: request to register com.DefaultCompany.NeonDrift.run.1782480634.15608, operation 22AF390A-922A-4804-99A6-3E1F6843FA21, from pid 26514
2026-06-26 21:31:49.705 Df lsd[13177:8589b2] [com.apple.appinstallation:TransactionLog] com.DefaultCompany.NeonDrift.run.1782480634.15608/Unknown Persona:5:4:1:1:Registering bundles via registrant - start
2026-06-26 21:31:49.707 Df lsd[13177:8589b2] [com.apple.appinstallation:TransactionLog] com.DefaultCompany.NeonDrift.run.1782480634.15608/Unknown Persona:5:5:1:1:Building bundle record for app
2026-06-26 21:31:49.707 Df lsd[13177:8589b2] [com.apple.launchservices:appinstallation] Removed existing registered placeholder for com.DefaultCompany.NeonDrift.run.1782480634.15608
2026-06-26 21:31:49.707 Df lsd[13177:8589b2] [com.apple.launchservices:appinstallation] Removed existing registered bundle for com.DefaultCompany.NeonDrift.run.1782480634.15608
2026-06-26 21:31:49.707 Df lsd[13177:8589b2] [com.apple.appinstallation:TransactionLog] com.DefaultCompany.NeonDrift.run.1782480634.15608/Unknown Persona:5:5:2:1:Built bundle record for app
2026-06-26 21:31:49.707 Df lsd[13177:8589b2] [com.apple.launchservices:icons] clearAlternateNameForBundleIdentifier: won't clear for com.DefaultCompany.NeonDrift.run.1782480634.15608
2026-06-26 21:31:49.708 Df lsd[13177:8589b2] [com.apple.appinstallation:TransactionLog] com.DefaultCompany.NeonDrift.run.1782480634.15608/Unknown Persona:5:4:2:1:Registered bundle status = success
2026-06-26 21:31:49.708 Df lsd[13177:8589b2] [com.apple.appinstallation:TransactionLog] com.DefaultCompany.NeonDrift.run.1782480634.15608/Unknown Persona:5:4:2:1:Finished registering com.DefaultCompany.NeonDrift.run.1782480634.15608, bundle unit 6f4
2026-06-26 21:31:49.708 Df lsd[13177:8589b2] [com.apple.launchservices:progress] Installation ended for com.DefaultCompany.NeonDrift.run.1782480634.15608 with state 5
2026-06-26 21:31:49.708 Df lsd[13177:8589b2] [com.apple.launchservices:progress] Discarding proportions for com.DefaultCompany.NeonDrift.run.1782480634.15608
2026-06-26 21:31:49.708 Df lsd[13177:8592eb] [com.apple.launchservices:progress] Sending applicationsDidInstall: for (
    "<LSApplicationProxy: 0x1057d8000> com.DefaultCompany.NeonDrift.run.1782480634.15608 file:///Users/dragonkao/Library/Developer/CoreSimulator/Devices/115FDF0C-5A2F-4686-909B-7F43F1450A28/data/Containers/Bundle/Application/455FE24B-6B53-4891-A634-06C09E092856/NeonDrift.run.1782480634.15608.app/ <com.DefaultCompany.NeonDrift.run.1782480634.15608 <installed >:0>"
)
2026-06-26 21:31:49.708 Df liveactivitiesd[26558:763bd7] [com.apple.launchservices:progress] Unpublishing progress block called for app com.DefaultCompany.NeonDrift.run.1782480634.15608
2026-06-26 21:31:49.708 Df liveactivitiesd[26558:85931c] [com.apple.launchservices:progress] #LSInstallProgressList remove subscriber: <_NSProgressSubscriber: 0x105bec690> publishingString: com.DefaultCompany.NeonDrift.run.1782480634.15608
2026-06-26 21:31:49.709 Df installd[26514:858947] (MobileSystemServices) 0x16bdb3000 -[MIJournal purgeJournalEntry:withError:]: Removing journal entry <MIInstallationJournalEntry<0x1050b0960> [com.DefaultCompany.NeonDrift.run.1782480634.15608/com.apple.containermanager.primary-persona/[system-defined]]/MIInstallationDomainSystemShared op:1 phase:JournalPhaseDidRegisterWithLS version:0>
2026-06-26 21:31:49.709 Df SpringBoard[13125:4bdd22] [com.apple.launchservices:progress] Unpublishing progress block called for app com.DefaultCompany.NeonDrift.run.1782480634.15608
2026-06-26 21:31:49.709 Df appstored[13277:859336] [com.apple.launchservices:appinstallation] Received applicationsDidInstall:(
    "<LSApplicationProxy: 0x1027f0000> com.DefaultCompany.NeonDrift.run.1782480634.15608 file:///Users/dragonkao/Library/Developer/CoreSimulator/Devices/115FDF0C-5A2F-4686-909B-7F43F1450A28/data/Containers/Bundle/Application/455FE24B-6B53-4891-A634-06C09E092856/NeonDrift.run.1782480634.15608.app/ <com.DefaultCompany.NeonDrift.run.1782480634.15608 <installed >:0>"
)
2026-06-26 21:31:49.709 Df SpringBoard[13125:8592f1] [com.apple.launchservices:progress] #LSInstallProgressList remove subscriber: <_NSProgressSubscriber: 0x12ebbd1a0> publishingString: com.DefaultCompany.NeonDrift.run.1782480634.15608
2026-06-26 21:31:49.709 Df healthappd[13951:859311] [com.apple.launchservices:appinstallation] Received applicationsDidInstall:(
    "<LSApplicationProxy: 0x10f89c780> com.DefaultCompany.NeonDrift.run.1782480634.15608 file:///Users/dragonkao/Library/Developer/CoreSimulator/Devices/115FDF0C-5A2F-4686-909B-7F43F1450A28/data/Containers/Bundle/Application/455FE24B-6B53-4891-A634-06C09E092856/NeonDrift.run.1782480634.15608.app/ <com.DefaultCompany.NeonDrift.run.1782480634.15608 <installed >:0>"
)
2026-06-26 21:31:49.709 Df runningboardd[13128:858a02] [com.apple.launchservices:appinstallation] Received applicationsDidInstall:(
    "<LSApplicationProxy: 0x10119c000> com.DefaultCompany.NeonDrift.run.1782480634.15608 file:///Users/dragonkao/Library/Developer/CoreSimulator/Devices/115FDF0C-5A2F-4686-909B-7F43F1450A28/data/Containers/Bundle/Application/455FE24B-6B53-4891-A634-06C09E092856/NeonDrift.run.1782480634.15608.app/ <com.DefaultCompany.NeonDrift.run.1782480634.15608 <installed >:0>"
)
2026-06-26 21:31:49.710 Df installd[26514:858947] [com.apple.appinstallation:TransactionLog] com.DefaultCompany.NeonDrift.run.1782480634.15608/com.apple.containermanager.primary-persona:7:1:2:1:Success (End) : Install (Patch Update)
2026-06-26 21:31:49.710 Df healthd[13135:8589b7] [com.apple.launchservices:appinstallation] Received applicationsDidInstall:(
    "<LSApplicationProxy: 0x101a94d80> com.DefaultCompany.NeonDrift.run.1782480634.15608 file:///Users/dragonkao/Library/Developer/CoreSimulator/Devices/115FDF0C-5A2F-4686-909B-7F43F1450A28/data/Containers/Bundle/Application/455FE24B-6B53-4891-A634-06C09E092856/NeonDrift.run.1782480634.15608.app/ <com.DefaultCompany.NeonDrift.run.1782480634.15608 <installed >:0>"
)
2026-06-26 21:31:49.710 Df SpringBoard[13125:859353] [com.apple.launchservices:appinstallation] Received applicationsDidInstall:(
    "<LSApplicationProxy: 0x12aaa33c0> com.DefaultCompany.NeonDrift.run.1782480634.15608 file:///Users/dragonkao/Library/Developer/CoreSimulator/Devices/115FDF0C-5A2F-4686-909B-7F43F1450A28/data/Containers/Bundle/Application/455FE24B-6B53-4891-A634-06C09E092856/NeonDrift.run.1782480634.15608.app/ <com.DefaultCompany.NeonDrift.run.1782480634.15608 <installed >:0>"
)
2026-06-26 21:31:49.710 Df installd[26514:858947] (MobileSystemServices) 0x16bdb3000 -[MIInstaller _logOperationCompletionWithStartTime:distributorID:]: Install successful for (Developer:com.DefaultCompany.NeonDrift.run.1782480634.15608) [Distributor: (null)]; Staging: 0.00s; Waiting: 0.00s; Preflight/Patch: 0.02s, Verifying: 0.00s; Overall: 0.06s
2026-06-26 21:31:49.710 Df webbookmarksd[13224:859313] [com.apple.launchservices:appinstallation] Received applicationsDidInstall:(
    "<LSApplicationProxy: 0x101dec000> com.DefaultCompany.NeonDrift.run.1782480634.15608 file:///Users/dragonkao/Library/Developer/CoreSimulator/Devices/115FDF0C-5A2F-4686-909B-7F43F1450A28/data/Containers/Bundle/Application/455FE24B-6B53-4891-A634-06C09E092856/NeonDrift.run.1782480634.15608.app/ <com.DefaultCompany.NeonDrift.run.1782480634.15608 <installed >:0>"
)
2026-06-26 21:31:49.710 Df financed[13231:853f13] [com.apple.launchservices:appinstallation] Received applicationsDidInstall:(
    "<LSApplicationProxy: 0x1079fb6c0> com.DefaultCompany.NeonDrift.run.1782480634.15608 file:///Users/dragonkao/Library/Developer/CoreSimulator/Devices/115FDF0C-5A2F-4686-909B-7F43F1450A28/data/Containers/Bundle/Application/455FE24B-6B53-4891-A634-06C09E092856/NeonDrift.run.1782480634.15608.app/ <com.DefaultCompany.NeonDrift.run.1782480634.15608 <installed >:0>"
)
2026-06-26 21:31:49.710 Df gamed[13228:853eb1] [com.apple.launchservices:appinstallation] Received applicationsDidInstall:(
    "<LSApplicationProxy: 0x101f2c0c0> com.DefaultCompany.NeonDrift.run.1782480634.15608 file:///Users/dragonkao/Library/Developer/CoreSimulator/Devices/115FDF0C-5A2F-4686-909B-7F43F1450A28/data/Containers/Bundle/Application/455FE24B-6B53-4891-A634-06C09E092856/NeonDrift.run.1782480634.15608.app/ <com.DefaultCompany.NeonDrift.run.1782480634.15608 <installed >:0>"
)
2026-06-26 21:31:49.710 Df locationd[13150:8572d8] [com.apple.launchservices:appinstallation] Received applicationsDidInstall:(
    "<LSApplicationProxy: 0x103b9c6c0> com.DefaultCompany.NeonDrift.run.1782480634.15608 file:///Users/dragonkao/Library/Developer/CoreSimulator/Devices/115FDF0C-5A2F-4686-909B-7F43F1450A28/data/Containers/Bundle/Application/455FE24B-6B53-4891-A634-06C09E092856/NeonDrift.run.1782480634.15608.app/ <com.DefaultCompany.NeonDrift.run.1782480634.15608 <installed >:0>"
)
2026-06-26 21:31:49.710 Df appstored[13277:859336] [com.apple.appinstallation:TransactionLog] com.DefaultCompany.NeonDrift.run.1782480634.15608/Unknown Persona:5:8:3:1:applicationsDidInstall <LSApplicationProxy: 0x1027f00c0> com.DefaultCompany.NeonDrift.run.1782480634.15608 file:///Users/dragonkao/Library/Developer/CoreSimulator/Devices/115FDF0C-5A2F-4686-909B-7F43F1450A28/data/Containers/Bundle/Application/455FE24B-6B53-4891-A634-06C09E092856/NeonDrift.run.1782480634.15608.app/ <com.DefaultCompany.NeonDrift.run.1782480634.15608 <installed >:0>
2026-06-26 21:31:49.711 Df clipserviced[26555:763bf2] [com.apple.launchservices:appinstallation] Received applicationsDidInstall:(
    "<LSApplicationProxy: 0x1035a8000> com.DefaultCompany.NeonDrift.run.1782480634.15608 file:///Users/dragonkao/Library/Developer/CoreSimulator/Devices/115FDF0C-5A2F-4686-909B-7F43F1450A28/data/Containers/Bundle/Application/455FE24B-6B53-4891-A634-06C09E092856/NeonDrift.run.1782480634.15608.app/ <com.DefaultCompany.NeonDrift.run.1782480634.15608 <installed >:0>"
)
2026-06-26 21:31:49.711 Df healthappd[13951:859311] [com.apple.appinstallation:TransactionLog] com.DefaultCompany.NeonDrift.run.1782480634.15608/Unknown Persona:5:8:3:1:applicationsDidInstall <LSApplicationProxy: 0x10f89df80> com.DefaultCompany.NeonDrift.run.1782480634.15608 file:///Users/dragonkao/Library/Developer/CoreSimulator/Devices/115FDF0C-5A2F-4686-909B-7F43F1450A28/data/Containers/Bundle/Application/455FE24B-6B53-4891-A634-06C09E092856/NeonDrift.run.1782480634.15608.app/ <com.DefaultCompany.NeonDrift.run.1782480634.15608 <installed >:0>
2026-06-26 21:31:49.711 Df healthd[13135:8589b7] [com.apple.appinstallation:TransactionLog] com.DefaultCompany.NeonDrift.run.1782480634.15608/Unknown Persona:5:8:3:1:applicationsDidInstall <LSApplicationProxy: 0x101a952c0> com.DefaultCompany.NeonDrift.run.1782480634.15608 file:///Users/dragonkao/Library/Developer/CoreSimulator/Devices/115FDF0C-5A2F-4686-909B-7F43F1450A28/data/Containers/Bundle/Application/455FE24B-6B53-4891-A634-06C09E092856/NeonDrift.run.1782480634.15608.app/ <com.DefaultCompany.NeonDrift.run.1782480634.15608 <installed >:0>
2026-06-26 21:31:49.711 Df runningboardd[13128:858a02] [com.apple.appinstallation:TransactionLog] com.DefaultCompany.NeonDrift.run.1782480634.15608/Unknown Persona:5:8:3:1:applicationsDidInstall <LSApplicationProxy: 0x10119c0c0> com.DefaultCompany.NeonDrift.run.1782480634.15608 file:///Users/dragonkao/Library/Developer/CoreSimulator/Devices/115FDF0C-5A2F-4686-909B-7F43F1450A28/data/Containers/Bundle/Application/455FE24B-6B53-4891-A634-06C09E092856/NeonDrift.run.1782480634.15608.app/ <com.DefaultCompany.NeonDrift.run.1782480634.15608 <installed >:0>
2026-06-26 21:31:49.711 Df deviceaccessd[26574:859318] [com.apple.launchservices:appinstallation] Received applicationsDidInstall:(
    "<LSApplicationProxy: 0x106170600> com.DefaultCompany.NeonDrift.run.1782480634.15608 file:///Users/dragonkao/Library/Developer/CoreSimulator/Devices/115FDF0C-5A2F-4686-909B-7F43F1450A28/data/Containers/Bundle/Application/455FE24B-6B53-4891-A634-06C09E092856/NeonDrift.run.1782480634.15608.app/ <com.DefaultCompany.NeonDrift.run.1782480634.15608 <installed >:0>"
)
2026-06-26 21:31:49.712 Df callservicesd[13196:859316] [com.apple.launchservices:appinstallation] Received applicationsDidInstall:(
    "<LSApplicationProxy: 0x106e7d140> com.DefaultCompany.NeonDrift.run.1782480634.15608 file:///Users/dragonkao/Library/Developer/CoreSimulator/Devices/115FDF0C-5A2F-4686-909B-7F43F1450A28/data/Containers/Bundle/Application/455FE24B-6B53-4891-A634-06C09E092856/NeonDrift.run.1782480634.15608.app/ <com.DefaultCompany.NeonDrift.run.1782480634.15608 <installed >:0>"
)
2026-06-26 21:31:49.712 Df profiled[26569:8589bb] [com.apple.launchservices:appinstallation] Received applicationsDidInstall:(
    "<LSApplicationProxy: 0x1067d0000> com.DefaultCompany.NeonDrift.run.1782480634.15608 file:///Users/dragonkao/Library/Developer/CoreSimulator/Devices/115FDF0C-5A2F-4686-909B-7F43F1450A28/data/Containers/Bundle/Application/455FE24B-6B53-4891-A634-06C09E092856/NeonDrift.run.1782480634.15608.app/ <com.DefaultCompany.NeonDrift.run.1782480634.15608 <installed >:0>"
)
2026-06-26 21:31:49.712 Df locationd[13150:8572d8] [com.apple.appinstallation:TransactionLog] com.DefaultCompany.NeonDrift.run.1782480634.15608/Unknown Persona:5:8:3:1:applicationsDidInstall <LSApplicationProxy: 0x103b9c780> com.DefaultCompany.NeonDrift.run.1782480634.15608 file:///Users/dragonkao/Library/Developer/CoreSimulator/Devices/115FDF0C-5A2F-4686-909B-7F43F1450A28/data/Containers/Bundle/Application/455FE24B-6B53-4891-A634-06C09E092856/NeonDrift.run.1782480634.15608.app/ <com.DefaultCompany.NeonDrift.run.1782480634.15608 <installed >:0>
2026-06-26 21:31:49.712 Df lsd[13177:8592eb] [com.apple.launchservices:progress] Sent distributed notification com.apple.LaunchServices.applicationRegistered with payload {
    bundleIDs =     (
        "com.DefaultCompany.NeonDrift.run.1782480634.15608"
    );
    isPlaceholder = 0;
}
2026-06-26 21:31:49.712 Df locationd[13150:8572d8] [com.apple.locationd.Core:Core] {"msg":"#Warning #ClientResolution the passed keyPath is not registered. Resolving to #nullCKP", "InputCKP":icom.DefaultCompany.NeonDrift.run.1782480634.15608:}
2026-06-26 21:31:49.712 Df locationd[13150:8572d8] [com.apple.locationd.Core:Core] {"msg":"AppMonitor - application (un)installation notification", "notification":Installation, "BundleId":com.DefaultCompany.NeonDrift.run.1782480634.15608, "BundlePath":/Users/dragonkao/Library/Developer/CoreSimulator/Devices/115FDF0C-5A2F-4686-909B-7F43F1450A28/data/Containers/Bundle/Application/455FE24B-6B53-4891-A634-06C09E092856/NeonDrift.run.1782480634.15608.app, "ExecutablePath":/Users/dragonkao/Library/Developer/CoreSimulator/Devices/115FDF0C-5A2F-4686-909B-7F43F1450A28/data/Containers/Bundle/Application/455FE24B-6B53-4891-A634-06C09E092856/NeonDrift.run.1782480634.15608.app/NeonDrift.run.1782480634.15608}
2026-06-26 21:31:49.712 Df liveactivitiesd[26558:85931c] [com.apple.launchservices:appinstallation] Received applicationsDidInstall:(
    "<LSApplicationProxy: 0x105a85a40> com.DefaultCompany.NeonDrift.run.1782480634.15608 file:///Users/dragonkao/Library/Developer/CoreSimulator/Devices/115FDF0C-5A2F-4686-909B-7F43F1450A28/data/Containers/Bundle/Application/455FE24B-6B53-4891-A634-06C09E092856/NeonDrift.run.1782480634.15608.app/ <com.DefaultCompany.NeonDrift.run.1782480634.15608 <installed >:0>"
)
2026-06-26 21:31:49.712 Df webbookmarksd[13224:859313] [com.apple.appinstallation:TransactionLog] com.DefaultCompany.NeonDrift.run.1782480634.15608/Unknown Persona:5:8:3:1:applicationsDidInstall <LSApplicationProxy: 0x101dec0c0> com.DefaultCompany.NeonDrift.run.1782480634.15608 file:///Users/dragonkao/Library/Developer/CoreSimulator/Devices/115FDF0C-5A2F-4686-909B-7F43F1450A28/data/Containers/Bundle/Application/455FE24B-6B53-4891-A634-06C09E092856/NeonDrift.run.1782480634.15608.app/ <com.DefaultCompany.NeonDrift.run.1782480634.15608 <installed >:0>
2026-06-26 21:31:49.712 Df mobiletimerd[84688:859071] [com.apple.launchservices:appinstallation] Received applicationsDidInstall:(
    "<LSApplicationProxy: 0x1016346c0> com.DefaultCompany.NeonDrift.run.1782480634.15608 file:///Users/dragonkao/Library/Developer/CoreSimulator/Devices/115FDF0C-5A2F-4686-909B-7F43F1450A28/data/Containers/Bundle/Application/455FE24B-6B53-4891-A634-06C09E092856/NeonDrift.run.1782480634.15608.app/ <com.DefaultCompany.NeonDrift.run.1782480634.15608 <installed >:0>"
)
2026-06-26 21:31:49.712 Df financed[13231:853f13] [com.apple.appinstallation:TransactionLog] com.DefaultCompany.NeonDrift.run.1782480634.15608/Unknown Persona:5:8:3:1:applicationsDidInstall <LSApplicationProxy: 0x1079fb780> com.DefaultCompany.NeonDrift.run.1782480634.15608 file:///Users/dragonkao/Library/Developer/CoreSimulator/Devices/115FDF0C-5A2F-4686-909B-7F43F1450A28/data/Containers/Bundle/Application/455FE24B-6B53-4891-A634-06C09E092856/NeonDrift.run.1782480634.15608.app/ <com.DefaultCompany.NeonDrift.run.1782480634.15608 <installed >:0>
2026-06-26 21:31:49.712 Df sleepd[13153:85931d] [com.apple.launchservices:appinstallation] Received applicationsDidInstall:(
    "<LSApplicationProxy: 0x103a603c0> com.DefaultCompany.NeonDrift.run.1782480634.15608 file:///Users/dragonkao/Library/Developer/CoreSimulator/Devices/115FDF0C-5A2F-4686-909B-7F43F1450A28/data/Containers/Bundle/Application/455FE24B-6B53-4891-A634-06C09E092856/NeonDrift.run.1782480634.15608.app/ <com.DefaultCompany.NeonDrift.run.1782480634.15608 <installed >:0>"
)
2026-06-26 21:31:49.713 Df gamed[13228:853eb1] [com.apple.appinstallation:TransactionLog] com.DefaultCompany.NeonDrift.run.1782480634.15608/Unknown Persona:5:8:3:1:applicationsDidInstall <LSApplicationProxy: 0x101f2c240> com.DefaultCompany.NeonDrift.run.1782480634.15608 file:///Users/dragonkao/Library/Developer/CoreSimulator/Devices/115FDF0C-5A2F-4686-909B-7F43F1450A28/data/Containers/Bundle/Application/455FE24B-6B53-4891-A634-06C09E092856/NeonDrift.run.1782480634.15608.app/ <com.DefaultCompany.NeonDrift.run.1782480634.15608 <installed >:0>
2026-06-26 21:31:49.713 Df activitysharingd[13524:85931f] [com.apple.launchservices:appinstallation] Received applicationsDidInstall:(
    "<LSApplicationProxy: 0x1019bcf00> com.DefaultCompany.NeonDrift.run.1782480634.15608 file:///Users/dragonkao/Library/Developer/CoreSimulator/Devices/115FDF0C-5A2F-4686-909B-7F43F1450A28/data/Containers/Bundle/Application/455FE24B-6B53-4891-A634-06C09E092856/NeonDrift.run.1782480634.15608.app/ <com.DefaultCompany.NeonDrift.run.1782480634.15608 <installed >:0>"
)
2026-06-26 21:31:49.713 Df activityawardsd[13316:858966] [com.apple.launchservices:appinstallation] Received applicationsDidInstall:(
    "<LSApplicationProxy: 0x10192ca80> com.DefaultCompany.NeonDrift.run.1782480634.15608 file:///Users/dragonkao/Library/Developer/CoreSimulator/Devices/115FDF0C-5A2F-4686-909B-7F43F1450A28/data/Containers/Bundle/Application/455FE24B-6B53-4891-A634-06C09E092856/NeonDrift.run.1782480634.15608.app/ <com.DefaultCompany.NeonDrift.run.1782480634.15608 <installed >:0>"
)
2026-06-26 21:31:49.713 Df donotdisturbd[13175:8589b8] [com.apple.launchservices:appinstallation] Received applicationsDidInstall:(
    "<LSApplicationProxy: 0x1041e0f00> com.DefaultCompany.NeonDrift.run.1782480634.15608 file:///Users/dragonkao/Library/Developer/CoreSimulator/Devices/115FDF0C-5A2F-4686-909B-7F43F1450A28/data/Containers/Bundle/Application/455FE24B-6B53-4891-A634-06C09E092856/NeonDrift.run.1782480634.15608.app/ <com.DefaultCompany.NeonDrift.run.1782480634.15608 <installed >:0>"
)
2026-06-26 21:31:49.713 Df routined[13133:85931e] [com.apple.launchservices:appinstallation] Received applicationsDidInstall:(
    "<LSApplicationProxy: 0x1091609c0> com.DefaultCompany.NeonDrift.run.1782480634.15608 file:///Users/dragonkao/Library/Developer/CoreSimulator/Devices/115FDF0C-5A2F-4686-909B-7F43F1450A28/data/Containers/Bundle/Application/455FE24B-6B53-4891-A634-06C09E092856/NeonDrift.run.1782480634.15608.app/ <com.DefaultCompany.NeonDrift.run.1782480634.15608 <installed >:0>"
)
2026-06-26 21:31:49.713 Df nsurlsessiond[13176:8592b9] [com.apple.launchservices:appinstallation] Received applicationsDidInstall:(
    "<LSApplicationProxy: 0x10365f840> com.DefaultCompany.NeonDrift.run.1782480634.15608 file:///Users/dragonkao/Library/Developer/CoreSimulator/Devices/115FDF0C-5A2F-4686-909B-7F43F1450A28/data/Containers/Bundle/Application/455FE24B-6B53-4891-A634-06C09E092856/NeonDrift.run.1782480634.15608.app/ <com.DefaultCompany.NeonDrift.run.1782480634.15608 <installed >:0>"
)
2026-06-26 21:31:49.713 Df clipserviced[26555:763bf2] [com.apple.appinstallation:TransactionLog] com.DefaultCompany.NeonDrift.run.1782480634.15608/Unknown Persona:5:8:3:1:applicationsDidInstall <LSApplicationProxy: 0x1035a80c0> com.DefaultCompany.NeonDrift.run.1782480634.15608 file:///Users/dragonkao/Library/Developer/CoreSimulator/Devices/115FDF0C-5A2F-4686-909B-7F43F1450A28/data/Containers/Bundle/Application/455FE24B-6B53-4891-A634-06C09E092856/NeonDrift.run.1782480634.15608.app/ <com.DefaultCompany.NeonDrift.run.1782480634.15608 <installed >:0>
2026-06-26 21:31:49.714 Df clipserviced[26555:77e9b0] [com.apple.ClipServices:ClipServices] CPSClipCleanupManager: Detected installation of new app (com.DefaultCompany.NeonDrift.run.1782480634.15608)
2026-06-26 21:31:49.714 Df SpringBoard[13125:859353] [com.apple.appinstallation:TransactionLog] com.DefaultCompany.NeonDrift.run.1782480634.15608/Unknown Persona:5:8:3:1:applicationsDidInstall <LSApplicationProxy: 0x12aaa36c0> com.DefaultCompany.NeonDrift.run.1782480634.15608 file:///Users/dragonkao/Library/Developer/CoreSimulator/Devices/115FDF0C-5A2F-4686-909B-7F43F1450A28/data/Containers/Bundle/Application/455FE24B-6B53-4891-A634-06C09E092856/NeonDrift.run.1782480634.15608.app/ <com.DefaultCompany.NeonDrift.run.1782480634.15608 <installed >:0>
