2026-06-26 21:31:24.988 Df CoreSimulatorBridge[13156:853e17] [com.apple.installcoordination:framework] -[IXAppInstallCoordinator _clientDelegate_didUpdateProgress:forPhase:overallProgress:]_block_invoke: <IXInitiatingAppInstallCoordinator<0x103458300> identity:[com.DefaultCompany.NeonDrift.run.1782480634.15608/Invalid/[system-defined]] uuid:6F6869CD-3B4B-4505-A2A5-54482DB89B62 creator:InstallCoordination Simple SPI>: Calling selector coordinator:didUpdateProgress:forPhase:overallProgress: on observer <_IXSimpleInstallerDelegate 0x0x101b1b240>
2026-06-26 21:31:24.988 Df CoreSimulatorBridge[13156:853e17] [com.apple.installcoordination:framework] -[IXAppInstallCoordinator _clientDelegate_didUpdateProgress:forPhase:overallProgress:]_block_invoke: <IXInitiatingAppInstallCoordinator<0x103458300> identity:[com.DefaultCompany.NeonDrift.run.1782480634.15608/Invalid/[system-defined]] uuid:6F6869CD-3B4B-4505-A2A5-54482DB89B62 creator:InstallCoordination Simple SPI>: Calling selector coordinator:didUpdateProgress:forPhase:overallProgress: on observer <_IXSimpleInstallerDelegate 0x0x101b1b240>
2026-06-26 21:31:24.988 Df CoreSimulatorBridge[13156:853e11] [com.apple.installcoordination:framework] -[IXAppInstallCoordinator _clientDelegate_didUpdateProgress:forPhase:overallProgress:]: <IXInitiatingAppInstallCoordinator<0x103458300> identity:[com.DefaultCompany.NeonDrift.run.1782480634.15608/Invalid/[system-defined]] uuid:6F6869CD-3B4B-4505-A2A5-54482DB89B62 creator:InstallCoordination Simple SPI>: Got did update progress delegate with percentComplete 20.000000 phase IXCoordinatorProgressPhaseInstalling overallProgress 68.000000
2026-06-26 21:31:24.988 Df CoreSimulatorBridge[13156:853e11] [com.apple.installcoordination:framework] -[IXAppInstallCoordinator _clientDelegate_didUpdateProgress:forPhase:overallProgress:]_block_invoke: <IXInitiatingAppInstallCoordinator<0x103458300> identity:[com.DefaultCompany.NeonDrift.run.1782480634.15608/Invalid/[system-defined]] uuid:6F6869CD-3B4B-4505-A2A5-54482DB89B62 creator:InstallCoordination Simple SPI>: Calling selector coordinator:didUpdateProgress:forPhase:overallProgress: on observer <_IXSimpleInstallerDelegate 0x0x101b1b240>
2026-06-26 21:31:24.990 Df installd[26514:853e5e] [com.apple.containermanager:xpc] Query; euid = 501, uid = 501, class = 1, identifier = [com.DefaultCompany.NeonDrift.run.1782480634.15608](1), flags = 300000002
2026-06-26 21:31:24.991 Df installd[26514:853e5e] [com.apple.containermanager:xpc] Query; euid = 501, uid = 501, class = 1, identifier = [com.DefaultCompany.NeonDrift.run.1782480634.15608](1), flags = 300000002
2026-06-26 21:31:24.992 Df appprotectiond[26556:853ee1] [com.apple.appprotection:server] received note: name = com.apple.LaunchServices.applicationRegistered, object = Optional(AppProtection.DistnotedXPCEventStreamTranslator), userInfo = Optional([AnyHashable("bundleIDs"): <__NSSingleObjectArrayI 0x1011e4220>(
com.DefaultCompany.NeonDrift.run.1782480634.15608
)
, AnyHashable("isPlaceholder"): 1])
2026-06-26 21:31:24.993 Df installd[26514:853e5e] [com.apple.containermanager:xpc] Query; euid = 501, uid = 501, class = 1, identifier = [com.DefaultCompany.NeonDrift.run.1782480634.15608](1), flags = 300000002
2026-06-26 21:31:24.993 Df installcoordinationd[26512:853e21] [com.apple.installcoordination:daemon] -[IXSCoordinatorProgress setTotalUnitsCompleted:]: Progress for coordinator: [com.DefaultCompany.NeonDrift.run.1782480634.15608/Invalid/[system-defined]], Phase: IXCoordinatorProgressPhaseInstalling, Percentage: 20.000000: Attempt to set units completed on finished progress: 20
2026-06-26 21:31:24.994 Df installd[26514:853e5e] [com.apple.containermanager:xpc] Query; euid = 501, uid = 501, class = 1, identifier = [com.DefaultCompany.NeonDrift.run.1782480634.15608](1), flags = 300000002
2026-06-26 21:31:24.994 Df SpringBoard[13125:4bdd22] [com.apple.appinstallation:TransactionLog] com.DefaultCompany.NeonDrift.run.1782480634.15608/Unknown Persona:10:1:3:1:Created icon for placeholder.
2026-06-26 21:31:24.994 Df SpringBoard[13125:4bdd22] [com.apple.frontboard.ApplicationLibrary:sb.placeholder] Placeholders added: (
    "<SBApplicationPlaceholder: 0x1260ad5f0; bundleIdentifier: com.DefaultCompany.NeonDrift.run.1782480634.15608; displayName: NeonDrift.run.1782480634.15608>"
), modified: (
), removed: (null)
2026-06-26 21:31:24.994 Df SpringBoard[13125:4bdd22] [com.apple.launchservices:progress] Got progress <NSProgress: com.DefaultCompany.NeonDrift.run.1782480634.15608 phase=InstallingPlaceholder; state=Finished; finalPhase=Installing; fractionCompleted=0.000000> for app com.DefaultCompany.NeonDrift.run.1782480634.15608,
2026-06-26 21:31:24.995 Df appprotectiond[26556:853ee1] [com.apple.appprotection:server] Received distnoted event <dictionary: 0x101108000> { count = 3, transaction: 0, voucher = 0x101148870, contents =
	"UserInfo" => <dictionary: 0x101035140> { count = 2, transaction: 0, voucher = 0x0, contents =
		"isPlaceholder" => <bool: 0x1e6e64540>: true
		"bundleIDs" => <array: 0x10103dcb0> { count = 1, capacity = 1, contents =
			0: <string: 0x10103df50> { string cache = 0x0, length = 49, contents = "com.DefaultCompany.NeonDrift.run.1782480634.15608" }
		}
	}
	"Name" => <string: 0x10103db30> { string cache = 0x0, length = 46, contents = "com.apple.LaunchServices.applicationRegistered" }
	"XPCEventName" => <string: 0x10103dfb0> { string cache = 0x0, length = 21, contents = "ApplicationRegistered" }
}
2026-06-26 21:31:24.995 Df SpringBoard[13125:4bdd22] [com.apple.appinstallation:TransactionLog] com.DefaultCompany.NeonDrift.run.1782480634.15608/Unknown Persona:10:2:3:1:Reloading icon image.
2026-06-26 21:31:24.996 Df SpringBoard[13125:4bdd22] [com.apple.SpringBoard:Common] termination assertion acquired for com.DefaultCompany.NeonDrift.run.1782480634.15608 (app not found)
2026-06-26 21:31:24.996 Df installd[26514:853e5e] (MobileSystemServices) 0x16bd27000 -[MIInstaller _installInstallable:containingSymlink:error:]: Installing <MIInstallableBundle ID=com.DefaultCompany.NeonDrift.run.1782480634.15608; Persona=com.apple.containermanager.primary-persona, Version=0, ShortVersion=1.0>
2026-06-26 21:31:24.996 Df installd[26514:853e5e] [com.apple.appinstallation:TransactionLog] com.DefaultCompany.NeonDrift.run.1782480634.15608/com.apple.containermanager.primary-persona:7:5:1:1:Start : Install (New)
2026-06-26 21:31:24.996 Df SpringBoard[13125:4bdd22] [com.apple.appinstallation:TransactionLog] com.DefaultCompany.NeonDrift.run.1782480634.15608/Unknown Persona:10:2:3:1:Reloading icon image.
2026-06-26 21:31:24.996 Df appprotectiond[26556:853ee1] [com.apple.appprotection:server] received note: name = com.apple.LaunchServices.applicationRegistered, object = Optional(AppProtection.DistnotedXPCEventStreamTranslator), userInfo = Optional([AnyHashable("bundleIDs"): <__NSSingleObjectArrayI 0x1011e4220>(
com.DefaultCompany.NeonDrift.run.1782480634.15608
)
, AnyHashable("isPlaceholder"): 1])
2026-06-26 21:31:24.996 Df CoreSimulatorBridge[13156:853e17] [com.apple.installcoordination:framework] -[IXAppInstallCoordinator _clientDelegate_didUpdateProgress:forPhase:overallProgress:]: <IXInitiatingAppInstallCoordinator<0x103458300> identity:[com.DefaultCompany.NeonDrift.run.1782480634.15608/Invalid/[system-defined]] uuid:6F6869CD-3B4B-4505-A2A5-54482DB89B62 creator:InstallCoordination Simple SPI>: Got did update progress delegate with percentComplete 30.000000 phase IXCoordinatorProgressPhaseInstalling overallProgress 72.000000
2026-06-26 21:31:24.997 Df CoreSimulatorBridge[13156:853e17] [com.apple.installcoordination:framework] -[IXAppInstallCoordinator _clientDelegate_didUpdateProgress:forPhase:overallProgress:]_block_invoke: <IXInitiatingAppInstallCoordinator<0x103458300> identity:[com.DefaultCompany.NeonDrift.run.1782480634.15608/Invalid/[system-defined]] uuid:6F6869CD-3B4B-4505-A2A5-54482DB89B62 creator:InstallCoordination Simple SPI>: Calling selector coordinator:didUpdateProgress:forPhase:overallProgress: on observer <_IXSimpleInstallerDelegate 0x0x101b1b240>
2026-06-26 21:31:24.997 Df appprotectiond[26556:853ee1] [com.apple.appprotection:server] processing settings authority event: SettingsAuthorityEvent.promotePreferenceFromProvisionalForApplication(com.DefaultCompany.NeonDrift.run.1782480634.15608)
2026-06-26 21:31:24.998 Df SpringBoard[13125:4bdd22] [com.apple.appinstallation:TransactionLog] com.DefaultCompany.NeonDrift.run.1782480634.15608/Unknown Persona:10:2:3:1:Reloading icon image.
2026-06-26 21:31:25.000 Df installd[26514:853e5e] [com.apple.containermanager:query] Query; euid = 501, uid = 501, class = 4, identifier = [com.DefaultCompany.NeonDrift.run.1782480634.15608](1), flags = 300000002
2026-06-26 21:31:25.000 Df CoreSimulatorBridge[13156:853e11] [com.apple.installcoordination:framework] -[IXAppInstallCoordinator _clientDelegate_didUpdateProgress:forPhase:overallProgress:]: <IXInitiatingAppInstallCoordinator<0x103458300> identity:[com.DefaultCompany.NeonDrift.run.1782480634.15608/Invalid/[system-defined]] uuid:6F6869CD-3B4B-4505-A2A5-54482DB89B62 creator:InstallCoordination Simple SPI>: Got did update progress delegate with percentComplete 40.000000 phase IXCoordinatorProgressPhaseInstalling overallProgress 76.000000
2026-06-26 21:31:25.001 Df CoreSimulatorBridge[13156:853e11] [com.apple.installcoordination:framework] -[IXAppInstallCoordinator _clientDelegate_didUpdateProgress:forPhase:overallProgress:]_block_invoke: <IXInitiatingAppInstallCoordinator<0x103458300> identity:[com.DefaultCompany.NeonDrift.run.1782480634.15608/Invalid/[system-defined]] uuid:6F6869CD-3B4B-4505-A2A5-54482DB89B62 creator:InstallCoordination Simple SPI>: Calling selector coordinator:didUpdateProgress:forPhase:overallProgress: on observer <_IXSimpleInstallerDelegate 0x0x101b1b240>
2026-06-26 21:31:25.001 Df siriactionsd[13192:85895a] [com.apple.shortcuts:Daemon] Dispatching XPC event: <distributed notification: com.apple.LaunchServices.applicationRegistered, userInfo: [AnyHashable("bundleIDs"): <__NSSingleObjectArrayI 0x101deb0e0>(
com.DefaultCompany.NeonDrift.run.1782480634.15608
)
, AnyHashable("isPlaceholder"): 1]>
2026-06-26 21:31:25.001 Df installd[26514:853e5e] [com.apple.containermanager:query] Query; euid = 501, uid = 501, class = 4, identifier = [com.DefaultCompany.NeonDrift.run.1782480634.15608](1), flags = 300000002
2026-06-26 21:31:25.001 Df installd[26514:853e5e] [com.apple.containermanager:xpc] Query; euid = 501, uid = 501, class = 1, identifier = [com.DefaultCompany.NeonDrift.run.1782480634.15608](1), flags = 300000003
2026-06-26 21:31:25.001 Df siriactionsd[13192:85895a] [com.apple.shortcuts:XPCEvent] Dispatching XPC event: <distributed notification: com.apple.LaunchServices.applicationRegistered, userInfo: [AnyHashable("bundleIDs"): <__NSSingleObjectArrayI 0x101deb0e0>(
com.DefaultCompany.NeonDrift.run.1782480634.15608
)
, AnyHashable("isPlaceholder"): 1]>
2026-06-26 21:31:25.001 Df CoreSimulatorBridge[13156:853e17] [com.apple.installcoordination:framework] -[IXAppInstallCoordinator _clientDelegate_didUpdateProgress:forPhase:overallProgress:]: <IXInitiatingAppInstallCoordinator<0x103458300> identity:[com.DefaultCompany.NeonDrift.run.1782480634.15608/Invalid/[system-defined]] uuid:6F6869CD-3B4B-4505-A2A5-54482DB89B62 creator:InstallCoordination Simple SPI>: Got did update progress delegate with percentComplete 50.000000 phase IXCoordinatorProgressPhaseInstalling overallProgress 80.000000
2026-06-26 21:31:25.001 Df siriactionsd[13192:85895a] [com.apple.shortcuts:Daemon] Firing event: <distributed notification: com.apple.LaunchServices.applicationRegistered, userInfo: [AnyHashable("bundleIDs"): <__NSSingleObjectArrayI 0x101deb0e0>(
com.DefaultCompany.NeonDrift.run.1782480634.15608
)
, AnyHashable("isPlaceholder"): 1]>
2026-06-26 21:31:25.001 Df CoreSimulatorBridge[13156:853e17] [com.apple.installcoordination:framework] -[IXAppInstallCoordinator _clientDelegate_didUpdateProgress:forPhase:overallProgress:]_block_invoke: <IXInitiatingAppInstallCoordinator<0x103458300> identity:[com.DefaultCompany.NeonDrift.run.1782480634.15608/Invalid/[system-defined]] uuid:6F6869CD-3B4B-4505-A2A5-54482DB89B62 creator:InstallCoordination Simple SPI>: Calling selector coordinator:didUpdateProgress:forPhase:overallProgress: on observer <_IXSimpleInstallerDelegate 0x0x101b1b240>
2026-06-26 21:31:25.001 E  siriactionsd[13192:85895a] [com.apple.shortcuts:Daemon] Received an event that we do not have a DaemonTask for: <distributed notification: com.apple.LaunchServices.applicationRegistered, userInfo: [AnyHashable("bundleIDs"): <__NSSingleObjectArrayI 0x101deb0e0>(
com.DefaultCompany.NeonDrift.run.1782480634.15608
)
, AnyHashable("isPlaceholder"): 1]>. This is a serious programming error that might lead to missed messages and stuck streams.
2026-06-26 21:31:25.001 E  containermanagerd_system[13173:8534a6] [com.apple.containermanager:schema] [com.DefaultCompany.NeonDrift.run.1782480634.15608(1)] Current schema version (1) is newer than the latest (0), ignoring.
2026-06-26 21:31:25.002 Df containermanagerd_system[13173:8534a6] [com.apple.containermanager:schema] [u F5BABAF6-6E32-4646-AD5F-E8EEE68C66D2:p 152C804A-0164-444A-A408-B7E83465F7A3:c com.DefaultCompany.NeonDrift.run.1782480634.15608(1):i31209507] Successfully updated schema from (0) → (0), actions count = 0
2026-06-26 21:31:25.002 Df siriactionsd[13192:85895a] [com.apple.shortcuts:Daemon] Dispatching XPC event: <distributed notification: com.apple.LaunchServices.applicationRegistered, userInfo: [AnyHashable("bundleIDs"): <__NSSingleObjectArrayI 0x101deb0e0>(
com.DefaultCompany.NeonDrift.run.1782480634.15608
)
, AnyHashable("isPlaceholder"): 1]>
2026-06-26 21:31:25.002 Df siriactionsd[13192:85895a] [com.apple.shortcuts:XPCEvent] Dispatching XPC event: <distributed notification: com.apple.LaunchServices.applicationRegistered, userInfo: [AnyHashable("bundleIDs"): <__NSSingleObjectArrayI 0x101deb0e0>(
com.DefaultCompany.NeonDrift.run.1782480634.15608
)
, AnyHashable("isPlaceholder"): 1]>
2026-06-26 21:31:25.002 Df siriactionsd[13192:85895a] [com.apple.shortcuts:Daemon] Firing event: <distributed notification: com.apple.LaunchServices.applicationRegistered, userInfo: [AnyHashable("bundleIDs"): <__NSSingleObjectArrayI 0x101deb0e0>(
com.DefaultCompany.NeonDrift.run.1782480634.15608
)
, AnyHashable("isPlaceholder"): 1]>
2026-06-26 21:31:25.002 E  siriactionsd[13192:85895a] [com.apple.shortcuts:Daemon] Received an event that we do not have a DaemonTask for: <distributed notification: com.apple.LaunchServices.applicationRegistered, userInfo: [AnyHashable("bundleIDs"): <__NSSingleObjectArrayI 0x101deb0e0>(
com.DefaultCompany.NeonDrift.run.1782480634.15608
)
, AnyHashable("isPlaceholder"): 1]>. This is a serious programming error that might lead to missed messages and stuck streams.
2026-06-26 21:31:25.002 Df installd[26514:853e5e] [com.apple.containermanager:xpc] Query; euid = 501, uid = 501, class = 1, identifier = [com.DefaultCompany.NeonDrift.run.1782480634.15608](1), flags = 300000002
2026-06-26 21:31:25.003 Df CoreSimulatorBridge[13156:853e11] [com.apple.installcoordination:framework] -[IXAppInstallCoordinator _clientDelegate_didUpdateProgress:forPhase:overallProgress:]: <IXInitiatingAppInstallCoordinator<0x103458300> identity:[com.DefaultCompany.NeonDrift.run.1782480634.15608/Invalid/[system-defined]] uuid:6F6869CD-3B4B-4505-A2A5-54482DB89B62 creator:InstallCoordination Simple SPI>: Got did update progress delegate with percentComplete 60.000000 phase IXCoordinatorProgressPhaseInstalling overallProgress 84.000000
2026-06-26 21:31:25.003 Df CoreSimulatorBridge[13156:853e11] [com.apple.installcoordination:framework] -[IXAppInstallCoordinator _clientDelegate_didUpdateProgress:forPhase:overallProgress:]_block_invoke: <IXInitiatingAppInstallCoordinator<0x103458300> identity:[com.DefaultCompany.NeonDrift.run.1782480634.15608/Invalid/[system-defined]] uuid:6F6869CD-3B4B-4505-A2A5-54482DB89B62 creator:InstallCoordination Simple SPI>: Calling selector coordinator:didUpdateProgress:forPhase:overallProgress: on observer <_IXSimpleInstallerDelegate 0x0x101b1b240>
2026-06-26 21:31:25.003 Df PosterBoard[13202:8589a1] [com.apple.launchservices:appinstallation] LaunchServices observer: InstallsStarted (
    "<LSApplicationProxy: 0x10626e940> com.DefaultCompany.NeonDrift.run.1782480634.15608 file:///Users/dragonkao/Library/Developer/CoreSimulator/Devices/115FDF0C-5A2F-4686-909B-7F43F1450A28/data/Containers/Bundle/Application/E8B8DBFE-0A0D-48D1-BF25-31BCE08B9122/NeonDrift.run.1782480634.15608.app/ <com.DefaultCompany.NeonDrift.run.1782480634.15608 <placeholder >:1>"
)
2026-06-26 21:31:25.003 Df PosterBoard[13202:8589a1] [com.apple.launchservices:appinstallation] LaunchServices observer: MetadataUpdate (
    "com.DefaultCompany.NeonDrift.run.1782480634.15608"
)
2026-06-26 21:31:25.004 Df PosterBoard[13202:8589a1] [com.apple.launchservices:appinstallation] LaunchServices observer: InstallsStarted (
    "<LSApplicationProxy: 0x10626cb40> com.DefaultCompany.NeonDrift.run.1782480634.15608 file:///Users/dragonkao/Library/Developer/CoreSimulator/Devices/115FDF0C-5A2F-4686-909B-7F43F1450A28/data/Containers/Bundle/Application/E8B8DBFE-0A0D-48D1-BF25-31BCE08B9122/NeonDrift.run.1782480634.15608.app/ <com.DefaultCompany.NeonDrift.run.1782480634.15608 <placeholder >:1>"
)
2026-06-26 21:31:25.004 Df appprotectiond[26556:853ee1] [com.apple.appprotection:server] processing settings authority event: SettingsAuthorityEvent.promotePreferenceFromProvisionalForApplication(com.DefaultCompany.NeonDrift.run.1782480634.15608)
2026-06-26 21:31:25.004 Df installd[26514:853e5e] [com.apple.containermanager:query] Query; euid = 501, uid = 501, class = 2, identifier = [com.DefaultCompany.NeonDrift.run.1782480634.15608](1), flags = 300000003
2026-06-26 21:31:25.004 Df CoreSimulatorBridge[13156:853e17] [com.apple.installcoordination:framework] -[IXAppInstallCoordinator _clientDelegate_didUpdateProgress:forPhase:overallProgress:]: <IXInitiatingAppInstallCoordinator<0x103458300> identity:[com.DefaultCompany.NeonDrift.run.1782480634.15608/Invalid/[system-defined]] uuid:6F6869CD-3B4B-4505-A2A5-54482DB89B62 creator:InstallCoordination Simple SPI>: Got did update progress delegate with percentComplete 70.000000 phase IXCoordinatorProgressPhaseInstalling overallProgress 88.000000
2026-06-26 21:31:25.004 Df CoreSimulatorBridge[13156:853e17] [com.apple.installcoordination:framework] -[IXAppInstallCoordinator _clientDelegate_didUpdateProgress:forPhase:overallProgress:]_block_invoke: <IXInitiatingAppInstallCoordinator<0x103458300> identity:[com.DefaultCompany.NeonDrift.run.1782480634.15608/Invalid/[system-defined]] uuid:6F6869CD-3B4B-4505-A2A5-54482DB89B62 creator:InstallCoordination Simple SPI>: Calling selector coordinator:didUpdateProgress:forPhase:overallProgress: on observer <_IXSimpleInstallerDelegate 0x0x101b1b240>
2026-06-26 21:31:25.005 Df installd[26514:853e5e] [com.apple.containermanager:query] Query; euid = 501, uid = 501, class = 2, identifier = [com.DefaultCompany.NeonDrift.run.1782480634.15608](1), flags = 300000002
2026-06-26 21:31:25.006 Df liveactivitiesd[26558:763bd7] [com.apple.launchservices:progress] Got progress <NSProgress: com.DefaultCompany.NeonDrift.run.1782480634.15608 phase=Installing; state=Active; finalPhase=Installing; fractionCompleted=0.600000> for app com.DefaultCompany.NeonDrift.run.1782480634.15608,
2026-06-26 21:31:25.006 Df liveactivitiesd[26558:853520] [com.apple.launchservices:progress] #LSInstallProgressList add subscriber: <_NSProgressSubscriber: 0x105bec5a0> publishingString: com.DefaultCompany.NeonDrift.run.1782480634.15608
2026-06-26 21:31:25.006 Df liveactivitiesd[26558:853520] [com.apple.launchservices:progress] Subscribing to progress for app com.DefaultCompany.NeonDrift.run.1782480634.15608,
2026-06-26 21:31:25.012 Df CoreSimulatorBridge[13156:853e11] [com.apple.installcoordination:framework] -[IXAppInstallCoordinator _clientDelegate_didUpdateProgress:forPhase:overallProgress:]: <IXInitiatingAppInstallCoordinator<0x103458300> identity:[com.DefaultCompany.NeonDrift.run.1782480634.15608/Invalid/[system-defined]] uuid:6F6869CD-3B4B-4505-A2A5-54482DB89B62 creator:InstallCoordination Simple SPI>: Got did update progress delegate with percentComplete 80.000000 phase IXCoordinatorProgressPhaseInstalling overallProgress 92.000000
2026-06-26 21:31:25.013 Df CoreSimulatorBridge[13156:853e11] [com.apple.installcoordination:framework] -[IXAppInstallCoordinator _clientDelegate_didUpdateProgress:forPhase:overallProgress:]_block_invoke: <IXInitiatingAppInstallCoordinator<0x103458300> identity:[com.DefaultCompany.NeonDrift.run.1782480634.15608/Invalid/[system-defined]] uuid:6F6869CD-3B4B-4505-A2A5-54482DB89B62 creator:InstallCoordination Simple SPI>: Calling selector coordinator:didUpdateProgress:forPhase:overallProgress: on observer <_IXSimpleInstallerDelegate 0x0x101b1b240>
2026-06-26 21:31:25.013 Df installd[26514:853e5e] (MobileSystemServices) 0x16bd27000 -[MIInstallationJournalEntry _refreshUUIDForContainer:withError:]: Data container for com.DefaultCompany.NeonDrift.run.1782480634.15608 is now at /Users/dragonkao/Library/Developer/CoreSimulator/Devices/115FDF0C-5A2F-4686-909B-7F43F1450A28/data/Containers/Data/Application/46CCDEE7-2CB9-4DB2-8D82-1BF3D30C9240
2026-06-26 21:31:25.014 Df containermanagerd[13188:763a70] [com.apple.containermanager:schema] [u FBD9D733-C912-43D5-94A0-FF98E97D1255:p 46CCDEE7-2CB9-4DB2-8D82-1BF3D30C9240:c com.DefaultCompany.NeonDrift.run.1782480634.15608(2):i0] Successfully updated schema from (0) → (1), actions count = 6
2026-06-26 21:31:25.014 Df installd[26514:853e5e] [com.apple.containermanager:unspecified] Replace; old = [app:com.DefaultCompany.NeonDrift.run.1782480634.15608:501::(FCB7A215-2946-4FDB-BC3A-1E112B9FADB4)], new = [temp-app:com.DefaultCompany.NeonDrift.run.1782480634.15608:501::(F5BABAF6-6E32-4646-AD5F-E8EEE68C66D2)]
2026-06-26 21:31:25.017 Df installd[26514:853e5e] [com.apple.containermanager:xpc] Query; euid = 501, uid = 501, class = 1, identifier = [com.DefaultCompany.NeonDrift.run.1782480634.15608](1), flags = 300000002
2026-06-26 21:31:25.018 Df installd[26514:853e5e] (MobileSystemServices) 0x16bd27000 -[MIContainer makeContainerLiveReplacingContainer:reason:waitForDeletion:withError:]: Made container live for com.DefaultCompany.NeonDrift.run.1782480634.15608 at /Users/dragonkao/Library/Developer/CoreSimulator/Devices/115FDF0C-5A2F-4686-909B-7F43F1450A28/data/Containers/Bundle/Application/C65348AD-C796-4CA4-8D3C-78A194B6D444
2026-06-26 21:31:25.018 Df dmd[13203:4bdf71] Received xpc stream event (distributed notification matching) with name: com.apple.LaunchServices.applicationRegistered user info: {
    bundleIDs =     (
        "com.DefaultCompany.NeonDrift.run.1782480634.15608"
    );
    isPlaceholder = 1;
}
2026-06-26 21:31:25.018 Df installd[26514:853e5e] [com.apple.containermanager:xpc] Query; euid = 501, uid = 501, class = 1, identifier = [com.DefaultCompany.NeonDrift.run.1782480634.15608](1), flags = 300000002
2026-06-26 21:31:25.020 Df CoreSimulatorBridge[13156:853e17] [com.apple.installcoordination:framework] -[IXAppInstallCoordinator _clientDelegate_didUpdateProgress:forPhase:overallProgress:]: <IXInitiatingAppInstallCoordinator<0x103458300> identity:[com.DefaultCompany.NeonDrift.run.1782480634.15608/Invalid/[system-defined]] uuid:6F6869CD-3B4B-4505-A2A5-54482DB89B62 creator:InstallCoordination Simple SPI>: Got did update progress delegate with percentComplete 90.000000 phase IXCoordinatorProgressPhaseInstalling overallProgress 96.000000
2026-06-26 21:31:25.020 Df CoreSimulatorBridge[13156:853e17] [com.apple.installcoordination:framework] -[IXAppInstallCoordinator _clientDelegate_didUpdateProgress:forPhase:overallProgress:]_block_invoke: <IXInitiatingAppInstallCoordinator<0x103458300> identity:[com.DefaultCompany.NeonDrift.run.1782480634.15608/Invalid/[system-defined]] uuid:6F6869CD-3B4B-4505-A2A5-54482DB89B62 creator:InstallCoordination Simple SPI>: Calling selector coordinator:didUpdateProgress:forPhase:overallProgress: on observer <_IXSimpleInstallerDelegate 0x0x101b1b240>
2026-06-26 21:31:25.020 Df containermanagerd[13188:763a70] [com.apple.containermanager:codesignmapping] Reconciled [com.DefaultCompany.NeonDrift.run.1782480634.15608]; old app groups: (null), new app groups: (null), old system groups: (null), new system groups: (null)
2026-06-26 21:31:25.020 Df installd[26514:853e5e] [com.apple.containermanager:unspecified] Requesting disk usage; class = 1, identifier = com.DefaultCompany.NeonDrift.run.1782480634.15608
2026-06-26 21:31:25.022 Df installd[26514:853e5e] [com.apple.containermanager:query] Query; euid = 501, uid = 501, class = 7, identifier = [com.DefaultCompany.NeonDrift.run.1782480634.15608](1), flags = 300000001
2026-06-26 21:31:25.023 Df SpringBoard[13125:4bdd22] [com.apple.SpringBoard:Common] termination assertion released for com.DefaultCompany.NeonDrift.run.1782480634.15608 (app not found)
2026-06-26 21:31:25.023 Df dmd[13203:4bdf71] Received xpc stream event (distributed notification matching) with name: com.apple.LaunchServices.applicationRegistered user info: {
    bundleIDs =     (
        "com.DefaultCompany.NeonDrift.run.1782480634.15608"
    );
    isPlaceholder = 1;
}
2026-06-26 21:31:25.025 Df installd[26514:853e5e] (MobileSystemServices) 0x16bd27000 -[MILaunchServicesOperationManager _onQueue_addPendingLaunchServicesOperation:error:]: Added pending LS operation <MILaunchServicesRegisterOperation: 9B6F7BBA-95BE-44DF-968D-F4E5B780B2CE:82 com.DefaultCompany.NeonDrift.run.1782480634.15608/MIInstallationDomainSystemShared personas:[com.apple.containermanager.primary-persona]>
2026-06-26 21:31:25.025 Df lsd[13177:858957] [com.apple.launchservices:appinstallation] Post installation registration: request to register com.DefaultCompany.NeonDrift.run.1782480634.15608, operation 9B6F7BBA-95BE-44DF-968D-F4E5B780B2CE, from pid 26514
2026-06-26 21:31:25.026 Df lsd[13177:858957] [com.apple.appinstallation:TransactionLog] com.DefaultCompany.NeonDrift.run.1782480634.15608/Unknown Persona:5:4:1:1:Registering bundles via registrant - start
2026-06-26 21:31:25.029 Df lsd[13177:858957] [com.apple.appinstallation:TransactionLog] com.DefaultCompany.NeonDrift.run.1782480634.15608/Unknown Persona:5:5:1:1:Building bundle record for app
2026-06-26 21:31:25.029 Df lsd[13177:858957] [com.apple.launchservices:appinstallation] Removed existing registered placeholder for com.DefaultCompany.NeonDrift.run.1782480634.15608
2026-06-26 21:31:25.029 Df lsd[13177:858957] [com.apple.appinstallation:TransactionLog] com.DefaultCompany.NeonDrift.run.1782480634.15608/Unknown Persona:5:5:2:1:Built bundle record for app
2026-06-26 21:31:25.032 Df lsd[13177:858957] [com.apple.launchservices:icons] clearAlternateNameForBundleIdentifier: won't clear for com.DefaultCompany.NeonDrift.run.1782480634.15608
2026-06-26 21:31:25.032 Df lsd[13177:858957] [com.apple.appinstallation:TransactionLog] com.DefaultCompany.NeonDrift.run.1782480634.15608/Unknown Persona:5:4:2:1:Registered bundle status = success
2026-06-26 21:31:25.032 Df lsd[13177:858957] [com.apple.appinstallation:TransactionLog] com.DefaultCompany.NeonDrift.run.1782480634.15608/Unknown Persona:5:4:2:1:Finished registering com.DefaultCompany.NeonDrift.run.1782480634.15608, bundle unit 6ec
2026-06-26 21:31:25.034 Df lsd[13177:858974] [com.apple.launchservices:progress] Installation ended for com.DefaultCompany.NeonDrift.run.1782480634.15608 with state 5
2026-06-26 21:31:25.034 Df lsd[13177:858974] [com.apple.launchservices:progress] Discarding proportions for com.DefaultCompany.NeonDrift.run.1782480634.15608
2026-06-26 21:31:25.035 Df liveactivitiesd[26558:763bd7] [com.apple.launchservices:progress] Unpublishing progress block called for app com.DefaultCompany.NeonDrift.run.1782480634.15608
2026-06-26 21:31:25.036 Df installd[26514:853e5e] (MobileSystemServices) 0x16bd27000 -[MIJournal purgeJournalEntry:withError:]: Removing journal entry <MIInstallationJournalEntry<0x1050b06e0> [com.DefaultCompany.NeonDrift.run.1782480634.15608/com.apple.containermanager.primary-persona/[system-defined]]/MIInstallationDomainSystemShared op:1 phase:JournalPhaseDidRegisterWithLS version:0>
2026-06-26 21:31:25.036 Df liveactivitiesd[26558:853520] [com.apple.launchservices:progress] #LSInstallProgressList remove subscriber: <_NSProgressSubscriber: 0x105bec5a0> publishingString: com.DefaultCompany.NeonDrift.run.1782480634.15608
2026-06-26 21:31:25.036 Df lsd[13177:853e67] [com.apple.launchservices:progress] Sending applicationsDidInstall: for (
    "<LSApplicationProxy: 0x1057d8000> com.DefaultCompany.NeonDrift.run.1782480634.15608 file:///Users/dragonkao/Library/Developer/CoreSimulator/Devices/115FDF0C-5A2F-4686-909B-7F43F1450A28/data/Containers/Bundle/Application/C65348AD-C796-4CA4-8D3C-78A194B6D444/NeonDrift.run.1782480634.15608.app/ <com.DefaultCompany.NeonDrift.run.1782480634.15608 <installed >:0>"
)
2026-06-26 21:31:25.036 Df SpringBoard[13125:4bdd22] [com.apple.launchservices:progress] Unpublishing progress block called for app com.DefaultCompany.NeonDrift.run.1782480634.15608
2026-06-26 21:31:25.036 Df SpringBoard[13125:858999] [com.apple.launchservices:progress] #LSInstallProgressList remove subscriber: <_NSProgressSubscriber: 0x12eb1e3a0> publishingString: com.DefaultCompany.NeonDrift.run.1782480634.15608
2026-06-26 21:31:25.037 Df installd[26514:853e5e] [com.apple.appinstallation:TransactionLog] com.DefaultCompany.NeonDrift.run.1782480634.15608/com.apple.containermanager.primary-persona:7:5:2:1:Success (End) : Install (New)
2026-06-26 21:31:25.037 Df installd[26514:853e5e] (MobileSystemServices) 0x16bd27000 -[MIInstaller _logOperationCompletionWithStartTime:distributorID:]: Install successful for (Developer:com.DefaultCompany.NeonDrift.run.1782480634.15608) [Distributor: (null)]; Staging: 0.00s; Waiting: 0.00s; Preflight/Patch: 0.00s, Verifying: 0.00s; Overall: 0.05s
2026-06-26 21:31:25.037 Df appstored[13277:85895b] [com.apple.launchservices:appinstallation] Received applicationsDidInstall:(
    "<LSApplicationProxy: 0x1027f0000> com.DefaultCompany.NeonDrift.run.1782480634.15608 file:///Users/dragonkao/Library/Developer/CoreSimulator/Devices/115FDF0C-5A2F-4686-909B-7F43F1450A28/data/Containers/Bundle/Application/C65348AD-C796-4CA4-8D3C-78A194B6D444/NeonDrift.run.1782480634.15608.app/ <com.DefaultCompany.NeonDrift.run.1782480634.15608 <installed >:0>"
)
2026-06-26 21:31:25.038 Df healthappd[13951:85895c] [com.apple.launchservices:appinstallation] Received applicationsDidInstall:(
    "<LSApplicationProxy: 0x10f89c780> com.DefaultCompany.NeonDrift.run.1782480634.15608 file:///Users/dragonkao/Library/Developer/CoreSimulator/Devices/115FDF0C-5A2F-4686-909B-7F43F1450A28/data/Containers/Bundle/Application/C65348AD-C796-4CA4-8D3C-78A194B6D444/NeonDrift.run.1782480634.15608.app/ <com.DefaultCompany.NeonDrift.run.1782480634.15608 <installed >:0>"
)
2026-06-26 21:31:25.040 Df runningboardd[13128:856220] [com.apple.launchservices:appinstallation] Received applicationsDidInstall:(
    "<LSApplicationProxy: 0x10119c0c0> com.DefaultCompany.NeonDrift.run.1782480634.15608 file:///Users/dragonkao/Library/Developer/CoreSimulator/Devices/115FDF0C-5A2F-4686-909B-7F43F1450A28/data/Containers/Bundle/Application/C65348AD-C796-4CA4-8D3C-78A194B6D444/NeonDrift.run.1782480634.15608.app/ <com.DefaultCompany.NeonDrift.run.1782480634.15608 <installed >:0>"
)
2026-06-26 21:31:25.040 Df SpringBoard[13125:858999] [com.apple.launchservices:appinstallation] Received applicationsDidInstall:(
    "<LSApplicationProxy: 0x11fa77c00> com.DefaultCompany.NeonDrift.run.1782480634.15608 file:///Users/dragonkao/Library/Developer/CoreSimulator/Devices/115FDF0C-5A2F-4686-909B-7F43F1450A28/data/Containers/Bundle/Application/C65348AD-C796-4CA4-8D3C-78A194B6D444/NeonDrift.run.1782480634.15608.app/ <com.DefaultCompany.NeonDrift.run.1782480634.15608 <installed >:0>"
)
2026-06-26 21:31:25.040 Df healthd[13135:85895e] [com.apple.launchservices:appinstallation] Received applicationsDidInstall:(
    "<LSApplicationProxy: 0x101a94d80> com.DefaultCompany.NeonDrift.run.1782480634.15608 file:///Users/dragonkao/Library/Developer/CoreSimulator/Devices/115FDF0C-5A2F-4686-909B-7F43F1450A28/data/Containers/Bundle/Application/C65348AD-C796-4CA4-8D3C-78A194B6D444/NeonDrift.run.1782480634.15608.app/ <com.DefaultCompany.NeonDrift.run.1782480634.15608 <installed >:0>"
)
2026-06-26 21:31:25.040 Df installcoordinationd[26512:85893f] [com.apple.installcoordination:daemon] -[IXSPendingOperationsTracker endPendingOperationForIdentity:]_block_invoke: Ending pending operation for [com.DefaultCompany.NeonDrift.run.1782480634.15608/Invalid/[system-defined]]
2026-06-26 21:31:25.041 Df deviceaccessd[26574:858964] [com.apple.launchservices:appinstallation] Received applicationsDidInstall:(
    "<LSApplicationProxy: 0x1061706c0> com.DefaultCompany.NeonDrift.run.1782480634.15608 file:///Users/dragonkao/Library/Developer/CoreSimulator/Devices/115FDF0C-5A2F-4686-909B-7F43F1450A28/data/Containers/Bundle/Application/C65348AD-C796-4CA4-8D3C-78A194B6D444/NeonDrift.run.1782480634.15608.app/ <com.DefaultCompany.NeonDrift.run.1782480634.15608 <installed >:0>"
)
2026-06-26 21:31:25.041 Df activityawardsd[13316:84e166] [com.apple.launchservices:appinstallation] Received applicationsDidInstall:(
    "<LSApplicationProxy: 0x10192ca80> com.DefaultCompany.NeonDrift.run.1782480634.15608 file:///Users/dragonkao/Library/Developer/CoreSimulator/Devices/115FDF0C-5A2F-4686-909B-7F43F1450A28/data/Containers/Bundle/Application/C65348AD-C796-4CA4-8D3C-78A194B6D444/NeonDrift.run.1782480634.15608.app/ <com.DefaultCompany.NeonDrift.run.1782480634.15608 <installed >:0>"
)
2026-06-26 21:31:25.041 Df PosterBoard[13202:8589a1] [com.apple.launchservices:appinstallation] Received applicationsDidInstall:(
    "<LSApplicationProxy: 0x10626d2c0> com.DefaultCompany.NeonDrift.run.1782480634.15608 file:///Users/dragonkao/Library/Developer/CoreSimulator/Devices/115FDF0C-5A2F-4686-909B-7F43F1450A28/data/Containers/Bundle/Application/C65348AD-C796-4CA4-8D3C-78A194B6D444/NeonDrift.run.1782480634.15608.app/ <com.DefaultCompany.NeonDrift.run.1782480634.15608 <installed >:0>"
)
2026-06-26 21:31:25.041 Df lsd[13177:4bde02] [com.apple.launchservices:progress] unsubscribing from com.DefaultCompany.NeonDrift.run.1782480634.15608.Installing as it was unpublished
2026-06-26 21:31:25.041 Df callservicesd[13196:854ae3] [com.apple.launchservices:appinstallation] Received applicationsDidInstall:(
    "<LSApplicationProxy: 0x106e7d140> com.DefaultCompany.NeonDrift.run.1782480634.15608 file:///Users/dragonkao/Library/Developer/CoreSimulator/Devices/115FDF0C-5A2F-4686-909B-7F43F1450A28/data/Containers/Bundle/Application/C65348AD-C796-4CA4-8D3C-78A194B6D444/NeonDrift.run.1782480634.15608.app/ <com.DefaultCompany.NeonDrift.run.1782480634.15608 <installed >:0>"
)
2026-06-26 21:31:25.041 Df lsd[13177:4bde02] [com.apple.launchservices:progress] #LSInstallProgressList remove subscriber: <_NSProgressSubscriber: 0x1057c61c0> publishingString: com.DefaultCompany.NeonDrift.run.1782480634.15608.Installing
2026-06-26 21:31:25.041 Df SpringBoard[13125:858945] [com.apple.appinstallation:TransactionLog] com.DefaultCompany.NeonDrift.run.1782480634.15608/Unknown Persona:5:8:3:1:applicationsDidInstall <LSApplicationProxy: 0x11fa74780> com.DefaultCompany.NeonDrift.run.1782480634.15608 file:///Users/dragonkao/Library/Developer/CoreSimulator/Devices/115FDF0C-5A2F-4686-909B-7F43F1450A28/data/Containers/Bundle/Application/C65348AD-C796-4CA4-8D3C-78A194B6D444/NeonDrift.run.1782480634.15608.app/ <com.DefaultCompany.NeonDrift.run.1782480634.15608 <installed >:0>
2026-06-26 21:31:25.041 Df SpringBoard[13125:858945] [com.apple.frontboard.ApplicationLibrary:observer] -[FBSApplicationLibrary applicationsDidInstall:] com.DefaultCompany.NeonDrift.run.1782480634.15608
2026-06-26 21:31:25.041 Df SpringBoard[13125:858945] [com.apple.frontboard.ApplicationLibrary:default] Removed placeholder: <SBApplicationPlaceholderProxy: 0x12ebb1800; com.DefaultCompany.NeonDrift.run.1782480634.15608 (NeonDrift.run.1782480634.15608); LSInstallType: StoreDownload>
2026-06-26 21:31:25.041 Df webbookmarksd[13224:85895f] [com.apple.launchservices:appinstallation] Received applicationsDidInstall:(
    "<LSApplicationProxy: 0x101dec000> com.DefaultCompany.NeonDrift.run.1782480634.15608 file:///Users/dragonkao/Library/Developer/CoreSimulator/Devices/115FDF0C-5A2F-4686-909B-7F43F1450A28/data/Containers/Bundle/Application/C65348AD-C796-4CA4-8D3C-78A194B6D444/NeonDrift.run.1782480634.15608.app/ <com.DefaultCompany.NeonDrift.run.1782480634.15608 <installed >:0>"
)
2026-06-26 21:31:25.042 Df sleepd[13153:858969] [com.apple.launchservices:appinstallation] Received applicationsDidInstall:(
    "<LSApplicationProxy: 0x103a603c0> com.DefaultCompany.NeonDrift.run.1782480634.15608 file:///Users/dragonkao/Library/Developer/CoreSimulator/Devices/115FDF0C-5A2F-4686-909B-7F43F1450A28/data/Containers/Bundle/Application/C65348AD-C796-4CA4-8D3C-78A194B6D444/NeonDrift.run.1782480634.15608.app/ <com.DefaultCompany.NeonDrift.run.1782480634.15608 <installed >:0>"
)
2026-06-26 21:31:25.042 Df lsd[13177:853e67] [com.apple.launchservices:progress] Sent distributed notification com.apple.LaunchServices.applicationRegistered with payload {
    bundleIDs =     (
        "com.DefaultCompany.NeonDrift.run.1782480634.15608"
    );
    isPlaceholder = 0;
}
2026-06-26 21:31:25.042 Df SpringBoard[13125:858945] [com.apple.frontboard.ApplicationLibrary:default] Added application: <SBApplicationInfo: 0x1270a3300; com.DefaultCompany.NeonDrift.run.1782480634.15608 (NeonDrift.run.1782480634.15608)>
2026-06-26 21:31:25.042 Df SpringBoard[13125:858945] [com.apple.SplashBoard:FileManifest] Applications were added. Updating launch images for: (
    "com.DefaultCompany.NeonDrift.run.1782480634.15608"
)
2026-06-26 21:31:25.042 Df SpringBoard[13125:4bdd22] [com.apple.frontboard.ApplicationLibrary:sb.placeholder] App placeholder proxies installed: (
    "<SBApplicationPlaceholderProxy: 0x12ebb1800; com.DefaultCompany.NeonDrift.run.1782480634.15608 (NeonDrift.run.1782480634.15608); LSInstallType: StoreDownload>"
)
2026-06-26 21:31:25.042 Df activitysharingd[13524:85896b] [com.apple.launchservices:appinstallation] Received applicationsDidInstall:(
    "<LSApplicationProxy: 0x1019bcf00> com.DefaultCompany.NeonDrift.run.1782480634.15608 file:///Users/dragonkao/Library/Developer/CoreSimulator/Devices/115FDF0C-5A2F-4686-909B-7F43F1450A28/data/Containers/Bundle/Application/C65348AD-C796-4CA4-8D3C-78A194B6D444/NeonDrift.run.1782480634.15608.app/ <com.DefaultCompany.NeonDrift.run.1782480634.15608 <installed >:0>"
)
2026-06-26 21:31:25.042 Df SpringBoard[13125:4bdd22] [com.apple.appinstallation:TransactionLog] com.DefaultCompany.NeonDrift.run.1782480634.15608/Unknown Persona:10:4:1:1:Placeholder remove BEGIN
2026-06-26 21:31:25.042 Df installcoordinationd[26512:85893f] [com.apple.installcoordination:daemon] -[IXSCoordinatedAppInstall setComplete:]: <IXSCoordinatedAppInstall<0x1055e4000> [P=CoreSimulatorBridge (pid 13156)] identifier:[com.DefaultCompany.NeonDrift.run.1782480634.15608/Invalid/[system-defined]] uuid:6F6869CD-3B4B-4505-A2A5-54482DB89B62 intent:IXCoordinatorIntentInitiating creator/appDRI:InstallCoordination Simple SPI importance:UserWaiting state:IXAppCoordinationStateComplete promise-state:PA2I4> complete!
2026-06-26 21:31:25.042 Df SpringBoard[13125:4bdd22] [com.apple.appinstallation:TransactionLog] com.DefaultCompany.NeonDrift.run.1782480634.15608/Unknown Persona:10:10:3:1:Application added
2026-06-26 21:31:25.042 Df nsurlsessiond[13176:858944] [com.apple.launchservices:appinstallation] Received applicationsDidInstall:(
    "<LSApplicationProxy: 0x10365d2c0> com.DefaultCompany.NeonDrift.run.1782480634.15608 file:///Users/dragonkao/Library/Developer/CoreSimulator/Devices/115FDF0C-5A2F-4686-909B-7F43F1450A28/data/Containers/Bundle/Application/C65348AD-C796-4CA4-8D3C-78A194B6D444/NeonDrift.run.1782480634.15608.app/ <com.DefaultCompany.NeonDrift.run.1782480634.15608 <installed >:0>"
)
2026-06-26 21:31:25.042 Df donotdisturbd[13175:853f16] [com.apple.launchservices:appinstallation] Received applicationsDidInstall:(
    "<LSApplicationProxy: 0x1041e0f00> com.DefaultCompany.NeonDrift.run.1782480634.15608 file:///Users/dragonkao/Library/Developer/CoreSimulator/Devices/115FDF0C-5A2F-4686-909B-7F43F1450A28/data/Containers/Bundle/Application/C65348AD-C796-4CA4-8D3C-78A194B6D444/NeonDrift.run.1782480634.15608.app/ <com.DefaultCompany.NeonDrift.run.1782480634.15608 <installed >:0>"
)
2026-06-26 21:31:25.042 Df installcoordinationd[26512:85893f] [com.apple.installcoordination:daemon] -[IXSPowerAssertion invalidate]: Released power assertion IXPowerAssertion-12-[com.DefaultCompany.NeonDrift.run.1782480634.15608/Invalid/[system-defined]]
2026-06-26 21:31:25.042 Df profiled[26569:858968] [com.apple.launchservices:appinstallation] Received applicationsDidInstall:(
    "<LSApplicationProxy: 0x1067d0000> com.DefaultCompany.NeonDrift.run.1782480634.15608 file:///Users/dragonkao/Library/Developer/CoreSimulator/Devices/115FDF0C-5A2F-4686-909B-7F43F1450A28/data/Containers/Bundle/Application/C65348AD-C796-4CA4-8D3C-78A194B6D444/NeonDrift.run.1782480634.15608.app/ <com.DefaultCompany.NeonDrift.run.1782480634.15608 <installed >:0>"
)
2026-06-26 21:31:25.042 Df financed[13231:858961] [com.apple.launchservices:appinstallation] Received applicationsDidInstall:(
    "<LSApplicationProxy: 0x1079fb6c0> com.DefaultCompany.NeonDrift.run.1782480634.15608 file:///Users/dragonkao/Library/Developer/CoreSimulator/Devices/115FDF0C-5A2F-4686-909B-7F43F1450A28/data/Containers/Bundle/Application/C65348AD-C796-4CA4-8D3C-78A194B6D444/NeonDrift.run.1782480634.15608.app/ <com.DefaultCompany.NeonDrift.run.1782480634.15608 <installed >:0>"
)
2026-06-26 21:31:25.042 Df SpringBoard[13125:858945] [com.apple.SplashBoard:FileManifest] com.DefaultCompany.NeonDrift.run.1782480634.15608 Manifest is empty; purging everything at /Users/dragonkao/Library/Developer/CoreSimulator/Devices/115FDF0C-5A2F-4686-909B-7F43F1450A28/data/Containers/Data/Application/46CCDEE7-2CB9-4DB2-8D82-1BF3D30C9240/Library/SplashBoard/Snapshots
2026-06-26 21:31:25.042 Df installcoordinationd[26512:85893f] [com.apple.installcoordination:daemon] -[IXSDataPromise decommission]: Decommissioning <IXSPromisedTransferToPath(0x1054de380) Name:Icon resources for com.DefaultCompany.NeonDrift.run.1782480634.15608 Creator:InstallCoordination Simple SPI UUID:F43EEF22-8ABF-4F7D-A01B-171252C0E2DB Location:[system-defined]>
2026-06-26 21:31:25.043 Df CoreSimulatorBridge[13156:853e17] [com.apple.installcoordination:framework] -[IXAppInstallCoordinator _clientDelegate_didUpdateProgress:forPhase:overallProgress:]: <IXInitiatingAppInstallCoordinator<0x103458300> identity:[com.DefaultCompany.NeonDrift.run.1782480634.15608/Invalid/[system-defined]] uuid:6F6869CD-3B4B-4505-A2A5-54482DB89B62 creator:InstallCoordination Simple SPI>: Got did update progress delegate with percentComplete 100.000000 phase IXCoordinatorProgressPhaseInstalling overallProgress 100.000000
2026-06-26 21:31:25.043 Df locationd[13150:84407e] [com.apple.launchservices:appinstallation] Received applicationsDidInstall:(
    "<LSApplicationProxy: 0x103b9c780> com.DefaultCompany.NeonDrift.run.1782480634.15608 file:///Users/dragonkao/Library/Developer/CoreSimulator/Devices/115FDF0C-5A2F-4686-909B-7F43F1450A28/data/Containers/Bundle/Application/C65348AD-C796-4CA4-8D3C-78A194B6D444/NeonDrift.run.1782480634.15608.app/ <com.DefaultCompany.NeonDrift.run.1782480634.15608 <installed >:0>"
)
2026-06-26 21:31:25.043 Df CoreSimulatorBridge[13156:853e17] [com.apple.installcoordination:framework] -[IXAppInstallCoordinator _clientDelegate_didUpdateProgress:forPhase:overallProgress:]_block_invoke: <IXInitiatingAppInstallCoordinator<0x103458300> identity:[com.DefaultCompany.NeonDrift.run.1782480634.15608/Invalid/[system-defined]] uuid:6F6869CD-3B4B-4505-A2A5-54482DB89B62 creator:InstallCoordination Simple SPI>: Calling selector coordinator:didUpdateProgress:forPhase:overallProgress: on observer <_IXSimpleInstallerDelegate 0x0x101b1b240>
2026-06-26 21:31:25.043 Df clipserviced[26555:77e9b0] [com.apple.launchservices:appinstallation] Received applicationsDidInstall:(
    "<LSApplicationProxy: 0x1035a8000> com.DefaultCompany.NeonDrift.run.1782480634.15608 file:///Users/dragonkao/Library/Developer/CoreSimulator/Devices/115FDF0C-5A2F-4686-909B-7F43F1450A28/data/Containers/Bundle/Application/C65348AD-C796-4CA4-8D3C-78A194B6D444/NeonDrift.run.1782480634.15608.app/ <com.DefaultCompany.NeonDrift.run.1782480634.15608 <installed >:0>"
)
2026-06-26 21:31:25.043 Df installcoordinationd[26512:85893f] [com.apple.installcoordination:daemon] -[IXSDataPromise decommission]: Decommissioning <IXSPromisedInMemoryDictionary(0x1054de100) Name:Info.plist icon content for com.DefaultCompany.NeonDrift.run.1782480634.15608 Creator:InstallCoordination Simple SPI UUID:D35A9146-88BB-4B42-87F1-AC26AE6B2647 Location:[system-defined]>
2026-06-26 21:31:25.043 Df gamed[13228:858962] [com.apple.launchservices:appinstallation] Received applicationsDidInstall:(
    "<LSApplicationProxy: 0x101f2c0c0> com.DefaultCompany.NeonDrift.run.1782480634.15608 file:///Users/dragonkao/Library/Developer/CoreSimulator/Devices/115FDF0C-5A2F-4686-909B-7F43F1450A28/data/Containers/Bundle/Application/C65348AD-C796-4CA4-8D3C-78A194B6D444/NeonDrift.run.1782480634.15608.app/ <com.DefaultCompany.NeonDrift.run.1782480634.15608 <installed >:0>"
)
2026-06-26 21:31:25.043 Df installcoordinationd[26512:85893f] [com.apple.installcoordination:daemon] -[IXSDataPromise decommission]: Decommissioning <IXSPromisedInMemoryDictionary(0x1054dd080) Name:Localizations for com.DefaultCompany.NeonDrift.run.1782480634.15608 Creator:InstallCoordination Simple SPI UUID:F2B638D9-7230-4CF0-BC89-886DD6511A3B Location:[system-defined]>
2026-06-26 21:31:25.043 Df mobiletimerd[84688:8583e7] [com.apple.launchservices:appinstallation] Received applicationsDidInstall:(
    "<LSApplicationProxy: 0x101634780> com.DefaultCompany.NeonDrift.run.1782480634.15608 file:///Users/dragonkao/Library/Developer/CoreSimulator/Devices/115FDF0C-5A2F-4686-909B-7F43F1450A28/data/Containers/Bundle/Application/C65348AD-C796-4CA4-8D3C-78A194B6D444/NeonDrift.run.1782480634.15608.app/ <com.DefaultCompany.NeonDrift.run.1782480634.15608 <installed >:0>"
)
2026-06-26 21:31:25.043 Df liveactivitiesd[26558:853520] [com.apple.launchservices:appinstallation] Received applicationsDidInstall:(
    "<LSApplicationProxy: 0x105a85980> com.DefaultCompany.NeonDrift.run.1782480634.15608 file:///Users/dragonkao/Library/Developer/CoreSimulator/Devices/115FDF0C-5A2F-4686-909B-7F43F1450A28/data/Containers/Bundle/Application/C65348AD-C796-4CA4-8D3C-78A194B6D444/NeonDrift.run.1782480634.15608.app/ <com.DefaultCompany.NeonDrift.run.1782480634.15608 <installed >:0>"
)
2026-06-26 21:31:25.043 Df PosterBoard[13202:8589a1] [com.apple.appinstallation:TransactionLog] com.DefaultCompany.NeonDrift.run.1782480634.15608/Unknown Persona:5:8:3:1:applicationsDidInstall <LSApplicationProxy: 0x10626e640> com.DefaultCompany.NeonDrift.run.1782480634.15608 file:///Users/dragonkao/Library/Developer/CoreSimulator/Devices/115FDF0C-5A2F-4686-909B-7F43F1450A28/data/Containers/Bundle/Application/C65348AD-C796-4CA4-8D3C-78A194B6D444/NeonDrift.run.1782480634.15608.app/ <com.DefaultCompany.NeonDrift.run.1782480634.15608 <installed >:0>
2026-06-26 21:31:25.043 Df routined[13133:85896c] [com.apple.launchservices:appinstallation] Received applicationsDidInstall:(
    "<LSApplicationProxy: 0x109160e40> com.DefaultCompany.NeonDrift.run.1782480634.15608 file:///Users/dragonkao/Library/Developer/CoreSimulator/Devices/115FDF0C-5A2F-4686-909B-7F43F1450A28/data/Containers/Bundle/Application/C65348AD-C796-4CA4-8D3C-78A194B6D444/NeonDrift.run.1782480634.15608.app/ <com.DefaultCompany.NeonDrift.run.1782480634.15608 <installed >:0>"
)
2026-06-26 21:31:25.044 Df installcoordinationd[26512:85893f] [com.apple.installcoordination:daemon] -[IXSDataPromise decommission]: Decommissioning <IXSPlaceholder(0x105510500) Name:App Placeholder: NeonDrift.run.1782480634.15608 (com.DefaultCompany.NeonDrift.run.1782480634.15608) Creator:InstallCoordination Simple SPI UUID:959720C3-9C3C-46BD-9635-C5D824135FD5 Location:[system-defined]>
2026-06-26 21:31:25.044 Df installcoordinationd[26512:85893f] [com.apple.installcoordination:daemon] -[IXSDataPromise decommission]: Decommissioning <IXSPromisedTransferToPath(0x1054dd480) Name:App Asset: com.DefaultCompany.NeonDrift.run.1782480634.15608 Creator:InstallCoordination Simple SPI UUID:FF0BCE1A-271B-4936-878E-1A41E4E25994 Location:[system-defined]>
2026-06-26 21:31:25.044 Df SpringBoard[13125:858945] [com.apple.SplashBoard:Capture] Processing launch request <XBLaunchStateRequest: 0x12eac7100> for app: com.DefaultCompany.NeonDrift.run.1782480634.15608.
2026-06-26 21:31:25.044 Df SpringBoard[13125:858945] [com.apple.SplashBoard:Capture] Processing launch request <XBLaunchStateRequest: 0x12eac5c70> for app: com.DefaultCompany.NeonDrift.run.1782480634.15608.
2026-06-26 21:31:25.044 Df SpringBoard[13125:858960] [com.apple.SplashBoard:Capture] Asynchronously generating image data for request: <XBLaunchStateRequest: 0x12eac7100; groupID: com.DefaultCompany.NeonDrift.run.1782480634.15608 - {DEFAULT GROUP}; statusBar: hidden; refSize: {402, 874}; orientation: Portrait; userInterfaceStyle: Light>
2026-06-26 21:31:25.044 Df SpringBoard[13125:858945] [com.apple.SplashBoard:Capture] Processing launch request <XBLaunchStateRequest: 0x12eac4e00> for app: com.DefaultCompany.NeonDrift.run.1782480634.15608.
2026-06-26 21:31:25.044 Df SpringBoard[13125:858945] [com.apple.SplashBoard:Capture] Processing launch request <XBLaunchStateRequest: 0x12eac4b60> for app: com.DefaultCompany.NeonDrift.run.1782480634.15608.
