		<RBSInheritance| environment:UIScene:com.apple.frontboard.systemappservices/FBSceneManager:sceneID%3Acom.DefaultCompany.NeonDrift.run.1782483479.44964-default name:com.apple.frontboard.visibility origID:13128-13125-8876 payload 2338507433811884420>
		]
		
	}> attributes:[
	SupportsBackgroundAudio
	] primitiveAssertions:[
	<RBSProcessAssertionInfo| type:2 reason:0 name:"Domain" domain:"com.apple.underlying:defaultUnderlyingAppAssertion" expl:"RB Underlying Assertion">,
	<RBSProcessAssertionInfo| type:2 reason:23 name:"Domain" domain:"<…>
2026-06-26 22:24:52.078 Df CoreSimulatorBridge[13156:88f9d7] Request received for installation of file:///Users/dragonkao/.openclaw/workspace/382b9e3384298039b171c9b2a60ae644/NeonDrift_MVP/project/xcode_derived_data/Build/Products/Release-iphonesimulator/NeonDrift.run.1782483479.44964.app/ with options: {
    PackageType = Developer;
    SimulatorRootPath = "/Library/Developer/CoreSimulator/Volumes/iOS_23F77/Library/Developer/CoreSimulator/Profiles/Runtimes/iOS 26.5.simruntime/Contents/Resources/RuntimeRoot";
    SimulatorUserPath = "/Users/dragonkao/Library/Developer/CoreSimulator/Devices/115FDF0C-5A2F-4686-909B-7F43F1450A28/data";
}
2026-06-26 22:24:52.078 Df CoreSimulatorBridge[13156:88f9d7] [com.apple.installcoordination:framework] +[IXAppInstallCoordinator(IXSimpleInstaller) _beginInstallForURL:forPersonaUniqueString:consumeSource:options:progressBlock:completionWithIdentity:]: Beginning install for /Users/dragonkao/.openclaw/workspace/382b9e3384298039b171c9b2a60ae644/NeonDrift_MVP/project/xcode_derived_data/Build/Products/Release-iphonesimulator/NeonDrift.run.1782483479.44964.app consuming source:N options:{
    IsUserInitiated = 1;
    PackageType = Developer;
} installationRequestorAuditToken: NULL
2026-06-26 22:24:52.080 Df installcoordinationd[26512:88f9d9] [com.apple.installcoordination:daemon] -[IXSDataPromiseManager registerPromise:]: Registered promise <IXSPlaceholder(0x105510500) Name:App Placeholder: NeonDrift.run.1782483479.44964 (com.DefaultCompany.NeonDrift.run.1782483479.44964) Creator:InstallCoordination Simple SPI UUID:8CB2232F-52D7-4A18-ACD2-8A44EF484F7C Location:[system-defined]> for UUID 8CB2232F-52D7-4A18-ACD2-8A44EF484F7C
2026-06-26 22:24:52.081 Df installcoordinationd[26512:88f9d9] [com.apple.installcoordination:daemon] -[IXSPlaceholder setAttributes:]: <IXSPlaceholder(0x105510500) Name:App Placeholder: NeonDrift.run.1782483479.44964 (com.DefaultCompany.NeonDrift.run.1782483479.44964) Creator:InstallCoordination Simple SPI UUID:8CB2232F-52D7-4A18-ACD2-8A44EF484F7C Location:[system-defined]>: setting placeholder attributes to <IXPlaceholderAttributes<0x1054a1360> : {
    CFBundleShortVersionString = "1.0";
    CFBundleSupportedPlatforms =     (
        iPhoneSimulator
    );
    CFBundleVersion = 0;
    DTPlatformName = iphonesimulator;
    LSRequiresIPhoneOS = 1;
    MinimumOSVersion = "13.0";
    UIDeviceFamily =     (
        1,
        2
    );
    UIRequiredDeviceCapabilities =     {
        arm64 = 1;
        metal = 1;
    };
}>
2026-06-26 22:24:52.081 Df CoreSimulatorBridge[13156:88dbc5] [com.apple.installcoordination:framework] +[IXPlaceholder _setEntitlementsFromBundleExecutableURL:withBundleID:client:onPlaceholder:location:error:]: Executable for com.DefaultCompany.NeonDrift.run.1782483479.44964 at NeonDrift.run.1782483479.44964 -- file:///Users/dragonkao/.openclaw/workspace/382b9e3384298039b171c9b2a60ae644/NeonDrift_MVP/project/xcode_derived_data/Build/Products/Release-iphonesimulator/NeonDrift.run.1782483479.44964.app/ had no entitlements
2026-06-26 22:24:52.081 Df CoreSimulatorBridge[13156:88dbc5] [com.apple.installcoordination:framework] +[IXPlaceholder _placeholderForBundle:client:withParent:installType:metadata:placeholderType:mayBeDeltaPackage:isFromSerializedPlaceholder:location:error:]: Using full fidelity icons for com.DefaultCompany.NeonDrift.run.1782483479.44964 at /Users/dragonkao/.openclaw/workspace/382b9e3384298039b171c9b2a60ae644/NeonDrift_MVP/project/xcode_derived_data/Build/Products/Release-iphonesimulator/NeonDrift.run.1782483479.44964.app
2026-06-26 22:24:52.082 Df installcoordinationd[26512:88f9d9] [com.apple.installcoordination:daemon] -[IXSDataPromiseManager registerPromise:]: Registered promise <IXSPromisedTransferToPath(0x1054de280) Name:Icon resources for com.DefaultCompany.NeonDrift.run.1782483479.44964 Creator:InstallCoordination Simple SPI UUID:9B22E400-FFB7-4E3C-A17C-169974258730 Location:[system-defined]> for UUID 9B22E400-FFB7-4E3C-A17C-169974258730
2026-06-26 22:24:52.084 Df CoreSimulatorBridge[13156:88dbc5] [com.apple.installcoordination:framework] -[IXPromisedTransferToPath setComplete:]: <IXPromisedTransferToPath<0x1034588c0> name:"Icon resources for com.DefaultCompany.NeonDrift.run.1782483479.44964" uuid:9B22E400-FFB7-4E3C-A17C-169974258730 creator:"InstallCoordination Simple SPI" location:[system-defined]> Move operation from /Users/dragonkao/Library/Developer/CoreSimulator/Devices/115FDF0C-5A2F-4686-909B-7F43F1450A28/data/Containers/Shared/SystemGroup/systemgroup.com.apple.installcoordinationd/Library/InstallCoordination/PromiseStaging/9B22E400-FFB7-4E3C-A17C-169974258730/temp.a9Gzxi to /Users/dragonkao/Library/Developer/CoreSimulator/Devices/115FDF0C-5A2F-4686-909B-7F43F1450A28/data/Containers/Shared/SystemGroup/systemgroup.com.apple.installcoordinationd/Library/InstallCoordination/PromiseStaging/9B22E400-FFB7-4E3C-A17C-169974258730/temp.a9Gzxi took 0.000038 seconds
2026-06-26 22:24:52.085 Df installcoordinationd[26512:88f9d9] [com.apple.installcoordination:daemon] -[IXSDataPromise _setPercentComplete:saveStateIfNeeded:]: Progress: <IXSPromisedTransferToPath(0x1054de280) Name:Icon resources for com.DefaultCompany.NeonDrift.run.1782483479.44964 Creator:InstallCoordination Simple SPI UUID:9B22E400-FFB7-4E3C-A17C-169974258730 Location:[system-defined]>
2026-06-26 22:24:52.085 Df installcoordinationd[26512:893462] [com.apple.installcoordination:daemon] -[IXSDataPromiseManager promiseDidBegin:]: Unowned promise began: <IXSPromisedTransferToPath(0x1054de280) Name:Icon resources for com.DefaultCompany.NeonDrift.run.1782483479.44964 Creator:InstallCoordination Simple SPI UUID:9B22E400-FFB7-4E3C-A17C-169974258730 Location:[system-defined]>
2026-06-26 22:24:52.085 Df installcoordinationd[26512:893462] [com.apple.installcoordination:daemon] -[IXSDataPromiseManager promise:didUpdateProgress:]: Unowned promise update progress to 1.000000 : <IXSPromisedTransferToPath(0x1054de280) Name:Icon resources for com.DefaultCompany.NeonDrift.run.1782483479.44964 Creator:InstallCoordination Simple SPI UUID:9B22E400-FFB7-4E3C-A17C-169974258730 Location:[system-defined]>
2026-06-26 22:24:52.085 Df installcoordinationd[26512:88f9d9] [com.apple.installcoordination:daemon] -[IXSDataPromiseManager promiseDidComplete:]: Unowned promise completed: <IXSPromisedTransferToPath(0x1054de280) Name:Icon resources for com.DefaultCompany.NeonDrift.run.1782483479.44964 Creator:InstallCoordination Simple SPI UUID:9B22E400-FFB7-4E3C-A17C-169974258730 Location:[system-defined]>
2026-06-26 22:24:52.086 Df installcoordinationd[26512:893462] [com.apple.installcoordination:daemon] -[IXSDataPromise _setPercentComplete:saveStateIfNeeded:]: Progress: <IXSPromisedInMemoryDictionary(0x1054dd480) Name:Info.plist icon content for com.DefaultCompany.NeonDrift.run.1782483479.44964 Creator:InstallCoordination Simple SPI UUID:4AA5FC68-7797-47B3-9C8A-7BA6E98A2D73 Location:[system-defined]>
2026-06-26 22:24:52.086 Df installcoordinationd[26512:893462] [com.apple.installcoordination:daemon] -[IXSDataPromiseManager registerPromise:]: Registered promise <IXSPromisedInMemoryDictionary(0x1054dd480) Name:Info.plist icon content for com.DefaultCompany.NeonDrift.run.1782483479.44964 Creator:InstallCoordination Simple SPI UUID:4AA5FC68-7797-47B3-9C8A-7BA6E98A2D73 Location:[system-defined]> for UUID 4AA5FC68-7797-47B3-9C8A-7BA6E98A2D73
2026-06-26 22:24:52.086 Df installcoordinationd[26512:893464] [com.apple.installcoordination:daemon] -[IXSDataPromiseManager promiseDidBegin:]: Unowned promise began: <IXSPromisedInMemoryDictionary(0x1054dd480) Name:Info.plist icon content for com.DefaultCompany.NeonDrift.run.1782483479.44964 Creator:InstallCoordination Simple SPI UUID:4AA5FC68-7797-47B3-9C8A-7BA6E98A2D73 Location:[system-defined]>
2026-06-26 22:24:52.086 Df installcoordinationd[26512:893464] [com.apple.installcoordination:daemon] -[IXSDataPromiseManager promise:didUpdateProgress:]: Unowned promise update progress to 1.000000 : <IXSPromisedInMemoryDictionary(0x1054dd480) Name:Info.plist icon content for com.DefaultCompany.NeonDrift.run.1782483479.44964 Creator:InstallCoordination Simple SPI UUID:4AA5FC68-7797-47B3-9C8A-7BA6E98A2D73 Location:[system-defined]>
2026-06-26 22:24:52.086 Df installcoordinationd[26512:893464] [com.apple.installcoordination:daemon] -[IXSDataPromiseManager promiseDidComplete:]: Unowned promise completed: <IXSPromisedInMemoryDictionary(0x1054dd480) Name:Info.plist icon content for com.DefaultCompany.NeonDrift.run.1782483479.44964 Creator:InstallCoordination Simple SPI UUID:4AA5FC68-7797-47B3-9C8A-7BA6E98A2D73 Location:[system-defined]>
2026-06-26 22:24:52.087 Df installcoordinationd[26512:893462] [com.apple.installcoordination:daemon] -[IXSPlaceholder setIconResourcesPromise:]: <IXSPlaceholder(0x105510500) Name:App Placeholder: NeonDrift.run.1782483479.44964 (com.DefaultCompany.NeonDrift.run.1782483479.44964) Creator:InstallCoordination Simple SPI UUID:8CB2232F-52D7-4A18-ACD2-8A44EF484F7C Location:[system-defined]>: setting icon resources promise to <IXSPromisedTransferToPath(0x1054de280) Name:Icon resources for com.DefaultCompany.NeonDrift.run.1782483479.44964 Creator:InstallCoordination Simple SPI UUID:9B22E400-FFB7-4E3C-A17C-169974258730 Location:[system-defined]>
2026-06-26 22:24:52.087 Df installcoordinationd[26512:893462] [com.apple.installcoordination:daemon] -[IXSPlaceholder setInfoPlistIconContentPromise:]: <IXSPlaceholder(0x105510500) Name:App Placeholder: NeonDrift.run.1782483479.44964 (com.DefaultCompany.NeonDrift.run.1782483479.44964) Creator:InstallCoordination Simple SPI UUID:8CB2232F-52D7-4A18-ACD2-8A44EF484F7C Location:[system-defined]>: setting Info.plist icon content promise to <IXSPromisedInMemoryDictionary(0x1054dd480) Name:Info.plist icon content for com.DefaultCompany.NeonDrift.run.1782483479.44964 Creator:InstallCoordination Simple SPI UUID:4AA5FC68-7797-47B3-9C8A-7BA6E98A2D73 Location:[system-defined]>
2026-06-26 22:24:52.088 Df installcoordinationd[26512:893464] [com.apple.installcoordination:daemon] -[IXSDataPromiseManager promiseDidBegin:]: Unowned promise began: <IXSPlaceholder(0x105510500) Name:App Placeholder: NeonDrift.run.1782483479.44964 (com.DefaultCompany.NeonDrift.run.1782483479.44964) Creator:InstallCoordination Simple SPI UUID:8CB2232F-52D7-4A18-ACD2-8A44EF484F7C Location:[system-defined]>
2026-06-26 22:24:52.088 Df installcoordinationd[26512:893464] [com.apple.installcoordination:daemon] -[IXSDataPromiseManager promise:didUpdateProgress:]: Unowned promise update progress to 0.000000 : <IXSPlaceholder(0x105510500) Name:App Placeholder: NeonDrift.run.1782483479.44964 (com.DefaultCompany.NeonDrift.run.1782483479.44964) Creator:InstallCoordination Simple SPI UUID:8CB2232F-52D7-4A18-ACD2-8A44EF484F7C Location:[system-defined]>
2026-06-26 22:24:52.088 Df installcoordinationd[26512:893464] [com.apple.installcoordination:daemon] -[IXSDataPromiseManager promise:didUpdateProgress:]: Unowned promise update progress to 0.000000 : <IXSPlaceholder(0x105510500) Name:App Placeholder: NeonDrift.run.1782483479.44964 (com.DefaultCompany.NeonDrift.run.1782483479.44964) Creator:InstallCoordination Simple SPI UUID:8CB2232F-52D7-4A18-ACD2-8A44EF484F7C Location:[system-defined]>
2026-06-26 22:24:52.089 Df installcoordinationd[26512:88f9d9] [com.apple.installcoordination:daemon] -[IXSDataPromise _setPercentComplete:saveStateIfNeeded:]: Progress: <IXSPromisedInMemoryDictionary(0x1054dd380) Name:Localizations for com.DefaultCompany.NeonDrift.run.1782483479.44964 Creator:InstallCoordination Simple SPI UUID:3F0B4C27-6348-4D2C-B1BD-4595ADF09C9C Location:[system-defined]>
2026-06-26 22:24:52.089 Df installcoordinationd[26512:88f9d9] [com.apple.installcoordination:daemon] -[IXSDataPromiseManager registerPromise:]: Registered promise <IXSPromisedInMemoryDictionary(0x1054dd380) Name:Localizations for com.DefaultCompany.NeonDrift.run.1782483479.44964 Creator:InstallCoordination Simple SPI UUID:3F0B4C27-6348-4D2C-B1BD-4595ADF09C9C Location:[system-defined]> for UUID 3F0B4C27-6348-4D2C-B1BD-4595ADF09C9C
2026-06-26 22:24:52.089 Df installcoordinationd[26512:893464] [com.apple.installcoordination:daemon] -[IXSDataPromiseManager promiseDidBegin:]: Unowned promise began: <IXSPromisedInMemoryDictionary(0x1054dd380) Name:Localizations for com.DefaultCompany.NeonDrift.run.1782483479.44964 Creator:InstallCoordination Simple SPI UUID:3F0B4C27-6348-4D2C-B1BD-4595ADF09C9C Location:[system-defined]>
2026-06-26 22:24:52.089 Df installcoordinationd[26512:893464] [com.apple.installcoordination:daemon] -[IXSDataPromiseManager promise:didUpdateProgress:]: Unowned promise update progress to 1.000000 : <IXSPromisedInMemoryDictionary(0x1054dd380) Name:Localizations for com.DefaultCompany.NeonDrift.run.1782483479.44964 Creator:InstallCoordination Simple SPI UUID:3F0B4C27-6348-4D2C-B1BD-4595ADF09C9C Location:[system-defined]>
2026-06-26 22:24:52.089 Df installcoordinationd[26512:893464] [com.apple.installcoordination:daemon] -[IXSDataPromiseManager promiseDidComplete:]: Unowned promise completed: <IXSPromisedInMemoryDictionary(0x1054dd380) Name:Localizations for com.DefaultCompany.NeonDrift.run.1782483479.44964 Creator:InstallCoordination Simple SPI UUID:3F0B4C27-6348-4D2C-B1BD-4595ADF09C9C Location:[system-defined]>
2026-06-26 22:24:52.089 Df installcoordinationd[26512:88f9d9] [com.apple.installcoordination:daemon] -[IXSPlaceholder setLocalizationDictionaryPromise:]: <IXSPlaceholder(0x105510500) Name:App Placeholder: NeonDrift.run.1782483479.44964 (com.DefaultCompany.NeonDrift.run.1782483479.44964) Creator:InstallCoordination Simple SPI UUID:8CB2232F-52D7-4A18-ACD2-8A44EF484F7C Location:[system-defined]>: setting localization dict promise to <IXSPromisedInMemoryDictionary(0x1054dd380) Name:Localizations for com.DefaultCompany.NeonDrift.run.1782483479.44964 Creator:InstallCoordination Simple SPI UUID:3F0B4C27-6348-4D2C-B1BD-4595ADF09C9C Location:[system-defined]>
2026-06-26 22:24:52.090 Df installcoordinationd[26512:88f9d9] [com.apple.installcoordination:daemon] -[IXSDataPromiseManager promise:didUpdateProgress:]: Unowned promise update progress to 0.000000 : <IXSPlaceholder(0x105510500) Name:App Placeholder: NeonDrift.run.1782483479.44964 (com.DefaultCompany.NeonDrift.run.1782483479.44964) Creator:InstallCoordination Simple SPI UUID:8CB2232F-52D7-4A18-ACD2-8A44EF484F7C Location:[system-defined]>
2026-06-26 22:24:52.091 Df installcoordinationd[26512:893462] [com.apple.installcoordination:daemon] -[IXSPlaceholder setConfigurationComplete:]: <IXSPlaceholder(0x105510500) Name:App Placeholder: NeonDrift.run.1782483479.44964 (com.DefaultCompany.NeonDrift.run.1782483479.44964) Creator:InstallCoordination Simple SPI UUID:8CB2232F-52D7-4A18-ACD2-8A44EF484F7C Location:[system-defined]>: setting configuration complete to Y
2026-06-26 22:24:52.092 Df installcoordinationd[26512:893462] [com.apple.installcoordination:daemon] -[IXSPlaceholder _materialize]: <IXSPlaceholder(0x105510500) Name:App Placeholder: NeonDrift.run.1782483479.44964 (com.DefaultCompany.NeonDrift.run.1782483479.44964) Creator:InstallCoordination Simple SPI UUID:8CB2232F-52D7-4A18-ACD2-8A44EF484F7C Location:[system-defined]>: Materializing placeholder at /Users/dragonkao/Library/Developer/CoreSimulator/Devices/115FDF0C-5A2F-4686-909B-7F43F1450A28/data/Containers/Shared/SystemGroup/systemgroup.com.apple.installcoordinationd/Library/InstallCoordination/PromiseStaging/8CB2232F-52D7-4A18-ACD2-8A44EF484F7C/NeonDrift.run.1782483479.44964.app
2026-06-26 22:24:52.092 Df installcoordinationd[26512:893462] [com.apple.installcoordination:daemon] -[IXSPlaceholder _materialize]: <IXSPlaceholder(0x105510500) Name:App Placeholder: NeonDrift.run.1782483479.44964 (com.DefaultCompany.NeonDrift.run.1782483479.44964) Creator:InstallCoordination Simple SPI UUID:8CB2232F-52D7-4A18-ACD2-8A44EF484F7C Location:[system-defined]>: Using Info.plist icon content: {
    CFBundleIcons =     {
        CFBundlePrimaryIcon =         {
            CFBundleIconName = AppIcon;
        };
    };
    "CFBundleIcons~ipad" =     {
        CFBundlePrimaryIcon =         {
            CFBundleIconName = AppIcon;
        };
    };
    ISIconPlatform = iPhoneOS;
}
2026-06-26 22:24:52.092 Df installcoordinationd[26512:893462] [com.apple.installcoordination:daemon] -[IXSPlaceholder _materialize]_block_invoke: <IXSPlaceholder(0x105510500) Name:App Placeholder: NeonDrift.run.1782483479.44964 (com.DefaultCompany.NeonDrift.run.1782483479.44964) Creator:InstallCoordination Simple SPI UUID:8CB2232F-52D7-4A18-ACD2-8A44EF484F7C Location:[system-defined]>: Using icon resource Assets.car
2026-06-26 22:24:52.092 Df installcoordinationd[26512:893462] [com.apple.installcoordination:daemon] -[IXSPlaceholder _materialize]: <IXSPlaceholder(0x105510500) Name:App Placeholder: NeonDrift.run.1782483479.44964 (com.DefaultCompany.NeonDrift.run.1782483479.44964) Creator:InstallCoordination Simple SPI UUID:8CB2232F-52D7-4A18-ACD2-8A44EF484F7C Location:[system-defined]>: Including lproj localizations for (
)
2026-06-26 22:24:52.093 Df installcoordinationd[26512:88f9d9] [com.apple.installcoordination:daemon] -[IXSDataPromiseManager promiseDidComplete:]: Unowned promise completed: <IXSPlaceholder(0x105510500) Name:App Placeholder: NeonDrift.run.1782483479.44964 (com.DefaultCompany.NeonDrift.run.1782483479.44964) Creator:InstallCoordination Simple SPI UUID:8CB2232F-52D7-4A18-ACD2-8A44EF484F7C Location:[system-defined]>
2026-06-26 22:24:52.093 Df installcoordinationd[26512:88f9d9] [com.apple.installcoordination:daemon] -[IXSDataPromiseManager registerPromise:]: Registered promise <IXSPromisedTransferToPath(0x1054dd300) Name:App Asset: com.DefaultCompany.NeonDrift.run.1782483479.44964 Creator:InstallCoordination Simple SPI UUID:B0ED7CB2-A8B1-498C-AD9A-79AE258C36BC Location:[system-defined]> for UUID B0ED7CB2-A8B1-498C-AD9A-79AE258C36BC
2026-06-26 22:24:52.094 Df installcoordinationd[26512:88f9d9] [com.apple.installcoordination:daemon] -[IXSCoordinatorManager coordinatorForIdentity:connection:error:creatingIfNotExisting:]_block_invoke: Registered coordinator: <IXSCoordinatedAppInstall<0x1055e4000> [P=CoreSimulatorBridge (pid 13156)] identifier:[com.DefaultCompany.NeonDrift.run.1782483479.44964/Invalid/[system-defined]] uuid:3093F215-B50B-4B99-A6CE-A09CD31CCE17 intent:IXCoordinatorIntentUpdating creator/appDRI:InstallCoordination Simple SPI importance:Background state:IXAppCoordinationStatePlaceholderPromiseNotSet promise-state:01234>
2026-06-26 22:24:52.094 Df installcoordinationd[26512:88f9d9] [com.apple.appinstallation:TransactionLog] com.DefaultCompany.NeonDrift.run.1782483479.44964/Unknown Persona:4:2:1:1:Created coordinator with intent IXCoordinatorIntentUpdating for client InstallCoordination Simple SPI
2026-06-26 22:24:52.095 Df installcoordinationd[26512:88f9d9] [com.apple.installcoordination:daemon] -[IXSCoordinatedAppInstall setPriorityBoostCompletion:withSourceInfo:]: <IXSCoordinatedAppInstall<0x1055e4000> [P=CoreSimulatorBridge (pid 13156)] identifier:[com.DefaultCompany.NeonDrift.run.1782483479.44964/Invalid/[system-defined]] uuid:3093F215-B50B-4B99-A6CE-A09CD31CCE17 intent:IXCoordinatorIntentUpdating creator/appDRI:InstallCoordination Simple SPI importance:Background state:IXAppCoordinationStatePlaceholderPromiseNotSet promise-state:01234>: Retaining completion from CoreSimulatorBridge (13156), QOS_CLASS_DEFAULT (0x15)
2026-06-26 22:24:52.095 Df installcoordinationd[26512:88f9d9] [com.apple.installcoordination:daemon] -[IXSCoordinatedAppInstall setImportance:]: <IXSCoordinatedAppInstall<0x1055e4000> [P=CoreSimulatorBridge (pid 13156)] identifier:[com.DefaultCompany.NeonDrift.run.1782483479.44964/Invalid/[system-defined]] uuid:3093F215-B50B-4B99-A6CE-A09CD31CCE17 intent:IXCoordinatorIntentUpdating creator/appDRI:InstallCoordination Simple SPI importance:UserWaiting state:IXAppCoordinationStatePlaceholderPromiseNotSet promise-state:01234>: set importance to UserWaiting
2026-06-26 22:24:52.095 Df installcoordinationd[26512:88f9d9] [com.apple.installcoordination:daemon] -[IXSCoordinatedAppInstall _onQueue_fireObserversForClient:]: <IXSCoordinatedAppInstall<0x1055e4000> [P=CoreSimulatorBridge (pid 13156)] identifier:[com.DefaultCompany.NeonDrift.run.1782483479.44964/Invalid/[system-defined]] uuid:3093F215-B50B-4B99-A6CE-A09CD31CCE17 intent:IXCoordinatorIntentUpdating creator/appDRI:InstallCoordination Simple SPI importance:UserWaiting state:IXAppCoordinationStatePlaceholderPromiseNotSet promise-state:01234>: Firing applicable observers for client <IXSClientConnection<0x1054407e0> client:CoreSimulatorBridge (pid 13156) uuid:91EA0638-10DA-4AE9-8353-ED9F7F8399EE>
2026-06-26 22:24:52.095 Df installcoordinationd[26512:88f9d9] [com.apple.installcoordination:daemon] -[IXSCoordinatedAppInstall setPriorityBoostCompletion:withSourceInfo:]: <IXSCoordinatedAppInstall<0x1055e4000> [P=CoreSimulatorBridge (pid 13156)] identifier:[com.DefaultCompany.NeonDrift.run.1782483479.44964/Invalid/[system-defined]] uuid:3093F215-B50B-4B99-A6CE-A09CD31CCE17 intent:IXCoordinatorIntentUpdating creator/appDRI:InstallCoordination Simple SPI importance:UserWaiting state:IXAppCoordinationStatePlaceholderPromiseNotSet promise-state:01234>: Disposing of completion from CoreSimulatorBridge (13156), QOS_CLASS_DEFAULT (0x15)
2026-06-26 22:24:52.095 Df installcoordinationd[26512:88f9d9] [com.apple.installcoordination:daemon] -[IXSCoordinatedAppInstall setPriorityBoostCompletion:withSourceInfo:]: <IXSCoordinatedAppInstall<0x1055e4000> [P=CoreSimulatorBridge (pid 13156)] identifier:[com.DefaultCompany.NeonDrift.run.1782483479.44964/Invalid/[system-defined]] uuid:3093F215-B50B-4B99-A6CE-A09CD31CCE17 intent:IXCoordinatorIntentUpdating creator/appDRI:InstallCoordination Simple SPI importance:UserWaiting state:IXAppCoordinationStatePlaceholderPromiseNotSet promise-state:01234>: Retaining completion from CoreSimulatorBridge (13156), QOS_CLASS_DEFAULT (0x15)
2026-06-26 22:24:52.095 Df CoreSimulatorBridge[13156:893467] [com.apple.installcoordination:framework] -[IXAppInstallCoordinator _clientDelegate_didRegisterForObservation]: <IXUpdatingAppInstallCoordinator<0x103458740> identity:[com.DefaultCompany.NeonDrift.run.1782483479.44964/Invalid/[system-defined]] uuid:3093F215-B50B-4B99-A6CE-A09CD31CCE17 creator:InstallCoordination Simple SPI>: Got observer registration delegate
2026-06-26 22:24:52.095 Df CoreSimulatorBridge[13156:893467] [com.apple.installcoordination:framework] -[IXAppInstallCoordinator _clientDelegate_shouldResume]: <IXUpdatingAppInstallCoordinator<0x103458740> identity:[com.DefaultCompany.NeonDrift.run.1782483479.44964/Invalid/[system-defined]] uuid:3093F215-B50B-4B99-A6CE-A09CD31CCE17 creator:InstallCoordination Simple SPI>: Got should resume delegate
2026-06-26 22:24:52.095 Df CoreSimulatorBridge[13156:893463] [com.apple.installcoordination:framework] -[IXAppInstallCoordinator _clientDelegate_didRegisterForObservation]_block_invoke: <IXUpdatingAppInstallCoordinator<0x103458740> identity:[com.DefaultCompany.NeonDrift.run.1782483479.44964/Invalid/[system-defined]] uuid:3093F215-B50B-4B99-A6CE-A09CD31CCE17 creator:InstallCoordination Simple SPI>: Observer <_IXSimpleInstallerDelegate 0x0x101b18330> does not respond to coordinatorDidRegisterForObservation:
2026-06-26 22:24:52.095 Df CoreSimulatorBridge[13156:893463] [com.apple.installcoordination:framework] -[IXAppInstallCoordinator _clientDelegate_shouldResume]_block_invoke: <IXUpdatingAppInstallCoordinator<0x103458740> identity:[com.DefaultCompany.NeonDrift.run.1782483479.44964/Invalid/[system-defined]] uuid:3093F215-B50B-4B99-A6CE-A09CD31CCE17 creator:InstallCoordination Simple SPI>: Observer <_IXSimpleInstallerDelegate 0x0x101b18330> does not respond to coordinatorShouldResume:
2026-06-26 22:24:52.097 Df installcoordinationd[26512:88f9d9] [com.apple.installcoordination:daemon] -[IXSCoordinatedAppInstall _internal_setInstallOptionsPromise:performExternalActions:]: <IXSCoordinatedAppInstall<0x1055e4000> [P=CoreSimulatorBridge (pid 13156)] identifier:[com.DefaultCompany.NeonDrift.run.1782483479.44964/Invalid/[system-defined]] uuid:3093F215-B50B-4B99-A6CE-A09CD31CCE17 intent:IXCoordinatorIntentUpdating creator/appDRI:InstallCoordination Simple SPI importance:UserWaiting state:IXAppCoordinationStatePlaceholderPromiseNotSet promise-state:012I4> : install options set: <IXSPromisedInMemoryData(0x1054dd400) Name:MIInstallOptions data Creator:Install Coordination Internal UUID:BC505509-DAE2-4863-88E6-C04245FB1620 Location:[system-defined]>
2026-06-26 22:24:52.097 Df installcoordinationd[26512:893464] [com.apple.installcoordination:daemon] -[IXSCoordinatedAppInstall promiseDidComplete:]: <IXSCoordinatedAppInstall<0x1055e4000> [P=CoreSimulatorBridge (pid 13156)] identifier:[com.DefaultCompany.NeonDrift.run.1782483479.44964/Invalid/[system-defined]] uuid:3093F215-B50B-4B99-A6CE-A09CD31CCE17 intent:IXCoordinatorIntentUpdating creator/appDRI:InstallCoordination Simple SPI importance:UserWaiting state:IXAppCoordinationStatePlaceholderPromiseNotSet promise-state:012I4> : Promise completed: <IXSPromisedInMemoryData(0x1054dd400) Name:MIInstallOptions data Creator:Install Coordination Internal UUID:BC505509-DAE2-4863-88E6-C04245FB1620 Location:[system-defined]>
2026-06-26 22:24:52.097 Df installcoordinationd[26512:893464] [com.apple.appinstallation:TransactionLog] com.DefaultCompany.NeonDrift.run.1782483479.44964/Unknown Persona:4:13:1:1:Install Options Promise began. Coordinator State: IXAppCoordinationStatePlaceholderPromiseNotSet
2026-06-26 22:24:52.097 Df installcoordinationd[26512:893464] [com.apple.appinstallation:TransactionLog] com.DefaultCompany.NeonDrift.run.1782483479.44964/Unknown Persona:4:13:2:1:Install Options Promise completed. Coordinator State: IXAppCoordinationStatePlaceholderPromiseNotSet
2026-06-26 22:24:52.097 Df installcoordinationd[26512:893464] [com.apple.installcoordination:daemon] -[IXSCoordinatedAppInstall _internal_setAppAssetPromise:performExternalActions:]: <IXSCoordinatedAppInstall<0x1055e4000> [P=CoreSimulatorBridge (pid 13156)] identifier:[com.DefaultCompany.NeonDrift.run.1782483479.44964/Invalid/[system-defined]] uuid:3093F215-B50B-4B99-A6CE-A09CD31CCE17 intent:IXCoordinatorIntentUpdating creator/appDRI:InstallCoordination Simple SPI importance:UserWaiting state:IXAppCoordinationStatePlaceholderPromiseNotSet promise-state:0a2I4> : App Asset Promise set: <IXSPromisedTransferToPath(0x1054dd300) Name:App Asset: com.DefaultCompany.NeonDrift.run.1782483479.44964 Creator:InstallCoordination Simple SPI UUID:B0ED7CB2-A8B1-498C-AD9A-79AE258C36BC Location:[system-defined]>
2026-06-26 22:24:52.098 Df installcoordinationd[26512:893464] [com.apple.installcoordination:daemon] -[IXSCoordinatedAppInstall setInitialODRAssetPromises:]: <IXSCoordinatedAppInstall<0x1055e4000> [P=CoreSimulatorBridge (pid 13156)] identifier:[com.DefaultCompany.NeonDrift.run.1782483479.44964/Invalid/[system-defined]] uuid:3093F215-B50B-4B99-A6CE-A09CD31CCE17 intent:IXCoordinatorIntentUpdating creator/appDRI:InstallCoordination Simple SPI importance:UserWaiting state:IXAppCoordinationStatePlaceholderPromiseNotSet promise-state:0a2I4> : Initial ODR Asset Promises set: (
)
2026-06-26 22:24:52.098 Df CoreSimulatorBridge[13156:88dbc5] [com.apple.installcoordination:framework] -[IXPromisedTransferToPath _performDeltaCopyFrom:toDestination:]: Performing delta copy from /Users/dragonkao/.openclaw/workspace/382b9e3384298039b171c9b2a60ae644/NeonDrift_MVP/project/xcode_derived_data/Build/Products/Release-iphonesimulator/NeonDrift.run.1782483479.44964.app to /Users/dragonkao/Library/Developer/CoreSimulator/Devices/115FDF0C-5A2F-4686-909B-7F43F1450A28/data/Containers/Shared/SystemGroup/systemgroup.com.apple.installcoordinationd/Library/InstallCoordination/PromiseStaging/B0ED7CB2-A8B1-498C-AD9A-79AE258C36BC/NeonDrift.run.1782483479.44964.app with installed bundle at /Users/dragonkao/Library/Developer/CoreSimulator/Devices/115FDF0C-5A2F-4686-909B-7F43F1450A28/data/Containers/Bundle/Application/F9342E06-6C29-408A-A5BC-65BBA32DF1BE/NeonDrift.run.1782483479.44964.app
2026-06-26 22:24:52.099 Df CoreSimulatorBridge[13156:88dbc5] (MobileSystemServices) 0x16f61b000 MDMCreateDeltaDirectory: calling MDMDirectoryDiff with:
state->old_bundle: /Users/dragonkao/Library/Developer/CoreSimulator/Devices/115FDF0C-5A2F-4686-909B-7F43F1450A28/data/Containers/Bundle/Application/F9342E06-6C29-408A-A5BC-65BBA32DF1BE/NeonDrift.run.1782483479.44964.app
state->new_bundle: /Users/dragonkao/.openclaw/workspace/382b9e3384298039b171c9b2a60ae644/NeonDrift_MVP/project/xcode_derived_data/Build/Products/Release-iphonesimulator/NeonDrift.run.1782483479.44964.app
state->dst_bundle: /Users/dragonkao/Library/Developer/CoreSimulator/Devices/115FDF0C-5A2F-4686-909B-7F43F1450A28/data/Containers/Shared/SystemGroup/systemgroup.com.apple.installcoordinationd/Library/InstallCoordination/PromiseStaging/B0ED7CB2-A8B1-498C-AD9A-79AE258C36BC/NeonDrift.run.1782483479.44964.app/Payload//NeonDrift.run.1782483479.44964.app, binaryDiff flag: FALSE
	dst_ipa: /Users/dragonkao/Library/Developer/CoreSimulator/Devices/115FDF0C-5A2F-4686-909B-7F43F1450A28/data/Containers/Shared/SystemGroup/systemg<…>
2026-06-26 22:24:52.100 Df CoreSimulatorBridge[13156:88dbc5] [com.apple.installcoordination:framework] -[IXPromisedTransferToPath setComplete:]: <IXPromisedTransferToPath<0x103458880> name:"App Asset: com.DefaultCompany.NeonDrift.run.1782483479.44964" uuid:B0ED7CB2-A8B1-498C-AD9A-79AE258C36BC creator:"InstallCoordination Simple SPI" location:[system-defined]> Delta Copy operation from /Users/dragonkao/.openclaw/workspace/382b9e3384298039b171c9b2a60ae644/NeonDrift_MVP/project/xcode_derived_data/Build/Products/Release-iphonesimulator/NeonDrift.run.1782483479.44964.app to /Users/dragonkao/Library/Developer/CoreSimulator/Devices/115FDF0C-5A2F-4686-909B-7F43F1450A28/data/Containers/Shared/SystemGroup/systemgroup.com.apple.installcoordinationd/Library/InstallCoordination/PromiseStaging/B0ED7CB2-A8B1-498C-AD9A-79AE258C36BC/NeonDrift.run.1782483479.44964.app took 0.002293 seconds
2026-06-26 22:24:52.101 Df installcoordinationd[26512:893464] [com.apple.installcoordination:daemon] -[IXSDataPromise _setPercentComplete:saveStateIfNeeded:]: Progress: <IXSPromisedTransferToPath(0x1054dd300) Name:App Asset: com.DefaultCompany.NeonDrift.run.1782483479.44964 Creator:InstallCoordination Simple SPI UUID:B0ED7CB2-A8B1-498C-AD9A-79AE258C36BC Location:[system-defined]>
2026-06-26 22:24:52.101 Df installcoordinationd[26512:893462] [com.apple.appinstallation:TransactionLog] com.DefaultCompany.NeonDrift.run.1782483479.44964/Unknown Persona:4:10:1:1:App Asset Promise began. Coordinator State: IXAppCoordinationStatePlaceholderPromiseNotSet
2026-06-26 22:24:52.101 Df CoreSimulatorBridge[13156:893467] [com.apple.installcoordination:framework] -[IXAppInstallCoordinator _clientDelegate_promiseDidBeginFulfillmentWithIdentifier:]: <IXUpdatingAppInstallCoordinator<0x103458740> identity:[com.DefaultCompany.NeonDrift.run.1782483479.44964/Invalid/[system-defined]] uuid:3093F215-B50B-4B99-A6CE-A09CD31CCE17 creator:InstallCoordination Simple SPI>: Got promise did begin fulfillment for identifier 2
2026-06-26 22:24:52.101 Df CoreSimulatorBridge[13156:893467] [com.apple.installcoordination:framework] -[IXAppInstallCoordinator _clientDelegate_promiseDidBeginFulfillmentWithIdentifier:]_block_invoke: <IXUpdatingAppInstallCoordinator<0x103458740> identity:[com.DefaultCompany.NeonDrift.run.1782483479.44964/Invalid/[system-defined]] uuid:3093F215-B50B-4B99-A6CE-A09CD31CCE17 creator:InstallCoordination Simple SPI>: Observer <_IXSimpleInstallerDelegate 0x0x101b18330> does not respond to coordinator:configuredPromiseDidBeginFulfillment: (or any deprecated equivalent)
2026-06-26 22:24:52.101 Df installcoordinationd[26512:88f9d9] [com.apple.installcoordination:daemon] -[IXSCoordinatedAppInstall promiseDidComplete:]: <IXSCoordinatedAppInstall<0x1055e4000> [P=CoreSimulatorBridge (pid 13156)] identifier:[com.DefaultCompany.NeonDrift.run.1782483479.44964/Invalid/[system-defined]] uuid:3093F215-B50B-4B99-A6CE-A09CD31CCE17 intent:IXCoordinatorIntentUpdating creator/appDRI:InstallCoordination Simple SPI importance:UserWaiting state:IXAppCoordinationStatePlaceholderPromiseNotSet promise-state:0A2I4> : Promise completed: <IXSPromisedTransferToPath(0x1054dd300) Name:App Asset: com.DefaultCompany.NeonDrift.run.1782483479.44964 Creator:InstallCoordination Simple SPI UUID:B0ED7CB2-A8B1-498C-AD9A-79AE258C36BC Location:[system-defined]>
2026-06-26 22:24:52.101 Df installcoordinationd[26512:893462] [com.apple.appinstallation:TransactionLog] com.DefaultCompany.NeonDrift.run.1782483479.44964/Unknown Persona:4:10:2:1:App Asset Promise completed. Coordinator State: IXAppCoordinationStatePlaceholderPromiseNotSet
2026-06-26 22:24:52.101 Df CoreSimulatorBridge[13156:893467] [com.apple.installcoordination:framework] -[IXAppInstallCoordinator _clientDelegate_didUpdateProgress:forPhase:overallProgress:]: <IXUpdatingAppInstallCoordinator<0x103458740> identity:[com.DefaultCompany.NeonDrift.run.1782483479.44964/Invalid/[system-defined]] uuid:3093F215-B50B-4B99-A6CE-A09CD31CCE17 creator:InstallCoordination Simple SPI>: Got did update progress delegate with percentComplete 100.000000 phase IXCoordinatorProgressPhaseLoading overallProgress 60.000000
2026-06-26 22:24:52.101 Df installcoordinationd[26512:893468] [com.apple.installcoordination:daemon] -[IXSCoordinatedAppInstall setPlaceholderPromise:]: <IXSCoordinatedAppInstall<0x1055e4000> [P=CoreSimulatorBridge (pid 13156)] identifier:[com.DefaultCompany.NeonDrift.run.1782483479.44964/Invalid/[system-defined]] uuid:3093F215-B50B-4B99-A6CE-A09CD31CCE17 intent:IXCoordinatorIntentUpdating creator/appDRI:InstallCoordination Simple SPI importance:UserWaiting state:IXAppCoordinationStateReadyForPlaceholderInstall promise-state:PA2I4> : Placeholder Promise set: <IXSPlaceholder(0x105510500) Name:App Placeholder: NeonDrift.run.1782483479.44964 (com.DefaultCompany.NeonDrift.run.1782483479.44964) Creator:InstallCoordination Simple SPI UUID:8CB2232F-52D7-4A18-ACD2-8A44EF484F7C Location:[system-defined]>
2026-06-26 22:24:52.101 Df installcoordinationd[26512:893462] [com.apple.installcoordination:daemon] -[IXSCoordinatedAppInstall promiseDidComplete:]: <IXSCoordinatedAppInstall<0x1055e4000> [P=CoreSimulatorBridge (pid 13156)] identifier:[com.DefaultCompany.NeonDrift.run.1782483479.44964/Invalid/[system-defined]] uuid:3093F215-B50B-4B99-A6CE-A09CD31CCE17 intent:IXCoordinatorIntentUpdating creator/appDRI:InstallCoordination Simple SPI importance:UserWaiting state:IXAppCoordinationStateReadyForPlaceholderInstall promise-state:PA2I4> : Promise completed: <IXSPlaceholder(0x105510500) Name:App Placeholder: NeonDrift.run.1782483479.44964 (com.DefaultCompany.NeonDrift.run.1782483479.44964) Creator:InstallCoordination Simple SPI UUID:8CB2232F-52D7-4A18-ACD2-8A44EF484F7C Location:[system-defined]>
2026-06-26 22:24:52.101 Df CoreSimulatorBridge[13156:893467] [com.apple.installcoordination:framework] -[IXAppInstallCoordinator _clientDelegate_didUpdateProgress:forPhase:overallProgress:]_block_invoke: <IXUpdatingAppInstallCoordinator<0x103458740> identity:[com.DefaultCompany.NeonDrift.run.1782483479.44964/Invalid/[system-defined]] uuid:3093F215-B50B-4B99-A6CE-A09CD31CCE17 creator:InstallCoordination Simple SPI>: Calling selector coordinator:didUpdateProgress:forPhase:overallProgress: on observer <_IXSimpleInstallerDelegate 0x0x101b18330>
2026-06-26 22:24:52.102 Df installcoordinationd[26512:893468] [com.apple.installcoordination:daemon] -[IXSCoordinatedAppInstall _onQueue_acquireAssertionAndInstallPlaceholder]: Acquiring termination assertion to install placeholder for [com.DefaultCompany.NeonDrift.run.1782483479.44964/Invalid/[system-defined]]
2026-06-26 22:24:52.102 Df installcoordinationd[26512:893468] [com.apple.installcoordination:daemon] -[IXSPendingOperationsTracker beginPendingOperationForIdentity:]_block_invoke: Beginning pending operation for [com.DefaultCompany.NeonDrift.run.1782483479.44964/Invalid/[system-defined]]
2026-06-26 22:24:52.102 Df installcoordinationd[26512:88f9d9] [com.apple.runningboard:process] Hit the server for a process handle f14006b0000c086 that resolved to: [app<com.DefaultCompany.NeonDrift.run.1782483479.44964((null))>:49286]
2026-06-26 22:24:52.102 Df runningboardd[13128:89343b] [com.apple.runningboard:connection] Received termination request from [osservice<com.apple.installcoordinationd>:26512] on <RBSProcessPredicate <RBSProcessBundleIdentifierPredicate "com.DefaultCompany.NeonDrift.run.1782483479.44964">> with context <RBSTerminateContext| explanation:installcoordinationd app:[com.DefaultCompany.NeonDrift.run.1782483479.44964/Invalid/[system-defined]] uuid:3093F215-B50B-4B99-A6CE-A09CD31CCE17 isPlaceholder:Y reportType:None maxTerminationResistance:Absolute attrs:[
	<RBSPreventLaunchLimitation| <RBSProcessPredicate <RBSProcessBundleIdentifierPredicate "com.DefaultCompany.NeonDrift.run.1782483479.44964">> allow:(null)>
	]>
2026-06-26 22:24:52.102 Df installcoordinationd[26512:88f9d9] [com.apple.runningboard:monitor] Received state update for 49286 (app<com.DefaultCompany.NeonDrift.run.1782483479.44964((null))>, running-active-NotVisible
2026-06-26 22:24:52.102 Df runningboardd[13128:89343d] [com.apple.runningboard:general] Found 0 extensions contained in com.DefaultCompany.NeonDrift.run.1782483479.44964
2026-06-26 22:24:52.103 Df runningboardd[13128:89343d] [com.apple.PlugInKit:holds] <PKManager:0x104c602a0> hold request for [/Users/dragonkao/Library/Developer/CoreSimulator/Devices/115FDF0C-5A2F-4686-909B-7F43F1450A28/data/Containers/Bundle/Application/F9342E06-6C29-408A-A5BC-65BBA32DF1BE/NeonDrift.run.1782483479.44964.app] with flags: 0x4
2026-06-26 22:24:52.103 Df NeonDrift.run.1782483479.44964[49286:891cb7] [com.apple.PlugInKit:discovery] Annotations changed, re-performing query for continuous discovery, report block = <0x11852f1b0>.
2026-06-26 22:24:52.103 Df NeonDrift.run.1782483479.44964[49286:891cd1] [com.apple.PlugInKit:discovery] Annotations changed, re-performing query for continuous discovery, report block = <0x11852f330>.
2026-06-26 22:24:52.103 Df NeonDrift.run.1782483479.44964[49286:891ccf] [com.apple.PlugInKit:discovery] Annotations changed, re-performing query for continuous discovery, report block = <0x11852f600>.
2026-06-26 22:24:52.103 Df runningboardd[13128:89343d] [com.apple.PlugInKit:holds] <PKManager:0x104c602a0> hold request for [/Users/dragonkao/Library/Developer/CoreSimulator/Devices/115FDF0C-5A2F-4686-909B-7F43F1450A28/data/Containers/Bundle/Application/F9342E06-6C29-408A-A5BC-65BBA32DF1BE/NeonDrift.run.1782483479.44964.app] with flags: 0x4 completed with hold token: [210D8A27-23C9-433E-A6E5-4F9EEF945D0D]
2026-06-26 22:24:52.103 Df NeonDrift.run.1782483479.44964[49286:891cb7] [com.apple.PlugInKit:discovery] [d 53F0C6A0-A41F-4CBE-ACB0-963F8B29B834] <PKHost:0x118524500> Beginning discovery for flags: 0, point: com.apple.AudioUnit
2026-06-26 22:24:52.103 Df runningboardd[13128:89343d] [com.apple.runningboard:ttl] Acquiring assertion targeting system from originator [osservice<com.apple.installcoordinationd>:26512] with description <RBSAssertionDescriptor| "installcoordinationd app:[com.DefaultCompany.NeonDrift.run.1782483479.44964/Invalid/[system-defined]] uuid:3093F215-B50B-4B99-A6CE-A09CD31CCE17 isPlaceholder:Y" ID:13128-26512-8884 target:system attributes:[
	<RBSPreventLaunchLimitation| <RBSProcessPredicate <RBSProcessBundleIdentifierPredicate "com.DefaultCompany.NeonDrift.run.1782483479.44964">> allow:(null)>
	]>
2026-06-26 22:24:52.103 Df NeonDrift.run.1782483479.44964[49286:891ccf] [com.apple.PlugInKit:discovery] [d 41770E95-5979-4733-BB6E-7441468C5205] <PKHost:0x118524500> Beginning discovery for flags: 0, point: com.apple.AudioUnit-Speech
2026-06-26 22:24:52.103 Df NeonDrift.run.1782483479.44964[49286:891cd1] [com.apple.PlugInKit:discovery] [d 568E9B60-FA07-4AE4-A485-79AEFEC8B141] <PKHost:0x118524500> Beginning discovery for flags: 0, point: com.apple.AudioUnit-UI
2026-06-26 22:24:52.103 Df runningboardd[13128:89343d] [com.apple.runningboard:process] Executing termination request for: <RBSProcessPredicate <RBSProcessBundleIdentifierPredicate "com.DefaultCompany.NeonDrift.run.1782483479.44964">>
2026-06-26 22:24:52.104 Df SpringBoard[13125:4bdd22] [com.apple.SpringBoard:Common] termination assertion acquired for com.DefaultCompany.NeonDrift.run.1782483479.44964
2026-06-26 22:24:52.104 Df SpringBoard[13125:4bdd22] [com.apple.SpringBoard:Icon] 0x12aaa3480-SBApplicationIcon Data source did change: <SBApplication: 0x12a877000; com.DefaultCompany.NeonDrift.run.1782483479.44964> {
    processState = <SBApplicationProcessState: 0x12622d780; pid: 49286; taskState: Running; visibility: Foreground>;
} (SBApplication)
2026-06-26 22:24:52.104 Df runningboardd[13128:89343d] [com.apple.runningboard:process] [app<com.DefaultCompany.NeonDrift.run.1782483479.44964((null))>:49286] Terminating with context: <RBSTerminateContext| explanation:installcoordinationd app:[com.DefaultCompany.NeonDrift.run.1782483479.44964/Invalid/[system-defined]] uuid:3093F215-B50B-4B99-A6CE-A09CD31CCE17 isPlaceholder:Y reportType:None maxTerminationResistance:Absolute attrs:[
	<RBSPreventLaunchLimitation| <RBSProcessPredicate <RBSProcessBundleIdentifierPredicate "com.DefaultCompany.NeonDrift.run.1782483479.44964">> allow:(null)>
	]>
2026-06-26 22:24:52.104 Df runningboardd[13128:89343d] [com.apple.runningboard:process] [app<com.DefaultCompany.NeonDrift.run.1782483479.44964((null))>:49286] terminate_with_reason() success
2026-06-26 22:24:52.104 Df SpringBoard[13125:891c90] [com.apple.FrontBoard:ProcessWorkspace] [app<com.DefaultCompany.NeonDrift.run.1782483479.44964>:49286] Workspace connection invalidated.
2026-06-26 22:24:52.104 Df SpringBoard[13125:891c90] [com.apple.FrontBoard:Process] [app<com.DefaultCompany.NeonDrift.run.1782483479.44964>:49286] Now flagged as pending exit for reason: workspace client connection invalidated
2026-06-26 22:24:52.104 Df backboardd[13147:893476] [com.apple.iohid:default] Connection removed: IOHIDEventSystemConnection uuid:0FD61877-1071-4551-B44F-EF290C346222 pid:49286 process:NeonDrift.run.1782483479.44964 type:Passive entitlements:0x0 caller:BackBoardServices: ___getHIDEventSystemClient_block_invoke + 296 attributes:{
    HighFrequency = 0;
    bundleID = "com.DefaultCompany.NeonDrift.run.1782483479.44964";
    pid = 49286;
} state:0x1 events:0 mask:0x0 dropped:0 dropStatus:0 droppedMask:0x0 lastDroppedTime:NONE
2026-06-26 22:24:52.104 Df backboardd[13147:893476] [com.apple.BackBoard:HID] Removing client connection <BKHIDClientConnection: 0x1128874c0; IOHIDEventSystemConnectionRef: 0x105eeee00; vpid: 49286(v27FA00); taskPort: 0x28263; bundleID: com.DefaultCompany.NeonDrift.run.1782483479.44964> for client: IOHIDEventSystemConnection uuid:0FD61877-1071-4551-B44F-EF290C346222 pid:49286 process:NeonDrift.run.1782483479.44964 type:Passive entitlements:0x0 caller:BackBoardServices: ___getHIDEventSystemClient_block_invoke + 296 attributes:{
    HighFrequency = 0;
    bundleID = "com.DefaultCompany.NeonDrift.run.1782483479.44964";
    pid = 49286;
} state:0x1 events:0 mask:0x0 dropped:0 dropStatus:0 droppedMask:0x0 lastDroppedTime:NONE source:HID
2026-06-26 22:24:52.104 Df backboardd[13147:893478] [com.apple.iohid:default] Connection removed: IOHIDEventSystemConnection uuid:CB455ADB-30C3-45A8-BF1E-BAE609E0C398 pid:49286 process:NeonDrift.run.1782483479.44964 type:Monitor entitlements:0x0 caller:GameControllerFoundation: -[GCHIDEventSystemClient initWithQueue:type:attributes:functions:] + 116 attributes:(null) state:0x1 events:0 mask:0x0 dropped:0 dropStatus:0 droppedMask:0x0 lastDroppedTime:NONE
2026-06-26 22:24:52.104 Df SpringBoard[13125:893477] [com.apple.KeyboardArbiter:Handle] com.DefaultCompany.NeonDrift.run.1782483479.44964(49286) lostConnection (invalidation)
2026-06-26 22:24:52.105 Df runningboardd[13128:89343c] [com.apple.runningboard:process] XPC connection invalidated: [app<com.DefaultCompany.NeonDrift.run.1782483479.44964((null))>:49286]
2026-06-26 22:24:52.105 Df SpringBoard[13125:893477] [com.apple.KeyboardArbiter:Handle] RX com.DefaultCompany.NeonDrift.run.1782483479.44964(49286) setWindowContextID:0 windowState:Disabled level:0.0
    focusContext:(null)
2026-06-26 22:24:52.105 Df backboardd[13147:8911f3] [com.apple.BackBoard:EventDelivery] chain did update (setDeferringRules) <keyboardFocus; display: null> containsEndOfChain: YES; [
    <token: com.apple.frontboard.systemappservices/FBSceneManager:com.apple.springboard; pid: 13125>,
    <token: com.apple.frontboard.systemappservices/FBSceneManager:sceneID%3Acom.DefaultCompany.NeonDrift.run.1782483479.44964-default; pid: 49286>
]
2026-06-26 22:24:52.105 Df backboardd[13147:8911f3] [com.apple.BackBoard:EventDelivery] chain did update (setDeferringRules) <keyboardFocus; display: builtin> containsEndOfChain: YES; [
    <token: com.apple.frontboard.systemappservices/FBSceneManager:com.apple.springboard; pid: 13125>,
    <token: com.apple.frontboard.systemappservices/FBSceneManager:sceneID%3Acom.DefaultCompany.NeonDrift.run.1782483479.44964-default; pid: 49286>
]
2026-06-26 22:24:52.105 Df SpringBoard[13125:4bdd22] [com.apple.SpringBoard:KeyboardFocus] [coordinator] using MRU target <com.apple.frontboard.systemappservices/FBSceneManager:sceneID%3Acom.DefaultCompany.NeonDrift.run.1782483479.44964-default pid:49286>
2026-06-26 22:24:52.106 Df SpringBoard[13125:4bdd22] [com.apple.SpringBoard:KeyboardFocus] [coordinator] informing scene controller 'com.apple.springboard' of focusTarget: <com.apple.frontboard.systemappservices/FBSceneManager:sceneID%3Acom.DefaultCompany.NeonDrift.run.1782483479.44964-default pid:49286>
2026-06-26 22:24:52.106 Df SpringBoard[13125:4bdd22] [com.apple.SpringBoard:KeyboardFocus] [coordinator] keyboard arbiter suggested <nothing> and we replied <com.apple.frontboard.systemappservices/FBSceneManager:sceneID%3Acom.DefaultCompany.NeonDrift.run.1782483479.44964-default pid:49286>
2026-06-26 22:24:52.106 Df installcoordinationd[26512:893468] [com.apple.runningboard:assertion] Setting up death monitor for [app<com.DefaultCompany.NeonDrift.run.1782483479.44964((null))>:49286]
2026-06-26 22:24:52.106 Df installcoordinationd[26512:893468] [com.apple.runningboard:process] Starting death monitoring for handle [app<com.DefaultCompany.NeonDrift.run.1782483479.44964((null))>:49286]
2026-06-26 22:24:52.106 E  SpringBoard[13125:89219f] [com.apple.UIKit:KeyboardArbiter] Advisor: No handle found for currently focused PID: 49286; sceneIdentity: com.apple.frontboard.systemappservices/FBSceneManager:sceneID%3Acom.DefaultCompany.NeonDrift.run.1782483479.44964-default
2026-06-26 22:24:52.106 Df installcoordinationd[26512:88f9d9] [com.apple.appinstallation:TransactionLog] com.DefaultCompany.NeonDrift.run.1782483479.44964/Unknown Persona:4:9:1:1:Placeholder Promise began. Coordinator State: IXAppCoordinationStateWaitingForPlaceholderAssertion
2026-06-26 22:24:52.106 Df installcoordinationd[26512:88f9d9] [com.apple.installcoordination:daemon] -[IXSCoordinatorProgress setTotalUnitsCompleted:]: Progress for coordinator: [com.DefaultCompany.NeonDrift.run.1782483479.44964/Invalid/[system-defined]], Phase: IXCoordinatorProgressPhaseLoading, Percentage: 100.000000: Attempt to set units completed on finished progress: 100
2026-06-26 22:24:52.106 Df installcoordinationd[26512:88f9d9] [com.apple.appinstallation:TransactionLog] com.DefaultCompany.NeonDrift.run.1782483479.44964/Unknown Persona:4:9:2:1:Placeholder Promise completed. Coordinator State: IXAppCoordinationStateWaitingForPlaceholderAssertion
2026-06-26 22:24:52.106 Df CoreSimulatorBridge[13156:893467] [com.apple.installcoordination:framework] -[IXAppInstallCoordinator _clientDelegate_promiseDidBeginFulfillmentWithIdentifier:]: <IXUpdatingAppInstallCoordinator<0x103458740> identity:[com.DefaultCompany.NeonDrift.run.1782483479.44964/Invalid/[system-defined]] uuid:3093F215-B50B-4B99-A6CE-A09CD31CCE17 creator:InstallCoordination Simple SPI>: Got promise did begin fulfillment for identifier 1
2026-06-26 22:24:52.106 Df CoreSimulatorBridge[13156:893463] [com.apple.installcoordination:framework] -[IXAppInstallCoordinator _clientDelegate_promiseDidBeginFulfillmentWithIdentifier:]_block_invoke: <IXUpdatingAppInstallCoordinator<0x103458740> identity:[com.DefaultCompany.NeonDrift.run.1782483479.44964/Invalid/[system-defined]] uuid:3093F215-B50B-4B99-A6CE-A09CD31CCE17 creator:InstallCoordination Simple SPI>: Observer <_IXSimpleInstallerDelegate 0x0x101b18330> does not respond to coordinator:configuredPromiseDidBeginFulfillment: (or any deprecated equivalent)
2026-06-26 22:24:52.112 Df launchd_sim[13120:8929bf] [user/501/UIKitApplication:com.DefaultCompany.NeonDrift.run.1782483479.44964[e31c][rb-legacy] [49286]:] exited with exit reason (namespace: 15 code: 0x0) - OS_REASON_RUNNINGBOARD | <RBSTerminateContext| explanation:installcoordinationd app:[com.DefaultCompany.NeonDrift.run.1782483479.44964/Invalid/[system-defined]] uuid:3093F215-B50B-4B99-A6CE-A09CD31CCE17 isPlaceholder:Y reportType:None maxTerminationResistance:Absolute attrs:[
	<RBSPreventLaunchLimitation| <RBSProcessPredicate <RBSProcessBundleIdentifierPredicate "com.DefaultCompany.NeonDrift.run.1782483479.44964">> allow:(null)>
	]>, ran for 63387ms
