2026-06-26 22:37:19.654 Df installcoordinationd[63056:8a8d2e] [com.apple.installcoordination:daemon] -[IXSDataPromiseManager promise:didUpdateProgress:]: Unowned promise update progress to 0.000000 : <IXSPlaceholder(0x1059243c0) Name:App Placeholder: NeonDrift.run.1782484537.59589 (com.DefaultCompany.NeonDrift.run.1782484537.59589) Creator:InstallCoordination Simple SPI UUID:5D55C91D-4811-415C-957C-99F5629D4B4F Location:[system-defined]>
2026-06-26 22:37:19.655 Df installcoordinationd[63056:8a8d2e] [com.apple.installcoordination:daemon] -[IXSPlaceholder setConfigurationComplete:]: <IXSPlaceholder(0x1059243c0) Name:App Placeholder: NeonDrift.run.1782484537.59589 (com.DefaultCompany.NeonDrift.run.1782484537.59589) Creator:InstallCoordination Simple SPI UUID:5D55C91D-4811-415C-957C-99F5629D4B4F Location:[system-defined]>: setting configuration complete to Y
2026-06-26 22:37:19.655 Df installcoordinationd[63056:8a8d2e] [com.apple.installcoordination:daemon] -[IXSPlaceholder _materialize]: <IXSPlaceholder(0x1059243c0) Name:App Placeholder: NeonDrift.run.1782484537.59589 (com.DefaultCompany.NeonDrift.run.1782484537.59589) Creator:InstallCoordination Simple SPI UUID:5D55C91D-4811-415C-957C-99F5629D4B4F Location:[system-defined]>: Materializing placeholder at /Users/dragonkao/Library/Developer/CoreSimulator/Devices/CC47DE7A-8196-4465-A5A5-BB852C9C6C82/data/Containers/Shared/SystemGroup/systemgroup.com.apple.installcoordinationd/Library/InstallCoordination/PromiseStaging/5D55C91D-4811-415C-957C-99F5629D4B4F/NeonDrift.run.1782484537.59589.app
2026-06-26 22:37:19.655 Df installcoordinationd[63056:8a8d2e] [com.apple.installcoordination:daemon] -[IXSPlaceholder _materialize]: <IXSPlaceholder(0x1059243c0) Name:App Placeholder: NeonDrift.run.1782484537.59589 (com.DefaultCompany.NeonDrift.run.1782484537.59589) Creator:InstallCoordination Simple SPI UUID:5D55C91D-4811-415C-957C-99F5629D4B4F Location:[system-defined]>: Using Info.plist icon content: {
    CFBundleIcons =     {
        CFBundlePrimaryIcon =         {
            CFBundleIconName = AppIcon;
        };
    };
    "CFBundleIcons~ipad" =     {
        CFBundlePrimaryIcon =         {
            CFBundleIconName = AppIcon;
        };
    };
    ISIconPlatform = iPhoneOS;
}
2026-06-26 22:37:19.656 Df installcoordinationd[63056:8a8d2e] [com.apple.installcoordination:daemon] -[IXSPlaceholder _materialize]_block_invoke: <IXSPlaceholder(0x1059243c0) Name:App Placeholder: NeonDrift.run.1782484537.59589 (com.DefaultCompany.NeonDrift.run.1782484537.59589) Creator:InstallCoordination Simple SPI UUID:5D55C91D-4811-415C-957C-99F5629D4B4F Location:[system-defined]>: Using icon resource Assets.car
2026-06-26 22:37:19.656 Df installcoordinationd[63056:8a8d2e] [com.apple.installcoordination:daemon] -[IXSPlaceholder _materialize]: <IXSPlaceholder(0x1059243c0) Name:App Placeholder: NeonDrift.run.1782484537.59589 (com.DefaultCompany.NeonDrift.run.1782484537.59589) Creator:InstallCoordination Simple SPI UUID:5D55C91D-4811-415C-957C-99F5629D4B4F Location:[system-defined]>: Including lproj localizations for (
)
2026-06-26 22:37:19.656 Df installcoordinationd[63056:8a8c09] [com.apple.installcoordination:daemon] -[IXSDataPromiseManager promiseDidComplete:]: Unowned promise completed: <IXSPlaceholder(0x1059243c0) Name:App Placeholder: NeonDrift.run.1782484537.59589 (com.DefaultCompany.NeonDrift.run.1782484537.59589) Creator:InstallCoordination Simple SPI UUID:5D55C91D-4811-415C-957C-99F5629D4B4F Location:[system-defined]>
2026-06-26 22:37:19.658 Df installcoordinationd[63056:8a8c09] [com.apple.installcoordination:daemon] -[IXSDataPromiseManager registerPromise:]: Registered promise <IXSPromisedTransferToPath(0x1058f9580) Name:App Asset: com.DefaultCompany.NeonDrift.run.1782484537.59589 Creator:InstallCoordination Simple SPI UUID:F1E17B53-A056-4AEF-A42E-CD8E46DFD634 Location:[system-defined]> for UUID F1E17B53-A056-4AEF-A42E-CD8E46DFD634
2026-06-26 22:37:19.664 Df installcoordinationd[63056:8a8d2e] [com.apple.installcoordination:daemon] -[IXSCoordinatorManager coordinatorForIdentity:connection:error:creatingIfNotExisting:]_block_invoke: Registered coordinator: <IXSCoordinatedAppInstall<0x105a08000> [P=CoreSimulatorBridge (pid 62841)] identifier:[com.DefaultCompany.NeonDrift.run.1782484537.59589/Invalid/[system-defined]] uuid:2E97F6EB-39A4-4D55-A342-AEF727539A7A intent:IXCoordinatorIntentUpdating creator/appDRI:InstallCoordination Simple SPI importance:Background state:IXAppCoordinationStatePlaceholderPromiseNotSet promise-state:01234>
2026-06-26 22:37:19.664 Df installcoordinationd[63056:8a8d2e] [com.apple.appinstallation:TransactionLog] com.DefaultCompany.NeonDrift.run.1782484537.59589/Unknown Persona:4:2:1:1:Created coordinator with intent IXCoordinatorIntentUpdating for client InstallCoordination Simple SPI
2026-06-26 22:37:19.666 Df installcoordinationd[63056:8a8d2e] [com.apple.installcoordination:daemon] -[IXSCoordinatedAppInstall setPriorityBoostCompletion:withSourceInfo:]: <IXSCoordinatedAppInstall<0x105a08000> [P=CoreSimulatorBridge (pid 62841)] identifier:[com.DefaultCompany.NeonDrift.run.1782484537.59589/Invalid/[system-defined]] uuid:2E97F6EB-39A4-4D55-A342-AEF727539A7A intent:IXCoordinatorIntentUpdating creator/appDRI:InstallCoordination Simple SPI importance:Background state:IXAppCoordinationStatePlaceholderPromiseNotSet promise-state:01234>: Retaining completion from CoreSimulatorBridge (62841), QOS_CLASS_DEFAULT (0x15)
2026-06-26 22:37:19.666 Df installcoordinationd[63056:8a8d2e] [com.apple.installcoordination:daemon] -[IXSCoordinatedAppInstall setImportance:]: <IXSCoordinatedAppInstall<0x105a08000> [P=CoreSimulatorBridge (pid 62841)] identifier:[com.DefaultCompany.NeonDrift.run.1782484537.59589/Invalid/[system-defined]] uuid:2E97F6EB-39A4-4D55-A342-AEF727539A7A intent:IXCoordinatorIntentUpdating creator/appDRI:InstallCoordination Simple SPI importance:UserWaiting state:IXAppCoordinationStatePlaceholderPromiseNotSet promise-state:01234>: set importance to UserWaiting
2026-06-26 22:37:19.667 Df installcoordinationd[63056:8a8d2e] [com.apple.installcoordination:daemon] -[IXSCoordinatedAppInstall _onQueue_fireObserversForClient:]: <IXSCoordinatedAppInstall<0x105a08000> [P=CoreSimulatorBridge (pid 62841)] identifier:[com.DefaultCompany.NeonDrift.run.1782484537.59589/Invalid/[system-defined]] uuid:2E97F6EB-39A4-4D55-A342-AEF727539A7A intent:IXCoordinatorIntentUpdating creator/appDRI:InstallCoordination Simple SPI importance:UserWaiting state:IXAppCoordinationStatePlaceholderPromiseNotSet promise-state:01234>: Firing applicable observers for client <IXSClientConnection<0x1058594a0> client:CoreSimulatorBridge (pid 62841) uuid:E8A447D6-F10E-4254-B2A0-23723BC60610>
2026-06-26 22:37:19.667 Df installcoordinationd[63056:8a8d2e] [com.apple.installcoordination:daemon] -[IXSCoordinatedAppInstall setPriorityBoostCompletion:withSourceInfo:]: <IXSCoordinatedAppInstall<0x105a08000> [P=CoreSimulatorBridge (pid 62841)] identifier:[com.DefaultCompany.NeonDrift.run.1782484537.59589/Invalid/[system-defined]] uuid:2E97F6EB-39A4-4D55-A342-AEF727539A7A intent:IXCoordinatorIntentUpdating creator/appDRI:InstallCoordination Simple SPI importance:UserWaiting state:IXAppCoordinationStatePlaceholderPromiseNotSet promise-state:01234>: Disposing of completion from CoreSimulatorBridge (62841), QOS_CLASS_DEFAULT (0x15)
2026-06-26 22:37:19.667 Df installcoordinationd[63056:8a8d2e] [com.apple.installcoordination:daemon] -[IXSCoordinatedAppInstall setPriorityBoostCompletion:withSourceInfo:]: <IXSCoordinatedAppInstall<0x105a08000> [P=CoreSimulatorBridge (pid 62841)] identifier:[com.DefaultCompany.NeonDrift.run.1782484537.59589/Invalid/[system-defined]] uuid:2E97F6EB-39A4-4D55-A342-AEF727539A7A intent:IXCoordinatorIntentUpdating creator/appDRI:InstallCoordination Simple SPI importance:UserWaiting state:IXAppCoordinationStatePlaceholderPromiseNotSet promise-state:01234>: Retaining completion from CoreSimulatorBridge (62841), QOS_CLASS_DEFAULT (0x15)
2026-06-26 22:37:19.668 Df CoreSimulatorBridge[62841:8a8556] [com.apple.installcoordination:framework] -[IXAppInstallCoordinator _clientDelegate_didRegisterForObservation]: <IXUpdatingAppInstallCoordinator<0x106090ec0> identity:[com.DefaultCompany.NeonDrift.run.1782484537.59589/Invalid/[system-defined]] uuid:2E97F6EB-39A4-4D55-A342-AEF727539A7A creator:InstallCoordination Simple SPI>: Got observer registration delegate
2026-06-26 22:37:19.668 Df CoreSimulatorBridge[62841:8a8556] [com.apple.installcoordination:framework] -[IXAppInstallCoordinator _clientDelegate_shouldResume]: <IXUpdatingAppInstallCoordinator<0x106090ec0> identity:[com.DefaultCompany.NeonDrift.run.1782484537.59589/Invalid/[system-defined]] uuid:2E97F6EB-39A4-4D55-A342-AEF727539A7A creator:InstallCoordination Simple SPI>: Got should resume delegate
2026-06-26 22:37:19.668 Df CoreSimulatorBridge[62841:8a843c] [com.apple.installcoordination:framework] -[IXAppInstallCoordinator _clientDelegate_didRegisterForObservation]_block_invoke: <IXUpdatingAppInstallCoordinator<0x106090ec0> identity:[com.DefaultCompany.NeonDrift.run.1782484537.59589/Invalid/[system-defined]] uuid:2E97F6EB-39A4-4D55-A342-AEF727539A7A creator:InstallCoordination Simple SPI>: Observer <_IXSimpleInstallerDelegate 0x0x106058de0> does not respond to coordinatorDidRegisterForObservation:
2026-06-26 22:37:19.668 Df CoreSimulatorBridge[62841:8a843c] [com.apple.installcoordination:framework] -[IXAppInstallCoordinator _clientDelegate_shouldResume]_block_invoke: <IXUpdatingAppInstallCoordinator<0x106090ec0> identity:[com.DefaultCompany.NeonDrift.run.1782484537.59589/Invalid/[system-defined]] uuid:2E97F6EB-39A4-4D55-A342-AEF727539A7A creator:InstallCoordination Simple SPI>: Observer <_IXSimpleInstallerDelegate 0x0x106058de0> does not respond to coordinatorShouldResume:
2026-06-26 22:37:19.673 Df installcoordinationd[63056:8a8c09] [com.apple.installcoordination:daemon] -[IXSCoordinatedAppInstall _internal_setInstallOptionsPromise:performExternalActions:]: <IXSCoordinatedAppInstall<0x105a08000> [P=CoreSimulatorBridge (pid 62841)] identifier:[com.DefaultCompany.NeonDrift.run.1782484537.59589/Invalid/[system-defined]] uuid:2E97F6EB-39A4-4D55-A342-AEF727539A7A intent:IXCoordinatorIntentUpdating creator/appDRI:InstallCoordination Simple SPI importance:UserWaiting state:IXAppCoordinationStatePlaceholderPromiseNotSet promise-state:012I4> : install options set: <IXSPromisedInMemoryData(0x1058f9900) Name:MIInstallOptions data Creator:Install Coordination Internal UUID:726F8E7F-A481-4F80-918B-EF1C19220507 Location:[system-defined]>
2026-06-26 22:37:19.674 Df installcoordinationd[63056:8a8c09] [com.apple.installcoordination:daemon] -[IXSCoordinatedAppInstall promiseDidComplete:]: <IXSCoordinatedAppInstall<0x105a08000> [P=CoreSimulatorBridge (pid 62841)] identifier:[com.DefaultCompany.NeonDrift.run.1782484537.59589/Invalid/[system-defined]] uuid:2E97F6EB-39A4-4D55-A342-AEF727539A7A intent:IXCoordinatorIntentUpdating creator/appDRI:InstallCoordination Simple SPI importance:UserWaiting state:IXAppCoordinationStatePlaceholderPromiseNotSet promise-state:012I4> : Promise completed: <IXSPromisedInMemoryData(0x1058f9900) Name:MIInstallOptions data Creator:Install Coordination Internal UUID:726F8E7F-A481-4F80-918B-EF1C19220507 Location:[system-defined]>
2026-06-26 22:37:19.674 Df installcoordinationd[63056:8a8c09] [com.apple.appinstallation:TransactionLog] com.DefaultCompany.NeonDrift.run.1782484537.59589/Unknown Persona:4:13:1:1:Install Options Promise began. Coordinator State: IXAppCoordinationStatePlaceholderPromiseNotSet
2026-06-26 22:37:19.674 Df installcoordinationd[63056:8a8c09] [com.apple.appinstallation:TransactionLog] com.DefaultCompany.NeonDrift.run.1782484537.59589/Unknown Persona:4:13:2:1:Install Options Promise completed. Coordinator State: IXAppCoordinationStatePlaceholderPromiseNotSet
2026-06-26 22:37:19.675 Df installcoordinationd[63056:8a8d2e] [com.apple.installcoordination:daemon] -[IXSCoordinatedAppInstall _internal_setAppAssetPromise:performExternalActions:]: <IXSCoordinatedAppInstall<0x105a08000> [P=CoreSimulatorBridge (pid 62841)] identifier:[com.DefaultCompany.NeonDrift.run.1782484537.59589/Invalid/[system-defined]] uuid:2E97F6EB-39A4-4D55-A342-AEF727539A7A intent:IXCoordinatorIntentUpdating creator/appDRI:InstallCoordination Simple SPI importance:UserWaiting state:IXAppCoordinationStatePlaceholderPromiseNotSet promise-state:0a2I4> : App Asset Promise set: <IXSPromisedTransferToPath(0x1058f9580) Name:App Asset: com.DefaultCompany.NeonDrift.run.1782484537.59589 Creator:InstallCoordination Simple SPI UUID:F1E17B53-A056-4AEF-A42E-CD8E46DFD634 Location:[system-defined]>
2026-06-26 22:37:19.678 Df installcoordinationd[63056:8a8c09] [com.apple.installcoordination:daemon] -[IXSCoordinatedAppInstall setInitialODRAssetPromises:]: <IXSCoordinatedAppInstall<0x105a08000> [P=CoreSimulatorBridge (pid 62841)] identifier:[com.DefaultCompany.NeonDrift.run.1782484537.59589/Invalid/[system-defined]] uuid:2E97F6EB-39A4-4D55-A342-AEF727539A7A intent:IXCoordinatorIntentUpdating creator/appDRI:InstallCoordination Simple SPI importance:UserWaiting state:IXAppCoordinationStatePlaceholderPromiseNotSet promise-state:0a2I4> : Initial ODR Asset Promises set: (
)
2026-06-26 22:37:19.679 Df CoreSimulatorBridge[62841:8a8596] [com.apple.installcoordination:framework] -[IXPromisedTransferToPath _performDeltaCopyFrom:toDestination:]: Performing delta copy from /Users/dragonkao/.openclaw/workspace/382b9e3384298039b171c9b2a60ae644/NeonDrift_MVP/project/xcode_derived_data/Build/Products/Release-iphonesimulator/NeonDrift.run.1782484537.59589.app to /Users/dragonkao/Library/Developer/CoreSimulator/Devices/CC47DE7A-8196-4465-A5A5-BB852C9C6C82/data/Containers/Shared/SystemGroup/systemgroup.com.apple.installcoordinationd/Library/InstallCoordination/PromiseStaging/F1E17B53-A056-4AEF-A42E-CD8E46DFD634/NeonDrift.run.1782484537.59589.app with installed bundle at /Users/dragonkao/Library/Developer/CoreSimulator/Devices/CC47DE7A-8196-4465-A5A5-BB852C9C6C82/data/Containers/Bundle/Application/5843D728-B3ED-4935-A495-075940FA528B/NeonDrift.run.1782484537.59589.app
2026-06-26 22:37:19.680 Df CoreSimulatorBridge[62841:8a8596] (MobileSystemServices) 0x16b1db000 MDMCreateDeltaDirectory: calling MDMDirectoryDiff with:
state->old_bundle: /Users/dragonkao/Library/Developer/CoreSimulator/Devices/CC47DE7A-8196-4465-A5A5-BB852C9C6C82/data/Containers/Bundle/Application/5843D728-B3ED-4935-A495-075940FA528B/NeonDrift.run.1782484537.59589.app
state->new_bundle: /Users/dragonkao/.openclaw/workspace/382b9e3384298039b171c9b2a60ae644/NeonDrift_MVP/project/xcode_derived_data/Build/Products/Release-iphonesimulator/NeonDrift.run.1782484537.59589.app
state->dst_bundle: /Users/dragonkao/Library/Developer/CoreSimulator/Devices/CC47DE7A-8196-4465-A5A5-BB852C9C6C82/data/Containers/Shared/SystemGroup/systemgroup.com.apple.installcoordinationd/Library/InstallCoordination/PromiseStaging/F1E17B53-A056-4AEF-A42E-CD8E46DFD634/NeonDrift.run.1782484537.59589.app/Payload//NeonDrift.run.1782484537.59589.app, binaryDiff flag: FALSE
	dst_ipa: /Users/dragonkao/Library/Developer/CoreSimulator/Devices/CC47DE7A-8196-4465-A5A5-BB852C9C6C82/data/Containers/Shared/SystemGroup/systemg<…>
2026-06-26 22:37:19.684 Df CoreSimulatorBridge[62841:8a8596] [com.apple.installcoordination:framework] -[IXPromisedTransferToPath setComplete:]: <IXPromisedTransferToPath<0x106090c00> name:"App Asset: com.DefaultCompany.NeonDrift.run.1782484537.59589" uuid:F1E17B53-A056-4AEF-A42E-CD8E46DFD634 creator:"InstallCoordination Simple SPI" location:[system-defined]> Delta Copy operation from /Users/dragonkao/.openclaw/workspace/382b9e3384298039b171c9b2a60ae644/NeonDrift_MVP/project/xcode_derived_data/Build/Products/Release-iphonesimulator/NeonDrift.run.1782484537.59589.app to /Users/dragonkao/Library/Developer/CoreSimulator/Devices/CC47DE7A-8196-4465-A5A5-BB852C9C6C82/data/Containers/Shared/SystemGroup/systemgroup.com.apple.installcoordinationd/Library/InstallCoordination/PromiseStaging/F1E17B53-A056-4AEF-A42E-CD8E46DFD634/NeonDrift.run.1782484537.59589.app took 0.005439 seconds
2026-06-26 22:37:19.686 Df installcoordinationd[63056:8a8c09] [com.apple.installcoordination:daemon] -[IXSDataPromise _setPercentComplete:saveStateIfNeeded:]: Progress: <IXSPromisedTransferToPath(0x1058f9580) Name:App Asset: com.DefaultCompany.NeonDrift.run.1782484537.59589 Creator:InstallCoordination Simple SPI UUID:F1E17B53-A056-4AEF-A42E-CD8E46DFD634 Location:[system-defined]>
2026-06-26 22:37:19.686 Df installcoordinationd[63056:8a8d2e] [com.apple.appinstallation:TransactionLog] com.DefaultCompany.NeonDrift.run.1782484537.59589/Unknown Persona:4:10:1:1:App Asset Promise began. Coordinator State: IXAppCoordinationStatePlaceholderPromiseNotSet
2026-06-26 22:37:19.686 Df installcoordinationd[63056:8a8d2f] [com.apple.installcoordination:daemon] -[IXSCoordinatedAppInstall promiseDidComplete:]: <IXSCoordinatedAppInstall<0x105a08000> [P=CoreSimulatorBridge (pid 62841)] identifier:[com.DefaultCompany.NeonDrift.run.1782484537.59589/Invalid/[system-defined]] uuid:2E97F6EB-39A4-4D55-A342-AEF727539A7A intent:IXCoordinatorIntentUpdating creator/appDRI:InstallCoordination Simple SPI importance:UserWaiting state:IXAppCoordinationStatePlaceholderPromiseNotSet promise-state:0A2I4> : Promise completed: <IXSPromisedTransferToPath(0x1058f9580) Name:App Asset: com.DefaultCompany.NeonDrift.run.1782484537.59589 Creator:InstallCoordination Simple SPI UUID:F1E17B53-A056-4AEF-A42E-CD8E46DFD634 Location:[system-defined]>
2026-06-26 22:37:19.686 Df CoreSimulatorBridge[62841:8a843c] [com.apple.installcoordination:framework] -[IXAppInstallCoordinator _clientDelegate_promiseDidBeginFulfillmentWithIdentifier:]: <IXUpdatingAppInstallCoordinator<0x106090ec0> identity:[com.DefaultCompany.NeonDrift.run.1782484537.59589/Invalid/[system-defined]] uuid:2E97F6EB-39A4-4D55-A342-AEF727539A7A creator:InstallCoordination Simple SPI>: Got promise did begin fulfillment for identifier 2
2026-06-26 22:37:19.686 Df installcoordinationd[63056:8a8c09] [com.apple.appinstallation:TransactionLog] com.DefaultCompany.NeonDrift.run.1782484537.59589/Unknown Persona:4:10:2:1:App Asset Promise completed. Coordinator State: IXAppCoordinationStatePlaceholderPromiseNotSet
2026-06-26 22:37:19.686 Df CoreSimulatorBridge[62841:8a843c] [com.apple.installcoordination:framework] -[IXAppInstallCoordinator _clientDelegate_promiseDidBeginFulfillmentWithIdentifier:]_block_invoke: <IXUpdatingAppInstallCoordinator<0x106090ec0> identity:[com.DefaultCompany.NeonDrift.run.1782484537.59589/Invalid/[system-defined]] uuid:2E97F6EB-39A4-4D55-A342-AEF727539A7A creator:InstallCoordination Simple SPI>: Observer <_IXSimpleInstallerDelegate 0x0x106058de0> does not respond to coordinator:configuredPromiseDidBeginFulfillment: (or any deprecated equivalent)
2026-06-26 22:37:19.686 Df CoreSimulatorBridge[62841:8a843c] [com.apple.installcoordination:framework] -[IXAppInstallCoordinator _clientDelegate_didUpdateProgress:forPhase:overallProgress:]: <IXUpdatingAppInstallCoordinator<0x106090ec0> identity:[com.DefaultCompany.NeonDrift.run.1782484537.59589/Invalid/[system-defined]] uuid:2E97F6EB-39A4-4D55-A342-AEF727539A7A creator:InstallCoordination Simple SPI>: Got did update progress delegate with percentComplete 100.000000 phase IXCoordinatorProgressPhaseLoading overallProgress 60.000000
2026-06-26 22:37:19.686 Df CoreSimulatorBridge[62841:8a843c] [com.apple.installcoordination:framework] -[IXAppInstallCoordinator _clientDelegate_didUpdateProgress:forPhase:overallProgress:]_block_invoke: <IXUpdatingAppInstallCoordinator<0x106090ec0> identity:[com.DefaultCompany.NeonDrift.run.1782484537.59589/Invalid/[system-defined]] uuid:2E97F6EB-39A4-4D55-A342-AEF727539A7A creator:InstallCoordination Simple SPI>: Calling selector coordinator:didUpdateProgress:forPhase:overallProgress: on observer <_IXSimpleInstallerDelegate 0x0x106058de0>
2026-06-26 22:37:19.687 Df installcoordinationd[63056:8a8d3f] [com.apple.installcoordination:daemon] -[IXSCoordinatedAppInstall setPlaceholderPromise:]: <IXSCoordinatedAppInstall<0x105a08000> [P=CoreSimulatorBridge (pid 62841)] identifier:[com.DefaultCompany.NeonDrift.run.1782484537.59589/Invalid/[system-defined]] uuid:2E97F6EB-39A4-4D55-A342-AEF727539A7A intent:IXCoordinatorIntentUpdating creator/appDRI:InstallCoordination Simple SPI importance:UserWaiting state:IXAppCoordinationStateReadyForPlaceholderInstall promise-state:PA2I4> : Placeholder Promise set: <IXSPlaceholder(0x1059243c0) Name:App Placeholder: NeonDrift.run.1782484537.59589 (com.DefaultCompany.NeonDrift.run.1782484537.59589) Creator:InstallCoordination Simple SPI UUID:5D55C91D-4811-415C-957C-99F5629D4B4F Location:[system-defined]>
2026-06-26 22:37:19.687 Df installcoordinationd[63056:8a8d2e] [com.apple.installcoordination:daemon] -[IXSCoordinatedAppInstall promiseDidComplete:]: <IXSCoordinatedAppInstall<0x105a08000> [P=CoreSimulatorBridge (pid 62841)] identifier:[com.DefaultCompany.NeonDrift.run.1782484537.59589/Invalid/[system-defined]] uuid:2E97F6EB-39A4-4D55-A342-AEF727539A7A intent:IXCoordinatorIntentUpdating creator/appDRI:InstallCoordination Simple SPI importance:UserWaiting state:IXAppCoordinationStateReadyForPlaceholderInstall promise-state:PA2I4> : Promise completed: <IXSPlaceholder(0x1059243c0) Name:App Placeholder: NeonDrift.run.1782484537.59589 (com.DefaultCompany.NeonDrift.run.1782484537.59589) Creator:InstallCoordination Simple SPI UUID:5D55C91D-4811-415C-957C-99F5629D4B4F Location:[system-defined]>
2026-06-26 22:37:19.687 Df installcoordinationd[63056:8a8d3f] [com.apple.installcoordination:daemon] -[IXSCoordinatedAppInstall _onQueue_acquireAssertionAndInstallPlaceholder]: Acquiring termination assertion to install placeholder for [com.DefaultCompany.NeonDrift.run.1782484537.59589/Invalid/[system-defined]]
2026-06-26 22:37:19.687 Df installcoordinationd[63056:8a8d3f] [com.apple.installcoordination:daemon] -[IXSPendingOperationsTracker beginPendingOperationForIdentity:]_block_invoke: Beginning pending operation for [com.DefaultCompany.NeonDrift.run.1782484537.59589/Invalid/[system-defined]]
2026-06-26 22:37:19.696 Df runningboardd[62814:8a84b5] [com.apple.runningboard:connection] Received termination request from [osservice<com.apple.installcoordinationd>:63056] on <RBSProcessPredicate <RBSProcessBundleIdentifierPredicate "com.DefaultCompany.NeonDrift.run.1782484537.59589">> with context <RBSTerminateContext| explanation:installcoordinationd app:[com.DefaultCompany.NeonDrift.run.1782484537.59589/Invalid/[system-defined]] uuid:2E97F6EB-39A4-4D55-A342-AEF727539A7A isPlaceholder:Y reportType:None maxTerminationResistance:Absolute attrs:[
	<RBSPreventLaunchLimitation| <RBSProcessPredicate <RBSProcessBundleIdentifierPredicate "com.DefaultCompany.NeonDrift.run.1782484537.59589">> allow:(null)>
	]>
2026-06-26 22:37:19.696 Df runningboardd[62814:8a84b5] [com.apple.runningboard:general] Found 0 extensions contained in com.DefaultCompany.NeonDrift.run.1782484537.59589
2026-06-26 22:37:19.697 Df runningboardd[62814:8a84b5] [com.apple.PlugInKit:holds] <PKManager:0x1094a9620> hold request for [/Users/dragonkao/Library/Developer/CoreSimulator/Devices/CC47DE7A-8196-4465-A5A5-BB852C9C6C82/data/Containers/Bundle/Application/5843D728-B3ED-4935-A495-075940FA528B/NeonDrift.run.1782484537.59589.app] with flags: 0x4
2026-06-26 22:37:19.698 Df runningboardd[62814:8a84b6] [com.apple.PlugInKit:holds] <PKManager:0x1094a9620> hold request for [/Users/dragonkao/Library/Developer/CoreSimulator/Devices/CC47DE7A-8196-4465-A5A5-BB852C9C6C82/data/Containers/Bundle/Application/5843D728-B3ED-4935-A495-075940FA528B/NeonDrift.run.1782484537.59589.app] with flags: 0x4 completed with hold token: [F7512D1B-872A-410A-BFDE-630B4C14C828]
2026-06-26 22:37:19.698 Df runningboardd[62814:8a84b6] [com.apple.runningboard:ttl] Acquiring assertion targeting system from originator [osservice<com.apple.installcoordinationd>:63056] with description <RBSAssertionDescriptor| "installcoordinationd app:[com.DefaultCompany.NeonDrift.run.1782484537.59589/Invalid/[system-defined]] uuid:2E97F6EB-39A4-4D55-A342-AEF727539A7A isPlaceholder:Y" ID:62814-63056-178 target:system attributes:[
	<RBSPreventLaunchLimitation| <RBSProcessPredicate <RBSProcessBundleIdentifierPredicate "com.DefaultCompany.NeonDrift.run.1782484537.59589">> allow:(null)>
	]>
2026-06-26 22:37:19.699 Df runningboardd[62814:8a84b6] [com.apple.runningboard:process] Executing termination request for: <RBSProcessPredicate <RBSProcessBundleIdentifierPredicate "com.DefaultCompany.NeonDrift.run.1782484537.59589">>
2026-06-26 22:37:19.699 Df SpringBoard[62978:8a89b4] [com.apple.SpringBoard:Common] termination assertion acquired for com.DefaultCompany.NeonDrift.run.1782484537.59589
2026-06-26 22:37:19.699 Df SpringBoard[62978:8a89b4] [com.apple.SpringBoard:Icon] 0x10a5a27c0-SBApplicationIcon Data source did change: <SBApplication: 0x10a7ae700; com.DefaultCompany.NeonDrift.run.1782484537.59589> {
} (SBApplication)
2026-06-26 22:37:19.699 Df installcoordinationd[63056:8a8d3f] [com.apple.installcoordination:daemon] -[IXSCoordinatedAppInstall assertionAcquiredCallback]: RBS termination assertion observer called for <IXSCoordinatedAppInstall<0x105a08000> [P=CoreSimulatorBridge (pid 62841)] identifier:[com.DefaultCompany.NeonDrift.run.1782484537.59589/Invalid/[system-defined]] uuid:2E97F6EB-39A4-4D55-A342-AEF727539A7A intent:IXCoordinatorIntentUpdating creator/appDRI:InstallCoordination Simple SPI importance:UserWaiting state:IXAppCoordinationStateWaitingForPlaceholderAssertion promise-state:PA2I4>
2026-06-26 22:37:19.699 Df installcoordinationd[63056:8a8d2e] [com.apple.appinstallation:TransactionLog] com.DefaultCompany.NeonDrift.run.1782484537.59589/Unknown Persona:4:9:1:1:Placeholder Promise began. Coordinator State: IXAppCoordinationStateWaitingForPlaceholderAssertion
2026-06-26 22:37:19.699 Df installcoordinationd[63056:8a8d2e] [com.apple.installcoordination:daemon] -[IXSCoordinatorProgress setTotalUnitsCompleted:]: Progress for coordinator: [com.DefaultCompany.NeonDrift.run.1782484537.59589/Invalid/[system-defined]], Phase: IXCoordinatorProgressPhaseLoading, Percentage: 100.000000: Attempt to set units completed on finished progress: 100
2026-06-26 22:37:19.699 Df installcoordinationd[63056:8a8d2e] [com.apple.appinstallation:TransactionLog] com.DefaultCompany.NeonDrift.run.1782484537.59589/Unknown Persona:4:9:2:1:Placeholder Promise completed. Coordinator State: IXAppCoordinationStateWaitingForPlaceholderAssertion
2026-06-26 22:37:19.700 Df CoreSimulatorBridge[62841:8a843c] [com.apple.installcoordination:framework] -[IXAppInstallCoordinator _clientDelegate_promiseDidBeginFulfillmentWithIdentifier:]: <IXUpdatingAppInstallCoordinator<0x106090ec0> identity:[com.DefaultCompany.NeonDrift.run.1782484537.59589/Invalid/[system-defined]] uuid:2E97F6EB-39A4-4D55-A342-AEF727539A7A creator:InstallCoordination Simple SPI>: Got promise did begin fulfillment for identifier 1
2026-06-26 22:37:19.700 Df CoreSimulatorBridge[62841:8a843c] [com.apple.installcoordination:framework] -[IXAppInstallCoordinator _clientDelegate_promiseDidBeginFulfillmentWithIdentifier:]_block_invoke: <IXUpdatingAppInstallCoordinator<0x106090ec0> identity:[com.DefaultCompany.NeonDrift.run.1782484537.59589/Invalid/[system-defined]] uuid:2E97F6EB-39A4-4D55-A342-AEF727539A7A creator:InstallCoordination Simple SPI>: Observer <_IXSimpleInstallerDelegate 0x0x106058de0> does not respond to coordinator:configuredPromiseDidBeginFulfillment: (or any deprecated equivalent)
2026-06-26 22:37:19.700 Df installcoordinationd[63056:8a8d2e] [com.apple.installcoordination:daemon] -[IXSCoordinatedAppInstall _onQueue_installPlaceholder]: Acquired termination assertion for placeholder [com.DefaultCompany.NeonDrift.run.1782484537.59589/Invalid/[system-defined]]; proceeding with install.
2026-06-26 22:37:19.700 Df installcoordinationd[63056:8a8d2e] [com.apple.installcoordination:daemon] -[IXSPowerAssertion initWithAssertionName:details:]: Acquired power assertion IXPowerAssertion-12-[com.DefaultCompany.NeonDrift.run.1782484537.59589/Invalid/[system-defined]]
2026-06-26 22:37:19.701 Df installd[63129:8a8d45] (MobileSystemServices) 0x16f48b000 -[MIClientConnection _doInstallationForURL:identity:domain:options:operationType:completion:]: Install of "/Users/dragonkao/Library/Developer/CoreSimulator/Devices/CC47DE7A-8196-4465-A5A5-BB852C9C6C82/data/Containers/Shared/SystemGroup/systemgroup.com.apple.installcoordinationd/Library/InstallCoordination/PromiseStaging/5D55C91D-4811-415C-957C-99F5629D4B4F/NeonDrift.run.1782484537.59589.app" type Placeholder (LSInstallType = 1, Domain: MIInstallationDomainDefault) requested by installcoordinationd (pid 63056 (501/20))
2026-06-26 22:37:19.705 Df installd[63129:8a8d45] [com.apple.containermanager:xpc] Query; euid = 501, uid = 501, class = 1, identifier = [com.DefaultCompany.NeonDrift.run.1782484537.59589](1), flags = 300000002
2026-06-26 22:37:19.706 Df containermanagerd_system[62856:8a8d2d] [com.apple.containermanager:cache] Disk sync reporting on new entry: (com.DefaultCompany.NeonDrift.run.1782484537.59589|18446744073709551615|<MCMContainerPath: 0x1040f6350; [<MCMContainerClassPath: 0x10404d1a0; persona [(null)]; [/Users/dragonkao/Library/Developer/CoreSimulator/Devices/CC47DE7A-8196-4465-A5A5-BB852C9C6C82/data/Containers]/[Bundle]/[Application] created>]/[5843D728-B3ED-4935-A495-075940FA528B]/[(null)]>|0|CC64D52A-CB20-4D87-A8E5-08CB81781D1B|(null))
2026-06-26 22:37:19.706 Df installd[63129:8a8d45] [com.apple.containermanager:xpc] Query; euid = 501, uid = 501, class = 1, identifier = [com.DefaultCompany.NeonDrift.run.1782484537.59589](1), flags = 300000002
2026-06-26 22:37:19.802 Df installd[63129:8a8d45] [com.apple.containermanager:xpc] Query; euid = 501, uid = 501, class = 1, identifier = [com.DefaultCompany.NeonDrift.run.1782484537.59589](1), flags = 300000002
2026-06-26 22:37:19.803 Df installd[63129:8a8d45] [com.apple.containermanager:xpc] Query; euid = 501, uid = 501, class = 1, identifier = [com.DefaultCompany.NeonDrift.run.1782484537.59589](1), flags = 300000002
2026-06-26 22:37:19.805 Df installd[63129:8a8d45] (MobileSystemServices) 0x16f48b000 -[MIInstaller _installInstallable:containingSymlink:error:]: Installing <MIInstallableParallelPlaceholder ID=com.DefaultCompany.NeonDrift.run.1782484537.59589; Persona=com.apple.containermanager.primary-persona, Version=0, ShortVersion=1.0>
2026-06-26 22:37:19.805 Df installd[63129:8a8d45] [com.apple.appinstallation:TransactionLog] com.DefaultCompany.NeonDrift.run.1782484537.59589/com.apple.containermanager.primary-persona:7:2:1:1:Start : Install (Parallel Placeholder)
2026-06-26 22:37:19.810 Df runningboardd[62814:8a84b5] [com.apple.runningboard:process] Checking PreventLaunch: global:0 exPath:(null) predicates:{(
    <RBSProcessPredicate <RBSProcessBundleIdentifierPredicate "com.DefaultCompany.NeonDrift.run.1782484537.59589">>
)} allow:(null)
2026-06-26 22:37:19.932 Df runningboardd[62814:8a84b6] [com.apple.runningboard:process] Checking PreventLaunch: global:0 exPath:(null) predicates:{(
    <RBSProcessPredicate <RBSProcessBundleIdentifierPredicate "com.DefaultCompany.NeonDrift.run.1782484537.59589">>
)} allow:(null)
2026-06-26 22:37:19.948 Df searchd[62879:8a86ed] [com.apple.spotlight:default] Apps changed: (
    "com.apple.Passbook",
    "com.apple.MobileAddressBook",
    "com.apple.Fitness",
    "com.apple.DocumentsApp",
    "com.apple.MobileSMS",
    "com.apple.Maps",
    "com.apple.Passwords",
    "com.apple.mobilecal",
    "com.apple.Bridge",
    "com.apple.BarcodeScanner",
    "com.apple.Preferences",
    "com.apple.reminders",
    "com.apple.Health",
    "com.apple.news",
    "com.apple.mobileslideshow",
    "com.DefaultCompany.NeonDrift",
    "com.apple.mobilesafari",
    "com.DefaultCompany.NeonDrift.run.1782484537.59589",
    "com.apple.TVRemoteUIService",
    "com.apple.Preview",
    "com.apple.shortcuts",
    "com.DefaultCompany.NeonDrift.run.1782484282.54413"
)
2026-06-26 22:37:19.964 Df searchd[62879:8a869a] [com.apple.spotlight:default] _allInstalledApplicationsIdentifiers: {(
    "com.apple.Passbook",
    "com.apple.MobileAddressBook",
    "com.apple.Fitness",
    "com.apple.DocumentsApp",
    "com.apple.MobileSMS",
    "com.apple.Maps",
    "com.apple.Passwords",
    "com.apple.mobilecal",
    "com.apple.Bridge",
    "com.apple.BarcodeScanner",
    "com.apple.Preferences",
    "com.apple.reminders",
    "com.apple.Health",
    "com.apple.news",
    "com.apple.mobileslideshow",
    "com.DefaultCompany.NeonDrift",
    "com.apple.mobilesafari",
    "com.DefaultCompany.NeonDrift.run.1782484537.59589",
    "com.apple.TVRemoteUIService",
    "com.apple.Preview",
    "com.apple.shortcuts",
    "com.DefaultCompany.NeonDrift.run.1782484282.54413"
)}
2026-06-26 22:37:20.047 Df runningboardd[62814:8a84a7] [com.apple.runningboard:process] Checking PreventLaunch: global:0 exPath:(null) predicates:{(
    <RBSProcessPredicate <RBSProcessBundleIdentifierPredicate "com.DefaultCompany.NeonDrift.run.1782484537.59589">>
)} allow:(null)
2026-06-26 22:37:20.160 Df runningboardd[62814:8a84b6] [com.apple.runningboard:process] Checking PreventLaunch: global:0 exPath:(null) predicates:{(
    <RBSProcessPredicate <RBSProcessBundleIdentifierPredicate "com.DefaultCompany.NeonDrift.run.1782484537.59589">>
)} allow:(null)
2026-06-26 22:37:20.275 Df runningboardd[62814:8a84b0] [com.apple.runningboard:process] Checking PreventLaunch: global:0 exPath:(null) predicates:{(
    <RBSProcessPredicate <RBSProcessBundleIdentifierPredicate "com.DefaultCompany.NeonDrift.run.1782484537.59589">>
)} allow:(null)
2026-06-26 22:37:20.390 Df runningboardd[62814:8a84b0] [com.apple.runningboard:process] Checking PreventLaunch: global:0 exPath:(null) predicates:{(
    <RBSProcessPredicate <RBSProcessBundleIdentifierPredicate "com.DefaultCompany.NeonDrift.run.1782484537.59589">>
)} allow:(null)
2026-06-26 22:37:20.502 Df runningboardd[62814:8a84b7] [com.apple.runningboard:process] Checking PreventLaunch: global:0 exPath:(null) predicates:{(
    <RBSProcessPredicate <RBSProcessBundleIdentifierPredicate "com.DefaultCompany.NeonDrift.run.1782484537.59589">>
)} allow:(null)
2026-06-26 22:37:20.626 Df runningboardd[62814:8a84aa] [com.apple.runningboard:process] Checking PreventLaunch: global:0 exPath:(null) predicates:{(
    <RBSProcessPredicate <RBSProcessBundleIdentifierPredicate "com.DefaultCompany.NeonDrift.run.1782484537.59589">>
)} allow:(null)
2026-06-26 22:37:22.469 Df installd[63129:8a8d45] [com.apple.containermanager:query] Query; euid = 501, uid = 501, class = 4, identifier = [com.DefaultCompany.NeonDrift.run.1782484537.59589](1), flags = 300000002
2026-06-26 22:37:22.510 Df installd[63129:8a8d45] [com.apple.containermanager:query] Query; euid = 501, uid = 501, class = 4, identifier = [com.DefaultCompany.NeonDrift.run.1782484537.59589](1), flags = 300000002
2026-06-26 22:37:22.511 Df installd[63129:8a8d45] (MobileSystemServices) 0x16f48b000 -[MIInstallableParallelPlaceholder performInstallationWithError:]: Installing parallel placeholder for [com.DefaultCompany.NeonDrift.run.1782484537.59589/com.apple.containermanager.primary-persona/[system-defined]]
2026-06-26 22:37:22.513 Df installd[63129:8a8d45] [com.apple.containermanager:query] Query; euid = 501, uid = 501, class = 2, identifier = [com.DefaultCompany.NeonDrift.run.1782484537.59589](1), flags = 300000003
2026-06-26 22:37:22.519 Df containermanagerd[62871:8a8553] [com.apple.containermanager:cache] Disk sync reporting on new entry: (com.DefaultCompany.NeonDrift.run.1782484537.59589|18446744073709551615|<MCMContainerPath: 0x101b31900; [<MCMContainerClassPath: 0x1018497a0; persona [(null)]; [/Users/dragonkao/Library/Developer/CoreSimulator/Devices/CC47DE7A-8196-4465-A5A5-BB852C9C6C82/data/Containers]/[Data]/[Application] created>]/[9B3F324E-7EA2-40FD-A2DD-3D53F748A09F]/[(null)]>|1|D18BA0E9-D0DA-461B-A480-7559B0E0F3C2|(null))
2026-06-26 22:37:22.526 Df installd[63129:8a8d45] [com.apple.containermanager:query] Query; euid = 501, uid = 501, class = 2, identifier = [com.DefaultCompany.NeonDrift.run.1782484537.59589](1), flags = 300000002
2026-06-26 22:37:22.536 Df containermanagerd[62871:8a8553] [com.apple.containermanager:schema] [u D18BA0E9-D0DA-461B-A480-7559B0E0F3C2:p 9B3F324E-7EA2-40FD-A2DD-3D53F748A09F:c com.DefaultCompany.NeonDrift.run.1782484537.59589(2):i0] Successfully updated schema from (0) → (1), actions count = 6
2026-06-26 22:37:22.536 Df containermanagerd_system[62856:8a8d2d] [com.apple.containermanager:schema] [u CC64D52A-CB20-4D87-A8E5-08CB81781D1B:p 5843D728-B3ED-4935-A495-075940FA528B:c com.DefaultCompany.NeonDrift.run.1782484537.59589(1):i0] Successfully updated schema from (0) → (0), actions count = 0
2026-06-26 22:37:22.537 Df installd[63129:8a8d45] [com.apple.containermanager:xpc] Query; euid = 501, uid = 501, class = 1, identifier = [com.DefaultCompany.NeonDrift.run.1782484537.59589](1), flags = 300000002
2026-06-26 22:37:22.538 Df installd[63129:8a8d45] [com.apple.containermanager:unspecified] Requesting disk usage; class = 1, identifier = com.DefaultCompany.NeonDrift.run.1782484537.59589
2026-06-26 22:37:22.539 Df installd[63129:8a8d45] [com.apple.containermanager:query] Query; euid = 501, uid = 501, class = 7, identifier = [com.DefaultCompany.NeonDrift.run.1782484537.59589](1), flags = 300000001
2026-06-26 22:37:22.539 Df SpringBoard[62978:8a89b4] [com.apple.SpringBoard:Common] termination assertion released for com.DefaultCompany.NeonDrift.run.1782484537.59589
2026-06-26 22:37:22.539 Df SpringBoard[62978:8a89b4] [com.apple.SpringBoard:Icon] 0x10a5a27c0-SBApplicationIcon Data source did change: <SBApplication: 0x10a7ae700; com.DefaultCompany.NeonDrift.run.1782484537.59589> {
} (SBApplication)
2026-06-26 22:37:22.542 Df installd[63129:8a8d45] (MobileSystemServices) 0x16f48b000 -[MILaunchServicesOperationManager _onQueue_addPendingLaunchServicesOperation:error:]: Added pending LS operation <MILaunchServicesRegisterOperation: 870D3AA8-BF39-4BFD-B44C-E1D0F360BE92:1 com.DefaultCompany.NeonDrift.run.1782484537.59589/MIInstallationDomainSystemShared personas:[com.apple.containermanager.primary-persona]>
2026-06-26 22:37:22.543 Df lsd[62860:8a84c9] [com.apple.launchservices:appinstallation] Post installation registration: request to register com.DefaultCompany.NeonDrift.run.1782484537.59589, operation 870D3AA8-BF39-4BFD-B44C-E1D0F360BE92, from pid 63129
2026-06-26 22:37:22.544 Df lsd[62860:8a84c9] [com.apple.appinstallation:TransactionLog] com.DefaultCompany.NeonDrift.run.1782484537.59589/Unknown Persona:5:4:1:1:Registering bundles via registrant - start
2026-06-26 22:37:22.547 Df lsd[62860:8a84c9] [com.apple.appinstallation:TransactionLog] com.DefaultCompany.NeonDrift.run.1782484537.59589/Unknown Persona:5:5:1:1:Building bundle record for app
2026-06-26 22:37:22.547 Df lsd[62860:8a84c9] [com.apple.launchservices:appinstallation] Placeholder detected - Flagging bundle com.DefaultCompany.NeonDrift.run.1782484537.59589 incomplete
2026-06-26 22:37:22.547 Df lsd[62860:8a84c9] [com.apple.appinstallation:TransactionLog] com.DefaultCompany.NeonDrift.run.1782484537.59589/Unknown Persona:5:5:2:1:Built bundle record for app
2026-06-26 22:37:22.549 Df lsd[62860:8a84c9] [com.apple.appinstallation:TransactionLog] com.DefaultCompany.NeonDrift.run.1782484537.59589/Unknown Persona:5:4:2:1:Registered bundle status = success
2026-06-26 22:37:22.549 Df lsd[62860:8a84c9] [com.apple.appinstallation:TransactionLog] com.DefaultCompany.NeonDrift.run.1782484537.59589/Unknown Persona:5:4:2:1:Finished registering com.DefaultCompany.NeonDrift.run.1782484537.59589, bundle unit 460
2026-06-26 22:37:22.550 Df installd[63129:8a8d45] (MobileSystemServices) 0x16f48b000 -[MIJournal purgeJournalEntry:withError:]: Removing journal entry <MIInstallationJournalEntry<0x101ce8a00> [com.DefaultCompany.NeonDrift.run.1782484537.59589/com.apple.containermanager.primary-persona/[system-defined]]/MIInstallationDomainSystemShared op:3 phase:JournalPhaseDidRegisterWithLS version:0>
2026-06-26 22:37:22.550 Df lsd[62860:8a84c9] [com.apple.launchservices:progress] Sending applicationInstallsDidStart: for (
    "<LSApplicationProxy: 0x10333c000> com.DefaultCompany.NeonDrift.run.1782484537.59589 file:///Users/dragonkao/Library/Developer/CoreSimulator/Devices/CC47DE7A-8196-4465-A5A5-BB852C9C6C82/data/Containers/Bundle/Application/5843D728-B3ED-4935-A495-075940FA528B/com.apple.mobileinstallation.placeholder/ <com.DefaultCompany.NeonDrift.run.1782484537.59589 <placeholder >:1>"
)
2026-06-26 22:37:22.550 Df installd[63129:8a8d45] [com.apple.appinstallation:TransactionLog] com.DefaultCompany.NeonDrift.run.1782484537.59589/com.apple.containermanager.primary-persona:7:2:2:1:Success (End) : Install (Parallel Placeholder)
2026-06-26 22:37:22.550 Df installd[63129:8a8d45] (MobileSystemServices) 0x16f48b000 -[MIInstaller _logOperationCompletionWithStartTime:distributorID:]: Install successful for (Placeholder:com.DefaultCompany.NeonDrift.run.1782484537.59589) [Distributor: (null)]; Staging: 0.00s; Waiting: 0.00s; Preflight/Patch: 2.66s, Verifying: 0.04s; Overall: 2.85s
2026-06-26 22:37:22.550 Df lsd[62860:8a84c9] [com.apple.launchservices:progress] Created parent progress <NSProgress: com.DefaultCompany.NeonDrift.run.1782484537.59589 phase=InstallingPlaceholder; state=Waiting; finalPhase=Installing; fractionCompleted=0.000000>
2026-06-26 22:37:22.551 Df installcoordinationd[63056:8a8d2f] [com.apple.installcoordination:daemon] -[IXSPowerAssertion invalidate]: Released power assertion IXPowerAssertion-12-[com.DefaultCompany.NeonDrift.run.1782484537.59589/Invalid/[system-defined]]
2026-06-26 22:37:22.551 Df locationd[62835:8a845f] [com.apple.launchservices:appinstallation] LaunchServices observer: InstallsStarted (
    "<LSApplicationProxy: 0x105380600> com.DefaultCompany.NeonDrift.run.1782484537.59589 file:///Users/dragonkao/Library/Developer/CoreSimulator/Devices/CC47DE7A-8196-4465-A5A5-BB852C9C6C82/data/Containers/Bundle/Application/5843D728-B3ED-4935-A495-075940FA528B/com.apple.mobileinstallation.placeholder/ <com.DefaultCompany.NeonDrift.run.1782484537.59589 <placeholder >:1>"
)
2026-06-26 22:37:22.551 Df SpringBoard[62978:8a8b17] [com.apple.launchservices:appinstallation] LaunchServices observer: InstallsStarted (
    "<LSApplicationProxy: 0x1291a9800> com.DefaultCompany.NeonDrift.run.1782484537.59589 file:///Users/dragonkao/Library/Developer/CoreSimulator/Devices/CC47DE7A-8196-4465-A5A5-BB852C9C6C82/data/Containers/Bundle/Application/5843D728-B3ED-4935-A495-075940FA528B/com.apple.mobileinstallation.placeholder/ <com.DefaultCompany.NeonDrift.run.1782484537.59589 <placeholder >:1>"
)
2026-06-26 22:37:22.551 Df SpringBoard[62978:8a8b17] [com.apple.frontboard.ApplicationLibrary:observer] -[FBSApplicationLibrary applicationInstallsDidStart:] com.DefaultCompany.NeonDrift.run.1782484537.59589
2026-06-26 22:37:22.551 Df routined[62819:8a8628] [com.apple.launchservices:appinstallation] LaunchServices observer: InstallsStarted (
    "<LSApplicationProxy: 0x10516ce40> com.DefaultCompany.NeonDrift.run.1782484537.59589 file:///Users/dragonkao/Library/Developer/CoreSimulator/Devices/CC47DE7A-8196-4465-A5A5-BB852C9C6C82/data/Containers/Bundle/Application/5843D728-B3ED-4935-A495-075940FA528B/com.apple.mobileinstallation.placeholder/ <com.DefaultCompany.NeonDrift.run.1782484537.59589 <placeholder >:1>"
)
2026-06-26 22:37:22.551 Df installcoordinationd[63056:8a8d2f] [com.apple.installcoordination:daemon] -[IXSPendingOperationsTracker endPendingOperationForIdentity:]_block_invoke: Ending pending operation for [com.DefaultCompany.NeonDrift.run.1782484537.59589/Invalid/[system-defined]]
2026-06-26 22:37:22.551 Df SpringBoard[62978:8a8b17] [com.apple.frontboard.ApplicationLibrary:default] Added placeholder: <SBApplicationPlaceholderProxy: 0x10a8d6280; com.DefaultCompany.NeonDrift.run.1782484537.59589 (NeonDrift.run.1782484537.59589); LSInstallType: StoreDownload>
2026-06-26 22:37:22.552 Df SpringBoard[62978:8a89b4] [com.apple.frontboard.ApplicationLibrary:sb.placeholder] App placeholder proxies added: (
    "<SBApplicationPlaceholderProxy: 0x10a8d6280; com.DefaultCompany.NeonDrift.run.1782484537.59589 (NeonDrift.run.1782484537.59589); LSInstallType: StoreDownload>"
), currentlyKnownExistingPlaceholders: {
}
2026-06-26 22:37:22.552 Df SpringBoard[62978:8a89b4] [com.apple.appinstallation:TransactionLog] com.DefaultCompany.NeonDrift.run.1782484537.59589/Unknown Persona:10:0:1:1:Placeholder add BEGIN
2026-06-26 22:37:22.552 Df financed[62899:8a8697] [com.apple.launchservices:appinstallation] LaunchServices observer: InstallsStarted (
    "<LSApplicationProxy: 0x105e3b3c0> com.DefaultCompany.NeonDrift.run.1782484537.59589 file:///Users/dragonkao/Library/Developer/CoreSimulator/Devices/CC47DE7A-8196-4465-A5A5-BB852C9C6C82/data/Containers/Bundle/Application/5843D728-B3ED-4935-A495-075940FA528B/com.apple.mobileinstallation.placeholder/ <com.DefaultCompany.NeonDrift.run.1782484537.59589 <placeholder >:1>"
)
2026-06-26 22:37:22.552 Df dasd[62837:8a8484] [com.apple.launchservices:appinstallation] LaunchServices observer: InstallsStarted (
    "<LSApplicationProxy: 0x102374240> com.DefaultCompany.NeonDrift.run.1782484537.59589 file:///Users/dragonkao/Library/Developer/CoreSimulator/Devices/CC47DE7A-8196-4465-A5A5-BB852C9C6C82/data/Containers/Bundle/Application/5843D728-B3ED-4935-A495-075940FA528B/com.apple.mobileinstallation.placeholder/ <com.DefaultCompany.NeonDrift.run.1782484537.59589 <placeholder >:1>"
)
2026-06-26 22:37:22.552 Df installcoordinationd[63056:8a8d2f] [com.apple.installcoordination:daemon] -[IXSCoordinatedAppInstall setPlaceholderInstallState:withLSRecordPromiseForCompletion:]: <IXSCoordinatedAppInstall<0x105a08000> [P=CoreSimulatorBridge (pid 62841)] identifier:[com.DefaultCompany.NeonDrift.run.1782484537.59589/Invalid/[system-defined]] uuid:2E97F6EB-39A4-4D55-A342-AEF727539A7A intent:IXCoordinatorIntentUpdating creator/appDRI:InstallCoordination Simple SPI importance:UserWaiting state:IXAppCoordinationStateReadyForInstall promise-state:PA2I4>: Placeholder install completed.
2026-06-26 22:37:22.552 Df homed[62905:8a8731] [com.apple.launchservices:appinstallation] LaunchServices observer: InstallsStarted (
    "<LSApplicationProxy: 0x1056b0540> com.DefaultCompany.NeonDrift.run.1782484537.59589 file:///Users/dragonkao/Library/Developer/CoreSimulator/Devices/CC47DE7A-8196-4465-A5A5-BB852C9C6C82/data/Containers/Bundle/Application/5843D728-B3ED-4935-A495-075940FA528B/com.apple.mobileinstallation.placeholder/ <com.DefaultCompany.NeonDrift.run.1782484537.59589 <placeholder >:1>"
)
2026-06-26 22:37:22.552 Df appstored[63050:8a8b4f] [com.apple.launchservices:appinstallation] LaunchServices observer: InstallsStarted (
    "<LSApplicationProxy: 0x101ee0240> com.DefaultCompany.NeonDrift.run.1782484537.59589 file:///Users/dragonkao/Library/Developer/CoreSimulator/Devices/CC47DE7A-8196-4465-A5A5-BB852C9C6C82/data/Containers/Bundle/Application/5843D728-B3ED-4935-A495-075940FA528B/com.apple.mobileinstallation.placeholder/ <com.DefaultCompany.NeonDrift.run.1782484537.59589 <placeholder >:1>"
)
2026-06-26 22:37:22.552 Df SpringBoard[62978:8a8b17] [com.apple.launchservices:progress] #LSInstallProgressList add subscriber: <_NSProgressSubscriber: 0x121b7c000> publishingString: com.DefaultCompany.NeonDrift.run.1782484537.59589
2026-06-26 22:37:22.552 Df mobiletimerd[62826:8a8417] [com.apple.launchservices:appinstallation] LaunchServices observer: InstallsStarted (
    "<LSApplicationProxy: 0x101e58300> com.DefaultCompany.NeonDrift.run.1782484537.59589 file:///Users/dragonkao/Library/Developer/CoreSimulator/Devices/CC47DE7A-8196-4465-A5A5-BB852C9C6C82/data/Containers/Bundle/Application/5843D728-B3ED-4935-A495-075940FA528B/com.apple.mobileinstallation.placeholder/ <com.DefaultCompany.NeonDrift.run.1782484537.59589 <placeholder >:1>"
)
2026-06-26 22:37:22.552 Df SpringBoard[62978:8a8b17] [com.apple.launchservices:progress] Subscribing to progress for app com.DefaultCompany.NeonDrift.run.1782484537.59589,
2026-06-26 22:37:22.552 E  SpringBoard[62978:8a8b17] [com.apple.frontboard.ApplicationLibrary:placeholder] Non-demoted placeholder for com.DefaultCompany.NeonDrift.run.1782484537.59589 has no associated NSProgress!
2026-06-26 22:37:22.552 Df usernotificationsd[62885:8a86ac] [com.apple.launchservices:appinstallation] LaunchServices observer: InstallsStarted (
    "<LSApplicationProxy: 0x1019b4600> com.DefaultCompany.NeonDrift.run.1782484537.59589 file:///Users/dragonkao/Library/Developer/CoreSimulator/Devices/CC47DE7A-8196-4465-A5A5-BB852C9C6C82/data/Containers/Bundle/Application/5843D728-B3ED-4935-A495-075940FA528B/com.apple.mobileinstallation.placeholder/ <com.DefaultCompany.NeonDrift.run.1782484537.59589 <placeholder >:1>"
)
2026-06-26 22:37:22.552 Df installcoordinationd[63056:8a8d2f] [com.apple.installprogress:server] initiating progress for [com.DefaultCompany.NeonDrift.run.1782484537.59589/Invalid/[system-defined]]
2026-06-26 22:37:22.552 Df SpringBoard[62978:8a89b4] [com.apple.SpringBoard:Icon] <<SBLeafIcon:0x10a5a27c0 [com.DefaultCompany.NeonDrift.run.1782484537.59589]>> Changing active data source: <SBApplicationIcon: 0x10a5a27c0; nodeID: com.DefaultCompany.NeonDrift.run.1782484537.59589; bundleID: com.DefaultCompany.NeonDrift.run.1782484537.59589>
2026-06-26 22:37:22.552 Df SpringBoard[62978:8a89b4] [com.apple.SpringBoard:Icon] <<SBLeafIcon:0x10a5a27c0 [com.DefaultCompany.NeonDrift.run.1782484537.59589]>> Changing from data souce: com.DefaultCompany.NeonDrift.run.1782484537.59589 to data source:com.DefaultCompany.NeonDrift.run.1782484537.59589.
2026-06-26 22:37:22.552 Df SpringBoard[62978:8a89b4] [com.apple.appinstallation:TransactionLog] com.DefaultCompany.NeonDrift.run.1782484537.59589/Unknown Persona:10:1:3:1:Created icon for placeholder.
