Timestamp               Ty Process[PID:TID]
2026-06-26 16:38:40.223 Df CoreSimulatorBridge[13156:7c31ac] Request received for installation of file:///Users/dragonkao/.openclaw/workspace/382b9e3384298039b171c9b2a60ae644/NeonDrift_MVP/project/xcode_derived_data/Build/Products/Release-iphonesimulator/NeonDrift.run.1782462220.97664.app/ with options: {
    PackageType = Developer;
    SimulatorRootPath = "/Library/Developer/CoreSimulator/Volumes/iOS_23F77/Library/Developer/CoreSimulator/Profiles/Runtimes/iOS 26.5.simruntime/Contents/Resources/RuntimeRoot";
    SimulatorUserPath = "/Users/dragonkao/Library/Developer/CoreSimulator/Devices/115FDF0C-5A2F-4686-909B-7F43F1450A28/data";
}
2026-06-26 16:38:40.224 Df CoreSimulatorBridge[13156:7c31ac] [com.apple.installcoordination:framework] +[IXAppInstallCoordinator(IXSimpleInstaller) _beginInstallForURL:forPersonaUniqueString:consumeSource:options:progressBlock:completionWithIdentity:]: Beginning install for /Users/dragonkao/.openclaw/workspace/382b9e3384298039b171c9b2a60ae644/NeonDrift_MVP/project/xcode_derived_data/Build/Products/Release-iphonesimulator/NeonDrift.run.1782462220.97664.app consuming source:N options:{
    IsUserInitiated = 1;
    PackageType = Developer;
} installationRequestorAuditToken: NULL
2026-06-26 16:38:40.229 Df installcoordinationd[26512:7c31b0] [com.apple.installcoordination:daemon] -[IXSDataPromiseManager registerPromise:]: Registered promise <IXSPlaceholder(0x105510500) Name:App Placeholder: NeonDrift.run.1782462220.97664 (com.DefaultCompany.NeonDrift.run.1782462220.97664) Creator:InstallCoordination Simple SPI UUID:E0E097B7-BDA8-4F09-AD8F-837D70726F8E Location:[system-defined]> for UUID E0E097B7-BDA8-4F09-AD8F-837D70726F8E
2026-06-26 16:38:40.230 Df installcoordinationd[26512:7c31b0] [com.apple.installcoordination:daemon] -[IXSPlaceholder setAttributes:]: <IXSPlaceholder(0x105510500) Name:App Placeholder: NeonDrift.run.1782462220.97664 (com.DefaultCompany.NeonDrift.run.1782462220.97664) Creator:InstallCoordination Simple SPI UUID:E0E097B7-BDA8-4F09-AD8F-837D70726F8E Location:[system-defined]>: setting placeholder attributes to <IXPlaceholderAttributes<0x1054a12c0> : {
    CFBundleShortVersionString = "1.0";
    CFBundleSupportedPlatforms =     (
        iPhoneSimulator
    );
    CFBundleVersion = 0;
    DTPlatformName = iphonesimulator;
    LSRequiresIPhoneOS = 1;
    MinimumOSVersion = "13.0";
    UIDeviceFamily =     (
        1,
        2
    );
    UIRequiredDeviceCapabilities =     {
        arm64 = 1;
        metal = 1;
    };
}>
2026-06-26 16:38:40.231 Df CoreSimulatorBridge[13156:7bf676] [com.apple.installcoordination:framework] +[IXPlaceholder _setEntitlementsFromBundleExecutableURL:withBundleID:client:onPlaceholder:location:error:]: Executable for com.DefaultCompany.NeonDrift.run.1782462220.97664 at NeonDrift.run.1782462220.97664 -- file:///Users/dragonkao/.openclaw/workspace/382b9e3384298039b171c9b2a60ae644/NeonDrift_MVP/project/xcode_derived_data/Build/Products/Release-iphonesimulator/NeonDrift.run.1782462220.97664.app/ had no entitlements
2026-06-26 16:38:40.231 Df CoreSimulatorBridge[13156:7bf676] [com.apple.installcoordination:framework] +[IXPlaceholder _placeholderForBundle:client:withParent:installType:metadata:placeholderType:mayBeDeltaPackage:isFromSerializedPlaceholder:location:error:]: Using full fidelity icons for com.DefaultCompany.NeonDrift.run.1782462220.97664 at /Users/dragonkao/.openclaw/workspace/382b9e3384298039b171c9b2a60ae644/NeonDrift_MVP/project/xcode_derived_data/Build/Products/Release-iphonesimulator/NeonDrift.run.1782462220.97664.app
2026-06-26 16:38:40.231 Df installcoordinationd[26512:7c31b0] [com.apple.installcoordination:daemon] -[IXSDataPromiseManager registerPromise:]: Registered promise <IXSPromisedTransferToPath(0x1054dd980) Name:Icon resources for com.DefaultCompany.NeonDrift.run.1782462220.97664 Creator:InstallCoordination Simple SPI UUID:24FDE8DA-7B2F-492F-97EA-D6B11A847461 Location:[system-defined]> for UUID 24FDE8DA-7B2F-492F-97EA-D6B11A847461
2026-06-26 16:38:40.234 Df CoreSimulatorBridge[13156:7bf676] [com.apple.installcoordination:framework] -[IXPromisedTransferToPath setComplete:]: <IXPromisedTransferToPath<0x103458640> name:"Icon resources for com.DefaultCompany.NeonDrift.run.1782462220.97664" uuid:24FDE8DA-7B2F-492F-97EA-D6B11A847461 creator:"InstallCoordination Simple SPI" location:[system-defined]> Move operation from /Users/dragonkao/Library/Developer/CoreSimulator/Devices/115FDF0C-5A2F-4686-909B-7F43F1450A28/data/Containers/Shared/SystemGroup/systemgroup.com.apple.installcoordinationd/Library/InstallCoordination/PromiseStaging/24FDE8DA-7B2F-492F-97EA-D6B11A847461/temp.4qQxE4 to /Users/dragonkao/Library/Developer/CoreSimulator/Devices/115FDF0C-5A2F-4686-909B-7F43F1450A28/data/Containers/Shared/SystemGroup/systemgroup.com.apple.installcoordinationd/Library/InstallCoordination/PromiseStaging/24FDE8DA-7B2F-492F-97EA-D6B11A847461/temp.4qQxE4 took 0.000040 seconds
2026-06-26 16:38:40.235 Df installcoordinationd[26512:7c31b0] [com.apple.installcoordination:daemon] -[IXSDataPromise _setPercentComplete:saveStateIfNeeded:]: Progress: <IXSPromisedTransferToPath(0x1054dd980) Name:Icon resources for com.DefaultCompany.NeonDrift.run.1782462220.97664 Creator:InstallCoordination Simple SPI UUID:24FDE8DA-7B2F-492F-97EA-D6B11A847461 Location:[system-defined]>
2026-06-26 16:38:40.236 Df installcoordinationd[26512:7c347a] [com.apple.installcoordination:daemon] -[IXSDataPromiseManager promiseDidBegin:]: Unowned promise began: <IXSPromisedTransferToPath(0x1054dd980) Name:Icon resources for com.DefaultCompany.NeonDrift.run.1782462220.97664 Creator:InstallCoordination Simple SPI UUID:24FDE8DA-7B2F-492F-97EA-D6B11A847461 Location:[system-defined]>
2026-06-26 16:38:40.236 Df installcoordinationd[26512:7c347a] [com.apple.installcoordination:daemon] -[IXSDataPromiseManager promise:didUpdateProgress:]: Unowned promise update progress to 1.000000 : <IXSPromisedTransferToPath(0x1054dd980) Name:Icon resources for com.DefaultCompany.NeonDrift.run.1782462220.97664 Creator:InstallCoordination Simple SPI UUID:24FDE8DA-7B2F-492F-97EA-D6B11A847461 Location:[system-defined]>
2026-06-26 16:38:40.236 Df installcoordinationd[26512:7c347a] [com.apple.installcoordination:daemon] -[IXSDataPromiseManager promiseDidComplete:]: Unowned promise completed: <IXSPromisedTransferToPath(0x1054dd980) Name:Icon resources for com.DefaultCompany.NeonDrift.run.1782462220.97664 Creator:InstallCoordination Simple SPI UUID:24FDE8DA-7B2F-492F-97EA-D6B11A847461 Location:[system-defined]>
2026-06-26 16:38:40.237 Df installcoordinationd[26512:7c31b0] [com.apple.installcoordination:daemon] -[IXSDataPromise _setPercentComplete:saveStateIfNeeded:]: Progress: <IXSPromisedInMemoryDictionary(0x1054dd800) Name:Info.plist icon content for com.DefaultCompany.NeonDrift.run.1782462220.97664 Creator:InstallCoordination Simple SPI UUID:41B60C57-ABFA-4A40-9A52-65B3C8919840 Location:[system-defined]>
2026-06-26 16:38:40.237 Df installcoordinationd[26512:7c31b0] [com.apple.installcoordination:daemon] -[IXSDataPromiseManager registerPromise:]: Registered promise <IXSPromisedInMemoryDictionary(0x1054dd800) Name:Info.plist icon content for com.DefaultCompany.NeonDrift.run.1782462220.97664 Creator:InstallCoordination Simple SPI UUID:41B60C57-ABFA-4A40-9A52-65B3C8919840 Location:[system-defined]> for UUID 41B60C57-ABFA-4A40-9A52-65B3C8919840
2026-06-26 16:38:40.237 Df installcoordinationd[26512:7c347a] [com.apple.installcoordination:daemon] -[IXSDataPromiseManager promiseDidBegin:]: Unowned promise began: <IXSPromisedInMemoryDictionary(0x1054dd800) Name:Info.plist icon content for com.DefaultCompany.NeonDrift.run.1782462220.97664 Creator:InstallCoordination Simple SPI UUID:41B60C57-ABFA-4A40-9A52-65B3C8919840 Location:[system-defined]>
2026-06-26 16:38:40.237 Df installcoordinationd[26512:7c347a] [com.apple.installcoordination:daemon] -[IXSDataPromiseManager promise:didUpdateProgress:]: Unowned promise update progress to 1.000000 : <IXSPromisedInMemoryDictionary(0x1054dd800) Name:Info.plist icon content for com.DefaultCompany.NeonDrift.run.1782462220.97664 Creator:InstallCoordination Simple SPI UUID:41B60C57-ABFA-4A40-9A52-65B3C8919840 Location:[system-defined]>
2026-06-26 16:38:40.237 Df installcoordinationd[26512:7c347a] [com.apple.installcoordination:daemon] -[IXSDataPromiseManager promiseDidComplete:]: Unowned promise completed: <IXSPromisedInMemoryDictionary(0x1054dd800) Name:Info.plist icon content for com.DefaultCompany.NeonDrift.run.1782462220.97664 Creator:InstallCoordination Simple SPI UUID:41B60C57-ABFA-4A40-9A52-65B3C8919840 Location:[system-defined]>
2026-06-26 16:38:40.237 Df installcoordinationd[26512:7c31b0] [com.apple.installcoordination:daemon] -[IXSPlaceholder setIconResourcesPromise:]: <IXSPlaceholder(0x105510500) Name:App Placeholder: NeonDrift.run.1782462220.97664 (com.DefaultCompany.NeonDrift.run.1782462220.97664) Creator:InstallCoordination Simple SPI UUID:E0E097B7-BDA8-4F09-AD8F-837D70726F8E Location:[system-defined]>: setting icon resources promise to <IXSPromisedTransferToPath(0x1054dd980) Name:Icon resources for com.DefaultCompany.NeonDrift.run.1782462220.97664 Creator:InstallCoordination Simple SPI UUID:24FDE8DA-7B2F-492F-97EA-D6B11A847461 Location:[system-defined]>
2026-06-26 16:38:40.238 Df installcoordinationd[26512:7c31b0] [com.apple.installcoordination:daemon] -[IXSPlaceholder setInfoPlistIconContentPromise:]: <IXSPlaceholder(0x105510500) Name:App Placeholder: NeonDrift.run.1782462220.97664 (com.DefaultCompany.NeonDrift.run.1782462220.97664) Creator:InstallCoordination Simple SPI UUID:E0E097B7-BDA8-4F09-AD8F-837D70726F8E Location:[system-defined]>: setting Info.plist icon content promise to <IXSPromisedInMemoryDictionary(0x1054dd800) Name:Info.plist icon content for com.DefaultCompany.NeonDrift.run.1782462220.97664 Creator:InstallCoordination Simple SPI UUID:41B60C57-ABFA-4A40-9A52-65B3C8919840 Location:[system-defined]>
2026-06-26 16:38:40.238 Df installcoordinationd[26512:7c31b0] [com.apple.installcoordination:daemon] -[IXSDataPromiseManager promiseDidBegin:]: Unowned promise began: <IXSPlaceholder(0x105510500) Name:App Placeholder: NeonDrift.run.1782462220.97664 (com.DefaultCompany.NeonDrift.run.1782462220.97664) Creator:InstallCoordination Simple SPI UUID:E0E097B7-BDA8-4F09-AD8F-837D70726F8E Location:[system-defined]>
2026-06-26 16:38:40.238 Df installcoordinationd[26512:7c31b0] [com.apple.installcoordination:daemon] -[IXSDataPromiseManager promise:didUpdateProgress:]: Unowned promise update progress to 0.000000 : <IXSPlaceholder(0x105510500) Name:App Placeholder: NeonDrift.run.1782462220.97664 (com.DefaultCompany.NeonDrift.run.1782462220.97664) Creator:InstallCoordination Simple SPI UUID:E0E097B7-BDA8-4F09-AD8F-837D70726F8E Location:[system-defined]>
2026-06-26 16:38:40.238 Df installcoordinationd[26512:7c31b0] [com.apple.installcoordination:daemon] -[IXSDataPromiseManager promise:didUpdateProgress:]: Unowned promise update progress to 0.000000 : <IXSPlaceholder(0x105510500) Name:App Placeholder: NeonDrift.run.1782462220.97664 (com.DefaultCompany.NeonDrift.run.1782462220.97664) Creator:InstallCoordination Simple SPI UUID:E0E097B7-BDA8-4F09-AD8F-837D70726F8E Location:[system-defined]>
2026-06-26 16:38:40.239 Df installcoordinationd[26512:7c31b0] [com.apple.installcoordination:daemon] -[IXSDataPromise _setPercentComplete:saveStateIfNeeded:]: Progress: <IXSPromisedInMemoryDictionary(0x1054de700) Name:Localizations for com.DefaultCompany.NeonDrift.run.1782462220.97664 Creator:InstallCoordination Simple SPI UUID:73F3F48B-7EF8-46F2-9659-7FB6644FD7C2 Location:[system-defined]>
2026-06-26 16:38:40.240 Df installcoordinationd[26512:7c31b0] [com.apple.installcoordination:daemon] -[IXSDataPromiseManager registerPromise:]: Registered promise <IXSPromisedInMemoryDictionary(0x1054de700) Name:Localizations for com.DefaultCompany.NeonDrift.run.1782462220.97664 Creator:InstallCoordination Simple SPI UUID:73F3F48B-7EF8-46F2-9659-7FB6644FD7C2 Location:[system-defined]> for UUID 73F3F48B-7EF8-46F2-9659-7FB6644FD7C2
2026-06-26 16:38:40.240 Df installcoordinationd[26512:7c9861] [com.apple.installcoordination:daemon] -[IXSDataPromiseManager promiseDidBegin:]: Unowned promise began: <IXSPromisedInMemoryDictionary(0x1054de700) Name:Localizations for com.DefaultCompany.NeonDrift.run.1782462220.97664 Creator:InstallCoordination Simple SPI UUID:73F3F48B-7EF8-46F2-9659-7FB6644FD7C2 Location:[system-defined]>
2026-06-26 16:38:40.240 Df installcoordinationd[26512:7c9861] [com.apple.installcoordination:daemon] -[IXSDataPromiseManager promise:didUpdateProgress:]: Unowned promise update progress to 1.000000 : <IXSPromisedInMemoryDictionary(0x1054de700) Name:Localizations for com.DefaultCompany.NeonDrift.run.1782462220.97664 Creator:InstallCoordination Simple SPI UUID:73F3F48B-7EF8-46F2-9659-7FB6644FD7C2 Location:[system-defined]>
2026-06-26 16:38:40.240 Df installcoordinationd[26512:7c9861] [com.apple.installcoordination:daemon] -[IXSDataPromiseManager promiseDidComplete:]: Unowned promise completed: <IXSPromisedInMemoryDictionary(0x1054de700) Name:Localizations for com.DefaultCompany.NeonDrift.run.1782462220.97664 Creator:InstallCoordination Simple SPI UUID:73F3F48B-7EF8-46F2-9659-7FB6644FD7C2 Location:[system-defined]>
2026-06-26 16:38:40.240 Df installcoordinationd[26512:7c31b0] [com.apple.installcoordination:daemon] -[IXSPlaceholder setLocalizationDictionaryPromise:]: <IXSPlaceholder(0x105510500) Name:App Placeholder: NeonDrift.run.1782462220.97664 (com.DefaultCompany.NeonDrift.run.1782462220.97664) Creator:InstallCoordination Simple SPI UUID:E0E097B7-BDA8-4F09-AD8F-837D70726F8E Location:[system-defined]>: setting localization dict promise to <IXSPromisedInMemoryDictionary(0x1054de700) Name:Localizations for com.DefaultCompany.NeonDrift.run.1782462220.97664 Creator:InstallCoordination Simple SPI UUID:73F3F48B-7EF8-46F2-9659-7FB6644FD7C2 Location:[system-defined]>
2026-06-26 16:38:40.241 Df installcoordinationd[26512:7c31b0] [com.apple.installcoordination:daemon] -[IXSDataPromiseManager promise:didUpdateProgress:]: Unowned promise update progress to 0.000000 : <IXSPlaceholder(0x105510500) Name:App Placeholder: NeonDrift.run.1782462220.97664 (com.DefaultCompany.NeonDrift.run.1782462220.97664) Creator:InstallCoordination Simple SPI UUID:E0E097B7-BDA8-4F09-AD8F-837D70726F8E Location:[system-defined]>
2026-06-26 16:38:40.241 Df installcoordinationd[26512:7c347a] [com.apple.installcoordination:daemon] -[IXSPlaceholder setConfigurationComplete:]: <IXSPlaceholder(0x105510500) Name:App Placeholder: NeonDrift.run.1782462220.97664 (com.DefaultCompany.NeonDrift.run.1782462220.97664) Creator:InstallCoordination Simple SPI UUID:E0E097B7-BDA8-4F09-AD8F-837D70726F8E Location:[system-defined]>: setting configuration complete to Y
2026-06-26 16:38:40.241 Df installcoordinationd[26512:7c347a] [com.apple.installcoordination:daemon] -[IXSPlaceholder _materialize]: <IXSPlaceholder(0x105510500) Name:App Placeholder: NeonDrift.run.1782462220.97664 (com.DefaultCompany.NeonDrift.run.1782462220.97664) Creator:InstallCoordination Simple SPI UUID:E0E097B7-BDA8-4F09-AD8F-837D70726F8E Location:[system-defined]>: Materializing placeholder at /Users/dragonkao/Library/Developer/CoreSimulator/Devices/115FDF0C-5A2F-4686-909B-7F43F1450A28/data/Containers/Shared/SystemGroup/systemgroup.com.apple.installcoordinationd/Library/InstallCoordination/PromiseStaging/E0E097B7-BDA8-4F09-AD8F-837D70726F8E/NeonDrift.run.1782462220.97664.app
2026-06-26 16:38:40.242 Df installcoordinationd[26512:7c347a] [com.apple.installcoordination:daemon] -[IXSPlaceholder _materialize]: <IXSPlaceholder(0x105510500) Name:App Placeholder: NeonDrift.run.1782462220.97664 (com.DefaultCompany.NeonDrift.run.1782462220.97664) Creator:InstallCoordination Simple SPI UUID:E0E097B7-BDA8-4F09-AD8F-837D70726F8E Location:[system-defined]>: Using Info.plist icon content: {
    CFBundleIcons =     {
        CFBundlePrimaryIcon =         {
            CFBundleIconName = AppIcon;
        };
    };
    "CFBundleIcons~ipad" =     {
        CFBundlePrimaryIcon =         {
            CFBundleIconName = AppIcon;
        };
    };
    ISIconPlatform = iPhoneOS;
}
2026-06-26 16:38:40.242 Df installcoordinationd[26512:7c347a] [com.apple.installcoordination:daemon] -[IXSPlaceholder _materialize]_block_invoke: <IXSPlaceholder(0x105510500) Name:App Placeholder: NeonDrift.run.1782462220.97664 (com.DefaultCompany.NeonDrift.run.1782462220.97664) Creator:InstallCoordination Simple SPI UUID:E0E097B7-BDA8-4F09-AD8F-837D70726F8E Location:[system-defined]>: Using icon resource Assets.car
2026-06-26 16:38:40.242 Df installcoordinationd[26512:7c347a] [com.apple.installcoordination:daemon] -[IXSPlaceholder _materialize]: <IXSPlaceholder(0x105510500) Name:App Placeholder: NeonDrift.run.1782462220.97664 (com.DefaultCompany.NeonDrift.run.1782462220.97664) Creator:InstallCoordination Simple SPI UUID:E0E097B7-BDA8-4F09-AD8F-837D70726F8E Location:[system-defined]>: Including lproj localizations for (
)
2026-06-26 16:38:40.242 Df installcoordinationd[26512:7c347a] [com.apple.installcoordination:daemon] -[IXSDataPromiseManager promiseDidComplete:]: Unowned promise completed: <IXSPlaceholder(0x105510500) Name:App Placeholder: NeonDrift.run.1782462220.97664 (com.DefaultCompany.NeonDrift.run.1782462220.97664) Creator:InstallCoordination Simple SPI UUID:E0E097B7-BDA8-4F09-AD8F-837D70726F8E Location:[system-defined]>
2026-06-26 16:38:40.243 Df installcoordinationd[26512:7c31b0] [com.apple.installcoordination:daemon] -[IXSDataPromiseManager registerPromise:]: Registered promise <IXSPromisedTransferToPath(0x1054de600) Name:App Asset: com.DefaultCompany.NeonDrift.run.1782462220.97664 Creator:InstallCoordination Simple SPI UUID:2048504E-A8C5-442E-8C76-0AE395458673 Location:[system-defined]> for UUID 2048504E-A8C5-442E-8C76-0AE395458673
2026-06-26 16:38:40.245 Df installcoordinationd[26512:7c31b0] [com.apple.installcoordination:daemon] -[IXSCoordinatorManager coordinatorForIdentity:connection:error:creatingIfNotExisting:]_block_invoke: Registered coordinator: <IXSCoordinatedAppInstall<0x1055e4000> [P=CoreSimulatorBridge (pid 13156)] identifier:[com.DefaultCompany.NeonDrift.run.1782462220.97664/Invalid/[system-defined]] uuid:9601D05C-478B-4E57-8B44-956BCB2E16D6 intent:IXCoordinatorIntentUpdating creator/appDRI:InstallCoordination Simple SPI importance:Background state:IXAppCoordinationStatePlaceholderPromiseNotSet promise-state:01234>
2026-06-26 16:38:40.245 Df installcoordinationd[26512:7c31b0] [com.apple.appinstallation:TransactionLog] com.DefaultCompany.NeonDrift.run.1782462220.97664/Unknown Persona:4:2:1:1:Created coordinator with intent IXCoordinatorIntentUpdating for client InstallCoordination Simple SPI
2026-06-26 16:38:40.246 Df installcoordinationd[26512:7c31b0] [com.apple.installcoordination:daemon] -[IXSCoordinatedAppInstall setPriorityBoostCompletion:withSourceInfo:]: <IXSCoordinatedAppInstall<0x1055e4000> [P=CoreSimulatorBridge (pid 13156)] identifier:[com.DefaultCompany.NeonDrift.run.1782462220.97664/Invalid/[system-defined]] uuid:9601D05C-478B-4E57-8B44-956BCB2E16D6 intent:IXCoordinatorIntentUpdating creator/appDRI:InstallCoordination Simple SPI importance:Background state:IXAppCoordinationStatePlaceholderPromiseNotSet promise-state:01234>: Retaining completion from CoreSimulatorBridge (13156), QOS_CLASS_DEFAULT (0x15)
2026-06-26 16:38:40.246 Df installcoordinationd[26512:7c31b0] [com.apple.installcoordination:daemon] -[IXSCoordinatedAppInstall setImportance:]: <IXSCoordinatedAppInstall<0x1055e4000> [P=CoreSimulatorBridge (pid 13156)] identifier:[com.DefaultCompany.NeonDrift.run.1782462220.97664/Invalid/[system-defined]] uuid:9601D05C-478B-4E57-8B44-956BCB2E16D6 intent:IXCoordinatorIntentUpdating creator/appDRI:InstallCoordination Simple SPI importance:UserWaiting state:IXAppCoordinationStatePlaceholderPromiseNotSet promise-state:01234>: set importance to UserWaiting
2026-06-26 16:38:40.246 Df installcoordinationd[26512:7c31b0] [com.apple.installcoordination:daemon] -[IXSCoordinatedAppInstall _onQueue_fireObserversForClient:]: <IXSCoordinatedAppInstall<0x1055e4000> [P=CoreSimulatorBridge (pid 13156)] identifier:[com.DefaultCompany.NeonDrift.run.1782462220.97664/Invalid/[system-defined]] uuid:9601D05C-478B-4E57-8B44-956BCB2E16D6 intent:IXCoordinatorIntentUpdating creator/appDRI:InstallCoordination Simple SPI importance:UserWaiting state:IXAppCoordinationStatePlaceholderPromiseNotSet promise-state:01234>: Firing applicable observers for client <IXSClientConnection<0x1054407e0> client:CoreSimulatorBridge (pid 13156) uuid:91EA0638-10DA-4AE9-8353-ED9F7F8399EE>
2026-06-26 16:38:40.246 Df installcoordinationd[26512:7c31b0] [com.apple.installcoordination:daemon] -[IXSCoordinatedAppInstall setPriorityBoostCompletion:withSourceInfo:]: <IXSCoordinatedAppInstall<0x1055e4000> [P=CoreSimulatorBridge (pid 13156)] identifier:[com.DefaultCompany.NeonDrift.run.1782462220.97664/Invalid/[system-defined]] uuid:9601D05C-478B-4E57-8B44-956BCB2E16D6 intent:IXCoordinatorIntentUpdating creator/appDRI:InstallCoordination Simple SPI importance:UserWaiting state:IXAppCoordinationStatePlaceholderPromiseNotSet promise-state:01234>: Disposing of completion from CoreSimulatorBridge (13156), QOS_CLASS_DEFAULT (0x15)
2026-06-26 16:38:40.246 Df installcoordinationd[26512:7c31b0] [com.apple.installcoordination:daemon] -[IXSCoordinatedAppInstall setPriorityBoostCompletion:withSourceInfo:]: <IXSCoordinatedAppInstall<0x1055e4000> [P=CoreSimulatorBridge (pid 13156)] identifier:[com.DefaultCompany.NeonDrift.run.1782462220.97664/Invalid/[system-defined]] uuid:9601D05C-478B-4E57-8B44-956BCB2E16D6 intent:IXCoordinatorIntentUpdating creator/appDRI:InstallCoordination Simple SPI importance:UserWaiting state:IXAppCoordinationStatePlaceholderPromiseNotSet promise-state:01234>: Retaining completion from CoreSimulatorBridge (13156), QOS_CLASS_DEFAULT (0x15)
2026-06-26 16:38:40.246 Df CoreSimulatorBridge[13156:7c3478] [com.apple.installcoordination:framework] -[IXAppInstallCoordinator _clientDelegate_didRegisterForObservation]: <IXUpdatingAppInstallCoordinator<0x103458340> identity:[com.DefaultCompany.NeonDrift.run.1782462220.97664/Invalid/[system-defined]] uuid:9601D05C-478B-4E57-8B44-956BCB2E16D6 creator:InstallCoordination Simple SPI>: Got observer registration delegate
2026-06-26 16:38:40.246 Df CoreSimulatorBridge[13156:7c3478] [com.apple.installcoordination:framework] -[IXAppInstallCoordinator _clientDelegate_shouldResume]: <IXUpdatingAppInstallCoordinator<0x103458340> identity:[com.DefaultCompany.NeonDrift.run.1782462220.97664/Invalid/[system-defined]] uuid:9601D05C-478B-4E57-8B44-956BCB2E16D6 creator:InstallCoordination Simple SPI>: Got should resume delegate
2026-06-26 16:38:40.246 Df CoreSimulatorBridge[13156:7c3478] [com.apple.installcoordination:framework] -[IXAppInstallCoordinator _clientDelegate_didRegisterForObservation]_block_invoke: <IXUpdatingAppInstallCoordinator<0x103458340> identity:[com.DefaultCompany.NeonDrift.run.1782462220.97664/Invalid/[system-defined]] uuid:9601D05C-478B-4E57-8B44-956BCB2E16D6 creator:InstallCoordination Simple SPI>: Observer <_IXSimpleInstallerDelegate 0x0x101b1ad90> does not respond to coordinatorDidRegisterForObservation:
2026-06-26 16:38:40.246 Df CoreSimulatorBridge[13156:7c3478] [com.apple.installcoordination:framework] -[IXAppInstallCoordinator _clientDelegate_shouldResume]_block_invoke: <IXUpdatingAppInstallCoordinator<0x103458340> identity:[com.DefaultCompany.NeonDrift.run.1782462220.97664/Invalid/[system-defined]] uuid:9601D05C-478B-4E57-8B44-956BCB2E16D6 creator:InstallCoordination Simple SPI>: Observer <_IXSimpleInstallerDelegate 0x0x101b1ad90> does not respond to coordinatorShouldResume:
2026-06-26 16:38:40.248 Df installcoordinationd[26512:7c31b0] [com.apple.installcoordination:daemon] -[IXSCoordinatedAppInstall _internal_setInstallOptionsPromise:performExternalActions:]: <IXSCoordinatedAppInstall<0x1055e4000> [P=CoreSimulatorBridge (pid 13156)] identifier:[com.DefaultCompany.NeonDrift.run.1782462220.97664/Invalid/[system-defined]] uuid:9601D05C-478B-4E57-8B44-956BCB2E16D6 intent:IXCoordinatorIntentUpdating creator/appDRI:InstallCoordination Simple SPI importance:UserWaiting state:IXAppCoordinationStatePlaceholderPromiseNotSet promise-state:012I4> : install options set: <IXSPromisedInMemoryData(0x1054de480) Name:MIInstallOptions data Creator:Install Coordination Internal UUID:F8CA8A08-2DE1-4CED-AF0B-541BF96C32FE Location:[system-defined]>
2026-06-26 16:38:40.248 Df installcoordinationd[26512:7c347a] [com.apple.installcoordination:daemon] -[IXSCoordinatedAppInstall promiseDidComplete:]: <IXSCoordinatedAppInstall<0x1055e4000> [P=CoreSimulatorBridge (pid 13156)] identifier:[com.DefaultCompany.NeonDrift.run.1782462220.97664/Invalid/[system-defined]] uuid:9601D05C-478B-4E57-8B44-956BCB2E16D6 intent:IXCoordinatorIntentUpdating creator/appDRI:InstallCoordination Simple SPI importance:UserWaiting state:IXAppCoordinationStatePlaceholderPromiseNotSet promise-state:012I4> : Promise completed: <IXSPromisedInMemoryData(0x1054de480) Name:MIInstallOptions data Creator:Install Coordination Internal UUID:F8CA8A08-2DE1-4CED-AF0B-541BF96C32FE Location:[system-defined]>
2026-06-26 16:38:40.248 Df installcoordinationd[26512:7c347a] [com.apple.appinstallation:TransactionLog] com.DefaultCompany.NeonDrift.run.1782462220.97664/Unknown Persona:4:13:1:1:Install Options Promise began. Coordinator State: IXAppCoordinationStatePlaceholderPromiseNotSet
2026-06-26 16:38:40.248 Df installcoordinationd[26512:7c347a] [com.apple.appinstallation:TransactionLog] com.DefaultCompany.NeonDrift.run.1782462220.97664/Unknown Persona:4:13:2:1:Install Options Promise completed. Coordinator State: IXAppCoordinationStatePlaceholderPromiseNotSet
2026-06-26 16:38:40.248 Df installcoordinationd[26512:7c9861] [com.apple.installcoordination:daemon] -[IXSCoordinatedAppInstall _internal_setAppAssetPromise:performExternalActions:]: <IXSCoordinatedAppInstall<0x1055e4000> [P=CoreSimulatorBridge (pid 13156)] identifier:[com.DefaultCompany.NeonDrift.run.1782462220.97664/Invalid/[system-defined]] uuid:9601D05C-478B-4E57-8B44-956BCB2E16D6 intent:IXCoordinatorIntentUpdating creator/appDRI:InstallCoordination Simple SPI importance:UserWaiting state:IXAppCoordinationStatePlaceholderPromiseNotSet promise-state:0a2I4> : App Asset Promise set: <IXSPromisedTransferToPath(0x1054de600) Name:App Asset: com.DefaultCompany.NeonDrift.run.1782462220.97664 Creator:InstallCoordination Simple SPI UUID:2048504E-A8C5-442E-8C76-0AE395458673 Location:[system-defined]>
2026-06-26 16:38:40.249 Df installcoordinationd[26512:7c347a] [com.apple.installcoordination:daemon] -[IXSCoordinatedAppInstall setInitialODRAssetPromises:]: <IXSCoordinatedAppInstall<0x1055e4000> [P=CoreSimulatorBridge (pid 13156)] identifier:[com.DefaultCompany.NeonDrift.run.1782462220.97664/Invalid/[system-defined]] uuid:9601D05C-478B-4E57-8B44-956BCB2E16D6 intent:IXCoordinatorIntentUpdating creator/appDRI:InstallCoordination Simple SPI importance:UserWaiting state:IXAppCoordinationStatePlaceholderPromiseNotSet promise-state:0a2I4> : Initial ODR Asset Promises set: (
)
2026-06-26 16:38:40.249 Df CoreSimulatorBridge[13156:7bf676] [com.apple.installcoordination:framework] -[IXPromisedTransferToPath _performDeltaCopyFrom:toDestination:]: Performing delta copy from /Users/dragonkao/.openclaw/workspace/382b9e3384298039b171c9b2a60ae644/NeonDrift_MVP/project/xcode_derived_data/Build/Products/Release-iphonesimulator/NeonDrift.run.1782462220.97664.app to /Users/dragonkao/Library/Developer/CoreSimulator/Devices/115FDF0C-5A2F-4686-909B-7F43F1450A28/data/Containers/Shared/SystemGroup/systemgroup.com.apple.installcoordinationd/Library/InstallCoordination/PromiseStaging/2048504E-A8C5-442E-8C76-0AE395458673/NeonDrift.run.1782462220.97664.app with installed bundle at /Users/dragonkao/Library/Developer/CoreSimulator/Devices/115FDF0C-5A2F-4686-909B-7F43F1450A28/data/Containers/Bundle/Application/2BE2695E-C6B8-4181-BF71-ADFEE7D166FE/NeonDrift.run.1782462220.97664.app
2026-06-26 16:38:40.250 Df CoreSimulatorBridge[13156:7bf676] (MobileSystemServices) 0x16f58f000 MDMCreateDeltaDirectory: calling MDMDirectoryDiff with:
state->old_bundle: /Users/dragonkao/Library/Developer/CoreSimulator/Devices/115FDF0C-5A2F-4686-909B-7F43F1450A28/data/Containers/Bundle/Application/2BE2695E-C6B8-4181-BF71-ADFEE7D166FE/NeonDrift.run.1782462220.97664.app
state->new_bundle: /Users/dragonkao/.openclaw/workspace/382b9e3384298039b171c9b2a60ae644/NeonDrift_MVP/project/xcode_derived_data/Build/Products/Release-iphonesimulator/NeonDrift.run.1782462220.97664.app
state->dst_bundle: /Users/dragonkao/Library/Developer/CoreSimulator/Devices/115FDF0C-5A2F-4686-909B-7F43F1450A28/data/Containers/Shared/SystemGroup/systemgroup.com.apple.installcoordinationd/Library/InstallCoordination/PromiseStaging/2048504E-A8C5-442E-8C76-0AE395458673/NeonDrift.run.1782462220.97664.app/Payload//NeonDrift.run.1782462220.97664.app, binaryDiff flag: FALSE
	dst_ipa: /Users/dragonkao/Library/Developer/CoreSimulator/Devices/115FDF0C-5A2F-4686-909B-7F43F1450A28/data/Containers/Shared/SystemGroup/systemg<…>
2026-06-26 16:38:40.252 Df CoreSimulatorBridge[13156:7bf676] [com.apple.installcoordination:framework] -[IXPromisedTransferToPath setComplete:]: <IXPromisedTransferToPath<0x103458580> name:"App Asset: com.DefaultCompany.NeonDrift.run.1782462220.97664" uuid:2048504E-A8C5-442E-8C76-0AE395458673 creator:"InstallCoordination Simple SPI" location:[system-defined]> Delta Copy operation from /Users/dragonkao/.openclaw/workspace/382b9e3384298039b171c9b2a60ae644/NeonDrift_MVP/project/xcode_derived_data/Build/Products/Release-iphonesimulator/NeonDrift.run.1782462220.97664.app to /Users/dragonkao/Library/Developer/CoreSimulator/Devices/115FDF0C-5A2F-4686-909B-7F43F1450A28/data/Containers/Shared/SystemGroup/systemgroup.com.apple.installcoordinationd/Library/InstallCoordination/PromiseStaging/2048504E-A8C5-442E-8C76-0AE395458673/NeonDrift.run.1782462220.97664.app took 0.003381 seconds
2026-06-26 16:38:40.253 Df installcoordinationd[26512:7c347a] [com.apple.installcoordination:daemon] -[IXSDataPromise _setPercentComplete:saveStateIfNeeded:]: Progress: <IXSPromisedTransferToPath(0x1054de600) Name:App Asset: com.DefaultCompany.NeonDrift.run.1782462220.97664 Creator:InstallCoordination Simple SPI UUID:2048504E-A8C5-442E-8C76-0AE395458673 Location:[system-defined]>
2026-06-26 16:38:40.253 Df installcoordinationd[26512:7c31b0] [com.apple.appinstallation:TransactionLog] com.DefaultCompany.NeonDrift.run.1782462220.97664/Unknown Persona:4:10:1:1:App Asset Promise began. Coordinator State: IXAppCoordinationStatePlaceholderPromiseNotSet
2026-06-26 16:38:40.253 Df CoreSimulatorBridge[13156:7c9860] [com.apple.installcoordination:framework] -[IXAppInstallCoordinator _clientDelegate_promiseDidBeginFulfillmentWithIdentifier:]: <IXUpdatingAppInstallCoordinator<0x103458340> identity:[com.DefaultCompany.NeonDrift.run.1782462220.97664/Invalid/[system-defined]] uuid:9601D05C-478B-4E57-8B44-956BCB2E16D6 creator:InstallCoordination Simple SPI>: Got promise did begin fulfillment for identifier 2
2026-06-26 16:38:40.253 Df CoreSimulatorBridge[13156:7c9860] [com.apple.installcoordination:framework] -[IXAppInstallCoordinator _clientDelegate_promiseDidBeginFulfillmentWithIdentifier:]_block_invoke: <IXUpdatingAppInstallCoordinator<0x103458340> identity:[com.DefaultCompany.NeonDrift.run.1782462220.97664/Invalid/[system-defined]] uuid:9601D05C-478B-4E57-8B44-956BCB2E16D6 creator:InstallCoordination Simple SPI>: Observer <_IXSimpleInstallerDelegate 0x0x101b1ad90> does not respond to coordinator:configuredPromiseDidBeginFulfillment: (or any deprecated equivalent)
2026-06-26 16:38:40.253 Df installcoordinationd[26512:7c9861] [com.apple.installcoordination:daemon] -[IXSCoordinatedAppInstall promiseDidComplete:]: <IXSCoordinatedAppInstall<0x1055e4000> [P=CoreSimulatorBridge (pid 13156)] identifier:[com.DefaultCompany.NeonDrift.run.1782462220.97664/Invalid/[system-defined]] uuid:9601D05C-478B-4E57-8B44-956BCB2E16D6 intent:IXCoordinatorIntentUpdating creator/appDRI:InstallCoordination Simple SPI importance:UserWaiting state:IXAppCoordinationStatePlaceholderPromiseNotSet promise-state:0A2I4> : Promise completed: <IXSPromisedTransferToPath(0x1054de600) Name:App Asset: com.DefaultCompany.NeonDrift.run.1782462220.97664 Creator:InstallCoordination Simple SPI UUID:2048504E-A8C5-442E-8C76-0AE395458673 Location:[system-defined]>
2026-06-26 16:38:40.253 Df CoreSimulatorBridge[13156:7c9860] [com.apple.installcoordination:framework] -[IXAppInstallCoordinator _clientDelegate_didUpdateProgress:forPhase:overallProgress:]: <IXUpdatingAppInstallCoordinator<0x103458340> identity:[com.DefaultCompany.NeonDrift.run.1782462220.97664/Invalid/[system-defined]] uuid:9601D05C-478B-4E57-8B44-956BCB2E16D6 creator:InstallCoordination Simple SPI>: Got did update progress delegate with percentComplete 100.000000 phase IXCoordinatorProgressPhaseLoading overallProgress 60.000000
2026-06-26 16:38:40.253 Df installcoordinationd[26512:7c9861] [com.apple.appinstallation:TransactionLog] com.DefaultCompany.NeonDrift.run.1782462220.97664/Unknown Persona:4:10:2:1:App Asset Promise completed. Coordinator State: IXAppCoordinationStatePlaceholderPromiseNotSet
2026-06-26 16:38:40.253 Df CoreSimulatorBridge[13156:7c9860] [com.apple.installcoordination:framework] -[IXAppInstallCoordinator _clientDelegate_didUpdateProgress:forPhase:overallProgress:]_block_invoke: <IXUpdatingAppInstallCoordinator<0x103458340> identity:[com.DefaultCompany.NeonDrift.run.1782462220.97664/Invalid/[system-defined]] uuid:9601D05C-478B-4E57-8B44-956BCB2E16D6 creator:InstallCoordination Simple SPI>: Calling selector coordinator:didUpdateProgress:forPhase:overallProgress: on observer <_IXSimpleInstallerDelegate 0x0x101b1ad90>
2026-06-26 16:38:40.253 Df installcoordinationd[26512:7c31b0] [com.apple.installcoordination:daemon] -[IXSCoordinatedAppInstall setPlaceholderPromise:]: <IXSCoordinatedAppInstall<0x1055e4000> [P=CoreSimulatorBridge (pid 13156)] identifier:[com.DefaultCompany.NeonDrift.run.1782462220.97664/Invalid/[system-defined]] uuid:9601D05C-478B-4E57-8B44-956BCB2E16D6 intent:IXCoordinatorIntentUpdating creator/appDRI:InstallCoordination Simple SPI importance:UserWaiting state:IXAppCoordinationStateReadyForPlaceholderInstall promise-state:PA2I4> : Placeholder Promise set: <IXSPlaceholder(0x105510500) Name:App Placeholder: NeonDrift.run.1782462220.97664 (com.DefaultCompany.NeonDrift.run.1782462220.97664) Creator:InstallCoordination Simple SPI UUID:E0E097B7-BDA8-4F09-AD8F-837D70726F8E Location:[system-defined]>
2026-06-26 16:38:40.253 Df installcoordinationd[26512:7c9865] [com.apple.installcoordination:daemon] -[IXSCoordinatedAppInstall promiseDidComplete:]: <IXSCoordinatedAppInstall<0x1055e4000> [P=CoreSimulatorBridge (pid 13156)] identifier:[com.DefaultCompany.NeonDrift.run.1782462220.97664/Invalid/[system-defined]] uuid:9601D05C-478B-4E57-8B44-956BCB2E16D6 intent:IXCoordinatorIntentUpdating creator/appDRI:InstallCoordination Simple SPI importance:UserWaiting state:IXAppCoordinationStateReadyForPlaceholderInstall promise-state:PA2I4> : Promise completed: <IXSPlaceholder(0x105510500) Name:App Placeholder: NeonDrift.run.1782462220.97664 (com.DefaultCompany.NeonDrift.run.1782462220.97664) Creator:InstallCoordination Simple SPI UUID:E0E097B7-BDA8-4F09-AD8F-837D70726F8E Location:[system-defined]>
2026-06-26 16:38:40.254 Df installcoordinationd[26512:7c31b0] [com.apple.installcoordination:daemon] -[IXSCoordinatedAppInstall _onQueue_acquireAssertionAndInstallPlaceholder]: Acquiring termination assertion to install placeholder for [com.DefaultCompany.NeonDrift.run.1782462220.97664/Invalid/[system-defined]]
2026-06-26 16:38:40.254 Df installcoordinationd[26512:7c31b0] [com.apple.installcoordination:daemon] -[IXSPendingOperationsTracker beginPendingOperationForIdentity:]_block_invoke: Beginning pending operation for [com.DefaultCompany.NeonDrift.run.1782462220.97664/Invalid/[system-defined]]
2026-06-26 16:38:40.254 Df installcoordinationd[26512:7c347a] [com.apple.runningboard:process] Hit the server for a process handle 122539db00018143 that resolved to: [app<com.DefaultCompany.NeonDrift.run.1782462220.97664((null))>:98627]
2026-06-26 16:38:40.254 Df installcoordinationd[26512:7c347a] [com.apple.runningboard:monitor] Received state update for 98627 (app<com.DefaultCompany.NeonDrift.run.1782462220.97664((null))>, running-active-NotVisible
2026-06-26 16:38:40.255 Df runningboardd[13128:7c9866] [com.apple.runningboard:connection] Received termination request from [osservice<com.apple.installcoordinationd>:26512] on <RBSProcessPredicate <RBSProcessBundleIdentifierPredicate "com.DefaultCompany.NeonDrift.run.1782462220.97664">> with context <RBSTerminateContext| explanation:installcoordinationd app:[com.DefaultCompany.NeonDrift.run.1782462220.97664/Invalid/[system-defined]] uuid:9601D05C-478B-4E57-8B44-956BCB2E16D6 isPlaceholder:Y reportType:None maxTerminationResistance:Absolute attrs:[
	<RBSPreventLaunchLimitation| <RBSProcessPredicate <RBSProcessBundleIdentifierPredicate "com.DefaultCompany.NeonDrift.run.1782462220.97664">> allow:(null)>
	]>
2026-06-26 16:38:40.255 Df runningboardd[13128:7c901c] [com.apple.runningboard:general] Found 0 extensions contained in com.DefaultCompany.NeonDrift.run.1782462220.97664
2026-06-26 16:38:40.255 Df runningboardd[13128:7c901c] [com.apple.PlugInKit:holds] <PKManager:0x104c602a0> hold request for [/Users/dragonkao/Library/Developer/CoreSimulator/Devices/115FDF0C-5A2F-4686-909B-7F43F1450A28/data/Containers/Bundle/Application/2BE2695E-C6B8-4181-BF71-ADFEE7D166FE/NeonDrift.run.1782462220.97664.app] with flags: 0x4
2026-06-26 16:38:40.256 Df NeonDrift.run.1782462220.97664[98627:7c35fb] [com.apple.PlugInKit:discovery] Annotations changed, re-performing query for continuous discovery, report block = <0x116564e10>.
2026-06-26 16:38:40.257 Df NeonDrift.run.1782462220.97664[98627:7c35e6] [com.apple.PlugInKit:discovery] Annotations changed, re-performing query for continuous discovery, report block = <0x116564f90>.
2026-06-26 16:38:40.257 Df runningboardd[13128:7c901c] [com.apple.PlugInKit:holds] <PKManager:0x104c602a0> hold request for [/Users/dragonkao/Library/Developer/CoreSimulator/Devices/115FDF0C-5A2F-4686-909B-7F43F1450A28/data/Containers/Bundle/Application/2BE2695E-C6B8-4181-BF71-ADFEE7D166FE/NeonDrift.run.1782462220.97664.app] with flags: 0x4 completed with hold token: [30B04178-5164-48D6-8EF7-22EE8FAA797A]
2026-06-26 16:38:40.257 Df NeonDrift.run.1782462220.97664[98627:7c35e8] [com.apple.PlugInKit:discovery] Annotations changed, re-performing query for continuous discovery, report block = <0x116565050>.
2026-06-26 16:38:40.257 Df runningboardd[13128:7c901c] [com.apple.runningboard:ttl] Acquiring assertion targeting system from originator [osservice<com.apple.installcoordinationd>:26512] with description <RBSAssertionDescriptor| "installcoordinationd app:[com.DefaultCompany.NeonDrift.run.1782462220.97664/Invalid/[system-defined]] uuid:9601D05C-478B-4E57-8B44-956BCB2E16D6 isPlaceholder:Y" ID:13128-26512-6850 target:system attributes:[
	<RBSPreventLaunchLimitation| <RBSProcessPredicate <RBSProcessBundleIdentifierPredicate "com.DefaultCompany.NeonDrift.run.1782462220.97664">> allow:(null)>
	]>
2026-06-26 16:38:40.257 Df runningboardd[13128:7c901c] [com.apple.runningboard:process] Executing termination request for: <RBSProcessPredicate <RBSProcessBundleIdentifierPredicate "com.DefaultCompany.NeonDrift.run.1782462220.97664">>
2026-06-26 16:38:40.258 Df NeonDrift.run.1782462220.97664[98627:7c35fb] [com.apple.PlugInKit:discovery] [d 418425EF-4195-46A2-B3B9-C8D3B51B9411] <PKHost:0x1165404c0> Beginning discovery for flags: 0, point: com.apple.AudioUnit
2026-06-26 16:38:40.258 Df NeonDrift.run.1782462220.97664[98627:7c35e8] [com.apple.PlugInKit:discovery] [d FD86FD4D-155D-4CF8-BE91-92BE0250E30E] <PKHost:0x1165404c0> Beginning discovery for flags: 0, point: com.apple.AudioUnit-Speech
2026-06-26 16:38:40.258 Df NeonDrift.run.1782462220.97664[98627:7c35e6] [com.apple.PlugInKit:discovery] [d 5E9C9882-3141-4401-B198-99F91E70581B] <PKHost:0x1165404c0> Beginning discovery for flags: 0, point: com.apple.AudioUnit-UI
2026-06-26 16:38:40.258 Df SpringBoard[13125:4bdd22] [com.apple.SpringBoard:Common] termination assertion acquired for com.DefaultCompany.NeonDrift.run.1782462220.97664
2026-06-26 16:38:40.258 Df runningboardd[13128:7c901c] [com.apple.runningboard:process] [app<com.DefaultCompany.NeonDrift.run.1782462220.97664((null))>:98627] Terminating with context: <RBSTerminateContext| explanation:installcoordinationd app:[com.DefaultCompany.NeonDrift.run.1782462220.97664/Invalid/[system-defined]] uuid:9601D05C-478B-4E57-8B44-956BCB2E16D6 isPlaceholder:Y reportType:None maxTerminationResistance:Absolute attrs:[
	<RBSPreventLaunchLimitation| <RBSProcessPredicate <RBSProcessBundleIdentifierPredicate "com.DefaultCompany.NeonDrift.run.1782462220.97664">> allow:(null)>
	]>
2026-06-26 16:38:40.258 Df SpringBoard[13125:4bdd22] [com.apple.SpringBoard:Icon] 0x12aaa1680-SBApplicationIcon Data source did change: <SBApplication: 0x12aa0a500; com.DefaultCompany.NeonDrift.run.1782462220.97664> {
    processState = <SBApplicationProcessState: 0x108131780; pid: 98627; taskState: Running; visibility: Foreground>;
} (SBApplication)
2026-06-26 16:38:40.258 Df runningboardd[13128:7c901c] [com.apple.runningboard:process] [app<com.DefaultCompany.NeonDrift.run.1782462220.97664((null))>:98627] terminate_with_reason() success
2026-06-26 16:38:40.258 Df SpringBoard[13125:7c926f] [com.apple.FrontBoard:ProcessWorkspace] [app<com.DefaultCompany.NeonDrift.run.1782462220.97664>:98627] Workspace connection invalidated.
2026-06-26 16:38:40.259 Df SpringBoard[13125:7c926f] [com.apple.FrontBoard:Process] [app<com.DefaultCompany.NeonDrift.run.1782462220.97664>:98627] Now flagged as pending exit for reason: workspace client connection invalidated
2026-06-26 16:38:40.259 Df backboardd[13147:7c987e] [com.apple.iohid:default] Connection removed: IOHIDEventSystemConnection uuid:9F8C77A1-C961-45BC-9759-63FD759656FC pid:98627 process:NeonDrift.run.1782462220.97664 type:Monitor entitlements:0x0 caller:GameControllerFoundation: -[GCHIDEventSystemClient initWithQueue:type:attributes:functions:] + 116 attributes:(null) state:0x1 events:0 mask:0x0 dropped:0 dropStatus:0 droppedMask:0x0 lastDroppedTime:NONE
2026-06-26 16:38:40.259 Df backboardd[13147:7c987c] [com.apple.iohid:default] Connection removed: IOHIDEventSystemConnection uuid:4CA64FCA-92C2-4031-A0DF-8D7FC7DD9388 pid:98627 process:NeonDrift.run.1782462220.97664 type:Passive entitlements:0x0 caller:BackBoardServices: ___getHIDEventSystemClient_block_invoke + 296 attributes:{
    HighFrequency = 0;
    bundleID = "com.DefaultCompany.NeonDrift.run.1782462220.97664";
    pid = 98627;
} state:0x1 events:0 mask:0x0 dropped:0 dropStatus:0 droppedMask:0x0 lastDroppedTime:NONE
2026-06-26 16:38:40.259 Df installcoordinationd[26512:7c31b0] [com.apple.runningboard:assertion] Setting up death monitor for [app<com.DefaultCompany.NeonDrift.run.1782462220.97664((null))>:98627]
2026-06-26 16:38:40.259 Df installcoordinationd[26512:7c31b0] [com.apple.runningboard:process] Starting death monitoring for handle [app<com.DefaultCompany.NeonDrift.run.1782462220.97664((null))>:98627]
2026-06-26 16:38:40.259 Df runningboardd[13128:7c986d] [com.apple.runningboard:process] XPC connection invalidated: [app<com.DefaultCompany.NeonDrift.run.1782462220.97664((null))>:98627]
2026-06-26 16:38:40.260 Df installcoordinationd[26512:7c347a] [com.apple.appinstallation:TransactionLog] com.DefaultCompany.NeonDrift.run.1782462220.97664/Unknown Persona:4:9:1:1:Placeholder Promise began. Coordinator State: IXAppCoordinationStateWaitingForPlaceholderAssertion
2026-06-26 16:38:40.260 Df installcoordinationd[26512:7c347a] [com.apple.installcoordination:daemon] -[IXSCoordinatorProgress setTotalUnitsCompleted:]: Progress for coordinator: [com.DefaultCompany.NeonDrift.run.1782462220.97664/Invalid/[system-defined]], Phase: IXCoordinatorProgressPhaseLoading, Percentage: 100.000000: Attempt to set units completed on finished progress: 100
2026-06-26 16:38:40.260 Df installcoordinationd[26512:7c347a] [com.apple.appinstallation:TransactionLog] com.DefaultCompany.NeonDrift.run.1782462220.97664/Unknown Persona:4:9:2:1:Placeholder Promise completed. Coordinator State: IXAppCoordinationStateWaitingForPlaceholderAssertion
2026-06-26 16:38:40.260 Df SpringBoard[13125:7c9868] [com.apple.KeyboardArbiter:Handle] com.DefaultCompany.NeonDrift.run.1782462220.97664(98627) lostConnection (invalidation)
2026-06-26 16:38:40.260 Df CoreSimulatorBridge[13156:7bf676] [com.apple.installcoordination:framework] -[IXAppInstallCoordinator _clientDelegate_promiseDidBeginFulfillmentWithIdentifier:]: <IXUpdatingAppInstallCoordinator<0x103458340> identity:[com.DefaultCompany.NeonDrift.run.1782462220.97664/Invalid/[system-defined]] uuid:9601D05C-478B-4E57-8B44-956BCB2E16D6 creator:InstallCoordination Simple SPI>: Got promise did begin fulfillment for identifier 1
2026-06-26 16:38:40.260 Df CoreSimulatorBridge[13156:7bf676] [com.apple.installcoordination:framework] -[IXAppInstallCoordinator _clientDelegate_promiseDidBeginFulfillmentWithIdentifier:]_block_invoke: <IXUpdatingAppInstallCoordinator<0x103458340> identity:[com.DefaultCompany.NeonDrift.run.1782462220.97664/Invalid/[system-defined]] uuid:9601D05C-478B-4E57-8B44-956BCB2E16D6 creator:InstallCoordination Simple SPI>: Observer <_IXSimpleInstallerDelegate 0x0x101b1ad90> does not respond to coordinator:configuredPromiseDidBeginFulfillment: (or any deprecated equivalent)
2026-06-26 16:38:40.263 Df SpringBoard[13125:7c9868] [com.apple.KeyboardArbiter:Handle] RX com.DefaultCompany.NeonDrift.run.1782462220.97664(98627) setWindowContextID:0 windowState:Disabled level:0.0
    focusContext:(null)
2026-06-26 16:38:40.265 Df backboardd[13147:7c987c] [com.apple.BackBoard:HID] Removing client connection <BKHIDClientConnection: 0x112887c80; IOHIDEventSystemConnectionRef: 0x105eeda00; vpid: 98627(v236685); taskPort: 0x2039F; bundleID: com.DefaultCompany.NeonDrift.run.1782462220.97664> for client: IOHIDEventSystemConnection uuid:4CA64FCA-92C2-4031-A0DF-8D7FC7DD9388 pid:98627 process:NeonDrift.run.1782462220.97664 type:Passive entitlements:0x0 caller:BackBoardServices: ___getHIDEventSystemClient_block_invoke + 296 attributes:{
    HighFrequency = 0;
    bundleID = "com.DefaultCompany.NeonDrift.run.1782462220.97664";
    pid = 98627;
} state:0x1 events:0 mask:0x0 dropped:0 dropStatus:0 droppedMask:0x0 lastDroppedTime:NONE source:HID
2026-06-26 16:38:40.266 Df SpringBoard[13125:4bdd22] [com.apple.SpringBoard:KeyboardFocus] [coordinator] using MRU target <com.apple.frontboard.systemappservices/FBSceneManager:sceneID%3Acom.DefaultCompany.NeonDrift.run.1782462220.97664-default pid:98627>
2026-06-26 16:38:40.266 Df backboardd[13147:7c9884] [com.apple.BackBoard:EventDelivery] chain did update (setDeferringRules) <keyboardFocus; display: null> containsEndOfChain: YES; [
    <token: com.apple.frontboard.systemappservices/FBSceneManager:com.apple.springboard; pid: 13125>,
    <token: com.apple.frontboard.systemappservices/FBSceneManager:sceneID%3Acom.DefaultCompany.NeonDrift.run.1782462220.97664-default; pid: 98627>
]
2026-06-26 16:38:40.266 Df backboardd[13147:7c9884] [com.apple.BackBoard:EventDelivery] chain did update (setDeferringRules) <keyboardFocus; display: builtin> containsEndOfChain: YES; [
    <token: com.apple.frontboard.systemappservices/FBSceneManager:com.apple.springboard; pid: 13125>,
    <token: com.apple.frontboard.systemappservices/FBSceneManager:sceneID%3Acom.DefaultCompany.NeonDrift.run.1782462220.97664-default; pid: 98627>
]
2026-06-26 16:38:40.268 Df launchd_sim[13120:7c9422] [user/501/UIKitApplication:com.DefaultCompany.NeonDrift.run.1782462220.97664[ad6c][rb-legacy] [98627]:] exited with exit reason (namespace: 15 code: 0x0) - OS_REASON_RUNNINGBOARD | <RBSTerminateContext| explanation:installcoordinationd app:[com.DefaultCompany.NeonDrift.run.1782462220.97664/Invalid/[system-defined]] uuid:9601D05C-478B-4E57-8B44-956BCB2E16D6 isPlaceholder:Y reportType:None maxTerminationResistance:Absolute attrs:[
	<RBSPreventLaunchLimitation| <RBSProcessPredicate <RBSProcessBundleIdentifierPredicate "com.DefaultCompany.NeonDrift.run.1782462220.97664">> allow:(null)>
	]>, ran for 847773ms
2026-06-26 16:38:40.268 Df launchd_sim[13120:7c9422] [user/501:] service inactive: UIKitApplication:com.DefaultCompany.NeonDrift.run.1782462220.97664[ad6c][rb-legacy]
2026-06-26 16:38:40.268 Df runningboardd[13128:7c986d] [com.apple.runningboard:ttl] [app<com.DefaultCompany.NeonDrift.run.1782462220.97664((null))>:98627] termination reported by launchd (15, 0, 9)
2026-06-26 16:38:40.269 Df runningboardd[13128:7c986d] [com.apple.runningboard:process] Removing process: [app<com.DefaultCompany.NeonDrift.run.1782462220.97664((null))>:98627]
2026-06-26 16:38:40.269 Df runningboardd[13128:7c986d] [com.apple.runningboard:job] Removing launch job for: [app<com.DefaultCompany.NeonDrift.run.1782462220.97664((null))>:98627]
2026-06-26 16:38:40.269 Df SpringBoard[13125:4bdd22] [com.apple.SpringBoard:KeyboardFocus] [coordinator] informing scene controller 'com.apple.springboard' of focusTarget: <com.apple.frontboard.systemappservices/FBSceneManager:sceneID%3Acom.DefaultCompany.NeonDrift.run.1782462220.97664-default pid:98627>
2026-06-26 16:38:40.269 Df launchd_sim[13120:7c9746] [user/501:] removing service: UIKitApplication:com.DefaultCompany.NeonDrift.run.1782462220.97664[ad6c][rb-legacy]
2026-06-26 16:38:40.269 Df runningboardd[13128:7c986d] [com.apple.runningboard:job] Removed job for [app<com.DefaultCompany.NeonDrift.run.1782462220.97664((null))>:98627]
