2026-06-23 18:29:23.647 Df installcoordinationd[55453:875b90] [com.apple.installcoordination:daemon] -[IXSDataPromiseManager promise:didUpdateProgress:]: Unowned promise update progress to 1.000000 : <IXSPromisedTransferToPath(0x105ce5600) Name:Icon resources for com.DefaultCompany.NeonDrift Creator:InstallCoordination Simple SPI UUID:5618917C-5FAF-4109-BFC7-C268DAC33E5B Location:[system-defined]>
2026-06-23 18:29:23.647 Df installcoordinationd[55453:875b90] [com.apple.installcoordination:daemon] -[IXSDataPromiseManager promiseDidComplete:]: Unowned promise completed: <IXSPromisedTransferToPath(0x105ce5600) Name:Icon resources for com.DefaultCompany.NeonDrift Creator:InstallCoordination Simple SPI UUID:5618917C-5FAF-4109-BFC7-C268DAC33E5B Location:[system-defined]>
2026-06-23 18:29:23.648 Df installcoordinationd[55453:875c3e] [com.apple.installcoordination:daemon] -[IXSDataPromise _setPercentComplete:saveStateIfNeeded:]: Progress: <IXSPromisedInMemoryDictionary(0x105ce6200) Name:Info.plist icon content for com.DefaultCompany.NeonDrift Creator:InstallCoordination Simple SPI UUID:661ED2ED-E407-4833-94FE-09220F827C51 Location:[system-defined]>
2026-06-23 18:29:23.648 Df installcoordinationd[55453:875c3e] [com.apple.installcoordination:daemon] -[IXSDataPromiseManager registerPromise:]: Registered promise <IXSPromisedInMemoryDictionary(0x105ce6200) Name:Info.plist icon content for com.DefaultCompany.NeonDrift Creator:InstallCoordination Simple SPI UUID:661ED2ED-E407-4833-94FE-09220F827C51 Location:[system-defined]> for UUID 661ED2ED-E407-4833-94FE-09220F827C51
2026-06-23 18:29:23.650 Df installcoordinationd[55453:87610a] [com.apple.installcoordination:daemon] -[IXSDataPromiseManager promiseDidBegin:]: Unowned promise began: <IXSPromisedInMemoryDictionary(0x105ce6200) Name:Info.plist icon content for com.DefaultCompany.NeonDrift Creator:InstallCoordination Simple SPI UUID:661ED2ED-E407-4833-94FE-09220F827C51 Location:[system-defined]>
2026-06-23 18:29:23.650 Df installcoordinationd[55453:87610a] [com.apple.installcoordination:daemon] -[IXSDataPromiseManager promise:didUpdateProgress:]: Unowned promise update progress to 1.000000 : <IXSPromisedInMemoryDictionary(0x105ce6200) Name:Info.plist icon content for com.DefaultCompany.NeonDrift Creator:InstallCoordination Simple SPI UUID:661ED2ED-E407-4833-94FE-09220F827C51 Location:[system-defined]>
2026-06-23 18:29:23.650 Df installcoordinationd[55453:87610a] [com.apple.installcoordination:daemon] -[IXSDataPromiseManager promiseDidComplete:]: Unowned promise completed: <IXSPromisedInMemoryDictionary(0x105ce6200) Name:Info.plist icon content for com.DefaultCompany.NeonDrift Creator:InstallCoordination Simple SPI UUID:661ED2ED-E407-4833-94FE-09220F827C51 Location:[system-defined]>
2026-06-23 18:29:23.650 Df installcoordinationd[55453:875c3e] [com.apple.installcoordination:daemon] -[IXSPlaceholder setIconResourcesPromise:]: <IXSPlaceholder(0x105d0c500) Name:App Placeholder: NeonDrift (com.DefaultCompany.NeonDrift) Creator:InstallCoordination Simple SPI UUID:2FE89C24-9EC0-4E74-8B85-82497BB94975 Location:[system-defined]>: setting icon resources promise to <IXSPromisedTransferToPath(0x105ce5600) Name:Icon resources for com.DefaultCompany.NeonDrift Creator:InstallCoordination Simple SPI UUID:5618917C-5FAF-4109-BFC7-C268DAC33E5B Location:[system-defined]>
2026-06-23 18:29:23.652 Df installcoordinationd[55453:875c3e] [com.apple.installcoordination:daemon] -[IXSPlaceholder setInfoPlistIconContentPromise:]: <IXSPlaceholder(0x105d0c500) Name:App Placeholder: NeonDrift (com.DefaultCompany.NeonDrift) Creator:InstallCoordination Simple SPI UUID:2FE89C24-9EC0-4E74-8B85-82497BB94975 Location:[system-defined]>: setting Info.plist icon content promise to <IXSPromisedInMemoryDictionary(0x105ce6200) Name:Info.plist icon content for com.DefaultCompany.NeonDrift Creator:InstallCoordination Simple SPI UUID:661ED2ED-E407-4833-94FE-09220F827C51 Location:[system-defined]>
2026-06-23 18:29:23.653 Df installcoordinationd[55453:875c3e] [com.apple.installcoordination:daemon] -[IXSDataPromiseManager promiseDidBegin:]: Unowned promise began: <IXSPlaceholder(0x105d0c500) Name:App Placeholder: NeonDrift (com.DefaultCompany.NeonDrift) Creator:InstallCoordination Simple SPI UUID:2FE89C24-9EC0-4E74-8B85-82497BB94975 Location:[system-defined]>
2026-06-23 18:29:23.653 Df installcoordinationd[55453:875c3e] [com.apple.installcoordination:daemon] -[IXSDataPromiseManager promise:didUpdateProgress:]: Unowned promise update progress to 0.000000 : <IXSPlaceholder(0x105d0c500) Name:App Placeholder: NeonDrift (com.DefaultCompany.NeonDrift) Creator:InstallCoordination Simple SPI UUID:2FE89C24-9EC0-4E74-8B85-82497BB94975 Location:[system-defined]>
2026-06-23 18:29:23.653 Df installcoordinationd[55453:875c3e] [com.apple.installcoordination:daemon] -[IXSDataPromiseManager promise:didUpdateProgress:]: Unowned promise update progress to 0.000000 : <IXSPlaceholder(0x105d0c500) Name:App Placeholder: NeonDrift (com.DefaultCompany.NeonDrift) Creator:InstallCoordination Simple SPI UUID:2FE89C24-9EC0-4E74-8B85-82497BB94975 Location:[system-defined]>
2026-06-23 18:29:23.654 Df installcoordinationd[55453:875c3e] [com.apple.installcoordination:daemon] -[IXSDataPromise _setPercentComplete:saveStateIfNeeded:]: Progress: <IXSPromisedInMemoryDictionary(0x105ce5380) Name:Localizations for com.DefaultCompany.NeonDrift Creator:InstallCoordination Simple SPI UUID:42227F83-00E5-44FB-B053-30E1EF9A8ABB Location:[system-defined]>
2026-06-23 18:29:23.655 Df installcoordinationd[55453:875c3e] [com.apple.installcoordination:daemon] -[IXSDataPromiseManager registerPromise:]: Registered promise <IXSPromisedInMemoryDictionary(0x105ce5380) Name:Localizations for com.DefaultCompany.NeonDrift Creator:InstallCoordination Simple SPI UUID:42227F83-00E5-44FB-B053-30E1EF9A8ABB Location:[system-defined]> for UUID 42227F83-00E5-44FB-B053-30E1EF9A8ABB
2026-06-23 18:29:23.655 Df installcoordinationd[55453:87610a] [com.apple.installcoordination:daemon] -[IXSDataPromiseManager promiseDidBegin:]: Unowned promise began: <IXSPromisedInMemoryDictionary(0x105ce5380) Name:Localizations for com.DefaultCompany.NeonDrift Creator:InstallCoordination Simple SPI UUID:42227F83-00E5-44FB-B053-30E1EF9A8ABB Location:[system-defined]>
2026-06-23 18:29:23.655 Df installcoordinationd[55453:87610a] [com.apple.installcoordination:daemon] -[IXSDataPromiseManager promise:didUpdateProgress:]: Unowned promise update progress to 1.000000 : <IXSPromisedInMemoryDictionary(0x105ce5380) Name:Localizations for com.DefaultCompany.NeonDrift Creator:InstallCoordination Simple SPI UUID:42227F83-00E5-44FB-B053-30E1EF9A8ABB Location:[system-defined]>
2026-06-23 18:29:23.655 Df installcoordinationd[55453:87610a] [com.apple.installcoordination:daemon] -[IXSDataPromiseManager promiseDidComplete:]: Unowned promise completed: <IXSPromisedInMemoryDictionary(0x105ce5380) Name:Localizations for com.DefaultCompany.NeonDrift Creator:InstallCoordination Simple SPI UUID:42227F83-00E5-44FB-B053-30E1EF9A8ABB Location:[system-defined]>
2026-06-23 18:29:23.657 Df installcoordinationd[55453:875c3e] [com.apple.installcoordination:daemon] -[IXSPlaceholder setLocalizationDictionaryPromise:]: <IXSPlaceholder(0x105d0c500) Name:App Placeholder: NeonDrift (com.DefaultCompany.NeonDrift) Creator:InstallCoordination Simple SPI UUID:2FE89C24-9EC0-4E74-8B85-82497BB94975 Location:[system-defined]>: setting localization dict promise to <IXSPromisedInMemoryDictionary(0x105ce5380) Name:Localizations for com.DefaultCompany.NeonDrift Creator:InstallCoordination Simple SPI UUID:42227F83-00E5-44FB-B053-30E1EF9A8ABB Location:[system-defined]>
2026-06-23 18:29:23.658 Df installcoordinationd[55453:875c3e] [com.apple.installcoordination:daemon] -[IXSDataPromiseManager promise:didUpdateProgress:]: Unowned promise update progress to 0.000000 : <IXSPlaceholder(0x105d0c500) Name:App Placeholder: NeonDrift (com.DefaultCompany.NeonDrift) Creator:InstallCoordination Simple SPI UUID:2FE89C24-9EC0-4E74-8B85-82497BB94975 Location:[system-defined]>
2026-06-23 18:29:23.658 Df installcoordinationd[55453:875b90] [com.apple.installcoordination:daemon] -[IXSPlaceholder setConfigurationComplete:]: <IXSPlaceholder(0x105d0c500) Name:App Placeholder: NeonDrift (com.DefaultCompany.NeonDrift) Creator:InstallCoordination Simple SPI UUID:2FE89C24-9EC0-4E74-8B85-82497BB94975 Location:[system-defined]>: setting configuration complete to Y
2026-06-23 18:29:23.659 Df installcoordinationd[55453:875b90] [com.apple.installcoordination:daemon] -[IXSPlaceholder _materialize]: <IXSPlaceholder(0x105d0c500) Name:App Placeholder: NeonDrift (com.DefaultCompany.NeonDrift) Creator:InstallCoordination Simple SPI UUID:2FE89C24-9EC0-4E74-8B85-82497BB94975 Location:[system-defined]>: Materializing placeholder at /Users/dragonkao/Library/Developer/CoreSimulator/Devices/CCB1E793-CED4-4FCD-BF73-321AAEA77AB9/data/Containers/Shared/SystemGroup/systemgroup.com.apple.installcoordinationd/Library/InstallCoordination/PromiseStaging/2FE89C24-9EC0-4E74-8B85-82497BB94975/NeonDrift.app
2026-06-23 18:29:23.659 Df installcoordinationd[55453:875b90] [com.apple.installcoordination:daemon] -[IXSPlaceholder _materialize]: <IXSPlaceholder(0x105d0c500) Name:App Placeholder: NeonDrift (com.DefaultCompany.NeonDrift) Creator:InstallCoordination Simple SPI UUID:2FE89C24-9EC0-4E74-8B85-82497BB94975 Location:[system-defined]>: Using Info.plist icon content: {
    CFBundleIcons =     {
        CFBundlePrimaryIcon =         {
            CFBundleIconName = AppIcon;
        };
    };
    "CFBundleIcons~ipad" =     {
        CFBundlePrimaryIcon =         {
            CFBundleIconName = AppIcon;
        };
    };
    ISIconPlatform = iPhoneOS;
}
2026-06-23 18:29:23.659 Df installcoordinationd[55453:875b90] [com.apple.installcoordination:daemon] -[IXSPlaceholder _materialize]_block_invoke: <IXSPlaceholder(0x105d0c500) Name:App Placeholder: NeonDrift (com.DefaultCompany.NeonDrift) Creator:InstallCoordination Simple SPI UUID:2FE89C24-9EC0-4E74-8B85-82497BB94975 Location:[system-defined]>: Using icon resource Assets.car
2026-06-23 18:29:23.659 Df installcoordinationd[55453:875b90] [com.apple.installcoordination:daemon] -[IXSPlaceholder _materialize]: <IXSPlaceholder(0x105d0c500) Name:App Placeholder: NeonDrift (com.DefaultCompany.NeonDrift) Creator:InstallCoordination Simple SPI UUID:2FE89C24-9EC0-4E74-8B85-82497BB94975 Location:[system-defined]>: Including lproj localizations for (
)
2026-06-23 18:29:23.660 Df installcoordinationd[55453:875c3e] [com.apple.installcoordination:daemon] -[IXSDataPromiseManager promiseDidComplete:]: Unowned promise completed: <IXSPlaceholder(0x105d0c500) Name:App Placeholder: NeonDrift (com.DefaultCompany.NeonDrift) Creator:InstallCoordination Simple SPI UUID:2FE89C24-9EC0-4E74-8B85-82497BB94975 Location:[system-defined]>
2026-06-23 18:29:23.660 Df installcoordinationd[55453:875b90] [com.apple.installcoordination:daemon] -[IXSDataPromiseManager registerPromise:]: Registered promise <IXSPromisedTransferToPath(0x105ce6000) Name:App Asset: com.DefaultCompany.NeonDrift Creator:InstallCoordination Simple SPI UUID:1215EF1F-111A-4B63-8996-E43F0AD1567B Location:[system-defined]> for UUID 1215EF1F-111A-4B63-8996-E43F0AD1567B
2026-06-23 18:29:23.662 Df installcoordinationd[55453:875b90] [com.apple.installcoordination:daemon] -[IXSCoordinatorManager coordinatorForIdentity:connection:error:creatingIfNotExisting:]_block_invoke: Registered coordinator: <IXSCoordinatedAppInstall<0x105df4000> [P=CoreSimulatorBridge (pid 16923)] identifier:[com.DefaultCompany.NeonDrift/Invalid/[system-defined]] uuid:EB12799C-7506-45BD-B571-1C150A5BC260 intent:IXCoordinatorIntentUpdating creator/appDRI:InstallCoordination Simple SPI importance:Background state:IXAppCoordinationStatePlaceholderPromiseNotSet promise-state:01234>
2026-06-23 18:29:23.662 Df installcoordinationd[55453:875b90] [com.apple.appinstallation:TransactionLog] com.DefaultCompany.NeonDrift/Unknown Persona:4:2:1:1:Created coordinator with intent IXCoordinatorIntentUpdating for client InstallCoordination Simple SPI
2026-06-23 18:29:23.662 Df installcoordinationd[55453:875b90] [com.apple.installcoordination:daemon] -[IXSCoordinatedAppInstall setPriorityBoostCompletion:withSourceInfo:]: <IXSCoordinatedAppInstall<0x105df4000> [P=CoreSimulatorBridge (pid 16923)] identifier:[com.DefaultCompany.NeonDrift/Invalid/[system-defined]] uuid:EB12799C-7506-45BD-B571-1C150A5BC260 intent:IXCoordinatorIntentUpdating creator/appDRI:InstallCoordination Simple SPI importance:Background state:IXAppCoordinationStatePlaceholderPromiseNotSet promise-state:01234>: Retaining completion from CoreSimulatorBridge (16923), QOS_CLASS_DEFAULT (0x15)
2026-06-23 18:29:23.662 Df installcoordinationd[55453:875b90] [com.apple.installcoordination:daemon] -[IXSCoordinatedAppInstall setImportance:]: <IXSCoordinatedAppInstall<0x105df4000> [P=CoreSimulatorBridge (pid 16923)] identifier:[com.DefaultCompany.NeonDrift/Invalid/[system-defined]] uuid:EB12799C-7506-45BD-B571-1C150A5BC260 intent:IXCoordinatorIntentUpdating creator/appDRI:InstallCoordination Simple SPI importance:UserWaiting state:IXAppCoordinationStatePlaceholderPromiseNotSet promise-state:01234>: set importance to UserWaiting
2026-06-23 18:29:23.662 Df installcoordinationd[55453:875b90] [com.apple.installcoordination:daemon] -[IXSCoordinatedAppInstall _onQueue_fireObserversForClient:]: <IXSCoordinatedAppInstall<0x105df4000> [P=CoreSimulatorBridge (pid 16923)] identifier:[com.DefaultCompany.NeonDrift/Invalid/[system-defined]] uuid:EB12799C-7506-45BD-B571-1C150A5BC260 intent:IXCoordinatorIntentUpdating creator/appDRI:InstallCoordination Simple SPI importance:UserWaiting state:IXAppCoordinationStatePlaceholderPromiseNotSet promise-state:01234>: Firing applicable observers for client <IXSClientConnection<0x105c44480> client:CoreSimulatorBridge (pid 16923) uuid:807850CD-602B-4881-A92F-9CDF1896469D>
2026-06-23 18:29:23.662 Df installcoordinationd[55453:875b90] [com.apple.installcoordination:daemon] -[IXSCoordinatedAppInstall setPriorityBoostCompletion:withSourceInfo:]: <IXSCoordinatedAppInstall<0x105df4000> [P=CoreSimulatorBridge (pid 16923)] identifier:[com.DefaultCompany.NeonDrift/Invalid/[system-defined]] uuid:EB12799C-7506-45BD-B571-1C150A5BC260 intent:IXCoordinatorIntentUpdating creator/appDRI:InstallCoordination Simple SPI importance:UserWaiting state:IXAppCoordinationStatePlaceholderPromiseNotSet promise-state:01234>: Disposing of completion from CoreSimulatorBridge (16923), QOS_CLASS_DEFAULT (0x15)
2026-06-23 18:29:23.662 Df installcoordinationd[55453:875b90] [com.apple.installcoordination:daemon] -[IXSCoordinatedAppInstall setPriorityBoostCompletion:withSourceInfo:]: <IXSCoordinatedAppInstall<0x105df4000> [P=CoreSimulatorBridge (pid 16923)] identifier:[com.DefaultCompany.NeonDrift/Invalid/[system-defined]] uuid:EB12799C-7506-45BD-B571-1C150A5BC260 intent:IXCoordinatorIntentUpdating creator/appDRI:InstallCoordination Simple SPI importance:UserWaiting state:IXAppCoordinationStatePlaceholderPromiseNotSet promise-state:01234>: Retaining completion from CoreSimulatorBridge (16923), QOS_CLASS_DEFAULT (0x15)
2026-06-23 18:29:23.663 Df CoreSimulatorBridge[16923:876108] [com.apple.installcoordination:framework] -[IXAppInstallCoordinator _clientDelegate_didRegisterForObservation]: <IXUpdatingAppInstallCoordinator<0x1055ce540> identity:[com.DefaultCompany.NeonDrift/Invalid/[system-defined]] uuid:EB12799C-7506-45BD-B571-1C150A5BC260 creator:InstallCoordination Simple SPI>: Got observer registration delegate
2026-06-23 18:29:23.663 Df CoreSimulatorBridge[16923:876108] [com.apple.installcoordination:framework] -[IXAppInstallCoordinator _clientDelegate_didRegisterForObservation]_block_invoke: <IXUpdatingAppInstallCoordinator<0x1055ce540> identity:[com.DefaultCompany.NeonDrift/Invalid/[system-defined]] uuid:EB12799C-7506-45BD-B571-1C150A5BC260 creator:InstallCoordination Simple SPI>: Observer <_IXSimpleInstallerDelegate 0x0x1055d5f20> does not respond to coordinatorDidRegisterForObservation:
2026-06-23 18:29:23.663 Df CoreSimulatorBridge[16923:876109] [com.apple.installcoordination:framework] -[IXAppInstallCoordinator _clientDelegate_shouldResume]: <IXUpdatingAppInstallCoordinator<0x1055ce540> identity:[com.DefaultCompany.NeonDrift/Invalid/[system-defined]] uuid:EB12799C-7506-45BD-B571-1C150A5BC260 creator:InstallCoordination Simple SPI>: Got should resume delegate
2026-06-23 18:29:23.663 Df CoreSimulatorBridge[16923:876109] [com.apple.installcoordination:framework] -[IXAppInstallCoordinator _clientDelegate_shouldResume]_block_invoke: <IXUpdatingAppInstallCoordinator<0x1055ce540> identity:[com.DefaultCompany.NeonDrift/Invalid/[system-defined]] uuid:EB12799C-7506-45BD-B571-1C150A5BC260 creator:InstallCoordination Simple SPI>: Observer <_IXSimpleInstallerDelegate 0x0x1055d5f20> does not respond to coordinatorShouldResume:
2026-06-23 18:29:23.664 Df installcoordinationd[55453:875b90] [com.apple.installcoordination:daemon] -[IXSCoordinatedAppInstall _internal_setInstallOptionsPromise:performExternalActions:]: <IXSCoordinatedAppInstall<0x105df4000> [P=CoreSimulatorBridge (pid 16923)] identifier:[com.DefaultCompany.NeonDrift/Invalid/[system-defined]] uuid:EB12799C-7506-45BD-B571-1C150A5BC260 intent:IXCoordinatorIntentUpdating creator/appDRI:InstallCoordination Simple SPI importance:UserWaiting state:IXAppCoordinationStatePlaceholderPromiseNotSet promise-state:012I4> : install options set: <IXSPromisedInMemoryData(0x105ce5000) Name:MIInstallOptions data Creator:Install Coordination Internal UUID:C323EF8E-9589-40C9-A06A-EF7DDF597CB3 Location:[system-defined]>
2026-06-23 18:29:23.664 Df installcoordinationd[55453:87610a] [com.apple.installcoordination:daemon] -[IXSCoordinatedAppInstall promiseDidComplete:]: <IXSCoordinatedAppInstall<0x105df4000> [P=CoreSimulatorBridge (pid 16923)] identifier:[com.DefaultCompany.NeonDrift/Invalid/[system-defined]] uuid:EB12799C-7506-45BD-B571-1C150A5BC260 intent:IXCoordinatorIntentUpdating creator/appDRI:InstallCoordination Simple SPI importance:UserWaiting state:IXAppCoordinationStatePlaceholderPromiseNotSet promise-state:012I4> : Promise completed: <IXSPromisedInMemoryData(0x105ce5000) Name:MIInstallOptions data Creator:Install Coordination Internal UUID:C323EF8E-9589-40C9-A06A-EF7DDF597CB3 Location:[system-defined]>
2026-06-23 18:29:23.664 Df installcoordinationd[55453:87610a] [com.apple.appinstallation:TransactionLog] com.DefaultCompany.NeonDrift/Unknown Persona:4:13:1:1:Install Options Promise began. Coordinator State: IXAppCoordinationStatePlaceholderPromiseNotSet
2026-06-23 18:29:23.664 Df installcoordinationd[55453:87610a] [com.apple.appinstallation:TransactionLog] com.DefaultCompany.NeonDrift/Unknown Persona:4:13:2:1:Install Options Promise completed. Coordinator State: IXAppCoordinationStatePlaceholderPromiseNotSet
2026-06-23 18:29:23.665 Df installcoordinationd[55453:875c3e] [com.apple.installcoordination:daemon] -[IXSCoordinatedAppInstall _internal_setAppAssetPromise:performExternalActions:]: <IXSCoordinatedAppInstall<0x105df4000> [P=CoreSimulatorBridge (pid 16923)] identifier:[com.DefaultCompany.NeonDrift/Invalid/[system-defined]] uuid:EB12799C-7506-45BD-B571-1C150A5BC260 intent:IXCoordinatorIntentUpdating creator/appDRI:InstallCoordination Simple SPI importance:UserWaiting state:IXAppCoordinationStatePlaceholderPromiseNotSet promise-state:0a2I4> : App Asset Promise set: <IXSPromisedTransferToPath(0x105ce6000) Name:App Asset: com.DefaultCompany.NeonDrift Creator:InstallCoordination Simple SPI UUID:1215EF1F-111A-4B63-8996-E43F0AD1567B Location:[system-defined]>
2026-06-23 18:29:23.665 Df installcoordinationd[55453:875c3e] [com.apple.installcoordination:daemon] -[IXSCoordinatedAppInstall setInitialODRAssetPromises:]: <IXSCoordinatedAppInstall<0x105df4000> [P=CoreSimulatorBridge (pid 16923)] identifier:[com.DefaultCompany.NeonDrift/Invalid/[system-defined]] uuid:EB12799C-7506-45BD-B571-1C150A5BC260 intent:IXCoordinatorIntentUpdating creator/appDRI:InstallCoordination Simple SPI importance:UserWaiting state:IXAppCoordinationStatePlaceholderPromiseNotSet promise-state:0a2I4> : Initial ODR Asset Promises set: (
)
2026-06-23 18:29:23.666 Df CoreSimulatorBridge[16923:875b8d] [com.apple.installcoordination:framework] -[IXPromisedTransferToPath _performDeltaCopyFrom:toDestination:]: Performing delta copy from /Users/dragonkao/.openclaw/workspace/382b9e3384298039b171c9b2a60ae644/NeonDrift_MVP/project/xcode_derived_data/Build/Products/Release-iphonesimulator/NeonDrift.app to /Users/dragonkao/Library/Developer/CoreSimulator/Devices/CCB1E793-CED4-4FCD-BF73-321AAEA77AB9/data/Containers/Shared/SystemGroup/systemgroup.com.apple.installcoordinationd/Library/InstallCoordination/PromiseStaging/1215EF1F-111A-4B63-8996-E43F0AD1567B/NeonDrift.app with installed bundle at /Users/dragonkao/Library/Developer/CoreSimulator/Devices/CCB1E793-CED4-4FCD-BF73-321AAEA77AB9/data/Containers/Bundle/Application/1ADF6B18-79DE-4FA1-985D-5D4AE185A700/NeonDrift.app
2026-06-23 18:29:23.666 Df CoreSimulatorBridge[16923:875b8d] (MobileSystemServices) 0x16dad3000 MDMCreateDeltaDirectory: calling MDMDirectoryDiff with:
state->old_bundle: /Users/dragonkao/Library/Developer/CoreSimulator/Devices/CCB1E793-CED4-4FCD-BF73-321AAEA77AB9/data/Containers/Bundle/Application/1ADF6B18-79DE-4FA1-985D-5D4AE185A700/NeonDrift.app
state->new_bundle: /Users/dragonkao/.openclaw/workspace/382b9e3384298039b171c9b2a60ae644/NeonDrift_MVP/project/xcode_derived_data/Build/Products/Release-iphonesimulator/NeonDrift.app
state->dst_bundle: /Users/dragonkao/Library/Developer/CoreSimulator/Devices/CCB1E793-CED4-4FCD-BF73-321AAEA77AB9/data/Containers/Shared/SystemGroup/systemgroup.com.apple.installcoordinationd/Library/InstallCoordination/PromiseStaging/1215EF1F-111A-4B63-8996-E43F0AD1567B/NeonDrift.app/Payload//NeonDrift.app, binaryDiff flag: FALSE
	dst_ipa: /Users/dragonkao/Library/Developer/CoreSimulator/Devices/CCB1E793-CED4-4FCD-BF73-321AAEA77AB9/data/Containers/Shared/SystemGroup/systemgroup.com.apple.installcoordinationd/Library/InstallCoordination/PromiseStaging/1215E<…>
2026-06-23 18:29:23.668 Df CoreSimulatorBridge[16923:875b8d] [com.apple.installcoordination:framework] -[IXPromisedTransferToPath setComplete:]: <IXPromisedTransferToPath<0x1055ce680> name:"App Asset: com.DefaultCompany.NeonDrift" uuid:1215EF1F-111A-4B63-8996-E43F0AD1567B creator:"InstallCoordination Simple SPI" location:[system-defined]> Delta Copy operation from /Users/dragonkao/.openclaw/workspace/382b9e3384298039b171c9b2a60ae644/NeonDrift_MVP/project/xcode_derived_data/Build/Products/Release-iphonesimulator/NeonDrift.app to /Users/dragonkao/Library/Developer/CoreSimulator/Devices/CCB1E793-CED4-4FCD-BF73-321AAEA77AB9/data/Containers/Shared/SystemGroup/systemgroup.com.apple.installcoordinationd/Library/InstallCoordination/PromiseStaging/1215EF1F-111A-4B63-8996-E43F0AD1567B/NeonDrift.app took 0.002427 seconds
2026-06-23 18:29:23.668 Df installcoordinationd[55453:875c3e] [com.apple.installcoordination:daemon] -[IXSDataPromise _setPercentComplete:saveStateIfNeeded:]: Progress: <IXSPromisedTransferToPath(0x105ce6000) Name:App Asset: com.DefaultCompany.NeonDrift Creator:InstallCoordination Simple SPI UUID:1215EF1F-111A-4B63-8996-E43F0AD1567B Location:[system-defined]>
2026-06-23 18:29:23.668 Df installcoordinationd[55453:87610a] [com.apple.appinstallation:TransactionLog] com.DefaultCompany.NeonDrift/Unknown Persona:4:10:1:1:App Asset Promise began. Coordinator State: IXAppCoordinationStatePlaceholderPromiseNotSet
2026-06-23 18:29:23.668 Df CoreSimulatorBridge[16923:876109] [com.apple.installcoordination:framework] -[IXAppInstallCoordinator _clientDelegate_promiseDidBeginFulfillmentWithIdentifier:]: <IXUpdatingAppInstallCoordinator<0x1055ce540> identity:[com.DefaultCompany.NeonDrift/Invalid/[system-defined]] uuid:EB12799C-7506-45BD-B571-1C150A5BC260 creator:InstallCoordination Simple SPI>: Got promise did begin fulfillment for identifier 2
2026-06-23 18:29:23.668 Df CoreSimulatorBridge[16923:876109] [com.apple.installcoordination:framework] -[IXAppInstallCoordinator _clientDelegate_promiseDidBeginFulfillmentWithIdentifier:]_block_invoke: <IXUpdatingAppInstallCoordinator<0x1055ce540> identity:[com.DefaultCompany.NeonDrift/Invalid/[system-defined]] uuid:EB12799C-7506-45BD-B571-1C150A5BC260 creator:InstallCoordination Simple SPI>: Observer <_IXSimpleInstallerDelegate 0x0x1055d5f20> does not respond to coordinator:configuredPromiseDidBeginFulfillment: (or any deprecated equivalent)
2026-06-23 18:29:23.669 Df installcoordinationd[55453:875b90] [com.apple.installcoordination:daemon] -[IXSCoordinatedAppInstall promiseDidComplete:]: <IXSCoordinatedAppInstall<0x105df4000> [P=CoreSimulatorBridge (pid 16923)] identifier:[com.DefaultCompany.NeonDrift/Invalid/[system-defined]] uuid:EB12799C-7506-45BD-B571-1C150A5BC260 intent:IXCoordinatorIntentUpdating creator/appDRI:InstallCoordination Simple SPI importance:UserWaiting state:IXAppCoordinationStatePlaceholderPromiseNotSet promise-state:0A2I4> : Promise completed: <IXSPromisedTransferToPath(0x105ce6000) Name:App Asset: com.DefaultCompany.NeonDrift Creator:InstallCoordination Simple SPI UUID:1215EF1F-111A-4B63-8996-E43F0AD1567B Location:[system-defined]>
2026-06-23 18:29:23.669 Df installcoordinationd[55453:87610a] [com.apple.appinstallation:TransactionLog] com.DefaultCompany.NeonDrift/Unknown Persona:4:10:2:1:App Asset Promise completed. Coordinator State: IXAppCoordinationStatePlaceholderPromiseNotSet
2026-06-23 18:29:23.669 Df CoreSimulatorBridge[16923:876108] [com.apple.installcoordination:framework] -[IXAppInstallCoordinator _clientDelegate_didUpdateProgress:forPhase:overallProgress:]: <IXUpdatingAppInstallCoordinator<0x1055ce540> identity:[com.DefaultCompany.NeonDrift/Invalid/[system-defined]] uuid:EB12799C-7506-45BD-B571-1C150A5BC260 creator:InstallCoordination Simple SPI>: Got did update progress delegate with percentComplete 100.000000 phase IXCoordinatorProgressPhaseLoading overallProgress 60.000000
2026-06-23 18:29:23.669 Df installcoordinationd[55453:87610a] [com.apple.installcoordination:daemon] -[IXSCoordinatedAppInstall promiseDidComplete:]: <IXSCoordinatedAppInstall<0x105df4000> [P=CoreSimulatorBridge (pid 16923)] identifier:[com.DefaultCompany.NeonDrift/Invalid/[system-defined]] uuid:EB12799C-7506-45BD-B571-1C150A5BC260 intent:IXCoordinatorIntentUpdating creator/appDRI:InstallCoordination Simple SPI importance:UserWaiting state:IXAppCoordinationStateReadyForPlaceholderInstall promise-state:PA2I4> : Promise completed: <IXSPlaceholder(0x105d0c500) Name:App Placeholder: NeonDrift (com.DefaultCompany.NeonDrift) Creator:InstallCoordination Simple SPI UUID:2FE89C24-9EC0-4E74-8B85-82497BB94975 Location:[system-defined]>
2026-06-23 18:29:23.669 Df installcoordinationd[55453:87610c] [com.apple.installcoordination:daemon] -[IXSCoordinatedAppInstall setPlaceholderPromise:]: <IXSCoordinatedAppInstall<0x105df4000> [P=CoreSimulatorBridge (pid 16923)] identifier:[com.DefaultCompany.NeonDrift/Invalid/[system-defined]] uuid:EB12799C-7506-45BD-B571-1C150A5BC260 intent:IXCoordinatorIntentUpdating creator/appDRI:InstallCoordination Simple SPI importance:UserWaiting state:IXAppCoordinationStateReadyForPlaceholderInstall promise-state:PA2I4> : Placeholder Promise set: <IXSPlaceholder(0x105d0c500) Name:App Placeholder: NeonDrift (com.DefaultCompany.NeonDrift) Creator:InstallCoordination Simple SPI UUID:2FE89C24-9EC0-4E74-8B85-82497BB94975 Location:[system-defined]>
2026-06-23 18:29:23.669 Df CoreSimulatorBridge[16923:876109] [com.apple.installcoordination:framework] -[IXAppInstallCoordinator _clientDelegate_didUpdateProgress:forPhase:overallProgress:]_block_invoke: <IXUpdatingAppInstallCoordinator<0x1055ce540> identity:[com.DefaultCompany.NeonDrift/Invalid/[system-defined]] uuid:EB12799C-7506-45BD-B571-1C150A5BC260 creator:InstallCoordination Simple SPI>: Calling selector coordinator:didUpdateProgress:forPhase:overallProgress: on observer <_IXSimpleInstallerDelegate 0x0x1055d5f20>
2026-06-23 18:29:23.669 Df installcoordinationd[55453:87610c] [com.apple.installcoordination:daemon] -[IXSCoordinatedAppInstall _onQueue_acquireAssertionAndInstallPlaceholder]: Acquiring termination assertion to install placeholder for [com.DefaultCompany.NeonDrift/Invalid/[system-defined]]
2026-06-23 18:29:23.669 Df installcoordinationd[55453:87610c] [com.apple.installcoordination:daemon] -[IXSPendingOperationsTracker beginPendingOperationForIdentity:]_block_invoke: Beginning pending operation for [com.DefaultCompany.NeonDrift/Invalid/[system-defined]]
2026-06-23 18:29:23.670 Df installcoordinationd[55453:87610a] [com.apple.runningboard:process] Hit the server for a process handle 368d1950000b601 that resolved to: [app<com.DefaultCompany.NeonDrift((null))>:46593]
2026-06-23 18:29:23.670 Df installcoordinationd[55453:87610a] [com.apple.runningboard:monitor] Received state update for 46593 (app<com.DefaultCompany.NeonDrift((null))>, running-active-NotVisible
2026-06-23 18:29:23.670 Df runningboardd[16896:876110] [com.apple.runningboard:connection] Received termination request from [osservice<com.apple.installcoordinationd>:55453] on <RBSProcessPredicate <RBSProcessBundleIdentifierPredicate "com.DefaultCompany.NeonDrift">> with context <RBSTerminateContext| explanation:installcoordinationd app:[com.DefaultCompany.NeonDrift/Invalid/[system-defined]] uuid:EB12799C-7506-45BD-B571-1C150A5BC260 isPlaceholder:Y reportType:None maxTerminationResistance:Absolute attrs:[
	<RBSPreventLaunchLimitation| <RBSProcessPredicate <RBSProcessBundleIdentifierPredicate "com.DefaultCompany.NeonDrift">> allow:(null)>
	]>
2026-06-23 18:29:23.670 Df runningboardd[16896:875e46] [com.apple.runningboard:general] Found 0 extensions contained in com.DefaultCompany.NeonDrift
2026-06-23 18:29:23.671 Df runningboardd[16896:875e46] [com.apple.PlugInKit:holds] <PKManager:0x107069940> hold request for [/Users/dragonkao/Library/Developer/CoreSimulator/Devices/CCB1E793-CED4-4FCD-BF73-321AAEA77AB9/data/Containers/Bundle/Application/1ADF6B18-79DE-4FA1-985D-5D4AE185A700/NeonDrift.app] with flags: 0x4
2026-06-23 18:29:23.671 Df NeonDrift[46593:875cea] [com.apple.PlugInKit:discovery] Annotations changed, re-performing query for continuous discovery, report block = <0x117233d80>.
2026-06-23 18:29:23.671 Df NeonDrift[46593:875cd5] [com.apple.PlugInKit:discovery] Annotations changed, re-performing query for continuous discovery, report block = <0x11850bc60>.
2026-06-23 18:29:23.671 Df NeonDrift[46593:875ceb] [com.apple.PlugInKit:discovery] Annotations changed, re-performing query for continuous discovery, report block = <0x11850bea0>.
2026-06-23 18:29:23.671 Df runningboardd[16896:875e46] [com.apple.PlugInKit:holds] <PKManager:0x107069940> hold request for [/Users/dragonkao/Library/Developer/CoreSimulator/Devices/CCB1E793-CED4-4FCD-BF73-321AAEA77AB9/data/Containers/Bundle/Application/1ADF6B18-79DE-4FA1-985D-5D4AE185A700/NeonDrift.app] with flags: 0x4 completed with hold token: [27EEE476-FE73-46E0-8012-127551C01465]
2026-06-23 18:29:23.671 Df NeonDrift[46593:875cd5] [com.apple.PlugInKit:discovery] [d AC8CAE28-4C0A-4434-8C20-6A6CD28C8DDE] <PKHost:0x118518400> Beginning discovery for flags: 0, point: com.apple.AudioUnit
2026-06-23 18:29:23.671 Df NeonDrift[46593:875cea] [com.apple.PlugInKit:discovery] [d CA74CC81-D155-44EA-ADA0-41AE91151906] <PKHost:0x118518400> Beginning discovery for flags: 0, point: com.apple.AudioUnit-Speech
2026-06-23 18:29:23.671 Df NeonDrift[46593:875ceb] [com.apple.PlugInKit:discovery] [d 642C2C9A-D0F6-468B-8EEA-311EBD2E61F9] <PKHost:0x118518400> Beginning discovery for flags: 0, point: com.apple.AudioUnit-UI
2026-06-23 18:29:23.671 Df runningboardd[16896:875e46] [com.apple.runningboard:ttl] Acquiring assertion targeting system from originator [osservice<com.apple.installcoordinationd>:55453] with description <RBSAssertionDescriptor| "installcoordinationd app:[com.DefaultCompany.NeonDrift/Invalid/[system-defined]] uuid:EB12799C-7506-45BD-B571-1C150A5BC260 isPlaceholder:Y" ID:16896-55453-8444 target:system attributes:[
	<RBSPreventLaunchLimitation| <RBSProcessPredicate <RBSProcessBundleIdentifierPredicate "com.DefaultCompany.NeonDrift">> allow:(null)>
	]>
2026-06-23 18:29:23.671 Df runningboardd[16896:875e46] [com.apple.runningboard:process] Executing termination request for: <RBSProcessPredicate <RBSProcessBundleIdentifierPredicate "com.DefaultCompany.NeonDrift">>
2026-06-23 18:29:23.671 Df runningboardd[16896:875e46] [com.apple.runningboard:process] [app<com.DefaultCompany.NeonDrift((null))>:46593] Terminating with context: <RBSTerminateContext| explanation:installcoordinationd app:[com.DefaultCompany.NeonDrift/Invalid/[system-defined]] uuid:EB12799C-7506-45BD-B571-1C150A5BC260 isPlaceholder:Y reportType:None maxTerminationResistance:Absolute attrs:[
	<RBSPreventLaunchLimitation| <RBSProcessPredicate <RBSProcessBundleIdentifierPredicate "com.DefaultCompany.NeonDrift">> allow:(null)>
	]>
2026-06-23 18:29:23.671 Df SpringBoard[16891:643be3] [com.apple.SpringBoard:Common] termination assertion acquired for com.DefaultCompany.NeonDrift
2026-06-23 18:29:23.671 Df runningboardd[16896:875e46] [com.apple.runningboard:process] [app<com.DefaultCompany.NeonDrift((null))>:46593] terminate_with_reason() success
2026-06-23 18:29:23.671 Df SpringBoard[16891:643be3] [com.apple.SpringBoard:Icon] 0x10a554000-SBApplicationIcon Data source did change: <SBApplication: 0x12501e300; com.DefaultCompany.NeonDrift> {
    processState = <SBApplicationProcessState: 0x10aba7c60; pid: 46593; taskState: Running; visibility: Foreground>;
} (SBApplication)
2026-06-23 18:29:23.672 Df SpringBoard[16891:875ba8] [com.apple.FrontBoard:ProcessWorkspace] [app<com.DefaultCompany.NeonDrift>:46593] Workspace connection invalidated.
2026-06-23 18:29:23.672 Df SpringBoard[16891:875ba8] [com.apple.FrontBoard:Process] [app<com.DefaultCompany.NeonDrift>:46593] Now flagged as pending exit for reason: workspace client connection invalidated
2026-06-23 18:29:23.672 Df backboardd[16914:876120] [com.apple.iohid:default] Connection removed: IOHIDEventSystemConnection uuid:D0735F6A-DF9A-4C3A-9AF1-5DA6E4022C12 pid:46593 process:NeonDrift type:Passive entitlements:0x0 caller:BackBoardServices: ___getHIDEventSystemClient_block_invoke + 296 attributes:{
    HighFrequency = 0;
    bundleID = "com.DefaultCompany.NeonDrift";
    pid = 46593;
} state:0x1 events:0 mask:0x0 dropped:0 dropStatus:0 droppedMask:0x0 lastDroppedTime:NONE
2026-06-23 18:29:23.672 Df backboardd[16914:876122] [com.apple.iohid:default] Connection removed: IOHIDEventSystemConnection uuid:BA144D70-11DB-4EFB-9707-2BE9E8F104D3 pid:46593 process:NeonDrift type:Monitor entitlements:0x0 caller:GameControllerFoundation: -[GCHIDEventSystemClient initWithQueue:type:attributes:functions:] + 116 attributes:(null) state:0x1 events:0 mask:0x0 dropped:0 dropStatus:0 droppedMask:0x0 lastDroppedTime:NONE
2026-06-23 18:29:23.672 Df backboardd[16914:876120] [com.apple.BackBoard:HID] Removing client connection <BKHIDClientConnection: 0x10dd3c8c0; IOHIDEventSystemConnectionRef: 0x105ebd000; vpid: 46593(v15E5C6); taskPort: 0x203E3; bundleID: com.DefaultCompany.NeonDrift> for client: IOHIDEventSystemConnection uuid:D0735F6A-DF9A-4C3A-9AF1-5DA6E4022C12 pid:46593 process:NeonDrift type:Passive entitlements:0x0 caller:BackBoardServices: ___getHIDEventSystemClient_block_invoke + 296 attributes:{
    HighFrequency = 0;
    bundleID = "com.DefaultCompany.NeonDrift";
    pid = 46593;
} state:0x1 events:0 mask:0x0 dropped:0 dropStatus:0 droppedMask:0x0 lastDroppedTime:NONE source:HID
2026-06-23 18:29:23.672 Df SpringBoard[16891:875bf0] [com.apple.KeyboardArbiter:Handle] com.DefaultCompany.NeonDrift(46593) lostConnection (invalidation)
2026-06-23 18:29:23.672 Df installcoordinationd[55453:87610c] [com.apple.runningboard:assertion] Setting up death monitor for [app<com.DefaultCompany.NeonDrift((null))>:46593]
2026-06-23 18:29:23.672 Df installcoordinationd[55453:87610c] [com.apple.runningboard:process] Starting death monitoring for handle [app<com.DefaultCompany.NeonDrift((null))>:46593]
2026-06-23 18:29:23.672 Df runningboardd[16896:876119] [com.apple.runningboard:process] XPC connection invalidated: [app<com.DefaultCompany.NeonDrift((null))>:46593]
2026-06-23 18:29:23.672 Df installcoordinationd[55453:87610a] [com.apple.appinstallation:TransactionLog] com.DefaultCompany.NeonDrift/Unknown Persona:4:9:1:1:Placeholder Promise began. Coordinator State: IXAppCoordinationStateWaitingForPlaceholderAssertion
2026-06-23 18:29:23.672 Df installcoordinationd[55453:87610a] [com.apple.installcoordination:daemon] -[IXSCoordinatorProgress setTotalUnitsCompleted:]: Progress for coordinator: [com.DefaultCompany.NeonDrift/Invalid/[system-defined]], Phase: IXCoordinatorProgressPhaseLoading, Percentage: 100.000000: Attempt to set units completed on finished progress: 100
2026-06-23 18:29:23.673 Df installcoordinationd[55453:87610a] [com.apple.appinstallation:TransactionLog] com.DefaultCompany.NeonDrift/Unknown Persona:4:9:2:1:Placeholder Promise completed. Coordinator State: IXAppCoordinationStateWaitingForPlaceholderAssertion
2026-06-23 18:29:23.673 Df CoreSimulatorBridge[16923:876109] [com.apple.installcoordination:framework] -[IXAppInstallCoordinator _clientDelegate_promiseDidBeginFulfillmentWithIdentifier:]: <IXUpdatingAppInstallCoordinator<0x1055ce540> identity:[com.DefaultCompany.NeonDrift/Invalid/[system-defined]] uuid:EB12799C-7506-45BD-B571-1C150A5BC260 creator:InstallCoordination Simple SPI>: Got promise did begin fulfillment for identifier 1
2026-06-23 18:29:23.673 Df CoreSimulatorBridge[16923:876109] [com.apple.installcoordination:framework] -[IXAppInstallCoordinator _clientDelegate_promiseDidBeginFulfillmentWithIdentifier:]_block_invoke: <IXUpdatingAppInstallCoordinator<0x1055ce540> identity:[com.DefaultCompany.NeonDrift/Invalid/[system-defined]] uuid:EB12799C-7506-45BD-B571-1C150A5BC260 creator:InstallCoordination Simple SPI>: Observer <_IXSimpleInstallerDelegate 0x0x1055d5f20> does not respond to coordinator:configuredPromiseDidBeginFulfillment: (or any deprecated equivalent)
2026-06-23 18:29:23.673 Df SpringBoard[16891:875bf0] [com.apple.KeyboardArbiter:Handle] RX com.DefaultCompany.NeonDrift(46593) setWindowContextID:0 windowState:Disabled level:0.0
    focusContext:(null)
2026-06-23 18:29:23.673 Df backboardd[16914:84578d] [com.apple.BackBoard:EventDelivery] chain did update (setDeferringRules) <keyboardFocus; display: null> containsEndOfChain: YES; [
    <token: com.apple.frontboard.systemappservices/FBSceneManager:com.apple.springboard; pid: 16891>,
    <token: com.apple.frontboard.systemappservices/FBSceneManager:sceneID%3Acom.DefaultCompany.NeonDrift-default; pid: 46593>
]
2026-06-23 18:29:23.673 Df backboardd[16914:84578d] [com.apple.BackBoard:EventDelivery] chain did update (setDeferringRules) <keyboardFocus; display: builtin> containsEndOfChain: YES; [
    <token: com.apple.frontboard.systemappservices/FBSceneManager:com.apple.springboard; pid: 16891>,
    <token: com.apple.frontboard.systemappservices/FBSceneManager:sceneID%3Acom.DefaultCompany.NeonDrift-default; pid: 46593>
]
2026-06-23 18:29:23.673 Df SpringBoard[16891:643be3] [com.apple.SpringBoard:KeyboardFocus] [coordinator] using MRU target <com.apple.frontboard.systemappservices/FBSceneManager:sceneID%3Acom.DefaultCompany.NeonDrift-default pid:46593>
2026-06-23 18:29:23.673 Df SpringBoard[16891:643be3] [com.apple.SpringBoard:KeyboardFocus] [coordinator] informing scene controller 'com.apple.springboard' of focusTarget: <com.apple.frontboard.systemappservices/FBSceneManager:sceneID%3Acom.DefaultCompany.NeonDrift-default pid:46593>
2026-06-23 18:29:23.674 Df SpringBoard[16891:643be3] [com.apple.SpringBoard:KeyboardFocus] [coordinator] keyboard arbiter suggested <nothing> and we replied <com.apple.frontboard.systemappservices/FBSceneManager:sceneID%3Acom.DefaultCompany.NeonDrift-default pid:46593>
2026-06-23 18:29:23.674 E  SpringBoard[16891:875bf0] [com.apple.UIKit:KeyboardArbiter] Advisor: No handle found for currently focused PID: 46593; sceneIdentity: com.apple.frontboard.systemappservices/FBSceneManager:sceneID%3Acom.DefaultCompany.NeonDrift-default
2026-06-23 18:29:23.679 Df launchd_sim[16886:8759fc] [user/501/UIKitApplication:com.DefaultCompany.NeonDrift[5340][rb-legacy] [46593]:] exited with exit reason (namespace: 15 code: 0x0) - OS_REASON_RUNNINGBOARD | <RBSTerminateContext| explanation:installcoordinationd app:[com.DefaultCompany.NeonDrift/Invalid/[system-defined]] uuid:EB12799C-7506-45BD-B571-1C150A5BC260 isPlaceholder:Y reportType:None maxTerminationResistance:Absolute attrs:[
	<RBSPreventLaunchLimitation| <RBSProcessPredicate <RBSProcessBundleIdentifierPredicate "com.DefaultCompany.NeonDrift">> allow:(null)>
	]>, ran for 19506ms
2026-06-23 18:29:23.679 Df launchd_sim[16886:8759fc] [user/501:] service inactive: UIKitApplication:com.DefaultCompany.NeonDrift[5340][rb-legacy]
2026-06-23 18:29:23.679 Df runningboardd[16896:876119] [com.apple.runningboard:ttl] [app<com.DefaultCompany.NeonDrift((null))>:46593] termination reported by launchd (15, 0, 9)
2026-06-23 18:29:23.679 Df runningboardd[16896:876119] [com.apple.runningboard:process] Removing process: [app<com.DefaultCompany.NeonDrift((null))>:46593]
2026-06-23 18:29:23.679 Df runningboardd[16896:876119] [com.apple.runningboard:job] Removing launch job for: [app<com.DefaultCompany.NeonDrift((null))>:46593]
2026-06-23 18:29:23.679 Df launchd_sim[16886:876096] [user/501:] removing service: UIKitApplication:com.DefaultCompany.NeonDrift[5340][rb-legacy]
2026-06-23 18:29:23.679 Df runningboardd[16896:876119] [com.apple.runningboard:job] Removed job for [app<com.DefaultCompany.NeonDrift((null))>:46593]
2026-06-23 18:29:23.679 Df runningboardd[16896:876119] [com.apple.runningboard:process] Removing assertions for terminated process: [app<com.DefaultCompany.NeonDrift((null))>:46593]
2026-06-23 18:29:23.679 Df runningboardd[16896:876119] [com.apple.runningboard:assertion] Removed last relative-start-date-defining assertion for process app<com.DefaultCompany.NeonDrift((null))>
2026-06-23 18:29:23.680 Df runningboardd[16896:875e46] [com.apple.runningboard:monitor] Calculated state for app<com.DefaultCompany.NeonDrift((null))>: none (role: None) (endowments: (null))
2026-06-23 18:29:23.680 Df runningboardd[16896:876118] [com.apple.runningboard:process] Notifying connection [osservice<com.apple.SpringBoard>:16891] that process [app<com.DefaultCompany.NeonDrift((null))>:46593] exited with context <RBSProcessExitContext| specific, status:<RBSProcessExitStatus| domain:runningboard(15) code:0>>
2026-06-23 18:29:23.680 Df SpringBoard[16891:875bf6] [com.apple.FrontBoard:ProcessWorkspace] [app<com.DefaultCompany.NeonDrift>:46593] Workspace assertion invalidated: <NSError: 0x121e83c90; domain: RBSAssertionErrorDomain; code: 1; "Assertions were invalidated, count = 3.
16896-16891-8427: invalidation reason: 1
16896-16891-8433: invalidation reason: 1
16896-16891-8428: invalidation reason: 1">
2026-06-23 18:29:23.680 Df runningboardd[16896:876118] [com.apple.runningboard:process] Notifying connection [osservice<com.apple.installcoordinationd>:55453] that process [app<com.DefaultCompany.NeonDrift((null))>:46593] exited with context <RBSProcessExitContext| specific, status:<RBSProcessExitStatus| domain:runningboard(15) code:0>>
2026-06-23 18:29:23.680 Df SpringBoard[16891:875bf6] [com.apple.runningboard:process] Calling process death completion block for handle [app<com.DefaultCompany.NeonDrift((null))>:46593]
2026-06-23 18:29:23.680 Df runningboardd[16896:876118] [com.apple.runningboard:monitor] Calculated state for app<com.DefaultCompany.NeonDrift((null))>: none (role: None) (endowments: (null))
2026-06-23 18:29:23.680 Df SpringBoard[16891:875bf6] [com.apple.FrontBoard:Process] [app<com.DefaultCompany.NeonDrift>:46593] Process exited: <RBSProcessExitContext| specific, status:<RBSProcessExitStatus| domain:runningboard(15) code:0>>.
2026-06-23 18:29:23.680 Df SpringBoard[16891:875bf6] [com.apple.FrontBoard:Process] [app<com.DefaultCompany.NeonDrift>:46593] Setting process task state to: Not Running
2026-06-23 18:29:23.680 Df SpringBoard[16891:875bf6] [com.apple.FrontBoard:Process] [app<com.DefaultCompany.NeonDrift>:46593] Setting process visibility to: Unknown
2026-06-23 18:29:23.680 Df SpringBoard[16891:875bf0] [com.apple.runningboard:monitor] Received state update for 46593 (app<com.DefaultCompany.NeonDrift((null))>, none-NotVisible
2026-06-23 18:29:23.680 Df SpringBoard[16891:875ba8] [com.apple.FrontBoard:ProcessWorkspace] [app<com.DefaultCompany.NeonDrift>:46593] Invalidating workspace.
2026-06-23 18:29:23.680 Df installcoordinationd[55453:875b90] [com.apple.runningboard:process] Calling process death completion block for handle [app<com.DefaultCompany.NeonDrift((null))>:46593]
2026-06-23 18:29:23.680 Df installcoordinationd[55453:875b90] [com.apple.runningboard:assertion] Death monitor triggered for [app<com.DefaultCompany.NeonDrift((null))>:46593]
2026-06-23 18:29:23.680 Df SpringBoard[16891:875ba8] [com.apple.FrontBoard:ProcessWorkspace] Removing source registration for processHandle: [app<com.DefaultCompany.NeonDrift((null))>:46593]
2026-06-23 18:29:23.680 Df callservicesd[16959:876148] [com.apple.runningboard:monitor] Received state update for 46593 (app<com.DefaultCompany.NeonDrift((null))>, none-NotVisible
2026-06-23 18:29:23.680 Df installcoordinationd[55453:875b90] [com.apple.installcoordination:daemon] -[IXSCoordinatedAppInstall assertionAcquiredCallback]: RBS termination assertion observer called for <IXSCoordinatedAppInstall<0x105df4000> [P=CoreSimulatorBridge (pid 16923)] identifier:[com.DefaultCompany.NeonDrift/Invalid/[system-defined]] uuid:EB12799C-7506-45BD-B571-1C150A5BC260 intent:IXCoordinatorIntentUpdating creator/appDRI:InstallCoordination Simple SPI importance:UserWaiting state:IXAppCoordinationStateWaitingForPlaceholderAssertion promise-state:PA2I4>
2026-06-23 18:29:23.680 Df installcoordinationd[55453:87610a] [com.apple.runningboard:monitor] Received state update for 46593 (app<com.DefaultCompany.NeonDrift((null))>, none-NotVisible
2026-06-23 18:29:23.680 Df SpringBoard[16891:875ba8] [com.apple.FrontBoard:ProcessScene] [0x126711500:(FBSceneManager):sceneID:com.DefaultCompany.NeonDrift-default] Invalidated for connection: 0x12671d5c0.
2026-06-23 18:29:23.680 Df SpringBoard[16891:875ba8] [com.apple.FrontBoard:Process] Removing: <FBApplicationProcess: 0x12533d980; app<com.DefaultCompany.NeonDrift>:46593(v15E5C6)>
2026-06-23 18:29:23.681 Df locationd[16917:8736da] [com.apple.runningboard:monitor] Received state update for 46593 (app<com.DefaultCompany.NeonDrift((null))>, none-NotVisible
2026-06-23 18:29:23.681 Df callservicesd[16959:8724a3] [com.apple.runningboard:monitor] Received state update for 46593 (app<com.DefaultCompany.NeonDrift((null))>, none-NotVisible
2026-06-23 18:29:23.681 Df mediaremoted[37932:875e49] [com.apple.runningboard:monitor] Received state update for 46593 (app<com.DefaultCompany.NeonDrift((null))>, none-NotVisible
2026-06-23 18:29:23.681 Df installcoordinationd[55453:875c3e] [com.apple.runningboard:monitor] Received state update for 46593 (app<com.DefaultCompany.NeonDrift((null))>, none-NotVisible
2026-06-23 18:29:23.681 Df locationd[16917:8736db] [com.apple.locationd.Core:Core] {"msg":"RBS #AppMonitor process monitor update handler invoked", "pid":46593, "bundleID":com.DefaultCompany.NeonDrift, "state":1}
2026-06-23 18:29:23.681 Df locationd[16917:873681] [com.apple.runningboard:monitor] Received state update for 46593 (app<com.DefaultCompany.NeonDrift((null))>, none-NotVisible
2026-06-23 18:29:23.681 Df SpringBoard[16891:643be3] [com.apple.SpringBoard:Workspace] Process exited: <FBApplicationProcess: 0x12533d980; app<com.DefaultCompany.NeonDrift>:46593(v15E5C6)> -> <RBSProcessExitContext| specific, status:<RBSProcessExitStatus| domain:runningboard(15) code:0>>
2026-06-23 18:29:23.681 Df mediaremoted[37932:875e49] [com.apple.runningboard:monitor] Received state update for 46593 (app<com.DefaultCompany.NeonDrift((null))>, none-NotVisible
2026-06-23 18:29:23.681 Df locationd[16917:8736da] [com.apple.locationd.Core:Core] {"msg":"RBS #dic AppMonitor received Termination", "pid":46593, "bundleId":com.DefaultCompany.NeonDrift, "isUserKill":0}
2026-06-23 18:29:23.681 Df locationd[16917:8736da] [com.apple.locationd.Core:Core] {"msg":"RBS #AppMonitor Post Application State Change Notification", "notification":Terminated, "pid":46593, "bundleId":com.DefaultCompany.NeonDrift}
2026-06-23 18:29:23.681 Df locationd[16917:873681] [com.apple.locationd.Core:Core] {"msg":"#Warning #ClientResolution the passed keyPath is not registered. Resolving to #nullCKP", "InputCKP":icom.DefaultCompany.NeonDrift:}
2026-06-23 18:29:23.681 Df locationd[16917:873681] [com.apple.locationd.Core:Core] {"msg":"#CLIUA AppMonitor notification", "notification":1, "pid":46593, "bundleId":com.DefaultCompany.NeonDrift, "ClientKey":icom.DefaultCompany.NeonDrift:}
2026-06-23 18:29:23.681 Df locationd[16917:873681] [com.apple.locationd.Core:Core] {"msg":"#CLIUA Marking change", "clientKey":icom.DefaultCompany.NeonDrift:, "reason":Process state from RunningBoard, "AssertionLevel":5, "coming":0}
2026-06-23 18:29:23.681 Df installcoordinationd[55453:87610c] [com.apple.installcoordination:daemon] -[IXSCoordinatedAppInstall _onQueue_installPlaceholder]: Acquired termination assertion for placeholder [com.DefaultCompany.NeonDrift/Invalid/[system-defined]]; proceeding with install.
2026-06-23 18:29:23.681 Df installcoordinationd[55453:87610c] [com.apple.installcoordination:daemon] -[IXSPowerAssertion initWithAssertionName:details:]: Acquired power assertion IXPowerAssertion-12-[com.DefaultCompany.NeonDrift/Invalid/[system-defined]]
