Timestamp               Ty Process[PID:TID]
2026-06-23 18:29:03.837 Df CoreSimulatorBridge[16923:7fe7ce] Request received for installation of file:///Users/dragonkao/.openclaw/workspace/382b9e3384298039b171c9b2a60ae644/NeonDrift_MVP/project/xcode_derived_data/Build/Products/Release-iphonesimulator/NeonDrift.app/ with options: {
    PackageType = Developer;
    SimulatorRootPath = "/Library/Developer/CoreSimulator/Volumes/iOS_23F77/Library/Developer/CoreSimulator/Profiles/Runtimes/iOS 26.5.simruntime/Contents/Resources/RuntimeRoot";
    SimulatorUserPath = "/Users/dragonkao/Library/Developer/CoreSimulator/Devices/CCB1E793-CED4-4FCD-BF73-321AAEA77AB9/data";
}
2026-06-23 18:29:03.837 Df CoreSimulatorBridge[16923:7fe7ce] [com.apple.installcoordination:framework] +[IXAppInstallCoordinator(IXSimpleInstaller) _beginInstallForURL:forPersonaUniqueString:consumeSource:options:progressBlock:completionWithIdentity:]: Beginning install for /Users/dragonkao/.openclaw/workspace/382b9e3384298039b171c9b2a60ae644/NeonDrift_MVP/project/xcode_derived_data/Build/Products/Release-iphonesimulator/NeonDrift.app consuming source:N options:{
    IsUserInitiated = 1;
    PackageType = Developer;
} installationRequestorAuditToken: NULL
2026-06-23 18:29:03.840 Df installcoordinationd[55453:7fe28a] [com.apple.installcoordination:daemon] -[IXSDataPromiseManager registerPromise:]: Registered promise <IXSPlaceholder(0x105d0c500) Name:App Placeholder: NeonDrift (com.DefaultCompany.NeonDrift) Creator:InstallCoordination Simple SPI UUID:6929B382-1483-4C06-8244-545DA1D96E1D Location:[system-defined]> for UUID 6929B382-1483-4C06-8244-545DA1D96E1D
2026-06-23 18:29:03.841 Df installcoordinationd[55453:7fe28a] [com.apple.installcoordination:daemon] -[IXSPlaceholder setAttributes:]: <IXSPlaceholder(0x105d0c500) Name:App Placeholder: NeonDrift (com.DefaultCompany.NeonDrift) Creator:InstallCoordination Simple SPI UUID:6929B382-1483-4C06-8244-545DA1D96E1D Location:[system-defined]>: setting placeholder attributes to <IXPlaceholderAttributes<0x105ca4000> : {
    CFBundleShortVersionString = "1.0";
    CFBundleSupportedPlatforms =     (
        iPhoneSimulator
    );
    CFBundleVersion = 0;
    DTPlatformName = iphonesimulator;
    LSRequiresIPhoneOS = 1;
    MinimumOSVersion = "13.0";
    UIDeviceFamily =     (
        1,
        2
    );
    UIRequiredDeviceCapabilities =     {
        arm64 = 1;
        metal = 1;
    };
}>
2026-06-23 18:29:03.842 Df CoreSimulatorBridge[16923:7fe7cd] [com.apple.installcoordination:framework] +[IXPlaceholder _setEntitlementsFromBundleExecutableURL:withBundleID:client:onPlaceholder:location:error:]: Executable for com.DefaultCompany.NeonDrift at NeonDrift -- file:///Users/dragonkao/.openclaw/workspace/382b9e3384298039b171c9b2a60ae644/NeonDrift_MVP/project/xcode_derived_data/Build/Products/Release-iphonesimulator/NeonDrift.app/ had no entitlements
2026-06-23 18:29:03.842 Df CoreSimulatorBridge[16923:7fe7cd] [com.apple.installcoordination:framework] +[IXPlaceholder _placeholderForBundle:client:withParent:installType:metadata:placeholderType:mayBeDeltaPackage:isFromSerializedPlaceholder:location:error:]: Using full fidelity icons for com.DefaultCompany.NeonDrift at /Users/dragonkao/.openclaw/workspace/382b9e3384298039b171c9b2a60ae644/NeonDrift_MVP/project/xcode_derived_data/Build/Products/Release-iphonesimulator/NeonDrift.app
2026-06-23 18:29:03.842 Df installcoordinationd[55453:7fe28a] [com.apple.installcoordination:daemon] -[IXSDataPromiseManager registerPromise:]: Registered promise <IXSPromisedTransferToPath(0x105ce5380) Name:Icon resources for com.DefaultCompany.NeonDrift Creator:InstallCoordination Simple SPI UUID:86283F8A-D5F9-4581-84D4-E013D275CCC2 Location:[system-defined]> for UUID 86283F8A-D5F9-4581-84D4-E013D275CCC2
2026-06-23 18:29:03.845 Df CoreSimulatorBridge[16923:7fe7cd] [com.apple.installcoordination:framework] -[IXPromisedTransferToPath setComplete:]: <IXPromisedTransferToPath<0x1055cdd00> name:"Icon resources for com.DefaultCompany.NeonDrift" uuid:86283F8A-D5F9-4581-84D4-E013D275CCC2 creator:"InstallCoordination Simple SPI" location:[system-defined]> Move operation from /Users/dragonkao/Library/Developer/CoreSimulator/Devices/CCB1E793-CED4-4FCD-BF73-321AAEA77AB9/data/Containers/Shared/SystemGroup/systemgroup.com.apple.installcoordinationd/Library/InstallCoordination/PromiseStaging/86283F8A-D5F9-4581-84D4-E013D275CCC2/temp.9XbeQy to /Users/dragonkao/Library/Developer/CoreSimulator/Devices/CCB1E793-CED4-4FCD-BF73-321AAEA77AB9/data/Containers/Shared/SystemGroup/systemgroup.com.apple.installcoordinationd/Library/InstallCoordination/PromiseStaging/86283F8A-D5F9-4581-84D4-E013D275CCC2/temp.9XbeQy took 0.000043 seconds
2026-06-23 18:29:03.846 Df installcoordinationd[55453:875b88] [com.apple.installcoordination:daemon] -[IXSDataPromise _setPercentComplete:saveStateIfNeeded:]: Progress: <IXSPromisedTransferToPath(0x105ce5380) Name:Icon resources for com.DefaultCompany.NeonDrift Creator:InstallCoordination Simple SPI UUID:86283F8A-D5F9-4581-84D4-E013D275CCC2 Location:[system-defined]>
2026-06-23 18:29:03.846 Df installcoordinationd[55453:7fe28a] [com.apple.installcoordination:daemon] -[IXSDataPromiseManager promiseDidBegin:]: Unowned promise began: <IXSPromisedTransferToPath(0x105ce5380) Name:Icon resources for com.DefaultCompany.NeonDrift Creator:InstallCoordination Simple SPI UUID:86283F8A-D5F9-4581-84D4-E013D275CCC2 Location:[system-defined]>
2026-06-23 18:29:03.846 Df installcoordinationd[55453:7fe28a] [com.apple.installcoordination:daemon] -[IXSDataPromiseManager promise:didUpdateProgress:]: Unowned promise update progress to 1.000000 : <IXSPromisedTransferToPath(0x105ce5380) Name:Icon resources for com.DefaultCompany.NeonDrift Creator:InstallCoordination Simple SPI UUID:86283F8A-D5F9-4581-84D4-E013D275CCC2 Location:[system-defined]>
2026-06-23 18:29:03.846 Df installcoordinationd[55453:875b88] [com.apple.installcoordination:daemon] -[IXSDataPromiseManager promiseDidComplete:]: Unowned promise completed: <IXSPromisedTransferToPath(0x105ce5380) Name:Icon resources for com.DefaultCompany.NeonDrift Creator:InstallCoordination Simple SPI UUID:86283F8A-D5F9-4581-84D4-E013D275CCC2 Location:[system-defined]>
2026-06-23 18:29:03.847 Df installcoordinationd[55453:875b88] [com.apple.installcoordination:daemon] -[IXSDataPromise _setPercentComplete:saveStateIfNeeded:]: Progress: <IXSPromisedInMemoryDictionary(0x105ce6000) Name:Info.plist icon content for com.DefaultCompany.NeonDrift Creator:InstallCoordination Simple SPI UUID:BCA589A4-A240-4974-A9FF-CF0AF9999762 Location:[system-defined]>
2026-06-23 18:29:03.847 Df installcoordinationd[55453:875b88] [com.apple.installcoordination:daemon] -[IXSDataPromiseManager registerPromise:]: Registered promise <IXSPromisedInMemoryDictionary(0x105ce6000) Name:Info.plist icon content for com.DefaultCompany.NeonDrift Creator:InstallCoordination Simple SPI UUID:BCA589A4-A240-4974-A9FF-CF0AF9999762 Location:[system-defined]> for UUID BCA589A4-A240-4974-A9FF-CF0AF9999762
2026-06-23 18:29:03.847 Df installcoordinationd[55453:875b90] [com.apple.installcoordination:daemon] -[IXSDataPromiseManager promiseDidBegin:]: Unowned promise began: <IXSPromisedInMemoryDictionary(0x105ce6000) Name:Info.plist icon content for com.DefaultCompany.NeonDrift Creator:InstallCoordination Simple SPI UUID:BCA589A4-A240-4974-A9FF-CF0AF9999762 Location:[system-defined]>
2026-06-23 18:29:03.847 Df installcoordinationd[55453:875b90] [com.apple.installcoordination:daemon] -[IXSDataPromiseManager promise:didUpdateProgress:]: Unowned promise update progress to 1.000000 : <IXSPromisedInMemoryDictionary(0x105ce6000) Name:Info.plist icon content for com.DefaultCompany.NeonDrift Creator:InstallCoordination Simple SPI UUID:BCA589A4-A240-4974-A9FF-CF0AF9999762 Location:[system-defined]>
2026-06-23 18:29:03.847 Df installcoordinationd[55453:875b90] [com.apple.installcoordination:daemon] -[IXSDataPromiseManager promiseDidComplete:]: Unowned promise completed: <IXSPromisedInMemoryDictionary(0x105ce6000) Name:Info.plist icon content for com.DefaultCompany.NeonDrift Creator:InstallCoordination Simple SPI UUID:BCA589A4-A240-4974-A9FF-CF0AF9999762 Location:[system-defined]>
2026-06-23 18:29:03.848 Df installcoordinationd[55453:875b88] [com.apple.installcoordination:daemon] -[IXSPlaceholder setIconResourcesPromise:]: <IXSPlaceholder(0x105d0c500) Name:App Placeholder: NeonDrift (com.DefaultCompany.NeonDrift) Creator:InstallCoordination Simple SPI UUID:6929B382-1483-4C06-8244-545DA1D96E1D Location:[system-defined]>: setting icon resources promise to <IXSPromisedTransferToPath(0x105ce5380) Name:Icon resources for com.DefaultCompany.NeonDrift Creator:InstallCoordination Simple SPI UUID:86283F8A-D5F9-4581-84D4-E013D275CCC2 Location:[system-defined]>
2026-06-23 18:29:03.848 Df installcoordinationd[55453:875b88] [com.apple.installcoordination:daemon] -[IXSPlaceholder setInfoPlistIconContentPromise:]: <IXSPlaceholder(0x105d0c500) Name:App Placeholder: NeonDrift (com.DefaultCompany.NeonDrift) Creator:InstallCoordination Simple SPI UUID:6929B382-1483-4C06-8244-545DA1D96E1D Location:[system-defined]>: setting Info.plist icon content promise to <IXSPromisedInMemoryDictionary(0x105ce6000) Name:Info.plist icon content for com.DefaultCompany.NeonDrift Creator:InstallCoordination Simple SPI UUID:BCA589A4-A240-4974-A9FF-CF0AF9999762 Location:[system-defined]>
2026-06-23 18:29:03.849 Df installcoordinationd[55453:875b88] [com.apple.installcoordination:daemon] -[IXSDataPromiseManager promiseDidBegin:]: Unowned promise began: <IXSPlaceholder(0x105d0c500) Name:App Placeholder: NeonDrift (com.DefaultCompany.NeonDrift) Creator:InstallCoordination Simple SPI UUID:6929B382-1483-4C06-8244-545DA1D96E1D Location:[system-defined]>
2026-06-23 18:29:03.849 Df installcoordinationd[55453:875b88] [com.apple.installcoordination:daemon] -[IXSDataPromiseManager promise:didUpdateProgress:]: Unowned promise update progress to 0.000000 : <IXSPlaceholder(0x105d0c500) Name:App Placeholder: NeonDrift (com.DefaultCompany.NeonDrift) Creator:InstallCoordination Simple SPI UUID:6929B382-1483-4C06-8244-545DA1D96E1D Location:[system-defined]>
2026-06-23 18:29:03.849 Df installcoordinationd[55453:875b88] [com.apple.installcoordination:daemon] -[IXSDataPromiseManager promise:didUpdateProgress:]: Unowned promise update progress to 0.000000 : <IXSPlaceholder(0x105d0c500) Name:App Placeholder: NeonDrift (com.DefaultCompany.NeonDrift) Creator:InstallCoordination Simple SPI UUID:6929B382-1483-4C06-8244-545DA1D96E1D Location:[system-defined]>
2026-06-23 18:29:03.850 Df installcoordinationd[55453:7fe28a] [com.apple.installcoordination:daemon] -[IXSDataPromise _setPercentComplete:saveStateIfNeeded:]: Progress: <IXSPromisedInMemoryDictionary(0x105ce5180) Name:Localizations for com.DefaultCompany.NeonDrift Creator:InstallCoordination Simple SPI UUID:DA0625D7-6062-47E3-9BE6-0D98201F42AD Location:[system-defined]>
2026-06-23 18:29:03.850 Df installcoordinationd[55453:7fe28a] [com.apple.installcoordination:daemon] -[IXSDataPromiseManager registerPromise:]: Registered promise <IXSPromisedInMemoryDictionary(0x105ce5180) Name:Localizations for com.DefaultCompany.NeonDrift Creator:InstallCoordination Simple SPI UUID:DA0625D7-6062-47E3-9BE6-0D98201F42AD Location:[system-defined]> for UUID DA0625D7-6062-47E3-9BE6-0D98201F42AD
2026-06-23 18:29:03.851 Df installcoordinationd[55453:875b90] [com.apple.installcoordination:daemon] -[IXSDataPromiseManager promiseDidBegin:]: Unowned promise began: <IXSPromisedInMemoryDictionary(0x105ce5180) Name:Localizations for com.DefaultCompany.NeonDrift Creator:InstallCoordination Simple SPI UUID:DA0625D7-6062-47E3-9BE6-0D98201F42AD Location:[system-defined]>
2026-06-23 18:29:03.851 Df installcoordinationd[55453:875b90] [com.apple.installcoordination:daemon] -[IXSDataPromiseManager promise:didUpdateProgress:]: Unowned promise update progress to 1.000000 : <IXSPromisedInMemoryDictionary(0x105ce5180) Name:Localizations for com.DefaultCompany.NeonDrift Creator:InstallCoordination Simple SPI UUID:DA0625D7-6062-47E3-9BE6-0D98201F42AD Location:[system-defined]>
2026-06-23 18:29:03.851 Df installcoordinationd[55453:875b90] [com.apple.installcoordination:daemon] -[IXSDataPromiseManager promiseDidComplete:]: Unowned promise completed: <IXSPromisedInMemoryDictionary(0x105ce5180) Name:Localizations for com.DefaultCompany.NeonDrift Creator:InstallCoordination Simple SPI UUID:DA0625D7-6062-47E3-9BE6-0D98201F42AD Location:[system-defined]>
2026-06-23 18:29:03.851 Df installcoordinationd[55453:7fe28a] [com.apple.installcoordination:daemon] -[IXSPlaceholder setLocalizationDictionaryPromise:]: <IXSPlaceholder(0x105d0c500) Name:App Placeholder: NeonDrift (com.DefaultCompany.NeonDrift) Creator:InstallCoordination Simple SPI UUID:6929B382-1483-4C06-8244-545DA1D96E1D Location:[system-defined]>: setting localization dict promise to <IXSPromisedInMemoryDictionary(0x105ce5180) Name:Localizations for com.DefaultCompany.NeonDrift Creator:InstallCoordination Simple SPI UUID:DA0625D7-6062-47E3-9BE6-0D98201F42AD Location:[system-defined]>
2026-06-23 18:29:03.852 Df installcoordinationd[55453:875b88] [com.apple.installcoordination:daemon] -[IXSDataPromiseManager promise:didUpdateProgress:]: Unowned promise update progress to 0.000000 : <IXSPlaceholder(0x105d0c500) Name:App Placeholder: NeonDrift (com.DefaultCompany.NeonDrift) Creator:InstallCoordination Simple SPI UUID:6929B382-1483-4C06-8244-545DA1D96E1D Location:[system-defined]>
2026-06-23 18:29:03.852 Df installcoordinationd[55453:875b88] [com.apple.installcoordination:daemon] -[IXSPlaceholder setConfigurationComplete:]: <IXSPlaceholder(0x105d0c500) Name:App Placeholder: NeonDrift (com.DefaultCompany.NeonDrift) Creator:InstallCoordination Simple SPI UUID:6929B382-1483-4C06-8244-545DA1D96E1D Location:[system-defined]>: setting configuration complete to Y
2026-06-23 18:29:03.853 Df installcoordinationd[55453:875b88] [com.apple.installcoordination:daemon] -[IXSPlaceholder _materialize]: <IXSPlaceholder(0x105d0c500) Name:App Placeholder: NeonDrift (com.DefaultCompany.NeonDrift) Creator:InstallCoordination Simple SPI UUID:6929B382-1483-4C06-8244-545DA1D96E1D Location:[system-defined]>: Materializing placeholder at /Users/dragonkao/Library/Developer/CoreSimulator/Devices/CCB1E793-CED4-4FCD-BF73-321AAEA77AB9/data/Containers/Shared/SystemGroup/systemgroup.com.apple.installcoordinationd/Library/InstallCoordination/PromiseStaging/6929B382-1483-4C06-8244-545DA1D96E1D/NeonDrift.app
2026-06-23 18:29:03.853 Df installcoordinationd[55453:875b88] [com.apple.installcoordination:daemon] -[IXSPlaceholder _materialize]: <IXSPlaceholder(0x105d0c500) Name:App Placeholder: NeonDrift (com.DefaultCompany.NeonDrift) Creator:InstallCoordination Simple SPI UUID:6929B382-1483-4C06-8244-545DA1D96E1D Location:[system-defined]>: Using Info.plist icon content: {
    CFBundleIcons =     {
        CFBundlePrimaryIcon =         {
            CFBundleIconName = AppIcon;
        };
    };
    "CFBundleIcons~ipad" =     {
        CFBundlePrimaryIcon =         {
            CFBundleIconName = AppIcon;
        };
    };
    ISIconPlatform = iPhoneOS;
}
2026-06-23 18:29:03.853 Df installcoordinationd[55453:875b88] [com.apple.installcoordination:daemon] -[IXSPlaceholder _materialize]_block_invoke: <IXSPlaceholder(0x105d0c500) Name:App Placeholder: NeonDrift (com.DefaultCompany.NeonDrift) Creator:InstallCoordination Simple SPI UUID:6929B382-1483-4C06-8244-545DA1D96E1D Location:[system-defined]>: Using icon resource Assets.car
2026-06-23 18:29:03.853 Df installcoordinationd[55453:875b88] [com.apple.installcoordination:daemon] -[IXSPlaceholder _materialize]: <IXSPlaceholder(0x105d0c500) Name:App Placeholder: NeonDrift (com.DefaultCompany.NeonDrift) Creator:InstallCoordination Simple SPI UUID:6929B382-1483-4C06-8244-545DA1D96E1D Location:[system-defined]>: Including lproj localizations for (
)
2026-06-23 18:29:03.853 Df installcoordinationd[55453:7fe28a] [com.apple.installcoordination:daemon] -[IXSDataPromiseManager promiseDidComplete:]: Unowned promise completed: <IXSPlaceholder(0x105d0c500) Name:App Placeholder: NeonDrift (com.DefaultCompany.NeonDrift) Creator:InstallCoordination Simple SPI UUID:6929B382-1483-4C06-8244-545DA1D96E1D Location:[system-defined]>
2026-06-23 18:29:03.854 Df installcoordinationd[55453:875b88] [com.apple.installcoordination:daemon] -[IXSDataPromiseManager registerPromise:]: Registered promise <IXSPromisedTransferToPath(0x105ce6680) Name:App Asset: com.DefaultCompany.NeonDrift Creator:InstallCoordination Simple SPI UUID:3B1D192E-C71D-4B09-B3CD-ECB60486E08D Location:[system-defined]> for UUID 3B1D192E-C71D-4B09-B3CD-ECB60486E08D
2026-06-23 18:29:03.856 Df installcoordinationd[55453:875b88] [com.apple.installcoordination:daemon] -[IXSCoordinatorManager coordinatorForIdentity:connection:error:creatingIfNotExisting:]_block_invoke: Registered coordinator: <IXSCoordinatedAppInstall<0x105df4000> [P=CoreSimulatorBridge (pid 16923)] identifier:[com.DefaultCompany.NeonDrift/Invalid/[system-defined]] uuid:CA9E1034-582C-4D84-BE93-02DE844067C0 intent:IXCoordinatorIntentUpdating creator/appDRI:InstallCoordination Simple SPI importance:Background state:IXAppCoordinationStatePlaceholderPromiseNotSet promise-state:01234>
2026-06-23 18:29:03.856 Df installcoordinationd[55453:875b88] [com.apple.appinstallation:TransactionLog] com.DefaultCompany.NeonDrift/Unknown Persona:4:2:1:1:Created coordinator with intent IXCoordinatorIntentUpdating for client InstallCoordination Simple SPI
2026-06-23 18:29:03.856 Df installcoordinationd[55453:875b88] [com.apple.installcoordination:daemon] -[IXSCoordinatedAppInstall setPriorityBoostCompletion:withSourceInfo:]: <IXSCoordinatedAppInstall<0x105df4000> [P=CoreSimulatorBridge (pid 16923)] identifier:[com.DefaultCompany.NeonDrift/Invalid/[system-defined]] uuid:CA9E1034-582C-4D84-BE93-02DE844067C0 intent:IXCoordinatorIntentUpdating creator/appDRI:InstallCoordination Simple SPI importance:Background state:IXAppCoordinationStatePlaceholderPromiseNotSet promise-state:01234>: Retaining completion from CoreSimulatorBridge (16923), QOS_CLASS_DEFAULT (0x15)
2026-06-23 18:29:03.856 Df installcoordinationd[55453:875b88] [com.apple.installcoordination:daemon] -[IXSCoordinatedAppInstall setImportance:]: <IXSCoordinatedAppInstall<0x105df4000> [P=CoreSimulatorBridge (pid 16923)] identifier:[com.DefaultCompany.NeonDrift/Invalid/[system-defined]] uuid:CA9E1034-582C-4D84-BE93-02DE844067C0 intent:IXCoordinatorIntentUpdating creator/appDRI:InstallCoordination Simple SPI importance:UserWaiting state:IXAppCoordinationStatePlaceholderPromiseNotSet promise-state:01234>: set importance to UserWaiting
2026-06-23 18:29:03.856 Df installcoordinationd[55453:875b88] [com.apple.installcoordination:daemon] -[IXSCoordinatedAppInstall _onQueue_fireObserversForClient:]: <IXSCoordinatedAppInstall<0x105df4000> [P=CoreSimulatorBridge (pid 16923)] identifier:[com.DefaultCompany.NeonDrift/Invalid/[system-defined]] uuid:CA9E1034-582C-4D84-BE93-02DE844067C0 intent:IXCoordinatorIntentUpdating creator/appDRI:InstallCoordination Simple SPI importance:UserWaiting state:IXAppCoordinationStatePlaceholderPromiseNotSet promise-state:01234>: Firing applicable observers for client <IXSClientConnection<0x105c44480> client:CoreSimulatorBridge (pid 16923) uuid:807850CD-602B-4881-A92F-9CDF1896469D>
2026-06-23 18:29:03.856 Df installcoordinationd[55453:875b88] [com.apple.installcoordination:daemon] -[IXSCoordinatedAppInstall setPriorityBoostCompletion:withSourceInfo:]: <IXSCoordinatedAppInstall<0x105df4000> [P=CoreSimulatorBridge (pid 16923)] identifier:[com.DefaultCompany.NeonDrift/Invalid/[system-defined]] uuid:CA9E1034-582C-4D84-BE93-02DE844067C0 intent:IXCoordinatorIntentUpdating creator/appDRI:InstallCoordination Simple SPI importance:UserWaiting state:IXAppCoordinationStatePlaceholderPromiseNotSet promise-state:01234>: Disposing of completion from CoreSimulatorBridge (16923), QOS_CLASS_DEFAULT (0x15)
2026-06-23 18:29:03.856 Df installcoordinationd[55453:875b88] [com.apple.installcoordination:daemon] -[IXSCoordinatedAppInstall setPriorityBoostCompletion:withSourceInfo:]: <IXSCoordinatedAppInstall<0x105df4000> [P=CoreSimulatorBridge (pid 16923)] identifier:[com.DefaultCompany.NeonDrift/Invalid/[system-defined]] uuid:CA9E1034-582C-4D84-BE93-02DE844067C0 intent:IXCoordinatorIntentUpdating creator/appDRI:InstallCoordination Simple SPI importance:UserWaiting state:IXAppCoordinationStatePlaceholderPromiseNotSet promise-state:01234>: Retaining completion from CoreSimulatorBridge (16923), QOS_CLASS_DEFAULT (0x15)
2026-06-23 18:29:03.856 Df CoreSimulatorBridge[16923:875b8d] [com.apple.installcoordination:framework] -[IXAppInstallCoordinator _clientDelegate_didRegisterForObservation]: <IXUpdatingAppInstallCoordinator<0x1055cdd80> identity:[com.DefaultCompany.NeonDrift/Invalid/[system-defined]] uuid:CA9E1034-582C-4D84-BE93-02DE844067C0 creator:InstallCoordination Simple SPI>: Got observer registration delegate
2026-06-23 18:29:03.857 Df CoreSimulatorBridge[16923:875b8d] [com.apple.installcoordination:framework] -[IXAppInstallCoordinator _clientDelegate_shouldResume]: <IXUpdatingAppInstallCoordinator<0x1055cdd80> identity:[com.DefaultCompany.NeonDrift/Invalid/[system-defined]] uuid:CA9E1034-582C-4D84-BE93-02DE844067C0 creator:InstallCoordination Simple SPI>: Got should resume delegate
2026-06-23 18:29:03.857 Df CoreSimulatorBridge[16923:875b8d] [com.apple.installcoordination:framework] -[IXAppInstallCoordinator _clientDelegate_didRegisterForObservation]_block_invoke: <IXUpdatingAppInstallCoordinator<0x1055cdd80> identity:[com.DefaultCompany.NeonDrift/Invalid/[system-defined]] uuid:CA9E1034-582C-4D84-BE93-02DE844067C0 creator:InstallCoordination Simple SPI>: Observer <_IXSimpleInstallerDelegate 0x0x1055d4f00> does not respond to coordinatorDidRegisterForObservation:
2026-06-23 18:29:03.857 Df CoreSimulatorBridge[16923:875b8d] [com.apple.installcoordination:framework] -[IXAppInstallCoordinator _clientDelegate_shouldResume]_block_invoke: <IXUpdatingAppInstallCoordinator<0x1055cdd80> identity:[com.DefaultCompany.NeonDrift/Invalid/[system-defined]] uuid:CA9E1034-582C-4D84-BE93-02DE844067C0 creator:InstallCoordination Simple SPI>: Observer <_IXSimpleInstallerDelegate 0x0x1055d4f00> does not respond to coordinatorShouldResume:
2026-06-23 18:29:03.858 Df installcoordinationd[55453:875b88] [com.apple.installcoordination:daemon] -[IXSCoordinatedAppInstall _internal_setInstallOptionsPromise:performExternalActions:]: <IXSCoordinatedAppInstall<0x105df4000> [P=CoreSimulatorBridge (pid 16923)] identifier:[com.DefaultCompany.NeonDrift/Invalid/[system-defined]] uuid:CA9E1034-582C-4D84-BE93-02DE844067C0 intent:IXCoordinatorIntentUpdating creator/appDRI:InstallCoordination Simple SPI importance:UserWaiting state:IXAppCoordinationStatePlaceholderPromiseNotSet promise-state:012I4> : install options set: <IXSPromisedInMemoryData(0x105ce5000) Name:MIInstallOptions data Creator:Install Coordination Internal UUID:C774B7FE-2D3F-425B-A04D-32530882E08F Location:[system-defined]>
2026-06-23 18:29:03.858 Df installcoordinationd[55453:875b90] [com.apple.installcoordination:daemon] -[IXSCoordinatedAppInstall promiseDidComplete:]: <IXSCoordinatedAppInstall<0x105df4000> [P=CoreSimulatorBridge (pid 16923)] identifier:[com.DefaultCompany.NeonDrift/Invalid/[system-defined]] uuid:CA9E1034-582C-4D84-BE93-02DE844067C0 intent:IXCoordinatorIntentUpdating creator/appDRI:InstallCoordination Simple SPI importance:UserWaiting state:IXAppCoordinationStatePlaceholderPromiseNotSet promise-state:012I4> : Promise completed: <IXSPromisedInMemoryData(0x105ce5000) Name:MIInstallOptions data Creator:Install Coordination Internal UUID:C774B7FE-2D3F-425B-A04D-32530882E08F Location:[system-defined]>
2026-06-23 18:29:03.858 Df installcoordinationd[55453:875b90] [com.apple.appinstallation:TransactionLog] com.DefaultCompany.NeonDrift/Unknown Persona:4:13:1:1:Install Options Promise began. Coordinator State: IXAppCoordinationStatePlaceholderPromiseNotSet
2026-06-23 18:29:03.858 Df installcoordinationd[55453:875b90] [com.apple.appinstallation:TransactionLog] com.DefaultCompany.NeonDrift/Unknown Persona:4:13:2:1:Install Options Promise completed. Coordinator State: IXAppCoordinationStatePlaceholderPromiseNotSet
2026-06-23 18:29:03.858 Df installcoordinationd[55453:875b88] [com.apple.installcoordination:daemon] -[IXSCoordinatedAppInstall _internal_setAppAssetPromise:performExternalActions:]: <IXSCoordinatedAppInstall<0x105df4000> [P=CoreSimulatorBridge (pid 16923)] identifier:[com.DefaultCompany.NeonDrift/Invalid/[system-defined]] uuid:CA9E1034-582C-4D84-BE93-02DE844067C0 intent:IXCoordinatorIntentUpdating creator/appDRI:InstallCoordination Simple SPI importance:UserWaiting state:IXAppCoordinationStatePlaceholderPromiseNotSet promise-state:0a2I4> : App Asset Promise set: <IXSPromisedTransferToPath(0x105ce6680) Name:App Asset: com.DefaultCompany.NeonDrift Creator:InstallCoordination Simple SPI UUID:3B1D192E-C71D-4B09-B3CD-ECB60486E08D Location:[system-defined]>
2026-06-23 18:29:03.859 Df installcoordinationd[55453:875b88] [com.apple.installcoordination:daemon] -[IXSCoordinatedAppInstall setInitialODRAssetPromises:]: <IXSCoordinatedAppInstall<0x105df4000> [P=CoreSimulatorBridge (pid 16923)] identifier:[com.DefaultCompany.NeonDrift/Invalid/[system-defined]] uuid:CA9E1034-582C-4D84-BE93-02DE844067C0 intent:IXCoordinatorIntentUpdating creator/appDRI:InstallCoordination Simple SPI importance:UserWaiting state:IXAppCoordinationStatePlaceholderPromiseNotSet promise-state:0a2I4> : Initial ODR Asset Promises set: (
)
2026-06-23 18:29:03.859 Df CoreSimulatorBridge[16923:7fe7cd] [com.apple.installcoordination:framework] -[IXPromisedTransferToPath _performDeltaCopyFrom:toDestination:]: Performing delta copy from /Users/dragonkao/.openclaw/workspace/382b9e3384298039b171c9b2a60ae644/NeonDrift_MVP/project/xcode_derived_data/Build/Products/Release-iphonesimulator/NeonDrift.app to /Users/dragonkao/Library/Developer/CoreSimulator/Devices/CCB1E793-CED4-4FCD-BF73-321AAEA77AB9/data/Containers/Shared/SystemGroup/systemgroup.com.apple.installcoordinationd/Library/InstallCoordination/PromiseStaging/3B1D192E-C71D-4B09-B3CD-ECB60486E08D/NeonDrift.app with installed bundle at /Users/dragonkao/Library/Developer/CoreSimulator/Devices/CCB1E793-CED4-4FCD-BF73-321AAEA77AB9/data/Containers/Bundle/Application/85301A6B-A9B8-4808-A353-26BEFD592F00/NeonDrift.app
2026-06-23 18:29:03.860 Df CoreSimulatorBridge[16923:7fe7cd] (MobileSystemServices) 0x16d9bb000 MDMCreateDeltaDirectory: calling MDMDirectoryDiff with:
state->old_bundle: /Users/dragonkao/Library/Developer/CoreSimulator/Devices/CCB1E793-CED4-4FCD-BF73-321AAEA77AB9/data/Containers/Bundle/Application/85301A6B-A9B8-4808-A353-26BEFD592F00/NeonDrift.app
state->new_bundle: /Users/dragonkao/.openclaw/workspace/382b9e3384298039b171c9b2a60ae644/NeonDrift_MVP/project/xcode_derived_data/Build/Products/Release-iphonesimulator/NeonDrift.app
state->dst_bundle: /Users/dragonkao/Library/Developer/CoreSimulator/Devices/CCB1E793-CED4-4FCD-BF73-321AAEA77AB9/data/Containers/Shared/SystemGroup/systemgroup.com.apple.installcoordinationd/Library/InstallCoordination/PromiseStaging/3B1D192E-C71D-4B09-B3CD-ECB60486E08D/NeonDrift.app/Payload//NeonDrift.app, binaryDiff flag: FALSE
	dst_ipa: /Users/dragonkao/Library/Developer/CoreSimulator/Devices/CCB1E793-CED4-4FCD-BF73-321AAEA77AB9/data/Containers/Shared/SystemGroup/systemgroup.com.apple.installcoordinationd/Library/InstallCoordination/PromiseStaging/3B1D1<…>
2026-06-23 18:29:03.921 Df CoreSimulatorBridge[16923:7fe7cd] [com.apple.installcoordination:framework] -[IXPromisedTransferToPath setComplete:]: <IXPromisedTransferToPath<0x1055ce580> name:"App Asset: com.DefaultCompany.NeonDrift" uuid:3B1D192E-C71D-4B09-B3CD-ECB60486E08D creator:"InstallCoordination Simple SPI" location:[system-defined]> Delta Copy operation from /Users/dragonkao/.openclaw/workspace/382b9e3384298039b171c9b2a60ae644/NeonDrift_MVP/project/xcode_derived_data/Build/Products/Release-iphonesimulator/NeonDrift.app to /Users/dragonkao/Library/Developer/CoreSimulator/Devices/CCB1E793-CED4-4FCD-BF73-321AAEA77AB9/data/Containers/Shared/SystemGroup/systemgroup.com.apple.installcoordinationd/Library/InstallCoordination/PromiseStaging/3B1D192E-C71D-4B09-B3CD-ECB60486E08D/NeonDrift.app took 0.062151 seconds
2026-06-23 18:29:03.922 Df installcoordinationd[55453:875b88] [com.apple.installcoordination:daemon] -[IXSDataPromise _setPercentComplete:saveStateIfNeeded:]: Progress: <IXSPromisedTransferToPath(0x105ce6680) Name:App Asset: com.DefaultCompany.NeonDrift Creator:InstallCoordination Simple SPI UUID:3B1D192E-C71D-4B09-B3CD-ECB60486E08D Location:[system-defined]>
2026-06-23 18:29:03.922 Df installcoordinationd[55453:7fe28a] [com.apple.appinstallation:TransactionLog] com.DefaultCompany.NeonDrift/Unknown Persona:4:10:1:1:App Asset Promise began. Coordinator State: IXAppCoordinationStatePlaceholderPromiseNotSet
2026-06-23 18:29:03.922 Df CoreSimulatorBridge[16923:875b8d] [com.apple.installcoordination:framework] -[IXAppInstallCoordinator _clientDelegate_promiseDidBeginFulfillmentWithIdentifier:]: <IXUpdatingAppInstallCoordinator<0x1055cdd80> identity:[com.DefaultCompany.NeonDrift/Invalid/[system-defined]] uuid:CA9E1034-582C-4D84-BE93-02DE844067C0 creator:InstallCoordination Simple SPI>: Got promise did begin fulfillment for identifier 2
2026-06-23 18:29:03.922 Df CoreSimulatorBridge[16923:875b8d] [com.apple.installcoordination:framework] -[IXAppInstallCoordinator _clientDelegate_promiseDidBeginFulfillmentWithIdentifier:]_block_invoke: <IXUpdatingAppInstallCoordinator<0x1055cdd80> identity:[com.DefaultCompany.NeonDrift/Invalid/[system-defined]] uuid:CA9E1034-582C-4D84-BE93-02DE844067C0 creator:InstallCoordination Simple SPI>: Observer <_IXSimpleInstallerDelegate 0x0x1055d4f00> does not respond to coordinator:configuredPromiseDidBeginFulfillment: (or any deprecated equivalent)
2026-06-23 18:29:03.922 Df installcoordinationd[55453:875b88] [com.apple.installcoordination:daemon] -[IXSCoordinatedAppInstall promiseDidComplete:]: <IXSCoordinatedAppInstall<0x105df4000> [P=CoreSimulatorBridge (pid 16923)] identifier:[com.DefaultCompany.NeonDrift/Invalid/[system-defined]] uuid:CA9E1034-582C-4D84-BE93-02DE844067C0 intent:IXCoordinatorIntentUpdating creator/appDRI:InstallCoordination Simple SPI importance:UserWaiting state:IXAppCoordinationStatePlaceholderPromiseNotSet promise-state:0A2I4> : Promise completed: <IXSPromisedTransferToPath(0x105ce6680) Name:App Asset: com.DefaultCompany.NeonDrift Creator:InstallCoordination Simple SPI UUID:3B1D192E-C71D-4B09-B3CD-ECB60486E08D Location:[system-defined]>
2026-06-23 18:29:03.922 Df installcoordinationd[55453:875b90] [com.apple.appinstallation:TransactionLog] com.DefaultCompany.NeonDrift/Unknown Persona:4:10:2:1:App Asset Promise completed. Coordinator State: IXAppCoordinationStatePlaceholderPromiseNotSet
2026-06-23 18:29:03.922 Df CoreSimulatorBridge[16923:875b8d] [com.apple.installcoordination:framework] -[IXAppInstallCoordinator _clientDelegate_didUpdateProgress:forPhase:overallProgress:]: <IXUpdatingAppInstallCoordinator<0x1055cdd80> identity:[com.DefaultCompany.NeonDrift/Invalid/[system-defined]] uuid:CA9E1034-582C-4D84-BE93-02DE844067C0 creator:InstallCoordination Simple SPI>: Got did update progress delegate with percentComplete 100.000000 phase IXCoordinatorProgressPhaseLoading overallProgress 60.000000
2026-06-23 18:29:03.922 Df installcoordinationd[55453:875b93] [com.apple.installcoordination:daemon] -[IXSCoordinatedAppInstall setPlaceholderPromise:]: <IXSCoordinatedAppInstall<0x105df4000> [P=CoreSimulatorBridge (pid 16923)] identifier:[com.DefaultCompany.NeonDrift/Invalid/[system-defined]] uuid:CA9E1034-582C-4D84-BE93-02DE844067C0 intent:IXCoordinatorIntentUpdating creator/appDRI:InstallCoordination Simple SPI importance:UserWaiting state:IXAppCoordinationStateReadyForPlaceholderInstall promise-state:PA2I4> : Placeholder Promise set: <IXSPlaceholder(0x105d0c500) Name:App Placeholder: NeonDrift (com.DefaultCompany.NeonDrift) Creator:InstallCoordination Simple SPI UUID:6929B382-1483-4C06-8244-545DA1D96E1D Location:[system-defined]>
2026-06-23 18:29:03.922 Df CoreSimulatorBridge[16923:875b8d] [com.apple.installcoordination:framework] -[IXAppInstallCoordinator _clientDelegate_didUpdateProgress:forPhase:overallProgress:]_block_invoke: <IXUpdatingAppInstallCoordinator<0x1055cdd80> identity:[com.DefaultCompany.NeonDrift/Invalid/[system-defined]] uuid:CA9E1034-582C-4D84-BE93-02DE844067C0 creator:InstallCoordination Simple SPI>: Calling selector coordinator:didUpdateProgress:forPhase:overallProgress: on observer <_IXSimpleInstallerDelegate 0x0x1055d4f00>
2026-06-23 18:29:03.922 Df installcoordinationd[55453:875b88] [com.apple.installcoordination:daemon] -[IXSCoordinatedAppInstall promiseDidComplete:]: <IXSCoordinatedAppInstall<0x105df4000> [P=CoreSimulatorBridge (pid 16923)] identifier:[com.DefaultCompany.NeonDrift/Invalid/[system-defined]] uuid:CA9E1034-582C-4D84-BE93-02DE844067C0 intent:IXCoordinatorIntentUpdating creator/appDRI:InstallCoordination Simple SPI importance:UserWaiting state:IXAppCoordinationStateReadyForPlaceholderInstall promise-state:PA2I4> : Promise completed: <IXSPlaceholder(0x105d0c500) Name:App Placeholder: NeonDrift (com.DefaultCompany.NeonDrift) Creator:InstallCoordination Simple SPI UUID:6929B382-1483-4C06-8244-545DA1D96E1D Location:[system-defined]>
2026-06-23 18:29:03.923 Df installcoordinationd[55453:875b93] [com.apple.installcoordination:daemon] -[IXSCoordinatedAppInstall _onQueue_acquireAssertionAndInstallPlaceholder]: Acquiring termination assertion to install placeholder for [com.DefaultCompany.NeonDrift/Invalid/[system-defined]]
2026-06-23 18:29:03.923 Df installcoordinationd[55453:875b93] [com.apple.installcoordination:daemon] -[IXSPendingOperationsTracker beginPendingOperationForIdentity:]_block_invoke: Beginning pending operation for [com.DefaultCompany.NeonDrift/Invalid/[system-defined]]
2026-06-23 18:29:03.923 Df installcoordinationd[55453:7fe28a] [com.apple.runningboard:process] Hit the server for a process handle d1bd1f1000109ed that resolved to: [app<com.DefaultCompany.NeonDrift((null))>:68077]
2026-06-23 18:29:03.923 Df runningboardd[16896:872a8f] [com.apple.runningboard:connection] Received termination request from [osservice<com.apple.installcoordinationd>:55453] on <RBSProcessPredicate <RBSProcessBundleIdentifierPredicate "com.DefaultCompany.NeonDrift">> with context <RBSTerminateContext| explanation:installcoordinationd app:[com.DefaultCompany.NeonDrift/Invalid/[system-defined]] uuid:CA9E1034-582C-4D84-BE93-02DE844067C0 isPlaceholder:Y reportType:None maxTerminationResistance:Absolute attrs:[
	<RBSPreventLaunchLimitation| <RBSProcessPredicate <RBSProcessBundleIdentifierPredicate "com.DefaultCompany.NeonDrift">> allow:(null)>
	]>
2026-06-23 18:29:03.923 Df installcoordinationd[55453:7fe28a] [com.apple.runningboard:monitor] Received state update for 68077 (app<com.DefaultCompany.NeonDrift((null))>, running-active-NotVisible
2026-06-23 18:29:03.924 Df runningboardd[16896:872a8f] [com.apple.runningboard:general] Found 0 extensions contained in com.DefaultCompany.NeonDrift
2026-06-23 18:29:03.924 Df runningboardd[16896:872a8f] [com.apple.PlugInKit:holds] <PKManager:0x107069940> hold request for [/Users/dragonkao/Library/Developer/CoreSimulator/Devices/CCB1E793-CED4-4FCD-BF73-321AAEA77AB9/data/Containers/Bundle/Application/85301A6B-A9B8-4808-A353-26BEFD592F00/NeonDrift.app] with flags: 0x4
2026-06-23 18:29:03.924 Df NeonDrift[68077:85da78] [com.apple.PlugInKit:discovery] Annotations changed, re-performing query for continuous discovery, report block = <0x118917c00>.
2026-06-23 18:29:03.925 Df runningboardd[16896:872a8f] [com.apple.PlugInKit:holds] <PKManager:0x107069940> hold request for [/Users/dragonkao/Library/Developer/CoreSimulator/Devices/CCB1E793-CED4-4FCD-BF73-321AAEA77AB9/data/Containers/Bundle/Application/85301A6B-A9B8-4808-A353-26BEFD592F00/NeonDrift.app] with flags: 0x4 completed with hold token: [D4B7993F-BCD4-4D84-9214-547046C648E9]
2026-06-23 18:29:03.925 Df NeonDrift[68077:815f96] [com.apple.PlugInKit:discovery] Annotations changed, re-performing query for continuous discovery, report block = <0x118870330>.
2026-06-23 18:29:03.925 Df runningboardd[16896:872a8f] [com.apple.runningboard:ttl] Acquiring assertion targeting system from originator [osservice<com.apple.installcoordinationd>:55453] with description <RBSAssertionDescriptor| "installcoordinationd app:[com.DefaultCompany.NeonDrift/Invalid/[system-defined]] uuid:CA9E1034-582C-4D84-BE93-02DE844067C0 isPlaceholder:Y" ID:16896-55453-8410 target:system attributes:[
	<RBSPreventLaunchLimitation| <RBSProcessPredicate <RBSProcessBundleIdentifierPredicate "com.DefaultCompany.NeonDrift">> allow:(null)>
	]>
2026-06-23 18:29:03.925 Df NeonDrift[68077:85da78] [com.apple.PlugInKit:discovery] [d 2DD40A81-BD5A-442F-B192-9CCC6749BAC2] <PKHost:0x11891c2c0> Beginning discovery for flags: 0, point: com.apple.AudioUnit
2026-06-23 18:29:03.925 Df NeonDrift[68077:85da78] [com.apple.PlugInKit:discovery] Annotations changed, re-performing query for continuous discovery, report block = <0x118917e40>.
2026-06-23 18:29:03.925 Df NeonDrift[68077:815f96] [com.apple.PlugInKit:discovery] [d 437E40CA-4337-4572-B7BF-A19AB17DAF47] <PKHost:0x11891c2c0> Beginning discovery for flags: 0, point: com.apple.AudioUnit-Speech
2026-06-23 18:29:03.926 Df runningboardd[16896:872a8f] [com.apple.runningboard:process] Executing termination request for: <RBSProcessPredicate <RBSProcessBundleIdentifierPredicate "com.DefaultCompany.NeonDrift">>
2026-06-23 18:29:03.926 Df runningboardd[16896:872a8f] [com.apple.runningboard:process] [app<com.DefaultCompany.NeonDrift((null))>:68077] Terminating with context: <RBSTerminateContext| explanation:installcoordinationd app:[com.DefaultCompany.NeonDrift/Invalid/[system-defined]] uuid:CA9E1034-582C-4D84-BE93-02DE844067C0 isPlaceholder:Y reportType:None maxTerminationResistance:Absolute attrs:[
	<RBSPreventLaunchLimitation| <RBSProcessPredicate <RBSProcessBundleIdentifierPredicate "com.DefaultCompany.NeonDrift">> allow:(null)>
	]>
2026-06-23 18:29:03.926 Df SpringBoard[16891:643be3] [com.apple.SpringBoard:Common] termination assertion acquired for com.DefaultCompany.NeonDrift
2026-06-23 18:29:03.926 Df runningboardd[16896:872a8f] [com.apple.runningboard:process] [app<com.DefaultCompany.NeonDrift((null))>:68077] terminate_with_reason() success
2026-06-23 18:29:03.926 Df SpringBoard[16891:643be3] [com.apple.SpringBoard:Icon] 0x10a554000-SBApplicationIcon Data source did change: <SBApplication: 0x128fe1e00; com.DefaultCompany.NeonDrift> {
    processState = <SBApplicationProcessState: 0x121d558e0; pid: 68077; taskState: Running; visibility: Foreground>;
} (SBApplication)
2026-06-23 18:29:03.927 Df installcoordinationd[55453:875b93] [com.apple.runningboard:assertion] Setting up death monitor for [app<com.DefaultCompany.NeonDrift((null))>:68077]
2026-06-23 18:29:03.927 Df installcoordinationd[55453:875b93] [com.apple.runningboard:process] Starting death monitoring for handle [app<com.DefaultCompany.NeonDrift((null))>:68077]
2026-06-23 18:29:03.927 Df backboardd[16914:875ba0] [com.apple.iohid:default] Connection removed: IOHIDEventSystemConnection uuid:62E009EE-45DE-4B25-8776-0753D237B729 pid:68077 process:NeonDrift type:Passive entitlements:0x0 caller:BackBoardServices: ___getHIDEventSystemClient_block_invoke + 296 attributes:{
    HighFrequency = 0;
    bundleID = "com.DefaultCompany.NeonDrift";
    pid = 68077;
} state:0x1 events:0 mask:0x0 dropped:0 dropStatus:0 droppedMask:0x0 lastDroppedTime:NONE
2026-06-23 18:29:03.927 Df SpringBoard[16891:8759b4] [com.apple.FrontBoard:ProcessWorkspace] [app<com.DefaultCompany.NeonDrift>:68077] Workspace connection invalidated.
2026-06-23 18:29:03.927 Df backboardd[16914:875ba1] [com.apple.iohid:default] Connection removed: IOHIDEventSystemConnection uuid:3B666A33-0937-4C90-B81D-0751F9526FE1 pid:68077 process:NeonDrift type:Monitor entitlements:0x0 caller:GameControllerFoundation: -[GCHIDEventSystemClient initWithQueue:type:attributes:functions:] + 116 attributes:(null) state:0x1 events:0 mask:0x0 dropped:0 dropStatus:0 droppedMask:0x0 lastDroppedTime:NONE
2026-06-23 18:29:03.927 Df SpringBoard[16891:8759b4] [com.apple.FrontBoard:Process] [app<com.DefaultCompany.NeonDrift>:68077] Now flagged as pending exit for reason: workspace client connection invalidated
2026-06-23 18:29:03.927 Df backboardd[16914:875ba0] [com.apple.BackBoard:HID] Removing client connection <BKHIDClientConnection: 0x10d372100; IOHIDEventSystemConnectionRef: 0x10c4ade00; vpid: 68077(v1349A2); taskPort: 0x22C03; bundleID: com.DefaultCompany.NeonDrift> for client: IOHIDEventSystemConnection uuid:62E009EE-45DE-4B25-8776-0753D237B729 pid:68077 process:NeonDrift type:Passive entitlements:0x0 caller:BackBoardServices: ___getHIDEventSystemClient_block_invoke + 296 attributes:{
    HighFrequency = 0;
    bundleID = "com.DefaultCompany.NeonDrift";
    pid = 68077;
} state:0x1 events:0 mask:0x0 dropped:0 dropStatus:0 droppedMask:0x0 lastDroppedTime:NONE source:HID
2026-06-23 18:29:03.927 Df installcoordinationd[55453:7fe28a] [com.apple.appinstallation:TransactionLog] com.DefaultCompany.NeonDrift/Unknown Persona:4:9:1:1:Placeholder Promise began. Coordinator State: IXAppCoordinationStateWaitingForPlaceholderAssertion
2026-06-23 18:29:03.927 Df SpringBoard[16891:875ba2] [com.apple.KeyboardArbiter:Handle] com.DefaultCompany.NeonDrift(68077) lostConnection (invalidation)
2026-06-23 18:29:03.928 Df installcoordinationd[55453:7fe28a] [com.apple.installcoordination:daemon] -[IXSCoordinatorProgress setTotalUnitsCompleted:]: Progress for coordinator: [com.DefaultCompany.NeonDrift/Invalid/[system-defined]], Phase: IXCoordinatorProgressPhaseLoading, Percentage: 100.000000: Attempt to set units completed on finished progress: 100
2026-06-23 18:29:03.928 Df installcoordinationd[55453:7fe28a] [com.apple.appinstallation:TransactionLog] com.DefaultCompany.NeonDrift/Unknown Persona:4:9:2:1:Placeholder Promise completed. Coordinator State: IXAppCoordinationStateWaitingForPlaceholderAssertion
2026-06-23 18:29:03.928 Df runningboardd[16896:872a90] [com.apple.runningboard:process] XPC connection invalidated: [app<com.DefaultCompany.NeonDrift((null))>:68077]
2026-06-23 18:29:03.928 Df CoreSimulatorBridge[16923:875b8e] [com.apple.installcoordination:framework] -[IXAppInstallCoordinator _clientDelegate_promiseDidBeginFulfillmentWithIdentifier:]: <IXUpdatingAppInstallCoordinator<0x1055cdd80> identity:[com.DefaultCompany.NeonDrift/Invalid/[system-defined]] uuid:CA9E1034-582C-4D84-BE93-02DE844067C0 creator:InstallCoordination Simple SPI>: Got promise did begin fulfillment for identifier 1
2026-06-23 18:29:03.928 Df CoreSimulatorBridge[16923:7fe7cd] [com.apple.installcoordination:framework] -[IXAppInstallCoordinator _clientDelegate_promiseDidBeginFulfillmentWithIdentifier:]_block_invoke: <IXUpdatingAppInstallCoordinator<0x1055cdd80> identity:[com.DefaultCompany.NeonDrift/Invalid/[system-defined]] uuid:CA9E1034-582C-4D84-BE93-02DE844067C0 creator:InstallCoordination Simple SPI>: Observer <_IXSimpleInstallerDelegate 0x0x1055d4f00> does not respond to coordinator:configuredPromiseDidBeginFulfillment: (or any deprecated equivalent)
2026-06-23 18:29:03.928 Df SpringBoard[16891:875ba2] [com.apple.KeyboardArbiter:Handle] RX com.DefaultCompany.NeonDrift(68077) setWindowContextID:0 windowState:Disabled level:0.0
    focusContext:(null)
2026-06-23 18:29:03.928 Df SpringBoard[16891:643be3] [com.apple.SpringBoard:KeyboardFocus] [coordinator] using MRU target <com.apple.frontboard.systemappservices/FBSceneManager:sceneID%3Acom.DefaultCompany.NeonDrift-default pid:68077>
2026-06-23 18:29:03.928 Df SpringBoard[16891:643be3] [com.apple.SpringBoard:KeyboardFocus] [coordinator] informing scene controller 'com.apple.springboard' of focusTarget: <com.apple.frontboard.systemappservices/FBSceneManager:sceneID%3Acom.DefaultCompany.NeonDrift-default pid:68077>
2026-06-23 18:29:03.929 Df SpringBoard[16891:643be3] [com.apple.SpringBoard:KeyboardFocus] [coordinator] keyboard arbiter suggested <nothing> and we replied <com.apple.frontboard.systemappservices/FBSceneManager:sceneID%3Acom.DefaultCompany.NeonDrift-default pid:68077>
2026-06-23 18:29:03.929 E  SpringBoard[16891:875ba2] [com.apple.UIKit:KeyboardArbiter] Advisor: No handle found for currently focused PID: 68077; sceneIdentity: com.apple.frontboard.systemappservices/FBSceneManager:sceneID%3Acom.DefaultCompany.NeonDrift-default
2026-06-23 18:29:03.929 Df backboardd[16914:865c2d] [com.apple.BackBoard:EventDelivery] chain did update (setDeferringRules) <keyboardFocus; display: null> containsEndOfChain: YES; [
    <token: com.apple.frontboard.systemappservices/FBSceneManager:com.apple.springboard; pid: 16891>,
    <token: com.apple.frontboard.systemappservices/FBSceneManager:sceneID%3Acom.DefaultCompany.NeonDrift-default; pid: 68077>
]
2026-06-23 18:29:03.929 Df backboardd[16914:865c2d] [com.apple.BackBoard:EventDelivery] chain did update (setDeferringRules) <keyboardFocus; display: builtin> containsEndOfChain: YES; [
    <token: com.apple.frontboard.systemappservices/FBSceneManager:com.apple.springboard; pid: 16891>,
    <token: com.apple.frontboard.systemappservices/FBSceneManager:sceneID%3Acom.DefaultCompany.NeonDrift-default; pid: 68077>
]
2026-06-23 18:29:03.936 Df launchd_sim[16886:874d2c] [user/501/UIKitApplication:com.DefaultCompany.NeonDrift[a700][rb-legacy] [68077]:] exited with exit reason (namespace: 15 code: 0x0) - OS_REASON_RUNNINGBOARD | <RBSTerminateContext| explanation:installcoordinationd app:[com.DefaultCompany.NeonDrift/Invalid/[system-defined]] uuid:CA9E1034-582C-4D84-BE93-02DE844067C0 isPlaceholder:Y reportType:None maxTerminationResistance:Absolute attrs:[
	<RBSPreventLaunchLimitation| <RBSProcessPredicate <RBSProcessBundleIdentifierPredicate "com.DefaultCompany.NeonDrift">> allow:(null)>
	]>, ran for 18702534ms
2026-06-23 18:29:03.936 Df launchd_sim[16886:874d2c] [user/501:] service inactive: UIKitApplication:com.DefaultCompany.NeonDrift[a700][rb-legacy]
2026-06-23 18:29:03.936 Df runningboardd[16896:872945] [com.apple.runningboard:ttl] [app<com.DefaultCompany.NeonDrift((null))>:68077] termination reported by launchd (15, 0, 9)
2026-06-23 18:29:03.936 Df runningboardd[16896:872945] [com.apple.runningboard:process] Removing process: [app<com.DefaultCompany.NeonDrift((null))>:68077]
2026-06-23 18:29:03.937 Df runningboardd[16896:872945] [com.apple.runningboard:job] Removing launch job for: [app<com.DefaultCompany.NeonDrift((null))>:68077]
2026-06-23 18:29:03.937 Df launchd_sim[16886:8759e0] [user/501:] removing service: UIKitApplication:com.DefaultCompany.NeonDrift[a700][rb-legacy]
2026-06-23 18:29:03.937 Df runningboardd[16896:872945] [com.apple.runningboard:job] Removed job for [app<com.DefaultCompany.NeonDrift((null))>:68077]
2026-06-23 18:29:03.937 Df runningboardd[16896:872945] [com.apple.runningboard:process] Removing assertions for terminated process: [app<com.DefaultCompany.NeonDrift((null))>:68077]
2026-06-23 18:29:03.937 Df runningboardd[16896:872945] [com.apple.runningboard:assertion] Removed last relative-start-date-defining assertion for process app<com.DefaultCompany.NeonDrift((null))>
2026-06-23 18:29:03.937 Df runningboardd[16896:872a8f] [com.apple.runningboard:monitor] Calculated state for app<com.DefaultCompany.NeonDrift((null))>: none (role: None) (endowments: (null))
2026-06-23 18:29:03.937 Df runningboardd[16896:875bd8] [com.apple.runningboard:process] Notifying connection [osservice<com.apple.SpringBoard>:16891] that process [app<com.DefaultCompany.NeonDrift((null))>:68077] exited with context <RBSProcessExitContext| specific, status:<RBSProcessExitStatus| domain:runningboard(15) code:0>>
2026-06-23 18:29:03.937 Df runningboardd[16896:875bd8] [com.apple.runningboard:process] Notifying connection [osservice<com.apple.installcoordinationd>:55453] that process [app<com.DefaultCompany.NeonDrift((null))>:68077] exited with context <RBSProcessExitContext| specific, status:<RBSProcessExitStatus| domain:runningboard(15) code:0>>
2026-06-23 18:29:03.938 Df SpringBoard[16891:874550] [com.apple.FrontBoard:ProcessWorkspace] [app<com.DefaultCompany.NeonDrift>:68077] Workspace assertion invalidated: <NSError: 0x10a1c5050; domain: RBSAssertionErrorDomain; code: 1; "Assertions were invalidated, count = 3.
16896-16891-5673: invalidation reason: 1
16896-16891-5674: invalidation reason: 1
16896-16891-5678: invalidation reason: 1">
2026-06-23 18:29:03.938 Df runningboardd[16896:875bd8] [com.apple.runningboard:monitor] Calculated state for app<com.DefaultCompany.NeonDrift((null))>: none (role: None) (endowments: (null))
2026-06-23 18:29:03.938 Df SpringBoard[16891:874550] [com.apple.runningboard:process] Calling process death completion block for handle [app<com.DefaultCompany.NeonDrift((null))>:68077]
2026-06-23 18:29:03.938 Df SpringBoard[16891:874550] [com.apple.FrontBoard:Process] [app<com.DefaultCompany.NeonDrift>:68077] Process exited: <RBSProcessExitContext| specific, status:<RBSProcessExitStatus| domain:runningboard(15) code:0>>.
2026-06-23 18:29:03.938 Df SpringBoard[16891:875ba2] [com.apple.runningboard:monitor] Received state update for 68077 (app<com.DefaultCompany.NeonDrift((null))>, none-NotVisible
2026-06-23 18:29:03.938 Df SpringBoard[16891:874550] [com.apple.FrontBoard:Process] [app<com.DefaultCompany.NeonDrift>:68077] Setting process task state to: Not Running
2026-06-23 18:29:03.938 Df installcoordinationd[55453:875b90] [com.apple.runningboard:process] Calling process death completion block for handle [app<com.DefaultCompany.NeonDrift((null))>:68077]
2026-06-23 18:29:03.938 Df SpringBoard[16891:874550] [com.apple.FrontBoard:Process] [app<com.DefaultCompany.NeonDrift>:68077] Setting process visibility to: Unknown
