    "<LSApplicationProxy: 0x105780000> com.DefaultCompany.NeonDrift file:///Users/dragonkao/Library/Developer/CoreSimulator/Devices/115FDF0C-5A2F-4686-909B-7F43F1450A28/data/Containers/Bundle/Application/E0064B00-CC3C-4F0C-ADA9-04D8F053AE02/NeonDrift.app/ <com.DefaultCompany.NeonDrift <installed >:0>"
)
2026-06-25 10:26:26.752 Df SpringBoard[37555:308c02] [com.apple.frontboard.ApplicationLibrary:observer] -[FBSApplicationLibrary applicationInstallsDidStart:] com.DefaultCompany.NeonDrift
2026-06-25 10:26:26.752 Df callservicesd[37622:3086a3] [com.apple.launchservices:appinstallation] LaunchServices observer: Will install (
    "<LSApplicationProxy: 0x108e39140> com.DefaultCompany.NeonDrift file:///Users/dragonkao/Library/Developer/CoreSimulator/Devices/115FDF0C-5A2F-4686-909B-7F43F1450A28/data/Containers/Bundle/Application/E0064B00-CC3C-4F0C-ADA9-04D8F053AE02/NeonDrift.app/ <com.DefaultCompany.NeonDrift <installed >:0>"
)
2026-06-25 10:26:26.752 Df appstored[37723:308910] [com.apple.launchservices:appinstallation] LaunchServices observer: Will install (
    "<LSApplicationProxy: 0x1042d4000> com.DefaultCompany.NeonDrift file:///Users/dragonkao/Library/Developer/CoreSimulator/Devices/115FDF0C-5A2F-4686-909B-7F43F1450A28/data/Containers/Bundle/Application/E0064B00-CC3C-4F0C-ADA9-04D8F053AE02/NeonDrift.app/ <com.DefaultCompany.NeonDrift <installed >:0>"
)
2026-06-25 10:26:26.752 Df passd[37584:30868b] [com.apple.launchservices:appinstallation] LaunchServices observer: Will install (
    "<LSApplicationProxy: 0x1088adc80> com.DefaultCompany.NeonDrift file:///Users/dragonkao/Library/Developer/CoreSimulator/Devices/115FDF0C-5A2F-4686-909B-7F43F1450A28/data/Containers/Bundle/Application/E0064B00-CC3C-4F0C-ADA9-04D8F053AE02/NeonDrift.app/ <com.DefaultCompany.NeonDrift <installed >:0>"
)
2026-06-25 10:26:26.753 Df runningboardd[37558:3089d1] [com.apple.launchservices:appinstallation] LaunchServices observer: Will install (
    "<LSApplicationProxy: 0x105d9c000> com.DefaultCompany.NeonDrift file:///Users/dragonkao/Library/Developer/CoreSimulator/Devices/115FDF0C-5A2F-4686-909B-7F43F1450A28/data/Containers/Bundle/Application/E0064B00-CC3C-4F0C-ADA9-04D8F053AE02/NeonDrift.app/ <com.DefaultCompany.NeonDrift <installed >:0>"
)
2026-06-25 10:26:26.753 Df activitysharingd[37941:2f2d24] [com.apple.launchservices:appinstallation] LaunchServices observer: Will install (
    "<LSApplicationProxy: 0x1041b0e40> com.DefaultCompany.NeonDrift file:///Users/dragonkao/Library/Developer/CoreSimulator/Devices/115FDF0C-5A2F-4686-909B-7F43F1450A28/data/Containers/Bundle/Application/E0064B00-CC3C-4F0C-ADA9-04D8F053AE02/NeonDrift.app/ <com.DefaultCompany.NeonDrift <installed >:0>"
)
2026-06-25 10:26:26.753 Df routined[37563:308c42] [com.apple.launchservices:appinstallation] LaunchServices observer: Will install (
    "<LSApplicationProxy: 0x1057b1140> com.DefaultCompany.NeonDrift file:///Users/dragonkao/Library/Developer/CoreSimulator/Devices/115FDF0C-5A2F-4686-909B-7F43F1450A28/data/Containers/Bundle/Application/E0064B00-CC3C-4F0C-ADA9-04D8F053AE02/NeonDrift.app/ <com.DefaultCompany.NeonDrift <installed >:0>"
)
2026-06-25 10:26:26.753 E  SpringBoard[37555:308bfd] [com.apple.frontboard.ApplicationLibrary:placeholder] Non-demoted placeholder for com.DefaultCompany.NeonDrift has no associated NSProgress!
2026-06-25 10:26:26.753 Df webbookmarksd[37647:308c43] [com.apple.launchservices:appinstallation] LaunchServices observer: Will install (
    "<LSApplicationProxy: 0x1061d8000> com.DefaultCompany.NeonDrift file:///Users/dragonkao/Library/Developer/CoreSimulator/Devices/115FDF0C-5A2F-4686-909B-7F43F1450A28/data/Containers/Bundle/Application/E0064B00-CC3C-4F0C-ADA9-04D8F053AE02/NeonDrift.app/ <com.DefaultCompany.NeonDrift <installed >:0>"
)
2026-06-25 10:26:26.753 Df profiled[37619:3086d0] [com.apple.launchservices:appinstallation] LaunchServices observer: Will install (
    "<LSApplicationProxy: 0x10500c000> com.DefaultCompany.NeonDrift file:///Users/dragonkao/Library/Developer/CoreSimulator/Devices/115FDF0C-5A2F-4686-909B-7F43F1450A28/data/Containers/Bundle/Application/E0064B00-CC3C-4F0C-ADA9-04D8F053AE02/NeonDrift.app/ <com.DefaultCompany.NeonDrift <installed >:0>"
)
2026-06-25 10:26:26.753 Df healthd[37565:3086b1] [com.apple.launchservices:appinstallation] LaunchServices observer: Will install (
    "<LSApplicationProxy: 0x103a85080> com.DefaultCompany.NeonDrift file:///Users/dragonkao/Library/Developer/CoreSimulator/Devices/115FDF0C-5A2F-4686-909B-7F43F1450A28/data/Containers/Bundle/Application/E0064B00-CC3C-4F0C-ADA9-04D8F053AE02/NeonDrift.app/ <com.DefaultCompany.NeonDrift <installed >:0>"
)
2026-06-25 10:26:26.753 Df locationd[37579:303637] [com.apple.launchservices:appinstallation] LaunchServices observer: Will install (
    "<LSApplicationProxy: 0x10777c600> com.DefaultCompany.NeonDrift file:///Users/dragonkao/Library/Developer/CoreSimulator/Devices/115FDF0C-5A2F-4686-909B-7F43F1450A28/data/Containers/Bundle/Application/E0064B00-CC3C-4F0C-ADA9-04D8F053AE02/NeonDrift.app/ <com.DefaultCompany.NeonDrift <installed >:0>"
)
2026-06-25 10:26:26.753 Df activityawardsd[37773:308c46] [com.apple.launchservices:appinstallation] LaunchServices observer: Will install (
    "<LSApplicationProxy: 0x10392cb40> com.DefaultCompany.NeonDrift file:///Users/dragonkao/Library/Developer/CoreSimulator/Devices/115FDF0C-5A2F-4686-909B-7F43F1450A28/data/Containers/Bundle/Application/E0064B00-CC3C-4F0C-ADA9-04D8F053AE02/NeonDrift.app/ <com.DefaultCompany.NeonDrift <installed >:0>"
)
2026-06-25 10:26:26.753 Df privacyaccountingd[81150:2f28eb] [com.apple.launchservices:appinstallation] LaunchServices observer: Will install (
    "<LSApplicationProxy: 0x102108240> com.DefaultCompany.NeonDrift file:///Users/dragonkao/Library/Developer/CoreSimulator/Devices/115FDF0C-5A2F-4686-909B-7F43F1450A28/data/Containers/Bundle/Application/E0064B00-CC3C-4F0C-ADA9-04D8F053AE02/NeonDrift.app/ <com.DefaultCompany.NeonDrift <installed >:0>"
)
2026-06-25 10:26:26.754 Df SpringBoard[37555:308c0c] [com.apple.launchservices:appinstallation] LaunchServices observer: Will install (
    "<LSApplicationProxy: 0x12c4a0f00> com.DefaultCompany.NeonDrift file:///Users/dragonkao/Library/Developer/CoreSimulator/Devices/115FDF0C-5A2F-4686-909B-7F43F1450A28/data/Containers/Bundle/Application/E0064B00-CC3C-4F0C-ADA9-04D8F053AE02/NeonDrift.app/ <com.DefaultCompany.NeonDrift <installed >:0>"
)
2026-06-25 10:26:26.754 Df liveactivitiesd[37608:308c57] [com.apple.launchservices:appinstallation] LaunchServices observer: Will install (
    "<LSApplicationProxy: 0x101aa1c80> com.DefaultCompany.NeonDrift file:///Users/dragonkao/Library/Developer/CoreSimulator/Devices/115FDF0C-5A2F-4686-909B-7F43F1450A28/data/Containers/Bundle/Application/E0064B00-CC3C-4F0C-ADA9-04D8F053AE02/NeonDrift.app/ <com.DefaultCompany.NeonDrift <installed >:0>"
)
2026-06-25 10:26:26.754 Df donotdisturbd[37602:3086d2] [com.apple.launchservices:appinstallation] LaunchServices observer: Will install (
    "<LSApplicationProxy: 0x1015d9c80> com.DefaultCompany.NeonDrift file:///Users/dragonkao/Library/Developer/CoreSimulator/Devices/115FDF0C-5A2F-4686-909B-7F43F1450A28/data/Containers/Bundle/Application/E0064B00-CC3C-4F0C-ADA9-04D8F053AE02/NeonDrift.app/ <com.DefaultCompany.NeonDrift <installed >:0>"
)
2026-06-25 10:26:26.754 Df financed[37650:308c49] [com.apple.launchservices:appinstallation] LaunchServices observer: Will install (
    "<LSApplicationProxy: 0x109993540> com.DefaultCompany.NeonDrift file:///Users/dragonkao/Library/Developer/CoreSimulator/Devices/115FDF0C-5A2F-4686-909B-7F43F1450A28/data/Containers/Bundle/Application/E0064B00-CC3C-4F0C-ADA9-04D8F053AE02/NeonDrift.app/ <com.DefaultCompany.NeonDrift <installed >:0>"
)
2026-06-25 10:26:26.754 Df healthappd[91398:308c4a] [com.apple.launchservices:appinstallation] LaunchServices observer: Will install (
    "<LSApplicationProxy: 0x10ddca1c0> com.DefaultCompany.NeonDrift file:///Users/dragonkao/Library/Developer/CoreSimulator/Devices/115FDF0C-5A2F-4686-909B-7F43F1450A28/data/Containers/Bundle/Application/E0064B00-CC3C-4F0C-ADA9-04D8F053AE02/NeonDrift.app/ <com.DefaultCompany.NeonDrift <installed >:0>"
)
2026-06-25 10:26:26.754 Df mobiletimerd[37570:308b0f] [com.apple.launchservices:appinstallation] LaunchServices observer: Will install (
    "<LSApplicationProxy: 0x104210780> com.DefaultCompany.NeonDrift file:///Users/dragonkao/Library/Developer/CoreSimulator/Devices/115FDF0C-5A2F-4686-909B-7F43F1450A28/data/Containers/Bundle/Application/E0064B00-CC3C-4F0C-ADA9-04D8F053AE02/NeonDrift.app/ <com.DefaultCompany.NeonDrift <installed >:0>"
)
2026-06-25 10:26:26.754 Df SpringBoard[37555:308c0c] [com.apple.frontboard.ApplicationLibrary:observer] -[FBSApplicationLibrary applicationsWillInstall:] com.DefaultCompany.NeonDrift
2026-06-25 10:26:26.754 Df nsurlsessiond[37606:308a27] [com.apple.launchservices:appinstallation] LaunchServices observer: Will install (
    "<LSApplicationProxy: 0x101e64cc0> com.DefaultCompany.NeonDrift file:///Users/dragonkao/Library/Developer/CoreSimulator/Devices/115FDF0C-5A2F-4686-909B-7F43F1450A28/data/Containers/Bundle/Application/E0064B00-CC3C-4F0C-ADA9-04D8F053AE02/NeonDrift.app/ <com.DefaultCompany.NeonDrift <installed >:0>"
)
2026-06-25 10:26:26.754 Df gamed[37637:308c4b] [com.apple.launchservices:appinstallation] LaunchServices observer: Will install (
    "<LSApplicationProxy: 0x104730240> com.DefaultCompany.NeonDrift file:///Users/dragonkao/Library/Developer/CoreSimulator/Devices/115FDF0C-5A2F-4686-909B-7F43F1450A28/data/Containers/Bundle/Application/E0064B00-CC3C-4F0C-ADA9-04D8F053AE02/NeonDrift.app/ <com.DefaultCompany.NeonDrift <installed >:0>"
)
2026-06-25 10:26:26.754 Df dasd[37581:308c4c] [com.apple.launchservices:appinstallation] LaunchServices observer: Will install (
    "<LSApplicationProxy: 0x105b54240> com.DefaultCompany.NeonDrift file:///Users/dragonkao/Library/Developer/CoreSimulator/Devices/115FDF0C-5A2F-4686-909B-7F43F1450A28/data/Containers/Bundle/Application/E0064B00-CC3C-4F0C-ADA9-04D8F053AE02/NeonDrift.app/ <com.DefaultCompany.NeonDrift <installed >:0>"
)
2026-06-25 10:26:26.755 Df homed[37625:308c4e] [com.apple.launchservices:appinstallation] LaunchServices observer: Will install (
    "<LSApplicationProxy: 0x107a7c540> com.DefaultCompany.NeonDrift file:///Users/dragonkao/Library/Developer/CoreSimulator/Devices/115FDF0C-5A2F-4686-909B-7F43F1450A28/data/Containers/Bundle/Application/E0064B00-CC3C-4F0C-ADA9-04D8F053AE02/NeonDrift.app/ <com.DefaultCompany.NeonDrift <installed >:0>"
)
2026-06-25 10:26:26.755 Df sleepd[37582:308c4f] [com.apple.launchservices:appinstallation] LaunchServices observer: Will install (
    "<LSApplicationProxy: 0x106260000> com.DefaultCompany.NeonDrift file:///Users/dragonkao/Library/Developer/CoreSimulator/Devices/115FDF0C-5A2F-4686-909B-7F43F1450A28/data/Containers/Bundle/Application/E0064B00-CC3C-4F0C-ADA9-04D8F053AE02/NeonDrift.app/ <com.DefaultCompany.NeonDrift <installed >:0>"
)
2026-06-25 10:26:26.755 Df ctkd[81165:308692] [com.apple.launchservices:appinstallation] LaunchServices observer: Will install (
    "<LSApplicationProxy: 0x103d9c000> com.DefaultCompany.NeonDrift file:///Users/dragonkao/Library/Developer/CoreSimulator/Devices/115FDF0C-5A2F-4686-909B-7F43F1450A28/data/Containers/Bundle/Application/E0064B00-CC3C-4F0C-ADA9-04D8F053AE02/NeonDrift.app/ <com.DefaultCompany.NeonDrift <installed >:0>"
)
2026-06-25 10:26:26.755 Df deviceaccessd[37639:308c51] [com.apple.launchservices:appinstallation] LaunchServices observer: Will install (
    "<LSApplicationProxy: 0x1015706c0> com.DefaultCompany.NeonDrift file:///Users/dragonkao/Library/Developer/CoreSimulator/Devices/115FDF0C-5A2F-4686-909B-7F43F1450A28/data/Containers/Bundle/Application/E0064B00-CC3C-4F0C-ADA9-04D8F053AE02/NeonDrift.app/ <com.DefaultCompany.NeonDrift <installed >:0>"
)
2026-06-25 10:26:26.755 Df installd[37685:30882c] (MobileSystemServices) 0x16d63b000 -[MIClientConnection _doInstallationForURL:identity:domain:options:operationType:completion:]: Install of "/Users/dragonkao/Library/Developer/CoreSimulator/Devices/115FDF0C-5A2F-4686-909B-7F43F1450A28/data/Containers/Shared/SystemGroup/systemgroup.com.apple.installcoordinationd/Library/InstallCoordination/PromiseStaging/7848E262-CE8E-427D-BFF0-A1BD71693337/NeonDrift.app" type Developer (LSInstallType = 0, Domain: MIInstallationDomainDefault) requested by installcoordinationd (pid 37614 (501/20))
2026-06-25 10:26:26.756 Df SpringBoard[37555:1ef98e] [com.apple.launchservices:progress] Got progress <NSProgress: com.DefaultCompany.NeonDrift phase=InstallingPlaceholder; state=Waiting; finalPhase=Installing; fractionCompleted=0.000000> for app com.DefaultCompany.NeonDrift,
2026-06-25 10:26:26.756 Df CoreSimulatorBridge[37585:3085bc] [com.apple.installcoordination:framework] -[IXAppInstallCoordinator _clientDelegate_didUpdateProgress:forPhase:overallProgress:]: <IXUpdatingAppInstallCoordinator<0x101872a00> identity:[com.DefaultCompany.NeonDrift/Invalid/[system-defined]] uuid:8F3EC236-7268-44C6-A8D1-61E8974BF5BF creator:InstallCoordination Simple SPI>: Got did update progress delegate with percentComplete 5.000000 phase IXCoordinatorProgressPhaseInstalling overallProgress 62.000000
2026-06-25 10:26:26.757 Df CoreSimulatorBridge[37585:3085bc] [com.apple.installcoordination:framework] -[IXAppInstallCoordinator _clientDelegate_didUpdateProgress:forPhase:overallProgress:]: <IXUpdatingAppInstallCoordinator<0x101872a00> identity:[com.DefaultCompany.NeonDrift/Invalid/[system-defined]] uuid:8F3EC236-7268-44C6-A8D1-61E8974BF5BF creator:InstallCoordination Simple SPI>: Got did update progress delegate with percentComplete 15.000000 phase IXCoordinatorProgressPhaseInstalling overallProgress 66.000000
2026-06-25 10:26:26.757 Df CoreSimulatorBridge[37585:3085bc] [com.apple.installcoordination:framework] -[IXAppInstallCoordinator _clientDelegate_didUpdateProgress:forPhase:overallProgress:]: <IXUpdatingAppInstallCoordinator<0x101872a00> identity:[com.DefaultCompany.NeonDrift/Invalid/[system-defined]] uuid:8F3EC236-7268-44C6-A8D1-61E8974BF5BF creator:InstallCoordination Simple SPI>: Got did update progress delegate with percentComplete 20.000000 phase IXCoordinatorProgressPhaseInstalling overallProgress 68.000000
2026-06-25 10:26:26.757 Df CoreSimulatorBridge[37585:3085ba] [com.apple.installcoordination:framework] -[IXAppInstallCoordinator _clientDelegate_didUpdateProgress:forPhase:overallProgress:]_block_invoke: <IXUpdatingAppInstallCoordinator<0x101872a00> identity:[com.DefaultCompany.NeonDrift/Invalid/[system-defined]] uuid:8F3EC236-7268-44C6-A8D1-61E8974BF5BF creator:InstallCoordination Simple SPI>: Calling selector coordinator:didUpdateProgress:forPhase:overallProgress: on observer <_IXSimpleInstallerDelegate 0x0x101af4150>
2026-06-25 10:26:26.757 Df CoreSimulatorBridge[37585:3085ba] [com.apple.installcoordination:framework] -[IXAppInstallCoordinator _clientDelegate_didUpdateProgress:forPhase:overallProgress:]_block_invoke: <IXUpdatingAppInstallCoordinator<0x101872a00> identity:[com.DefaultCompany.NeonDrift/Invalid/[system-defined]] uuid:8F3EC236-7268-44C6-A8D1-61E8974BF5BF creator:InstallCoordination Simple SPI>: Calling selector coordinator:didUpdateProgress:forPhase:overallProgress: on observer <_IXSimpleInstallerDelegate 0x0x101af4150>
2026-06-25 10:26:26.757 Df CoreSimulatorBridge[37585:3085ba] [com.apple.installcoordination:framework] -[IXAppInstallCoordinator _clientDelegate_didUpdateProgress:forPhase:overallProgress:]_block_invoke: <IXUpdatingAppInstallCoordinator<0x101872a00> identity:[com.DefaultCompany.NeonDrift/Invalid/[system-defined]] uuid:8F3EC236-7268-44C6-A8D1-61E8974BF5BF creator:InstallCoordination Simple SPI>: Calling selector coordinator:didUpdateProgress:forPhase:overallProgress: on observer <_IXSimpleInstallerDelegate 0x0x101af4150>
2026-06-25 10:26:26.758 Df installd[37685:30882c] [com.apple.containermanager:xpc] Query; euid = 501, uid = 501, class = 1, identifier = [com.DefaultCompany.NeonDrift](1), flags = 300000002
2026-06-25 10:26:26.759 Df installd[37685:30882c] [com.apple.containermanager:xpc] Query; euid = 501, uid = 501, class = 1, identifier = [com.DefaultCompany.NeonDrift](1), flags = 300000002
2026-06-25 10:26:26.761 Df installd[37685:30882c] [com.apple.containermanager:xpc] Query; euid = 501, uid = 501, class = 1, identifier = [com.DefaultCompany.NeonDrift](1), flags = 300000002
2026-06-25 10:26:26.761 Df installcoordinationd[37614:23433b] [com.apple.installcoordination:daemon] -[IXSCoordinatorProgress setTotalUnitsCompleted:]: Progress for coordinator: [com.DefaultCompany.NeonDrift/Invalid/[system-defined]], Phase: IXCoordinatorProgressPhaseInstalling, Percentage: 20.000000: Attempt to set units completed on finished progress: 20
2026-06-25 10:26:26.761 Df installd[37685:30882c] [com.apple.containermanager:xpc] Query; euid = 501, uid = 501, class = 1, identifier = [com.DefaultCompany.NeonDrift](1), flags = 300000002
2026-06-25 10:26:26.763 Df SpringBoard[37555:1ef98e] [com.apple.frontboard.ApplicationLibrary:sb.placeholder] App placeholder proxies added: (
    "<SBApplicationPlaceholderProxy: 0x1225f6280; com.DefaultCompany.NeonDrift (NeonDrift); LSInstallType: StoreDownload>"
), currentlyKnownExistingPlaceholders: {
}
2026-06-25 10:26:26.763 Df SpringBoard[37555:1ef98e] [com.apple.appinstallation:TransactionLog] com.DefaultCompany.NeonDrift/Unknown Persona:10:0:1:1:Placeholder add BEGIN
2026-06-25 10:26:26.763 Df PosterBoard[37627:3086b6] [com.apple.launchservices:appinstallation] LaunchServices observer: InstallsStarted (
    "<LSApplicationProxy: 0x1082a0540> com.DefaultCompany.NeonDrift file:///Users/dragonkao/Library/Developer/CoreSimulator/Devices/115FDF0C-5A2F-4686-909B-7F43F1450A28/data/Containers/Bundle/Application/E0064B00-CC3C-4F0C-ADA9-04D8F053AE02/com.apple.mobileinstallation.placeholder/ <com.DefaultCompany.NeonDrift <placeholder >:1>"
)
2026-06-25 10:26:26.763 Df SpringBoard[37555:1ef98e] [com.apple.SpringBoard:Icon] <<SBLeafIcon:0x10a534000 [com.DefaultCompany.NeonDrift]>> Changing active data source: <SBApplicationIcon: 0x10a534000; nodeID: com.DefaultCompany.NeonDrift; bundleID: com.DefaultCompany.NeonDrift>
2026-06-25 10:26:26.763 Df SpringBoard[37555:1ef98e] [com.apple.SpringBoard:Icon] <<SBLeafIcon:0x10a534000 [com.DefaultCompany.NeonDrift]>> Changing from data souce: com.DefaultCompany.NeonDrift to data source:com.DefaultCompany.NeonDrift.
2026-06-25 10:26:26.763 Df PosterBoard[37627:3086b6] [com.apple.launchservices:appinstallation] LaunchServices observer: MetadataUpdate (
    "com.DefaultCompany.NeonDrift"
)
2026-06-25 10:26:26.763 Df installd[37685:30882c] (MobileSystemServices) 0x16d63b000 -[MIInstaller _installInstallable:containingSymlink:error:]: Installing <MIInstallableBundle ID=com.DefaultCompany.NeonDrift; Persona=com.apple.containermanager.primary-persona, Version=0, ShortVersion=1.0>
2026-06-25 10:26:26.763 Df installd[37685:30882c] [com.apple.appinstallation:TransactionLog] com.DefaultCompany.NeonDrift/com.apple.containermanager.primary-persona:7:1:1:1:Start : Install (Patch Update)
2026-06-25 10:26:26.763 Df installd[37685:30882c] (MobileSystemServices) 0x16d63b000 -[MIInstallable applyPatchWithError:]: Attempting Delta patch update of com.DefaultCompany.NeonDrift from 0 (1.0) to 0 (1.0)
2026-06-25 10:26:26.764 Df CoreSimulatorBridge[37585:3085bc] [com.apple.installcoordination:framework] -[IXAppInstallCoordinator _clientDelegate_didUpdateProgress:forPhase:overallProgress:]: <IXUpdatingAppInstallCoordinator<0x101872a00> identity:[com.DefaultCompany.NeonDrift/Invalid/[system-defined]] uuid:8F3EC236-7268-44C6-A8D1-61E8974BF5BF creator:InstallCoordination Simple SPI>: Got did update progress delegate with percentComplete 30.000000 phase IXCoordinatorProgressPhaseInstalling overallProgress 72.000000
2026-06-25 10:26:26.764 Df CoreSimulatorBridge[37585:3085bc] [com.apple.installcoordination:framework] -[IXAppInstallCoordinator _clientDelegate_didUpdateProgress:forPhase:overallProgress:]_block_invoke: <IXUpdatingAppInstallCoordinator<0x101872a00> identity:[com.DefaultCompany.NeonDrift/Invalid/[system-defined]] uuid:8F3EC236-7268-44C6-A8D1-61E8974BF5BF creator:InstallCoordination Simple SPI>: Calling selector coordinator:didUpdateProgress:forPhase:overallProgress: on observer <_IXSimpleInstallerDelegate 0x0x101af4150>
2026-06-25 10:26:26.764 Df appprotectiond[37573:3086f1] [com.apple.appprotection:server] Received distnoted event <dictionary: 0x103508000> { count = 3, transaction: 0, voucher = 0x103548730, contents =
	"UserInfo" => <dictionary: 0x103435680> { count = 2, transaction: 0, voucher = 0x0, contents =
		"isPlaceholder" => <bool: 0x1e6e64540>: true
		"bundleIDs" => <array: 0x10343df50> { count = 1, capacity = 1, contents =
			0: <string: 0x10343f9f0> { string cache = 0x0, length = 28, contents = "com.DefaultCompany.NeonDrift" }
		}
	}
	"Name" => <string: 0x10343fc60> { string cache = 0x0, length = 46, contents = "com.apple.LaunchServices.applicationRegistered" }
	"XPCEventName" => <string: 0x10343dfb0> { string cache = 0x0, length = 21, contents = "ApplicationRegistered" }
}
2026-06-25 10:26:26.764 Df CoreSimulatorBridge[37585:3085ba] [com.apple.installcoordination:framework] -[IXAppInstallCoordinator _clientDelegate_didUpdateProgress:forPhase:overallProgress:]: <IXUpdatingAppInstallCoordinator<0x101872a00> identity:[com.DefaultCompany.NeonDrift/Invalid/[system-defined]] uuid:8F3EC236-7268-44C6-A8D1-61E8974BF5BF creator:InstallCoordination Simple SPI>: Got did update progress delegate with percentComplete 35.000000 phase IXCoordinatorProgressPhaseInstalling overallProgress 74.000000
2026-06-25 10:26:26.764 Df CoreSimulatorBridge[37585:3085ba] [com.apple.installcoordination:framework] -[IXAppInstallCoordinator _clientDelegate_didUpdateProgress:forPhase:overallProgress:]_block_invoke: <IXUpdatingAppInstallCoordinator<0x101872a00> identity:[com.DefaultCompany.NeonDrift/Invalid/[system-defined]] uuid:8F3EC236-7268-44C6-A8D1-61E8974BF5BF creator:InstallCoordination Simple SPI>: Calling selector coordinator:didUpdateProgress:forPhase:overallProgress: on observer <_IXSimpleInstallerDelegate 0x0x101af4150>
2026-06-25 10:26:26.764 Df appprotectiond[37573:3086f1] [com.apple.appprotection:server] received note: name = com.apple.LaunchServices.applicationRegistered, object = Optional(AppProtection.DistnotedXPCEventStreamTranslator), userInfo = Optional([AnyHashable("isPlaceholder"): 1, AnyHashable("bundleIDs"): <__NSSingleObjectArrayI 0x1036141e0>(
com.DefaultCompany.NeonDrift
)
])
2026-06-25 10:26:26.764 Df SpringBoard[37555:1ef98e] [com.apple.appinstallation:TransactionLog] com.DefaultCompany.NeonDrift/Unknown Persona:10:1:3:1:Created icon for placeholder.
2026-06-25 10:26:26.764 Df SpringBoard[37555:1ef98e] [com.apple.frontboard.ApplicationLibrary:sb.placeholder] Placeholders added: (
    "<SBApplicationPlaceholder: 0x1280e82d0; bundleIdentifier: com.DefaultCompany.NeonDrift; displayName: NeonDrift; progress: 60%; state: Installing; canPromote?: YES>"
), modified: (
), removed: (null)
2026-06-25 10:26:26.765 Df appprotectiond[37573:3086f1] [com.apple.appprotection:server] Received distnoted event <dictionary: 0x103508000> { count = 3, transaction: 0, voucher = 0x1035487d0, contents =
	"UserInfo" => <dictionary: 0x103435680> { count = 2, transaction: 0, voucher = 0x0, contents =
		"isPlaceholder" => <bool: 0x1e6e64540>: true
		"bundleIDs" => <array: 0x10343df50> { count = 1, capacity = 1, contents =
			0: <string: 0x10343f9f0> { string cache = 0x0, length = 28, contents = "com.DefaultCompany.NeonDrift" }
		}
	}
	"Name" => <string: 0x10343fc60> { string cache = 0x0, length = 46, contents = "com.apple.LaunchServices.applicationRegistered" }
	"XPCEventName" => <string: 0x10343dfb0> { string cache = 0x0, length = 21, contents = "ApplicationRegistered" }
}
2026-06-25 10:26:26.765 Df SpringBoard[37555:1ef98e] [com.apple.SpringBoard:Common] termination assertion acquired for com.DefaultCompany.NeonDrift
2026-06-25 10:26:26.767 Df SpringBoard[37555:1ef98e] [com.apple.appinstallation:TransactionLog] com.DefaultCompany.NeonDrift/Unknown Persona:10:2:3:1:Reloading icon image.
2026-06-25 10:26:26.768 Df appprotectiond[37573:3086f1] [com.apple.appprotection:server] received note: name = com.apple.LaunchServices.applicationRegistered, object = Optional(AppProtection.DistnotedXPCEventStreamTranslator), userInfo = Optional([AnyHashable("isPlaceholder"): 1, AnyHashable("bundleIDs"): <__NSSingleObjectArrayI 0x1036141e0>(
com.DefaultCompany.NeonDrift
)
])
2026-06-25 10:26:26.768 Df appprotectiond[37573:3086f1] [com.apple.appprotection:server] processing settings authority event: SettingsAuthorityEvent.promotePreferenceFromProvisionalForApplication(com.DefaultCompany.NeonDrift)
2026-06-25 10:26:26.769 Df appprotectiond[37573:3086f1] [com.apple.appprotection:server] processing settings authority event: SettingsAuthorityEvent.promotePreferenceFromProvisionalForApplication(com.DefaultCompany.NeonDrift)
2026-06-25 10:26:26.769 Df PosterBoard[37627:3086b6] [com.apple.launchservices:appinstallation] LaunchServices observer: InstallsStarted (
    "<LSApplicationProxy: 0x1082a1bc0> com.DefaultCompany.NeonDrift file:///Users/dragonkao/Library/Developer/CoreSimulator/Devices/115FDF0C-5A2F-4686-909B-7F43F1450A28/data/Containers/Bundle/Application/E0064B00-CC3C-4F0C-ADA9-04D8F053AE02/com.apple.mobileinstallation.placeholder/ <com.DefaultCompany.NeonDrift <placeholder >:1>"
)
2026-06-25 10:26:26.769 Df PosterBoard[37627:3086b6] [com.apple.launchservices:appinstallation] LaunchServices observer: Will install (
    "<LSApplicationProxy: 0x1082a1e00> com.DefaultCompany.NeonDrift file:///Users/dragonkao/Library/Developer/CoreSimulator/Devices/115FDF0C-5A2F-4686-909B-7F43F1450A28/data/Containers/Bundle/Application/E0064B00-CC3C-4F0C-ADA9-04D8F053AE02/NeonDrift.app/ <com.DefaultCompany.NeonDrift <installed >:0>"
)
2026-06-25 10:26:26.775 E  siriactionsd[37618:308635] [com.apple.shortcuts:Daemon] Received an event that we do not have a DaemonTask for: <distributed notification: com.apple.LaunchServices.applicationRegistered, userInfo: [AnyHashable("isPlaceholder"): 1, AnyHashable("bundleIDs"): <__NSSingleObjectArrayI 0x1059d7020>(
com.DefaultCompany.NeonDrift
)
]>. This is a serious programming error that might lead to missed messages and stuck streams.
2026-06-25 10:26:26.775 Df siriactionsd[37618:308635] [com.apple.shortcuts:Daemon] Dispatching XPC event: <distributed notification: com.apple.LaunchServices.applicationRegistered, userInfo: [AnyHashable("isPlaceholder"): 1, AnyHashable("bundleIDs"): <__NSSingleObjectArrayI 0x1059d7020>(
com.DefaultCompany.NeonDrift
)
]>
2026-06-25 10:26:26.775 Df siriactionsd[37618:308635] [com.apple.shortcuts:XPCEvent] Dispatching XPC event: <distributed notification: com.apple.LaunchServices.applicationRegistered, userInfo: [AnyHashable("isPlaceholder"): 1, AnyHashable("bundleIDs"): <__NSSingleObjectArrayI 0x1059d7020>(
com.DefaultCompany.NeonDrift
)
]>
2026-06-25 10:26:26.775 Df siriactionsd[37618:308635] [com.apple.shortcuts:Daemon] Firing event: <distributed notification: com.apple.LaunchServices.applicationRegistered, userInfo: [AnyHashable("isPlaceholder"): 1, AnyHashable("bundleIDs"): <__NSSingleObjectArrayI 0x1059d7020>(
com.DefaultCompany.NeonDrift
)
]>
2026-06-25 10:26:26.775 E  siriactionsd[37618:308635] [com.apple.shortcuts:Daemon] Received an event that we do not have a DaemonTask for: <distributed notification: com.apple.LaunchServices.applicationRegistered, userInfo: [AnyHashable("isPlaceholder"): 1, AnyHashable("bundleIDs"): <__NSSingleObjectArrayI 0x1059d7020>(
com.DefaultCompany.NeonDrift
)
]>. This is a serious programming error that might lead to missed messages and stuck streams.
2026-06-25 10:26:26.786 Df dmd[37628:1efc31] Received xpc stream event (distributed notification matching) with name: com.apple.LaunchServices.applicationRegistered user info: {
    bundleIDs =     (
        "com.DefaultCompany.NeonDrift"
    );
    isPlaceholder = 1;
}
2026-06-25 10:26:26.788 Df installd[37685:30882c] [com.apple.containermanager:query] Query; euid = 501, uid = 501, class = 4, identifier = [com.DefaultCompany.NeonDrift](1), flags = 300000002
2026-06-25 10:26:26.788 Df CoreSimulatorBridge[37585:3085bc] [com.apple.installcoordination:framework] -[IXAppInstallCoordinator _clientDelegate_didUpdateProgress:forPhase:overallProgress:]: <IXUpdatingAppInstallCoordinator<0x101872a00> identity:[com.DefaultCompany.NeonDrift/Invalid/[system-defined]] uuid:8F3EC236-7268-44C6-A8D1-61E8974BF5BF creator:InstallCoordination Simple SPI>: Got did update progress delegate with percentComplete 40.000000 phase IXCoordinatorProgressPhaseInstalling overallProgress 76.000000
2026-06-25 10:26:26.788 Df CoreSimulatorBridge[37585:3085bc] [com.apple.installcoordination:framework] -[IXAppInstallCoordinator _clientDelegate_didUpdateProgress:forPhase:overallProgress:]_block_invoke: <IXUpdatingAppInstallCoordinator<0x101872a00> identity:[com.DefaultCompany.NeonDrift/Invalid/[system-defined]] uuid:8F3EC236-7268-44C6-A8D1-61E8974BF5BF creator:InstallCoordination Simple SPI>: Calling selector coordinator:didUpdateProgress:forPhase:overallProgress: on observer <_IXSimpleInstallerDelegate 0x0x101af4150>
2026-06-25 10:26:26.788 Df installd[37685:30882c] [com.apple.containermanager:query] Query; euid = 501, uid = 501, class = 4, identifier = [com.DefaultCompany.NeonDrift](1), flags = 300000002
2026-06-25 10:26:26.789 Df installd[37685:30882c] [com.apple.containermanager:xpc] Query; euid = 501, uid = 501, class = 1, identifier = [com.DefaultCompany.NeonDrift](1), flags = 300000003
2026-06-25 10:26:26.789 Df CoreSimulatorBridge[37585:3085bc] [com.apple.installcoordination:framework] -[IXAppInstallCoordinator _clientDelegate_didUpdateProgress:forPhase:overallProgress:]: <IXUpdatingAppInstallCoordinator<0x101872a00> identity:[com.DefaultCompany.NeonDrift/Invalid/[system-defined]] uuid:8F3EC236-7268-44C6-A8D1-61E8974BF5BF creator:InstallCoordination Simple SPI>: Got did update progress delegate with percentComplete 50.000000 phase IXCoordinatorProgressPhaseInstalling overallProgress 80.000000
2026-06-25 10:26:26.789 Df CoreSimulatorBridge[37585:3085bc] [com.apple.installcoordination:framework] -[IXAppInstallCoordinator _clientDelegate_didUpdateProgress:forPhase:overallProgress:]_block_invoke: <IXUpdatingAppInstallCoordinator<0x101872a00> identity:[com.DefaultCompany.NeonDrift/Invalid/[system-defined]] uuid:8F3EC236-7268-44C6-A8D1-61E8974BF5BF creator:InstallCoordination Simple SPI>: Calling selector coordinator:didUpdateProgress:forPhase:overallProgress: on observer <_IXSimpleInstallerDelegate 0x0x101af4150>
2026-06-25 10:26:26.789 E  containermanagerd_system[37598:22bf8b] [com.apple.containermanager:schema] [com.DefaultCompany.NeonDrift(1)] Current schema version (1) is newer than the latest (0), ignoring.
2026-06-25 10:26:26.790 Df containermanagerd_system[37598:22bf8b] [com.apple.containermanager:schema] [u 3BB91994-6309-49DB-82D2-6BC05C329D36:p 1B39810D-DAA7-491D-A024-3A72B9F956B4:c com.DefaultCompany.NeonDrift(1):i29036156] Successfully updated schema from (0) → (0), actions count = 0
2026-06-25 10:26:26.790 Df installd[37685:30882c] [com.apple.containermanager:xpc] Query; euid = 501, uid = 501, class = 1, identifier = [com.DefaultCompany.NeonDrift](1), flags = 300000002
2026-06-25 10:26:26.791 Df CoreSimulatorBridge[37585:3085ba] [com.apple.installcoordination:framework] -[IXAppInstallCoordinator _clientDelegate_didUpdateProgress:forPhase:overallProgress:]: <IXUpdatingAppInstallCoordinator<0x101872a00> identity:[com.DefaultCompany.NeonDrift/Invalid/[system-defined]] uuid:8F3EC236-7268-44C6-A8D1-61E8974BF5BF creator:InstallCoordination Simple SPI>: Got did update progress delegate with percentComplete 60.000000 phase IXCoordinatorProgressPhaseInstalling overallProgress 84.000000
2026-06-25 10:26:26.791 Df CoreSimulatorBridge[37585:3085ba] [com.apple.installcoordination:framework] -[IXAppInstallCoordinator _clientDelegate_didUpdateProgress:forPhase:overallProgress:]_block_invoke: <IXUpdatingAppInstallCoordinator<0x101872a00> identity:[com.DefaultCompany.NeonDrift/Invalid/[system-defined]] uuid:8F3EC236-7268-44C6-A8D1-61E8974BF5BF creator:InstallCoordination Simple SPI>: Calling selector coordinator:didUpdateProgress:forPhase:overallProgress: on observer <_IXSimpleInstallerDelegate 0x0x101af4150>
2026-06-25 10:26:26.792 Df installd[37685:30882c] [com.apple.containermanager:query] Query; euid = 501, uid = 501, class = 2, identifier = [com.DefaultCompany.NeonDrift](1), flags = 300000003
2026-06-25 10:26:26.792 Df CoreSimulatorBridge[37585:3085bc] [com.apple.installcoordination:framework] -[IXAppInstallCoordinator _clientDelegate_didUpdateProgress:forPhase:overallProgress:]: <IXUpdatingAppInstallCoordinator<0x101872a00> identity:[com.DefaultCompany.NeonDrift/Invalid/[system-defined]] uuid:8F3EC236-7268-44C6-A8D1-61E8974BF5BF creator:InstallCoordination Simple SPI>: Got did update progress delegate with percentComplete 70.000000 phase IXCoordinatorProgressPhaseInstalling overallProgress 88.000000
2026-06-25 10:26:26.792 Df CoreSimulatorBridge[37585:3085bc] [com.apple.installcoordination:framework] -[IXAppInstallCoordinator _clientDelegate_didUpdateProgress:forPhase:overallProgress:]_block_invoke: <IXUpdatingAppInstallCoordinator<0x101872a00> identity:[com.DefaultCompany.NeonDrift/Invalid/[system-defined]] uuid:8F3EC236-7268-44C6-A8D1-61E8974BF5BF creator:InstallCoordination Simple SPI>: Calling selector coordinator:didUpdateProgress:forPhase:overallProgress: on observer <_IXSimpleInstallerDelegate 0x0x101af4150>
2026-06-25 10:26:26.793 Df installd[37685:30882c] [com.apple.containermanager:query] Query; euid = 501, uid = 501, class = 2, identifier = [com.DefaultCompany.NeonDrift](1), flags = 300000002
2026-06-25 10:26:26.799 Df dmd[37628:1efc31] Received xpc stream event (distributed notification matching) with name: com.apple.LaunchServices.applicationRegistered user info: {
    bundleIDs =     (
        "com.DefaultCompany.NeonDrift"
    );
    isPlaceholder = 1;
}
2026-06-25 10:26:26.800 Df CoreSimulatorBridge[37585:3085ba] [com.apple.installcoordination:framework] -[IXAppInstallCoordinator _clientDelegate_didUpdateProgress:forPhase:overallProgress:]: <IXUpdatingAppInstallCoordinator<0x101872a00> identity:[com.DefaultCompany.NeonDrift/Invalid/[system-defined]] uuid:8F3EC236-7268-44C6-A8D1-61E8974BF5BF creator:InstallCoordination Simple SPI>: Got did update progress delegate with percentComplete 80.000000 phase IXCoordinatorProgressPhaseInstalling overallProgress 92.000000
2026-06-25 10:26:26.800 Df CoreSimulatorBridge[37585:3085ba] [com.apple.installcoordination:framework] -[IXAppInstallCoordinator _clientDelegate_didUpdateProgress:forPhase:overallProgress:]_block_invoke: <IXUpdatingAppInstallCoordinator<0x101872a00> identity:[com.DefaultCompany.NeonDrift/Invalid/[system-defined]] uuid:8F3EC236-7268-44C6-A8D1-61E8974BF5BF creator:InstallCoordination Simple SPI>: Calling selector coordinator:didUpdateProgress:forPhase:overallProgress: on observer <_IXSimpleInstallerDelegate 0x0x101af4150>
2026-06-25 10:26:26.800 Df installd[37685:30882c] (MobileSystemServices) 0x16d63b000 -[MIInstallationJournalEntry _refreshUUIDForContainer:withError:]: Data container for com.DefaultCompany.NeonDrift is now at /Users/dragonkao/Library/Developer/CoreSimulator/Devices/115FDF0C-5A2F-4686-909B-7F43F1450A28/data/Containers/Data/Application/0E7B460E-5C7D-4B04-8943-6A5934563966
2026-06-25 10:26:26.801 Df containermanagerd[37611:1f0f6f] [com.apple.containermanager:schema] [u D36396A6-75F9-4E1F-9D12-31A3BA08393A:p 0E7B460E-5C7D-4B04-8943-6A5934563966:c com.DefaultCompany.NeonDrift(2):i0] Successfully updated schema from (0) → (1), actions count = 6
2026-06-25 10:26:26.801 Df installd[37685:30882c] [com.apple.containermanager:unspecified] Replace; old = [app:com.DefaultCompany.NeonDrift:501::(C67B0B00-3264-425D-B9FD-6558F40161D3)], new = [temp-app:com.DefaultCompany.NeonDrift:501::(3BB91994-6309-49DB-82D2-6BC05C329D36)]
2026-06-25 10:26:26.803 Df installd[37685:30882c] [com.apple.containermanager:xpc] Query; euid = 501, uid = 501, class = 1, identifier = [com.DefaultCompany.NeonDrift](1), flags = 300000002
2026-06-25 10:26:26.804 Df installd[37685:30882c] (MobileSystemServices) 0x16d63b000 -[MIContainer makeContainerLiveReplacingContainer:reason:waitForDeletion:withError:]: Made container live for com.DefaultCompany.NeonDrift at /Users/dragonkao/Library/Developer/CoreSimulator/Devices/115FDF0C-5A2F-4686-909B-7F43F1450A28/data/Containers/Bundle/Application/599EFE8C-5F19-4E3F-95D9-831A3BCEE2F9
2026-06-25 10:26:26.804 Df installd[37685:30882c] [com.apple.containermanager:xpc] Query; euid = 501, uid = 501, class = 1, identifier = [com.DefaultCompany.NeonDrift](1), flags = 300000002
2026-06-25 10:26:26.805 Df runningboardd[37558:3089d1] [com.apple.runningboard:process] Checking PreventLaunch: global:0 exPath:(null) predicates:{(
    <RBSProcessPredicate <RBSProcessBundleIdentifierPredicate "com.DefaultCompany.NeonDrift">>
)} allow:(null)
2026-06-25 10:26:26.806 Df CoreSimulatorBridge[37585:3085bc] [com.apple.installcoordination:framework] -[IXAppInstallCoordinator _clientDelegate_didUpdateProgress:forPhase:overallProgress:]: <IXUpdatingAppInstallCoordinator<0x101872a00> identity:[com.DefaultCompany.NeonDrift/Invalid/[system-defined]] uuid:8F3EC236-7268-44C6-A8D1-61E8974BF5BF creator:InstallCoordination Simple SPI>: Got did update progress delegate with percentComplete 90.000000 phase IXCoordinatorProgressPhaseInstalling overallProgress 96.000000
2026-06-25 10:26:26.806 Df CoreSimulatorBridge[37585:3085bc] [com.apple.installcoordination:framework] -[IXAppInstallCoordinator _clientDelegate_didUpdateProgress:forPhase:overallProgress:]_block_invoke: <IXUpdatingAppInstallCoordinator<0x101872a00> identity:[com.DefaultCompany.NeonDrift/Invalid/[system-defined]] uuid:8F3EC236-7268-44C6-A8D1-61E8974BF5BF creator:InstallCoordination Simple SPI>: Calling selector coordinator:didUpdateProgress:forPhase:overallProgress: on observer <_IXSimpleInstallerDelegate 0x0x101af4150>
2026-06-25 10:26:26.806 Df installd[37685:30882c] [com.apple.containermanager:unspecified] Requesting disk usage; class = 1, identifier = com.DefaultCompany.NeonDrift
2026-06-25 10:26:26.808 Df installd[37685:30882c] [com.apple.containermanager:query] Query; euid = 501, uid = 501, class = 7, identifier = [com.DefaultCompany.NeonDrift](1), flags = 300000001
2026-06-25 10:26:26.809 Df SpringBoard[37555:1ef98e] [com.apple.SpringBoard:Common] termination assertion released for com.DefaultCompany.NeonDrift
2026-06-25 10:26:26.810 Df installd[37685:30882c] (MobileSystemServices) 0x16d63b000 -[MILaunchServicesOperationManager _onQueue_addPendingLaunchServicesOperation:error:]: Added pending LS operation <MILaunchServicesRegisterOperation: 039A86D0-5345-4F49-8087-9C95E85CC355:38 com.DefaultCompany.NeonDrift/MIInstallationDomainSystemShared personas:[com.apple.containermanager.primary-persona]>
2026-06-25 10:26:26.811 Df lsd[37604:308686] [com.apple.launchservices:appinstallation] Post installation registration: request to register com.DefaultCompany.NeonDrift, operation 039A86D0-5345-4F49-8087-9C95E85CC355, from pid 37685
2026-06-25 10:26:26.811 Df lsd[37604:308686] [com.apple.appinstallation:TransactionLog] com.DefaultCompany.NeonDrift/Unknown Persona:5:4:1:1:Registering bundles via registrant - start
2026-06-25 10:26:26.813 Df lsd[37604:308686] [com.apple.appinstallation:TransactionLog] com.DefaultCompany.NeonDrift/Unknown Persona:5:5:1:1:Building bundle record for app
2026-06-25 10:26:26.813 Df lsd[37604:308686] [com.apple.launchservices:appinstallation] Removed existing registered placeholder for com.DefaultCompany.NeonDrift
2026-06-25 10:26:26.813 Df lsd[37604:308686] [com.apple.launchservices:appinstallation] Removed existing registered bundle for com.DefaultCompany.NeonDrift
2026-06-25 10:26:26.813 Df lsd[37604:308686] [com.apple.appinstallation:TransactionLog] com.DefaultCompany.NeonDrift/Unknown Persona:5:5:2:1:Built bundle record for app
2026-06-25 10:26:26.813 Df lsd[37604:308686] [com.apple.launchservices:icons] clearAlternateNameForBundleIdentifier: won't clear for com.DefaultCompany.NeonDrift
2026-06-25 10:26:26.813 Df lsd[37604:308686] [com.apple.appinstallation:TransactionLog] com.DefaultCompany.NeonDrift/Unknown Persona:5:4:2:1:Registered bundle status = success
2026-06-25 10:26:26.814 Df lsd[37604:308686] [com.apple.appinstallation:TransactionLog] com.DefaultCompany.NeonDrift/Unknown Persona:5:4:2:1:Finished registering com.DefaultCompany.NeonDrift, bundle unit 44c
2026-06-25 10:26:26.814 Df lsd[37604:308c3a] [com.apple.launchservices:progress] Installation ended for com.DefaultCompany.NeonDrift with state 5
2026-06-25 10:26:26.814 Df lsd[37604:308c3a] [com.apple.launchservices:progress] Discarding proportions for com.DefaultCompany.NeonDrift
2026-06-25 10:26:26.814 Df SpringBoard[37555:1ef98e] [com.apple.launchservices:progress] Unpublishing progress block called for app com.DefaultCompany.NeonDrift
2026-06-25 10:26:26.814 Df liveactivitiesd[37608:1efa85] [com.apple.launchservices:progress] Unpublishing progress block called for app com.DefaultCompany.NeonDrift
2026-06-25 10:26:26.814 Df lsd[37604:308c39] [com.apple.launchservices:progress] Sending applicationsDidInstall: for (
    "<LSApplicationProxy: 0x105780000> com.DefaultCompany.NeonDrift file:///Users/dragonkao/Library/Developer/CoreSimulator/Devices/115FDF0C-5A2F-4686-909B-7F43F1450A28/data/Containers/Bundle/Application/599EFE8C-5F19-4E3F-95D9-831A3BCEE2F9/NeonDrift.app/ <com.DefaultCompany.NeonDrift <installed >:0>"
)
2026-06-25 10:26:26.814 Df liveactivitiesd[37608:308c57] [com.apple.launchservices:progress] #LSInstallProgressList remove subscriber: <_NSProgressSubscriber: 0x101be8360> publishingString: com.DefaultCompany.NeonDrift
2026-06-25 10:26:26.814 Df installd[37685:30882c] (MobileSystemServices) 0x16d63b000 -[MIJournal purgeJournalEntry:withError:]: Removing journal entry <MIInstallationJournalEntry<0x1038b03c0> [com.DefaultCompany.NeonDrift/com.apple.containermanager.primary-persona/[system-defined]]/MIInstallationDomainSystemShared op:1 phase:JournalPhaseDidRegisterWithLS version:0>
2026-06-25 10:26:26.814 Df SpringBoard[37555:308c03] [com.apple.launchservices:progress] #LSInstallProgressList remove subscriber: <_NSProgressSubscriber: 0x10a42b6f0> publishingString: com.DefaultCompany.NeonDrift
2026-06-25 10:26:26.814 Df installd[37685:30882c] [com.apple.appinstallation:TransactionLog] com.DefaultCompany.NeonDrift/com.apple.containermanager.primary-persona:7:1:2:1:Success (End) : Install (Patch Update)
2026-06-25 10:26:26.814 Df installd[37685:30882c] (MobileSystemServices) 0x16d63b000 -[MIInstaller _logOperationCompletionWithStartTime:distributorID:]: Install successful for (Developer:com.DefaultCompany.NeonDrift) [Distributor: (null)]; Staging: 0.00s; Waiting: 0.00s; Preflight/Patch: 0.02s, Verifying: 0.00s; Overall: 0.06s
2026-06-25 10:26:26.815 Df appstored[37723:308c56] [com.apple.launchservices:appinstallation] Received applicationsDidInstall:(
    "<LSApplicationProxy: 0x1042d4000> com.DefaultCompany.NeonDrift file:///Users/dragonkao/Library/Developer/CoreSimulator/Devices/115FDF0C-5A2F-4686-909B-7F43F1450A28/data/Containers/Bundle/Application/599EFE8C-5F19-4E3F-95D9-831A3BCEE2F9/NeonDrift.app/ <com.DefaultCompany.NeonDrift <installed >:0>"
)
2026-06-25 10:26:26.815 Df callservicesd[37622:308c3e] [com.apple.launchservices:appinstallation] Received applicationsDidInstall:(
    "<LSApplicationProxy: 0x108e38f00> com.DefaultCompany.NeonDrift file:///Users/dragonkao/Library/Developer/CoreSimulator/Devices/115FDF0C-5A2F-4686-909B-7F43F1450A28/data/Containers/Bundle/Application/599EFE8C-5F19-4E3F-95D9-831A3BCEE2F9/NeonDrift.app/ <com.DefaultCompany.NeonDrift <installed >:0>"
)
2026-06-25 10:26:26.815 Df passd[37584:308c40] [com.apple.launchservices:appinstallation] Received applicationsDidInstall:(
    "<LSApplicationProxy: 0x1088adc80> com.DefaultCompany.NeonDrift file:///Users/dragonkao/Library/Developer/CoreSimulator/Devices/115FDF0C-5A2F-4686-909B-7F43F1450A28/data/Containers/Bundle/Application/599EFE8C-5F19-4E3F-95D9-831A3BCEE2F9/NeonDrift.app/ <com.DefaultCompany.NeonDrift <installed >:0>"
)
2026-06-25 10:26:26.815 Df activitysharingd[37941:2f2d24] [com.apple.launchservices:appinstallation] Received applicationsDidInstall:(
    "<LSApplicationProxy: 0x1041b0e40> com.DefaultCompany.NeonDrift file:///Users/dragonkao/Library/Developer/CoreSimulator/Devices/115FDF0C-5A2F-4686-909B-7F43F1450A28/data/Containers/Bundle/Application/599EFE8C-5F19-4E3F-95D9-831A3BCEE2F9/NeonDrift.app/ <com.DefaultCompany.NeonDrift <installed >:0>"
)
2026-06-25 10:26:26.815 Df routined[37563:3086d1] [com.apple.launchservices:appinstallation] Received applicationsDidInstall:(
    "<LSApplicationProxy: 0x1057b1140> com.DefaultCompany.NeonDrift file:///Users/dragonkao/Library/Developer/CoreSimulator/Devices/115FDF0C-5A2F-4686-909B-7F43F1450A28/data/Containers/Bundle/Application/599EFE8C-5F19-4E3F-95D9-831A3BCEE2F9/NeonDrift.app/ <com.DefaultCompany.NeonDrift <installed >:0>"
)
2026-06-25 10:26:26.815 Df webbookmarksd[37647:308c43] [com.apple.launchservices:appinstallation] Received applicationsDidInstall:(
    "<LSApplicationProxy: 0x1061d8000> com.DefaultCompany.NeonDrift file:///Users/dragonkao/Library/Developer/CoreSimulator/Devices/115FDF0C-5A2F-4686-909B-7F43F1450A28/data/Containers/Bundle/Application/599EFE8C-5F19-4E3F-95D9-831A3BCEE2F9/NeonDrift.app/ <com.DefaultCompany.NeonDrift <installed >:0>"
)
2026-06-25 10:26:26.815 Df runningboardd[37558:3085cd] [com.apple.launchservices:appinstallation] Received applicationsDidInstall:(
    "<LSApplicationProxy: 0x105d9c000> com.DefaultCompany.NeonDrift file:///Users/dragonkao/Library/Developer/CoreSimulator/Devices/115FDF0C-5A2F-4686-909B-7F43F1450A28/data/Containers/Bundle/Application/599EFE8C-5F19-4E3F-95D9-831A3BCEE2F9/NeonDrift.app/ <com.DefaultCompany.NeonDrift <installed >:0>"
)
2026-06-25 10:26:26.815 Df installcoordinationd[37614:308bb8] [com.apple.installcoordination:daemon] -[IXSPendingOperationsTracker endPendingOperationForIdentity:]_block_invoke: Ending pending operation for [com.DefaultCompany.NeonDrift/Invalid/[system-defined]]
2026-06-25 10:26:26.815 Df profiled[37619:3086d0] [com.apple.launchservices:appinstallation] Received applicationsDidInstall:(
    "<LSApplicationProxy: 0x10500c000> com.DefaultCompany.NeonDrift file:///Users/dragonkao/Library/Developer/CoreSimulator/Devices/115FDF0C-5A2F-4686-909B-7F43F1450A28/data/Containers/Bundle/Application/599EFE8C-5F19-4E3F-95D9-831A3BCEE2F9/NeonDrift.app/ <com.DefaultCompany.NeonDrift <installed >:0>"
)
2026-06-25 10:26:26.816 Df CoreSimulatorBridge[37585:3085bc] [com.apple.installcoordination:framework] -[IXAppInstallCoordinator _clientDelegate_didUpdateProgress:forPhase:overallProgress:]: <IXUpdatingAppInstallCoordinator<0x101872a00> identity:[com.DefaultCompany.NeonDrift/Invalid/[system-defined]] uuid:8F3EC236-7268-44C6-A8D1-61E8974BF5BF creator:InstallCoordination Simple SPI>: Got did update progress delegate with percentComplete 100.000000 phase IXCoordinatorProgressPhaseInstalling overallProgress 100.000000
2026-06-25 10:26:26.816 Df healthd[37565:308c5b] [com.apple.launchservices:appinstallation] Received applicationsDidInstall:(
    "<LSApplicationProxy: 0x103a85080> com.DefaultCompany.NeonDrift file:///Users/dragonkao/Library/Developer/CoreSimulator/Devices/115FDF0C-5A2F-4686-909B-7F43F1450A28/data/Containers/Bundle/Application/599EFE8C-5F19-4E3F-95D9-831A3BCEE2F9/NeonDrift.app/ <com.DefaultCompany.NeonDrift <installed >:0>"
)
2026-06-25 10:26:26.816 Df activityawardsd[37773:308c46] [com.apple.launchservices:appinstallation] Received applicationsDidInstall:(
    "<LSApplicationProxy: 0x10392cb40> com.DefaultCompany.NeonDrift file:///Users/dragonkao/Library/Developer/CoreSimulator/Devices/115FDF0C-5A2F-4686-909B-7F43F1450A28/data/Containers/Bundle/Application/599EFE8C-5F19-4E3F-95D9-831A3BCEE2F9/NeonDrift.app/ <com.DefaultCompany.NeonDrift <installed >:0>"
)
2026-06-25 10:26:26.816 Df locationd[37579:2ffa2e] [com.apple.launchservices:appinstallation] Received applicationsDidInstall:(
    "<LSApplicationProxy: 0x10777c600> com.DefaultCompany.NeonDrift file:///Users/dragonkao/Library/Developer/CoreSimulator/Devices/115FDF0C-5A2F-4686-909B-7F43F1450A28/data/Containers/Bundle/Application/599EFE8C-5F19-4E3F-95D9-831A3BCEE2F9/NeonDrift.app/ <com.DefaultCompany.NeonDrift <installed >:0>"
)
2026-06-25 10:26:26.816 Df CoreSimulatorBridge[37585:3085bc] [com.apple.installcoordination:framework] -[IXAppInstallCoordinator _clientDelegate_didUpdateProgress:forPhase:overallProgress:]_block_invoke: <IXUpdatingAppInstallCoordinator<0x101872a00> identity:[com.DefaultCompany.NeonDrift/Invalid/[system-defined]] uuid:8F3EC236-7268-44C6-A8D1-61E8974BF5BF creator:InstallCoordination Simple SPI>: Calling selector coordinator:didUpdateProgress:forPhase:overallProgress: on observer <_IXSimpleInstallerDelegate 0x0x101af4150>
2026-06-25 10:26:26.816 Df appstored[37723:308c56] [com.apple.appinstallation:TransactionLog] com.DefaultCompany.NeonDrift/Unknown Persona:5:8:3:1:applicationsDidInstall <LSApplicationProxy: 0x1042d40c0> com.DefaultCompany.NeonDrift file:///Users/dragonkao/Library/Developer/CoreSimulator/Devices/115FDF0C-5A2F-4686-909B-7F43F1450A28/data/Containers/Bundle/Application/599EFE8C-5F19-4E3F-95D9-831A3BCEE2F9/NeonDrift.app/ <com.DefaultCompany.NeonDrift <installed >:0>
2026-06-25 10:26:26.816 Df privacyaccountingd[81150:2f28eb] [com.apple.launchservices:appinstallation] Received applicationsDidInstall:(
