2026-06-26 23:01:14.058 Df installcoordinationd[93102:8d2867] [com.apple.installcoordination:daemon] -[IXSCoordinatedAppInstall setPlaceholderPromise:]: <IXSCoordinatedAppInstall<0x10360c000> [P=CoreSimulatorBridge (pid 92947)] identifier:[com.DefaultCompany.NeonDrift/Invalid/[system-defined]] uuid:995C978D-8298-413E-8978-9A8A54F09E50 intent:IXCoordinatorIntentUpdating creator/appDRI:InstallCoordination Simple SPI importance:UserWaiting state:IXAppCoordinationStateReadyForPlaceholderInstall promise-state:PA2I4> : Placeholder Promise set: <IXSPlaceholder(0x103524500) Name:App Placeholder: NeonDrift (com.DefaultCompany.NeonDrift) Creator:InstallCoordination Simple SPI UUID:79C14B17-EF5D-48CE-8B00-0882D23572D0 Location:[system-defined]>
2026-06-26 23:01:14.058 Df installcoordinationd[93102:8d2795] [com.apple.installcoordination:daemon] -[IXSCoordinatedAppInstall promiseDidComplete:]: <IXSCoordinatedAppInstall<0x10360c000> [P=CoreSimulatorBridge (pid 92947)] identifier:[com.DefaultCompany.NeonDrift/Invalid/[system-defined]] uuid:995C978D-8298-413E-8978-9A8A54F09E50 intent:IXCoordinatorIntentUpdating creator/appDRI:InstallCoordination Simple SPI importance:UserWaiting state:IXAppCoordinationStateReadyForPlaceholderInstall promise-state:PA2I4> : Promise completed: <IXSPlaceholder(0x103524500) Name:App Placeholder: NeonDrift (com.DefaultCompany.NeonDrift) Creator:InstallCoordination Simple SPI UUID:79C14B17-EF5D-48CE-8B00-0882D23572D0 Location:[system-defined]>
2026-06-26 23:01:14.059 Df installcoordinationd[93102:8d2867] [com.apple.installcoordination:daemon] -[IXSCoordinatedAppInstall _onQueue_acquireAssertionAndInstallPlaceholder]: Acquiring termination assertion to install placeholder for [com.DefaultCompany.NeonDrift/Invalid/[system-defined]]
2026-06-26 23:01:14.059 Df installcoordinationd[93102:8d2867] [com.apple.installcoordination:daemon] -[IXSPendingOperationsTracker beginPendingOperationForIdentity:]_block_invoke: Beginning pending operation for [com.DefaultCompany.NeonDrift/Invalid/[system-defined]]
2026-06-26 23:01:14.063 Df runningboardd[92920:8d20ea] [com.apple.runningboard:connection] Received termination request from [osservice<com.apple.installcoordinationd>:93102] on <RBSProcessPredicate <RBSProcessBundleIdentifierPredicate "com.DefaultCompany.NeonDrift">> with context <RBSTerminateContext| explanation:installcoordinationd app:[com.DefaultCompany.NeonDrift/Invalid/[system-defined]] uuid:995C978D-8298-413E-8978-9A8A54F09E50 isPlaceholder:Y reportType:None maxTerminationResistance:Absolute attrs:[
	<RBSPreventLaunchLimitation| <RBSProcessPredicate <RBSProcessBundleIdentifierPredicate "com.DefaultCompany.NeonDrift">> allow:(null)>
	]>
2026-06-26 23:01:14.063 Df runningboardd[92920:8d20ea] [com.apple.runningboard:general] Found 0 extensions contained in com.DefaultCompany.NeonDrift
2026-06-26 23:01:14.063 Df runningboardd[92920:8d20ea] [com.apple.PlugInKit:holds] <PKManager:0x104c9e700> hold request for [/Users/dragonkao/Library/Developer/CoreSimulator/Devices/CC47DE7A-8196-4465-A5A5-BB852C9C6C82/data/Containers/Bundle/Application/B1A4315B-309B-4E71-A83E-1F9781B07117/NeonDrift.app] with flags: 0x4
2026-06-26 23:01:14.064 Df runningboardd[92920:8d20e8] [com.apple.PlugInKit:holds] <PKManager:0x104c9e700> hold request for [/Users/dragonkao/Library/Developer/CoreSimulator/Devices/CC47DE7A-8196-4465-A5A5-BB852C9C6C82/data/Containers/Bundle/Application/B1A4315B-309B-4E71-A83E-1F9781B07117/NeonDrift.app] with flags: 0x4 completed with hold token: [3D5116C8-12B3-4842-86E1-EDCD63FDF5A2]
2026-06-26 23:01:14.064 Df runningboardd[92920:8d20e8] [com.apple.runningboard:ttl] Acquiring assertion targeting system from originator [osservice<com.apple.installcoordinationd>:93102] with description <RBSAssertionDescriptor| "installcoordinationd app:[com.DefaultCompany.NeonDrift/Invalid/[system-defined]] uuid:995C978D-8298-413E-8978-9A8A54F09E50 isPlaceholder:Y" ID:92920-93102-182 target:system attributes:[
	<RBSPreventLaunchLimitation| <RBSProcessPredicate <RBSProcessBundleIdentifierPredicate "com.DefaultCompany.NeonDrift">> allow:(null)>
	]>
2026-06-26 23:01:14.064 Df runningboardd[92920:8d20e8] [com.apple.runningboard:process] Executing termination request for: <RBSProcessPredicate <RBSProcessBundleIdentifierPredicate "com.DefaultCompany.NeonDrift">>
2026-06-26 23:01:14.065 Df SpringBoard[93075:8d25bd] [com.apple.SpringBoard:Common] termination assertion acquired for com.DefaultCompany.NeonDrift
2026-06-26 23:01:14.065 Df SpringBoard[93075:8d25bd] [com.apple.SpringBoard:Icon] 0x10b1a9800-SBApplicationIcon Data source did change: <SBApplication: 0x10b39f000; com.DefaultCompany.NeonDrift> {
} (SBApplication)
2026-06-26 23:01:14.065 Df installcoordinationd[93102:8d2867] [com.apple.installcoordination:daemon] -[IXSCoordinatedAppInstall assertionAcquiredCallback]: RBS termination assertion observer called for <IXSCoordinatedAppInstall<0x10360c000> [P=CoreSimulatorBridge (pid 92947)] identifier:[com.DefaultCompany.NeonDrift/Invalid/[system-defined]] uuid:995C978D-8298-413E-8978-9A8A54F09E50 intent:IXCoordinatorIntentUpdating creator/appDRI:InstallCoordination Simple SPI importance:UserWaiting state:IXAppCoordinationStateWaitingForPlaceholderAssertion promise-state:PA2I4>
2026-06-26 23:01:14.065 Df installcoordinationd[93102:8d2867] [com.apple.appinstallation:TransactionLog] com.DefaultCompany.NeonDrift/Unknown Persona:4:9:1:1:Placeholder Promise began. Coordinator State: IXAppCoordinationStateWaitingForPlaceholderAssertion
2026-06-26 23:01:14.065 Df installcoordinationd[93102:8d2867] [com.apple.installcoordination:daemon] -[IXSCoordinatorProgress setTotalUnitsCompleted:]: Progress for coordinator: [com.DefaultCompany.NeonDrift/Invalid/[system-defined]], Phase: IXCoordinatorProgressPhaseLoading, Percentage: 100.000000: Attempt to set units completed on finished progress: 100
2026-06-26 23:01:14.065 Df installcoordinationd[93102:8d2867] [com.apple.appinstallation:TransactionLog] com.DefaultCompany.NeonDrift/Unknown Persona:4:9:2:1:Placeholder Promise completed. Coordinator State: IXAppCoordinationStateWaitingForPlaceholderAssertion
2026-06-26 23:01:14.065 Df CoreSimulatorBridge[92947:8d2083] [com.apple.installcoordination:framework] -[IXAppInstallCoordinator _clientDelegate_promiseDidBeginFulfillmentWithIdentifier:]: <IXUpdatingAppInstallCoordinator<0x103490c80> identity:[com.DefaultCompany.NeonDrift/Invalid/[system-defined]] uuid:995C978D-8298-413E-8978-9A8A54F09E50 creator:InstallCoordination Simple SPI>: Got promise did begin fulfillment for identifier 1
2026-06-26 23:01:14.065 Df CoreSimulatorBridge[92947:8d2083] [com.apple.installcoordination:framework] -[IXAppInstallCoordinator _clientDelegate_promiseDidBeginFulfillmentWithIdentifier:]_block_invoke: <IXUpdatingAppInstallCoordinator<0x103490c80> identity:[com.DefaultCompany.NeonDrift/Invalid/[system-defined]] uuid:995C978D-8298-413E-8978-9A8A54F09E50 creator:InstallCoordination Simple SPI>: Observer <_IXSimpleInstallerDelegate 0x0x103458c30> does not respond to coordinator:configuredPromiseDidBeginFulfillment: (or any deprecated equivalent)
2026-06-26 23:01:14.066 Df installcoordinationd[93102:8d2867] [com.apple.installcoordination:daemon] -[IXSCoordinatedAppInstall _onQueue_installPlaceholder]: Acquired termination assertion for placeholder [com.DefaultCompany.NeonDrift/Invalid/[system-defined]]; proceeding with install.
2026-06-26 23:01:14.066 Df installcoordinationd[93102:8d2867] [com.apple.installcoordination:daemon] -[IXSPowerAssertion initWithAssertionName:details:]: Acquired power assertion IXPowerAssertion-12-[com.DefaultCompany.NeonDrift/Invalid/[system-defined]]
2026-06-26 23:01:14.067 Df installd[93113:8d2819] (MobileSystemServices) 0x16d5fb000 -[MIClientConnection _doInstallationForURL:identity:domain:options:operationType:completion:]: Install of "/Users/dragonkao/Library/Developer/CoreSimulator/Devices/CC47DE7A-8196-4465-A5A5-BB852C9C6C82/data/Containers/Shared/SystemGroup/systemgroup.com.apple.installcoordinationd/Library/InstallCoordination/PromiseStaging/79C14B17-EF5D-48CE-8B00-0882D23572D0/NeonDrift.app" type Placeholder (LSInstallType = 1, Domain: MIInstallationDomainDefault) requested by installcoordinationd (pid 93102 (501/20))
2026-06-26 23:01:14.071 Df installd[93113:8d2819] [com.apple.containermanager:xpc] Query; euid = 501, uid = 501, class = 1, identifier = [com.DefaultCompany.NeonDrift](1), flags = 300000002
2026-06-26 23:01:14.072 Df containermanagerd_system[92961:8d27f7] [com.apple.containermanager:cache] Disk sync reporting on new entry: (com.DefaultCompany.NeonDrift.run.1782485533.82553|18446744073709551615|<MCMContainerPath: 0x1014f6300; [<MCMContainerClassPath: 0x10144d1a0; persona [(null)]; [/Users/dragonkao/Library/Developer/CoreSimulator/Devices/CC47DE7A-8196-4465-A5A5-BB852C9C6C82/data/Containers]/[Bundle]/[Application] created>]/[60DB0A34-B3BB-4A4D-B075-CFC8084764F2]/[(null)]>|0|AB1E03B8-9E20-4EEB-8B0D-863324D79A8C|(null))
2026-06-26 23:01:14.072 Df containermanagerd_system[92961:8d27f7] [com.apple.containermanager:cache] Disk sync reporting on new entry: (com.DefaultCompany.NeonDrift.run.1782484537.59589|18446744073709551615|<MCMContainerPath: 0x1014f6350; [<MCMContainerClassPath: 0x10144d1a0; persona [(null)]; [/Users/dragonkao/Library/Developer/CoreSimulator/Devices/CC47DE7A-8196-4465-A5A5-BB852C9C6C82/data/Containers]/[Bundle]/[Application] created>]/[1DCDE5CE-4A96-4924-9746-D506874359C8]/[(null)]>|0|CA78BCEA-E9DA-4657-BDDA-0D3066818EDB|(null))
2026-06-26 23:01:14.072 Df containermanagerd_system[92961:8d27f7] [com.apple.containermanager:cache] Disk sync reporting on new entry: (com.DefaultCompany.NeonDrift.run.1782484282.54413|18446744073709551615|<MCMContainerPath: 0x1014f63a0; [<MCMContainerClassPath: 0x10144d1a0; persona [(null)]; [/Users/dragonkao/Library/Developer/CoreSimulator/Devices/CC47DE7A-8196-4465-A5A5-BB852C9C6C82/data/Containers]/[Bundle]/[Application] created>]/[5C99B373-2E0D-4720-A65A-9669594A0776]/[(null)]>|0|7DB7DDF9-C350-45C5-8184-251E537D58FC|(null))
2026-06-26 23:01:14.072 Df containermanagerd_system[92961:8d27f7] [com.apple.containermanager:cache] Disk sync reporting on new entry: (com.DefaultCompany.NeonDrift.run.1782484808.68182|18446744073709551615|<MCMContainerPath: 0x1014f63f0; [<MCMContainerClassPath: 0x10144d1a0; persona [(null)]; [/Users/dragonkao/Library/Developer/CoreSimulator/Devices/CC47DE7A-8196-4465-A5A5-BB852C9C6C82/data/Containers]/[Bundle]/[Application] created>]/[35E2636E-F3E8-4D12-9D64-9F69C01749CE]/[(null)]>|0|E3C7D274-6DD2-4307-AC53-3596FB383B51|(null))
2026-06-26 23:01:14.072 Df containermanagerd_system[92961:8d27f7] [com.apple.containermanager:cache] Disk sync reporting on new entry: (com.DefaultCompany.NeonDrift.run.1782485248.76636|18446744073709551615|<MCMContainerPath: 0x1014f6440; [<MCMContainerClassPath: 0x10144d1a0; persona [(null)]; [/Users/dragonkao/Library/Developer/CoreSimulator/Devices/CC47DE7A-8196-4465-A5A5-BB852C9C6C82/data/Containers]/[Bundle]/[Application] created>]/[B4ABC976-10C1-4871-BD01-63E901777FC4]/[(null)]>|0|678C7A37-7585-4056-8742-94D0F2EB0FE5|(null))
2026-06-26 23:01:14.072 Df containermanagerd_system[92961:8d27f7] [com.apple.containermanager:cache] Disk sync reporting on new entry: (com.DefaultCompany.NeonDrift|18446744073709551615|<MCMContainerPath: 0x1014f6490; [<MCMContainerClassPath: 0x10144d1a0; persona [(null)]; [/Users/dragonkao/Library/Developer/CoreSimulator/Devices/CC47DE7A-8196-4465-A5A5-BB852C9C6C82/data/Containers]/[Bundle]/[Application] created>]/[B1A4315B-309B-4E71-A83E-1F9781B07117]/[(null)]>|0|F149C080-8934-4FDA-A39E-EEC4950C82E0|(null))
2026-06-26 23:01:14.073 Df installd[93113:8d2819] [com.apple.containermanager:xpc] Query; euid = 501, uid = 501, class = 1, identifier = [com.DefaultCompany.NeonDrift](1), flags = 300000002
2026-06-26 23:01:14.143 Df BackgroundShortcutRunner[93116:8d286e] [com.apple.shortcuts:ToolKitIndexing] Indexing for request: <WFToolKitIndexingRequest: 0x1025ac320>, changeset: .partial(updatedCount: 2 removedCount: 0 updated: ["com.DefaultCompany.NeonDrift", "com.DefaultCompany.NeonDrift.run.1782485533.82553"], removed: [], provenance: [VoiceShortcutClient.ToolKitIndexingReason.Changeset.Provenance.launchServicesSnapshot(<LaunchServicesSnapshot uuid=F24B79A2-9144-48E3-970E-A35D347E6B98, v=1196)> ["com.apple.mobilesms.compose", "com.apple.AccessorySetupUI", "com.apple.NeighborhoodActivityConduitService.NeighborhoodActivityConduitIntentsExtension", "com.apple.SupportFlow", "com.DefaultCompany.NeonDrift.run.1782485533.82553", "com.apple.PassbookUIService", "com.apple.ContactsUI.LimitedAccessPromptView", "com.apple.ShazamEventsApp", "com.DefaultCompany.NeonDrift.run.1782484808.68182", "com.apple.iMessageAppsViewService", "com.apple.CompanionSetup", "com.apple.ShortcutsUI", "com.apple.commandandcontrol", "com.apple.webapp", "com.apple.Sharing.AirDropUI", "com.apple.ScreenTimeUnlock", "com.apple.compass.CompassSettingsAppIntents", "c<…>, priority: <decode: missing data>
2026-06-26 23:01:14.160 Df BackgroundShortcutRunner[93116:8d2870] [com.apple.shortcuts:AppIntentsMetadata] Loading LNEntityMetadata for bundle identifier com.DefaultCompany.NeonDrift
2026-06-26 23:01:14.160 Df BackgroundShortcutRunner[93116:8d2870] [com.apple.shortcuts:AppIntentsMetadata] Loading LNActionMetadata for bundle identifier com.DefaultCompany.NeonDrift
2026-06-26 23:01:14.160 Df BackgroundShortcutRunner[93116:8d2870] [com.apple.shortcuts:AppIntentsMetadata] Loading LNEntityMetadata for bundle identifier com.DefaultCompany.NeonDrift.run.1782485533.82553
2026-06-26 23:01:14.160 Df BackgroundShortcutRunner[93116:8d2870] [com.apple.shortcuts:AppIntentsMetadata] Loading LNActionMetadata for bundle identifier com.DefaultCompany.NeonDrift.run.1782485533.82553
2026-06-26 23:01:14.173 Df runningboardd[92920:8d20e1] [com.apple.runningboard:process] Checking PreventLaunch: global:0 exPath:(null) predicates:{(
    <RBSProcessPredicate <RBSProcessBundleIdentifierPredicate "com.DefaultCompany.NeonDrift">>
)} allow:(null)
2026-06-26 23:01:14.234 Df installd[93113:8d2819] [com.apple.containermanager:xpc] Query; euid = 501, uid = 501, class = 1, identifier = [com.DefaultCompany.NeonDrift](1), flags = 300000002
2026-06-26 23:01:14.235 Df installd[93113:8d2819] [com.apple.containermanager:xpc] Query; euid = 501, uid = 501, class = 1, identifier = [com.DefaultCompany.NeonDrift](1), flags = 300000002
2026-06-26 23:01:14.239 Df installd[93113:8d2819] (MobileSystemServices) 0x16d5fb000 -[MIInstaller _installInstallable:containingSymlink:error:]: Installing <MIInstallableParallelPlaceholder ID=com.DefaultCompany.NeonDrift; Persona=com.apple.containermanager.primary-persona, Version=0, ShortVersion=1.0>
2026-06-26 23:01:14.240 Df installd[93113:8d2819] [com.apple.appinstallation:TransactionLog] com.DefaultCompany.NeonDrift/com.apple.containermanager.primary-persona:7:2:1:1:Start : Install (Parallel Placeholder)
2026-06-26 23:01:14.289 Df runningboardd[92920:8d20e8] [com.apple.runningboard:process] Checking PreventLaunch: global:0 exPath:(null) predicates:{(
    <RBSProcessPredicate <RBSProcessBundleIdentifierPredicate "com.DefaultCompany.NeonDrift">>
)} allow:(null)
2026-06-26 23:01:14.409 Df runningboardd[92920:8d20e2] [com.apple.runningboard:process] Checking PreventLaunch: global:0 exPath:(null) predicates:{(
    <RBSProcessPredicate <RBSProcessBundleIdentifierPredicate "com.DefaultCompany.NeonDrift">>
)} allow:(null)
2026-06-26 23:01:14.522 Df runningboardd[92920:8d20e8] [com.apple.runningboard:process] Checking PreventLaunch: global:0 exPath:(null) predicates:{(
    <RBSProcessPredicate <RBSProcessBundleIdentifierPredicate "com.DefaultCompany.NeonDrift">>
)} allow:(null)
2026-06-26 23:01:14.637 Df runningboardd[92920:8d20e0] [com.apple.runningboard:process] Checking PreventLaunch: global:0 exPath:(null) predicates:{(
    <RBSProcessPredicate <RBSProcessBundleIdentifierPredicate "com.DefaultCompany.NeonDrift">>
)} allow:(null)
2026-06-26 23:01:14.751 Df runningboardd[92920:8d20e8] [com.apple.runningboard:process] Checking PreventLaunch: global:0 exPath:(null) predicates:{(
    <RBSProcessPredicate <RBSProcessBundleIdentifierPredicate "com.DefaultCompany.NeonDrift">>
)} allow:(null)
2026-06-26 23:01:14.864 Df runningboardd[92920:8d20e0] [com.apple.runningboard:process] Checking PreventLaunch: global:0 exPath:(null) predicates:{(
    <RBSProcessPredicate <RBSProcessBundleIdentifierPredicate "com.DefaultCompany.NeonDrift">>
)} allow:(null)
2026-06-26 23:01:16.937 Df installd[93113:8d2819] [com.apple.containermanager:query] Query; euid = 501, uid = 501, class = 4, identifier = [com.DefaultCompany.NeonDrift](1), flags = 300000002
2026-06-26 23:01:16.997 Df installd[93113:8d2819] [com.apple.containermanager:query] Query; euid = 501, uid = 501, class = 4, identifier = [com.DefaultCompany.NeonDrift](1), flags = 300000002
2026-06-26 23:01:16.997 Df installd[93113:8d2819] (MobileSystemServices) 0x16d5fb000 -[MIInstallableParallelPlaceholder performInstallationWithError:]: Installing parallel placeholder for [com.DefaultCompany.NeonDrift/com.apple.containermanager.primary-persona/[system-defined]]
2026-06-26 23:01:16.999 Df installd[93113:8d2819] [com.apple.containermanager:query] Query; euid = 501, uid = 501, class = 2, identifier = [com.DefaultCompany.NeonDrift](1), flags = 300000003
2026-06-26 23:01:17.003 Df containermanagerd[92972:8d2198] [com.apple.containermanager:cache] Disk sync reporting on new entry: (com.DefaultCompany.NeonDrift.run.1782484808.68182|18446744073709551615|<MCMContainerPath: 0x105b45040; [<MCMContainerClassPath: 0x1058497a0; persona [(null)]; [/Users/dragonkao/Library/Developer/CoreSimulator/Devices/CC47DE7A-8196-4465-A5A5-BB852C9C6C82/data/Containers]/[Data]/[Application] created>]/[1E2F819E-C2F0-4C04-8F11-49D3C8B6BAC5]/[(null)]>|1|7CE8CF15-7BED-4EBE-912E-617CADD00A8C|(null))
2026-06-26 23:01:17.003 Df containermanagerd[92972:8d2198] [com.apple.containermanager:cache] Disk sync reporting on new entry: (com.DefaultCompany.NeonDrift.run.1782484537.59589|18446744073709551615|<MCMContainerPath: 0x105b450e0; [<MCMContainerClassPath: 0x1058497a0; persona [(null)]; [/Users/dragonkao/Library/Developer/CoreSimulator/Devices/CC47DE7A-8196-4465-A5A5-BB852C9C6C82/data/Containers]/[Data]/[Application] created>]/[1C854E62-61C8-49AD-BF79-648DF6FD7531]/[(null)]>|1|D18BA0E9-D0DA-461B-A480-7559B0E0F3C2|(null))
2026-06-26 23:01:17.004 Df containermanagerd[92972:8d2198] [com.apple.containermanager:cache] Disk sync reporting on new entry: (com.DefaultCompany.NeonDrift.run.1782485248.76636|18446744073709551615|<MCMContainerPath: 0x105b45180; [<MCMContainerClassPath: 0x1058497a0; persona [(null)]; [/Users/dragonkao/Library/Developer/CoreSimulator/Devices/CC47DE7A-8196-4465-A5A5-BB852C9C6C82/data/Containers]/[Data]/[Application] created>]/[15213DC8-4265-45F6-8FEC-BEE05B0A8A01]/[(null)]>|1|9C6EA38E-9593-4832-990C-84C37BCF18C4|(null))
2026-06-26 23:01:17.005 Df containermanagerd[92972:8d2198] [com.apple.containermanager:cache] Disk sync reporting on new entry: (com.DefaultCompany.NeonDrift.run.1782485533.82553|18446744073709551615|<MCMContainerPath: 0x105b45630; [<MCMContainerClassPath: 0x1058497a0; persona [(null)]; [/Users/dragonkao/Library/Developer/CoreSimulator/Devices/CC47DE7A-8196-4465-A5A5-BB852C9C6C82/data/Containers]/[Data]/[Application] created>]/[EF1ED47B-33B9-46F7-9259-AC69DEEA4036]/[(null)]>|1|B56A13AE-9A84-47A1-BFC9-B3D869C59E21|(null))
2026-06-26 23:01:17.008 Df containermanagerd[92972:8d2198] [com.apple.containermanager:cache] Disk sync reporting on new entry: (com.DefaultCompany.NeonDrift.run.1782484282.54413|18446744073709551615|<MCMContainerPath: 0x105b45ea0; [<MCMContainerClassPath: 0x1058497a0; persona [(null)]; [/Users/dragonkao/Library/Developer/CoreSimulator/Devices/CC47DE7A-8196-4465-A5A5-BB852C9C6C82/data/Containers]/[Data]/[Application] created>]/[C444D7CB-82D0-4C33-8535-2768FB88C07A]/[(null)]>|1|44B13F59-3185-47DC-B581-F8ADF836CC01|(null))
2026-06-26 23:01:17.012 Df containermanagerd[92972:8d2198] [com.apple.containermanager:cache] Disk sync reporting on new entry: (com.DefaultCompany.NeonDrift|18446744073709551615|<MCMContainerPath: 0x105b46ad0; [<MCMContainerClassPath: 0x1058497a0; persona [(null)]; [/Users/dragonkao/Library/Developer/CoreSimulator/Devices/CC47DE7A-8196-4465-A5A5-BB852C9C6C82/data/Containers]/[Data]/[Application] created>]/[5CCCA61F-8C27-4F4A-AE4B-67F4CB531C60]/[(null)]>|1|815BD00E-79CD-4463-AD29-B14C41CCA58C|(null))
2026-06-26 23:01:17.016 Df installd[93113:8d2819] [com.apple.containermanager:query] Query; euid = 501, uid = 501, class = 2, identifier = [com.DefaultCompany.NeonDrift](1), flags = 300000002
2026-06-26 23:01:17.025 Df containermanagerd[92972:8d2198] [com.apple.containermanager:schema] [u 815BD00E-79CD-4463-AD29-B14C41CCA58C:p 5CCCA61F-8C27-4F4A-AE4B-67F4CB531C60:c com.DefaultCompany.NeonDrift(2):i0] Successfully updated schema from (0) → (1), actions count = 6
2026-06-26 23:01:17.026 Df containermanagerd_system[92961:8d27f7] [com.apple.containermanager:schema] [u F149C080-8934-4FDA-A39E-EEC4950C82E0:p B1A4315B-309B-4E71-A83E-1F9781B07117:c com.DefaultCompany.NeonDrift(1):i0] Successfully updated schema from (0) → (0), actions count = 0
2026-06-26 23:01:17.026 Df installd[93113:8d2819] [com.apple.containermanager:xpc] Query; euid = 501, uid = 501, class = 1, identifier = [com.DefaultCompany.NeonDrift](1), flags = 300000002
2026-06-26 23:01:17.027 Df installd[93113:8d2819] [com.apple.containermanager:unspecified] Requesting disk usage; class = 1, identifier = com.DefaultCompany.NeonDrift
2026-06-26 23:01:17.028 Df installd[93113:8d2819] [com.apple.containermanager:query] Query; euid = 501, uid = 501, class = 7, identifier = [com.DefaultCompany.NeonDrift](1), flags = 300000001
2026-06-26 23:01:17.028 Df SpringBoard[93075:8d25bd] [com.apple.SpringBoard:Common] termination assertion released for com.DefaultCompany.NeonDrift
2026-06-26 23:01:17.028 Df SpringBoard[93075:8d25bd] [com.apple.SpringBoard:Icon] 0x10b1a9800-SBApplicationIcon Data source did change: <SBApplication: 0x10b39f000; com.DefaultCompany.NeonDrift> {
} (SBApplication)
2026-06-26 23:01:17.033 Df installd[93113:8d2819] (MobileSystemServices) 0x16d5fb000 -[MILaunchServicesOperationManager _onQueue_addPendingLaunchServicesOperation:error:]: Added pending LS operation <MILaunchServicesRegisterOperation: C4B20E7D-AA83-4EED-83C8-26BC70CED60B:1 com.DefaultCompany.NeonDrift/MIInstallationDomainSystemShared personas:[com.apple.containermanager.primary-persona]>
2026-06-26 23:01:17.034 Df lsd[92964:8d28f5] [com.apple.launchservices:appinstallation] Post installation registration: request to register com.DefaultCompany.NeonDrift, operation C4B20E7D-AA83-4EED-83C8-26BC70CED60B, from pid 93113
2026-06-26 23:01:17.034 Df lsd[92964:8d28f5] [com.apple.appinstallation:TransactionLog] com.DefaultCompany.NeonDrift/Unknown Persona:5:4:1:1:Registering bundles via registrant - start
2026-06-26 23:01:17.037 Df lsd[92964:8d28f5] [com.apple.appinstallation:TransactionLog] com.DefaultCompany.NeonDrift/Unknown Persona:5:5:1:1:Building bundle record for app
2026-06-26 23:01:17.038 Df lsd[92964:8d28f5] [com.apple.launchservices:appinstallation] Placeholder detected - Flagging bundle com.DefaultCompany.NeonDrift incomplete
2026-06-26 23:01:17.038 Df lsd[92964:8d28f5] [com.apple.appinstallation:TransactionLog] com.DefaultCompany.NeonDrift/Unknown Persona:5:5:2:1:Built bundle record for app
2026-06-26 23:01:17.040 Df lsd[92964:8d28f5] [com.apple.appinstallation:TransactionLog] com.DefaultCompany.NeonDrift/Unknown Persona:5:4:2:1:Registered bundle status = success
2026-06-26 23:01:17.041 Df lsd[92964:8d28f5] [com.apple.appinstallation:TransactionLog] com.DefaultCompany.NeonDrift/Unknown Persona:5:4:2:1:Finished registering com.DefaultCompany.NeonDrift, bundle unit 4b0
2026-06-26 23:01:17.041 Df installd[93113:8d2819] (MobileSystemServices) 0x16d5fb000 -[MIJournal purgeJournalEntry:withError:]: Removing journal entry <MIInstallationJournalEntry<0x103ce8a00> [com.DefaultCompany.NeonDrift/com.apple.containermanager.primary-persona/[system-defined]]/MIInstallationDomainSystemShared op:3 phase:JournalPhaseDidRegisterWithLS version:0>
2026-06-26 23:01:17.041 Df lsd[92964:8d21a3] [com.apple.launchservices:progress] Sending applicationInstallsDidStart: for (
    "<LSApplicationProxy: 0x103f28000> com.DefaultCompany.NeonDrift file:///Users/dragonkao/Library/Developer/CoreSimulator/Devices/CC47DE7A-8196-4465-A5A5-BB852C9C6C82/data/Containers/Bundle/Application/B1A4315B-309B-4E71-A83E-1F9781B07117/com.apple.mobileinstallation.placeholder/ <com.DefaultCompany.NeonDrift <placeholder >:1>"
)
2026-06-26 23:01:17.041 Df installd[93113:8d2819] [com.apple.appinstallation:TransactionLog] com.DefaultCompany.NeonDrift/com.apple.containermanager.primary-persona:7:2:2:1:Success (End) : Install (Parallel Placeholder)
2026-06-26 23:01:17.041 Df installd[93113:8d2819] (MobileSystemServices) 0x16d5fb000 -[MIInstaller _logOperationCompletionWithStartTime:distributorID:]: Install successful for (Placeholder:com.DefaultCompany.NeonDrift) [Distributor: (null)]; Staging: 0.00s; Waiting: 0.00s; Preflight/Patch: 2.70s, Verifying: 0.06s; Overall: 2.97s
2026-06-26 23:01:17.042 Df lsd[92964:8d21a3] [com.apple.launchservices:progress] Created parent progress <NSProgress: com.DefaultCompany.NeonDrift phase=InstallingPlaceholder; state=Waiting; finalPhase=Installing; fractionCompleted=0.000000>
2026-06-26 23:01:17.042 Df installcoordinationd[93102:8d2867] [com.apple.installcoordination:daemon] -[IXSPowerAssertion invalidate]: Released power assertion IXPowerAssertion-12-[com.DefaultCompany.NeonDrift/Invalid/[system-defined]]
2026-06-26 23:01:17.043 Df SpringBoard[93075:8d2752] [com.apple.launchservices:appinstallation] LaunchServices observer: InstallsStarted (
    "<LSApplicationProxy: 0x1299d6700> com.DefaultCompany.NeonDrift file:///Users/dragonkao/Library/Developer/CoreSimulator/Devices/CC47DE7A-8196-4465-A5A5-BB852C9C6C82/data/Containers/Bundle/Application/B1A4315B-309B-4E71-A83E-1F9781B07117/com.apple.mobileinstallation.placeholder/ <com.DefaultCompany.NeonDrift <placeholder >:1>"
)
2026-06-26 23:01:17.043 Df passd[92946:8d2443] [com.apple.launchservices:appinstallation] LaunchServices observer: InstallsStarted (
    "<LSApplicationProxy: 0x1068ad8c0> com.DefaultCompany.NeonDrift file:///Users/dragonkao/Library/Developer/CoreSimulator/Devices/CC47DE7A-8196-4465-A5A5-BB852C9C6C82/data/Containers/Bundle/Application/B1A4315B-309B-4E71-A83E-1F9781B07117/com.apple.mobileinstallation.placeholder/ <com.DefaultCompany.NeonDrift <placeholder >:1>"
)
2026-06-26 23:01:17.043 Df SpringBoard[93075:8d2752] [com.apple.frontboard.ApplicationLibrary:observer] -[FBSApplicationLibrary applicationInstallsDidStart:] com.DefaultCompany.NeonDrift
2026-06-26 23:01:17.043 Df usernotificationsd[92976:8d2311] [com.apple.launchservices:appinstallation] LaunchServices observer: InstallsStarted (
    "<LSApplicationProxy: 0x1059b4600> com.DefaultCompany.NeonDrift file:///Users/dragonkao/Library/Developer/CoreSimulator/Devices/CC47DE7A-8196-4465-A5A5-BB852C9C6C82/data/Containers/Bundle/Application/B1A4315B-309B-4E71-A83E-1F9781B07117/com.apple.mobileinstallation.placeholder/ <com.DefaultCompany.NeonDrift <placeholder >:1>"
)
2026-06-26 23:01:17.043 Df SpringBoard[93075:8d2752] [com.apple.frontboard.ApplicationLibrary:default] Added placeholder: <SBApplicationPlaceholderProxy: 0x128c26a80; com.DefaultCompany.NeonDrift (NeonDrift); LSInstallType: StoreDownload>
2026-06-26 23:01:17.043 Df SpringBoard[93075:8d25bd] [com.apple.frontboard.ApplicationLibrary:sb.placeholder] App placeholder proxies added: (
    "<SBApplicationPlaceholderProxy: 0x128c26a80; com.DefaultCompany.NeonDrift (NeonDrift); LSInstallType: StoreDownload>"
), currentlyKnownExistingPlaceholders: {
}
2026-06-26 23:01:17.043 Df SpringBoard[93075:8d25bd] [com.apple.appinstallation:TransactionLog] com.DefaultCompany.NeonDrift/Unknown Persona:10:0:1:1:Placeholder add BEGIN
2026-06-26 23:01:17.043 Df locationd[92941:8d219d] [com.apple.launchservices:appinstallation] LaunchServices observer: InstallsStarted (
    "<LSApplicationProxy: 0x103b70600> com.DefaultCompany.NeonDrift file:///Users/dragonkao/Library/Developer/CoreSimulator/Devices/CC47DE7A-8196-4465-A5A5-BB852C9C6C82/data/Containers/Bundle/Application/B1A4315B-309B-4E71-A83E-1F9781B07117/com.apple.mobileinstallation.placeholder/ <com.DefaultCompany.NeonDrift <placeholder >:1>"
)
2026-06-26 23:01:17.043 Df SpringBoard[93075:8d2753] [com.apple.launchservices:progress] #LSInstallProgressList add subscriber: <_NSProgressSubscriber: 0x12243cea0> publishingString: com.DefaultCompany.NeonDrift
2026-06-26 23:01:17.043 Df SpringBoard[93075:8d2753] [com.apple.launchservices:progress] Subscribing to progress for app com.DefaultCompany.NeonDrift,
2026-06-26 23:01:17.043 E  SpringBoard[93075:8d2753] [com.apple.frontboard.ApplicationLibrary:placeholder] Non-demoted placeholder for com.DefaultCompany.NeonDrift has no associated NSProgress!
2026-06-26 23:01:17.044 Df SpringBoard[93075:8d25bd] [com.apple.SpringBoard:Icon] <<SBLeafIcon:0x10b1a9800 [com.DefaultCompany.NeonDrift]>> Changing active data source: <SBApplicationIcon: 0x10b1a9800; nodeID: com.DefaultCompany.NeonDrift; bundleID: com.DefaultCompany.NeonDrift>
2026-06-26 23:01:17.044 Df SpringBoard[93075:8d25bd] [com.apple.SpringBoard:Icon] <<SBLeafIcon:0x10b1a9800 [com.DefaultCompany.NeonDrift]>> Changing from data souce: com.DefaultCompany.NeonDrift to data source:com.DefaultCompany.NeonDrift.
2026-06-26 23:01:17.044 Df SpringBoard[93075:8d25bd] [com.apple.appinstallation:TransactionLog] com.DefaultCompany.NeonDrift/Unknown Persona:10:1:3:1:Created icon for placeholder.
2026-06-26 23:01:17.044 Df donotdisturbd[92963:8d21b2] [com.apple.launchservices:appinstallation] LaunchServices observer: InstallsStarted (
    "<LSApplicationProxy: 0x1059d5500> com.DefaultCompany.NeonDrift file:///Users/dragonkao/Library/Developer/CoreSimulator/Devices/CC47DE7A-8196-4465-A5A5-BB852C9C6C82/data/Containers/Bundle/Application/B1A4315B-309B-4E71-A83E-1F9781B07117/com.apple.mobileinstallation.placeholder/ <com.DefaultCompany.NeonDrift <placeholder >:1>"
)
2026-06-26 23:01:17.044 Df nsurlsessiond[92965:8d21b4] [com.apple.launchservices:appinstallation] LaunchServices observer: InstallsStarted (
    "<LSApplicationProxy: 0x10164c6c0> com.DefaultCompany.NeonDrift file:///Users/dragonkao/Library/Developer/CoreSimulator/Devices/CC47DE7A-8196-4465-A5A5-BB852C9C6C82/data/Containers/Bundle/Application/B1A4315B-309B-4E71-A83E-1F9781B07117/com.apple.mobileinstallation.placeholder/ <com.DefaultCompany.NeonDrift <placeholder >:1>"
)
2026-06-26 23:01:17.044 Df callservicesd[93009:8d2276] [com.apple.launchservices:appinstallation] LaunchServices observer: InstallsStarted (
    "<LSApplicationProxy: 0x1072dce40> com.DefaultCompany.NeonDrift file:///Users/dragonkao/Library/Developer/CoreSimulator/Devices/CC47DE7A-8196-4465-A5A5-BB852C9C6C82/data/Containers/Bundle/Application/B1A4315B-309B-4E71-A83E-1F9781B07117/com.apple.mobileinstallation.placeholder/ <com.DefaultCompany.NeonDrift <placeholder >:1>"
)
2026-06-26 23:01:17.044 Df installcoordinationd[93102:8d2867] [com.apple.installcoordination:daemon] -[IXSPendingOperationsTracker endPendingOperationForIdentity:]_block_invoke: Ending pending operation for [com.DefaultCompany.NeonDrift/Invalid/[system-defined]]
2026-06-26 23:01:17.044 Df SpringBoard[93075:8d25bd] [com.apple.frontboard.ApplicationLibrary:sb.placeholder] Placeholders added: (
    "<SBApplicationPlaceholder: 0x12277a550; bundleIdentifier: com.DefaultCompany.NeonDrift; displayName: NeonDrift>"
), modified: (
), removed: (null)
2026-06-26 23:01:17.044 Df lsd[92964:8d21a3] [com.apple.launchservices:progress] Sent distributed notification com.apple.LaunchServices.applicationRegistered with payload {
    bundleIDs =     (
        "com.DefaultCompany.NeonDrift"
    );
    isPlaceholder = 1;
}
2026-06-26 23:01:17.044 Df SpringBoard[93075:8d25bd] [com.apple.launchservices:progress] Got progress <NSProgress: com.DefaultCompany.NeonDrift phase=InstallingPlaceholder; state=Finished; finalPhase=Installing; fractionCompleted=0.000000> for app com.DefaultCompany.NeonDrift,
2026-06-26 23:01:17.044 Df routined[92925:8d2212] [com.apple.launchservices:appinstallation] LaunchServices observer: InstallsStarted (
    "<LSApplicationProxy: 0x107850e40> com.DefaultCompany.NeonDrift file:///Users/dragonkao/Library/Developer/CoreSimulator/Devices/CC47DE7A-8196-4465-A5A5-BB852C9C6C82/data/Containers/Bundle/Application/B1A4315B-309B-4E71-A83E-1F9781B07117/com.apple.mobileinstallation.placeholder/ <com.DefaultCompany.NeonDrift <placeholder >:1>"
)
2026-06-26 23:01:17.044 Df financed[93001:8d235b] [com.apple.launchservices:appinstallation] LaunchServices observer: InstallsStarted (
    "<LSApplicationProxy: 0x1079fbc00> com.DefaultCompany.NeonDrift file:///Users/dragonkao/Library/Developer/CoreSimulator/Devices/CC47DE7A-8196-4465-A5A5-BB852C9C6C82/data/Containers/Bundle/Application/B1A4315B-309B-4E71-A83E-1F9781B07117/com.apple.mobileinstallation.placeholder/ <com.DefaultCompany.NeonDrift <placeholder >:1>"
)
2026-06-26 23:01:17.045 Df SpringBoard[93075:8d25bd] [com.apple.appinstallation:TransactionLog] com.DefaultCompany.NeonDrift/Unknown Persona:10:2:3:1:Reloading icon image.
2026-06-26 23:01:17.045 Df profiled[92981:8d22ec] [com.apple.launchservices:appinstallation] LaunchServices observer: InstallsStarted (
    "<LSApplicationProxy: 0x105299f00> com.DefaultCompany.NeonDrift file:///Users/dragonkao/Library/Developer/CoreSimulator/Devices/CC47DE7A-8196-4465-A5A5-BB852C9C6C82/data/Containers/Bundle/Application/B1A4315B-309B-4E71-A83E-1F9781B07117/com.apple.mobileinstallation.placeholder/ <com.DefaultCompany.NeonDrift <placeholder >:1>"
)
2026-06-26 23:01:17.045 Df installcoordinationd[93102:8d2867] [com.apple.installcoordination:daemon] -[IXSCoordinatedAppInstall setPlaceholderInstallState:withLSRecordPromiseForCompletion:]: <IXSCoordinatedAppInstall<0x10360c000> [P=CoreSimulatorBridge (pid 92947)] identifier:[com.DefaultCompany.NeonDrift/Invalid/[system-defined]] uuid:995C978D-8298-413E-8978-9A8A54F09E50 intent:IXCoordinatorIntentUpdating creator/appDRI:InstallCoordination Simple SPI importance:UserWaiting state:IXAppCoordinationStateReadyForInstall promise-state:PA2I4>: Placeholder install completed.
2026-06-26 23:01:17.045 Df appstored[93093:8d2737] [com.apple.launchservices:appinstallation] LaunchServices observer: InstallsStarted (
    "<LSApplicationProxy: 0x102330000> com.DefaultCompany.NeonDrift file:///Users/dragonkao/Library/Developer/CoreSimulator/Devices/CC47DE7A-8196-4465-A5A5-BB852C9C6C82/data/Containers/Bundle/Application/B1A4315B-309B-4E71-A83E-1F9781B07117/com.apple.mobileinstallation.placeholder/ <com.DefaultCompany.NeonDrift <placeholder >:1>"
)
2026-06-26 23:01:17.045 Df mobiletimerd[92932:8d2191] [com.apple.launchservices:appinstallation] LaunchServices observer: InstallsStarted (
    "<LSApplicationProxy: 0x105a300c0> com.DefaultCompany.NeonDrift file:///Users/dragonkao/Library/Developer/CoreSimulator/Devices/CC47DE7A-8196-4465-A5A5-BB852C9C6C82/data/Containers/Bundle/Application/B1A4315B-309B-4E71-A83E-1F9781B07117/com.apple.mobileinstallation.placeholder/ <com.DefaultCompany.NeonDrift <placeholder >:1>"
)
2026-06-26 23:01:17.045 Df deviceaccessd[93021:8d239e] [com.apple.launchservices:appinstallation] LaunchServices observer: InstallsStarted (
    "<LSApplicationProxy: 0x101574000> com.DefaultCompany.NeonDrift file:///Users/dragonkao/Library/Developer/CoreSimulator/Devices/CC47DE7A-8196-4465-A5A5-BB852C9C6C82/data/Containers/Bundle/Application/B1A4315B-309B-4E71-A83E-1F9781B07117/com.apple.mobileinstallation.placeholder/ <com.DefaultCompany.NeonDrift <placeholder >:1>"
)
2026-06-26 23:01:17.045 Df dasd[92943:8d23b9] [com.apple.launchservices:appinstallation] LaunchServices observer: InstallsStarted (
    "<LSApplicationProxy: 0x101768240> com.DefaultCompany.NeonDrift file:///Users/dragonkao/Library/Developer/CoreSimulator/Devices/CC47DE7A-8196-4465-A5A5-BB852C9C6C82/data/Containers/Bundle/Application/B1A4315B-309B-4E71-A83E-1F9781B07117/com.apple.mobileinstallation.placeholder/ <com.DefaultCompany.NeonDrift <placeholder >:1>"
)
2026-06-26 23:01:17.045 Df homed[93010:8d296c] [com.apple.launchservices:appinstallation] LaunchServices observer: InstallsStarted (
    "<LSApplicationProxy: 0x107ea83c0> com.DefaultCompany.NeonDrift file:///Users/dragonkao/Library/Developer/CoreSimulator/Devices/CC47DE7A-8196-4465-A5A5-BB852C9C6C82/data/Containers/Bundle/Application/B1A4315B-309B-4E71-A83E-1F9781B07117/com.apple.mobileinstallation.placeholder/ <com.DefaultCompany.NeonDrift <placeholder >:1>"
)
2026-06-26 23:01:17.046 Df runningboardd[92920:8d20e8] [com.apple.launchservices:appinstallation] LaunchServices observer: InstallsStarted (
    "<LSApplicationProxy: 0x1011a40c0> com.DefaultCompany.NeonDrift file:///Users/dragonkao/Library/Developer/CoreSimulator/Devices/CC47DE7A-8196-4465-A5A5-BB852C9C6C82/data/Containers/Bundle/Application/B1A4315B-309B-4E71-A83E-1F9781B07117/com.apple.mobileinstallation.placeholder/ <com.DefaultCompany.NeonDrift <placeholder >:1>"
)
2026-06-26 23:01:17.046 Df liveactivitiesd[92969:8d21a8] [com.apple.launchservices:appinstallation] LaunchServices observer: InstallsStarted (
    "<LSApplicationProxy: 0x104281680> com.DefaultCompany.NeonDrift file:///Users/dragonkao/Library/Developer/CoreSimulator/Devices/CC47DE7A-8196-4465-A5A5-BB852C9C6C82/data/Containers/Bundle/Application/B1A4315B-309B-4E71-A83E-1F9781B07117/com.apple.mobileinstallation.placeholder/ <com.DefaultCompany.NeonDrift <placeholder >:1>"
)
2026-06-26 23:01:17.046 Df installcoordinationd[93102:8d2867] [com.apple.installprogress:server] initiating progress for [com.DefaultCompany.NeonDrift/Invalid/[system-defined]]
2026-06-26 23:01:17.046 Df sleepd[92944:8d20b2] [com.apple.launchservices:appinstallation] LaunchServices observer: InstallsStarted (
    "<LSApplicationProxy: 0x105e64180> com.DefaultCompany.NeonDrift file:///Users/dragonkao/Library/Developer/CoreSimulator/Devices/CC47DE7A-8196-4465-A5A5-BB852C9C6C82/data/Containers/Bundle/Application/B1A4315B-309B-4E71-A83E-1F9781B07117/com.apple.mobileinstallation.placeholder/ <com.DefaultCompany.NeonDrift <placeholder >:1>"
)
2026-06-26 23:01:17.046 Df gamed[93058:8d2579] [com.apple.launchservices:appinstallation] LaunchServices observer: InstallsStarted (
    "<LSApplicationProxy: 0x105bd8b40> com.DefaultCompany.NeonDrift file:///Users/dragonkao/Library/Developer/CoreSimulator/Devices/CC47DE7A-8196-4465-A5A5-BB852C9C6C82/data/Containers/Bundle/Application/B1A4315B-309B-4E71-A83E-1F9781B07117/com.apple.mobileinstallation.placeholder/ <com.DefaultCompany.NeonDrift <placeholder >:1>"
)
2026-06-26 23:01:17.046 Df installcoordinationd[93102:8d2867] [com.apple.installprogress:default] Created published identity progress for [com.DefaultCompany.NeonDrift/Invalid/[system-defined]], observer 0x1034a8e40
2026-06-26 23:01:17.046 Df installcoordinationd[93102:8d2867] [com.apple.installcoordination:daemon] -[IXSCoordinatorProgress setTotalUnitsCompleted:]: Progress for coordinator: [com.DefaultCompany.NeonDrift/Invalid/[system-defined]], Phase: IXCoordinatorProgressPhaseLoading, Percentage: 100.000000: Attempt to set units completed on finished progress: 100
2026-06-26 23:01:17.046 Df installcoordinationd[93102:8d2867] [com.apple.installcoordination:daemon] -[IXSCoordinatedAppInstall _onQueue_acquireAssertionAndDoInstall]: Acquiring termination assertion to install [com.DefaultCompany.NeonDrift/Invalid/[system-defined]]
2026-06-26 23:01:17.046 Df installcoordinationd[93102:8d2867] [com.apple.installcoordination:daemon] -[IXSPendingOperationsTracker beginPendingOperationForIdentity:]_block_invoke: Beginning pending operation for [com.DefaultCompany.NeonDrift/Invalid/[system-defined]]
2026-06-26 23:01:17.046 Df installcoordinationd[93102:8d284a] [com.apple.installcoordination:daemon] -[IXSCoordinatedAppInstall _limitedConcurrency_fetchLoadingProgressForPlaceholderInstallType:progressHint:andRun:]: <IXSCoordinatedAppInstall<0x10360c000> [P=CoreSimulatorBridge (pid 92947)] identifier:[com.DefaultCompany.NeonDrift/Invalid/[system-defined]] uuid:995C978D-8298-413E-8978-9A8A54F09E50 intent:IXCoordinatorIntentUpdating creator/appDRI:InstallCoordination Simple SPI importance:UserWaiting state:IXAppCoordinationStateWaitingForInstallAssertion promise-state:PA2I4>: initiating loading progress with install type 1
2026-06-26 23:01:17.047 Df installcoordinationd[93102:8d284a] [com.apple.appinstallation:TransactionLog] com.DefaultCompany.NeonDrift/Unknown Persona:5:11:1:1:Updating PlaceholderMetadata for com.DefaultCompany.NeonDrift with LSInstallType 1
2026-06-26 23:01:17.047 Df SpringBoard[93075:8d25bd] [com.apple.installcoordination:framework] +[IXAppInstallCoordinator removabilityForAppWithIdentity:error:]: Returning locally read removability, PossibleAndAllowed, for identity:[com.DefaultCompany.NeonDrift/Invalid/[system-defined]]
2026-06-26 23:01:17.047 Df webbookmarksd[92997:8d23bc] [com.apple.launchservices:appinstallation] LaunchServices observer: InstallsStarted (
    "<LSApplicationProxy: 0x100d78f90> com.DefaultCompany.NeonDrift file:///Users/dragonkao/Library/Developer/CoreSimulator/Devices/CC47DE7A-8196-4465-A5A5-BB852C9C6C82/data/Containers/Bundle/Application/B1A4315B-309B-4E71-A83E-1F9781B07117/com.apple.mobileinstallation.placeholder/ <com.DefaultCompany.NeonDrift <placeholder >:1>"
)
2026-06-26 23:01:17.047 Df runningboardd[92920:8d20e8] [com.apple.runningboard:connection] Received termination request from [osservice<com.apple.installcoordinationd>:93102] on <RBSProcessPredicate <RBSProcessBundleIdentifierPredicate "com.DefaultCompany.NeonDrift">> with context <RBSTerminateContext| explanation:installcoordinationd app:[com.DefaultCompany.NeonDrift/Invalid/[system-defined]] uuid:995C978D-8298-413E-8978-9A8A54F09E50 isPlaceholder:N reportType:None maxTerminationResistance:Absolute attrs:[
	<RBSPreventLaunchLimitation| <RBSProcessPredicate <RBSProcessBundleIdentifierPredicate "com.DefaultCompany.NeonDrift">> allow:(null)>
	]>
2026-06-26 23:01:17.047 Df SpringBoard[93075:8d25bd] [com.apple.appinstallation:TransactionLog] com.DefaultCompany.NeonDrift/Unknown Persona:10:2:3:1:Reloading icon image.
2026-06-26 23:01:17.047 Df CoreSimulatorBridge[92947:8d207e] [com.apple.installcoordination:framework] -[IXAppInstallCoordinator _clientDelegate_placeholderDidInstallForApplicationRecord:]: <IXUpdatingAppInstallCoordinator<0x103490c80> identity:[com.DefaultCompany.NeonDrift/Invalid/[system-defined]] uuid:995C978D-8298-413E-8978-9A8A54F09E50 creator:InstallCoordination Simple SPI>: Got placeholder did install delegate for app record { bundleID: com.DefaultCompany.NeonDrift, URL: file:///Users/dragonkao/Library/Developer/CoreSimulator/Devices/CC47DE7A-8196-4465-A5A5-BB852C9C6C82/data/Containers/Bundle/Application/B1A4315B-309B-4E71-A83E-1F9781B07117/com.apple.mobileinstallation.placeholder/ }
2026-06-26 23:01:17.048 Df CoreSimulatorBridge[92947:8d2083] [com.apple.installcoordination:framework] -[IXAppInstallCoordinator _clientDelegate_placeholderDidInstallForApplicationRecord:]_block_invoke: <IXUpdatingAppInstallCoordinator<0x103490c80> identity:[com.DefaultCompany.NeonDrift/Invalid/[system-defined]] uuid:995C978D-8298-413E-8978-9A8A54F09E50 creator:InstallCoordination Simple SPI>: Observer <_IXSimpleInstallerDelegate 0x0x103458c30> does not respond to coordinatorDidInstallPlaceholder:forApplicationRecord: (or any deprecated equivalent)
2026-06-26 23:01:17.048 Df runningboardd[92920:8d20ed] [com.apple.runningboard:general] Found 0 extensions contained in com.DefaultCompany.NeonDrift
2026-06-26 23:01:17.048 Df runningboardd[92920:8d20ed] [com.apple.PlugInKit:holds] <PKManager:0x104c9e700> hold request for [/Users/dragonkao/Library/Developer/CoreSimulator/Devices/CC47DE7A-8196-4465-A5A5-BB852C9C6C82/data/Containers/Bundle/Application/B1A4315B-309B-4E71-A83E-1F9781B07117/NeonDrift.app] with flags: 0x4
2026-06-26 23:01:17.048 Df siriactionsd[92980:8d2334] [com.apple.shortcuts:Daemon] Dispatching XPC event: <distributed notification: com.apple.LaunchServices.applicationRegistered, userInfo: [AnyHashable("isPlaceholder"): 1, AnyHashable("bundleIDs"): <__NSSingleObjectArrayI 0x105a10b40>(
com.DefaultCompany.NeonDrift
)
]>
2026-06-26 23:01:17.048 Df lsd[92964:8d2a0e] [com.apple.launchservices:progress] Using publishing string "com.DefaultCompany.NeonDrift.InstallingPlaceholder" for the first time
2026-06-26 23:01:17.048 Df lsd[92964:8d2a0e] [com.apple.launchservices:progress] Parent progress for installation <NSProgress: com.DefaultCompany.NeonDrift phase=InstallingPlaceholder; state=Finished; finalPhase=Installing; fractionCompleted=0.000000>, adding phase 3
2026-06-26 23:01:17.049 Df lsd[92964:8d2a0e] [com.apple.launchservices:progress] #LSInstallProgressList add subscriber: <_NSProgressSubscriber: 0x103f113e0> publishingString: com.DefaultCompany.NeonDrift.InstallingPlaceholder
2026-06-26 23:01:17.049 Df lsd[92964:8d2a0e] [com.apple.launchservices:progress] Subscribing to com.DefaultCompany.NeonDrift.InstallingPlaceholder
2026-06-26 23:01:17.049 Df runningboardd[92920:8d20ed] [com.apple.PlugInKit:holds] <PKManager:0x104c9e700> hold request for [/Users/dragonkao/Library/Developer/CoreSimulator/Devices/CC47DE7A-8196-4465-A5A5-BB852C9C6C82/data/Containers/Bundle/Application/B1A4315B-309B-4E71-A83E-1F9781B07117/NeonDrift.app] with flags: 0x4 completed with hold token: [5F96575F-F6C9-40EC-93D3-7E298793CC27]
2026-06-26 23:01:17.049 Df PosterBoard[93084:8d2677] [com.apple.launchservices:appinstallation] LaunchServices observer: InstallsStarted (
    "<LSApplicationProxy: 0x104c04e40> com.DefaultCompany.NeonDrift file:///Users/dragonkao/Library/Developer/CoreSimulator/Devices/CC47DE7A-8196-4465-A5A5-BB852C9C6C82/data/Containers/Bundle/Application/B1A4315B-309B-4E71-A83E-1F9781B07117/com.apple.mobileinstallation.placeholder/ <com.DefaultCompany.NeonDrift <placeholder >:1>"
)
2026-06-26 23:01:17.049 Df installcoordinationd[93102:8d284a] [com.apple.launchservices:progress] Published install progress <NSProgress: com.DefaultCompany.NeonDrift.InstallingPlaceholder phase=InstallingPlaceholder; state=Waiting; finalPhase=Installing; fractionCompleted=0.000000>
2026-06-26 23:01:17.050 Df installd[93113:8d2819] (MobileSystemServices) 0x16d5fb000 -[MIClientConnection updatePlaceholderMetadataForApp:installType:failureReason:underlyingError:failureSource:completion:]: Update placeholder metadata requested by client installcoordinationd (pid 93102 (501/20)) for app com.DefaultCompany.NeonDrift installType = 1 failureReason = 0 underlyingError = (null) failureSource = 0
2026-06-26 23:01:17.050 Df installd[93113:8d2819] [com.apple.containermanager:xpc] Query; euid = 501, uid = 501, class = 1, identifier = [com.DefaultCompany.NeonDrift](1), flags = 300000002
2026-06-26 23:01:17.050 Df lsd[92964:8d20d9] [com.apple.launchservices:progress] unsubscribing from com.DefaultCompany.NeonDrift.InstallingPlaceholder as it was unpublished
2026-06-26 23:01:17.050 Df lsd[92964:8d20d9] [com.apple.launchservices:progress] #LSInstallProgressList remove subscriber: <_NSProgressSubscriber: 0x103f113e0> publishingString: com.DefaultCompany.NeonDrift.InstallingPlaceholder
2026-06-26 23:01:17.051 Df installd[93113:8d2819] [com.apple.containermanager:xpc] Query; euid = 501, uid = 501, class = 1, identifier = [com.DefaultCompany.NeonDrift](1), flags = 300000002
2026-06-26 23:01:17.051 Df runningboardd[92920:8d20ed] [com.apple.runningboard:ttl] Acquiring assertion targeting system from originator [osservice<com.apple.installcoordinationd>:93102] with description <RBSAssertionDescriptor| "installcoordinationd app:[com.DefaultCompany.NeonDrift/Invalid/[system-defined]] uuid:995C978D-8298-413E-8978-9A8A54F09E50 isPlaceholder:N" ID:92920-93102-287 target:system attributes:[
	<RBSPreventLaunchLimitation| <RBSProcessPredicate <RBSProcessBundleIdentifierPredicate "com.DefaultCompany.NeonDrift">> allow:(null)>
	]>
2026-06-26 23:01:17.051 Df runningboardd[92920:8d20ed] [com.apple.runningboard:process] Executing termination request for: <RBSProcessPredicate <RBSProcessBundleIdentifierPredicate "com.DefaultCompany.NeonDrift">>
2026-06-26 23:01:17.051 Df SpringBoard[93075:8d25bd] [com.apple.SpringBoard:Common] termination assertion acquired for com.DefaultCompany.NeonDrift
2026-06-26 23:01:17.052 Df installcoordinationd[93102:8d2795] [com.apple.installcoordination:daemon] -[IXSCoordinatedAppInstall assertionAcquiredCallback]: RBS termination assertion observer called for <IXSCoordinatedAppInstall<0x10360c000> [P=CoreSimulatorBridge (pid 92947)] identifier:[com.DefaultCompany.NeonDrift/Invalid/[system-defined]] uuid:995C978D-8298-413E-8978-9A8A54F09E50 intent:IXCoordinatorIntentUpdating creator/appDRI:InstallCoordination Simple SPI importance:UserWaiting state:IXAppCoordinationStateWaitingForInstallAssertion promise-state:PA2I4>
2026-06-26 23:01:17.053 Df installcoordinationd[93102:8d2795] [com.apple.installcoordination:daemon] -[IXSCoordinatedAppInstall _onQueue_doInstall]: Acquired termination assertion for [com.DefaultCompany.NeonDrift/Invalid/[system-defined]]; proceeding with install.
2026-06-26 23:01:17.053 Df installcoordinationd[93102:8d2795] [com.apple.installcoordination:daemon] -[IXSPowerAssertion initWithAssertionName:details:]: Acquired power assertion IXPowerAssertion-12-[com.DefaultCompany.NeonDrift/Invalid/[system-defined]]
2026-06-26 23:01:17.054 Df lsd[92964:8d2a0e] [com.apple.appinstallation:TransactionLog] com.DefaultCompany.NeonDrift/Unknown Persona:5:11:1:1:Updating bundle record for app (placeholderMetadata)
2026-06-26 23:01:17.054 Df lsd[92964:8d2a0e] [com.apple.launchservices:default] Created bundleRecordUpdater for app com.DefaultCompany.NeonDrift. flags=140000c1202
