2026-06-25 14:37:29.091 Df lsd[37604:3b7b69] [com.apple.launchservices:progress] Parent progress for installation <NSProgress: com.DefaultCompany.NeonDrift phase=Installing; state=Active; finalPhase=Installing; fractionCompleted=0.600000>, adding phase 1
2026-06-25 14:37:29.091 Df lsd[37604:3b7b69] [com.apple.launchservices:progress] #LSInstallProgressList add subscriber: <_NSProgressSubscriber: 0x1056dfc60> publishingString: com.DefaultCompany.NeonDrift.Installing
2026-06-25 14:37:29.091 Df lsd[37604:3b7b69] [com.apple.launchservices:progress] Subscribing to com.DefaultCompany.NeonDrift.Installing
2026-06-25 14:37:29.091 Df installcoordinationd[37614:3b7ade] [com.apple.launchservices:progress] Published install progress <NSProgress: com.DefaultCompany.NeonDrift.Installing phase=Installing; state=Waiting; finalPhase=Installing; fractionCompleted=0.000000>
2026-06-25 14:37:29.091 Df lsd[37604:3b7b69] [com.apple.launchservices:progress] connection from 37614 sending notification 4 for com.DefaultCompany.NeonDrift
2026-06-25 14:37:29.091 Df lsd[37604:3b7b6a] [com.apple.launchservices:progress] Sending applicationsWillInstall: for (
    "<LSApplicationProxy: 0x1056fc0c0> com.DefaultCompany.NeonDrift file:///Users/dragonkao/Library/Developer/CoreSimulator/Devices/115FDF0C-5A2F-4686-909B-7F43F1450A28/data/Containers/Bundle/Application/AA9CB47B-6CD6-4A88-BCA9-5C89A1042E16/NeonDrift.app/ <com.DefaultCompany.NeonDrift <installed >:0>"
)
2026-06-25 14:37:29.092 Df callservicesd[37622:3b7626] [com.apple.launchservices:appinstallation] LaunchServices observer: Will install (
    "<LSApplicationProxy: 0x108e39080> com.DefaultCompany.NeonDrift file:///Users/dragonkao/Library/Developer/CoreSimulator/Devices/115FDF0C-5A2F-4686-909B-7F43F1450A28/data/Containers/Bundle/Application/AA9CB47B-6CD6-4A88-BCA9-5C89A1042E16/NeonDrift.app/ <com.DefaultCompany.NeonDrift <installed >:0>"
)
2026-06-25 14:37:29.092 Df appstored[37723:3b7b87] [com.apple.launchservices:appinstallation] LaunchServices observer: Will install (
    "<LSApplicationProxy: 0x1043d4000> com.DefaultCompany.NeonDrift file:///Users/dragonkao/Library/Developer/CoreSimulator/Devices/115FDF0C-5A2F-4686-909B-7F43F1450A28/data/Containers/Bundle/Application/AA9CB47B-6CD6-4A88-BCA9-5C89A1042E16/NeonDrift.app/ <com.DefaultCompany.NeonDrift <installed >:0>"
)
2026-06-25 14:37:29.092 Df passd[37584:3b76c4] [com.apple.launchservices:appinstallation] LaunchServices observer: Will install (
    "<LSApplicationProxy: 0x1088ad980> com.DefaultCompany.NeonDrift file:///Users/dragonkao/Library/Developer/CoreSimulator/Devices/115FDF0C-5A2F-4686-909B-7F43F1450A28/data/Containers/Bundle/Application/AA9CB47B-6CD6-4A88-BCA9-5C89A1042E16/NeonDrift.app/ <com.DefaultCompany.NeonDrift <installed >:0>"
)
2026-06-25 14:37:29.092 Df runningboardd[37558:3b7ae4] [com.apple.launchservices:appinstallation] LaunchServices observer: Will install (
    "<LSApplicationProxy: 0x109998000> com.DefaultCompany.NeonDrift file:///Users/dragonkao/Library/Developer/CoreSimulator/Devices/115FDF0C-5A2F-4686-909B-7F43F1450A28/data/Containers/Bundle/Application/AA9CB47B-6CD6-4A88-BCA9-5C89A1042E16/NeonDrift.app/ <com.DefaultCompany.NeonDrift <installed >:0>"
)
2026-06-25 14:37:29.092 Df activitysharingd[37941:3716b3] [com.apple.launchservices:appinstallation] LaunchServices observer: Will install (
    "<LSApplicationProxy: 0x1041b0e40> com.DefaultCompany.NeonDrift file:///Users/dragonkao/Library/Developer/CoreSimulator/Devices/115FDF0C-5A2F-4686-909B-7F43F1450A28/data/Containers/Bundle/Application/AA9CB47B-6CD6-4A88-BCA9-5C89A1042E16/NeonDrift.app/ <com.DefaultCompany.NeonDrift <installed >:0>"
)
2026-06-25 14:37:29.093 Df routined[37563:3b7b6f] [com.apple.launchservices:appinstallation] LaunchServices observer: Will install (
    "<LSApplicationProxy: 0x1057b09c0> com.DefaultCompany.NeonDrift file:///Users/dragonkao/Library/Developer/CoreSimulator/Devices/115FDF0C-5A2F-4686-909B-7F43F1450A28/data/Containers/Bundle/Application/AA9CB47B-6CD6-4A88-BCA9-5C89A1042E16/NeonDrift.app/ <com.DefaultCompany.NeonDrift <installed >:0>"
)
2026-06-25 14:37:29.093 Df webbookmarksd[37647:3b7b70] [com.apple.launchservices:appinstallation] LaunchServices observer: Will install (
    "<LSApplicationProxy: 0x1061d8000> com.DefaultCompany.NeonDrift file:///Users/dragonkao/Library/Developer/CoreSimulator/Devices/115FDF0C-5A2F-4686-909B-7F43F1450A28/data/Containers/Bundle/Application/AA9CB47B-6CD6-4A88-BCA9-5C89A1042E16/NeonDrift.app/ <com.DefaultCompany.NeonDrift <installed >:0>"
)
2026-06-25 14:37:29.093 Df profiled[37619:3b7b71] [com.apple.launchservices:appinstallation] LaunchServices observer: Will install (
    "<LSApplicationProxy: 0x10500c000> com.DefaultCompany.NeonDrift file:///Users/dragonkao/Library/Developer/CoreSimulator/Devices/115FDF0C-5A2F-4686-909B-7F43F1450A28/data/Containers/Bundle/Application/AA9CB47B-6CD6-4A88-BCA9-5C89A1042E16/NeonDrift.app/ <com.DefaultCompany.NeonDrift <installed >:0>"
)
2026-06-25 14:37:29.093 Df healthd[37565:3b76a2] [com.apple.launchservices:appinstallation] LaunchServices observer: Will install (
    "<LSApplicationProxy: 0x103a85440> com.DefaultCompany.NeonDrift file:///Users/dragonkao/Library/Developer/CoreSimulator/Devices/115FDF0C-5A2F-4686-909B-7F43F1450A28/data/Containers/Bundle/Application/AA9CB47B-6CD6-4A88-BCA9-5C89A1042E16/NeonDrift.app/ <com.DefaultCompany.NeonDrift <installed >:0>"
)
2026-06-25 14:37:29.093 Df locationd[37579:3b294a] [com.apple.launchservices:appinstallation] LaunchServices observer: Will install (
    "<LSApplicationProxy: 0x10777c600> com.DefaultCompany.NeonDrift file:///Users/dragonkao/Library/Developer/CoreSimulator/Devices/115FDF0C-5A2F-4686-909B-7F43F1450A28/data/Containers/Bundle/Application/AA9CB47B-6CD6-4A88-BCA9-5C89A1042E16/NeonDrift.app/ <com.DefaultCompany.NeonDrift <installed >:0>"
)
2026-06-25 14:37:29.093 Df activityawardsd[37773:3b7b73] [com.apple.launchservices:appinstallation] LaunchServices observer: Will install (
    "<LSApplicationProxy: 0x10392cb40> com.DefaultCompany.NeonDrift file:///Users/dragonkao/Library/Developer/CoreSimulator/Devices/115FDF0C-5A2F-4686-909B-7F43F1450A28/data/Containers/Bundle/Application/AA9CB47B-6CD6-4A88-BCA9-5C89A1042E16/NeonDrift.app/ <com.DefaultCompany.NeonDrift <installed >:0>"
)
2026-06-25 14:37:29.093 Df privacyaccountingd[81150:36b863] [com.apple.launchservices:appinstallation] LaunchServices observer: Will install (
    "<LSApplicationProxy: 0x102108240> com.DefaultCompany.NeonDrift file:///Users/dragonkao/Library/Developer/CoreSimulator/Devices/115FDF0C-5A2F-4686-909B-7F43F1450A28/data/Containers/Bundle/Application/AA9CB47B-6CD6-4A88-BCA9-5C89A1042E16/NeonDrift.app/ <com.DefaultCompany.NeonDrift <installed >:0>"
)
2026-06-25 14:37:29.094 Df liveactivitiesd[37608:3b76ce] [com.apple.launchservices:appinstallation] LaunchServices observer: Will install (
    "<LSApplicationProxy: 0x101aa1c80> com.DefaultCompany.NeonDrift file:///Users/dragonkao/Library/Developer/CoreSimulator/Devices/115FDF0C-5A2F-4686-909B-7F43F1450A28/data/Containers/Bundle/Application/AA9CB47B-6CD6-4A88-BCA9-5C89A1042E16/NeonDrift.app/ <com.DefaultCompany.NeonDrift <installed >:0>"
)
2026-06-25 14:37:29.094 Df donotdisturbd[37602:3b7b3a] [com.apple.launchservices:appinstallation] LaunchServices observer: Will install (
    "<LSApplicationProxy: 0x1015d9d40> com.DefaultCompany.NeonDrift file:///Users/dragonkao/Library/Developer/CoreSimulator/Devices/115FDF0C-5A2F-4686-909B-7F43F1450A28/data/Containers/Bundle/Application/AA9CB47B-6CD6-4A88-BCA9-5C89A1042E16/NeonDrift.app/ <com.DefaultCompany.NeonDrift <installed >:0>"
)
2026-06-25 14:37:29.094 Df financed[37650:3b7b76] [com.apple.launchservices:appinstallation] LaunchServices observer: Will install (
    "<LSApplicationProxy: 0x1099933c0> com.DefaultCompany.NeonDrift file:///Users/dragonkao/Library/Developer/CoreSimulator/Devices/115FDF0C-5A2F-4686-909B-7F43F1450A28/data/Containers/Bundle/Application/AA9CB47B-6CD6-4A88-BCA9-5C89A1042E16/NeonDrift.app/ <com.DefaultCompany.NeonDrift <installed >:0>"
)
2026-06-25 14:37:29.094 Df healthappd[91398:3b7b77] [com.apple.launchservices:appinstallation] LaunchServices observer: Will install (
    "<LSApplicationProxy: 0x10ddca100> com.DefaultCompany.NeonDrift file:///Users/dragonkao/Library/Developer/CoreSimulator/Devices/115FDF0C-5A2F-4686-909B-7F43F1450A28/data/Containers/Bundle/Application/AA9CB47B-6CD6-4A88-BCA9-5C89A1042E16/NeonDrift.app/ <com.DefaultCompany.NeonDrift <installed >:0>"
)
2026-06-25 14:37:29.094 Df mobiletimerd[37570:3b7a44] [com.apple.launchservices:appinstallation] LaunchServices observer: Will install (
    "<LSApplicationProxy: 0x104210780> com.DefaultCompany.NeonDrift file:///Users/dragonkao/Library/Developer/CoreSimulator/Devices/115FDF0C-5A2F-4686-909B-7F43F1450A28/data/Containers/Bundle/Application/AA9CB47B-6CD6-4A88-BCA9-5C89A1042E16/NeonDrift.app/ <com.DefaultCompany.NeonDrift <installed >:0>"
)
2026-06-25 14:37:29.094 Df nsurlsessiond[37606:3b73f5] [com.apple.launchservices:appinstallation] LaunchServices observer: Will install (
    "<LSApplicationProxy: 0x101e652c0> com.DefaultCompany.NeonDrift file:///Users/dragonkao/Library/Developer/CoreSimulator/Devices/115FDF0C-5A2F-4686-909B-7F43F1450A28/data/Containers/Bundle/Application/AA9CB47B-6CD6-4A88-BCA9-5C89A1042E16/NeonDrift.app/ <com.DefaultCompany.NeonDrift <installed >:0>"
)
2026-06-25 14:37:29.094 Df gamed[37637:3b7b78] [com.apple.launchservices:appinstallation] LaunchServices observer: Will install (
    "<LSApplicationProxy: 0x104730240> com.DefaultCompany.NeonDrift file:///Users/dragonkao/Library/Developer/CoreSimulator/Devices/115FDF0C-5A2F-4686-909B-7F43F1450A28/data/Containers/Bundle/Application/AA9CB47B-6CD6-4A88-BCA9-5C89A1042E16/NeonDrift.app/ <com.DefaultCompany.NeonDrift <installed >:0>"
)
2026-06-25 14:37:29.094 Df dasd[37581:3b7a67] [com.apple.launchservices:appinstallation] LaunchServices observer: Will install (
    "<LSApplicationProxy: 0x105b54240> com.DefaultCompany.NeonDrift file:///Users/dragonkao/Library/Developer/CoreSimulator/Devices/115FDF0C-5A2F-4686-909B-7F43F1450A28/data/Containers/Bundle/Application/AA9CB47B-6CD6-4A88-BCA9-5C89A1042E16/NeonDrift.app/ <com.DefaultCompany.NeonDrift <installed >:0>"
)
2026-06-25 14:37:29.095 Df homed[37625:3aa937] [com.apple.launchservices:appinstallation] LaunchServices observer: Will install (
    "<LSApplicationProxy: 0x107a7c9c0> com.DefaultCompany.NeonDrift file:///Users/dragonkao/Library/Developer/CoreSimulator/Devices/115FDF0C-5A2F-4686-909B-7F43F1450A28/data/Containers/Bundle/Application/AA9CB47B-6CD6-4A88-BCA9-5C89A1042E16/NeonDrift.app/ <com.DefaultCompany.NeonDrift <installed >:0>"
)
2026-06-25 14:37:29.095 Df sleepd[37582:3b7b7b] [com.apple.launchservices:appinstallation] LaunchServices observer: Will install (
    "<LSApplicationProxy: 0x106260000> com.DefaultCompany.NeonDrift file:///Users/dragonkao/Library/Developer/CoreSimulator/Devices/115FDF0C-5A2F-4686-909B-7F43F1450A28/data/Containers/Bundle/Application/AA9CB47B-6CD6-4A88-BCA9-5C89A1042E16/NeonDrift.app/ <com.DefaultCompany.NeonDrift <installed >:0>"
)
2026-06-25 14:37:29.095 Df ctkd[81165:3b7b7a] [com.apple.launchservices:appinstallation] LaunchServices observer: Will install (
    "<LSApplicationProxy: 0x103d9c000> com.DefaultCompany.NeonDrift file:///Users/dragonkao/Library/Developer/CoreSimulator/Devices/115FDF0C-5A2F-4686-909B-7F43F1450A28/data/Containers/Bundle/Application/AA9CB47B-6CD6-4A88-BCA9-5C89A1042E16/NeonDrift.app/ <com.DefaultCompany.NeonDrift <installed >:0>"
)
2026-06-25 14:37:29.095 Df deviceaccessd[37639:3b76cb] [com.apple.launchservices:appinstallation] LaunchServices observer: Will install (
    "<LSApplicationProxy: 0x1015706c0> com.DefaultCompany.NeonDrift file:///Users/dragonkao/Library/Developer/CoreSimulator/Devices/115FDF0C-5A2F-4686-909B-7F43F1450A28/data/Containers/Bundle/Application/AA9CB47B-6CD6-4A88-BCA9-5C89A1042E16/NeonDrift.app/ <com.DefaultCompany.NeonDrift <installed >:0>"
)
2026-06-25 14:37:29.095 Df installd[37685:3b77ef] (MobileSystemServices) 0x16d63b000 -[MIClientConnection _doInstallationForURL:identity:domain:options:operationType:completion:]: Install of "/Users/dragonkao/Library/Developer/CoreSimulator/Devices/115FDF0C-5A2F-4686-909B-7F43F1450A28/data/Containers/Shared/SystemGroup/systemgroup.com.apple.installcoordinationd/Library/InstallCoordination/PromiseStaging/CF4B1F8D-6611-4488-9C2B-2C69C76731ED/NeonDrift.app" type Developer (LSInstallType = 0, Domain: MIInstallationDomainDefault) requested by installcoordinationd (pid 37614 (501/20))
2026-06-25 14:37:29.096 E  SpringBoard[37555:3b7b2f] [com.apple.frontboard.ApplicationLibrary:placeholder] Non-demoted placeholder for com.DefaultCompany.NeonDrift has no associated NSProgress!
2026-06-25 14:37:29.096 Df SpringBoard[37555:3b7b34] [com.apple.launchservices:appinstallation] LaunchServices observer: Will install (
    "<LSApplicationProxy: 0x12c6255c0> com.DefaultCompany.NeonDrift file:///Users/dragonkao/Library/Developer/CoreSimulator/Devices/115FDF0C-5A2F-4686-909B-7F43F1450A28/data/Containers/Bundle/Application/AA9CB47B-6CD6-4A88-BCA9-5C89A1042E16/NeonDrift.app/ <com.DefaultCompany.NeonDrift <installed >:0>"
)
2026-06-25 14:37:29.096 Df SpringBoard[37555:3b7b34] [com.apple.frontboard.ApplicationLibrary:observer] -[FBSApplicationLibrary applicationsWillInstall:] com.DefaultCompany.NeonDrift
2026-06-25 14:37:29.097 Df CoreSimulatorBridge[37585:3b7adc] [com.apple.installcoordination:framework] -[IXAppInstallCoordinator _clientDelegate_didUpdateProgress:forPhase:overallProgress:]: <IXUpdatingAppInstallCoordinator<0x101872cc0> identity:[com.DefaultCompany.NeonDrift/Invalid/[system-defined]] uuid:DFDABEE0-6714-4011-AB40-9DBF8F1EDA5A creator:InstallCoordination Simple SPI>: Got did update progress delegate with percentComplete 5.000000 phase IXCoordinatorProgressPhaseInstalling overallProgress 62.000000
2026-06-25 14:37:29.097 Df CoreSimulatorBridge[37585:3b7adc] [com.apple.installcoordination:framework] -[IXAppInstallCoordinator _clientDelegate_didUpdateProgress:forPhase:overallProgress:]: <IXUpdatingAppInstallCoordinator<0x101872cc0> identity:[com.DefaultCompany.NeonDrift/Invalid/[system-defined]] uuid:DFDABEE0-6714-4011-AB40-9DBF8F1EDA5A creator:InstallCoordination Simple SPI>: Got did update progress delegate with percentComplete 15.000000 phase IXCoordinatorProgressPhaseInstalling overallProgress 66.000000
2026-06-25 14:37:29.097 Df CoreSimulatorBridge[37585:36d360] [com.apple.installcoordination:framework] -[IXAppInstallCoordinator _clientDelegate_didUpdateProgress:forPhase:overallProgress:]_block_invoke: <IXUpdatingAppInstallCoordinator<0x101872cc0> identity:[com.DefaultCompany.NeonDrift/Invalid/[system-defined]] uuid:DFDABEE0-6714-4011-AB40-9DBF8F1EDA5A creator:InstallCoordination Simple SPI>: Calling selector coordinator:didUpdateProgress:forPhase:overallProgress: on observer <_IXSimpleInstallerDelegate 0x0x101af4150>
2026-06-25 14:37:29.097 Df CoreSimulatorBridge[37585:3b7adc] [com.apple.installcoordination:framework] -[IXAppInstallCoordinator _clientDelegate_didUpdateProgress:forPhase:overallProgress:]: <IXUpdatingAppInstallCoordinator<0x101872cc0> identity:[com.DefaultCompany.NeonDrift/Invalid/[system-defined]] uuid:DFDABEE0-6714-4011-AB40-9DBF8F1EDA5A creator:InstallCoordination Simple SPI>: Got did update progress delegate with percentComplete 20.000000 phase IXCoordinatorProgressPhaseInstalling overallProgress 68.000000
2026-06-25 14:37:29.097 Df CoreSimulatorBridge[37585:36d360] [com.apple.installcoordination:framework] -[IXAppInstallCoordinator _clientDelegate_didUpdateProgress:forPhase:overallProgress:]_block_invoke: <IXUpdatingAppInstallCoordinator<0x101872cc0> identity:[com.DefaultCompany.NeonDrift/Invalid/[system-defined]] uuid:DFDABEE0-6714-4011-AB40-9DBF8F1EDA5A creator:InstallCoordination Simple SPI>: Calling selector coordinator:didUpdateProgress:forPhase:overallProgress: on observer <_IXSimpleInstallerDelegate 0x0x101af4150>
2026-06-25 14:37:29.097 Df CoreSimulatorBridge[37585:36d360] [com.apple.installcoordination:framework] -[IXAppInstallCoordinator _clientDelegate_didUpdateProgress:forPhase:overallProgress:]_block_invoke: <IXUpdatingAppInstallCoordinator<0x101872cc0> identity:[com.DefaultCompany.NeonDrift/Invalid/[system-defined]] uuid:DFDABEE0-6714-4011-AB40-9DBF8F1EDA5A creator:InstallCoordination Simple SPI>: Calling selector coordinator:didUpdateProgress:forPhase:overallProgress: on observer <_IXSimpleInstallerDelegate 0x0x101af4150>
2026-06-25 14:37:29.098 Df SpringBoard[37555:1ef98e] [com.apple.launchservices:progress] Got progress <NSProgress: com.DefaultCompany.NeonDrift phase=InstallingPlaceholder; state=Finished; finalPhase=Installing; fractionCompleted=0.000000> for app com.DefaultCompany.NeonDrift,
2026-06-25 14:37:29.098 Df installd[37685:3b77ef] [com.apple.containermanager:xpc] Query; euid = 501, uid = 501, class = 1, identifier = [com.DefaultCompany.NeonDrift](1), flags = 300000002
2026-06-25 14:37:29.099 Df installd[37685:3b77ef] [com.apple.containermanager:xpc] Query; euid = 501, uid = 501, class = 1, identifier = [com.DefaultCompany.NeonDrift](1), flags = 300000002
2026-06-25 14:37:29.099 Df PosterBoard[37627:3b76bd] [com.apple.launchservices:appinstallation] LaunchServices observer: InstallsStarted (
    "<LSApplicationProxy: 0x1082a0c00> com.DefaultCompany.NeonDrift file:///Users/dragonkao/Library/Developer/CoreSimulator/Devices/115FDF0C-5A2F-4686-909B-7F43F1450A28/data/Containers/Bundle/Application/AA9CB47B-6CD6-4A88-BCA9-5C89A1042E16/com.apple.mobileinstallation.placeholder/ <com.DefaultCompany.NeonDrift <placeholder >:1>"
)
2026-06-25 14:37:29.099 Df PosterBoard[37627:3b76bd] [com.apple.launchservices:appinstallation] LaunchServices observer: MetadataUpdate (
    "com.DefaultCompany.NeonDrift"
)
2026-06-25 14:37:29.100 Df appprotectiond[37573:3b7698] [com.apple.appprotection:server] Received distnoted event <dictionary: 0x103508000> { count = 3, transaction: 0, voucher = 0x103549220, contents =
	"UserInfo" => <dictionary: 0x103435680> { count = 2, transaction: 0, voucher = 0x0, contents =
		"isPlaceholder" => <bool: 0x1e6e64540>: true
		"bundleIDs" => <array: 0x10343f840> { count = 1, capacity = 1, contents =
			0: <string: 0x10343db30> { string cache = 0x0, length = 28, contents = "com.DefaultCompany.NeonDrift" }
		}
	}
	"Name" => <string: 0x10343fc60> { string cache = 0x0, length = 46, contents = "com.apple.LaunchServices.applicationRegistered" }
	"XPCEventName" => <string: 0x10343dfb0> { string cache = 0x0, length = 21, contents = "ApplicationRegistered" }
}
2026-06-25 14:37:29.100 Df appprotectiond[37573:3b7698] [com.apple.appprotection:server] received note: name = com.apple.LaunchServices.applicationRegistered, object = Optional(AppProtection.DistnotedXPCEventStreamTranslator), userInfo = Optional([AnyHashable("isPlaceholder"): 1, AnyHashable("bundleIDs"): <__NSSingleObjectArrayI 0x1036141e0>(
com.DefaultCompany.NeonDrift
)
])
2026-06-25 14:37:29.100 Df appprotectiond[37573:3b7698] [com.apple.appprotection:server] Received distnoted event <dictionary: 0x103508000> { count = 3, transaction: 0, voucher = 0x1035492c0, contents =
	"UserInfo" => <dictionary: 0x103435680> { count = 2, transaction: 0, voucher = 0x0, contents =
		"isPlaceholder" => <bool: 0x1e6e64540>: true
		"bundleIDs" => <array: 0x10343f840> { count = 1, capacity = 1, contents =
			0: <string: 0x10343db30> { string cache = 0x0, length = 28, contents = "com.DefaultCompany.NeonDrift" }
		}
	}
	"Name" => <string: 0x10343fc60> { string cache = 0x0, length = 46, contents = "com.apple.LaunchServices.applicationRegistered" }
	"XPCEventName" => <string: 0x10343dfb0> { string cache = 0x0, length = 21, contents = "ApplicationRegistered" }
}
2026-06-25 14:37:29.100 Df appprotectiond[37573:3b7698] [com.apple.appprotection:server] received note: name = com.apple.LaunchServices.applicationRegistered, object = Optional(AppProtection.DistnotedXPCEventStreamTranslator), userInfo = Optional([AnyHashable("isPlaceholder"): 1, AnyHashable("bundleIDs"): <__NSSingleObjectArrayI 0x1036141e0>(
com.DefaultCompany.NeonDrift
)
])
2026-06-25 14:37:29.100 Df appprotectiond[37573:3b7698] [com.apple.appprotection:server] processing settings authority event: SettingsAuthorityEvent.promotePreferenceFromProvisionalForApplication(com.DefaultCompany.NeonDrift)
2026-06-25 14:37:29.101 Df appprotectiond[37573:3b7698] [com.apple.appprotection:server] processing settings authority event: SettingsAuthorityEvent.promotePreferenceFromProvisionalForApplication(com.DefaultCompany.NeonDrift)
2026-06-25 14:37:29.101 Df installd[37685:3b77ef] [com.apple.containermanager:xpc] Query; euid = 501, uid = 501, class = 1, identifier = [com.DefaultCompany.NeonDrift](1), flags = 300000002
2026-06-25 14:37:29.101 Df installcoordinationd[37614:3b7adf] [com.apple.installcoordination:daemon] -[IXSCoordinatorProgress setTotalUnitsCompleted:]: Progress for coordinator: [com.DefaultCompany.NeonDrift/Invalid/[system-defined]], Phase: IXCoordinatorProgressPhaseInstalling, Percentage: 20.000000: Attempt to set units completed on finished progress: 20
2026-06-25 14:37:29.101 Df installd[37685:3b77ef] [com.apple.containermanager:xpc] Query; euid = 501, uid = 501, class = 1, identifier = [com.DefaultCompany.NeonDrift](1), flags = 300000002
2026-06-25 14:37:29.103 Df installd[37685:3b77ef] (MobileSystemServices) 0x16d63b000 -[MIInstaller _installInstallable:containingSymlink:error:]: Installing <MIInstallableBundle ID=com.DefaultCompany.NeonDrift; Persona=com.apple.containermanager.primary-persona, Version=0, ShortVersion=1.0>
2026-06-25 14:37:29.103 Df installd[37685:3b77ef] [com.apple.appinstallation:TransactionLog] com.DefaultCompany.NeonDrift/com.apple.containermanager.primary-persona:7:1:1:1:Start : Install (Patch Update)
2026-06-25 14:37:29.104 Df installd[37685:3b77ef] (MobileSystemServices) 0x16d63b000 -[MIInstallable applyPatchWithError:]: Attempting Delta patch update of com.DefaultCompany.NeonDrift from 0 (1.0) to 0 (1.0)
2026-06-25 14:37:29.104 Df CoreSimulatorBridge[37585:3b7adc] [com.apple.installcoordination:framework] -[IXAppInstallCoordinator _clientDelegate_didUpdateProgress:forPhase:overallProgress:]: <IXUpdatingAppInstallCoordinator<0x101872cc0> identity:[com.DefaultCompany.NeonDrift/Invalid/[system-defined]] uuid:DFDABEE0-6714-4011-AB40-9DBF8F1EDA5A creator:InstallCoordination Simple SPI>: Got did update progress delegate with percentComplete 30.000000 phase IXCoordinatorProgressPhaseInstalling overallProgress 72.000000
2026-06-25 14:37:29.104 Df CoreSimulatorBridge[37585:3b7adc] [com.apple.installcoordination:framework] -[IXAppInstallCoordinator _clientDelegate_didUpdateProgress:forPhase:overallProgress:]: <IXUpdatingAppInstallCoordinator<0x101872cc0> identity:[com.DefaultCompany.NeonDrift/Invalid/[system-defined]] uuid:DFDABEE0-6714-4011-AB40-9DBF8F1EDA5A creator:InstallCoordination Simple SPI>: Got did update progress delegate with percentComplete 35.000000 phase IXCoordinatorProgressPhaseInstalling overallProgress 74.000000
2026-06-25 14:37:29.104 Df CoreSimulatorBridge[37585:36d360] [com.apple.installcoordination:framework] -[IXAppInstallCoordinator _clientDelegate_didUpdateProgress:forPhase:overallProgress:]_block_invoke: <IXUpdatingAppInstallCoordinator<0x101872cc0> identity:[com.DefaultCompany.NeonDrift/Invalid/[system-defined]] uuid:DFDABEE0-6714-4011-AB40-9DBF8F1EDA5A creator:InstallCoordination Simple SPI>: Calling selector coordinator:didUpdateProgress:forPhase:overallProgress: on observer <_IXSimpleInstallerDelegate 0x0x101af4150>
2026-06-25 14:37:29.104 Df CoreSimulatorBridge[37585:36d360] [com.apple.installcoordination:framework] -[IXAppInstallCoordinator _clientDelegate_didUpdateProgress:forPhase:overallProgress:]_block_invoke: <IXUpdatingAppInstallCoordinator<0x101872cc0> identity:[com.DefaultCompany.NeonDrift/Invalid/[system-defined]] uuid:DFDABEE0-6714-4011-AB40-9DBF8F1EDA5A creator:InstallCoordination Simple SPI>: Calling selector coordinator:didUpdateProgress:forPhase:overallProgress: on observer <_IXSimpleInstallerDelegate 0x0x101af4150>
2026-06-25 14:37:29.108 Df siriactionsd[37618:3b7b80] [com.apple.shortcuts:Daemon] Dispatching XPC event: <distributed notification: com.apple.LaunchServices.applicationRegistered, userInfo: [AnyHashable("bundleIDs"): <__NSSingleObjectArrayI 0x1059d6eb0>(
com.DefaultCompany.NeonDrift
)
, AnyHashable("isPlaceholder"): 1]>
2026-06-25 14:37:29.108 Df siriactionsd[37618:3b7b80] [com.apple.shortcuts:XPCEvent] Dispatching XPC event: <distributed notification: com.apple.LaunchServices.applicationRegistered, userInfo: [AnyHashable("bundleIDs"): <__NSSingleObjectArrayI 0x1059d6eb0>(
com.DefaultCompany.NeonDrift
)
, AnyHashable("isPlaceholder"): 1]>
2026-06-25 14:37:29.108 Df siriactionsd[37618:3b7b80] [com.apple.shortcuts:Daemon] Firing event: <distributed notification: com.apple.LaunchServices.applicationRegistered, userInfo: [AnyHashable("bundleIDs"): <__NSSingleObjectArrayI 0x1059d6eb0>(
com.DefaultCompany.NeonDrift
)
, AnyHashable("isPlaceholder"): 1]>
2026-06-25 14:37:29.108 E  siriactionsd[37618:3b7b80] [com.apple.shortcuts:Daemon] Received an event that we do not have a DaemonTask for: <distributed notification: com.apple.LaunchServices.applicationRegistered, userInfo: [AnyHashable("bundleIDs"): <__NSSingleObjectArrayI 0x1059d6eb0>(
com.DefaultCompany.NeonDrift
)
, AnyHashable("isPlaceholder"): 1]>. This is a serious programming error that might lead to missed messages and stuck streams.
2026-06-25 14:37:29.110 Df SpringBoard[37555:1ef98e] [com.apple.frontboard.ApplicationLibrary:sb.placeholder] App placeholder proxies added: (
    "<SBApplicationPlaceholderProxy: 0x10a455d00; com.DefaultCompany.NeonDrift (NeonDrift); LSInstallType: StoreDownload>"
), currentlyKnownExistingPlaceholders: {
}
2026-06-25 14:37:29.110 Df SpringBoard[37555:1ef98e] [com.apple.appinstallation:TransactionLog] com.DefaultCompany.NeonDrift/Unknown Persona:10:0:1:1:Placeholder add BEGIN
2026-06-25 14:37:29.111 Df SpringBoard[37555:1ef98e] [com.apple.SpringBoard:Icon] <<SBLeafIcon:0x10a534000 [com.DefaultCompany.NeonDrift]>> Changing active data source: <SBApplicationIcon: 0x10a534000; nodeID: com.DefaultCompany.NeonDrift; bundleID: com.DefaultCompany.NeonDrift>
2026-06-25 14:37:29.111 Df SpringBoard[37555:1ef98e] [com.apple.SpringBoard:Icon] <<SBLeafIcon:0x10a534000 [com.DefaultCompany.NeonDrift]>> Changing from data souce: com.DefaultCompany.NeonDrift to data source:com.DefaultCompany.NeonDrift.
2026-06-25 14:37:29.111 Df liveactivitiesd[37608:1efa85] [com.apple.launchservices:progress] Got progress <NSProgress: com.DefaultCompany.NeonDrift phase=Installing; state=Active; finalPhase=Installing; fractionCompleted=0.600000> for app com.DefaultCompany.NeonDrift,
2026-06-25 14:37:29.112 Df liveactivitiesd[37608:3b7b90] [com.apple.launchservices:progress] #LSInstallProgressList add subscriber: <_NSProgressSubscriber: 0x101be86f0> publishingString: com.DefaultCompany.NeonDrift
2026-06-25 14:37:29.112 Df liveactivitiesd[37608:3b7b90] [com.apple.launchservices:progress] Subscribing to progress for app com.DefaultCompany.NeonDrift,
2026-06-25 14:37:29.112 Df SpringBoard[37555:1ef98e] [com.apple.appinstallation:TransactionLog] com.DefaultCompany.NeonDrift/Unknown Persona:10:1:3:1:Created icon for placeholder.
2026-06-25 14:37:29.112 Df SpringBoard[37555:1ef98e] [com.apple.frontboard.ApplicationLibrary:sb.placeholder] Placeholders added: (
    "<SBApplicationPlaceholder: 0x1226466d0; bundleIdentifier: com.DefaultCompany.NeonDrift; displayName: NeonDrift; progress: 60%; state: Installing; canPromote?: YES>"
), modified: (
), removed: (null)
2026-06-25 14:37:29.112 Df SpringBoard[37555:1ef98e] [com.apple.SpringBoard:Common] termination assertion acquired for com.DefaultCompany.NeonDrift
2026-06-25 14:37:29.114 Df PosterBoard[37627:3b76bd] [com.apple.launchservices:appinstallation] LaunchServices observer: InstallsStarted (
    "<LSApplicationProxy: 0x1082a0780> com.DefaultCompany.NeonDrift file:///Users/dragonkao/Library/Developer/CoreSimulator/Devices/115FDF0C-5A2F-4686-909B-7F43F1450A28/data/Containers/Bundle/Application/AA9CB47B-6CD6-4A88-BCA9-5C89A1042E16/com.apple.mobileinstallation.placeholder/ <com.DefaultCompany.NeonDrift <placeholder >:1>"
)
2026-06-25 14:37:29.114 Df PosterBoard[37627:3b76bd] [com.apple.launchservices:appinstallation] LaunchServices observer: Will install (
    "<LSApplicationProxy: 0x1082a1500> com.DefaultCompany.NeonDrift file:///Users/dragonkao/Library/Developer/CoreSimulator/Devices/115FDF0C-5A2F-4686-909B-7F43F1450A28/data/Containers/Bundle/Application/AA9CB47B-6CD6-4A88-BCA9-5C89A1042E16/NeonDrift.app/ <com.DefaultCompany.NeonDrift <installed >:0>"
)
2026-06-25 14:37:29.115 Df dmd[37628:1efc31] Received xpc stream event (distributed notification matching) with name: com.apple.LaunchServices.applicationRegistered user info: {
    bundleIDs =     (
        "com.DefaultCompany.NeonDrift"
    );
    isPlaceholder = 1;
}
2026-06-25 14:37:29.125 Df runningboardd[37558:3b7ae1] [com.apple.runningboard:process] Checking PreventLaunch: global:0 exPath:(null) predicates:{(
    <RBSProcessPredicate <RBSProcessBundleIdentifierPredicate "com.DefaultCompany.NeonDrift">>
)} allow:(null)
2026-06-25 14:37:29.125 Df installd[37685:3b77ef] [com.apple.containermanager:query] Query; euid = 501, uid = 501, class = 4, identifier = [com.DefaultCompany.NeonDrift](1), flags = 300000002
2026-06-25 14:37:29.126 Df CoreSimulatorBridge[37585:3b7adc] [com.apple.installcoordination:framework] -[IXAppInstallCoordinator _clientDelegate_didUpdateProgress:forPhase:overallProgress:]: <IXUpdatingAppInstallCoordinator<0x101872cc0> identity:[com.DefaultCompany.NeonDrift/Invalid/[system-defined]] uuid:DFDABEE0-6714-4011-AB40-9DBF8F1EDA5A creator:InstallCoordination Simple SPI>: Got did update progress delegate with percentComplete 40.000000 phase IXCoordinatorProgressPhaseInstalling overallProgress 76.000000
2026-06-25 14:37:29.126 Df CoreSimulatorBridge[37585:3b7adc] [com.apple.installcoordination:framework] -[IXAppInstallCoordinator _clientDelegate_didUpdateProgress:forPhase:overallProgress:]_block_invoke: <IXUpdatingAppInstallCoordinator<0x101872cc0> identity:[com.DefaultCompany.NeonDrift/Invalid/[system-defined]] uuid:DFDABEE0-6714-4011-AB40-9DBF8F1EDA5A creator:InstallCoordination Simple SPI>: Calling selector coordinator:didUpdateProgress:forPhase:overallProgress: on observer <_IXSimpleInstallerDelegate 0x0x101af4150>
2026-06-25 14:37:29.126 Df installd[37685:3b77ef] [com.apple.containermanager:query] Query; euid = 501, uid = 501, class = 4, identifier = [com.DefaultCompany.NeonDrift](1), flags = 300000002
2026-06-25 14:37:29.126 Df SpringBoard[37555:1ef98e] [com.apple.appinstallation:TransactionLog] com.DefaultCompany.NeonDrift/Unknown Persona:10:2:3:1:Reloading icon image.
2026-06-25 14:37:29.126 Df installd[37685:3b77ef] [com.apple.containermanager:xpc] Query; euid = 501, uid = 501, class = 1, identifier = [com.DefaultCompany.NeonDrift](1), flags = 300000003
2026-06-25 14:37:29.126 Df CoreSimulatorBridge[37585:3b7adc] [com.apple.installcoordination:framework] -[IXAppInstallCoordinator _clientDelegate_didUpdateProgress:forPhase:overallProgress:]: <IXUpdatingAppInstallCoordinator<0x101872cc0> identity:[com.DefaultCompany.NeonDrift/Invalid/[system-defined]] uuid:DFDABEE0-6714-4011-AB40-9DBF8F1EDA5A creator:InstallCoordination Simple SPI>: Got did update progress delegate with percentComplete 50.000000 phase IXCoordinatorProgressPhaseInstalling overallProgress 80.000000
2026-06-25 14:37:29.126 Df CoreSimulatorBridge[37585:3b7adc] [com.apple.installcoordination:framework] -[IXAppInstallCoordinator _clientDelegate_didUpdateProgress:forPhase:overallProgress:]_block_invoke: <IXUpdatingAppInstallCoordinator<0x101872cc0> identity:[com.DefaultCompany.NeonDrift/Invalid/[system-defined]] uuid:DFDABEE0-6714-4011-AB40-9DBF8F1EDA5A creator:InstallCoordination Simple SPI>: Calling selector coordinator:didUpdateProgress:forPhase:overallProgress: on observer <_IXSimpleInstallerDelegate 0x0x101af4150>
2026-06-25 14:37:29.127 E  containermanagerd_system[37598:36eb39] [com.apple.containermanager:schema] [com.DefaultCompany.NeonDrift(1)] Current schema version (1) is newer than the latest (0), ignoring.
2026-06-25 14:37:29.127 Df containermanagerd_system[37598:36eb39] [com.apple.containermanager:schema] [u F3A602F2-E020-4158-A981-C50165BB675D:p C316DDC2-569A-43BF-B592-E49D01AF3642:c com.DefaultCompany.NeonDrift(1):i29700525] Successfully updated schema from (0) → (0), actions count = 0
2026-06-25 14:37:29.128 Df installd[37685:3b77ef] [com.apple.containermanager:xpc] Query; euid = 501, uid = 501, class = 1, identifier = [com.DefaultCompany.NeonDrift](1), flags = 300000002
2026-06-25 14:37:29.129 Df CoreSimulatorBridge[37585:36d360] [com.apple.installcoordination:framework] -[IXAppInstallCoordinator _clientDelegate_didUpdateProgress:forPhase:overallProgress:]: <IXUpdatingAppInstallCoordinator<0x101872cc0> identity:[com.DefaultCompany.NeonDrift/Invalid/[system-defined]] uuid:DFDABEE0-6714-4011-AB40-9DBF8F1EDA5A creator:InstallCoordination Simple SPI>: Got did update progress delegate with percentComplete 60.000000 phase IXCoordinatorProgressPhaseInstalling overallProgress 84.000000
2026-06-25 14:37:29.129 Df CoreSimulatorBridge[37585:36d360] [com.apple.installcoordination:framework] -[IXAppInstallCoordinator _clientDelegate_didUpdateProgress:forPhase:overallProgress:]_block_invoke: <IXUpdatingAppInstallCoordinator<0x101872cc0> identity:[com.DefaultCompany.NeonDrift/Invalid/[system-defined]] uuid:DFDABEE0-6714-4011-AB40-9DBF8F1EDA5A creator:InstallCoordination Simple SPI>: Calling selector coordinator:didUpdateProgress:forPhase:overallProgress: on observer <_IXSimpleInstallerDelegate 0x0x101af4150>
2026-06-25 14:37:29.130 Df installd[37685:3b77ef] [com.apple.containermanager:query] Query; euid = 501, uid = 501, class = 2, identifier = [com.DefaultCompany.NeonDrift](1), flags = 300000003
2026-06-25 14:37:29.130 Df CoreSimulatorBridge[37585:3b7adc] [com.apple.installcoordination:framework] -[IXAppInstallCoordinator _clientDelegate_didUpdateProgress:forPhase:overallProgress:]: <IXUpdatingAppInstallCoordinator<0x101872cc0> identity:[com.DefaultCompany.NeonDrift/Invalid/[system-defined]] uuid:DFDABEE0-6714-4011-AB40-9DBF8F1EDA5A creator:InstallCoordination Simple SPI>: Got did update progress delegate with percentComplete 70.000000 phase IXCoordinatorProgressPhaseInstalling overallProgress 88.000000
2026-06-25 14:37:29.130 Df CoreSimulatorBridge[37585:3b7adc] [com.apple.installcoordination:framework] -[IXAppInstallCoordinator _clientDelegate_didUpdateProgress:forPhase:overallProgress:]_block_invoke: <IXUpdatingAppInstallCoordinator<0x101872cc0> identity:[com.DefaultCompany.NeonDrift/Invalid/[system-defined]] uuid:DFDABEE0-6714-4011-AB40-9DBF8F1EDA5A creator:InstallCoordination Simple SPI>: Calling selector coordinator:didUpdateProgress:forPhase:overallProgress: on observer <_IXSimpleInstallerDelegate 0x0x101af4150>
2026-06-25 14:37:29.131 Df installd[37685:3b77ef] [com.apple.containermanager:query] Query; euid = 501, uid = 501, class = 2, identifier = [com.DefaultCompany.NeonDrift](1), flags = 300000002
2026-06-25 14:37:29.138 Df CoreSimulatorBridge[37585:36d360] [com.apple.installcoordination:framework] -[IXAppInstallCoordinator _clientDelegate_didUpdateProgress:forPhase:overallProgress:]: <IXUpdatingAppInstallCoordinator<0x101872cc0> identity:[com.DefaultCompany.NeonDrift/Invalid/[system-defined]] uuid:DFDABEE0-6714-4011-AB40-9DBF8F1EDA5A creator:InstallCoordination Simple SPI>: Got did update progress delegate with percentComplete 80.000000 phase IXCoordinatorProgressPhaseInstalling overallProgress 92.000000
2026-06-25 14:37:29.139 Df CoreSimulatorBridge[37585:36d360] [com.apple.installcoordination:framework] -[IXAppInstallCoordinator _clientDelegate_didUpdateProgress:forPhase:overallProgress:]_block_invoke: <IXUpdatingAppInstallCoordinator<0x101872cc0> identity:[com.DefaultCompany.NeonDrift/Invalid/[system-defined]] uuid:DFDABEE0-6714-4011-AB40-9DBF8F1EDA5A creator:InstallCoordination Simple SPI>: Calling selector coordinator:didUpdateProgress:forPhase:overallProgress: on observer <_IXSimpleInstallerDelegate 0x0x101af4150>
2026-06-25 14:37:29.139 Df installd[37685:3b77ef] (MobileSystemServices) 0x16d63b000 -[MIInstallationJournalEntry _refreshUUIDForContainer:withError:]: Data container for com.DefaultCompany.NeonDrift is now at /Users/dragonkao/Library/Developer/CoreSimulator/Devices/115FDF0C-5A2F-4686-909B-7F43F1450A28/data/Containers/Data/Application/5A807E9E-A58C-4735-9B0A-ADBD0D5FCF95
2026-06-25 14:37:29.140 Df containermanagerd[37611:1f0f6f] [com.apple.containermanager:schema] [u D36396A6-75F9-4E1F-9D12-31A3BA08393A:p 5A807E9E-A58C-4735-9B0A-ADBD0D5FCF95:c com.DefaultCompany.NeonDrift(2):i0] Successfully updated schema from (0) → (1), actions count = 6
2026-06-25 14:37:29.140 Df installd[37685:3b77ef] [com.apple.containermanager:unspecified] Replace; old = [app:com.DefaultCompany.NeonDrift:501::(19A38CA9-9CDA-46BB-9EAB-89EFC7D7CD4C)], new = [temp-app:com.DefaultCompany.NeonDrift:501::(F3A602F2-E020-4158-A981-C50165BB675D)]
2026-06-25 14:37:29.143 Df installd[37685:3b77ef] [com.apple.containermanager:xpc] Query; euid = 501, uid = 501, class = 1, identifier = [com.DefaultCompany.NeonDrift](1), flags = 300000002
2026-06-25 14:37:29.144 Df installd[37685:3b77ef] (MobileSystemServices) 0x16d63b000 -[MIContainer makeContainerLiveReplacingContainer:reason:waitForDeletion:withError:]: Made container live for com.DefaultCompany.NeonDrift at /Users/dragonkao/Library/Developer/CoreSimulator/Devices/115FDF0C-5A2F-4686-909B-7F43F1450A28/data/Containers/Bundle/Application/E20C05D3-F661-400E-8190-BD3E49616B56
2026-06-25 14:37:29.144 Df installd[37685:3b77ef] [com.apple.containermanager:xpc] Query; euid = 501, uid = 501, class = 1, identifier = [com.DefaultCompany.NeonDrift](1), flags = 300000002
2026-06-25 14:37:29.146 Df CoreSimulatorBridge[37585:3b7adc] [com.apple.installcoordination:framework] -[IXAppInstallCoordinator _clientDelegate_didUpdateProgress:forPhase:overallProgress:]: <IXUpdatingAppInstallCoordinator<0x101872cc0> identity:[com.DefaultCompany.NeonDrift/Invalid/[system-defined]] uuid:DFDABEE0-6714-4011-AB40-9DBF8F1EDA5A creator:InstallCoordination Simple SPI>: Got did update progress delegate with percentComplete 90.000000 phase IXCoordinatorProgressPhaseInstalling overallProgress 96.000000
2026-06-25 14:37:29.146 Df CoreSimulatorBridge[37585:3b7adc] [com.apple.installcoordination:framework] -[IXAppInstallCoordinator _clientDelegate_didUpdateProgress:forPhase:overallProgress:]_block_invoke: <IXUpdatingAppInstallCoordinator<0x101872cc0> identity:[com.DefaultCompany.NeonDrift/Invalid/[system-defined]] uuid:DFDABEE0-6714-4011-AB40-9DBF8F1EDA5A creator:InstallCoordination Simple SPI>: Calling selector coordinator:didUpdateProgress:forPhase:overallProgress: on observer <_IXSimpleInstallerDelegate 0x0x101af4150>
2026-06-25 14:37:29.146 Df installd[37685:3b77ef] [com.apple.containermanager:unspecified] Requesting disk usage; class = 1, identifier = com.DefaultCompany.NeonDrift
2026-06-25 14:37:29.147 Df installd[37685:3b77ef] [com.apple.containermanager:query] Query; euid = 501, uid = 501, class = 7, identifier = [com.DefaultCompany.NeonDrift](1), flags = 300000001
2026-06-25 14:37:29.148 Df SpringBoard[37555:1ef98e] [com.apple.SpringBoard:Common] termination assertion released for com.DefaultCompany.NeonDrift
2026-06-25 14:37:29.150 Df installd[37685:3b77ef] (MobileSystemServices) 0x16d63b000 -[MILaunchServicesOperationManager _onQueue_addPendingLaunchServicesOperation:error:]: Added pending LS operation <MILaunchServicesRegisterOperation: C49289CF-5802-4479-BAB4-C16186A93F32:68 com.DefaultCompany.NeonDrift/MIInstallationDomainSystemShared personas:[com.apple.containermanager.primary-persona]>
2026-06-25 14:37:29.150 Df lsd[37604:3b7b6a] [com.apple.launchservices:appinstallation] Post installation registration: request to register com.DefaultCompany.NeonDrift, operation C49289CF-5802-4479-BAB4-C16186A93F32, from pid 37685
2026-06-25 14:37:29.150 Df lsd[37604:3b7b6a] [com.apple.appinstallation:TransactionLog] com.DefaultCompany.NeonDrift/Unknown Persona:5:4:1:1:Registering bundles via registrant - start
2026-06-25 14:37:29.152 Df lsd[37604:3b7b6a] [com.apple.appinstallation:TransactionLog] com.DefaultCompany.NeonDrift/Unknown Persona:5:5:1:1:Building bundle record for app
2026-06-25 14:37:29.152 Df lsd[37604:3b7b6a] [com.apple.launchservices:appinstallation] Removed existing registered placeholder for com.DefaultCompany.NeonDrift
2026-06-25 14:37:29.152 Df lsd[37604:3b7b6a] [com.apple.launchservices:appinstallation] Removed existing registered bundle for com.DefaultCompany.NeonDrift
2026-06-25 14:37:29.152 Df lsd[37604:3b7b6a] [com.apple.appinstallation:TransactionLog] com.DefaultCompany.NeonDrift/Unknown Persona:5:5:2:1:Built bundle record for app
2026-06-25 14:37:29.152 Df lsd[37604:3b7b6a] [com.apple.launchservices:icons] clearAlternateNameForBundleIdentifier: won't clear for com.DefaultCompany.NeonDrift
2026-06-25 14:37:29.152 Df lsd[37604:3b7b6a] [com.apple.appinstallation:TransactionLog] com.DefaultCompany.NeonDrift/Unknown Persona:5:4:2:1:Registered bundle status = success
2026-06-25 14:37:29.152 Df lsd[37604:3b7b6a] [com.apple.appinstallation:TransactionLog] com.DefaultCompany.NeonDrift/Unknown Persona:5:4:2:1:Finished registering com.DefaultCompany.NeonDrift, bundle unit 4c4
2026-06-25 14:37:29.152 Df lsd[37604:3b7b69] [com.apple.launchservices:progress] Installation ended for com.DefaultCompany.NeonDrift with state 5
2026-06-25 14:37:29.153 Df lsd[37604:3b7b69] [com.apple.launchservices:progress] Discarding proportions for com.DefaultCompany.NeonDrift
2026-06-25 14:37:29.153 Df lsd[37604:3b7b6a] [com.apple.launchservices:progress] Sending applicationsDidInstall: for (
    "<LSApplicationProxy: 0x1056fc000> com.DefaultCompany.NeonDrift file:///Users/dragonkao/Library/Developer/CoreSimulator/Devices/115FDF0C-5A2F-4686-909B-7F43F1450A28/data/Containers/Bundle/Application/E20C05D3-F661-400E-8190-BD3E49616B56/NeonDrift.app/ <com.DefaultCompany.NeonDrift <installed >:0>"
)
2026-06-25 14:37:29.153 Df installd[37685:3b77ef] (MobileSystemServices) 0x16d63b000 -[MIJournal purgeJournalEntry:withError:]: Removing journal entry <MIInstallationJournalEntry<0x1038b03c0> [com.DefaultCompany.NeonDrift/com.apple.containermanager.primary-persona/[system-defined]]/MIInstallationDomainSystemShared op:1 phase:JournalPhaseDidRegisterWithLS version:0>
2026-06-25 14:37:29.153 Df SpringBoard[37555:1ef98e] [com.apple.launchservices:progress] Unpublishing progress block called for app com.DefaultCompany.NeonDrift
2026-06-25 14:37:29.153 Df liveactivitiesd[37608:1efa85] [com.apple.launchservices:progress] Unpublishing progress block called for app com.DefaultCompany.NeonDrift
2026-06-25 14:37:29.153 Df liveactivitiesd[37608:3b7b90] [com.apple.launchservices:progress] #LSInstallProgressList remove subscriber: <_NSProgressSubscriber: 0x101be86f0> publishingString: com.DefaultCompany.NeonDrift
2026-06-25 14:37:29.153 Df installd[37685:3b77ef] [com.apple.appinstallation:TransactionLog] com.DefaultCompany.NeonDrift/com.apple.containermanager.primary-persona:7:1:2:1:Success (End) : Install (Patch Update)
2026-06-25 14:37:29.153 Df SpringBoard[37555:3b7b2d] [com.apple.launchservices:progress] #LSInstallProgressList remove subscriber: <_NSProgressSubscriber: 0x122647a80> publishingString: com.DefaultCompany.NeonDrift
2026-06-25 14:37:29.153 Df installd[37685:3b77ef] (MobileSystemServices) 0x16d63b000 -[MIInstaller _logOperationCompletionWithStartTime:distributorID:]: Install successful for (Developer:com.DefaultCompany.NeonDrift) [Distributor: (null)]; Staging: 0.00s; Waiting: 0.00s; Preflight/Patch: 0.02s, Verifying: 0.00s; Overall: 0.06s
2026-06-25 14:37:29.154 Df callservicesd[37622:3b7b3b] [com.apple.launchservices:appinstallation] Received applicationsDidInstall:(
    "<LSApplicationProxy: 0x108e39140> com.DefaultCompany.NeonDrift file:///Users/dragonkao/Library/Developer/CoreSimulator/Devices/115FDF0C-5A2F-4686-909B-7F43F1450A28/data/Containers/Bundle/Application/E20C05D3-F661-400E-8190-BD3E49616B56/NeonDrift.app/ <com.DefaultCompany.NeonDrift <installed >:0>"
)
2026-06-25 14:37:29.154 Df passd[37584:3b7b6d] [com.apple.launchservices:appinstallation] Received applicationsDidInstall:(
    "<LSApplicationProxy: 0x1088ad980> com.DefaultCompany.NeonDrift file:///Users/dragonkao/Library/Developer/CoreSimulator/Devices/115FDF0C-5A2F-4686-909B-7F43F1450A28/data/Containers/Bundle/Application/E20C05D3-F661-400E-8190-BD3E49616B56/NeonDrift.app/ <com.DefaultCompany.NeonDrift <installed >:0>"
)
2026-06-25 14:37:29.154 Df appstored[37723:3b7b6c] [com.apple.launchservices:appinstallation] Received applicationsDidInstall:(
    "<LSApplicationProxy: 0x1042d4000> com.DefaultCompany.NeonDrift file:///Users/dragonkao/Library/Developer/CoreSimulator/Devices/115FDF0C-5A2F-4686-909B-7F43F1450A28/data/Containers/Bundle/Application/E20C05D3-F661-400E-8190-BD3E49616B56/NeonDrift.app/ <com.DefaultCompany.NeonDrift <installed >:0>"
)
2026-06-25 14:37:29.154 Df runningboardd[37558:3b6195] [com.apple.launchservices:appinstallation] Received applicationsDidInstall:(
    "<LSApplicationProxy: 0x109998000> com.DefaultCompany.NeonDrift file:///Users/dragonkao/Library/Developer/CoreSimulator/Devices/115FDF0C-5A2F-4686-909B-7F43F1450A28/data/Containers/Bundle/Application/E20C05D3-F661-400E-8190-BD3E49616B56/NeonDrift.app/ <com.DefaultCompany.NeonDrift <installed >:0>"
)
2026-06-25 14:37:29.154 Df installcoordinationd[37614:3b7adf] [com.apple.installcoordination:daemon] -[IXSPendingOperationsTracker endPendingOperationForIdentity:]_block_invoke: Ending pending operation for [com.DefaultCompany.NeonDrift/Invalid/[system-defined]]
2026-06-25 14:37:29.154 Df routined[37563:3b76c8] [com.apple.launchservices:appinstallation] Received applicationsDidInstall:(
    "<LSApplicationProxy: 0x1057b09c0> com.DefaultCompany.NeonDrift file:///Users/dragonkao/Library/Developer/CoreSimulator/Devices/115FDF0C-5A2F-4686-909B-7F43F1450A28/data/Containers/Bundle/Application/E20C05D3-F661-400E-8190-BD3E49616B56/NeonDrift.app/ <com.DefaultCompany.NeonDrift <installed >:0>"
)
2026-06-25 14:37:29.154 Df activitysharingd[37941:3b7b6e] [com.apple.launchservices:appinstallation] Received applicationsDidInstall:(
    "<LSApplicationProxy: 0x1041b0e40> com.DefaultCompany.NeonDrift file:///Users/dragonkao/Library/Developer/CoreSimulator/Devices/115FDF0C-5A2F-4686-909B-7F43F1450A28/data/Containers/Bundle/Application/E20C05D3-F661-400E-8190-BD3E49616B56/NeonDrift.app/ <com.DefaultCompany.NeonDrift <installed >:0>"
)
2026-06-25 14:37:29.154 Df profiled[37619:3b7b71] [com.apple.launchservices:appinstallation] Received applicationsDidInstall:(
    "<LSApplicationProxy: 0x10500c000> com.DefaultCompany.NeonDrift file:///Users/dragonkao/Library/Developer/CoreSimulator/Devices/115FDF0C-5A2F-4686-909B-7F43F1450A28/data/Containers/Bundle/Application/E20C05D3-F661-400E-8190-BD3E49616B56/NeonDrift.app/ <com.DefaultCompany.NeonDrift <installed >:0>"
)
2026-06-25 14:37:29.154 Df webbookmarksd[37647:3b767f] [com.apple.launchservices:appinstallation] Received applicationsDidInstall:(
    "<LSApplicationProxy: 0x1061d8000> com.DefaultCompany.NeonDrift file:///Users/dragonkao/Library/Developer/CoreSimulator/Devices/115FDF0C-5A2F-4686-909B-7F43F1450A28/data/Containers/Bundle/Application/E20C05D3-F661-400E-8190-BD3E49616B56/NeonDrift.app/ <com.DefaultCompany.NeonDrift <installed >:0>"
)
2026-06-25 14:37:29.154 Df CoreSimulatorBridge[37585:3b7adc] [com.apple.installcoordination:framework] -[IXAppInstallCoordinator _clientDelegate_didUpdateProgress:forPhase:overallProgress:]: <IXUpdatingAppInstallCoordinator<0x101872cc0> identity:[com.DefaultCompany.NeonDrift/Invalid/[system-defined]] uuid:DFDABEE0-6714-4011-AB40-9DBF8F1EDA5A creator:InstallCoordination Simple SPI>: Got did update progress delegate with percentComplete 100.000000 phase IXCoordinatorProgressPhaseInstalling overallProgress 100.000000
2026-06-25 14:37:29.154 Df callservicesd[37622:3b7b3b] [com.apple.appinstallation:TransactionLog] com.DefaultCompany.NeonDrift/Unknown Persona:5:8:3:1:applicationsDidInstall <LSApplicationProxy: 0x108e39080> com.DefaultCompany.NeonDrift file:///Users/dragonkao/Library/Developer/CoreSimulator/Devices/115FDF0C-5A2F-4686-909B-7F43F1450A28/data/Containers/Bundle/Application/E20C05D3-F661-400E-8190-BD3E49616B56/NeonDrift.app/ <com.DefaultCompany.NeonDrift <installed >:0>
2026-06-25 14:37:29.154 Df CoreSimulatorBridge[37585:3b7adc] [com.apple.installcoordination:framework] -[IXAppInstallCoordinator _clientDelegate_didUpdateProgress:forPhase:overallProgress:]_block_invoke: <IXUpdatingAppInstallCoordinator<0x101872cc0> identity:[com.DefaultCompany.NeonDrift/Invalid/[system-defined]] uuid:DFDABEE0-6714-4011-AB40-9DBF8F1EDA5A creator:InstallCoordination Simple SPI>: Calling selector coordinator:didUpdateProgress:forPhase:overallProgress: on observer <_IXSimpleInstallerDelegate 0x0x101af4150>
2026-06-25 14:37:29.154 Df callservicesd[37622:3b7b3b] [com.apple.calls.copresencecore:Default] Invalidating cached value for bundle identifier: com.DefaultCompany.NeonDrift
2026-06-25 14:37:29.154 Df healthd[37565:3b76a2] [com.apple.launchservices:appinstallation] Received applicationsDidInstall:(
    "<LSApplicationProxy: 0x103a85440> com.DefaultCompany.NeonDrift file:///Users/dragonkao/Library/Developer/CoreSimulator/Devices/115FDF0C-5A2F-4686-909B-7F43F1450A28/data/Containers/Bundle/Application/E20C05D3-F661-400E-8190-BD3E49616B56/NeonDrift.app/ <com.DefaultCompany.NeonDrift <installed >:0>"
)
2026-06-25 14:37:29.155 Df locationd[37579:3b294a] [com.apple.launchservices:appinstallation] Received applicationsDidInstall:(
