Timestamp               Ty Process[PID:TID]
2026-06-26 00:47:13.812 Df CoreSimulatorBridge[13156:539ae1] Request received for installation of file:///Users/dragonkao/.openclaw/workspace/382b9e3384298039b171c9b2a60ae644/NeonDrift_MVP/project/xcode_derived_data/Build/Products/Release-iphonesimulator/NeonDrift.app/ with options: {
    PackageType = Developer;
    SimulatorRootPath = "/Library/Developer/CoreSimulator/Volumes/iOS_23F77/Library/Developer/CoreSimulator/Profiles/Runtimes/iOS 26.5.simruntime/Contents/Resources/RuntimeRoot";
    SimulatorUserPath = "/Users/dragonkao/Library/Developer/CoreSimulator/Devices/115FDF0C-5A2F-4686-909B-7F43F1450A28/data";
}
2026-06-26 00:47:13.812 Df CoreSimulatorBridge[13156:539ae1] [com.apple.installcoordination:framework] +[IXAppInstallCoordinator(IXSimpleInstaller) _beginInstallForURL:forPersonaUniqueString:consumeSource:options:progressBlock:completionWithIdentity:]: Beginning install for /Users/dragonkao/.openclaw/workspace/382b9e3384298039b171c9b2a60ae644/NeonDrift_MVP/project/xcode_derived_data/Build/Products/Release-iphonesimulator/NeonDrift.app consuming source:N options:{
    IsUserInitiated = 1;
    PackageType = Developer;
} installationRequestorAuditToken: NULL
2026-06-26 00:47:13.816 Df installcoordinationd[13220:5097ab] [com.apple.installcoordination:daemon] -[IXSDataPromiseManager registerPromise:]: Registered promise <IXSPlaceholder(0x1019112c0) Name:App Placeholder: NeonDrift (com.DefaultCompany.NeonDrift) Creator:InstallCoordination Simple SPI UUID:5B0B7A28-C789-4929-A4B5-E5FAE78BF3FA Location:[system-defined]> for UUID 5B0B7A28-C789-4929-A4B5-E5FAE78BF3FA
2026-06-26 00:47:13.817 Df installcoordinationd[13220:5097ab] [com.apple.installcoordination:daemon] -[IXSPlaceholder setAttributes:]: <IXSPlaceholder(0x1019112c0) Name:App Placeholder: NeonDrift (com.DefaultCompany.NeonDrift) Creator:InstallCoordination Simple SPI UUID:5B0B7A28-C789-4929-A4B5-E5FAE78BF3FA Location:[system-defined]>: setting placeholder attributes to <IXPlaceholderAttributes<0x1018a1860> : {
    CFBundleShortVersionString = "1.0";
    CFBundleSupportedPlatforms =     (
        iPhoneSimulator
    );
    CFBundleVersion = 0;
    DTPlatformName = iphonesimulator;
    LSRequiresIPhoneOS = 1;
    MinimumOSVersion = "13.0";
    UIDeviceFamily =     (
        1,
        2
    );
    UIRequiredDeviceCapabilities =     {
        arm64 = 1;
        metal = 1;
    };
}>
2026-06-26 00:47:13.818 Df CoreSimulatorBridge[13156:51527f] [com.apple.installcoordination:framework] +[IXPlaceholder _setEntitlementsFromBundleExecutableURL:withBundleID:client:onPlaceholder:location:error:]: Executable for com.DefaultCompany.NeonDrift at NeonDrift -- file:///Users/dragonkao/.openclaw/workspace/382b9e3384298039b171c9b2a60ae644/NeonDrift_MVP/project/xcode_derived_data/Build/Products/Release-iphonesimulator/NeonDrift.app/ had no entitlements
2026-06-26 00:47:13.818 Df CoreSimulatorBridge[13156:51527f] [com.apple.installcoordination:framework] +[IXPlaceholder _placeholderForBundle:client:withParent:installType:metadata:placeholderType:mayBeDeltaPackage:isFromSerializedPlaceholder:location:error:]: Using full fidelity icons for com.DefaultCompany.NeonDrift at /Users/dragonkao/.openclaw/workspace/382b9e3384298039b171c9b2a60ae644/NeonDrift_MVP/project/xcode_derived_data/Build/Products/Release-iphonesimulator/NeonDrift.app
2026-06-26 00:47:13.818 Df installcoordinationd[13220:5097ab] [com.apple.installcoordination:daemon] -[IXSDataPromiseManager registerPromise:]: Registered promise <IXSPromisedTransferToPath(0x1018de680) Name:Icon resources for com.DefaultCompany.NeonDrift Creator:InstallCoordination Simple SPI UUID:80037044-F97F-471E-913B-8E02E93A55F7 Location:[system-defined]> for UUID 80037044-F97F-471E-913B-8E02E93A55F7
2026-06-26 00:47:13.821 Df CoreSimulatorBridge[13156:51527f] [com.apple.installcoordination:framework] -[IXPromisedTransferToPath setComplete:]: <IXPromisedTransferToPath<0x1034582c0> name:"Icon resources for com.DefaultCompany.NeonDrift" uuid:80037044-F97F-471E-913B-8E02E93A55F7 creator:"InstallCoordination Simple SPI" location:[system-defined]> Move operation from /Users/dragonkao/Library/Developer/CoreSimulator/Devices/115FDF0C-5A2F-4686-909B-7F43F1450A28/data/Containers/Shared/SystemGroup/systemgroup.com.apple.installcoordinationd/Library/InstallCoordination/PromiseStaging/80037044-F97F-471E-913B-8E02E93A55F7/temp.FSC3Ns to /Users/dragonkao/Library/Developer/CoreSimulator/Devices/115FDF0C-5A2F-4686-909B-7F43F1450A28/data/Containers/Shared/SystemGroup/systemgroup.com.apple.installcoordinationd/Library/InstallCoordination/PromiseStaging/80037044-F97F-471E-913B-8E02E93A55F7/temp.FSC3Ns took 0.000045 seconds
2026-06-26 00:47:13.822 Df installcoordinationd[13220:536800] [com.apple.installcoordination:daemon] -[IXSDataPromise _setPercentComplete:saveStateIfNeeded:]: Progress: <IXSPromisedTransferToPath(0x1018de680) Name:Icon resources for com.DefaultCompany.NeonDrift Creator:InstallCoordination Simple SPI UUID:80037044-F97F-471E-913B-8E02E93A55F7 Location:[system-defined]>
2026-06-26 00:47:13.822 Df installcoordinationd[13220:536800] [com.apple.installcoordination:daemon] -[IXSDataPromiseManager promiseDidBegin:]: Unowned promise began: <IXSPromisedTransferToPath(0x1018de680) Name:Icon resources for com.DefaultCompany.NeonDrift Creator:InstallCoordination Simple SPI UUID:80037044-F97F-471E-913B-8E02E93A55F7 Location:[system-defined]>
2026-06-26 00:47:13.822 Df installcoordinationd[13220:536800] [com.apple.installcoordination:daemon] -[IXSDataPromiseManager promise:didUpdateProgress:]: Unowned promise update progress to 1.000000 : <IXSPromisedTransferToPath(0x1018de680) Name:Icon resources for com.DefaultCompany.NeonDrift Creator:InstallCoordination Simple SPI UUID:80037044-F97F-471E-913B-8E02E93A55F7 Location:[system-defined]>
2026-06-26 00:47:13.822 Df installcoordinationd[13220:536800] [com.apple.installcoordination:daemon] -[IXSDataPromiseManager promiseDidComplete:]: Unowned promise completed: <IXSPromisedTransferToPath(0x1018de680) Name:Icon resources for com.DefaultCompany.NeonDrift Creator:InstallCoordination Simple SPI UUID:80037044-F97F-471E-913B-8E02E93A55F7 Location:[system-defined]>
2026-06-26 00:47:13.825 Df installcoordinationd[13220:5097ab] [com.apple.installcoordination:daemon] -[IXSDataPromise _setPercentComplete:saveStateIfNeeded:]: Progress: <IXSPromisedInMemoryDictionary(0x1018df280) Name:Info.plist icon content for com.DefaultCompany.NeonDrift Creator:InstallCoordination Simple SPI UUID:A7487FFE-78D3-48A8-89DB-A234D1E5DD25 Location:[system-defined]>
2026-06-26 00:47:13.826 Df installcoordinationd[13220:5097ab] [com.apple.installcoordination:daemon] -[IXSDataPromiseManager registerPromise:]: Registered promise <IXSPromisedInMemoryDictionary(0x1018df280) Name:Info.plist icon content for com.DefaultCompany.NeonDrift Creator:InstallCoordination Simple SPI UUID:A7487FFE-78D3-48A8-89DB-A234D1E5DD25 Location:[system-defined]> for UUID A7487FFE-78D3-48A8-89DB-A234D1E5DD25
2026-06-26 00:47:13.826 Df installcoordinationd[13220:536800] [com.apple.installcoordination:daemon] -[IXSDataPromiseManager promiseDidBegin:]: Unowned promise began: <IXSPromisedInMemoryDictionary(0x1018df280) Name:Info.plist icon content for com.DefaultCompany.NeonDrift Creator:InstallCoordination Simple SPI UUID:A7487FFE-78D3-48A8-89DB-A234D1E5DD25 Location:[system-defined]>
2026-06-26 00:47:13.826 Df installcoordinationd[13220:536800] [com.apple.installcoordination:daemon] -[IXSDataPromiseManager promise:didUpdateProgress:]: Unowned promise update progress to 1.000000 : <IXSPromisedInMemoryDictionary(0x1018df280) Name:Info.plist icon content for com.DefaultCompany.NeonDrift Creator:InstallCoordination Simple SPI UUID:A7487FFE-78D3-48A8-89DB-A234D1E5DD25 Location:[system-defined]>
2026-06-26 00:47:13.826 Df installcoordinationd[13220:536800] [com.apple.installcoordination:daemon] -[IXSDataPromiseManager promiseDidComplete:]: Unowned promise completed: <IXSPromisedInMemoryDictionary(0x1018df280) Name:Info.plist icon content for com.DefaultCompany.NeonDrift Creator:InstallCoordination Simple SPI UUID:A7487FFE-78D3-48A8-89DB-A234D1E5DD25 Location:[system-defined]>
2026-06-26 00:47:13.827 Df installcoordinationd[13220:5097ab] [com.apple.installcoordination:daemon] -[IXSPlaceholder setIconResourcesPromise:]: <IXSPlaceholder(0x1019112c0) Name:App Placeholder: NeonDrift (com.DefaultCompany.NeonDrift) Creator:InstallCoordination Simple SPI UUID:5B0B7A28-C789-4929-A4B5-E5FAE78BF3FA Location:[system-defined]>: setting icon resources promise to <IXSPromisedTransferToPath(0x1018de680) Name:Icon resources for com.DefaultCompany.NeonDrift Creator:InstallCoordination Simple SPI UUID:80037044-F97F-471E-913B-8E02E93A55F7 Location:[system-defined]>
2026-06-26 00:47:13.827 Df installcoordinationd[13220:5097ab] [com.apple.installcoordination:daemon] -[IXSPlaceholder setInfoPlistIconContentPromise:]: <IXSPlaceholder(0x1019112c0) Name:App Placeholder: NeonDrift (com.DefaultCompany.NeonDrift) Creator:InstallCoordination Simple SPI UUID:5B0B7A28-C789-4929-A4B5-E5FAE78BF3FA Location:[system-defined]>: setting Info.plist icon content promise to <IXSPromisedInMemoryDictionary(0x1018df280) Name:Info.plist icon content for com.DefaultCompany.NeonDrift Creator:InstallCoordination Simple SPI UUID:A7487FFE-78D3-48A8-89DB-A234D1E5DD25 Location:[system-defined]>
2026-06-26 00:47:13.828 Df installcoordinationd[13220:550903] [com.apple.installcoordination:daemon] -[IXSDataPromiseManager promiseDidBegin:]: Unowned promise began: <IXSPlaceholder(0x1019112c0) Name:App Placeholder: NeonDrift (com.DefaultCompany.NeonDrift) Creator:InstallCoordination Simple SPI UUID:5B0B7A28-C789-4929-A4B5-E5FAE78BF3FA Location:[system-defined]>
2026-06-26 00:47:13.828 Df installcoordinationd[13220:550903] [com.apple.installcoordination:daemon] -[IXSDataPromiseManager promise:didUpdateProgress:]: Unowned promise update progress to 0.000000 : <IXSPlaceholder(0x1019112c0) Name:App Placeholder: NeonDrift (com.DefaultCompany.NeonDrift) Creator:InstallCoordination Simple SPI UUID:5B0B7A28-C789-4929-A4B5-E5FAE78BF3FA Location:[system-defined]>
2026-06-26 00:47:13.828 Df installcoordinationd[13220:550903] [com.apple.installcoordination:daemon] -[IXSDataPromiseManager promise:didUpdateProgress:]: Unowned promise update progress to 0.000000 : <IXSPlaceholder(0x1019112c0) Name:App Placeholder: NeonDrift (com.DefaultCompany.NeonDrift) Creator:InstallCoordination Simple SPI UUID:5B0B7A28-C789-4929-A4B5-E5FAE78BF3FA Location:[system-defined]>
2026-06-26 00:47:13.829 Df installcoordinationd[13220:550903] [com.apple.installcoordination:daemon] -[IXSDataPromise _setPercentComplete:saveStateIfNeeded:]: Progress: <IXSPromisedInMemoryDictionary(0x1018ded00) Name:Localizations for com.DefaultCompany.NeonDrift Creator:InstallCoordination Simple SPI UUID:74EE56A5-E61C-4E8C-8C15-F2DFDC389405 Location:[system-defined]>
2026-06-26 00:47:13.829 Df installcoordinationd[13220:550903] [com.apple.installcoordination:daemon] -[IXSDataPromiseManager registerPromise:]: Registered promise <IXSPromisedInMemoryDictionary(0x1018ded00) Name:Localizations for com.DefaultCompany.NeonDrift Creator:InstallCoordination Simple SPI UUID:74EE56A5-E61C-4E8C-8C15-F2DFDC389405 Location:[system-defined]> for UUID 74EE56A5-E61C-4E8C-8C15-F2DFDC389405
2026-06-26 00:47:13.829 Df installcoordinationd[13220:5097ab] [com.apple.installcoordination:daemon] -[IXSDataPromiseManager promiseDidBegin:]: Unowned promise began: <IXSPromisedInMemoryDictionary(0x1018ded00) Name:Localizations for com.DefaultCompany.NeonDrift Creator:InstallCoordination Simple SPI UUID:74EE56A5-E61C-4E8C-8C15-F2DFDC389405 Location:[system-defined]>
2026-06-26 00:47:13.829 Df installcoordinationd[13220:5097ab] [com.apple.installcoordination:daemon] -[IXSDataPromiseManager promise:didUpdateProgress:]: Unowned promise update progress to 1.000000 : <IXSPromisedInMemoryDictionary(0x1018ded00) Name:Localizations for com.DefaultCompany.NeonDrift Creator:InstallCoordination Simple SPI UUID:74EE56A5-E61C-4E8C-8C15-F2DFDC389405 Location:[system-defined]>
2026-06-26 00:47:13.829 Df installcoordinationd[13220:5097ab] [com.apple.installcoordination:daemon] -[IXSDataPromiseManager promiseDidComplete:]: Unowned promise completed: <IXSPromisedInMemoryDictionary(0x1018ded00) Name:Localizations for com.DefaultCompany.NeonDrift Creator:InstallCoordination Simple SPI UUID:74EE56A5-E61C-4E8C-8C15-F2DFDC389405 Location:[system-defined]>
2026-06-26 00:47:13.830 Df installcoordinationd[13220:550903] [com.apple.installcoordination:daemon] -[IXSPlaceholder setLocalizationDictionaryPromise:]: <IXSPlaceholder(0x1019112c0) Name:App Placeholder: NeonDrift (com.DefaultCompany.NeonDrift) Creator:InstallCoordination Simple SPI UUID:5B0B7A28-C789-4929-A4B5-E5FAE78BF3FA Location:[system-defined]>: setting localization dict promise to <IXSPromisedInMemoryDictionary(0x1018ded00) Name:Localizations for com.DefaultCompany.NeonDrift Creator:InstallCoordination Simple SPI UUID:74EE56A5-E61C-4E8C-8C15-F2DFDC389405 Location:[system-defined]>
2026-06-26 00:47:13.830 Df installcoordinationd[13220:550903] [com.apple.installcoordination:daemon] -[IXSDataPromiseManager promise:didUpdateProgress:]: Unowned promise update progress to 0.000000 : <IXSPlaceholder(0x1019112c0) Name:App Placeholder: NeonDrift (com.DefaultCompany.NeonDrift) Creator:InstallCoordination Simple SPI UUID:5B0B7A28-C789-4929-A4B5-E5FAE78BF3FA Location:[system-defined]>
2026-06-26 00:47:13.831 Df installcoordinationd[13220:536800] [com.apple.installcoordination:daemon] -[IXSPlaceholder setConfigurationComplete:]: <IXSPlaceholder(0x1019112c0) Name:App Placeholder: NeonDrift (com.DefaultCompany.NeonDrift) Creator:InstallCoordination Simple SPI UUID:5B0B7A28-C789-4929-A4B5-E5FAE78BF3FA Location:[system-defined]>: setting configuration complete to Y
2026-06-26 00:47:13.831 Df installcoordinationd[13220:536800] [com.apple.installcoordination:daemon] -[IXSPlaceholder _materialize]: <IXSPlaceholder(0x1019112c0) Name:App Placeholder: NeonDrift (com.DefaultCompany.NeonDrift) Creator:InstallCoordination Simple SPI UUID:5B0B7A28-C789-4929-A4B5-E5FAE78BF3FA Location:[system-defined]>: Materializing placeholder at /Users/dragonkao/Library/Developer/CoreSimulator/Devices/115FDF0C-5A2F-4686-909B-7F43F1450A28/data/Containers/Shared/SystemGroup/systemgroup.com.apple.installcoordinationd/Library/InstallCoordination/PromiseStaging/5B0B7A28-C789-4929-A4B5-E5FAE78BF3FA/NeonDrift.app
2026-06-26 00:47:13.831 Df installcoordinationd[13220:536800] [com.apple.installcoordination:daemon] -[IXSPlaceholder _materialize]: <IXSPlaceholder(0x1019112c0) Name:App Placeholder: NeonDrift (com.DefaultCompany.NeonDrift) Creator:InstallCoordination Simple SPI UUID:5B0B7A28-C789-4929-A4B5-E5FAE78BF3FA Location:[system-defined]>: Using Info.plist icon content: {
    CFBundleIcons =     {
        CFBundlePrimaryIcon =         {
            CFBundleIconName = AppIcon;
        };
    };
    "CFBundleIcons~ipad" =     {
        CFBundlePrimaryIcon =         {
            CFBundleIconName = AppIcon;
        };
    };
    ISIconPlatform = iPhoneOS;
}
2026-06-26 00:47:13.831 Df installcoordinationd[13220:536800] [com.apple.installcoordination:daemon] -[IXSPlaceholder _materialize]_block_invoke: <IXSPlaceholder(0x1019112c0) Name:App Placeholder: NeonDrift (com.DefaultCompany.NeonDrift) Creator:InstallCoordination Simple SPI UUID:5B0B7A28-C789-4929-A4B5-E5FAE78BF3FA Location:[system-defined]>: Using icon resource Assets.car
2026-06-26 00:47:13.832 Df installcoordinationd[13220:536800] [com.apple.installcoordination:daemon] -[IXSPlaceholder _materialize]: <IXSPlaceholder(0x1019112c0) Name:App Placeholder: NeonDrift (com.DefaultCompany.NeonDrift) Creator:InstallCoordination Simple SPI UUID:5B0B7A28-C789-4929-A4B5-E5FAE78BF3FA Location:[system-defined]>: Including lproj localizations for (
)
2026-06-26 00:47:13.832 Df installcoordinationd[13220:550903] [com.apple.installcoordination:daemon] -[IXSDataPromiseManager promiseDidComplete:]: Unowned promise completed: <IXSPlaceholder(0x1019112c0) Name:App Placeholder: NeonDrift (com.DefaultCompany.NeonDrift) Creator:InstallCoordination Simple SPI UUID:5B0B7A28-C789-4929-A4B5-E5FAE78BF3FA Location:[system-defined]>
2026-06-26 00:47:13.833 Df installcoordinationd[13220:536800] [com.apple.installcoordination:daemon] -[IXSDataPromiseManager registerPromise:]: Registered promise <IXSPromisedTransferToPath(0x1018de600) Name:App Asset: com.DefaultCompany.NeonDrift Creator:InstallCoordination Simple SPI UUID:36E72B2B-F387-43C5-990A-8FE3BFAD54B2 Location:[system-defined]> for UUID 36E72B2B-F387-43C5-990A-8FE3BFAD54B2
2026-06-26 00:47:13.834 Df installcoordinationd[13220:550903] [com.apple.installcoordination:daemon] -[IXSCoordinatorManager coordinatorForIdentity:connection:error:creatingIfNotExisting:]_block_invoke: Registered coordinator: <IXSCoordinatedAppInstall<0x1019e8200> [P=CoreSimulatorBridge (pid 13156)] identifier:[com.DefaultCompany.NeonDrift/Invalid/[system-defined]] uuid:3DACBAC8-4BE3-4FD9-B48E-E30B33367B1D intent:IXCoordinatorIntentUpdating creator/appDRI:InstallCoordination Simple SPI importance:Background state:IXAppCoordinationStatePlaceholderPromiseNotSet promise-state:01234>
2026-06-26 00:47:13.834 Df installcoordinationd[13220:550903] [com.apple.appinstallation:TransactionLog] com.DefaultCompany.NeonDrift/Unknown Persona:4:2:1:1:Created coordinator with intent IXCoordinatorIntentUpdating for client InstallCoordination Simple SPI
2026-06-26 00:47:13.834 Df installcoordinationd[13220:550903] [com.apple.installcoordination:daemon] -[IXSCoordinatedAppInstall setPriorityBoostCompletion:withSourceInfo:]: <IXSCoordinatedAppInstall<0x1019e8200> [P=CoreSimulatorBridge (pid 13156)] identifier:[com.DefaultCompany.NeonDrift/Invalid/[system-defined]] uuid:3DACBAC8-4BE3-4FD9-B48E-E30B33367B1D intent:IXCoordinatorIntentUpdating creator/appDRI:InstallCoordination Simple SPI importance:Background state:IXAppCoordinationStatePlaceholderPromiseNotSet promise-state:01234>: Retaining completion from CoreSimulatorBridge (13156), QOS_CLASS_DEFAULT (0x15)
2026-06-26 00:47:13.834 Df installcoordinationd[13220:550903] [com.apple.installcoordination:daemon] -[IXSCoordinatedAppInstall setImportance:]: <IXSCoordinatedAppInstall<0x1019e8200> [P=CoreSimulatorBridge (pid 13156)] identifier:[com.DefaultCompany.NeonDrift/Invalid/[system-defined]] uuid:3DACBAC8-4BE3-4FD9-B48E-E30B33367B1D intent:IXCoordinatorIntentUpdating creator/appDRI:InstallCoordination Simple SPI importance:UserWaiting state:IXAppCoordinationStatePlaceholderPromiseNotSet promise-state:01234>: set importance to UserWaiting
2026-06-26 00:47:13.835 Df installcoordinationd[13220:550903] [com.apple.installcoordination:daemon] -[IXSCoordinatedAppInstall _onQueue_fireObserversForClient:]: <IXSCoordinatedAppInstall<0x1019e8200> [P=CoreSimulatorBridge (pid 13156)] identifier:[com.DefaultCompany.NeonDrift/Invalid/[system-defined]] uuid:3DACBAC8-4BE3-4FD9-B48E-E30B33367B1D intent:IXCoordinatorIntentUpdating creator/appDRI:InstallCoordination Simple SPI importance:UserWaiting state:IXAppCoordinationStatePlaceholderPromiseNotSet promise-state:01234>: Firing applicable observers for client <IXSClientConnection<0x101840960> client:CoreSimulatorBridge (pid 13156) uuid:A9F49AFB-E721-4E17-A398-61B0F8C43F29>
2026-06-26 00:47:13.835 Df installcoordinationd[13220:550903] [com.apple.installcoordination:daemon] -[IXSCoordinatedAppInstall setPriorityBoostCompletion:withSourceInfo:]: <IXSCoordinatedAppInstall<0x1019e8200> [P=CoreSimulatorBridge (pid 13156)] identifier:[com.DefaultCompany.NeonDrift/Invalid/[system-defined]] uuid:3DACBAC8-4BE3-4FD9-B48E-E30B33367B1D intent:IXCoordinatorIntentUpdating creator/appDRI:InstallCoordination Simple SPI importance:UserWaiting state:IXAppCoordinationStatePlaceholderPromiseNotSet promise-state:01234>: Disposing of completion from CoreSimulatorBridge (13156), QOS_CLASS_DEFAULT (0x15)
2026-06-26 00:47:13.835 Df installcoordinationd[13220:550903] [com.apple.installcoordination:daemon] -[IXSCoordinatedAppInstall setPriorityBoostCompletion:withSourceInfo:]: <IXSCoordinatedAppInstall<0x1019e8200> [P=CoreSimulatorBridge (pid 13156)] identifier:[com.DefaultCompany.NeonDrift/Invalid/[system-defined]] uuid:3DACBAC8-4BE3-4FD9-B48E-E30B33367B1D intent:IXCoordinatorIntentUpdating creator/appDRI:InstallCoordination Simple SPI importance:UserWaiting state:IXAppCoordinationStatePlaceholderPromiseNotSet promise-state:01234>: Retaining completion from CoreSimulatorBridge (13156), QOS_CLASS_DEFAULT (0x15)
2026-06-26 00:47:13.835 Df CoreSimulatorBridge[13156:550902] [com.apple.installcoordination:framework] -[IXAppInstallCoordinator _clientDelegate_didRegisterForObservation]: <IXUpdatingAppInstallCoordinator<0x103458780> identity:[com.DefaultCompany.NeonDrift/Invalid/[system-defined]] uuid:3DACBAC8-4BE3-4FD9-B48E-E30B33367B1D creator:InstallCoordination Simple SPI>: Got observer registration delegate
2026-06-26 00:47:13.835 Df CoreSimulatorBridge[13156:550902] [com.apple.installcoordination:framework] -[IXAppInstallCoordinator _clientDelegate_shouldResume]: <IXUpdatingAppInstallCoordinator<0x103458780> identity:[com.DefaultCompany.NeonDrift/Invalid/[system-defined]] uuid:3DACBAC8-4BE3-4FD9-B48E-E30B33367B1D creator:InstallCoordination Simple SPI>: Got should resume delegate
2026-06-26 00:47:13.835 Df CoreSimulatorBridge[13156:550902] [com.apple.installcoordination:framework] -[IXAppInstallCoordinator _clientDelegate_didRegisterForObservation]_block_invoke: <IXUpdatingAppInstallCoordinator<0x103458780> identity:[com.DefaultCompany.NeonDrift/Invalid/[system-defined]] uuid:3DACBAC8-4BE3-4FD9-B48E-E30B33367B1D creator:InstallCoordination Simple SPI>: Observer <_IXSimpleInstallerDelegate 0x0x101b19b00> does not respond to coordinatorDidRegisterForObservation:
2026-06-26 00:47:13.835 Df CoreSimulatorBridge[13156:550902] [com.apple.installcoordination:framework] -[IXAppInstallCoordinator _clientDelegate_shouldResume]_block_invoke: <IXUpdatingAppInstallCoordinator<0x103458780> identity:[com.DefaultCompany.NeonDrift/Invalid/[system-defined]] uuid:3DACBAC8-4BE3-4FD9-B48E-E30B33367B1D creator:InstallCoordination Simple SPI>: Observer <_IXSimpleInstallerDelegate 0x0x101b19b00> does not respond to coordinatorShouldResume:
2026-06-26 00:47:13.836 Df installcoordinationd[13220:550903] [com.apple.installcoordination:daemon] -[IXSCoordinatedAppInstall _internal_setInstallOptionsPromise:performExternalActions:]: <IXSCoordinatedAppInstall<0x1019e8200> [P=CoreSimulatorBridge (pid 13156)] identifier:[com.DefaultCompany.NeonDrift/Invalid/[system-defined]] uuid:3DACBAC8-4BE3-4FD9-B48E-E30B33367B1D intent:IXCoordinatorIntentUpdating creator/appDRI:InstallCoordination Simple SPI importance:UserWaiting state:IXAppCoordinationStatePlaceholderPromiseNotSet promise-state:012I4> : install options set: <IXSPromisedInMemoryData(0x1018df080) Name:MIInstallOptions data Creator:Install Coordination Internal UUID:883AEB07-5CF2-4667-B8BF-5CDFE4B635E6 Location:[system-defined]>
2026-06-26 00:47:13.836 Df installcoordinationd[13220:5097ab] [com.apple.installcoordination:daemon] -[IXSCoordinatedAppInstall promiseDidComplete:]: <IXSCoordinatedAppInstall<0x1019e8200> [P=CoreSimulatorBridge (pid 13156)] identifier:[com.DefaultCompany.NeonDrift/Invalid/[system-defined]] uuid:3DACBAC8-4BE3-4FD9-B48E-E30B33367B1D intent:IXCoordinatorIntentUpdating creator/appDRI:InstallCoordination Simple SPI importance:UserWaiting state:IXAppCoordinationStatePlaceholderPromiseNotSet promise-state:012I4> : Promise completed: <IXSPromisedInMemoryData(0x1018df080) Name:MIInstallOptions data Creator:Install Coordination Internal UUID:883AEB07-5CF2-4667-B8BF-5CDFE4B635E6 Location:[system-defined]>
2026-06-26 00:47:13.837 Df installcoordinationd[13220:5097ab] [com.apple.appinstallation:TransactionLog] com.DefaultCompany.NeonDrift/Unknown Persona:4:13:1:1:Install Options Promise began. Coordinator State: IXAppCoordinationStatePlaceholderPromiseNotSet
2026-06-26 00:47:13.837 Df installcoordinationd[13220:5097ab] [com.apple.appinstallation:TransactionLog] com.DefaultCompany.NeonDrift/Unknown Persona:4:13:2:1:Install Options Promise completed. Coordinator State: IXAppCoordinationStatePlaceholderPromiseNotSet
2026-06-26 00:47:13.837 Df installcoordinationd[13220:550903] [com.apple.installcoordination:daemon] -[IXSCoordinatedAppInstall _internal_setAppAssetPromise:performExternalActions:]: <IXSCoordinatedAppInstall<0x1019e8200> [P=CoreSimulatorBridge (pid 13156)] identifier:[com.DefaultCompany.NeonDrift/Invalid/[system-defined]] uuid:3DACBAC8-4BE3-4FD9-B48E-E30B33367B1D intent:IXCoordinatorIntentUpdating creator/appDRI:InstallCoordination Simple SPI importance:UserWaiting state:IXAppCoordinationStatePlaceholderPromiseNotSet promise-state:0a2I4> : App Asset Promise set: <IXSPromisedTransferToPath(0x1018de600) Name:App Asset: com.DefaultCompany.NeonDrift Creator:InstallCoordination Simple SPI UUID:36E72B2B-F387-43C5-990A-8FE3BFAD54B2 Location:[system-defined]>
2026-06-26 00:47:13.838 Df installcoordinationd[13220:536800] [com.apple.installcoordination:daemon] -[IXSCoordinatedAppInstall setInitialODRAssetPromises:]: <IXSCoordinatedAppInstall<0x1019e8200> [P=CoreSimulatorBridge (pid 13156)] identifier:[com.DefaultCompany.NeonDrift/Invalid/[system-defined]] uuid:3DACBAC8-4BE3-4FD9-B48E-E30B33367B1D intent:IXCoordinatorIntentUpdating creator/appDRI:InstallCoordination Simple SPI importance:UserWaiting state:IXAppCoordinationStatePlaceholderPromiseNotSet promise-state:0a2I4> : Initial ODR Asset Promises set: (
)
2026-06-26 00:47:13.839 Df CoreSimulatorBridge[13156:51527f] [com.apple.installcoordination:framework] -[IXPromisedTransferToPath _performDeltaCopyFrom:toDestination:]: Performing delta copy from /Users/dragonkao/.openclaw/workspace/382b9e3384298039b171c9b2a60ae644/NeonDrift_MVP/project/xcode_derived_data/Build/Products/Release-iphonesimulator/NeonDrift.app to /Users/dragonkao/Library/Developer/CoreSimulator/Devices/115FDF0C-5A2F-4686-909B-7F43F1450A28/data/Containers/Shared/SystemGroup/systemgroup.com.apple.installcoordinationd/Library/InstallCoordination/PromiseStaging/36E72B2B-F387-43C5-990A-8FE3BFAD54B2/NeonDrift.app with installed bundle at /Users/dragonkao/Library/Developer/CoreSimulator/Devices/115FDF0C-5A2F-4686-909B-7F43F1450A28/data/Containers/Bundle/Application/CA155E58-225B-4219-BA46-EA1E3EE54E02/NeonDrift.app
2026-06-26 00:47:13.839 Df CoreSimulatorBridge[13156:51527f] (MobileSystemServices) 0x16f7bf000 MDMCreateDeltaDirectory: calling MDMDirectoryDiff with:
state->old_bundle: /Users/dragonkao/Library/Developer/CoreSimulator/Devices/115FDF0C-5A2F-4686-909B-7F43F1450A28/data/Containers/Bundle/Application/CA155E58-225B-4219-BA46-EA1E3EE54E02/NeonDrift.app
state->new_bundle: /Users/dragonkao/.openclaw/workspace/382b9e3384298039b171c9b2a60ae644/NeonDrift_MVP/project/xcode_derived_data/Build/Products/Release-iphonesimulator/NeonDrift.app
state->dst_bundle: /Users/dragonkao/Library/Developer/CoreSimulator/Devices/115FDF0C-5A2F-4686-909B-7F43F1450A28/data/Containers/Shared/SystemGroup/systemgroup.com.apple.installcoordinationd/Library/InstallCoordination/PromiseStaging/36E72B2B-F387-43C5-990A-8FE3BFAD54B2/NeonDrift.app/Payload//NeonDrift.app, binaryDiff flag: FALSE
	dst_ipa: /Users/dragonkao/Library/Developer/CoreSimulator/Devices/115FDF0C-5A2F-4686-909B-7F43F1450A28/data/Containers/Shared/SystemGroup/systemgroup.com.apple.installcoordinationd/Library/InstallCoordination/PromiseStaging/36E72<…>
2026-06-26 00:47:13.967 Df CoreSimulatorBridge[13156:51527f] [com.apple.installcoordination:framework] -[IXPromisedTransferToPath setComplete:]: <IXPromisedTransferToPath<0x103458280> name:"App Asset: com.DefaultCompany.NeonDrift" uuid:36E72B2B-F387-43C5-990A-8FE3BFAD54B2 creator:"InstallCoordination Simple SPI" location:[system-defined]> Delta Copy operation from /Users/dragonkao/.openclaw/workspace/382b9e3384298039b171c9b2a60ae644/NeonDrift_MVP/project/xcode_derived_data/Build/Products/Release-iphonesimulator/NeonDrift.app to /Users/dragonkao/Library/Developer/CoreSimulator/Devices/115FDF0C-5A2F-4686-909B-7F43F1450A28/data/Containers/Shared/SystemGroup/systemgroup.com.apple.installcoordinationd/Library/InstallCoordination/PromiseStaging/36E72B2B-F387-43C5-990A-8FE3BFAD54B2/NeonDrift.app took 0.128938 seconds
2026-06-26 00:47:13.968 Df installcoordinationd[13220:536800] [com.apple.installcoordination:daemon] -[IXSDataPromise _setPercentComplete:saveStateIfNeeded:]: Progress: <IXSPromisedTransferToPath(0x1018de600) Name:App Asset: com.DefaultCompany.NeonDrift Creator:InstallCoordination Simple SPI UUID:36E72B2B-F387-43C5-990A-8FE3BFAD54B2 Location:[system-defined]>
2026-06-26 00:47:13.968 Df installcoordinationd[13220:5097ab] [com.apple.appinstallation:TransactionLog] com.DefaultCompany.NeonDrift/Unknown Persona:4:10:1:1:App Asset Promise began. Coordinator State: IXAppCoordinationStatePlaceholderPromiseNotSet
2026-06-26 00:47:13.968 Df CoreSimulatorBridge[13156:539ae2] [com.apple.installcoordination:framework] -[IXAppInstallCoordinator _clientDelegate_promiseDidBeginFulfillmentWithIdentifier:]: <IXUpdatingAppInstallCoordinator<0x103458780> identity:[com.DefaultCompany.NeonDrift/Invalid/[system-defined]] uuid:3DACBAC8-4BE3-4FD9-B48E-E30B33367B1D creator:InstallCoordination Simple SPI>: Got promise did begin fulfillment for identifier 2
2026-06-26 00:47:13.968 Df installcoordinationd[13220:536800] [com.apple.installcoordination:daemon] -[IXSCoordinatedAppInstall promiseDidComplete:]: <IXSCoordinatedAppInstall<0x1019e8200> [P=CoreSimulatorBridge (pid 13156)] identifier:[com.DefaultCompany.NeonDrift/Invalid/[system-defined]] uuid:3DACBAC8-4BE3-4FD9-B48E-E30B33367B1D intent:IXCoordinatorIntentUpdating creator/appDRI:InstallCoordination Simple SPI importance:UserWaiting state:IXAppCoordinationStatePlaceholderPromiseNotSet promise-state:0A2I4> : Promise completed: <IXSPromisedTransferToPath(0x1018de600) Name:App Asset: com.DefaultCompany.NeonDrift Creator:InstallCoordination Simple SPI UUID:36E72B2B-F387-43C5-990A-8FE3BFAD54B2 Location:[system-defined]>
2026-06-26 00:47:13.968 Df CoreSimulatorBridge[13156:539ae2] [com.apple.installcoordination:framework] -[IXAppInstallCoordinator _clientDelegate_promiseDidBeginFulfillmentWithIdentifier:]_block_invoke: <IXUpdatingAppInstallCoordinator<0x103458780> identity:[com.DefaultCompany.NeonDrift/Invalid/[system-defined]] uuid:3DACBAC8-4BE3-4FD9-B48E-E30B33367B1D creator:InstallCoordination Simple SPI>: Observer <_IXSimpleInstallerDelegate 0x0x101b19b00> does not respond to coordinator:configuredPromiseDidBeginFulfillment: (or any deprecated equivalent)
2026-06-26 00:47:13.968 Df installcoordinationd[13220:55090e] [com.apple.appinstallation:TransactionLog] com.DefaultCompany.NeonDrift/Unknown Persona:4:10:2:1:App Asset Promise completed. Coordinator State: IXAppCoordinationStatePlaceholderPromiseNotSet
2026-06-26 00:47:13.968 Df CoreSimulatorBridge[13156:539ae2] [com.apple.installcoordination:framework] -[IXAppInstallCoordinator _clientDelegate_didUpdateProgress:forPhase:overallProgress:]: <IXUpdatingAppInstallCoordinator<0x103458780> identity:[com.DefaultCompany.NeonDrift/Invalid/[system-defined]] uuid:3DACBAC8-4BE3-4FD9-B48E-E30B33367B1D creator:InstallCoordination Simple SPI>: Got did update progress delegate with percentComplete 100.000000 phase IXCoordinatorProgressPhaseLoading overallProgress 60.000000
2026-06-26 00:47:13.968 Df CoreSimulatorBridge[13156:539ae2] [com.apple.installcoordination:framework] -[IXAppInstallCoordinator _clientDelegate_didUpdateProgress:forPhase:overallProgress:]_block_invoke: <IXUpdatingAppInstallCoordinator<0x103458780> identity:[com.DefaultCompany.NeonDrift/Invalid/[system-defined]] uuid:3DACBAC8-4BE3-4FD9-B48E-E30B33367B1D creator:InstallCoordination Simple SPI>: Calling selector coordinator:didUpdateProgress:forPhase:overallProgress: on observer <_IXSimpleInstallerDelegate 0x0x101b19b00>
2026-06-26 00:47:13.969 Df installcoordinationd[13220:550903] [com.apple.installcoordination:daemon] -[IXSCoordinatedAppInstall setPlaceholderPromise:]: <IXSCoordinatedAppInstall<0x1019e8200> [P=CoreSimulatorBridge (pid 13156)] identifier:[com.DefaultCompany.NeonDrift/Invalid/[system-defined]] uuid:3DACBAC8-4BE3-4FD9-B48E-E30B33367B1D intent:IXCoordinatorIntentUpdating creator/appDRI:InstallCoordination Simple SPI importance:UserWaiting state:IXAppCoordinationStateReadyForPlaceholderInstall promise-state:PA2I4> : Placeholder Promise set: <IXSPlaceholder(0x1019112c0) Name:App Placeholder: NeonDrift (com.DefaultCompany.NeonDrift) Creator:InstallCoordination Simple SPI UUID:5B0B7A28-C789-4929-A4B5-E5FAE78BF3FA Location:[system-defined]>
2026-06-26 00:47:13.969 Df installcoordinationd[13220:55090e] [com.apple.installcoordination:daemon] -[IXSCoordinatedAppInstall promiseDidComplete:]: <IXSCoordinatedAppInstall<0x1019e8200> [P=CoreSimulatorBridge (pid 13156)] identifier:[com.DefaultCompany.NeonDrift/Invalid/[system-defined]] uuid:3DACBAC8-4BE3-4FD9-B48E-E30B33367B1D intent:IXCoordinatorIntentUpdating creator/appDRI:InstallCoordination Simple SPI importance:UserWaiting state:IXAppCoordinationStateReadyForPlaceholderInstall promise-state:PA2I4> : Promise completed: <IXSPlaceholder(0x1019112c0) Name:App Placeholder: NeonDrift (com.DefaultCompany.NeonDrift) Creator:InstallCoordination Simple SPI UUID:5B0B7A28-C789-4929-A4B5-E5FAE78BF3FA Location:[system-defined]>
2026-06-26 00:47:13.969 Df installcoordinationd[13220:550903] [com.apple.installcoordination:daemon] -[IXSCoordinatedAppInstall _onQueue_acquireAssertionAndInstallPlaceholder]: Acquiring termination assertion to install placeholder for [com.DefaultCompany.NeonDrift/Invalid/[system-defined]]
2026-06-26 00:47:13.969 Df installcoordinationd[13220:550903] [com.apple.installcoordination:daemon] -[IXSPendingOperationsTracker beginPendingOperationForIdentity:]_block_invoke: Beginning pending operation for [com.DefaultCompany.NeonDrift/Invalid/[system-defined]]
2026-06-26 00:47:13.970 Df installcoordinationd[13220:536800] [com.apple.runningboard:process] Hit the server for a process handle 1b885b99000128e8 that resolved to: [app<com.DefaultCompany.NeonDrift((null))>:76008]
2026-06-26 00:47:13.970 Df runningboardd[13128:550911] [com.apple.runningboard:connection] Received termination request from [osservice<com.apple.installcoordinationd>:13220] on <RBSProcessPredicate <RBSProcessBundleIdentifierPredicate "com.DefaultCompany.NeonDrift">> with context <RBSTerminateContext| explanation:installcoordinationd app:[com.DefaultCompany.NeonDrift/Invalid/[system-defined]] uuid:3DACBAC8-4BE3-4FD9-B48E-E30B33367B1D isPlaceholder:Y reportType:None maxTerminationResistance:Absolute attrs:[
	<RBSPreventLaunchLimitation| <RBSProcessPredicate <RBSProcessBundleIdentifierPredicate "com.DefaultCompany.NeonDrift">> allow:(null)>
	]>
2026-06-26 00:47:13.970 Df installcoordinationd[13220:536800] [com.apple.runningboard:monitor] Received state update for 76008 (app<com.DefaultCompany.NeonDrift((null))>, running-active-NotVisible
2026-06-26 00:47:13.970 Df runningboardd[13128:550911] [com.apple.runningboard:general] Found 0 extensions contained in com.DefaultCompany.NeonDrift
2026-06-26 00:47:13.971 Df runningboardd[13128:550911] [com.apple.PlugInKit:holds] <PKManager:0x104c602a0> hold request for [/Users/dragonkao/Library/Developer/CoreSimulator/Devices/115FDF0C-5A2F-4686-909B-7F43F1450A28/data/Containers/Bundle/Application/CA155E58-225B-4219-BA46-EA1E3EE54E02/NeonDrift.app] with flags: 0x4
2026-06-26 00:47:13.971 Df NeonDrift[76008:5369e2] [com.apple.PlugInKit:discovery] Annotations changed, re-performing query for continuous discovery, report block = <0x11ad2b030>.
2026-06-26 00:47:13.971 Df runningboardd[13128:550911] [com.apple.PlugInKit:holds] <PKManager:0x104c602a0> hold request for [/Users/dragonkao/Library/Developer/CoreSimulator/Devices/115FDF0C-5A2F-4686-909B-7F43F1450A28/data/Containers/Bundle/Application/CA155E58-225B-4219-BA46-EA1E3EE54E02/NeonDrift.app] with flags: 0x4 completed with hold token: [DA8161D8-0D0B-4E52-B74B-CDFDEE4659F4]
2026-06-26 00:47:13.971 Df NeonDrift[76008:5369cb] [com.apple.PlugInKit:discovery] Annotations changed, re-performing query for continuous discovery, report block = <0x11ad2b390>.
2026-06-26 00:47:13.971 Df runningboardd[13128:550911] [com.apple.runningboard:ttl] Acquiring assertion targeting system from originator [osservice<com.apple.installcoordinationd>:13220] with description <RBSAssertionDescriptor| "installcoordinationd app:[com.DefaultCompany.NeonDrift/Invalid/[system-defined]] uuid:3DACBAC8-4BE3-4FD9-B48E-E30B33367B1D isPlaceholder:Y" ID:13128-13220-1600 target:system attributes:[
	<RBSPreventLaunchLimitation| <RBSProcessPredicate <RBSProcessBundleIdentifierPredicate "com.DefaultCompany.NeonDrift">> allow:(null)>
	]>
2026-06-26 00:47:13.972 Df NeonDrift[76008:5369cb] [com.apple.PlugInKit:discovery] [d 9EB994D9-F077-40C0-961A-DBBF2853AFC2] <PKHost:0x11ad244c0> Beginning discovery for flags: 0, point: com.apple.AudioUnit-Speech
2026-06-26 00:47:13.972 Df NeonDrift[76008:5369e2] [com.apple.PlugInKit:discovery] [d 8992CE51-C032-4818-828A-5FDAB50BF2C9] <PKHost:0x11ad244c0> Beginning discovery for flags: 0, point: com.apple.AudioUnit
2026-06-26 00:47:13.972 Df NeonDrift[76008:5369e1] [com.apple.PlugInKit:discovery] Annotations changed, re-performing query for continuous discovery, report block = <0x11ad2b540>.
2026-06-26 00:47:13.972 Df NeonDrift[76008:5369e1] [com.apple.PlugInKit:discovery] [d FCFBEC54-5E4D-4644-8005-CF01B78305A8] <PKHost:0x11ad244c0> Beginning discovery for flags: 0, point: com.apple.AudioUnit-UI
2026-06-26 00:47:13.973 Df SpringBoard[13125:4bdd22] [com.apple.SpringBoard:Common] termination assertion acquired for com.DefaultCompany.NeonDrift
2026-06-26 00:47:13.973 Df SpringBoard[13125:4bdd22] [com.apple.SpringBoard:Icon] 0x11fa327c0-SBApplicationIcon Data source did change: <SBApplication: 0x122c33d00; com.DefaultCompany.NeonDrift> {
    processState = <SBApplicationProcessState: 0x1080e3de0; pid: 76008; taskState: Running; visibility: Foreground>;
} (SBApplication)
2026-06-26 00:47:13.974 Df runningboardd[13128:550911] [com.apple.runningboard:process] Executing termination request for: <RBSProcessPredicate <RBSProcessBundleIdentifierPredicate "com.DefaultCompany.NeonDrift">>
2026-06-26 00:47:13.974 Df runningboardd[13128:550911] [com.apple.runningboard:process] [app<com.DefaultCompany.NeonDrift((null))>:76008] Terminating with context: <RBSTerminateContext| explanation:installcoordinationd app:[com.DefaultCompany.NeonDrift/Invalid/[system-defined]] uuid:3DACBAC8-4BE3-4FD9-B48E-E30B33367B1D isPlaceholder:Y reportType:None maxTerminationResistance:Absolute attrs:[
	<RBSPreventLaunchLimitation| <RBSProcessPredicate <RBSProcessBundleIdentifierPredicate "com.DefaultCompany.NeonDrift">> allow:(null)>
	]>
2026-06-26 00:47:13.974 Df runningboardd[13128:550911] [com.apple.runningboard:process] [app<com.DefaultCompany.NeonDrift((null))>:76008] terminate_with_reason() success
2026-06-26 00:47:13.974 Df backboardd[13147:55091d] [com.apple.iohid:default] Connection removed: IOHIDEventSystemConnection uuid:9E26D846-279F-4BEB-AE21-5417541C35C3 pid:76008 process:NeonDrift type:Passive entitlements:0x0 caller:BackBoardServices: ___getHIDEventSystemClient_block_invoke + 296 attributes:{
    HighFrequency = 0;
    bundleID = "com.DefaultCompany.NeonDrift";
    pid = 76008;
} state:0x1 events:0 mask:0x0 dropped:0 dropStatus:0 droppedMask:0x0 lastDroppedTime:NONE
2026-06-26 00:47:13.974 Df backboardd[13147:55091e] [com.apple.iohid:default] Connection removed: IOHIDEventSystemConnection uuid:F490E702-EEEF-44D0-B0C9-FBE47FC9523B pid:76008 process:NeonDrift type:Monitor entitlements:0x0 caller:GameControllerFoundation: -[GCHIDEventSystemClient initWithQueue:type:attributes:functions:] + 116 attributes:(null) state:0x1 events:0 mask:0x0 dropped:0 dropStatus:0 droppedMask:0x0 lastDroppedTime:NONE
2026-06-26 00:47:13.974 Df backboardd[13147:55091d] [com.apple.BackBoard:HID] Removing client connection <BKHIDClientConnection: 0x10d3fed00; IOHIDEventSystemConnectionRef: 0x105eecc00; vpid: 76008(v19181A); taskPort: 0x228A3; bundleID: com.DefaultCompany.NeonDrift> for client: IOHIDEventSystemConnection uuid:9E26D846-279F-4BEB-AE21-5417541C35C3 pid:76008 process:NeonDrift type:Passive entitlements:0x0 caller:BackBoardServices: ___getHIDEventSystemClient_block_invoke + 296 attributes:{
    HighFrequency = 0;
    bundleID = "com.DefaultCompany.NeonDrift";
    pid = 76008;
} state:0x1 events:0 mask:0x0 dropped:0 dropStatus:0 droppedMask:0x0 lastDroppedTime:NONE source:HID
2026-06-26 00:47:13.975 Df SpringBoard[13125:54f7dd] [com.apple.KeyboardArbiter:Handle] com.DefaultCompany.NeonDrift(76008) lostConnection (invalidation)
2026-06-26 00:47:13.975 Df SpringBoard[13125:55091f] [com.apple.FrontBoard:ProcessWorkspace] [app<com.DefaultCompany.NeonDrift>:76008] Workspace connection invalidated.
2026-06-26 00:47:13.975 Df SpringBoard[13125:55091f] [com.apple.FrontBoard:Process] [app<com.DefaultCompany.NeonDrift>:76008] Now flagged as pending exit for reason: workspace client connection invalidated
2026-06-26 00:47:13.975 Df installcoordinationd[13220:550903] [com.apple.runningboard:assertion] Setting up death monitor for [app<com.DefaultCompany.NeonDrift((null))>:76008]
2026-06-26 00:47:13.975 Df installcoordinationd[13220:550903] [com.apple.runningboard:process] Starting death monitoring for handle [app<com.DefaultCompany.NeonDrift((null))>:76008]
2026-06-26 00:47:13.975 Df runningboardd[13128:550911] [com.apple.runningboard:process] XPC connection invalidated: [app<com.DefaultCompany.NeonDrift((null))>:76008]
2026-06-26 00:47:13.975 Df installcoordinationd[13220:5097ab] [com.apple.appinstallation:TransactionLog] com.DefaultCompany.NeonDrift/Unknown Persona:4:9:1:1:Placeholder Promise began. Coordinator State: IXAppCoordinationStateWaitingForPlaceholderAssertion
2026-06-26 00:47:13.975 Df installcoordinationd[13220:5097ab] [com.apple.installcoordination:daemon] -[IXSCoordinatorProgress setTotalUnitsCompleted:]: Progress for coordinator: [com.DefaultCompany.NeonDrift/Invalid/[system-defined]], Phase: IXCoordinatorProgressPhaseLoading, Percentage: 100.000000: Attempt to set units completed on finished progress: 100
2026-06-26 00:47:13.975 Df SpringBoard[13125:54f7dd] [com.apple.KeyboardArbiter:Handle] RX com.DefaultCompany.NeonDrift(76008) setWindowContextID:0 windowState:Disabled level:0.0
    focusContext:(null)
2026-06-26 00:47:13.975 Df installcoordinationd[13220:5097ab] [com.apple.appinstallation:TransactionLog] com.DefaultCompany.NeonDrift/Unknown Persona:4:9:2:1:Placeholder Promise completed. Coordinator State: IXAppCoordinationStateWaitingForPlaceholderAssertion
2026-06-26 00:47:13.976 Df SpringBoard[13125:4bdd22] [com.apple.SpringBoard:KeyboardFocus] [coordinator] using MRU target <com.apple.frontboard.systemappservices/FBSceneManager:sceneID%3Acom.DefaultCompany.NeonDrift-default pid:76008>
2026-06-26 00:47:13.976 Df CoreSimulatorBridge[13156:539ae2] [com.apple.installcoordination:framework] -[IXAppInstallCoordinator _clientDelegate_promiseDidBeginFulfillmentWithIdentifier:]: <IXUpdatingAppInstallCoordinator<0x103458780> identity:[com.DefaultCompany.NeonDrift/Invalid/[system-defined]] uuid:3DACBAC8-4BE3-4FD9-B48E-E30B33367B1D creator:InstallCoordination Simple SPI>: Got promise did begin fulfillment for identifier 1
2026-06-26 00:47:13.976 Df CoreSimulatorBridge[13156:539ae2] [com.apple.installcoordination:framework] -[IXAppInstallCoordinator _clientDelegate_promiseDidBeginFulfillmentWithIdentifier:]_block_invoke: <IXUpdatingAppInstallCoordinator<0x103458780> identity:[com.DefaultCompany.NeonDrift/Invalid/[system-defined]] uuid:3DACBAC8-4BE3-4FD9-B48E-E30B33367B1D creator:InstallCoordination Simple SPI>: Observer <_IXSimpleInstallerDelegate 0x0x101b19b00> does not respond to coordinator:configuredPromiseDidBeginFulfillment: (or any deprecated equivalent)
2026-06-26 00:47:13.976 Df SpringBoard[13125:4bdd22] [com.apple.SpringBoard:KeyboardFocus] [coordinator] informing scene controller 'com.apple.springboard' of focusTarget: <com.apple.frontboard.systemappservices/FBSceneManager:sceneID%3Acom.DefaultCompany.NeonDrift-default pid:76008>
2026-06-26 00:47:13.976 Df backboardd[13147:54ba23] [com.apple.BackBoard:EventDelivery] chain did update (setDeferringRules) <keyboardFocus; display: null> containsEndOfChain: YES; [
    <token: com.apple.frontboard.systemappservices/FBSceneManager:com.apple.springboard; pid: 13125>,
    <token: com.apple.frontboard.systemappservices/FBSceneManager:sceneID%3Acom.DefaultCompany.NeonDrift-default; pid: 76008>
]
2026-06-26 00:47:13.976 Df SpringBoard[13125:4bdd22] [com.apple.SpringBoard:KeyboardFocus] [coordinator] keyboard arbiter suggested <nothing> and we replied <com.apple.frontboard.systemappservices/FBSceneManager:sceneID%3Acom.DefaultCompany.NeonDrift-default pid:76008>
2026-06-26 00:47:13.976 Df backboardd[13147:54ba23] [com.apple.BackBoard:EventDelivery] chain did update (setDeferringRules) <keyboardFocus; display: builtin> containsEndOfChain: YES; [
    <token: com.apple.frontboard.systemappservices/FBSceneManager:com.apple.springboard; pid: 13125>,
    <token: com.apple.frontboard.systemappservices/FBSceneManager:sceneID%3Acom.DefaultCompany.NeonDrift-default; pid: 76008>
]
2026-06-26 00:47:13.976 E  SpringBoard[13125:54f7dd] [com.apple.UIKit:KeyboardArbiter] Advisor: No handle found for currently focused PID: 76008; sceneIdentity: com.apple.frontboard.systemappservices/FBSceneManager:sceneID%3Acom.DefaultCompany.NeonDrift-default
2026-06-26 00:47:13.986 Df launchd_sim[13120:55073d] [user/501/UIKitApplication:com.DefaultCompany.NeonDrift[28b1][rb-legacy] [76008]:] exited with exit reason (namespace: 15 code: 0x0) - OS_REASON_RUNNINGBOARD | <RBSTerminateContext| explanation:installcoordinationd app:[com.DefaultCompany.NeonDrift/Invalid/[system-defined]] uuid:3DACBAC8-4BE3-4FD9-B48E-E30B33367B1D isPlaceholder:Y reportType:None maxTerminationResistance:Absolute attrs:[
	<RBSPreventLaunchLimitation| <RBSProcessPredicate <RBSProcessBundleIdentifierPredicate "com.DefaultCompany.NeonDrift">> allow:(null)>
	]>, ran for 1454666ms
2026-06-26 00:47:13.986 Df launchd_sim[13120:55073d] [user/501:] service inactive: UIKitApplication:com.DefaultCompany.NeonDrift[28b1][rb-legacy]
2026-06-26 00:47:13.986 Df runningboardd[13128:550911] [com.apple.runningboard:ttl] [app<com.DefaultCompany.NeonDrift((null))>:76008] termination reported by launchd (15, 0, 9)
2026-06-26 00:47:13.986 Df runningboardd[13128:550911] [com.apple.runningboard:process] Removing process: [app<com.DefaultCompany.NeonDrift((null))>:76008]
2026-06-26 00:47:13.986 Df runningboardd[13128:550911] [com.apple.runningboard:job] Removing launch job for: [app<com.DefaultCompany.NeonDrift((null))>:76008]
2026-06-26 00:47:13.987 Df launchd_sim[13120:55073f] [user/501:] removing service: UIKitApplication:com.DefaultCompany.NeonDrift[28b1][rb-legacy]
2026-06-26 00:47:13.987 Df runningboardd[13128:550911] [com.apple.runningboard:job] Removed job for [app<com.DefaultCompany.NeonDrift((null))>:76008]
2026-06-26 00:47:13.987 Df runningboardd[13128:550911] [com.apple.runningboard:process] Removing assertions for terminated process: [app<com.DefaultCompany.NeonDrift((null))>:76008]
2026-06-26 00:47:13.987 Df runningboardd[13128:550911] [com.apple.runningboard:assertion] Removed last relative-start-date-defining assertion for process app<com.DefaultCompany.NeonDrift((null))>
2026-06-26 00:47:13.987 Df runningboardd[13128:550912] [com.apple.runningboard:process] Notifying connection [osservice<com.apple.SpringBoard>:13125] that process [app<com.DefaultCompany.NeonDrift((null))>:76008] exited with context <RBSProcessExitContext| specific, status:<RBSProcessExitStatus| domain:runningboard(15) code:0>>
2026-06-26 00:47:13.987 Df runningboardd[13128:550945] [com.apple.runningboard:monitor] Calculated state for app<com.DefaultCompany.NeonDrift((null))>: none (role: None) (endowments: (null))
2026-06-26 00:47:13.987 Df runningboardd[13128:550912] [com.apple.runningboard:process] Notifying connection [osservice<com.apple.installcoordinationd>:13220] that process [app<com.DefaultCompany.NeonDrift((null))>:76008] exited with context <RBSProcessExitContext| specific, status:<RBSProcessExitStatus| domain:runningboard(15) code:0>>
2026-06-26 00:47:13.987 Df runningboardd[13128:550912] [com.apple.runningboard:monitor] Calculated state for app<com.DefaultCompany.NeonDrift((null))>: none (role: None) (endowments: (null))
2026-06-26 00:47:13.987 Df SpringBoard[13125:55091f] [com.apple.FrontBoard:ProcessWorkspace] [app<com.DefaultCompany.NeonDrift>:76008] Workspace assertion invalidated: <NSError: 0x122e424c0; domain: RBSAssertionErrorDomain; code: 1; "Assertions were invalidated, count = 3.
13128-13125-1493: invalidation reason: 1
13128-13125-1494: invalidation reason: 1
13128-13125-1498: invalidation reason: 1">
2026-06-26 00:47:13.988 Df SpringBoard[13125:55091f] [com.apple.runningboard:process] Calling process death completion block for handle [app<com.DefaultCompany.NeonDrift((null))>:76008]
2026-06-26 00:47:13.988 Df installcoordinationd[13220:536800] [com.apple.runningboard:process] Calling process death completion block for handle [app<com.DefaultCompany.NeonDrift((null))>:76008]
2026-06-26 00:47:13.988 Df installcoordinationd[13220:536800] [com.apple.runningboard:assertion] Death monitor triggered for [app<com.DefaultCompany.NeonDrift((null))>:76008]
2026-06-26 00:47:13.988 Df SpringBoard[13125:55091f] [com.apple.FrontBoard:Process] [app<com.DefaultCompany.NeonDrift>:76008] Process exited: <RBSProcessExitContext| specific, status:<RBSProcessExitStatus| domain:runningboard(15) code:0>>.
