    "<LSApplicationProxy: 0x103b9c780> com.DefaultCompany.NeonDrift file:///Users/dragonkao/Library/Developer/CoreSimulator/Devices/115FDF0C-5A2F-4686-909B-7F43F1450A28/data/Containers/Bundle/Application/FD274A7F-D2AB-4CC7-88FC-CA679BC2172D/NeonDrift.app/ <com.DefaultCompany.NeonDrift <installed >:0>"
)
2026-06-26 00:22:57.591 Df financed[13231:535fa8] [com.apple.launchservices:appinstallation] LaunchServices observer: Will install (
    "<LSApplicationProxy: 0x1079fb3c0> com.DefaultCompany.NeonDrift file:///Users/dragonkao/Library/Developer/CoreSimulator/Devices/115FDF0C-5A2F-4686-909B-7F43F1450A28/data/Containers/Bundle/Application/FD274A7F-D2AB-4CC7-88FC-CA679BC2172D/NeonDrift.app/ <com.DefaultCompany.NeonDrift <installed >:0>"
)
2026-06-26 00:22:57.591 Df gamed[13228:536884] [com.apple.launchservices:appinstallation] LaunchServices observer: Will install (
    "<LSApplicationProxy: 0x101f2c240> com.DefaultCompany.NeonDrift file:///Users/dragonkao/Library/Developer/CoreSimulator/Devices/115FDF0C-5A2F-4686-909B-7F43F1450A28/data/Containers/Bundle/Application/FD274A7F-D2AB-4CC7-88FC-CA679BC2172D/NeonDrift.app/ <com.DefaultCompany.NeonDrift <installed >:0>"
)
2026-06-26 00:22:57.592 Df mobiletimerd[13140:53661a] [com.apple.launchservices:appinstallation] LaunchServices observer: Will install (
    "<LSApplicationProxy: 0x103e24600> com.DefaultCompany.NeonDrift file:///Users/dragonkao/Library/Developer/CoreSimulator/Devices/115FDF0C-5A2F-4686-909B-7F43F1450A28/data/Containers/Bundle/Application/FD274A7F-D2AB-4CC7-88FC-CA679BC2172D/NeonDrift.app/ <com.DefaultCompany.NeonDrift <installed >:0>"
)
2026-06-26 00:22:57.592 Df activityawardsd[13316:522499] [com.apple.launchservices:appinstallation] LaunchServices observer: Will install (
    "<LSApplicationProxy: 0x10192ccc0> com.DefaultCompany.NeonDrift file:///Users/dragonkao/Library/Developer/CoreSimulator/Devices/115FDF0C-5A2F-4686-909B-7F43F1450A28/data/Containers/Bundle/Application/FD274A7F-D2AB-4CC7-88FC-CA679BC2172D/NeonDrift.app/ <com.DefaultCompany.NeonDrift <installed >:0>"
)
2026-06-26 00:22:57.592 Df PosterBoard[13202:536893] [com.apple.launchservices:appinstallation] LaunchServices observer: Will install (
    "<LSApplicationProxy: 0x1062f5980> com.DefaultCompany.NeonDrift file:///Users/dragonkao/Library/Developer/CoreSimulator/Devices/115FDF0C-5A2F-4686-909B-7F43F1450A28/data/Containers/Bundle/Application/FD274A7F-D2AB-4CC7-88FC-CA679BC2172D/NeonDrift.app/ <com.DefaultCompany.NeonDrift <installed >:0>"
)
2026-06-26 00:22:57.592 Df callservicesd[13196:536835] [com.apple.launchservices:appinstallation] LaunchServices observer: Will install (
    "<LSApplicationProxy: 0x106e7cfc0> com.DefaultCompany.NeonDrift file:///Users/dragonkao/Library/Developer/CoreSimulator/Devices/115FDF0C-5A2F-4686-909B-7F43F1450A28/data/Containers/Bundle/Application/FD274A7F-D2AB-4CC7-88FC-CA679BC2172D/NeonDrift.app/ <com.DefaultCompany.NeonDrift <installed >:0>"
)
2026-06-26 00:22:57.592 Df sleepd[13153:536889] [com.apple.launchservices:appinstallation] LaunchServices observer: Will install (
    "<LSApplicationProxy: 0x103a60000> com.DefaultCompany.NeonDrift file:///Users/dragonkao/Library/Developer/CoreSimulator/Devices/115FDF0C-5A2F-4686-909B-7F43F1450A28/data/Containers/Bundle/Application/FD274A7F-D2AB-4CC7-88FC-CA679BC2172D/NeonDrift.app/ <com.DefaultCompany.NeonDrift <installed >:0>"
)
2026-06-26 00:22:57.592 Df deviceaccessd[13225:535fa9] [com.apple.launchservices:appinstallation] LaunchServices observer: Will install (
    "<LSApplicationProxy: 0x105d706c0> com.DefaultCompany.NeonDrift file:///Users/dragonkao/Library/Developer/CoreSimulator/Devices/115FDF0C-5A2F-4686-909B-7F43F1450A28/data/Containers/Bundle/Application/FD274A7F-D2AB-4CC7-88FC-CA679BC2172D/NeonDrift.app/ <com.DefaultCompany.NeonDrift <installed >:0>"
)
2026-06-26 00:22:57.592 Df routined[13133:536887] [com.apple.launchservices:appinstallation] LaunchServices observer: Will install (
    "<LSApplicationProxy: 0x109160e40> com.DefaultCompany.NeonDrift file:///Users/dragonkao/Library/Developer/CoreSimulator/Devices/115FDF0C-5A2F-4686-909B-7F43F1450A28/data/Containers/Bundle/Application/FD274A7F-D2AB-4CC7-88FC-CA679BC2172D/NeonDrift.app/ <com.DefaultCompany.NeonDrift <installed >:0>"
)
2026-06-26 00:22:57.592 Df activitysharingd[13524:53688a] [com.apple.launchservices:appinstallation] LaunchServices observer: Will install (
    "<LSApplicationProxy: 0x1019bce40> com.DefaultCompany.NeonDrift file:///Users/dragonkao/Library/Developer/CoreSimulator/Devices/115FDF0C-5A2F-4686-909B-7F43F1450A28/data/Containers/Bundle/Application/FD274A7F-D2AB-4CC7-88FC-CA679BC2172D/NeonDrift.app/ <com.DefaultCompany.NeonDrift <installed >:0>"
)
2026-06-26 00:22:57.592 Df privacyaccountingd[13953:509839] [com.apple.launchservices:appinstallation] LaunchServices observer: Will install (
    "<LSApplicationProxy: 0x1031040c0> com.DefaultCompany.NeonDrift file:///Users/dragonkao/Library/Developer/CoreSimulator/Devices/115FDF0C-5A2F-4686-909B-7F43F1450A28/data/Containers/Bundle/Application/FD274A7F-D2AB-4CC7-88FC-CA679BC2172D/NeonDrift.app/ <com.DefaultCompany.NeonDrift <installed >:0>"
)
2026-06-26 00:22:57.592 Df donotdisturbd[13175:536847] [com.apple.launchservices:appinstallation] LaunchServices observer: Will install (
    "<LSApplicationProxy: 0x1041e1800> com.DefaultCompany.NeonDrift file:///Users/dragonkao/Library/Developer/CoreSimulator/Devices/115FDF0C-5A2F-4686-909B-7F43F1450A28/data/Containers/Bundle/Application/FD274A7F-D2AB-4CC7-88FC-CA679BC2172D/NeonDrift.app/ <com.DefaultCompany.NeonDrift <installed >:0>"
)
2026-06-26 00:22:57.592 Df SpringBoard[13125:536851] [com.apple.frontboard.ApplicationLibrary:observer] -[FBSApplicationLibrary applicationsWillInstall:] com.DefaultCompany.NeonDrift
2026-06-26 00:22:57.592 Df nsurlsessiond[13176:53653b] [com.apple.launchservices:appinstallation] LaunchServices observer: Will install (
    "<LSApplicationProxy: 0x10365c3c0> com.DefaultCompany.NeonDrift file:///Users/dragonkao/Library/Developer/CoreSimulator/Devices/115FDF0C-5A2F-4686-909B-7F43F1450A28/data/Containers/Bundle/Application/FD274A7F-D2AB-4CC7-88FC-CA679BC2172D/NeonDrift.app/ <com.DefaultCompany.NeonDrift <installed >:0>"
)
2026-06-26 00:22:57.593 Df installd[13265:5080c7] (MobileSystemServices) 0x16bc53000 -[MIClientConnection _doInstallationForURL:identity:domain:options:operationType:completion:]: Install of "/Users/dragonkao/Library/Developer/CoreSimulator/Devices/115FDF0C-5A2F-4686-909B-7F43F1450A28/data/Containers/Shared/SystemGroup/systemgroup.com.apple.installcoordinationd/Library/InstallCoordination/PromiseStaging/78AAA0E6-EA29-473F-90BC-EF9DE22FC96A/NeonDrift.app" type Developer (LSInstallType = 0, Domain: MIInstallationDomainDefault) requested by installcoordinationd (pid 13220 (501/20))
2026-06-26 00:22:57.594 Df CoreSimulatorBridge[13156:51527f] [com.apple.installcoordination:framework] -[IXAppInstallCoordinator _clientDelegate_didUpdateProgress:forPhase:overallProgress:]: <IXUpdatingAppInstallCoordinator<0x1034584c0> identity:[com.DefaultCompany.NeonDrift/Invalid/[system-defined]] uuid:67CF886B-B145-45B0-B41D-207EED53BC8C creator:InstallCoordination Simple SPI>: Got did update progress delegate with percentComplete 5.000000 phase IXCoordinatorProgressPhaseInstalling overallProgress 62.000000
2026-06-26 00:22:57.594 Df CoreSimulatorBridge[13156:51527f] [com.apple.installcoordination:framework] -[IXAppInstallCoordinator _clientDelegate_didUpdateProgress:forPhase:overallProgress:]: <IXUpdatingAppInstallCoordinator<0x1034584c0> identity:[com.DefaultCompany.NeonDrift/Invalid/[system-defined]] uuid:67CF886B-B145-45B0-B41D-207EED53BC8C creator:InstallCoordination Simple SPI>: Got did update progress delegate with percentComplete 15.000000 phase IXCoordinatorProgressPhaseInstalling overallProgress 66.000000
2026-06-26 00:22:57.594 Df CoreSimulatorBridge[13156:50629e] [com.apple.installcoordination:framework] -[IXAppInstallCoordinator _clientDelegate_didUpdateProgress:forPhase:overallProgress:]_block_invoke: <IXUpdatingAppInstallCoordinator<0x1034584c0> identity:[com.DefaultCompany.NeonDrift/Invalid/[system-defined]] uuid:67CF886B-B145-45B0-B41D-207EED53BC8C creator:InstallCoordination Simple SPI>: Calling selector coordinator:didUpdateProgress:forPhase:overallProgress: on observer <_IXSimpleInstallerDelegate 0x0x101b1aeb0>
2026-06-26 00:22:57.594 Df CoreSimulatorBridge[13156:51527f] [com.apple.installcoordination:framework] -[IXAppInstallCoordinator _clientDelegate_didUpdateProgress:forPhase:overallProgress:]: <IXUpdatingAppInstallCoordinator<0x1034584c0> identity:[com.DefaultCompany.NeonDrift/Invalid/[system-defined]] uuid:67CF886B-B145-45B0-B41D-207EED53BC8C creator:InstallCoordination Simple SPI>: Got did update progress delegate with percentComplete 20.000000 phase IXCoordinatorProgressPhaseInstalling overallProgress 68.000000
2026-06-26 00:22:57.594 Df CoreSimulatorBridge[13156:50629e] [com.apple.installcoordination:framework] -[IXAppInstallCoordinator _clientDelegate_didUpdateProgress:forPhase:overallProgress:]_block_invoke: <IXUpdatingAppInstallCoordinator<0x1034584c0> identity:[com.DefaultCompany.NeonDrift/Invalid/[system-defined]] uuid:67CF886B-B145-45B0-B41D-207EED53BC8C creator:InstallCoordination Simple SPI>: Calling selector coordinator:didUpdateProgress:forPhase:overallProgress: on observer <_IXSimpleInstallerDelegate 0x0x101b1aeb0>
2026-06-26 00:22:57.594 Df CoreSimulatorBridge[13156:50629e] [com.apple.installcoordination:framework] -[IXAppInstallCoordinator _clientDelegate_didUpdateProgress:forPhase:overallProgress:]_block_invoke: <IXUpdatingAppInstallCoordinator<0x1034584c0> identity:[com.DefaultCompany.NeonDrift/Invalid/[system-defined]] uuid:67CF886B-B145-45B0-B41D-207EED53BC8C creator:InstallCoordination Simple SPI>: Calling selector coordinator:didUpdateProgress:forPhase:overallProgress: on observer <_IXSimpleInstallerDelegate 0x0x101b1aeb0>
2026-06-26 00:22:57.596 Df installd[13265:5080c7] [com.apple.containermanager:xpc] Query; euid = 501, uid = 501, class = 1, identifier = [com.DefaultCompany.NeonDrift](1), flags = 300000002
2026-06-26 00:22:57.597 Df installd[13265:5080c7] [com.apple.containermanager:xpc] Query; euid = 501, uid = 501, class = 1, identifier = [com.DefaultCompany.NeonDrift](1), flags = 300000002
2026-06-26 00:22:57.599 Df installd[13265:5080c7] [com.apple.containermanager:xpc] Query; euid = 501, uid = 501, class = 1, identifier = [com.DefaultCompany.NeonDrift](1), flags = 300000002
2026-06-26 00:22:57.599 Df installcoordinationd[13220:5367ff] [com.apple.installcoordination:daemon] -[IXSCoordinatorProgress setTotalUnitsCompleted:]: Progress for coordinator: [com.DefaultCompany.NeonDrift/Invalid/[system-defined]], Phase: IXCoordinatorProgressPhaseInstalling, Percentage: 20.000000: Attempt to set units completed on finished progress: 20
2026-06-26 00:22:57.599 Df SpringBoard[13125:4bdd22] [com.apple.frontboard.ApplicationLibrary:sb.placeholder] App placeholder proxies added: (
    "<SBApplicationPlaceholderProxy: 0x12612c900; com.DefaultCompany.NeonDrift (NeonDrift); LSInstallType: StoreDownload>"
), currentlyKnownExistingPlaceholders: {
}
2026-06-26 00:22:57.599 Df SpringBoard[13125:4bdd22] [com.apple.appinstallation:TransactionLog] com.DefaultCompany.NeonDrift/Unknown Persona:10:0:1:1:Placeholder add BEGIN
2026-06-26 00:22:57.599 Df installd[13265:5080c7] [com.apple.containermanager:xpc] Query; euid = 501, uid = 501, class = 1, identifier = [com.DefaultCompany.NeonDrift](1), flags = 300000002
2026-06-26 00:22:57.599 Df SpringBoard[13125:4bdd22] [com.apple.SpringBoard:Icon] <<SBLeafIcon:0x11fa327c0 [com.DefaultCompany.NeonDrift]>> Changing active data source: <SBApplicationIcon: 0x11fa327c0; nodeID: com.DefaultCompany.NeonDrift; bundleID: com.DefaultCompany.NeonDrift>
2026-06-26 00:22:57.600 Df SpringBoard[13125:4bdd22] [com.apple.SpringBoard:Icon] <<SBLeafIcon:0x11fa327c0 [com.DefaultCompany.NeonDrift]>> Changing from data souce: com.DefaultCompany.NeonDrift to data source:com.DefaultCompany.NeonDrift.
2026-06-26 00:22:57.600 Df SpringBoard[13125:4bdd22] [com.apple.appinstallation:TransactionLog] com.DefaultCompany.NeonDrift/Unknown Persona:10:1:3:1:Created icon for placeholder.
2026-06-26 00:22:57.601 Df SpringBoard[13125:4bdd22] [com.apple.installcoordination:framework] +[IXAppInstallCoordinator removabilityForAppWithIdentity:error:]: Returning locally read removability, PossibleAndAllowed, for identity:[com.DefaultCompany.NeonDrift/Invalid/[system-defined]]
2026-06-26 00:22:57.601 Df SpringBoard[13125:4bdd22] [com.apple.frontboard.ApplicationLibrary:sb.placeholder] Placeholders added: (
    "<SBApplicationPlaceholder: 0x1029c2fd0; bundleIdentifier: com.DefaultCompany.NeonDrift; displayName: NeonDrift; progress: 0%; state: Waiting; canPromote?: YES; canCancel?: YES>"
), modified: (
), removed: (null)
2026-06-26 00:22:57.601 Df installd[13265:5080c7] (MobileSystemServices) 0x16bc53000 -[MIInstaller _installInstallable:containingSymlink:error:]: Installing <MIInstallableBundle ID=com.DefaultCompany.NeonDrift; Persona=com.apple.containermanager.primary-persona, Version=0, ShortVersion=1.0>
2026-06-26 00:22:57.601 Df installd[13265:5080c7] [com.apple.appinstallation:TransactionLog] com.DefaultCompany.NeonDrift/com.apple.containermanager.primary-persona:7:1:1:1:Start : Install (Patch Update)
2026-06-26 00:22:57.601 Df installd[13265:5080c7] (MobileSystemServices) 0x16bc53000 -[MIInstallable applyPatchWithError:]: Attempting Delta patch update of com.DefaultCompany.NeonDrift from 0 (1.0) to 0 (1.0)
2026-06-26 00:22:57.602 Df CoreSimulatorBridge[13156:51527f] [com.apple.installcoordination:framework] -[IXAppInstallCoordinator _clientDelegate_didUpdateProgress:forPhase:overallProgress:]: <IXUpdatingAppInstallCoordinator<0x1034584c0> identity:[com.DefaultCompany.NeonDrift/Invalid/[system-defined]] uuid:67CF886B-B145-45B0-B41D-207EED53BC8C creator:InstallCoordination Simple SPI>: Got did update progress delegate with percentComplete 30.000000 phase IXCoordinatorProgressPhaseInstalling overallProgress 72.000000
2026-06-26 00:22:57.602 Df CoreSimulatorBridge[13156:51527f] [com.apple.installcoordination:framework] -[IXAppInstallCoordinator _clientDelegate_didUpdateProgress:forPhase:overallProgress:]: <IXUpdatingAppInstallCoordinator<0x1034584c0> identity:[com.DefaultCompany.NeonDrift/Invalid/[system-defined]] uuid:67CF886B-B145-45B0-B41D-207EED53BC8C creator:InstallCoordination Simple SPI>: Got did update progress delegate with percentComplete 35.000000 phase IXCoordinatorProgressPhaseInstalling overallProgress 74.000000
2026-06-26 00:22:57.602 Df CoreSimulatorBridge[13156:50629e] [com.apple.installcoordination:framework] -[IXAppInstallCoordinator _clientDelegate_didUpdateProgress:forPhase:overallProgress:]_block_invoke: <IXUpdatingAppInstallCoordinator<0x1034584c0> identity:[com.DefaultCompany.NeonDrift/Invalid/[system-defined]] uuid:67CF886B-B145-45B0-B41D-207EED53BC8C creator:InstallCoordination Simple SPI>: Calling selector coordinator:didUpdateProgress:forPhase:overallProgress: on observer <_IXSimpleInstallerDelegate 0x0x101b1aeb0>
2026-06-26 00:22:57.602 Df CoreSimulatorBridge[13156:50629e] [com.apple.installcoordination:framework] -[IXAppInstallCoordinator _clientDelegate_didUpdateProgress:forPhase:overallProgress:]_block_invoke: <IXUpdatingAppInstallCoordinator<0x1034584c0> identity:[com.DefaultCompany.NeonDrift/Invalid/[system-defined]] uuid:67CF886B-B145-45B0-B41D-207EED53BC8C creator:InstallCoordination Simple SPI>: Calling selector coordinator:didUpdateProgress:forPhase:overallProgress: on observer <_IXSimpleInstallerDelegate 0x0x101b1aeb0>
2026-06-26 00:22:57.611 Df appprotectiond[13144:535f86] [com.apple.appprotection:server] Received distnoted event <dictionary: 0x103d08000> { count = 3, transaction: 0, voucher = 0x103d49310, contents =
	"UserInfo" => <dictionary: 0x103c35140> { count = 2, transaction: 0, voucher = 0x0, contents =
		"isPlaceholder" => <bool: 0x1e6e64540>: true
		"bundleIDs" => <array: 0x103e60360> { count = 1, capacity = 1, contents =
			0: <string: 0x103e600c0> { string cache = 0x0, length = 28, contents = "com.DefaultCompany.NeonDrift" }
		}
	}
	"Name" => <string: 0x103e60210> { string cache = 0x0, length = 46, contents = "com.apple.LaunchServices.applicationRegistered" }
	"XPCEventName" => <string: 0x103e60330> { string cache = 0x0, length = 21, contents = "ApplicationRegistered" }
}
2026-06-26 00:22:57.611 Df appprotectiond[13144:535f86] [com.apple.appprotection:server] received note: name = com.apple.LaunchServices.applicationRegistered, object = Optional(AppProtection.DistnotedXPCEventStreamTranslator), userInfo = Optional([AnyHashable("isPlaceholder"): 1, AnyHashable("bundleIDs"): <__NSSingleObjectArrayI 0x103e301d0>(
com.DefaultCompany.NeonDrift
)
])
2026-06-26 00:22:57.611 Df appprotectiond[13144:535f86] [com.apple.appprotection:server] Received distnoted event <dictionary: 0x103d08000> { count = 3, transaction: 0, voucher = 0x103d49180, contents =
	"UserInfo" => <dictionary: 0x103c35140> { count = 2, transaction: 0, voucher = 0x0, contents =
		"isPlaceholder" => <bool: 0x1e6e64540>: true
		"bundleIDs" => <array: 0x103e60360> { count = 1, capacity = 1, contents =
			0: <string: 0x103e600c0> { string cache = 0x0, length = 28, contents = "com.DefaultCompany.NeonDrift" }
		}
	}
	"Name" => <string: 0x103e60210> { string cache = 0x0, length = 46, contents = "com.apple.LaunchServices.applicationRegistered" }
	"XPCEventName" => <string: 0x103e60330> { string cache = 0x0, length = 21, contents = "ApplicationRegistered" }
}
2026-06-26 00:22:57.611 Df appprotectiond[13144:535f86] [com.apple.appprotection:server] received note: name = com.apple.LaunchServices.applicationRegistered, object = Optional(AppProtection.DistnotedXPCEventStreamTranslator), userInfo = Optional([AnyHashable("isPlaceholder"): 1, AnyHashable("bundleIDs"): <__NSSingleObjectArrayI 0x103e301d0>(
com.DefaultCompany.NeonDrift
)
])
2026-06-26 00:22:57.611 Df appprotectiond[13144:535f86] [com.apple.appprotection:server] processing settings authority event: SettingsAuthorityEvent.promotePreferenceFromProvisionalForApplication(com.DefaultCompany.NeonDrift)
2026-06-26 00:22:57.611 Df appprotectiond[13144:535f86] [com.apple.appprotection:server] processing settings authority event: SettingsAuthorityEvent.promotePreferenceFromProvisionalForApplication(com.DefaultCompany.NeonDrift)
2026-06-26 00:22:57.616 Df SpringBoard[13125:4bdd22] [com.apple.SpringBoard:Common] termination assertion acquired for com.DefaultCompany.NeonDrift
2026-06-26 00:22:57.618 Df SpringBoard[13125:4bdd22] [com.apple.appinstallation:TransactionLog] com.DefaultCompany.NeonDrift/Unknown Persona:10:2:3:1:Reloading icon image.
2026-06-26 00:22:57.625 Df installd[13265:5080c7] [com.apple.containermanager:query] Query; euid = 501, uid = 501, class = 4, identifier = [com.DefaultCompany.NeonDrift](1), flags = 300000002
2026-06-26 00:22:57.625 Df CoreSimulatorBridge[13156:50629e] [com.apple.installcoordination:framework] -[IXAppInstallCoordinator _clientDelegate_didUpdateProgress:forPhase:overallProgress:]: <IXUpdatingAppInstallCoordinator<0x1034584c0> identity:[com.DefaultCompany.NeonDrift/Invalid/[system-defined]] uuid:67CF886B-B145-45B0-B41D-207EED53BC8C creator:InstallCoordination Simple SPI>: Got did update progress delegate with percentComplete 40.000000 phase IXCoordinatorProgressPhaseInstalling overallProgress 76.000000
2026-06-26 00:22:57.625 Df CoreSimulatorBridge[13156:50629e] [com.apple.installcoordination:framework] -[IXAppInstallCoordinator _clientDelegate_didUpdateProgress:forPhase:overallProgress:]_block_invoke: <IXUpdatingAppInstallCoordinator<0x1034584c0> identity:[com.DefaultCompany.NeonDrift/Invalid/[system-defined]] uuid:67CF886B-B145-45B0-B41D-207EED53BC8C creator:InstallCoordination Simple SPI>: Calling selector coordinator:didUpdateProgress:forPhase:overallProgress: on observer <_IXSimpleInstallerDelegate 0x0x101b1aeb0>
2026-06-26 00:22:57.625 Df installd[13265:5080c7] [com.apple.containermanager:query] Query; euid = 501, uid = 501, class = 4, identifier = [com.DefaultCompany.NeonDrift](1), flags = 300000002
2026-06-26 00:22:57.626 Df installd[13265:5080c7] [com.apple.containermanager:xpc] Query; euid = 501, uid = 501, class = 1, identifier = [com.DefaultCompany.NeonDrift](1), flags = 300000003
2026-06-26 00:22:57.626 Df CoreSimulatorBridge[13156:50629e] [com.apple.installcoordination:framework] -[IXAppInstallCoordinator _clientDelegate_didUpdateProgress:forPhase:overallProgress:]: <IXUpdatingAppInstallCoordinator<0x1034584c0> identity:[com.DefaultCompany.NeonDrift/Invalid/[system-defined]] uuid:67CF886B-B145-45B0-B41D-207EED53BC8C creator:InstallCoordination Simple SPI>: Got did update progress delegate with percentComplete 50.000000 phase IXCoordinatorProgressPhaseInstalling overallProgress 80.000000
2026-06-26 00:22:57.626 Df CoreSimulatorBridge[13156:50629e] [com.apple.installcoordination:framework] -[IXAppInstallCoordinator _clientDelegate_didUpdateProgress:forPhase:overallProgress:]_block_invoke: <IXUpdatingAppInstallCoordinator<0x1034584c0> identity:[com.DefaultCompany.NeonDrift/Invalid/[system-defined]] uuid:67CF886B-B145-45B0-B41D-207EED53BC8C creator:InstallCoordination Simple SPI>: Calling selector coordinator:didUpdateProgress:forPhase:overallProgress: on observer <_IXSimpleInstallerDelegate 0x0x101b1aeb0>
2026-06-26 00:22:57.626 E  containermanagerd_system[13173:509815] [com.apple.containermanager:schema] [com.DefaultCompany.NeonDrift(1)] Current schema version (1) is newer than the latest (0), ignoring.
2026-06-26 00:22:57.626 Df containermanagerd_system[13173:509815] [com.apple.containermanager:schema] [u 003DBB7C-C316-4A62-8D5F-38C1780445A2:p F4F1BA42-590E-488D-9897-6127632CCB74:c com.DefaultCompany.NeonDrift(1):i30344354] Successfully updated schema from (0) → (0), actions count = 0
2026-06-26 00:22:57.627 Df installd[13265:5080c7] [com.apple.containermanager:xpc] Query; euid = 501, uid = 501, class = 1, identifier = [com.DefaultCompany.NeonDrift](1), flags = 300000002
2026-06-26 00:22:57.628 Df CoreSimulatorBridge[13156:51527f] [com.apple.installcoordination:framework] -[IXAppInstallCoordinator _clientDelegate_didUpdateProgress:forPhase:overallProgress:]: <IXUpdatingAppInstallCoordinator<0x1034584c0> identity:[com.DefaultCompany.NeonDrift/Invalid/[system-defined]] uuid:67CF886B-B145-45B0-B41D-207EED53BC8C creator:InstallCoordination Simple SPI>: Got did update progress delegate with percentComplete 60.000000 phase IXCoordinatorProgressPhaseInstalling overallProgress 84.000000
2026-06-26 00:22:57.628 Df CoreSimulatorBridge[13156:51527f] [com.apple.installcoordination:framework] -[IXAppInstallCoordinator _clientDelegate_didUpdateProgress:forPhase:overallProgress:]_block_invoke: <IXUpdatingAppInstallCoordinator<0x1034584c0> identity:[com.DefaultCompany.NeonDrift/Invalid/[system-defined]] uuid:67CF886B-B145-45B0-B41D-207EED53BC8C creator:InstallCoordination Simple SPI>: Calling selector coordinator:didUpdateProgress:forPhase:overallProgress: on observer <_IXSimpleInstallerDelegate 0x0x101b1aeb0>
2026-06-26 00:22:57.629 Df installd[13265:5080c7] [com.apple.containermanager:query] Query; euid = 501, uid = 501, class = 2, identifier = [com.DefaultCompany.NeonDrift](1), flags = 300000003
2026-06-26 00:22:57.629 Df CoreSimulatorBridge[13156:50629e] [com.apple.installcoordination:framework] -[IXAppInstallCoordinator _clientDelegate_didUpdateProgress:forPhase:overallProgress:]: <IXUpdatingAppInstallCoordinator<0x1034584c0> identity:[com.DefaultCompany.NeonDrift/Invalid/[system-defined]] uuid:67CF886B-B145-45B0-B41D-207EED53BC8C creator:InstallCoordination Simple SPI>: Got did update progress delegate with percentComplete 70.000000 phase IXCoordinatorProgressPhaseInstalling overallProgress 88.000000
2026-06-26 00:22:57.629 Df CoreSimulatorBridge[13156:50629e] [com.apple.installcoordination:framework] -[IXAppInstallCoordinator _clientDelegate_didUpdateProgress:forPhase:overallProgress:]_block_invoke: <IXUpdatingAppInstallCoordinator<0x1034584c0> identity:[com.DefaultCompany.NeonDrift/Invalid/[system-defined]] uuid:67CF886B-B145-45B0-B41D-207EED53BC8C creator:InstallCoordination Simple SPI>: Calling selector coordinator:didUpdateProgress:forPhase:overallProgress: on observer <_IXSimpleInstallerDelegate 0x0x101b1aeb0>
2026-06-26 00:22:57.629 Df installd[13265:5080c7] [com.apple.containermanager:query] Query; euid = 501, uid = 501, class = 2, identifier = [com.DefaultCompany.NeonDrift](1), flags = 300000002
2026-06-26 00:22:57.637 Df CoreSimulatorBridge[13156:51527f] [com.apple.installcoordination:framework] -[IXAppInstallCoordinator _clientDelegate_didUpdateProgress:forPhase:overallProgress:]: <IXUpdatingAppInstallCoordinator<0x1034584c0> identity:[com.DefaultCompany.NeonDrift/Invalid/[system-defined]] uuid:67CF886B-B145-45B0-B41D-207EED53BC8C creator:InstallCoordination Simple SPI>: Got did update progress delegate with percentComplete 80.000000 phase IXCoordinatorProgressPhaseInstalling overallProgress 92.000000
2026-06-26 00:22:57.637 Df CoreSimulatorBridge[13156:51527f] [com.apple.installcoordination:framework] -[IXAppInstallCoordinator _clientDelegate_didUpdateProgress:forPhase:overallProgress:]_block_invoke: <IXUpdatingAppInstallCoordinator<0x1034584c0> identity:[com.DefaultCompany.NeonDrift/Invalid/[system-defined]] uuid:67CF886B-B145-45B0-B41D-207EED53BC8C creator:InstallCoordination Simple SPI>: Calling selector coordinator:didUpdateProgress:forPhase:overallProgress: on observer <_IXSimpleInstallerDelegate 0x0x101b1aeb0>
2026-06-26 00:22:57.638 Df installd[13265:5080c7] (MobileSystemServices) 0x16bc53000 -[MIInstallationJournalEntry _refreshUUIDForContainer:withError:]: Data container for com.DefaultCompany.NeonDrift is now at /Users/dragonkao/Library/Developer/CoreSimulator/Devices/115FDF0C-5A2F-4686-909B-7F43F1450A28/data/Containers/Data/Application/74E51EC6-3AB8-4318-BC53-6DBB408DCAFD
2026-06-26 00:22:57.638 Df containermanagerd[13188:4c3374] [com.apple.containermanager:schema] [u 0EBDB21F-0E16-4140-A832-2AA855B93808:p 74E51EC6-3AB8-4318-BC53-6DBB408DCAFD:c com.DefaultCompany.NeonDrift(2):i0] Successfully updated schema from (0) → (1), actions count = 6
2026-06-26 00:22:57.638 Df installd[13265:5080c7] [com.apple.containermanager:unspecified] Replace; old = [app:com.DefaultCompany.NeonDrift:501::(84536875-4E7F-440E-A722-EFAF3FF4FD98)], new = [temp-app:com.DefaultCompany.NeonDrift:501::(003DBB7C-C316-4A62-8D5F-38C1780445A2)]
2026-06-26 00:22:57.641 Df installd[13265:5080c7] [com.apple.containermanager:xpc] Query; euid = 501, uid = 501, class = 1, identifier = [com.DefaultCompany.NeonDrift](1), flags = 300000002
2026-06-26 00:22:57.641 Df installd[13265:5080c7] (MobileSystemServices) 0x16bc53000 -[MIContainer makeContainerLiveReplacingContainer:reason:waitForDeletion:withError:]: Made container live for com.DefaultCompany.NeonDrift at /Users/dragonkao/Library/Developer/CoreSimulator/Devices/115FDF0C-5A2F-4686-909B-7F43F1450A28/data/Containers/Bundle/Application/CA155E58-225B-4219-BA46-EA1E3EE54E02
2026-06-26 00:22:57.642 Df installd[13265:5080c7] [com.apple.containermanager:xpc] Query; euid = 501, uid = 501, class = 1, identifier = [com.DefaultCompany.NeonDrift](1), flags = 300000002
2026-06-26 00:22:57.642 Df dmd[13203:4bdf71] Received xpc stream event (distributed notification matching) with name: com.apple.LaunchServices.applicationRegistered user info: {
    bundleIDs =     (
        "com.DefaultCompany.NeonDrift"
    );
    isPlaceholder = 1;
}
2026-06-26 00:22:57.643 Df CoreSimulatorBridge[13156:50629e] [com.apple.installcoordination:framework] -[IXAppInstallCoordinator _clientDelegate_didUpdateProgress:forPhase:overallProgress:]: <IXUpdatingAppInstallCoordinator<0x1034584c0> identity:[com.DefaultCompany.NeonDrift/Invalid/[system-defined]] uuid:67CF886B-B145-45B0-B41D-207EED53BC8C creator:InstallCoordination Simple SPI>: Got did update progress delegate with percentComplete 90.000000 phase IXCoordinatorProgressPhaseInstalling overallProgress 96.000000
2026-06-26 00:22:57.643 Df CoreSimulatorBridge[13156:50629e] [com.apple.installcoordination:framework] -[IXAppInstallCoordinator _clientDelegate_didUpdateProgress:forPhase:overallProgress:]_block_invoke: <IXUpdatingAppInstallCoordinator<0x1034584c0> identity:[com.DefaultCompany.NeonDrift/Invalid/[system-defined]] uuid:67CF886B-B145-45B0-B41D-207EED53BC8C creator:InstallCoordination Simple SPI>: Calling selector coordinator:didUpdateProgress:forPhase:overallProgress: on observer <_IXSimpleInstallerDelegate 0x0x101b1aeb0>
2026-06-26 00:22:57.643 Df installd[13265:5080c7] [com.apple.containermanager:unspecified] Requesting disk usage; class = 1, identifier = com.DefaultCompany.NeonDrift
2026-06-26 00:22:57.645 Df installd[13265:5080c7] [com.apple.containermanager:query] Query; euid = 501, uid = 501, class = 7, identifier = [com.DefaultCompany.NeonDrift](1), flags = 300000001
2026-06-26 00:22:57.645 Df SpringBoard[13125:4bdd22] [com.apple.SpringBoard:Common] termination assertion released for com.DefaultCompany.NeonDrift
2026-06-26 00:22:57.647 Df installd[13265:5080c7] (MobileSystemServices) 0x16bc53000 -[MILaunchServicesOperationManager _onQueue_addPendingLaunchServicesOperation:error:]: Added pending LS operation <MILaunchServicesRegisterOperation: E3982B88-0966-4691-A1C5-3543C7C0BB84:24 com.DefaultCompany.NeonDrift/MIInstallationDomainSystemShared personas:[com.apple.containermanager.primary-persona]>
2026-06-26 00:22:57.648 Df lsd[13177:536854] [com.apple.launchservices:appinstallation] Post installation registration: request to register com.DefaultCompany.NeonDrift, operation E3982B88-0966-4691-A1C5-3543C7C0BB84, from pid 13265
2026-06-26 00:22:57.648 Df lsd[13177:536854] [com.apple.appinstallation:TransactionLog] com.DefaultCompany.NeonDrift/Unknown Persona:5:4:1:1:Registering bundles via registrant - start
2026-06-26 00:22:57.650 Df lsd[13177:536854] [com.apple.appinstallation:TransactionLog] com.DefaultCompany.NeonDrift/Unknown Persona:5:5:1:1:Building bundle record for app
2026-06-26 00:22:57.650 Df lsd[13177:536854] [com.apple.launchservices:appinstallation] Removed existing registered placeholder for com.DefaultCompany.NeonDrift
2026-06-26 00:22:57.650 Df lsd[13177:536854] [com.apple.launchservices:appinstallation] Removed existing registered bundle for com.DefaultCompany.NeonDrift
2026-06-26 00:22:57.650 Df lsd[13177:536854] [com.apple.appinstallation:TransactionLog] com.DefaultCompany.NeonDrift/Unknown Persona:5:5:2:1:Built bundle record for app
2026-06-26 00:22:57.650 Df lsd[13177:536854] [com.apple.launchservices:icons] clearAlternateNameForBundleIdentifier: won't clear for com.DefaultCompany.NeonDrift
2026-06-26 00:22:57.650 Df lsd[13177:536854] [com.apple.appinstallation:TransactionLog] com.DefaultCompany.NeonDrift/Unknown Persona:5:4:2:1:Registered bundle status = success
2026-06-26 00:22:57.651 Df lsd[13177:536854] [com.apple.appinstallation:TransactionLog] com.DefaultCompany.NeonDrift/Unknown Persona:5:4:2:1:Finished registering com.DefaultCompany.NeonDrift, bundle unit 574
2026-06-26 00:22:57.651 Df lsd[13177:536898] [com.apple.launchservices:progress] Installation ended for com.DefaultCompany.NeonDrift with state 5
2026-06-26 00:22:57.651 Df lsd[13177:536898] [com.apple.launchservices:progress] Discarding proportions for com.DefaultCompany.NeonDrift
2026-06-26 00:22:57.651 Df liveactivitiesd[13181:4bde28] [com.apple.launchservices:progress] Unpublishing progress block called for app com.DefaultCompany.NeonDrift
2026-06-26 00:22:57.651 Df installd[13265:5080c7] (MobileSystemServices) 0x16bc53000 -[MIJournal purgeJournalEntry:withError:]: Removing journal entry <MIInstallationJournalEntry<0x1054b0be0> [com.DefaultCompany.NeonDrift/com.apple.containermanager.primary-persona/[system-defined]]/MIInstallationDomainSystemShared op:1 phase:JournalPhaseDidRegisterWithLS version:0>
2026-06-26 00:22:57.651 Df SpringBoard[13125:4bdd22] [com.apple.launchservices:progress] Unpublishing progress block called for app com.DefaultCompany.NeonDrift
2026-06-26 00:22:57.651 Df liveactivitiesd[13181:536882] [com.apple.launchservices:progress] #LSInstallProgressList remove subscriber: <_NSProgressSubscriber: 0x101bf4bd0> publishingString: com.DefaultCompany.NeonDrift
2026-06-26 00:22:57.651 Df lsd[13177:535f51] [com.apple.launchservices:progress] Sending applicationsDidInstall: for (
    "<LSApplicationProxy: 0x1056d4000> com.DefaultCompany.NeonDrift file:///Users/dragonkao/Library/Developer/CoreSimulator/Devices/115FDF0C-5A2F-4686-909B-7F43F1450A28/data/Containers/Bundle/Application/CA155E58-225B-4219-BA46-EA1E3EE54E02/NeonDrift.app/ <com.DefaultCompany.NeonDrift <installed >:0>"
)
2026-06-26 00:22:57.651 Df SpringBoard[13125:535ffa] [com.apple.launchservices:progress] #LSInstallProgressList remove subscriber: <_NSProgressSubscriber: 0x126709320> publishingString: com.DefaultCompany.NeonDrift
2026-06-26 00:22:57.651 Df installd[13265:5080c7] [com.apple.appinstallation:TransactionLog] com.DefaultCompany.NeonDrift/com.apple.containermanager.primary-persona:7:1:2:1:Success (End) : Install (Patch Update)
2026-06-26 00:22:57.651 Df installd[13265:5080c7] (MobileSystemServices) 0x16bc53000 -[MIInstaller _logOperationCompletionWithStartTime:distributorID:]: Install successful for (Developer:com.DefaultCompany.NeonDrift) [Distributor: (null)]; Staging: 0.00s; Waiting: 0.00s; Preflight/Patch: 0.02s, Verifying: 0.00s; Overall: 0.06s
2026-06-26 00:22:57.652 Df appstored[13277:536890] [com.apple.launchservices:appinstallation] Received applicationsDidInstall:(
    "<LSApplicationProxy: 0x1026f0000> com.DefaultCompany.NeonDrift file:///Users/dragonkao/Library/Developer/CoreSimulator/Devices/115FDF0C-5A2F-4686-909B-7F43F1450A28/data/Containers/Bundle/Application/CA155E58-225B-4219-BA46-EA1E3EE54E02/NeonDrift.app/ <com.DefaultCompany.NeonDrift <installed >:0>"
)
2026-06-26 00:22:57.652 Df healthappd[13951:535fa3] [com.apple.launchservices:appinstallation] Received applicationsDidInstall:(
    "<LSApplicationProxy: 0x1036ad2c0> com.DefaultCompany.NeonDrift file:///Users/dragonkao/Library/Developer/CoreSimulator/Devices/115FDF0C-5A2F-4686-909B-7F43F1450A28/data/Containers/Bundle/Application/CA155E58-225B-4219-BA46-EA1E3EE54E02/NeonDrift.app/ <com.DefaultCompany.NeonDrift <installed >:0>"
)
2026-06-26 00:22:57.652 Df runningboardd[13128:536807] [com.apple.launchservices:appinstallation] Received applicationsDidInstall:(
    "<LSApplicationProxy: 0x104d98000> com.DefaultCompany.NeonDrift file:///Users/dragonkao/Library/Developer/CoreSimulator/Devices/115FDF0C-5A2F-4686-909B-7F43F1450A28/data/Containers/Bundle/Application/CA155E58-225B-4219-BA46-EA1E3EE54E02/NeonDrift.app/ <com.DefaultCompany.NeonDrift <installed >:0>"
)
2026-06-26 00:22:57.652 Df healthd[13135:535fa4] [com.apple.launchservices:appinstallation] Received applicationsDidInstall:(
    "<LSApplicationProxy: 0x101a94a80> com.DefaultCompany.NeonDrift file:///Users/dragonkao/Library/Developer/CoreSimulator/Devices/115FDF0C-5A2F-4686-909B-7F43F1450A28/data/Containers/Bundle/Application/CA155E58-225B-4219-BA46-EA1E3EE54E02/NeonDrift.app/ <com.DefaultCompany.NeonDrift <installed >:0>"
)
2026-06-26 00:22:57.652 Df installcoordinationd[13220:5367f3] [com.apple.installcoordination:daemon] -[IXSPendingOperationsTracker endPendingOperationForIdentity:]_block_invoke: Ending pending operation for [com.DefaultCompany.NeonDrift/Invalid/[system-defined]]
2026-06-26 00:22:57.652 Df SpringBoard[13125:535ffa] [com.apple.launchservices:appinstallation] Received applicationsDidInstall:(
    "<LSApplicationProxy: 0x11fa080c0> com.DefaultCompany.NeonDrift file:///Users/dragonkao/Library/Developer/CoreSimulator/Devices/115FDF0C-5A2F-4686-909B-7F43F1450A28/data/Containers/Bundle/Application/CA155E58-225B-4219-BA46-EA1E3EE54E02/NeonDrift.app/ <com.DefaultCompany.NeonDrift <installed >:0>"
)
2026-06-26 00:22:57.652 Df appstored[13277:536890] [com.apple.appinstallation:TransactionLog] com.DefaultCompany.NeonDrift/Unknown Persona:5:8:3:1:applicationsDidInstall <LSApplicationProxy: 0x1026f00c0> com.DefaultCompany.NeonDrift file:///Users/dragonkao/Library/Developer/CoreSimulator/Devices/115FDF0C-5A2F-4686-909B-7F43F1450A28/data/Containers/Bundle/Application/CA155E58-225B-4219-BA46-EA1E3EE54E02/NeonDrift.app/ <com.DefaultCompany.NeonDrift <installed >:0>
2026-06-26 00:22:57.652 Df liveactivitiesd[13181:536882] [com.apple.launchservices:appinstallation] Received applicationsDidInstall:(
    "<LSApplicationProxy: 0x101a99800> com.DefaultCompany.NeonDrift file:///Users/dragonkao/Library/Developer/CoreSimulator/Devices/115FDF0C-5A2F-4686-909B-7F43F1450A28/data/Containers/Bundle/Application/CA155E58-225B-4219-BA46-EA1E3EE54E02/NeonDrift.app/ <com.DefaultCompany.NeonDrift <installed >:0>"
)
2026-06-26 00:22:57.652 Df CoreSimulatorBridge[13156:50629e] [com.apple.installcoordination:framework] -[IXAppInstallCoordinator _clientDelegate_didUpdateProgress:forPhase:overallProgress:]: <IXUpdatingAppInstallCoordinator<0x1034584c0> identity:[com.DefaultCompany.NeonDrift/Invalid/[system-defined]] uuid:67CF886B-B145-45B0-B41D-207EED53BC8C creator:InstallCoordination Simple SPI>: Got did update progress delegate with percentComplete 100.000000 phase IXCoordinatorProgressPhaseInstalling overallProgress 100.000000
2026-06-26 00:22:57.652 Df CoreSimulatorBridge[13156:50629e] [com.apple.installcoordination:framework] -[IXAppInstallCoordinator _clientDelegate_didUpdateProgress:forPhase:overallProgress:]_block_invoke: <IXUpdatingAppInstallCoordinator<0x1034584c0> identity:[com.DefaultCompany.NeonDrift/Invalid/[system-defined]] uuid:67CF886B-B145-45B0-B41D-207EED53BC8C creator:InstallCoordination Simple SPI>: Calling selector coordinator:didUpdateProgress:forPhase:overallProgress: on observer <_IXSimpleInstallerDelegate 0x0x101b1aeb0>
2026-06-26 00:22:57.652 Df webbookmarksd[13224:509832] [com.apple.launchservices:appinstallation] Received applicationsDidInstall:(
    "<LSApplicationProxy: 0x101dec000> com.DefaultCompany.NeonDrift file:///Users/dragonkao/Library/Developer/CoreSimulator/Devices/115FDF0C-5A2F-4686-909B-7F43F1450A28/data/Containers/Bundle/Application/CA155E58-225B-4219-BA46-EA1E3EE54E02/NeonDrift.app/ <com.DefaultCompany.NeonDrift <installed >:0>"
)
2026-06-26 00:22:57.653 Df healthappd[13951:535fa3] [com.apple.appinstallation:TransactionLog] com.DefaultCompany.NeonDrift/Unknown Persona:5:8:3:1:applicationsDidInstall <LSApplicationProxy: 0x1036ae100> com.DefaultCompany.NeonDrift file:///Users/dragonkao/Library/Developer/CoreSimulator/Devices/115FDF0C-5A2F-4686-909B-7F43F1450A28/data/Containers/Bundle/Application/CA155E58-225B-4219-BA46-EA1E3EE54E02/NeonDrift.app/ <com.DefaultCompany.NeonDrift <installed >:0>
2026-06-26 00:22:57.653 Df lsd[13177:4bde02] [com.apple.launchservices:progress] unsubscribing from com.DefaultCompany.NeonDrift.Installing as it was unpublished
2026-06-26 00:22:57.653 Df financed[13231:535fa8] [com.apple.launchservices:appinstallation] Received applicationsDidInstall:(
    "<LSApplicationProxy: 0x1079fb3c0> com.DefaultCompany.NeonDrift file:///Users/dragonkao/Library/Developer/CoreSimulator/Devices/115FDF0C-5A2F-4686-909B-7F43F1450A28/data/Containers/Bundle/Application/CA155E58-225B-4219-BA46-EA1E3EE54E02/NeonDrift.app/ <com.DefaultCompany.NeonDrift <installed >:0>"
)
2026-06-26 00:22:57.653 Df locationd[13150:532a5e] [com.apple.launchservices:appinstallation] Received applicationsDidInstall:(
    "<LSApplicationProxy: 0x103b9c780> com.DefaultCompany.NeonDrift file:///Users/dragonkao/Library/Developer/CoreSimulator/Devices/115FDF0C-5A2F-4686-909B-7F43F1450A28/data/Containers/Bundle/Application/CA155E58-225B-4219-BA46-EA1E3EE54E02/NeonDrift.app/ <com.DefaultCompany.NeonDrift <installed >:0>"
)
2026-06-26 00:22:57.653 Df lsd[13177:4bde02] [com.apple.launchservices:progress] #LSInstallProgressList remove subscriber: <_NSProgressSubscriber: 0x1057c4990> publishingString: com.DefaultCompany.NeonDrift.Installing
2026-06-26 00:22:57.653 Df gamed[13228:535f61] [com.apple.launchservices:appinstallation] Received applicationsDidInstall:(
    "<LSApplicationProxy: 0x101f2c240> com.DefaultCompany.NeonDrift file:///Users/dragonkao/Library/Developer/CoreSimulator/Devices/115FDF0C-5A2F-4686-909B-7F43F1450A28/data/Containers/Bundle/Application/CA155E58-225B-4219-BA46-EA1E3EE54E02/NeonDrift.app/ <com.DefaultCompany.NeonDrift <installed >:0>"
)
2026-06-26 00:22:57.653 Df runningboardd[13128:536807] [com.apple.appinstallation:TransactionLog] com.DefaultCompany.NeonDrift/Unknown Persona:5:8:3:1:applicationsDidInstall <LSApplicationProxy: 0x104d980c0> com.DefaultCompany.NeonDrift file:///Users/dragonkao/Library/Developer/CoreSimulator/Devices/115FDF0C-5A2F-4686-909B-7F43F1450A28/data/Containers/Bundle/Application/CA155E58-225B-4219-BA46-EA1E3EE54E02/NeonDrift.app/ <com.DefaultCompany.NeonDrift <installed >:0>
2026-06-26 00:22:57.653 Df installcoordinationd[13220:5367f3] [com.apple.installcoordination:daemon] -[IXSCoordinatedAppInstall setComplete:]: <IXSCoordinatedAppInstall<0x1019e8200> [P=CoreSimulatorBridge (pid 13156)] identifier:[com.DefaultCompany.NeonDrift/Invalid/[system-defined]] uuid:67CF886B-B145-45B0-B41D-207EED53BC8C intent:IXCoordinatorIntentUpdating creator/appDRI:InstallCoordination Simple SPI importance:UserWaiting state:IXAppCoordinationStateComplete promise-state:PA2I4> complete!
2026-06-26 00:22:57.653 Df installcoordinationd[13220:5367f3] [com.apple.installcoordination:daemon] -[IXSPowerAssertion invalidate]: Released power assertion IXPowerAssertion-12-[com.DefaultCompany.NeonDrift/Invalid/[system-defined]]
2026-06-26 00:22:57.653 Df mobiletimerd[13140:536379] [com.apple.launchservices:appinstallation] Received applicationsDidInstall:(
    "<LSApplicationProxy: 0x103e24600> com.DefaultCompany.NeonDrift file:///Users/dragonkao/Library/Developer/CoreSimulator/Devices/115FDF0C-5A2F-4686-909B-7F43F1450A28/data/Containers/Bundle/Application/CA155E58-225B-4219-BA46-EA1E3EE54E02/NeonDrift.app/ <com.DefaultCompany.NeonDrift <installed >:0>"
)
2026-06-26 00:22:57.653 Df activityawardsd[13316:536886] [com.apple.launchservices:appinstallation] Received applicationsDidInstall:(
    "<LSApplicationProxy: 0x10192ccc0> com.DefaultCompany.NeonDrift file:///Users/dragonkao/Library/Developer/CoreSimulator/Devices/115FDF0C-5A2F-4686-909B-7F43F1450A28/data/Containers/Bundle/Application/CA155E58-225B-4219-BA46-EA1E3EE54E02/NeonDrift.app/ <com.DefaultCompany.NeonDrift <installed >:0>"
)
2026-06-26 00:22:57.653 Df healthd[13135:535fa4] [com.apple.appinstallation:TransactionLog] com.DefaultCompany.NeonDrift/Unknown Persona:5:8:3:1:applicationsDidInstall <LSApplicationProxy: 0x101a94f00> com.DefaultCompany.NeonDrift file:///Users/dragonkao/Library/Developer/CoreSimulator/Devices/115FDF0C-5A2F-4686-909B-7F43F1450A28/data/Containers/Bundle/Application/CA155E58-225B-4219-BA46-EA1E3EE54E02/NeonDrift.app/ <com.DefaultCompany.NeonDrift <installed >:0>
2026-06-26 00:22:57.653 Df callservicesd[13196:535fad] [com.apple.launchservices:appinstallation] Received applicationsDidInstall:(
    "<LSApplicationProxy: 0x106e7cfc0> com.DefaultCompany.NeonDrift file:///Users/dragonkao/Library/Developer/CoreSimulator/Devices/115FDF0C-5A2F-4686-909B-7F43F1450A28/data/Containers/Bundle/Application/CA155E58-225B-4219-BA46-EA1E3EE54E02/NeonDrift.app/ <com.DefaultCompany.NeonDrift <installed >:0>"
)
2026-06-26 00:22:57.653 Df sleepd[13153:536889] [com.apple.launchservices:appinstallation] Received applicationsDidInstall:(
    "<LSApplicationProxy: 0x103a60000> com.DefaultCompany.NeonDrift file:///Users/dragonkao/Library/Developer/CoreSimulator/Devices/115FDF0C-5A2F-4686-909B-7F43F1450A28/data/Containers/Bundle/Application/CA155E58-225B-4219-BA46-EA1E3EE54E02/NeonDrift.app/ <com.DefaultCompany.NeonDrift <installed >:0>"
)
2026-06-26 00:22:57.653 Df installcoordinationd[13220:5367f3] [com.apple.installcoordination:daemon] -[IXSDataPromise decommission]: Decommissioning <IXSPromisedTransferToPath(0x1018df480) Name:Icon resources for com.DefaultCompany.NeonDrift Creator:InstallCoordination Simple SPI UUID:FA2D0A46-32E2-41AB-A5F5-5BED3B58CDE0 Location:[system-defined]>
2026-06-26 00:22:57.653 Df deviceaccessd[13225:535fa9] [com.apple.launchservices:appinstallation] Received applicationsDidInstall:(
    "<LSApplicationProxy: 0x105d706c0> com.DefaultCompany.NeonDrift file:///Users/dragonkao/Library/Developer/CoreSimulator/Devices/115FDF0C-5A2F-4686-909B-7F43F1450A28/data/Containers/Bundle/Application/CA155E58-225B-4219-BA46-EA1E3EE54E02/NeonDrift.app/ <com.DefaultCompany.NeonDrift <installed >:0>"
)
2026-06-26 00:22:57.653 Df routined[13133:536887] [com.apple.launchservices:appinstallation] Received applicationsDidInstall:(
    "<LSApplicationProxy: 0x109160e40> com.DefaultCompany.NeonDrift file:///Users/dragonkao/Library/Developer/CoreSimulator/Devices/115FDF0C-5A2F-4686-909B-7F43F1450A28/data/Containers/Bundle/Application/CA155E58-225B-4219-BA46-EA1E3EE54E02/NeonDrift.app/ <com.DefaultCompany.NeonDrift <installed >:0>"
)
2026-06-26 00:22:57.653 Df liveactivitiesd[13181:536882] [com.apple.appinstallation:TransactionLog] com.DefaultCompany.NeonDrift/Unknown Persona:5:8:3:1:applicationsDidInstall <LSApplicationProxy: 0x101a99200> com.DefaultCompany.NeonDrift file:///Users/dragonkao/Library/Developer/CoreSimulator/Devices/115FDF0C-5A2F-4686-909B-7F43F1450A28/data/Containers/Bundle/Application/CA155E58-225B-4219-BA46-EA1E3EE54E02/NeonDrift.app/ <com.DefaultCompany.NeonDrift <installed >:0>
2026-06-26 00:22:57.654 Df webbookmarksd[13224:509832] [com.apple.appinstallation:TransactionLog] com.DefaultCompany.NeonDrift/Unknown Persona:5:8:3:1:applicationsDidInstall <LSApplicationProxy: 0x101dec0c0> com.DefaultCompany.NeonDrift file:///Users/dragonkao/Library/Developer/CoreSimulator/Devices/115FDF0C-5A2F-4686-909B-7F43F1450A28/data/Containers/Bundle/Application/CA155E58-225B-4219-BA46-EA1E3EE54E02/NeonDrift.app/ <com.DefaultCompany.NeonDrift <installed >:0>
2026-06-26 00:22:57.654 Df financed[13231:535fa8] [com.apple.appinstallation:TransactionLog] com.DefaultCompany.NeonDrift/Unknown Persona:5:8:3:1:applicationsDidInstall <LSApplicationProxy: 0x1079fb300> com.DefaultCompany.NeonDrift file:///Users/dragonkao/Library/Developer/CoreSimulator/Devices/115FDF0C-5A2F-4686-909B-7F43F1450A28/data/Containers/Bundle/Application/CA155E58-225B-4219-BA46-EA1E3EE54E02/NeonDrift.app/ <com.DefaultCompany.NeonDrift <installed >:0>
2026-06-26 00:22:57.654 Df lsd[13177:535f51] [com.apple.launchservices:progress] Sent distributed notification com.apple.LaunchServices.applicationRegistered with payload {
    bundleIDs =     (
        "com.DefaultCompany.NeonDrift"
    );
    isPlaceholder = 0;
}
2026-06-26 00:22:57.654 Df activitysharingd[13524:53688a] [com.apple.launchservices:appinstallation] Received applicationsDidInstall:(
    "<LSApplicationProxy: 0x1019bce40> com.DefaultCompany.NeonDrift file:///Users/dragonkao/Library/Developer/CoreSimulator/Devices/115FDF0C-5A2F-4686-909B-7F43F1450A28/data/Containers/Bundle/Application/CA155E58-225B-4219-BA46-EA1E3EE54E02/NeonDrift.app/ <com.DefaultCompany.NeonDrift <installed >:0>"
)
2026-06-26 00:22:57.654 Df locationd[13150:532a5e] [com.apple.appinstallation:TransactionLog] com.DefaultCompany.NeonDrift/Unknown Persona:5:8:3:1:applicationsDidInstall <LSApplicationProxy: 0x103b9c6c0> com.DefaultCompany.NeonDrift file:///Users/dragonkao/Library/Developer/CoreSimulator/Devices/115FDF0C-5A2F-4686-909B-7F43F1450A28/data/Containers/Bundle/Application/CA155E58-225B-4219-BA46-EA1E3EE54E02/NeonDrift.app/ <com.DefaultCompany.NeonDrift <installed >:0>
2026-06-26 00:22:57.654 Df installcoordinationd[13220:5367f3] [com.apple.installcoordination:daemon] -[IXSDataPromise decommission]: Decommissioning <IXSPromisedInMemoryDictionary(0x1018df300) Name:Info.plist icon content for com.DefaultCompany.NeonDrift Creator:InstallCoordination Simple SPI UUID:E5620D6B-5CD2-4028-B4B5-C643946CA2EB Location:[system-defined]>
2026-06-26 00:22:57.654 Df privacyaccountingd[13953:509839] [com.apple.launchservices:appinstallation] Received applicationsDidInstall:(
    "<LSApplicationProxy: 0x1031040c0> com.DefaultCompany.NeonDrift file:///Users/dragonkao/Library/Developer/CoreSimulator/Devices/115FDF0C-5A2F-4686-909B-7F43F1450A28/data/Containers/Bundle/Application/CA155E58-225B-4219-BA46-EA1E3EE54E02/NeonDrift.app/ <com.DefaultCompany.NeonDrift <installed >:0>"
)
2026-06-26 00:22:57.654 Df gamed[13228:535f61] [com.apple.appinstallation:TransactionLog] com.DefaultCompany.NeonDrift/Unknown Persona:5:8:3:1:applicationsDidInstall <LSApplicationProxy: 0x101f2c0c0> com.DefaultCompany.NeonDrift file:///Users/dragonkao/Library/Developer/CoreSimulator/Devices/115FDF0C-5A2F-4686-909B-7F43F1450A28/data/Containers/Bundle/Application/CA155E58-225B-4219-BA46-EA1E3EE54E02/NeonDrift.app/ <com.DefaultCompany.NeonDrift <installed >:0>
2026-06-26 00:22:57.654 Df installcoordinationd[13220:5367f3] [com.apple.installcoordination:daemon] -[IXSDataPromise decommission]: Decommissioning <IXSPromisedInMemoryDictionary(0x1018deb80) Name:Localizations for com.DefaultCompany.NeonDrift Creator:InstallCoordination Simple SPI UUID:A6C7256F-7A1C-43B2-AAD6-FDD847C47991 Location:[system-defined]>
2026-06-26 00:22:57.654 Df donotdisturbd[13175:536847] [com.apple.launchservices:appinstallation] Received applicationsDidInstall:(
    "<LSApplicationProxy: 0x1041e1800> com.DefaultCompany.NeonDrift file:///Users/dragonkao/Library/Developer/CoreSimulator/Devices/115FDF0C-5A2F-4686-909B-7F43F1450A28/data/Containers/Bundle/Application/CA155E58-225B-4219-BA46-EA1E3EE54E02/NeonDrift.app/ <com.DefaultCompany.NeonDrift <installed >:0>"
)
2026-06-26 00:22:57.654 Df nsurlsessiond[13176:53680a] [com.apple.launchservices:appinstallation] Received applicationsDidInstall:(
