    "com.apple.shortcuts",
    "com.apple.PeopleViewService",
    "com.apple.PASViewService",
    "com.apple.ActivityProgress.ActivityProgressUI",
    "com.apple.AppSSOUIService",
    "com.apple.BusinessChatViewService",
    "com.apple.systemactions",
    "com.apple.mobilesms.compose",
    "com.apple.voicebanking.usernotifications",
    "com.apple.SoundDetectionNotifications",
    "com.apple.AuthenticationServicesUI",
    "com.apple.NetworkEndpointPickerUI",
    "com.apple.AMSUIAuthenticationViewService",
    "com.apple.WorkoutRemoteViewService",
    "com.apple.donotdisturb",
    "com.apple.HearingApp",
    "com.apple.mobiletimer",
    "com.apple.sh] Getting Notification Sources For BundleIdentifiers
2026-06-27 00:33:16.933 Df SpringBoard[57254:93577b] [com.apple.UserNotifications:Settings] Getting effectiveSectionInfos for section identifiers: {(
    "com.apple.BarcodeScanner",
    "com.DefaultCompany.NeonDrift.run.1782484282.54413",
    "com.apple.Passwords",
    "com.apple.coreidv.CoreIDVUserNotifications",
    "com.apple.SleepLockScreen",
    "com.apple.MediaRemoteUIService",
    "com.apple.BrowserKitViewService",
    "com.apple.GameCenterRemoteAlert",
    "com.apple.FaceTimeLinkTrampoline",
    "com.apple.shortcuts",
    "com.apple.PeopleViewService",
    "com.apple.PASViewService",
    "com.apple.ActivityProgress.ActivityProgressUI",
    "com.apple.AppSSOUIService",
    "com.apple.BusinessChatViewService",
    "com.apple.systemactions",
    "com.apple.mobilesms.compose",
    "com.apple.voicebanking.usernotifications",
    "com.apple.SoundDetectionNotifications",
    "com.apple.AuthenticationServicesUI",
    "com.apple.NetworkEndpointPickerUI",
    "com.apple.AMSUIAuthenticationViewService",
    "com.apple.WorkoutRemoteViewService",
    "com.apple.donotdisturb",
    "com.apple.HearingApp",
    "com.apple.mobiletimer",
    "com.apple.sh
2026-06-27 00:33:16.934 Df SpringBoard[57254:93587e] [com.apple.UserNotifications:Settings] [{(
    "com.DefaultCompany.NeonDrift.run.1782485533.82553",
    "com.apple.Sharing.WatchRemoteNotifications",
    "com.apple.ScreenTimeDowntimeNotifications",
    "com.DefaultCompany.NeonDrift.run.1782486232.95300",
    "com.DefaultCompany.NeonDrift.run.1782484537.59589",
    "com.apple.Passbook",
    "com.apple.SoundDetectionNotifications",
    "com.apple.mobileslideshow",
    "com.apple.SystemIntents",
    "com.apple.Home",
    "com.DefaultCompany.NeonDrift.run.1782484808.68182",
    "com.apple.EscrowSecurityAlert",
    "com.apple.CarPlayApp",
    "com.apple.MusicKit.UI",
    "com.apple.Maps",
    "com.apple.musicrecognition",
    "com.apple.voicebanking.usernotifications",
    "com.DefaultCompany.NeonDrift.run.1782485248.76636",
    "com.apple.VoiceOverNotifications",
    "com.apple.LiveListenNotifications",
    "com.apple.CarPlayTemplateUIHost",
    "com.apple.NanoUniverse.AegirProxyApp",
    "com.apple.VoiceOverTouch",
    "com.apple.Health",
    "com.apple.Fitness",
    "com.apple.UIKit.Overlay] Got section infos [ hasResult: <decode: missing data> ]
2026-06-27 00:33:16.951 Df SpringBoard[57254:93577b] [com.apple.UserNotifications:Settings] UNSNotificationSettingsService [{(
    "com.apple.BarcodeScanner",
    "com.DefaultCompany.NeonDrift.run.1782484282.54413",
    "com.apple.Passwords",
    "com.apple.coreidv.CoreIDVUserNotifications",
    "com.apple.SleepLockScreen",
    "com.apple.MediaRemoteUIService",
    "com.apple.BrowserKitViewService",
    "com.apple.GameCenterRemoteAlert",
    "com.apple.FaceTimeLinkTrampoline",
    "com.apple.shortcuts",
    "com.apple.PeopleViewService",
    "com.apple.PASViewService",
    "com.apple.ActivityProgress.ActivityProgressUI",
    "com.apple.AppSSOUIService",
    "com.apple.BusinessChatViewService",
    "com.apple.systemactions",
    "com.apple.mobilesms.compose",
    "com.apple.voicebanking.usernotifications",
    "com.apple.SoundDetectionNotifications",
    "com.apple.AuthenticationServicesUI",
    "com.apple.NetworkEndpointPickerUI",
    "com.apple.AMSUIAuthenticationViewService",
    "com.apple.WorkoutRemoteViewService",
    "com.apple.donotdisturb",
    "com.apple.HearingApp",
    "com.apple.mobiletimer",
    "com.apple.sh] Returning Notification Sources For BundleIdentifiers <decode: missing data>
2026-06-27 00:33:17.653 Df SpringBoard[57254:935780] [com.apple.PosterLegibilityKit:Caching] -[PLKCachedImageGenerator(SpringBoardHome Label Content Generator0x124a30600) removeImagesForCacheKeys:NeonDrift.run.1782485533.82553@@zh_TW_1368232380023648501_0__sz101.0x26.0B23CV11@@]
2026-06-27 00:33:17.653 Df SpringBoard[57254:935780] [com.apple.PosterLegibilityKit:Caching] -[PLKCachedImageGenerator(SpringBoardHome Label Content Generator0x124a30600) removeImagesForCacheKeys:NeonDrift.run.1782484808.68182@@zh_TW_1368232380023648501_0__sz101.0x26.0B23CV11@@]
2026-06-27 00:33:18.147 Df CoreSimulatorBridge[57126:935274] Request received for installation of file:///Users/dragonkao/.openclaw/workspace/382b9e3384298039b171c9b2a60ae644/NeonDrift_MVP/project/xcode_derived_data/Build/Products/Release-iphonesimulator/NeonDrift.app/ with options: {
    PackageType = Developer;
    SimulatorRootPath = "/Library/Developer/CoreSimulator/Volumes/iOS_23E254a/Library/Developer/CoreSimulator/Profiles/Runtimes/iOS 26.4.simruntime/Contents/Resources/RuntimeRoot";
    SimulatorUserPath = "/Users/dragonkao/Library/Developer/CoreSimulator/Devices/CC47DE7A-8196-4465-A5A5-BB852C9C6C82/data";
}
2026-06-27 00:33:18.147 Df CoreSimulatorBridge[57126:935274] [com.apple.installcoordination:framework] +[IXAppInstallCoordinator(IXSimpleInstaller) _beginInstallForURL:forPersonaUniqueString:consumeSource:options:progressBlock:completionWithIdentity:]: Beginning install for /Users/dragonkao/.openclaw/workspace/382b9e3384298039b171c9b2a60ae644/NeonDrift_MVP/project/xcode_derived_data/Build/Products/Release-iphonesimulator/NeonDrift.app consuming source:N options:{
    IsUserInitiated = 1;
    PackageType = Developer;
} installationRequestorAuditToken: NULL
2026-06-27 00:33:18.153 Df installcoordinationd[57289:9359b4] [com.apple.installcoordination:daemon] -[IXSDataPromiseManager registerPromise:]: Registered promise <IXSPlaceholder(0x102124500) Name:App Placeholder: NeonDrift (com.DefaultCompany.NeonDrift) Creator:InstallCoordination Simple SPI UUID:8E31F9B7-431D-4155-9664-752A2799D3BC Location:[system-defined]> for UUID 8E31F9B7-431D-4155-9664-752A2799D3BC
2026-06-27 00:33:18.154 Df installcoordinationd[57289:9359b4] [com.apple.installcoordination:daemon] -[IXSPlaceholder setAttributes:]: <IXSPlaceholder(0x102124500) Name:App Placeholder: NeonDrift (com.DefaultCompany.NeonDrift) Creator:InstallCoordination Simple SPI UUID:8E31F9B7-431D-4155-9664-752A2799D3BC Location:[system-defined]>: setting placeholder attributes to <IXPlaceholderAttributes<0x1020c8aa0> : {
    CFBundleShortVersionString = "1.0";
    CFBundleSupportedPlatforms =     (
        iPhoneSimulator
    );
    CFBundleVersion = 0;
    DTPlatformName = iphonesimulator;
    LSRequiresIPhoneOS = 1;
    MinimumOSVersion = "13.0";
    UIDeviceFamily =     (
        1,
        2
    );
    UIRequiredDeviceCapabilities =     {
        arm64 = 1;
        metal = 1;
    };
}>
2026-06-27 00:33:18.154 Df searchd[57194:935465] [com.apple.spotlight:default] Apps changed: (
    "com.apple.Passbook",
    "com.DefaultCompany.NeonDrift.run.1782486232.95300",
    "com.DefaultCompany.NeonDrift.run.1782485248.76636",
    "com.apple.MobileAddressBook",
    "com.apple.DocumentsApp",
    "com.apple.Fitness",
    "com.apple.MobileSMS",
    "com.DefaultCompany.NeonDrift.run.1782485533.82553",
    "com.apple.Maps",
    "com.apple.Passwords",
    "com.apple.mobilecal",
    "com.apple.Bridge",
    "com.apple.BarcodeScanner",
    "com.apple.Preferences",
    "com.apple.reminders",
    "com.DefaultCompany.NeonDrift.run.1782484808.68182",
    "com.apple.Health",
    "com.apple.news",
    "com.apple.mobileslideshow",
    "com.DefaultCompany.NeonDrift",
    "com.apple.mobilesafari",
    "com.DefaultCompany.NeonDrift.run.1782484537.59589",
    "com.apple.TVRemoteUIService",
    "com.apple.shortcuts",
    "com.apple.Preview",
    "com.DefaultCompany.NeonDrift.run.1782484282.54413"
)
2026-06-27 00:33:18.155 Df CoreSimulatorBridge[57126:935153] [com.apple.installcoordination:framework] +[IXPlaceholder _setEntitlementsFromBundleExecutableURL:withBundleID:client:onPlaceholder:location:error:]: Executable for com.DefaultCompany.NeonDrift at NeonDrift -- file:///Users/dragonkao/.openclaw/workspace/382b9e3384298039b171c9b2a60ae644/NeonDrift_MVP/project/xcode_derived_data/Build/Products/Release-iphonesimulator/NeonDrift.app/ had no entitlements
2026-06-27 00:33:18.155 Df CoreSimulatorBridge[57126:935153] [com.apple.installcoordination:framework] +[IXPlaceholder _placeholderForBundle:client:withParent:installType:metadata:placeholderType:mayBeDeltaPackage:isFromSerializedPlaceholder:location:error:]: Using full fidelity icons for com.DefaultCompany.NeonDrift at /Users/dragonkao/.openclaw/workspace/382b9e3384298039b171c9b2a60ae644/NeonDrift_MVP/project/xcode_derived_data/Build/Products/Release-iphonesimulator/NeonDrift.app
2026-06-27 00:33:18.156 Df installcoordinationd[57289:9359b4] [com.apple.installcoordination:daemon] -[IXSDataPromiseManager registerPromise:]: Registered promise <IXSPromisedTransferToPath(0x1020f9100) Name:Icon resources for com.DefaultCompany.NeonDrift Creator:InstallCoordination Simple SPI UUID:6018BA80-09E4-449D-B225-7F22903DDC60 Location:[system-defined]> for UUID 6018BA80-09E4-449D-B225-7F22903DDC60
2026-06-27 00:33:18.160 Df CoreSimulatorBridge[57126:935153] [com.apple.installcoordination:framework] -[IXPromisedTransferToPath setComplete:]: <IXPromisedTransferToPath<0x104091140> name:"Icon resources for com.DefaultCompany.NeonDrift" uuid:6018BA80-09E4-449D-B225-7F22903DDC60 creator:"InstallCoordination Simple SPI" location:[system-defined]> Move operation from /Users/dragonkao/Library/Developer/CoreSimulator/Devices/CC47DE7A-8196-4465-A5A5-BB852C9C6C82/data/Containers/Shared/SystemGroup/systemgroup.com.apple.installcoordinationd/Library/InstallCoordination/PromiseStaging/6018BA80-09E4-449D-B225-7F22903DDC60/temp.tvrnl7 to /Users/dragonkao/Library/Developer/CoreSimulator/Devices/CC47DE7A-8196-4465-A5A5-BB852C9C6C82/data/Containers/Shared/SystemGroup/systemgroup.com.apple.installcoordinationd/Library/InstallCoordination/PromiseStaging/6018BA80-09E4-449D-B225-7F22903DDC60/temp.tvrnl7 took 0.000076 seconds
2026-06-27 00:33:18.162 Df installcoordinationd[57289:9359b4] [com.apple.installcoordination:daemon] -[IXSDataPromise _setPercentComplete:saveStateIfNeeded:]: Progress: <IXSPromisedTransferToPath(0x1020f9100) Name:Icon resources for com.DefaultCompany.NeonDrift Creator:InstallCoordination Simple SPI UUID:6018BA80-09E4-449D-B225-7F22903DDC60 Location:[system-defined]>
2026-06-27 00:33:18.162 Df installcoordinationd[57289:9358df] [com.apple.installcoordination:daemon] -[IXSDataPromiseManager promiseDidBegin:]: Unowned promise began: <IXSPromisedTransferToPath(0x1020f9100) Name:Icon resources for com.DefaultCompany.NeonDrift Creator:InstallCoordination Simple SPI UUID:6018BA80-09E4-449D-B225-7F22903DDC60 Location:[system-defined]>
2026-06-27 00:33:18.162 Df installcoordinationd[57289:9358df] [com.apple.installcoordination:daemon] -[IXSDataPromiseManager promise:didUpdateProgress:]: Unowned promise update progress to 1.000000 : <IXSPromisedTransferToPath(0x1020f9100) Name:Icon resources for com.DefaultCompany.NeonDrift Creator:InstallCoordination Simple SPI UUID:6018BA80-09E4-449D-B225-7F22903DDC60 Location:[system-defined]>
2026-06-27 00:33:18.162 Df installcoordinationd[57289:9358df] [com.apple.installcoordination:daemon] -[IXSDataPromiseManager promiseDidComplete:]: Unowned promise completed: <IXSPromisedTransferToPath(0x1020f9100) Name:Icon resources for com.DefaultCompany.NeonDrift Creator:InstallCoordination Simple SPI UUID:6018BA80-09E4-449D-B225-7F22903DDC60 Location:[system-defined]>
2026-06-27 00:33:18.163 Df installcoordinationd[57289:9358df] [com.apple.installcoordination:daemon] -[IXSDataPromise _setPercentComplete:saveStateIfNeeded:]: Progress: <IXSPromisedInMemoryDictionary(0x1020f9280) Name:Info.plist icon content for com.DefaultCompany.NeonDrift Creator:InstallCoordination Simple SPI UUID:85C8FB07-B83E-4766-AAD8-01008E0228C4 Location:[system-defined]>
2026-06-27 00:33:18.164 Df installcoordinationd[57289:9358df] [com.apple.installcoordination:daemon] -[IXSDataPromiseManager registerPromise:]: Registered promise <IXSPromisedInMemoryDictionary(0x1020f9280) Name:Info.plist icon content for com.DefaultCompany.NeonDrift Creator:InstallCoordination Simple SPI UUID:85C8FB07-B83E-4766-AAD8-01008E0228C4 Location:[system-defined]> for UUID 85C8FB07-B83E-4766-AAD8-01008E0228C4
2026-06-27 00:33:18.164 Df installcoordinationd[57289:9359b4] [com.apple.installcoordination:daemon] -[IXSDataPromiseManager promiseDidBegin:]: Unowned promise began: <IXSPromisedInMemoryDictionary(0x1020f9280) Name:Info.plist icon content for com.DefaultCompany.NeonDrift Creator:InstallCoordination Simple SPI UUID:85C8FB07-B83E-4766-AAD8-01008E0228C4 Location:[system-defined]>
2026-06-27 00:33:18.164 Df installcoordinationd[57289:9359b4] [com.apple.installcoordination:daemon] -[IXSDataPromiseManager promise:didUpdateProgress:]: Unowned promise update progress to 1.000000 : <IXSPromisedInMemoryDictionary(0x1020f9280) Name:Info.plist icon content for com.DefaultCompany.NeonDrift Creator:InstallCoordination Simple SPI UUID:85C8FB07-B83E-4766-AAD8-01008E0228C4 Location:[system-defined]>
2026-06-27 00:33:18.164 Df installcoordinationd[57289:9359b4] [com.apple.installcoordination:daemon] -[IXSDataPromiseManager promiseDidComplete:]: Unowned promise completed: <IXSPromisedInMemoryDictionary(0x1020f9280) Name:Info.plist icon content for com.DefaultCompany.NeonDrift Creator:InstallCoordination Simple SPI UUID:85C8FB07-B83E-4766-AAD8-01008E0228C4 Location:[system-defined]>
2026-06-27 00:33:18.165 Df installcoordinationd[57289:9358df] [com.apple.installcoordination:daemon] -[IXSPlaceholder setIconResourcesPromise:]: <IXSPlaceholder(0x102124500) Name:App Placeholder: NeonDrift (com.DefaultCompany.NeonDrift) Creator:InstallCoordination Simple SPI UUID:8E31F9B7-431D-4155-9664-752A2799D3BC Location:[system-defined]>: setting icon resources promise to <IXSPromisedTransferToPath(0x1020f9100) Name:Icon resources for com.DefaultCompany.NeonDrift Creator:InstallCoordination Simple SPI UUID:6018BA80-09E4-449D-B225-7F22903DDC60 Location:[system-defined]>
2026-06-27 00:33:18.165 Df installcoordinationd[57289:9358df] [com.apple.installcoordination:daemon] -[IXSPlaceholder setInfoPlistIconContentPromise:]: <IXSPlaceholder(0x102124500) Name:App Placeholder: NeonDrift (com.DefaultCompany.NeonDrift) Creator:InstallCoordination Simple SPI UUID:8E31F9B7-431D-4155-9664-752A2799D3BC Location:[system-defined]>: setting Info.plist icon content promise to <IXSPromisedInMemoryDictionary(0x1020f9280) Name:Info.plist icon content for com.DefaultCompany.NeonDrift Creator:InstallCoordination Simple SPI UUID:85C8FB07-B83E-4766-AAD8-01008E0228C4 Location:[system-defined]>
2026-06-27 00:33:18.166 Df installcoordinationd[57289:9359b3] [com.apple.installcoordination:daemon] -[IXSDataPromiseManager promiseDidBegin:]: Unowned promise began: <IXSPlaceholder(0x102124500) Name:App Placeholder: NeonDrift (com.DefaultCompany.NeonDrift) Creator:InstallCoordination Simple SPI UUID:8E31F9B7-431D-4155-9664-752A2799D3BC Location:[system-defined]>
2026-06-27 00:33:18.166 Df installcoordinationd[57289:9359b3] [com.apple.installcoordination:daemon] -[IXSDataPromiseManager promise:didUpdateProgress:]: Unowned promise update progress to 0.000000 : <IXSPlaceholder(0x102124500) Name:App Placeholder: NeonDrift (com.DefaultCompany.NeonDrift) Creator:InstallCoordination Simple SPI UUID:8E31F9B7-431D-4155-9664-752A2799D3BC Location:[system-defined]>
2026-06-27 00:33:18.166 Df installcoordinationd[57289:9359b3] [com.apple.installcoordination:daemon] -[IXSDataPromiseManager promise:didUpdateProgress:]: Unowned promise update progress to 0.000000 : <IXSPlaceholder(0x102124500) Name:App Placeholder: NeonDrift (com.DefaultCompany.NeonDrift) Creator:InstallCoordination Simple SPI UUID:8E31F9B7-431D-4155-9664-752A2799D3BC Location:[system-defined]>
2026-06-27 00:33:18.167 Df installcoordinationd[57289:9358df] [com.apple.installcoordination:daemon] -[IXSDataPromise _setPercentComplete:saveStateIfNeeded:]: Progress: <IXSPromisedInMemoryDictionary(0x1020f9400) Name:Localizations for com.DefaultCompany.NeonDrift Creator:InstallCoordination Simple SPI UUID:C0BC60AD-C1E6-4709-AADA-FB7CB4FEA22D Location:[system-defined]>
2026-06-27 00:33:18.167 Df installcoordinationd[57289:9358df] [com.apple.installcoordination:daemon] -[IXSDataPromiseManager registerPromise:]: Registered promise <IXSPromisedInMemoryDictionary(0x1020f9400) Name:Localizations for com.DefaultCompany.NeonDrift Creator:InstallCoordination Simple SPI UUID:C0BC60AD-C1E6-4709-AADA-FB7CB4FEA22D Location:[system-defined]> for UUID C0BC60AD-C1E6-4709-AADA-FB7CB4FEA22D
2026-06-27 00:33:18.167 Df installcoordinationd[57289:9359b3] [com.apple.installcoordination:daemon] -[IXSDataPromiseManager promiseDidBegin:]: Unowned promise began: <IXSPromisedInMemoryDictionary(0x1020f9400) Name:Localizations for com.DefaultCompany.NeonDrift Creator:InstallCoordination Simple SPI UUID:C0BC60AD-C1E6-4709-AADA-FB7CB4FEA22D Location:[system-defined]>
2026-06-27 00:33:18.167 Df installcoordinationd[57289:9359b3] [com.apple.installcoordination:daemon] -[IXSDataPromiseManager promise:didUpdateProgress:]: Unowned promise update progress to 1.000000 : <IXSPromisedInMemoryDictionary(0x1020f9400) Name:Localizations for com.DefaultCompany.NeonDrift Creator:InstallCoordination Simple SPI UUID:C0BC60AD-C1E6-4709-AADA-FB7CB4FEA22D Location:[system-defined]>
2026-06-27 00:33:18.167 Df installcoordinationd[57289:9359b3] [com.apple.installcoordination:daemon] -[IXSDataPromiseManager promiseDidComplete:]: Unowned promise completed: <IXSPromisedInMemoryDictionary(0x1020f9400) Name:Localizations for com.DefaultCompany.NeonDrift Creator:InstallCoordination Simple SPI UUID:C0BC60AD-C1E6-4709-AADA-FB7CB4FEA22D Location:[system-defined]>
2026-06-27 00:33:18.168 Df installcoordinationd[57289:9358df] [com.apple.installcoordination:daemon] -[IXSPlaceholder setLocalizationDictionaryPromise:]: <IXSPlaceholder(0x102124500) Name:App Placeholder: NeonDrift (com.DefaultCompany.NeonDrift) Creator:InstallCoordination Simple SPI UUID:8E31F9B7-431D-4155-9664-752A2799D3BC Location:[system-defined]>: setting localization dict promise to <IXSPromisedInMemoryDictionary(0x1020f9400) Name:Localizations for com.DefaultCompany.NeonDrift Creator:InstallCoordination Simple SPI UUID:C0BC60AD-C1E6-4709-AADA-FB7CB4FEA22D Location:[system-defined]>
2026-06-27 00:33:18.169 Df installcoordinationd[57289:9359b4] [com.apple.installcoordination:daemon] -[IXSDataPromiseManager promise:didUpdateProgress:]: Unowned promise update progress to 0.000000 : <IXSPlaceholder(0x102124500) Name:App Placeholder: NeonDrift (com.DefaultCompany.NeonDrift) Creator:InstallCoordination Simple SPI UUID:8E31F9B7-431D-4155-9664-752A2799D3BC Location:[system-defined]>
2026-06-27 00:33:18.169 Df installcoordinationd[57289:9359b4] [com.apple.installcoordination:daemon] -[IXSPlaceholder setConfigurationComplete:]: <IXSPlaceholder(0x102124500) Name:App Placeholder: NeonDrift (com.DefaultCompany.NeonDrift) Creator:InstallCoordination Simple SPI UUID:8E31F9B7-431D-4155-9664-752A2799D3BC Location:[system-defined]>: setting configuration complete to Y
2026-06-27 00:33:18.169 Df installcoordinationd[57289:9359b4] [com.apple.installcoordination:daemon] -[IXSPlaceholder _materialize]: <IXSPlaceholder(0x102124500) Name:App Placeholder: NeonDrift (com.DefaultCompany.NeonDrift) Creator:InstallCoordination Simple SPI UUID:8E31F9B7-431D-4155-9664-752A2799D3BC Location:[system-defined]>: Materializing placeholder at /Users/dragonkao/Library/Developer/CoreSimulator/Devices/CC47DE7A-8196-4465-A5A5-BB852C9C6C82/data/Containers/Shared/SystemGroup/systemgroup.com.apple.installcoordinationd/Library/InstallCoordination/PromiseStaging/8E31F9B7-431D-4155-9664-752A2799D3BC/NeonDrift.app
2026-06-27 00:33:18.169 Df installcoordinationd[57289:9359b4] [com.apple.installcoordination:daemon] -[IXSPlaceholder _materialize]: <IXSPlaceholder(0x102124500) Name:App Placeholder: NeonDrift (com.DefaultCompany.NeonDrift) Creator:InstallCoordination Simple SPI UUID:8E31F9B7-431D-4155-9664-752A2799D3BC Location:[system-defined]>: Using Info.plist icon content: {
    CFBundleIcons =     {
        CFBundlePrimaryIcon =         {
            CFBundleIconName = AppIcon;
        };
    };
    "CFBundleIcons~ipad" =     {
        CFBundlePrimaryIcon =         {
            CFBundleIconName = AppIcon;
        };
    };
    ISIconPlatform = iPhoneOS;
}
2026-06-27 00:33:18.170 Df installcoordinationd[57289:9359b4] [com.apple.installcoordination:daemon] -[IXSPlaceholder _materialize]_block_invoke: <IXSPlaceholder(0x102124500) Name:App Placeholder: NeonDrift (com.DefaultCompany.NeonDrift) Creator:InstallCoordination Simple SPI UUID:8E31F9B7-431D-4155-9664-752A2799D3BC Location:[system-defined]>: Using icon resource Assets.car
2026-06-27 00:33:18.170 Df installcoordinationd[57289:9359b4] [com.apple.installcoordination:daemon] -[IXSPlaceholder _materialize]: <IXSPlaceholder(0x102124500) Name:App Placeholder: NeonDrift (com.DefaultCompany.NeonDrift) Creator:InstallCoordination Simple SPI UUID:8E31F9B7-431D-4155-9664-752A2799D3BC Location:[system-defined]>: Including lproj localizations for (
)
2026-06-27 00:33:18.170 Df installcoordinationd[57289:9358df] [com.apple.installcoordination:daemon] -[IXSDataPromiseManager promiseDidComplete:]: Unowned promise completed: <IXSPlaceholder(0x102124500) Name:App Placeholder: NeonDrift (com.DefaultCompany.NeonDrift) Creator:InstallCoordination Simple SPI UUID:8E31F9B7-431D-4155-9664-752A2799D3BC Location:[system-defined]>
2026-06-27 00:33:18.172 Df installcoordinationd[57289:9358df] [com.apple.installcoordination:daemon] -[IXSDataPromiseManager registerPromise:]: Registered promise <IXSPromisedTransferToPath(0x1020f9580) Name:App Asset: com.DefaultCompany.NeonDrift Creator:InstallCoordination Simple SPI UUID:2C571D7F-6605-4E4F-A540-1A358772BADD Location:[system-defined]> for UUID 2C571D7F-6605-4E4F-A540-1A358772BADD
2026-06-27 00:33:18.175 Df installcoordinationd[57289:9359b4] [com.apple.installcoordination:daemon] -[IXSCoordinatorManager coordinatorForIdentity:connection:error:creatingIfNotExisting:]_block_invoke: Registered coordinator: <IXSCoordinatedAppInstall<0x102208000> [P=CoreSimulatorBridge (pid 57126)] identifier:[com.DefaultCompany.NeonDrift/Invalid/[system-defined]] uuid:A161FF9B-0260-46A6-9D95-9365076506F2 intent:IXCoordinatorIntentUpdating creator/appDRI:InstallCoordination Simple SPI importance:Background state:IXAppCoordinationStatePlaceholderPromiseNotSet promise-state:01234>
2026-06-27 00:33:18.175 Df installcoordinationd[57289:9359b4] [com.apple.appinstallation:TransactionLog] com.DefaultCompany.NeonDrift/Unknown Persona:4:2:1:1:Created coordinator with intent IXCoordinatorIntentUpdating for client InstallCoordination Simple SPI
2026-06-27 00:33:18.176 Df installcoordinationd[57289:9359b4] [com.apple.installcoordination:daemon] -[IXSCoordinatedAppInstall setPriorityBoostCompletion:withSourceInfo:]: <IXSCoordinatedAppInstall<0x102208000> [P=CoreSimulatorBridge (pid 57126)] identifier:[com.DefaultCompany.NeonDrift/Invalid/[system-defined]] uuid:A161FF9B-0260-46A6-9D95-9365076506F2 intent:IXCoordinatorIntentUpdating creator/appDRI:InstallCoordination Simple SPI importance:Background state:IXAppCoordinationStatePlaceholderPromiseNotSet promise-state:01234>: Retaining completion from CoreSimulatorBridge (57126), QOS_CLASS_DEFAULT (0x15)
2026-06-27 00:33:18.176 Df installcoordinationd[57289:9359b4] [com.apple.installcoordination:daemon] -[IXSCoordinatedAppInstall setImportance:]: <IXSCoordinatedAppInstall<0x102208000> [P=CoreSimulatorBridge (pid 57126)] identifier:[com.DefaultCompany.NeonDrift/Invalid/[system-defined]] uuid:A161FF9B-0260-46A6-9D95-9365076506F2 intent:IXCoordinatorIntentUpdating creator/appDRI:InstallCoordination Simple SPI importance:UserWaiting state:IXAppCoordinationStatePlaceholderPromiseNotSet promise-state:01234>: set importance to UserWaiting
2026-06-27 00:33:18.176 Df installcoordinationd[57289:9359b4] [com.apple.installcoordination:daemon] -[IXSCoordinatedAppInstall _onQueue_fireObserversForClient:]: <IXSCoordinatedAppInstall<0x102208000> [P=CoreSimulatorBridge (pid 57126)] identifier:[com.DefaultCompany.NeonDrift/Invalid/[system-defined]] uuid:A161FF9B-0260-46A6-9D95-9365076506F2 intent:IXCoordinatorIntentUpdating creator/appDRI:InstallCoordination Simple SPI importance:UserWaiting state:IXAppCoordinationStatePlaceholderPromiseNotSet promise-state:01234>: Firing applicable observers for client <IXSClientConnection<0x102059380> client:CoreSimulatorBridge (pid 57126) uuid:8501882E-9201-4AF1-A3A2-5C776F613E97>
2026-06-27 00:33:18.177 Df installcoordinationd[57289:9359b4] [com.apple.installcoordination:daemon] -[IXSCoordinatedAppInstall setPriorityBoostCompletion:withSourceInfo:]: <IXSCoordinatedAppInstall<0x102208000> [P=CoreSimulatorBridge (pid 57126)] identifier:[com.DefaultCompany.NeonDrift/Invalid/[system-defined]] uuid:A161FF9B-0260-46A6-9D95-9365076506F2 intent:IXCoordinatorIntentUpdating creator/appDRI:InstallCoordination Simple SPI importance:UserWaiting state:IXAppCoordinationStatePlaceholderPromiseNotSet promise-state:01234>: Disposing of completion from CoreSimulatorBridge (57126), QOS_CLASS_DEFAULT (0x15)
2026-06-27 00:33:18.177 Df installcoordinationd[57289:9359b4] [com.apple.installcoordination:daemon] -[IXSCoordinatedAppInstall setPriorityBoostCompletion:withSourceInfo:]: <IXSCoordinatedAppInstall<0x102208000> [P=CoreSimulatorBridge (pid 57126)] identifier:[com.DefaultCompany.NeonDrift/Invalid/[system-defined]] uuid:A161FF9B-0260-46A6-9D95-9365076506F2 intent:IXCoordinatorIntentUpdating creator/appDRI:InstallCoordination Simple SPI importance:UserWaiting state:IXAppCoordinationStatePlaceholderPromiseNotSet promise-state:01234>: Retaining completion from CoreSimulatorBridge (57126), QOS_CLASS_DEFAULT (0x15)
2026-06-27 00:33:18.177 Df CoreSimulatorBridge[57126:9359b7] [com.apple.installcoordination:framework] -[IXAppInstallCoordinator _clientDelegate_didRegisterForObservation]: <IXUpdatingAppInstallCoordinator<0x104090d00> identity:[com.DefaultCompany.NeonDrift/Invalid/[system-defined]] uuid:A161FF9B-0260-46A6-9D95-9365076506F2 creator:InstallCoordination Simple SPI>: Got observer registration delegate
2026-06-27 00:33:18.177 Df CoreSimulatorBridge[57126:93514c] [com.apple.installcoordination:framework] -[IXAppInstallCoordinator _clientDelegate_didRegisterForObservation]_block_invoke: <IXUpdatingAppInstallCoordinator<0x104090d00> identity:[com.DefaultCompany.NeonDrift/Invalid/[system-defined]] uuid:A161FF9B-0260-46A6-9D95-9365076506F2 creator:InstallCoordination Simple SPI>: Observer <_IXSimpleInstallerDelegate 0x0x104059860> does not respond to coordinatorDidRegisterForObservation:
2026-06-27 00:33:18.177 Df CoreSimulatorBridge[57126:9359b7] [com.apple.installcoordination:framework] -[IXAppInstallCoordinator _clientDelegate_shouldResume]: <IXUpdatingAppInstallCoordinator<0x104090d00> identity:[com.DefaultCompany.NeonDrift/Invalid/[system-defined]] uuid:A161FF9B-0260-46A6-9D95-9365076506F2 creator:InstallCoordination Simple SPI>: Got should resume delegate
2026-06-27 00:33:18.177 Df CoreSimulatorBridge[57126:93514c] [com.apple.installcoordination:framework] -[IXAppInstallCoordinator _clientDelegate_shouldResume]_block_invoke: <IXUpdatingAppInstallCoordinator<0x104090d00> identity:[com.DefaultCompany.NeonDrift/Invalid/[system-defined]] uuid:A161FF9B-0260-46A6-9D95-9365076506F2 creator:InstallCoordination Simple SPI>: Observer <_IXSimpleInstallerDelegate 0x0x104059860> does not respond to coordinatorShouldResume:
2026-06-27 00:33:18.179 Df installcoordinationd[57289:9359b4] [com.apple.installcoordination:daemon] -[IXSCoordinatedAppInstall _internal_setInstallOptionsPromise:performExternalActions:]: <IXSCoordinatedAppInstall<0x102208000> [P=CoreSimulatorBridge (pid 57126)] identifier:[com.DefaultCompany.NeonDrift/Invalid/[system-defined]] uuid:A161FF9B-0260-46A6-9D95-9365076506F2 intent:IXCoordinatorIntentUpdating creator/appDRI:InstallCoordination Simple SPI importance:UserWaiting state:IXAppCoordinationStatePlaceholderPromiseNotSet promise-state:012I4> : install options set: <IXSPromisedInMemoryData(0x1020f9980) Name:MIInstallOptions data Creator:Install Coordination Internal UUID:5A012A1D-CAC7-4A1E-9F3B-A64D48C4F41E Location:[system-defined]>
2026-06-27 00:33:18.179 Df installcoordinationd[57289:9359b3] [com.apple.installcoordination:daemon] -[IXSCoordinatedAppInstall promiseDidComplete:]: <IXSCoordinatedAppInstall<0x102208000> [P=CoreSimulatorBridge (pid 57126)] identifier:[com.DefaultCompany.NeonDrift/Invalid/[system-defined]] uuid:A161FF9B-0260-46A6-9D95-9365076506F2 intent:IXCoordinatorIntentUpdating creator/appDRI:InstallCoordination Simple SPI importance:UserWaiting state:IXAppCoordinationStatePlaceholderPromiseNotSet promise-state:012I4> : Promise completed: <IXSPromisedInMemoryData(0x1020f9980) Name:MIInstallOptions data Creator:Install Coordination Internal UUID:5A012A1D-CAC7-4A1E-9F3B-A64D48C4F41E Location:[system-defined]>
2026-06-27 00:33:18.179 Df installcoordinationd[57289:9359b3] [com.apple.appinstallation:TransactionLog] com.DefaultCompany.NeonDrift/Unknown Persona:4:13:1:1:Install Options Promise began. Coordinator State: IXAppCoordinationStatePlaceholderPromiseNotSet
2026-06-27 00:33:18.179 Df installcoordinationd[57289:9359b3] [com.apple.appinstallation:TransactionLog] com.DefaultCompany.NeonDrift/Unknown Persona:4:13:2:1:Install Options Promise completed. Coordinator State: IXAppCoordinationStatePlaceholderPromiseNotSet
2026-06-27 00:33:18.179 Df installcoordinationd[57289:9359b3] [com.apple.installcoordination:daemon] -[IXSCoordinatedAppInstall _internal_setAppAssetPromise:performExternalActions:]: <IXSCoordinatedAppInstall<0x102208000> [P=CoreSimulatorBridge (pid 57126)] identifier:[com.DefaultCompany.NeonDrift/Invalid/[system-defined]] uuid:A161FF9B-0260-46A6-9D95-9365076506F2 intent:IXCoordinatorIntentUpdating creator/appDRI:InstallCoordination Simple SPI importance:UserWaiting state:IXAppCoordinationStatePlaceholderPromiseNotSet promise-state:0a2I4> : App Asset Promise set: <IXSPromisedTransferToPath(0x1020f9580) Name:App Asset: com.DefaultCompany.NeonDrift Creator:InstallCoordination Simple SPI UUID:2C571D7F-6605-4E4F-A540-1A358772BADD Location:[system-defined]>
2026-06-27 00:33:18.180 Df installcoordinationd[57289:9359b3] [com.apple.installcoordination:daemon] -[IXSCoordinatedAppInstall setInitialODRAssetPromises:]: <IXSCoordinatedAppInstall<0x102208000> [P=CoreSimulatorBridge (pid 57126)] identifier:[com.DefaultCompany.NeonDrift/Invalid/[system-defined]] uuid:A161FF9B-0260-46A6-9D95-9365076506F2 intent:IXCoordinatorIntentUpdating creator/appDRI:InstallCoordination Simple SPI importance:UserWaiting state:IXAppCoordinationStatePlaceholderPromiseNotSet promise-state:0a2I4> : Initial ODR Asset Promises set: (
)
2026-06-27 00:33:18.181 Df CoreSimulatorBridge[57126:935153] [com.apple.installcoordination:framework] -[IXPromisedTransferToPath _performDeltaCopyFrom:toDestination:]: Performing delta copy from /Users/dragonkao/.openclaw/workspace/382b9e3384298039b171c9b2a60ae644/NeonDrift_MVP/project/xcode_derived_data/Build/Products/Release-iphonesimulator/NeonDrift.app to /Users/dragonkao/Library/Developer/CoreSimulator/Devices/CC47DE7A-8196-4465-A5A5-BB852C9C6C82/data/Containers/Shared/SystemGroup/systemgroup.com.apple.installcoordinationd/Library/InstallCoordination/PromiseStaging/2C571D7F-6605-4E4F-A540-1A358772BADD/NeonDrift.app with installed bundle at /Users/dragonkao/Library/Developer/CoreSimulator/Devices/CC47DE7A-8196-4465-A5A5-BB852C9C6C82/data/Containers/Bundle/Application/64D51212-9421-40D7-A30E-066524CA4110/NeonDrift.app
2026-06-27 00:33:18.181 Df CoreSimulatorBridge[57126:935153] (MobileSystemServices) 0x16d163000 MDMCreateDeltaDirectory: calling MDMDirectoryDiff with:
state->old_bundle: /Users/dragonkao/Library/Developer/CoreSimulator/Devices/CC47DE7A-8196-4465-A5A5-BB852C9C6C82/data/Containers/Bundle/Application/64D51212-9421-40D7-A30E-066524CA4110/NeonDrift.app
state->new_bundle: /Users/dragonkao/.openclaw/workspace/382b9e3384298039b171c9b2a60ae644/NeonDrift_MVP/project/xcode_derived_data/Build/Products/Release-iphonesimulator/NeonDrift.app
state->dst_bundle: /Users/dragonkao/Library/Developer/CoreSimulator/Devices/CC47DE7A-8196-4465-A5A5-BB852C9C6C82/data/Containers/Shared/SystemGroup/systemgroup.com.apple.installcoordinationd/Library/InstallCoordination/PromiseStaging/2C571D7F-6605-4E4F-A540-1A358772BADD/NeonDrift.app/Payload//NeonDrift.app, binaryDiff flag: FALSE
	dst_ipa: /Users/dragonkao/Library/Developer/CoreSimulator/Devices/CC47DE7A-8196-4465-A5A5-BB852C9C6C82/data/Containers/Shared/SystemGroup/systemgroup.com.apple.installcoordinationd/Library/InstallCoordination/PromiseStaging/2C571<…>
2026-06-27 00:33:18.184 Df CoreSimulatorBridge[57126:935153] [com.apple.installcoordination:framework] -[IXPromisedTransferToPath setComplete:]: <IXPromisedTransferToPath<0x104090f80> name:"App Asset: com.DefaultCompany.NeonDrift" uuid:2C571D7F-6605-4E4F-A540-1A358772BADD creator:"InstallCoordination Simple SPI" location:[system-defined]> Delta Copy operation from /Users/dragonkao/.openclaw/workspace/382b9e3384298039b171c9b2a60ae644/NeonDrift_MVP/project/xcode_derived_data/Build/Products/Release-iphonesimulator/NeonDrift.app to /Users/dragonkao/Library/Developer/CoreSimulator/Devices/CC47DE7A-8196-4465-A5A5-BB852C9C6C82/data/Containers/Shared/SystemGroup/systemgroup.com.apple.installcoordinationd/Library/InstallCoordination/PromiseStaging/2C571D7F-6605-4E4F-A540-1A358772BADD/NeonDrift.app took 0.003143 seconds
2026-06-27 00:33:18.184 Df installcoordinationd[57289:9359b3] [com.apple.installcoordination:daemon] -[IXSDataPromise _setPercentComplete:saveStateIfNeeded:]: Progress: <IXSPromisedTransferToPath(0x1020f9580) Name:App Asset: com.DefaultCompany.NeonDrift Creator:InstallCoordination Simple SPI UUID:2C571D7F-6605-4E4F-A540-1A358772BADD Location:[system-defined]>
2026-06-27 00:33:18.184 Df installcoordinationd[57289:9359b4] [com.apple.appinstallation:TransactionLog] com.DefaultCompany.NeonDrift/Unknown Persona:4:10:1:1:App Asset Promise began. Coordinator State: IXAppCoordinationStatePlaceholderPromiseNotSet
2026-06-27 00:33:18.184 Df CoreSimulatorBridge[57126:9359b7] [com.apple.installcoordination:framework] -[IXAppInstallCoordinator _clientDelegate_promiseDidBeginFulfillmentWithIdentifier:]: <IXUpdatingAppInstallCoordinator<0x104090d00> identity:[com.DefaultCompany.NeonDrift/Invalid/[system-defined]] uuid:A161FF9B-0260-46A6-9D95-9365076506F2 creator:InstallCoordination Simple SPI>: Got promise did begin fulfillment for identifier 2
2026-06-27 00:33:18.184 Df CoreSimulatorBridge[57126:9359b7] [com.apple.installcoordination:framework] -[IXAppInstallCoordinator _clientDelegate_promiseDidBeginFulfillmentWithIdentifier:]_block_invoke: <IXUpdatingAppInstallCoordinator<0x104090d00> identity:[com.DefaultCompany.NeonDrift/Invalid/[system-defined]] uuid:A161FF9B-0260-46A6-9D95-9365076506F2 creator:InstallCoordination Simple SPI>: Observer <_IXSimpleInstallerDelegate 0x0x104059860> does not respond to coordinator:configuredPromiseDidBeginFulfillment: (or any deprecated equivalent)
2026-06-27 00:33:18.185 Df installcoordinationd[57289:9358df] [com.apple.installcoordination:daemon] -[IXSCoordinatedAppInstall promiseDidComplete:]: <IXSCoordinatedAppInstall<0x102208000> [P=CoreSimulatorBridge (pid 57126)] identifier:[com.DefaultCompany.NeonDrift/Invalid/[system-defined]] uuid:A161FF9B-0260-46A6-9D95-9365076506F2 intent:IXCoordinatorIntentUpdating creator/appDRI:InstallCoordination Simple SPI importance:UserWaiting state:IXAppCoordinationStatePlaceholderPromiseNotSet promise-state:0A2I4> : Promise completed: <IXSPromisedTransferToPath(0x1020f9580) Name:App Asset: com.DefaultCompany.NeonDrift Creator:InstallCoordination Simple SPI UUID:2C571D7F-6605-4E4F-A540-1A358772BADD Location:[system-defined]>
2026-06-27 00:33:18.185 Df installcoordinationd[57289:9359b9] [com.apple.appinstallation:TransactionLog] com.DefaultCompany.NeonDrift/Unknown Persona:4:10:2:1:App Asset Promise completed. Coordinator State: IXAppCoordinationStatePlaceholderPromiseNotSet
2026-06-27 00:33:18.185 Df CoreSimulatorBridge[57126:9359b7] [com.apple.installcoordination:framework] -[IXAppInstallCoordinator _clientDelegate_didUpdateProgress:forPhase:overallProgress:]: <IXUpdatingAppInstallCoordinator<0x104090d00> identity:[com.DefaultCompany.NeonDrift/Invalid/[system-defined]] uuid:A161FF9B-0260-46A6-9D95-9365076506F2 creator:InstallCoordination Simple SPI>: Got did update progress delegate with percentComplete 100.000000 phase IXCoordinatorProgressPhaseLoading overallProgress 60.000000
2026-06-27 00:33:18.185 Df installcoordinationd[57289:9359bb] [com.apple.installcoordination:daemon] -[IXSCoordinatedAppInstall setPlaceholderPromise:]: <IXSCoordinatedAppInstall<0x102208000> [P=CoreSimulatorBridge (pid 57126)] identifier:[com.DefaultCompany.NeonDrift/Invalid/[system-defined]] uuid:A161FF9B-0260-46A6-9D95-9365076506F2 intent:IXCoordinatorIntentUpdating creator/appDRI:InstallCoordination Simple SPI importance:UserWaiting state:IXAppCoordinationStateReadyForPlaceholderInstall promise-state:PA2I4> : Placeholder Promise set: <IXSPlaceholder(0x102124500) Name:App Placeholder: NeonDrift (com.DefaultCompany.NeonDrift) Creator:InstallCoordination Simple SPI UUID:8E31F9B7-431D-4155-9664-752A2799D3BC Location:[system-defined]>
2026-06-27 00:33:18.185 Df installcoordinationd[57289:9359b4] [com.apple.installcoordination:daemon] -[IXSCoordinatedAppInstall promiseDidComplete:]: <IXSCoordinatedAppInstall<0x102208000> [P=CoreSimulatorBridge (pid 57126)] identifier:[com.DefaultCompany.NeonDrift/Invalid/[system-defined]] uuid:A161FF9B-0260-46A6-9D95-9365076506F2 intent:IXCoordinatorIntentUpdating creator/appDRI:InstallCoordination Simple SPI importance:UserWaiting state:IXAppCoordinationStateReadyForPlaceholderInstall promise-state:PA2I4> : Promise completed: <IXSPlaceholder(0x102124500) Name:App Placeholder: NeonDrift (com.DefaultCompany.NeonDrift) Creator:InstallCoordination Simple SPI UUID:8E31F9B7-431D-4155-9664-752A2799D3BC Location:[system-defined]>
2026-06-27 00:33:18.185 Df CoreSimulatorBridge[57126:9359b7] [com.apple.installcoordination:framework] -[IXAppInstallCoordinator _clientDelegate_didUpdateProgress:forPhase:overallProgress:]_block_invoke: <IXUpdatingAppInstallCoordinator<0x104090d00> identity:[com.DefaultCompany.NeonDrift/Invalid/[system-defined]] uuid:A161FF9B-0260-46A6-9D95-9365076506F2 creator:InstallCoordination Simple SPI>: Calling selector coordinator:didUpdateProgress:forPhase:overallProgress: on observer <_IXSimpleInstallerDelegate 0x0x104059860>
2026-06-27 00:33:18.186 Df installcoordinationd[57289:9359bb] [com.apple.installcoordination:daemon] -[IXSCoordinatedAppInstall _onQueue_acquireAssertionAndInstallPlaceholder]: Acquiring termination assertion to install placeholder for [com.DefaultCompany.NeonDrift/Invalid/[system-defined]]
2026-06-27 00:33:18.186 Df installcoordinationd[57289:9359bb] [com.apple.installcoordination:daemon] -[IXSPendingOperationsTracker beginPendingOperationForIdentity:]_block_invoke: Beginning pending operation for [com.DefaultCompany.NeonDrift/Invalid/[system-defined]]
2026-06-27 00:33:18.189 Df runningboardd[57099:9351cd] [com.apple.runningboard:connection] Received termination request from [osservice<com.apple.installcoordinationd>:57289] on <RBSProcessPredicate <RBSProcessBundleIdentifierPredicate "com.DefaultCompany.NeonDrift">> with context <RBSTerminateContext| explanation:installcoordinationd app:[com.DefaultCompany.NeonDrift/Invalid/[system-defined]] uuid:A161FF9B-0260-46A6-9D95-9365076506F2 isPlaceholder:Y reportType:None maxTerminationResistance:Absolute attrs:[
	<RBSPreventLaunchLimitation| <RBSProcessPredicate <RBSProcessBundleIdentifierPredicate "com.DefaultCompany.NeonDrift">> allow:(null)>
	]>
2026-06-27 00:33:18.189 Df runningboardd[57099:9351cf] [com.apple.runningboard:general] Found 0 extensions contained in com.DefaultCompany.NeonDrift
2026-06-27 00:33:18.189 Df runningboardd[57099:9351cf] [com.apple.PlugInKit:holds] <PKManager:0x10709f380> hold request for [/Users/dragonkao/Library/Developer/CoreSimulator/Devices/CC47DE7A-8196-4465-A5A5-BB852C9C6C82/data/Containers/Bundle/Application/64D51212-9421-40D7-A30E-066524CA4110/NeonDrift.app] with flags: 0x4
2026-06-27 00:33:18.190 Df runningboardd[57099:9351cd] [com.apple.PlugInKit:holds] <PKManager:0x10709f380> hold request for [/Users/dragonkao/Library/Developer/CoreSimulator/Devices/CC47DE7A-8196-4465-A5A5-BB852C9C6C82/data/Containers/Bundle/Application/64D51212-9421-40D7-A30E-066524CA4110/NeonDrift.app] with flags: 0x4 completed with hold token: [92B6517E-B4E6-4A2A-AD89-D57DBA8E1F0E]
2026-06-27 00:33:18.190 Df runningboardd[57099:9351cd] [com.apple.runningboard:ttl] Acquiring assertion targeting system from originator [osservice<com.apple.installcoordinationd>:57289] with description <RBSAssertionDescriptor| "installcoordinationd app:[com.DefaultCompany.NeonDrift/Invalid/[system-defined]] uuid:A161FF9B-0260-46A6-9D95-9365076506F2 isPlaceholder:Y" ID:57099-57289-186 target:system attributes:[
	<RBSPreventLaunchLimitation| <RBSProcessPredicate <RBSProcessBundleIdentifierPredicate "com.DefaultCompany.NeonDrift">> allow:(null)>
	]>
2026-06-27 00:33:18.190 Df runningboardd[57099:9351cd] [com.apple.runningboard:process] Executing termination request for: <RBSProcessPredicate <RBSProcessBundleIdentifierPredicate "com.DefaultCompany.NeonDrift">>
2026-06-27 00:33:18.191 Df SpringBoard[57254:935701] [com.apple.SpringBoard:Common] termination assertion acquired for com.DefaultCompany.NeonDrift
2026-06-27 00:33:18.191 Df SpringBoard[57254:935701] [com.apple.SpringBoard:Icon] 0x10ada1500-SBApplicationIcon Data source did change: <SBApplication: 0x10afb2400; com.DefaultCompany.NeonDrift> {
} (SBApplication)
2026-06-27 00:33:18.191 Df installcoordinationd[57289:9359bb] [com.apple.installcoordination:daemon] -[IXSCoordinatedAppInstall assertionAcquiredCallback]: RBS termination assertion observer called for <IXSCoordinatedAppInstall<0x102208000> [P=CoreSimulatorBridge (pid 57126)] identifier:[com.DefaultCompany.NeonDrift/Invalid/[system-defined]] uuid:A161FF9B-0260-46A6-9D95-9365076506F2 intent:IXCoordinatorIntentUpdating creator/appDRI:InstallCoordination Simple SPI importance:UserWaiting state:IXAppCoordinationStateWaitingForPlaceholderAssertion promise-state:PA2I4>
2026-06-27 00:33:18.191 Df installcoordinationd[57289:9359bb] [com.apple.appinstallation:TransactionLog] com.DefaultCompany.NeonDrift/Unknown Persona:4:9:1:1:Placeholder Promise began. Coordinator State: IXAppCoordinationStateWaitingForPlaceholderAssertion
2026-06-27 00:33:18.191 Df installcoordinationd[57289:9359bb] [com.apple.installcoordination:daemon] -[IXSCoordinatorProgress setTotalUnitsCompleted:]: Progress for coordinator: [com.DefaultCompany.NeonDrift/Invalid/[system-defined]], Phase: IXCoordinatorProgressPhaseLoading, Percentage: 100.000000: Attempt to set units completed on finished progress: 100
2026-06-27 00:33:18.191 Df CoreSimulatorBridge[57126:9359b7] [com.apple.installcoordination:framework] -[IXAppInstallCoordinator _clientDelegate_promiseDidBeginFulfillmentWithIdentifier:]: <IXUpdatingAppInstallCoordinator<0x104090d00> identity:[com.DefaultCompany.NeonDrift/Invalid/[system-defined]] uuid:A161FF9B-0260-46A6-9D95-9365076506F2 creator:InstallCoordination Simple SPI>: Got promise did begin fulfillment for identifier 1
2026-06-27 00:33:18.191 Df CoreSimulatorBridge[57126:9359b7] [com.apple.installcoordination:framework] -[IXAppInstallCoordinator _clientDelegate_promiseDidBeginFulfillmentWithIdentifier:]_block_invoke: <IXUpdatingAppInstallCoordinator<0x104090d00> identity:[com.DefaultCompany.NeonDrift/Invalid/[system-defined]] uuid:A161FF9B-0260-46A6-9D95-9365076506F2 creator:InstallCoordination Simple SPI>: Observer <_IXSimpleInstallerDelegate 0x0x104059860> does not respond to coordinator:configuredPromiseDidBeginFulfillment: (or any deprecated equivalent)
2026-06-27 00:33:18.191 Df installcoordinationd[57289:9359bb] [com.apple.appinstallation:TransactionLog] com.DefaultCompany.NeonDrift/Unknown Persona:4:9:2:1:Placeholder Promise completed. Coordinator State: IXAppCoordinationStateWaitingForPlaceholderAssertion
2026-06-27 00:33:18.192 Df installcoordinationd[57289:9359bb] [com.apple.installcoordination:daemon] -[IXSCoordinatedAppInstall _onQueue_installPlaceholder]: Acquired termination assertion for placeholder [com.DefaultCompany.NeonDrift/Invalid/[system-defined]]; proceeding with install.
2026-06-27 00:33:18.193 Df installcoordinationd[57289:9359bb] [com.apple.installcoordination:daemon] -[IXSPowerAssertion initWithAssertionName:details:]: Acquired power assertion IXPowerAssertion-12-[com.DefaultCompany.NeonDrift/Invalid/[system-defined]]
2026-06-27 00:33:18.194 Df installd[57301:935941] (MobileSystemServices) 0x16d057000 -[MIClientConnection _doInstallationForURL:identity:domain:options:operationType:completion:]: Install of "/Users/dragonkao/Library/Developer/CoreSimulator/Devices/CC47DE7A-8196-4465-A5A5-BB852C9C6C82/data/Containers/Shared/SystemGroup/systemgroup.com.apple.installcoordinationd/Library/InstallCoordination/PromiseStaging/8E31F9B7-431D-4155-9664-752A2799D3BC/NeonDrift.app" type Placeholder (LSInstallType = 1, Domain: MIInstallationDomainDefault) requested by installcoordinationd (pid 57289 (501/20))
2026-06-27 00:33:18.199 Df installd[57301:935941] [com.apple.containermanager:xpc] Query; euid = 501, uid = 501, class = 1, identifier = [com.DefaultCompany.NeonDrift](1), flags = 300000002
2026-06-27 00:33:18.200 Df containermanagerd_system[57141:935944] [com.apple.containermanager:cache] Disk sync reporting on new entry: (com.DefaultCompany.NeonDrift|18446744073709551615|<MCMContainerPath: 0x1060f6300; [<MCMContainerClassPath: 0x10604d1a0; persona [(null)]; [/Users/dragonkao/Library/Developer/CoreSimulator/Devices/CC47DE7A-8196-4465-A5A5-BB852C9C6C82/data/Containers]/[Bundle]/[Application] created>]/[64D51212-9421-40D7-A30E-066524CA4110]/[(null)]>|0|AACB64E0-0872-4021-ACA3-07A393B416FF|(null))
2026-06-27 00:33:18.200 Df containermanagerd_system[57141:935944] [com.apple.containermanager:cache] Disk sync reporting on new entry: (com.DefaultCompany.NeonDrift.run.1782484537.59589|18446744073709551615|<MCMContainerPath: 0x1060f6350; [<MCMContainerClassPath: 0x10604d1a0; persona [(null)]; [/Users/dragonkao/Library/Developer/CoreSimulator/Devices/CC47DE7A-8196-4465-A5A5-BB852C9C6C82/data/Containers]/[Bundle]/[Application] created>]/[1DCDE5CE-4A96-4924-9746-D506874359C8]/[(null)]>|0|CA78BCEA-E9DA-4657-BDDA-0D3066818EDB|(null))
2026-06-27 00:33:18.200 Df containermanagerd_system[57141:935944] [com.apple.containermanager:cache] Disk sync reporting on new entry: (com.DefaultCompany.NeonDrift.run.1782486232.95300|18446744073709551615|<MCMContainerPath: 0x1060f63a0; [<MCMContainerClassPath: 0x10604d1a0; persona [(null)]; [/Users/dragonkao/Library/Developer/CoreSimulator/Devices/CC47DE7A-8196-4465-A5A5-BB852C9C6C82/data/Containers]/[Bundle]/[Application] created>]/[8DC090CD-F12C-4CB7-8B8B-876CECF543CD]/[(null)]>|0|F8E0A204-8720-4FE0-9E2D-0C9ADBE66604|(null))
2026-06-27 00:33:18.200 Df containermanagerd_system[57141:935944] [com.apple.containermanager:cache] Disk sync reporting on new entry: (com.DefaultCompany.NeonDrift.run.1782485248.76636|18446744073709551615|<MCMContainerPath: 0x1060f63f0; [<MCMContainerClassPath: 0x10604d1a0; persona [(null)]; [/Users/dragonkao/Library/Developer/CoreSimulator/Devices/CC47DE7A-8196-4465-A5A5-BB852C9C6C82/data/Containers]/[Bundle]/[Application] created>]/[B4ABC976-10C1-4871-BD01-63E901777FC4]/[(null)]>|0|678C7A37-7585-4056-8742-94D0F2EB0FE5|(null))
2026-06-27 00:33:18.200 Df containermanagerd_system[57141:935944] [com.apple.containermanager:cache] Disk sync reporting on new entry: (com.DefaultCompany.NeonDrift.run.1782484808.68182|18446744073709551615|<MCMContainerPath: 0x1060f6440; [<MCMContainerClassPath: 0x10604d1a0; persona [(null)]; [/Users/dragonkao/Library/Developer/CoreSimulator/Devices/CC47DE7A-8196-4465-A5A5-BB852C9C6C82/data/Containers]/[Bundle]/[Application] created>]/[35E2636E-F3E8-4D12-9D64-9F69C01749CE]/[(null)]>|0|E3C7D274-6DD2-4307-AC53-3596FB383B51|(null))
2026-06-27 00:33:18.200 Df containermanagerd_system[57141:935944] [com.apple.containermanager:cache] Disk sync reporting on new entry: (com.DefaultCompany.NeonDrift.run.1782484282.54413|18446744073709551615|<MCMContainerPath: 0x1060f6490; [<MCMContainerClassPath: 0x10604d1a0; persona [(null)]; [/Users/dragonkao/Library/Developer/CoreSimulator/Devices/CC47DE7A-8196-4465-A5A5-BB852C9C6C82/data/Containers]/[Bundle]/[Application] created>]/[5C99B373-2E0D-4720-A65A-9669594A0776]/[(null)]>|0|7DB7DDF9-C350-45C5-8184-251E537D58FC|(null))
2026-06-27 00:33:18.200 Df containermanagerd_system[57141:935944] [com.apple.containermanager:cache] Disk sync reporting on new entry: (com.DefaultCompany.NeonDrift.run.1782485533.82553|18446744073709551615|<MCMContainerPath: 0x1060f64e0; [<MCMContainerClassPath: 0x10604d1a0; persona [(null)]; [/Users/dragonkao/Library/Developer/CoreSimulator/Devices/CC47DE7A-8196-4465-A5A5-BB852C9C6C82/data/Containers]/[Bundle]/[Application] created>]/[60DB0A34-B3BB-4A4D-B075-CFC8084764F2]/[(null)]>|0|AB1E03B8-9E20-4EEB-8B0D-863324D79A8C|(null))
