2026-06-28 18:05:43.903 Df CoreSimulatorBridge[59534:daa85f] [com.apple.installcoordination:framework] -[IXAppInstallCoordinator _clientDelegate_didRegisterForObservation]_block_invoke: <IXUpdatingAppInstallCoordinator<0x103c90e40> identity:[com.DefaultCompany.NeonDrift.run.1782641020.54193/Invalid/[system-defined]] uuid:AD458DC3-8673-4052-A191-A1C181603C4C creator:InstallCoordination Simple SPI>: Observer <_IXSimpleInstallerDelegate 0x0x103c59650> does not respond to coordinatorDidRegisterForObservation:
2026-06-28 18:05:43.903 Df CoreSimulatorBridge[59534:daa85f] [com.apple.installcoordination:framework] -[IXAppInstallCoordinator _clientDelegate_shouldResume]_block_invoke: <IXUpdatingAppInstallCoordinator<0x103c90e40> identity:[com.DefaultCompany.NeonDrift.run.1782641020.54193/Invalid/[system-defined]] uuid:AD458DC3-8673-4052-A191-A1C181603C4C creator:InstallCoordination Simple SPI>: Observer <_IXSimpleInstallerDelegate 0x0x103c59650> does not respond to coordinatorShouldResume:
2026-06-28 18:05:43.905 Df installcoordinationd[59719:daaade] [com.apple.installcoordination:daemon] -[IXSCoordinatedAppInstall _internal_setInstallOptionsPromise:performExternalActions:]: <IXSCoordinatedAppInstall<0x103e00000> [P=CoreSimulatorBridge (pid 59534)] identifier:[com.DefaultCompany.NeonDrift.run.1782641020.54193/Invalid/[system-defined]] uuid:AD458DC3-8673-4052-A191-A1C181603C4C intent:IXCoordinatorIntentUpdating creator/appDRI:InstallCoordination Simple SPI importance:UserWaiting state:IXAppCoordinationStatePlaceholderPromiseNotSet promise-state:012I4> : install options set: <IXSPromisedInMemoryData(0x103cf9900) Name:MIInstallOptions data Creator:Install Coordination Internal UUID:986F1F04-A76B-4C6B-9EA7-5E63DA5BDD37 Location:[system-defined]>
2026-06-28 18:05:43.906 Df installcoordinationd[59719:daaade] [com.apple.installcoordination:daemon] -[IXSCoordinatedAppInstall promiseDidComplete:]: <IXSCoordinatedAppInstall<0x103e00000> [P=CoreSimulatorBridge (pid 59534)] identifier:[com.DefaultCompany.NeonDrift.run.1782641020.54193/Invalid/[system-defined]] uuid:AD458DC3-8673-4052-A191-A1C181603C4C intent:IXCoordinatorIntentUpdating creator/appDRI:InstallCoordination Simple SPI importance:UserWaiting state:IXAppCoordinationStatePlaceholderPromiseNotSet promise-state:012I4> : Promise completed: <IXSPromisedInMemoryData(0x103cf9900) Name:MIInstallOptions data Creator:Install Coordination Internal UUID:986F1F04-A76B-4C6B-9EA7-5E63DA5BDD37 Location:[system-defined]>
2026-06-28 18:05:43.906 Df installcoordinationd[59719:daaade] [com.apple.appinstallation:TransactionLog] com.DefaultCompany.NeonDrift.run.1782641020.54193/Unknown Persona:4:13:1:1:Install Options Promise began. Coordinator State: IXAppCoordinationStatePlaceholderPromiseNotSet
2026-06-28 18:05:43.906 Df installcoordinationd[59719:daaade] [com.apple.appinstallation:TransactionLog] com.DefaultCompany.NeonDrift.run.1782641020.54193/Unknown Persona:4:13:2:1:Install Options Promise completed. Coordinator State: IXAppCoordinationStatePlaceholderPromiseNotSet
2026-06-28 18:05:43.907 Df installcoordinationd[59719:daaadd] [com.apple.installcoordination:daemon] -[IXSCoordinatedAppInstall _internal_setAppAssetPromise:performExternalActions:]: <IXSCoordinatedAppInstall<0x103e00000> [P=CoreSimulatorBridge (pid 59534)] identifier:[com.DefaultCompany.NeonDrift.run.1782641020.54193/Invalid/[system-defined]] uuid:AD458DC3-8673-4052-A191-A1C181603C4C intent:IXCoordinatorIntentUpdating creator/appDRI:InstallCoordination Simple SPI importance:UserWaiting state:IXAppCoordinationStatePlaceholderPromiseNotSet promise-state:0a2I4> : App Asset Promise set: <IXSPromisedTransferToPath(0x103cf9480) Name:App Asset: com.DefaultCompany.NeonDrift.run.1782641020.54193 Creator:InstallCoordination Simple SPI UUID:E6F5A049-48AB-4863-B16D-60690CA65AB5 Location:[system-defined]>
2026-06-28 18:05:43.907 Df installcoordinationd[59719:daaadd] [com.apple.installcoordination:daemon] -[IXSCoordinatedAppInstall setInitialODRAssetPromises:]: <IXSCoordinatedAppInstall<0x103e00000> [P=CoreSimulatorBridge (pid 59534)] identifier:[com.DefaultCompany.NeonDrift.run.1782641020.54193/Invalid/[system-defined]] uuid:AD458DC3-8673-4052-A191-A1C181603C4C intent:IXCoordinatorIntentUpdating creator/appDRI:InstallCoordination Simple SPI importance:UserWaiting state:IXAppCoordinationStatePlaceholderPromiseNotSet promise-state:0a2I4> : Initial ODR Asset Promises set: (
)
2026-06-28 18:05:43.908 Df CoreSimulatorBridge[59534:daa558] [com.apple.installcoordination:framework] -[IXPromisedTransferToPath _performDeltaCopyFrom:toDestination:]: Performing delta copy from /Users/dragonkao/.openclaw/workspace/382b9e3384298039b171c9b2a60ae644/NeonDrift_MVP/project/xcode_derived_data/Build/Products/Release-iphonesimulator/NeonDrift.run.1782641020.54193.app to /Users/dragonkao/Library/Developer/CoreSimulator/Devices/CC47DE7A-8196-4465-A5A5-BB852C9C6C82/data/Containers/Shared/SystemGroup/systemgroup.com.apple.installcoordinationd/Library/InstallCoordination/PromiseStaging/E6F5A049-48AB-4863-B16D-60690CA65AB5/NeonDrift.run.1782641020.54193.app with installed bundle at /Users/dragonkao/Library/Developer/CoreSimulator/Devices/CC47DE7A-8196-4465-A5A5-BB852C9C6C82/data/Containers/Bundle/Application/56231D96-6A96-44CD-AEF0-53DF8A759120/NeonDrift.run.1782641020.54193.app
2026-06-28 18:05:43.909 Df CoreSimulatorBridge[59534:daa558] (MobileSystemServices) 0x16d36f000 MDMCreateDeltaDirectory: calling MDMDirectoryDiff with:
state->old_bundle: /Users/dragonkao/Library/Developer/CoreSimulator/Devices/CC47DE7A-8196-4465-A5A5-BB852C9C6C82/data/Containers/Bundle/Application/56231D96-6A96-44CD-AEF0-53DF8A759120/NeonDrift.run.1782641020.54193.app
state->new_bundle: /Users/dragonkao/.openclaw/workspace/382b9e3384298039b171c9b2a60ae644/NeonDrift_MVP/project/xcode_derived_data/Build/Products/Release-iphonesimulator/NeonDrift.run.1782641020.54193.app
state->dst_bundle: /Users/dragonkao/Library/Developer/CoreSimulator/Devices/CC47DE7A-8196-4465-A5A5-BB852C9C6C82/data/Containers/Shared/SystemGroup/systemgroup.com.apple.installcoordinationd/Library/InstallCoordination/PromiseStaging/E6F5A049-48AB-4863-B16D-60690CA65AB5/NeonDrift.run.1782641020.54193.app/Payload//NeonDrift.run.1782641020.54193.app, binaryDiff flag: FALSE
	dst_ipa: /Users/dragonkao/Library/Developer/CoreSimulator/Devices/CC47DE7A-8196-4465-A5A5-BB852C9C6C82/data/Containers/Shared/SystemGroup/systemg<…>
2026-06-28 18:05:43.912 Df CoreSimulatorBridge[59534:daa558] [com.apple.installcoordination:framework] -[IXPromisedTransferToPath setComplete:]: <IXPromisedTransferToPath<0x103c91040> name:"App Asset: com.DefaultCompany.NeonDrift.run.1782641020.54193" uuid:E6F5A049-48AB-4863-B16D-60690CA65AB5 creator:"InstallCoordination Simple SPI" location:[system-defined]> Delta Copy operation from /Users/dragonkao/.openclaw/workspace/382b9e3384298039b171c9b2a60ae644/NeonDrift_MVP/project/xcode_derived_data/Build/Products/Release-iphonesimulator/NeonDrift.run.1782641020.54193.app to /Users/dragonkao/Library/Developer/CoreSimulator/Devices/CC47DE7A-8196-4465-A5A5-BB852C9C6C82/data/Containers/Shared/SystemGroup/systemgroup.com.apple.installcoordinationd/Library/InstallCoordination/PromiseStaging/E6F5A049-48AB-4863-B16D-60690CA65AB5/NeonDrift.run.1782641020.54193.app took 0.004206 seconds
2026-06-28 18:05:43.913 Df installcoordinationd[59719:daaadd] [com.apple.installcoordination:daemon] -[IXSDataPromise _setPercentComplete:saveStateIfNeeded:]: Progress: <IXSPromisedTransferToPath(0x103cf9480) Name:App Asset: com.DefaultCompany.NeonDrift.run.1782641020.54193 Creator:InstallCoordination Simple SPI UUID:E6F5A049-48AB-4863-B16D-60690CA65AB5 Location:[system-defined]>
2026-06-28 18:05:43.913 Df installcoordinationd[59719:daaade] [com.apple.appinstallation:TransactionLog] com.DefaultCompany.NeonDrift.run.1782641020.54193/Unknown Persona:4:10:1:1:App Asset Promise began. Coordinator State: IXAppCoordinationStatePlaceholderPromiseNotSet
2026-06-28 18:05:43.913 Df CoreSimulatorBridge[59534:daa85f] [com.apple.installcoordination:framework] -[IXAppInstallCoordinator _clientDelegate_promiseDidBeginFulfillmentWithIdentifier:]: <IXUpdatingAppInstallCoordinator<0x103c90e40> identity:[com.DefaultCompany.NeonDrift.run.1782641020.54193/Invalid/[system-defined]] uuid:AD458DC3-8673-4052-A191-A1C181603C4C creator:InstallCoordination Simple SPI>: Got promise did begin fulfillment for identifier 2
2026-06-28 18:05:43.913 Df CoreSimulatorBridge[59534:daa85f] [com.apple.installcoordination:framework] -[IXAppInstallCoordinator _clientDelegate_promiseDidBeginFulfillmentWithIdentifier:]_block_invoke: <IXUpdatingAppInstallCoordinator<0x103c90e40> identity:[com.DefaultCompany.NeonDrift.run.1782641020.54193/Invalid/[system-defined]] uuid:AD458DC3-8673-4052-A191-A1C181603C4C creator:InstallCoordination Simple SPI>: Observer <_IXSimpleInstallerDelegate 0x0x103c59650> does not respond to coordinator:configuredPromiseDidBeginFulfillment: (or any deprecated equivalent)
2026-06-28 18:05:43.913 Df installcoordinationd[59719:daaa39] [com.apple.installcoordination:daemon] -[IXSCoordinatedAppInstall promiseDidComplete:]: <IXSCoordinatedAppInstall<0x103e00000> [P=CoreSimulatorBridge (pid 59534)] identifier:[com.DefaultCompany.NeonDrift.run.1782641020.54193/Invalid/[system-defined]] uuid:AD458DC3-8673-4052-A191-A1C181603C4C intent:IXCoordinatorIntentUpdating creator/appDRI:InstallCoordination Simple SPI importance:UserWaiting state:IXAppCoordinationStatePlaceholderPromiseNotSet promise-state:0A2I4> : Promise completed: <IXSPromisedTransferToPath(0x103cf9480) Name:App Asset: com.DefaultCompany.NeonDrift.run.1782641020.54193 Creator:InstallCoordination Simple SPI UUID:E6F5A049-48AB-4863-B16D-60690CA65AB5 Location:[system-defined]>
2026-06-28 18:05:43.914 Df installcoordinationd[59719:daaade] [com.apple.appinstallation:TransactionLog] com.DefaultCompany.NeonDrift.run.1782641020.54193/Unknown Persona:4:10:2:1:App Asset Promise completed. Coordinator State: IXAppCoordinationStatePlaceholderPromiseNotSet
2026-06-28 18:05:43.914 Df CoreSimulatorBridge[59534:daa55f] [com.apple.installcoordination:framework] -[IXAppInstallCoordinator _clientDelegate_didUpdateProgress:forPhase:overallProgress:]: <IXUpdatingAppInstallCoordinator<0x103c90e40> identity:[com.DefaultCompany.NeonDrift.run.1782641020.54193/Invalid/[system-defined]] uuid:AD458DC3-8673-4052-A191-A1C181603C4C creator:InstallCoordination Simple SPI>: Got did update progress delegate with percentComplete 100.000000 phase IXCoordinatorProgressPhaseLoading overallProgress 60.000000
2026-06-28 18:05:43.914 Df CoreSimulatorBridge[59534:daa55f] [com.apple.installcoordination:framework] -[IXAppInstallCoordinator _clientDelegate_didUpdateProgress:forPhase:overallProgress:]_block_invoke: <IXUpdatingAppInstallCoordinator<0x103c90e40> identity:[com.DefaultCompany.NeonDrift.run.1782641020.54193/Invalid/[system-defined]] uuid:AD458DC3-8673-4052-A191-A1C181603C4C creator:InstallCoordination Simple SPI>: Calling selector coordinator:didUpdateProgress:forPhase:overallProgress: on observer <_IXSimpleInstallerDelegate 0x0x103c59650>
2026-06-28 18:05:43.914 Df installcoordinationd[59719:daaade] [com.apple.installcoordination:daemon] -[IXSCoordinatedAppInstall setPlaceholderPromise:]: <IXSCoordinatedAppInstall<0x103e00000> [P=CoreSimulatorBridge (pid 59534)] identifier:[com.DefaultCompany.NeonDrift.run.1782641020.54193/Invalid/[system-defined]] uuid:AD458DC3-8673-4052-A191-A1C181603C4C intent:IXCoordinatorIntentUpdating creator/appDRI:InstallCoordination Simple SPI importance:UserWaiting state:IXAppCoordinationStateReadyForPlaceholderInstall promise-state:PA2I4> : Placeholder Promise set: <IXSPlaceholder(0x103d24500) Name:App Placeholder: NeonDrift.run.1782641020.54193 (com.DefaultCompany.NeonDrift.run.1782641020.54193) Creator:InstallCoordination Simple SPI UUID:21B31BBC-4BE7-4918-8A59-5B9D5FBCFBED Location:[system-defined]>
2026-06-28 18:05:43.914 Df installcoordinationd[59719:daaadd] [com.apple.installcoordination:daemon] -[IXSCoordinatedAppInstall promiseDidComplete:]: <IXSCoordinatedAppInstall<0x103e00000> [P=CoreSimulatorBridge (pid 59534)] identifier:[com.DefaultCompany.NeonDrift.run.1782641020.54193/Invalid/[system-defined]] uuid:AD458DC3-8673-4052-A191-A1C181603C4C intent:IXCoordinatorIntentUpdating creator/appDRI:InstallCoordination Simple SPI importance:UserWaiting state:IXAppCoordinationStateReadyForPlaceholderInstall promise-state:PA2I4> : Promise completed: <IXSPlaceholder(0x103d24500) Name:App Placeholder: NeonDrift.run.1782641020.54193 (com.DefaultCompany.NeonDrift.run.1782641020.54193) Creator:InstallCoordination Simple SPI UUID:21B31BBC-4BE7-4918-8A59-5B9D5FBCFBED Location:[system-defined]>
2026-06-28 18:05:43.914 Df installcoordinationd[59719:daaade] [com.apple.installcoordination:daemon] -[IXSCoordinatedAppInstall _onQueue_acquireAssertionAndInstallPlaceholder]: Acquiring termination assertion to install placeholder for [com.DefaultCompany.NeonDrift.run.1782641020.54193/Invalid/[system-defined]]
2026-06-28 18:05:43.914 Df installcoordinationd[59719:daaade] [com.apple.installcoordination:daemon] -[IXSPendingOperationsTracker beginPendingOperationForIdentity:]_block_invoke: Beginning pending operation for [com.DefaultCompany.NeonDrift.run.1782641020.54193/Invalid/[system-defined]]
2026-06-28 18:05:43.917 Df runningboardd[59507:daa5b3] [com.apple.runningboard:connection] Received termination request from [osservice<com.apple.installcoordinationd>:59719] on <RBSProcessPredicate <RBSProcessBundleIdentifierPredicate "com.DefaultCompany.NeonDrift.run.1782641020.54193">> with context <RBSTerminateContext| explanation:installcoordinationd app:[com.DefaultCompany.NeonDrift.run.1782641020.54193/Invalid/[system-defined]] uuid:AD458DC3-8673-4052-A191-A1C181603C4C isPlaceholder:Y reportType:None maxTerminationResistance:Absolute attrs:[
	<RBSPreventLaunchLimitation| <RBSProcessPredicate <RBSProcessBundleIdentifierPredicate "com.DefaultCompany.NeonDrift.run.1782641020.54193">> allow:(null)>
	]>
2026-06-28 18:05:43.918 Df runningboardd[59507:daa5b3] [com.apple.runningboard:general] Found 0 extensions contained in com.DefaultCompany.NeonDrift.run.1782641020.54193
2026-06-28 18:05:43.918 Df runningboardd[59507:daa5b3] [com.apple.PlugInKit:holds] <PKManager:0x1054a6c40> hold request for [/Users/dragonkao/Library/Developer/CoreSimulator/Devices/CC47DE7A-8196-4465-A5A5-BB852C9C6C82/data/Containers/Bundle/Application/56231D96-6A96-44CD-AEF0-53DF8A759120/NeonDrift.run.1782641020.54193.app] with flags: 0x4
2026-06-28 18:05:43.919 Df runningboardd[59507:daa5c5] [com.apple.PlugInKit:holds] <PKManager:0x1054a6c40> hold request for [/Users/dragonkao/Library/Developer/CoreSimulator/Devices/CC47DE7A-8196-4465-A5A5-BB852C9C6C82/data/Containers/Bundle/Application/56231D96-6A96-44CD-AEF0-53DF8A759120/NeonDrift.run.1782641020.54193.app] with flags: 0x4 completed with hold token: [DA5C1D40-02B1-47F1-81E2-572828C1A069]
2026-06-28 18:05:43.919 Df runningboardd[59507:daa5c5] [com.apple.runningboard:ttl] Acquiring assertion targeting system from originator [osservice<com.apple.installcoordinationd>:59719] with description <RBSAssertionDescriptor| "installcoordinationd app:[com.DefaultCompany.NeonDrift.run.1782641020.54193/Invalid/[system-defined]] uuid:AD458DC3-8673-4052-A191-A1C181603C4C isPlaceholder:Y" ID:59507-59719-135 target:system attributes:[
	<RBSPreventLaunchLimitation| <RBSProcessPredicate <RBSProcessBundleIdentifierPredicate "com.DefaultCompany.NeonDrift.run.1782641020.54193">> allow:(null)>
	]>
2026-06-28 18:05:43.919 Df runningboardd[59507:daa5c5] [com.apple.runningboard:process] Executing termination request for: <RBSProcessPredicate <RBSProcessBundleIdentifierPredicate "com.DefaultCompany.NeonDrift.run.1782641020.54193">>
2026-06-28 18:05:43.920 Df SpringBoard[59501:daa4ef] [com.apple.SpringBoard:Common] termination assertion acquired for com.DefaultCompany.NeonDrift.run.1782641020.54193
2026-06-28 18:05:43.920 Df SpringBoard[59501:daa4ef] [com.apple.SpringBoard:Icon] 0x10bb15f80-SBApplicationIcon Data source did change: <SBApplication: 0x10bf71e00; com.DefaultCompany.NeonDrift.run.1782641020.54193> {
} (SBApplication)
2026-06-28 18:05:43.920 Df installcoordinationd[59719:daaade] [com.apple.installcoordination:daemon] -[IXSCoordinatedAppInstall assertionAcquiredCallback]: RBS termination assertion observer called for <IXSCoordinatedAppInstall<0x103e00000> [P=CoreSimulatorBridge (pid 59534)] identifier:[com.DefaultCompany.NeonDrift.run.1782641020.54193/Invalid/[system-defined]] uuid:AD458DC3-8673-4052-A191-A1C181603C4C intent:IXCoordinatorIntentUpdating creator/appDRI:InstallCoordination Simple SPI importance:UserWaiting state:IXAppCoordinationStateWaitingForPlaceholderAssertion promise-state:PA2I4>
2026-06-28 18:05:43.920 Df installcoordinationd[59719:daaaec] [com.apple.appinstallation:TransactionLog] com.DefaultCompany.NeonDrift.run.1782641020.54193/Unknown Persona:4:9:1:1:Placeholder Promise began. Coordinator State: IXAppCoordinationStateWaitingForPlaceholderAssertion
2026-06-28 18:05:43.920 Df installcoordinationd[59719:daaaec] [com.apple.installcoordination:daemon] -[IXSCoordinatorProgress setTotalUnitsCompleted:]: Progress for coordinator: [com.DefaultCompany.NeonDrift.run.1782641020.54193/Invalid/[system-defined]], Phase: IXCoordinatorProgressPhaseLoading, Percentage: 100.000000: Attempt to set units completed on finished progress: 100
2026-06-28 18:05:43.920 Df installcoordinationd[59719:daaaec] [com.apple.appinstallation:TransactionLog] com.DefaultCompany.NeonDrift.run.1782641020.54193/Unknown Persona:4:9:2:1:Placeholder Promise completed. Coordinator State: IXAppCoordinationStateWaitingForPlaceholderAssertion
2026-06-28 18:05:43.920 Df CoreSimulatorBridge[59534:daa85f] [com.apple.installcoordination:framework] -[IXAppInstallCoordinator _clientDelegate_promiseDidBeginFulfillmentWithIdentifier:]: <IXUpdatingAppInstallCoordinator<0x103c90e40> identity:[com.DefaultCompany.NeonDrift.run.1782641020.54193/Invalid/[system-defined]] uuid:AD458DC3-8673-4052-A191-A1C181603C4C creator:InstallCoordination Simple SPI>: Got promise did begin fulfillment for identifier 1
2026-06-28 18:05:43.920 Df CoreSimulatorBridge[59534:daa85f] [com.apple.installcoordination:framework] -[IXAppInstallCoordinator _clientDelegate_promiseDidBeginFulfillmentWithIdentifier:]_block_invoke: <IXUpdatingAppInstallCoordinator<0x103c90e40> identity:[com.DefaultCompany.NeonDrift.run.1782641020.54193/Invalid/[system-defined]] uuid:AD458DC3-8673-4052-A191-A1C181603C4C creator:InstallCoordination Simple SPI>: Observer <_IXSimpleInstallerDelegate 0x0x103c59650> does not respond to coordinator:configuredPromiseDidBeginFulfillment: (or any deprecated equivalent)
2026-06-28 18:05:43.921 Df installcoordinationd[59719:daaaec] [com.apple.installcoordination:daemon] -[IXSCoordinatedAppInstall _onQueue_installPlaceholder]: Acquired termination assertion for placeholder [com.DefaultCompany.NeonDrift.run.1782641020.54193/Invalid/[system-defined]]; proceeding with install.
2026-06-28 18:05:43.921 Df installcoordinationd[59719:daaaec] [com.apple.installcoordination:daemon] -[IXSPowerAssertion initWithAssertionName:details:]: Acquired power assertion IXPowerAssertion-12-[com.DefaultCompany.NeonDrift.run.1782641020.54193/Invalid/[system-defined]]
2026-06-28 18:05:43.922 Df installd[59770:daaaf0] (MobileSystemServices) 0x16b72f000 -[MIClientConnection _doInstallationForURL:identity:domain:options:operationType:completion:]: Install of "/Users/dragonkao/Library/Developer/CoreSimulator/Devices/CC47DE7A-8196-4465-A5A5-BB852C9C6C82/data/Containers/Shared/SystemGroup/systemgroup.com.apple.installcoordinationd/Library/InstallCoordination/PromiseStaging/21B31BBC-4BE7-4918-8A59-5B9D5FBCFBED/NeonDrift.run.1782641020.54193.app" type Placeholder (LSInstallType = 1, Domain: MIInstallationDomainDefault) requested by installcoordinationd (pid 59719 (501/20))
2026-06-28 18:05:43.927 Df installd[59770:daaaf0] [com.apple.containermanager:xpc] Query; euid = 501, uid = 501, class = 1, identifier = [com.DefaultCompany.NeonDrift.run.1782641020.54193](1), flags = 300000002
2026-06-28 18:05:43.929 Df containermanagerd_system[59587:daa5c3] [com.apple.containermanager:cache] Disk sync reporting on new entry: (com.DefaultCompany.NeonDrift.run.1782641020.54193|18446744073709551615|<MCMContainerPath: 0x1018f6300; [<MCMContainerClassPath: 0x10184d1a0; persona [(null)]; [/Users/dragonkao/Library/Developer/CoreSimulator/Devices/CC47DE7A-8196-4465-A5A5-BB852C9C6C82/data/Containers]/[Bundle]/[Application] created>]/[56231D96-6A96-44CD-AEF0-53DF8A759120]/[(null)]>|0|3F4CE4D0-4AD5-4AB7-8546-BF6AD4ADE3FD|(null))
2026-06-28 18:05:43.932 Df installd[59770:daaaf0] [com.apple.containermanager:xpc] Query; euid = 501, uid = 501, class = 1, identifier = [com.DefaultCompany.NeonDrift.run.1782641020.54193](1), flags = 300000002
2026-06-28 18:05:43.948 Df runningboardd[59507:daa5c1] [com.apple.runningboard:process] Checking PreventLaunch: global:0 exPath:(null) predicates:{(
    <RBSProcessPredicate <RBSProcessBundleIdentifierPredicate "com.DefaultCompany.NeonDrift.run.1782641020.54193">>
)} allow:(null)
2026-06-28 18:05:44.045 Df installd[59770:daaaf0] [com.apple.containermanager:xpc] Query; euid = 501, uid = 501, class = 1, identifier = [com.DefaultCompany.NeonDrift.run.1782641020.54193](1), flags = 300000002
2026-06-28 18:05:44.046 Df installd[59770:daaaf0] [com.apple.containermanager:xpc] Query; euid = 501, uid = 501, class = 1, identifier = [com.DefaultCompany.NeonDrift.run.1782641020.54193](1), flags = 300000002
2026-06-28 18:05:44.049 Df installd[59770:daaaf0] (MobileSystemServices) 0x16b72f000 -[MIInstaller _installInstallable:containingSymlink:error:]: Installing <MIInstallableParallelPlaceholder ID=com.DefaultCompany.NeonDrift.run.1782641020.54193; Persona=com.apple.containermanager.primary-persona, Version=0, ShortVersion=1.0>
2026-06-28 18:05:44.049 Df installd[59770:daaaf0] [com.apple.appinstallation:TransactionLog] com.DefaultCompany.NeonDrift.run.1782641020.54193/com.apple.containermanager.primary-persona:7:2:1:1:Start : Install (Parallel Placeholder)
2026-06-28 18:05:44.296 Df runningboardd[59507:daa5bc] [com.apple.runningboard:process] Checking PreventLaunch: global:0 exPath:(null) predicates:{(
    <RBSProcessPredicate <RBSProcessBundleIdentifierPredicate "com.DefaultCompany.NeonDrift.run.1782641020.54193">>
)} allow:(null)
2026-06-28 18:05:44.412 Df runningboardd[59507:daa5bc] [com.apple.runningboard:process] Checking PreventLaunch: global:0 exPath:(null) predicates:{(
    <RBSProcessPredicate <RBSProcessBundleIdentifierPredicate "com.DefaultCompany.NeonDrift.run.1782641020.54193">>
)} allow:(null)
2026-06-28 18:05:44.524 Df runningboardd[59507:daa5bc] [com.apple.runningboard:process] Checking PreventLaunch: global:0 exPath:(null) predicates:{(
    <RBSProcessPredicate <RBSProcessBundleIdentifierPredicate "com.DefaultCompany.NeonDrift.run.1782641020.54193">>
)} allow:(null)
2026-06-28 18:05:44.578 Df containermanagerd[59596:daa640] [com.apple.containermanager:cache] Disk sync reporting on new entry: (com.DefaultCompany.NeonDrift.run.1782641020.54193|18446744073709551615|<MCMContainerPath: 0x1020db480; [<MCMContainerClassPath: 0x1020497a0; persona [(null)]; [/Users/dragonkao/Library/Developer/CoreSimulator/Devices/CC47DE7A-8196-4465-A5A5-BB852C9C6C82/data/Containers]/[Data]/[Application] created>]/[CFCC0190-84FC-48CB-99F3-1C76AFCBC9BF]/[(null)]>|1|5FAAD7F6-4BA8-49E5-A448-C7F46C9A17B1|(null))
2026-06-28 18:05:44.634 Df runningboardd[59507:daa5c6] [com.apple.runningboard:process] Checking PreventLaunch: global:0 exPath:(null) predicates:{(
    <RBSProcessPredicate <RBSProcessBundleIdentifierPredicate "com.DefaultCompany.NeonDrift.run.1782641020.54193">>
)} allow:(null)
2026-06-28 18:05:44.756 Df runningboardd[59507:daa5c6] [com.apple.runningboard:process] Checking PreventLaunch: global:0 exPath:(null) predicates:{(
    <RBSProcessPredicate <RBSProcessBundleIdentifierPredicate "com.DefaultCompany.NeonDrift.run.1782641020.54193">>
)} allow:(null)
2026-06-28 18:05:44.873 Df runningboardd[59507:daa89a] [com.apple.runningboard:process] Checking PreventLaunch: global:0 exPath:(null) predicates:{(
    <RBSProcessPredicate <RBSProcessBundleIdentifierPredicate "com.DefaultCompany.NeonDrift.run.1782641020.54193">>
)} allow:(null)
2026-06-28 18:05:44.990 Df runningboardd[59507:daa5b2] [com.apple.runningboard:process] Checking PreventLaunch: global:0 exPath:(null) predicates:{(
    <RBSProcessPredicate <RBSProcessBundleIdentifierPredicate "com.DefaultCompany.NeonDrift.run.1782641020.54193">>
)} allow:(null)
2026-06-28 18:05:45.102 Df runningboardd[59507:daa5c1] [com.apple.runningboard:process] Checking PreventLaunch: global:0 exPath:(null) predicates:{(
    <RBSProcessPredicate <RBSProcessBundleIdentifierPredicate "com.DefaultCompany.NeonDrift.run.1782641020.54193">>
)} allow:(null)
2026-06-28 18:05:45.214 Df runningboardd[59507:daa5c4] [com.apple.runningboard:process] Checking PreventLaunch: global:0 exPath:(null) predicates:{(
    <RBSProcessPredicate <RBSProcessBundleIdentifierPredicate "com.DefaultCompany.NeonDrift.run.1782641020.54193">>
)} allow:(null)
2026-06-28 18:05:45.251 Df searchd[59645:daa8f3] [com.apple.spotlight:default] _allInstalledApplicationsIdentifiers: {(
    "com.apple.Passbook",
    "com.DefaultCompany.NeonDrift.run.1782486232.95300",
    "com.DefaultCompany.NeonDrift.run.1782493753.82761",
    "com.DefaultCompany.NeonDrift.run.1782485248.76636",
    "com.apple.DocumentsApp",
    "com.apple.Fitness",
    "com.apple.MobileAddressBook",
    "com.DefaultCompany.NeonDrift.run.1782638094.21137",
    "com.apple.MobileSMS",
    "com.DefaultCompany.NeonDrift.run.1782485533.82553",
    "com.apple.Maps",
    "com.DefaultCompany.NeonDrift.run.1782641020.54193",
    "com.apple.Passwords",
    "com.apple.mobilecal",
    "com.apple.Bridge",
    "com.apple.BarcodeScanner",
    "com.apple.Preferences",
    "com.DefaultCompany.NeonDrift.run.1782573263.85778",
    "com.apple.reminders",
    "com.DefaultCompany.NeonDrift.run.1782484808.68182",
    "com.apple.Health",
    "com.apple.news",
    "com.apple.mobileslideshow",
    "com.DefaultCompany.NeonDrift",
    "com.apple.mobilesafari",
    "com.DefaultCompany.NeonDrift.run.1782484537.59589",
    "com.apple.TVRemote
2026-06-28 18:05:45.332 Df runningboardd[59507:daa5c5] [com.apple.runningboard:process] Checking PreventLaunch: global:0 exPath:(null) predicates:{(
    <RBSProcessPredicate <RBSProcessBundleIdentifierPredicate "com.DefaultCompany.NeonDrift.run.1782641020.54193">>
)} allow:(null)
2026-06-28 18:05:45.445 Df runningboardd[59507:daa5b2] [com.apple.runningboard:process] Checking PreventLaunch: global:0 exPath:(null) predicates:{(
    <RBSProcessPredicate <RBSProcessBundleIdentifierPredicate "com.DefaultCompany.NeonDrift.run.1782641020.54193">>
)} allow:(null)
2026-06-28 18:05:45.560 Df runningboardd[59507:daa5b2] [com.apple.runningboard:process] Checking PreventLaunch: global:0 exPath:(null) predicates:{(
    <RBSProcessPredicate <RBSProcessBundleIdentifierPredicate "com.DefaultCompany.NeonDrift.run.1782641020.54193">>
)} allow:(null)
2026-06-28 18:05:45.676 Df runningboardd[59507:daa5c1] [com.apple.runningboard:process] Checking PreventLaunch: global:0 exPath:(null) predicates:{(
    <RBSProcessPredicate <RBSProcessBundleIdentifierPredicate "com.DefaultCompany.NeonDrift.run.1782641020.54193">>
)} allow:(null)
2026-06-28 18:05:46.406 Df searchd[59645:daa8e4] [com.apple.spotlight:default] Apps changed: (
    "com.apple.Passbook",
    "com.DefaultCompany.NeonDrift.run.1782486232.95300",
    "com.DefaultCompany.NeonDrift.run.1782493753.82761",
    "com.DefaultCompany.NeonDrift.run.1782485248.76636",
    "com.apple.DocumentsApp",
    "com.apple.Fitness",
    "com.apple.MobileAddressBook",
    "com.DefaultCompany.NeonDrift.run.1782638094.21137",
    "com.apple.MobileSMS",
    "com.DefaultCompany.NeonDrift.run.1782485533.82553",
    "com.apple.Maps",
    "com.DefaultCompany.NeonDrift.run.1782641020.54193",
    "com.apple.Passwords",
    "com.apple.mobilecal",
    "com.apple.Bridge",
    "com.apple.BarcodeScanner",
    "com.apple.Preferences",
    "com.DefaultCompany.NeonDrift.run.1782573263.85778",
    "com.apple.reminders",
    "com.DefaultCompany.NeonDrift.run.1782484808.68182",
    "com.apple.Health",
    "com.apple.news",
    "com.apple.mobileslideshow",
    "com.DefaultCompany.NeonDrift",
    "com.apple.mobilesafari",
    "com.DefaultCompany.NeonDrift.run.1782484537.59589",
    "com.apple.TVRemoteU
2026-06-28 18:05:46.956 Df installd[59770:daaaf0] [com.apple.containermanager:query] Query; euid = 501, uid = 501, class = 4, identifier = [com.DefaultCompany.NeonDrift.run.1782641020.54193](1), flags = 300000002
2026-06-28 18:05:46.956 Df installd[59770:daaaf0] [com.apple.containermanager:query] Query; euid = 501, uid = 501, class = 4, identifier = [com.DefaultCompany.NeonDrift.run.1782641020.54193](1), flags = 300000002
2026-06-28 18:05:46.957 Df installd[59770:daaaf0] (MobileSystemServices) 0x16b72f000 -[MIInstallableParallelPlaceholder performInstallationWithError:]: Installing parallel placeholder for [com.DefaultCompany.NeonDrift.run.1782641020.54193/com.apple.containermanager.primary-persona/[system-defined]]
2026-06-28 18:05:46.959 Df installd[59770:daaaf0] [com.apple.containermanager:query] Query; euid = 501, uid = 501, class = 2, identifier = [com.DefaultCompany.NeonDrift.run.1782641020.54193](1), flags = 300000003
2026-06-28 18:05:46.959 Df installd[59770:daaaf0] [com.apple.containermanager:query] Query; euid = 501, uid = 501, class = 2, identifier = [com.DefaultCompany.NeonDrift.run.1782641020.54193](1), flags = 300000002
2026-06-28 18:05:46.971 Df containermanagerd[59596:daa640] [com.apple.containermanager:schema] [u 5FAAD7F6-4BA8-49E5-A448-C7F46C9A17B1:p CFCC0190-84FC-48CB-99F3-1C76AFCBC9BF:c com.DefaultCompany.NeonDrift.run.1782641020.54193(2):i0] Successfully updated schema from (0) → (1), actions count = 6
2026-06-28 18:05:46.972 Df containermanagerd_system[59587:daa5c3] [com.apple.containermanager:schema] [u 3F4CE4D0-4AD5-4AB7-8546-BF6AD4ADE3FD:p 56231D96-6A96-44CD-AEF0-53DF8A759120:c com.DefaultCompany.NeonDrift.run.1782641020.54193(1):i0] Successfully updated schema from (0) → (0), actions count = 0
2026-06-28 18:05:46.972 Df installd[59770:daaaf0] [com.apple.containermanager:xpc] Query; euid = 501, uid = 501, class = 1, identifier = [com.DefaultCompany.NeonDrift.run.1782641020.54193](1), flags = 300000002
2026-06-28 18:05:46.973 Df installd[59770:daaaf0] [com.apple.containermanager:unspecified] Requesting disk usage; class = 1, identifier = com.DefaultCompany.NeonDrift.run.1782641020.54193
2026-06-28 18:05:46.974 Df installd[59770:daaaf0] [com.apple.containermanager:query] Query; euid = 501, uid = 501, class = 7, identifier = [com.DefaultCompany.NeonDrift.run.1782641020.54193](1), flags = 300000001
2026-06-28 18:05:46.975 Df SpringBoard[59501:daa4ef] [com.apple.SpringBoard:Common] termination assertion released for com.DefaultCompany.NeonDrift.run.1782641020.54193
2026-06-28 18:05:46.975 Df SpringBoard[59501:daa4ef] [com.apple.SpringBoard:Icon] 0x10bb15f80-SBApplicationIcon Data source did change: <SBApplication: 0x10bf71e00; com.DefaultCompany.NeonDrift.run.1782641020.54193> {
} (SBApplication)
2026-06-28 18:05:46.977 Df installd[59770:daaaf0] (MobileSystemServices) 0x16b72f000 -[MILaunchServicesOperationManager _onQueue_addPendingLaunchServicesOperation:error:]: Added pending LS operation <MILaunchServicesRegisterOperation: 37AAE854-9BE0-476A-B457-9752C9797846:1 com.DefaultCompany.NeonDrift.run.1782641020.54193/MIInstallationDomainSystemShared personas:[com.apple.containermanager.primary-persona]>
2026-06-28 18:05:46.978 Df lsd[59591:daa68c] [com.apple.launchservices:appinstallation] Post installation registration: request to register com.DefaultCompany.NeonDrift.run.1782641020.54193, operation 37AAE854-9BE0-476A-B457-9752C9797846, from pid 59770
2026-06-28 18:05:46.979 Df lsd[59591:daa68c] [com.apple.appinstallation:TransactionLog] com.DefaultCompany.NeonDrift.run.1782641020.54193/Unknown Persona:5:4:1:1:Registering bundles via registrant - start
2026-06-28 18:05:46.983 Df lsd[59591:daa68c] [com.apple.appinstallation:TransactionLog] com.DefaultCompany.NeonDrift.run.1782641020.54193/Unknown Persona:5:5:1:1:Building bundle record for app
2026-06-28 18:05:46.983 Df lsd[59591:daa68c] [com.apple.launchservices:appinstallation] Placeholder detected - Flagging bundle com.DefaultCompany.NeonDrift.run.1782641020.54193 incomplete
2026-06-28 18:05:46.983 Df lsd[59591:daa68c] [com.apple.appinstallation:TransactionLog] com.DefaultCompany.NeonDrift.run.1782641020.54193/Unknown Persona:5:5:2:1:Built bundle record for app
2026-06-28 18:05:46.985 Df lsd[59591:daa68c] [com.apple.appinstallation:TransactionLog] com.DefaultCompany.NeonDrift.run.1782641020.54193/Unknown Persona:5:4:2:1:Registered bundle status = success
2026-06-28 18:05:46.986 Df lsd[59591:daa68c] [com.apple.appinstallation:TransactionLog] com.DefaultCompany.NeonDrift.run.1782641020.54193/Unknown Persona:5:4:2:1:Finished registering com.DefaultCompany.NeonDrift.run.1782641020.54193, bundle unit 550
2026-06-28 18:05:46.987 Df installd[59770:daaaf0] (MobileSystemServices) 0x16b72f000 -[MIJournal purgeJournalEntry:withError:]: Removing journal entry <MIInstallationJournalEntry<0x1058e8a00> [com.DefaultCompany.NeonDrift.run.1782641020.54193/com.apple.containermanager.primary-persona/[system-defined]]/MIInstallationDomainSystemShared op:3 phase:JournalPhaseDidRegisterWithLS version:0>
2026-06-28 18:05:46.987 Df lsd[59591:daa5d3] [com.apple.launchservices:progress] Sending applicationInstallsDidStart: for (
    "<LSApplicationProxy: 0x10133c000> com.DefaultCompany.NeonDrift.run.1782641020.54193 file:///Users/dragonkao/Library/Developer/CoreSimulator/Devices/CC47DE7A-8196-4465-A5A5-BB852C9C6C82/data/Containers/Bundle/Application/56231D96-6A96-44CD-AEF0-53DF8A759120/com.apple.mobileinstallation.placeholder/ <com.DefaultCompany.NeonDrift.run.1782641020.54193 <placeholder >:1>"
)
2026-06-28 18:05:46.987 Df installd[59770:daaaf0] [com.apple.appinstallation:TransactionLog] com.DefaultCompany.NeonDrift.run.1782641020.54193/com.apple.containermanager.primary-persona:7:2:2:1:Success (End) : Install (Parallel Placeholder)
2026-06-28 18:05:46.987 Df installd[59770:daaaf0] (MobileSystemServices) 0x16b72f000 -[MIInstaller _logOperationCompletionWithStartTime:distributorID:]: Install successful for (Placeholder:com.DefaultCompany.NeonDrift.run.1782641020.54193) [Distributor: (null)]; Staging: 0.00s; Waiting: 0.00s; Preflight/Patch: 2.91s, Verifying: 0.00s; Overall: 3.06s
2026-06-28 18:05:46.987 Df lsd[59591:daa5d3] [com.apple.launchservices:progress] Created parent progress <NSProgress: com.DefaultCompany.NeonDrift.run.1782641020.54193 phase=InstallingPlaceholder; state=Waiting; finalPhase=Installing; fractionCompleted=0.000000>
2026-06-28 18:05:46.988 Df installcoordinationd[59719:daaaec] [com.apple.installcoordination:daemon] -[IXSPowerAssertion invalidate]: Released power assertion IXPowerAssertion-12-[com.DefaultCompany.NeonDrift.run.1782641020.54193/Invalid/[system-defined]]
2026-06-28 18:05:46.988 Df nsurlsessiond[59590:daa68a] [com.apple.launchservices:appinstallation] LaunchServices observer: InstallsStarted (
    "<LSApplicationProxy: 0x105e3c240> com.DefaultCompany.NeonDrift.run.1782641020.54193 file:///Users/dragonkao/Library/Developer/CoreSimulator/Devices/CC47DE7A-8196-4465-A5A5-BB852C9C6C82/data/Containers/Bundle/Application/56231D96-6A96-44CD-AEF0-53DF8A759120/com.apple.mobileinstallation.placeholder/ <com.DefaultCompany.NeonDrift.run.1782641020.54193 <placeholder >:1>"
)
2026-06-28 18:05:46.988 Df installcoordinationd[59719:daaaec] [com.apple.installcoordination:daemon] -[IXSPendingOperationsTracker endPendingOperationForIdentity:]_block_invoke: Ending pending operation for [com.DefaultCompany.NeonDrift.run.1782641020.54193/Invalid/[system-defined]]
2026-06-28 18:05:46.989 Df usernotificationsd[59613:daa861] [com.apple.launchservices:appinstallation] LaunchServices observer: InstallsStarted (
    "<LSApplicationProxy: 0x105dbc600> com.DefaultCompany.NeonDrift.run.1782641020.54193 file:///Users/dragonkao/Library/Developer/CoreSimulator/Devices/CC47DE7A-8196-4465-A5A5-BB852C9C6C82/data/Containers/Bundle/Application/56231D96-6A96-44CD-AEF0-53DF8A759120/com.apple.mobileinstallation.placeholder/ <com.DefaultCompany.NeonDrift.run.1782641020.54193 <placeholder >:1>"
)
2026-06-28 18:05:46.989 Df installcoordinationd[59719:daaaec] [com.apple.installcoordination:daemon] -[IXSCoordinatedAppInstall setPlaceholderInstallState:withLSRecordPromiseForCompletion:]: <IXSCoordinatedAppInstall<0x103e00000> [P=CoreSimulatorBridge (pid 59534)] identifier:[com.DefaultCompany.NeonDrift.run.1782641020.54193/Invalid/[system-defined]] uuid:AD458DC3-8673-4052-A191-A1C181603C4C intent:IXCoordinatorIntentUpdating creator/appDRI:InstallCoordination Simple SPI importance:UserWaiting state:IXAppCoordinationStateReadyForInstall promise-state:PA2I4>: Placeholder install completed.
2026-06-28 18:05:46.989 Df runningboardd[59507:daa5c4] [com.apple.launchservices:appinstallation] LaunchServices observer: InstallsStarted (
    "<LSApplicationProxy: 0x1055a4000> com.DefaultCompany.NeonDrift.run.1782641020.54193 file:///Users/dragonkao/Library/Developer/CoreSimulator/Devices/CC47DE7A-8196-4465-A5A5-BB852C9C6C82/data/Containers/Bundle/Application/56231D96-6A96-44CD-AEF0-53DF8A759120/com.apple.mobileinstallation.placeholder/ <com.DefaultCompany.NeonDrift.run.1782641020.54193 <placeholder >:1>"
)
2026-06-28 18:05:46.989 Df locationd[59528:daa57d] [com.apple.launchservices:appinstallation] LaunchServices observer: InstallsStarted (
    "<LSApplicationProxy: 0x105784540> com.DefaultCompany.NeonDrift.run.1782641020.54193 file:///Users/dragonkao/Library/Developer/CoreSimulator/Devices/CC47DE7A-8196-4465-A5A5-BB852C9C6C82/data/Containers/Bundle/Application/56231D96-6A96-44CD-AEF0-53DF8A759120/com.apple.mobileinstallation.placeholder/ <com.DefaultCompany.NeonDrift.run.1782641020.54193 <placeholder >:1>"
)
2026-06-28 18:05:46.989 Df installcoordinationd[59719:daaaec] [com.apple.installprogress:server] initiating progress for [com.DefaultCompany.NeonDrift.run.1782641020.54193/Invalid/[system-defined]]
2026-06-28 18:05:46.989 Df callservicesd[59631:daa746] [com.apple.launchservices:appinstallation] LaunchServices observer: InstallsStarted (
    "<LSApplicationProxy: 0x1069c0cc0> com.DefaultCompany.NeonDrift.run.1782641020.54193 file:///Users/dragonkao/Library/Developer/CoreSimulator/Devices/CC47DE7A-8196-4465-A5A5-BB852C9C6C82/data/Containers/Bundle/Application/56231D96-6A96-44CD-AEF0-53DF8A759120/com.apple.mobileinstallation.placeholder/ <com.DefaultCompany.NeonDrift.run.1782641020.54193 <placeholder >:1>"
)
2026-06-28 18:05:46.990 Df lsd[59591:daa5d3] [com.apple.launchservices:progress] Sent distributed notification com.apple.LaunchServices.applicationRegistered with payload {
    bundleIDs =     (
        "com.DefaultCompany.NeonDrift.run.1782641020.54193"
    );
    isPlaceholder = 1;
}
2026-06-28 18:05:46.990 Df donotdisturbd[59589:daa702] [com.apple.launchservices:appinstallation] LaunchServices observer: InstallsStarted (
    "<LSApplicationProxy: 0x1059d5380> com.DefaultCompany.NeonDrift.run.1782641020.54193 file:///Users/dragonkao/Library/Developer/CoreSimulator/Devices/CC47DE7A-8196-4465-A5A5-BB852C9C6C82/data/Containers/Bundle/Application/56231D96-6A96-44CD-AEF0-53DF8A759120/com.apple.mobileinstallation.placeholder/ <com.DefaultCompany.NeonDrift.run.1782641020.54193 <placeholder >:1>"
)
2026-06-28 18:05:46.990 Df deviceaccessd[59700:daa9e7] [com.apple.launchservices:appinstallation] LaunchServices observer: InstallsStarted (
    "<LSApplicationProxy: 0x102178000> com.DefaultCompany.NeonDrift.run.1782641020.54193 file:///Users/dragonkao/Library/Developer/CoreSimulator/Devices/CC47DE7A-8196-4465-A5A5-BB852C9C6C82/data/Containers/Bundle/Application/56231D96-6A96-44CD-AEF0-53DF8A759120/com.apple.mobileinstallation.placeholder/ <com.DefaultCompany.NeonDrift.run.1782641020.54193 <placeholder >:1>"
)
2026-06-28 18:05:46.990 Df mobiletimerd[59519:daa656] [com.apple.launchservices:appinstallation] LaunchServices observer: InstallsStarted (
    "<LSApplicationProxy: 0x103e480c0> com.DefaultCompany.NeonDrift.run.1782641020.54193 file:///Users/dragonkao/Library/Developer/CoreSimulator/Devices/CC47DE7A-8196-4465-A5A5-BB852C9C6C82/data/Containers/Bundle/Application/56231D96-6A96-44CD-AEF0-53DF8A759120/com.apple.mobileinstallation.placeholder/ <com.DefaultCompany.NeonDrift.run.1782641020.54193 <placeholder >:1>"
)
2026-06-28 18:05:46.990 Df liveactivitiesd[59598:daa696] [com.apple.launchservices:appinstallation] LaunchServices observer: InstallsStarted (
    "<LSApplicationProxy: 0x101a91200> com.DefaultCompany.NeonDrift.run.1782641020.54193 file:///Users/dragonkao/Library/Developer/CoreSimulator/Devices/CC47DE7A-8196-4465-A5A5-BB852C9C6C82/data/Containers/Bundle/Application/56231D96-6A96-44CD-AEF0-53DF8A759120/com.apple.mobileinstallation.placeholder/ <com.DefaultCompany.NeonDrift.run.1782641020.54193 <placeholder >:1>"
)
2026-06-28 18:05:46.990 Df gamed[59690:daaa27] [com.apple.launchservices:appinstallation] LaunchServices observer: InstallsStarted (
    "<LSApplicationProxy: 0x10432c6c0> com.DefaultCompany.NeonDrift.run.1782641020.54193 file:///Users/dragonkao/Library/Developer/CoreSimulator/Devices/CC47DE7A-8196-4465-A5A5-BB852C9C6C82/data/Containers/Bundle/Application/56231D96-6A96-44CD-AEF0-53DF8A759120/com.apple.mobileinstallation.placeholder/ <com.DefaultCompany.NeonDrift.run.1782641020.54193 <placeholder >:1>"
)
2026-06-28 18:05:46.990 Df routined[59512:daa793] [com.apple.launchservices:appinstallation] LaunchServices observer: InstallsStarted (
    "<LSApplicationProxy: 0x107560900> com.DefaultCompany.NeonDrift.run.1782641020.54193 file:///Users/dragonkao/Library/Developer/CoreSimulator/Devices/CC47DE7A-8196-4465-A5A5-BB852C9C6C82/data/Containers/Bundle/Application/56231D96-6A96-44CD-AEF0-53DF8A759120/com.apple.mobileinstallation.placeholder/ <com.DefaultCompany.NeonDrift.run.1782641020.54193 <placeholder >:1>"
)
2026-06-28 18:05:46.990 Df financed[59642:daabef] [com.apple.launchservices:appinstallation] LaunchServices observer: InstallsStarted (
    "<LSApplicationProxy: 0x107ae7240> com.DefaultCompany.NeonDrift.run.1782641020.54193 file:///Users/dragonkao/Library/Developer/CoreSimulator/Devices/CC47DE7A-8196-4465-A5A5-BB852C9C6C82/data/Containers/Bundle/Application/56231D96-6A96-44CD-AEF0-53DF8A759120/com.apple.mobileinstallation.placeholder/ <com.DefaultCompany.NeonDrift.run.1782641020.54193 <placeholder >:1>"
)
2026-06-28 18:05:46.991 Df sleepd[59531:daa55a] [com.apple.launchservices:appinstallation] LaunchServices observer: InstallsStarted (
    "<LSApplicationProxy: 0x103e6c180> com.DefaultCompany.NeonDrift.run.1782641020.54193 file:///Users/dragonkao/Library/Developer/CoreSimulator/Devices/CC47DE7A-8196-4465-A5A5-BB852C9C6C82/data/Containers/Bundle/Application/56231D96-6A96-44CD-AEF0-53DF8A759120/com.apple.mobileinstallation.placeholder/ <com.DefaultCompany.NeonDrift.run.1782641020.54193 <placeholder >:1>"
)
2026-06-28 18:05:46.991 Df SpringBoard[59501:daa71b] [com.apple.launchservices:appinstallation] LaunchServices observer: InstallsStarted (
    "<LSApplicationProxy: 0x10c19bf00> com.DefaultCompany.NeonDrift.run.1782641020.54193 file:///Users/dragonkao/Library/Developer/CoreSimulator/Devices/CC47DE7A-8196-4465-A5A5-BB852C9C6C82/data/Containers/Bundle/Application/56231D96-6A96-44CD-AEF0-53DF8A759120/com.apple.mobileinstallation.placeholder/ <com.DefaultCompany.NeonDrift.run.1782641020.54193 <placeholder >:1>"
)
2026-06-28 18:05:46.991 Df webbookmarksd[59630:daa9dd] [com.apple.launchservices:appinstallation] LaunchServices observer: InstallsStarted (
    "<LSApplicationProxy: 0x101b1d860> com.DefaultCompany.NeonDrift.run.1782641020.54193 file:///Users/dragonkao/Library/Developer/CoreSimulator/Devices/CC47DE7A-8196-4465-A5A5-BB852C9C6C82/data/Containers/Bundle/Application/56231D96-6A96-44CD-AEF0-53DF8A759120/com.apple.mobileinstallation.placeholder/ <com.DefaultCompany.NeonDrift.run.1782641020.54193 <placeholder >:1>"
)
2026-06-28 18:05:46.991 Df SpringBoard[59501:daa71b] [com.apple.frontboard.ApplicationLibrary:observer] -[FBSApplicationLibrary applicationInstallsDidStart:] com.DefaultCompany.NeonDrift.run.1782641020.54193
2026-06-28 18:05:46.992 Df SpringBoard[59501:daa71b] [com.apple.frontboard.ApplicationLibrary:default] Added placeholder: <SBApplicationPlaceholderProxy: 0x12a092d80; com.DefaultCompany.NeonDrift.run.1782641020.54193 (NeonDrift.run.1782641020.54193); LSInstallType: StoreDownload>
2026-06-28 18:05:46.992 Df installcoordinationd[59719:daaaec] [com.apple.installprogress:default] Created published identity progress for [com.DefaultCompany.NeonDrift.run.1782641020.54193/Invalid/[system-defined]], observer 0x103ca8d40
2026-06-28 18:05:46.992 Df installcoordinationd[59719:daaaec] [com.apple.installcoordination:daemon] -[IXSCoordinatorProgress setTotalUnitsCompleted:]: Progress for coordinator: [com.DefaultCompany.NeonDrift.run.1782641020.54193/Invalid/[system-defined]], Phase: IXCoordinatorProgressPhaseLoading, Percentage: 100.000000: Attempt to set units completed on finished progress: 100
2026-06-28 18:05:46.992 Df installcoordinationd[59719:daaaec] [com.apple.installcoordination:daemon] -[IXSCoordinatedAppInstall _onQueue_acquireAssertionAndDoInstall]: Acquiring termination assertion to install [com.DefaultCompany.NeonDrift.run.1782641020.54193/Invalid/[system-defined]]
2026-06-28 18:05:46.992 Df installcoordinationd[59719:daaaec] [com.apple.installcoordination:daemon] -[IXSPendingOperationsTracker beginPendingOperationForIdentity:]_block_invoke: Beginning pending operation for [com.DefaultCompany.NeonDrift.run.1782641020.54193/Invalid/[system-defined]]
2026-06-28 18:05:46.992 Df installcoordinationd[59719:daaaef] [com.apple.installcoordination:daemon] -[IXSCoordinatedAppInstall _limitedConcurrency_fetchLoadingProgressForPlaceholderInstallType:progressHint:andRun:]: <IXSCoordinatedAppInstall<0x103e00000> [P=CoreSimulatorBridge (pid 59534)] identifier:[com.DefaultCompany.NeonDrift.run.1782641020.54193/Invalid/[system-defined]] uuid:AD458DC3-8673-4052-A191-A1C181603C4C intent:IXCoordinatorIntentUpdating creator/appDRI:InstallCoordination Simple SPI importance:UserWaiting state:IXAppCoordinationStateWaitingForInstallAssertion promise-state:PA2I4>: initiating loading progress with install type 1
2026-06-28 18:05:46.992 Df installcoordinationd[59719:daaaef] [com.apple.appinstallation:TransactionLog] com.DefaultCompany.NeonDrift.run.1782641020.54193/Unknown Persona:5:11:1:1:Updating PlaceholderMetadata for com.DefaultCompany.NeonDrift.run.1782641020.54193 with LSInstallType 1
2026-06-28 18:05:46.993 Df SpringBoard[59501:daa4ef] [com.apple.frontboard.ApplicationLibrary:sb.placeholder] App placeholder proxies added: (
    "<SBApplicationPlaceholderProxy: 0x12a092d80; com.DefaultCompany.NeonDrift.run.1782641020.54193 (NeonDrift.run.1782641020.54193); LSInstallType: StoreDownload>"
), currentlyKnownExistingPlaceholders: {
}
2026-06-28 18:05:46.993 Df SpringBoard[59501:daa4ef] [com.apple.appinstallation:TransactionLog] com.DefaultCompany.NeonDrift.run.1782641020.54193/Unknown Persona:10:0:1:1:Placeholder add BEGIN
2026-06-28 18:05:46.993 Df SpringBoard[59501:daa80a] [com.apple.launchservices:progress] #LSInstallProgressList add subscriber: <_NSProgressSubscriber: 0x10c1d04e0> publishingString: com.DefaultCompany.NeonDrift.run.1782641020.54193
2026-06-28 18:05:46.993 Df SpringBoard[59501:daa80a] [com.apple.launchservices:progress] Subscribing to progress for app com.DefaultCompany.NeonDrift.run.1782641020.54193,
2026-06-28 18:05:46.993 E  SpringBoard[59501:daa80a] [com.apple.frontboard.ApplicationLibrary:placeholder] Non-demoted placeholder for com.DefaultCompany.NeonDrift.run.1782641020.54193 has no associated NSProgress!
2026-06-28 18:05:46.993 Df appstored[59761:daaae7] [com.apple.launchservices:appinstallation] LaunchServices observer: InstallsStarted (
    "<LSApplicationProxy: 0x103b81ee0> com.DefaultCompany.NeonDrift.run.1782641020.54193 file:///Users/dragonkao/Library/Developer/CoreSimulator/Devices/CC47DE7A-8196-4465-A5A5-BB852C9C6C82/data/Containers/Bundle/Application/56231D96-6A96-44CD-AEF0-53DF8A759120/com.apple.mobileinstallation.placeholder/ <com.DefaultCompany.NeonDrift.run.1782641020.54193 <placeholder >:1>"
)
2026-06-28 18:05:46.993 Df SpringBoard[59501:daa4ef] [com.apple.SpringBoard:Icon] <<SBLeafIcon:0x10bb15f80 [com.DefaultCompany.NeonDrift.run.1782641020.54193]>> Changing active data source: <SBApplicationIcon: 0x10bb15f80; nodeID: com.DefaultCompany.NeonDrift.run.1782641020.54193; bundleID: com.DefaultCompany.NeonDrift.run.1782641020.54193>
2026-06-28 18:05:46.993 Df SpringBoard[59501:daa4ef] [com.apple.SpringBoard:Icon] <<SBLeafIcon:0x10bb15f80 [com.DefaultCompany.NeonDrift.run.1782641020.54193]>> Changing from data souce: com.DefaultCompany.NeonDrift.run.1782641020.54193 to data source:com.DefaultCompany.NeonDrift.run.1782641020.54193.
2026-06-28 18:05:46.994 Df SpringBoard[59501:daa4ef] [com.apple.appinstallation:TransactionLog] com.DefaultCompany.NeonDrift.run.1782641020.54193/Unknown Persona:10:1:3:1:Created icon for placeholder.
