2026-06-25 13:37:25.921 Df installcoordinationd[37614:36bce6] [com.apple.installcoordination:daemon] -[IXSCoordinatedAppInstall setPriorityBoostCompletion:withSourceInfo:]: <IXSCoordinatedAppInstall<0x1059e4000> [P=CoreSimulatorBridge (pid 37585)] identifier:[com.DefaultCompany.NeonDrift/Invalid/[system-defined]] uuid:029224F9-E2BE-4435-96B1-9689AA4AF635 intent:IXCoordinatorIntentUpdating creator/appDRI:InstallCoordination Simple SPI importance:UserWaiting state:IXAppCoordinationStatePlaceholderPromiseNotSet promise-state:01234>: Disposing of completion from CoreSimulatorBridge (37585), QOS_CLASS_DEFAULT (0x15)
2026-06-25 13:37:25.921 Df installcoordinationd[37614:36bce6] [com.apple.installcoordination:daemon] -[IXSCoordinatedAppInstall setPriorityBoostCompletion:withSourceInfo:]: <IXSCoordinatedAppInstall<0x1059e4000> [P=CoreSimulatorBridge (pid 37585)] identifier:[com.DefaultCompany.NeonDrift/Invalid/[system-defined]] uuid:029224F9-E2BE-4435-96B1-9689AA4AF635 intent:IXCoordinatorIntentUpdating creator/appDRI:InstallCoordination Simple SPI importance:UserWaiting state:IXAppCoordinationStatePlaceholderPromiseNotSet promise-state:01234>: Retaining completion from CoreSimulatorBridge (37585), QOS_CLASS_DEFAULT (0x15)
2026-06-25 13:37:25.921 Df CoreSimulatorBridge[37585:36bce7] [com.apple.installcoordination:framework] -[IXAppInstallCoordinator _clientDelegate_didRegisterForObservation]: <IXUpdatingAppInstallCoordinator<0x1018734c0> identity:[com.DefaultCompany.NeonDrift/Invalid/[system-defined]] uuid:029224F9-E2BE-4435-96B1-9689AA4AF635 creator:InstallCoordination Simple SPI>: Got observer registration delegate
2026-06-25 13:37:25.921 Df CoreSimulatorBridge[37585:36bce7] [com.apple.installcoordination:framework] -[IXAppInstallCoordinator _clientDelegate_didRegisterForObservation]_block_invoke: <IXUpdatingAppInstallCoordinator<0x1018734c0> identity:[com.DefaultCompany.NeonDrift/Invalid/[system-defined]] uuid:029224F9-E2BE-4435-96B1-9689AA4AF635 creator:InstallCoordination Simple SPI>: Observer <_IXSimpleInstallerDelegate 0x0x101af4150> does not respond to coordinatorDidRegisterForObservation:
2026-06-25 13:37:25.921 Df CoreSimulatorBridge[37585:36bce8] [com.apple.installcoordination:framework] -[IXAppInstallCoordinator _clientDelegate_shouldResume]: <IXUpdatingAppInstallCoordinator<0x1018734c0> identity:[com.DefaultCompany.NeonDrift/Invalid/[system-defined]] uuid:029224F9-E2BE-4435-96B1-9689AA4AF635 creator:InstallCoordination Simple SPI>: Got should resume delegate
2026-06-25 13:37:25.921 Df CoreSimulatorBridge[37585:36bce8] [com.apple.installcoordination:framework] -[IXAppInstallCoordinator _clientDelegate_shouldResume]_block_invoke: <IXUpdatingAppInstallCoordinator<0x1018734c0> identity:[com.DefaultCompany.NeonDrift/Invalid/[system-defined]] uuid:029224F9-E2BE-4435-96B1-9689AA4AF635 creator:InstallCoordination Simple SPI>: Observer <_IXSimpleInstallerDelegate 0x0x101af4150> does not respond to coordinatorShouldResume:
2026-06-25 13:37:25.923 Df installcoordinationd[37614:36bce6] [com.apple.installcoordination:daemon] -[IXSCoordinatedAppInstall _internal_setInstallOptionsPromise:performExternalActions:]: <IXSCoordinatedAppInstall<0x1059e4000> [P=CoreSimulatorBridge (pid 37585)] identifier:[com.DefaultCompany.NeonDrift/Invalid/[system-defined]] uuid:029224F9-E2BE-4435-96B1-9689AA4AF635 intent:IXCoordinatorIntentUpdating creator/appDRI:InstallCoordination Simple SPI importance:UserWaiting state:IXAppCoordinationStatePlaceholderPromiseNotSet promise-state:012I4> : install options set: <IXSPromisedInMemoryData(0x1058de600) Name:MIInstallOptions data Creator:Install Coordination Internal UUID:3AE2D99B-9090-414A-9A00-F11C345A5132 Location:[system-defined]>
2026-06-25 13:37:25.923 Df installcoordinationd[37614:368910] [com.apple.installcoordination:daemon] -[IXSCoordinatedAppInstall promiseDidComplete:]: <IXSCoordinatedAppInstall<0x1059e4000> [P=CoreSimulatorBridge (pid 37585)] identifier:[com.DefaultCompany.NeonDrift/Invalid/[system-defined]] uuid:029224F9-E2BE-4435-96B1-9689AA4AF635 intent:IXCoordinatorIntentUpdating creator/appDRI:InstallCoordination Simple SPI importance:UserWaiting state:IXAppCoordinationStatePlaceholderPromiseNotSet promise-state:012I4> : Promise completed: <IXSPromisedInMemoryData(0x1058de600) Name:MIInstallOptions data Creator:Install Coordination Internal UUID:3AE2D99B-9090-414A-9A00-F11C345A5132 Location:[system-defined]>
2026-06-25 13:37:25.923 Df installcoordinationd[37614:368910] [com.apple.appinstallation:TransactionLog] com.DefaultCompany.NeonDrift/Unknown Persona:4:13:1:1:Install Options Promise began. Coordinator State: IXAppCoordinationStatePlaceholderPromiseNotSet
2026-06-25 13:37:25.923 Df installcoordinationd[37614:368910] [com.apple.appinstallation:TransactionLog] com.DefaultCompany.NeonDrift/Unknown Persona:4:13:2:1:Install Options Promise completed. Coordinator State: IXAppCoordinationStatePlaceholderPromiseNotSet
2026-06-25 13:37:25.923 Df installcoordinationd[37614:368910] [com.apple.installcoordination:daemon] -[IXSCoordinatedAppInstall _internal_setAppAssetPromise:performExternalActions:]: <IXSCoordinatedAppInstall<0x1059e4000> [P=CoreSimulatorBridge (pid 37585)] identifier:[com.DefaultCompany.NeonDrift/Invalid/[system-defined]] uuid:029224F9-E2BE-4435-96B1-9689AA4AF635 intent:IXCoordinatorIntentUpdating creator/appDRI:InstallCoordination Simple SPI importance:UserWaiting state:IXAppCoordinationStatePlaceholderPromiseNotSet promise-state:0a2I4> : App Asset Promise set: <IXSPromisedTransferToPath(0x1058dd000) Name:App Asset: com.DefaultCompany.NeonDrift Creator:InstallCoordination Simple SPI UUID:3101E959-BE23-4AD6-B5D6-6FBAC5EDAD7D Location:[system-defined]>
2026-06-25 13:37:25.924 Df installcoordinationd[37614:36bce9] [com.apple.installcoordination:daemon] -[IXSCoordinatedAppInstall setInitialODRAssetPromises:]: <IXSCoordinatedAppInstall<0x1059e4000> [P=CoreSimulatorBridge (pid 37585)] identifier:[com.DefaultCompany.NeonDrift/Invalid/[system-defined]] uuid:029224F9-E2BE-4435-96B1-9689AA4AF635 intent:IXCoordinatorIntentUpdating creator/appDRI:InstallCoordination Simple SPI importance:UserWaiting state:IXAppCoordinationStatePlaceholderPromiseNotSet promise-state:0a2I4> : Initial ODR Asset Promises set: (
)
2026-06-25 13:37:25.924 Df CoreSimulatorBridge[37585:368913] [com.apple.installcoordination:framework] -[IXPromisedTransferToPath _performDeltaCopyFrom:toDestination:]: Performing delta copy from /Users/dragonkao/.openclaw/workspace/382b9e3384298039b171c9b2a60ae644/NeonDrift_MVP/project/xcode_derived_data/Build/Products/Release-iphonesimulator/NeonDrift.app to /Users/dragonkao/Library/Developer/CoreSimulator/Devices/115FDF0C-5A2F-4686-909B-7F43F1450A28/data/Containers/Shared/SystemGroup/systemgroup.com.apple.installcoordinationd/Library/InstallCoordination/PromiseStaging/3101E959-BE23-4AD6-B5D6-6FBAC5EDAD7D/NeonDrift.app with installed bundle at /Users/dragonkao/Library/Developer/CoreSimulator/Devices/115FDF0C-5A2F-4686-909B-7F43F1450A28/data/Containers/Bundle/Application/A6CD7122-CA78-4A0D-9D1E-CF26B5A07B58/NeonDrift.app
2026-06-25 13:37:25.925 Df CoreSimulatorBridge[37585:368913] (MobileSystemServices) 0x16fa77000 MDMCreateDeltaDirectory: calling MDMDirectoryDiff with:
state->old_bundle: /Users/dragonkao/Library/Developer/CoreSimulator/Devices/115FDF0C-5A2F-4686-909B-7F43F1450A28/data/Containers/Bundle/Application/A6CD7122-CA78-4A0D-9D1E-CF26B5A07B58/NeonDrift.app
state->new_bundle: /Users/dragonkao/.openclaw/workspace/382b9e3384298039b171c9b2a60ae644/NeonDrift_MVP/project/xcode_derived_data/Build/Products/Release-iphonesimulator/NeonDrift.app
state->dst_bundle: /Users/dragonkao/Library/Developer/CoreSimulator/Devices/115FDF0C-5A2F-4686-909B-7F43F1450A28/data/Containers/Shared/SystemGroup/systemgroup.com.apple.installcoordinationd/Library/InstallCoordination/PromiseStaging/3101E959-BE23-4AD6-B5D6-6FBAC5EDAD7D/NeonDrift.app/Payload//NeonDrift.app, binaryDiff flag: FALSE
	dst_ipa: /Users/dragonkao/Library/Developer/CoreSimulator/Devices/115FDF0C-5A2F-4686-909B-7F43F1450A28/data/Containers/Shared/SystemGroup/systemgroup.com.apple.installcoordinationd/Library/InstallCoordination/PromiseStaging/3101E<…>
2026-06-25 13:37:25.927 Df CoreSimulatorBridge[37585:368913] [com.apple.installcoordination:framework] -[IXPromisedTransferToPath setComplete:]: <IXPromisedTransferToPath<0x101872cc0> name:"App Asset: com.DefaultCompany.NeonDrift" uuid:3101E959-BE23-4AD6-B5D6-6FBAC5EDAD7D creator:"InstallCoordination Simple SPI" location:[system-defined]> Delta Copy operation from /Users/dragonkao/.openclaw/workspace/382b9e3384298039b171c9b2a60ae644/NeonDrift_MVP/project/xcode_derived_data/Build/Products/Release-iphonesimulator/NeonDrift.app to /Users/dragonkao/Library/Developer/CoreSimulator/Devices/115FDF0C-5A2F-4686-909B-7F43F1450A28/data/Containers/Shared/SystemGroup/systemgroup.com.apple.installcoordinationd/Library/InstallCoordination/PromiseStaging/3101E959-BE23-4AD6-B5D6-6FBAC5EDAD7D/NeonDrift.app took 0.003213 seconds
2026-06-25 13:37:25.928 Df installcoordinationd[37614:36bce9] [com.apple.installcoordination:daemon] -[IXSDataPromise _setPercentComplete:saveStateIfNeeded:]: Progress: <IXSPromisedTransferToPath(0x1058dd000) Name:App Asset: com.DefaultCompany.NeonDrift Creator:InstallCoordination Simple SPI UUID:3101E959-BE23-4AD6-B5D6-6FBAC5EDAD7D Location:[system-defined]>
2026-06-25 13:37:25.928 Df installcoordinationd[37614:368910] [com.apple.appinstallation:TransactionLog] com.DefaultCompany.NeonDrift/Unknown Persona:4:10:1:1:App Asset Promise began. Coordinator State: IXAppCoordinationStatePlaceholderPromiseNotSet
2026-06-25 13:37:25.928 Df CoreSimulatorBridge[37585:36bce7] [com.apple.installcoordination:framework] -[IXAppInstallCoordinator _clientDelegate_promiseDidBeginFulfillmentWithIdentifier:]: <IXUpdatingAppInstallCoordinator<0x1018734c0> identity:[com.DefaultCompany.NeonDrift/Invalid/[system-defined]] uuid:029224F9-E2BE-4435-96B1-9689AA4AF635 creator:InstallCoordination Simple SPI>: Got promise did begin fulfillment for identifier 2
2026-06-25 13:37:25.928 Df CoreSimulatorBridge[37585:36bce7] [com.apple.installcoordination:framework] -[IXAppInstallCoordinator _clientDelegate_promiseDidBeginFulfillmentWithIdentifier:]_block_invoke: <IXUpdatingAppInstallCoordinator<0x1018734c0> identity:[com.DefaultCompany.NeonDrift/Invalid/[system-defined]] uuid:029224F9-E2BE-4435-96B1-9689AA4AF635 creator:InstallCoordination Simple SPI>: Observer <_IXSimpleInstallerDelegate 0x0x101af4150> does not respond to coordinator:configuredPromiseDidBeginFulfillment: (or any deprecated equivalent)
2026-06-25 13:37:25.928 Df installcoordinationd[37614:36bce6] [com.apple.installcoordination:daemon] -[IXSCoordinatedAppInstall promiseDidComplete:]: <IXSCoordinatedAppInstall<0x1059e4000> [P=CoreSimulatorBridge (pid 37585)] identifier:[com.DefaultCompany.NeonDrift/Invalid/[system-defined]] uuid:029224F9-E2BE-4435-96B1-9689AA4AF635 intent:IXCoordinatorIntentUpdating creator/appDRI:InstallCoordination Simple SPI importance:UserWaiting state:IXAppCoordinationStatePlaceholderPromiseNotSet promise-state:0A2I4> : Promise completed: <IXSPromisedTransferToPath(0x1058dd000) Name:App Asset: com.DefaultCompany.NeonDrift Creator:InstallCoordination Simple SPI UUID:3101E959-BE23-4AD6-B5D6-6FBAC5EDAD7D Location:[system-defined]>
2026-06-25 13:37:25.928 Df CoreSimulatorBridge[37585:36bce8] [com.apple.installcoordination:framework] -[IXAppInstallCoordinator _clientDelegate_didUpdateProgress:forPhase:overallProgress:]: <IXUpdatingAppInstallCoordinator<0x1018734c0> identity:[com.DefaultCompany.NeonDrift/Invalid/[system-defined]] uuid:029224F9-E2BE-4435-96B1-9689AA4AF635 creator:InstallCoordination Simple SPI>: Got did update progress delegate with percentComplete 100.000000 phase IXCoordinatorProgressPhaseLoading overallProgress 60.000000
2026-06-25 13:37:25.928 Df installcoordinationd[37614:36bceb] [com.apple.installcoordination:daemon] -[IXSCoordinatedAppInstall setPlaceholderPromise:]: <IXSCoordinatedAppInstall<0x1059e4000> [P=CoreSimulatorBridge (pid 37585)] identifier:[com.DefaultCompany.NeonDrift/Invalid/[system-defined]] uuid:029224F9-E2BE-4435-96B1-9689AA4AF635 intent:IXCoordinatorIntentUpdating creator/appDRI:InstallCoordination Simple SPI importance:UserWaiting state:IXAppCoordinationStateReadyForPlaceholderInstall promise-state:PA2I4> : Placeholder Promise set: <IXSPlaceholder(0x105910140) Name:App Placeholder: NeonDrift (com.DefaultCompany.NeonDrift) Creator:InstallCoordination Simple SPI UUID:FA60416E-4D02-48CC-9F3A-3955906B6208 Location:[system-defined]>
2026-06-25 13:37:25.928 Df installcoordinationd[37614:368910] [com.apple.installcoordination:daemon] -[IXSCoordinatedAppInstall promiseDidComplete:]: <IXSCoordinatedAppInstall<0x1059e4000> [P=CoreSimulatorBridge (pid 37585)] identifier:[com.DefaultCompany.NeonDrift/Invalid/[system-defined]] uuid:029224F9-E2BE-4435-96B1-9689AA4AF635 intent:IXCoordinatorIntentUpdating creator/appDRI:InstallCoordination Simple SPI importance:UserWaiting state:IXAppCoordinationStateReadyForPlaceholderInstall promise-state:PA2I4> : Promise completed: <IXSPlaceholder(0x105910140) Name:App Placeholder: NeonDrift (com.DefaultCompany.NeonDrift) Creator:InstallCoordination Simple SPI UUID:FA60416E-4D02-48CC-9F3A-3955906B6208 Location:[system-defined]>
2026-06-25 13:37:25.928 Df CoreSimulatorBridge[37585:36bce7] [com.apple.installcoordination:framework] -[IXAppInstallCoordinator _clientDelegate_didUpdateProgress:forPhase:overallProgress:]_block_invoke: <IXUpdatingAppInstallCoordinator<0x1018734c0> identity:[com.DefaultCompany.NeonDrift/Invalid/[system-defined]] uuid:029224F9-E2BE-4435-96B1-9689AA4AF635 creator:InstallCoordination Simple SPI>: Calling selector coordinator:didUpdateProgress:forPhase:overallProgress: on observer <_IXSimpleInstallerDelegate 0x0x101af4150>
2026-06-25 13:37:25.928 Df installcoordinationd[37614:36bceb] [com.apple.installcoordination:daemon] -[IXSCoordinatedAppInstall _onQueue_acquireAssertionAndInstallPlaceholder]: Acquiring termination assertion to install placeholder for [com.DefaultCompany.NeonDrift/Invalid/[system-defined]]
2026-06-25 13:37:25.928 Df installcoordinationd[37614:36bceb] [com.apple.installcoordination:daemon] -[IXSPendingOperationsTracker beginPendingOperationForIdentity:]_block_invoke: Beginning pending operation for [com.DefaultCompany.NeonDrift/Invalid/[system-defined]]
2026-06-25 13:37:25.929 Df installcoordinationd[37614:368910] [com.apple.runningboard:process] Hit the server for a process handle 6f26375000120ec that resolved to: [app<com.DefaultCompany.NeonDrift((null))>:73964]
2026-06-25 13:37:25.929 Df runningboardd[37558:36bcec] [com.apple.runningboard:connection] Received termination request from [osservice<com.apple.installcoordinationd>:37614] on <RBSProcessPredicate <RBSProcessBundleIdentifierPredicate "com.DefaultCompany.NeonDrift">> with context <RBSTerminateContext| explanation:installcoordinationd app:[com.DefaultCompany.NeonDrift/Invalid/[system-defined]] uuid:029224F9-E2BE-4435-96B1-9689AA4AF635 isPlaceholder:Y reportType:None maxTerminationResistance:Absolute attrs:[
	<RBSPreventLaunchLimitation| <RBSProcessPredicate <RBSProcessBundleIdentifierPredicate "com.DefaultCompany.NeonDrift">> allow:(null)>
	]>
2026-06-25 13:37:25.929 Df installcoordinationd[37614:368910] [com.apple.runningboard:monitor] Received state update for 73964 (app<com.DefaultCompany.NeonDrift((null))>, running-active-NotVisible
2026-06-25 13:37:25.929 Df runningboardd[37558:36ba7a] [com.apple.runningboard:general] Found 0 extensions contained in com.DefaultCompany.NeonDrift
2026-06-25 13:37:25.930 Df runningboardd[37558:36ba7a] [com.apple.PlugInKit:holds] <PKManager:0x105d23800> hold request for [/Users/dragonkao/Library/Developer/CoreSimulator/Devices/115FDF0C-5A2F-4686-909B-7F43F1450A28/data/Containers/Bundle/Application/A6CD7122-CA78-4A0D-9D1E-CF26B5A07B58/NeonDrift.app] with flags: 0x4
2026-06-25 13:37:25.930 Df NeonDrift[73964:36b909] [com.apple.PlugInKit:discovery] Annotations changed, re-performing query for continuous discovery, report block = <0x119113150>.
2026-06-25 13:37:25.930 Df NeonDrift[73964:36b91e] [com.apple.PlugInKit:discovery] Annotations changed, re-performing query for continuous discovery, report block = <0x119113420>.
2026-06-25 13:37:25.930 Df NeonDrift[73964:36b91d] [com.apple.PlugInKit:discovery] Annotations changed, re-performing query for continuous discovery, report block = <0x119113660>.
2026-06-25 13:37:25.930 Df runningboardd[37558:36ba7a] [com.apple.PlugInKit:holds] <PKManager:0x105d23800> hold request for [/Users/dragonkao/Library/Developer/CoreSimulator/Devices/115FDF0C-5A2F-4686-909B-7F43F1450A28/data/Containers/Bundle/Application/A6CD7122-CA78-4A0D-9D1E-CF26B5A07B58/NeonDrift.app] with flags: 0x4 completed with hold token: [3220F221-CAB9-4540-B791-D64A8ECBE296]
2026-06-25 13:37:25.930 Df NeonDrift[73964:36b91e] [com.apple.PlugInKit:discovery] [d 4645D999-C714-4B09-9454-D92D97711B46] <PKHost:0x119104540> Beginning discovery for flags: 0, point: com.apple.AudioUnit-Speech
2026-06-25 13:37:25.930 Df NeonDrift[73964:36b909] [com.apple.PlugInKit:discovery] [d 11249F10-D766-4578-8F0A-6508ACDC68D9] <PKHost:0x119104540> Beginning discovery for flags: 0, point: com.apple.AudioUnit
2026-06-25 13:37:25.930 Df runningboardd[37558:36ba7a] [com.apple.runningboard:ttl] Acquiring assertion targeting system from originator [osservice<com.apple.installcoordinationd>:37614] with description <RBSAssertionDescriptor| "installcoordinationd app:[com.DefaultCompany.NeonDrift/Invalid/[system-defined]] uuid:029224F9-E2BE-4435-96B1-9689AA4AF635 isPlaceholder:Y" ID:37558-37614-4266 target:system attributes:[
	<RBSPreventLaunchLimitation| <RBSProcessPredicate <RBSProcessBundleIdentifierPredicate "com.DefaultCompany.NeonDrift">> allow:(null)>
	]>
2026-06-25 13:37:25.930 Df NeonDrift[73964:36b91d] [com.apple.PlugInKit:discovery] [d 5776F671-F7E8-4C2A-9317-D7D99A25E68E] <PKHost:0x119104540> Beginning discovery for flags: 0, point: com.apple.AudioUnit-UI
2026-06-25 13:37:25.930 Df runningboardd[37558:36ba7a] [com.apple.runningboard:process] Executing termination request for: <RBSProcessPredicate <RBSProcessBundleIdentifierPredicate "com.DefaultCompany.NeonDrift">>
2026-06-25 13:37:25.931 Df SpringBoard[37555:1ef98e] [com.apple.SpringBoard:Common] termination assertion acquired for com.DefaultCompany.NeonDrift
2026-06-25 13:37:25.931 Df SpringBoard[37555:1ef98e] [com.apple.SpringBoard:Icon] 0x10a534000-SBApplicationIcon Data source did change: <SBApplication: 0x12c40a000; com.DefaultCompany.NeonDrift> {
    processState = <SBApplicationProcessState: 0x124a42be0; pid: 73964; taskState: Running; visibility: Foreground>;
} (SBApplication)
2026-06-25 13:37:25.931 Df runningboardd[37558:36ba7a] [com.apple.runningboard:process] [app<com.DefaultCompany.NeonDrift((null))>:73964] Terminating with context: <RBSTerminateContext| explanation:installcoordinationd app:[com.DefaultCompany.NeonDrift/Invalid/[system-defined]] uuid:029224F9-E2BE-4435-96B1-9689AA4AF635 isPlaceholder:Y reportType:None maxTerminationResistance:Absolute attrs:[
	<RBSPreventLaunchLimitation| <RBSProcessPredicate <RBSProcessBundleIdentifierPredicate "com.DefaultCompany.NeonDrift">> allow:(null)>
	]>
2026-06-25 13:37:25.931 Df runningboardd[37558:36ba7a] [com.apple.runningboard:process] [app<com.DefaultCompany.NeonDrift((null))>:73964] terminate_with_reason() success
2026-06-25 13:37:25.931 Df backboardd[37576:36bcfa] [com.apple.iohid:default] Connection removed: IOHIDEventSystemConnection uuid:4D302BEA-F3FD-4E2B-9E70-B3C68738FD46 pid:73964 process:NeonDrift type:Passive entitlements:0x0 caller:BackBoardServices: ___getHIDEventSystemClient_block_invoke + 296 attributes:{
    HighFrequency = 0;
    bundleID = "com.DefaultCompany.NeonDrift";
    pid = 73964;
} state:0x1 events:0 mask:0x0 dropped:0 dropStatus:0 droppedMask:0x0 lastDroppedTime:NONE
2026-06-25 13:37:25.931 Df backboardd[37576:36bcfc] [com.apple.iohid:default] Connection removed: IOHIDEventSystemConnection uuid:102B103B-04B8-4B65-A550-CDD895B85679 pid:73964 process:NeonDrift type:Monitor entitlements:0x0 caller:GameControllerFoundation: -[GCHIDEventSystemClient initWithQueue:type:attributes:functions:] + 116 attributes:(null) state:0x1 events:0 mask:0x0 dropped:0 dropStatus:0 droppedMask:0x0 lastDroppedTime:NONE
2026-06-25 13:37:25.931 Df backboardd[37576:36bcfa] [com.apple.BackBoard:HID] Removing client connection <BKHIDClientConnection: 0x1094c81c0; IOHIDEventSystemConnectionRef: 0x1080d7a00; vpid: 73964(vFA010); taskPort: 0x29EBF; bundleID: com.DefaultCompany.NeonDrift> for client: IOHIDEventSystemConnection uuid:4D302BEA-F3FD-4E2B-9E70-B3C68738FD46 pid:73964 process:NeonDrift type:Passive entitlements:0x0 caller:BackBoardServices: ___getHIDEventSystemClient_block_invoke + 296 attributes:{
    HighFrequency = 0;
    bundleID = "com.DefaultCompany.NeonDrift";
    pid = 73964;
} state:0x1 events:0 mask:0x0 dropped:0 dropStatus:0 droppedMask:0x0 lastDroppedTime:NONE source:HID
2026-06-25 13:37:25.931 Df SpringBoard[37555:36b827] [com.apple.FrontBoard:ProcessWorkspace] [app<com.DefaultCompany.NeonDrift>:73964] Workspace connection invalidated.
2026-06-25 13:37:25.932 Df SpringBoard[37555:36b825] [com.apple.KeyboardArbiter:Handle] com.DefaultCompany.NeonDrift(73964) lostConnection (invalidation)
2026-06-25 13:37:25.932 Df SpringBoard[37555:36b827] [com.apple.FrontBoard:Process] [app<com.DefaultCompany.NeonDrift>:73964] Now flagged as pending exit for reason: workspace client connection invalidated
2026-06-25 13:37:25.932 Df installcoordinationd[37614:36bceb] [com.apple.runningboard:assertion] Setting up death monitor for [app<com.DefaultCompany.NeonDrift((null))>:73964]
2026-06-25 13:37:25.932 Df installcoordinationd[37614:36bceb] [com.apple.runningboard:process] Starting death monitoring for handle [app<com.DefaultCompany.NeonDrift((null))>:73964]
2026-06-25 13:37:25.932 Df runningboardd[37558:36ba7a] [com.apple.runningboard:process] XPC connection invalidated: [app<com.DefaultCompany.NeonDrift((null))>:73964]
2026-06-25 13:37:25.932 Df installcoordinationd[37614:36bce6] [com.apple.appinstallation:TransactionLog] com.DefaultCompany.NeonDrift/Unknown Persona:4:9:1:1:Placeholder Promise began. Coordinator State: IXAppCoordinationStateWaitingForPlaceholderAssertion
2026-06-25 13:37:25.932 Df installcoordinationd[37614:36bce6] [com.apple.appinstallation:TransactionLog] com.DefaultCompany.NeonDrift/Unknown Persona:4:10:2:1:App Asset Promise completed. Coordinator State: IXAppCoordinationStateWaitingForPlaceholderAssertion
2026-06-25 13:37:25.932 Df installcoordinationd[37614:36bce6] [com.apple.installcoordination:daemon] -[IXSCoordinatorProgress setTotalUnitsCompleted:]: Progress for coordinator: [com.DefaultCompany.NeonDrift/Invalid/[system-defined]], Phase: IXCoordinatorProgressPhaseLoading, Percentage: 100.000000: Attempt to set units completed on finished progress: 100
2026-06-25 13:37:25.932 Df installcoordinationd[37614:36bce6] [com.apple.appinstallation:TransactionLog] com.DefaultCompany.NeonDrift/Unknown Persona:4:9:2:1:Placeholder Promise completed. Coordinator State: IXAppCoordinationStateWaitingForPlaceholderAssertion
2026-06-25 13:37:25.932 Df CoreSimulatorBridge[37585:36bce7] [com.apple.installcoordination:framework] -[IXAppInstallCoordinator _clientDelegate_promiseDidBeginFulfillmentWithIdentifier:]: <IXUpdatingAppInstallCoordinator<0x1018734c0> identity:[com.DefaultCompany.NeonDrift/Invalid/[system-defined]] uuid:029224F9-E2BE-4435-96B1-9689AA4AF635 creator:InstallCoordination Simple SPI>: Got promise did begin fulfillment for identifier 1
2026-06-25 13:37:25.932 Df CoreSimulatorBridge[37585:36bce7] [com.apple.installcoordination:framework] -[IXAppInstallCoordinator _clientDelegate_promiseDidBeginFulfillmentWithIdentifier:]_block_invoke: <IXUpdatingAppInstallCoordinator<0x1018734c0> identity:[com.DefaultCompany.NeonDrift/Invalid/[system-defined]] uuid:029224F9-E2BE-4435-96B1-9689AA4AF635 creator:InstallCoordination Simple SPI>: Observer <_IXSimpleInstallerDelegate 0x0x101af4150> does not respond to coordinator:configuredPromiseDidBeginFulfillment: (or any deprecated equivalent)
2026-06-25 13:37:25.933 Df backboardd[37576:36a842] [com.apple.BackBoard:EventDelivery] chain did update (setDeferringRules) <keyboardFocus; display: null> containsEndOfChain: YES; [
    <token: com.apple.frontboard.systemappservices/FBSceneManager:com.apple.springboard; pid: 37555>,
    <token: com.apple.frontboard.systemappservices/FBSceneManager:sceneID%3Acom.DefaultCompany.NeonDrift-default; pid: 73964>
]
2026-06-25 13:37:25.933 Df SpringBoard[37555:36b825] [com.apple.KeyboardArbiter:Handle] RX com.DefaultCompany.NeonDrift(73964) setWindowContextID:0 windowState:Disabled level:0.0
    focusContext:(null)
2026-06-25 13:37:25.933 Df backboardd[37576:36a842] [com.apple.BackBoard:EventDelivery] chain did update (setDeferringRules) <keyboardFocus; display: builtin> containsEndOfChain: YES; [
    <token: com.apple.frontboard.systemappservices/FBSceneManager:com.apple.springboard; pid: 37555>,
    <token: com.apple.frontboard.systemappservices/FBSceneManager:sceneID%3Acom.DefaultCompany.NeonDrift-default; pid: 73964>
]
2026-06-25 13:37:25.933 Df SpringBoard[37555:1ef98e] [com.apple.SpringBoard:KeyboardFocus] [coordinator] using MRU target <com.apple.frontboard.systemappservices/FBSceneManager:sceneID%3Acom.DefaultCompany.NeonDrift-default pid:73964>
2026-06-25 13:37:25.933 Df SpringBoard[37555:1ef98e] [com.apple.SpringBoard:KeyboardFocus] [coordinator] informing scene controller 'com.apple.springboard' of focusTarget: <com.apple.frontboard.systemappservices/FBSceneManager:sceneID%3Acom.DefaultCompany.NeonDrift-default pid:73964>
2026-06-25 13:37:25.933 Df SpringBoard[37555:1ef98e] [com.apple.SpringBoard:KeyboardFocus] [coordinator] keyboard arbiter suggested <nothing> and we replied <com.apple.frontboard.systemappservices/FBSceneManager:sceneID%3Acom.DefaultCompany.NeonDrift-default pid:73964>
2026-06-25 13:37:25.933 E  SpringBoard[37555:36bd00] [com.apple.UIKit:KeyboardArbiter] Advisor: No handle found for currently focused PID: 73964; sceneIdentity: com.apple.frontboard.systemappservices/FBSceneManager:sceneID%3Acom.DefaultCompany.NeonDrift-default
2026-06-25 13:37:25.939 Df launchd_sim[37552:36bb92] [user/501/UIKitApplication:com.DefaultCompany.NeonDrift[5c36][rb-legacy] [73964]:] exited with exit reason (namespace: 15 code: 0x0) - OS_REASON_RUNNINGBOARD | <RBSTerminateContext| explanation:installcoordinationd app:[com.DefaultCompany.NeonDrift/Invalid/[system-defined]] uuid:029224F9-E2BE-4435-96B1-9689AA4AF635 isPlaceholder:Y reportType:None maxTerminationResistance:Absolute attrs:[
	<RBSPreventLaunchLimitation| <RBSProcessPredicate <RBSProcessBundleIdentifierPredicate "com.DefaultCompany.NeonDrift">> allow:(null)>
	]>, ran for 27003ms
2026-06-25 13:37:25.939 Df launchd_sim[37552:36bb92] [user/501:] service inactive: UIKitApplication:com.DefaultCompany.NeonDrift[5c36][rb-legacy]
2026-06-25 13:37:25.940 Df runningboardd[37558:36ba7a] [com.apple.runningboard:ttl] [app<com.DefaultCompany.NeonDrift((null))>:73964] termination reported by launchd (15, 0, 9)
2026-06-25 13:37:25.940 Df runningboardd[37558:36ba7a] [com.apple.runningboard:process] Removing process: [app<com.DefaultCompany.NeonDrift((null))>:73964]
2026-06-25 13:37:25.940 Df runningboardd[37558:36ba7a] [com.apple.runningboard:job] Removing launch job for: [app<com.DefaultCompany.NeonDrift((null))>:73964]
2026-06-25 13:37:25.940 Df launchd_sim[37552:36bd29] [user/501:] removing service: UIKitApplication:com.DefaultCompany.NeonDrift[5c36][rb-legacy]
2026-06-25 13:37:25.940 Df runningboardd[37558:36ba7a] [com.apple.runningboard:job] Removed job for [app<com.DefaultCompany.NeonDrift((null))>:73964]
2026-06-25 13:37:25.940 Df runningboardd[37558:36ba7a] [com.apple.runningboard:process] Removing assertions for terminated process: [app<com.DefaultCompany.NeonDrift((null))>:73964]
2026-06-25 13:37:25.940 Df runningboardd[37558:36ba7a] [com.apple.runningboard:assertion] Removed last relative-start-date-defining assertion for process app<com.DefaultCompany.NeonDrift((null))>
2026-06-25 13:37:25.941 Df runningboardd[37558:36ba7a] [com.apple.runningboard:monitor] Calculated state for app<com.DefaultCompany.NeonDrift((null))>: none (role: None) (endowments: (null))
2026-06-25 13:37:25.941 Df runningboardd[37558:36bcec] [com.apple.runningboard:process] Notifying connection [osservice<com.apple.SpringBoard>:37555] that process [app<com.DefaultCompany.NeonDrift((null))>:73964] exited with context <RBSProcessExitContext| specific, status:<RBSProcessExitStatus| domain:runningboard(15) code:0>>
2026-06-25 13:37:25.941 Df SpringBoard[37555:36b825] [com.apple.FrontBoard:ProcessWorkspace] [app<com.DefaultCompany.NeonDrift>:73964] Workspace assertion invalidated: <NSError: 0x124b4b750; domain: RBSAssertionErrorDomain; code: 1; "Assertions were invalidated, count = 3.
37558-37555-4250: invalidation reason: 1
37558-37555-4251: invalidation reason: 1
37558-37555-4255: invalidation reason: 1">
2026-06-25 13:37:25.941 Df runningboardd[37558:36bcec] [com.apple.runningboard:process] Notifying connection [osservice<com.apple.installcoordinationd>:37614] that process [app<com.DefaultCompany.NeonDrift((null))>:73964] exited with context <RBSProcessExitContext| specific, status:<RBSProcessExitStatus| domain:runningboard(15) code:0>>
2026-06-25 13:37:25.941 Df SpringBoard[37555:36bcfe] [com.apple.runningboard:process] Calling process death completion block for handle [app<com.DefaultCompany.NeonDrift((null))>:73964]
2026-06-25 13:37:25.941 Df runningboardd[37558:36bcec] [com.apple.runningboard:monitor] Calculated state for app<com.DefaultCompany.NeonDrift((null))>: none (role: None) (endowments: (null))
2026-06-25 13:37:25.941 Df SpringBoard[37555:36bcfe] [com.apple.FrontBoard:Process] [app<com.DefaultCompany.NeonDrift>:73964] Process exited: <RBSProcessExitContext| specific, status:<RBSProcessExitStatus| domain:runningboard(15) code:0>>.
2026-06-25 13:37:25.941 Df SpringBoard[37555:36b825] [com.apple.runningboard:monitor] Received state update for 73964 (app<com.DefaultCompany.NeonDrift((null))>, none-NotVisible
2026-06-25 13:37:25.941 Df SpringBoard[37555:36bcfe] [com.apple.FrontBoard:Process] [app<com.DefaultCompany.NeonDrift>:73964] Setting process task state to: Not Running
2026-06-25 13:37:25.941 Df SpringBoard[37555:36bcfe] [com.apple.FrontBoard:Process] [app<com.DefaultCompany.NeonDrift>:73964] Setting process visibility to: Unknown
2026-06-25 13:37:25.941 Df installcoordinationd[37614:368910] [com.apple.runningboard:process] Calling process death completion block for handle [app<com.DefaultCompany.NeonDrift((null))>:73964]
2026-06-25 13:37:25.941 Df installcoordinationd[37614:368910] [com.apple.runningboard:assertion] Death monitor triggered for [app<com.DefaultCompany.NeonDrift((null))>:73964]
2026-06-25 13:37:25.941 Df SpringBoard[37555:36bd01] [com.apple.FrontBoard:ProcessWorkspace] [app<com.DefaultCompany.NeonDrift>:73964] Invalidating workspace.
2026-06-25 13:37:25.941 Df installcoordinationd[37614:368910] [com.apple.installcoordination:daemon] -[IXSCoordinatedAppInstall assertionAcquiredCallback]: RBS termination assertion observer called for <IXSCoordinatedAppInstall<0x1059e4000> [P=CoreSimulatorBridge (pid 37585)] identifier:[com.DefaultCompany.NeonDrift/Invalid/[system-defined]] uuid:029224F9-E2BE-4435-96B1-9689AA4AF635 intent:IXCoordinatorIntentUpdating creator/appDRI:InstallCoordination Simple SPI importance:UserWaiting state:IXAppCoordinationStateWaitingForPlaceholderAssertion promise-state:PA2I4>
2026-06-25 13:37:25.941 Df mediaremoted[37562:36ba7c] [com.apple.runningboard:monitor] Received state update for 73964 (app<com.DefaultCompany.NeonDrift((null))>, none-NotVisible
2026-06-25 13:37:25.941 Df SpringBoard[37555:36bd01] [com.apple.FrontBoard:ProcessWorkspace] Removing source registration for processHandle: [app<com.DefaultCompany.NeonDrift((null))>:73964]
2026-06-25 13:37:25.941 Df locationd[37579:368abe] [com.apple.runningboard:monitor] Received state update for 73964 (app<com.DefaultCompany.NeonDrift((null))>, none-NotVisible
2026-06-25 13:37:25.941 Df installcoordinationd[37614:368910] [com.apple.runningboard:monitor] Received state update for 73964 (app<com.DefaultCompany.NeonDrift((null))>, none-NotVisible
2026-06-25 13:37:25.941 Df locationd[37579:36353c] [com.apple.locationd.Core:Core] {"msg":"RBS #AppMonitor process monitor update handler invoked", "pid":73964, "bundleID":com.DefaultCompany.NeonDrift, "state":1}
2026-06-25 13:37:25.941 Df SpringBoard[37555:36bd01] [com.apple.FrontBoard:ProcessScene] [0x12a993180:(FBSceneManager):sceneID:com.DefaultCompany.NeonDrift-default] Invalidated for connection: 0x10a395f50.
2026-06-25 13:37:25.941 Df mediaremoted[37562:36ba7c] [com.apple.runningboard:monitor] Received state update for 73964 (app<com.DefaultCompany.NeonDrift((null))>, none-NotVisible
2026-06-25 13:37:25.941 Df installcoordinationd[37614:36bce6] [com.apple.runningboard:monitor] Received state update for 73964 (app<com.DefaultCompany.NeonDrift((null))>, none-NotVisible
2026-06-25 13:37:25.941 Df locationd[37579:35d0dc] [com.apple.locationd.Core:Core] {"msg":"RBS #dic AppMonitor received Termination", "pid":73964, "bundleId":com.DefaultCompany.NeonDrift, "isUserKill":0}
2026-06-25 13:37:25.941 Df locationd[37579:35d0dc] [com.apple.locationd.Core:Core] {"msg":"RBS #AppMonitor Post Application State Change Notification", "notification":Terminated, "pid":73964, "bundleId":com.DefaultCompany.NeonDrift}
2026-06-25 13:37:25.941 Df locationd[37579:368abe] [com.apple.runningboard:monitor] Received state update for 73964 (app<com.DefaultCompany.NeonDrift((null))>, none-NotVisible
2026-06-25 13:37:25.941 Df locationd[37579:3683bd] [com.apple.locationd.Core:Core] {"msg":"#Warning #ClientResolution the passed keyPath is not registered. Resolving to #nullCKP", "InputCKP":icom.DefaultCompany.NeonDrift:}
2026-06-25 13:37:25.941 Df locationd[37579:3683bd] [com.apple.locationd.Core:Core] {"msg":"#CLIUA AppMonitor notification", "notification":1, "pid":73964, "bundleId":com.DefaultCompany.NeonDrift, "ClientKey":icom.DefaultCompany.NeonDrift:}
2026-06-25 13:37:25.942 Df SpringBoard[37555:36bd01] [com.apple.FrontBoard:Process] Removing: <FBApplicationProcess: 0x122716e80; app<com.DefaultCompany.NeonDrift>:73964(vFA010)>
2026-06-25 13:37:25.942 Df locationd[37579:3683bd] [com.apple.locationd.Core:Core] {"msg":"#CLIUA Marking change", "clientKey":icom.DefaultCompany.NeonDrift:, "reason":Process state from RunningBoard, "AssertionLevel":5, "coming":0}
2026-06-25 13:37:25.942 Df SpringBoard[37555:1ef98e] [com.apple.SpringBoard:Workspace] Process exited: <FBApplicationProcess: 0x122716e80; app<com.DefaultCompany.NeonDrift>:73964(vFA010)> -> <RBSProcessExitContext| specific, status:<RBSProcessExitStatus| domain:runningboard(15) code:0>>
2026-06-25 13:37:25.942 Df locationd[37579:3683bd] [com.apple.locationd.Core:Core] {"msg":"#CLIUA updating AssertionRecord", "ClientKey":icom.DefaultCompany.NeonDrift:, "AssertionLevel":5}
2026-06-25 13:37:25.942 Df installcoordinationd[37614:36bceb] [com.apple.installcoordination:daemon] -[IXSCoordinatedAppInstall _onQueue_installPlaceholder]: Acquired termination assertion for placeholder [com.DefaultCompany.NeonDrift/Invalid/[system-defined]]; proceeding with install.
2026-06-25 13:37:25.942 Df locationd[37579:3683bd] [com.apple.locationd.Core:Core] {"msg":"#CLIUA AssertionRecord updated", "ClientKey":icom.DefaultCompany.NeonDrift:, "AssertionLevel":0}
2026-06-25 13:37:25.942 Df installcoordinationd[37614:36bceb] [com.apple.installcoordination:daemon] -[IXSPowerAssertion initWithAssertionName:details:]: Acquired power assertion IXPowerAssertion-12-[com.DefaultCompany.NeonDrift/Invalid/[system-defined]]
2026-06-25 13:37:25.942 Df locationd[37579:3683bd] [com.apple.locationd.Core:Core] {"msg":"#CLIUA in-use level changed for client", "ClientKey":icom.DefaultCompany.NeonDrift:}
2026-06-25 13:37:25.942 Df locationd[37579:3683bd] [com.apple.locationd.Core:Core] {"msg":"#Warning #ClientResolution the passed keyPath is not registered. Resolving to #nullCKP", "InputCKP":icom.DefaultCompany.NeonDrift:}
2026-06-25 13:37:25.942 Df SpringBoard[37555:1ef98e] [com.apple.SpringBoard:Common] Application process state changed for com.DefaultCompany.NeonDrift: (null)
2026-06-25 13:37:25.943 Df SpringBoard[37555:36bd01] [com.apple.UserNotifications:RemoteNotifications] [com.DefaultCompany.NeonDrift] com.DefaultCompany.NeonDrift application state changed to <RBSProcessState| task:none debug:none>
2026-06-25 13:37:25.943 Df installd[37685:36bd35] (MobileSystemServices) 0x16d5af000 -[MIClientConnection _doInstallationForURL:identity:domain:options:operationType:completion:]: Install of "/Users/dragonkao/Library/Developer/CoreSimulator/Devices/115FDF0C-5A2F-4686-909B-7F43F1450A28/data/Containers/Shared/SystemGroup/systemgroup.com.apple.installcoordinationd/Library/InstallCoordination/PromiseStaging/FA60416E-4D02-48CC-9F3A-3955906B6208/NeonDrift.app" type Placeholder (LSInstallType = 1, Domain: MIInstallationDomainDefault) requested by installcoordinationd (pid 37614 (501/20))
2026-06-25 13:37:25.943 Df SpringBoard[37555:36b825] [com.apple.runningboard:monitor] Received state update for 73964 (app<com.DefaultCompany.NeonDrift((null))>, none-NotVisible
2026-06-25 13:37:25.944 Df SpringBoard[37555:36bd01] [com.apple.UserNotifications:RemoteNotifications] [com.DefaultCompany.NeonDrift] Ignore becoming background for application without push registration
2026-06-25 13:37:25.945 Df SpringBoard[37555:1ef98e] [com.apple.SpringBoard:Icon] 0x10a534000-SBApplicationIcon Data source did change: <SBApplication: 0x12c40a000; com.DefaultCompany.NeonDrift> {
} (SBApplication)
2026-06-25 13:37:25.947 Df installd[37685:36bd35] [com.apple.containermanager:xpc] Query; euid = 501, uid = 501, class = 1, identifier = [com.DefaultCompany.NeonDrift](1), flags = 300000002
2026-06-25 13:37:25.948 Df installd[37685:36bd35] [com.apple.containermanager:xpc] Query; euid = 501, uid = 501, class = 1, identifier = [com.DefaultCompany.NeonDrift](1), flags = 300000002
2026-06-25 13:37:25.949 Df SpringBoard[37555:1ef98e] [com.apple.SpringBoard:ZStack] Resolved Stack (update(Switcher)) [
    Highest: ⬇ ,
    SystemAperture: ⬇ ,
    HUD: ⬇ ,
    TransientOverlayPresentation: ⬇ ,
    CoverSheet: ⬇ ,
    Switcher: ownsHomeGesture; FGActive; homeAffordanceDrawingSuppressed: N->Y; systemApertureSuppressed: Y->N; suppressedBundles: com.DefaultCompany.NeonDrift->(none); suppressedScenes: 1->0,
    HomeScreen: BG->FGActive
]
2026-06-25 13:37:25.949 Df SpringBoard[37555:1ef98e] [com.apple.SpringBoard:KeyboardFocus] [coordinator] _removeSceneFromRecents didRemoveExternalForegroundApplicationSceneHandle pid:73964 scene:com.apple.frontboard.systemappservices/FBSceneManager:sceneID%3Acom.DefaultCompany.NeonDrift-default now:<empty>
2026-06-25 13:37:25.949 Df SpringBoard[37555:1ef98e] [com.apple.SpringBoard:KeyboardFocus] [com.apple.springboard] removing scene: com.apple.frontboard.systemappservices/FBSceneManager:sceneID%3Acom.DefaultCompany.NeonDrift-default pid: 73964 for reason: didRemoveExternalForegroundApplicationSceneHandle
2026-06-25 13:37:25.950 Df installd[37685:36bd35] [com.apple.containermanager:xpc] Query; euid = 501, uid = 501, class = 1, identifier = [com.DefaultCompany.NeonDrift](1), flags = 300000002
2026-06-25 13:37:25.951 Df installd[37685:36bd35] [com.apple.containermanager:xpc] Query; euid = 501, uid = 501, class = 1, identifier = [com.DefaultCompany.NeonDrift](1), flags = 300000002
2026-06-25 13:37:25.953 Df installd[37685:36bd35] (MobileSystemServices) 0x16d5af000 -[MIInstaller _installInstallable:containingSymlink:error:]: Installing <MIInstallableParallelPlaceholder ID=com.DefaultCompany.NeonDrift; Persona=com.apple.containermanager.primary-persona, Version=0, ShortVersion=1.0>
2026-06-25 13:37:25.954 Df installd[37685:36bd35] [com.apple.appinstallation:TransactionLog] com.DefaultCompany.NeonDrift/com.apple.containermanager.primary-persona:7:2:1:1:Start : Install (Parallel Placeholder)
2026-06-25 13:37:25.956 Df installd[37685:36bd35] [com.apple.containermanager:query] Query; euid = 501, uid = 501, class = 4, identifier = [com.DefaultCompany.NeonDrift](1), flags = 300000002
2026-06-25 13:37:25.957 Df installd[37685:36bd35] [com.apple.containermanager:query] Query; euid = 501, uid = 501, class = 4, identifier = [com.DefaultCompany.NeonDrift](1), flags = 300000002
2026-06-25 13:37:25.957 Df installd[37685:36bd35] (MobileSystemServices) 0x16d5af000 -[MIInstallableParallelPlaceholder performInstallationWithError:]: Installing parallel placeholder for [com.DefaultCompany.NeonDrift/com.apple.containermanager.primary-persona/[system-defined]]
2026-06-25 13:37:25.960 Df installd[37685:36bd35] [com.apple.containermanager:query] Query; euid = 501, uid = 501, class = 2, identifier = [com.DefaultCompany.NeonDrift](1), flags = 300000003
2026-06-25 13:37:25.961 Df installd[37685:36bd35] [com.apple.containermanager:query] Query; euid = 501, uid = 501, class = 2, identifier = [com.DefaultCompany.NeonDrift](1), flags = 300000002
2026-06-25 13:37:25.961 Df SpringBoard[37555:1ef98e] [com.apple.FrontBoard:Scene] [(FBSceneManager):sceneID:com.DefaultCompany.NeonDrift-default] Removing parent scene.
2026-06-25 13:37:25.962 Df SpringBoard[37555:1ef98e] [com.apple.UIKit:SceneDeactivation] No longer tracking: <FBScene: 0x12492d800; FBSceneManager:sceneID:com.DefaultCompany.NeonDrift-default>
2026-06-25 13:37:25.962 Df SpringBoard[37555:1ef98e] [com.apple.SpringBoard:SceneSnapshots] <SBSceneSnapshotRequestor: 0x10514b660; debugName: LCD> [sceneID:com.DefaultCompany.NeonDrift-default] Requesting 2 snapshot(s) because the scene actually moved to the background
2026-06-25 13:37:25.962 Df SpringBoard[37555:1ef98e] [com.apple.FrontBoard:Common] Created: <FBSceneSnapshotAction: 0x128764680; sceneID:com.DefaultCompany.NeonDrift-default>
2026-06-25 13:37:25.963 Df runningboardd[37558:36ba7a] [com.apple.runningboard:ttl] Acquiring assertion targeting 73964 from originator [osservice<com.apple.SpringBoard>:37555] with description <RBSAssertionDescriptor| "FBSceneSnapshotAction:sceneID:com.DefaultCompany.NeonDrift-default" ID:37558-37555-4267 target:73964 attributes:[
	<RBSDomainAttribute| domain:"com.apple.frontboard" name:"SceneSnapshotAction" sourceEnvironment:"(null)">,
	<RBSDurationAttribute| invalidationDuration:5.00 warningDuration:0.00 startPolicy:Fixed endPolicy:Invalidate>
	]>
2026-06-25 13:37:25.963 Df SpringBoard[37555:1ef98e] [com.apple.FrontBoard:Scene] [(FBSceneManager):sceneID:com.DefaultCompany.NeonDrift-default] Sending action(s) in update: <FBSceneSnapshotAction: 0x92b30057>
2026-06-25 13:37:25.963 Df SpringBoard[37555:1ef98e] [com.apple.FrontBoard:Scene] [(FBSceneManager):sceneID:com.DefaultCompany.NeonDrift-default] scene content state changed: notReady
2026-06-25 13:37:25.963 Df SpringBoard[37555:1ef98e] [com.apple.SpringBoard:AppProtection] <BSCompoundAssertion:0x12839a380> (SBApplicationAppProtectionAssistant: 0x12839a1c0 - com.DefaultCompany.NeonDrift) invalidate acq:0x10af65ee0 count:1
2026-06-25 13:37:25.963 Df SpringBoard[37555:1ef98e] [com.apple.SpringBoard:AppProtection] Informing <APSystemAppOutlet: 0x10514b300> that <APApplication: com.DefaultCompany.NeonDrift> will become background as far as we know
2026-06-25 13:37:25.963 Df SpringBoard[37555:1ef98e] [com.apple.appprotection:framework] All scenes dismissed for <APApplication: com.DefaultCompany.NeonDrift>
2026-06-25 13:37:25.963 Df SpringBoard[37555:36b825] [com.apple.appprotection:framework] told auth provider com.DefaultCompany.NeonDrift was dimissed. result:true err:(null)
2026-06-25 13:37:25.970 Df backboardd[37576:3500fb] [com.apple.BackBoard:TouchEvents] new scene host settings: contextID:9470B2B0 <sceneID:com.DefaultCompany.NeonDrift-default> foreground -> inactive
2026-06-25 13:37:25.971 Df containermanagerd[37611:1f0f6f] [com.apple.containermanager:schema] [u D36396A6-75F9-4E1F-9D12-31A3BA08393A:p C049D8EA-AF25-423D-9CA5-F5CB82624497:c com.DefaultCompany.NeonDrift(2):i0] Successfully updated schema from (0) → (1), actions count = 6
2026-06-25 13:37:25.971 Df containermanagerd_system[37598:36b835] [com.apple.containermanager:schema] [u 28E24180-FDE2-4027-A40B-CE54EA54C44A:p A6CD7122-CA78-4A0D-9D1E-CF26B5A07B58:c com.DefaultCompany.NeonDrift(1):i0] Successfully updated schema from (0) → (0), actions count = 0
2026-06-25 13:37:25.972 Df installd[37685:36bd35] [com.apple.containermanager:xpc] Query; euid = 501, uid = 501, class = 1, identifier = [com.DefaultCompany.NeonDrift](1), flags = 300000002
2026-06-25 13:37:25.973 Df installd[37685:36bd35] [com.apple.containermanager:unspecified] Requesting disk usage; class = 1, identifier = com.DefaultCompany.NeonDrift
2026-06-25 13:37:25.974 Df installd[37685:36bd35] [com.apple.containermanager:query] Query; euid = 501, uid = 501, class = 7, identifier = [com.DefaultCompany.NeonDrift](1), flags = 300000001
2026-06-25 13:37:25.977 Df SpringBoard[37555:1ef98e] [com.apple.SpringBoard:AppSwitcher] <SBFullScreenSwitcherLiveContentOverlayCoordinator: 0x10a4af980> Removing SwitcherScene overlay for: <SBAppLayout: 0x10a7a2d80; primary: com.DefaultCompany.NeonDrift:default; environment: main>, animated: NO
2026-06-25 13:37:25.978 Df installd[37685:36bd35] (MobileSystemServices) 0x16d5af000 -[MILaunchServicesOperationManager _onQueue_addPendingLaunchServicesOperation:error:]: Added pending LS operation <MILaunchServicesRegisterOperation: 936B7EA3-EDDB-4AF8-8ABB-EF4E020D8C85:57 com.DefaultCompany.NeonDrift/MIInstallationDomainSystemShared personas:[com.apple.containermanager.primary-persona]>
2026-06-25 13:37:25.978 Df lsd[37604:36b86b] [com.apple.launchservices:appinstallation] Post installation registration: request to register com.DefaultCompany.NeonDrift, operation 936B7EA3-EDDB-4AF8-8ABB-EF4E020D8C85, from pid 37685
2026-06-25 13:37:25.979 Df lsd[37604:36b86b] [com.apple.appinstallation:TransactionLog] com.DefaultCompany.NeonDrift/Unknown Persona:5:4:1:1:Registering bundles via registrant - start
2026-06-25 13:37:25.981 Df lsd[37604:36b86b] [com.apple.appinstallation:TransactionLog] com.DefaultCompany.NeonDrift/Unknown Persona:5:5:1:1:Building bundle record for app
2026-06-25 13:37:25.981 Df lsd[37604:36b86b] [com.apple.launchservices:appinstallation] Placeholder detected - Flagging bundle com.DefaultCompany.NeonDrift incomplete
2026-06-25 13:37:25.981 Df lsd[37604:36b86b] [com.apple.appinstallation:TransactionLog] com.DefaultCompany.NeonDrift/Unknown Persona:5:5:2:1:Built bundle record for app
2026-06-25 13:37:25.981 Df lsd[37604:36b86b] [com.apple.appinstallation:TransactionLog] com.DefaultCompany.NeonDrift/Unknown Persona:5:4:2:1:Registered bundle status = success
2026-06-25 13:37:25.982 Df lsd[37604:36b86b] [com.apple.appinstallation:TransactionLog] com.DefaultCompany.NeonDrift/Unknown Persona:5:4:2:1:Finished registering com.DefaultCompany.NeonDrift, bundle unit 498
2026-06-25 13:37:25.982 Df installd[37685:36bd35] (MobileSystemServices) 0x16d5af000 -[MIJournal purgeJournalEntry:withError:]: Removing journal entry <MIInstallationJournalEntry<0x1038b0be0> [com.DefaultCompany.NeonDrift/com.apple.containermanager.primary-persona/[system-defined]]/MIInstallationDomainSystemShared op:3 phase:JournalPhaseDidRegisterWithLS version:0>
2026-06-25 13:37:25.982 Df lsd[37604:36b86b] [com.apple.launchservices:progress] Sending applicationInstallsDidStart: for (
    "<LSApplicationProxy: 0x105780000> com.DefaultCompany.NeonDrift file:///Users/dragonkao/Library/Developer/CoreSimulator/Devices/115FDF0C-5A2F-4686-909B-7F43F1450A28/data/Containers/Bundle/Application/A6CD7122-CA78-4A0D-9D1E-CF26B5A07B58/com.apple.mobileinstallation.placeholder/ <com.DefaultCompany.NeonDrift <placeholder >:1>"
)
2026-06-25 13:37:25.982 Df lsd[37604:36b86b] [com.apple.launchservices:progress] Created parent progress <NSProgress: com.DefaultCompany.NeonDrift phase=InstallingPlaceholder; state=Waiting; finalPhase=Installing; fractionCompleted=0.000000>
2026-06-25 13:37:25.983 Df installd[37685:36bd35] [com.apple.appinstallation:TransactionLog] com.DefaultCompany.NeonDrift/com.apple.containermanager.primary-persona:7:2:2:1:Success (End) : Install (Parallel Placeholder)
2026-06-25 13:37:25.983 Df callservicesd[37622:3689bb] [com.apple.launchservices:appinstallation] LaunchServices observer: InstallsStarted (
    "<LSApplicationProxy: 0x108e38f00> com.DefaultCompany.NeonDrift file:///Users/dragonkao/Library/Developer/CoreSimulator/Devices/115FDF0C-5A2F-4686-909B-7F43F1450A28/data/Containers/Bundle/Application/A6CD7122-CA78-4A0D-9D1E-CF26B5A07B58/com.apple.mobileinstallation.placeholder/ <com.DefaultCompany.NeonDrift <placeholder >:1>"
)
2026-06-25 13:37:25.983 Df installd[37685:36bd35] (MobileSystemServices) 0x16d5af000 -[MIInstaller _logOperationCompletionWithStartTime:distributorID:]: Install successful for (Placeholder:com.DefaultCompany.NeonDrift) [Distributor: (null)]; Staging: 0.00s; Waiting: 0.00s; Preflight/Patch: 0.00s, Verifying: 0.00s; Overall: 0.04s
2026-06-25 13:37:25.983 Df appstored[37723:36ba9d] [com.apple.launchservices:appinstallation] LaunchServices observer: InstallsStarted (
    "<LSApplicationProxy: 0x1043d4000> com.DefaultCompany.NeonDrift file:///Users/dragonkao/Library/Developer/CoreSimulator/Devices/115FDF0C-5A2F-4686-909B-7F43F1450A28/data/Containers/Bundle/Application/A6CD7122-CA78-4A0D-9D1E-CF26B5A07B58/com.apple.mobileinstallation.placeholder/ <com.DefaultCompany.NeonDrift <placeholder >:1>"
)
2026-06-25 13:37:25.983 Df passd[37584:35e95c] [com.apple.launchservices:appinstallation] LaunchServices observer: InstallsStarted (
