Timestamp               Ty Process[PID:TID]
2026-06-26 23:00:31.365 Df CoreSimulatorBridge[84547:8c75b7] Request received for installation of file:///Users/dragonkao/.openclaw/workspace/382b9e3384298039b171c9b2a60ae644/NeonDrift_MVP/project/xcode_derived_data/Build/Products/Release-iphonesimulator/NeonDrift.app/ with options: {
    PackageType = Developer;
    SimulatorRootPath = "/Library/Developer/CoreSimulator/Volumes/iOS_23E254a/Library/Developer/CoreSimulator/Profiles/Runtimes/iOS 26.4.simruntime/Contents/Resources/RuntimeRoot";
    SimulatorUserPath = "/Users/dragonkao/Library/Developer/CoreSimulator/Devices/CC47DE7A-8196-4465-A5A5-BB852C9C6C82/data";
}
2026-06-26 23:00:31.365 Df CoreSimulatorBridge[84547:8c75b7] [com.apple.installcoordination:framework] +[IXAppInstallCoordinator(IXSimpleInstaller) _beginInstallForURL:forPersonaUniqueString:consumeSource:options:progressBlock:completionWithIdentity:]: Beginning install for /Users/dragonkao/.openclaw/workspace/382b9e3384298039b171c9b2a60ae644/NeonDrift_MVP/project/xcode_derived_data/Build/Products/Release-iphonesimulator/NeonDrift.app consuming source:N options:{
    IsUserInitiated = 1;
    PackageType = Developer;
} installationRequestorAuditToken: NULL
2026-06-26 23:00:31.368 Df installcoordinationd[84701:8c6820] [com.apple.installcoordination:daemon] -[IXSDataPromiseManager registerPromise:]: Registered promise <IXSPlaceholder(0x101924140) Name:App Placeholder: NeonDrift (com.DefaultCompany.NeonDrift) Creator:InstallCoordination Simple SPI UUID:88A9E5EE-CF68-4D48-966E-E289E5185414 Location:[system-defined]> for UUID 88A9E5EE-CF68-4D48-966E-E289E5185414
2026-06-26 23:00:31.369 Df installcoordinationd[84701:8c6820] [com.apple.installcoordination:daemon] -[IXSPlaceholder setAttributes:]: <IXSPlaceholder(0x101924140) Name:App Placeholder: NeonDrift (com.DefaultCompany.NeonDrift) Creator:InstallCoordination Simple SPI UUID:88A9E5EE-CF68-4D48-966E-E289E5185414 Location:[system-defined]>: setting placeholder attributes to <IXPlaceholderAttributes<0x1018c9220> : {
    CFBundleShortVersionString = "1.0";
    CFBundleSupportedPlatforms =     (
        iPhoneSimulator
    );
    CFBundleVersion = 0;
    DTPlatformName = iphonesimulator;
    LSRequiresIPhoneOS = 1;
    MinimumOSVersion = "13.0";
    UIDeviceFamily =     (
        1,
        2
    );
    UIRequiredDeviceCapabilities =     {
        arm64 = 1;
        metal = 1;
    };
}>
2026-06-26 23:00:31.370 Df CoreSimulatorBridge[84547:8d133d] [com.apple.installcoordination:framework] +[IXPlaceholder _setEntitlementsFromBundleExecutableURL:withBundleID:client:onPlaceholder:location:error:]: Executable for com.DefaultCompany.NeonDrift at NeonDrift -- file:///Users/dragonkao/.openclaw/workspace/382b9e3384298039b171c9b2a60ae644/NeonDrift_MVP/project/xcode_derived_data/Build/Products/Release-iphonesimulator/NeonDrift.app/ had no entitlements
2026-06-26 23:00:31.370 Df CoreSimulatorBridge[84547:8d133d] [com.apple.installcoordination:framework] +[IXPlaceholder _placeholderForBundle:client:withParent:installType:metadata:placeholderType:mayBeDeltaPackage:isFromSerializedPlaceholder:location:error:]: Using full fidelity icons for com.DefaultCompany.NeonDrift at /Users/dragonkao/.openclaw/workspace/382b9e3384298039b171c9b2a60ae644/NeonDrift_MVP/project/xcode_derived_data/Build/Products/Release-iphonesimulator/NeonDrift.app
2026-06-26 23:00:31.370 Df installcoordinationd[84701:8c6820] [com.apple.installcoordination:daemon] -[IXSDataPromiseManager registerPromise:]: Registered promise <IXSPromisedTransferToPath(0x1018f8c00) Name:Icon resources for com.DefaultCompany.NeonDrift Creator:InstallCoordination Simple SPI UUID:A7D7E8A6-A647-44D1-983A-E02854C23DCB Location:[system-defined]> for UUID A7D7E8A6-A647-44D1-983A-E02854C23DCB
2026-06-26 23:00:31.373 Df CoreSimulatorBridge[84547:8d133d] [com.apple.installcoordination:framework] -[IXPromisedTransferToPath setComplete:]: <IXPromisedTransferToPath<0x105490a00> name:"Icon resources for com.DefaultCompany.NeonDrift" uuid:A7D7E8A6-A647-44D1-983A-E02854C23DCB creator:"InstallCoordination Simple SPI" location:[system-defined]> Move operation from /Users/dragonkao/Library/Developer/CoreSimulator/Devices/CC47DE7A-8196-4465-A5A5-BB852C9C6C82/data/Containers/Shared/SystemGroup/systemgroup.com.apple.installcoordinationd/Library/InstallCoordination/PromiseStaging/A7D7E8A6-A647-44D1-983A-E02854C23DCB/temp.YAbc4O to /Users/dragonkao/Library/Developer/CoreSimulator/Devices/CC47DE7A-8196-4465-A5A5-BB852C9C6C82/data/Containers/Shared/SystemGroup/systemgroup.com.apple.installcoordinationd/Library/InstallCoordination/PromiseStaging/A7D7E8A6-A647-44D1-983A-E02854C23DCB/temp.YAbc4O took 0.000042 seconds
2026-06-26 23:00:31.373 Df installcoordinationd[84701:8d133e] [com.apple.installcoordination:daemon] -[IXSDataPromise _setPercentComplete:saveStateIfNeeded:]: Progress: <IXSPromisedTransferToPath(0x1018f8c00) Name:Icon resources for com.DefaultCompany.NeonDrift Creator:InstallCoordination Simple SPI UUID:A7D7E8A6-A647-44D1-983A-E02854C23DCB Location:[system-defined]>
2026-06-26 23:00:31.374 Df installcoordinationd[84701:8c6820] [com.apple.installcoordination:daemon] -[IXSDataPromiseManager promiseDidBegin:]: Unowned promise began: <IXSPromisedTransferToPath(0x1018f8c00) Name:Icon resources for com.DefaultCompany.NeonDrift Creator:InstallCoordination Simple SPI UUID:A7D7E8A6-A647-44D1-983A-E02854C23DCB Location:[system-defined]>
2026-06-26 23:00:31.374 Df installcoordinationd[84701:8c6820] [com.apple.installcoordination:daemon] -[IXSDataPromiseManager promise:didUpdateProgress:]: Unowned promise update progress to 1.000000 : <IXSPromisedTransferToPath(0x1018f8c00) Name:Icon resources for com.DefaultCompany.NeonDrift Creator:InstallCoordination Simple SPI UUID:A7D7E8A6-A647-44D1-983A-E02854C23DCB Location:[system-defined]>
2026-06-26 23:00:31.374 Df installcoordinationd[84701:8c6820] [com.apple.installcoordination:daemon] -[IXSDataPromiseManager promiseDidComplete:]: Unowned promise completed: <IXSPromisedTransferToPath(0x1018f8c00) Name:Icon resources for com.DefaultCompany.NeonDrift Creator:InstallCoordination Simple SPI UUID:A7D7E8A6-A647-44D1-983A-E02854C23DCB Location:[system-defined]>
2026-06-26 23:00:31.375 Df installcoordinationd[84701:8d133e] [com.apple.installcoordination:daemon] -[IXSDataPromise _setPercentComplete:saveStateIfNeeded:]: Progress: <IXSPromisedInMemoryDictionary(0x1018f8e80) Name:Info.plist icon content for com.DefaultCompany.NeonDrift Creator:InstallCoordination Simple SPI UUID:279D9E99-138F-44F4-87C5-32B2D56664F5 Location:[system-defined]>
2026-06-26 23:00:31.375 Df installcoordinationd[84701:8d133e] [com.apple.installcoordination:daemon] -[IXSDataPromiseManager registerPromise:]: Registered promise <IXSPromisedInMemoryDictionary(0x1018f8e80) Name:Info.plist icon content for com.DefaultCompany.NeonDrift Creator:InstallCoordination Simple SPI UUID:279D9E99-138F-44F4-87C5-32B2D56664F5 Location:[system-defined]> for UUID 279D9E99-138F-44F4-87C5-32B2D56664F5
2026-06-26 23:00:31.375 Df installcoordinationd[84701:8c6820] [com.apple.installcoordination:daemon] -[IXSDataPromiseManager promiseDidBegin:]: Unowned promise began: <IXSPromisedInMemoryDictionary(0x1018f8e80) Name:Info.plist icon content for com.DefaultCompany.NeonDrift Creator:InstallCoordination Simple SPI UUID:279D9E99-138F-44F4-87C5-32B2D56664F5 Location:[system-defined]>
2026-06-26 23:00:31.375 Df installcoordinationd[84701:8c6820] [com.apple.installcoordination:daemon] -[IXSDataPromiseManager promise:didUpdateProgress:]: Unowned promise update progress to 1.000000 : <IXSPromisedInMemoryDictionary(0x1018f8e80) Name:Info.plist icon content for com.DefaultCompany.NeonDrift Creator:InstallCoordination Simple SPI UUID:279D9E99-138F-44F4-87C5-32B2D56664F5 Location:[system-defined]>
2026-06-26 23:00:31.375 Df installcoordinationd[84701:8c6820] [com.apple.installcoordination:daemon] -[IXSDataPromiseManager promiseDidComplete:]: Unowned promise completed: <IXSPromisedInMemoryDictionary(0x1018f8e80) Name:Info.plist icon content for com.DefaultCompany.NeonDrift Creator:InstallCoordination Simple SPI UUID:279D9E99-138F-44F4-87C5-32B2D56664F5 Location:[system-defined]>
2026-06-26 23:00:31.375 Df installcoordinationd[84701:8d133e] [com.apple.installcoordination:daemon] -[IXSPlaceholder setIconResourcesPromise:]: <IXSPlaceholder(0x101924140) Name:App Placeholder: NeonDrift (com.DefaultCompany.NeonDrift) Creator:InstallCoordination Simple SPI UUID:88A9E5EE-CF68-4D48-966E-E289E5185414 Location:[system-defined]>: setting icon resources promise to <IXSPromisedTransferToPath(0x1018f8c00) Name:Icon resources for com.DefaultCompany.NeonDrift Creator:InstallCoordination Simple SPI UUID:A7D7E8A6-A647-44D1-983A-E02854C23DCB Location:[system-defined]>
2026-06-26 23:00:31.376 Df installcoordinationd[84701:8d133e] [com.apple.installcoordination:daemon] -[IXSPlaceholder setInfoPlistIconContentPromise:]: <IXSPlaceholder(0x101924140) Name:App Placeholder: NeonDrift (com.DefaultCompany.NeonDrift) Creator:InstallCoordination Simple SPI UUID:88A9E5EE-CF68-4D48-966E-E289E5185414 Location:[system-defined]>: setting Info.plist icon content promise to <IXSPromisedInMemoryDictionary(0x1018f8e80) Name:Info.plist icon content for com.DefaultCompany.NeonDrift Creator:InstallCoordination Simple SPI UUID:279D9E99-138F-44F4-87C5-32B2D56664F5 Location:[system-defined]>
2026-06-26 23:00:31.376 Df installcoordinationd[84701:8d133e] [com.apple.installcoordination:daemon] -[IXSDataPromiseManager promiseDidBegin:]: Unowned promise began: <IXSPlaceholder(0x101924140) Name:App Placeholder: NeonDrift (com.DefaultCompany.NeonDrift) Creator:InstallCoordination Simple SPI UUID:88A9E5EE-CF68-4D48-966E-E289E5185414 Location:[system-defined]>
2026-06-26 23:00:31.376 Df installcoordinationd[84701:8d133e] [com.apple.installcoordination:daemon] -[IXSDataPromiseManager promise:didUpdateProgress:]: Unowned promise update progress to 0.000000 : <IXSPlaceholder(0x101924140) Name:App Placeholder: NeonDrift (com.DefaultCompany.NeonDrift) Creator:InstallCoordination Simple SPI UUID:88A9E5EE-CF68-4D48-966E-E289E5185414 Location:[system-defined]>
2026-06-26 23:00:31.376 Df installcoordinationd[84701:8d133e] [com.apple.installcoordination:daemon] -[IXSDataPromiseManager promise:didUpdateProgress:]: Unowned promise update progress to 0.000000 : <IXSPlaceholder(0x101924140) Name:App Placeholder: NeonDrift (com.DefaultCompany.NeonDrift) Creator:InstallCoordination Simple SPI UUID:88A9E5EE-CF68-4D48-966E-E289E5185414 Location:[system-defined]>
2026-06-26 23:00:31.377 Df installcoordinationd[84701:8d133e] [com.apple.installcoordination:daemon] -[IXSDataPromise _setPercentComplete:saveStateIfNeeded:]: Progress: <IXSPromisedInMemoryDictionary(0x1018f9300) Name:Localizations for com.DefaultCompany.NeonDrift Creator:InstallCoordination Simple SPI UUID:B369212D-31D6-45FE-ABC5-F0DF07F947B8 Location:[system-defined]>
2026-06-26 23:00:31.378 Df installcoordinationd[84701:8d133e] [com.apple.installcoordination:daemon] -[IXSDataPromiseManager registerPromise:]: Registered promise <IXSPromisedInMemoryDictionary(0x1018f9300) Name:Localizations for com.DefaultCompany.NeonDrift Creator:InstallCoordination Simple SPI UUID:B369212D-31D6-45FE-ABC5-F0DF07F947B8 Location:[system-defined]> for UUID B369212D-31D6-45FE-ABC5-F0DF07F947B8
2026-06-26 23:00:31.378 Df installcoordinationd[84701:8d1341] [com.apple.installcoordination:daemon] -[IXSDataPromiseManager promiseDidBegin:]: Unowned promise began: <IXSPromisedInMemoryDictionary(0x1018f9300) Name:Localizations for com.DefaultCompany.NeonDrift Creator:InstallCoordination Simple SPI UUID:B369212D-31D6-45FE-ABC5-F0DF07F947B8 Location:[system-defined]>
2026-06-26 23:00:31.378 Df installcoordinationd[84701:8d1341] [com.apple.installcoordination:daemon] -[IXSDataPromiseManager promise:didUpdateProgress:]: Unowned promise update progress to 1.000000 : <IXSPromisedInMemoryDictionary(0x1018f9300) Name:Localizations for com.DefaultCompany.NeonDrift Creator:InstallCoordination Simple SPI UUID:B369212D-31D6-45FE-ABC5-F0DF07F947B8 Location:[system-defined]>
2026-06-26 23:00:31.378 Df installcoordinationd[84701:8d1341] [com.apple.installcoordination:daemon] -[IXSDataPromiseManager promiseDidComplete:]: Unowned promise completed: <IXSPromisedInMemoryDictionary(0x1018f9300) Name:Localizations for com.DefaultCompany.NeonDrift Creator:InstallCoordination Simple SPI UUID:B369212D-31D6-45FE-ABC5-F0DF07F947B8 Location:[system-defined]>
2026-06-26 23:00:31.378 Df installcoordinationd[84701:8d133e] [com.apple.installcoordination:daemon] -[IXSPlaceholder setLocalizationDictionaryPromise:]: <IXSPlaceholder(0x101924140) Name:App Placeholder: NeonDrift (com.DefaultCompany.NeonDrift) Creator:InstallCoordination Simple SPI UUID:88A9E5EE-CF68-4D48-966E-E289E5185414 Location:[system-defined]>: setting localization dict promise to <IXSPromisedInMemoryDictionary(0x1018f9300) Name:Localizations for com.DefaultCompany.NeonDrift Creator:InstallCoordination Simple SPI UUID:B369212D-31D6-45FE-ABC5-F0DF07F947B8 Location:[system-defined]>
2026-06-26 23:00:31.379 Df installcoordinationd[84701:8c6820] [com.apple.installcoordination:daemon] -[IXSDataPromiseManager promise:didUpdateProgress:]: Unowned promise update progress to 0.000000 : <IXSPlaceholder(0x101924140) Name:App Placeholder: NeonDrift (com.DefaultCompany.NeonDrift) Creator:InstallCoordination Simple SPI UUID:88A9E5EE-CF68-4D48-966E-E289E5185414 Location:[system-defined]>
2026-06-26 23:00:31.379 Df installcoordinationd[84701:8d133e] [com.apple.installcoordination:daemon] -[IXSPlaceholder setConfigurationComplete:]: <IXSPlaceholder(0x101924140) Name:App Placeholder: NeonDrift (com.DefaultCompany.NeonDrift) Creator:InstallCoordination Simple SPI UUID:88A9E5EE-CF68-4D48-966E-E289E5185414 Location:[system-defined]>: setting configuration complete to Y
2026-06-26 23:00:31.379 Df installcoordinationd[84701:8d133e] [com.apple.installcoordination:daemon] -[IXSPlaceholder _materialize]: <IXSPlaceholder(0x101924140) Name:App Placeholder: NeonDrift (com.DefaultCompany.NeonDrift) Creator:InstallCoordination Simple SPI UUID:88A9E5EE-CF68-4D48-966E-E289E5185414 Location:[system-defined]>: Materializing placeholder at /Users/dragonkao/Library/Developer/CoreSimulator/Devices/CC47DE7A-8196-4465-A5A5-BB852C9C6C82/data/Containers/Shared/SystemGroup/systemgroup.com.apple.installcoordinationd/Library/InstallCoordination/PromiseStaging/88A9E5EE-CF68-4D48-966E-E289E5185414/NeonDrift.app
2026-06-26 23:00:31.379 Df installcoordinationd[84701:8d133e] [com.apple.installcoordination:daemon] -[IXSPlaceholder _materialize]: <IXSPlaceholder(0x101924140) Name:App Placeholder: NeonDrift (com.DefaultCompany.NeonDrift) Creator:InstallCoordination Simple SPI UUID:88A9E5EE-CF68-4D48-966E-E289E5185414 Location:[system-defined]>: Using Info.plist icon content: {
    CFBundleIcons =     {
        CFBundlePrimaryIcon =         {
            CFBundleIconName = AppIcon;
        };
    };
    "CFBundleIcons~ipad" =     {
        CFBundlePrimaryIcon =         {
            CFBundleIconName = AppIcon;
        };
    };
    ISIconPlatform = iPhoneOS;
}
2026-06-26 23:00:31.380 Df installcoordinationd[84701:8d133e] [com.apple.installcoordination:daemon] -[IXSPlaceholder _materialize]_block_invoke: <IXSPlaceholder(0x101924140) Name:App Placeholder: NeonDrift (com.DefaultCompany.NeonDrift) Creator:InstallCoordination Simple SPI UUID:88A9E5EE-CF68-4D48-966E-E289E5185414 Location:[system-defined]>: Using icon resource Assets.car
2026-06-26 23:00:31.380 Df installcoordinationd[84701:8d133e] [com.apple.installcoordination:daemon] -[IXSPlaceholder _materialize]: <IXSPlaceholder(0x101924140) Name:App Placeholder: NeonDrift (com.DefaultCompany.NeonDrift) Creator:InstallCoordination Simple SPI UUID:88A9E5EE-CF68-4D48-966E-E289E5185414 Location:[system-defined]>: Including lproj localizations for (
)
2026-06-26 23:00:31.380 Df installcoordinationd[84701:8d133e] [com.apple.installcoordination:daemon] -[IXSDataPromiseManager promiseDidComplete:]: Unowned promise completed: <IXSPlaceholder(0x101924140) Name:App Placeholder: NeonDrift (com.DefaultCompany.NeonDrift) Creator:InstallCoordination Simple SPI UUID:88A9E5EE-CF68-4D48-966E-E289E5185414 Location:[system-defined]>
2026-06-26 23:00:31.381 Df installcoordinationd[84701:8c6820] [com.apple.installcoordination:daemon] -[IXSDataPromiseManager registerPromise:]: Registered promise <IXSPromisedTransferToPath(0x1018f9480) Name:App Asset: com.DefaultCompany.NeonDrift Creator:InstallCoordination Simple SPI UUID:B9351916-24A5-4DF4-8D23-E69EB68B6701 Location:[system-defined]> for UUID B9351916-24A5-4DF4-8D23-E69EB68B6701
2026-06-26 23:00:31.382 Df installcoordinationd[84701:8c6820] [com.apple.installcoordination:daemon] -[IXSCoordinatorManager coordinatorForIdentity:connection:error:creatingIfNotExisting:]_block_invoke: Registered coordinator: <IXSCoordinatedAppInstall<0x101a08000> [P=CoreSimulatorBridge (pid 84547)] identifier:[com.DefaultCompany.NeonDrift/Invalid/[system-defined]] uuid:F51BF3F0-1BE0-4693-BE15-2023022EF4D8 intent:IXCoordinatorIntentUpdating creator/appDRI:InstallCoordination Simple SPI importance:Background state:IXAppCoordinationStatePlaceholderPromiseNotSet promise-state:01234>
2026-06-26 23:00:31.382 Df installcoordinationd[84701:8c6820] [com.apple.appinstallation:TransactionLog] com.DefaultCompany.NeonDrift/Unknown Persona:4:2:1:1:Created coordinator with intent IXCoordinatorIntentUpdating for client InstallCoordination Simple SPI
2026-06-26 23:00:31.382 Df installcoordinationd[84701:8c6820] [com.apple.installcoordination:daemon] -[IXSCoordinatedAppInstall setPriorityBoostCompletion:withSourceInfo:]: <IXSCoordinatedAppInstall<0x101a08000> [P=CoreSimulatorBridge (pid 84547)] identifier:[com.DefaultCompany.NeonDrift/Invalid/[system-defined]] uuid:F51BF3F0-1BE0-4693-BE15-2023022EF4D8 intent:IXCoordinatorIntentUpdating creator/appDRI:InstallCoordination Simple SPI importance:Background state:IXAppCoordinationStatePlaceholderPromiseNotSet promise-state:01234>: Retaining completion from CoreSimulatorBridge (84547), QOS_CLASS_DEFAULT (0x15)
2026-06-26 23:00:31.382 Df installcoordinationd[84701:8c6820] [com.apple.installcoordination:daemon] -[IXSCoordinatedAppInstall setImportance:]: <IXSCoordinatedAppInstall<0x101a08000> [P=CoreSimulatorBridge (pid 84547)] identifier:[com.DefaultCompany.NeonDrift/Invalid/[system-defined]] uuid:F51BF3F0-1BE0-4693-BE15-2023022EF4D8 intent:IXCoordinatorIntentUpdating creator/appDRI:InstallCoordination Simple SPI importance:UserWaiting state:IXAppCoordinationStatePlaceholderPromiseNotSet promise-state:01234>: set importance to UserWaiting
2026-06-26 23:00:31.383 Df installcoordinationd[84701:8c6820] [com.apple.installcoordination:daemon] -[IXSCoordinatedAppInstall _onQueue_fireObserversForClient:]: <IXSCoordinatedAppInstall<0x101a08000> [P=CoreSimulatorBridge (pid 84547)] identifier:[com.DefaultCompany.NeonDrift/Invalid/[system-defined]] uuid:F51BF3F0-1BE0-4693-BE15-2023022EF4D8 intent:IXCoordinatorIntentUpdating creator/appDRI:InstallCoordination Simple SPI importance:UserWaiting state:IXAppCoordinationStatePlaceholderPromiseNotSet promise-state:01234>: Firing applicable observers for client <IXSClientConnection<0x101858960> client:CoreSimulatorBridge (pid 84547) uuid:A8999DAB-AE59-4503-9213-F72A7CA692C3>
2026-06-26 23:00:31.383 Df installcoordinationd[84701:8c6820] [com.apple.installcoordination:daemon] -[IXSCoordinatedAppInstall setPriorityBoostCompletion:withSourceInfo:]: <IXSCoordinatedAppInstall<0x101a08000> [P=CoreSimulatorBridge (pid 84547)] identifier:[com.DefaultCompany.NeonDrift/Invalid/[system-defined]] uuid:F51BF3F0-1BE0-4693-BE15-2023022EF4D8 intent:IXCoordinatorIntentUpdating creator/appDRI:InstallCoordination Simple SPI importance:UserWaiting state:IXAppCoordinationStatePlaceholderPromiseNotSet promise-state:01234>: Disposing of completion from CoreSimulatorBridge (84547), QOS_CLASS_DEFAULT (0x15)
2026-06-26 23:00:31.383 Df installcoordinationd[84701:8c6820] [com.apple.installcoordination:daemon] -[IXSCoordinatedAppInstall setPriorityBoostCompletion:withSourceInfo:]: <IXSCoordinatedAppInstall<0x101a08000> [P=CoreSimulatorBridge (pid 84547)] identifier:[com.DefaultCompany.NeonDrift/Invalid/[system-defined]] uuid:F51BF3F0-1BE0-4693-BE15-2023022EF4D8 intent:IXCoordinatorIntentUpdating creator/appDRI:InstallCoordination Simple SPI importance:UserWaiting state:IXAppCoordinationStatePlaceholderPromiseNotSet promise-state:01234>: Retaining completion from CoreSimulatorBridge (84547), QOS_CLASS_DEFAULT (0x15)
2026-06-26 23:00:31.383 Df CoreSimulatorBridge[84547:8d133f] [com.apple.installcoordination:framework] -[IXAppInstallCoordinator _clientDelegate_didRegisterForObservation]: <IXUpdatingAppInstallCoordinator<0x105491840> identity:[com.DefaultCompany.NeonDrift/Invalid/[system-defined]] uuid:F51BF3F0-1BE0-4693-BE15-2023022EF4D8 creator:InstallCoordination Simple SPI>: Got observer registration delegate
2026-06-26 23:00:31.383 Df CoreSimulatorBridge[84547:8d133f] [com.apple.installcoordination:framework] -[IXAppInstallCoordinator _clientDelegate_didRegisterForObservation]_block_invoke: <IXUpdatingAppInstallCoordinator<0x105491840> identity:[com.DefaultCompany.NeonDrift/Invalid/[system-defined]] uuid:F51BF3F0-1BE0-4693-BE15-2023022EF4D8 creator:InstallCoordination Simple SPI>: Observer <_IXSimpleInstallerDelegate 0x0x10545bed0> does not respond to coordinatorDidRegisterForObservation:
2026-06-26 23:00:31.383 Df CoreSimulatorBridge[84547:8d133f] [com.apple.installcoordination:framework] -[IXAppInstallCoordinator _clientDelegate_shouldResume]: <IXUpdatingAppInstallCoordinator<0x105491840> identity:[com.DefaultCompany.NeonDrift/Invalid/[system-defined]] uuid:F51BF3F0-1BE0-4693-BE15-2023022EF4D8 creator:InstallCoordination Simple SPI>: Got should resume delegate
2026-06-26 23:00:31.383 Df CoreSimulatorBridge[84547:8d133f] [com.apple.installcoordination:framework] -[IXAppInstallCoordinator _clientDelegate_shouldResume]_block_invoke: <IXUpdatingAppInstallCoordinator<0x105491840> identity:[com.DefaultCompany.NeonDrift/Invalid/[system-defined]] uuid:F51BF3F0-1BE0-4693-BE15-2023022EF4D8 creator:InstallCoordination Simple SPI>: Observer <_IXSimpleInstallerDelegate 0x0x10545bed0> does not respond to coordinatorShouldResume:
2026-06-26 23:00:31.384 Df installcoordinationd[84701:8c6820] [com.apple.installcoordination:daemon] -[IXSCoordinatedAppInstall _internal_setInstallOptionsPromise:performExternalActions:]: <IXSCoordinatedAppInstall<0x101a08000> [P=CoreSimulatorBridge (pid 84547)] identifier:[com.DefaultCompany.NeonDrift/Invalid/[system-defined]] uuid:F51BF3F0-1BE0-4693-BE15-2023022EF4D8 intent:IXCoordinatorIntentUpdating creator/appDRI:InstallCoordination Simple SPI importance:UserWaiting state:IXAppCoordinationStatePlaceholderPromiseNotSet promise-state:012I4> : install options set: <IXSPromisedInMemoryData(0x1018f9780) Name:MIInstallOptions data Creator:Install Coordination Internal UUID:424CB295-9974-4EE3-B395-01D71D39EF5C Location:[system-defined]>
2026-06-26 23:00:31.385 Df installcoordinationd[84701:8d1341] [com.apple.installcoordination:daemon] -[IXSCoordinatedAppInstall promiseDidComplete:]: <IXSCoordinatedAppInstall<0x101a08000> [P=CoreSimulatorBridge (pid 84547)] identifier:[com.DefaultCompany.NeonDrift/Invalid/[system-defined]] uuid:F51BF3F0-1BE0-4693-BE15-2023022EF4D8 intent:IXCoordinatorIntentUpdating creator/appDRI:InstallCoordination Simple SPI importance:UserWaiting state:IXAppCoordinationStatePlaceholderPromiseNotSet promise-state:012I4> : Promise completed: <IXSPromisedInMemoryData(0x1018f9780) Name:MIInstallOptions data Creator:Install Coordination Internal UUID:424CB295-9974-4EE3-B395-01D71D39EF5C Location:[system-defined]>
2026-06-26 23:00:31.385 Df installcoordinationd[84701:8d1341] [com.apple.appinstallation:TransactionLog] com.DefaultCompany.NeonDrift/Unknown Persona:4:13:1:1:Install Options Promise began. Coordinator State: IXAppCoordinationStatePlaceholderPromiseNotSet
2026-06-26 23:00:31.385 Df installcoordinationd[84701:8d1341] [com.apple.appinstallation:TransactionLog] com.DefaultCompany.NeonDrift/Unknown Persona:4:13:2:1:Install Options Promise completed. Coordinator State: IXAppCoordinationStatePlaceholderPromiseNotSet
2026-06-26 23:00:31.385 Df installcoordinationd[84701:8c6820] [com.apple.installcoordination:daemon] -[IXSCoordinatedAppInstall _internal_setAppAssetPromise:performExternalActions:]: <IXSCoordinatedAppInstall<0x101a08000> [P=CoreSimulatorBridge (pid 84547)] identifier:[com.DefaultCompany.NeonDrift/Invalid/[system-defined]] uuid:F51BF3F0-1BE0-4693-BE15-2023022EF4D8 intent:IXCoordinatorIntentUpdating creator/appDRI:InstallCoordination Simple SPI importance:UserWaiting state:IXAppCoordinationStatePlaceholderPromiseNotSet promise-state:0a2I4> : App Asset Promise set: <IXSPromisedTransferToPath(0x1018f9480) Name:App Asset: com.DefaultCompany.NeonDrift Creator:InstallCoordination Simple SPI UUID:B9351916-24A5-4DF4-8D23-E69EB68B6701 Location:[system-defined]>
2026-06-26 23:00:31.385 Df installcoordinationd[84701:8c6820] [com.apple.installcoordination:daemon] -[IXSCoordinatedAppInstall setInitialODRAssetPromises:]: <IXSCoordinatedAppInstall<0x101a08000> [P=CoreSimulatorBridge (pid 84547)] identifier:[com.DefaultCompany.NeonDrift/Invalid/[system-defined]] uuid:F51BF3F0-1BE0-4693-BE15-2023022EF4D8 intent:IXCoordinatorIntentUpdating creator/appDRI:InstallCoordination Simple SPI importance:UserWaiting state:IXAppCoordinationStatePlaceholderPromiseNotSet promise-state:0a2I4> : Initial ODR Asset Promises set: (
)
2026-06-26 23:00:31.386 Df CoreSimulatorBridge[84547:8d133d] [com.apple.installcoordination:framework] -[IXPromisedTransferToPath _performDeltaCopyFrom:toDestination:]: Performing delta copy from /Users/dragonkao/.openclaw/workspace/382b9e3384298039b171c9b2a60ae644/NeonDrift_MVP/project/xcode_derived_data/Build/Products/Release-iphonesimulator/NeonDrift.app to /Users/dragonkao/Library/Developer/CoreSimulator/Devices/CC47DE7A-8196-4465-A5A5-BB852C9C6C82/data/Containers/Shared/SystemGroup/systemgroup.com.apple.installcoordinationd/Library/InstallCoordination/PromiseStaging/B9351916-24A5-4DF4-8D23-E69EB68B6701/NeonDrift.app with installed bundle at /Users/dragonkao/Library/Developer/CoreSimulator/Devices/CC47DE7A-8196-4465-A5A5-BB852C9C6C82/data/Containers/Bundle/Application/7006C881-035A-4050-991F-3B5FF14ADCC8/NeonDrift.app
2026-06-26 23:00:31.387 Df CoreSimulatorBridge[84547:8d133d] (MobileSystemServices) 0x16bc9b000 MDMCreateDeltaDirectory: calling MDMDirectoryDiff with:
state->old_bundle: /Users/dragonkao/Library/Developer/CoreSimulator/Devices/CC47DE7A-8196-4465-A5A5-BB852C9C6C82/data/Containers/Bundle/Application/7006C881-035A-4050-991F-3B5FF14ADCC8/NeonDrift.app
state->new_bundle: /Users/dragonkao/.openclaw/workspace/382b9e3384298039b171c9b2a60ae644/NeonDrift_MVP/project/xcode_derived_data/Build/Products/Release-iphonesimulator/NeonDrift.app
state->dst_bundle: /Users/dragonkao/Library/Developer/CoreSimulator/Devices/CC47DE7A-8196-4465-A5A5-BB852C9C6C82/data/Containers/Shared/SystemGroup/systemgroup.com.apple.installcoordinationd/Library/InstallCoordination/PromiseStaging/B9351916-24A5-4DF4-8D23-E69EB68B6701/NeonDrift.app/Payload//NeonDrift.app, binaryDiff flag: FALSE
	dst_ipa: /Users/dragonkao/Library/Developer/CoreSimulator/Devices/CC47DE7A-8196-4465-A5A5-BB852C9C6C82/data/Containers/Shared/SystemGroup/systemgroup.com.apple.installcoordinationd/Library/InstallCoordination/PromiseStaging/B9351<…>
2026-06-26 23:00:31.455 Df CoreSimulatorBridge[84547:8d133d] [com.apple.installcoordination:framework] -[IXPromisedTransferToPath setComplete:]: <IXPromisedTransferToPath<0x105491880> name:"App Asset: com.DefaultCompany.NeonDrift" uuid:B9351916-24A5-4DF4-8D23-E69EB68B6701 creator:"InstallCoordination Simple SPI" location:[system-defined]> Delta Copy operation from /Users/dragonkao/.openclaw/workspace/382b9e3384298039b171c9b2a60ae644/NeonDrift_MVP/project/xcode_derived_data/Build/Products/Release-iphonesimulator/NeonDrift.app to /Users/dragonkao/Library/Developer/CoreSimulator/Devices/CC47DE7A-8196-4465-A5A5-BB852C9C6C82/data/Containers/Shared/SystemGroup/systemgroup.com.apple.installcoordinationd/Library/InstallCoordination/PromiseStaging/B9351916-24A5-4DF4-8D23-E69EB68B6701/NeonDrift.app took 0.068802 seconds
2026-06-26 23:00:31.455 Df installcoordinationd[84701:8c6820] [com.apple.installcoordination:daemon] -[IXSDataPromise _setPercentComplete:saveStateIfNeeded:]: Progress: <IXSPromisedTransferToPath(0x1018f9480) Name:App Asset: com.DefaultCompany.NeonDrift Creator:InstallCoordination Simple SPI UUID:B9351916-24A5-4DF4-8D23-E69EB68B6701 Location:[system-defined]>
2026-06-26 23:00:31.455 Df installcoordinationd[84701:8d1341] [com.apple.appinstallation:TransactionLog] com.DefaultCompany.NeonDrift/Unknown Persona:4:10:1:1:App Asset Promise began. Coordinator State: IXAppCoordinationStatePlaceholderPromiseNotSet
2026-06-26 23:00:31.455 Df CoreSimulatorBridge[84547:8d133f] [com.apple.installcoordination:framework] -[IXAppInstallCoordinator _clientDelegate_promiseDidBeginFulfillmentWithIdentifier:]: <IXUpdatingAppInstallCoordinator<0x105491840> identity:[com.DefaultCompany.NeonDrift/Invalid/[system-defined]] uuid:F51BF3F0-1BE0-4693-BE15-2023022EF4D8 creator:InstallCoordination Simple SPI>: Got promise did begin fulfillment for identifier 2
2026-06-26 23:00:31.455 Df CoreSimulatorBridge[84547:8d133f] [com.apple.installcoordination:framework] -[IXAppInstallCoordinator _clientDelegate_promiseDidBeginFulfillmentWithIdentifier:]_block_invoke: <IXUpdatingAppInstallCoordinator<0x105491840> identity:[com.DefaultCompany.NeonDrift/Invalid/[system-defined]] uuid:F51BF3F0-1BE0-4693-BE15-2023022EF4D8 creator:InstallCoordination Simple SPI>: Observer <_IXSimpleInstallerDelegate 0x0x10545bed0> does not respond to coordinator:configuredPromiseDidBeginFulfillment: (or any deprecated equivalent)
2026-06-26 23:00:31.456 Df installcoordinationd[84701:8c6820] [com.apple.installcoordination:daemon] -[IXSCoordinatedAppInstall promiseDidComplete:]: <IXSCoordinatedAppInstall<0x101a08000> [P=CoreSimulatorBridge (pid 84547)] identifier:[com.DefaultCompany.NeonDrift/Invalid/[system-defined]] uuid:F51BF3F0-1BE0-4693-BE15-2023022EF4D8 intent:IXCoordinatorIntentUpdating creator/appDRI:InstallCoordination Simple SPI importance:UserWaiting state:IXAppCoordinationStatePlaceholderPromiseNotSet promise-state:0A2I4> : Promise completed: <IXSPromisedTransferToPath(0x1018f9480) Name:App Asset: com.DefaultCompany.NeonDrift Creator:InstallCoordination Simple SPI UUID:B9351916-24A5-4DF4-8D23-E69EB68B6701 Location:[system-defined]>
2026-06-26 23:00:31.456 Df CoreSimulatorBridge[84547:8d1340] [com.apple.installcoordination:framework] -[IXAppInstallCoordinator _clientDelegate_didUpdateProgress:forPhase:overallProgress:]: <IXUpdatingAppInstallCoordinator<0x105491840> identity:[com.DefaultCompany.NeonDrift/Invalid/[system-defined]] uuid:F51BF3F0-1BE0-4693-BE15-2023022EF4D8 creator:InstallCoordination Simple SPI>: Got did update progress delegate with percentComplete 100.000000 phase IXCoordinatorProgressPhaseLoading overallProgress 60.000000
2026-06-26 23:00:31.456 Df CoreSimulatorBridge[84547:8d1340] [com.apple.installcoordination:framework] -[IXAppInstallCoordinator _clientDelegate_didUpdateProgress:forPhase:overallProgress:]_block_invoke: <IXUpdatingAppInstallCoordinator<0x105491840> identity:[com.DefaultCompany.NeonDrift/Invalid/[system-defined]] uuid:F51BF3F0-1BE0-4693-BE15-2023022EF4D8 creator:InstallCoordination Simple SPI>: Calling selector coordinator:didUpdateProgress:forPhase:overallProgress: on observer <_IXSimpleInstallerDelegate 0x0x10545bed0>
2026-06-26 23:00:31.456 Df installcoordinationd[84701:8c6820] [com.apple.appinstallation:TransactionLog] com.DefaultCompany.NeonDrift/Unknown Persona:4:10:2:1:App Asset Promise completed. Coordinator State: IXAppCoordinationStatePlaceholderPromiseNotSet
2026-06-26 23:00:31.456 Df installcoordinationd[84701:8d1341] [com.apple.installcoordination:daemon] -[IXSCoordinatedAppInstall setPlaceholderPromise:]: <IXSCoordinatedAppInstall<0x101a08000> [P=CoreSimulatorBridge (pid 84547)] identifier:[com.DefaultCompany.NeonDrift/Invalid/[system-defined]] uuid:F51BF3F0-1BE0-4693-BE15-2023022EF4D8 intent:IXCoordinatorIntentUpdating creator/appDRI:InstallCoordination Simple SPI importance:UserWaiting state:IXAppCoordinationStateReadyForPlaceholderInstall promise-state:PA2I4> : Placeholder Promise set: <IXSPlaceholder(0x101924140) Name:App Placeholder: NeonDrift (com.DefaultCompany.NeonDrift) Creator:InstallCoordination Simple SPI UUID:88A9E5EE-CF68-4D48-966E-E289E5185414 Location:[system-defined]>
2026-06-26 23:00:31.456 Df installcoordinationd[84701:8c6820] [com.apple.installcoordination:daemon] -[IXSCoordinatedAppInstall promiseDidComplete:]: <IXSCoordinatedAppInstall<0x101a08000> [P=CoreSimulatorBridge (pid 84547)] identifier:[com.DefaultCompany.NeonDrift/Invalid/[system-defined]] uuid:F51BF3F0-1BE0-4693-BE15-2023022EF4D8 intent:IXCoordinatorIntentUpdating creator/appDRI:InstallCoordination Simple SPI importance:UserWaiting state:IXAppCoordinationStateReadyForPlaceholderInstall promise-state:PA2I4> : Promise completed: <IXSPlaceholder(0x101924140) Name:App Placeholder: NeonDrift (com.DefaultCompany.NeonDrift) Creator:InstallCoordination Simple SPI UUID:88A9E5EE-CF68-4D48-966E-E289E5185414 Location:[system-defined]>
2026-06-26 23:00:31.456 Df installcoordinationd[84701:8d1341] [com.apple.installcoordination:daemon] -[IXSCoordinatedAppInstall _onQueue_acquireAssertionAndInstallPlaceholder]: Acquiring termination assertion to install placeholder for [com.DefaultCompany.NeonDrift/Invalid/[system-defined]]
2026-06-26 23:00:31.456 Df installcoordinationd[84701:8d1341] [com.apple.installcoordination:daemon] -[IXSPendingOperationsTracker beginPendingOperationForIdentity:]_block_invoke: Beginning pending operation for [com.DefaultCompany.NeonDrift/Invalid/[system-defined]]
2026-06-26 23:00:31.457 Df runningboardd[84520:8d056d] [com.apple.runningboard:connection] Received termination request from [osservice<com.apple.installcoordinationd>:84701] on <RBSProcessPredicate <RBSProcessBundleIdentifierPredicate "com.DefaultCompany.NeonDrift">> with context <RBSTerminateContext| explanation:installcoordinationd app:[com.DefaultCompany.NeonDrift/Invalid/[system-defined]] uuid:F51BF3F0-1BE0-4693-BE15-2023022EF4D8 isPlaceholder:Y reportType:None maxTerminationResistance:Absolute attrs:[
	<RBSPreventLaunchLimitation| <RBSProcessPredicate <RBSProcessBundleIdentifierPredicate "com.DefaultCompany.NeonDrift">> allow:(null)>
	]>
2026-06-26 23:00:31.457 Df runningboardd[84520:8d056d] [com.apple.runningboard:general] Found 0 extensions contained in com.DefaultCompany.NeonDrift
2026-06-26 23:00:31.457 Df runningboardd[84520:8d056d] [com.apple.PlugInKit:holds] <PKManager:0x109ca2740> hold request for [/Users/dragonkao/Library/Developer/CoreSimulator/Devices/CC47DE7A-8196-4465-A5A5-BB852C9C6C82/data/Containers/Bundle/Application/7006C881-035A-4050-991F-3B5FF14ADCC8/NeonDrift.app] with flags: 0x4
2026-06-26 23:00:31.458 Df runningboardd[84520:8d056d] [com.apple.PlugInKit:holds] <PKManager:0x109ca2740> hold request for [/Users/dragonkao/Library/Developer/CoreSimulator/Devices/CC47DE7A-8196-4465-A5A5-BB852C9C6C82/data/Containers/Bundle/Application/7006C881-035A-4050-991F-3B5FF14ADCC8/NeonDrift.app] with flags: 0x4 completed with hold token: [CD24BC59-CAC6-4E86-8DF7-F5ED6F6B9D02]
2026-06-26 23:00:31.458 Df runningboardd[84520:8d056d] [com.apple.runningboard:ttl] Acquiring assertion targeting system from originator [osservice<com.apple.installcoordinationd>:84701] with description <RBSAssertionDescriptor| "installcoordinationd app:[com.DefaultCompany.NeonDrift/Invalid/[system-defined]] uuid:F51BF3F0-1BE0-4693-BE15-2023022EF4D8 isPlaceholder:Y" ID:84520-84701-640 target:system attributes:[
	<RBSPreventLaunchLimitation| <RBSProcessPredicate <RBSProcessBundleIdentifierPredicate "com.DefaultCompany.NeonDrift">> allow:(null)>
	]>
2026-06-26 23:00:31.458 Df runningboardd[84520:8d056d] [com.apple.runningboard:process] Executing termination request for: <RBSProcessPredicate <RBSProcessBundleIdentifierPredicate "com.DefaultCompany.NeonDrift">>
2026-06-26 23:00:31.458 Df installcoordinationd[84701:8d1341] [com.apple.installcoordination:daemon] -[IXSCoordinatedAppInstall assertionAcquiredCallback]: RBS termination assertion observer called for <IXSCoordinatedAppInstall<0x101a08000> [P=CoreSimulatorBridge (pid 84547)] identifier:[com.DefaultCompany.NeonDrift/Invalid/[system-defined]] uuid:F51BF3F0-1BE0-4693-BE15-2023022EF4D8 intent:IXCoordinatorIntentUpdating creator/appDRI:InstallCoordination Simple SPI importance:UserWaiting state:IXAppCoordinationStateWaitingForPlaceholderAssertion promise-state:PA2I4>
2026-06-26 23:00:31.458 Df installcoordinationd[84701:8d1341] [com.apple.appinstallation:TransactionLog] com.DefaultCompany.NeonDrift/Unknown Persona:4:9:1:1:Placeholder Promise began. Coordinator State: IXAppCoordinationStateWaitingForPlaceholderAssertion
2026-06-26 23:00:31.458 Df installcoordinationd[84701:8d1341] [com.apple.installcoordination:daemon] -[IXSCoordinatorProgress setTotalUnitsCompleted:]: Progress for coordinator: [com.DefaultCompany.NeonDrift/Invalid/[system-defined]], Phase: IXCoordinatorProgressPhaseLoading, Percentage: 100.000000: Attempt to set units completed on finished progress: 100
2026-06-26 23:00:31.458 Df installcoordinationd[84701:8d1341] [com.apple.appinstallation:TransactionLog] com.DefaultCompany.NeonDrift/Unknown Persona:4:9:2:1:Placeholder Promise completed. Coordinator State: IXAppCoordinationStateWaitingForPlaceholderAssertion
2026-06-26 23:00:31.458 Df SpringBoard[84672:8c6573] [com.apple.SpringBoard:Common] termination assertion acquired for com.DefaultCompany.NeonDrift
2026-06-26 23:00:31.458 Df SpringBoard[84672:8c6573] [com.apple.SpringBoard:Icon] 0x10b1a1500-SBApplicationIcon Data source did change: <SBApplication: 0x10b397200; com.DefaultCompany.NeonDrift> {
} (SBApplication)
2026-06-26 23:00:31.459 Df CoreSimulatorBridge[84547:8d1340] [com.apple.installcoordination:framework] -[IXAppInstallCoordinator _clientDelegate_promiseDidBeginFulfillmentWithIdentifier:]: <IXUpdatingAppInstallCoordinator<0x105491840> identity:[com.DefaultCompany.NeonDrift/Invalid/[system-defined]] uuid:F51BF3F0-1BE0-4693-BE15-2023022EF4D8 creator:InstallCoordination Simple SPI>: Got promise did begin fulfillment for identifier 1
2026-06-26 23:00:31.459 Df CoreSimulatorBridge[84547:8d1340] [com.apple.installcoordination:framework] -[IXAppInstallCoordinator _clientDelegate_promiseDidBeginFulfillmentWithIdentifier:]_block_invoke: <IXUpdatingAppInstallCoordinator<0x105491840> identity:[com.DefaultCompany.NeonDrift/Invalid/[system-defined]] uuid:F51BF3F0-1BE0-4693-BE15-2023022EF4D8 creator:InstallCoordination Simple SPI>: Observer <_IXSimpleInstallerDelegate 0x0x10545bed0> does not respond to coordinator:configuredPromiseDidBeginFulfillment: (or any deprecated equivalent)
2026-06-26 23:00:31.460 Df installcoordinationd[84701:8d1341] [com.apple.installcoordination:daemon] -[IXSCoordinatedAppInstall _onQueue_installPlaceholder]: Acquired termination assertion for placeholder [com.DefaultCompany.NeonDrift/Invalid/[system-defined]]; proceeding with install.
2026-06-26 23:00:31.460 Df installcoordinationd[84701:8d1341] [com.apple.installcoordination:daemon] -[IXSPowerAssertion initWithAssertionName:details:]: Acquired power assertion IXPowerAssertion-12-[com.DefaultCompany.NeonDrift/Invalid/[system-defined]]
2026-06-26 23:00:31.461 Df installd[84713:8c69bb] (MobileSystemServices) 0x16d4f3000 -[MIClientConnection _doInstallationForURL:identity:domain:options:operationType:completion:]: Install of "/Users/dragonkao/Library/Developer/CoreSimulator/Devices/CC47DE7A-8196-4465-A5A5-BB852C9C6C82/data/Containers/Shared/SystemGroup/systemgroup.com.apple.installcoordinationd/Library/InstallCoordination/PromiseStaging/88A9E5EE-CF68-4D48-966E-E289E5185414/NeonDrift.app" type Placeholder (LSInstallType = 1, Domain: MIInstallationDomainDefault) requested by installcoordinationd (pid 84701 (501/20))
2026-06-26 23:00:31.465 Df installd[84713:8c69bb] [com.apple.containermanager:xpc] Query; euid = 501, uid = 501, class = 1, identifier = [com.DefaultCompany.NeonDrift](1), flags = 300000002
2026-06-26 23:00:31.467 Df installd[84713:8c69bb] [com.apple.containermanager:xpc] Query; euid = 501, uid = 501, class = 1, identifier = [com.DefaultCompany.NeonDrift](1), flags = 300000002
2026-06-26 23:00:31.469 Df installd[84713:8c69bb] [com.apple.containermanager:xpc] Query; euid = 501, uid = 501, class = 1, identifier = [com.DefaultCompany.NeonDrift](1), flags = 300000002
2026-06-26 23:00:31.470 Df installd[84713:8c69bb] [com.apple.containermanager:xpc] Query; euid = 501, uid = 501, class = 1, identifier = [com.DefaultCompany.NeonDrift](1), flags = 300000002
2026-06-26 23:00:31.472 Df installd[84713:8c69bb] (MobileSystemServices) 0x16d4f3000 -[MIInstaller _installInstallable:containingSymlink:error:]: Installing <MIInstallableParallelPlaceholder ID=com.DefaultCompany.NeonDrift; Persona=com.apple.containermanager.primary-persona, Version=0, ShortVersion=1.0>
2026-06-26 23:00:31.472 Df installd[84713:8c69bb] [com.apple.appinstallation:TransactionLog] com.DefaultCompany.NeonDrift/com.apple.containermanager.primary-persona:7:2:1:1:Start : Install (Parallel Placeholder)
2026-06-26 23:00:31.473 Df installd[84713:8c69bb] [com.apple.containermanager:query] Query; euid = 501, uid = 501, class = 4, identifier = [com.DefaultCompany.NeonDrift](1), flags = 300000002
2026-06-26 23:00:31.474 Df installd[84713:8c69bb] [com.apple.containermanager:query] Query; euid = 501, uid = 501, class = 4, identifier = [com.DefaultCompany.NeonDrift](1), flags = 300000002
2026-06-26 23:00:31.474 Df installd[84713:8c69bb] (MobileSystemServices) 0x16d4f3000 -[MIInstallableParallelPlaceholder performInstallationWithError:]: Installing parallel placeholder for [com.DefaultCompany.NeonDrift/com.apple.containermanager.primary-persona/[system-defined]]
2026-06-26 23:00:31.477 Df installd[84713:8c69bb] [com.apple.containermanager:query] Query; euid = 501, uid = 501, class = 2, identifier = [com.DefaultCompany.NeonDrift](1), flags = 300000003
2026-06-26 23:00:31.478 Df installd[84713:8c69bb] [com.apple.containermanager:query] Query; euid = 501, uid = 501, class = 2, identifier = [com.DefaultCompany.NeonDrift](1), flags = 300000002
2026-06-26 23:00:31.485 Df containermanagerd[84574:8c612d] [com.apple.containermanager:schema] [u 815BD00E-79CD-4463-AD29-B14C41CCA58C:p 9B933ACF-56A8-42BF-81D8-748DF2CB5827:c com.DefaultCompany.NeonDrift(2):i0] Successfully updated schema from (0) → (1), actions count = 6
2026-06-26 23:00:31.486 Df containermanagerd_system[84560:8c6086] [com.apple.containermanager:schema] [u 222C1F61-72A6-4015-BF3A-1BE2A62C9E44:p 7006C881-035A-4050-991F-3B5FF14ADCC8:c com.DefaultCompany.NeonDrift(1):i0] Successfully updated schema from (0) → (0), actions count = 0
2026-06-26 23:00:31.486 Df installd[84713:8c69bb] [com.apple.containermanager:xpc] Query; euid = 501, uid = 501, class = 1, identifier = [com.DefaultCompany.NeonDrift](1), flags = 300000002
2026-06-26 23:00:31.487 Df installd[84713:8c69bb] [com.apple.containermanager:unspecified] Requesting disk usage; class = 1, identifier = com.DefaultCompany.NeonDrift
2026-06-26 23:00:31.487 Df installd[84713:8c69bb] [com.apple.containermanager:query] Query; euid = 501, uid = 501, class = 7, identifier = [com.DefaultCompany.NeonDrift](1), flags = 300000001
2026-06-26 23:00:31.488 Df SpringBoard[84672:8c6573] [com.apple.SpringBoard:Common] termination assertion released for com.DefaultCompany.NeonDrift
2026-06-26 23:00:31.488 Df SpringBoard[84672:8c6573] [com.apple.SpringBoard:Icon] 0x10b1a1500-SBApplicationIcon Data source did change: <SBApplication: 0x10b397200; com.DefaultCompany.NeonDrift> {
} (SBApplication)
2026-06-26 23:00:31.490 Df installd[84713:8c69bb] (MobileSystemServices) 0x16d4f3000 -[MILaunchServicesOperationManager _onQueue_addPendingLaunchServicesOperation:error:]: Added pending LS operation <MILaunchServicesRegisterOperation: 0D02E961-8534-4F80-9B47-4DB77AC139F0:3 com.DefaultCompany.NeonDrift/MIInstallationDomainSystemShared personas:[com.apple.containermanager.primary-persona]>
2026-06-26 23:00:31.491 Df lsd[84564:8c8434] [com.apple.launchservices:appinstallation] Post installation registration: request to register com.DefaultCompany.NeonDrift, operation 0D02E961-8534-4F80-9B47-4DB77AC139F0, from pid 84713
2026-06-26 23:00:31.491 Df lsd[84564:8c8434] [com.apple.appinstallation:TransactionLog] com.DefaultCompany.NeonDrift/Unknown Persona:5:4:1:1:Registering bundles via registrant - start
2026-06-26 23:00:31.494 Df lsd[84564:8c8434] [com.apple.appinstallation:TransactionLog] com.DefaultCompany.NeonDrift/Unknown Persona:5:5:1:1:Building bundle record for app
2026-06-26 23:00:31.494 Df lsd[84564:8c8434] [com.apple.launchservices:appinstallation] Placeholder detected - Flagging bundle com.DefaultCompany.NeonDrift incomplete
2026-06-26 23:00:31.494 Df lsd[84564:8c8434] [com.apple.appinstallation:TransactionLog] com.DefaultCompany.NeonDrift/Unknown Persona:5:5:2:1:Built bundle record for app
2026-06-26 23:00:31.495 Df lsd[84564:8c8434] [com.apple.appinstallation:TransactionLog] com.DefaultCompany.NeonDrift/Unknown Persona:5:4:2:1:Registered bundle status = success
2026-06-26 23:00:31.496 Df lsd[84564:8c8434] [com.apple.appinstallation:TransactionLog] com.DefaultCompany.NeonDrift/Unknown Persona:5:4:2:1:Finished registering com.DefaultCompany.NeonDrift, bundle unit 4a8
2026-06-26 23:00:31.496 Df lsd[84564:8c8434] [com.apple.launchservices:progress] Sending applicationInstallsDidStart: for (
    "<LSApplicationProxy: 0x105728000> com.DefaultCompany.NeonDrift file:///Users/dragonkao/Library/Developer/CoreSimulator/Devices/CC47DE7A-8196-4465-A5A5-BB852C9C6C82/data/Containers/Bundle/Application/7006C881-035A-4050-991F-3B5FF14ADCC8/com.apple.mobileinstallation.placeholder/ <com.DefaultCompany.NeonDrift <placeholder >:1>"
)
2026-06-26 23:00:31.496 Df installd[84713:8c69bb] (MobileSystemServices) 0x16d4f3000 -[MIJournal purgeJournalEntry:withError:]: Removing journal entry <MIInstallationJournalEntry<0x103ce83c0> [com.DefaultCompany.NeonDrift/com.apple.containermanager.primary-persona/[system-defined]]/MIInstallationDomainSystemShared op:3 phase:JournalPhaseDidRegisterWithLS version:0>
2026-06-26 23:00:31.496 Df lsd[84564:8c8434] [com.apple.launchservices:progress] Created parent progress <NSProgress: com.DefaultCompany.NeonDrift phase=InstallingPlaceholder; state=Waiting; finalPhase=Installing; fractionCompleted=0.000000>
2026-06-26 23:00:31.496 Df installd[84713:8c69bb] [com.apple.appinstallation:TransactionLog] com.DefaultCompany.NeonDrift/com.apple.containermanager.primary-persona:7:2:2:1:Success (End) : Install (Parallel Placeholder)
2026-06-26 23:00:31.496 Df installd[84713:8c69bb] (MobileSystemServices) 0x16d4f3000 -[MIInstaller _logOperationCompletionWithStartTime:distributorID:]: Install successful for (Placeholder:com.DefaultCompany.NeonDrift) [Distributor: (null)]; Staging: 0.00s; Waiting: 0.00s; Preflight/Patch: 0.00s, Verifying: 0.00s; Overall: 0.03s
2026-06-26 23:00:31.497 Df dasd[84543:8d136f] [com.apple.launchservices:appinstallation] LaunchServices observer: InstallsStarted (
    "<LSApplicationProxy: 0x101f64840> com.DefaultCompany.NeonDrift file:///Users/dragonkao/Library/Developer/CoreSimulator/Devices/CC47DE7A-8196-4465-A5A5-BB852C9C6C82/data/Containers/Bundle/Application/7006C881-035A-4050-991F-3B5FF14ADCC8/com.apple.mobileinstallation.placeholder/ <com.DefaultCompany.NeonDrift <placeholder >:1>"
)
2026-06-26 23:00:31.497 Df installcoordinationd[84701:8d1341] [com.apple.installcoordination:daemon] -[IXSPowerAssertion invalidate]: Released power assertion IXPowerAssertion-12-[com.DefaultCompany.NeonDrift/Invalid/[system-defined]]
2026-06-26 23:00:31.498 Df donotdisturbd[84562:8d137f] [com.apple.launchservices:appinstallation] LaunchServices observer: InstallsStarted (
    "<LSApplicationProxy: 0x103ddd5c0> com.DefaultCompany.NeonDrift file:///Users/dragonkao/Library/Developer/CoreSimulator/Devices/CC47DE7A-8196-4465-A5A5-BB852C9C6C82/data/Containers/Bundle/Application/7006C881-035A-4050-991F-3B5FF14ADCC8/com.apple.mobileinstallation.placeholder/ <com.DefaultCompany.NeonDrift <placeholder >:1>"
)
2026-06-26 23:00:31.498 Df gamed[84657:8c64f9] [com.apple.launchservices:appinstallation] LaunchServices observer: InstallsStarted (
    "<LSApplicationProxy: 0x103bc0180> com.DefaultCompany.NeonDrift file:///Users/dragonkao/Library/Developer/CoreSimulator/Devices/CC47DE7A-8196-4465-A5A5-BB852C9C6C82/data/Containers/Bundle/Application/7006C881-035A-4050-991F-3B5FF14ADCC8/com.apple.mobileinstallation.placeholder/ <com.DefaultCompany.NeonDrift <placeholder >:1>"
)
2026-06-26 23:00:31.498 Df deviceaccessd[84594:8d1383] [com.apple.launchservices:appinstallation] LaunchServices observer: InstallsStarted (
    "<LSApplicationProxy: 0x106174000> com.DefaultCompany.NeonDrift file:///Users/dragonkao/Library/Developer/CoreSimulator/Devices/CC47DE7A-8196-4465-A5A5-BB852C9C6C82/data/Containers/Bundle/Application/7006C881-035A-4050-991F-3B5FF14ADCC8/com.apple.mobileinstallation.placeholder/ <com.DefaultCompany.NeonDrift <placeholder >:1>"
)
2026-06-26 23:00:31.498 Df activitysharingd[85405:8c7aed] [com.apple.launchservices:appinstallation] LaunchServices observer: InstallsStarted (
    "<LSApplicationProxy: 0x1061c4e40> com.DefaultCompany.NeonDrift file:///Users/dragonkao/Library/Developer/CoreSimulator/Devices/CC47DE7A-8196-4465-A5A5-BB852C9C6C82/data/Containers/Bundle/Application/7006C881-035A-4050-991F-3B5FF14ADCC8/com.apple.mobileinstallation.placeholder/ <com.DefaultCompany.NeonDrift <placeholder >:1>"
)
