    "com.apple.AMSUIAuthenticationViewService",
    "com.apple.WorkoutRemoteViewService",
    "com.apple.donotdisturb",
    "com.apple.HearingApp",
    "com.apple.mobiletimer",
    "com.apple.sh] Returning Notification Sources For BundleIdentifiers <decode: missing data>
2026-06-26 23:51:01.895 Df SpringBoard[33981:90d4be] [com.apple.PosterLegibilityKit:Caching] -[PLKCachedImageGenerator(SpringBoardHome Legibility Label Content Generator0x1265b0540) removeImagesForCacheKeys:NeonDrift.run.1782485248.76636@@zh_TW_1368232380023648501_12014554394295850968__sz119.0x46.0B23CV11@@]
2026-06-26 23:51:03.037 Df CoreSimulatorBridge[33858:90ceff] Request received for installation of file:///Users/dragonkao/.openclaw/workspace/382b9e3384298039b171c9b2a60ae644/NeonDrift_MVP/project/xcode_derived_data/Build/Products/Release-iphonesimulator/NeonDrift.app/ with options: {
    PackageType = Developer;
    SimulatorRootPath = "/Library/Developer/CoreSimulator/Volumes/iOS_23E254a/Library/Developer/CoreSimulator/Profiles/Runtimes/iOS 26.4.simruntime/Contents/Resources/RuntimeRoot";
    SimulatorUserPath = "/Users/dragonkao/Library/Developer/CoreSimulator/Devices/CC47DE7A-8196-4465-A5A5-BB852C9C6C82/data";
}
2026-06-26 23:51:03.037 Df CoreSimulatorBridge[33858:90ceff] [com.apple.installcoordination:framework] +[IXAppInstallCoordinator(IXSimpleInstaller) _beginInstallForURL:forPersonaUniqueString:consumeSource:options:progressBlock:completionWithIdentity:]: Beginning install for /Users/dragonkao/.openclaw/workspace/382b9e3384298039b171c9b2a60ae644/NeonDrift_MVP/project/xcode_derived_data/Build/Products/Release-iphonesimulator/NeonDrift.app consuming source:N options:{
    IsUserInitiated = 1;
    PackageType = Developer;
} installationRequestorAuditToken: NULL
2026-06-26 23:51:03.043 Df installcoordinationd[34084:90d59e] [com.apple.installcoordination:daemon] -[IXSDataPromiseManager registerPromise:]: Registered promise <IXSPlaceholder(0x104124500) Name:App Placeholder: NeonDrift (com.DefaultCompany.NeonDrift) Creator:InstallCoordination Simple SPI UUID:8ABB3381-1263-4C22-AEE9-CC7083DFDD58 Location:[system-defined]> for UUID 8ABB3381-1263-4C22-AEE9-CC7083DFDD58
2026-06-26 23:51:03.044 Df installcoordinationd[34084:90d59e] [com.apple.installcoordination:daemon] -[IXSPlaceholder setAttributes:]: <IXSPlaceholder(0x104124500) Name:App Placeholder: NeonDrift (com.DefaultCompany.NeonDrift) Creator:InstallCoordination Simple SPI UUID:8ABB3381-1263-4C22-AEE9-CC7083DFDD58 Location:[system-defined]>: setting placeholder attributes to <IXPlaceholderAttributes<0x1040c8a00> : {
    CFBundleShortVersionString = "1.0";
    CFBundleSupportedPlatforms =     (
        iPhoneSimulator
    );
    CFBundleVersion = 0;
    DTPlatformName = iphonesimulator;
    LSRequiresIPhoneOS = 1;
    MinimumOSVersion = "13.0";
    UIDeviceFamily =     (
        1,
        2
    );
    UIRequiredDeviceCapabilities =     {
        arm64 = 1;
        metal = 1;
    };
}>
2026-06-26 23:51:03.045 Df CoreSimulatorBridge[33858:90cdef] [com.apple.installcoordination:framework] +[IXPlaceholder _setEntitlementsFromBundleExecutableURL:withBundleID:client:onPlaceholder:location:error:]: Executable for com.DefaultCompany.NeonDrift at NeonDrift -- file:///Users/dragonkao/.openclaw/workspace/382b9e3384298039b171c9b2a60ae644/NeonDrift_MVP/project/xcode_derived_data/Build/Products/Release-iphonesimulator/NeonDrift.app/ had no entitlements
2026-06-26 23:51:03.045 Df CoreSimulatorBridge[33858:90cdef] [com.apple.installcoordination:framework] +[IXPlaceholder _placeholderForBundle:client:withParent:installType:metadata:placeholderType:mayBeDeltaPackage:isFromSerializedPlaceholder:location:error:]: Using full fidelity icons for com.DefaultCompany.NeonDrift at /Users/dragonkao/.openclaw/workspace/382b9e3384298039b171c9b2a60ae644/NeonDrift_MVP/project/xcode_derived_data/Build/Products/Release-iphonesimulator/NeonDrift.app
2026-06-26 23:51:03.046 Df installcoordinationd[34084:90d59e] [com.apple.installcoordination:daemon] -[IXSDataPromiseManager registerPromise:]: Registered promise <IXSPromisedTransferToPath(0x1040f9100) Name:Icon resources for com.DefaultCompany.NeonDrift Creator:InstallCoordination Simple SPI UUID:504864AB-06E4-4C59-9433-8D0EEBAE407D Location:[system-defined]> for UUID 504864AB-06E4-4C59-9433-8D0EEBAE407D
2026-06-26 23:51:03.050 Df CoreSimulatorBridge[33858:90cdef] [com.apple.installcoordination:framework] -[IXPromisedTransferToPath setComplete:]: <IXPromisedTransferToPath<0x105891200> name:"Icon resources for com.DefaultCompany.NeonDrift" uuid:504864AB-06E4-4C59-9433-8D0EEBAE407D creator:"InstallCoordination Simple SPI" location:[system-defined]> Move operation from /Users/dragonkao/Library/Developer/CoreSimulator/Devices/CC47DE7A-8196-4465-A5A5-BB852C9C6C82/data/Containers/Shared/SystemGroup/systemgroup.com.apple.installcoordinationd/Library/InstallCoordination/PromiseStaging/504864AB-06E4-4C59-9433-8D0EEBAE407D/temp.co4ZCE to /Users/dragonkao/Library/Developer/CoreSimulator/Devices/CC47DE7A-8196-4465-A5A5-BB852C9C6C82/data/Containers/Shared/SystemGroup/systemgroup.com.apple.installcoordinationd/Library/InstallCoordination/PromiseStaging/504864AB-06E4-4C59-9433-8D0EEBAE407D/temp.co4ZCE took 0.000482 seconds
2026-06-26 23:51:03.051 Df installcoordinationd[34084:90d62e] [com.apple.installcoordination:daemon] -[IXSDataPromise _setPercentComplete:saveStateIfNeeded:]: Progress: <IXSPromisedTransferToPath(0x1040f9100) Name:Icon resources for com.DefaultCompany.NeonDrift Creator:InstallCoordination Simple SPI UUID:504864AB-06E4-4C59-9433-8D0EEBAE407D Location:[system-defined]>
2026-06-26 23:51:03.052 Df installcoordinationd[34084:90d59e] [com.apple.installcoordination:daemon] -[IXSDataPromiseManager promiseDidBegin:]: Unowned promise began: <IXSPromisedTransferToPath(0x1040f9100) Name:Icon resources for com.DefaultCompany.NeonDrift Creator:InstallCoordination Simple SPI UUID:504864AB-06E4-4C59-9433-8D0EEBAE407D Location:[system-defined]>
2026-06-26 23:51:03.052 Df installcoordinationd[34084:90d59e] [com.apple.installcoordination:daemon] -[IXSDataPromiseManager promise:didUpdateProgress:]: Unowned promise update progress to 1.000000 : <IXSPromisedTransferToPath(0x1040f9100) Name:Icon resources for com.DefaultCompany.NeonDrift Creator:InstallCoordination Simple SPI UUID:504864AB-06E4-4C59-9433-8D0EEBAE407D Location:[system-defined]>
2026-06-26 23:51:03.052 Df installcoordinationd[34084:90d62e] [com.apple.installcoordination:daemon] -[IXSDataPromiseManager promiseDidComplete:]: Unowned promise completed: <IXSPromisedTransferToPath(0x1040f9100) Name:Icon resources for com.DefaultCompany.NeonDrift Creator:InstallCoordination Simple SPI UUID:504864AB-06E4-4C59-9433-8D0EEBAE407D Location:[system-defined]>
2026-06-26 23:51:03.053 Df installcoordinationd[34084:90d59e] [com.apple.installcoordination:daemon] -[IXSDataPromise _setPercentComplete:saveStateIfNeeded:]: Progress: <IXSPromisedInMemoryDictionary(0x1040f9280) Name:Info.plist icon content for com.DefaultCompany.NeonDrift Creator:InstallCoordination Simple SPI UUID:0472611F-751C-496E-AD76-BD012377BDEA Location:[system-defined]>
2026-06-26 23:51:03.054 Df installcoordinationd[34084:90d59e] [com.apple.installcoordination:daemon] -[IXSDataPromiseManager registerPromise:]: Registered promise <IXSPromisedInMemoryDictionary(0x1040f9280) Name:Info.plist icon content for com.DefaultCompany.NeonDrift Creator:InstallCoordination Simple SPI UUID:0472611F-751C-496E-AD76-BD012377BDEA Location:[system-defined]> for UUID 0472611F-751C-496E-AD76-BD012377BDEA
2026-06-26 23:51:03.054 Df installcoordinationd[34084:90d63f] [com.apple.installcoordination:daemon] -[IXSDataPromiseManager promiseDidBegin:]: Unowned promise began: <IXSPromisedInMemoryDictionary(0x1040f9280) Name:Info.plist icon content for com.DefaultCompany.NeonDrift Creator:InstallCoordination Simple SPI UUID:0472611F-751C-496E-AD76-BD012377BDEA Location:[system-defined]>
2026-06-26 23:51:03.054 Df installcoordinationd[34084:90d63f] [com.apple.installcoordination:daemon] -[IXSDataPromiseManager promise:didUpdateProgress:]: Unowned promise update progress to 1.000000 : <IXSPromisedInMemoryDictionary(0x1040f9280) Name:Info.plist icon content for com.DefaultCompany.NeonDrift Creator:InstallCoordination Simple SPI UUID:0472611F-751C-496E-AD76-BD012377BDEA Location:[system-defined]>
2026-06-26 23:51:03.054 Df installcoordinationd[34084:90d63f] [com.apple.installcoordination:daemon] -[IXSDataPromiseManager promiseDidComplete:]: Unowned promise completed: <IXSPromisedInMemoryDictionary(0x1040f9280) Name:Info.plist icon content for com.DefaultCompany.NeonDrift Creator:InstallCoordination Simple SPI UUID:0472611F-751C-496E-AD76-BD012377BDEA Location:[system-defined]>
2026-06-26 23:51:03.055 Df installcoordinationd[34084:90d59e] [com.apple.installcoordination:daemon] -[IXSPlaceholder setIconResourcesPromise:]: <IXSPlaceholder(0x104124500) Name:App Placeholder: NeonDrift (com.DefaultCompany.NeonDrift) Creator:InstallCoordination Simple SPI UUID:8ABB3381-1263-4C22-AEE9-CC7083DFDD58 Location:[system-defined]>: setting icon resources promise to <IXSPromisedTransferToPath(0x1040f9100) Name:Icon resources for com.DefaultCompany.NeonDrift Creator:InstallCoordination Simple SPI UUID:504864AB-06E4-4C59-9433-8D0EEBAE407D Location:[system-defined]>
2026-06-26 23:51:03.055 Df installcoordinationd[34084:90d59e] [com.apple.installcoordination:daemon] -[IXSPlaceholder setInfoPlistIconContentPromise:]: <IXSPlaceholder(0x104124500) Name:App Placeholder: NeonDrift (com.DefaultCompany.NeonDrift) Creator:InstallCoordination Simple SPI UUID:8ABB3381-1263-4C22-AEE9-CC7083DFDD58 Location:[system-defined]>: setting Info.plist icon content promise to <IXSPromisedInMemoryDictionary(0x1040f9280) Name:Info.plist icon content for com.DefaultCompany.NeonDrift Creator:InstallCoordination Simple SPI UUID:0472611F-751C-496E-AD76-BD012377BDEA Location:[system-defined]>
2026-06-26 23:51:03.056 Df installcoordinationd[34084:90d59e] [com.apple.installcoordination:daemon] -[IXSDataPromiseManager promiseDidBegin:]: Unowned promise began: <IXSPlaceholder(0x104124500) Name:App Placeholder: NeonDrift (com.DefaultCompany.NeonDrift) Creator:InstallCoordination Simple SPI UUID:8ABB3381-1263-4C22-AEE9-CC7083DFDD58 Location:[system-defined]>
2026-06-26 23:51:03.056 Df installcoordinationd[34084:90d59e] [com.apple.installcoordination:daemon] -[IXSDataPromiseManager promise:didUpdateProgress:]: Unowned promise update progress to 0.000000 : <IXSPlaceholder(0x104124500) Name:App Placeholder: NeonDrift (com.DefaultCompany.NeonDrift) Creator:InstallCoordination Simple SPI UUID:8ABB3381-1263-4C22-AEE9-CC7083DFDD58 Location:[system-defined]>
2026-06-26 23:51:03.056 Df installcoordinationd[34084:90d59e] [com.apple.installcoordination:daemon] -[IXSDataPromiseManager promise:didUpdateProgress:]: Unowned promise update progress to 0.000000 : <IXSPlaceholder(0x104124500) Name:App Placeholder: NeonDrift (com.DefaultCompany.NeonDrift) Creator:InstallCoordination Simple SPI UUID:8ABB3381-1263-4C22-AEE9-CC7083DFDD58 Location:[system-defined]>
2026-06-26 23:51:03.059 Df installcoordinationd[34084:90d62e] [com.apple.installcoordination:daemon] -[IXSDataPromise _setPercentComplete:saveStateIfNeeded:]: Progress: <IXSPromisedInMemoryDictionary(0x1040f9400) Name:Localizations for com.DefaultCompany.NeonDrift Creator:InstallCoordination Simple SPI UUID:D02390B6-A36F-4FAB-91FE-D0CB1A4CEC74 Location:[system-defined]>
2026-06-26 23:51:03.060 Df installcoordinationd[34084:90d62e] [com.apple.installcoordination:daemon] -[IXSDataPromiseManager registerPromise:]: Registered promise <IXSPromisedInMemoryDictionary(0x1040f9400) Name:Localizations for com.DefaultCompany.NeonDrift Creator:InstallCoordination Simple SPI UUID:D02390B6-A36F-4FAB-91FE-D0CB1A4CEC74 Location:[system-defined]> for UUID D02390B6-A36F-4FAB-91FE-D0CB1A4CEC74
2026-06-26 23:51:03.061 Df installcoordinationd[34084:90d59e] [com.apple.installcoordination:daemon] -[IXSDataPromiseManager promiseDidBegin:]: Unowned promise began: <IXSPromisedInMemoryDictionary(0x1040f9400) Name:Localizations for com.DefaultCompany.NeonDrift Creator:InstallCoordination Simple SPI UUID:D02390B6-A36F-4FAB-91FE-D0CB1A4CEC74 Location:[system-defined]>
2026-06-26 23:51:03.061 Df installcoordinationd[34084:90d59e] [com.apple.installcoordination:daemon] -[IXSDataPromiseManager promise:didUpdateProgress:]: Unowned promise update progress to 1.000000 : <IXSPromisedInMemoryDictionary(0x1040f9400) Name:Localizations for com.DefaultCompany.NeonDrift Creator:InstallCoordination Simple SPI UUID:D02390B6-A36F-4FAB-91FE-D0CB1A4CEC74 Location:[system-defined]>
2026-06-26 23:51:03.061 Df installcoordinationd[34084:90d59e] [com.apple.installcoordination:daemon] -[IXSDataPromiseManager promiseDidComplete:]: Unowned promise completed: <IXSPromisedInMemoryDictionary(0x1040f9400) Name:Localizations for com.DefaultCompany.NeonDrift Creator:InstallCoordination Simple SPI UUID:D02390B6-A36F-4FAB-91FE-D0CB1A4CEC74 Location:[system-defined]>
2026-06-26 23:51:03.062 Df installcoordinationd[34084:90d63f] [com.apple.installcoordination:daemon] -[IXSPlaceholder setLocalizationDictionaryPromise:]: <IXSPlaceholder(0x104124500) Name:App Placeholder: NeonDrift (com.DefaultCompany.NeonDrift) Creator:InstallCoordination Simple SPI UUID:8ABB3381-1263-4C22-AEE9-CC7083DFDD58 Location:[system-defined]>: setting localization dict promise to <IXSPromisedInMemoryDictionary(0x1040f9400) Name:Localizations for com.DefaultCompany.NeonDrift Creator:InstallCoordination Simple SPI UUID:D02390B6-A36F-4FAB-91FE-D0CB1A4CEC74 Location:[system-defined]>
2026-06-26 23:51:03.063 Df installcoordinationd[34084:90d63f] [com.apple.installcoordination:daemon] -[IXSDataPromiseManager promise:didUpdateProgress:]: Unowned promise update progress to 0.000000 : <IXSPlaceholder(0x104124500) Name:App Placeholder: NeonDrift (com.DefaultCompany.NeonDrift) Creator:InstallCoordination Simple SPI UUID:8ABB3381-1263-4C22-AEE9-CC7083DFDD58 Location:[system-defined]>
2026-06-26 23:51:03.063 Df installcoordinationd[34084:90d62e] [com.apple.installcoordination:daemon] -[IXSPlaceholder setConfigurationComplete:]: <IXSPlaceholder(0x104124500) Name:App Placeholder: NeonDrift (com.DefaultCompany.NeonDrift) Creator:InstallCoordination Simple SPI UUID:8ABB3381-1263-4C22-AEE9-CC7083DFDD58 Location:[system-defined]>: setting configuration complete to Y
2026-06-26 23:51:03.064 Df installcoordinationd[34084:90d62e] [com.apple.installcoordination:daemon] -[IXSPlaceholder _materialize]: <IXSPlaceholder(0x104124500) Name:App Placeholder: NeonDrift (com.DefaultCompany.NeonDrift) Creator:InstallCoordination Simple SPI UUID:8ABB3381-1263-4C22-AEE9-CC7083DFDD58 Location:[system-defined]>: Materializing placeholder at /Users/dragonkao/Library/Developer/CoreSimulator/Devices/CC47DE7A-8196-4465-A5A5-BB852C9C6C82/data/Containers/Shared/SystemGroup/systemgroup.com.apple.installcoordinationd/Library/InstallCoordination/PromiseStaging/8ABB3381-1263-4C22-AEE9-CC7083DFDD58/NeonDrift.app
2026-06-26 23:51:03.064 Df installcoordinationd[34084:90d62e] [com.apple.installcoordination:daemon] -[IXSPlaceholder _materialize]: <IXSPlaceholder(0x104124500) Name:App Placeholder: NeonDrift (com.DefaultCompany.NeonDrift) Creator:InstallCoordination Simple SPI UUID:8ABB3381-1263-4C22-AEE9-CC7083DFDD58 Location:[system-defined]>: Using Info.plist icon content: {
    CFBundleIcons =     {
        CFBundlePrimaryIcon =         {
            CFBundleIconName = AppIcon;
        };
    };
    "CFBundleIcons~ipad" =     {
        CFBundlePrimaryIcon =         {
            CFBundleIconName = AppIcon;
        };
    };
    ISIconPlatform = iPhoneOS;
}
2026-06-26 23:51:03.065 Df installcoordinationd[34084:90d62e] [com.apple.installcoordination:daemon] -[IXSPlaceholder _materialize]_block_invoke: <IXSPlaceholder(0x104124500) Name:App Placeholder: NeonDrift (com.DefaultCompany.NeonDrift) Creator:InstallCoordination Simple SPI UUID:8ABB3381-1263-4C22-AEE9-CC7083DFDD58 Location:[system-defined]>: Using icon resource Assets.car
2026-06-26 23:51:03.065 Df installcoordinationd[34084:90d62e] [com.apple.installcoordination:daemon] -[IXSPlaceholder _materialize]: <IXSPlaceholder(0x104124500) Name:App Placeholder: NeonDrift (com.DefaultCompany.NeonDrift) Creator:InstallCoordination Simple SPI UUID:8ABB3381-1263-4C22-AEE9-CC7083DFDD58 Location:[system-defined]>: Including lproj localizations for (
)
2026-06-26 23:51:03.065 Df installcoordinationd[34084:90d63f] [com.apple.installcoordination:daemon] -[IXSDataPromiseManager promiseDidComplete:]: Unowned promise completed: <IXSPlaceholder(0x104124500) Name:App Placeholder: NeonDrift (com.DefaultCompany.NeonDrift) Creator:InstallCoordination Simple SPI UUID:8ABB3381-1263-4C22-AEE9-CC7083DFDD58 Location:[system-defined]>
2026-06-26 23:51:03.068 Df installcoordinationd[34084:90d62e] [com.apple.installcoordination:daemon] -[IXSDataPromiseManager registerPromise:]: Registered promise <IXSPromisedTransferToPath(0x1040f9580) Name:App Asset: com.DefaultCompany.NeonDrift Creator:InstallCoordination Simple SPI UUID:3719D551-81D7-4CC9-8891-262461C486A9 Location:[system-defined]> for UUID 3719D551-81D7-4CC9-8891-262461C486A9
2026-06-26 23:51:03.076 Df installcoordinationd[34084:90d63f] [com.apple.installcoordination:daemon] -[IXSCoordinatorManager coordinatorForIdentity:connection:error:creatingIfNotExisting:]_block_invoke: Registered coordinator: <IXSCoordinatedAppInstall<0x10420c000> [P=CoreSimulatorBridge (pid 33858)] identifier:[com.DefaultCompany.NeonDrift/Invalid/[system-defined]] uuid:B3E361C1-04CF-445C-B06E-7A28971C6A67 intent:IXCoordinatorIntentUpdating creator/appDRI:InstallCoordination Simple SPI importance:Background state:IXAppCoordinationStatePlaceholderPromiseNotSet promise-state:01234>
2026-06-26 23:51:03.076 Df installcoordinationd[34084:90d63f] [com.apple.appinstallation:TransactionLog] com.DefaultCompany.NeonDrift/Unknown Persona:4:2:1:1:Created coordinator with intent IXCoordinatorIntentUpdating for client InstallCoordination Simple SPI
2026-06-26 23:51:03.077 Df installcoordinationd[34084:90d63f] [com.apple.installcoordination:daemon] -[IXSCoordinatedAppInstall setPriorityBoostCompletion:withSourceInfo:]: <IXSCoordinatedAppInstall<0x10420c000> [P=CoreSimulatorBridge (pid 33858)] identifier:[com.DefaultCompany.NeonDrift/Invalid/[system-defined]] uuid:B3E361C1-04CF-445C-B06E-7A28971C6A67 intent:IXCoordinatorIntentUpdating creator/appDRI:InstallCoordination Simple SPI importance:Background state:IXAppCoordinationStatePlaceholderPromiseNotSet promise-state:01234>: Retaining completion from CoreSimulatorBridge (33858), QOS_CLASS_DEFAULT (0x15)
2026-06-26 23:51:03.077 Df installcoordinationd[34084:90d63f] [com.apple.installcoordination:daemon] -[IXSCoordinatedAppInstall setImportance:]: <IXSCoordinatedAppInstall<0x10420c000> [P=CoreSimulatorBridge (pid 33858)] identifier:[com.DefaultCompany.NeonDrift/Invalid/[system-defined]] uuid:B3E361C1-04CF-445C-B06E-7A28971C6A67 intent:IXCoordinatorIntentUpdating creator/appDRI:InstallCoordination Simple SPI importance:UserWaiting state:IXAppCoordinationStatePlaceholderPromiseNotSet promise-state:01234>: set importance to UserWaiting
2026-06-26 23:51:03.078 Df installcoordinationd[34084:90d63f] [com.apple.installcoordination:daemon] -[IXSCoordinatedAppInstall setPriorityBoostCompletion:withSourceInfo:]: <IXSCoordinatedAppInstall<0x10420c000> [P=CoreSimulatorBridge (pid 33858)] identifier:[com.DefaultCompany.NeonDrift/Invalid/[system-defined]] uuid:B3E361C1-04CF-445C-B06E-7A28971C6A67 intent:IXCoordinatorIntentUpdating creator/appDRI:InstallCoordination Simple SPI importance:UserWaiting state:IXAppCoordinationStatePlaceholderPromiseNotSet promise-state:01234>: Disposing of completion from CoreSimulatorBridge (33858), QOS_CLASS_DEFAULT (0x15)
2026-06-26 23:51:03.078 Df installcoordinationd[34084:90d63f] [com.apple.installcoordination:daemon] -[IXSCoordinatedAppInstall setPriorityBoostCompletion:withSourceInfo:]: <IXSCoordinatedAppInstall<0x10420c000> [P=CoreSimulatorBridge (pid 33858)] identifier:[com.DefaultCompany.NeonDrift/Invalid/[system-defined]] uuid:B3E361C1-04CF-445C-B06E-7A28971C6A67 intent:IXCoordinatorIntentUpdating creator/appDRI:InstallCoordination Simple SPI importance:UserWaiting state:IXAppCoordinationStatePlaceholderPromiseNotSet promise-state:01234>: Retaining completion from CoreSimulatorBridge (33858), QOS_CLASS_DEFAULT (0x15)
2026-06-26 23:51:03.080 Df installcoordinationd[34084:90d63f] [com.apple.installcoordination:daemon] -[IXSCoordinatedAppInstall _onQueue_fireObserversForClient:]: <IXSCoordinatedAppInstall<0x10420c000> [P=CoreSimulatorBridge (pid 33858)] identifier:[com.DefaultCompany.NeonDrift/Invalid/[system-defined]] uuid:B3E361C1-04CF-445C-B06E-7A28971C6A67 intent:IXCoordinatorIntentUpdating creator/appDRI:InstallCoordination Simple SPI importance:UserWaiting state:IXAppCoordinationStatePlaceholderPromiseNotSet promise-state:01234>: Firing applicable observers for client <IXSClientConnection<0x104058ba0> client:CoreSimulatorBridge (pid 33858) uuid:D5C11B85-03E7-498C-80E2-78C0D8B43B4A>
2026-06-26 23:51:03.081 Df installcoordinationd[34084:90d645] [com.apple.installcoordination:daemon] -[IXSCoordinatedAppInstall _internal_setInstallOptionsPromise:performExternalActions:]: <IXSCoordinatedAppInstall<0x10420c000> [P=CoreSimulatorBridge (pid 33858)] identifier:[com.DefaultCompany.NeonDrift/Invalid/[system-defined]] uuid:B3E361C1-04CF-445C-B06E-7A28971C6A67 intent:IXCoordinatorIntentUpdating creator/appDRI:InstallCoordination Simple SPI importance:UserWaiting state:IXAppCoordinationStatePlaceholderPromiseNotSet promise-state:012I4> : install options set: <IXSPromisedInMemoryData(0x1040f9a00) Name:MIInstallOptions data Creator:Install Coordination Internal UUID:577B7CAD-AC85-4351-9E7B-D3C4EFE243A2 Location:[system-defined]>
2026-06-26 23:51:03.081 Df installcoordinationd[34084:90d63f] [com.apple.installcoordination:daemon] -[IXSCoordinatedAppInstall promiseDidComplete:]: <IXSCoordinatedAppInstall<0x10420c000> [P=CoreSimulatorBridge (pid 33858)] identifier:[com.DefaultCompany.NeonDrift/Invalid/[system-defined]] uuid:B3E361C1-04CF-445C-B06E-7A28971C6A67 intent:IXCoordinatorIntentUpdating creator/appDRI:InstallCoordination Simple SPI importance:UserWaiting state:IXAppCoordinationStatePlaceholderPromiseNotSet promise-state:012I4> : Promise completed: <IXSPromisedInMemoryData(0x1040f9a00) Name:MIInstallOptions data Creator:Install Coordination Internal UUID:577B7CAD-AC85-4351-9E7B-D3C4EFE243A2 Location:[system-defined]>
2026-06-26 23:51:03.081 Df installcoordinationd[34084:90d63f] [com.apple.appinstallation:TransactionLog] com.DefaultCompany.NeonDrift/Unknown Persona:4:13:1:1:Install Options Promise began. Coordinator State: IXAppCoordinationStatePlaceholderPromiseNotSet
2026-06-26 23:51:03.081 Df CoreSimulatorBridge[33858:90cdea] [com.apple.installcoordination:framework] -[IXAppInstallCoordinator _clientDelegate_didRegisterForObservation]: <IXUpdatingAppInstallCoordinator<0x105890dc0> identity:[com.DefaultCompany.NeonDrift/Invalid/[system-defined]] uuid:B3E361C1-04CF-445C-B06E-7A28971C6A67 creator:InstallCoordination Simple SPI>: Got observer registration delegate
2026-06-26 23:51:03.081 Df installcoordinationd[34084:90d63f] [com.apple.appinstallation:TransactionLog] com.DefaultCompany.NeonDrift/Unknown Persona:4:13:2:1:Install Options Promise completed. Coordinator State: IXAppCoordinationStatePlaceholderPromiseNotSet
2026-06-26 23:51:03.081 Df CoreSimulatorBridge[33858:90cdea] [com.apple.installcoordination:framework] -[IXAppInstallCoordinator _clientDelegate_shouldResume]: <IXUpdatingAppInstallCoordinator<0x105890dc0> identity:[com.DefaultCompany.NeonDrift/Invalid/[system-defined]] uuid:B3E361C1-04CF-445C-B06E-7A28971C6A67 creator:InstallCoordination Simple SPI>: Got should resume delegate
2026-06-26 23:51:03.081 Df CoreSimulatorBridge[33858:90cdea] [com.apple.installcoordination:framework] -[IXAppInstallCoordinator _clientDelegate_didRegisterForObservation]_block_invoke: <IXUpdatingAppInstallCoordinator<0x105890dc0> identity:[com.DefaultCompany.NeonDrift/Invalid/[system-defined]] uuid:B3E361C1-04CF-445C-B06E-7A28971C6A67 creator:InstallCoordination Simple SPI>: Observer <_IXSimpleInstallerDelegate 0x0x1058599b0> does not respond to coordinatorDidRegisterForObservation:
2026-06-26 23:51:03.081 Df CoreSimulatorBridge[33858:90cdea] [com.apple.installcoordination:framework] -[IXAppInstallCoordinator _clientDelegate_shouldResume]_block_invoke: <IXUpdatingAppInstallCoordinator<0x105890dc0> identity:[com.DefaultCompany.NeonDrift/Invalid/[system-defined]] uuid:B3E361C1-04CF-445C-B06E-7A28971C6A67 creator:InstallCoordination Simple SPI>: Observer <_IXSimpleInstallerDelegate 0x0x1058599b0> does not respond to coordinatorShouldResume:
2026-06-26 23:51:03.081 Df installcoordinationd[34084:90d59e] [com.apple.installcoordination:daemon] -[IXSCoordinatedAppInstall _internal_setAppAssetPromise:performExternalActions:]: <IXSCoordinatedAppInstall<0x10420c000> [P=CoreSimulatorBridge (pid 33858)] identifier:[com.DefaultCompany.NeonDrift/Invalid/[system-defined]] uuid:B3E361C1-04CF-445C-B06E-7A28971C6A67 intent:IXCoordinatorIntentUpdating creator/appDRI:InstallCoordination Simple SPI importance:UserWaiting state:IXAppCoordinationStatePlaceholderPromiseNotSet promise-state:0a2I4> : App Asset Promise set: <IXSPromisedTransferToPath(0x1040f9580) Name:App Asset: com.DefaultCompany.NeonDrift Creator:InstallCoordination Simple SPI UUID:3719D551-81D7-4CC9-8891-262461C486A9 Location:[system-defined]>
2026-06-26 23:51:03.082 Df installcoordinationd[34084:90d59e] [com.apple.installcoordination:daemon] -[IXSCoordinatedAppInstall setInitialODRAssetPromises:]: <IXSCoordinatedAppInstall<0x10420c000> [P=CoreSimulatorBridge (pid 33858)] identifier:[com.DefaultCompany.NeonDrift/Invalid/[system-defined]] uuid:B3E361C1-04CF-445C-B06E-7A28971C6A67 intent:IXCoordinatorIntentUpdating creator/appDRI:InstallCoordination Simple SPI importance:UserWaiting state:IXAppCoordinationStatePlaceholderPromiseNotSet promise-state:0a2I4> : Initial ODR Asset Promises set: (
)
2026-06-26 23:51:03.083 Df CoreSimulatorBridge[33858:90cdef] [com.apple.installcoordination:framework] -[IXPromisedTransferToPath _performDeltaCopyFrom:toDestination:]: Performing delta copy from /Users/dragonkao/.openclaw/workspace/382b9e3384298039b171c9b2a60ae644/NeonDrift_MVP/project/xcode_derived_data/Build/Products/Release-iphonesimulator/NeonDrift.app to /Users/dragonkao/Library/Developer/CoreSimulator/Devices/CC47DE7A-8196-4465-A5A5-BB852C9C6C82/data/Containers/Shared/SystemGroup/systemgroup.com.apple.installcoordinationd/Library/InstallCoordination/PromiseStaging/3719D551-81D7-4CC9-8891-262461C486A9/NeonDrift.app with installed bundle at /Users/dragonkao/Library/Developer/CoreSimulator/Devices/CC47DE7A-8196-4465-A5A5-BB852C9C6C82/data/Containers/Bundle/Application/CE5AB9D2-09FE-41CE-AABB-3408AD782981/NeonDrift.app
2026-06-26 23:51:03.084 Df CoreSimulatorBridge[33858:90cdef] (MobileSystemServices) 0x16b99b000 MDMCreateDeltaDirectory: calling MDMDirectoryDiff with:
state->old_bundle: /Users/dragonkao/Library/Developer/CoreSimulator/Devices/CC47DE7A-8196-4465-A5A5-BB852C9C6C82/data/Containers/Bundle/Application/CE5AB9D2-09FE-41CE-AABB-3408AD782981/NeonDrift.app
state->new_bundle: /Users/dragonkao/.openclaw/workspace/382b9e3384298039b171c9b2a60ae644/NeonDrift_MVP/project/xcode_derived_data/Build/Products/Release-iphonesimulator/NeonDrift.app
state->dst_bundle: /Users/dragonkao/Library/Developer/CoreSimulator/Devices/CC47DE7A-8196-4465-A5A5-BB852C9C6C82/data/Containers/Shared/SystemGroup/systemgroup.com.apple.installcoordinationd/Library/InstallCoordination/PromiseStaging/3719D551-81D7-4CC9-8891-262461C486A9/NeonDrift.app/Payload//NeonDrift.app, binaryDiff flag: FALSE
	dst_ipa: /Users/dragonkao/Library/Developer/CoreSimulator/Devices/CC47DE7A-8196-4465-A5A5-BB852C9C6C82/data/Containers/Shared/SystemGroup/systemgroup.com.apple.installcoordinationd/Library/InstallCoordination/PromiseStaging/3719D<…>
2026-06-26 23:51:03.086 Df CoreSimulatorBridge[33858:90cdef] [com.apple.installcoordination:framework] -[IXPromisedTransferToPath setComplete:]: <IXPromisedTransferToPath<0x105891040> name:"App Asset: com.DefaultCompany.NeonDrift" uuid:3719D551-81D7-4CC9-8891-262461C486A9 creator:"InstallCoordination Simple SPI" location:[system-defined]> Delta Copy operation from /Users/dragonkao/.openclaw/workspace/382b9e3384298039b171c9b2a60ae644/NeonDrift_MVP/project/xcode_derived_data/Build/Products/Release-iphonesimulator/NeonDrift.app to /Users/dragonkao/Library/Developer/CoreSimulator/Devices/CC47DE7A-8196-4465-A5A5-BB852C9C6C82/data/Containers/Shared/SystemGroup/systemgroup.com.apple.installcoordinationd/Library/InstallCoordination/PromiseStaging/3719D551-81D7-4CC9-8891-262461C486A9/NeonDrift.app took 0.003574 seconds
2026-06-26 23:51:03.088 Df installcoordinationd[34084:90d59e] [com.apple.installcoordination:daemon] -[IXSDataPromise _setPercentComplete:saveStateIfNeeded:]: Progress: <IXSPromisedTransferToPath(0x1040f9580) Name:App Asset: com.DefaultCompany.NeonDrift Creator:InstallCoordination Simple SPI UUID:3719D551-81D7-4CC9-8891-262461C486A9 Location:[system-defined]>
2026-06-26 23:51:03.088 Df installcoordinationd[34084:90d645] [com.apple.appinstallation:TransactionLog] com.DefaultCompany.NeonDrift/Unknown Persona:4:10:1:1:App Asset Promise began. Coordinator State: IXAppCoordinationStatePlaceholderPromiseNotSet
2026-06-26 23:51:03.089 Df installcoordinationd[34084:90d645] [com.apple.installcoordination:daemon] -[IXSCoordinatedAppInstall promiseDidComplete:]: <IXSCoordinatedAppInstall<0x10420c000> [P=CoreSimulatorBridge (pid 33858)] identifier:[com.DefaultCompany.NeonDrift/Invalid/[system-defined]] uuid:B3E361C1-04CF-445C-B06E-7A28971C6A67 intent:IXCoordinatorIntentUpdating creator/appDRI:InstallCoordination Simple SPI importance:UserWaiting state:IXAppCoordinationStatePlaceholderPromiseNotSet promise-state:0A2I4> : Promise completed: <IXSPromisedTransferToPath(0x1040f9580) Name:App Asset: com.DefaultCompany.NeonDrift Creator:InstallCoordination Simple SPI UUID:3719D551-81D7-4CC9-8891-262461C486A9 Location:[system-defined]>
2026-06-26 23:51:03.090 Df CoreSimulatorBridge[33858:90cdea] [com.apple.installcoordination:framework] -[IXAppInstallCoordinator _clientDelegate_promiseDidBeginFulfillmentWithIdentifier:]: <IXUpdatingAppInstallCoordinator<0x105890dc0> identity:[com.DefaultCompany.NeonDrift/Invalid/[system-defined]] uuid:B3E361C1-04CF-445C-B06E-7A28971C6A67 creator:InstallCoordination Simple SPI>: Got promise did begin fulfillment for identifier 2
2026-06-26 23:51:03.090 Df installcoordinationd[34084:90d59e] [com.apple.installcoordination:daemon] -[IXSCoordinatedAppInstall setPlaceholderPromise:]: <IXSCoordinatedAppInstall<0x10420c000> [P=CoreSimulatorBridge (pid 33858)] identifier:[com.DefaultCompany.NeonDrift/Invalid/[system-defined]] uuid:B3E361C1-04CF-445C-B06E-7A28971C6A67 intent:IXCoordinatorIntentUpdating creator/appDRI:InstallCoordination Simple SPI importance:UserWaiting state:IXAppCoordinationStateReadyForPlaceholderInstall promise-state:PA2I4> : Placeholder Promise set: <IXSPlaceholder(0x104124500) Name:App Placeholder: NeonDrift (com.DefaultCompany.NeonDrift) Creator:InstallCoordination Simple SPI UUID:8ABB3381-1263-4C22-AEE9-CC7083DFDD58 Location:[system-defined]>
2026-06-26 23:51:03.091 Df CoreSimulatorBridge[33858:90cdea] [com.apple.installcoordination:framework] -[IXAppInstallCoordinator _clientDelegate_promiseDidBeginFulfillmentWithIdentifier:]_block_invoke: <IXUpdatingAppInstallCoordinator<0x105890dc0> identity:[com.DefaultCompany.NeonDrift/Invalid/[system-defined]] uuid:B3E361C1-04CF-445C-B06E-7A28971C6A67 creator:InstallCoordination Simple SPI>: Observer <_IXSimpleInstallerDelegate 0x0x1058599b0> does not respond to coordinator:configuredPromiseDidBeginFulfillment: (or any deprecated equivalent)
2026-06-26 23:51:03.091 Df CoreSimulatorBridge[33858:90cf2b] [com.apple.installcoordination:framework] -[IXAppInstallCoordinator _clientDelegate_didUpdateProgress:forPhase:overallProgress:]: <IXUpdatingAppInstallCoordinator<0x105890dc0> identity:[com.DefaultCompany.NeonDrift/Invalid/[system-defined]] uuid:B3E361C1-04CF-445C-B06E-7A28971C6A67 creator:InstallCoordination Simple SPI>: Got did update progress delegate with percentComplete 100.000000 phase IXCoordinatorProgressPhaseLoading overallProgress 60.000000
2026-06-26 23:51:03.092 Df CoreSimulatorBridge[33858:90cf2b] [com.apple.installcoordination:framework] -[IXAppInstallCoordinator _clientDelegate_didUpdateProgress:forPhase:overallProgress:]_block_invoke: <IXUpdatingAppInstallCoordinator<0x105890dc0> identity:[com.DefaultCompany.NeonDrift/Invalid/[system-defined]] uuid:B3E361C1-04CF-445C-B06E-7A28971C6A67 creator:InstallCoordination Simple SPI>: Calling selector coordinator:didUpdateProgress:forPhase:overallProgress: on observer <_IXSimpleInstallerDelegate 0x0x1058599b0>
2026-06-26 23:51:03.092 Df installcoordinationd[34084:90d63f] [com.apple.installcoordination:daemon] -[IXSCoordinatedAppInstall promiseDidComplete:]: <IXSCoordinatedAppInstall<0x10420c000> [P=CoreSimulatorBridge (pid 33858)] identifier:[com.DefaultCompany.NeonDrift/Invalid/[system-defined]] uuid:B3E361C1-04CF-445C-B06E-7A28971C6A67 intent:IXCoordinatorIntentUpdating creator/appDRI:InstallCoordination Simple SPI importance:UserWaiting state:IXAppCoordinationStateReadyForPlaceholderInstall promise-state:PA2I4> : Promise completed: <IXSPlaceholder(0x104124500) Name:App Placeholder: NeonDrift (com.DefaultCompany.NeonDrift) Creator:InstallCoordination Simple SPI UUID:8ABB3381-1263-4C22-AEE9-CC7083DFDD58 Location:[system-defined]>
2026-06-26 23:51:03.095 Df installcoordinationd[34084:90d59e] [com.apple.installcoordination:daemon] -[IXSCoordinatedAppInstall _onQueue_acquireAssertionAndInstallPlaceholder]: Acquiring termination assertion to install placeholder for [com.DefaultCompany.NeonDrift/Invalid/[system-defined]]
2026-06-26 23:51:03.096 Df installcoordinationd[34084:90d59e] [com.apple.installcoordination:daemon] -[IXSPendingOperationsTracker beginPendingOperationForIdentity:]_block_invoke: Beginning pending operation for [com.DefaultCompany.NeonDrift/Invalid/[system-defined]]
2026-06-26 23:51:03.101 Df runningboardd[33831:90ce65] [com.apple.runningboard:connection] Received termination request from [osservice<com.apple.installcoordinationd>:34084] on <RBSProcessPredicate <RBSProcessBundleIdentifierPredicate "com.DefaultCompany.NeonDrift">> with context <RBSTerminateContext| explanation:installcoordinationd app:[com.DefaultCompany.NeonDrift/Invalid/[system-defined]] uuid:B3E361C1-04CF-445C-B06E-7A28971C6A67 isPlaceholder:Y reportType:None maxTerminationResistance:Absolute attrs:[
	<RBSPreventLaunchLimitation| <RBSProcessPredicate <RBSProcessBundleIdentifierPredicate "com.DefaultCompany.NeonDrift">> allow:(null)>
	]>
2026-06-26 23:51:03.106 Df runningboardd[33831:90ce65] [com.apple.runningboard:general] Found 0 extensions contained in com.DefaultCompany.NeonDrift
2026-06-26 23:51:03.123 Df runningboardd[33831:90ce65] [com.apple.PlugInKit:holds] <PKManager:0x1078aec20> hold request for [/Users/dragonkao/Library/Developer/CoreSimulator/Devices/CC47DE7A-8196-4465-A5A5-BB852C9C6C82/data/Containers/Bundle/Application/CE5AB9D2-09FE-41CE-AABB-3408AD782981/NeonDrift.app] with flags: 0x4
2026-06-26 23:51:03.125 Df runningboardd[33831:90ce68] [com.apple.PlugInKit:holds] <PKManager:0x1078aec20> hold request for [/Users/dragonkao/Library/Developer/CoreSimulator/Devices/CC47DE7A-8196-4465-A5A5-BB852C9C6C82/data/Containers/Bundle/Application/CE5AB9D2-09FE-41CE-AABB-3408AD782981/NeonDrift.app] with flags: 0x4 completed with hold token: [323C7505-F493-46A7-B9E8-4E179F81CADF]
2026-06-26 23:51:03.125 Df runningboardd[33831:90ce68] [com.apple.runningboard:ttl] Acquiring assertion targeting system from originator [osservice<com.apple.installcoordinationd>:34084] with description <RBSAssertionDescriptor| "installcoordinationd app:[com.DefaultCompany.NeonDrift/Invalid/[system-defined]] uuid:B3E361C1-04CF-445C-B06E-7A28971C6A67 isPlaceholder:Y" ID:33831-34084-192 target:system attributes:[
	<RBSPreventLaunchLimitation| <RBSProcessPredicate <RBSProcessBundleIdentifierPredicate "com.DefaultCompany.NeonDrift">> allow:(null)>
	]>
2026-06-26 23:51:03.125 Df runningboardd[33831:90ce68] [com.apple.runningboard:process] Executing termination request for: <RBSProcessPredicate <RBSProcessBundleIdentifierPredicate "com.DefaultCompany.NeonDrift">>
2026-06-26 23:51:03.126 Df SpringBoard[33981:90d306] [com.apple.SpringBoard:Common] termination assertion acquired for com.DefaultCompany.NeonDrift
2026-06-26 23:51:03.126 Df SpringBoard[33981:90d306] [com.apple.SpringBoard:Icon] 0x10c9b1740-SBApplicationIcon Data source did change: <SBApplication: 0x10cbc0700; com.DefaultCompany.NeonDrift> {
} (SBApplication)
2026-06-26 23:51:03.126 Df installcoordinationd[34084:90d59e] [com.apple.installcoordination:daemon] -[IXSCoordinatedAppInstall assertionAcquiredCallback]: RBS termination assertion observer called for <IXSCoordinatedAppInstall<0x10420c000> [P=CoreSimulatorBridge (pid 33858)] identifier:[com.DefaultCompany.NeonDrift/Invalid/[system-defined]] uuid:B3E361C1-04CF-445C-B06E-7A28971C6A67 intent:IXCoordinatorIntentUpdating creator/appDRI:InstallCoordination Simple SPI importance:UserWaiting state:IXAppCoordinationStateWaitingForPlaceholderAssertion promise-state:PA2I4>
2026-06-26 23:51:03.126 Df installcoordinationd[34084:90d59e] [com.apple.appinstallation:TransactionLog] com.DefaultCompany.NeonDrift/Unknown Persona:4:9:1:1:Placeholder Promise began. Coordinator State: IXAppCoordinationStateWaitingForPlaceholderAssertion
2026-06-26 23:51:03.126 Df installcoordinationd[34084:90d59e] [com.apple.installcoordination:daemon] -[IXSCoordinatorProgress setTotalUnitsCompleted:]: Progress for coordinator: [com.DefaultCompany.NeonDrift/Invalid/[system-defined]], Phase: IXCoordinatorProgressPhaseLoading, Percentage: 100.000000: Attempt to set units completed on finished progress: 100
2026-06-26 23:51:03.129 Df installcoordinationd[34084:90d59e] [com.apple.appinstallation:TransactionLog] com.DefaultCompany.NeonDrift/Unknown Persona:4:9:2:1:Placeholder Promise completed. Coordinator State: IXAppCoordinationStateWaitingForPlaceholderAssertion
2026-06-26 23:51:03.134 Df installcoordinationd[34084:90d59e] [com.apple.appinstallation:TransactionLog] com.DefaultCompany.NeonDrift/Unknown Persona:4:10:2:1:App Asset Promise completed. Coordinator State: IXAppCoordinationStateWaitingForPlaceholderAssertion
2026-06-26 23:51:03.134 Df CoreSimulatorBridge[33858:90cdea] [com.apple.installcoordination:framework] -[IXAppInstallCoordinator _clientDelegate_promiseDidBeginFulfillmentWithIdentifier:]: <IXUpdatingAppInstallCoordinator<0x105890dc0> identity:[com.DefaultCompany.NeonDrift/Invalid/[system-defined]] uuid:B3E361C1-04CF-445C-B06E-7A28971C6A67 creator:InstallCoordination Simple SPI>: Got promise did begin fulfillment for identifier 1
2026-06-26 23:51:03.134 Df CoreSimulatorBridge[33858:90cdea] [com.apple.installcoordination:framework] -[IXAppInstallCoordinator _clientDelegate_promiseDidBeginFulfillmentWithIdentifier:]_block_invoke: <IXUpdatingAppInstallCoordinator<0x105890dc0> identity:[com.DefaultCompany.NeonDrift/Invalid/[system-defined]] uuid:B3E361C1-04CF-445C-B06E-7A28971C6A67 creator:InstallCoordination Simple SPI>: Observer <_IXSimpleInstallerDelegate 0x0x1058599b0> does not respond to coordinator:configuredPromiseDidBeginFulfillment: (or any deprecated equivalent)
2026-06-26 23:51:03.134 Df installcoordinationd[34084:90d59e] [com.apple.installcoordination:daemon] -[IXSCoordinatedAppInstall _onQueue_installPlaceholder]: Acquired termination assertion for placeholder [com.DefaultCompany.NeonDrift/Invalid/[system-defined]]; proceeding with install.
2026-06-26 23:51:03.135 Df installcoordinationd[34084:90d59e] [com.apple.installcoordination:daemon] -[IXSPowerAssertion initWithAssertionName:details:]: Acquired power assertion IXPowerAssertion-12-[com.DefaultCompany.NeonDrift/Invalid/[system-defined]]
2026-06-26 23:51:03.138 Df installd[34099:90d625] (MobileSystemServices) 0x16f7e3000 -[MIClientConnection _doInstallationForURL:identity:domain:options:operationType:completion:]: Install of "/Users/dragonkao/Library/Developer/CoreSimulator/Devices/CC47DE7A-8196-4465-A5A5-BB852C9C6C82/data/Containers/Shared/SystemGroup/systemgroup.com.apple.installcoordinationd/Library/InstallCoordination/PromiseStaging/8ABB3381-1263-4C22-AEE9-CC7083DFDD58/NeonDrift.app" type Placeholder (LSInstallType = 1, Domain: MIInstallationDomainDefault) requested by installcoordinationd (pid 34084 (501/20))
2026-06-26 23:51:03.143 Df installd[34099:90d625] [com.apple.containermanager:xpc] Query; euid = 501, uid = 501, class = 1, identifier = [com.DefaultCompany.NeonDrift](1), flags = 300000002
2026-06-26 23:51:03.144 Df containermanagerd_system[33873:90ce70] [com.apple.containermanager:cache] Disk sync reporting on new entry: (com.DefaultCompany.NeonDrift.run.1782484537.59589|18446744073709551615|<MCMContainerPath: 0x105cf63a0; [<MCMContainerClassPath: 0x105c4d1a0; persona [(null)]; [/Users/dragonkao/Library/Developer/CoreSimulator/Devices/CC47DE7A-8196-4465-A5A5-BB852C9C6C82/data/Containers]/[Bundle]/[Application] created>]/[1DCDE5CE-4A96-4924-9746-D506874359C8]/[(null)]>|0|CA78BCEA-E9DA-4657-BDDA-0D3066818EDB|(null))
2026-06-26 23:51:03.144 Df containermanagerd_system[33873:90ce70] [com.apple.containermanager:cache] Disk sync reporting on new entry: (com.DefaultCompany.NeonDrift.run.1782486232.95300|18446744073709551615|<MCMContainerPath: 0x105cf63f0; [<MCMContainerClassPath: 0x105c4d1a0; persona [(null)]; [/Users/dragonkao/Library/Developer/CoreSimulator/Devices/CC47DE7A-8196-4465-A5A5-BB852C9C6C82/data/Containers]/[Bundle]/[Application] created>]/[8DC090CD-F12C-4CB7-8B8B-876CECF543CD]/[(null)]>|0|F8E0A204-8720-4FE0-9E2D-0C9ADBE66604|(null))
2026-06-26 23:51:03.144 Df containermanagerd_system[33873:90ce70] [com.apple.containermanager:cache] Disk sync reporting on new entry: (com.DefaultCompany.NeonDrift|18446744073709551615|<MCMContainerPath: 0x105cf6440; [<MCMContainerClassPath: 0x105c4d1a0; persona [(null)]; [/Users/dragonkao/Library/Developer/CoreSimulator/Devices/CC47DE7A-8196-4465-A5A5-BB852C9C6C82/data/Containers]/[Bundle]/[Application] created>]/[CE5AB9D2-09FE-41CE-AABB-3408AD782981]/[(null)]>|0|98AFE590-914D-4997-89A7-5628C146B29B|(null))
2026-06-26 23:51:03.144 Df containermanagerd_system[33873:90ce70] [com.apple.containermanager:cache] Disk sync reporting on new entry: (com.DefaultCompany.NeonDrift.run.1782485248.76636|18446744073709551615|<MCMContainerPath: 0x105cf6490; [<MCMContainerClassPath: 0x105c4d1a0; persona [(null)]; [/Users/dragonkao/Library/Developer/CoreSimulator/Devices/CC47DE7A-8196-4465-A5A5-BB852C9C6C82/data/Containers]/[Bundle]/[Application] created>]/[B4ABC976-10C1-4871-BD01-63E901777FC4]/[(null)]>|0|678C7A37-7585-4056-8742-94D0F2EB0FE5|(null))
2026-06-26 23:51:03.144 Df containermanagerd_system[33873:90ce70] [com.apple.containermanager:cache] Disk sync reporting on new entry: (com.DefaultCompany.NeonDrift.run.1782484808.68182|18446744073709551615|<MCMContainerPath: 0x105cf64e0; [<MCMContainerClassPath: 0x105c4d1a0; persona [(null)]; [/Users/dragonkao/Library/Developer/CoreSimulator/Devices/CC47DE7A-8196-4465-A5A5-BB852C9C6C82/data/Containers]/[Bundle]/[Application] created>]/[35E2636E-F3E8-4D12-9D64-9F69C01749CE]/[(null)]>|0|E3C7D274-6DD2-4307-AC53-3596FB383B51|(null))
2026-06-26 23:51:03.144 Df containermanagerd_system[33873:90ce70] [com.apple.containermanager:cache] Disk sync reporting on new entry: (com.DefaultCompany.NeonDrift.run.1782484282.54413|18446744073709551615|<MCMContainerPath: 0x105cf6530; [<MCMContainerClassPath: 0x105c4d1a0; persona [(null)]; [/Users/dragonkao/Library/Developer/CoreSimulator/Devices/CC47DE7A-8196-4465-A5A5-BB852C9C6C82/data/Containers]/[Bundle]/[Application] created>]/[5C99B373-2E0D-4720-A65A-9669594A0776]/[(null)]>|0|7DB7DDF9-C350-45C5-8184-251E537D58FC|(null))
2026-06-26 23:51:03.144 Df containermanagerd_system[33873:90ce70] [com.apple.containermanager:cache] Disk sync reporting on new entry: (com.DefaultCompany.NeonDrift.run.1782485533.82553|18446744073709551615|<MCMContainerPath: 0x105cf6580; [<MCMContainerClassPath: 0x105c4d1a0; persona [(null)]; [/Users/dragonkao/Library/Developer/CoreSimulator/Devices/CC47DE7A-8196-4465-A5A5-BB852C9C6C82/data/Containers]/[Bundle]/[Application] created>]/[60DB0A34-B3BB-4A4D-B075-CFC8084764F2]/[(null)]>|0|AB1E03B8-9E20-4EEB-8B0D-863324D79A8C|(null))
2026-06-26 23:51:03.145 Df installd[34099:90d625] [com.apple.containermanager:xpc] Query; euid = 501, uid = 501, class = 1, identifier = [com.DefaultCompany.NeonDrift](1), flags = 300000002
2026-06-26 23:51:03.169 Df runningboardd[33831:90ce59] [com.apple.runningboard:process] Checking PreventLaunch: global:0 exPath:(null) predicates:{(
    <RBSProcessPredicate <RBSProcessBundleIdentifierPredicate "com.DefaultCompany.NeonDrift">>
)} allow:(null)
2026-06-26 23:51:03.288 Df runningboardd[33831:90ce63] [com.apple.runningboard:process] Checking PreventLaunch: global:0 exPath:(null) predicates:{(
    <RBSProcessPredicate <RBSProcessBundleIdentifierPredicate "com.DefaultCompany.NeonDrift">>
)} allow:(null)
2026-06-26 23:51:03.331 Df installd[34099:90d625] [com.apple.containermanager:xpc] Query; euid = 501, uid = 501, class = 1, identifier = [com.DefaultCompany.NeonDrift](1), flags = 300000002
2026-06-26 23:51:03.332 Df installd[34099:90d625] [com.apple.containermanager:xpc] Query; euid = 501, uid = 501, class = 1, identifier = [com.DefaultCompany.NeonDrift](1), flags = 300000002
2026-06-26 23:51:03.334 Df installd[34099:90d625] (MobileSystemServices) 0x16f7e3000 -[MIInstaller _installInstallable:containingSymlink:error:]: Installing <MIInstallableParallelPlaceholder ID=com.DefaultCompany.NeonDrift; Persona=com.apple.containermanager.primary-persona, Version=0, ShortVersion=1.0>
2026-06-26 23:51:03.334 Df installd[34099:90d625] [com.apple.appinstallation:TransactionLog] com.DefaultCompany.NeonDrift/com.apple.containermanager.primary-persona:7:2:1:1:Start : Install (Parallel Placeholder)
2026-06-26 23:51:03.408 Df runningboardd[33831:90ce59] [com.apple.runningboard:process] Checking PreventLaunch: global:0 exPath:(null) predicates:{(
    <RBSProcessPredicate <RBSProcessBundleIdentifierPredicate "com.DefaultCompany.NeonDrift">>
)} allow:(null)
2026-06-26 23:51:03.464 Df SpringBoard[33981:90d532] [com.apple.PosterLegibilityKit:Caching] -[PLKCachedImageGenerator(SpringBoardHome Label Content Generator0x1265b0a80) removeImagesForCacheKeys:NeonDrift.run.1782484808.68182@@zh_TW_1368232380023648501_0__sz101.0x26.0B23CV11@@]
2026-06-26 23:51:03.466 Df SpringBoard[33981:90d532] [com.apple.PosterLegibilityKit:Caching] -[PLKCachedImageGenerator(SpringBoardHome Legibility Label Content Generator0x1265b0540) removeImagesForCacheKeys:NeonDrift.run.1782484282.54413@@zh_TW_1368232380023648501_12014554394295850968__sz119.0x46.0B23CV11@@]
2026-06-26 23:51:03.467 Df SpringBoard[33981:90d532] [com.apple.PosterLegibilityKit:Caching] -[PLKCachedImageGenerator(SpringBoardHome Legibility Label Content Generator0x1265b0540) removeImagesForCacheKeys:NeonDrift@@zh_TW_5219175189189392450_12014554394295850968__sz90.3x39.7B23CV11@@]
2026-06-26 23:51:03.467 Df SpringBoard[33981:90d532] [com.apple.PosterLegibilityKit:Caching] -[PLKCachedImageGenerator(SpringBoardHome Legibility Label Content Generator0x1265b0540) removeImagesForCacheKeys:NeonDrift.run.1782484537.59589@@zh_TW_1368232380023648501_12014554394295850968__sz119.0x46.0B23CV11@@]
2026-06-26 23:51:03.527 Df BackgroundShortcutRunner[34106:90d691] [com.apple.shortcuts:ToolKitIndexing] Indexing for request: <WFToolKitIndexingRequest: 0x1065b0320>, changeset: .partial(updatedCount: 1 removedCount: 0 updated: ["com.DefaultCompany.NeonDrift"], removed: [], provenance: [VoiceShortcutClient.ToolKitIndexingReason.Changeset.Provenance.launchServicesSnapshot(<LaunchServicesSnapshot uuid=F24B79A2-9144-48E3-970E-A35D347E6B98, v=1236)> ["com.DefaultCompany.NeonDrift.run.1782485533.82553", "com.apple.SOS.SettingsSOSAppIntentsExtension", "com.apple.CompanionViewService", "com.apple.coreidv.CoreIDVUIService", "com.apple.musicrecognition", "com.apple.Stickers.UserGenerated", "com.apple.PhotosAppIntentsExtension", "com.apple.PridePoster", "com.apple.CameraOverlayAngel", "com.apple.SharingViewService", "com.apple.AppleIDSetupUIService", "com.apple.DocumentsApp.DocumentAppShortcuts", "com.DefaultCompany.NeonDrift", "com.apple.Home.MatterAccessoriesSettingsIntents", "com.apple.FCAuthenticationUI", "com.apple.CredentialSharingService", "com.apple.fullkeyboardaccess", "com.apple.SharingUIService", "com.apple.CoreServicesUIAgent",<…>, priority: <decode: missing data>
2026-06-26 23:51:03.543 Df BackgroundShortcutRunner[34106:90d699] [com.apple.shortcuts:AppIntentsMetadata] Loading LNEntityMetadata for bundle identifier com.DefaultCompany.NeonDrift
2026-06-26 23:51:03.543 Df BackgroundShortcutRunner[34106:90d699] [com.apple.shortcuts:AppIntentsMetadata] Loading LNActionMetadata for bundle identifier com.DefaultCompany.NeonDrift
2026-06-26 23:51:03.550 Df runningboardd[33831:90ce68] [com.apple.runningboard:process] Checking PreventLaunch: global:0 exPath:(null) predicates:{(
    <RBSProcessPredicate <RBSProcessBundleIdentifierPredicate "com.DefaultCompany.NeonDrift">>
)} allow:(null)
2026-06-26 23:51:03.672 Df runningboardd[33831:90ce68] [com.apple.runningboard:process] Checking PreventLaunch: global:0 exPath:(null) predicates:{(
    <RBSProcessPredicate <RBSProcessBundleIdentifierPredicate "com.DefaultCompany.NeonDrift">>
)} allow:(null)
2026-06-26 23:51:03.786 Df runningboardd[33831:90ce65] [com.apple.runningboard:process] Checking PreventLaunch: global:0 exPath:(null) predicates:{(
