    "<LSApplicationProxy: 0x101a30300> com.DefaultCompany.NeonDrift.run.1782485533.82553 file:///Users/dragonkao/Library/Developer/CoreSimulator/Devices/CC47DE7A-8196-4465-A5A5-BB852C9C6C82/data/Containers/Bundle/Application/12B4421B-BDC6-46AE-8183-8E6D6BCB4E1A/NeonDrift.run.1782485533.82553.app/ <com.DefaultCompany.NeonDrift.run.1782485533.82553 <placeholder >:1>"
)
2026-06-26 22:52:59.569 Df clipserviced[79663:8bea1e] [com.apple.launchservices:appinstallation] LaunchServices observer: InstallsStarted (
    "<LSApplicationProxy: 0x1055a8000> com.DefaultCompany.NeonDrift.run.1782485533.82553 file:///Users/dragonkao/Library/Developer/CoreSimulator/Devices/CC47DE7A-8196-4465-A5A5-BB852C9C6C82/data/Containers/Bundle/Application/12B4421B-BDC6-46AE-8183-8E6D6BCB4E1A/NeonDrift.run.1782485533.82553.app/ <com.DefaultCompany.NeonDrift.run.1782485533.82553 <placeholder >:1>"
)
2026-06-26 22:52:59.569 Df CoreSimulatorBridge[79002:8c4f15] [com.apple.installcoordination:framework] -[IXAppInstallCoordinator _clientDelegate_didUpdateProgress:forPhase:overallProgress:]: <IXInitiatingAppInstallCoordinator<0x104091900> identity:[com.DefaultCompany.NeonDrift.run.1782485533.82553/Invalid/[system-defined]] uuid:646ACA54-FC96-478A-B8E4-54C1F365CF03 creator:InstallCoordination Simple SPI>: Got did update progress delegate with percentComplete 100.000000 phase IXCoordinatorProgressPhaseLoading overallProgress 60.000000
2026-06-26 22:52:59.569 Df activityawardsd[79717:8c4f57] [com.apple.launchservices:appinstallation] LaunchServices observer: InstallsStarted (
    "<LSApplicationProxy: 0x106144cc0> com.DefaultCompany.NeonDrift.run.1782485533.82553 file:///Users/dragonkao/Library/Developer/CoreSimulator/Devices/CC47DE7A-8196-4465-A5A5-BB852C9C6C82/data/Containers/Bundle/Application/12B4421B-BDC6-46AE-8183-8E6D6BCB4E1A/NeonDrift.run.1782485533.82553.app/ <com.DefaultCompany.NeonDrift.run.1782485533.82553 <placeholder >:1>"
)
2026-06-26 22:52:59.569 Df CoreSimulatorBridge[79002:8c4f15] [com.apple.installcoordination:framework] -[IXAppInstallCoordinator _clientDelegate_didUpdateProgress:forPhase:overallProgress:]_block_invoke: <IXInitiatingAppInstallCoordinator<0x104091900> identity:[com.DefaultCompany.NeonDrift.run.1782485533.82553/Invalid/[system-defined]] uuid:646ACA54-FC96-478A-B8E4-54C1F365CF03 creator:InstallCoordination Simple SPI>: Calling selector coordinator:didUpdateProgress:forPhase:overallProgress: on observer <_IXSimpleInstallerDelegate 0x0x10405a4c0>
2026-06-26 22:52:59.569 Df passd[79001:8c4f4d] [com.apple.launchservices:appinstallation] LaunchServices observer: InstallsStarted (
    "<LSApplicationProxy: 0x10a4b5c80> com.DefaultCompany.NeonDrift.run.1782485533.82553 file:///Users/dragonkao/Library/Developer/CoreSimulator/Devices/CC47DE7A-8196-4465-A5A5-BB852C9C6C82/data/Containers/Bundle/Application/12B4421B-BDC6-46AE-8183-8E6D6BCB4E1A/NeonDrift.run.1782485533.82553.app/ <com.DefaultCompany.NeonDrift.run.1782485533.82553 <placeholder >:1>"
)
2026-06-26 22:52:59.569 Df callservicesd[79125:8c4f69] [com.apple.launchservices:appinstallation] LaunchServices observer: InstallsStarted (
    "<LSApplicationProxy: 0x106e90e40> com.DefaultCompany.NeonDrift.run.1782485533.82553 file:///Users/dragonkao/Library/Developer/CoreSimulator/Devices/CC47DE7A-8196-4465-A5A5-BB852C9C6C82/data/Containers/Bundle/Application/12B4421B-BDC6-46AE-8183-8E6D6BCB4E1A/NeonDrift.run.1782485533.82553.app/ <com.DefaultCompany.NeonDrift.run.1782485533.82553 <placeholder >:1>"
)
2026-06-26 22:52:59.570 Df lsd[79033:8bde82] [com.apple.launchservices:progress] unsubscribing from com.DefaultCompany.NeonDrift.run.1782485533.82553.Loading as it was unpublished
2026-06-26 22:52:59.570 Df lsd[79033:8bde82] [com.apple.launchservices:progress] #LSInstallProgressList remove subscriber: <_NSProgressSubscriber: 0x101723000> publishingString: com.DefaultCompany.NeonDrift.run.1782485533.82553.Loading
2026-06-26 22:52:59.570 Df lsd[79033:8c4f41] [com.apple.launchservices:progress] Using publishing string "com.DefaultCompany.NeonDrift.run.1782485533.82553.Installing" for the first time
2026-06-26 22:52:59.570 Df lsd[79033:8c4f41] [com.apple.launchservices:progress] Updating installPhase for <NSProgress: com.DefaultCompany.NeonDrift.run.1782485533.82553 phase=Loading; state=Active; finalPhase=Installing; fractionCompleted=0.600000> to 1
2026-06-26 22:52:59.570 Df lsd[79033:8c4f41] [com.apple.launchservices:progress] Parent progress for installation <NSProgress: com.DefaultCompany.NeonDrift.run.1782485533.82553 phase=Installing; state=Active; finalPhase=Installing; fractionCompleted=0.600000>, adding phase 1
2026-06-26 22:52:59.570 Df lsd[79033:8c4f41] [com.apple.launchservices:progress] #LSInstallProgressList add subscriber: <_NSProgressSubscriber: 0x101722f10> publishingString: com.DefaultCompany.NeonDrift.run.1782485533.82553.Installing
2026-06-26 22:52:59.570 Df lsd[79033:8c4f41] [com.apple.launchservices:progress] Subscribing to com.DefaultCompany.NeonDrift.run.1782485533.82553.Installing
2026-06-26 22:52:59.570 Df installcoordinationd[79525:8c4f19] [com.apple.launchservices:progress] Published install progress <NSProgress: com.DefaultCompany.NeonDrift.run.1782485533.82553.Installing phase=Installing; state=Waiting; finalPhase=Installing; fractionCompleted=0.000000>
2026-06-26 22:52:59.571 Df installd[79560:8be926] (MobileSystemServices) 0x16ba4b000 -[MIClientConnection _doInstallationForURL:identity:domain:options:operationType:completion:]: Install of "/Users/dragonkao/Library/Developer/CoreSimulator/Devices/CC47DE7A-8196-4465-A5A5-BB852C9C6C82/data/Containers/Shared/SystemGroup/systemgroup.com.apple.installcoordinationd/Library/InstallCoordination/PromiseStaging/072BFD1E-60DA-4CF1-8600-27E2EB5F47D4/NeonDrift.run.1782485533.82553.app" type Developer (LSInstallType = 0, Domain: MIInstallationDomainDefault) requested by installcoordinationd (pid 79525 (501/20))
2026-06-26 22:52:59.575 Df CoreSimulatorBridge[79002:8c4f1b] [com.apple.installcoordination:framework] -[IXAppInstallCoordinator _clientDelegate_didUpdateProgress:forPhase:overallProgress:]: <IXInitiatingAppInstallCoordinator<0x104091900> identity:[com.DefaultCompany.NeonDrift.run.1782485533.82553/Invalid/[system-defined]] uuid:646ACA54-FC96-478A-B8E4-54C1F365CF03 creator:InstallCoordination Simple SPI>: Got did update progress delegate with percentComplete 5.000000 phase IXCoordinatorProgressPhaseInstalling overallProgress 62.000000
2026-06-26 22:52:59.575 Df CoreSimulatorBridge[79002:8c4f1b] [com.apple.installcoordination:framework] -[IXAppInstallCoordinator _clientDelegate_didUpdateProgress:forPhase:overallProgress:]: <IXInitiatingAppInstallCoordinator<0x104091900> identity:[com.DefaultCompany.NeonDrift.run.1782485533.82553/Invalid/[system-defined]] uuid:646ACA54-FC96-478A-B8E4-54C1F365CF03 creator:InstallCoordination Simple SPI>: Got did update progress delegate with percentComplete 15.000000 phase IXCoordinatorProgressPhaseInstalling overallProgress 66.000000
2026-06-26 22:52:59.575 Df CoreSimulatorBridge[79002:8c4f15] [com.apple.installcoordination:framework] -[IXAppInstallCoordinator _clientDelegate_didUpdateProgress:forPhase:overallProgress:]_block_invoke: <IXInitiatingAppInstallCoordinator<0x104091900> identity:[com.DefaultCompany.NeonDrift.run.1782485533.82553/Invalid/[system-defined]] uuid:646ACA54-FC96-478A-B8E4-54C1F365CF03 creator:InstallCoordination Simple SPI>: Calling selector coordinator:didUpdateProgress:forPhase:overallProgress: on observer <_IXSimpleInstallerDelegate 0x0x10405a4c0>
2026-06-26 22:52:59.575 Df CoreSimulatorBridge[79002:8c4f15] [com.apple.installcoordination:framework] -[IXAppInstallCoordinator _clientDelegate_didUpdateProgress:forPhase:overallProgress:]_block_invoke: <IXInitiatingAppInstallCoordinator<0x104091900> identity:[com.DefaultCompany.NeonDrift.run.1782485533.82553/Invalid/[system-defined]] uuid:646ACA54-FC96-478A-B8E4-54C1F365CF03 creator:InstallCoordination Simple SPI>: Calling selector coordinator:didUpdateProgress:forPhase:overallProgress: on observer <_IXSimpleInstallerDelegate 0x0x10405a4c0>
2026-06-26 22:52:59.575 Df CoreSimulatorBridge[79002:8c4f15] [com.apple.installcoordination:framework] -[IXAppInstallCoordinator _clientDelegate_didUpdateProgress:forPhase:overallProgress:]: <IXInitiatingAppInstallCoordinator<0x104091900> identity:[com.DefaultCompany.NeonDrift.run.1782485533.82553/Invalid/[system-defined]] uuid:646ACA54-FC96-478A-B8E4-54C1F365CF03 creator:InstallCoordination Simple SPI>: Got did update progress delegate with percentComplete 20.000000 phase IXCoordinatorProgressPhaseInstalling overallProgress 68.000000
2026-06-26 22:52:59.575 Df CoreSimulatorBridge[79002:8c4f15] [com.apple.installcoordination:framework] -[IXAppInstallCoordinator _clientDelegate_didUpdateProgress:forPhase:overallProgress:]_block_invoke: <IXInitiatingAppInstallCoordinator<0x104091900> identity:[com.DefaultCompany.NeonDrift.run.1782485533.82553/Invalid/[system-defined]] uuid:646ACA54-FC96-478A-B8E4-54C1F365CF03 creator:InstallCoordination Simple SPI>: Calling selector coordinator:didUpdateProgress:forPhase:overallProgress: on observer <_IXSimpleInstallerDelegate 0x0x10405a4c0>
2026-06-26 22:52:59.577 Df installd[79560:8be926] [com.apple.containermanager:xpc] Query; euid = 501, uid = 501, class = 1, identifier = [com.DefaultCompany.NeonDrift.run.1782485533.82553](1), flags = 300000002
2026-06-26 22:52:59.578 Df installd[79560:8be926] [com.apple.containermanager:xpc] Query; euid = 501, uid = 501, class = 1, identifier = [com.DefaultCompany.NeonDrift.run.1782485533.82553](1), flags = 300000002
2026-06-26 22:52:59.579 Df SpringBoard[79384:8be46d] [com.apple.appinstallation:TransactionLog] com.DefaultCompany.NeonDrift.run.1782485533.82553/Unknown Persona:10:1:3:1:Created icon for placeholder.
2026-06-26 22:52:59.579 Df SpringBoard[79384:8be46d] [com.apple.frontboard.ApplicationLibrary:sb.placeholder] Placeholders added: (
    "<SBApplicationPlaceholder: 0x12639eb50; bundleIdentifier: com.DefaultCompany.NeonDrift.run.1782485533.82553; displayName: NeonDrift.run.1782485533.82553>"
), modified: (
), removed: (null)
2026-06-26 22:52:59.579 Df SpringBoard[79384:8be46d] [com.apple.launchservices:progress] Got progress <NSProgress: com.DefaultCompany.NeonDrift.run.1782485533.82553 phase=InstallingPlaceholder; state=Finished; finalPhase=Installing; fractionCompleted=0.000000> for app com.DefaultCompany.NeonDrift.run.1782485533.82553,
2026-06-26 22:52:59.581 Df installd[79560:8be926] [com.apple.containermanager:xpc] Query; euid = 501, uid = 501, class = 1, identifier = [com.DefaultCompany.NeonDrift.run.1782485533.82553](1), flags = 300000002
2026-06-26 22:52:59.581 Df SpringBoard[79384:8be46d] [com.apple.appinstallation:TransactionLog] com.DefaultCompany.NeonDrift.run.1782485533.82553/Unknown Persona:10:2:3:1:Reloading icon image.
2026-06-26 22:52:59.581 Df SpringBoard[79384:8be46d] [com.apple.SpringBoard:Common] termination assertion acquired for com.DefaultCompany.NeonDrift.run.1782485533.82553 (app not found)
2026-06-26 22:52:59.581 Df installcoordinationd[79525:8c4f16] [com.apple.installcoordination:daemon] -[IXSCoordinatorProgress setTotalUnitsCompleted:]: Progress for coordinator: [com.DefaultCompany.NeonDrift.run.1782485533.82553/Invalid/[system-defined]], Phase: IXCoordinatorProgressPhaseInstalling, Percentage: 20.000000: Attempt to set units completed on finished progress: 20
2026-06-26 22:52:59.582 Df installd[79560:8be926] [com.apple.containermanager:xpc] Query; euid = 501, uid = 501, class = 1, identifier = [com.DefaultCompany.NeonDrift.run.1782485533.82553](1), flags = 300000002
2026-06-26 22:52:59.582 Df SpringBoard[79384:8be46d] [com.apple.appinstallation:TransactionLog] com.DefaultCompany.NeonDrift.run.1782485533.82553/Unknown Persona:10:2:3:1:Reloading icon image.
2026-06-26 22:52:59.584 Df installd[79560:8be926] (MobileSystemServices) 0x16ba4b000 -[MIInstaller _installInstallable:containingSymlink:error:]: Installing <MIInstallableBundle ID=com.DefaultCompany.NeonDrift.run.1782485533.82553; Persona=com.apple.containermanager.primary-persona, Version=0, ShortVersion=1.0>
2026-06-26 22:52:59.584 Df installd[79560:8be926] [com.apple.appinstallation:TransactionLog] com.DefaultCompany.NeonDrift.run.1782485533.82553/com.apple.containermanager.primary-persona:7:5:1:1:Start : Install (New)
2026-06-26 22:52:59.585 Df CoreSimulatorBridge[79002:8c4f1b] [com.apple.installcoordination:framework] -[IXAppInstallCoordinator _clientDelegate_didUpdateProgress:forPhase:overallProgress:]: <IXInitiatingAppInstallCoordinator<0x104091900> identity:[com.DefaultCompany.NeonDrift.run.1782485533.82553/Invalid/[system-defined]] uuid:646ACA54-FC96-478A-B8E4-54C1F365CF03 creator:InstallCoordination Simple SPI>: Got did update progress delegate with percentComplete 30.000000 phase IXCoordinatorProgressPhaseInstalling overallProgress 72.000000
2026-06-26 22:52:59.585 Df CoreSimulatorBridge[79002:8c4f1b] [com.apple.installcoordination:framework] -[IXAppInstallCoordinator _clientDelegate_didUpdateProgress:forPhase:overallProgress:]_block_invoke: <IXInitiatingAppInstallCoordinator<0x104091900> identity:[com.DefaultCompany.NeonDrift.run.1782485533.82553/Invalid/[system-defined]] uuid:646ACA54-FC96-478A-B8E4-54C1F365CF03 creator:InstallCoordination Simple SPI>: Calling selector coordinator:didUpdateProgress:forPhase:overallProgress: on observer <_IXSimpleInstallerDelegate 0x0x10405a4c0>
2026-06-26 22:52:59.585 Df siriactionsd[79085:8c4f77] [com.apple.shortcuts:Daemon] Dispatching XPC event: <distributed notification: com.apple.LaunchServices.applicationRegistered, userInfo: [AnyHashable("isPlaceholder"): 1, AnyHashable("bundleIDs"): <__NSSingleObjectArrayI 0x105a11f70>(
com.DefaultCompany.NeonDrift.run.1782485533.82553
)
]>
2026-06-26 22:52:59.586 Df SpringBoard[79384:8be46d] [com.apple.appinstallation:TransactionLog] com.DefaultCompany.NeonDrift.run.1782485533.82553/Unknown Persona:10:2:3:1:Reloading icon image.
2026-06-26 22:52:59.587 Df siriactionsd[79085:8c4f77] [com.apple.shortcuts:XPCEvent] Dispatching XPC event: <distributed notification: com.apple.LaunchServices.applicationRegistered, userInfo: [AnyHashable("isPlaceholder"): 1, AnyHashable("bundleIDs"): <__NSSingleObjectArrayI 0x105a11f70>(
com.DefaultCompany.NeonDrift.run.1782485533.82553
)
]>
2026-06-26 22:52:59.588 Df PosterBoard[79450:8c4f9d] [com.apple.launchservices:appinstallation] LaunchServices observer: InstallsStarted (
    "<LSApplicationProxy: 0x108a84480> com.DefaultCompany.NeonDrift.run.1782485533.82553 file:///Users/dragonkao/Library/Developer/CoreSimulator/Devices/CC47DE7A-8196-4465-A5A5-BB852C9C6C82/data/Containers/Bundle/Application/12B4421B-BDC6-46AE-8183-8E6D6BCB4E1A/NeonDrift.run.1782485533.82553.app/ <com.DefaultCompany.NeonDrift.run.1782485533.82553 <placeholder >:1>"
)
2026-06-26 22:52:59.588 Df PosterBoard[79450:8c4f9d] [com.apple.launchservices:appinstallation] LaunchServices observer: MetadataUpdate (
    "com.DefaultCompany.NeonDrift.run.1782485533.82553"
)
2026-06-26 22:52:59.588 Df siriactionsd[79085:8c4f77] [com.apple.shortcuts:Daemon] Firing event: <distributed notification: com.apple.LaunchServices.applicationRegistered, userInfo: [AnyHashable("isPlaceholder"): 1, AnyHashable("bundleIDs"): <__NSSingleObjectArrayI 0x105a11f70>(
com.DefaultCompany.NeonDrift.run.1782485533.82553
)
]>
2026-06-26 22:52:59.588 E  siriactionsd[79085:8c4f77] [com.apple.shortcuts:Daemon] Received an event that we do not have a DaemonTask for: <distributed notification: com.apple.LaunchServices.applicationRegistered, userInfo: [AnyHashable("isPlaceholder"): 1, AnyHashable("bundleIDs"): <__NSSingleObjectArrayI 0x105a11f70>(
com.DefaultCompany.NeonDrift.run.1782485533.82553
)
]>. This is a serious programming error that might lead to missed messages and stuck streams.
2026-06-26 22:52:59.589 Df PosterBoard[79450:8c4f9d] [com.apple.launchservices:appinstallation] LaunchServices observer: InstallsStarted (
    "<LSApplicationProxy: 0x108a846c0> com.DefaultCompany.NeonDrift.run.1782485533.82553 file:///Users/dragonkao/Library/Developer/CoreSimulator/Devices/CC47DE7A-8196-4465-A5A5-BB852C9C6C82/data/Containers/Bundle/Application/12B4421B-BDC6-46AE-8183-8E6D6BCB4E1A/NeonDrift.run.1782485533.82553.app/ <com.DefaultCompany.NeonDrift.run.1782485533.82553 <placeholder >:1>"
)
2026-06-26 22:52:59.589 Df installd[79560:8be926] [com.apple.containermanager:query] Query; euid = 501, uid = 501, class = 4, identifier = [com.DefaultCompany.NeonDrift.run.1782485533.82553](1), flags = 300000002
2026-06-26 22:52:59.589 Df CoreSimulatorBridge[79002:8c4f15] [com.apple.installcoordination:framework] -[IXAppInstallCoordinator _clientDelegate_didUpdateProgress:forPhase:overallProgress:]: <IXInitiatingAppInstallCoordinator<0x104091900> identity:[com.DefaultCompany.NeonDrift.run.1782485533.82553/Invalid/[system-defined]] uuid:646ACA54-FC96-478A-B8E4-54C1F365CF03 creator:InstallCoordination Simple SPI>: Got did update progress delegate with percentComplete 40.000000 phase IXCoordinatorProgressPhaseInstalling overallProgress 76.000000
2026-06-26 22:52:59.589 Df CoreSimulatorBridge[79002:8c4f15] [com.apple.installcoordination:framework] -[IXAppInstallCoordinator _clientDelegate_didUpdateProgress:forPhase:overallProgress:]_block_invoke: <IXInitiatingAppInstallCoordinator<0x104091900> identity:[com.DefaultCompany.NeonDrift.run.1782485533.82553/Invalid/[system-defined]] uuid:646ACA54-FC96-478A-B8E4-54C1F365CF03 creator:InstallCoordination Simple SPI>: Calling selector coordinator:didUpdateProgress:forPhase:overallProgress: on observer <_IXSimpleInstallerDelegate 0x0x10405a4c0>
2026-06-26 22:52:59.589 Df installd[79560:8be926] [com.apple.containermanager:query] Query; euid = 501, uid = 501, class = 4, identifier = [com.DefaultCompany.NeonDrift.run.1782485533.82553](1), flags = 300000002
2026-06-26 22:52:59.590 Df appprotectiond[78990:8c4f7c] [com.apple.appprotection:server] Received distnoted event <dictionary: 0x103d00000> { count = 3, transaction: 0, voucher = 0x103d48730, contents =
	"UserInfo" => <dictionary: 0x103c31140> { count = 2, transaction: 0, voucher = 0x0, contents =
		"isPlaceholder" => <bool: 0x1e704c530>: true
		"bundleIDs" => <array: 0x103c35b30> { count = 1, capacity = 1, contents =
			0: <string: 0x103c37150> { string cache = 0x0, length = 49, contents = "com.DefaultCompany.NeonDrift.run.1782485533.82553" }
		}
	}
	"Name" => <string: 0x103c36ac0> { string cache = 0x0, length = 46, contents = "com.apple.LaunchServices.applicationRegistered" }
	"XPCEventName" => <string: 0x103c36250> { string cache = 0x0, length = 21, contents = "ApplicationRegistered" }
}
2026-06-26 22:52:59.590 Df installd[79560:8be926] [com.apple.containermanager:xpc] Query; euid = 501, uid = 501, class = 1, identifier = [com.DefaultCompany.NeonDrift.run.1782485533.82553](1), flags = 300000003
2026-06-26 22:52:59.590 Df CoreSimulatorBridge[79002:8c4f1b] [com.apple.installcoordination:framework] -[IXAppInstallCoordinator _clientDelegate_didUpdateProgress:forPhase:overallProgress:]: <IXInitiatingAppInstallCoordinator<0x104091900> identity:[com.DefaultCompany.NeonDrift.run.1782485533.82553/Invalid/[system-defined]] uuid:646ACA54-FC96-478A-B8E4-54C1F365CF03 creator:InstallCoordination Simple SPI>: Got did update progress delegate with percentComplete 50.000000 phase IXCoordinatorProgressPhaseInstalling overallProgress 80.000000
2026-06-26 22:52:59.590 Df CoreSimulatorBridge[79002:8c4f1b] [com.apple.installcoordination:framework] -[IXAppInstallCoordinator _clientDelegate_didUpdateProgress:forPhase:overallProgress:]_block_invoke: <IXInitiatingAppInstallCoordinator<0x104091900> identity:[com.DefaultCompany.NeonDrift.run.1782485533.82553/Invalid/[system-defined]] uuid:646ACA54-FC96-478A-B8E4-54C1F365CF03 creator:InstallCoordination Simple SPI>: Calling selector coordinator:didUpdateProgress:forPhase:overallProgress: on observer <_IXSimpleInstallerDelegate 0x0x10405a4c0>
2026-06-26 22:52:59.590 E  containermanagerd_system[79028:8bde89] [com.apple.containermanager:schema] [com.DefaultCompany.NeonDrift.run.1782485533.82553(1)] Current schema version (1) is newer than the latest (0), ignoring.
2026-06-26 22:52:59.590 Df appprotectiond[78990:8c4f7c] [com.apple.appprotection:server] received note: name = com.apple.LaunchServices.applicationRegistered, object = Optional(AppProtection.DistnotedXPCEventStreamTranslator), userInfo = Optional([AnyHashable("bundleIDs"): <__NSSingleObjectArrayI 0x103dec0a0>(
com.DefaultCompany.NeonDrift.run.1782485533.82553
)
, AnyHashable("isPlaceholder"): 1])
2026-06-26 22:52:59.590 Df appprotectiond[78990:8c4f7c] [com.apple.appprotection:server] processing settings authority event: SettingsAuthorityEvent.promotePreferenceFromProvisionalForApplication(com.DefaultCompany.NeonDrift.run.1782485533.82553)
2026-06-26 22:52:59.590 Df containermanagerd_system[79028:8bde89] [com.apple.containermanager:schema] [u DD0FA380-63F6-466A-BD31-2734AB0EA358:p 03E86B0E-99D5-4D7C-BC74-070DE15C2C4F:c com.DefaultCompany.NeonDrift.run.1782485533.82553(1):i31448238] Successfully updated schema from (0) → (0), actions count = 0
2026-06-26 22:52:59.591 Df installd[79560:8be926] [com.apple.containermanager:xpc] Query; euid = 501, uid = 501, class = 1, identifier = [com.DefaultCompany.NeonDrift.run.1782485533.82553](1), flags = 300000002
2026-06-26 22:52:59.591 Df CoreSimulatorBridge[79002:8c4f15] [com.apple.installcoordination:framework] -[IXAppInstallCoordinator _clientDelegate_didUpdateProgress:forPhase:overallProgress:]: <IXInitiatingAppInstallCoordinator<0x104091900> identity:[com.DefaultCompany.NeonDrift.run.1782485533.82553/Invalid/[system-defined]] uuid:646ACA54-FC96-478A-B8E4-54C1F365CF03 creator:InstallCoordination Simple SPI>: Got did update progress delegate with percentComplete 60.000000 phase IXCoordinatorProgressPhaseInstalling overallProgress 84.000000
2026-06-26 22:52:59.592 Df CoreSimulatorBridge[79002:8c4f15] [com.apple.installcoordination:framework] -[IXAppInstallCoordinator _clientDelegate_didUpdateProgress:forPhase:overallProgress:]_block_invoke: <IXInitiatingAppInstallCoordinator<0x104091900> identity:[com.DefaultCompany.NeonDrift.run.1782485533.82553/Invalid/[system-defined]] uuid:646ACA54-FC96-478A-B8E4-54C1F365CF03 creator:InstallCoordination Simple SPI>: Calling selector coordinator:didUpdateProgress:forPhase:overallProgress: on observer <_IXSimpleInstallerDelegate 0x0x10405a4c0>
2026-06-26 22:52:59.593 Df installd[79560:8be926] [com.apple.containermanager:query] Query; euid = 501, uid = 501, class = 2, identifier = [com.DefaultCompany.NeonDrift.run.1782485533.82553](1), flags = 300000003
2026-06-26 22:52:59.593 Df CoreSimulatorBridge[79002:8c4f1b] [com.apple.installcoordination:framework] -[IXAppInstallCoordinator _clientDelegate_didUpdateProgress:forPhase:overallProgress:]: <IXInitiatingAppInstallCoordinator<0x104091900> identity:[com.DefaultCompany.NeonDrift.run.1782485533.82553/Invalid/[system-defined]] uuid:646ACA54-FC96-478A-B8E4-54C1F365CF03 creator:InstallCoordination Simple SPI>: Got did update progress delegate with percentComplete 70.000000 phase IXCoordinatorProgressPhaseInstalling overallProgress 88.000000
2026-06-26 22:52:59.593 Df CoreSimulatorBridge[79002:8c4f1b] [com.apple.installcoordination:framework] -[IXAppInstallCoordinator _clientDelegate_didUpdateProgress:forPhase:overallProgress:]_block_invoke: <IXInitiatingAppInstallCoordinator<0x104091900> identity:[com.DefaultCompany.NeonDrift.run.1782485533.82553/Invalid/[system-defined]] uuid:646ACA54-FC96-478A-B8E4-54C1F365CF03 creator:InstallCoordination Simple SPI>: Calling selector coordinator:didUpdateProgress:forPhase:overallProgress: on observer <_IXSimpleInstallerDelegate 0x0x10405a4c0>
2026-06-26 22:52:59.593 Df installd[79560:8be926] [com.apple.containermanager:query] Query; euid = 501, uid = 501, class = 2, identifier = [com.DefaultCompany.NeonDrift.run.1782485533.82553](1), flags = 300000002
2026-06-26 22:52:59.595 Df dmd[79383:8be44a] Received xpc stream event (distributed notification matching) with name: com.apple.LaunchServices.applicationRegistered user info: {
    bundleIDs =     (
        "com.DefaultCompany.NeonDrift.run.1782485533.82553"
    );
    isPlaceholder = 1;
}
2026-06-26 22:52:59.595 Df dmd[79383:8be44a] Received xpc stream event (distributed notification matching) with name: com.apple.LaunchServices.applicationRegistered user info: {
    bundleIDs =     (
        "com.DefaultCompany.NeonDrift.run.1782485533.82553"
    );
    isPlaceholder = 1;
}
2026-06-26 22:52:59.595 Df liveactivitiesd[79070:8bdf9e] [com.apple.launchservices:progress] Got progress <NSProgress: com.DefaultCompany.NeonDrift.run.1782485533.82553 phase=Installing; state=Active; finalPhase=Installing; fractionCompleted=0.840000> for app com.DefaultCompany.NeonDrift.run.1782485533.82553,
2026-06-26 22:52:59.595 Df liveactivitiesd[79070:8c4f81] [com.apple.launchservices:progress] #LSInstallProgressList add subscriber: <_NSProgressSubscriber: 0x101ffc390> publishingString: com.DefaultCompany.NeonDrift.run.1782485533.82553
2026-06-26 22:52:59.595 Df liveactivitiesd[79070:8c4f81] [com.apple.launchservices:progress] Subscribing to progress for app com.DefaultCompany.NeonDrift.run.1782485533.82553,
2026-06-26 22:52:59.601 Df CoreSimulatorBridge[79002:8c4f15] [com.apple.installcoordination:framework] -[IXAppInstallCoordinator _clientDelegate_didUpdateProgress:forPhase:overallProgress:]: <IXInitiatingAppInstallCoordinator<0x104091900> identity:[com.DefaultCompany.NeonDrift.run.1782485533.82553/Invalid/[system-defined]] uuid:646ACA54-FC96-478A-B8E4-54C1F365CF03 creator:InstallCoordination Simple SPI>: Got did update progress delegate with percentComplete 80.000000 phase IXCoordinatorProgressPhaseInstalling overallProgress 92.000000
2026-06-26 22:52:59.601 Df CoreSimulatorBridge[79002:8c4f15] [com.apple.installcoordination:framework] -[IXAppInstallCoordinator _clientDelegate_didUpdateProgress:forPhase:overallProgress:]_block_invoke: <IXInitiatingAppInstallCoordinator<0x104091900> identity:[com.DefaultCompany.NeonDrift.run.1782485533.82553/Invalid/[system-defined]] uuid:646ACA54-FC96-478A-B8E4-54C1F365CF03 creator:InstallCoordination Simple SPI>: Calling selector coordinator:didUpdateProgress:forPhase:overallProgress: on observer <_IXSimpleInstallerDelegate 0x0x10405a4c0>
2026-06-26 22:52:59.602 Df installd[79560:8be926] (MobileSystemServices) 0x16ba4b000 -[MIInstallationJournalEntry _refreshUUIDForContainer:withError:]: Data container for com.DefaultCompany.NeonDrift.run.1782485533.82553 is now at /Users/dragonkao/Library/Developer/CoreSimulator/Devices/CC47DE7A-8196-4465-A5A5-BB852C9C6C82/data/Containers/Data/Application/24FA659A-28E5-40A1-82F2-4CAA3CFCA650
2026-06-26 22:52:59.602 Df containermanagerd[79078:8bdf46] [com.apple.containermanager:schema] [u B56A13AE-9A84-47A1-BFC9-B3D869C59E21:p 24FA659A-28E5-40A1-82F2-4CAA3CFCA650:c com.DefaultCompany.NeonDrift.run.1782485533.82553(2):i0] Successfully updated schema from (0) → (1), actions count = 6
2026-06-26 22:52:59.602 Df installd[79560:8be926] [com.apple.containermanager:unspecified] Replace; old = [app:com.DefaultCompany.NeonDrift.run.1782485533.82553:501::(B41CD01A-6CB7-45F1-B861-511CD0277A22)], new = [temp-app:com.DefaultCompany.NeonDrift.run.1782485533.82553:501::(DD0FA380-63F6-466A-BD31-2734AB0EA358)]
2026-06-26 22:52:59.605 Df installd[79560:8be926] [com.apple.containermanager:xpc] Query; euid = 501, uid = 501, class = 1, identifier = [com.DefaultCompany.NeonDrift.run.1782485533.82553](1), flags = 300000002
2026-06-26 22:52:59.606 Df installd[79560:8be926] (MobileSystemServices) 0x16ba4b000 -[MIContainer makeContainerLiveReplacingContainer:reason:waitForDeletion:withError:]: Made container live for com.DefaultCompany.NeonDrift.run.1782485533.82553 at /Users/dragonkao/Library/Developer/CoreSimulator/Devices/CC47DE7A-8196-4465-A5A5-BB852C9C6C82/data/Containers/Bundle/Application/75513206-B13F-4922-84BB-64334F7A65EA
2026-06-26 22:52:59.606 Df installd[79560:8be926] [com.apple.containermanager:xpc] Query; euid = 501, uid = 501, class = 1, identifier = [com.DefaultCompany.NeonDrift.run.1782485533.82553](1), flags = 300000002
2026-06-26 22:52:59.608 Df CoreSimulatorBridge[79002:8c4f1b] [com.apple.installcoordination:framework] -[IXAppInstallCoordinator _clientDelegate_didUpdateProgress:forPhase:overallProgress:]: <IXInitiatingAppInstallCoordinator<0x104091900> identity:[com.DefaultCompany.NeonDrift.run.1782485533.82553/Invalid/[system-defined]] uuid:646ACA54-FC96-478A-B8E4-54C1F365CF03 creator:InstallCoordination Simple SPI>: Got did update progress delegate with percentComplete 90.000000 phase IXCoordinatorProgressPhaseInstalling overallProgress 96.000000
2026-06-26 22:52:59.608 Df CoreSimulatorBridge[79002:8c4f1b] [com.apple.installcoordination:framework] -[IXAppInstallCoordinator _clientDelegate_didUpdateProgress:forPhase:overallProgress:]_block_invoke: <IXInitiatingAppInstallCoordinator<0x104091900> identity:[com.DefaultCompany.NeonDrift.run.1782485533.82553/Invalid/[system-defined]] uuid:646ACA54-FC96-478A-B8E4-54C1F365CF03 creator:InstallCoordination Simple SPI>: Calling selector coordinator:didUpdateProgress:forPhase:overallProgress: on observer <_IXSimpleInstallerDelegate 0x0x10405a4c0>
2026-06-26 22:52:59.608 Df containermanagerd[79078:8bdf46] [com.apple.containermanager:codesignmapping] Reconciled [com.DefaultCompany.NeonDrift.run.1782485533.82553]; old app groups: (null), new app groups: (null), old system groups: (null), new system groups: (null)
2026-06-26 22:52:59.608 Df installd[79560:8be926] [com.apple.containermanager:unspecified] Requesting disk usage; class = 1, identifier = com.DefaultCompany.NeonDrift.run.1782485533.82553
2026-06-26 22:52:59.610 Df installd[79560:8be926] [com.apple.containermanager:query] Query; euid = 501, uid = 501, class = 7, identifier = [com.DefaultCompany.NeonDrift.run.1782485533.82553](1), flags = 300000001
2026-06-26 22:52:59.611 Df SpringBoard[79384:8be46d] [com.apple.SpringBoard:Common] termination assertion released for com.DefaultCompany.NeonDrift.run.1782485533.82553 (app not found)
2026-06-26 22:52:59.613 Df installd[79560:8be926] (MobileSystemServices) 0x16ba4b000 -[MILaunchServicesOperationManager _onQueue_addPendingLaunchServicesOperation:error:]: Added pending LS operation <MILaunchServicesRegisterOperation: A128B929-745E-44F2-BEEE-CA7282678032:4 com.DefaultCompany.NeonDrift.run.1782485533.82553/MIInstallationDomainSystemShared personas:[com.apple.containermanager.primary-persona]>
2026-06-26 22:52:59.613 Df lsd[79033:8c4f41] [com.apple.launchservices:appinstallation] Post installation registration: request to register com.DefaultCompany.NeonDrift.run.1782485533.82553, operation A128B929-745E-44F2-BEEE-CA7282678032, from pid 79560
2026-06-26 22:52:59.614 Df lsd[79033:8c4f41] [com.apple.appinstallation:TransactionLog] com.DefaultCompany.NeonDrift.run.1782485533.82553/Unknown Persona:5:4:1:1:Registering bundles via registrant - start
2026-06-26 22:52:59.616 Df lsd[79033:8c4f41] [com.apple.appinstallation:TransactionLog] com.DefaultCompany.NeonDrift.run.1782485533.82553/Unknown Persona:5:5:1:1:Building bundle record for app
2026-06-26 22:52:59.616 Df lsd[79033:8c4f41] [com.apple.launchservices:appinstallation] Removed existing registered placeholder for com.DefaultCompany.NeonDrift.run.1782485533.82553
2026-06-26 22:52:59.616 Df lsd[79033:8c4f41] [com.apple.appinstallation:TransactionLog] com.DefaultCompany.NeonDrift.run.1782485533.82553/Unknown Persona:5:5:2:1:Built bundle record for app
2026-06-26 22:52:59.617 Df lsd[79033:8c4f41] [com.apple.launchservices:icons] clearAlternateNameForBundleIdentifier: won't clear for com.DefaultCompany.NeonDrift.run.1782485533.82553
2026-06-26 22:52:59.617 Df lsd[79033:8c4f41] [com.apple.appinstallation:TransactionLog] com.DefaultCompany.NeonDrift.run.1782485533.82553/Unknown Persona:5:4:2:1:Registered bundle status = success
2026-06-26 22:52:59.617 Df lsd[79033:8c4f41] [com.apple.appinstallation:TransactionLog] com.DefaultCompany.NeonDrift.run.1782485533.82553/Unknown Persona:5:4:2:1:Finished registering com.DefaultCompany.NeonDrift.run.1782485533.82553, bundle unit 49c
2026-06-26 22:52:59.617 Df lsd[79033:8c4f64] [com.apple.launchservices:progress] Installation ended for com.DefaultCompany.NeonDrift.run.1782485533.82553 with state 5
2026-06-26 22:52:59.617 Df lsd[79033:8c4f64] [com.apple.launchservices:progress] Discarding proportions for com.DefaultCompany.NeonDrift.run.1782485533.82553
2026-06-26 22:52:59.617 Df lsd[79033:8c4f67] [com.apple.launchservices:progress] Sending applicationsDidInstall: for (
    "<LSApplicationProxy: 0x10172c000> com.DefaultCompany.NeonDrift.run.1782485533.82553 file:///Users/dragonkao/Library/Developer/CoreSimulator/Devices/CC47DE7A-8196-4465-A5A5-BB852C9C6C82/data/Containers/Bundle/Application/75513206-B13F-4922-84BB-64334F7A65EA/NeonDrift.run.1782485533.82553.app/ <com.DefaultCompany.NeonDrift.run.1782485533.82553 <installed >:0>"
)
2026-06-26 22:52:59.617 Df installd[79560:8be926] (MobileSystemServices) 0x16ba4b000 -[MIJournal purgeJournalEntry:withError:]: Removing journal entry <MIInstallationJournalEntry<0x1058e86e0> [com.DefaultCompany.NeonDrift.run.1782485533.82553/com.apple.containermanager.primary-persona/[system-defined]]/MIInstallationDomainSystemShared op:1 phase:JournalPhaseDidRegisterWithLS version:0>
2026-06-26 22:52:59.617 Df liveactivitiesd[79070:8bdf9e] [com.apple.launchservices:progress] Unpublishing progress block called for app com.DefaultCompany.NeonDrift.run.1782485533.82553
2026-06-26 22:52:59.617 Df SpringBoard[79384:8be46d] [com.apple.launchservices:progress] Unpublishing progress block called for app com.DefaultCompany.NeonDrift.run.1782485533.82553
2026-06-26 22:52:59.617 Df liveactivitiesd[79070:8c4f2c] [com.apple.launchservices:progress] #LSInstallProgressList remove subscriber: <_NSProgressSubscriber: 0x101ffc390> publishingString: com.DefaultCompany.NeonDrift.run.1782485533.82553
2026-06-26 22:52:59.617 Df SpringBoard[79384:8c4f91] [com.apple.launchservices:progress] #LSInstallProgressList remove subscriber: <_NSProgressSubscriber: 0x109420b70> publishingString: com.DefaultCompany.NeonDrift.run.1782485533.82553
2026-06-26 22:52:59.617 Df installd[79560:8be926] [com.apple.appinstallation:TransactionLog] com.DefaultCompany.NeonDrift.run.1782485533.82553/com.apple.containermanager.primary-persona:7:5:2:1:Success (End) : Install (New)
2026-06-26 22:52:59.617 Df installd[79560:8be926] (MobileSystemServices) 0x16ba4b000 -[MIInstaller _logOperationCompletionWithStartTime:distributorID:]: Install successful for (Developer:com.DefaultCompany.NeonDrift.run.1782485533.82553) [Distributor: (null)]; Staging: 0.00s; Waiting: 0.00s; Preflight/Patch: 0.00s, Verifying: 0.00s; Overall: 0.05s
2026-06-26 22:52:59.618 Df usernotificationsd[79084:8be11e] [com.apple.launchservices:appinstallation] Received applicationsDidInstall:(
    "<LSApplicationProxy: 0x1041b4600> com.DefaultCompany.NeonDrift.run.1782485533.82553 file:///Users/dragonkao/Library/Developer/CoreSimulator/Devices/CC47DE7A-8196-4465-A5A5-BB852C9C6C82/data/Containers/Bundle/Application/75513206-B13F-4922-84BB-64334F7A65EA/NeonDrift.run.1782485533.82553.app/ <com.DefaultCompany.NeonDrift.run.1782485533.82553 <installed >:0>"
)
2026-06-26 22:52:59.618 Df liveactivitiesd[79070:8c4f2c] [com.apple.launchservices:appinstallation] Received applicationsDidInstall:(
    "<LSApplicationProxy: 0x101e7dbc0> com.DefaultCompany.NeonDrift.run.1782485533.82553 file:///Users/dragonkao/Library/Developer/CoreSimulator/Devices/CC47DE7A-8196-4465-A5A5-BB852C9C6C82/data/Containers/Bundle/Application/75513206-B13F-4922-84BB-64334F7A65EA/NeonDrift.run.1782485533.82553.app/ <com.DefaultCompany.NeonDrift.run.1782485533.82553 <installed >:0>"
)
2026-06-26 22:52:59.618 Df routined[78980:8c4f4e] [com.apple.launchservices:appinstallation] Received applicationsDidInstall:(
    "<LSApplicationProxy: 0x107c4cc00> com.DefaultCompany.NeonDrift.run.1782485533.82553 file:///Users/dragonkao/Library/Developer/CoreSimulator/Devices/CC47DE7A-8196-4465-A5A5-BB852C9C6C82/data/Containers/Bundle/Application/75513206-B13F-4922-84BB-64334F7A65EA/NeonDrift.run.1782485533.82553.app/ <com.DefaultCompany.NeonDrift.run.1782485533.82553 <installed >:0>"
)
2026-06-26 22:52:59.618 Df healthd[78982:8c4f4c] [com.apple.launchservices:appinstallation] Received applicationsDidInstall:(
    "<LSApplicationProxy: 0x105a555c0> com.DefaultCompany.NeonDrift.run.1782485533.82553 file:///Users/dragonkao/Library/Developer/CoreSimulator/Devices/CC47DE7A-8196-4465-A5A5-BB852C9C6C82/data/Containers/Bundle/Application/75513206-B13F-4922-84BB-64334F7A65EA/NeonDrift.run.1782485533.82553.app/ <com.DefaultCompany.NeonDrift.run.1782485533.82553 <installed >:0>"
)
2026-06-26 22:52:59.618 Df passd[79001:8c020c] [com.apple.launchservices:appinstallation] Received applicationsDidInstall:(
    "<LSApplicationProxy: 0x10a4b5c80> com.DefaultCompany.NeonDrift.run.1782485533.82553 file:///Users/dragonkao/Library/Developer/CoreSimulator/Devices/CC47DE7A-8196-4465-A5A5-BB852C9C6C82/data/Containers/Bundle/Application/75513206-B13F-4922-84BB-64334F7A65EA/NeonDrift.run.1782485533.82553.app/ <com.DefaultCompany.NeonDrift.run.1782485533.82553 <installed >:0>"
)
2026-06-26 22:52:59.618 Df installcoordinationd[79525:8c4f16] [com.apple.installcoordination:daemon] -[IXSPendingOperationsTracker endPendingOperationForIdentity:]_block_invoke: Ending pending operation for [com.DefaultCompany.NeonDrift.run.1782485533.82553/Invalid/[system-defined]]
2026-06-26 22:52:59.618 Df usernotificationsd[79084:8c4f4b] [com.apple.appinstallation:TransactionLog] com.DefaultCompany.NeonDrift.run.1782485533.82553/Unknown Persona:5:8:3:1:applicationsDidInstall <LSApplicationProxy: 0x1041b46c0> com.DefaultCompany.NeonDrift.run.1782485533.82553 file:///Users/dragonkao/Library/Developer/CoreSimulator/Devices/CC47DE7A-8196-4465-A5A5-BB852C9C6C82/data/Containers/Bundle/Application/75513206-B13F-4922-84BB-64334F7A65EA/NeonDrift.run.1782485533.82553.app/ <com.DefaultCompany.NeonDrift.run.1782485533.82553 <installed >:0>
2026-06-26 22:52:59.618 Df deviceaccessd[79190:8be1d6] [com.apple.launchservices:appinstallation] Received applicationsDidInstall:(
    "<LSApplicationProxy: 0x105574000> com.DefaultCompany.NeonDrift.run.1782485533.82553 file:///Users/dragonkao/Library/Developer/CoreSimulator/Devices/CC47DE7A-8196-4465-A5A5-BB852C9C6C82/data/Containers/Bundle/Application/75513206-B13F-4922-84BB-64334F7A65EA/NeonDrift.run.1782485533.82553.app/ <com.DefaultCompany.NeonDrift.run.1782485533.82553 <installed >:0>"
)
2026-06-26 22:52:59.619 Df appstored[79478:8be9e9] [com.apple.launchservices:appinstallation] Received applicationsDidInstall:(
    "<LSApplicationProxy: 0x102730000> com.DefaultCompany.NeonDrift.run.1782485533.82553 file:///Users/dragonkao/Library/Developer/CoreSimulator/Devices/CC47DE7A-8196-4465-A5A5-BB852C9C6C82/data/Containers/Bundle/Application/75513206-B13F-4922-84BB-64334F7A65EA/NeonDrift.run.1782485533.82553.app/ <com.DefaultCompany.NeonDrift.run.1782485533.82553 <installed >:0>"
)
2026-06-26 22:52:59.619 Df lsd[79033:8bde82] [com.apple.launchservices:progress] unsubscribing from com.DefaultCompany.NeonDrift.run.1782485533.82553.Installing as it was unpublished
2026-06-26 22:52:59.619 Df lsd[79033:8bde82] [com.apple.launchservices:progress] #LSInstallProgressList remove subscriber: <_NSProgressSubscriber: 0x101722f10> publishingString: com.DefaultCompany.NeonDrift.run.1782485533.82553.Installing
2026-06-26 22:52:59.619 Df dasd[78998:8c435a] [com.apple.launchservices:appinstallation] Received applicationsDidInstall:(
    "<LSApplicationProxy: 0x105760540> com.DefaultCompany.NeonDrift.run.1782485533.82553 file:///Users/dragonkao/Library/Developer/CoreSimulator/Devices/CC47DE7A-8196-4465-A5A5-BB852C9C6C82/data/Containers/Bundle/Application/75513206-B13F-4922-84BB-64334F7A65EA/NeonDrift.run.1782485533.82553.app/ <com.DefaultCompany.NeonDrift.run.1782485533.82553 <installed >:0>"
)
2026-06-26 22:52:59.619 Df liveactivitiesd[79070:8c4f2c] [com.apple.appinstallation:TransactionLog] com.DefaultCompany.NeonDrift.run.1782485533.82553/Unknown Persona:5:8:3:1:applicationsDidInstall <LSApplicationProxy: 0x101e7db00> com.DefaultCompany.NeonDrift.run.1782485533.82553 file:///Users/dragonkao/Library/Developer/CoreSimulator/Devices/CC47DE7A-8196-4465-A5A5-BB852C9C6C82/data/Containers/Bundle/Application/75513206-B13F-4922-84BB-64334F7A65EA/NeonDrift.run.1782485533.82553.app/ <com.DefaultCompany.NeonDrift.run.1782485533.82553 <installed >:0>
2026-06-26 22:52:59.619 Df CoreSimulatorBridge[79002:8c4f15] [com.apple.installcoordination:framework] -[IXAppInstallCoordinator _clientDelegate_didUpdateProgress:forPhase:overallProgress:]: <IXInitiatingAppInstallCoordinator<0x104091900> identity:[com.DefaultCompany.NeonDrift.run.1782485533.82553/Invalid/[system-defined]] uuid:646ACA54-FC96-478A-B8E4-54C1F365CF03 creator:InstallCoordination Simple SPI>: Got did update progress delegate with percentComplete 100.000000 phase IXCoordinatorProgressPhaseInstalling overallProgress 100.000000
2026-06-26 22:52:59.619 Df CoreSimulatorBridge[79002:8c4f15] [com.apple.installcoordination:framework] -[IXAppInstallCoordinator _clientDelegate_didUpdateProgress:forPhase:overallProgress:]_block_invoke: <IXInitiatingAppInstallCoordinator<0x104091900> identity:[com.DefaultCompany.NeonDrift.run.1782485533.82553/Invalid/[system-defined]] uuid:646ACA54-FC96-478A-B8E4-54C1F365CF03 creator:InstallCoordination Simple SPI>: Calling selector coordinator:didUpdateProgress:forPhase:overallProgress: on observer <_IXSimpleInstallerDelegate 0x0x10405a4c0>
2026-06-26 22:52:59.619 Df financed[79122:8be2e7] [com.apple.launchservices:appinstallation] Received applicationsDidInstall:(
    "<LSApplicationProxy: 0x109ae76c0> com.DefaultCompany.NeonDrift.run.1782485533.82553 file:///Users/dragonkao/Library/Developer/CoreSimulator/Devices/CC47DE7A-8196-4465-A5A5-BB852C9C6C82/data/Containers/Bundle/Application/75513206-B13F-4922-84BB-64334F7A65EA/NeonDrift.run.1782485533.82553.app/ <com.DefaultCompany.NeonDrift.run.1782485533.82553 <installed >:0>"
)
2026-06-26 22:52:59.619 Df gamed[79397:8bf621] [com.apple.launchservices:appinstallation] Received applicationsDidInstall:(
    "<LSApplicationProxy: 0x103ba00c0> com.DefaultCompany.NeonDrift.run.1782485533.82553 file:///Users/dragonkao/Library/Developer/CoreSimulator/Devices/CC47DE7A-8196-4465-A5A5-BB852C9C6C82/data/Containers/Bundle/Application/75513206-B13F-4922-84BB-64334F7A65EA/NeonDrift.run.1782485533.82553.app/ <com.DefaultCompany.NeonDrift.run.1782485533.82553 <installed >:0>"
)
2026-06-26 22:52:59.619 Df routined[78980:8c4f4e] [com.apple.appinstallation:TransactionLog] com.DefaultCompany.NeonDrift.run.1782485533.82553/Unknown Persona:5:8:3:1:applicationsDidInstall <LSApplicationProxy: 0x107c4ccc0> com.DefaultCompany.NeonDrift.run.1782485533.82553 file:///Users/dragonkao/Library/Developer/CoreSimulator/Devices/CC47DE7A-8196-4465-A5A5-BB852C9C6C82/data/Containers/Bundle/Application/75513206-B13F-4922-84BB-64334F7A65EA/NeonDrift.run.1782485533.82553.app/ <com.DefaultCompany.NeonDrift.run.1782485533.82553 <installed >:0>
2026-06-26 22:52:59.619 Df locationd[78996:8c1243] [com.apple.launchservices:appinstallation] Received applicationsDidInstall:(
    "<LSApplicationProxy: 0x1033886c0> com.DefaultCompany.NeonDrift.run.1782485533.82553 file:///Users/dragonkao/Library/Developer/CoreSimulator/Devices/CC47DE7A-8196-4465-A5A5-BB852C9C6C82/data/Containers/Bundle/Application/75513206-B13F-4922-84BB-64334F7A65EA/NeonDrift.run.1782485533.82553.app/ <com.DefaultCompany.NeonDrift.run.1782485533.82553 <installed >:0>"
)
2026-06-26 22:52:59.619 Df homed[79127:8c4f56] [com.apple.launchservices:appinstallation] Received applicationsDidInstall:(
    "<LSApplicationProxy: 0x107ea8e40> com.DefaultCompany.NeonDrift.run.1782485533.82553 file:///Users/dragonkao/Library/Developer/CoreSimulator/Devices/CC47DE7A-8196-4465-A5A5-BB852C9C6C82/data/Containers/Bundle/Application/75513206-B13F-4922-84BB-64334F7A65EA/NeonDrift.run.1782485533.82553.app/ <com.DefaultCompany.NeonDrift.run.1782485533.82553 <installed >:0>"
)
2026-06-26 22:52:59.619 Df activitysharingd[79965:8c4f3c] [com.apple.launchservices:appinstallation] Received applicationsDidInstall:(
    "<LSApplicationProxy: 0x1021b8e40> com.DefaultCompany.NeonDrift.run.1782485533.82553 file:///Users/dragonkao/Library/Developer/CoreSimulator/Devices/CC47DE7A-8196-4465-A5A5-BB852C9C6C82/data/Containers/Bundle/Application/75513206-B13F-4922-84BB-64334F7A65EA/NeonDrift.run.1782485533.82553.app/ <com.DefaultCompany.NeonDrift.run.1782485533.82553 <installed >:0>"
)
2026-06-26 22:52:59.619 Df clipserviced[79663:8c1b86] [com.apple.launchservices:appinstallation] Received applicationsDidInstall:(
    "<LSApplicationProxy: 0x1055a8000> com.DefaultCompany.NeonDrift.run.1782485533.82553 file:///Users/dragonkao/Library/Developer/CoreSimulator/Devices/CC47DE7A-8196-4465-A5A5-BB852C9C6C82/data/Containers/Bundle/Application/75513206-B13F-4922-84BB-64334F7A65EA/NeonDrift.run.1782485533.82553.app/ <com.DefaultCompany.NeonDrift.run.1782485533.82553 <installed >:0>"
)
2026-06-26 22:52:59.619 Df runningboardd[78975:8c4f20] [com.apple.launchservices:appinstallation] Received applicationsDidInstall:(
    "<LSApplicationProxy: 0x1035a4000> com.DefaultCompany.NeonDrift.run.1782485533.82553 file:///Users/dragonkao/Library/Developer/CoreSimulator/Devices/CC47DE7A-8196-4465-A5A5-BB852C9C6C82/data/Containers/Bundle/Application/75513206-B13F-4922-84BB-64334F7A65EA/NeonDrift.run.1782485533.82553.app/ <com.DefaultCompany.NeonDrift.run.1782485533.82553 <installed >:0>"
)
2026-06-26 22:52:59.620 Df activityawardsd[79717:8bf7f9] [com.apple.launchservices:appinstallation] Received applicationsDidInstall:(
    "<LSApplicationProxy: 0x106144cc0> com.DefaultCompany.NeonDrift.run.1782485533.82553 file:///Users/dragonkao/Library/Developer/CoreSimulator/Devices/CC47DE7A-8196-4465-A5A5-BB852C9C6C82/data/Containers/Bundle/Application/75513206-B13F-4922-84BB-64334F7A65EA/NeonDrift.run.1782485533.82553.app/ <com.DefaultCompany.NeonDrift.run.1782485533.82553 <installed >:0>"
)
2026-06-26 22:52:59.620 Df nsurlsessiond[79032:8c4e2f] [com.apple.launchservices:appinstallation] Received applicationsDidInstall:(
    "<LSApplicationProxy: 0x101a30300> com.DefaultCompany.NeonDrift.run.1782485533.82553 file:///Users/dragonkao/Library/Developer/CoreSimulator/Devices/CC47DE7A-8196-4465-A5A5-BB852C9C6C82/data/Containers/Bundle/Application/75513206-B13F-4922-84BB-64334F7A65EA/NeonDrift.run.1782485533.82553.app/ <com.DefaultCompany.NeonDrift.run.1782485533.82553 <installed >:0>"
)
2026-06-26 22:52:59.620 Df webbookmarksd[79099:8c4f59] [com.apple.launchservices:appinstallation] Received applicationsDidInstall:(
    "<LSApplicationProxy: 0x1041c0000> com.DefaultCompany.NeonDrift.run.1782485533.82553 file:///Users/dragonkao/Library/Developer/CoreSimulator/Devices/CC47DE7A-8196-4465-A5A5-BB852C9C6C82/data/Containers/Bundle/Application/75513206-B13F-4922-84BB-64334F7A65EA/NeonDrift.run.1782485533.82553.app/ <com.DefaultCompany.NeonDrift.run.1782485533.82553 <installed >:0>"
)
2026-06-26 22:52:59.620 Df installcoordinationd[79525:8c4f16] [com.apple.installcoordination:daemon] -[IXSCoordinatedAppInstall setComplete:]: <IXSCoordinatedAppInstall<0x101e08000> [P=CoreSimulatorBridge (pid 79002)] identifier:[com.DefaultCompany.NeonDrift.run.1782485533.82553/Invalid/[system-defined]] uuid:646ACA54-FC96-478A-B8E4-54C1F365CF03 intent:IXCoordinatorIntentInitiating creator/appDRI:InstallCoordination Simple SPI importance:UserWaiting state:IXAppCoordinationStateComplete promise-state:PA2I4> complete!
2026-06-26 22:52:59.620 Df installcoordinationd[79525:8c4f16] [com.apple.installcoordination:daemon] -[IXSPowerAssertion invalidate]: Released power assertion IXPowerAssertion-12-[com.DefaultCompany.NeonDrift.run.1782485533.82553/Invalid/[system-defined]]
2026-06-26 22:52:59.620 Df PosterBoard[79450:8c4f9e] [com.apple.launchservices:appinstallation] Received applicationsDidInstall:(
    "<LSApplicationProxy: 0x108a84900> com.DefaultCompany.NeonDrift.run.1782485533.82553 file:///Users/dragonkao/Library/Developer/CoreSimulator/Devices/CC47DE7A-8196-4465-A5A5-BB852C9C6C82/data/Containers/Bundle/Application/75513206-B13F-4922-84BB-64334F7A65EA/NeonDrift.run.1782485533.82553.app/ <com.DefaultCompany.NeonDrift.run.1782485533.82553 <installed >:0>"
)
2026-06-26 22:52:59.620 Df passd[79001:8c020c] [com.apple.appinstallation:TransactionLog] com.DefaultCompany.NeonDrift.run.1782485533.82553/Unknown Persona:5:8:3:1:applicationsDidInstall <LSApplicationProxy: 0x10a4b58c0> com.DefaultCompany.NeonDrift.run.1782485533.82553 file:///Users/dragonkao/Library/Developer/CoreSimulator/Devices/CC47DE7A-8196-4465-A5A5-BB852C9C6C82/data/Containers/Bundle/Application/75513206-B13F-4922-84BB-64334F7A65EA/NeonDrift.run.1782485533.82553.app/ <com.DefaultCompany.NeonDrift.run.1782485533.82553 <installed >:0>
2026-06-26 22:52:59.620 Df lsd[79033:8c4f67] [com.apple.launchservices:progress] Sent distributed notification com.apple.LaunchServices.applicationRegistered with payload {
    bundleIDs =     (
        "com.DefaultCompany.NeonDrift.run.1782485533.82553"
    );
    isPlaceholder = 0;
}
2026-06-26 22:52:59.620 Df installcoordinationd[79525:8c4f16] [com.apple.installcoordination:daemon] -[IXSDataPromise decommission]: Decommissioning <IXSPromisedTransferToPath(0x101cf9000) Name:Icon resources for com.DefaultCompany.NeonDrift.run.1782485533.82553 Creator:InstallCoordination Simple SPI UUID:D4B05C79-08AF-4957-B48E-E7F95EEAF4DD Location:[system-defined]>
2026-06-26 22:52:59.620 Df mobiletimerd[78987:8c4d71] [com.apple.launchservices:appinstallation] Received applicationsDidInstall:(
