2026-06-25 00:03:55.316 Df installcoordinationd[816:17e9c3] [com.apple.installcoordination:daemon] -[IXSDataPromiseManager registerPromise:]: Registered promise <IXSPromisedTransferToPath(0x1060f8f80) Name:Icon resources for com.DefaultCompany.NeonDrift Creator:InstallCoordination Simple SPI UUID:C126BDAA-A9DE-46B9-9364-0BDADD528FFA Location:[system-defined]> for UUID C126BDAA-A9DE-46B9-9364-0BDADD528FFA
2026-06-25 00:03:55.319 Df CoreSimulatorBridge[700:17e499] [com.apple.installcoordination:framework] -[IXPromisedTransferToPath setComplete:]: <IXPromisedTransferToPath<0x105c91ac0> name:"Icon resources for com.DefaultCompany.NeonDrift" uuid:C126BDAA-A9DE-46B9-9364-0BDADD528FFA creator:"InstallCoordination Simple SPI" location:[system-defined]> Move operation from /Users/dragonkao/Library/Developer/CoreSimulator/Devices/CC47DE7A-8196-4465-A5A5-BB852C9C6C82/data/Containers/Shared/SystemGroup/systemgroup.com.apple.installcoordinationd/Library/InstallCoordination/PromiseStaging/C126BDAA-A9DE-46B9-9364-0BDADD528FFA/temp.juWqTs to /Users/dragonkao/Library/Developer/CoreSimulator/Devices/CC47DE7A-8196-4465-A5A5-BB852C9C6C82/data/Containers/Shared/SystemGroup/systemgroup.com.apple.installcoordinationd/Library/InstallCoordination/PromiseStaging/C126BDAA-A9DE-46B9-9364-0BDADD528FFA/temp.juWqTs took 0.000043 seconds
2026-06-25 00:03:55.319 Df installcoordinationd[816:17e9c3] [com.apple.installcoordination:daemon] -[IXSDataPromise _setPercentComplete:saveStateIfNeeded:]: Progress: <IXSPromisedTransferToPath(0x1060f8f80) Name:Icon resources for com.DefaultCompany.NeonDrift Creator:InstallCoordination Simple SPI UUID:C126BDAA-A9DE-46B9-9364-0BDADD528FFA Location:[system-defined]>
2026-06-25 00:03:55.319 Df installcoordinationd[816:17ea20] [com.apple.installcoordination:daemon] -[IXSDataPromiseManager promiseDidBegin:]: Unowned promise began: <IXSPromisedTransferToPath(0x1060f8f80) Name:Icon resources for com.DefaultCompany.NeonDrift Creator:InstallCoordination Simple SPI UUID:C126BDAA-A9DE-46B9-9364-0BDADD528FFA Location:[system-defined]>
2026-06-25 00:03:55.319 Df installcoordinationd[816:17ea20] [com.apple.installcoordination:daemon] -[IXSDataPromiseManager promise:didUpdateProgress:]: Unowned promise update progress to 1.000000 : <IXSPromisedTransferToPath(0x1060f8f80) Name:Icon resources for com.DefaultCompany.NeonDrift Creator:InstallCoordination Simple SPI UUID:C126BDAA-A9DE-46B9-9364-0BDADD528FFA Location:[system-defined]>
2026-06-25 00:03:55.320 Df installcoordinationd[816:17ea20] [com.apple.installcoordination:daemon] -[IXSDataPromiseManager promiseDidComplete:]: Unowned promise completed: <IXSPromisedTransferToPath(0x1060f8f80) Name:Icon resources for com.DefaultCompany.NeonDrift Creator:InstallCoordination Simple SPI UUID:C126BDAA-A9DE-46B9-9364-0BDADD528FFA Location:[system-defined]>
2026-06-25 00:03:55.320 Df installcoordinationd[816:17ea20] [com.apple.installcoordination:daemon] -[IXSDataPromise _setPercentComplete:saveStateIfNeeded:]: Progress: <IXSPromisedInMemoryDictionary(0x1060f9100) Name:Info.plist icon content for com.DefaultCompany.NeonDrift Creator:InstallCoordination Simple SPI UUID:FEBEC7BB-B549-4945-BE17-FBF4F8893F24 Location:[system-defined]>
2026-06-25 00:03:55.321 Df installcoordinationd[816:17ea20] [com.apple.installcoordination:daemon] -[IXSDataPromiseManager registerPromise:]: Registered promise <IXSPromisedInMemoryDictionary(0x1060f9100) Name:Info.plist icon content for com.DefaultCompany.NeonDrift Creator:InstallCoordination Simple SPI UUID:FEBEC7BB-B549-4945-BE17-FBF4F8893F24 Location:[system-defined]> for UUID FEBEC7BB-B549-4945-BE17-FBF4F8893F24
2026-06-25 00:03:55.321 Df installcoordinationd[816:17e9c3] [com.apple.installcoordination:daemon] -[IXSDataPromiseManager promiseDidBegin:]: Unowned promise began: <IXSPromisedInMemoryDictionary(0x1060f9100) Name:Info.plist icon content for com.DefaultCompany.NeonDrift Creator:InstallCoordination Simple SPI UUID:FEBEC7BB-B549-4945-BE17-FBF4F8893F24 Location:[system-defined]>
2026-06-25 00:03:55.321 Df installcoordinationd[816:17e9c3] [com.apple.installcoordination:daemon] -[IXSDataPromiseManager promise:didUpdateProgress:]: Unowned promise update progress to 1.000000 : <IXSPromisedInMemoryDictionary(0x1060f9100) Name:Info.plist icon content for com.DefaultCompany.NeonDrift Creator:InstallCoordination Simple SPI UUID:FEBEC7BB-B549-4945-BE17-FBF4F8893F24 Location:[system-defined]>
2026-06-25 00:03:55.321 Df installcoordinationd[816:17e9c3] [com.apple.installcoordination:daemon] -[IXSDataPromiseManager promiseDidComplete:]: Unowned promise completed: <IXSPromisedInMemoryDictionary(0x1060f9100) Name:Info.plist icon content for com.DefaultCompany.NeonDrift Creator:InstallCoordination Simple SPI UUID:FEBEC7BB-B549-4945-BE17-FBF4F8893F24 Location:[system-defined]>
2026-06-25 00:03:55.321 Df installcoordinationd[816:17ea20] [com.apple.installcoordination:daemon] -[IXSPlaceholder setIconResourcesPromise:]: <IXSPlaceholder(0x106124500) Name:App Placeholder: NeonDrift (com.DefaultCompany.NeonDrift) Creator:InstallCoordination Simple SPI UUID:C9AAE685-B792-44CE-989E-95EFAFDA97C2 Location:[system-defined]>: setting icon resources promise to <IXSPromisedTransferToPath(0x1060f8f80) Name:Icon resources for com.DefaultCompany.NeonDrift Creator:InstallCoordination Simple SPI UUID:C126BDAA-A9DE-46B9-9364-0BDADD528FFA Location:[system-defined]>
2026-06-25 00:03:55.322 Df installcoordinationd[816:17ea20] [com.apple.installcoordination:daemon] -[IXSPlaceholder setInfoPlistIconContentPromise:]: <IXSPlaceholder(0x106124500) Name:App Placeholder: NeonDrift (com.DefaultCompany.NeonDrift) Creator:InstallCoordination Simple SPI UUID:C9AAE685-B792-44CE-989E-95EFAFDA97C2 Location:[system-defined]>: setting Info.plist icon content promise to <IXSPromisedInMemoryDictionary(0x1060f9100) Name:Info.plist icon content for com.DefaultCompany.NeonDrift Creator:InstallCoordination Simple SPI UUID:FEBEC7BB-B549-4945-BE17-FBF4F8893F24 Location:[system-defined]>
2026-06-25 00:03:55.322 Df installcoordinationd[816:17e9c3] [com.apple.installcoordination:daemon] -[IXSDataPromiseManager promiseDidBegin:]: Unowned promise began: <IXSPlaceholder(0x106124500) Name:App Placeholder: NeonDrift (com.DefaultCompany.NeonDrift) Creator:InstallCoordination Simple SPI UUID:C9AAE685-B792-44CE-989E-95EFAFDA97C2 Location:[system-defined]>
2026-06-25 00:03:55.322 Df installcoordinationd[816:17e9c3] [com.apple.installcoordination:daemon] -[IXSDataPromiseManager promise:didUpdateProgress:]: Unowned promise update progress to 0.000000 : <IXSPlaceholder(0x106124500) Name:App Placeholder: NeonDrift (com.DefaultCompany.NeonDrift) Creator:InstallCoordination Simple SPI UUID:C9AAE685-B792-44CE-989E-95EFAFDA97C2 Location:[system-defined]>
2026-06-25 00:03:55.322 Df installcoordinationd[816:17e9c3] [com.apple.installcoordination:daemon] -[IXSDataPromiseManager promise:didUpdateProgress:]: Unowned promise update progress to 0.000000 : <IXSPlaceholder(0x106124500) Name:App Placeholder: NeonDrift (com.DefaultCompany.NeonDrift) Creator:InstallCoordination Simple SPI UUID:C9AAE685-B792-44CE-989E-95EFAFDA97C2 Location:[system-defined]>
2026-06-25 00:03:55.323 Df installcoordinationd[816:17e9c3] [com.apple.installcoordination:daemon] -[IXSDataPromise _setPercentComplete:saveStateIfNeeded:]: Progress: <IXSPromisedInMemoryDictionary(0x1060f9280) Name:Localizations for com.DefaultCompany.NeonDrift Creator:InstallCoordination Simple SPI UUID:60B08FCE-1BA4-4E14-9A50-50AA7414A42F Location:[system-defined]>
2026-06-25 00:03:55.323 Df installcoordinationd[816:17e9c3] [com.apple.installcoordination:daemon] -[IXSDataPromiseManager registerPromise:]: Registered promise <IXSPromisedInMemoryDictionary(0x1060f9280) Name:Localizations for com.DefaultCompany.NeonDrift Creator:InstallCoordination Simple SPI UUID:60B08FCE-1BA4-4E14-9A50-50AA7414A42F Location:[system-defined]> for UUID 60B08FCE-1BA4-4E14-9A50-50AA7414A42F
2026-06-25 00:03:55.323 Df installcoordinationd[816:17ea20] [com.apple.installcoordination:daemon] -[IXSDataPromiseManager promiseDidBegin:]: Unowned promise began: <IXSPromisedInMemoryDictionary(0x1060f9280) Name:Localizations for com.DefaultCompany.NeonDrift Creator:InstallCoordination Simple SPI UUID:60B08FCE-1BA4-4E14-9A50-50AA7414A42F Location:[system-defined]>
2026-06-25 00:03:55.323 Df installcoordinationd[816:17ea20] [com.apple.installcoordination:daemon] -[IXSDataPromiseManager promise:didUpdateProgress:]: Unowned promise update progress to 1.000000 : <IXSPromisedInMemoryDictionary(0x1060f9280) Name:Localizations for com.DefaultCompany.NeonDrift Creator:InstallCoordination Simple SPI UUID:60B08FCE-1BA4-4E14-9A50-50AA7414A42F Location:[system-defined]>
2026-06-25 00:03:55.323 Df installcoordinationd[816:17ea20] [com.apple.installcoordination:daemon] -[IXSDataPromiseManager promiseDidComplete:]: Unowned promise completed: <IXSPromisedInMemoryDictionary(0x1060f9280) Name:Localizations for com.DefaultCompany.NeonDrift Creator:InstallCoordination Simple SPI UUID:60B08FCE-1BA4-4E14-9A50-50AA7414A42F Location:[system-defined]>
2026-06-25 00:03:55.324 Df installcoordinationd[816:17e9c3] [com.apple.installcoordination:daemon] -[IXSPlaceholder setLocalizationDictionaryPromise:]: <IXSPlaceholder(0x106124500) Name:App Placeholder: NeonDrift (com.DefaultCompany.NeonDrift) Creator:InstallCoordination Simple SPI UUID:C9AAE685-B792-44CE-989E-95EFAFDA97C2 Location:[system-defined]>: setting localization dict promise to <IXSPromisedInMemoryDictionary(0x1060f9280) Name:Localizations for com.DefaultCompany.NeonDrift Creator:InstallCoordination Simple SPI UUID:60B08FCE-1BA4-4E14-9A50-50AA7414A42F Location:[system-defined]>
2026-06-25 00:03:55.325 Df installcoordinationd[816:17ea20] [com.apple.installcoordination:daemon] -[IXSDataPromiseManager promise:didUpdateProgress:]: Unowned promise update progress to 0.000000 : <IXSPlaceholder(0x106124500) Name:App Placeholder: NeonDrift (com.DefaultCompany.NeonDrift) Creator:InstallCoordination Simple SPI UUID:C9AAE685-B792-44CE-989E-95EFAFDA97C2 Location:[system-defined]>
2026-06-25 00:03:55.325 Df installcoordinationd[816:17ea20] [com.apple.installcoordination:daemon] -[IXSPlaceholder setConfigurationComplete:]: <IXSPlaceholder(0x106124500) Name:App Placeholder: NeonDrift (com.DefaultCompany.NeonDrift) Creator:InstallCoordination Simple SPI UUID:C9AAE685-B792-44CE-989E-95EFAFDA97C2 Location:[system-defined]>: setting configuration complete to Y
2026-06-25 00:03:55.325 Df installcoordinationd[816:17ea20] [com.apple.installcoordination:daemon] -[IXSPlaceholder _materialize]: <IXSPlaceholder(0x106124500) Name:App Placeholder: NeonDrift (com.DefaultCompany.NeonDrift) Creator:InstallCoordination Simple SPI UUID:C9AAE685-B792-44CE-989E-95EFAFDA97C2 Location:[system-defined]>: Materializing placeholder at /Users/dragonkao/Library/Developer/CoreSimulator/Devices/CC47DE7A-8196-4465-A5A5-BB852C9C6C82/data/Containers/Shared/SystemGroup/systemgroup.com.apple.installcoordinationd/Library/InstallCoordination/PromiseStaging/C9AAE685-B792-44CE-989E-95EFAFDA97C2/NeonDrift.app
2026-06-25 00:03:55.325 Df installcoordinationd[816:17ea20] [com.apple.installcoordination:daemon] -[IXSPlaceholder _materialize]: <IXSPlaceholder(0x106124500) Name:App Placeholder: NeonDrift (com.DefaultCompany.NeonDrift) Creator:InstallCoordination Simple SPI UUID:C9AAE685-B792-44CE-989E-95EFAFDA97C2 Location:[system-defined]>: Using Info.plist icon content: {
    CFBundleIcons =     {
        CFBundlePrimaryIcon =         {
            CFBundleIconName = AppIcon;
        };
    };
    "CFBundleIcons~ipad" =     {
        CFBundlePrimaryIcon =         {
            CFBundleIconName = AppIcon;
        };
    };
    ISIconPlatform = iPhoneOS;
}
2026-06-25 00:03:55.326 Df installcoordinationd[816:17ea20] [com.apple.installcoordination:daemon] -[IXSPlaceholder _materialize]_block_invoke: <IXSPlaceholder(0x106124500) Name:App Placeholder: NeonDrift (com.DefaultCompany.NeonDrift) Creator:InstallCoordination Simple SPI UUID:C9AAE685-B792-44CE-989E-95EFAFDA97C2 Location:[system-defined]>: Using icon resource Assets.car
2026-06-25 00:03:55.326 Df installcoordinationd[816:17ea20] [com.apple.installcoordination:daemon] -[IXSPlaceholder _materialize]: <IXSPlaceholder(0x106124500) Name:App Placeholder: NeonDrift (com.DefaultCompany.NeonDrift) Creator:InstallCoordination Simple SPI UUID:C9AAE685-B792-44CE-989E-95EFAFDA97C2 Location:[system-defined]>: Including lproj localizations for (
)
2026-06-25 00:03:55.326 Df installcoordinationd[816:17e9c3] [com.apple.installcoordination:daemon] -[IXSDataPromiseManager promiseDidComplete:]: Unowned promise completed: <IXSPlaceholder(0x106124500) Name:App Placeholder: NeonDrift (com.DefaultCompany.NeonDrift) Creator:InstallCoordination Simple SPI UUID:C9AAE685-B792-44CE-989E-95EFAFDA97C2 Location:[system-defined]>
2026-06-25 00:03:55.327 Df installcoordinationd[816:17e9c3] [com.apple.installcoordination:daemon] -[IXSDataPromiseManager registerPromise:]: Registered promise <IXSPromisedTransferToPath(0x1060f9400) Name:App Asset: com.DefaultCompany.NeonDrift Creator:InstallCoordination Simple SPI UUID:04D430FB-7AB2-491D-A1CF-DF4E93C4735F Location:[system-defined]> for UUID 04D430FB-7AB2-491D-A1CF-DF4E93C4735F
2026-06-25 00:03:55.328 Df installcoordinationd[816:17e9c3] [com.apple.installcoordination:daemon] -[IXSCoordinatorManager coordinatorForIdentity:connection:error:creatingIfNotExisting:]_block_invoke: Registered coordinator: <IXSCoordinatedAppInstall<0x106204000> [P=CoreSimulatorBridge (pid 700)] identifier:[com.DefaultCompany.NeonDrift/Invalid/[system-defined]] uuid:9518E8E2-C46D-4BA5-B751-07D8267F26DE intent:IXCoordinatorIntentUpdating creator/appDRI:InstallCoordination Simple SPI importance:Background state:IXAppCoordinationStatePlaceholderPromiseNotSet promise-state:01234>
2026-06-25 00:03:55.328 Df installcoordinationd[816:17e9c3] [com.apple.appinstallation:TransactionLog] com.DefaultCompany.NeonDrift/Unknown Persona:4:2:1:1:Created coordinator with intent IXCoordinatorIntentUpdating for client InstallCoordination Simple SPI
2026-06-25 00:03:55.328 Df installcoordinationd[816:17e9c3] [com.apple.installcoordination:daemon] -[IXSCoordinatedAppInstall setPriorityBoostCompletion:withSourceInfo:]: <IXSCoordinatedAppInstall<0x106204000> [P=CoreSimulatorBridge (pid 700)] identifier:[com.DefaultCompany.NeonDrift/Invalid/[system-defined]] uuid:9518E8E2-C46D-4BA5-B751-07D8267F26DE intent:IXCoordinatorIntentUpdating creator/appDRI:InstallCoordination Simple SPI importance:Background state:IXAppCoordinationStatePlaceholderPromiseNotSet promise-state:01234>: Retaining completion from CoreSimulatorBridge (700), QOS_CLASS_DEFAULT (0x15)
2026-06-25 00:03:55.328 Df installcoordinationd[816:17e9c3] [com.apple.installcoordination:daemon] -[IXSCoordinatedAppInstall setImportance:]: <IXSCoordinatedAppInstall<0x106204000> [P=CoreSimulatorBridge (pid 700)] identifier:[com.DefaultCompany.NeonDrift/Invalid/[system-defined]] uuid:9518E8E2-C46D-4BA5-B751-07D8267F26DE intent:IXCoordinatorIntentUpdating creator/appDRI:InstallCoordination Simple SPI importance:UserWaiting state:IXAppCoordinationStatePlaceholderPromiseNotSet promise-state:01234>: set importance to UserWaiting
2026-06-25 00:03:55.329 Df installcoordinationd[816:17e9c3] [com.apple.installcoordination:daemon] -[IXSCoordinatedAppInstall _onQueue_fireObserversForClient:]: <IXSCoordinatedAppInstall<0x106204000> [P=CoreSimulatorBridge (pid 700)] identifier:[com.DefaultCompany.NeonDrift/Invalid/[system-defined]] uuid:9518E8E2-C46D-4BA5-B751-07D8267F26DE intent:IXCoordinatorIntentUpdating creator/appDRI:InstallCoordination Simple SPI importance:UserWaiting state:IXAppCoordinationStatePlaceholderPromiseNotSet promise-state:01234>: Firing applicable observers for client <IXSClientConnection<0x106058960> client:CoreSimulatorBridge (pid 700) uuid:7A8C0539-01FF-44D9-9098-88CBE677B083>
2026-06-25 00:03:55.329 Df installcoordinationd[816:17e9c3] [com.apple.installcoordination:daemon] -[IXSCoordinatedAppInstall setPriorityBoostCompletion:withSourceInfo:]: <IXSCoordinatedAppInstall<0x106204000> [P=CoreSimulatorBridge (pid 700)] identifier:[com.DefaultCompany.NeonDrift/Invalid/[system-defined]] uuid:9518E8E2-C46D-4BA5-B751-07D8267F26DE intent:IXCoordinatorIntentUpdating creator/appDRI:InstallCoordination Simple SPI importance:UserWaiting state:IXAppCoordinationStatePlaceholderPromiseNotSet promise-state:01234>: Disposing of completion from CoreSimulatorBridge (700), QOS_CLASS_DEFAULT (0x15)
2026-06-25 00:03:55.329 Df installcoordinationd[816:17e9c3] [com.apple.installcoordination:daemon] -[IXSCoordinatedAppInstall setPriorityBoostCompletion:withSourceInfo:]: <IXSCoordinatedAppInstall<0x106204000> [P=CoreSimulatorBridge (pid 700)] identifier:[com.DefaultCompany.NeonDrift/Invalid/[system-defined]] uuid:9518E8E2-C46D-4BA5-B751-07D8267F26DE intent:IXCoordinatorIntentUpdating creator/appDRI:InstallCoordination Simple SPI importance:UserWaiting state:IXAppCoordinationStatePlaceholderPromiseNotSet promise-state:01234>: Retaining completion from CoreSimulatorBridge (700), QOS_CLASS_DEFAULT (0x15)
2026-06-25 00:03:55.329 Df CoreSimulatorBridge[700:17e407] [com.apple.installcoordination:framework] -[IXAppInstallCoordinator _clientDelegate_didRegisterForObservation]: <IXUpdatingAppInstallCoordinator<0x105c91e40> identity:[com.DefaultCompany.NeonDrift/Invalid/[system-defined]] uuid:9518E8E2-C46D-4BA5-B751-07D8267F26DE creator:InstallCoordination Simple SPI>: Got observer registration delegate
2026-06-25 00:03:55.329 Df CoreSimulatorBridge[700:17e407] [com.apple.installcoordination:framework] -[IXAppInstallCoordinator _clientDelegate_shouldResume]: <IXUpdatingAppInstallCoordinator<0x105c91e40> identity:[com.DefaultCompany.NeonDrift/Invalid/[system-defined]] uuid:9518E8E2-C46D-4BA5-B751-07D8267F26DE creator:InstallCoordination Simple SPI>: Got should resume delegate
2026-06-25 00:03:55.329 Df CoreSimulatorBridge[700:17f693] [com.apple.installcoordination:framework] -[IXAppInstallCoordinator _clientDelegate_didRegisterForObservation]_block_invoke: <IXUpdatingAppInstallCoordinator<0x105c91e40> identity:[com.DefaultCompany.NeonDrift/Invalid/[system-defined]] uuid:9518E8E2-C46D-4BA5-B751-07D8267F26DE creator:InstallCoordination Simple SPI>: Observer <_IXSimpleInstallerDelegate 0x0x105c5b090> does not respond to coordinatorDidRegisterForObservation:
2026-06-25 00:03:55.329 Df CoreSimulatorBridge[700:17f693] [com.apple.installcoordination:framework] -[IXAppInstallCoordinator _clientDelegate_shouldResume]_block_invoke: <IXUpdatingAppInstallCoordinator<0x105c91e40> identity:[com.DefaultCompany.NeonDrift/Invalid/[system-defined]] uuid:9518E8E2-C46D-4BA5-B751-07D8267F26DE creator:InstallCoordination Simple SPI>: Observer <_IXSimpleInstallerDelegate 0x0x105c5b090> does not respond to coordinatorShouldResume:
2026-06-25 00:03:55.330 Df installcoordinationd[816:17e9c3] [com.apple.installcoordination:daemon] -[IXSCoordinatedAppInstall _internal_setInstallOptionsPromise:performExternalActions:]: <IXSCoordinatedAppInstall<0x106204000> [P=CoreSimulatorBridge (pid 700)] identifier:[com.DefaultCompany.NeonDrift/Invalid/[system-defined]] uuid:9518E8E2-C46D-4BA5-B751-07D8267F26DE intent:IXCoordinatorIntentUpdating creator/appDRI:InstallCoordination Simple SPI importance:UserWaiting state:IXAppCoordinationStatePlaceholderPromiseNotSet promise-state:012I4> : install options set: <IXSPromisedInMemoryData(0x1060f9700) Name:MIInstallOptions data Creator:Install Coordination Internal UUID:9112B0D8-B5C7-4718-89EE-14EB27093CE2 Location:[system-defined]>
2026-06-25 00:03:55.330 Df installcoordinationd[816:17f691] [com.apple.installcoordination:daemon] -[IXSCoordinatedAppInstall promiseDidComplete:]: <IXSCoordinatedAppInstall<0x106204000> [P=CoreSimulatorBridge (pid 700)] identifier:[com.DefaultCompany.NeonDrift/Invalid/[system-defined]] uuid:9518E8E2-C46D-4BA5-B751-07D8267F26DE intent:IXCoordinatorIntentUpdating creator/appDRI:InstallCoordination Simple SPI importance:UserWaiting state:IXAppCoordinationStatePlaceholderPromiseNotSet promise-state:012I4> : Promise completed: <IXSPromisedInMemoryData(0x1060f9700) Name:MIInstallOptions data Creator:Install Coordination Internal UUID:9112B0D8-B5C7-4718-89EE-14EB27093CE2 Location:[system-defined]>
2026-06-25 00:03:55.331 Df installcoordinationd[816:17f691] [com.apple.appinstallation:TransactionLog] com.DefaultCompany.NeonDrift/Unknown Persona:4:13:1:1:Install Options Promise began. Coordinator State: IXAppCoordinationStatePlaceholderPromiseNotSet
2026-06-25 00:03:55.331 Df installcoordinationd[816:17f691] [com.apple.appinstallation:TransactionLog] com.DefaultCompany.NeonDrift/Unknown Persona:4:13:2:1:Install Options Promise completed. Coordinator State: IXAppCoordinationStatePlaceholderPromiseNotSet
2026-06-25 00:03:55.331 Df installcoordinationd[816:17ea20] [com.apple.installcoordination:daemon] -[IXSCoordinatedAppInstall _internal_setAppAssetPromise:performExternalActions:]: <IXSCoordinatedAppInstall<0x106204000> [P=CoreSimulatorBridge (pid 700)] identifier:[com.DefaultCompany.NeonDrift/Invalid/[system-defined]] uuid:9518E8E2-C46D-4BA5-B751-07D8267F26DE intent:IXCoordinatorIntentUpdating creator/appDRI:InstallCoordination Simple SPI importance:UserWaiting state:IXAppCoordinationStatePlaceholderPromiseNotSet promise-state:0a2I4> : App Asset Promise set: <IXSPromisedTransferToPath(0x1060f9400) Name:App Asset: com.DefaultCompany.NeonDrift Creator:InstallCoordination Simple SPI UUID:04D430FB-7AB2-491D-A1CF-DF4E93C4735F Location:[system-defined]>
2026-06-25 00:03:55.331 Df installcoordinationd[816:17ea20] [com.apple.installcoordination:daemon] -[IXSCoordinatedAppInstall setInitialODRAssetPromises:]: <IXSCoordinatedAppInstall<0x106204000> [P=CoreSimulatorBridge (pid 700)] identifier:[com.DefaultCompany.NeonDrift/Invalid/[system-defined]] uuid:9518E8E2-C46D-4BA5-B751-07D8267F26DE intent:IXCoordinatorIntentUpdating creator/appDRI:InstallCoordination Simple SPI importance:UserWaiting state:IXAppCoordinationStatePlaceholderPromiseNotSet promise-state:0a2I4> : Initial ODR Asset Promises set: (
)
2026-06-25 00:03:55.332 Df CoreSimulatorBridge[700:17e499] [com.apple.installcoordination:framework] -[IXPromisedTransferToPath _performDeltaCopyFrom:toDestination:]: Performing delta copy from /Users/dragonkao/.openclaw/workspace/382b9e3384298039b171c9b2a60ae644/NeonDrift_MVP/project/xcode_derived_data/Build/Products/Release-iphonesimulator/NeonDrift.app to /Users/dragonkao/Library/Developer/CoreSimulator/Devices/CC47DE7A-8196-4465-A5A5-BB852C9C6C82/data/Containers/Shared/SystemGroup/systemgroup.com.apple.installcoordinationd/Library/InstallCoordination/PromiseStaging/04D430FB-7AB2-491D-A1CF-DF4E93C4735F/NeonDrift.app with installed bundle at /Users/dragonkao/Library/Developer/CoreSimulator/Devices/CC47DE7A-8196-4465-A5A5-BB852C9C6C82/data/Containers/Bundle/Application/4D8F3D62-A9FC-4E09-AB99-FF7DB4158279/NeonDrift.app
2026-06-25 00:03:55.332 Df CoreSimulatorBridge[700:17e499] (MobileSystemServices) 0x16b70f000 MDMCreateDeltaDirectory: calling MDMDirectoryDiff with:
state->old_bundle: /Users/dragonkao/Library/Developer/CoreSimulator/Devices/CC47DE7A-8196-4465-A5A5-BB852C9C6C82/data/Containers/Bundle/Application/4D8F3D62-A9FC-4E09-AB99-FF7DB4158279/NeonDrift.app
state->new_bundle: /Users/dragonkao/.openclaw/workspace/382b9e3384298039b171c9b2a60ae644/NeonDrift_MVP/project/xcode_derived_data/Build/Products/Release-iphonesimulator/NeonDrift.app
state->dst_bundle: /Users/dragonkao/Library/Developer/CoreSimulator/Devices/CC47DE7A-8196-4465-A5A5-BB852C9C6C82/data/Containers/Shared/SystemGroup/systemgroup.com.apple.installcoordinationd/Library/InstallCoordination/PromiseStaging/04D430FB-7AB2-491D-A1CF-DF4E93C4735F/NeonDrift.app/Payload//NeonDrift.app, binaryDiff flag: FALSE
	dst_ipa: /Users/dragonkao/Library/Developer/CoreSimulator/Devices/CC47DE7A-8196-4465-A5A5-BB852C9C6C82/data/Containers/Shared/SystemGroup/systemgroup.com.apple.installcoordinationd/Library/InstallCoordination/PromiseStaging/04D43<…>
2026-06-25 00:03:55.334 Df CoreSimulatorBridge[700:17e499] [com.apple.installcoordination:framework] -[IXPromisedTransferToPath setComplete:]: <IXPromisedTransferToPath<0x105c91b80> name:"App Asset: com.DefaultCompany.NeonDrift" uuid:04D430FB-7AB2-491D-A1CF-DF4E93C4735F creator:"InstallCoordination Simple SPI" location:[system-defined]> Delta Copy operation from /Users/dragonkao/.openclaw/workspace/382b9e3384298039b171c9b2a60ae644/NeonDrift_MVP/project/xcode_derived_data/Build/Products/Release-iphonesimulator/NeonDrift.app to /Users/dragonkao/Library/Developer/CoreSimulator/Devices/CC47DE7A-8196-4465-A5A5-BB852C9C6C82/data/Containers/Shared/SystemGroup/systemgroup.com.apple.installcoordinationd/Library/InstallCoordination/PromiseStaging/04D430FB-7AB2-491D-A1CF-DF4E93C4735F/NeonDrift.app took 0.002122 seconds
2026-06-25 00:03:55.334 Df installcoordinationd[816:17ea20] [com.apple.installcoordination:daemon] -[IXSDataPromise _setPercentComplete:saveStateIfNeeded:]: Progress: <IXSPromisedTransferToPath(0x1060f9400) Name:App Asset: com.DefaultCompany.NeonDrift Creator:InstallCoordination Simple SPI UUID:04D430FB-7AB2-491D-A1CF-DF4E93C4735F Location:[system-defined]>
2026-06-25 00:03:55.334 Df installcoordinationd[816:17e9c3] [com.apple.appinstallation:TransactionLog] com.DefaultCompany.NeonDrift/Unknown Persona:4:10:1:1:App Asset Promise began. Coordinator State: IXAppCoordinationStatePlaceholderPromiseNotSet
2026-06-25 00:03:55.334 Df CoreSimulatorBridge[700:17e407] [com.apple.installcoordination:framework] -[IXAppInstallCoordinator _clientDelegate_promiseDidBeginFulfillmentWithIdentifier:]: <IXUpdatingAppInstallCoordinator<0x105c91e40> identity:[com.DefaultCompany.NeonDrift/Invalid/[system-defined]] uuid:9518E8E2-C46D-4BA5-B751-07D8267F26DE creator:InstallCoordination Simple SPI>: Got promise did begin fulfillment for identifier 2
2026-06-25 00:03:55.334 Df CoreSimulatorBridge[700:17e407] [com.apple.installcoordination:framework] -[IXAppInstallCoordinator _clientDelegate_promiseDidBeginFulfillmentWithIdentifier:]_block_invoke: <IXUpdatingAppInstallCoordinator<0x105c91e40> identity:[com.DefaultCompany.NeonDrift/Invalid/[system-defined]] uuid:9518E8E2-C46D-4BA5-B751-07D8267F26DE creator:InstallCoordination Simple SPI>: Observer <_IXSimpleInstallerDelegate 0x0x105c5b090> does not respond to coordinator:configuredPromiseDidBeginFulfillment: (or any deprecated equivalent)
2026-06-25 00:03:55.334 Df installcoordinationd[816:17f691] [com.apple.installcoordination:daemon] -[IXSCoordinatedAppInstall promiseDidComplete:]: <IXSCoordinatedAppInstall<0x106204000> [P=CoreSimulatorBridge (pid 700)] identifier:[com.DefaultCompany.NeonDrift/Invalid/[system-defined]] uuid:9518E8E2-C46D-4BA5-B751-07D8267F26DE intent:IXCoordinatorIntentUpdating creator/appDRI:InstallCoordination Simple SPI importance:UserWaiting state:IXAppCoordinationStatePlaceholderPromiseNotSet promise-state:0A2I4> : Promise completed: <IXSPromisedTransferToPath(0x1060f9400) Name:App Asset: com.DefaultCompany.NeonDrift Creator:InstallCoordination Simple SPI UUID:04D430FB-7AB2-491D-A1CF-DF4E93C4735F Location:[system-defined]>
2026-06-25 00:03:55.334 Df installcoordinationd[816:17f695] [com.apple.appinstallation:TransactionLog] com.DefaultCompany.NeonDrift/Unknown Persona:4:10:2:1:App Asset Promise completed. Coordinator State: IXAppCoordinationStatePlaceholderPromiseNotSet
2026-06-25 00:03:55.335 Df CoreSimulatorBridge[700:17f693] [com.apple.installcoordination:framework] -[IXAppInstallCoordinator _clientDelegate_didUpdateProgress:forPhase:overallProgress:]: <IXUpdatingAppInstallCoordinator<0x105c91e40> identity:[com.DefaultCompany.NeonDrift/Invalid/[system-defined]] uuid:9518E8E2-C46D-4BA5-B751-07D8267F26DE creator:InstallCoordination Simple SPI>: Got did update progress delegate with percentComplete 100.000000 phase IXCoordinatorProgressPhaseLoading overallProgress 60.000000
2026-06-25 00:03:55.335 Df CoreSimulatorBridge[700:17e407] [com.apple.installcoordination:framework] -[IXAppInstallCoordinator _clientDelegate_didUpdateProgress:forPhase:overallProgress:]_block_invoke: <IXUpdatingAppInstallCoordinator<0x105c91e40> identity:[com.DefaultCompany.NeonDrift/Invalid/[system-defined]] uuid:9518E8E2-C46D-4BA5-B751-07D8267F26DE creator:InstallCoordination Simple SPI>: Calling selector coordinator:didUpdateProgress:forPhase:overallProgress: on observer <_IXSimpleInstallerDelegate 0x0x105c5b090>
2026-06-25 00:03:55.335 Df installcoordinationd[816:17ea20] [com.apple.installcoordination:daemon] -[IXSCoordinatedAppInstall setPlaceholderPromise:]: <IXSCoordinatedAppInstall<0x106204000> [P=CoreSimulatorBridge (pid 700)] identifier:[com.DefaultCompany.NeonDrift/Invalid/[system-defined]] uuid:9518E8E2-C46D-4BA5-B751-07D8267F26DE intent:IXCoordinatorIntentUpdating creator/appDRI:InstallCoordination Simple SPI importance:UserWaiting state:IXAppCoordinationStateReadyForPlaceholderInstall promise-state:PA2I4> : Placeholder Promise set: <IXSPlaceholder(0x106124500) Name:App Placeholder: NeonDrift (com.DefaultCompany.NeonDrift) Creator:InstallCoordination Simple SPI UUID:C9AAE685-B792-44CE-989E-95EFAFDA97C2 Location:[system-defined]>
2026-06-25 00:03:55.335 Df installcoordinationd[816:17f691] [com.apple.installcoordination:daemon] -[IXSCoordinatedAppInstall promiseDidComplete:]: <IXSCoordinatedAppInstall<0x106204000> [P=CoreSimulatorBridge (pid 700)] identifier:[com.DefaultCompany.NeonDrift/Invalid/[system-defined]] uuid:9518E8E2-C46D-4BA5-B751-07D8267F26DE intent:IXCoordinatorIntentUpdating creator/appDRI:InstallCoordination Simple SPI importance:UserWaiting state:IXAppCoordinationStateReadyForPlaceholderInstall promise-state:PA2I4> : Promise completed: <IXSPlaceholder(0x106124500) Name:App Placeholder: NeonDrift (com.DefaultCompany.NeonDrift) Creator:InstallCoordination Simple SPI UUID:C9AAE685-B792-44CE-989E-95EFAFDA97C2 Location:[system-defined]>
2026-06-25 00:03:55.335 Df installcoordinationd[816:17ea20] [com.apple.installcoordination:daemon] -[IXSCoordinatedAppInstall _onQueue_acquireAssertionAndInstallPlaceholder]: Acquiring termination assertion to install placeholder for [com.DefaultCompany.NeonDrift/Invalid/[system-defined]]
2026-06-25 00:03:55.335 Df installcoordinationd[816:17ea20] [com.apple.installcoordination:daemon] -[IXSPendingOperationsTracker beginPendingOperationForIdentity:]_block_invoke: Beginning pending operation for [com.DefaultCompany.NeonDrift/Invalid/[system-defined]]
2026-06-25 00:03:55.336 Df runningboardd[671:17f617] [com.apple.runningboard:connection] Received termination request from [osservice<com.apple.installcoordinationd>:816] on <RBSProcessPredicate <RBSProcessBundleIdentifierPredicate "com.DefaultCompany.NeonDrift">> with context <RBSTerminateContext| explanation:installcoordinationd app:[com.DefaultCompany.NeonDrift/Invalid/[system-defined]] uuid:9518E8E2-C46D-4BA5-B751-07D8267F26DE isPlaceholder:Y reportType:None maxTerminationResistance:Absolute attrs:[
	<RBSPreventLaunchLimitation| <RBSProcessPredicate <RBSProcessBundleIdentifierPredicate "com.DefaultCompany.NeonDrift">> allow:(null)>
	]>
2026-06-25 00:03:55.336 Df runningboardd[671:17f616] [com.apple.runningboard:general] Found 0 extensions contained in com.DefaultCompany.NeonDrift
2026-06-25 00:03:55.336 Df installcoordinationd[816:17f691] [com.apple.runningboard:process] Hit the server for a process handle 117aefba00000379 that resolved to: [app<com.DefaultCompany.NeonDrift((null))>:889]
2026-06-25 00:03:55.336 Df installcoordinationd[816:17f691] [com.apple.runningboard:monitor] Received state update for 889 (app<com.DefaultCompany.NeonDrift((null))>, running-active-NotVisible
2026-06-25 00:03:55.336 Df runningboardd[671:17f616] [com.apple.PlugInKit:holds] <PKManager:0x109ca7760> hold request for [/Users/dragonkao/Library/Developer/CoreSimulator/Devices/CC47DE7A-8196-4465-A5A5-BB852C9C6C82/data/Containers/Bundle/Application/4D8F3D62-A9FC-4E09-AB99-FF7DB4158279/NeonDrift.app] with flags: 0x4
2026-06-25 00:03:55.337 Df NeonDrift[889:17ed42] [com.apple.PlugInKit:discovery] Annotations changed, re-performing query for continuous discovery, report block = <0x1191674e0>.
2026-06-25 00:03:55.337 Df NeonDrift[889:17ed43] [com.apple.PlugInKit:discovery] Annotations changed, re-performing query for continuous discovery, report block = <0x119167960>.
2026-06-25 00:03:55.337 Df runningboardd[671:17f616] [com.apple.PlugInKit:holds] <PKManager:0x109ca7760> hold request for [/Users/dragonkao/Library/Developer/CoreSimulator/Devices/CC47DE7A-8196-4465-A5A5-BB852C9C6C82/data/Containers/Bundle/Application/4D8F3D62-A9FC-4E09-AB99-FF7DB4158279/NeonDrift.app] with flags: 0x4 completed with hold token: [64135EAB-DF07-4165-988F-E96B0CDF274C]
2026-06-25 00:03:55.337 Df NeonDrift[889:17ed6a] [com.apple.PlugInKit:discovery] Annotations changed, re-performing query for continuous discovery, report block = <0x119167360>.
2026-06-25 00:03:55.337 Df runningboardd[671:17f616] [com.apple.runningboard:ttl] Acquiring assertion targeting system from originator [osservice<com.apple.installcoordinationd>:816] with description <RBSAssertionDescriptor| "installcoordinationd app:[com.DefaultCompany.NeonDrift/Invalid/[system-defined]] uuid:9518E8E2-C46D-4BA5-B751-07D8267F26DE isPlaceholder:Y" ID:671-816-621 target:system attributes:[
	<RBSPreventLaunchLimitation| <RBSProcessPredicate <RBSProcessBundleIdentifierPredicate "com.DefaultCompany.NeonDrift">> allow:(null)>
	]>
2026-06-25 00:03:55.337 Df NeonDrift[889:17ed43] [com.apple.PlugInKit:discovery] [d 7EFCF60D-2271-48A9-AA1F-C8C1809A2033] <PKHost:0x11915c500> Beginning discovery for flags: 0, point: com.apple.AudioUnit-Speech
2026-06-25 00:03:55.337 Df NeonDrift[889:17ed42] [com.apple.PlugInKit:discovery] [d 569BF602-FB64-4D9F-B62E-F876254D111A] <PKHost:0x11915c500> Beginning discovery for flags: 0, point: com.apple.AudioUnit-UI
2026-06-25 00:03:55.337 Df NeonDrift[889:17ed6a] [com.apple.PlugInKit:discovery] [d 9D5EF91B-C724-4DC4-82DC-710A4E0371F4] <PKHost:0x11915c500> Beginning discovery for flags: 0, point: com.apple.AudioUnit
2026-06-25 00:03:55.337 Df runningboardd[671:17f616] [com.apple.runningboard:process] Executing termination request for: <RBSProcessPredicate <RBSProcessBundleIdentifierPredicate "com.DefaultCompany.NeonDrift">>
2026-06-25 00:03:55.337 Df SpringBoard[668:17e385] [com.apple.SpringBoard:Common] termination assertion acquired for com.DefaultCompany.NeonDrift
2026-06-25 00:03:55.337 Df SpringBoard[668:17e385] [com.apple.SpringBoard:Icon] 0x108563c00-SBApplicationIcon Data source did change: <SBApplication: 0x125fe5f00; com.DefaultCompany.NeonDrift> {
    processState = <SBApplicationProcessState: 0x122567de0; pid: 889; taskState: Running; visibility: Foreground>;
} (SBApplication)
2026-06-25 00:03:55.337 Df runningboardd[671:17f616] [com.apple.runningboard:process] [app<com.DefaultCompany.NeonDrift((null))>:889] Terminating with context: <RBSTerminateContext| explanation:installcoordinationd app:[com.DefaultCompany.NeonDrift/Invalid/[system-defined]] uuid:9518E8E2-C46D-4BA5-B751-07D8267F26DE isPlaceholder:Y reportType:None maxTerminationResistance:Absolute attrs:[
	<RBSPreventLaunchLimitation| <RBSProcessPredicate <RBSProcessBundleIdentifierPredicate "com.DefaultCompany.NeonDrift">> allow:(null)>
	]>
2026-06-25 00:03:55.338 Df runningboardd[671:17f616] [com.apple.runningboard:process] [app<com.DefaultCompany.NeonDrift((null))>:889] terminate_with_reason() success
2026-06-25 00:03:55.338 Df backboardd[691:17f697] [com.apple.iohid:default] Connection removed: IOHIDEventSystemConnection uuid:37F3C93E-406A-4C4E-878B-A12D128CD349 pid:889 process:NeonDrift type:Passive entitlements:0x0 caller:BackBoardServices: ___getHIDEventSystemClient_block_invoke + 296 attributes:{
    HighFrequency = 0;
    bundleID = "com.DefaultCompany.NeonDrift";
    pid = 889;
} state:0x1 events:0 mask:0x0 dropped:0 dropStatus:0 droppedMask:0x0 lastDroppedTime:NONE
2026-06-25 00:03:55.338 Df SpringBoard[668:17e7df] [com.apple.FrontBoard:ProcessWorkspace] [app<com.DefaultCompany.NeonDrift>:889] Workspace connection invalidated.
2026-06-25 00:03:55.338 Df SpringBoard[668:17e7df] [com.apple.FrontBoard:Process] [app<com.DefaultCompany.NeonDrift>:889] Now flagged as pending exit for reason: workspace client connection invalidated
2026-06-25 00:03:55.338 Df backboardd[691:17f69a] [com.apple.iohid:default] Connection removed: IOHIDEventSystemConnection uuid:931B9B4C-F0F0-4666-9CD2-BD791F7D7A4C pid:889 process:NeonDrift type:Monitor entitlements:0x0 caller:GameControllerFoundation: -[GCHIDEventSystemClient initWithQueue:type:attributes:functions:] + 116 attributes:(null) state:0x1 events:0 mask:0x0 dropped:0 dropStatus:0 droppedMask:0x0 lastDroppedTime:NONE
2026-06-25 00:03:55.338 Df SpringBoard[668:17e7cf] [com.apple.KeyboardArbiter:Handle] com.DefaultCompany.NeonDrift(889) lostConnection (invalidation)
2026-06-25 00:03:55.339 Df backboardd[691:17f697] [com.apple.BackBoard:HID] Removing client connection <BKHIDClientConnection: 0x10af8fb40; IOHIDEventSystemConnectionRef: 0x10a12f800; vpid: 889(v61C2D); taskPort: 0x20F13; bundleID: com.DefaultCompany.NeonDrift> for client: IOHIDEventSystemConnection uuid:37F3C93E-406A-4C4E-878B-A12D128CD349 pid:889 process:NeonDrift type:Passive entitlements:0x0 caller:BackBoardServices: ___getHIDEventSystemClient_block_invoke + 296 attributes:{
    HighFrequency = 0;
    bundleID = "com.DefaultCompany.NeonDrift";
    pid = 889;
} state:0x1 events:0 mask:0x0 dropped:0 dropStatus:0 droppedMask:0x0 lastDroppedTime:NONE source:HID
2026-06-25 00:03:55.339 Df runningboardd[671:17f617] [com.apple.runningboard:process] XPC connection invalidated: [app<com.DefaultCompany.NeonDrift((null))>:889]
2026-06-25 00:03:55.339 Df SpringBoard[668:17e7cf] [com.apple.KeyboardArbiter:Handle] RX com.DefaultCompany.NeonDrift(889) setWindowContextID:0 windowState:Disabled level:0.0
    focusContext:(null)
2026-06-25 00:03:55.339 Df installcoordinationd[816:17ea20] [com.apple.runningboard:assertion] Setting up death monitor for [app<com.DefaultCompany.NeonDrift((null))>:889]
2026-06-25 00:03:55.339 Df installcoordinationd[816:17ea20] [com.apple.runningboard:process] Starting death monitoring for handle [app<com.DefaultCompany.NeonDrift((null))>:889]
2026-06-25 00:03:55.339 Df SpringBoard[668:17e385] [com.apple.SpringBoard:KeyboardFocus] [coordinator] using MRU target <com.apple.frontboard.systemappservices/FBSceneManager:sceneID%3Acom.DefaultCompany.NeonDrift-default pid:889>
2026-06-25 00:03:55.339 Df installcoordinationd[816:17e9c3] [com.apple.appinstallation:TransactionLog] com.DefaultCompany.NeonDrift/Unknown Persona:4:9:1:1:Placeholder Promise began. Coordinator State: IXAppCoordinationStateWaitingForPlaceholderAssertion
2026-06-25 00:03:55.339 Df installcoordinationd[816:17e9c3] [com.apple.installcoordination:daemon] -[IXSCoordinatorProgress setTotalUnitsCompleted:]: Progress for coordinator: [com.DefaultCompany.NeonDrift/Invalid/[system-defined]], Phase: IXCoordinatorProgressPhaseLoading, Percentage: 100.000000: Attempt to set units completed on finished progress: 100
2026-06-25 00:03:55.339 Df installcoordinationd[816:17e9c3] [com.apple.appinstallation:TransactionLog] com.DefaultCompany.NeonDrift/Unknown Persona:4:9:2:1:Placeholder Promise completed. Coordinator State: IXAppCoordinationStateWaitingForPlaceholderAssertion
2026-06-25 00:03:55.340 Df SpringBoard[668:17e385] [com.apple.SpringBoard:KeyboardFocus] [coordinator] informing scene controller 'com.apple.springboard' of focusTarget: <com.apple.frontboard.systemappservices/FBSceneManager:sceneID%3Acom.DefaultCompany.NeonDrift-default pid:889>
2026-06-25 00:03:55.340 Df CoreSimulatorBridge[700:17e407] [com.apple.installcoordination:framework] -[IXAppInstallCoordinator _clientDelegate_promiseDidBeginFulfillmentWithIdentifier:]: <IXUpdatingAppInstallCoordinator<0x105c91e40> identity:[com.DefaultCompany.NeonDrift/Invalid/[system-defined]] uuid:9518E8E2-C46D-4BA5-B751-07D8267F26DE creator:InstallCoordination Simple SPI>: Got promise did begin fulfillment for identifier 1
2026-06-25 00:03:55.340 Df CoreSimulatorBridge[700:17e407] [com.apple.installcoordination:framework] -[IXAppInstallCoordinator _clientDelegate_promiseDidBeginFulfillmentWithIdentifier:]_block_invoke: <IXUpdatingAppInstallCoordinator<0x105c91e40> identity:[com.DefaultCompany.NeonDrift/Invalid/[system-defined]] uuid:9518E8E2-C46D-4BA5-B751-07D8267F26DE creator:InstallCoordination Simple SPI>: Observer <_IXSimpleInstallerDelegate 0x0x105c5b090> does not respond to coordinator:configuredPromiseDidBeginFulfillment: (or any deprecated equivalent)
2026-06-25 00:03:55.340 Df SpringBoard[668:17e385] [com.apple.SpringBoard:KeyboardFocus] [coordinator] keyboard arbiter suggested <nothing> and we replied <com.apple.frontboard.systemappservices/FBSceneManager:sceneID%3Acom.DefaultCompany.NeonDrift-default pid:889>
2026-06-25 00:03:55.340 E  SpringBoard[668:17f69c] [com.apple.UIKit:KeyboardArbiter] Advisor: No handle found for currently focused PID: 889; sceneIdentity: com.apple.frontboard.systemappservices/FBSceneManager:sceneID%3Acom.DefaultCompany.NeonDrift-default
2026-06-25 00:03:55.340 Df backboardd[691:17e3e7] [com.apple.BackBoard:EventDelivery] chain did update (setDeferringRules) <keyboardFocus; display: null> containsEndOfChain: YES; [
    <token: com.apple.frontboard.systemappservices/FBSceneManager:com.apple.springboard; pid: 668>,
    <token: com.apple.frontboard.systemappservices/FBSceneManager:sceneID%3Acom.DefaultCompany.NeonDrift-default; pid: 889>
]
2026-06-25 00:03:55.340 Df backboardd[691:17e3e7] [com.apple.BackBoard:EventDelivery] chain did update (setDeferringRules) <keyboardFocus; display: builtin> containsEndOfChain: YES; [
    <token: com.apple.frontboard.systemappservices/FBSceneManager:com.apple.springboard; pid: 668>,
    <token: com.apple.frontboard.systemappservices/FBSceneManager:sceneID%3Acom.DefaultCompany.NeonDrift-default; pid: 889>
]
2026-06-25 00:03:55.359 Df launchd_sim[658:17ef49] [user/501/UIKitApplication:com.DefaultCompany.NeonDrift[856c][rb-legacy] [889]:] exited with exit reason (namespace: 15 code: 0x0) - OS_REASON_RUNNINGBOARD | <RBSTerminateContext| explanation:installcoordinationd app:[com.DefaultCompany.NeonDrift/Invalid/[system-defined]] uuid:9518E8E2-C46D-4BA5-B751-07D8267F26DE isPlaceholder:Y reportType:None maxTerminationResistance:Absolute attrs:[
	<RBSPreventLaunchLimitation| <RBSProcessPredicate <RBSProcessBundleIdentifierPredicate "com.DefaultCompany.NeonDrift">> allow:(null)>
	]>, ran for 22761ms
2026-06-25 00:03:55.359 Df launchd_sim[658:17ef49] [user/501:] service inactive: UIKitApplication:com.DefaultCompany.NeonDrift[856c][rb-legacy]
2026-06-25 00:03:55.359 Df runningboardd[671:17f536] [com.apple.runningboard:ttl] [app<com.DefaultCompany.NeonDrift((null))>:889] termination reported by launchd (15, 0, 9)
2026-06-25 00:03:55.359 Df runningboardd[671:17f536] [com.apple.runningboard:process] Removing process: [app<com.DefaultCompany.NeonDrift((null))>:889]
2026-06-25 00:03:55.359 Df runningboardd[671:17f536] [com.apple.runningboard:job] Removing launch job for: [app<com.DefaultCompany.NeonDrift((null))>:889]
2026-06-25 00:03:55.359 Df launchd_sim[658:17f4bd] [user/501:] removing service: UIKitApplication:com.DefaultCompany.NeonDrift[856c][rb-legacy]
2026-06-25 00:03:55.359 Df runningboardd[671:17f536] [com.apple.runningboard:job] Removed job for [app<com.DefaultCompany.NeonDrift((null))>:889]
2026-06-25 00:03:55.359 Df runningboardd[671:17f536] [com.apple.runningboard:process] Removing assertions for terminated process: [app<com.DefaultCompany.NeonDrift((null))>:889]
2026-06-25 00:03:55.359 Df runningboardd[671:17f536] [com.apple.runningboard:assertion] Removed last relative-start-date-defining assertion for process app<com.DefaultCompany.NeonDrift((null))>
2026-06-25 00:03:55.360 Df runningboardd[671:17f536] [com.apple.runningboard:monitor] Calculated state for app<com.DefaultCompany.NeonDrift((null))>: none (role: None) (endowments: (null))
2026-06-25 00:03:55.360 Df runningboardd[671:17f616] [com.apple.runningboard:process] Notifying connection [osservice<com.apple.SpringBoard>:668] that process [app<com.DefaultCompany.NeonDrift((null))>:889] exited with context <RBSProcessExitContext| specific, status:<RBSProcessExitStatus| domain:runningboard(15) code:0>>
2026-06-25 00:03:55.360 Df runningboardd[671:17f616] [com.apple.runningboard:process] Notifying connection [osservice<com.apple.installcoordinationd>:816] that process [app<com.DefaultCompany.NeonDrift((null))>:889] exited with context <RBSProcessExitContext| specific, status:<RBSProcessExitStatus| domain:runningboard(15) code:0>>
2026-06-25 00:03:55.360 Df SpringBoard[668:17ecc0] [com.apple.FrontBoard:ProcessWorkspace] [app<com.DefaultCompany.NeonDrift>:889] Workspace assertion invalidated: <NSError: 0x108c4c900; domain: RBSAssertionErrorDomain; code: 1; "Assertions were invalidated, count = 3.
671-668-315: invalidation reason: 1
671-668-316: invalidation reason: 1
671-668-326: invalidation reason: 1">
2026-06-25 00:03:55.360 Df runningboardd[671:17f616] [com.apple.runningboard:monitor] Calculated state for app<com.DefaultCompany.NeonDrift((null))>: none (role: None) (endowments: (null))
2026-06-25 00:03:55.360 Df SpringBoard[668:17ecc0] [com.apple.runningboard:process] Calling process death completion block for handle [app<com.DefaultCompany.NeonDrift((null))>:889]
2026-06-25 00:03:55.360 Df installcoordinationd[816:17ea20] [com.apple.runningboard:process] Calling process death completion block for handle [app<com.DefaultCompany.NeonDrift((null))>:889]
2026-06-25 00:03:55.360 Df SpringBoard[668:17e622] [com.apple.runningboard:monitor] Received state update for 889 (app<com.DefaultCompany.NeonDrift((null))>, none-NotVisible
2026-06-25 00:03:55.360 Df SpringBoard[668:17ecc0] [com.apple.FrontBoard:Process] [app<com.DefaultCompany.NeonDrift>:889] Process exited: <RBSProcessExitContext| specific, status:<RBSProcessExitStatus| domain:runningboard(15) code:0>>.
2026-06-25 00:03:55.360 Df SpringBoard[668:17ecc0] [com.apple.FrontBoard:Process] [app<com.DefaultCompany.NeonDrift>:889] Setting process task state to: Not Running
2026-06-25 00:03:55.360 Df installcoordinationd[816:17ea20] [com.apple.runningboard:assertion] Death monitor triggered for [app<com.DefaultCompany.NeonDrift((null))>:889]
2026-06-25 00:03:55.360 Df SpringBoard[668:17ecc0] [com.apple.FrontBoard:Process] [app<com.DefaultCompany.NeonDrift>:889] Setting process visibility to: Unknown
2026-06-25 00:03:55.360 Df installcoordinationd[816:17f695] [com.apple.runningboard:monitor] Received state update for 889 (app<com.DefaultCompany.NeonDrift((null))>, none-NotVisible
2026-06-25 00:03:55.360 Df SpringBoard[668:17e622] [com.apple.FrontBoard:ProcessWorkspace] [app<com.DefaultCompany.NeonDrift>:889] Invalidating workspace.
2026-06-25 00:03:55.360 Df installcoordinationd[816:17ea20] [com.apple.installcoordination:daemon] -[IXSCoordinatedAppInstall assertionAcquiredCallback]: RBS termination assertion observer called for <IXSCoordinatedAppInstall<0x106204000> [P=CoreSimulatorBridge (pid 700)] identifier:[com.DefaultCompany.NeonDrift/Invalid/[system-defined]] uuid:9518E8E2-C46D-4BA5-B751-07D8267F26DE intent:IXCoordinatorIntentUpdating creator/appDRI:InstallCoordination Simple SPI importance:UserWaiting state:IXAppCoordinationStateWaitingForPlaceholderAssertion promise-state:PA2I4>
2026-06-25 00:03:55.360 Df locationd[694:17e45e] [com.apple.runningboard:monitor] Received state update for 889 (app<com.DefaultCompany.NeonDrift((null))>, none-NotVisible
2026-06-25 00:03:55.360 Df SpringBoard[668:17e622] [com.apple.FrontBoard:ProcessWorkspace] Removing source registration for processHandle: [app<com.DefaultCompany.NeonDrift((null))>:889]
2026-06-25 00:03:55.360 Df locationd[694:17e45d] [com.apple.locationd.Core:Core] {"msg":"RBS #AppMonitor process monitor update handler invoked", "pid":889, "bundleID":com.DefaultCompany.NeonDrift, "state":1}
2026-06-25 00:03:55.360 Df mediaremoted[675:17e810] [com.apple.runningboard:monitor] Received state update for 889 (app<com.DefaultCompany.NeonDrift((null))>, none-NotVisible
2026-06-25 00:03:55.360 Df SpringBoard[668:17e622] [com.apple.FrontBoard:ProcessScene] [0x125635800:(FBSceneManager):sceneID:com.DefaultCompany.NeonDrift-default] Invalidated for connection: 0x11fcb48a0.
2026-06-25 00:03:55.360 Df locationd[694:17f25c] [com.apple.runningboard:monitor] Received state update for 889 (app<com.DefaultCompany.NeonDrift((null))>, none-NotVisible
2026-06-25 00:03:55.360 Df locationd[694:17e45e] [com.apple.locationd.Core:Core] {"msg":"RBS #dic AppMonitor received Termination", "pid":889, "bundleId":com.DefaultCompany.NeonDrift, "isUserKill":0}
2026-06-25 00:03:55.360 Df locationd[694:17e45e] [com.apple.locationd.Core:Core] {"msg":"RBS #AppMonitor Post Application State Change Notification", "notification":Terminated, "pid":889, "bundleId":com.DefaultCompany.NeonDrift}
2026-06-25 00:03:55.360 Df installcoordinationd[816:17f691] [com.apple.runningboard:monitor] Received state update for 889 (app<com.DefaultCompany.NeonDrift((null))>, none-NotVisible
2026-06-25 00:03:55.360 Df mediaremoted[675:17e810] [com.apple.runningboard:monitor] Received state update for 889 (app<com.DefaultCompany.NeonDrift((null))>, none-NotVisible
2026-06-25 00:03:55.360 Df locationd[694:17f25c] [com.apple.locationd.Core:Core] {"msg":"#Warning #ClientResolution the passed keyPath is not registered. Resolving to #nullCKP", "InputCKP":icom.DefaultCompany.NeonDrift:}
2026-06-25 00:03:55.360 Df locationd[694:17f25c] [com.apple.locationd.Core:Core] {"msg":"#CLIUA AppMonitor notification", "notification":1, "pid":889, "bundleId":com.DefaultCompany.NeonDrift, "ClientKey":icom.DefaultCompany.NeonDrift:}
