2026-06-25 01:08:28.927 Df sleepd[26416:1e52ab] [com.apple.launchservices:appinstallation] LaunchServices observer: Will install (
    "<LSApplicationProxy: 0x101a683c0> com.DefaultCompany.NeonDrift file:///Users/dragonkao/Library/Developer/CoreSimulator/Devices/CC47DE7A-8196-4465-A5A5-BB852C9C6C82/data/Containers/Bundle/Application/50DCCD82-57E9-4983-A7AB-CDD3D8C9AE47/NeonDrift.app/ <com.DefaultCompany.NeonDrift <installed >:0>"
)
2026-06-25 01:08:28.927 Df locationd[26413:1e5ebf] [com.apple.launchservices:appinstallation] LaunchServices observer: Will install (
    "<LSApplicationProxy: 0x103380600> com.DefaultCompany.NeonDrift file:///Users/dragonkao/Library/Developer/CoreSimulator/Devices/CC47DE7A-8196-4465-A5A5-BB852C9C6C82/data/Containers/Bundle/Application/50DCCD82-57E9-4983-A7AB-CDD3D8C9AE47/NeonDrift.app/ <com.DefaultCompany.NeonDrift <installed >:0>"
)
2026-06-25 01:08:28.927 Df financed[26468:1e52e7] [com.apple.launchservices:appinstallation] LaunchServices observer: Will install (
    "<LSApplicationProxy: 0x109a03b40> com.DefaultCompany.NeonDrift file:///Users/dragonkao/Library/Developer/CoreSimulator/Devices/CC47DE7A-8196-4465-A5A5-BB852C9C6C82/data/Containers/Bundle/Application/50DCCD82-57E9-4983-A7AB-CDD3D8C9AE47/NeonDrift.app/ <com.DefaultCompany.NeonDrift <installed >:0>"
)
2026-06-25 01:08:28.927 Df deviceaccessd[26518:1e52de] [com.apple.launchservices:appinstallation] LaunchServices observer: Will install (
    "<LSApplicationProxy: 0x102178000> com.DefaultCompany.NeonDrift file:///Users/dragonkao/Library/Developer/CoreSimulator/Devices/CC47DE7A-8196-4465-A5A5-BB852C9C6C82/data/Containers/Bundle/Application/50DCCD82-57E9-4983-A7AB-CDD3D8C9AE47/NeonDrift.app/ <com.DefaultCompany.NeonDrift <installed >:0>"
)
2026-06-25 01:08:28.927 Df SpringBoard[26387:1cb363] [com.apple.SpringBoard:Common] termination assertion released for com.DefaultCompany.NeonDrift
2026-06-25 01:08:28.927 Df liveactivitiesd[26455:1e52b9] [com.apple.launchservices:appinstallation] LaunchServices observer: Will install (
    "<LSApplicationProxy: 0x103a95740> com.DefaultCompany.NeonDrift file:///Users/dragonkao/Library/Developer/CoreSimulator/Devices/CC47DE7A-8196-4465-A5A5-BB852C9C6C82/data/Containers/Bundle/Application/50DCCD82-57E9-4983-A7AB-CDD3D8C9AE47/NeonDrift.app/ <com.DefaultCompany.NeonDrift <installed >:0>"
)
2026-06-25 01:08:28.927 Df SpringBoard[26387:1cb363] [com.apple.SpringBoard:Icon] 0x10c11fa80-SBApplicationIcon Data source did change: <SBApplication: 0x127380e00; com.DefaultCompany.NeonDrift> {
} (SBApplication)
2026-06-25 01:08:28.927 Df SpringBoard[26387:1e621b] [com.apple.frontboard.ApplicationLibrary:observer] -[FBSApplicationLibrary applicationsWillInstall:] com.DefaultCompany.NeonDrift
2026-06-25 01:08:28.927 Df installd[26551:1e6202] (MobileSystemServices) 0x16f5bb000 -[MIClientConnection _doInstallationForURL:identity:domain:options:operationType:completion:]: Install of "/Users/dragonkao/Library/Developer/CoreSimulator/Devices/CC47DE7A-8196-4465-A5A5-BB852C9C6C82/data/Containers/Shared/SystemGroup/systemgroup.com.apple.installcoordinationd/Library/InstallCoordination/PromiseStaging/4E6AFE37-4738-4692-8CDD-C0DEC111CE1C/NeonDrift.app" type Developer (LSInstallType = 0, Domain: MIInstallationDomainDefault) requested by installcoordinationd (pid 26540 (501/20))
2026-06-25 01:08:28.928 Df SpringBoard[26387:1cb363] [com.apple.launchservices:progress] Got progress <NSProgress: com.DefaultCompany.NeonDrift phase=InstallingPlaceholder; state=Finished; finalPhase=Installing; fractionCompleted=0.000000> for app com.DefaultCompany.NeonDrift,
2026-06-25 01:08:28.929 Df CoreSimulatorBridge[26419:1e61bf] [com.apple.installcoordination:framework] -[IXAppInstallCoordinator _clientDelegate_didUpdateProgress:forPhase:overallProgress:]: <IXUpdatingAppInstallCoordinator<0x103491c00> identity:[com.DefaultCompany.NeonDrift/Invalid/[system-defined]] uuid:B0B77891-5A9F-4B98-A37D-C6956A380A0C creator:InstallCoordination Simple SPI>: Got did update progress delegate with percentComplete 5.000000 phase IXCoordinatorProgressPhaseInstalling overallProgress 62.000000
2026-06-25 01:08:28.929 Df CoreSimulatorBridge[26419:1e61bf] [com.apple.installcoordination:framework] -[IXAppInstallCoordinator _clientDelegate_didUpdateProgress:forPhase:overallProgress:]: <IXUpdatingAppInstallCoordinator<0x103491c00> identity:[com.DefaultCompany.NeonDrift/Invalid/[system-defined]] uuid:B0B77891-5A9F-4B98-A37D-C6956A380A0C creator:InstallCoordination Simple SPI>: Got did update progress delegate with percentComplete 15.000000 phase IXCoordinatorProgressPhaseInstalling overallProgress 66.000000
2026-06-25 01:08:28.929 Df CoreSimulatorBridge[26419:1e61be] [com.apple.installcoordination:framework] -[IXAppInstallCoordinator _clientDelegate_didUpdateProgress:forPhase:overallProgress:]_block_invoke: <IXUpdatingAppInstallCoordinator<0x103491c00> identity:[com.DefaultCompany.NeonDrift/Invalid/[system-defined]] uuid:B0B77891-5A9F-4B98-A37D-C6956A380A0C creator:InstallCoordination Simple SPI>: Calling selector coordinator:didUpdateProgress:forPhase:overallProgress: on observer <_IXSimpleInstallerDelegate 0x0x1034596e0>
2026-06-25 01:08:28.929 Df CoreSimulatorBridge[26419:1e61bf] [com.apple.installcoordination:framework] -[IXAppInstallCoordinator _clientDelegate_didUpdateProgress:forPhase:overallProgress:]: <IXUpdatingAppInstallCoordinator<0x103491c00> identity:[com.DefaultCompany.NeonDrift/Invalid/[system-defined]] uuid:B0B77891-5A9F-4B98-A37D-C6956A380A0C creator:InstallCoordination Simple SPI>: Got did update progress delegate with percentComplete 20.000000 phase IXCoordinatorProgressPhaseInstalling overallProgress 68.000000
2026-06-25 01:08:28.929 Df CoreSimulatorBridge[26419:1e61be] [com.apple.installcoordination:framework] -[IXAppInstallCoordinator _clientDelegate_didUpdateProgress:forPhase:overallProgress:]_block_invoke: <IXUpdatingAppInstallCoordinator<0x103491c00> identity:[com.DefaultCompany.NeonDrift/Invalid/[system-defined]] uuid:B0B77891-5A9F-4B98-A37D-C6956A380A0C creator:InstallCoordination Simple SPI>: Calling selector coordinator:didUpdateProgress:forPhase:overallProgress: on observer <_IXSimpleInstallerDelegate 0x0x1034596e0>
2026-06-25 01:08:28.929 Df CoreSimulatorBridge[26419:1e61be] [com.apple.installcoordination:framework] -[IXAppInstallCoordinator _clientDelegate_didUpdateProgress:forPhase:overallProgress:]_block_invoke: <IXUpdatingAppInstallCoordinator<0x103491c00> identity:[com.DefaultCompany.NeonDrift/Invalid/[system-defined]] uuid:B0B77891-5A9F-4B98-A37D-C6956A380A0C creator:InstallCoordination Simple SPI>: Calling selector coordinator:didUpdateProgress:forPhase:overallProgress: on observer <_IXSimpleInstallerDelegate 0x0x1034596e0>
2026-06-25 01:08:28.930 Df installd[26551:1e6202] [com.apple.containermanager:xpc] Query; euid = 501, uid = 501, class = 1, identifier = [com.DefaultCompany.NeonDrift](1), flags = 300000002
2026-06-25 01:08:28.931 Df installd[26551:1e6202] [com.apple.containermanager:xpc] Query; euid = 501, uid = 501, class = 1, identifier = [com.DefaultCompany.NeonDrift](1), flags = 300000002
2026-06-25 01:08:28.933 Df installd[26551:1e6202] [com.apple.containermanager:xpc] Query; euid = 501, uid = 501, class = 1, identifier = [com.DefaultCompany.NeonDrift](1), flags = 300000002
2026-06-25 01:08:28.933 Df installcoordinationd[26540:1e521e] [com.apple.installcoordination:daemon] -[IXSCoordinatorProgress setTotalUnitsCompleted:]: Progress for coordinator: [com.DefaultCompany.NeonDrift/Invalid/[system-defined]], Phase: IXCoordinatorProgressPhaseInstalling, Percentage: 20.000000: Attempt to set units completed on finished progress: 20
2026-06-25 01:08:28.934 Df installd[26551:1e6202] [com.apple.containermanager:xpc] Query; euid = 501, uid = 501, class = 1, identifier = [com.DefaultCompany.NeonDrift](1), flags = 300000002
2026-06-25 01:08:28.935 Df installd[26551:1e6202] (MobileSystemServices) 0x16f5bb000 -[MIInstaller _installInstallable:containingSymlink:error:]: Installing <MIInstallableBundle ID=com.DefaultCompany.NeonDrift; Persona=com.apple.containermanager.primary-persona, Version=0, ShortVersion=1.0>
2026-06-25 01:08:28.935 Df installd[26551:1e6202] [com.apple.appinstallation:TransactionLog] com.DefaultCompany.NeonDrift/com.apple.containermanager.primary-persona:7:1:1:1:Start : Install (Patch Update)
2026-06-25 01:08:28.936 Df installd[26551:1e6202] (MobileSystemServices) 0x16f5bb000 -[MIInstallable applyPatchWithError:]: Attempting Delta patch update of com.DefaultCompany.NeonDrift from 0 (1.0) to 0 (1.0)
2026-06-25 01:08:28.936 Df CoreSimulatorBridge[26419:1e61bf] [com.apple.installcoordination:framework] -[IXAppInstallCoordinator _clientDelegate_didUpdateProgress:forPhase:overallProgress:]: <IXUpdatingAppInstallCoordinator<0x103491c00> identity:[com.DefaultCompany.NeonDrift/Invalid/[system-defined]] uuid:B0B77891-5A9F-4B98-A37D-C6956A380A0C creator:InstallCoordination Simple SPI>: Got did update progress delegate with percentComplete 30.000000 phase IXCoordinatorProgressPhaseInstalling overallProgress 72.000000
2026-06-25 01:08:28.936 Df CoreSimulatorBridge[26419:1e61bf] [com.apple.installcoordination:framework] -[IXAppInstallCoordinator _clientDelegate_didUpdateProgress:forPhase:overallProgress:]: <IXUpdatingAppInstallCoordinator<0x103491c00> identity:[com.DefaultCompany.NeonDrift/Invalid/[system-defined]] uuid:B0B77891-5A9F-4B98-A37D-C6956A380A0C creator:InstallCoordination Simple SPI>: Got did update progress delegate with percentComplete 35.000000 phase IXCoordinatorProgressPhaseInstalling overallProgress 74.000000
2026-06-25 01:08:28.936 Df CoreSimulatorBridge[26419:1e61be] [com.apple.installcoordination:framework] -[IXAppInstallCoordinator _clientDelegate_didUpdateProgress:forPhase:overallProgress:]_block_invoke: <IXUpdatingAppInstallCoordinator<0x103491c00> identity:[com.DefaultCompany.NeonDrift/Invalid/[system-defined]] uuid:B0B77891-5A9F-4B98-A37D-C6956A380A0C creator:InstallCoordination Simple SPI>: Calling selector coordinator:didUpdateProgress:forPhase:overallProgress: on observer <_IXSimpleInstallerDelegate 0x0x1034596e0>
2026-06-25 01:08:28.936 Df CoreSimulatorBridge[26419:1e61be] [com.apple.installcoordination:framework] -[IXAppInstallCoordinator _clientDelegate_didUpdateProgress:forPhase:overallProgress:]_block_invoke: <IXUpdatingAppInstallCoordinator<0x103491c00> identity:[com.DefaultCompany.NeonDrift/Invalid/[system-defined]] uuid:B0B77891-5A9F-4B98-A37D-C6956A380A0C creator:InstallCoordination Simple SPI>: Calling selector coordinator:didUpdateProgress:forPhase:overallProgress: on observer <_IXSimpleInstallerDelegate 0x0x1034596e0>
2026-06-25 01:08:28.936 Df PosterBoard[26491:1e52c9] [com.apple.launchservices:appinstallation] LaunchServices observer: InstallsStarted (
    "<LSApplicationProxy: 0x109e74b40> com.DefaultCompany.NeonDrift file:///Users/dragonkao/Library/Developer/CoreSimulator/Devices/CC47DE7A-8196-4465-A5A5-BB852C9C6C82/data/Containers/Bundle/Application/50DCCD82-57E9-4983-A7AB-CDD3D8C9AE47/com.apple.mobileinstallation.placeholder/ <com.DefaultCompany.NeonDrift <placeholder >:1>"
)
2026-06-25 01:08:28.941 Df SpringBoard[26387:1cb363] [com.apple.frontboard.ApplicationLibrary:sb.placeholder] App placeholder proxies added: (
    "<SBApplicationPlaceholderProxy: 0x12b552c00; com.DefaultCompany.NeonDrift (NeonDrift); LSInstallType: StoreDownload>"
), currentlyKnownExistingPlaceholders: {
}
2026-06-25 01:08:28.941 Df SpringBoard[26387:1cb363] [com.apple.appinstallation:TransactionLog] com.DefaultCompany.NeonDrift/Unknown Persona:10:0:1:1:Placeholder add BEGIN
2026-06-25 01:08:28.942 Df SpringBoard[26387:1cb363] [com.apple.SpringBoard:Icon] <<SBLeafIcon:0x10c11fa80 [com.DefaultCompany.NeonDrift]>> Changing active data source: <SBApplicationIcon: 0x10c11fa80; nodeID: com.DefaultCompany.NeonDrift; bundleID: com.DefaultCompany.NeonDrift>
2026-06-25 01:08:28.942 Df SpringBoard[26387:1cb363] [com.apple.SpringBoard:Icon] <<SBLeafIcon:0x10c11fa80 [com.DefaultCompany.NeonDrift]>> Changing from data souce: com.DefaultCompany.NeonDrift to data source:com.DefaultCompany.NeonDrift.
2026-06-25 01:08:28.943 Df SpringBoard[26387:1cb363] [com.apple.appinstallation:TransactionLog] com.DefaultCompany.NeonDrift/Unknown Persona:10:1:3:1:Created icon for placeholder.
2026-06-25 01:08:28.943 Df SpringBoard[26387:1cb363] [com.apple.frontboard.ApplicationLibrary:sb.placeholder] Placeholders added: (
    "<SBApplicationPlaceholder: 0x127396190; bundleIdentifier: com.DefaultCompany.NeonDrift; displayName: NeonDrift; progress: 60%; state: Installing; canPromote?: YES>"
), modified: (
), removed: (null)
2026-06-25 01:08:28.943 Df SpringBoard[26387:1cb363] [com.apple.SpringBoard:Common] termination assertion acquired for com.DefaultCompany.NeonDrift
2026-06-25 01:08:28.944 Df PosterBoard[26491:1e52c9] [com.apple.launchservices:appinstallation] LaunchServices observer: MetadataUpdate (
    "com.DefaultCompany.NeonDrift"
)
2026-06-25 01:08:28.945 Df PosterBoard[26491:1e52c9] [com.apple.launchservices:appinstallation] LaunchServices observer: InstallsStarted (
    "<LSApplicationProxy: 0x109e75440> com.DefaultCompany.NeonDrift file:///Users/dragonkao/Library/Developer/CoreSimulator/Devices/CC47DE7A-8196-4465-A5A5-BB852C9C6C82/data/Containers/Bundle/Application/50DCCD82-57E9-4983-A7AB-CDD3D8C9AE47/com.apple.mobileinstallation.placeholder/ <com.DefaultCompany.NeonDrift <placeholder >:1>"
)
2026-06-25 01:08:28.945 Df PosterBoard[26491:1e52c9] [com.apple.launchservices:appinstallation] LaunchServices observer: Will install (
    "<LSApplicationProxy: 0x109e74240> com.DefaultCompany.NeonDrift file:///Users/dragonkao/Library/Developer/CoreSimulator/Devices/CC47DE7A-8196-4465-A5A5-BB852C9C6C82/data/Containers/Bundle/Application/50DCCD82-57E9-4983-A7AB-CDD3D8C9AE47/NeonDrift.app/ <com.DefaultCompany.NeonDrift <installed >:0>"
)
2026-06-25 01:08:28.945 Df SpringBoard[26387:1cb363] [com.apple.appinstallation:TransactionLog] com.DefaultCompany.NeonDrift/Unknown Persona:10:2:3:1:Reloading icon image.
2026-06-25 01:08:28.959 Df installd[26551:1e6202] [com.apple.containermanager:query] Query; euid = 501, uid = 501, class = 4, identifier = [com.DefaultCompany.NeonDrift](1), flags = 300000002
2026-06-25 01:08:28.959 Df CoreSimulatorBridge[26419:1e61bf] [com.apple.installcoordination:framework] -[IXAppInstallCoordinator _clientDelegate_didUpdateProgress:forPhase:overallProgress:]: <IXUpdatingAppInstallCoordinator<0x103491c00> identity:[com.DefaultCompany.NeonDrift/Invalid/[system-defined]] uuid:B0B77891-5A9F-4B98-A37D-C6956A380A0C creator:InstallCoordination Simple SPI>: Got did update progress delegate with percentComplete 40.000000 phase IXCoordinatorProgressPhaseInstalling overallProgress 76.000000
2026-06-25 01:08:28.959 Df CoreSimulatorBridge[26419:1e61bf] [com.apple.installcoordination:framework] -[IXAppInstallCoordinator _clientDelegate_didUpdateProgress:forPhase:overallProgress:]_block_invoke: <IXUpdatingAppInstallCoordinator<0x103491c00> identity:[com.DefaultCompany.NeonDrift/Invalid/[system-defined]] uuid:B0B77891-5A9F-4B98-A37D-C6956A380A0C creator:InstallCoordination Simple SPI>: Calling selector coordinator:didUpdateProgress:forPhase:overallProgress: on observer <_IXSimpleInstallerDelegate 0x0x1034596e0>
2026-06-25 01:08:28.960 Df installd[26551:1e6202] [com.apple.containermanager:query] Query; euid = 501, uid = 501, class = 4, identifier = [com.DefaultCompany.NeonDrift](1), flags = 300000002
2026-06-25 01:08:28.960 Df installd[26551:1e6202] [com.apple.containermanager:xpc] Query; euid = 501, uid = 501, class = 1, identifier = [com.DefaultCompany.NeonDrift](1), flags = 300000003
2026-06-25 01:08:28.960 Df CoreSimulatorBridge[26419:1e61bf] [com.apple.installcoordination:framework] -[IXAppInstallCoordinator _clientDelegate_didUpdateProgress:forPhase:overallProgress:]: <IXUpdatingAppInstallCoordinator<0x103491c00> identity:[com.DefaultCompany.NeonDrift/Invalid/[system-defined]] uuid:B0B77891-5A9F-4B98-A37D-C6956A380A0C creator:InstallCoordination Simple SPI>: Got did update progress delegate with percentComplete 50.000000 phase IXCoordinatorProgressPhaseInstalling overallProgress 80.000000
2026-06-25 01:08:28.960 Df CoreSimulatorBridge[26419:1e61bf] [com.apple.installcoordination:framework] -[IXAppInstallCoordinator _clientDelegate_didUpdateProgress:forPhase:overallProgress:]_block_invoke: <IXUpdatingAppInstallCoordinator<0x103491c00> identity:[com.DefaultCompany.NeonDrift/Invalid/[system-defined]] uuid:B0B77891-5A9F-4B98-A37D-C6956A380A0C creator:InstallCoordination Simple SPI>: Calling selector coordinator:didUpdateProgress:forPhase:overallProgress: on observer <_IXSimpleInstallerDelegate 0x0x1034596e0>
2026-06-25 01:08:28.960 E  containermanagerd_system[26435:1e5294] [com.apple.containermanager:schema] [com.DefaultCompany.NeonDrift(1)] Current schema version (1) is newer than the latest (0), ignoring.
2026-06-25 01:08:28.961 Df containermanagerd_system[26435:1e5294] [com.apple.containermanager:schema] [u 092D20FC-BE4D-48EB-B470-7723766E12DE:p 5C3E7DF8-9200-455F-BE0A-FE5FCD10077A:c com.DefaultCompany.NeonDrift(1):i28736723] Successfully updated schema from (0) → (0), actions count = 0
2026-06-25 01:08:28.962 Df installd[26551:1e6202] [com.apple.containermanager:xpc] Query; euid = 501, uid = 501, class = 1, identifier = [com.DefaultCompany.NeonDrift](1), flags = 300000002
2026-06-25 01:08:28.962 Df CoreSimulatorBridge[26419:1e61be] [com.apple.installcoordination:framework] -[IXAppInstallCoordinator _clientDelegate_didUpdateProgress:forPhase:overallProgress:]: <IXUpdatingAppInstallCoordinator<0x103491c00> identity:[com.DefaultCompany.NeonDrift/Invalid/[system-defined]] uuid:B0B77891-5A9F-4B98-A37D-C6956A380A0C creator:InstallCoordination Simple SPI>: Got did update progress delegate with percentComplete 60.000000 phase IXCoordinatorProgressPhaseInstalling overallProgress 84.000000
2026-06-25 01:08:28.962 Df CoreSimulatorBridge[26419:1e61be] [com.apple.installcoordination:framework] -[IXAppInstallCoordinator _clientDelegate_didUpdateProgress:forPhase:overallProgress:]_block_invoke: <IXUpdatingAppInstallCoordinator<0x103491c00> identity:[com.DefaultCompany.NeonDrift/Invalid/[system-defined]] uuid:B0B77891-5A9F-4B98-A37D-C6956A380A0C creator:InstallCoordination Simple SPI>: Calling selector coordinator:didUpdateProgress:forPhase:overallProgress: on observer <_IXSimpleInstallerDelegate 0x0x1034596e0>
2026-06-25 01:08:28.964 Df installd[26551:1e6202] [com.apple.containermanager:query] Query; euid = 501, uid = 501, class = 2, identifier = [com.DefaultCompany.NeonDrift](1), flags = 300000003
2026-06-25 01:08:28.964 Df CoreSimulatorBridge[26419:1e61bf] [com.apple.installcoordination:framework] -[IXAppInstallCoordinator _clientDelegate_didUpdateProgress:forPhase:overallProgress:]: <IXUpdatingAppInstallCoordinator<0x103491c00> identity:[com.DefaultCompany.NeonDrift/Invalid/[system-defined]] uuid:B0B77891-5A9F-4B98-A37D-C6956A380A0C creator:InstallCoordination Simple SPI>: Got did update progress delegate with percentComplete 70.000000 phase IXCoordinatorProgressPhaseInstalling overallProgress 88.000000
2026-06-25 01:08:28.964 Df CoreSimulatorBridge[26419:1e61bf] [com.apple.installcoordination:framework] -[IXAppInstallCoordinator _clientDelegate_didUpdateProgress:forPhase:overallProgress:]_block_invoke: <IXUpdatingAppInstallCoordinator<0x103491c00> identity:[com.DefaultCompany.NeonDrift/Invalid/[system-defined]] uuid:B0B77891-5A9F-4B98-A37D-C6956A380A0C creator:InstallCoordination Simple SPI>: Calling selector coordinator:didUpdateProgress:forPhase:overallProgress: on observer <_IXSimpleInstallerDelegate 0x0x1034596e0>
2026-06-25 01:08:28.964 Df installd[26551:1e6202] [com.apple.containermanager:query] Query; euid = 501, uid = 501, class = 2, identifier = [com.DefaultCompany.NeonDrift](1), flags = 300000002
2026-06-25 01:08:28.965 Df appprotectiond[26407:1e52c2] [com.apple.appprotection:server] Received distnoted event <dictionary: 0x101d00000> { count = 3, transaction: 0, voucher = 0x101d49220, contents =
	"UserInfo" => <dictionary: 0x101c307e0> { count = 2, transaction: 0, voucher = 0x0, contents =
		"isPlaceholder" => <bool: 0x1e704c530>: true
		"bundleIDs" => <array: 0x101c36a60> { count = 1, capacity = 1, contents =
			0: <string: 0x101c374b0> { string cache = 0x0, length = 28, contents = "com.DefaultCompany.NeonDrift" }
		}
	}
	"Name" => <string: 0x101c34420> { string cache = 0x0, length = 46, contents = "com.apple.LaunchServices.applicationRegistered" }
	"XPCEventName" => <string: 0x101c367f0> { string cache = 0x0, length = 21, contents = "ApplicationRegistered" }
}
2026-06-25 01:08:28.965 Df appprotectiond[26407:1e52c2] [com.apple.appprotection:server] received note: name = com.apple.LaunchServices.applicationRegistered, object = Optional(AppProtection.DistnotedXPCEventStreamTranslator), userInfo = Optional([AnyHashable("isPlaceholder"): 1, AnyHashable("bundleIDs"): <__NSSingleObjectArrayI 0x101e301d0>(
com.DefaultCompany.NeonDrift
)
])
2026-06-25 01:08:28.965 Df appprotectiond[26407:1e52c2] [com.apple.appprotection:server] Received distnoted event <dictionary: 0x101d00000> { count = 3, transaction: 0, voucher = 0x101d48820, contents =
	"UserInfo" => <dictionary: 0x101c307e0> { count = 2, transaction: 0, voucher = 0x0, contents =
		"isPlaceholder" => <bool: 0x1e704c530>: true
		"bundleIDs" => <array: 0x101c36a60> { count = 1, capacity = 1, contents =
			0: <string: 0x101c374b0> { string cache = 0x0, length = 28, contents = "com.DefaultCompany.NeonDrift" }
		}
	}
	"Name" => <string: 0x101c34420> { string cache = 0x0, length = 46, contents = "com.apple.LaunchServices.applicationRegistered" }
	"XPCEventName" => <string: 0x101c367f0> { string cache = 0x0, length = 21, contents = "ApplicationRegistered" }
}
2026-06-25 01:08:28.966 Df appprotectiond[26407:1e52c2] [com.apple.appprotection:server] received note: name = com.apple.LaunchServices.applicationRegistered, object = Optional(AppProtection.DistnotedXPCEventStreamTranslator), userInfo = Optional([AnyHashable("isPlaceholder"): 1, AnyHashable("bundleIDs"): <__NSSingleObjectArrayI 0x101e301d0>(
com.DefaultCompany.NeonDrift
)
])
2026-06-25 01:08:28.967 Df appprotectiond[26407:1e52c2] [com.apple.appprotection:server] processing settings authority event: SettingsAuthorityEvent.promotePreferenceFromProvisionalForApplication(com.DefaultCompany.NeonDrift)
2026-06-25 01:08:28.967 Df appprotectiond[26407:1e52c2] [com.apple.appprotection:server] processing settings authority event: SettingsAuthorityEvent.promotePreferenceFromProvisionalForApplication(com.DefaultCompany.NeonDrift)
2026-06-25 01:08:28.971 Df CoreSimulatorBridge[26419:1e61be] [com.apple.installcoordination:framework] -[IXAppInstallCoordinator _clientDelegate_didUpdateProgress:forPhase:overallProgress:]: <IXUpdatingAppInstallCoordinator<0x103491c00> identity:[com.DefaultCompany.NeonDrift/Invalid/[system-defined]] uuid:B0B77891-5A9F-4B98-A37D-C6956A380A0C creator:InstallCoordination Simple SPI>: Got did update progress delegate with percentComplete 80.000000 phase IXCoordinatorProgressPhaseInstalling overallProgress 92.000000
2026-06-25 01:08:28.971 Df CoreSimulatorBridge[26419:1e61be] [com.apple.installcoordination:framework] -[IXAppInstallCoordinator _clientDelegate_didUpdateProgress:forPhase:overallProgress:]_block_invoke: <IXUpdatingAppInstallCoordinator<0x103491c00> identity:[com.DefaultCompany.NeonDrift/Invalid/[system-defined]] uuid:B0B77891-5A9F-4B98-A37D-C6956A380A0C creator:InstallCoordination Simple SPI>: Calling selector coordinator:didUpdateProgress:forPhase:overallProgress: on observer <_IXSimpleInstallerDelegate 0x0x1034596e0>
2026-06-25 01:08:28.971 Df installd[26551:1e6202] (MobileSystemServices) 0x16f5bb000 -[MIInstallationJournalEntry _refreshUUIDForContainer:withError:]: Data container for com.DefaultCompany.NeonDrift is now at /Users/dragonkao/Library/Developer/CoreSimulator/Devices/CC47DE7A-8196-4465-A5A5-BB852C9C6C82/data/Containers/Data/Application/4AF12A83-CDD2-497E-A6CA-9DACEB738C6C
2026-06-25 01:08:28.972 Df containermanagerd[26449:1cb9ea] [com.apple.containermanager:schema] [u 815BD00E-79CD-4463-AD29-B14C41CCA58C:p 4AF12A83-CDD2-497E-A6CA-9DACEB738C6C:c com.DefaultCompany.NeonDrift(2):i0] Successfully updated schema from (0) → (1), actions count = 6
2026-06-25 01:08:28.972 Df installd[26551:1e6202] [com.apple.containermanager:unspecified] Replace; old = [app:com.DefaultCompany.NeonDrift:501::(302767B3-09CF-4F3B-A55F-254718C5831D)], new = [temp-app:com.DefaultCompany.NeonDrift:501::(092D20FC-BE4D-48EB-B470-7723766E12DE)]
2026-06-25 01:08:28.974 Df installd[26551:1e6202] [com.apple.containermanager:xpc] Query; euid = 501, uid = 501, class = 1, identifier = [com.DefaultCompany.NeonDrift](1), flags = 300000002
2026-06-25 01:08:28.975 Df installd[26551:1e6202] (MobileSystemServices) 0x16f5bb000 -[MIContainer makeContainerLiveReplacingContainer:reason:waitForDeletion:withError:]: Made container live for com.DefaultCompany.NeonDrift at /Users/dragonkao/Library/Developer/CoreSimulator/Devices/CC47DE7A-8196-4465-A5A5-BB852C9C6C82/data/Containers/Bundle/Application/9E996897-AD93-45CD-A052-25A398048789
2026-06-25 01:08:28.975 Df installd[26551:1e6202] [com.apple.containermanager:xpc] Query; euid = 501, uid = 501, class = 1, identifier = [com.DefaultCompany.NeonDrift](1), flags = 300000002
2026-06-25 01:08:28.976 Df CoreSimulatorBridge[26419:1e61bf] [com.apple.installcoordination:framework] -[IXAppInstallCoordinator _clientDelegate_didUpdateProgress:forPhase:overallProgress:]: <IXUpdatingAppInstallCoordinator<0x103491c00> identity:[com.DefaultCompany.NeonDrift/Invalid/[system-defined]] uuid:B0B77891-5A9F-4B98-A37D-C6956A380A0C creator:InstallCoordination Simple SPI>: Got did update progress delegate with percentComplete 90.000000 phase IXCoordinatorProgressPhaseInstalling overallProgress 96.000000
2026-06-25 01:08:28.976 Df CoreSimulatorBridge[26419:1e61bf] [com.apple.installcoordination:framework] -[IXAppInstallCoordinator _clientDelegate_didUpdateProgress:forPhase:overallProgress:]_block_invoke: <IXUpdatingAppInstallCoordinator<0x103491c00> identity:[com.DefaultCompany.NeonDrift/Invalid/[system-defined]] uuid:B0B77891-5A9F-4B98-A37D-C6956A380A0C creator:InstallCoordination Simple SPI>: Calling selector coordinator:didUpdateProgress:forPhase:overallProgress: on observer <_IXSimpleInstallerDelegate 0x0x1034596e0>
2026-06-25 01:08:28.977 Df installd[26551:1e6202] [com.apple.containermanager:unspecified] Requesting disk usage; class = 1, identifier = com.DefaultCompany.NeonDrift
2026-06-25 01:08:28.979 Df installd[26551:1e6202] [com.apple.containermanager:query] Query; euid = 501, uid = 501, class = 7, identifier = [com.DefaultCompany.NeonDrift](1), flags = 300000001
2026-06-25 01:08:28.979 Df SpringBoard[26387:1cb363] [com.apple.SpringBoard:Common] termination assertion released for com.DefaultCompany.NeonDrift
2026-06-25 01:08:28.981 Df installd[26551:1e6202] (MobileSystemServices) 0x16f5bb000 -[MILaunchServicesOperationManager _onQueue_addPendingLaunchServicesOperation:error:]: Added pending LS operation <MILaunchServicesRegisterOperation: 6E1487B2-8B02-48A7-A232-386E74A41700:48 com.DefaultCompany.NeonDrift/MIInstallationDomainSystemShared personas:[com.apple.containermanager.primary-persona]>
2026-06-25 01:08:28.982 Df lsd[26440:1e620c] [com.apple.launchservices:appinstallation] Post installation registration: request to register com.DefaultCompany.NeonDrift, operation 6E1487B2-8B02-48A7-A232-386E74A41700, from pid 26551
2026-06-25 01:08:28.982 Df lsd[26440:1e620c] [com.apple.appinstallation:TransactionLog] com.DefaultCompany.NeonDrift/Unknown Persona:5:4:1:1:Registering bundles via registrant - start
2026-06-25 01:08:28.983 Df lsd[26440:1e620c] [com.apple.appinstallation:TransactionLog] com.DefaultCompany.NeonDrift/Unknown Persona:5:5:1:1:Building bundle record for app
2026-06-25 01:08:28.984 Df lsd[26440:1e620c] [com.apple.launchservices:appinstallation] Removed existing registered placeholder for com.DefaultCompany.NeonDrift
2026-06-25 01:08:28.984 Df lsd[26440:1e620c] [com.apple.launchservices:appinstallation] Removed existing registered bundle for com.DefaultCompany.NeonDrift
2026-06-25 01:08:28.984 Df lsd[26440:1e620c] [com.apple.appinstallation:TransactionLog] com.DefaultCompany.NeonDrift/Unknown Persona:5:5:2:1:Built bundle record for app
2026-06-25 01:08:28.984 Df lsd[26440:1e620c] [com.apple.launchservices:icons] clearAlternateNameForBundleIdentifier: won't clear for com.DefaultCompany.NeonDrift
2026-06-25 01:08:28.984 Df lsd[26440:1e620c] [com.apple.appinstallation:TransactionLog] com.DefaultCompany.NeonDrift/Unknown Persona:5:4:2:1:Registered bundle status = success
2026-06-25 01:08:28.984 Df lsd[26440:1e620c] [com.apple.appinstallation:TransactionLog] com.DefaultCompany.NeonDrift/Unknown Persona:5:4:2:1:Finished registering com.DefaultCompany.NeonDrift, bundle unit 444
2026-06-25 01:08:28.985 Df lsd[26440:1e6255] [com.apple.launchservices:progress] Installation ended for com.DefaultCompany.NeonDrift with state 5
2026-06-25 01:08:28.985 Df lsd[26440:1e6255] [com.apple.launchservices:progress] Discarding proportions for com.DefaultCompany.NeonDrift
2026-06-25 01:08:28.985 Df SpringBoard[26387:1cb363] [com.apple.launchservices:progress] Unpublishing progress block called for app com.DefaultCompany.NeonDrift
2026-06-25 01:08:28.985 Df liveactivitiesd[26455:1cb4ef] [com.apple.launchservices:progress] Unpublishing progress block called for app com.DefaultCompany.NeonDrift
2026-06-25 01:08:28.985 Df liveactivitiesd[26455:1e52b9] [com.apple.launchservices:progress] #LSInstallProgressList remove subscriber: <_NSProgressSubscriber: 0x103bf8690> publishingString: com.DefaultCompany.NeonDrift
2026-06-25 01:08:28.985 Df installd[26551:1e6202] (MobileSystemServices) 0x16f5bb000 -[MIJournal purgeJournalEntry:withError:]: Removing journal entry <MIInstallationJournalEntry<0x101ce88c0> [com.DefaultCompany.NeonDrift/com.apple.containermanager.primary-persona/[system-defined]]/MIInstallationDomainSystemShared op:1 phase:JournalPhaseDidRegisterWithLS version:0>
2026-06-25 01:08:28.985 Df SpringBoard[26387:1e5eba] [com.apple.launchservices:progress] #LSInstallProgressList remove subscriber: <_NSProgressSubscriber: 0x127021560> publishingString: com.DefaultCompany.NeonDrift
2026-06-25 01:08:28.985 Df lsd[26440:1e52e1] [com.apple.launchservices:progress] Sending applicationsDidInstall: for (
    "<LSApplicationProxy: 0x1023cc000> com.DefaultCompany.NeonDrift file:///Users/dragonkao/Library/Developer/CoreSimulator/Devices/CC47DE7A-8196-4465-A5A5-BB852C9C6C82/data/Containers/Bundle/Application/9E996897-AD93-45CD-A052-25A398048789/NeonDrift.app/ <com.DefaultCompany.NeonDrift <installed >:0>"
)
2026-06-25 01:08:28.985 Df installd[26551:1e6202] [com.apple.appinstallation:TransactionLog] com.DefaultCompany.NeonDrift/com.apple.containermanager.primary-persona:7:1:2:1:Success (End) : Install (Patch Update)
2026-06-25 01:08:28.985 Df installd[26551:1e6202] (MobileSystemServices) 0x16f5bb000 -[MIInstaller _logOperationCompletionWithStartTime:distributorID:]: Install successful for (Developer:com.DefaultCompany.NeonDrift) [Distributor: (null)]; Staging: 0.00s; Waiting: 0.00s; Preflight/Patch: 0.02s, Verifying: 0.00s; Overall: 0.06s
2026-06-25 01:08:28.986 Df healthd[26399:1e52ba] [com.apple.launchservices:appinstallation] Received applicationsDidInstall:(
    "<LSApplicationProxy: 0x105a48b40> com.DefaultCompany.NeonDrift file:///Users/dragonkao/Library/Developer/CoreSimulator/Devices/CC47DE7A-8196-4465-A5A5-BB852C9C6C82/data/Containers/Bundle/Application/9E996897-AD93-45CD-A052-25A398048789/NeonDrift.app/ <com.DefaultCompany.NeonDrift <installed >:0>"
)
2026-06-25 01:08:28.986 Df mobiletimerd[26404:1e600b] [com.apple.launchservices:appinstallation] Received applicationsDidInstall:(
    "<LSApplicationProxy: 0x103630780> com.DefaultCompany.NeonDrift file:///Users/dragonkao/Library/Developer/CoreSimulator/Devices/CC47DE7A-8196-4465-A5A5-BB852C9C6C82/data/Containers/Bundle/Application/9E996897-AD93-45CD-A052-25A398048789/NeonDrift.app/ <com.DefaultCompany.NeonDrift <installed >:0>"
)
2026-06-25 01:08:28.986 Df profiled[26479:1e52dd] [com.apple.launchservices:appinstallation] Received applicationsDidInstall:(
    "<LSApplicationProxy: 0x101f40000> com.DefaultCompany.NeonDrift file:///Users/dragonkao/Library/Developer/CoreSimulator/Devices/CC47DE7A-8196-4465-A5A5-BB852C9C6C82/data/Containers/Bundle/Application/9E996897-AD93-45CD-A052-25A398048789/NeonDrift.app/ <com.DefaultCompany.NeonDrift <installed >:0>"
)
2026-06-25 01:08:28.986 Df gamed[26494:1e5b68] [com.apple.launchservices:appinstallation] Received applicationsDidInstall:(
    "<LSApplicationProxy: 0x10232c780> com.DefaultCompany.NeonDrift file:///Users/dragonkao/Library/Developer/CoreSimulator/Devices/CC47DE7A-8196-4465-A5A5-BB852C9C6C82/data/Containers/Bundle/Application/9E996897-AD93-45CD-A052-25A398048789/NeonDrift.app/ <com.DefaultCompany.NeonDrift <installed >:0>"
)
2026-06-25 01:08:28.986 Df runningboardd[26392:1e61cb] [com.apple.launchservices:appinstallation] Received applicationsDidInstall:(
    "<LSApplicationProxy: 0x1055a4000> com.DefaultCompany.NeonDrift file:///Users/dragonkao/Library/Developer/CoreSimulator/Devices/CC47DE7A-8196-4465-A5A5-BB852C9C6C82/data/Containers/Bundle/Application/9E996897-AD93-45CD-A052-25A398048789/NeonDrift.app/ <com.DefaultCompany.NeonDrift <installed >:0>"
)
2026-06-25 01:08:28.986 Df installcoordinationd[26540:1e521f] [com.apple.installcoordination:daemon] -[IXSPendingOperationsTracker endPendingOperationForIdentity:]_block_invoke: Ending pending operation for [com.DefaultCompany.NeonDrift/Invalid/[system-defined]]
2026-06-25 01:08:28.986 Df healthd[26399:1e52ba] [com.apple.appinstallation:TransactionLog] com.DefaultCompany.NeonDrift/Unknown Persona:5:8:3:1:applicationsDidInstall <LSApplicationProxy: 0x105a48fc0> com.DefaultCompany.NeonDrift file:///Users/dragonkao/Library/Developer/CoreSimulator/Devices/CC47DE7A-8196-4465-A5A5-BB852C9C6C82/data/Containers/Bundle/Application/9E996897-AD93-45CD-A052-25A398048789/NeonDrift.app/ <com.DefaultCompany.NeonDrift <installed >:0>
2026-06-25 01:08:28.986 Df donotdisturbd[26438:1e6214] [com.apple.launchservices:appinstallation] Received applicationsDidInstall:(
    "<LSApplicationProxy: 0x106209380> com.DefaultCompany.NeonDrift file:///Users/dragonkao/Library/Developer/CoreSimulator/Devices/CC47DE7A-8196-4465-A5A5-BB852C9C6C82/data/Containers/Bundle/Application/9E996897-AD93-45CD-A052-25A398048789/NeonDrift.app/ <com.DefaultCompany.NeonDrift <installed >:0>"
)
2026-06-25 01:08:28.986 Df CoreSimulatorBridge[26419:1e61bf] [com.apple.installcoordination:framework] -[IXAppInstallCoordinator _clientDelegate_didUpdateProgress:forPhase:overallProgress:]: <IXUpdatingAppInstallCoordinator<0x103491c00> identity:[com.DefaultCompany.NeonDrift/Invalid/[system-defined]] uuid:B0B77891-5A9F-4B98-A37D-C6956A380A0C creator:InstallCoordination Simple SPI>: Got did update progress delegate with percentComplete 100.000000 phase IXCoordinatorProgressPhaseInstalling overallProgress 100.000000
2026-06-25 01:08:28.986 Df mobiletimerd[26404:1e600b] [com.apple.appinstallation:TransactionLog] com.DefaultCompany.NeonDrift/Unknown Persona:5:8:3:1:applicationsDidInstall <LSApplicationProxy: 0x1036306c0> com.DefaultCompany.NeonDrift file:///Users/dragonkao/Library/Developer/CoreSimulator/Devices/CC47DE7A-8196-4465-A5A5-BB852C9C6C82/data/Containers/Bundle/Application/9E996897-AD93-45CD-A052-25A398048789/NeonDrift.app/ <com.DefaultCompany.NeonDrift <installed >:0>
2026-06-25 01:08:28.986 Df passd[26418:1e52a2] [com.apple.launchservices:appinstallation] Received applicationsDidInstall:(
    "<LSApplicationProxy: 0x1084a9740> com.DefaultCompany.NeonDrift file:///Users/dragonkao/Library/Developer/CoreSimulator/Devices/CC47DE7A-8196-4465-A5A5-BB852C9C6C82/data/Containers/Bundle/Application/9E996897-AD93-45CD-A052-25A398048789/NeonDrift.app/ <com.DefaultCompany.NeonDrift <installed >:0>"
)
2026-06-25 01:08:28.987 Df CoreSimulatorBridge[26419:1e61bf] [com.apple.installcoordination:framework] -[IXAppInstallCoordinator _clientDelegate_didUpdateProgress:forPhase:overallProgress:]_block_invoke: <IXUpdatingAppInstallCoordinator<0x103491c00> identity:[com.DefaultCompany.NeonDrift/Invalid/[system-defined]] uuid:B0B77891-5A9F-4B98-A37D-C6956A380A0C creator:InstallCoordination Simple SPI>: Calling selector coordinator:didUpdateProgress:forPhase:overallProgress: on observer <_IXSimpleInstallerDelegate 0x0x1034596e0>
2026-06-25 01:08:28.987 Df activitysharingd[26791:1e6245] [com.apple.launchservices:appinstallation] Received applicationsDidInstall:(
    "<LSApplicationProxy: 0x105dc4f00> com.DefaultCompany.NeonDrift file:///Users/dragonkao/Library/Developer/CoreSimulator/Devices/CC47DE7A-8196-4465-A5A5-BB852C9C6C82/data/Containers/Bundle/Application/9E996897-AD93-45CD-A052-25A398048789/NeonDrift.app/ <com.DefaultCompany.NeonDrift <installed >:0>"
)
2026-06-25 01:08:28.987 Df profiled[26479:1e52dd] [com.apple.appinstallation:TransactionLog] com.DefaultCompany.NeonDrift/Unknown Persona:5:8:3:1:applicationsDidInstall <LSApplicationProxy: 0x101f400c0> com.DefaultCompany.NeonDrift file:///Users/dragonkao/Library/Developer/CoreSimulator/Devices/CC47DE7A-8196-4465-A5A5-BB852C9C6C82/data/Containers/Bundle/Application/9E996897-AD93-45CD-A052-25A398048789/NeonDrift.app/ <com.DefaultCompany.NeonDrift <installed >:0>
2026-06-25 01:08:28.987 Df lsd[26440:1cb433] [com.apple.launchservices:progress] unsubscribing from com.DefaultCompany.NeonDrift.Installing as it was unpublished
2026-06-25 01:08:28.987 Df lsd[26440:1cb433] [com.apple.launchservices:progress] #LSInstallProgressList remove subscriber: <_NSProgressSubscriber: 0x1023159e0> publishingString: com.DefaultCompany.NeonDrift.Installing
2026-06-25 01:08:28.987 Df appstored[26542:1e59e9] [com.apple.appstored:General] Failed to fetch record for placeholder app com.DefaultCompany.NeonDrift: Error Domain=NSOSStatusErrorDomain Code=-10814 "(null)" UserInfo={_LSFile=LSBindingEvaluator.mm, _LSLine=1973, _LSFunction=runEvaluator}
2026-06-25 01:08:28.987 Df appstored[26542:1e6260] [com.apple.launchservices:appinstallation] Received applicationsDidInstall:(
    "<LSApplicationProxy: 0x101ae03c0> com.DefaultCompany.NeonDrift file:///Users/dragonkao/Library/Developer/CoreSimulator/Devices/CC47DE7A-8196-4465-A5A5-BB852C9C6C82/data/Containers/Bundle/Application/9E996897-AD93-45CD-A052-25A398048789/NeonDrift.app/ <com.DefaultCompany.NeonDrift <installed >:0>"
)
2026-06-25 01:08:28.987 Df usernotificationsd[26474:1e6246] [com.apple.launchservices:appinstallation] Received applicationsDidInstall:(
    "<LSApplicationProxy: 0x105db86c0> com.DefaultCompany.NeonDrift file:///Users/dragonkao/Library/Developer/CoreSimulator/Devices/CC47DE7A-8196-4465-A5A5-BB852C9C6C82/data/Containers/Bundle/Application/9E996897-AD93-45CD-A052-25A398048789/NeonDrift.app/ <com.DefaultCompany.NeonDrift <installed >:0>"
)
2026-06-25 01:08:28.987 Df installcoordinationd[26540:1e521f] [com.apple.installcoordination:daemon] -[IXSCoordinatedAppInstall setComplete:]: <IXSCoordinatedAppInstall<0x101e10000> [P=CoreSimulatorBridge (pid 26419)] identifier:[com.DefaultCompany.NeonDrift/Invalid/[system-defined]] uuid:B0B77891-5A9F-4B98-A37D-C6956A380A0C intent:IXCoordinatorIntentUpdating creator/appDRI:InstallCoordination Simple SPI importance:UserWaiting state:IXAppCoordinationStateComplete promise-state:PA2I4> complete!
2026-06-25 01:08:28.987 Df activityawardsd[26606:1e3e93] [com.apple.launchservices:appinstallation] Received applicationsDidInstall:(
    "<LSApplicationProxy: 0x105d44d80> com.DefaultCompany.NeonDrift file:///Users/dragonkao/Library/Developer/CoreSimulator/Devices/CC47DE7A-8196-4465-A5A5-BB852C9C6C82/data/Containers/Bundle/Application/9E996897-AD93-45CD-A052-25A398048789/NeonDrift.app/ <com.DefaultCompany.NeonDrift <installed >:0>"
)
2026-06-25 01:08:28.987 Df nsurlsessiond[26437:1e5def] [com.apple.launchservices:appinstallation] Received applicationsDidInstall:(
    "<LSApplicationProxy: 0x101a68900> com.DefaultCompany.NeonDrift file:///Users/dragonkao/Library/Developer/CoreSimulator/Devices/CC47DE7A-8196-4465-A5A5-BB852C9C6C82/data/Containers/Bundle/Application/9E996897-AD93-45CD-A052-25A398048789/NeonDrift.app/ <com.DefaultCompany.NeonDrift <installed >:0>"
)
2026-06-25 01:08:28.987 Df installcoordinationd[26540:1e521f] [com.apple.installcoordination:daemon] -[IXSPowerAssertion invalidate]: Released power assertion IXPowerAssertion-12-[com.DefaultCompany.NeonDrift/Invalid/[system-defined]]
2026-06-25 01:08:28.987 Df gamed[26494:1e5b68] [com.apple.appinstallation:TransactionLog] com.DefaultCompany.NeonDrift/Unknown Persona:5:8:3:1:applicationsDidInstall <LSApplicationProxy: 0x10232c000> com.DefaultCompany.NeonDrift file:///Users/dragonkao/Library/Developer/CoreSimulator/Devices/CC47DE7A-8196-4465-A5A5-BB852C9C6C82/data/Containers/Bundle/Application/9E996897-AD93-45CD-A052-25A398048789/NeonDrift.app/ <com.DefaultCompany.NeonDrift <installed >:0>
2026-06-25 01:08:28.987 Df runningboardd[26392:1e61cb] [com.apple.appinstallation:TransactionLog] com.DefaultCompany.NeonDrift/Unknown Persona:5:8:3:1:applicationsDidInstall <LSApplicationProxy: 0x1055a40c0> com.DefaultCompany.NeonDrift file:///Users/dragonkao/Library/Developer/CoreSimulator/Devices/CC47DE7A-8196-4465-A5A5-BB852C9C6C82/data/Containers/Bundle/Application/9E996897-AD93-45CD-A052-25A398048789/NeonDrift.app/ <com.DefaultCompany.NeonDrift <installed >:0>
2026-06-25 01:08:28.987 Df webbookmarksd[26461:1e52a6] [com.apple.launchservices:appinstallation] Received applicationsDidInstall:(
    "<LSApplicationProxy: 0x1061c8000> com.DefaultCompany.NeonDrift file:///Users/dragonkao/Library/Developer/CoreSimulator/Devices/CC47DE7A-8196-4465-A5A5-BB852C9C6C82/data/Containers/Bundle/Application/9E996897-AD93-45CD-A052-25A398048789/NeonDrift.app/ <com.DefaultCompany.NeonDrift <installed >:0>"
)
2026-06-25 01:08:28.987 Df donotdisturbd[26438:1e6214] [com.apple.appinstallation:TransactionLog] com.DefaultCompany.NeonDrift/Unknown Persona:5:8:3:1:applicationsDidInstall <LSApplicationProxy: 0x106209500> com.DefaultCompany.NeonDrift file:///Users/dragonkao/Library/Developer/CoreSimulator/Devices/CC47DE7A-8196-4465-A5A5-BB852C9C6C82/data/Containers/Bundle/Application/9E996897-AD93-45CD-A052-25A398048789/NeonDrift.app/ <com.DefaultCompany.NeonDrift <installed >:0>
2026-06-25 01:08:28.987 Df callservicesd[26480:1e52b3] [com.apple.launchservices:appinstallation] Received applicationsDidInstall:(
    "<LSApplicationProxy: 0x106db4d80> com.DefaultCompany.NeonDrift file:///Users/dragonkao/Library/Developer/CoreSimulator/Devices/CC47DE7A-8196-4465-A5A5-BB852C9C6C82/data/Containers/Bundle/Application/9E996897-AD93-45CD-A052-25A398048789/NeonDrift.app/ <com.DefaultCompany.NeonDrift <installed >:0>"
)
2026-06-25 01:08:28.987 Df installcoordinationd[26540:1e521f] [com.apple.installcoordination:daemon] -[IXSDataPromise decommission]: Decommissioning <IXSPromisedTransferToPath(0x101cf9780) Name:Icon resources for com.DefaultCompany.NeonDrift Creator:InstallCoordination Simple SPI UUID:CE88A5AF-FD8D-4F9E-8925-0CD03E90FB45 Location:[system-defined]>
2026-06-25 01:08:28.987 Df dasd[26415:1e4b3b] [com.apple.launchservices:appinstallation] Received applicationsDidInstall:(
    "<LSApplicationProxy: 0x101ba4000> com.DefaultCompany.NeonDrift file:///Users/dragonkao/Library/Developer/CoreSimulator/Devices/CC47DE7A-8196-4465-A5A5-BB852C9C6C82/data/Containers/Bundle/Application/9E996897-AD93-45CD-A052-25A398048789/NeonDrift.app/ <com.DefaultCompany.NeonDrift <installed >:0>"
)
2026-06-25 01:08:28.987 Df SpringBoard[26387:1e5eba] [com.apple.launchservices:appinstallation] Received applicationsDidInstall:(
    "<LSApplicationProxy: 0x125e7f9c0> com.DefaultCompany.NeonDrift file:///Users/dragonkao/Library/Developer/CoreSimulator/Devices/CC47DE7A-8196-4465-A5A5-BB852C9C6C82/data/Containers/Bundle/Application/9E996897-AD93-45CD-A052-25A398048789/NeonDrift.app/ <com.DefaultCompany.NeonDrift <installed >:0>"
)
2026-06-25 01:08:28.988 Df homed[26485:1e52e4] [com.apple.launchservices:appinstallation] Received applicationsDidInstall:(
    "<LSApplicationProxy: 0x105654900> com.DefaultCompany.NeonDrift file:///Users/dragonkao/Library/Developer/CoreSimulator/Devices/CC47DE7A-8196-4465-A5A5-BB852C9C6C82/data/Containers/Bundle/Application/9E996897-AD93-45CD-A052-25A398048789/NeonDrift.app/ <com.DefaultCompany.NeonDrift <installed >:0>"
)
2026-06-25 01:08:28.988 Df routined[26397:1e624d] [com.apple.launchservices:appinstallation] Received applicationsDidInstall:(
    "<LSApplicationProxy: 0x107049140> com.DefaultCompany.NeonDrift file:///Users/dragonkao/Library/Developer/CoreSimulator/Devices/CC47DE7A-8196-4465-A5A5-BB852C9C6C82/data/Containers/Bundle/Application/9E996897-AD93-45CD-A052-25A398048789/NeonDrift.app/ <com.DefaultCompany.NeonDrift <installed >:0>"
)
2026-06-25 01:08:28.988 Df installcoordinationd[26540:1e521f] [com.apple.installcoordination:daemon] -[IXSDataPromise decommission]: Decommissioning <IXSPromisedInMemoryDictionary(0x101cf8d80) Name:Info.plist icon content for com.DefaultCompany.NeonDrift Creator:InstallCoordination Simple SPI UUID:885C4211-4983-450C-8E1A-C3D74C100739 Location:[system-defined]>
2026-06-25 01:08:28.988 Df lsd[26440:1e52e1] [com.apple.launchservices:progress] Sent distributed notification com.apple.LaunchServices.applicationRegistered with payload {
    bundleIDs =     (
        "com.DefaultCompany.NeonDrift"
    );
    isPlaceholder = 0;
}
2026-06-25 01:08:28.988 Df activitysharingd[26791:1e6245] [com.apple.appinstallation:TransactionLog] com.DefaultCompany.NeonDrift/Unknown Persona:5:8:3:1:applicationsDidInstall <LSApplicationProxy: 0x105dc4e40> com.DefaultCompany.NeonDrift file:///Users/dragonkao/Library/Developer/CoreSimulator/Devices/CC47DE7A-8196-4465-A5A5-BB852C9C6C82/data/Containers/Bundle/Application/9E996897-AD93-45CD-A052-25A398048789/NeonDrift.app/ <com.DefaultCompany.NeonDrift <installed >:0>
2026-06-25 01:08:28.988 Df sleepd[26416:1e52ab] [com.apple.launchservices:appinstallation] Received applicationsDidInstall:(
    "<LSApplicationProxy: 0x101a683c0> com.DefaultCompany.NeonDrift file:///Users/dragonkao/Library/Developer/CoreSimulator/Devices/CC47DE7A-8196-4465-A5A5-BB852C9C6C82/data/Containers/Bundle/Application/9E996897-AD93-45CD-A052-25A398048789/NeonDrift.app/ <com.DefaultCompany.NeonDrift <installed >:0>"
)
2026-06-25 01:08:28.988 Df locationd[26413:1e6200] [com.apple.launchservices:appinstallation] Received applicationsDidInstall:(
    "<LSApplicationProxy: 0x103380600> com.DefaultCompany.NeonDrift file:///Users/dragonkao/Library/Developer/CoreSimulator/Devices/CC47DE7A-8196-4465-A5A5-BB852C9C6C82/data/Containers/Bundle/Application/9E996897-AD93-45CD-A052-25A398048789/NeonDrift.app/ <com.DefaultCompany.NeonDrift <installed >:0>"
)
2026-06-25 01:08:28.988 Df appstored[26542:1e6260] [com.apple.appinstallation:TransactionLog] com.DefaultCompany.NeonDrift/Unknown Persona:5:8:3:1:applicationsDidInstall <LSApplicationProxy: 0x101ae0240> com.DefaultCompany.NeonDrift file:///Users/dragonkao/Library/Developer/CoreSimulator/Devices/CC47DE7A-8196-4465-A5A5-BB852C9C6C82/data/Containers/Bundle/Application/9E996897-AD93-45CD-A052-25A398048789/NeonDrift.app/ <com.DefaultCompany.NeonDrift <installed >:0>
2026-06-25 01:08:28.988 Df installcoordinationd[26540:1e521f] [com.apple.installcoordination:daemon] -[IXSDataPromise decommission]: Decommissioning <IXSPromisedInMemoryDictionary(0x101cf9880) Name:Localizations for com.DefaultCompany.NeonDrift Creator:InstallCoordination Simple SPI UUID:BE22A9E1-6E69-464B-9A31-8EFD37936C67 Location:[system-defined]>
2026-06-25 01:08:28.988 Df financed[26468:1e6253] [com.apple.launchservices:appinstallation] Received applicationsDidInstall:(
    "<LSApplicationProxy: 0x109a03b40> com.DefaultCompany.NeonDrift file:///Users/dragonkao/Library/Developer/CoreSimulator/Devices/CC47DE7A-8196-4465-A5A5-BB852C9C6C82/data/Containers/Bundle/Application/9E996897-AD93-45CD-A052-25A398048789/NeonDrift.app/ <com.DefaultCompany.NeonDrift <installed >:0>"
)
2026-06-25 01:08:28.988 Df passd[26418:1e52a2] [com.apple.appinstallation:TransactionLog] com.DefaultCompany.NeonDrift/Unknown Persona:5:8:3:1:applicationsDidInstall <LSApplicationProxy: 0x1084a98c0> com.DefaultCompany.NeonDrift file:///Users/dragonkao/Library/Developer/CoreSimulator/Devices/CC47DE7A-8196-4465-A5A5-BB852C9C6C82/data/Containers/Bundle/Application/9E996897-AD93-45CD-A052-25A398048789/NeonDrift.app/ <com.DefaultCompany.NeonDrift <installed >:0>
2026-06-25 01:08:28.988 Df usernotificationsd[26474:1e6246] [com.apple.appinstallation:TransactionLog] com.DefaultCompany.NeonDrift/Unknown Persona:5:8:3:1:applicationsDidInstall <LSApplicationProxy: 0x105db8600> com.DefaultCompany.NeonDrift file:///Users/dragonkao/Library/Developer/CoreSimulator/Devices/CC47DE7A-8196-4465-A5A5-BB852C9C6C82/data/Containers/Bundle/Application/9E996897-AD93-45CD-A052-25A398048789/NeonDrift.app/ <com.DefaultCompany.NeonDrift <installed >:0>
2026-06-25 01:08:28.988 Df siriactionsd[26473:1e6215] [com.apple.shortcuts:Daemon] Dispatching XPC event: <distributed notification: com.apple.LaunchServices.applicationRegistered, userInfo: [AnyHashable("isPlaceholder"): 1, AnyHashable("bundleIDs"): <__NSSingleObjectArrayI 0x103e24ad0>(
com.DefaultCompany.NeonDrift
)
]>
2026-06-25 01:08:28.988 Df deviceaccessd[26518:1e52de] [com.apple.launchservices:appinstallation] Received applicationsDidInstall:(
    "<LSApplicationProxy: 0x102178000> com.DefaultCompany.NeonDrift file:///Users/dragonkao/Library/Developer/CoreSimulator/Devices/CC47DE7A-8196-4465-A5A5-BB852C9C6C82/data/Containers/Bundle/Application/9E996897-AD93-45CD-A052-25A398048789/NeonDrift.app/ <com.DefaultCompany.NeonDrift <installed >:0>"
)
