2026-07-11 15:23:22.250 Df installcoordinationd[33807:42e64] [com.apple.installcoordination:daemon] -[IXSCoordinatedAppInstall _internal_setInstallOptionsPromise:performExternalActions:]: <IXSCoordinatedAppInstall<0x106204000> [P=CoreSimulatorBridge (pid 33659)] identifier:[com.DefaultCompany.NeonDrift.run.1783754458.32146/Invalid/[system-defined]] uuid:2894E5A7-A652-42C2-ACF9-571DBB6194FD intent:IXCoordinatorIntentUpdating creator/appDRI:InstallCoordination Simple SPI importance:UserWaiting state:IXAppCoordinationStatePlaceholderPromiseNotSet promise-state:012I4> : install options set: <IXSPromisedInMemoryData(0x1060fd900) Name:MIInstallOptions data Creator:Install Coordination Internal UUID:9CB4F7B4-5D99-4A72-AD74-95F07744C79F Location:[system-defined]>
2026-07-11 15:23:22.250 Df installcoordinationd[33807:42f16] [com.apple.appinstallation:TransactionLog] com.DefaultCompany.NeonDrift.run.1783754458.32146/Unknown Persona:4:13:1:1:Install Options Promise began. Coordinator State: IXAppCoordinationStatePlaceholderPromiseNotSet
2026-07-11 15:23:22.250 Df installcoordinationd[33807:42f16] [com.apple.appinstallation:TransactionLog] com.DefaultCompany.NeonDrift.run.1783754458.32146/Unknown Persona:4:13:2:1:Install Options Promise completed. Coordinator State: IXAppCoordinationStatePlaceholderPromiseNotSet
2026-07-11 15:23:22.250 Df installcoordinationd[33807:42e64] [com.apple.installcoordination:daemon] -[IXSCoordinatedAppInstall _internal_setAppAssetPromise:performExternalActions:]: <IXSCoordinatedAppInstall<0x106204000> [P=CoreSimulatorBridge (pid 33659)] identifier:[com.DefaultCompany.NeonDrift.run.1783754458.32146/Invalid/[system-defined]] uuid:2894E5A7-A652-42C2-ACF9-571DBB6194FD intent:IXCoordinatorIntentUpdating creator/appDRI:InstallCoordination Simple SPI importance:UserWaiting state:IXAppCoordinationStatePlaceholderPromiseNotSet promise-state:0a2I4> : App Asset Promise set: <IXSPromisedTransferToPath(0x1060fd580) Name:App Asset: com.DefaultCompany.NeonDrift.run.1783754458.32146 Creator:InstallCoordination Simple SPI UUID:28F3DF6A-A363-4F3D-A11F-AB9E0BA6879F Location:[system-defined]>
2026-07-11 15:23:22.251 Df installcoordinationd[33807:42e64] [com.apple.installcoordination:daemon] -[IXSCoordinatedAppInstall setInitialODRAssetPromises:]: <IXSCoordinatedAppInstall<0x106204000> [P=CoreSimulatorBridge (pid 33659)] identifier:[com.DefaultCompany.NeonDrift.run.1783754458.32146/Invalid/[system-defined]] uuid:2894E5A7-A652-42C2-ACF9-571DBB6194FD intent:IXCoordinatorIntentUpdating creator/appDRI:InstallCoordination Simple SPI importance:UserWaiting state:IXAppCoordinationStatePlaceholderPromiseNotSet promise-state:0a2I4> : Initial ODR Asset Promises set: (
)
2026-07-11 15:23:22.252 Df CoreSimulatorBridge[33659:42701] [com.apple.installcoordination:framework] -[IXPromisedTransferToPath _performDeltaCopyFrom:toDestination:]: Performing delta copy from /Users/dragonkao/.openclaw/workspace/382b9e3384298039b171c9b2a60ae644/NeonDrift_MVP/project/xcode_derived_data/Build/Products/Release-iphonesimulator/NeonDrift.run.1783754458.32146.app to /Users/dragonkao/Library/Developer/CoreSimulator/Devices/CC47DE7A-8196-4465-A5A5-BB852C9C6C82/data/Containers/Shared/SystemGroup/systemgroup.com.apple.installcoordinationd/Library/InstallCoordination/PromiseStaging/28F3DF6A-A363-4F3D-A11F-AB9E0BA6879F/NeonDrift.run.1783754458.32146.app with installed bundle at /Users/dragonkao/Library/Developer/CoreSimulator/Devices/CC47DE7A-8196-4465-A5A5-BB852C9C6C82/data/Containers/Bundle/Application/B3202B39-8D86-4C23-B16A-EA030C4AA5AF/NeonDrift.run.1783754458.32146.app
2026-07-11 15:23:22.252 Df CoreSimulatorBridge[33659:42701] (MobileSystemServices) 0x16d927000 MDMCreateDeltaDirectory: calling MDMDirectoryDiff with:
state->old_bundle: /Users/dragonkao/Library/Developer/CoreSimulator/Devices/CC47DE7A-8196-4465-A5A5-BB852C9C6C82/data/Containers/Bundle/Application/B3202B39-8D86-4C23-B16A-EA030C4AA5AF/NeonDrift.run.1783754458.32146.app
state->new_bundle: /Users/dragonkao/.openclaw/workspace/382b9e3384298039b171c9b2a60ae644/NeonDrift_MVP/project/xcode_derived_data/Build/Products/Release-iphonesimulator/NeonDrift.run.1783754458.32146.app
state->dst_bundle: /Users/dragonkao/Library/Developer/CoreSimulator/Devices/CC47DE7A-8196-4465-A5A5-BB852C9C6C82/data/Containers/Shared/SystemGroup/systemgroup.com.apple.installcoordinationd/Library/InstallCoordination/PromiseStaging/28F3DF6A-A363-4F3D-A11F-AB9E0BA6879F/NeonDrift.run.1783754458.32146.app/Payload//NeonDrift.run.1783754458.32146.app, binaryDiff flag: FALSE
	dst_ipa: /Users/dragonkao/Library/Developer/CoreSimulator/Devices/CC47DE7A-8196-4465-A5A5-BB852C9C6C82/data/Containers/Shared/SystemGroup/systemg<…>
2026-07-11 15:23:22.254 Df CoreSimulatorBridge[33659:42701] [com.apple.installcoordination:framework] -[IXPromisedTransferToPath setComplete:]: <IXPromisedTransferToPath<0x103888940> name:"App Asset: com.DefaultCompany.NeonDrift.run.1783754458.32146" uuid:28F3DF6A-A363-4F3D-A11F-AB9E0BA6879F creator:"InstallCoordination Simple SPI" location:[system-defined]> Delta Copy operation from /Users/dragonkao/.openclaw/workspace/382b9e3384298039b171c9b2a60ae644/NeonDrift_MVP/project/xcode_derived_data/Build/Products/Release-iphonesimulator/NeonDrift.run.1783754458.32146.app to /Users/dragonkao/Library/Developer/CoreSimulator/Devices/CC47DE7A-8196-4465-A5A5-BB852C9C6C82/data/Containers/Shared/SystemGroup/systemgroup.com.apple.installcoordinationd/Library/InstallCoordination/PromiseStaging/28F3DF6A-A363-4F3D-A11F-AB9E0BA6879F/NeonDrift.run.1783754458.32146.app took 0.003150 seconds
2026-07-11 15:23:22.255 Df installcoordinationd[33807:42e64] [com.apple.installcoordination:daemon] -[IXSDataPromise _setPercentComplete:saveStateIfNeeded:]: Progress: <IXSPromisedTransferToPath(0x1060fd580) Name:App Asset: com.DefaultCompany.NeonDrift.run.1783754458.32146 Creator:InstallCoordination Simple SPI UUID:28F3DF6A-A363-4F3D-A11F-AB9E0BA6879F Location:[system-defined]>
2026-07-11 15:23:22.255 Df installcoordinationd[33807:42f16] [com.apple.appinstallation:TransactionLog] com.DefaultCompany.NeonDrift.run.1783754458.32146/Unknown Persona:4:10:1:1:App Asset Promise began. Coordinator State: IXAppCoordinationStatePlaceholderPromiseNotSet
2026-07-11 15:23:22.255 Df CoreSimulatorBridge[33659:42f17] [com.apple.installcoordination:framework] -[IXAppInstallCoordinator _clientDelegate_promiseDidBeginFulfillmentWithIdentifier:]: <IXUpdatingAppInstallCoordinator<0x103888bc0> identity:[com.DefaultCompany.NeonDrift.run.1783754458.32146/Invalid/[system-defined]] uuid:2894E5A7-A652-42C2-ACF9-571DBB6194FD creator:InstallCoordination Simple SPI>: Got promise did begin fulfillment for identifier 2
2026-07-11 15:23:22.255 Df CoreSimulatorBridge[33659:42f17] [com.apple.installcoordination:framework] -[IXAppInstallCoordinator _clientDelegate_promiseDidBeginFulfillmentWithIdentifier:]_block_invoke: <IXUpdatingAppInstallCoordinator<0x103888bc0> identity:[com.DefaultCompany.NeonDrift.run.1783754458.32146/Invalid/[system-defined]] uuid:2894E5A7-A652-42C2-ACF9-571DBB6194FD creator:InstallCoordination Simple SPI>: Observer <_IXSimpleInstallerDelegate 0x0x103858f90> does not respond to coordinator:configuredPromiseDidBeginFulfillment: (or any deprecated equivalent)
2026-07-11 15:23:22.255 Df installcoordinationd[33807:42eff] [com.apple.installcoordination:daemon] -[IXSCoordinatedAppInstall promiseDidComplete:]: <IXSCoordinatedAppInstall<0x106204000> [P=CoreSimulatorBridge (pid 33659)] identifier:[com.DefaultCompany.NeonDrift.run.1783754458.32146/Invalid/[system-defined]] uuid:2894E5A7-A652-42C2-ACF9-571DBB6194FD intent:IXCoordinatorIntentUpdating creator/appDRI:InstallCoordination Simple SPI importance:UserWaiting state:IXAppCoordinationStatePlaceholderPromiseNotSet promise-state:0A2I4> : Promise completed: <IXSPromisedTransferToPath(0x1060fd580) Name:App Asset: com.DefaultCompany.NeonDrift.run.1783754458.32146 Creator:InstallCoordination Simple SPI UUID:28F3DF6A-A363-4F3D-A11F-AB9E0BA6879F Location:[system-defined]>
2026-07-11 15:23:22.256 Df installcoordinationd[33807:42f16] [com.apple.appinstallation:TransactionLog] com.DefaultCompany.NeonDrift.run.1783754458.32146/Unknown Persona:4:10:2:1:App Asset Promise completed. Coordinator State: IXAppCoordinationStatePlaceholderPromiseNotSet
2026-07-11 15:23:22.256 Df CoreSimulatorBridge[33659:426fd] [com.apple.installcoordination:framework] -[IXAppInstallCoordinator _clientDelegate_didUpdateProgress:forPhase:overallProgress:]: <IXUpdatingAppInstallCoordinator<0x103888bc0> identity:[com.DefaultCompany.NeonDrift.run.1783754458.32146/Invalid/[system-defined]] uuid:2894E5A7-A652-42C2-ACF9-571DBB6194FD creator:InstallCoordination Simple SPI>: Got did update progress delegate with percentComplete 100.000000 phase IXCoordinatorProgressPhaseLoading overallProgress 60.000000
2026-07-11 15:23:22.256 Df CoreSimulatorBridge[33659:426fd] [com.apple.installcoordination:framework] -[IXAppInstallCoordinator _clientDelegate_didUpdateProgress:forPhase:overallProgress:]_block_invoke: <IXUpdatingAppInstallCoordinator<0x103888bc0> identity:[com.DefaultCompany.NeonDrift.run.1783754458.32146/Invalid/[system-defined]] uuid:2894E5A7-A652-42C2-ACF9-571DBB6194FD creator:InstallCoordination Simple SPI>: Calling selector coordinator:didUpdateProgress:forPhase:overallProgress: on observer <_IXSimpleInstallerDelegate 0x0x103858f90>
2026-07-11 15:23:22.256 Df installcoordinationd[33807:42f16] [com.apple.installcoordination:daemon] -[IXSCoordinatedAppInstall setPlaceholderPromise:]: <IXSCoordinatedAppInstall<0x106204000> [P=CoreSimulatorBridge (pid 33659)] identifier:[com.DefaultCompany.NeonDrift.run.1783754458.32146/Invalid/[system-defined]] uuid:2894E5A7-A652-42C2-ACF9-571DBB6194FD intent:IXCoordinatorIntentUpdating creator/appDRI:InstallCoordination Simple SPI importance:UserWaiting state:IXAppCoordinationStateReadyForPlaceholderInstall promise-state:PA2I4> : Placeholder Promise set: <IXSPlaceholder(0x1061283c0) Name:App Placeholder: NeonDrift.run.1783754458.32146 (com.DefaultCompany.NeonDrift.run.1783754458.32146) Creator:InstallCoordination Simple SPI UUID:8E86F38C-E080-440E-9F76-9526915D860E Location:[system-defined]>
2026-07-11 15:23:22.256 Df installcoordinationd[33807:42eff] [com.apple.installcoordination:daemon] -[IXSCoordinatedAppInstall promiseDidComplete:]: <IXSCoordinatedAppInstall<0x106204000> [P=CoreSimulatorBridge (pid 33659)] identifier:[com.DefaultCompany.NeonDrift.run.1783754458.32146/Invalid/[system-defined]] uuid:2894E5A7-A652-42C2-ACF9-571DBB6194FD intent:IXCoordinatorIntentUpdating creator/appDRI:InstallCoordination Simple SPI importance:UserWaiting state:IXAppCoordinationStateReadyForPlaceholderInstall promise-state:PA2I4> : Promise completed: <IXSPlaceholder(0x1061283c0) Name:App Placeholder: NeonDrift.run.1783754458.32146 (com.DefaultCompany.NeonDrift.run.1783754458.32146) Creator:InstallCoordination Simple SPI UUID:8E86F38C-E080-440E-9F76-9526915D860E Location:[system-defined]>
2026-07-11 15:23:22.256 Df installcoordinationd[33807:42f16] [com.apple.installcoordination:daemon] -[IXSCoordinatedAppInstall _onQueue_acquireAssertionAndInstallPlaceholder]: Acquiring termination assertion to install placeholder for [com.DefaultCompany.NeonDrift.run.1783754458.32146/Invalid/[system-defined]]
2026-07-11 15:23:22.256 Df installcoordinationd[33807:42f16] [com.apple.installcoordination:daemon] -[IXSPendingOperationsTracker beginPendingOperationForIdentity:]_block_invoke: Beginning pending operation for [com.DefaultCompany.NeonDrift.run.1783754458.32146/Invalid/[system-defined]]
2026-07-11 15:23:22.260 Df runningboardd[33632:42764] [com.apple.runningboard:connection] Received termination request from [osservice<com.apple.installcoordinationd>:33807] on <RBSProcessPredicate <RBSProcessBundleIdentifierPredicate "com.DefaultCompany.NeonDrift.run.1783754458.32146">> with context <RBSTerminateContext| explanation:installcoordinationd app:[com.DefaultCompany.NeonDrift.run.1783754458.32146/Invalid/[system-defined]] uuid:2894E5A7-A652-42C2-ACF9-571DBB6194FD isPlaceholder:Y reportType:None maxTerminationResistance:Absolute attrs:[
	<RBSPreventLaunchLimitation| <RBSProcessPredicate <RBSProcessBundleIdentifierPredicate "com.DefaultCompany.NeonDrift.run.1783754458.32146">> allow:(null)>
	]>
2026-07-11 15:23:22.260 Df runningboardd[33632:42764] [com.apple.runningboard:general] Found 0 extensions contained in com.DefaultCompany.NeonDrift.run.1783754458.32146
2026-07-11 15:23:22.261 Df runningboardd[33632:42764] [com.apple.PlugInKit:holds] <PKManager:0x10389e900> hold request for [/Users/dragonkao/Library/Developer/CoreSimulator/Devices/CC47DE7A-8196-4465-A5A5-BB852C9C6C82/data/Containers/Bundle/Application/B3202B39-8D86-4C23-B16A-EA030C4AA5AF/NeonDrift.run.1783754458.32146.app] with flags: 0x4
2026-07-11 15:23:22.262 Df runningboardd[33632:42edc] [com.apple.PlugInKit:holds] <PKManager:0x10389e900> hold request for [/Users/dragonkao/Library/Developer/CoreSimulator/Devices/CC47DE7A-8196-4465-A5A5-BB852C9C6C82/data/Containers/Bundle/Application/B3202B39-8D86-4C23-B16A-EA030C4AA5AF/NeonDrift.run.1783754458.32146.app] with flags: 0x4 completed with hold token: [AED57B97-F9CE-47DC-9EFC-DA3AE7067364]
2026-07-11 15:23:22.262 Df runningboardd[33632:42edc] [com.apple.runningboard:ttl] Acquiring assertion targeting system from originator [osservice<com.apple.installcoordinationd>:33807] with description <RBSAssertionDescriptor| "installcoordinationd app:[com.DefaultCompany.NeonDrift.run.1783754458.32146/Invalid/[system-defined]] uuid:2894E5A7-A652-42C2-ACF9-571DBB6194FD isPlaceholder:Y" ID:33632-33807-200 target:system attributes:[
	<RBSPreventLaunchLimitation| <RBSProcessPredicate <RBSProcessBundleIdentifierPredicate "com.DefaultCompany.NeonDrift.run.1783754458.32146">> allow:(null)>
	]>
2026-07-11 15:23:22.262 Df runningboardd[33632:42edc] [com.apple.runningboard:process] Executing termination request for: <RBSProcessPredicate <RBSProcessBundleIdentifierPredicate "com.DefaultCompany.NeonDrift.run.1783754458.32146">>
2026-07-11 15:23:22.262 Df SpringBoard[33765:42bad] [com.apple.SpringBoard:Common] termination assertion acquired for com.DefaultCompany.NeonDrift.run.1783754458.32146
2026-07-11 15:23:22.262 Df SpringBoard[33765:42bad] [com.apple.SpringBoard:Icon] 0x108b1be40-SBApplicationIcon Data source did change: <SBApplication: 0x108b88f00; com.DefaultCompany.NeonDrift.run.1783754458.32146> {
} (SBApplication)
2026-07-11 15:23:22.263 Df installcoordinationd[33807:42eff] [com.apple.appinstallation:TransactionLog] com.DefaultCompany.NeonDrift.run.1783754458.32146/Unknown Persona:4:9:1:1:Placeholder Promise began. Coordinator State: IXAppCoordinationStateWaitingForPlaceholderAssertion
2026-07-11 15:23:22.263 Df installcoordinationd[33807:42f16] [com.apple.installcoordination:daemon] -[IXSCoordinatedAppInstall assertionAcquiredCallback]: RBS termination assertion observer called for <IXSCoordinatedAppInstall<0x106204000> [P=CoreSimulatorBridge (pid 33659)] identifier:[com.DefaultCompany.NeonDrift.run.1783754458.32146/Invalid/[system-defined]] uuid:2894E5A7-A652-42C2-ACF9-571DBB6194FD intent:IXCoordinatorIntentUpdating creator/appDRI:InstallCoordination Simple SPI importance:UserWaiting state:IXAppCoordinationStateWaitingForPlaceholderAssertion promise-state:PA2I4>
2026-07-11 15:23:22.263 Df installcoordinationd[33807:42eff] [com.apple.installcoordination:daemon] -[IXSCoordinatorProgress setTotalUnitsCompleted:]: Progress for coordinator: [com.DefaultCompany.NeonDrift.run.1783754458.32146/Invalid/[system-defined]], Phase: IXCoordinatorProgressPhaseLoading, Percentage: 100.000000: Attempt to set units completed on finished progress: 100
2026-07-11 15:23:22.263 Df CoreSimulatorBridge[33659:42701] [com.apple.installcoordination:framework] -[IXAppInstallCoordinator _clientDelegate_promiseDidBeginFulfillmentWithIdentifier:]: <IXUpdatingAppInstallCoordinator<0x103888bc0> identity:[com.DefaultCompany.NeonDrift.run.1783754458.32146/Invalid/[system-defined]] uuid:2894E5A7-A652-42C2-ACF9-571DBB6194FD creator:InstallCoordination Simple SPI>: Got promise did begin fulfillment for identifier 1
2026-07-11 15:23:22.263 Df CoreSimulatorBridge[33659:42701] [com.apple.installcoordination:framework] -[IXAppInstallCoordinator _clientDelegate_promiseDidBeginFulfillmentWithIdentifier:]_block_invoke: <IXUpdatingAppInstallCoordinator<0x103888bc0> identity:[com.DefaultCompany.NeonDrift.run.1783754458.32146/Invalid/[system-defined]] uuid:2894E5A7-A652-42C2-ACF9-571DBB6194FD creator:InstallCoordination Simple SPI>: Observer <_IXSimpleInstallerDelegate 0x0x103858f90> does not respond to coordinator:configuredPromiseDidBeginFulfillment: (or any deprecated equivalent)
2026-07-11 15:23:22.263 Df installcoordinationd[33807:42eff] [com.apple.appinstallation:TransactionLog] com.DefaultCompany.NeonDrift.run.1783754458.32146/Unknown Persona:4:9:2:1:Placeholder Promise completed. Coordinator State: IXAppCoordinationStateWaitingForPlaceholderAssertion
2026-07-11 15:23:22.265 Df installcoordinationd[33807:42eff] [com.apple.installcoordination:daemon] -[IXSCoordinatedAppInstall _onQueue_installPlaceholder]: Acquired termination assertion for placeholder [com.DefaultCompany.NeonDrift.run.1783754458.32146/Invalid/[system-defined]]; proceeding with install.
2026-07-11 15:23:22.265 Df installcoordinationd[33807:42eff] [com.apple.installcoordination:daemon] -[IXSPowerAssertion initWithAssertionName:details:]: Acquired power assertion IXPowerAssertion-12-[com.DefaultCompany.NeonDrift.run.1783754458.32146/Invalid/[system-defined]]
2026-07-11 15:23:22.266 Df installd[33819:42f0c] (MobileSystemServices) 0x16df0b000 -[MIClientConnection _doInstallationForURL:identity:domain:options:operationType:completion:]: Install of "/Users/dragonkao/Library/Developer/CoreSimulator/Devices/CC47DE7A-8196-4465-A5A5-BB852C9C6C82/data/Containers/Shared/SystemGroup/systemgroup.com.apple.installcoordinationd/Library/InstallCoordination/PromiseStaging/8E86F38C-E080-440E-9F76-9526915D860E/NeonDrift.run.1783754458.32146.app" type Placeholder (LSInstallType = 1, Domain: MIInstallationDomainDefault) requested by installcoordinationd (pid 33807 (501/20))
2026-07-11 15:23:22.270 Df installd[33819:42f0c] [com.apple.containermanager:xpc] Query; euid = 501, uid = 501, class = 1, identifier = [com.DefaultCompany.NeonDrift.run.1783754458.32146](1), flags = 300000002
2026-07-11 15:23:22.272 Df containermanagerd_system[33676:42768] [com.apple.containermanager:cache] Disk sync reporting on new entry: (com.DefaultCompany.NeonDrift.run.1783754458.32146|18446744073709551615|<MCMContainerPath: 0x1020ee710; [<MCMContainerClassPath: 0x1020491a0; persona [(null)]; [/Users/dragonkao/Library/Developer/CoreSimulator/Devices/CC47DE7A-8196-4465-A5A5-BB852C9C6C82/data/Containers]/[Bundle]/[Application] created>]/[B3202B39-8D86-4C23-B16A-EA030C4AA5AF]/[(null)]>|0|0C01FC0F-FABB-4325-853C-8C305727835B|(null))
2026-07-11 15:23:22.273 Df installd[33819:42f0c] [com.apple.containermanager:xpc] Query; euid = 501, uid = 501, class = 1, identifier = [com.DefaultCompany.NeonDrift.run.1783754458.32146](1), flags = 300000002
2026-07-11 15:23:22.376 Df runningboardd[33632:42762] [com.apple.runningboard:process] Checking PreventLaunch: global:0 exPath:(null) predicates:{(
    <RBSProcessPredicate <RBSProcessBundleIdentifierPredicate "com.DefaultCompany.NeonDrift.run.1783754458.32146">>
)} allow:(null)
2026-07-11 15:23:22.408 Df installd[33819:42f0c] [com.apple.containermanager:xpc] Query; euid = 501, uid = 501, class = 1, identifier = [com.DefaultCompany.NeonDrift.run.1783754458.32146](1), flags = 300000002
2026-07-11 15:23:22.408 Df installd[33819:42f0c] [com.apple.containermanager:xpc] Query; euid = 501, uid = 501, class = 1, identifier = [com.DefaultCompany.NeonDrift.run.1783754458.32146](1), flags = 300000002
2026-07-11 15:23:22.411 Df installd[33819:42f0c] (MobileSystemServices) 0x16df0b000 -[MIInstaller _installInstallable:containingSymlink:error:]: Installing <MIInstallableParallelPlaceholder ID=com.DefaultCompany.NeonDrift.run.1783754458.32146; Persona=com.apple.containermanager.primary-persona, Version=0, ShortVersion=1.0>
2026-07-11 15:23:22.411 Df installd[33819:42f0c] [com.apple.appinstallation:TransactionLog] com.DefaultCompany.NeonDrift.run.1783754458.32146/com.apple.containermanager.primary-persona:7:2:1:1:Start : Install (Parallel Placeholder)
2026-07-11 15:23:22.494 Df runningboardd[33632:42775] [com.apple.runningboard:process] Checking PreventLaunch: global:0 exPath:(null) predicates:{(
    <RBSProcessPredicate <RBSProcessBundleIdentifierPredicate "com.DefaultCompany.NeonDrift.run.1783754458.32146">>
)} allow:(null)
2026-07-11 15:23:22.609 Df runningboardd[33632:42c5c] [com.apple.runningboard:process] Checking PreventLaunch: global:0 exPath:(null) predicates:{(
    <RBSProcessPredicate <RBSProcessBundleIdentifierPredicate "com.DefaultCompany.NeonDrift.run.1783754458.32146">>
)} allow:(null)
2026-07-11 15:23:22.616 Df searchd[33728:42a1d] [com.apple.spotlight:default] _allInstalledApplicationsIdentifiers: {(
    "com.DefaultCompany.NeonDrift.run.1783754458.32146",
    "com.DefaultCompany.NeonDrift.run.1782493753.82761",
    "com.apple.mobilesafari",
    "com.apple.DocumentsApp",
    "com.apple.BarcodeScanner",
    "com.apple.Preferences",
    "com.DefaultCompany.NeonDrift.run.1782486232.95300",
    "com.DefaultCompany.NeonDrift.run.1782484537.59589",
    "com.apple.Passbook",
    "com.DefaultCompany.NeonDrift.run.1782650479.26426",
    "com.DefaultCompany.NeonDrift.run.1783753904.26332",
    "com.DefaultCompany.NeonDrift.run.1782641020.54193",
    "com.apple.mobileslideshow",
    "com.apple.MobileSMS",
    "com.DefaultCompany.NeonDrift.run.1782484808.68182",
    "com.DefaultCompany.NeonDrift.run.1783753118.17777",
    "com.apple.Maps",
    "com.DefaultCompany.NeonDrift.run.1782485248.76636",
    "com.apple.Health",
    "com.apple.Fitness",
    "com.apple.MobileAddressBook",
    "com.DefaultCompany.NeonDrift.run.1782638094.21137",
    "com.apple.shortcuts",
    "com.DefaultCompany.NeonDrift.run.1782484
2026-07-11 15:23:22.726 Df runningboardd[33632:42edc] [com.apple.runningboard:process] Checking PreventLaunch: global:0 exPath:(null) predicates:{(
    <RBSProcessPredicate <RBSProcessBundleIdentifierPredicate "com.DefaultCompany.NeonDrift.run.1783754458.32146">>
)} allow:(null)
2026-07-11 15:23:22.844 Df runningboardd[33632:42c5c] [com.apple.runningboard:process] Checking PreventLaunch: global:0 exPath:(null) predicates:{(
    <RBSProcessPredicate <RBSProcessBundleIdentifierPredicate "com.DefaultCompany.NeonDrift.run.1783754458.32146">>
)} allow:(null)
2026-07-11 15:23:22.959 Df runningboardd[33632:42edc] [com.apple.runningboard:process] Checking PreventLaunch: global:0 exPath:(null) predicates:{(
    <RBSProcessPredicate <RBSProcessBundleIdentifierPredicate "com.DefaultCompany.NeonDrift.run.1783754458.32146">>
)} allow:(null)
2026-07-11 15:23:23.074 Df runningboardd[33632:42778] [com.apple.runningboard:process] Checking PreventLaunch: global:0 exPath:(null) predicates:{(
    <RBSProcessPredicate <RBSProcessBundleIdentifierPredicate "com.DefaultCompany.NeonDrift.run.1783754458.32146">>
)} allow:(null)
2026-07-11 15:23:24.158 Df BackgroundShortcutRunner[33842:43026] [com.apple.shortcuts:ToolKitIndexing] Indexing for request: <WFToolKitIndexingRequest: 0x1051a4320>, changeset: .partial(updatedCount: 2 removedCount: 0 updated: ["com.DefaultCompany.NeonDrift.run.1783754458.32146", "com.DefaultCompany.NeonDrift.run.1783753904.26332"], removed: [], provenance: [VoiceShortcutClient.ToolKitIndexingReason.Changeset.Provenance.launchServicesSnapshot(<LaunchServicesSnapshot uuid=F24B79A2-9144-48E3-970E-A35D347E6B98, v=1668)> ["com.apple.AuthenticationServicesUI", "com.apple.settingsandcoreapps.SoundAndHapticsControls", "com.apple.CarPlaySplashScreen", "com.apple.FaceTimeLinkTrampoline", "com.apple.NanoUniverse.AegirProxyApp", "com.apple.UIKit.OverlayUI", "com.apple.GameCenterRemoteAlert", "com.apple.PridePoster", "com.apple.Posters.KaleidoscopePosterApp", "com.apple.ShazamEventsApp", "com.apple.RemotePassUIService", "com.apple.AuthKitUIService", "com.apple.shortcuts.runtime", "com.apple.donotdisturb.DoNotDisturbAppIntents", "com.apple.iCloudMailSettingsAppIntentsExtension", "com.apple.SharedWebCredentialViewService", "com.apple.EmojiPos<…>, priority: <decode: missing data>
2026-07-11 15:23:24.172 Df BackgroundShortcutRunner[33842:43034] [com.apple.shortcuts:AppIntentsMetadata] Loading LNEntityMetadata for bundle identifier com.DefaultCompany.NeonDrift.run.1783754458.32146
2026-07-11 15:23:24.172 Df BackgroundShortcutRunner[33842:43034] [com.apple.shortcuts:AppIntentsMetadata] Loading LNActionMetadata for bundle identifier com.DefaultCompany.NeonDrift.run.1783754458.32146
2026-07-11 15:23:25.287 Df installd[33819:42f0c] [com.apple.containermanager:query] Query; euid = 501, uid = 501, class = 4, identifier = [com.DefaultCompany.NeonDrift.run.1783754458.32146](1), flags = 300000002
2026-07-11 15:23:25.326 Df installd[33819:42f0c] [com.apple.containermanager:query] Query; euid = 501, uid = 501, class = 4, identifier = [com.DefaultCompany.NeonDrift.run.1783754458.32146](1), flags = 300000002
2026-07-11 15:23:25.326 Df installd[33819:42f0c] (MobileSystemServices) 0x16df0b000 -[MIInstallableParallelPlaceholder performInstallationWithError:]: Installing parallel placeholder for [com.DefaultCompany.NeonDrift.run.1783754458.32146/com.apple.containermanager.primary-persona/[system-defined]]
2026-07-11 15:23:25.329 Df installd[33819:42f0c] [com.apple.containermanager:query] Query; euid = 501, uid = 501, class = 2, identifier = [com.DefaultCompany.NeonDrift.run.1783754458.32146](1), flags = 300000003
2026-07-11 15:23:25.331 Df containermanagerd[33686:42800] [com.apple.containermanager:cache] Disk sync reporting on new entry: (com.DefaultCompany.NeonDrift.run.1783754458.32146|18446744073709551615|<MCMContainerPath: 0x106348aa0; [<MCMContainerClassPath: 0x1060497a0; persona [(null)]; [/Users/dragonkao/Library/Developer/CoreSimulator/Devices/CC47DE7A-8196-4465-A5A5-BB852C9C6C82/data/Containers]/[Data]/[Application] created>]/[FEEB4D77-776B-4C27-871B-1E76C4D2A579]/[(null)]>|1|577223D0-8514-4F52-8381-A264C7EFA897|(null))
2026-07-11 15:23:25.342 Df installd[33819:42f0c] [com.apple.containermanager:query] Query; euid = 501, uid = 501, class = 2, identifier = [com.DefaultCompany.NeonDrift.run.1783754458.32146](1), flags = 300000002
2026-07-11 15:23:25.352 Df containermanagerd[33686:42800] [com.apple.containermanager:schema] [u 577223D0-8514-4F52-8381-A264C7EFA897:p FEEB4D77-776B-4C27-871B-1E76C4D2A579:c com.DefaultCompany.NeonDrift.run.1783754458.32146(2):i0] Successfully updated schema from (0) → (1), actions count = 6
2026-07-11 15:23:25.352 Df containermanagerd_system[33676:42768] [com.apple.containermanager:schema] [u 0C01FC0F-FABB-4325-853C-8C305727835B:p B3202B39-8D86-4C23-B16A-EA030C4AA5AF:c com.DefaultCompany.NeonDrift.run.1783754458.32146(1):i0] Successfully updated schema from (0) → (0), actions count = 0
2026-07-11 15:23:25.353 Df installd[33819:42f0c] [com.apple.containermanager:xpc] Query; euid = 501, uid = 501, class = 1, identifier = [com.DefaultCompany.NeonDrift.run.1783754458.32146](1), flags = 300000002
2026-07-11 15:23:25.354 Df installd[33819:42f0c] [com.apple.containermanager:unspecified] Requesting disk usage; class = 1, identifier = com.DefaultCompany.NeonDrift.run.1783754458.32146
2026-07-11 15:23:25.355 Df installd[33819:42f0c] [com.apple.containermanager:query] Query; euid = 501, uid = 501, class = 7, identifier = [com.DefaultCompany.NeonDrift.run.1783754458.32146](1), flags = 300000001
2026-07-11 15:23:25.355 Df SpringBoard[33765:42bad] [com.apple.SpringBoard:Common] termination assertion released for com.DefaultCompany.NeonDrift.run.1783754458.32146
2026-07-11 15:23:25.355 Df SpringBoard[33765:42bad] [com.apple.SpringBoard:Icon] 0x108b1be40-SBApplicationIcon Data source did change: <SBApplication: 0x108b88f00; com.DefaultCompany.NeonDrift.run.1783754458.32146> {
} (SBApplication)
2026-07-11 15:23:25.358 Df installd[33819:42f0c] (MobileSystemServices) 0x16df0b000 -[MILaunchServicesOperationManager _onQueue_addPendingLaunchServicesOperation:error:]: Added pending LS operation <MILaunchServicesRegisterOperation: 17738730-707F-417C-A4A3-418CC744DDFC:1 com.DefaultCompany.NeonDrift.run.1783754458.32146/MIInstallationDomainSystemShared personas:[com.apple.containermanager.primary-persona]>
2026-07-11 15:23:25.359 Df lsd[33680:42813] [com.apple.launchservices:appinstallation] Post installation registration: request to register com.DefaultCompany.NeonDrift.run.1783754458.32146, operation 17738730-707F-417C-A4A3-418CC744DDFC, from pid 33819
2026-07-11 15:23:25.359 Df lsd[33680:42813] [com.apple.appinstallation:TransactionLog] com.DefaultCompany.NeonDrift.run.1783754458.32146/Unknown Persona:5:4:1:1:Registering bundles via registrant - start
2026-07-11 15:23:25.362 Df lsd[33680:42813] [com.apple.appinstallation:TransactionLog] com.DefaultCompany.NeonDrift.run.1783754458.32146/Unknown Persona:5:5:1:1:Building bundle record for app
2026-07-11 15:23:25.362 Df lsd[33680:42813] [com.apple.launchservices:appinstallation] Placeholder detected - Flagging bundle com.DefaultCompany.NeonDrift.run.1783754458.32146 incomplete
2026-07-11 15:23:25.363 Df lsd[33680:42813] [com.apple.appinstallation:TransactionLog] com.DefaultCompany.NeonDrift.run.1783754458.32146/Unknown Persona:5:5:2:1:Built bundle record for app
2026-07-11 15:23:25.364 Df lsd[33680:42813] [com.apple.appinstallation:TransactionLog] com.DefaultCompany.NeonDrift.run.1783754458.32146/Unknown Persona:5:4:2:1:Registered bundle status = success
2026-07-11 15:23:25.365 Df lsd[33680:42813] [com.apple.appinstallation:TransactionLog] com.DefaultCompany.NeonDrift.run.1783754458.32146/Unknown Persona:5:4:2:1:Finished registering com.DefaultCompany.NeonDrift.run.1783754458.32146, bundle unit 688
2026-07-11 15:23:25.365 Df installd[33819:42f0c] (MobileSystemServices) 0x16df0b000 -[MIJournal purgeJournalEntry:withError:]: Removing journal entry <MIInstallationJournalEntry<0x1030d0a00> [com.DefaultCompany.NeonDrift.run.1783754458.32146/com.apple.containermanager.primary-persona/[system-defined]]/MIInstallationDomainSystemShared op:3 phase:JournalPhaseDidRegisterWithLS version:0>
2026-07-11 15:23:25.365 Df lsd[33680:42814] [com.apple.launchservices:progress] Sending applicationInstallsDidStart: for (
    "<LSApplicationProxy: 0x10572c000> com.DefaultCompany.NeonDrift.run.1783754458.32146 file:///Users/dragonkao/Library/Developer/CoreSimulator/Devices/CC47DE7A-8196-4465-A5A5-BB852C9C6C82/data/Containers/Bundle/Application/B3202B39-8D86-4C23-B16A-EA030C4AA5AF/com.apple.mobileinstallation.placeholder/ <com.DefaultCompany.NeonDrift.run.1783754458.32146 <placeholder >:1>"
)
2026-07-11 15:23:25.366 Df installd[33819:42f0c] [com.apple.appinstallation:TransactionLog] com.DefaultCompany.NeonDrift.run.1783754458.32146/com.apple.containermanager.primary-persona:7:2:2:1:Success (End) : Install (Parallel Placeholder)
2026-07-11 15:23:25.366 Df installd[33819:42f0c] (MobileSystemServices) 0x16df0b000 -[MIInstaller _logOperationCompletionWithStartTime:distributorID:]: Install successful for (Placeholder:com.DefaultCompany.NeonDrift.run.1783754458.32146) [Distributor: (null)]; Staging: 0.00s; Waiting: 0.00s; Preflight/Patch: 2.88s, Verifying: 0.04s; Overall: 3.10s
2026-07-11 15:23:25.366 Df lsd[33680:42814] [com.apple.launchservices:progress] Created parent progress <NSProgress: com.DefaultCompany.NeonDrift.run.1783754458.32146 phase=InstallingPlaceholder; state=Waiting; finalPhase=Installing; fractionCompleted=0.000000>
2026-07-11 15:23:25.366 Df installcoordinationd[33807:42eff] [com.apple.installcoordination:daemon] -[IXSPowerAssertion invalidate]: Released power assertion IXPowerAssertion-12-[com.DefaultCompany.NeonDrift.run.1783754458.32146/Invalid/[system-defined]]
2026-07-11 15:23:25.367 Df locationd[33653:4273d] [com.apple.launchservices:appinstallation] LaunchServices observer: InstallsStarted (
    "<LSApplicationProxy: 0x10337c600> com.DefaultCompany.NeonDrift.run.1783754458.32146 file:///Users/dragonkao/Library/Developer/CoreSimulator/Devices/CC47DE7A-8196-4465-A5A5-BB852C9C6C82/data/Containers/Bundle/Application/B3202B39-8D86-4C23-B16A-EA030C4AA5AF/com.apple.mobileinstallation.placeholder/ <com.DefaultCompany.NeonDrift.run.1783754458.32146 <placeholder >:1>"
)
2026-07-11 15:23:25.367 Df financed[33726:429dd] [com.apple.launchservices:appinstallation] LaunchServices observer: InstallsStarted (
    "<LSApplicationProxy: 0x1061fb3c0> com.DefaultCompany.NeonDrift.run.1783754458.32146 file:///Users/dragonkao/Library/Developer/CoreSimulator/Devices/CC47DE7A-8196-4465-A5A5-BB852C9C6C82/data/Containers/Bundle/Application/B3202B39-8D86-4C23-B16A-EA030C4AA5AF/com.apple.mobileinstallation.placeholder/ <com.DefaultCompany.NeonDrift.run.1783754458.32146 <placeholder >:1>"
)
2026-07-11 15:23:25.367 Df installcoordinationd[33807:42f16] [com.apple.installcoordination:daemon] -[IXSPendingOperationsTracker endPendingOperationForIdentity:]_block_invoke: Ending pending operation for [com.DefaultCompany.NeonDrift.run.1783754458.32146/Invalid/[system-defined]]
2026-07-11 15:23:25.367 Df dasd[33655:42a11] [com.apple.launchservices:appinstallation] LaunchServices observer: InstallsStarted (
    "<LSApplicationProxy: 0x101740240> com.DefaultCompany.NeonDrift.run.1783754458.32146 file:///Users/dragonkao/Library/Developer/CoreSimulator/Devices/CC47DE7A-8196-4465-A5A5-BB852C9C6C82/data/Containers/Bundle/Application/B3202B39-8D86-4C23-B16A-EA030C4AA5AF/com.apple.mobileinstallation.placeholder/ <com.DefaultCompany.NeonDrift.run.1783754458.32146 <placeholder >:1>"
)
2026-07-11 15:23:25.367 Df appstored[33800:42df1] [com.apple.launchservices:appinstallation] LaunchServices observer: InstallsStarted (
    "<LSApplicationProxy: 0x105ef8000> com.DefaultCompany.NeonDrift.run.1783754458.32146 file:///Users/dragonkao/Library/Developer/CoreSimulator/Devices/CC47DE7A-8196-4465-A5A5-BB852C9C6C82/data/Containers/Bundle/Application/B3202B39-8D86-4C23-B16A-EA030C4AA5AF/com.apple.mobileinstallation.placeholder/ <com.DefaultCompany.NeonDrift.run.1783754458.32146 <placeholder >:1>"
)
2026-07-11 15:23:25.367 Df installcoordinationd[33807:42f16] [com.apple.installcoordination:daemon] -[IXSCoordinatedAppInstall setPlaceholderInstallState:withLSRecordPromiseForCompletion:]: <IXSCoordinatedAppInstall<0x106204000> [P=CoreSimulatorBridge (pid 33659)] identifier:[com.DefaultCompany.NeonDrift.run.1783754458.32146/Invalid/[system-defined]] uuid:2894E5A7-A652-42C2-ACF9-571DBB6194FD intent:IXCoordinatorIntentUpdating creator/appDRI:InstallCoordination Simple SPI importance:UserWaiting state:IXAppCoordinationStateReadyForInstall promise-state:PA2I4>: Placeholder install completed.
2026-07-11 15:23:25.367 Df donotdisturbd[33678:42824] [com.apple.launchservices:appinstallation] LaunchServices observer: InstallsStarted (
    "<LSApplicationProxy: 0x1011c5500> com.DefaultCompany.NeonDrift.run.1783754458.32146 file:///Users/dragonkao/Library/Developer/CoreSimulator/Devices/CC47DE7A-8196-4465-A5A5-BB852C9C6C82/data/Containers/Bundle/Application/B3202B39-8D86-4C23-B16A-EA030C4AA5AF/com.apple.mobileinstallation.placeholder/ <com.DefaultCompany.NeonDrift.run.1783754458.32146 <placeholder >:1>"
)
2026-07-11 15:23:25.368 Df homed[33698:42934] [com.apple.launchservices:appinstallation] LaunchServices observer: InstallsStarted (
    "<LSApplicationProxy: 0x109ea0540> com.DefaultCompany.NeonDrift.run.1783754458.32146 file:///Users/dragonkao/Library/Developer/CoreSimulator/Devices/CC47DE7A-8196-4465-A5A5-BB852C9C6C82/data/Containers/Bundle/Application/B3202B39-8D86-4C23-B16A-EA030C4AA5AF/com.apple.mobileinstallation.placeholder/ <com.DefaultCompany.NeonDrift.run.1783754458.32146 <placeholder >:1>"
)
2026-07-11 15:23:25.368 Df callservicesd[33696:428d2] [com.apple.launchservices:appinstallation] LaunchServices observer: InstallsStarted (
    "<LSApplicationProxy: 0x108994c00> com.DefaultCompany.NeonDrift.run.1783754458.32146 file:///Users/dragonkao/Library/Developer/CoreSimulator/Devices/CC47DE7A-8196-4465-A5A5-BB852C9C6C82/data/Containers/Bundle/Application/B3202B39-8D86-4C23-B16A-EA030C4AA5AF/com.apple.mobileinstallation.placeholder/ <com.DefaultCompany.NeonDrift.run.1783754458.32146 <placeholder >:1>"
)
2026-07-11 15:23:25.368 Df installcoordinationd[33807:42f16] [com.apple.installprogress:server] initiating progress for [com.DefaultCompany.NeonDrift.run.1783754458.32146/Invalid/[system-defined]]
2026-07-11 15:23:25.368 Df mobiletimerd[33644:42782] [com.apple.launchservices:appinstallation] LaunchServices observer: InstallsStarted (
    "<LSApplicationProxy: 0x1052300c0> com.DefaultCompany.NeonDrift.run.1783754458.32146 file:///Users/dragonkao/Library/Developer/CoreSimulator/Devices/CC47DE7A-8196-4465-A5A5-BB852C9C6C82/data/Containers/Bundle/Application/B3202B39-8D86-4C23-B16A-EA030C4AA5AF/com.apple.mobileinstallation.placeholder/ <com.DefaultCompany.NeonDrift.run.1783754458.32146 <placeholder >:1>"
)
2026-07-11 15:23:25.368 Df SpringBoard[33765:42df3] [com.apple.launchservices:appinstallation] LaunchServices observer: InstallsStarted (
    "<LSApplicationProxy: 0x1266e6c40> com.DefaultCompany.NeonDrift.run.1783754458.32146 file:///Users/dragonkao/Library/Developer/CoreSimulator/Devices/CC47DE7A-8196-4465-A5A5-BB852C9C6C82/data/Containers/Bundle/Application/B3202B39-8D86-4C23-B16A-EA030C4AA5AF/com.apple.mobileinstallation.placeholder/ <com.DefaultCompany.NeonDrift.run.1783754458.32146 <placeholder >:1>"
)
2026-07-11 15:23:25.368 Df SpringBoard[33765:42df3] [com.apple.frontboard.ApplicationLibrary:observer] -[FBSApplicationLibrary applicationInstallsDidStart:] com.DefaultCompany.NeonDrift.run.1783754458.32146
2026-07-11 15:23:25.368 Df runningboardd[33632:42764] [com.apple.launchservices:appinstallation] LaunchServices observer: InstallsStarted (
    "<LSApplicationProxy: 0x10397c000> com.DefaultCompany.NeonDrift.run.1783754458.32146 file:///Users/dragonkao/Library/Developer/CoreSimulator/Devices/CC47DE7A-8196-4465-A5A5-BB852C9C6C82/data/Containers/Bundle/Application/B3202B39-8D86-4C23-B16A-EA030C4AA5AF/com.apple.mobileinstallation.placeholder/ <com.DefaultCompany.NeonDrift.run.1783754458.32146 <placeholder >:1>"
)
2026-07-11 15:23:25.368 Df SpringBoard[33765:42df3] [com.apple.frontboard.ApplicationLibrary:default] Added placeholder: <SBApplicationPlaceholderProxy: 0x1225e2580; com.DefaultCompany.NeonDrift.run.1783754458.32146 (NeonDrift.run.1783754458.32146); LSInstallType: StoreDownload>
2026-07-11 15:23:25.368 Df routined[33637:42831] [com.apple.launchservices:appinstallation] LaunchServices observer: InstallsStarted (
    "<LSApplicationProxy: 0x103390a80> com.DefaultCompany.NeonDrift.run.1783754458.32146 file:///Users/dragonkao/Library/Developer/CoreSimulator/Devices/CC47DE7A-8196-4465-A5A5-BB852C9C6C82/data/Containers/Bundle/Application/B3202B39-8D86-4C23-B16A-EA030C4AA5AF/com.apple.mobileinstallation.placeholder/ <com.DefaultCompany.NeonDrift.run.1783754458.32146 <placeholder >:1>"
)
2026-07-11 15:23:25.368 Df sleepd[33656:4272f] [com.apple.launchservices:appinstallation] LaunchServices observer: InstallsStarted (
    "<LSApplicationProxy: 0x103a60180> com.DefaultCompany.NeonDrift.run.1783754458.32146 file:///Users/dragonkao/Library/Developer/CoreSimulator/Devices/CC47DE7A-8196-4465-A5A5-BB852C9C6C82/data/Containers/Bundle/Application/B3202B39-8D86-4C23-B16A-EA030C4AA5AF/com.apple.mobileinstallation.placeholder/ <com.DefaultCompany.NeonDrift.run.1783754458.32146 <placeholder >:1>"
)
2026-07-11 15:23:25.368 Df SpringBoard[33765:42bad] [com.apple.frontboard.ApplicationLibrary:sb.placeholder] App placeholder proxies added: (
    "<SBApplicationPlaceholderProxy: 0x1225e2580; com.DefaultCompany.NeonDrift.run.1783754458.32146 (NeonDrift.run.1783754458.32146); LSInstallType: StoreDownload>"
), currentlyKnownExistingPlaceholders: {
}
2026-07-11 15:23:25.368 Df usernotificationsd[33689:42df8] [com.apple.launchservices:appinstallation] LaunchServices observer: InstallsStarted (
    "<LSApplicationProxy: 0x1055a0480> com.DefaultCompany.NeonDrift.run.1783754458.32146 file:///Users/dragonkao/Library/Developer/CoreSimulator/Devices/CC47DE7A-8196-4465-A5A5-BB852C9C6C82/data/Containers/Bundle/Application/B3202B39-8D86-4C23-B16A-EA030C4AA5AF/com.apple.mobileinstallation.placeholder/ <com.DefaultCompany.NeonDrift.run.1783754458.32146 <placeholder >:1>"
)
2026-07-11 15:23:25.368 Df SpringBoard[33765:42bad] [com.apple.appinstallation:TransactionLog] com.DefaultCompany.NeonDrift.run.1783754458.32146/Unknown Persona:10:0:1:1:Placeholder add BEGIN
2026-07-11 15:23:25.368 Df lsd[33680:42814] [com.apple.launchservices:progress] Sent distributed notification com.apple.LaunchServices.applicationRegistered with payload {
    bundleIDs =     (
        "com.DefaultCompany.NeonDrift.run.1783754458.32146"
    );
    isPlaceholder = 1;
}
2026-07-11 15:23:25.369 Df webbookmarksd[33724:42ff9] [com.apple.launchservices:appinstallation] LaunchServices observer: InstallsStarted (
    "<LSApplicationProxy: 0x1016d1fe0> com.DefaultCompany.NeonDrift.run.1783754458.32146 file:///Users/dragonkao/Library/Developer/CoreSimulator/Devices/CC47DE7A-8196-4465-A5A5-BB852C9C6C82/data/Containers/Bundle/Application/B3202B39-8D86-4C23-B16A-EA030C4AA5AF/com.apple.mobileinstallation.placeholder/ <com.DefaultCompany.NeonDrift.run.1783754458.32146 <placeholder >:1>"
)
2026-07-11 15:23:25.369 Df nsurlsessiond[33679:42822] [com.apple.launchservices:appinstallation] LaunchServices observer: InstallsStarted (
    "<LSApplicationProxy: 0x101a446c0> com.DefaultCompany.NeonDrift.run.1783754458.32146 file:///Users/dragonkao/Library/Developer/CoreSimulator/Devices/CC47DE7A-8196-4465-A5A5-BB852C9C6C82/data/Containers/Bundle/Application/B3202B39-8D86-4C23-B16A-EA030C4AA5AF/com.apple.mobileinstallation.placeholder/ <com.DefaultCompany.NeonDrift.run.1783754458.32146 <placeholder >:1>"
)
2026-07-11 15:23:25.369 Df gamed[33755:42ba6] [com.apple.launchservices:appinstallation] LaunchServices observer: InstallsStarted (
    "<LSApplicationProxy: 0x101fe8cc0> com.DefaultCompany.NeonDrift.run.1783754458.32146 file:///Users/dragonkao/Library/Developer/CoreSimulator/Devices/CC47DE7A-8196-4465-A5A5-BB852C9C6C82/data/Containers/Bundle/Application/B3202B39-8D86-4C23-B16A-EA030C4AA5AF/com.apple.mobileinstallation.placeholder/ <com.DefaultCompany.NeonDrift.run.1783754458.32146 <placeholder >:1>"
)
2026-07-11 15:23:25.369 Df passd[33658:42a50] [com.apple.launchservices:appinstallation] LaunchServices observer: InstallsStarted (
    "<LSApplicationProxy: 0x1064b5c80> com.DefaultCompany.NeonDrift.run.1783754458.32146 file:///Users/dragonkao/Library/Developer/CoreSimulator/Devices/CC47DE7A-8196-4465-A5A5-BB852C9C6C82/data/Containers/Bundle/Application/B3202B39-8D86-4C23-B16A-EA030C4AA5AF/com.apple.mobileinstallation.placeholder/ <com.DefaultCompany.NeonDrift.run.1783754458.32146 <placeholder >:1>"
)
2026-07-11 15:23:25.369 Df SpringBoard[33765:42df3] [com.apple.launchservices:progress] #LSInstallProgressList add subscriber: <_NSProgressSubscriber: 0x107abd710> publishingString: com.DefaultCompany.NeonDrift.run.1783754458.32146
2026-07-11 15:23:25.369 Df installcoordinationd[33807:42f16] [com.apple.installprogress:default] Created published identity progress for [com.DefaultCompany.NeonDrift.run.1783754458.32146/Invalid/[system-defined]], observer 0x1060a8e00
2026-07-11 15:23:25.369 Df profiled[33695:42cf3] [com.apple.launchservices:appinstallation] LaunchServices observer: InstallsStarted (
    "<LSApplicationProxy: 0x102f10fa0> com.DefaultCompany.NeonDrift.run.1783754458.32146 file:///Users/dragonkao/Library/Developer/CoreSimulator/Devices/CC47DE7A-8196-4465-A5A5-BB852C9C6C82/data/Containers/Bundle/Application/B3202B39-8D86-4C23-B16A-EA030C4AA5AF/com.apple.mobileinstallation.placeholder/ <com.DefaultCompany.NeonDrift.run.1783754458.32146 <placeholder >:1>"
)
2026-07-11 15:23:25.369 Df deviceaccessd[33709:42979] [com.apple.launchservices:appinstallation] LaunchServices observer: InstallsStarted (
    "<LSApplicationProxy: 0x10216c000> com.DefaultCompany.NeonDrift.run.1783754458.32146 file:///Users/dragonkao/Library/Developer/CoreSimulator/Devices/CC47DE7A-8196-4465-A5A5-BB852C9C6C82/data/Containers/Bundle/Application/B3202B39-8D86-4C23-B16A-EA030C4AA5AF/com.apple.mobileinstallation.placeholder/ <com.DefaultCompany.NeonDrift.run.1783754458.32146 <placeholder >:1>"
)
2026-07-11 15:23:25.369 Df SpringBoard[33765:42df3] [com.apple.launchservices:progress] Subscribing to progress for app com.DefaultCompany.NeonDrift.run.1783754458.32146,
2026-07-11 15:23:25.369 Df installcoordinationd[33807:42f16] [com.apple.installcoordination:daemon] -[IXSCoordinatorProgress setTotalUnitsCompleted:]: Progress for coordinator: [com.DefaultCompany.NeonDrift.run.1783754458.32146/Invalid/[system-defined]], Phase: IXCoordinatorProgressPhaseLoading, Percentage: 100.000000: Attempt to set units completed on finished progress: 100
2026-07-11 15:23:25.369 E  SpringBoard[33765:42df3] [com.apple.frontboard.ApplicationLibrary:placeholder] Non-demoted placeholder for com.DefaultCompany.NeonDrift.run.1783754458.32146 has no associated NSProgress!
2026-07-11 15:23:25.369 Df installcoordinationd[33807:42f16] [com.apple.installcoordination:daemon] -[IXSCoordinatedAppInstall _onQueue_acquireAssertionAndDoInstall]: Acquiring termination assertion to install [com.DefaultCompany.NeonDrift.run.1783754458.32146/Invalid/[system-defined]]
2026-07-11 15:23:25.369 Df installcoordinationd[33807:42f16] [com.apple.installcoordination:daemon] -[IXSPendingOperationsTracker beginPendingOperationForIdentity:]_block_invoke: Beginning pending operation for [com.DefaultCompany.NeonDrift.run.1783754458.32146/Invalid/[system-defined]]
2026-07-11 15:23:25.369 Df liveactivitiesd[33683:42817] [com.apple.launchservices:appinstallation] LaunchServices observer: InstallsStarted (
    "<LSApplicationProxy: 0x104689680> com.DefaultCompany.NeonDrift.run.1783754458.32146 file:///Users/dragonkao/Library/Developer/CoreSimulator/Devices/CC47DE7A-8196-4465-A5A5-BB852C9C6C82/data/Containers/Bundle/Application/B3202B39-8D86-4C23-B16A-EA030C4AA5AF/com.apple.mobileinstallation.placeholder/ <com.DefaultCompany.NeonDrift.run.1783754458.32146 <placeholder >:1>"
)
2026-07-11 15:23:25.369 Df installcoordinationd[33807:42e64] [com.apple.installcoordination:daemon] -[IXSCoordinatedAppInstall _limitedConcurrency_fetchLoadingProgressForPlaceholderInstallType:progressHint:andRun:]: <IXSCoordinatedAppInstall<0x106204000> [P=CoreSimulatorBridge (pid 33659)] identifier:[com.DefaultCompany.NeonDrift.run.1783754458.32146/Invalid/[system-defined]] uuid:2894E5A7-A652-42C2-ACF9-571DBB6194FD intent:IXCoordinatorIntentUpdating creator/appDRI:InstallCoordination Simple SPI importance:UserWaiting state:IXAppCoordinationStateWaitingForInstallAssertion promise-state:PA2I4>: initiating loading progress with install type 1
2026-07-11 15:23:25.369 Df installcoordinationd[33807:42e64] [com.apple.appinstallation:TransactionLog] com.DefaultCompany.NeonDrift.run.1783754458.32146/Unknown Persona:5:11:1:1:Updating PlaceholderMetadata for com.DefaultCompany.NeonDrift.run.1783754458.32146 with LSInstallType 1
2026-07-11 15:23:25.369 Df SpringBoard[33765:42bad] [com.apple.SpringBoard:Icon] <<SBLeafIcon:0x108b1be40 [com.DefaultCompany.NeonDrift.run.1783754458.32146]>> Changing active data source: <SBApplicationIcon: 0x108b1be40; nodeID: com.DefaultCompany.NeonDrift.run.1783754458.32146; bundleID: com.DefaultCompany.NeonDrift.run.1783754458.32146>
2026-07-11 15:23:25.369 Df SpringBoard[33765:42bad] [com.apple.SpringBoard:Icon] <<SBLeafIcon:0x108b1be40 [com.DefaultCompany.NeonDrift.run.1783754458.32146]>> Changing from data souce: com.DefaultCompany.NeonDrift.run.1783754458.32146 to data source:com.DefaultCompany.NeonDrift.run.1783754458.32146.
2026-07-11 15:23:25.370 Df SpringBoard[33765:42bad] [com.apple.appinstallation:TransactionLog] com.DefaultCompany.NeonDrift.run.1783754458.32146/Unknown Persona:10:1:3:1:Created icon for placeholder.
2026-07-11 15:23:25.370 Df runningboardd[33632:42764] [com.apple.runningboard:connection] Received termination request from [osservice<com.apple.installcoordinationd>:33807] on <RBSProcessPredicate <RBSProcessBundleIdentifierPredicate "com.DefaultCompany.NeonDrift.run.1783754458.32146">> with context <RBSTerminateContext| explanation:installcoordinationd app:[com.DefaultCompany.NeonDrift.run.1783754458.32146/Invalid/[system-defined]] uuid:2894E5A7-A652-42C2-ACF9-571DBB6194FD isPlaceholder:N reportType:None maxTerminationResistance:Absolute attrs:[
	<RBSPreventLaunchLimitation| <RBSProcessPredicate <RBSProcessBundleIdentifierPredicate "com.DefaultCompany.NeonDrift.run.1783754458.32146">> allow:(null)>
	]>
2026-07-11 15:23:25.370 Df CoreSimulatorBridge[33659:42f17] [com.apple.installcoordination:framework] -[IXAppInstallCoordinator _clientDelegate_placeholderDidInstallForApplicationRecord:]: <IXUpdatingAppInstallCoordinator<0x103888bc0> identity:[com.DefaultCompany.NeonDrift.run.1783754458.32146/Invalid/[system-defined]] uuid:2894E5A7-A652-42C2-ACF9-571DBB6194FD creator:InstallCoordination Simple SPI>: Got placeholder did install delegate for app record { bundleID: com.DefaultCompany.NeonDrift.run.1783754458.32146, URL: file:///Users/dragonkao/Library/Developer/CoreSimulator/Devices/CC47DE7A-8196-4465-A5A5-BB852C9C6C82/data/Containers/Bundle/Application/B3202B39-8D86-4C23-B16A-EA030C4AA5AF/com.apple.mobileinstallation.placeholder/ }
