Timestamp               Ty Process[PID:TID]
2026-06-25 02:02:14.160 Df log[57519:0] [com.apple.log:] log run noninteractively, parent: 37552 (launchd_sim), args: 'log' 'show' '--last' '3m' '--predicate' 'process == "NeonDrift" OR process == "NeonDrift" OR eventMessage CONTAINS "com.DefaultCompany.NeonDrift" OR eventMessage CONTAINS "NeonDrift"' '--style'
2026-06-25 02:02:56.745 Df CoreSimulatorBridge[37585:228b0d] Request received for installation of file:///Users/dragonkao/.openclaw/workspace/382b9e3384298039b171c9b2a60ae644/NeonDrift_MVP/project/xcode_derived_data/Build/Products/Release-iphonesimulator/NeonDrift.app/ with options: {
    PackageType = Developer;
    SimulatorRootPath = "/Library/Developer/CoreSimulator/Volumes/iOS_23F77/Library/Developer/CoreSimulator/Profiles/Runtimes/iOS 26.5.simruntime/Contents/Resources/RuntimeRoot";
    SimulatorUserPath = "/Users/dragonkao/Library/Developer/CoreSimulator/Devices/115FDF0C-5A2F-4686-909B-7F43F1450A28/data";
}
2026-06-25 02:02:56.745 Df CoreSimulatorBridge[37585:228b0d] [com.apple.installcoordination:framework] +[IXAppInstallCoordinator(IXSimpleInstaller) _beginInstallForURL:forPersonaUniqueString:consumeSource:options:progressBlock:completionWithIdentity:]: Beginning install for /Users/dragonkao/.openclaw/workspace/382b9e3384298039b171c9b2a60ae644/NeonDrift_MVP/project/xcode_derived_data/Build/Products/Release-iphonesimulator/NeonDrift.app consuming source:N options:{
    IsUserInitiated = 1;
    PackageType = Developer;
} installationRequestorAuditToken: NULL
2026-06-25 02:02:56.747 Df installcoordinationd[37614:228b10] [com.apple.installcoordination:daemon] -[IXSDataPromiseManager registerPromise:]: Registered promise <IXSPlaceholder(0x105910140) Name:App Placeholder: NeonDrift (com.DefaultCompany.NeonDrift) Creator:InstallCoordination Simple SPI UUID:EBAAA2F4-61E9-4721-B183-6B97DA964C03 Location:[system-defined]> for UUID EBAAA2F4-61E9-4721-B183-6B97DA964C03
2026-06-25 02:02:56.749 Df installcoordinationd[37614:228b10] [com.apple.installcoordination:daemon] -[IXSPlaceholder setAttributes:]: <IXSPlaceholder(0x105910140) Name:App Placeholder: NeonDrift (com.DefaultCompany.NeonDrift) Creator:InstallCoordination Simple SPI UUID:EBAAA2F4-61E9-4721-B183-6B97DA964C03 Location:[system-defined]>: setting placeholder attributes to <IXPlaceholderAttributes<0x1058a12c0> : {
    CFBundleShortVersionString = "1.0";
    CFBundleSupportedPlatforms =     (
        iPhoneSimulator
    );
    CFBundleVersion = 0;
    DTPlatformName = iphonesimulator;
    LSRequiresIPhoneOS = 1;
    MinimumOSVersion = "13.0";
    UIDeviceFamily =     (
        1,
        2
    );
    UIRequiredDeviceCapabilities =     {
        arm64 = 1;
        metal = 1;
    };
}>
2026-06-25 02:02:56.749 Df CoreSimulatorBridge[37585:22563d] [com.apple.installcoordination:framework] +[IXPlaceholder _setEntitlementsFromBundleExecutableURL:withBundleID:client:onPlaceholder:location:error:]: Executable for com.DefaultCompany.NeonDrift at NeonDrift -- file:///Users/dragonkao/.openclaw/workspace/382b9e3384298039b171c9b2a60ae644/NeonDrift_MVP/project/xcode_derived_data/Build/Products/Release-iphonesimulator/NeonDrift.app/ had no entitlements
2026-06-25 02:02:56.749 Df CoreSimulatorBridge[37585:22563d] [com.apple.installcoordination:framework] +[IXPlaceholder _placeholderForBundle:client:withParent:installType:metadata:placeholderType:mayBeDeltaPackage:isFromSerializedPlaceholder:location:error:]: Using full fidelity icons for com.DefaultCompany.NeonDrift at /Users/dragonkao/.openclaw/workspace/382b9e3384298039b171c9b2a60ae644/NeonDrift_MVP/project/xcode_derived_data/Build/Products/Release-iphonesimulator/NeonDrift.app
2026-06-25 02:02:56.750 Df installcoordinationd[37614:228b10] [com.apple.installcoordination:daemon] -[IXSDataPromiseManager registerPromise:]: Registered promise <IXSPromisedTransferToPath(0x1058dcb00) Name:Icon resources for com.DefaultCompany.NeonDrift Creator:InstallCoordination Simple SPI UUID:B82A359C-2E48-4D37-9EB5-1B2C73FEBDB0 Location:[system-defined]> for UUID B82A359C-2E48-4D37-9EB5-1B2C73FEBDB0
2026-06-25 02:02:56.752 Df CoreSimulatorBridge[37585:22563d] [com.apple.installcoordination:framework] -[IXPromisedTransferToPath setComplete:]: <IXPromisedTransferToPath<0x101873580> name:"Icon resources for com.DefaultCompany.NeonDrift" uuid:B82A359C-2E48-4D37-9EB5-1B2C73FEBDB0 creator:"InstallCoordination Simple SPI" location:[system-defined]> Move operation from /Users/dragonkao/Library/Developer/CoreSimulator/Devices/115FDF0C-5A2F-4686-909B-7F43F1450A28/data/Containers/Shared/SystemGroup/systemgroup.com.apple.installcoordinationd/Library/InstallCoordination/PromiseStaging/B82A359C-2E48-4D37-9EB5-1B2C73FEBDB0/temp.UL4AnG to /Users/dragonkao/Library/Developer/CoreSimulator/Devices/115FDF0C-5A2F-4686-909B-7F43F1450A28/data/Containers/Shared/SystemGroup/systemgroup.com.apple.installcoordinationd/Library/InstallCoordination/PromiseStaging/B82A359C-2E48-4D37-9EB5-1B2C73FEBDB0/temp.UL4AnG took 0.000041 seconds
2026-06-25 02:02:56.753 Df installcoordinationd[37614:22a0dd] [com.apple.installcoordination:daemon] -[IXSDataPromise _setPercentComplete:saveStateIfNeeded:]: Progress: <IXSPromisedTransferToPath(0x1058dcb00) Name:Icon resources for com.DefaultCompany.NeonDrift Creator:InstallCoordination Simple SPI UUID:B82A359C-2E48-4D37-9EB5-1B2C73FEBDB0 Location:[system-defined]>
2026-06-25 02:02:56.753 Df installcoordinationd[37614:228b10] [com.apple.installcoordination:daemon] -[IXSDataPromiseManager promiseDidBegin:]: Unowned promise began: <IXSPromisedTransferToPath(0x1058dcb00) Name:Icon resources for com.DefaultCompany.NeonDrift Creator:InstallCoordination Simple SPI UUID:B82A359C-2E48-4D37-9EB5-1B2C73FEBDB0 Location:[system-defined]>
2026-06-25 02:02:56.753 Df installcoordinationd[37614:228b10] [com.apple.installcoordination:daemon] -[IXSDataPromiseManager promise:didUpdateProgress:]: Unowned promise update progress to 1.000000 : <IXSPromisedTransferToPath(0x1058dcb00) Name:Icon resources for com.DefaultCompany.NeonDrift Creator:InstallCoordination Simple SPI UUID:B82A359C-2E48-4D37-9EB5-1B2C73FEBDB0 Location:[system-defined]>
2026-06-25 02:02:56.753 Df installcoordinationd[37614:22a0dd] [com.apple.installcoordination:daemon] -[IXSDataPromiseManager promiseDidComplete:]: Unowned promise completed: <IXSPromisedTransferToPath(0x1058dcb00) Name:Icon resources for com.DefaultCompany.NeonDrift Creator:InstallCoordination Simple SPI UUID:B82A359C-2E48-4D37-9EB5-1B2C73FEBDB0 Location:[system-defined]>
2026-06-25 02:02:56.754 Df installcoordinationd[37614:228b10] [com.apple.installcoordination:daemon] -[IXSDataPromise _setPercentComplete:saveStateIfNeeded:]: Progress: <IXSPromisedInMemoryDictionary(0x1058dd700) Name:Info.plist icon content for com.DefaultCompany.NeonDrift Creator:InstallCoordination Simple SPI UUID:26FC7203-AFB0-4EE9-907B-C1DE70C1E383 Location:[system-defined]>
2026-06-25 02:02:56.754 Df installcoordinationd[37614:228b10] [com.apple.installcoordination:daemon] -[IXSDataPromiseManager registerPromise:]: Registered promise <IXSPromisedInMemoryDictionary(0x1058dd700) Name:Info.plist icon content for com.DefaultCompany.NeonDrift Creator:InstallCoordination Simple SPI UUID:26FC7203-AFB0-4EE9-907B-C1DE70C1E383 Location:[system-defined]> for UUID 26FC7203-AFB0-4EE9-907B-C1DE70C1E383
2026-06-25 02:02:56.755 Df installcoordinationd[37614:22a0dd] [com.apple.installcoordination:daemon] -[IXSDataPromiseManager promiseDidBegin:]: Unowned promise began: <IXSPromisedInMemoryDictionary(0x1058dd700) Name:Info.plist icon content for com.DefaultCompany.NeonDrift Creator:InstallCoordination Simple SPI UUID:26FC7203-AFB0-4EE9-907B-C1DE70C1E383 Location:[system-defined]>
2026-06-25 02:02:56.755 Df installcoordinationd[37614:22a0dd] [com.apple.installcoordination:daemon] -[IXSDataPromiseManager promise:didUpdateProgress:]: Unowned promise update progress to 1.000000 : <IXSPromisedInMemoryDictionary(0x1058dd700) Name:Info.plist icon content for com.DefaultCompany.NeonDrift Creator:InstallCoordination Simple SPI UUID:26FC7203-AFB0-4EE9-907B-C1DE70C1E383 Location:[system-defined]>
2026-06-25 02:02:56.755 Df installcoordinationd[37614:22a0dd] [com.apple.installcoordination:daemon] -[IXSDataPromiseManager promiseDidComplete:]: Unowned promise completed: <IXSPromisedInMemoryDictionary(0x1058dd700) Name:Info.plist icon content for com.DefaultCompany.NeonDrift Creator:InstallCoordination Simple SPI UUID:26FC7203-AFB0-4EE9-907B-C1DE70C1E383 Location:[system-defined]>
2026-06-25 02:02:56.755 Df installcoordinationd[37614:228b10] [com.apple.installcoordination:daemon] -[IXSPlaceholder setIconResourcesPromise:]: <IXSPlaceholder(0x105910140) Name:App Placeholder: NeonDrift (com.DefaultCompany.NeonDrift) Creator:InstallCoordination Simple SPI UUID:EBAAA2F4-61E9-4721-B183-6B97DA964C03 Location:[system-defined]>: setting icon resources promise to <IXSPromisedTransferToPath(0x1058dcb00) Name:Icon resources for com.DefaultCompany.NeonDrift Creator:InstallCoordination Simple SPI UUID:B82A359C-2E48-4D37-9EB5-1B2C73FEBDB0 Location:[system-defined]>
2026-06-25 02:02:56.755 Df installcoordinationd[37614:228b10] [com.apple.installcoordination:daemon] -[IXSPlaceholder setInfoPlistIconContentPromise:]: <IXSPlaceholder(0x105910140) Name:App Placeholder: NeonDrift (com.DefaultCompany.NeonDrift) Creator:InstallCoordination Simple SPI UUID:EBAAA2F4-61E9-4721-B183-6B97DA964C03 Location:[system-defined]>: setting Info.plist icon content promise to <IXSPromisedInMemoryDictionary(0x1058dd700) Name:Info.plist icon content for com.DefaultCompany.NeonDrift Creator:InstallCoordination Simple SPI UUID:26FC7203-AFB0-4EE9-907B-C1DE70C1E383 Location:[system-defined]>
2026-06-25 02:02:56.756 Df installcoordinationd[37614:228b10] [com.apple.installcoordination:daemon] -[IXSDataPromiseManager promiseDidBegin:]: Unowned promise began: <IXSPlaceholder(0x105910140) Name:App Placeholder: NeonDrift (com.DefaultCompany.NeonDrift) Creator:InstallCoordination Simple SPI UUID:EBAAA2F4-61E9-4721-B183-6B97DA964C03 Location:[system-defined]>
2026-06-25 02:02:56.756 Df installcoordinationd[37614:228b10] [com.apple.installcoordination:daemon] -[IXSDataPromiseManager promise:didUpdateProgress:]: Unowned promise update progress to 0.000000 : <IXSPlaceholder(0x105910140) Name:App Placeholder: NeonDrift (com.DefaultCompany.NeonDrift) Creator:InstallCoordination Simple SPI UUID:EBAAA2F4-61E9-4721-B183-6B97DA964C03 Location:[system-defined]>
2026-06-25 02:02:56.756 Df installcoordinationd[37614:228b10] [com.apple.installcoordination:daemon] -[IXSDataPromiseManager promise:didUpdateProgress:]: Unowned promise update progress to 0.000000 : <IXSPlaceholder(0x105910140) Name:App Placeholder: NeonDrift (com.DefaultCompany.NeonDrift) Creator:InstallCoordination Simple SPI UUID:EBAAA2F4-61E9-4721-B183-6B97DA964C03 Location:[system-defined]>
2026-06-25 02:02:56.757 Df installcoordinationd[37614:228b10] [com.apple.installcoordination:daemon] -[IXSDataPromise _setPercentComplete:saveStateIfNeeded:]: Progress: <IXSPromisedInMemoryDictionary(0x1058dd980) Name:Localizations for com.DefaultCompany.NeonDrift Creator:InstallCoordination Simple SPI UUID:B6F979A9-A14E-4A43-851E-BC3E388D3673 Location:[system-defined]>
2026-06-25 02:02:56.757 Df installcoordinationd[37614:228b10] [com.apple.installcoordination:daemon] -[IXSDataPromiseManager registerPromise:]: Registered promise <IXSPromisedInMemoryDictionary(0x1058dd980) Name:Localizations for com.DefaultCompany.NeonDrift Creator:InstallCoordination Simple SPI UUID:B6F979A9-A14E-4A43-851E-BC3E388D3673 Location:[system-defined]> for UUID B6F979A9-A14E-4A43-851E-BC3E388D3673
2026-06-25 02:02:56.757 Df installcoordinationd[37614:22a0df] [com.apple.installcoordination:daemon] -[IXSDataPromiseManager promiseDidBegin:]: Unowned promise began: <IXSPromisedInMemoryDictionary(0x1058dd980) Name:Localizations for com.DefaultCompany.NeonDrift Creator:InstallCoordination Simple SPI UUID:B6F979A9-A14E-4A43-851E-BC3E388D3673 Location:[system-defined]>
2026-06-25 02:02:56.757 Df installcoordinationd[37614:22a0df] [com.apple.installcoordination:daemon] -[IXSDataPromiseManager promise:didUpdateProgress:]: Unowned promise update progress to 1.000000 : <IXSPromisedInMemoryDictionary(0x1058dd980) Name:Localizations for com.DefaultCompany.NeonDrift Creator:InstallCoordination Simple SPI UUID:B6F979A9-A14E-4A43-851E-BC3E388D3673 Location:[system-defined]>
2026-06-25 02:02:56.757 Df installcoordinationd[37614:22a0df] [com.apple.installcoordination:daemon] -[IXSDataPromiseManager promiseDidComplete:]: Unowned promise completed: <IXSPromisedInMemoryDictionary(0x1058dd980) Name:Localizations for com.DefaultCompany.NeonDrift Creator:InstallCoordination Simple SPI UUID:B6F979A9-A14E-4A43-851E-BC3E388D3673 Location:[system-defined]>
2026-06-25 02:02:56.758 Df installcoordinationd[37614:228b10] [com.apple.installcoordination:daemon] -[IXSPlaceholder setLocalizationDictionaryPromise:]: <IXSPlaceholder(0x105910140) Name:App Placeholder: NeonDrift (com.DefaultCompany.NeonDrift) Creator:InstallCoordination Simple SPI UUID:EBAAA2F4-61E9-4721-B183-6B97DA964C03 Location:[system-defined]>: setting localization dict promise to <IXSPromisedInMemoryDictionary(0x1058dd980) Name:Localizations for com.DefaultCompany.NeonDrift Creator:InstallCoordination Simple SPI UUID:B6F979A9-A14E-4A43-851E-BC3E388D3673 Location:[system-defined]>
2026-06-25 02:02:56.758 Df installcoordinationd[37614:228b10] [com.apple.installcoordination:daemon] -[IXSDataPromiseManager promise:didUpdateProgress:]: Unowned promise update progress to 0.000000 : <IXSPlaceholder(0x105910140) Name:App Placeholder: NeonDrift (com.DefaultCompany.NeonDrift) Creator:InstallCoordination Simple SPI UUID:EBAAA2F4-61E9-4721-B183-6B97DA964C03 Location:[system-defined]>
2026-06-25 02:02:56.759 Df installcoordinationd[37614:228b10] [com.apple.installcoordination:daemon] -[IXSPlaceholder setConfigurationComplete:]: <IXSPlaceholder(0x105910140) Name:App Placeholder: NeonDrift (com.DefaultCompany.NeonDrift) Creator:InstallCoordination Simple SPI UUID:EBAAA2F4-61E9-4721-B183-6B97DA964C03 Location:[system-defined]>: setting configuration complete to Y
2026-06-25 02:02:56.759 Df installcoordinationd[37614:228b10] [com.apple.installcoordination:daemon] -[IXSPlaceholder _materialize]: <IXSPlaceholder(0x105910140) Name:App Placeholder: NeonDrift (com.DefaultCompany.NeonDrift) Creator:InstallCoordination Simple SPI UUID:EBAAA2F4-61E9-4721-B183-6B97DA964C03 Location:[system-defined]>: Materializing placeholder at /Users/dragonkao/Library/Developer/CoreSimulator/Devices/115FDF0C-5A2F-4686-909B-7F43F1450A28/data/Containers/Shared/SystemGroup/systemgroup.com.apple.installcoordinationd/Library/InstallCoordination/PromiseStaging/EBAAA2F4-61E9-4721-B183-6B97DA964C03/NeonDrift.app
2026-06-25 02:02:56.759 Df installcoordinationd[37614:228b10] [com.apple.installcoordination:daemon] -[IXSPlaceholder _materialize]: <IXSPlaceholder(0x105910140) Name:App Placeholder: NeonDrift (com.DefaultCompany.NeonDrift) Creator:InstallCoordination Simple SPI UUID:EBAAA2F4-61E9-4721-B183-6B97DA964C03 Location:[system-defined]>: Using Info.plist icon content: {
    CFBundleIcons =     {
        CFBundlePrimaryIcon =         {
            CFBundleIconName = AppIcon;
        };
    };
    "CFBundleIcons~ipad" =     {
        CFBundlePrimaryIcon =         {
            CFBundleIconName = AppIcon;
        };
    };
    ISIconPlatform = iPhoneOS;
}
2026-06-25 02:02:56.759 Df installcoordinationd[37614:228b10] [com.apple.installcoordination:daemon] -[IXSPlaceholder _materialize]_block_invoke: <IXSPlaceholder(0x105910140) Name:App Placeholder: NeonDrift (com.DefaultCompany.NeonDrift) Creator:InstallCoordination Simple SPI UUID:EBAAA2F4-61E9-4721-B183-6B97DA964C03 Location:[system-defined]>: Using icon resource Assets.car
2026-06-25 02:02:56.760 Df installcoordinationd[37614:228b10] [com.apple.installcoordination:daemon] -[IXSPlaceholder _materialize]: <IXSPlaceholder(0x105910140) Name:App Placeholder: NeonDrift (com.DefaultCompany.NeonDrift) Creator:InstallCoordination Simple SPI UUID:EBAAA2F4-61E9-4721-B183-6B97DA964C03 Location:[system-defined]>: Including lproj localizations for (
)
2026-06-25 02:02:56.760 Df installcoordinationd[37614:22a0dd] [com.apple.installcoordination:daemon] -[IXSDataPromiseManager promiseDidComplete:]: Unowned promise completed: <IXSPlaceholder(0x105910140) Name:App Placeholder: NeonDrift (com.DefaultCompany.NeonDrift) Creator:InstallCoordination Simple SPI UUID:EBAAA2F4-61E9-4721-B183-6B97DA964C03 Location:[system-defined]>
2026-06-25 02:02:56.761 Df installcoordinationd[37614:228b10] [com.apple.installcoordination:daemon] -[IXSDataPromiseManager registerPromise:]: Registered promise <IXSPromisedTransferToPath(0x1058de700) Name:App Asset: com.DefaultCompany.NeonDrift Creator:InstallCoordination Simple SPI UUID:435CA1D3-BBD4-4AF9-A346-099C6CB233BB Location:[system-defined]> for UUID 435CA1D3-BBD4-4AF9-A346-099C6CB233BB
2026-06-25 02:02:56.762 Df installcoordinationd[37614:228b10] [com.apple.installcoordination:daemon] -[IXSCoordinatorManager coordinatorForIdentity:connection:error:creatingIfNotExisting:]_block_invoke: Registered coordinator: <IXSCoordinatedAppInstall<0x1059e4000> [P=CoreSimulatorBridge (pid 37585)] identifier:[com.DefaultCompany.NeonDrift/Invalid/[system-defined]] uuid:C4FA2D86-D1C2-4D63-BA97-27F95DA37A1D intent:IXCoordinatorIntentUpdating creator/appDRI:InstallCoordination Simple SPI importance:Background state:IXAppCoordinationStatePlaceholderPromiseNotSet promise-state:01234>
2026-06-25 02:02:56.762 Df installcoordinationd[37614:228b10] [com.apple.appinstallation:TransactionLog] com.DefaultCompany.NeonDrift/Unknown Persona:4:2:1:1:Created coordinator with intent IXCoordinatorIntentUpdating for client InstallCoordination Simple SPI
2026-06-25 02:02:56.762 Df installcoordinationd[37614:228b10] [com.apple.installcoordination:daemon] -[IXSCoordinatedAppInstall setPriorityBoostCompletion:withSourceInfo:]: <IXSCoordinatedAppInstall<0x1059e4000> [P=CoreSimulatorBridge (pid 37585)] identifier:[com.DefaultCompany.NeonDrift/Invalid/[system-defined]] uuid:C4FA2D86-D1C2-4D63-BA97-27F95DA37A1D intent:IXCoordinatorIntentUpdating creator/appDRI:InstallCoordination Simple SPI importance:Background state:IXAppCoordinationStatePlaceholderPromiseNotSet promise-state:01234>: Retaining completion from CoreSimulatorBridge (37585), QOS_CLASS_DEFAULT (0x15)
2026-06-25 02:02:56.762 Df installcoordinationd[37614:228b10] [com.apple.installcoordination:daemon] -[IXSCoordinatedAppInstall setImportance:]: <IXSCoordinatedAppInstall<0x1059e4000> [P=CoreSimulatorBridge (pid 37585)] identifier:[com.DefaultCompany.NeonDrift/Invalid/[system-defined]] uuid:C4FA2D86-D1C2-4D63-BA97-27F95DA37A1D intent:IXCoordinatorIntentUpdating creator/appDRI:InstallCoordination Simple SPI importance:UserWaiting state:IXAppCoordinationStatePlaceholderPromiseNotSet promise-state:01234>: set importance to UserWaiting
2026-06-25 02:02:56.762 Df installcoordinationd[37614:228b10] [com.apple.installcoordination:daemon] -[IXSCoordinatedAppInstall _onQueue_fireObserversForClient:]: <IXSCoordinatedAppInstall<0x1059e4000> [P=CoreSimulatorBridge (pid 37585)] identifier:[com.DefaultCompany.NeonDrift/Invalid/[system-defined]] uuid:C4FA2D86-D1C2-4D63-BA97-27F95DA37A1D intent:IXCoordinatorIntentUpdating creator/appDRI:InstallCoordination Simple SPI importance:UserWaiting state:IXAppCoordinationStatePlaceholderPromiseNotSet promise-state:01234>: Firing applicable observers for client <IXSClientConnection<0x105840960> client:CoreSimulatorBridge (pid 37585) uuid:5746C8BA-ED2E-4ED7-9D4B-905D839B4B9C>
2026-06-25 02:02:56.762 Df installcoordinationd[37614:228b10] [com.apple.installcoordination:daemon] -[IXSCoordinatedAppInstall setPriorityBoostCompletion:withSourceInfo:]: <IXSCoordinatedAppInstall<0x1059e4000> [P=CoreSimulatorBridge (pid 37585)] identifier:[com.DefaultCompany.NeonDrift/Invalid/[system-defined]] uuid:C4FA2D86-D1C2-4D63-BA97-27F95DA37A1D intent:IXCoordinatorIntentUpdating creator/appDRI:InstallCoordination Simple SPI importance:UserWaiting state:IXAppCoordinationStatePlaceholderPromiseNotSet promise-state:01234>: Disposing of completion from CoreSimulatorBridge (37585), QOS_CLASS_DEFAULT (0x15)
2026-06-25 02:02:56.762 Df installcoordinationd[37614:228b10] [com.apple.installcoordination:daemon] -[IXSCoordinatedAppInstall setPriorityBoostCompletion:withSourceInfo:]: <IXSCoordinatedAppInstall<0x1059e4000> [P=CoreSimulatorBridge (pid 37585)] identifier:[com.DefaultCompany.NeonDrift/Invalid/[system-defined]] uuid:C4FA2D86-D1C2-4D63-BA97-27F95DA37A1D intent:IXCoordinatorIntentUpdating creator/appDRI:InstallCoordination Simple SPI importance:UserWaiting state:IXAppCoordinationStatePlaceholderPromiseNotSet promise-state:01234>: Retaining completion from CoreSimulatorBridge (37585), QOS_CLASS_DEFAULT (0x15)
2026-06-25 02:02:56.763 Df CoreSimulatorBridge[37585:226016] [com.apple.installcoordination:framework] -[IXAppInstallCoordinator _clientDelegate_didRegisterForObservation]: <IXUpdatingAppInstallCoordinator<0x1018733c0> identity:[com.DefaultCompany.NeonDrift/Invalid/[system-defined]] uuid:C4FA2D86-D1C2-4D63-BA97-27F95DA37A1D creator:InstallCoordination Simple SPI>: Got observer registration delegate
2026-06-25 02:02:56.763 Df CoreSimulatorBridge[37585:226016] [com.apple.installcoordination:framework] -[IXAppInstallCoordinator _clientDelegate_didRegisterForObservation]_block_invoke: <IXUpdatingAppInstallCoordinator<0x1018733c0> identity:[com.DefaultCompany.NeonDrift/Invalid/[system-defined]] uuid:C4FA2D86-D1C2-4D63-BA97-27F95DA37A1D creator:InstallCoordination Simple SPI>: Observer <_IXSimpleInstallerDelegate 0x0x101af4180> does not respond to coordinatorDidRegisterForObservation:
2026-06-25 02:02:56.763 Df CoreSimulatorBridge[37585:22a0de] [com.apple.installcoordination:framework] -[IXAppInstallCoordinator _clientDelegate_shouldResume]: <IXUpdatingAppInstallCoordinator<0x1018733c0> identity:[com.DefaultCompany.NeonDrift/Invalid/[system-defined]] uuid:C4FA2D86-D1C2-4D63-BA97-27F95DA37A1D creator:InstallCoordination Simple SPI>: Got should resume delegate
2026-06-25 02:02:56.763 Df CoreSimulatorBridge[37585:22a0de] [com.apple.installcoordination:framework] -[IXAppInstallCoordinator _clientDelegate_shouldResume]_block_invoke: <IXUpdatingAppInstallCoordinator<0x1018733c0> identity:[com.DefaultCompany.NeonDrift/Invalid/[system-defined]] uuid:C4FA2D86-D1C2-4D63-BA97-27F95DA37A1D creator:InstallCoordination Simple SPI>: Observer <_IXSimpleInstallerDelegate 0x0x101af4180> does not respond to coordinatorShouldResume:
2026-06-25 02:02:56.764 Df installcoordinationd[37614:228b10] [com.apple.installcoordination:daemon] -[IXSCoordinatedAppInstall _internal_setInstallOptionsPromise:performExternalActions:]: <IXSCoordinatedAppInstall<0x1059e4000> [P=CoreSimulatorBridge (pid 37585)] identifier:[com.DefaultCompany.NeonDrift/Invalid/[system-defined]] uuid:C4FA2D86-D1C2-4D63-BA97-27F95DA37A1D intent:IXCoordinatorIntentUpdating creator/appDRI:InstallCoordination Simple SPI importance:UserWaiting state:IXAppCoordinationStatePlaceholderPromiseNotSet promise-state:012I4> : install options set: <IXSPromisedInMemoryData(0x1058dde00) Name:MIInstallOptions data Creator:Install Coordination Internal UUID:48D5019E-C2B1-448A-B873-428438CF32D2 Location:[system-defined]>
2026-06-25 02:02:56.764 Df installcoordinationd[37614:22a0dd] [com.apple.installcoordination:daemon] -[IXSCoordinatedAppInstall promiseDidComplete:]: <IXSCoordinatedAppInstall<0x1059e4000> [P=CoreSimulatorBridge (pid 37585)] identifier:[com.DefaultCompany.NeonDrift/Invalid/[system-defined]] uuid:C4FA2D86-D1C2-4D63-BA97-27F95DA37A1D intent:IXCoordinatorIntentUpdating creator/appDRI:InstallCoordination Simple SPI importance:UserWaiting state:IXAppCoordinationStatePlaceholderPromiseNotSet promise-state:012I4> : Promise completed: <IXSPromisedInMemoryData(0x1058dde00) Name:MIInstallOptions data Creator:Install Coordination Internal UUID:48D5019E-C2B1-448A-B873-428438CF32D2 Location:[system-defined]>
2026-06-25 02:02:56.765 Df installcoordinationd[37614:228b10] [com.apple.appinstallation:TransactionLog] com.DefaultCompany.NeonDrift/Unknown Persona:4:13:1:1:Install Options Promise began. Coordinator State: IXAppCoordinationStatePlaceholderPromiseNotSet
2026-06-25 02:02:56.765 Df installcoordinationd[37614:228b10] [com.apple.appinstallation:TransactionLog] com.DefaultCompany.NeonDrift/Unknown Persona:4:13:2:1:Install Options Promise completed. Coordinator State: IXAppCoordinationStatePlaceholderPromiseNotSet
2026-06-25 02:02:56.765 Df installcoordinationd[37614:22a0dd] [com.apple.installcoordination:daemon] -[IXSCoordinatedAppInstall _internal_setAppAssetPromise:performExternalActions:]: <IXSCoordinatedAppInstall<0x1059e4000> [P=CoreSimulatorBridge (pid 37585)] identifier:[com.DefaultCompany.NeonDrift/Invalid/[system-defined]] uuid:C4FA2D86-D1C2-4D63-BA97-27F95DA37A1D intent:IXCoordinatorIntentUpdating creator/appDRI:InstallCoordination Simple SPI importance:UserWaiting state:IXAppCoordinationStatePlaceholderPromiseNotSet promise-state:0a2I4> : App Asset Promise set: <IXSPromisedTransferToPath(0x1058de700) Name:App Asset: com.DefaultCompany.NeonDrift Creator:InstallCoordination Simple SPI UUID:435CA1D3-BBD4-4AF9-A346-099C6CB233BB Location:[system-defined]>
2026-06-25 02:02:56.765 Df installcoordinationd[37614:22a0dd] [com.apple.installcoordination:daemon] -[IXSCoordinatedAppInstall setInitialODRAssetPromises:]: <IXSCoordinatedAppInstall<0x1059e4000> [P=CoreSimulatorBridge (pid 37585)] identifier:[com.DefaultCompany.NeonDrift/Invalid/[system-defined]] uuid:C4FA2D86-D1C2-4D63-BA97-27F95DA37A1D intent:IXCoordinatorIntentUpdating creator/appDRI:InstallCoordination Simple SPI importance:UserWaiting state:IXAppCoordinationStatePlaceholderPromiseNotSet promise-state:0a2I4> : Initial ODR Asset Promises set: (
)
2026-06-25 02:02:56.766 Df CoreSimulatorBridge[37585:22563d] [com.apple.installcoordination:framework] -[IXPromisedTransferToPath _performDeltaCopyFrom:toDestination:]: Performing delta copy from /Users/dragonkao/.openclaw/workspace/382b9e3384298039b171c9b2a60ae644/NeonDrift_MVP/project/xcode_derived_data/Build/Products/Release-iphonesimulator/NeonDrift.app to /Users/dragonkao/Library/Developer/CoreSimulator/Devices/115FDF0C-5A2F-4686-909B-7F43F1450A28/data/Containers/Shared/SystemGroup/systemgroup.com.apple.installcoordinationd/Library/InstallCoordination/PromiseStaging/435CA1D3-BBD4-4AF9-A346-099C6CB233BB/NeonDrift.app with installed bundle at /Users/dragonkao/Library/Developer/CoreSimulator/Devices/115FDF0C-5A2F-4686-909B-7F43F1450A28/data/Containers/Bundle/Application/D017D58C-5084-4369-8CAD-B6799D97D9BF/NeonDrift.app
2026-06-25 02:02:56.766 Df CoreSimulatorBridge[37585:22563d] (MobileSystemServices) 0x16f95f000 MDMCreateDeltaDirectory: calling MDMDirectoryDiff with:
state->old_bundle: /Users/dragonkao/Library/Developer/CoreSimulator/Devices/115FDF0C-5A2F-4686-909B-7F43F1450A28/data/Containers/Bundle/Application/D017D58C-5084-4369-8CAD-B6799D97D9BF/NeonDrift.app
state->new_bundle: /Users/dragonkao/.openclaw/workspace/382b9e3384298039b171c9b2a60ae644/NeonDrift_MVP/project/xcode_derived_data/Build/Products/Release-iphonesimulator/NeonDrift.app
state->dst_bundle: /Users/dragonkao/Library/Developer/CoreSimulator/Devices/115FDF0C-5A2F-4686-909B-7F43F1450A28/data/Containers/Shared/SystemGroup/systemgroup.com.apple.installcoordinationd/Library/InstallCoordination/PromiseStaging/435CA1D3-BBD4-4AF9-A346-099C6CB233BB/NeonDrift.app/Payload//NeonDrift.app, binaryDiff flag: FALSE
	dst_ipa: /Users/dragonkao/Library/Developer/CoreSimulator/Devices/115FDF0C-5A2F-4686-909B-7F43F1450A28/data/Containers/Shared/SystemGroup/systemgroup.com.apple.installcoordinationd/Library/InstallCoordination/PromiseStaging/435CA<…>
2026-06-25 02:02:56.768 Df CoreSimulatorBridge[37585:22563d] [com.apple.installcoordination:framework] -[IXPromisedTransferToPath setComplete:]: <IXPromisedTransferToPath<0x101873200> name:"App Asset: com.DefaultCompany.NeonDrift" uuid:435CA1D3-BBD4-4AF9-A346-099C6CB233BB creator:"InstallCoordination Simple SPI" location:[system-defined]> Delta Copy operation from /Users/dragonkao/.openclaw/workspace/382b9e3384298039b171c9b2a60ae644/NeonDrift_MVP/project/xcode_derived_data/Build/Products/Release-iphonesimulator/NeonDrift.app to /Users/dragonkao/Library/Developer/CoreSimulator/Devices/115FDF0C-5A2F-4686-909B-7F43F1450A28/data/Containers/Shared/SystemGroup/systemgroup.com.apple.installcoordinationd/Library/InstallCoordination/PromiseStaging/435CA1D3-BBD4-4AF9-A346-099C6CB233BB/NeonDrift.app took 0.002140 seconds
2026-06-25 02:02:56.768 Df installcoordinationd[37614:22a0dd] [com.apple.installcoordination:daemon] -[IXSDataPromise _setPercentComplete:saveStateIfNeeded:]: Progress: <IXSPromisedTransferToPath(0x1058de700) Name:App Asset: com.DefaultCompany.NeonDrift Creator:InstallCoordination Simple SPI UUID:435CA1D3-BBD4-4AF9-A346-099C6CB233BB Location:[system-defined]>
2026-06-25 02:02:56.768 Df installcoordinationd[37614:228b10] [com.apple.appinstallation:TransactionLog] com.DefaultCompany.NeonDrift/Unknown Persona:4:10:1:1:App Asset Promise began. Coordinator State: IXAppCoordinationStatePlaceholderPromiseNotSet
2026-06-25 02:02:56.768 Df CoreSimulatorBridge[37585:226016] [com.apple.installcoordination:framework] -[IXAppInstallCoordinator _clientDelegate_promiseDidBeginFulfillmentWithIdentifier:]: <IXUpdatingAppInstallCoordinator<0x1018733c0> identity:[com.DefaultCompany.NeonDrift/Invalid/[system-defined]] uuid:C4FA2D86-D1C2-4D63-BA97-27F95DA37A1D creator:InstallCoordination Simple SPI>: Got promise did begin fulfillment for identifier 2
2026-06-25 02:02:56.768 Df CoreSimulatorBridge[37585:226016] [com.apple.installcoordination:framework] -[IXAppInstallCoordinator _clientDelegate_promiseDidBeginFulfillmentWithIdentifier:]_block_invoke: <IXUpdatingAppInstallCoordinator<0x1018733c0> identity:[com.DefaultCompany.NeonDrift/Invalid/[system-defined]] uuid:C4FA2D86-D1C2-4D63-BA97-27F95DA37A1D creator:InstallCoordination Simple SPI>: Observer <_IXSimpleInstallerDelegate 0x0x101af4180> does not respond to coordinator:configuredPromiseDidBeginFulfillment: (or any deprecated equivalent)
2026-06-25 02:02:56.769 Df installcoordinationd[37614:22a0df] [com.apple.installcoordination:daemon] -[IXSCoordinatedAppInstall promiseDidComplete:]: <IXSCoordinatedAppInstall<0x1059e4000> [P=CoreSimulatorBridge (pid 37585)] identifier:[com.DefaultCompany.NeonDrift/Invalid/[system-defined]] uuid:C4FA2D86-D1C2-4D63-BA97-27F95DA37A1D intent:IXCoordinatorIntentUpdating creator/appDRI:InstallCoordination Simple SPI importance:UserWaiting state:IXAppCoordinationStatePlaceholderPromiseNotSet promise-state:0A2I4> : Promise completed: <IXSPromisedTransferToPath(0x1058de700) Name:App Asset: com.DefaultCompany.NeonDrift Creator:InstallCoordination Simple SPI UUID:435CA1D3-BBD4-4AF9-A346-099C6CB233BB Location:[system-defined]>
2026-06-25 02:02:56.769 Df installcoordinationd[37614:22a0e3] [com.apple.appinstallation:TransactionLog] com.DefaultCompany.NeonDrift/Unknown Persona:4:10:2:1:App Asset Promise completed. Coordinator State: IXAppCoordinationStatePlaceholderPromiseNotSet
2026-06-25 02:02:56.769 Df CoreSimulatorBridge[37585:22a0de] [com.apple.installcoordination:framework] -[IXAppInstallCoordinator _clientDelegate_didUpdateProgress:forPhase:overallProgress:]: <IXUpdatingAppInstallCoordinator<0x1018733c0> identity:[com.DefaultCompany.NeonDrift/Invalid/[system-defined]] uuid:C4FA2D86-D1C2-4D63-BA97-27F95DA37A1D creator:InstallCoordination Simple SPI>: Got did update progress delegate with percentComplete 100.000000 phase IXCoordinatorProgressPhaseLoading overallProgress 60.000000
2026-06-25 02:02:56.769 Df CoreSimulatorBridge[37585:22a0de] [com.apple.installcoordination:framework] -[IXAppInstallCoordinator _clientDelegate_didUpdateProgress:forPhase:overallProgress:]_block_invoke: <IXUpdatingAppInstallCoordinator<0x1018733c0> identity:[com.DefaultCompany.NeonDrift/Invalid/[system-defined]] uuid:C4FA2D86-D1C2-4D63-BA97-27F95DA37A1D creator:InstallCoordination Simple SPI>: Calling selector coordinator:didUpdateProgress:forPhase:overallProgress: on observer <_IXSimpleInstallerDelegate 0x0x101af4180>
2026-06-25 02:02:56.769 Df installcoordinationd[37614:228b10] [com.apple.installcoordination:daemon] -[IXSCoordinatedAppInstall setPlaceholderPromise:]: <IXSCoordinatedAppInstall<0x1059e4000> [P=CoreSimulatorBridge (pid 37585)] identifier:[com.DefaultCompany.NeonDrift/Invalid/[system-defined]] uuid:C4FA2D86-D1C2-4D63-BA97-27F95DA37A1D intent:IXCoordinatorIntentUpdating creator/appDRI:InstallCoordination Simple SPI importance:UserWaiting state:IXAppCoordinationStateReadyForPlaceholderInstall promise-state:PA2I4> : Placeholder Promise set: <IXSPlaceholder(0x105910140) Name:App Placeholder: NeonDrift (com.DefaultCompany.NeonDrift) Creator:InstallCoordination Simple SPI UUID:EBAAA2F4-61E9-4721-B183-6B97DA964C03 Location:[system-defined]>
2026-06-25 02:02:56.769 Df installcoordinationd[37614:22a0e3] [com.apple.installcoordination:daemon] -[IXSCoordinatedAppInstall promiseDidComplete:]: <IXSCoordinatedAppInstall<0x1059e4000> [P=CoreSimulatorBridge (pid 37585)] identifier:[com.DefaultCompany.NeonDrift/Invalid/[system-defined]] uuid:C4FA2D86-D1C2-4D63-BA97-27F95DA37A1D intent:IXCoordinatorIntentUpdating creator/appDRI:InstallCoordination Simple SPI importance:UserWaiting state:IXAppCoordinationStateReadyForPlaceholderInstall promise-state:PA2I4> : Promise completed: <IXSPlaceholder(0x105910140) Name:App Placeholder: NeonDrift (com.DefaultCompany.NeonDrift) Creator:InstallCoordination Simple SPI UUID:EBAAA2F4-61E9-4721-B183-6B97DA964C03 Location:[system-defined]>
2026-06-25 02:02:56.769 Df installcoordinationd[37614:228b10] [com.apple.installcoordination:daemon] -[IXSCoordinatedAppInstall _onQueue_acquireAssertionAndInstallPlaceholder]: Acquiring termination assertion to install placeholder for [com.DefaultCompany.NeonDrift/Invalid/[system-defined]]
2026-06-25 02:02:56.769 Df installcoordinationd[37614:228b10] [com.apple.installcoordination:daemon] -[IXSPendingOperationsTracker beginPendingOperationForIdentity:]_block_invoke: Beginning pending operation for [com.DefaultCompany.NeonDrift/Invalid/[system-defined]]
2026-06-25 02:02:56.770 Df installcoordinationd[37614:22a0e3] [com.apple.runningboard:process] Hit the server for a process handle 102646e90000e02e that resolved to: [app<com.DefaultCompany.NeonDrift((null))>:57390]
2026-06-25 02:02:56.770 Df installcoordinationd[37614:22a0e3] [com.apple.runningboard:monitor] Received state update for 57390 (app<com.DefaultCompany.NeonDrift((null))>, running-active-NotVisible
2026-06-25 02:02:56.770 Df runningboardd[37558:228d53] [com.apple.runningboard:connection] Received termination request from [osservice<com.apple.installcoordinationd>:37614] on <RBSProcessPredicate <RBSProcessBundleIdentifierPredicate "com.DefaultCompany.NeonDrift">> with context <RBSTerminateContext| explanation:installcoordinationd app:[com.DefaultCompany.NeonDrift/Invalid/[system-defined]] uuid:C4FA2D86-D1C2-4D63-BA97-27F95DA37A1D isPlaceholder:Y reportType:None maxTerminationResistance:Absolute attrs:[
	<RBSPreventLaunchLimitation| <RBSProcessPredicate <RBSProcessBundleIdentifierPredicate "com.DefaultCompany.NeonDrift">> allow:(null)>
	]>
2026-06-25 02:02:56.770 Df runningboardd[37558:227835] [com.apple.runningboard:general] Found 0 extensions contained in com.DefaultCompany.NeonDrift
2026-06-25 02:02:56.770 Df runningboardd[37558:227835] [com.apple.PlugInKit:holds] <PKManager:0x105d23800> hold request for [/Users/dragonkao/Library/Developer/CoreSimulator/Devices/115FDF0C-5A2F-4686-909B-7F43F1450A28/data/Containers/Bundle/Application/D017D58C-5084-4369-8CAD-B6799D97D9BF/NeonDrift.app] with flags: 0x4
2026-06-25 02:02:56.771 Df NeonDrift[57390:228e6f] [com.apple.PlugInKit:discovery] Annotations changed, re-performing query for continuous discovery, report block = <0x11ad27ba0>.
2026-06-25 02:02:56.771 Df NeonDrift[57390:228e85] [com.apple.PlugInKit:discovery] Annotations changed, re-performing query for continuous discovery, report block = <0x11ad27c30>.
2026-06-25 02:02:56.771 Df NeonDrift[57390:228e84] [com.apple.PlugInKit:discovery] Annotations changed, re-performing query for continuous discovery, report block = <0x11ad27600>.
2026-06-25 02:02:56.771 Df runningboardd[37558:227835] [com.apple.PlugInKit:holds] <PKManager:0x105d23800> hold request for [/Users/dragonkao/Library/Developer/CoreSimulator/Devices/115FDF0C-5A2F-4686-909B-7F43F1450A28/data/Containers/Bundle/Application/D017D58C-5084-4369-8CAD-B6799D97D9BF/NeonDrift.app] with flags: 0x4 completed with hold token: [4C6AAFF2-4E1D-44D6-8B97-D115063B7B96]
2026-06-25 02:02:56.771 Df runningboardd[37558:227835] [com.apple.runningboard:ttl] Acquiring assertion targeting system from originator [osservice<com.apple.installcoordinationd>:37614] with description <RBSAssertionDescriptor| "installcoordinationd app:[com.DefaultCompany.NeonDrift/Invalid/[system-defined]] uuid:C4FA2D86-D1C2-4D63-BA97-27F95DA37A1D isPlaceholder:Y" ID:37558-37614-1101 target:system attributes:[
	<RBSPreventLaunchLimitation| <RBSProcessPredicate <RBSProcessBundleIdentifierPredicate "com.DefaultCompany.NeonDrift">> allow:(null)>
	]>
2026-06-25 02:02:56.771 Df NeonDrift[57390:228e6f] [com.apple.PlugInKit:discovery] [d FB3E0194-BDCA-4F41-92FA-0F4E39A17CFE] <PKHost:0x11ad20540> Beginning discovery for flags: 0, point: com.apple.AudioUnit-UI
2026-06-25 02:02:56.771 Df NeonDrift[57390:228e85] [com.apple.PlugInKit:discovery] [d E4D65530-931C-4C17-AEC2-AB91B6CF0313] <PKHost:0x11ad20540> Beginning discovery for flags: 0, point: com.apple.AudioUnit-Speech
2026-06-25 02:02:56.771 Df NeonDrift[57390:228e84] [com.apple.PlugInKit:discovery] [d B80DFB9B-0C98-4CD3-9C96-C72C7E7DD09F] <PKHost:0x11ad20540> Beginning discovery for flags: 0, point: com.apple.AudioUnit
2026-06-25 02:02:56.771 Df runningboardd[37558:227835] [com.apple.runningboard:process] Executing termination request for: <RBSProcessPredicate <RBSProcessBundleIdentifierPredicate "com.DefaultCompany.NeonDrift">>
2026-06-25 02:02:56.771 Df runningboardd[37558:227835] [com.apple.runningboard:process] [app<com.DefaultCompany.NeonDrift((null))>:57390] Terminating with context: <RBSTerminateContext| explanation:installcoordinationd app:[com.DefaultCompany.NeonDrift/Invalid/[system-defined]] uuid:C4FA2D86-D1C2-4D63-BA97-27F95DA37A1D isPlaceholder:Y reportType:None maxTerminationResistance:Absolute attrs:[
	<RBSPreventLaunchLimitation| <RBSProcessPredicate <RBSProcessBundleIdentifierPredicate "com.DefaultCompany.NeonDrift">> allow:(null)>
	]>
2026-06-25 02:02:56.771 Df runningboardd[37558:227835] [com.apple.runningboard:process] [app<com.DefaultCompany.NeonDrift((null))>:57390] terminate_with_reason() success
2026-06-25 02:02:56.771 Df SpringBoard[37555:1ef98e] [com.apple.SpringBoard:Common] termination assertion acquired for com.DefaultCompany.NeonDrift
2026-06-25 02:02:56.771 Df SpringBoard[37555:1ef98e] [com.apple.SpringBoard:Icon] 0x10a534000-SBApplicationIcon Data source did change: <SBApplication: 0x12c40b600; com.DefaultCompany.NeonDrift> {
    processState = <SBApplicationProcessState: 0x12277d2e0; pid: 57390; taskState: Running; visibility: Foreground>;
} (SBApplication)
2026-06-25 02:02:56.772 Df SpringBoard[37555:229d2f] [com.apple.FrontBoard:ProcessWorkspace] [app<com.DefaultCompany.NeonDrift>:57390] Workspace connection invalidated.
2026-06-25 02:02:56.772 Df backboardd[37576:22a0f4] [com.apple.iohid:default] Connection removed: IOHIDEventSystemConnection uuid:958A06B1-A85E-439B-B950-6F7A485B8789 pid:57390 process:NeonDrift type:Passive entitlements:0x0 caller:BackBoardServices: ___getHIDEventSystemClient_block_invoke + 296 attributes:{
    HighFrequency = 0;
    bundleID = "com.DefaultCompany.NeonDrift";
    pid = 57390;
} state:0x1 events:0 mask:0x0 dropped:0 dropStatus:0 droppedMask:0x0 lastDroppedTime:NONE
2026-06-25 02:02:56.772 Df SpringBoard[37555:229d2f] [com.apple.FrontBoard:Process] [app<com.DefaultCompany.NeonDrift>:57390] Now flagged as pending exit for reason: workspace client connection invalidated
2026-06-25 02:02:56.772 Df backboardd[37576:22a0f6] [com.apple.iohid:default] Connection removed: IOHIDEventSystemConnection uuid:D0FE0379-4277-4D5F-A7CD-C44A905CF9C1 pid:57390 process:NeonDrift type:Monitor entitlements:0x0 caller:GameControllerFoundation: -[GCHIDEventSystemClient initWithQueue:type:attributes:functions:] + 116 attributes:(null) state:0x1 events:0 mask:0x0 dropped:0 dropStatus:0 droppedMask:0x0 lastDroppedTime:NONE
2026-06-25 02:02:56.772 Df backboardd[37576:22a0f4] [com.apple.BackBoard:HID] Removing client connection <BKHIDClientConnection: 0x1094c9e40; IOHIDEventSystemConnectionRef: 0x1080d7600; vpid: 57390(v859B7); taskPort: 0x2A3E3; bundleID: com.DefaultCompany.NeonDrift> for client: IOHIDEventSystemConnection uuid:958A06B1-A85E-439B-B950-6F7A485B8789 pid:57390 process:NeonDrift type:Passive entitlements:0x0 caller:BackBoardServices: ___getHIDEventSystemClient_block_invoke + 296 attributes:{
    HighFrequency = 0;
    bundleID = "com.DefaultCompany.NeonDrift";
    pid = 57390;
} state:0x1 events:0 mask:0x0 dropped:0 dropStatus:0 droppedMask:0x0 lastDroppedTime:NONE source:HID
2026-06-25 02:02:56.772 Df SpringBoard[37555:22a0f8] [com.apple.KeyboardArbiter:Handle] com.DefaultCompany.NeonDrift(57390) lostConnection (invalidation)
2026-06-25 02:02:56.773 Df backboardd[37576:228b23] [com.apple.BackBoard:EventDelivery] chain did update (setDeferringRules) <keyboardFocus; display: null> containsEndOfChain: YES; [
    <token: com.apple.frontboard.systemappservices/FBSceneManager:com.apple.springboard; pid: 37555>,
    <token: com.apple.frontboard.systemappservices/FBSceneManager:sceneID%3Acom.DefaultCompany.NeonDrift-default; pid: 57390>
]
2026-06-25 02:02:56.773 Df runningboardd[37558:22a0ed] [com.apple.runningboard:process] XPC connection invalidated: [app<com.DefaultCompany.NeonDrift((null))>:57390]
2026-06-25 02:02:56.773 Df backboardd[37576:228b23] [com.apple.BackBoard:EventDelivery] chain did update (setDeferringRules) <keyboardFocus; display: builtin> containsEndOfChain: YES; [
    <token: com.apple.frontboard.systemappservices/FBSceneManager:com.apple.springboard; pid: 37555>,
    <token: com.apple.frontboard.systemappservices/FBSceneManager:sceneID%3Acom.DefaultCompany.NeonDrift-default; pid: 57390>
]
2026-06-25 02:02:56.773 Df SpringBoard[37555:22a0f8] [com.apple.KeyboardArbiter:Handle] RX com.DefaultCompany.NeonDrift(57390) setWindowContextID:0 windowState:Disabled level:0.0
    focusContext:(null)
2026-06-25 02:02:56.773 Df SpringBoard[37555:1ef98e] [com.apple.SpringBoard:KeyboardFocus] [coordinator] using MRU target <com.apple.frontboard.systemappservices/FBSceneManager:sceneID%3Acom.DefaultCompany.NeonDrift-default pid:57390>
2026-06-25 02:02:56.773 Df SpringBoard[37555:1ef98e] [com.apple.SpringBoard:KeyboardFocus] [coordinator] informing scene controller 'com.apple.springboard' of focusTarget: <com.apple.frontboard.systemappservices/FBSceneManager:sceneID%3Acom.DefaultCompany.NeonDrift-default pid:57390>
2026-06-25 02:02:56.773 Df SpringBoard[37555:1ef98e] [com.apple.SpringBoard:KeyboardFocus] [coordinator] keyboard arbiter suggested <nothing> and we replied <com.apple.frontboard.systemappservices/FBSceneManager:sceneID%3Acom.DefaultCompany.NeonDrift-default pid:57390>
2026-06-25 02:02:56.774 Df installcoordinationd[37614:228b10] [com.apple.runningboard:assertion] Setting up death monitor for [app<com.DefaultCompany.NeonDrift((null))>:57390]
2026-06-25 02:02:56.774 Df installcoordinationd[37614:228b10] [com.apple.runningboard:process] Starting death monitoring for handle [app<com.DefaultCompany.NeonDrift((null))>:57390]
2026-06-25 02:02:56.774 E  SpringBoard[37555:22a0f7] [com.apple.UIKit:KeyboardArbiter] Advisor: No handle found for currently focused PID: 57390; sceneIdentity: com.apple.frontboard.systemappservices/FBSceneManager:sceneID%3Acom.DefaultCompany.NeonDrift-default
2026-06-25 02:02:56.774 Df installcoordinationd[37614:228b10] [com.apple.appinstallation:TransactionLog] com.DefaultCompany.NeonDrift/Unknown Persona:4:9:1:1:Placeholder Promise began. Coordinator State: IXAppCoordinationStateWaitingForPlaceholderAssertion
2026-06-25 02:02:56.774 Df installcoordinationd[37614:228b10] [com.apple.installcoordination:daemon] -[IXSCoordinatorProgress setTotalUnitsCompleted:]: Progress for coordinator: [com.DefaultCompany.NeonDrift/Invalid/[system-defined]], Phase: IXCoordinatorProgressPhaseLoading, Percentage: 100.000000: Attempt to set units completed on finished progress: 100
2026-06-25 02:02:56.774 Df installcoordinationd[37614:228b10] [com.apple.appinstallation:TransactionLog] com.DefaultCompany.NeonDrift/Unknown Persona:4:9:2:1:Placeholder Promise completed. Coordinator State: IXAppCoordinationStateWaitingForPlaceholderAssertion
2026-06-25 02:02:56.774 Df CoreSimulatorBridge[37585:22a0de] [com.apple.installcoordination:framework] -[IXAppInstallCoordinator _clientDelegate_promiseDidBeginFulfillmentWithIdentifier:]: <IXUpdatingAppInstallCoordinator<0x1018733c0> identity:[com.DefaultCompany.NeonDrift/Invalid/[system-defined]] uuid:C4FA2D86-D1C2-4D63-BA97-27F95DA37A1D creator:InstallCoordination Simple SPI>: Got promise did begin fulfillment for identifier 1
2026-06-25 02:02:56.774 Df CoreSimulatorBridge[37585:22a0de] [com.apple.installcoordination:framework] -[IXAppInstallCoordinator _clientDelegate_promiseDidBeginFulfillmentWithIdentifier:]_block_invoke: <IXUpdatingAppInstallCoordinator<0x1018733c0> identity:[com.DefaultCompany.NeonDrift/Invalid/[system-defined]] uuid:C4FA2D86-D1C2-4D63-BA97-27F95DA37A1D creator:InstallCoordination Simple SPI>: Observer <_IXSimpleInstallerDelegate 0x0x101af4180> does not respond to coordinator:configuredPromiseDidBeginFulfillment: (or any deprecated equivalent)
2026-06-25 02:02:56.781 Df launchd_sim[37552:22a02c] [user/501/UIKitApplication:com.DefaultCompany.NeonDrift[a854][rb-legacy] [57390]:] exited with exit reason (namespace: 15 code: 0x0) - OS_REASON_RUNNINGBOARD | <RBSTerminateContext| explanation:installcoordinationd app:[com.DefaultCompany.NeonDrift/Invalid/[system-defined]] uuid:C4FA2D86-D1C2-4D63-BA97-27F95DA37A1D isPlaceholder:Y reportType:None maxTerminationResistance:Absolute attrs:[
	<RBSPreventLaunchLimitation| <RBSProcessPredicate <RBSProcessBundleIdentifierPredicate "com.DefaultCompany.NeonDrift">> allow:(null)>
	]>, ran for 62827ms
2026-06-25 02:02:56.781 Df launchd_sim[37552:22a02c] [user/501:] service inactive: UIKitApplication:com.DefaultCompany.NeonDrift[a854][rb-legacy]
2026-06-25 02:02:56.782 Df runningboardd[37558:22a0ec] [com.apple.runningboard:ttl] [app<com.DefaultCompany.NeonDrift((null))>:57390] termination reported by launchd (15, 0, 9)
2026-06-25 02:02:56.782 Df runningboardd[37558:22a0ec] [com.apple.runningboard:process] Removing process: [app<com.DefaultCompany.NeonDrift((null))>:57390]
2026-06-25 02:02:56.782 Df runningboardd[37558:22a0ec] [com.apple.runningboard:job] Removing launch job for: [app<com.DefaultCompany.NeonDrift((null))>:57390]
2026-06-25 02:02:56.782 Df launchd_sim[37552:229a27] [user/501:] removing service: UIKitApplication:com.DefaultCompany.NeonDrift[a854][rb-legacy]
2026-06-25 02:02:56.782 Df runningboardd[37558:22a0ec] [com.apple.runningboard:job] Removed job for [app<com.DefaultCompany.NeonDrift((null))>:57390]
2026-06-25 02:02:56.782 Df runningboardd[37558:22a0ec] [com.apple.runningboard:process] Removing assertions for terminated process: [app<com.DefaultCompany.NeonDrift((null))>:57390]
2026-06-25 02:02:56.782 Df runningboardd[37558:22a0ec] [com.apple.runningboard:assertion] Removed last relative-start-date-defining assertion for process app<com.DefaultCompany.NeonDrift((null))>
2026-06-25 02:02:56.783 Df runningboardd[37558:228d53] [com.apple.runningboard:process] Notifying connection [osservice<com.apple.SpringBoard>:37555] that process [app<com.DefaultCompany.NeonDrift((null))>:57390] exited with context <RBSProcessExitContext| specific, status:<RBSProcessExitStatus| domain:runningboard(15) code:0>>
2026-06-25 02:02:56.783 Df runningboardd[37558:22a0ed] [com.apple.runningboard:monitor] Calculated state for app<com.DefaultCompany.NeonDrift((null))>: none (role: None) (endowments: (null))
2026-06-25 02:02:56.783 Df runningboardd[37558:228d53] [com.apple.runningboard:process] Notifying connection [osservice<com.apple.installcoordinationd>:37614] that process [app<com.DefaultCompany.NeonDrift((null))>:57390] exited with context <RBSProcessExitContext| specific, status:<RBSProcessExitStatus| domain:runningboard(15) code:0>>
2026-06-25 02:02:56.783 Df runningboardd[37558:228d53] [com.apple.runningboard:monitor] Calculated state for app<com.DefaultCompany.NeonDrift((null))>: none (role: None) (endowments: (null))
2026-06-25 02:02:56.783 Df SpringBoard[37555:229a14] [com.apple.FrontBoard:ProcessWorkspace] [app<com.DefaultCompany.NeonDrift>:57390] Workspace assertion invalidated: <NSError: 0x10a4f8510; domain: RBSAssertionErrorDomain; code: 1; "Assertions were invalidated, count = 3.
37558-37555-1094: invalidation reason: 1
37558-37555-1093: invalidation reason: 1
37558-37555-1098: invalidation reason: 1">
2026-06-25 02:02:56.783 Df SpringBoard[37555:229a14] [com.apple.runningboard:process] Calling process death completion block for handle [app<com.DefaultCompany.NeonDrift((null))>:57390]
2026-06-25 02:02:56.783 Df installcoordinationd[37614:22a0df] [com.apple.runningboard:process] Calling process death completion block for handle [app<com.DefaultCompany.NeonDrift((null))>:57390]
2026-06-25 02:02:56.783 Df installcoordinationd[37614:22a0df] [com.apple.runningboard:assertion] Death monitor triggered for [app<com.DefaultCompany.NeonDrift((null))>:57390]
