    "<LSApplicationProxy: 0x107a7c540> com.DefaultCompany.NeonDrift file:///Users/dragonkao/Library/Developer/CoreSimulator/Devices/115FDF0C-5A2F-4686-909B-7F43F1450A28/data/Containers/Bundle/Application/8F990D81-F66E-448E-A9D8-7A7DA1C9BC16/NeonDrift.app/ <com.DefaultCompany.NeonDrift <installed >:0>"
)
2026-06-25 02:10:16.066 Df sleepd[37582:2343c1] [com.apple.launchservices:appinstallation] LaunchServices observer: Will install (
    "<LSApplicationProxy: 0x106260000> com.DefaultCompany.NeonDrift file:///Users/dragonkao/Library/Developer/CoreSimulator/Devices/115FDF0C-5A2F-4686-909B-7F43F1450A28/data/Containers/Bundle/Application/8F990D81-F66E-448E-A9D8-7A7DA1C9BC16/NeonDrift.app/ <com.DefaultCompany.NeonDrift <installed >:0>"
)
2026-06-25 02:10:16.066 Df deviceaccessd[37639:2343c4] [com.apple.launchservices:appinstallation] LaunchServices observer: Will install (
    "<LSApplicationProxy: 0x1015706c0> com.DefaultCompany.NeonDrift file:///Users/dragonkao/Library/Developer/CoreSimulator/Devices/115FDF0C-5A2F-4686-909B-7F43F1450A28/data/Containers/Bundle/Application/8F990D81-F66E-448E-A9D8-7A7DA1C9BC16/NeonDrift.app/ <com.DefaultCompany.NeonDrift <installed >:0>"
)
2026-06-25 02:10:16.066 Df installd[37685:234370] (MobileSystemServices) 0x16d523000 -[MIClientConnection _doInstallationForURL:identity:domain:options:operationType:completion:]: Install of "/Users/dragonkao/Library/Developer/CoreSimulator/Devices/115FDF0C-5A2F-4686-909B-7F43F1450A28/data/Containers/Shared/SystemGroup/systemgroup.com.apple.installcoordinationd/Library/InstallCoordination/PromiseStaging/075A12BB-4184-4F2F-8DD0-7AAE302BEF8F/NeonDrift.app" type Developer (LSInstallType = 0, Domain: MIInstallationDomainDefault) requested by installcoordinationd (pid 37614 (501/20))
2026-06-25 02:10:16.068 Df appprotectiond[37573:22bfca] [com.apple.appprotection:server] Received distnoted event <dictionary: 0x103508000> { count = 3, transaction: 0, voucher = 0x1035492c0, contents =
	"UserInfo" => <dictionary: 0x103435680> { count = 2, transaction: 0, voucher = 0x0, contents =
		"isPlaceholder" => <bool: 0x1e6e64540>: true
		"bundleIDs" => <array: 0x10343f870> { count = 1, capacity = 1, contents =
			0: <string: 0x10343fc30> { string cache = 0x0, length = 28, contents = "com.DefaultCompany.NeonDrift" }
		}
	}
	"Name" => <string: 0x10343f720> { string cache = 0x0, length = 46, contents = "com.apple.LaunchServices.applicationRegistered" }
	"XPCEventName" => <string: 0x10343fed0> { string cache = 0x0, length = 21, contents = "ApplicationRegistered" }
}
2026-06-25 02:10:16.068 Df CoreSimulatorBridge[37585:233d75] [com.apple.installcoordination:framework] -[IXAppInstallCoordinator _clientDelegate_didUpdateProgress:forPhase:overallProgress:]: <IXUpdatingAppInstallCoordinator<0x101873380> identity:[com.DefaultCompany.NeonDrift/Invalid/[system-defined]] uuid:EBB53E18-D2CD-414B-AFCD-5504A6A0E331 creator:InstallCoordination Simple SPI>: Got did update progress delegate with percentComplete 5.000000 phase IXCoordinatorProgressPhaseInstalling overallProgress 62.000000
2026-06-25 02:10:16.068 Df CoreSimulatorBridge[37585:233d75] [com.apple.installcoordination:framework] -[IXAppInstallCoordinator _clientDelegate_didUpdateProgress:forPhase:overallProgress:]: <IXUpdatingAppInstallCoordinator<0x101873380> identity:[com.DefaultCompany.NeonDrift/Invalid/[system-defined]] uuid:EBB53E18-D2CD-414B-AFCD-5504A6A0E331 creator:InstallCoordination Simple SPI>: Got did update progress delegate with percentComplete 15.000000 phase IXCoordinatorProgressPhaseInstalling overallProgress 66.000000
2026-06-25 02:10:16.068 Df CoreSimulatorBridge[37585:233d75] [com.apple.installcoordination:framework] -[IXAppInstallCoordinator _clientDelegate_didUpdateProgress:forPhase:overallProgress:]: <IXUpdatingAppInstallCoordinator<0x101873380> identity:[com.DefaultCompany.NeonDrift/Invalid/[system-defined]] uuid:EBB53E18-D2CD-414B-AFCD-5504A6A0E331 creator:InstallCoordination Simple SPI>: Got did update progress delegate with percentComplete 20.000000 phase IXCoordinatorProgressPhaseInstalling overallProgress 68.000000
2026-06-25 02:10:16.068 Df CoreSimulatorBridge[37585:233d74] [com.apple.installcoordination:framework] -[IXAppInstallCoordinator _clientDelegate_didUpdateProgress:forPhase:overallProgress:]_block_invoke: <IXUpdatingAppInstallCoordinator<0x101873380> identity:[com.DefaultCompany.NeonDrift/Invalid/[system-defined]] uuid:EBB53E18-D2CD-414B-AFCD-5504A6A0E331 creator:InstallCoordination Simple SPI>: Calling selector coordinator:didUpdateProgress:forPhase:overallProgress: on observer <_IXSimpleInstallerDelegate 0x0x101af4240>
2026-06-25 02:10:16.068 Df CoreSimulatorBridge[37585:233d74] [com.apple.installcoordination:framework] -[IXAppInstallCoordinator _clientDelegate_didUpdateProgress:forPhase:overallProgress:]_block_invoke: <IXUpdatingAppInstallCoordinator<0x101873380> identity:[com.DefaultCompany.NeonDrift/Invalid/[system-defined]] uuid:EBB53E18-D2CD-414B-AFCD-5504A6A0E331 creator:InstallCoordination Simple SPI>: Calling selector coordinator:didUpdateProgress:forPhase:overallProgress: on observer <_IXSimpleInstallerDelegate 0x0x101af4240>
2026-06-25 02:10:16.068 Df CoreSimulatorBridge[37585:233d74] [com.apple.installcoordination:framework] -[IXAppInstallCoordinator _clientDelegate_didUpdateProgress:forPhase:overallProgress:]_block_invoke: <IXUpdatingAppInstallCoordinator<0x101873380> identity:[com.DefaultCompany.NeonDrift/Invalid/[system-defined]] uuid:EBB53E18-D2CD-414B-AFCD-5504A6A0E331 creator:InstallCoordination Simple SPI>: Calling selector coordinator:didUpdateProgress:forPhase:overallProgress: on observer <_IXSimpleInstallerDelegate 0x0x101af4240>
2026-06-25 02:10:16.068 Df appprotectiond[37573:22bfca] [com.apple.appprotection:server] received note: name = com.apple.LaunchServices.applicationRegistered, object = Optional(AppProtection.DistnotedXPCEventStreamTranslator), userInfo = Optional([AnyHashable("isPlaceholder"): 1, AnyHashable("bundleIDs"): <__NSSingleObjectArrayI 0x1036141e0>(
com.DefaultCompany.NeonDrift
)
])
2026-06-25 02:10:16.068 Df appprotectiond[37573:22bfca] [com.apple.appprotection:server] Received distnoted event <dictionary: 0x103508000> { count = 3, transaction: 0, voucher = 0x103549220, contents =
	"UserInfo" => <dictionary: 0x103435680> { count = 2, transaction: 0, voucher = 0x0, contents =
		"isPlaceholder" => <bool: 0x1e6e64540>: true
		"bundleIDs" => <array: 0x10343f870> { count = 1, capacity = 1, contents =
			0: <string: 0x10343fc30> { string cache = 0x0, length = 28, contents = "com.DefaultCompany.NeonDrift" }
		}
	}
	"Name" => <string: 0x10343f720> { string cache = 0x0, length = 46, contents = "com.apple.LaunchServices.applicationRegistered" }
	"XPCEventName" => <string: 0x10343fed0> { string cache = 0x0, length = 21, contents = "ApplicationRegistered" }
}
2026-06-25 02:10:16.068 Df appprotectiond[37573:22bfca] [com.apple.appprotection:server] received note: name = com.apple.LaunchServices.applicationRegistered, object = Optional(AppProtection.DistnotedXPCEventStreamTranslator), userInfo = Optional([AnyHashable("isPlaceholder"): 1, AnyHashable("bundleIDs"): <__NSSingleObjectArrayI 0x1036141e0>(
com.DefaultCompany.NeonDrift
)
])
2026-06-25 02:10:16.068 Df appprotectiond[37573:22bfca] [com.apple.appprotection:server] processing settings authority event: SettingsAuthorityEvent.promotePreferenceFromProvisionalForApplication(com.DefaultCompany.NeonDrift)
2026-06-25 02:10:16.069 Df appprotectiond[37573:22bfca] [com.apple.appprotection:server] processing settings authority event: SettingsAuthorityEvent.promotePreferenceFromProvisionalForApplication(com.DefaultCompany.NeonDrift)
2026-06-25 02:10:16.070 Df installd[37685:234370] [com.apple.containermanager:xpc] Query; euid = 501, uid = 501, class = 1, identifier = [com.DefaultCompany.NeonDrift](1), flags = 300000002
2026-06-25 02:10:16.070 Df installd[37685:234370] [com.apple.containermanager:xpc] Query; euid = 501, uid = 501, class = 1, identifier = [com.DefaultCompany.NeonDrift](1), flags = 300000002
2026-06-25 02:10:16.072 Df installd[37685:234370] [com.apple.containermanager:xpc] Query; euid = 501, uid = 501, class = 1, identifier = [com.DefaultCompany.NeonDrift](1), flags = 300000002
2026-06-25 02:10:16.072 Df installcoordinationd[37614:233d76] [com.apple.installcoordination:daemon] -[IXSCoordinatorProgress setTotalUnitsCompleted:]: Progress for coordinator: [com.DefaultCompany.NeonDrift/Invalid/[system-defined]], Phase: IXCoordinatorProgressPhaseInstalling, Percentage: 20.000000: Attempt to set units completed on finished progress: 20
2026-06-25 02:10:16.073 Df installd[37685:234370] [com.apple.containermanager:xpc] Query; euid = 501, uid = 501, class = 1, identifier = [com.DefaultCompany.NeonDrift](1), flags = 300000002
2026-06-25 02:10:16.073 Df PosterBoard[37627:2343d8] [com.apple.launchservices:appinstallation] LaunchServices observer: InstallsStarted (
    "<LSApplicationProxy: 0x1082a1500> com.DefaultCompany.NeonDrift file:///Users/dragonkao/Library/Developer/CoreSimulator/Devices/115FDF0C-5A2F-4686-909B-7F43F1450A28/data/Containers/Bundle/Application/8F990D81-F66E-448E-A9D8-7A7DA1C9BC16/com.apple.mobileinstallation.placeholder/ <com.DefaultCompany.NeonDrift <placeholder >:1>"
)
2026-06-25 02:10:16.073 Df PosterBoard[37627:2343d8] [com.apple.launchservices:appinstallation] LaunchServices observer: MetadataUpdate (
    "com.DefaultCompany.NeonDrift"
)
2026-06-25 02:10:16.073 Df liveactivitiesd[37608:1efa85] [com.apple.launchservices:progress] Got progress <NSProgress: com.DefaultCompany.NeonDrift phase=Installing; state=Active; finalPhase=Installing; fractionCompleted=0.600000> for app com.DefaultCompany.NeonDrift,
2026-06-25 02:10:16.073 Df liveactivitiesd[37608:233e1c] [com.apple.launchservices:progress] #LSInstallProgressList add subscriber: <_NSProgressSubscriber: 0x101be86f0> publishingString: com.DefaultCompany.NeonDrift
2026-06-25 02:10:16.074 Df liveactivitiesd[37608:233e1c] [com.apple.launchservices:progress] Subscribing to progress for app com.DefaultCompany.NeonDrift,
2026-06-25 02:10:16.075 Df installd[37685:234370] (MobileSystemServices) 0x16d523000 -[MIInstaller _installInstallable:containingSymlink:error:]: Installing <MIInstallableBundle ID=com.DefaultCompany.NeonDrift; Persona=com.apple.containermanager.primary-persona, Version=0, ShortVersion=1.0>
2026-06-25 02:10:16.075 Df installd[37685:234370] [com.apple.appinstallation:TransactionLog] com.DefaultCompany.NeonDrift/com.apple.containermanager.primary-persona:7:1:1:1:Start : Install (Patch Update)
2026-06-25 02:10:16.075 Df installd[37685:234370] (MobileSystemServices) 0x16d523000 -[MIInstallable applyPatchWithError:]: Attempting Delta patch update of com.DefaultCompany.NeonDrift from 0 (1.0) to 0 (1.0)
2026-06-25 02:10:16.075 Df CoreSimulatorBridge[37585:233d75] [com.apple.installcoordination:framework] -[IXAppInstallCoordinator _clientDelegate_didUpdateProgress:forPhase:overallProgress:]: <IXUpdatingAppInstallCoordinator<0x101873380> identity:[com.DefaultCompany.NeonDrift/Invalid/[system-defined]] uuid:EBB53E18-D2CD-414B-AFCD-5504A6A0E331 creator:InstallCoordination Simple SPI>: Got did update progress delegate with percentComplete 30.000000 phase IXCoordinatorProgressPhaseInstalling overallProgress 72.000000
2026-06-25 02:10:16.075 Df CoreSimulatorBridge[37585:233d75] [com.apple.installcoordination:framework] -[IXAppInstallCoordinator _clientDelegate_didUpdateProgress:forPhase:overallProgress:]: <IXUpdatingAppInstallCoordinator<0x101873380> identity:[com.DefaultCompany.NeonDrift/Invalid/[system-defined]] uuid:EBB53E18-D2CD-414B-AFCD-5504A6A0E331 creator:InstallCoordination Simple SPI>: Got did update progress delegate with percentComplete 35.000000 phase IXCoordinatorProgressPhaseInstalling overallProgress 74.000000
2026-06-25 02:10:16.075 Df CoreSimulatorBridge[37585:233d74] [com.apple.installcoordination:framework] -[IXAppInstallCoordinator _clientDelegate_didUpdateProgress:forPhase:overallProgress:]_block_invoke: <IXUpdatingAppInstallCoordinator<0x101873380> identity:[com.DefaultCompany.NeonDrift/Invalid/[system-defined]] uuid:EBB53E18-D2CD-414B-AFCD-5504A6A0E331 creator:InstallCoordination Simple SPI>: Calling selector coordinator:didUpdateProgress:forPhase:overallProgress: on observer <_IXSimpleInstallerDelegate 0x0x101af4240>
2026-06-25 02:10:16.075 Df CoreSimulatorBridge[37585:233d74] [com.apple.installcoordination:framework] -[IXAppInstallCoordinator _clientDelegate_didUpdateProgress:forPhase:overallProgress:]_block_invoke: <IXUpdatingAppInstallCoordinator<0x101873380> identity:[com.DefaultCompany.NeonDrift/Invalid/[system-defined]] uuid:EBB53E18-D2CD-414B-AFCD-5504A6A0E331 creator:InstallCoordination Simple SPI>: Calling selector coordinator:didUpdateProgress:forPhase:overallProgress: on observer <_IXSimpleInstallerDelegate 0x0x101af4240>
2026-06-25 02:10:16.075 Df SpringBoard[37555:1ef98e] [com.apple.frontboard.ApplicationLibrary:sb.placeholder] App placeholder proxies added: (
    "<SBApplicationPlaceholderProxy: 0x10a39ef80; com.DefaultCompany.NeonDrift (NeonDrift); LSInstallType: StoreDownload>"
), currentlyKnownExistingPlaceholders: {
}
2026-06-25 02:10:16.075 Df SpringBoard[37555:1ef98e] [com.apple.appinstallation:TransactionLog] com.DefaultCompany.NeonDrift/Unknown Persona:10:0:1:1:Placeholder add BEGIN
2026-06-25 02:10:16.076 Df dmd[37628:1efc31] Received xpc stream event (distributed notification matching) with name: com.apple.LaunchServices.applicationRegistered user info: {
    bundleIDs =     (
        "com.DefaultCompany.NeonDrift"
    );
    isPlaceholder = 1;
}
2026-06-25 02:10:16.076 Df SpringBoard[37555:1ef98e] [com.apple.SpringBoard:Icon] <<SBLeafIcon:0x10a534000 [com.DefaultCompany.NeonDrift]>> Changing active data source: <SBApplicationIcon: 0x10a534000; nodeID: com.DefaultCompany.NeonDrift; bundleID: com.DefaultCompany.NeonDrift>
2026-06-25 02:10:16.076 Df SpringBoard[37555:1ef98e] [com.apple.SpringBoard:Icon] <<SBLeafIcon:0x10a534000 [com.DefaultCompany.NeonDrift]>> Changing from data souce: com.DefaultCompany.NeonDrift to data source:com.DefaultCompany.NeonDrift.
2026-06-25 02:10:16.077 Df SpringBoard[37555:1ef98e] [com.apple.appinstallation:TransactionLog] com.DefaultCompany.NeonDrift/Unknown Persona:10:1:3:1:Created icon for placeholder.
2026-06-25 02:10:16.078 Df SpringBoard[37555:1ef98e] [com.apple.installcoordination:framework] +[IXAppInstallCoordinator removabilityForAppWithIdentity:error:]: Returning locally read removability, PossibleAndAllowed, for identity:[com.DefaultCompany.NeonDrift/Invalid/[system-defined]]
2026-06-25 02:10:16.078 Df SpringBoard[37555:1ef98e] [com.apple.frontboard.ApplicationLibrary:sb.placeholder] Placeholders added: (
    "<SBApplicationPlaceholder: 0x124869410; bundleIdentifier: com.DefaultCompany.NeonDrift; displayName: NeonDrift; progress: 0%; state: Waiting; canPromote?: YES; canCancel?: YES>"
), modified: (
), removed: (null)
2026-06-25 02:10:16.078 Df SpringBoard[37555:1ef98e] [com.apple.SpringBoard:Common] termination assertion acquired for com.DefaultCompany.NeonDrift
2026-06-25 02:10:16.080 Df PosterBoard[37627:2343d8] [com.apple.launchservices:appinstallation] LaunchServices observer: InstallsStarted (
    "<LSApplicationProxy: 0x1082a1e00> com.DefaultCompany.NeonDrift file:///Users/dragonkao/Library/Developer/CoreSimulator/Devices/115FDF0C-5A2F-4686-909B-7F43F1450A28/data/Containers/Bundle/Application/8F990D81-F66E-448E-A9D8-7A7DA1C9BC16/com.apple.mobileinstallation.placeholder/ <com.DefaultCompany.NeonDrift <placeholder >:1>"
)
2026-06-25 02:10:16.080 Df PosterBoard[37627:2343d8] [com.apple.launchservices:appinstallation] LaunchServices observer: Will install (
    "<LSApplicationProxy: 0x1082a1bc0> com.DefaultCompany.NeonDrift file:///Users/dragonkao/Library/Developer/CoreSimulator/Devices/115FDF0C-5A2F-4686-909B-7F43F1450A28/data/Containers/Bundle/Application/8F990D81-F66E-448E-A9D8-7A7DA1C9BC16/NeonDrift.app/ <com.DefaultCompany.NeonDrift <installed >:0>"
)
2026-06-25 02:10:16.082 Df SpringBoard[37555:1ef98e] [com.apple.appinstallation:TransactionLog] com.DefaultCompany.NeonDrift/Unknown Persona:10:2:3:1:Reloading icon image.
2026-06-25 02:10:16.098 Df installd[37685:234370] [com.apple.containermanager:query] Query; euid = 501, uid = 501, class = 4, identifier = [com.DefaultCompany.NeonDrift](1), flags = 300000002
2026-06-25 02:10:16.098 Df CoreSimulatorBridge[37585:233d75] [com.apple.installcoordination:framework] -[IXAppInstallCoordinator _clientDelegate_didUpdateProgress:forPhase:overallProgress:]: <IXUpdatingAppInstallCoordinator<0x101873380> identity:[com.DefaultCompany.NeonDrift/Invalid/[system-defined]] uuid:EBB53E18-D2CD-414B-AFCD-5504A6A0E331 creator:InstallCoordination Simple SPI>: Got did update progress delegate with percentComplete 40.000000 phase IXCoordinatorProgressPhaseInstalling overallProgress 76.000000
2026-06-25 02:10:16.098 Df CoreSimulatorBridge[37585:233d75] [com.apple.installcoordination:framework] -[IXAppInstallCoordinator _clientDelegate_didUpdateProgress:forPhase:overallProgress:]_block_invoke: <IXUpdatingAppInstallCoordinator<0x101873380> identity:[com.DefaultCompany.NeonDrift/Invalid/[system-defined]] uuid:EBB53E18-D2CD-414B-AFCD-5504A6A0E331 creator:InstallCoordination Simple SPI>: Calling selector coordinator:didUpdateProgress:forPhase:overallProgress: on observer <_IXSimpleInstallerDelegate 0x0x101af4240>
2026-06-25 02:10:16.098 Df installd[37685:234370] [com.apple.containermanager:query] Query; euid = 501, uid = 501, class = 4, identifier = [com.DefaultCompany.NeonDrift](1), flags = 300000002
2026-06-25 02:10:16.099 Df installd[37685:234370] [com.apple.containermanager:xpc] Query; euid = 501, uid = 501, class = 1, identifier = [com.DefaultCompany.NeonDrift](1), flags = 300000003
2026-06-25 02:10:16.099 Df CoreSimulatorBridge[37585:233d74] [com.apple.installcoordination:framework] -[IXAppInstallCoordinator _clientDelegate_didUpdateProgress:forPhase:overallProgress:]: <IXUpdatingAppInstallCoordinator<0x101873380> identity:[com.DefaultCompany.NeonDrift/Invalid/[system-defined]] uuid:EBB53E18-D2CD-414B-AFCD-5504A6A0E331 creator:InstallCoordination Simple SPI>: Got did update progress delegate with percentComplete 50.000000 phase IXCoordinatorProgressPhaseInstalling overallProgress 80.000000
2026-06-25 02:10:16.099 Df CoreSimulatorBridge[37585:233d74] [com.apple.installcoordination:framework] -[IXAppInstallCoordinator _clientDelegate_didUpdateProgress:forPhase:overallProgress:]_block_invoke: <IXUpdatingAppInstallCoordinator<0x101873380> identity:[com.DefaultCompany.NeonDrift/Invalid/[system-defined]] uuid:EBB53E18-D2CD-414B-AFCD-5504A6A0E331 creator:InstallCoordination Simple SPI>: Calling selector coordinator:didUpdateProgress:forPhase:overallProgress: on observer <_IXSimpleInstallerDelegate 0x0x101af4240>
2026-06-25 02:10:16.099 E  containermanagerd_system[37598:22bf8b] [com.apple.containermanager:schema] [com.DefaultCompany.NeonDrift(1)] Current schema version (1) is newer than the latest (0), ignoring.
2026-06-25 02:10:16.099 Df containermanagerd_system[37598:22bf8b] [com.apple.containermanager:schema] [u 2EEB623E-8A88-4B79-8013-F247003C26C8:p 4B4BF024-B8F0-498D-AA72-96960AC03A79:c com.DefaultCompany.NeonDrift(1):i28900552] Successfully updated schema from (0) → (0), actions count = 0
2026-06-25 02:10:16.100 Df installd[37685:234370] [com.apple.containermanager:xpc] Query; euid = 501, uid = 501, class = 1, identifier = [com.DefaultCompany.NeonDrift](1), flags = 300000002
2026-06-25 02:10:16.101 Df CoreSimulatorBridge[37585:233d75] [com.apple.installcoordination:framework] -[IXAppInstallCoordinator _clientDelegate_didUpdateProgress:forPhase:overallProgress:]: <IXUpdatingAppInstallCoordinator<0x101873380> identity:[com.DefaultCompany.NeonDrift/Invalid/[system-defined]] uuid:EBB53E18-D2CD-414B-AFCD-5504A6A0E331 creator:InstallCoordination Simple SPI>: Got did update progress delegate with percentComplete 60.000000 phase IXCoordinatorProgressPhaseInstalling overallProgress 84.000000
2026-06-25 02:10:16.101 Df CoreSimulatorBridge[37585:233d75] [com.apple.installcoordination:framework] -[IXAppInstallCoordinator _clientDelegate_didUpdateProgress:forPhase:overallProgress:]_block_invoke: <IXUpdatingAppInstallCoordinator<0x101873380> identity:[com.DefaultCompany.NeonDrift/Invalid/[system-defined]] uuid:EBB53E18-D2CD-414B-AFCD-5504A6A0E331 creator:InstallCoordination Simple SPI>: Calling selector coordinator:didUpdateProgress:forPhase:overallProgress: on observer <_IXSimpleInstallerDelegate 0x0x101af4240>
2026-06-25 02:10:16.102 Df installd[37685:234370] [com.apple.containermanager:query] Query; euid = 501, uid = 501, class = 2, identifier = [com.DefaultCompany.NeonDrift](1), flags = 300000003
2026-06-25 02:10:16.102 Df CoreSimulatorBridge[37585:233d74] [com.apple.installcoordination:framework] -[IXAppInstallCoordinator _clientDelegate_didUpdateProgress:forPhase:overallProgress:]: <IXUpdatingAppInstallCoordinator<0x101873380> identity:[com.DefaultCompany.NeonDrift/Invalid/[system-defined]] uuid:EBB53E18-D2CD-414B-AFCD-5504A6A0E331 creator:InstallCoordination Simple SPI>: Got did update progress delegate with percentComplete 70.000000 phase IXCoordinatorProgressPhaseInstalling overallProgress 88.000000
2026-06-25 02:10:16.102 Df CoreSimulatorBridge[37585:233d74] [com.apple.installcoordination:framework] -[IXAppInstallCoordinator _clientDelegate_didUpdateProgress:forPhase:overallProgress:]_block_invoke: <IXUpdatingAppInstallCoordinator<0x101873380> identity:[com.DefaultCompany.NeonDrift/Invalid/[system-defined]] uuid:EBB53E18-D2CD-414B-AFCD-5504A6A0E331 creator:InstallCoordination Simple SPI>: Calling selector coordinator:didUpdateProgress:forPhase:overallProgress: on observer <_IXSimpleInstallerDelegate 0x0x101af4240>
2026-06-25 02:10:16.103 Df installd[37685:234370] [com.apple.containermanager:query] Query; euid = 501, uid = 501, class = 2, identifier = [com.DefaultCompany.NeonDrift](1), flags = 300000002
2026-06-25 02:10:16.109 Df CoreSimulatorBridge[37585:233d75] [com.apple.installcoordination:framework] -[IXAppInstallCoordinator _clientDelegate_didUpdateProgress:forPhase:overallProgress:]: <IXUpdatingAppInstallCoordinator<0x101873380> identity:[com.DefaultCompany.NeonDrift/Invalid/[system-defined]] uuid:EBB53E18-D2CD-414B-AFCD-5504A6A0E331 creator:InstallCoordination Simple SPI>: Got did update progress delegate with percentComplete 80.000000 phase IXCoordinatorProgressPhaseInstalling overallProgress 92.000000
2026-06-25 02:10:16.109 Df CoreSimulatorBridge[37585:233d75] [com.apple.installcoordination:framework] -[IXAppInstallCoordinator _clientDelegate_didUpdateProgress:forPhase:overallProgress:]_block_invoke: <IXUpdatingAppInstallCoordinator<0x101873380> identity:[com.DefaultCompany.NeonDrift/Invalid/[system-defined]] uuid:EBB53E18-D2CD-414B-AFCD-5504A6A0E331 creator:InstallCoordination Simple SPI>: Calling selector coordinator:didUpdateProgress:forPhase:overallProgress: on observer <_IXSimpleInstallerDelegate 0x0x101af4240>
2026-06-25 02:10:16.110 Df installd[37685:234370] (MobileSystemServices) 0x16d523000 -[MIInstallationJournalEntry _refreshUUIDForContainer:withError:]: Data container for com.DefaultCompany.NeonDrift is now at /Users/dragonkao/Library/Developer/CoreSimulator/Devices/115FDF0C-5A2F-4686-909B-7F43F1450A28/data/Containers/Data/Application/D8E050C1-C845-4775-86E2-6509E28FB948
2026-06-25 02:10:16.111 Df containermanagerd[37611:1f0f6f] [com.apple.containermanager:schema] [u D36396A6-75F9-4E1F-9D12-31A3BA08393A:p D8E050C1-C845-4775-86E2-6509E28FB948:c com.DefaultCompany.NeonDrift(2):i0] Successfully updated schema from (0) → (1), actions count = 6
2026-06-25 02:10:16.111 Df installd[37685:234370] [com.apple.containermanager:unspecified] Replace; old = [app:com.DefaultCompany.NeonDrift:501::(5FCCC46A-3D6F-4B1F-A6C3-B98AA478D540)], new = [temp-app:com.DefaultCompany.NeonDrift:501::(2EEB623E-8A88-4B79-8013-F247003C26C8)]
2026-06-25 02:10:16.113 Df installd[37685:234370] [com.apple.containermanager:xpc] Query; euid = 501, uid = 501, class = 1, identifier = [com.DefaultCompany.NeonDrift](1), flags = 300000002
2026-06-25 02:10:16.113 Df installd[37685:234370] (MobileSystemServices) 0x16d523000 -[MIContainer makeContainerLiveReplacingContainer:reason:waitForDeletion:withError:]: Made container live for com.DefaultCompany.NeonDrift at /Users/dragonkao/Library/Developer/CoreSimulator/Devices/115FDF0C-5A2F-4686-909B-7F43F1450A28/data/Containers/Bundle/Application/2314D42D-402C-4C18-BACD-CB65DE97823C
2026-06-25 02:10:16.114 Df installd[37685:234370] [com.apple.containermanager:xpc] Query; euid = 501, uid = 501, class = 1, identifier = [com.DefaultCompany.NeonDrift](1), flags = 300000002
2026-06-25 02:10:16.115 Df CoreSimulatorBridge[37585:233d74] [com.apple.installcoordination:framework] -[IXAppInstallCoordinator _clientDelegate_didUpdateProgress:forPhase:overallProgress:]: <IXUpdatingAppInstallCoordinator<0x101873380> identity:[com.DefaultCompany.NeonDrift/Invalid/[system-defined]] uuid:EBB53E18-D2CD-414B-AFCD-5504A6A0E331 creator:InstallCoordination Simple SPI>: Got did update progress delegate with percentComplete 90.000000 phase IXCoordinatorProgressPhaseInstalling overallProgress 96.000000
2026-06-25 02:10:16.116 Df CoreSimulatorBridge[37585:233d75] [com.apple.installcoordination:framework] -[IXAppInstallCoordinator _clientDelegate_didUpdateProgress:forPhase:overallProgress:]_block_invoke: <IXUpdatingAppInstallCoordinator<0x101873380> identity:[com.DefaultCompany.NeonDrift/Invalid/[system-defined]] uuid:EBB53E18-D2CD-414B-AFCD-5504A6A0E331 creator:InstallCoordination Simple SPI>: Calling selector coordinator:didUpdateProgress:forPhase:overallProgress: on observer <_IXSimpleInstallerDelegate 0x0x101af4240>
2026-06-25 02:10:16.116 Df installd[37685:234370] [com.apple.containermanager:unspecified] Requesting disk usage; class = 1, identifier = com.DefaultCompany.NeonDrift
2026-06-25 02:10:16.118 Df installd[37685:234370] [com.apple.containermanager:query] Query; euid = 501, uid = 501, class = 7, identifier = [com.DefaultCompany.NeonDrift](1), flags = 300000001
2026-06-25 02:10:16.118 Df SpringBoard[37555:1ef98e] [com.apple.SpringBoard:Common] termination assertion released for com.DefaultCompany.NeonDrift
2026-06-25 02:10:16.120 Df installd[37685:234370] (MobileSystemServices) 0x16d523000 -[MILaunchServicesOperationManager _onQueue_addPendingLaunchServicesOperation:error:]: Added pending LS operation <MILaunchServicesRegisterOperation: D49CE5F7-C7EF-4A1C-9D60-45CA5017161C:34 com.DefaultCompany.NeonDrift/MIInstallationDomainSystemShared personas:[com.apple.containermanager.primary-persona]>
2026-06-25 02:10:16.120 Df lsd[37604:23437e] [com.apple.launchservices:appinstallation] Post installation registration: request to register com.DefaultCompany.NeonDrift, operation D49CE5F7-C7EF-4A1C-9D60-45CA5017161C, from pid 37685
2026-06-25 02:10:16.120 Df lsd[37604:23437e] [com.apple.appinstallation:TransactionLog] com.DefaultCompany.NeonDrift/Unknown Persona:5:4:1:1:Registering bundles via registrant - start
2026-06-25 02:10:16.122 Df lsd[37604:23437e] [com.apple.appinstallation:TransactionLog] com.DefaultCompany.NeonDrift/Unknown Persona:5:5:1:1:Building bundle record for app
2026-06-25 02:10:16.122 Df lsd[37604:23437e] [com.apple.launchservices:appinstallation] Removed existing registered placeholder for com.DefaultCompany.NeonDrift
2026-06-25 02:10:16.122 Df lsd[37604:23437e] [com.apple.launchservices:appinstallation] Removed existing registered bundle for com.DefaultCompany.NeonDrift
2026-06-25 02:10:16.122 Df lsd[37604:23437e] [com.apple.appinstallation:TransactionLog] com.DefaultCompany.NeonDrift/Unknown Persona:5:5:2:1:Built bundle record for app
2026-06-25 02:10:16.123 Df lsd[37604:23437e] [com.apple.launchservices:icons] clearAlternateNameForBundleIdentifier: won't clear for com.DefaultCompany.NeonDrift
2026-06-25 02:10:16.123 Df lsd[37604:23437e] [com.apple.appinstallation:TransactionLog] com.DefaultCompany.NeonDrift/Unknown Persona:5:4:2:1:Registered bundle status = success
2026-06-25 02:10:16.123 Df lsd[37604:23437e] [com.apple.appinstallation:TransactionLog] com.DefaultCompany.NeonDrift/Unknown Persona:5:4:2:1:Finished registering com.DefaultCompany.NeonDrift, bundle unit 43c
2026-06-25 02:10:16.123 Df lsd[37604:2343d1] [com.apple.launchservices:progress] Installation ended for com.DefaultCompany.NeonDrift with state 5
2026-06-25 02:10:16.123 Df lsd[37604:2343d1] [com.apple.launchservices:progress] Discarding proportions for com.DefaultCompany.NeonDrift
2026-06-25 02:10:16.123 Df SpringBoard[37555:1ef98e] [com.apple.launchservices:progress] Unpublishing progress block called for app com.DefaultCompany.NeonDrift
2026-06-25 02:10:16.123 Df SpringBoard[37555:234389] [com.apple.launchservices:progress] #LSInstallProgressList remove subscriber: <_NSProgressSubscriber: 0x10a0e9020> publishingString: com.DefaultCompany.NeonDrift
2026-06-25 02:10:16.123 Df lsd[37604:23437e] [com.apple.launchservices:progress] Sending applicationsDidInstall: for (
    "<LSApplicationProxy: 0x105780000> com.DefaultCompany.NeonDrift file:///Users/dragonkao/Library/Developer/CoreSimulator/Devices/115FDF0C-5A2F-4686-909B-7F43F1450A28/data/Containers/Bundle/Application/2314D42D-402C-4C18-BACD-CB65DE97823C/NeonDrift.app/ <com.DefaultCompany.NeonDrift <installed >:0>"
)
2026-06-25 02:10:16.123 Df liveactivitiesd[37608:1efa85] [com.apple.launchservices:progress] Unpublishing progress block called for app com.DefaultCompany.NeonDrift
2026-06-25 02:10:16.123 Df installd[37685:234370] (MobileSystemServices) 0x16d523000 -[MIJournal purgeJournalEntry:withError:]: Removing journal entry <MIInstallationJournalEntry<0x1038b0a00> [com.DefaultCompany.NeonDrift/com.apple.containermanager.primary-persona/[system-defined]]/MIInstallationDomainSystemShared op:1 phase:JournalPhaseDidRegisterWithLS version:0>
2026-06-25 02:10:16.123 Df liveactivitiesd[37608:2343bc] [com.apple.launchservices:progress] #LSInstallProgressList remove subscriber: <_NSProgressSubscriber: 0x101be86f0> publishingString: com.DefaultCompany.NeonDrift
2026-06-25 02:10:16.123 Df installd[37685:234370] [com.apple.appinstallation:TransactionLog] com.DefaultCompany.NeonDrift/com.apple.containermanager.primary-persona:7:1:2:1:Success (End) : Install (Patch Update)
2026-06-25 02:10:16.123 Df installd[37685:234370] (MobileSystemServices) 0x16d523000 -[MIInstaller _logOperationCompletionWithStartTime:distributorID:]: Install successful for (Developer:com.DefaultCompany.NeonDrift) [Distributor: (null)]; Staging: 0.00s; Waiting: 0.00s; Preflight/Patch: 0.02s, Verifying: 0.00s; Overall: 0.06s
2026-06-25 02:10:16.124 Df callservicesd[37622:2343ca] [com.apple.launchservices:appinstallation] Received applicationsDidInstall:(
    "<LSApplicationProxy: 0x108e38fc0> com.DefaultCompany.NeonDrift file:///Users/dragonkao/Library/Developer/CoreSimulator/Devices/115FDF0C-5A2F-4686-909B-7F43F1450A28/data/Containers/Bundle/Application/2314D42D-402C-4C18-BACD-CB65DE97823C/NeonDrift.app/ <com.DefaultCompany.NeonDrift <installed >:0>"
)
2026-06-25 02:10:16.124 Df appstored[37723:23429e] [com.apple.launchservices:appinstallation] Received applicationsDidInstall:(
    "<LSApplicationProxy: 0x1042d4000> com.DefaultCompany.NeonDrift file:///Users/dragonkao/Library/Developer/CoreSimulator/Devices/115FDF0C-5A2F-4686-909B-7F43F1450A28/data/Containers/Bundle/Application/2314D42D-402C-4C18-BACD-CB65DE97823C/NeonDrift.app/ <com.DefaultCompany.NeonDrift <installed >:0>"
)
2026-06-25 02:10:16.124 Df passd[37584:22bfa1] [com.apple.launchservices:appinstallation] Received applicationsDidInstall:(
    "<LSApplicationProxy: 0x1088adc80> com.DefaultCompany.NeonDrift file:///Users/dragonkao/Library/Developer/CoreSimulator/Devices/115FDF0C-5A2F-4686-909B-7F43F1450A28/data/Containers/Bundle/Application/2314D42D-402C-4C18-BACD-CB65DE97823C/NeonDrift.app/ <com.DefaultCompany.NeonDrift <installed >:0>"
)
2026-06-25 02:10:16.124 Df runningboardd[37558:234342] [com.apple.launchservices:appinstallation] Received applicationsDidInstall:(
    "<LSApplicationProxy: 0x109998000> com.DefaultCompany.NeonDrift file:///Users/dragonkao/Library/Developer/CoreSimulator/Devices/115FDF0C-5A2F-4686-909B-7F43F1450A28/data/Containers/Bundle/Application/2314D42D-402C-4C18-BACD-CB65DE97823C/NeonDrift.app/ <com.DefaultCompany.NeonDrift <installed >:0>"
)
2026-06-25 02:10:16.125 Df activitysharingd[37941:233e00] [com.apple.launchservices:appinstallation] Received applicationsDidInstall:(
    "<LSApplicationProxy: 0x1041b0e40> com.DefaultCompany.NeonDrift file:///Users/dragonkao/Library/Developer/CoreSimulator/Devices/115FDF0C-5A2F-4686-909B-7F43F1450A28/data/Containers/Bundle/Application/2314D42D-402C-4C18-BACD-CB65DE97823C/NeonDrift.app/ <com.DefaultCompany.NeonDrift <installed >:0>"
)
2026-06-25 02:10:16.125 Df routined[37563:233e29] [com.apple.launchservices:appinstallation] Received applicationsDidInstall:(
    "<LSApplicationProxy: 0x1057b0e40> com.DefaultCompany.NeonDrift file:///Users/dragonkao/Library/Developer/CoreSimulator/Devices/115FDF0C-5A2F-4686-909B-7F43F1450A28/data/Containers/Bundle/Application/2314D42D-402C-4C18-BACD-CB65DE97823C/NeonDrift.app/ <com.DefaultCompany.NeonDrift <installed >:0>"
)
2026-06-25 02:10:16.125 Df installcoordinationd[37614:234338] [com.apple.installcoordination:daemon] -[IXSPendingOperationsTracker endPendingOperationForIdentity:]_block_invoke: Ending pending operation for [com.DefaultCompany.NeonDrift/Invalid/[system-defined]]
2026-06-25 02:10:16.125 Df webbookmarksd[37647:2343b8] [com.apple.launchservices:appinstallation] Received applicationsDidInstall:(
    "<LSApplicationProxy: 0x1061d8000> com.DefaultCompany.NeonDrift file:///Users/dragonkao/Library/Developer/CoreSimulator/Devices/115FDF0C-5A2F-4686-909B-7F43F1450A28/data/Containers/Bundle/Application/2314D42D-402C-4C18-BACD-CB65DE97823C/NeonDrift.app/ <com.DefaultCompany.NeonDrift <installed >:0>"
)
2026-06-25 02:10:16.125 Df appstored[37723:23429e] [com.apple.appinstallation:TransactionLog] com.DefaultCompany.NeonDrift/Unknown Persona:5:8:3:1:applicationsDidInstall <LSApplicationProxy: 0x1042d40c0> com.DefaultCompany.NeonDrift file:///Users/dragonkao/Library/Developer/CoreSimulator/Devices/115FDF0C-5A2F-4686-909B-7F43F1450A28/data/Containers/Bundle/Application/2314D42D-402C-4C18-BACD-CB65DE97823C/NeonDrift.app/ <com.DefaultCompany.NeonDrift <installed >:0>
2026-06-25 02:10:16.125 Df callservicesd[37622:2343ca] [com.apple.appinstallation:TransactionLog] com.DefaultCompany.NeonDrift/Unknown Persona:5:8:3:1:applicationsDidInstall <LSApplicationProxy: 0x108e38e40> com.DefaultCompany.NeonDrift file:///Users/dragonkao/Library/Developer/CoreSimulator/Devices/115FDF0C-5A2F-4686-909B-7F43F1450A28/data/Containers/Bundle/Application/2314D42D-402C-4C18-BACD-CB65DE97823C/NeonDrift.app/ <com.DefaultCompany.NeonDrift <installed >:0>
2026-06-25 02:10:16.125 Df CoreSimulatorBridge[37585:233d75] [com.apple.installcoordination:framework] -[IXAppInstallCoordinator _clientDelegate_didUpdateProgress:forPhase:overallProgress:]: <IXUpdatingAppInstallCoordinator<0x101873380> identity:[com.DefaultCompany.NeonDrift/Invalid/[system-defined]] uuid:EBB53E18-D2CD-414B-AFCD-5504A6A0E331 creator:InstallCoordination Simple SPI>: Got did update progress delegate with percentComplete 100.000000 phase IXCoordinatorProgressPhaseInstalling overallProgress 100.000000
2026-06-25 02:10:16.125 Df callservicesd[37622:2343ca] [com.apple.calls.copresencecore:Default] Invalidating cached value for bundle identifier: com.DefaultCompany.NeonDrift
2026-06-25 02:10:16.125 Df CoreSimulatorBridge[37585:233d75] [com.apple.installcoordination:framework] -[IXAppInstallCoordinator _clientDelegate_didUpdateProgress:forPhase:overallProgress:]_block_invoke: <IXUpdatingAppInstallCoordinator<0x101873380> identity:[com.DefaultCompany.NeonDrift/Invalid/[system-defined]] uuid:EBB53E18-D2CD-414B-AFCD-5504A6A0E331 creator:InstallCoordination Simple SPI>: Calling selector coordinator:didUpdateProgress:forPhase:overallProgress: on observer <_IXSimpleInstallerDelegate 0x0x101af4240>
2026-06-25 02:10:16.125 Df lsd[37604:1efa4b] [com.apple.launchservices:progress] unsubscribing from com.DefaultCompany.NeonDrift.Installing as it was unpublished
2026-06-25 02:10:16.125 Df profiled[37619:2343b9] [com.apple.launchservices:appinstallation] Received applicationsDidInstall:(
    "<LSApplicationProxy: 0x10500c000> com.DefaultCompany.NeonDrift file:///Users/dragonkao/Library/Developer/CoreSimulator/Devices/115FDF0C-5A2F-4686-909B-7F43F1450A28/data/Containers/Bundle/Application/2314D42D-402C-4C18-BACD-CB65DE97823C/NeonDrift.app/ <com.DefaultCompany.NeonDrift <installed >:0>"
)
2026-06-25 02:10:16.125 Df lsd[37604:1efa4b] [com.apple.launchservices:progress] #LSInstallProgressList remove subscriber: <_NSProgressSubscriber: 0x1056df750> publishingString: com.DefaultCompany.NeonDrift.Installing
2026-06-25 02:10:16.125 Df installcoordinationd[37614:234338] [com.apple.installcoordination:daemon] -[IXSCoordinatedAppInstall setComplete:]: <IXSCoordinatedAppInstall<0x1059e4000> [P=CoreSimulatorBridge (pid 37585)] identifier:[com.DefaultCompany.NeonDrift/Invalid/[system-defined]] uuid:EBB53E18-D2CD-414B-AFCD-5504A6A0E331 intent:IXCoordinatorIntentUpdating creator/appDRI:InstallCoordination Simple SPI importance:UserWaiting state:IXAppCoordinationStateComplete promise-state:PA2I4> complete!
2026-06-25 02:10:16.125 Df callservicesd[37622:2343ca] [com.apple.calls.copresencecore:Default] Invalidating cached value for bundle identifier: com.DefaultCompany.NeonDrift
2026-06-25 02:10:16.125 Df installcoordinationd[37614:234338] [com.apple.installcoordination:daemon] -[IXSPowerAssertion invalidate]: Released power assertion IXPowerAssertion-12-[com.DefaultCompany.NeonDrift/Invalid/[system-defined]]
2026-06-25 02:10:16.125 Df locationd[37579:228460] [com.apple.launchservices:appinstallation] Received applicationsDidInstall:(
    "<LSApplicationProxy: 0x10777c600> com.DefaultCompany.NeonDrift file:///Users/dragonkao/Library/Developer/CoreSimulator/Devices/115FDF0C-5A2F-4686-909B-7F43F1450A28/data/Containers/Bundle/Application/2314D42D-402C-4C18-BACD-CB65DE97823C/NeonDrift.app/ <com.DefaultCompany.NeonDrift <installed >:0>"
)
2026-06-25 02:10:16.125 Df healthd[37565:2343ba] [com.apple.launchservices:appinstallation] Received applicationsDidInstall:(
    "<LSApplicationProxy: 0x103a85140> com.DefaultCompany.NeonDrift file:///Users/dragonkao/Library/Developer/CoreSimulator/Devices/115FDF0C-5A2F-4686-909B-7F43F1450A28/data/Containers/Bundle/Application/2314D42D-402C-4C18-BACD-CB65DE97823C/NeonDrift.app/ <com.DefaultCompany.NeonDrift <installed >:0>"
)
2026-06-25 02:10:16.126 Df activityawardsd[37773:22bfa7] [com.apple.launchservices:appinstallation] Received applicationsDidInstall:(
    "<LSApplicationProxy: 0x10392cb40> com.DefaultCompany.NeonDrift file:///Users/dragonkao/Library/Developer/CoreSimulator/Devices/115FDF0C-5A2F-4686-909B-7F43F1450A28/data/Containers/Bundle/Application/2314D42D-402C-4C18-BACD-CB65DE97823C/NeonDrift.app/ <com.DefaultCompany.NeonDrift <installed >:0>"
)
2026-06-25 02:10:16.126 Df passd[37584:22bfa1] [com.apple.appinstallation:TransactionLog] com.DefaultCompany.NeonDrift/Unknown Persona:5:8:3:1:applicationsDidInstall <LSApplicationProxy: 0x1088ad980> com.DefaultCompany.NeonDrift file:///Users/dragonkao/Library/Developer/CoreSimulator/Devices/115FDF0C-5A2F-4686-909B-7F43F1450A28/data/Containers/Bundle/Application/2314D42D-402C-4C18-BACD-CB65DE97823C/NeonDrift.app/ <com.DefaultCompany.NeonDrift <installed >:0>
2026-06-25 02:10:16.126 Df runningboardd[37558:234342] [com.apple.appinstallation:TransactionLog] com.DefaultCompany.NeonDrift/Unknown Persona:5:8:3:1:applicationsDidInstall <LSApplicationProxy: 0x1099980c0> com.DefaultCompany.NeonDrift file:///Users/dragonkao/Library/Developer/CoreSimulator/Devices/115FDF0C-5A2F-4686-909B-7F43F1450A28/data/Containers/Bundle/Application/2314D42D-402C-4C18-BACD-CB65DE97823C/NeonDrift.app/ <com.DefaultCompany.NeonDrift <installed >:0>
2026-06-25 02:10:16.126 Df installcoordinationd[37614:234338] [com.apple.installcoordination:daemon] -[IXSDataPromise decommission]: Decommissioning <IXSPromisedTransferToPath(0x1058dcb00) Name:Icon resources for com.DefaultCompany.NeonDrift Creator:InstallCoordination Simple SPI UUID:8BF558FE-F443-4BD5-B249-35405C42E812 Location:[system-defined]>
2026-06-25 02:10:16.126 Df SpringBoard[37555:23438d] [com.apple.launchservices:appinstallation] Received applicationsDidInstall:(
    "<LSApplicationProxy: 0x122508a80> com.DefaultCompany.NeonDrift file:///Users/dragonkao/Library/Developer/CoreSimulator/Devices/115FDF0C-5A2F-4686-909B-7F43F1450A28/data/Containers/Bundle/Application/2314D42D-402C-4C18-BACD-CB65DE97823C/NeonDrift.app/ <com.DefaultCompany.NeonDrift <installed >:0>"
)
2026-06-25 02:10:16.126 Df activitysharingd[37941:233e00] [com.apple.appinstallation:TransactionLog] com.DefaultCompany.NeonDrift/Unknown Persona:5:8:3:1:applicationsDidInstall <LSApplicationProxy: 0x1041b0f00> com.DefaultCompany.NeonDrift file:///Users/dragonkao/Library/Developer/CoreSimulator/Devices/115FDF0C-5A2F-4686-909B-7F43F1450A28/data/Containers/Bundle/Application/2314D42D-402C-4C18-BACD-CB65DE97823C/NeonDrift.app/ <com.DefaultCompany.NeonDrift <installed >:0>
2026-06-25 02:10:16.126 Df installcoordinationd[37614:234338] [com.apple.installcoordination:daemon] -[IXSDataPromise decommission]: Decommissioning <IXSPromisedInMemoryDictionary(0x1058dd300) Name:Info.plist icon content for com.DefaultCompany.NeonDrift Creator:InstallCoordination Simple SPI UUID:FC73077A-9404-410D-ABB8-4BCE462C5357 Location:[system-defined]>
2026-06-25 02:10:16.126 Df financed[37650:233e2d] [com.apple.launchservices:appinstallation] Received applicationsDidInstall:(
    "<LSApplicationProxy: 0x109993540> com.DefaultCompany.NeonDrift file:///Users/dragonkao/Library/Developer/CoreSimulator/Devices/115FDF0C-5A2F-4686-909B-7F43F1450A28/data/Containers/Bundle/Application/2314D42D-402C-4C18-BACD-CB65DE97823C/NeonDrift.app/ <com.DefaultCompany.NeonDrift <installed >:0>"
)
2026-06-25 02:10:16.126 Df routined[37563:233e29] [com.apple.appinstallation:TransactionLog] com.DefaultCompany.NeonDrift/Unknown Persona:5:8:3:1:applicationsDidInstall <LSApplicationProxy: 0x1057b1080> com.DefaultCompany.NeonDrift file:///Users/dragonkao/Library/Developer/CoreSimulator/Devices/115FDF0C-5A2F-4686-909B-7F43F1450A28/data/Containers/Bundle/Application/2314D42D-402C-4C18-BACD-CB65DE97823C/NeonDrift.app/ <com.DefaultCompany.NeonDrift <installed >:0>
2026-06-25 02:10:16.126 Df liveactivitiesd[37608:2343bc] [com.apple.launchservices:appinstallation] Received applicationsDidInstall:(
    "<LSApplicationProxy: 0x101aa1b00> com.DefaultCompany.NeonDrift file:///Users/dragonkao/Library/Developer/CoreSimulator/Devices/115FDF0C-5A2F-4686-909B-7F43F1450A28/data/Containers/Bundle/Application/2314D42D-402C-4C18-BACD-CB65DE97823C/NeonDrift.app/ <com.DefaultCompany.NeonDrift <installed >:0>"
)
2026-06-25 02:10:16.126 Df donotdisturbd[37602:234388] [com.apple.launchservices:appinstallation] Received applicationsDidInstall:(
    "<LSApplicationProxy: 0x1015d9380> com.DefaultCompany.NeonDrift file:///Users/dragonkao/Library/Developer/CoreSimulator/Devices/115FDF0C-5A2F-4686-909B-7F43F1450A28/data/Containers/Bundle/Application/2314D42D-402C-4C18-BACD-CB65DE97823C/NeonDrift.app/ <com.DefaultCompany.NeonDrift <installed >:0>"
)
2026-06-25 02:10:16.126 Df webbookmarksd[37647:2343b8] [com.apple.appinstallation:TransactionLog] com.DefaultCompany.NeonDrift/Unknown Persona:5:8:3:1:applicationsDidInstall <LSApplicationProxy: 0x1061d80c0> com.DefaultCompany.NeonDrift file:///Users/dragonkao/Library/Developer/CoreSimulator/Devices/115FDF0C-5A2F-4686-909B-7F43F1450A28/data/Containers/Bundle/Application/2314D42D-402C-4C18-BACD-CB65DE97823C/NeonDrift.app/ <com.DefaultCompany.NeonDrift <installed >:0>
2026-06-25 02:10:16.126 Df mobiletimerd[37570:2343be] [com.apple.launchservices:appinstallation] Received applicationsDidInstall:(
    "<LSApplicationProxy: 0x1042106c0> com.DefaultCompany.NeonDrift file:///Users/dragonkao/Library/Developer/CoreSimulator/Devices/115FDF0C-5A2F-4686-909B-7F43F1450A28/data/Containers/Bundle/Application/2314D42D-402C-4C18-BACD-CB65DE97823C/NeonDrift.app/ <com.DefaultCompany.NeonDrift <installed >:0>"
)
2026-06-25 02:10:16.126 Df nsurlsessiond[37606:233e31] [com.apple.launchservices:appinstallation] Received applicationsDidInstall:(
    "<LSApplicationProxy: 0x101e643c0> com.DefaultCompany.NeonDrift file:///Users/dragonkao/Library/Developer/CoreSimulator/Devices/115FDF0C-5A2F-4686-909B-7F43F1450A28/data/Containers/Bundle/Application/2314D42D-402C-4C18-BACD-CB65DE97823C/NeonDrift.app/ <com.DefaultCompany.NeonDrift <installed >:0>"
)
2026-06-25 02:10:16.127 Df lsd[37604:23437e] [com.apple.launchservices:progress] Sent distributed notification com.apple.LaunchServices.applicationRegistered with payload {
    bundleIDs =     (
        "com.DefaultCompany.NeonDrift"
    );
    isPlaceholder = 0;
}
2026-06-25 02:10:16.127 Df homed[37625:233e30] [com.apple.launchservices:appinstallation] Received applicationsDidInstall:(
    "<LSApplicationProxy: 0x107a7c540> com.DefaultCompany.NeonDrift file:///Users/dragonkao/Library/Developer/CoreSimulator/Devices/115FDF0C-5A2F-4686-909B-7F43F1450A28/data/Containers/Bundle/Application/2314D42D-402C-4C18-BACD-CB65DE97823C/NeonDrift.app/ <com.DefaultCompany.NeonDrift <installed >:0>"
)
2026-06-25 02:10:16.127 Df dasd[37581:23300a] [com.apple.launchservices:appinstallation] Received applicationsDidInstall:(
    "<LSApplicationProxy: 0x105b54480> com.DefaultCompany.NeonDrift file:///Users/dragonkao/Library/Developer/CoreSimulator/Devices/115FDF0C-5A2F-4686-909B-7F43F1450A28/data/Containers/Bundle/Application/2314D42D-402C-4C18-BACD-CB65DE97823C/NeonDrift.app/ <com.DefaultCompany.NeonDrift <installed >:0>"
)
2026-06-25 02:10:16.127 Df installcoordinationd[37614:234338] [com.apple.installcoordination:daemon] -[IXSDataPromise decommission]: Decommissioning <IXSPromisedInMemoryDictionary(0x1058dd980) Name:Localizations for com.DefaultCompany.NeonDrift Creator:InstallCoordination Simple SPI UUID:F0D22207-5AF6-441A-B8D9-4F7195543BF4 Location:[system-defined]>
2026-06-25 02:10:16.127 Df gamed[37637:2343bf] [com.apple.launchservices:appinstallation] Received applicationsDidInstall:(
    "<LSApplicationProxy: 0x104730240> com.DefaultCompany.NeonDrift file:///Users/dragonkao/Library/Developer/CoreSimulator/Devices/115FDF0C-5A2F-4686-909B-7F43F1450A28/data/Containers/Bundle/Application/2314D42D-402C-4C18-BACD-CB65DE97823C/NeonDrift.app/ <com.DefaultCompany.NeonDrift <installed >:0>"
)
2026-06-25 02:10:16.127 Df sleepd[37582:22bfad] [com.apple.launchservices:appinstallation] Received applicationsDidInstall:(
    "<LSApplicationProxy: 0x106260000> com.DefaultCompany.NeonDrift file:///Users/dragonkao/Library/Developer/CoreSimulator/Devices/115FDF0C-5A2F-4686-909B-7F43F1450A28/data/Containers/Bundle/Application/2314D42D-402C-4C18-BACD-CB65DE97823C/NeonDrift.app/ <com.DefaultCompany.NeonDrift <installed >:0>"
)
2026-06-25 02:10:16.127 Df deviceaccessd[37639:2343c4] [com.apple.launchservices:appinstallation] Received applicationsDidInstall:(
    "<LSApplicationProxy: 0x1015706c0> com.DefaultCompany.NeonDrift file:///Users/dragonkao/Library/Developer/CoreSimulator/Devices/115FDF0C-5A2F-4686-909B-7F43F1450A28/data/Containers/Bundle/Application/2314D42D-402C-4C18-BACD-CB65DE97823C/NeonDrift.app/ <com.DefaultCompany.NeonDrift <installed >:0>"
)
2026-06-25 02:10:16.127 Df locationd[37579:228460] [com.apple.appinstallation:TransactionLog] com.DefaultCompany.NeonDrift/Unknown Persona:5:8:3:1:applicationsDidInstall <LSApplicationProxy: 0x10777c6c0> com.DefaultCompany.NeonDrift file:///Users/dragonkao/Library/Developer/CoreSimulator/Devices/115FDF0C-5A2F-4686-909B-7F43F1450A28/data/Containers/Bundle/Application/2314D42D-402C-4C18-BACD-CB65DE97823C/NeonDrift.app/ <com.DefaultCompany.NeonDrift <installed >:0>
2026-06-25 02:10:16.127 Df profiled[37619:2343b9] [com.apple.appinstallation:TransactionLog] com.DefaultCompany.NeonDrift/Unknown Persona:5:8:3:1:applicationsDidInstall <LSApplicationProxy: 0x10500c0c0> com.DefaultCompany.NeonDrift file:///Users/dragonkao/Library/Developer/CoreSimulator/Devices/115FDF0C-5A2F-4686-909B-7F43F1450A28/data/Containers/Bundle/Application/2314D42D-402C-4C18-BACD-CB65DE97823C/NeonDrift.app/ <com.DefaultCompany.NeonDrift <installed >:0>
2026-06-25 02:10:16.127 Df locationd[37579:228460] [com.apple.locationd.Core:Core] {"msg":"#Warning #ClientResolution the passed keyPath is not registered. Resolving to #nullCKP", "InputCKP":icom.DefaultCompany.NeonDrift:}
2026-06-25 02:10:16.127 Df locationd[37579:228460] [com.apple.locationd.Core:Core] {"msg":"AppMonitor - application (un)installation notification", "notification":Installation, "BundleId":com.DefaultCompany.NeonDrift, "BundlePath":/Users/dragonkao/Library/Developer/CoreSimulator/Devices/115FDF0C-5A2F-4686-909B-7F43F1450A28/data/Containers/Bundle/Application/2314D42D-402C-4C18-BACD-CB65DE97823C/NeonDrift.app, "ExecutablePath":/Users/dragonkao/Library/Developer/CoreSimulator/Devices/115FDF0C-5A2F-4686-909B-7F43F1450A28/data/Containers/Bundle/Application/2314D42D-402C-4C18-BACD-CB65DE97823C/NeonDrift.app/NeonDrift}
2026-06-25 02:10:16.127 Df activityawardsd[37773:22bfa7] [com.apple.appinstallation:TransactionLog] com.DefaultCompany.NeonDrift/Unknown Persona:5:8:3:1:applicationsDidInstall <LSApplicationProxy: 0x10392ca80> com.DefaultCompany.NeonDrift file:///Users/dragonkao/Library/Developer/CoreSimulator/Devices/115FDF0C-5A2F-4686-909B-7F43F1450A28/data/Containers/Bundle/Application/2314D42D-402C-4C18-BACD-CB65DE97823C/NeonDrift.app/ <com.DefaultCompany.NeonDrift <installed >:0>
