Timestamp               Ty Process[PID:TID]
2026-06-25 22:13:49.370 Df CoreSimulatorBridge[90817:4672c3] Request received for installation of file:///Users/dragonkao/.openclaw/workspace/382b9e3384298039b171c9b2a60ae644/NeonDrift_MVP/project/xcode_derived_data/Build/Products/Release-iphonesimulator/NeonDrift.run.1782396777.5888.app/ with options: {
    PackageType = Developer;
    SimulatorRootPath = "/Library/Developer/CoreSimulator/Volumes/iOS_23F77/Library/Developer/CoreSimulator/Profiles/Runtimes/iOS 26.5.simruntime/Contents/Resources/RuntimeRoot";
    SimulatorUserPath = "/Users/dragonkao/Library/Developer/CoreSimulator/Devices/115FDF0C-5A2F-4686-909B-7F43F1450A28/data";
}
2026-06-25 22:13:49.370 Df CoreSimulatorBridge[90817:4672c3] [com.apple.installcoordination:framework] +[IXAppInstallCoordinator(IXSimpleInstaller) _beginInstallForURL:forPersonaUniqueString:consumeSource:options:progressBlock:completionWithIdentity:]: Beginning install for /Users/dragonkao/.openclaw/workspace/382b9e3384298039b171c9b2a60ae644/NeonDrift_MVP/project/xcode_derived_data/Build/Products/Release-iphonesimulator/NeonDrift.run.1782396777.5888.app consuming source:N options:{
    IsUserInitiated = 1;
    PackageType = Developer;
} installationRequestorAuditToken: NULL
2026-06-25 22:13:49.378 Df installcoordinationd[91072:41cf14] [com.apple.installcoordination:daemon] -[IXSDataPromiseManager registerPromise:]: Registered promise <IXSPlaceholder(0x103510500) Name:App Placeholder: NeonDrift.run.1782396777.5888 (com.DefaultCompany.NeonDrift.run.1782396777.5888) Creator:InstallCoordination Simple SPI UUID:581F4CDC-6441-4CE8-9328-1ECCE05AB8BA Location:[system-defined]> for UUID 581F4CDC-6441-4CE8-9328-1ECCE05AB8BA
2026-06-25 22:13:49.379 Df installcoordinationd[91072:41cf14] [com.apple.installcoordination:daemon] -[IXSPlaceholder setAttributes:]: <IXSPlaceholder(0x103510500) Name:App Placeholder: NeonDrift.run.1782396777.5888 (com.DefaultCompany.NeonDrift.run.1782396777.5888) Creator:InstallCoordination Simple SPI UUID:581F4CDC-6441-4CE8-9328-1ECCE05AB8BA Location:[system-defined]>: setting placeholder attributes to <IXPlaceholderAttributes<0x1034a1360> : {
    CFBundleShortVersionString = "1.0";
    CFBundleSupportedPlatforms =     (
        iPhoneSimulator
    );
    CFBundleVersion = 0;
    DTPlatformName = iphonesimulator;
    LSRequiresIPhoneOS = 1;
    MinimumOSVersion = "13.0";
    UIDeviceFamily =     (
        1,
        2
    );
    UIRequiredDeviceCapabilities =     {
        arm64 = 1;
        metal = 1;
    };
}>
2026-06-25 22:13:49.380 Df CoreSimulatorBridge[90817:4942cb] [com.apple.installcoordination:framework] +[IXPlaceholder _setEntitlementsFromBundleExecutableURL:withBundleID:client:onPlaceholder:location:error:]: Executable for com.DefaultCompany.NeonDrift.run.1782396777.5888 at NeonDrift.run.1782396777.5888 -- file:///Users/dragonkao/.openclaw/workspace/382b9e3384298039b171c9b2a60ae644/NeonDrift_MVP/project/xcode_derived_data/Build/Products/Release-iphonesimulator/NeonDrift.run.1782396777.5888.app/ had no entitlements
2026-06-25 22:13:49.380 Df CoreSimulatorBridge[90817:4942cb] [com.apple.installcoordination:framework] +[IXPlaceholder _placeholderForBundle:client:withParent:installType:metadata:placeholderType:mayBeDeltaPackage:isFromSerializedPlaceholder:location:error:]: Using full fidelity icons for com.DefaultCompany.NeonDrift.run.1782396777.5888 at /Users/dragonkao/.openclaw/workspace/382b9e3384298039b171c9b2a60ae644/NeonDrift_MVP/project/xcode_derived_data/Build/Products/Release-iphonesimulator/NeonDrift.run.1782396777.5888.app
2026-06-25 22:13:49.380 Df installcoordinationd[91072:41cf14] [com.apple.installcoordination:daemon] -[IXSDataPromiseManager registerPromise:]: Registered promise <IXSPromisedTransferToPath(0x1034de380) Name:Icon resources for com.DefaultCompany.NeonDrift.run.1782396777.5888 Creator:InstallCoordination Simple SPI UUID:FF18C586-52ED-4202-81B5-B9B7A47DB144 Location:[system-defined]> for UUID FF18C586-52ED-4202-81B5-B9B7A47DB144
2026-06-25 22:13:49.383 Df CoreSimulatorBridge[90817:4942cb] [com.apple.installcoordination:framework] -[IXPromisedTransferToPath setComplete:]: <IXPromisedTransferToPath<0x10984c5c0> name:"Icon resources for com.DefaultCompany.NeonDrift.run.1782396777.5888" uuid:FF18C586-52ED-4202-81B5-B9B7A47DB144 creator:"InstallCoordination Simple SPI" location:[system-defined]> Move operation from /Users/dragonkao/Library/Developer/CoreSimulator/Devices/115FDF0C-5A2F-4686-909B-7F43F1450A28/data/Containers/Shared/SystemGroup/systemgroup.com.apple.installcoordinationd/Library/InstallCoordination/PromiseStaging/FF18C586-52ED-4202-81B5-B9B7A47DB144/temp.MILStO to /Users/dragonkao/Library/Developer/CoreSimulator/Devices/115FDF0C-5A2F-4686-909B-7F43F1450A28/data/Containers/Shared/SystemGroup/systemgroup.com.apple.installcoordinationd/Library/InstallCoordination/PromiseStaging/FF18C586-52ED-4202-81B5-B9B7A47DB144/temp.MILStO took 0.000039 seconds
2026-06-25 22:13:49.384 Df installcoordinationd[91072:41cf14] [com.apple.installcoordination:daemon] -[IXSDataPromise _setPercentComplete:saveStateIfNeeded:]: Progress: <IXSPromisedTransferToPath(0x1034de380) Name:Icon resources for com.DefaultCompany.NeonDrift.run.1782396777.5888 Creator:InstallCoordination Simple SPI UUID:FF18C586-52ED-4202-81B5-B9B7A47DB144 Location:[system-defined]>
2026-06-25 22:13:49.384 Df installcoordinationd[91072:41cf14] [com.apple.installcoordination:daemon] -[IXSDataPromiseManager promiseDidBegin:]: Unowned promise began: <IXSPromisedTransferToPath(0x1034de380) Name:Icon resources for com.DefaultCompany.NeonDrift.run.1782396777.5888 Creator:InstallCoordination Simple SPI UUID:FF18C586-52ED-4202-81B5-B9B7A47DB144 Location:[system-defined]>
2026-06-25 22:13:49.384 Df installcoordinationd[91072:41cf14] [com.apple.installcoordination:daemon] -[IXSDataPromiseManager promise:didUpdateProgress:]: Unowned promise update progress to 1.000000 : <IXSPromisedTransferToPath(0x1034de380) Name:Icon resources for com.DefaultCompany.NeonDrift.run.1782396777.5888 Creator:InstallCoordination Simple SPI UUID:FF18C586-52ED-4202-81B5-B9B7A47DB144 Location:[system-defined]>
2026-06-25 22:13:49.384 Df installcoordinationd[91072:41cf14] [com.apple.installcoordination:daemon] -[IXSDataPromiseManager promiseDidComplete:]: Unowned promise completed: <IXSPromisedTransferToPath(0x1034de380) Name:Icon resources for com.DefaultCompany.NeonDrift.run.1782396777.5888 Creator:InstallCoordination Simple SPI UUID:FF18C586-52ED-4202-81B5-B9B7A47DB144 Location:[system-defined]>
2026-06-25 22:13:49.385 Df installcoordinationd[91072:41cf9a] [com.apple.installcoordination:daemon] -[IXSDataPromise _setPercentComplete:saveStateIfNeeded:]: Progress: <IXSPromisedInMemoryDictionary(0x1034dda00) Name:Info.plist icon content for com.DefaultCompany.NeonDrift.run.1782396777.5888 Creator:InstallCoordination Simple SPI UUID:F69E3603-9D52-41FE-859C-97A00EDDBF05 Location:[system-defined]>
2026-06-25 22:13:49.386 Df installcoordinationd[91072:41cf9a] [com.apple.installcoordination:daemon] -[IXSDataPromiseManager registerPromise:]: Registered promise <IXSPromisedInMemoryDictionary(0x1034dda00) Name:Info.plist icon content for com.DefaultCompany.NeonDrift.run.1782396777.5888 Creator:InstallCoordination Simple SPI UUID:F69E3603-9D52-41FE-859C-97A00EDDBF05 Location:[system-defined]> for UUID F69E3603-9D52-41FE-859C-97A00EDDBF05
2026-06-25 22:13:49.387 Df installcoordinationd[91072:4b1c54] [com.apple.installcoordination:daemon] -[IXSDataPromiseManager promiseDidBegin:]: Unowned promise began: <IXSPromisedInMemoryDictionary(0x1034dda00) Name:Info.plist icon content for com.DefaultCompany.NeonDrift.run.1782396777.5888 Creator:InstallCoordination Simple SPI UUID:F69E3603-9D52-41FE-859C-97A00EDDBF05 Location:[system-defined]>
2026-06-25 22:13:49.387 Df installcoordinationd[91072:4b1c54] [com.apple.installcoordination:daemon] -[IXSDataPromiseManager promise:didUpdateProgress:]: Unowned promise update progress to 1.000000 : <IXSPromisedInMemoryDictionary(0x1034dda00) Name:Info.plist icon content for com.DefaultCompany.NeonDrift.run.1782396777.5888 Creator:InstallCoordination Simple SPI UUID:F69E3603-9D52-41FE-859C-97A00EDDBF05 Location:[system-defined]>
2026-06-25 22:13:49.387 Df installcoordinationd[91072:4b1c54] [com.apple.installcoordination:daemon] -[IXSDataPromiseManager promiseDidComplete:]: Unowned promise completed: <IXSPromisedInMemoryDictionary(0x1034dda00) Name:Info.plist icon content for com.DefaultCompany.NeonDrift.run.1782396777.5888 Creator:InstallCoordination Simple SPI UUID:F69E3603-9D52-41FE-859C-97A00EDDBF05 Location:[system-defined]>
2026-06-25 22:13:49.387 Df installcoordinationd[91072:41cf9a] [com.apple.installcoordination:daemon] -[IXSPlaceholder setIconResourcesPromise:]: <IXSPlaceholder(0x103510500) Name:App Placeholder: NeonDrift.run.1782396777.5888 (com.DefaultCompany.NeonDrift.run.1782396777.5888) Creator:InstallCoordination Simple SPI UUID:581F4CDC-6441-4CE8-9328-1ECCE05AB8BA Location:[system-defined]>: setting icon resources promise to <IXSPromisedTransferToPath(0x1034de380) Name:Icon resources for com.DefaultCompany.NeonDrift.run.1782396777.5888 Creator:InstallCoordination Simple SPI UUID:FF18C586-52ED-4202-81B5-B9B7A47DB144 Location:[system-defined]>
2026-06-25 22:13:49.388 Df installcoordinationd[91072:41cf9a] [com.apple.installcoordination:daemon] -[IXSPlaceholder setInfoPlistIconContentPromise:]: <IXSPlaceholder(0x103510500) Name:App Placeholder: NeonDrift.run.1782396777.5888 (com.DefaultCompany.NeonDrift.run.1782396777.5888) Creator:InstallCoordination Simple SPI UUID:581F4CDC-6441-4CE8-9328-1ECCE05AB8BA Location:[system-defined]>: setting Info.plist icon content promise to <IXSPromisedInMemoryDictionary(0x1034dda00) Name:Info.plist icon content for com.DefaultCompany.NeonDrift.run.1782396777.5888 Creator:InstallCoordination Simple SPI UUID:F69E3603-9D52-41FE-859C-97A00EDDBF05 Location:[system-defined]>
2026-06-25 22:13:49.388 Df installcoordinationd[91072:41cf9a] [com.apple.installcoordination:daemon] -[IXSDataPromiseManager promiseDidBegin:]: Unowned promise began: <IXSPlaceholder(0x103510500) Name:App Placeholder: NeonDrift.run.1782396777.5888 (com.DefaultCompany.NeonDrift.run.1782396777.5888) Creator:InstallCoordination Simple SPI UUID:581F4CDC-6441-4CE8-9328-1ECCE05AB8BA Location:[system-defined]>
2026-06-25 22:13:49.388 Df installcoordinationd[91072:41cf9a] [com.apple.installcoordination:daemon] -[IXSDataPromiseManager promise:didUpdateProgress:]: Unowned promise update progress to 0.000000 : <IXSPlaceholder(0x103510500) Name:App Placeholder: NeonDrift.run.1782396777.5888 (com.DefaultCompany.NeonDrift.run.1782396777.5888) Creator:InstallCoordination Simple SPI UUID:581F4CDC-6441-4CE8-9328-1ECCE05AB8BA Location:[system-defined]>
2026-06-25 22:13:49.388 Df installcoordinationd[91072:41cf9a] [com.apple.installcoordination:daemon] -[IXSDataPromiseManager promise:didUpdateProgress:]: Unowned promise update progress to 0.000000 : <IXSPlaceholder(0x103510500) Name:App Placeholder: NeonDrift.run.1782396777.5888 (com.DefaultCompany.NeonDrift.run.1782396777.5888) Creator:InstallCoordination Simple SPI UUID:581F4CDC-6441-4CE8-9328-1ECCE05AB8BA Location:[system-defined]>
2026-06-25 22:13:49.389 Df installcoordinationd[91072:41cf9a] [com.apple.installcoordination:daemon] -[IXSDataPromise _setPercentComplete:saveStateIfNeeded:]: Progress: <IXSPromisedInMemoryDictionary(0x1034dd000) Name:Localizations for com.DefaultCompany.NeonDrift.run.1782396777.5888 Creator:InstallCoordination Simple SPI UUID:1496B80F-2D4E-47D4-B8B9-A5177A974F37 Location:[system-defined]>
2026-06-25 22:13:49.389 Df installcoordinationd[91072:41cf9a] [com.apple.installcoordination:daemon] -[IXSDataPromiseManager registerPromise:]: Registered promise <IXSPromisedInMemoryDictionary(0x1034dd000) Name:Localizations for com.DefaultCompany.NeonDrift.run.1782396777.5888 Creator:InstallCoordination Simple SPI UUID:1496B80F-2D4E-47D4-B8B9-A5177A974F37 Location:[system-defined]> for UUID 1496B80F-2D4E-47D4-B8B9-A5177A974F37
2026-06-25 22:13:49.390 Df installcoordinationd[91072:4b1c54] [com.apple.installcoordination:daemon] -[IXSDataPromiseManager promiseDidBegin:]: Unowned promise began: <IXSPromisedInMemoryDictionary(0x1034dd000) Name:Localizations for com.DefaultCompany.NeonDrift.run.1782396777.5888 Creator:InstallCoordination Simple SPI UUID:1496B80F-2D4E-47D4-B8B9-A5177A974F37 Location:[system-defined]>
2026-06-25 22:13:49.390 Df installcoordinationd[91072:4b1c54] [com.apple.installcoordination:daemon] -[IXSDataPromiseManager promise:didUpdateProgress:]: Unowned promise update progress to 1.000000 : <IXSPromisedInMemoryDictionary(0x1034dd000) Name:Localizations for com.DefaultCompany.NeonDrift.run.1782396777.5888 Creator:InstallCoordination Simple SPI UUID:1496B80F-2D4E-47D4-B8B9-A5177A974F37 Location:[system-defined]>
2026-06-25 22:13:49.390 Df installcoordinationd[91072:4b1c54] [com.apple.installcoordination:daemon] -[IXSDataPromiseManager promiseDidComplete:]: Unowned promise completed: <IXSPromisedInMemoryDictionary(0x1034dd000) Name:Localizations for com.DefaultCompany.NeonDrift.run.1782396777.5888 Creator:InstallCoordination Simple SPI UUID:1496B80F-2D4E-47D4-B8B9-A5177A974F37 Location:[system-defined]>
2026-06-25 22:13:49.390 Df installcoordinationd[91072:41cf9a] [com.apple.installcoordination:daemon] -[IXSPlaceholder setLocalizationDictionaryPromise:]: <IXSPlaceholder(0x103510500) Name:App Placeholder: NeonDrift.run.1782396777.5888 (com.DefaultCompany.NeonDrift.run.1782396777.5888) Creator:InstallCoordination Simple SPI UUID:581F4CDC-6441-4CE8-9328-1ECCE05AB8BA Location:[system-defined]>: setting localization dict promise to <IXSPromisedInMemoryDictionary(0x1034dd000) Name:Localizations for com.DefaultCompany.NeonDrift.run.1782396777.5888 Creator:InstallCoordination Simple SPI UUID:1496B80F-2D4E-47D4-B8B9-A5177A974F37 Location:[system-defined]>
2026-06-25 22:13:49.391 Df installcoordinationd[91072:41cf14] [com.apple.installcoordination:daemon] -[IXSDataPromiseManager promise:didUpdateProgress:]: Unowned promise update progress to 0.000000 : <IXSPlaceholder(0x103510500) Name:App Placeholder: NeonDrift.run.1782396777.5888 (com.DefaultCompany.NeonDrift.run.1782396777.5888) Creator:InstallCoordination Simple SPI UUID:581F4CDC-6441-4CE8-9328-1ECCE05AB8BA Location:[system-defined]>
2026-06-25 22:13:49.391 Df installcoordinationd[91072:41cf14] [com.apple.installcoordination:daemon] -[IXSPlaceholder setConfigurationComplete:]: <IXSPlaceholder(0x103510500) Name:App Placeholder: NeonDrift.run.1782396777.5888 (com.DefaultCompany.NeonDrift.run.1782396777.5888) Creator:InstallCoordination Simple SPI UUID:581F4CDC-6441-4CE8-9328-1ECCE05AB8BA Location:[system-defined]>: setting configuration complete to Y
2026-06-25 22:13:49.391 Df installcoordinationd[91072:41cf14] [com.apple.installcoordination:daemon] -[IXSPlaceholder _materialize]: <IXSPlaceholder(0x103510500) Name:App Placeholder: NeonDrift.run.1782396777.5888 (com.DefaultCompany.NeonDrift.run.1782396777.5888) Creator:InstallCoordination Simple SPI UUID:581F4CDC-6441-4CE8-9328-1ECCE05AB8BA Location:[system-defined]>: Materializing placeholder at /Users/dragonkao/Library/Developer/CoreSimulator/Devices/115FDF0C-5A2F-4686-909B-7F43F1450A28/data/Containers/Shared/SystemGroup/systemgroup.com.apple.installcoordinationd/Library/InstallCoordination/PromiseStaging/581F4CDC-6441-4CE8-9328-1ECCE05AB8BA/NeonDrift.run.1782396777.5888.app
2026-06-25 22:13:49.391 Df installcoordinationd[91072:41cf14] [com.apple.installcoordination:daemon] -[IXSPlaceholder _materialize]: <IXSPlaceholder(0x103510500) Name:App Placeholder: NeonDrift.run.1782396777.5888 (com.DefaultCompany.NeonDrift.run.1782396777.5888) Creator:InstallCoordination Simple SPI UUID:581F4CDC-6441-4CE8-9328-1ECCE05AB8BA Location:[system-defined]>: Using Info.plist icon content: {
    CFBundleIcons =     {
        CFBundlePrimaryIcon =         {
            CFBundleIconName = AppIcon;
        };
    };
    "CFBundleIcons~ipad" =     {
        CFBundlePrimaryIcon =         {
            CFBundleIconName = AppIcon;
        };
    };
    ISIconPlatform = iPhoneOS;
}
2026-06-25 22:13:49.392 Df installcoordinationd[91072:41cf14] [com.apple.installcoordination:daemon] -[IXSPlaceholder _materialize]_block_invoke: <IXSPlaceholder(0x103510500) Name:App Placeholder: NeonDrift.run.1782396777.5888 (com.DefaultCompany.NeonDrift.run.1782396777.5888) Creator:InstallCoordination Simple SPI UUID:581F4CDC-6441-4CE8-9328-1ECCE05AB8BA Location:[system-defined]>: Using icon resource Assets.car
2026-06-25 22:13:49.392 Df installcoordinationd[91072:41cf14] [com.apple.installcoordination:daemon] -[IXSPlaceholder _materialize]: <IXSPlaceholder(0x103510500) Name:App Placeholder: NeonDrift.run.1782396777.5888 (com.DefaultCompany.NeonDrift.run.1782396777.5888) Creator:InstallCoordination Simple SPI UUID:581F4CDC-6441-4CE8-9328-1ECCE05AB8BA Location:[system-defined]>: Including lproj localizations for (
)
2026-06-25 22:13:49.392 Df installcoordinationd[91072:41cf9a] [com.apple.installcoordination:daemon] -[IXSDataPromiseManager promiseDidComplete:]: Unowned promise completed: <IXSPlaceholder(0x103510500) Name:App Placeholder: NeonDrift.run.1782396777.5888 (com.DefaultCompany.NeonDrift.run.1782396777.5888) Creator:InstallCoordination Simple SPI UUID:581F4CDC-6441-4CE8-9328-1ECCE05AB8BA Location:[system-defined]>
2026-06-25 22:13:49.393 Df installcoordinationd[91072:41cf9a] [com.apple.installcoordination:daemon] -[IXSDataPromiseManager registerPromise:]: Registered promise <IXSPromisedTransferToPath(0x1034dd180) Name:App Asset: com.DefaultCompany.NeonDrift.run.1782396777.5888 Creator:InstallCoordination Simple SPI UUID:A486BF54-2C6E-48CE-BA28-23392D587221 Location:[system-defined]> for UUID A486BF54-2C6E-48CE-BA28-23392D587221
2026-06-25 22:13:49.394 Df installcoordinationd[91072:41cf9a] [com.apple.installcoordination:daemon] -[IXSCoordinatorManager coordinatorForIdentity:connection:error:creatingIfNotExisting:]_block_invoke: Registered coordinator: <IXSCoordinatedAppInstall<0x1035ec000> [P=CoreSimulatorBridge (pid 90817)] identifier:[com.DefaultCompany.NeonDrift.run.1782396777.5888/Invalid/[system-defined]] uuid:A070AEA7-C956-4371-9FA3-9F21389AFC4E intent:IXCoordinatorIntentInitiating creator/appDRI:InstallCoordination Simple SPI importance:Background state:IXAppCoordinationStatePlaceholderPromiseNotSet promise-state:01234>
2026-06-25 22:13:49.394 Df installcoordinationd[91072:41cf9a] [com.apple.appinstallation:TransactionLog] com.DefaultCompany.NeonDrift.run.1782396777.5888/Unknown Persona:4:1:1:1:Created coordinator with intent IXCoordinatorIntentInitiating for client InstallCoordination Simple SPI
2026-06-25 22:13:49.394 Df installcoordinationd[91072:41cf9a] [com.apple.installcoordination:daemon] -[IXSCoordinatedAppInstall setPriorityBoostCompletion:withSourceInfo:]: <IXSCoordinatedAppInstall<0x1035ec000> [P=CoreSimulatorBridge (pid 90817)] identifier:[com.DefaultCompany.NeonDrift.run.1782396777.5888/Invalid/[system-defined]] uuid:A070AEA7-C956-4371-9FA3-9F21389AFC4E intent:IXCoordinatorIntentInitiating creator/appDRI:InstallCoordination Simple SPI importance:Background state:IXAppCoordinationStatePlaceholderPromiseNotSet promise-state:01234>: Retaining completion from CoreSimulatorBridge (90817), QOS_CLASS_DEFAULT (0x15)
2026-06-25 22:13:49.395 Df installcoordinationd[91072:41cf9a] [com.apple.installcoordination:daemon] -[IXSCoordinatedAppInstall setImportance:]: <IXSCoordinatedAppInstall<0x1035ec000> [P=CoreSimulatorBridge (pid 90817)] identifier:[com.DefaultCompany.NeonDrift.run.1782396777.5888/Invalid/[system-defined]] uuid:A070AEA7-C956-4371-9FA3-9F21389AFC4E intent:IXCoordinatorIntentInitiating creator/appDRI:InstallCoordination Simple SPI importance:UserWaiting state:IXAppCoordinationStatePlaceholderPromiseNotSet promise-state:01234>: set importance to UserWaiting
2026-06-25 22:13:49.395 Df installcoordinationd[91072:41cf9a] [com.apple.installcoordination:daemon] -[IXSCoordinatedAppInstall _onQueue_fireObserversForClient:]: <IXSCoordinatedAppInstall<0x1035ec000> [P=CoreSimulatorBridge (pid 90817)] identifier:[com.DefaultCompany.NeonDrift.run.1782396777.5888/Invalid/[system-defined]] uuid:A070AEA7-C956-4371-9FA3-9F21389AFC4E intent:IXCoordinatorIntentInitiating creator/appDRI:InstallCoordination Simple SPI importance:UserWaiting state:IXAppCoordinationStatePlaceholderPromiseNotSet promise-state:01234>: Firing applicable observers for client <IXSClientConnection<0x103440ba0> client:CoreSimulatorBridge (pid 90817) uuid:4780A2BD-C3B7-4B12-B216-31E81F3774D3>
2026-06-25 22:13:49.395 Df installcoordinationd[91072:41cf9a] [com.apple.installcoordination:daemon] -[IXSCoordinatedAppInstall setPriorityBoostCompletion:withSourceInfo:]: <IXSCoordinatedAppInstall<0x1035ec000> [P=CoreSimulatorBridge (pid 90817)] identifier:[com.DefaultCompany.NeonDrift.run.1782396777.5888/Invalid/[system-defined]] uuid:A070AEA7-C956-4371-9FA3-9F21389AFC4E intent:IXCoordinatorIntentInitiating creator/appDRI:InstallCoordination Simple SPI importance:UserWaiting state:IXAppCoordinationStatePlaceholderPromiseNotSet promise-state:01234>: Disposing of completion from CoreSimulatorBridge (90817), QOS_CLASS_DEFAULT (0x15)
2026-06-25 22:13:49.395 Df installcoordinationd[91072:41cf9a] [com.apple.installcoordination:daemon] -[IXSCoordinatedAppInstall setPriorityBoostCompletion:withSourceInfo:]: <IXSCoordinatedAppInstall<0x1035ec000> [P=CoreSimulatorBridge (pid 90817)] identifier:[com.DefaultCompany.NeonDrift.run.1782396777.5888/Invalid/[system-defined]] uuid:A070AEA7-C956-4371-9FA3-9F21389AFC4E intent:IXCoordinatorIntentInitiating creator/appDRI:InstallCoordination Simple SPI importance:UserWaiting state:IXAppCoordinationStatePlaceholderPromiseNotSet promise-state:01234>: Retaining completion from CoreSimulatorBridge (90817), QOS_CLASS_DEFAULT (0x15)
2026-06-25 22:13:49.395 Df CoreSimulatorBridge[90817:4b1c53] [com.apple.installcoordination:framework] -[IXAppInstallCoordinator _clientDelegate_didRegisterForObservation]: <IXInitiatingAppInstallCoordinator<0x10984c600> identity:[com.DefaultCompany.NeonDrift.run.1782396777.5888/Invalid/[system-defined]] uuid:A070AEA7-C956-4371-9FA3-9F21389AFC4E creator:InstallCoordination Simple SPI>: Got observer registration delegate
2026-06-25 22:13:49.395 Df CoreSimulatorBridge[90817:4b1c53] [com.apple.installcoordination:framework] -[IXAppInstallCoordinator _clientDelegate_shouldResume]: <IXInitiatingAppInstallCoordinator<0x10984c600> identity:[com.DefaultCompany.NeonDrift.run.1782396777.5888/Invalid/[system-defined]] uuid:A070AEA7-C956-4371-9FA3-9F21389AFC4E creator:InstallCoordination Simple SPI>: Got should resume delegate
2026-06-25 22:13:49.395 Df CoreSimulatorBridge[90817:49e275] [com.apple.installcoordination:framework] -[IXAppInstallCoordinator _clientDelegate_didRegisterForObservation]_block_invoke: <IXInitiatingAppInstallCoordinator<0x10984c600> identity:[com.DefaultCompany.NeonDrift.run.1782396777.5888/Invalid/[system-defined]] uuid:A070AEA7-C956-4371-9FA3-9F21389AFC4E creator:InstallCoordination Simple SPI>: Observer <_IXSimpleInstallerDelegate 0x0x105be4ba0> does not respond to coordinatorDidRegisterForObservation:
2026-06-25 22:13:49.395 Df CoreSimulatorBridge[90817:49e275] [com.apple.installcoordination:framework] -[IXAppInstallCoordinator _clientDelegate_shouldResume]_block_invoke: <IXInitiatingAppInstallCoordinator<0x10984c600> identity:[com.DefaultCompany.NeonDrift.run.1782396777.5888/Invalid/[system-defined]] uuid:A070AEA7-C956-4371-9FA3-9F21389AFC4E creator:InstallCoordination Simple SPI>: Observer <_IXSimpleInstallerDelegate 0x0x105be4ba0> does not respond to coordinatorShouldResume:
2026-06-25 22:13:49.396 Df installcoordinationd[91072:41cf9a] [com.apple.installcoordination:daemon] -[IXSCoordinatedAppInstall _internal_setInstallOptionsPromise:performExternalActions:]: <IXSCoordinatedAppInstall<0x1035ec000> [P=CoreSimulatorBridge (pid 90817)] identifier:[com.DefaultCompany.NeonDrift.run.1782396777.5888/Invalid/[system-defined]] uuid:A070AEA7-C956-4371-9FA3-9F21389AFC4E intent:IXCoordinatorIntentInitiating creator/appDRI:InstallCoordination Simple SPI importance:UserWaiting state:IXAppCoordinationStatePlaceholderPromiseNotSet promise-state:012I4> : install options set: <IXSPromisedInMemoryData(0x1034dd480) Name:MIInstallOptions data Creator:Install Coordination Internal UUID:E89917E1-2B6E-477F-9E79-A6442D5FBB67 Location:[system-defined]>
2026-06-25 22:13:49.396 Df installcoordinationd[91072:4b1c54] [com.apple.installcoordination:daemon] -[IXSCoordinatedAppInstall promiseDidComplete:]: <IXSCoordinatedAppInstall<0x1035ec000> [P=CoreSimulatorBridge (pid 90817)] identifier:[com.DefaultCompany.NeonDrift.run.1782396777.5888/Invalid/[system-defined]] uuid:A070AEA7-C956-4371-9FA3-9F21389AFC4E intent:IXCoordinatorIntentInitiating creator/appDRI:InstallCoordination Simple SPI importance:UserWaiting state:IXAppCoordinationStatePlaceholderPromiseNotSet promise-state:012I4> : Promise completed: <IXSPromisedInMemoryData(0x1034dd480) Name:MIInstallOptions data Creator:Install Coordination Internal UUID:E89917E1-2B6E-477F-9E79-A6442D5FBB67 Location:[system-defined]>
2026-06-25 22:13:49.397 Df installcoordinationd[91072:4b1c54] [com.apple.appinstallation:TransactionLog] com.DefaultCompany.NeonDrift.run.1782396777.5888/Unknown Persona:4:13:1:1:Install Options Promise began. Coordinator State: IXAppCoordinationStatePlaceholderPromiseNotSet
2026-06-25 22:13:49.397 Df installcoordinationd[91072:4b1c54] [com.apple.appinstallation:TransactionLog] com.DefaultCompany.NeonDrift.run.1782396777.5888/Unknown Persona:4:13:2:1:Install Options Promise completed. Coordinator State: IXAppCoordinationStatePlaceholderPromiseNotSet
2026-06-25 22:13:49.397 Df installcoordinationd[91072:41cf14] [com.apple.installcoordination:daemon] -[IXSCoordinatedAppInstall _internal_setAppAssetPromise:performExternalActions:]: <IXSCoordinatedAppInstall<0x1035ec000> [P=CoreSimulatorBridge (pid 90817)] identifier:[com.DefaultCompany.NeonDrift.run.1782396777.5888/Invalid/[system-defined]] uuid:A070AEA7-C956-4371-9FA3-9F21389AFC4E intent:IXCoordinatorIntentInitiating creator/appDRI:InstallCoordination Simple SPI importance:UserWaiting state:IXAppCoordinationStatePlaceholderPromiseNotSet promise-state:0a2I4> : App Asset Promise set: <IXSPromisedTransferToPath(0x1034dd180) Name:App Asset: com.DefaultCompany.NeonDrift.run.1782396777.5888 Creator:InstallCoordination Simple SPI UUID:A486BF54-2C6E-48CE-BA28-23392D587221 Location:[system-defined]>
2026-06-25 22:13:49.397 Df installcoordinationd[91072:41cf14] [com.apple.installcoordination:daemon] -[IXSCoordinatedAppInstall setInitialODRAssetPromises:]: <IXSCoordinatedAppInstall<0x1035ec000> [P=CoreSimulatorBridge (pid 90817)] identifier:[com.DefaultCompany.NeonDrift.run.1782396777.5888/Invalid/[system-defined]] uuid:A070AEA7-C956-4371-9FA3-9F21389AFC4E intent:IXCoordinatorIntentInitiating creator/appDRI:InstallCoordination Simple SPI importance:UserWaiting state:IXAppCoordinationStatePlaceholderPromiseNotSet promise-state:0a2I4> : Initial ODR Asset Promises set: (
)
2026-06-25 22:13:49.409 Df CoreSimulatorBridge[90817:4942cb] [com.apple.installcoordination:framework] -[IXPromisedTransferToPath setComplete:]: <IXPromisedTransferToPath<0x10984c040> name:"App Asset: com.DefaultCompany.NeonDrift.run.1782396777.5888" uuid:A486BF54-2C6E-48CE-BA28-23392D587221 creator:"InstallCoordination Simple SPI" location:[system-defined]> Copy operation from /Users/dragonkao/.openclaw/workspace/382b9e3384298039b171c9b2a60ae644/NeonDrift_MVP/project/xcode_derived_data/Build/Products/Release-iphonesimulator/NeonDrift.run.1782396777.5888.app to /Users/dragonkao/Library/Developer/CoreSimulator/Devices/115FDF0C-5A2F-4686-909B-7F43F1450A28/data/Containers/Shared/SystemGroup/systemgroup.com.apple.installcoordinationd/Library/InstallCoordination/PromiseStaging/A486BF54-2C6E-48CE-BA28-23392D587221/NeonDrift.run.1782396777.5888.app took 0.011250 seconds
2026-06-25 22:13:49.409 Df installcoordinationd[91072:41cf14] [com.apple.installcoordination:daemon] -[IXSDataPromise _setPercentComplete:saveStateIfNeeded:]: Progress: <IXSPromisedTransferToPath(0x1034dd180) Name:App Asset: com.DefaultCompany.NeonDrift.run.1782396777.5888 Creator:InstallCoordination Simple SPI UUID:A486BF54-2C6E-48CE-BA28-23392D587221 Location:[system-defined]>
2026-06-25 22:13:49.409 Df installcoordinationd[91072:4b1c54] [com.apple.appinstallation:TransactionLog] com.DefaultCompany.NeonDrift.run.1782396777.5888/Unknown Persona:4:10:1:1:App Asset Promise began. Coordinator State: IXAppCoordinationStatePlaceholderPromiseNotSet
2026-06-25 22:13:49.410 Df CoreSimulatorBridge[90817:4b1c53] [com.apple.installcoordination:framework] -[IXAppInstallCoordinator _clientDelegate_promiseDidBeginFulfillmentWithIdentifier:]: <IXInitiatingAppInstallCoordinator<0x10984c600> identity:[com.DefaultCompany.NeonDrift.run.1782396777.5888/Invalid/[system-defined]] uuid:A070AEA7-C956-4371-9FA3-9F21389AFC4E creator:InstallCoordination Simple SPI>: Got promise did begin fulfillment for identifier 2
2026-06-25 22:13:49.410 Df CoreSimulatorBridge[90817:4b1c53] [com.apple.installcoordination:framework] -[IXAppInstallCoordinator _clientDelegate_promiseDidBeginFulfillmentWithIdentifier:]_block_invoke: <IXInitiatingAppInstallCoordinator<0x10984c600> identity:[com.DefaultCompany.NeonDrift.run.1782396777.5888/Invalid/[system-defined]] uuid:A070AEA7-C956-4371-9FA3-9F21389AFC4E creator:InstallCoordination Simple SPI>: Observer <_IXSimpleInstallerDelegate 0x0x105be4ba0> does not respond to coordinator:configuredPromiseDidBeginFulfillment: (or any deprecated equivalent)
2026-06-25 22:13:49.410 Df CoreSimulatorBridge[90817:4b1c53] [com.apple.installcoordination:framework] -[IXAppInstallCoordinator _clientDelegate_didUpdateProgress:forPhase:overallProgress:]: <IXInitiatingAppInstallCoordinator<0x10984c600> identity:[com.DefaultCompany.NeonDrift.run.1782396777.5888/Invalid/[system-defined]] uuid:A070AEA7-C956-4371-9FA3-9F21389AFC4E creator:InstallCoordination Simple SPI>: Got did update progress delegate with percentComplete 100.000000 phase IXCoordinatorProgressPhaseLoading overallProgress 60.000000
2026-06-25 22:13:49.410 Df installcoordinationd[91072:41cf9a] [com.apple.installcoordination:daemon] -[IXSCoordinatedAppInstall promiseDidComplete:]: <IXSCoordinatedAppInstall<0x1035ec000> [P=CoreSimulatorBridge (pid 90817)] identifier:[com.DefaultCompany.NeonDrift.run.1782396777.5888/Invalid/[system-defined]] uuid:A070AEA7-C956-4371-9FA3-9F21389AFC4E intent:IXCoordinatorIntentInitiating creator/appDRI:InstallCoordination Simple SPI importance:UserWaiting state:IXAppCoordinationStatePlaceholderPromiseNotSet promise-state:0A2I4> : Promise completed: <IXSPromisedTransferToPath(0x1034dd180) Name:App Asset: com.DefaultCompany.NeonDrift.run.1782396777.5888 Creator:InstallCoordination Simple SPI UUID:A486BF54-2C6E-48CE-BA28-23392D587221 Location:[system-defined]>
2026-06-25 22:13:49.410 Df CoreSimulatorBridge[90817:4b1c53] [com.apple.installcoordination:framework] -[IXAppInstallCoordinator _clientDelegate_didUpdateProgress:forPhase:overallProgress:]_block_invoke: <IXInitiatingAppInstallCoordinator<0x10984c600> identity:[com.DefaultCompany.NeonDrift.run.1782396777.5888/Invalid/[system-defined]] uuid:A070AEA7-C956-4371-9FA3-9F21389AFC4E creator:InstallCoordination Simple SPI>: Calling selector coordinator:didUpdateProgress:forPhase:overallProgress: on observer <_IXSimpleInstallerDelegate 0x0x105be4ba0>
2026-06-25 22:13:49.410 Df installcoordinationd[91072:4b1c54] [com.apple.appinstallation:TransactionLog] com.DefaultCompany.NeonDrift.run.1782396777.5888/Unknown Persona:4:10:2:1:App Asset Promise completed. Coordinator State: IXAppCoordinationStatePlaceholderPromiseNotSet
2026-06-25 22:13:49.410 Df installcoordinationd[91072:4b1c5a] [com.apple.installcoordination:daemon] -[IXSCoordinatedAppInstall setPlaceholderPromise:]: <IXSCoordinatedAppInstall<0x1035ec000> [P=CoreSimulatorBridge (pid 90817)] identifier:[com.DefaultCompany.NeonDrift.run.1782396777.5888/Invalid/[system-defined]] uuid:A070AEA7-C956-4371-9FA3-9F21389AFC4E intent:IXCoordinatorIntentInitiating creator/appDRI:InstallCoordination Simple SPI importance:UserWaiting state:IXAppCoordinationStateReadyForPlaceholderInstall promise-state:PA2I4> : Placeholder Promise set: <IXSPlaceholder(0x103510500) Name:App Placeholder: NeonDrift.run.1782396777.5888 (com.DefaultCompany.NeonDrift.run.1782396777.5888) Creator:InstallCoordination Simple SPI UUID:581F4CDC-6441-4CE8-9328-1ECCE05AB8BA Location:[system-defined]>
2026-06-25 22:13:49.410 Df installcoordinationd[91072:4b1c54] [com.apple.installcoordination:daemon] -[IXSCoordinatedAppInstall promiseDidComplete:]: <IXSCoordinatedAppInstall<0x1035ec000> [P=CoreSimulatorBridge (pid 90817)] identifier:[com.DefaultCompany.NeonDrift.run.1782396777.5888/Invalid/[system-defined]] uuid:A070AEA7-C956-4371-9FA3-9F21389AFC4E intent:IXCoordinatorIntentInitiating creator/appDRI:InstallCoordination Simple SPI importance:UserWaiting state:IXAppCoordinationStateReadyForPlaceholderInstall promise-state:PA2I4> : Promise completed: <IXSPlaceholder(0x103510500) Name:App Placeholder: NeonDrift.run.1782396777.5888 (com.DefaultCompany.NeonDrift.run.1782396777.5888) Creator:InstallCoordination Simple SPI UUID:581F4CDC-6441-4CE8-9328-1ECCE05AB8BA Location:[system-defined]>
2026-06-25 22:13:49.410 Df installcoordinationd[91072:4b1c5a] [com.apple.installcoordination:daemon] -[IXSCoordinatedAppInstall _onQueue_acquireAssertionAndInstallPlaceholder]: Acquiring termination assertion to install placeholder for [com.DefaultCompany.NeonDrift.run.1782396777.5888/Invalid/[system-defined]]
2026-06-25 22:13:49.410 Df installcoordinationd[91072:4b1c5a] [com.apple.installcoordination:daemon] -[IXSPendingOperationsTracker beginPendingOperationForIdentity:]_block_invoke: Beginning pending operation for [com.DefaultCompany.NeonDrift.run.1782396777.5888/Invalid/[system-defined]]
2026-06-25 22:13:49.411 Df runningboardd[90790:4aebea] [com.apple.runningboard:connection] Received termination request from [osservice<com.apple.installcoordinationd>:91072] on <RBSProcessPredicate <RBSProcessBundleIdentifierPredicate "com.DefaultCompany.NeonDrift.run.1782396777.5888">> with context <RBSTerminateContext| explanation:installcoordinationd app:[com.DefaultCompany.NeonDrift.run.1782396777.5888/Invalid/[system-defined]] uuid:A070AEA7-C956-4371-9FA3-9F21389AFC4E isPlaceholder:Y reportType:None maxTerminationResistance:Absolute attrs:[
	<RBSPreventLaunchLimitation| <RBSProcessPredicate <RBSProcessBundleIdentifierPredicate "com.DefaultCompany.NeonDrift.run.1782396777.5888">> allow:(null)>
	]>
2026-06-25 22:13:49.411 Df runningboardd[90790:4aebea] [com.apple.runningboard:general] failed to get LSApplicationRecord for com.DefaultCompany.NeonDrift.run.1782396777.5888 - probably OK
2026-06-25 22:13:49.411 Df runningboardd[90790:4aebea] [com.apple.runningboard:connection] skipping plugin hold for uninstalled proxy com.DefaultCompany.NeonDrift.run.1782396777.5888
2026-06-25 22:13:49.411 Df runningboardd[90790:4aebea] [com.apple.runningboard:ttl] Acquiring assertion targeting system from originator [osservice<com.apple.installcoordinationd>:91072] with description <RBSAssertionDescriptor| "installcoordinationd app:[com.DefaultCompany.NeonDrift.run.1782396777.5888/Invalid/[system-defined]] uuid:A070AEA7-C956-4371-9FA3-9F21389AFC4E isPlaceholder:Y" ID:90790-91072-1715 target:system attributes:[
	<RBSPreventLaunchLimitation| <RBSProcessPredicate <RBSProcessBundleIdentifierPredicate "com.DefaultCompany.NeonDrift.run.1782396777.5888">> allow:(null)>
	]>
2026-06-25 22:13:49.412 Df runningboardd[90790:4aebea] [com.apple.runningboard:process] Executing termination request for: <RBSProcessPredicate <RBSProcessBundleIdentifierPredicate "com.DefaultCompany.NeonDrift.run.1782396777.5888">>
2026-06-25 22:13:49.412 Df installcoordinationd[91072:4b1c5a] [com.apple.installcoordination:daemon] -[IXSCoordinatedAppInstall assertionAcquiredCallback]: RBS termination assertion observer called for <IXSCoordinatedAppInstall<0x1035ec000> [P=CoreSimulatorBridge (pid 90817)] identifier:[com.DefaultCompany.NeonDrift.run.1782396777.5888/Invalid/[system-defined]] uuid:A070AEA7-C956-4371-9FA3-9F21389AFC4E intent:IXCoordinatorIntentInitiating creator/appDRI:InstallCoordination Simple SPI importance:UserWaiting state:IXAppCoordinationStateWaitingForPlaceholderAssertion promise-state:PA2I4>
2026-06-25 22:13:49.412 Df SpringBoard[90784:41bbc7] [com.apple.SpringBoard:Common] termination assertion acquired for com.DefaultCompany.NeonDrift.run.1782396777.5888 (app not found)
2026-06-25 22:13:49.412 Df installcoordinationd[91072:41cf9a] [com.apple.appinstallation:TransactionLog] com.DefaultCompany.NeonDrift.run.1782396777.5888/Unknown Persona:4:9:1:1:Placeholder Promise began. Coordinator State: IXAppCoordinationStateWaitingForPlaceholderAssertion
2026-06-25 22:13:49.412 Df installcoordinationd[91072:41cf9a] [com.apple.installcoordination:daemon] -[IXSCoordinatorProgress setTotalUnitsCompleted:]: Progress for coordinator: [com.DefaultCompany.NeonDrift.run.1782396777.5888/Invalid/[system-defined]], Phase: IXCoordinatorProgressPhaseLoading, Percentage: 100.000000: Attempt to set units completed on finished progress: 100
2026-06-25 22:13:49.412 Df installcoordinationd[91072:41cf9a] [com.apple.appinstallation:TransactionLog] com.DefaultCompany.NeonDrift.run.1782396777.5888/Unknown Persona:4:9:2:1:Placeholder Promise completed. Coordinator State: IXAppCoordinationStateWaitingForPlaceholderAssertion
2026-06-25 22:13:49.412 Df CoreSimulatorBridge[90817:49e275] [com.apple.installcoordination:framework] -[IXAppInstallCoordinator _clientDelegate_promiseDidBeginFulfillmentWithIdentifier:]: <IXInitiatingAppInstallCoordinator<0x10984c600> identity:[com.DefaultCompany.NeonDrift.run.1782396777.5888/Invalid/[system-defined]] uuid:A070AEA7-C956-4371-9FA3-9F21389AFC4E creator:InstallCoordination Simple SPI>: Got promise did begin fulfillment for identifier 1
2026-06-25 22:13:49.412 Df CoreSimulatorBridge[90817:49e275] [com.apple.installcoordination:framework] -[IXAppInstallCoordinator _clientDelegate_promiseDidBeginFulfillmentWithIdentifier:]_block_invoke: <IXInitiatingAppInstallCoordinator<0x10984c600> identity:[com.DefaultCompany.NeonDrift.run.1782396777.5888/Invalid/[system-defined]] uuid:A070AEA7-C956-4371-9FA3-9F21389AFC4E creator:InstallCoordination Simple SPI>: Observer <_IXSimpleInstallerDelegate 0x0x105be4ba0> does not respond to coordinator:configuredPromiseDidBeginFulfillment: (or any deprecated equivalent)
2026-06-25 22:13:49.412 Df installcoordinationd[91072:41cf9a] [com.apple.installcoordination:daemon] -[IXSCoordinatedAppInstall _onQueue_installPlaceholder]: Acquired termination assertion for placeholder [com.DefaultCompany.NeonDrift.run.1782396777.5888/Invalid/[system-defined]]; proceeding with install.
2026-06-25 22:13:49.413 Df installcoordinationd[91072:41cf9a] [com.apple.installcoordination:daemon] -[IXSPowerAssertion initWithAssertionName:details:]: Acquired power assertion IXPowerAssertion-12-[com.DefaultCompany.NeonDrift.run.1782396777.5888/Invalid/[system-defined]]
2026-06-25 22:13:49.414 Df installd[91079:4b1c5e] (MobileSystemServices) 0x16dd2b000 -[MIClientConnection _doInstallationForURL:identity:domain:options:operationType:completion:]: Install of "/Users/dragonkao/Library/Developer/CoreSimulator/Devices/115FDF0C-5A2F-4686-909B-7F43F1450A28/data/Containers/Shared/SystemGroup/systemgroup.com.apple.installcoordinationd/Library/InstallCoordination/PromiseStaging/581F4CDC-6441-4CE8-9328-1ECCE05AB8BA/NeonDrift.run.1782396777.5888.app" type Placeholder (LSInstallType = 1, Domain: MIInstallationDomainDefault) requested by installcoordinationd (pid 91072 (501/20))
2026-06-25 22:13:49.420 Df installd[91079:4b1c5e] [com.apple.containermanager:xpc] Query; euid = 501, uid = 501, class = 1, identifier = [com.DefaultCompany.NeonDrift.run.1782396777.5888](1), flags = 300000002
2026-06-25 22:13:49.421 Df installd[91079:4b1c5e] [com.apple.containermanager:xpc] Query; euid = 501, uid = 501, class = 1, identifier = [com.DefaultCompany.NeonDrift.run.1782396777.5888](1), flags = 300000002
2026-06-25 22:13:49.421 Df installd[91079:4b1c5e] (MobileSystemServices) 0x16dd2b000 -[MIInstaller _installInstallable:containingSymlink:error:]: Installing <MIInstallableBundle ID=com.DefaultCompany.NeonDrift.run.1782396777.5888; Persona=com.apple.containermanager.primary-persona, Version=0, ShortVersion=1.0>
2026-06-25 22:13:49.421 Df installd[91079:4b1c5e] [com.apple.appinstallation:TransactionLog] com.DefaultCompany.NeonDrift.run.1782396777.5888/com.apple.containermanager.primary-persona:7:4:1:1:Start : Install (Placeholder)
2026-06-25 22:13:49.423 Df installd[91079:4b1c5e] [com.apple.containermanager:query] Query; euid = 501, uid = 501, class = 4, identifier = [com.DefaultCompany.NeonDrift.run.1782396777.5888](1), flags = 300000002
2026-06-25 22:13:49.423 Df installd[91079:4b1c5e] [com.apple.containermanager:query] Query; euid = 501, uid = 501, class = 4, identifier = [com.DefaultCompany.NeonDrift.run.1782396777.5888](1), flags = 300000002
2026-06-25 22:13:49.423 Df installd[91079:4b1c5e] [com.apple.containermanager:xpc] Query; euid = 501, uid = 501, class = 1, identifier = [com.DefaultCompany.NeonDrift.run.1782396777.5888](1), flags = 300000003
2026-06-25 22:13:49.424 E  containermanagerd_system[90831:41cf74] [com.apple.containermanager:schema] [com.DefaultCompany.NeonDrift.run.1782396777.5888(1)] Current schema version (1) is newer than the latest (0), ignoring.
2026-06-25 22:13:49.424 Df containermanagerd_system[90831:41cf74] [com.apple.containermanager:schema] [u 6FC64EBA-4A78-4372-9393-922C8964C093:p 6E779219-F3A9-45E0-968F-A9912FDC1643:c com.DefaultCompany.NeonDrift.run.1782396777.5888(1):i30196145] Successfully updated schema from (0) → (0), actions count = 0
2026-06-25 22:13:49.425 Df installd[91079:4b1c5e] [com.apple.containermanager:xpc] Query; euid = 501, uid = 501, class = 1, identifier = [com.DefaultCompany.NeonDrift.run.1782396777.5888](1), flags = 300000002
2026-06-25 22:13:49.427 Df installd[91079:4b1c5e] [com.apple.containermanager:query] Query; euid = 501, uid = 501, class = 2, identifier = [com.DefaultCompany.NeonDrift.run.1782396777.5888](1), flags = 300000003
2026-06-25 22:13:49.428 Df containermanagerd[90847:41bd2f] [com.apple.containermanager:schema] [u 5002DD53-067A-4501-887F-97B2B2663293:p 3C4A7172-95EF-4331-BFE0-81934C965C97:c com.DefaultCompany.NeonDrift.run.1782396777.5888(2):i30196149] Successfully updated schema from (0) → (1), actions count = 6
2026-06-25 22:13:49.430 Df installd[91079:4b1c5e] [com.apple.containermanager:query] Query; euid = 501, uid = 501, class = 2, identifier = [com.DefaultCompany.NeonDrift.run.1782396777.5888](1), flags = 300000002
2026-06-25 22:13:49.431 Df installd[91079:4b1c5e] (MobileSystemServices) 0x16dd2b000 -[MIInstallationJournalEntry _refreshUUIDForContainer:withError:]: Data container for com.DefaultCompany.NeonDrift.run.1782396777.5888 is now at /Users/dragonkao/Library/Developer/CoreSimulator/Devices/115FDF0C-5A2F-4686-909B-7F43F1450A28/data/Containers/Data/Application/FC12A4D6-C287-40B1-9FF8-7595708E7D84
2026-06-25 22:13:49.432 Df containermanagerd[90847:41bd2f] [com.apple.containermanager:schema] [u 5002DD53-067A-4501-887F-97B2B2663293:p FC12A4D6-C287-40B1-9FF8-7595708E7D84:c com.DefaultCompany.NeonDrift.run.1782396777.5888(2):i0] Successfully updated schema from (0) → (1), actions count = 6
2026-06-25 22:13:49.432 Df installd[91079:4b1c5e] [com.apple.containermanager:unspecified] Replace; old = <NULL>, new = [temp-app:com.DefaultCompany.NeonDrift.run.1782396777.5888:501::(6FC64EBA-4A78-4372-9393-922C8964C093)]
2026-06-25 22:13:49.433 Df installd[91079:4b1c5e] [com.apple.containermanager:xpc] Query; euid = 501, uid = 501, class = 1, identifier = [com.DefaultCompany.NeonDrift.run.1782396777.5888](1), flags = 300000002
2026-06-25 22:13:49.434 Df installd[91079:4b1c5e] (MobileSystemServices) 0x16dd2b000 -[MIContainer makeContainerLiveReplacingContainer:reason:waitForDeletion:withError:]: Made container live for com.DefaultCompany.NeonDrift.run.1782396777.5888 at /Users/dragonkao/Library/Developer/CoreSimulator/Devices/115FDF0C-5A2F-4686-909B-7F43F1450A28/data/Containers/Bundle/Application/9513817C-F046-4B8D-9D8E-82A450D98174
2026-06-25 22:13:49.434 Df containermanagerd[90847:41bd2f] [com.apple.containermanager:codesignmapping] Reconciled [com.DefaultCompany.NeonDrift.run.1782396777.5888]; old app groups: (null), new app groups: (null), old system groups: (null), new system groups: (null)
2026-06-25 22:13:49.435 Df installd[91079:4b1c5e] [com.apple.containermanager:unspecified] Requesting disk usage; class = 1, identifier = com.DefaultCompany.NeonDrift.run.1782396777.5888
2026-06-25 22:13:49.436 Df installd[91079:4b1c5e] [com.apple.containermanager:query] Query; euid = 501, uid = 501, class = 7, identifier = [com.DefaultCompany.NeonDrift.run.1782396777.5888](1), flags = 300000001
2026-06-25 22:13:49.437 Df SpringBoard[90784:41bbc7] [com.apple.SpringBoard:Common] termination assertion released for com.DefaultCompany.NeonDrift.run.1782396777.5888 (app not found)
2026-06-25 22:13:49.446 Df installd[91079:4b1c5e] (MobileSystemServices) 0x16dd2b000 -[MILaunchServicesOperationManager _onQueue_addPendingLaunchServicesOperation:error:]: Added pending LS operation <MILaunchServicesRegisterOperation: AEC29134-772C-4807-B9C2-64FBFB764E92:5 com.DefaultCompany.NeonDrift.run.1782396777.5888/MIInstallationDomainSystemShared personas:[com.apple.containermanager.primary-persona]>
2026-06-25 22:13:49.446 Df lsd[90836:4848ba] [com.apple.launchservices:appinstallation] Post installation registration: request to register com.DefaultCompany.NeonDrift.run.1782396777.5888, operation AEC29134-772C-4807-B9C2-64FBFB764E92, from pid 91079
2026-06-25 22:13:49.447 Df lsd[90836:4848ba] [com.apple.appinstallation:TransactionLog] com.DefaultCompany.NeonDrift.run.1782396777.5888/Unknown Persona:5:4:1:1:Registering bundles via registrant - start
2026-06-25 22:13:49.450 E  lsd[90836:4848ba] [com.apple.launchservices:default] LSStringLocalizer development region en not found in localizations available for bundle file:///Users/dragonkao/Library/Developer/CoreSimulator/Devices/115FDF0C-5A2F-4686-909B-7F43F1450A28/data/Containers/Bundle/Application/9513817C-F046-4B8D-9D8E-82A450D98174/NeonDrift.run.1782396777.5888.app/
2026-06-25 22:13:49.450 Df lsd[90836:4848ba] [com.apple.appinstallation:TransactionLog] com.DefaultCompany.NeonDrift.run.1782396777.5888/Unknown Persona:5:5:1:1:Building bundle record for app
2026-06-25 22:13:49.450 Df lsd[90836:4848ba] [com.apple.launchservices:appinstallation] No bundles to remove for com.DefaultCompany.NeonDrift.run.1782396777.5888
2026-06-25 22:13:49.450 Df lsd[90836:4848ba] [com.apple.launchservices:appinstallation] Placeholder detected - Flagging bundle com.DefaultCompany.NeonDrift.run.1782396777.5888 incomplete
2026-06-25 22:13:49.450 Df lsd[90836:4848ba] [com.apple.appinstallation:TransactionLog] com.DefaultCompany.NeonDrift.run.1782396777.5888/Unknown Persona:5:5:2:1:Built bundle record for app
2026-06-25 22:13:49.452 Df lsd[90836:4848ba] [com.apple.appinstallation:TransactionLog] com.DefaultCompany.NeonDrift.run.1782396777.5888/Unknown Persona:5:4:2:1:Registered bundle status = success
2026-06-25 22:13:49.453 Df lsd[90836:4848ba] [com.apple.appinstallation:TransactionLog] com.DefaultCompany.NeonDrift.run.1782396777.5888/Unknown Persona:5:4:2:1:Finished registering com.DefaultCompany.NeonDrift.run.1782396777.5888, bundle unit 508
2026-06-25 22:13:49.454 Df installd[91079:4b1c5e] (MobileSystemServices) 0x16dd2b000 -[MIJournal purgeJournalEntry:withError:]: Removing journal entry <MIInstallationJournalEntry<0x1030b08c0> [com.DefaultCompany.NeonDrift.run.1782396777.5888/com.apple.containermanager.primary-persona/[system-defined]]/MIInstallationDomainSystemShared op:2 phase:JournalPhaseDidRegisterWithLS version:0>
2026-06-25 22:13:49.454 Df lsd[90836:4b1c72] [com.apple.launchservices:progress] Sending applicationInstallsDidStart: for (
    "<LSApplicationProxy: 0x1012f4000> com.DefaultCompany.NeonDrift.run.1782396777.5888 file:///Users/dragonkao/Library/Developer/CoreSimulator/Devices/115FDF0C-5A2F-4686-909B-7F43F1450A28/data/Containers/Bundle/Application/9513817C-F046-4B8D-9D8E-82A450D98174/NeonDrift.run.1782396777.5888.app/ <com.DefaultCompany.NeonDrift.run.1782396777.5888 <placeholder >:1>"
)
2026-06-25 22:13:49.454 Df lsd[90836:4b1c72] [com.apple.launchservices:progress] Created parent progress <NSProgress: com.DefaultCompany.NeonDrift.run.1782396777.5888 phase=InstallingPlaceholder; state=Waiting; finalPhase=Installing; fractionCompleted=0.000000>
2026-06-25 22:13:49.454 Df installd[91079:4b1c5e] [com.apple.appinstallation:TransactionLog] com.DefaultCompany.NeonDrift.run.1782396777.5888/com.apple.containermanager.primary-persona:7:4:2:1:Success (End) : Install (Placeholder)
2026-06-25 22:13:49.454 Df installd[91079:4b1c5e] (MobileSystemServices) 0x16dd2b000 -[MIInstaller _logOperationCompletionWithStartTime:distributorID:]: Install successful for (Placeholder:com.DefaultCompany.NeonDrift.run.1782396777.5888) [Distributor: (null)]; Staging: 0.00s; Waiting: 0.00s; Preflight/Patch: 0.00s, Verifying: 0.00s; Overall: 0.04s
2026-06-25 22:13:49.455 Df installcoordinationd[91072:4b1c54] [com.apple.installcoordination:daemon] -[IXSPowerAssertion invalidate]: Released power assertion IXPowerAssertion-12-[com.DefaultCompany.NeonDrift.run.1782396777.5888/Invalid/[system-defined]]
2026-06-25 22:13:49.455 Df dasd[90813:4af877] [com.apple.launchservices:appinstallation] LaunchServices observer: InstallsStarted (
