Timestamp               Ty Process[PID:TID]
2026-06-25 13:36:58.613 Df CoreSimulatorBridge[37585:36890c] Request received for installation of file:///Users/dragonkao/.openclaw/workspace/382b9e3384298039b171c9b2a60ae644/NeonDrift_MVP/project/xcode_derived_data/Build/Products/Release-iphonesimulator/NeonDrift.app/ with options: {
    PackageType = Developer;
    SimulatorRootPath = "/Library/Developer/CoreSimulator/Volumes/iOS_23F77/Library/Developer/CoreSimulator/Profiles/Runtimes/iOS 26.5.simruntime/Contents/Resources/RuntimeRoot";
    SimulatorUserPath = "/Users/dragonkao/Library/Developer/CoreSimulator/Devices/115FDF0C-5A2F-4686-909B-7F43F1450A28/data";
}
2026-06-25 13:36:58.613 Df CoreSimulatorBridge[37585:36890c] [com.apple.installcoordination:framework] +[IXAppInstallCoordinator(IXSimpleInstaller) _beginInstallForURL:forPersonaUniqueString:consumeSource:options:progressBlock:completionWithIdentity:]: Beginning install for /Users/dragonkao/.openclaw/workspace/382b9e3384298039b171c9b2a60ae644/NeonDrift_MVP/project/xcode_derived_data/Build/Products/Release-iphonesimulator/NeonDrift.app consuming source:N options:{
    IsUserInitiated = 1;
    PackageType = Developer;
} installationRequestorAuditToken: NULL
2026-06-25 13:36:58.616 Df installcoordinationd[37614:368910] [com.apple.installcoordination:daemon] -[IXSDataPromiseManager registerPromise:]: Registered promise <IXSPlaceholder(0x105910140) Name:App Placeholder: NeonDrift (com.DefaultCompany.NeonDrift) Creator:InstallCoordination Simple SPI UUID:4D5440FE-3472-4A7E-8B4C-030828D2157C Location:[system-defined]> for UUID 4D5440FE-3472-4A7E-8B4C-030828D2157C
2026-06-25 13:36:58.618 Df installcoordinationd[37614:368910] [com.apple.installcoordination:daemon] -[IXSPlaceholder setAttributes:]: <IXSPlaceholder(0x105910140) Name:App Placeholder: NeonDrift (com.DefaultCompany.NeonDrift) Creator:InstallCoordination Simple SPI UUID:4D5440FE-3472-4A7E-8B4C-030828D2157C Location:[system-defined]>: setting placeholder attributes to <IXPlaceholderAttributes<0x1058a0a00> : {
    CFBundleShortVersionString = "1.0";
    CFBundleSupportedPlatforms =     (
        iPhoneSimulator
    );
    CFBundleVersion = 0;
    DTPlatformName = iphonesimulator;
    LSRequiresIPhoneOS = 1;
    MinimumOSVersion = "13.0";
    UIDeviceFamily =     (
        1,
        2
    );
    UIRequiredDeviceCapabilities =     {
        arm64 = 1;
        metal = 1;
    };
}>
2026-06-25 13:36:58.618 Df CoreSimulatorBridge[37585:368913] [com.apple.installcoordination:framework] +[IXPlaceholder _setEntitlementsFromBundleExecutableURL:withBundleID:client:onPlaceholder:location:error:]: Executable for com.DefaultCompany.NeonDrift at NeonDrift -- file:///Users/dragonkao/.openclaw/workspace/382b9e3384298039b171c9b2a60ae644/NeonDrift_MVP/project/xcode_derived_data/Build/Products/Release-iphonesimulator/NeonDrift.app/ had no entitlements
2026-06-25 13:36:58.618 Df CoreSimulatorBridge[37585:368913] [com.apple.installcoordination:framework] +[IXPlaceholder _placeholderForBundle:client:withParent:installType:metadata:placeholderType:mayBeDeltaPackage:isFromSerializedPlaceholder:location:error:]: Using full fidelity icons for com.DefaultCompany.NeonDrift at /Users/dragonkao/.openclaw/workspace/382b9e3384298039b171c9b2a60ae644/NeonDrift_MVP/project/xcode_derived_data/Build/Products/Release-iphonesimulator/NeonDrift.app
2026-06-25 13:36:58.619 Df installcoordinationd[37614:368910] [com.apple.installcoordination:daemon] -[IXSDataPromiseManager registerPromise:]: Registered promise <IXSPromisedTransferToPath(0x1058dda80) Name:Icon resources for com.DefaultCompany.NeonDrift Creator:InstallCoordination Simple SPI UUID:7998C13D-6E44-4C16-8E7F-27BF3F4338FC Location:[system-defined]> for UUID 7998C13D-6E44-4C16-8E7F-27BF3F4338FC
2026-06-25 13:36:58.621 Df CoreSimulatorBridge[37585:368913] [com.apple.installcoordination:framework] -[IXPromisedTransferToPath setComplete:]: <IXPromisedTransferToPath<0x101872a00> name:"Icon resources for com.DefaultCompany.NeonDrift" uuid:7998C13D-6E44-4C16-8E7F-27BF3F4338FC creator:"InstallCoordination Simple SPI" location:[system-defined]> Move operation from /Users/dragonkao/Library/Developer/CoreSimulator/Devices/115FDF0C-5A2F-4686-909B-7F43F1450A28/data/Containers/Shared/SystemGroup/systemgroup.com.apple.installcoordinationd/Library/InstallCoordination/PromiseStaging/7998C13D-6E44-4C16-8E7F-27BF3F4338FC/temp.ihv9Jk to /Users/dragonkao/Library/Developer/CoreSimulator/Devices/115FDF0C-5A2F-4686-909B-7F43F1450A28/data/Containers/Shared/SystemGroup/systemgroup.com.apple.installcoordinationd/Library/InstallCoordination/PromiseStaging/7998C13D-6E44-4C16-8E7F-27BF3F4338FC/temp.ihv9Jk took 0.000042 seconds
2026-06-25 13:36:58.622 Df installcoordinationd[37614:36b7c9] [com.apple.installcoordination:daemon] -[IXSDataPromise _setPercentComplete:saveStateIfNeeded:]: Progress: <IXSPromisedTransferToPath(0x1058dda80) Name:Icon resources for com.DefaultCompany.NeonDrift Creator:InstallCoordination Simple SPI UUID:7998C13D-6E44-4C16-8E7F-27BF3F4338FC Location:[system-defined]>
2026-06-25 13:36:58.622 Df installcoordinationd[37614:368910] [com.apple.installcoordination:daemon] -[IXSDataPromiseManager promiseDidBegin:]: Unowned promise began: <IXSPromisedTransferToPath(0x1058dda80) Name:Icon resources for com.DefaultCompany.NeonDrift Creator:InstallCoordination Simple SPI UUID:7998C13D-6E44-4C16-8E7F-27BF3F4338FC Location:[system-defined]>
2026-06-25 13:36:58.622 Df installcoordinationd[37614:368910] [com.apple.installcoordination:daemon] -[IXSDataPromiseManager promise:didUpdateProgress:]: Unowned promise update progress to 1.000000 : <IXSPromisedTransferToPath(0x1058dda80) Name:Icon resources for com.DefaultCompany.NeonDrift Creator:InstallCoordination Simple SPI UUID:7998C13D-6E44-4C16-8E7F-27BF3F4338FC Location:[system-defined]>
2026-06-25 13:36:58.622 Df installcoordinationd[37614:368910] [com.apple.installcoordination:daemon] -[IXSDataPromiseManager promiseDidComplete:]: Unowned promise completed: <IXSPromisedTransferToPath(0x1058dda80) Name:Icon resources for com.DefaultCompany.NeonDrift Creator:InstallCoordination Simple SPI UUID:7998C13D-6E44-4C16-8E7F-27BF3F4338FC Location:[system-defined]>
2026-06-25 13:36:58.623 Df installcoordinationd[37614:36b7c9] [com.apple.installcoordination:daemon] -[IXSDataPromise _setPercentComplete:saveStateIfNeeded:]: Progress: <IXSPromisedInMemoryDictionary(0x1058dd000) Name:Info.plist icon content for com.DefaultCompany.NeonDrift Creator:InstallCoordination Simple SPI UUID:87261686-24FD-4639-BFFC-58EEAB1D054C Location:[system-defined]>
2026-06-25 13:36:58.623 Df installcoordinationd[37614:36b7c9] [com.apple.installcoordination:daemon] -[IXSDataPromiseManager registerPromise:]: Registered promise <IXSPromisedInMemoryDictionary(0x1058dd000) Name:Info.plist icon content for com.DefaultCompany.NeonDrift Creator:InstallCoordination Simple SPI UUID:87261686-24FD-4639-BFFC-58EEAB1D054C Location:[system-defined]> for UUID 87261686-24FD-4639-BFFC-58EEAB1D054C
2026-06-25 13:36:58.623 Df installcoordinationd[37614:368910] [com.apple.installcoordination:daemon] -[IXSDataPromiseManager promiseDidBegin:]: Unowned promise began: <IXSPromisedInMemoryDictionary(0x1058dd000) Name:Info.plist icon content for com.DefaultCompany.NeonDrift Creator:InstallCoordination Simple SPI UUID:87261686-24FD-4639-BFFC-58EEAB1D054C Location:[system-defined]>
2026-06-25 13:36:58.623 Df installcoordinationd[37614:368910] [com.apple.installcoordination:daemon] -[IXSDataPromiseManager promise:didUpdateProgress:]: Unowned promise update progress to 1.000000 : <IXSPromisedInMemoryDictionary(0x1058dd000) Name:Info.plist icon content for com.DefaultCompany.NeonDrift Creator:InstallCoordination Simple SPI UUID:87261686-24FD-4639-BFFC-58EEAB1D054C Location:[system-defined]>
2026-06-25 13:36:58.623 Df installcoordinationd[37614:368910] [com.apple.installcoordination:daemon] -[IXSDataPromiseManager promiseDidComplete:]: Unowned promise completed: <IXSPromisedInMemoryDictionary(0x1058dd000) Name:Info.plist icon content for com.DefaultCompany.NeonDrift Creator:InstallCoordination Simple SPI UUID:87261686-24FD-4639-BFFC-58EEAB1D054C Location:[system-defined]>
2026-06-25 13:36:58.624 Df installcoordinationd[37614:36b7c9] [com.apple.installcoordination:daemon] -[IXSPlaceholder setIconResourcesPromise:]: <IXSPlaceholder(0x105910140) Name:App Placeholder: NeonDrift (com.DefaultCompany.NeonDrift) Creator:InstallCoordination Simple SPI UUID:4D5440FE-3472-4A7E-8B4C-030828D2157C Location:[system-defined]>: setting icon resources promise to <IXSPromisedTransferToPath(0x1058dda80) Name:Icon resources for com.DefaultCompany.NeonDrift Creator:InstallCoordination Simple SPI UUID:7998C13D-6E44-4C16-8E7F-27BF3F4338FC Location:[system-defined]>
2026-06-25 13:36:58.624 Df installcoordinationd[37614:36b7c9] [com.apple.installcoordination:daemon] -[IXSPlaceholder setInfoPlistIconContentPromise:]: <IXSPlaceholder(0x105910140) Name:App Placeholder: NeonDrift (com.DefaultCompany.NeonDrift) Creator:InstallCoordination Simple SPI UUID:4D5440FE-3472-4A7E-8B4C-030828D2157C Location:[system-defined]>: setting Info.plist icon content promise to <IXSPromisedInMemoryDictionary(0x1058dd000) Name:Info.plist icon content for com.DefaultCompany.NeonDrift Creator:InstallCoordination Simple SPI UUID:87261686-24FD-4639-BFFC-58EEAB1D054C Location:[system-defined]>
2026-06-25 13:36:58.625 Df installcoordinationd[37614:36b7c9] [com.apple.installcoordination:daemon] -[IXSDataPromiseManager promiseDidBegin:]: Unowned promise began: <IXSPlaceholder(0x105910140) Name:App Placeholder: NeonDrift (com.DefaultCompany.NeonDrift) Creator:InstallCoordination Simple SPI UUID:4D5440FE-3472-4A7E-8B4C-030828D2157C Location:[system-defined]>
2026-06-25 13:36:58.625 Df installcoordinationd[37614:36b7c9] [com.apple.installcoordination:daemon] -[IXSDataPromiseManager promise:didUpdateProgress:]: Unowned promise update progress to 0.000000 : <IXSPlaceholder(0x105910140) Name:App Placeholder: NeonDrift (com.DefaultCompany.NeonDrift) Creator:InstallCoordination Simple SPI UUID:4D5440FE-3472-4A7E-8B4C-030828D2157C Location:[system-defined]>
2026-06-25 13:36:58.625 Df installcoordinationd[37614:36b7c9] [com.apple.installcoordination:daemon] -[IXSDataPromiseManager promise:didUpdateProgress:]: Unowned promise update progress to 0.000000 : <IXSPlaceholder(0x105910140) Name:App Placeholder: NeonDrift (com.DefaultCompany.NeonDrift) Creator:InstallCoordination Simple SPI UUID:4D5440FE-3472-4A7E-8B4C-030828D2157C Location:[system-defined]>
2026-06-25 13:36:58.626 Df installcoordinationd[37614:36b7c9] [com.apple.installcoordination:daemon] -[IXSDataPromise _setPercentComplete:saveStateIfNeeded:]: Progress: <IXSPromisedInMemoryDictionary(0x1058de680) Name:Localizations for com.DefaultCompany.NeonDrift Creator:InstallCoordination Simple SPI UUID:56B4EEAD-3F69-47A6-989D-184295202B96 Location:[system-defined]>
2026-06-25 13:36:58.626 Df installcoordinationd[37614:36b7c9] [com.apple.installcoordination:daemon] -[IXSDataPromiseManager registerPromise:]: Registered promise <IXSPromisedInMemoryDictionary(0x1058de680) Name:Localizations for com.DefaultCompany.NeonDrift Creator:InstallCoordination Simple SPI UUID:56B4EEAD-3F69-47A6-989D-184295202B96 Location:[system-defined]> for UUID 56B4EEAD-3F69-47A6-989D-184295202B96
2026-06-25 13:36:58.626 Df installcoordinationd[37614:36b7cb] [com.apple.installcoordination:daemon] -[IXSDataPromiseManager promiseDidBegin:]: Unowned promise began: <IXSPromisedInMemoryDictionary(0x1058de680) Name:Localizations for com.DefaultCompany.NeonDrift Creator:InstallCoordination Simple SPI UUID:56B4EEAD-3F69-47A6-989D-184295202B96 Location:[system-defined]>
2026-06-25 13:36:58.626 Df installcoordinationd[37614:36b7cb] [com.apple.installcoordination:daemon] -[IXSDataPromiseManager promise:didUpdateProgress:]: Unowned promise update progress to 1.000000 : <IXSPromisedInMemoryDictionary(0x1058de680) Name:Localizations for com.DefaultCompany.NeonDrift Creator:InstallCoordination Simple SPI UUID:56B4EEAD-3F69-47A6-989D-184295202B96 Location:[system-defined]>
2026-06-25 13:36:58.626 Df installcoordinationd[37614:36b7cb] [com.apple.installcoordination:daemon] -[IXSDataPromiseManager promiseDidComplete:]: Unowned promise completed: <IXSPromisedInMemoryDictionary(0x1058de680) Name:Localizations for com.DefaultCompany.NeonDrift Creator:InstallCoordination Simple SPI UUID:56B4EEAD-3F69-47A6-989D-184295202B96 Location:[system-defined]>
2026-06-25 13:36:58.626 Df installcoordinationd[37614:36b7c9] [com.apple.installcoordination:daemon] -[IXSPlaceholder setLocalizationDictionaryPromise:]: <IXSPlaceholder(0x105910140) Name:App Placeholder: NeonDrift (com.DefaultCompany.NeonDrift) Creator:InstallCoordination Simple SPI UUID:4D5440FE-3472-4A7E-8B4C-030828D2157C Location:[system-defined]>: setting localization dict promise to <IXSPromisedInMemoryDictionary(0x1058de680) Name:Localizations for com.DefaultCompany.NeonDrift Creator:InstallCoordination Simple SPI UUID:56B4EEAD-3F69-47A6-989D-184295202B96 Location:[system-defined]>
2026-06-25 13:36:58.627 Df installcoordinationd[37614:368910] [com.apple.installcoordination:daemon] -[IXSDataPromiseManager promise:didUpdateProgress:]: Unowned promise update progress to 0.000000 : <IXSPlaceholder(0x105910140) Name:App Placeholder: NeonDrift (com.DefaultCompany.NeonDrift) Creator:InstallCoordination Simple SPI UUID:4D5440FE-3472-4A7E-8B4C-030828D2157C Location:[system-defined]>
2026-06-25 13:36:58.627 Df installcoordinationd[37614:368910] [com.apple.installcoordination:daemon] -[IXSPlaceholder setConfigurationComplete:]: <IXSPlaceholder(0x105910140) Name:App Placeholder: NeonDrift (com.DefaultCompany.NeonDrift) Creator:InstallCoordination Simple SPI UUID:4D5440FE-3472-4A7E-8B4C-030828D2157C Location:[system-defined]>: setting configuration complete to Y
2026-06-25 13:36:58.628 Df installcoordinationd[37614:368910] [com.apple.installcoordination:daemon] -[IXSPlaceholder _materialize]: <IXSPlaceholder(0x105910140) Name:App Placeholder: NeonDrift (com.DefaultCompany.NeonDrift) Creator:InstallCoordination Simple SPI UUID:4D5440FE-3472-4A7E-8B4C-030828D2157C Location:[system-defined]>: Materializing placeholder at /Users/dragonkao/Library/Developer/CoreSimulator/Devices/115FDF0C-5A2F-4686-909B-7F43F1450A28/data/Containers/Shared/SystemGroup/systemgroup.com.apple.installcoordinationd/Library/InstallCoordination/PromiseStaging/4D5440FE-3472-4A7E-8B4C-030828D2157C/NeonDrift.app
2026-06-25 13:36:58.628 Df installcoordinationd[37614:368910] [com.apple.installcoordination:daemon] -[IXSPlaceholder _materialize]: <IXSPlaceholder(0x105910140) Name:App Placeholder: NeonDrift (com.DefaultCompany.NeonDrift) Creator:InstallCoordination Simple SPI UUID:4D5440FE-3472-4A7E-8B4C-030828D2157C Location:[system-defined]>: Using Info.plist icon content: {
    CFBundleIcons =     {
        CFBundlePrimaryIcon =         {
            CFBundleIconName = AppIcon;
        };
    };
    "CFBundleIcons~ipad" =     {
        CFBundlePrimaryIcon =         {
            CFBundleIconName = AppIcon;
        };
    };
    ISIconPlatform = iPhoneOS;
}
2026-06-25 13:36:58.628 Df installcoordinationd[37614:368910] [com.apple.installcoordination:daemon] -[IXSPlaceholder _materialize]_block_invoke: <IXSPlaceholder(0x105910140) Name:App Placeholder: NeonDrift (com.DefaultCompany.NeonDrift) Creator:InstallCoordination Simple SPI UUID:4D5440FE-3472-4A7E-8B4C-030828D2157C Location:[system-defined]>: Using icon resource Assets.car
2026-06-25 13:36:58.628 Df installcoordinationd[37614:368910] [com.apple.installcoordination:daemon] -[IXSPlaceholder _materialize]: <IXSPlaceholder(0x105910140) Name:App Placeholder: NeonDrift (com.DefaultCompany.NeonDrift) Creator:InstallCoordination Simple SPI UUID:4D5440FE-3472-4A7E-8B4C-030828D2157C Location:[system-defined]>: Including lproj localizations for (
)
2026-06-25 13:36:58.628 Df installcoordinationd[37614:36b7c9] [com.apple.installcoordination:daemon] -[IXSDataPromiseManager promiseDidComplete:]: Unowned promise completed: <IXSPlaceholder(0x105910140) Name:App Placeholder: NeonDrift (com.DefaultCompany.NeonDrift) Creator:InstallCoordination Simple SPI UUID:4D5440FE-3472-4A7E-8B4C-030828D2157C Location:[system-defined]>
2026-06-25 13:36:58.629 Df installcoordinationd[37614:36b7c9] [com.apple.installcoordination:daemon] -[IXSDataPromiseManager registerPromise:]: Registered promise <IXSPromisedTransferToPath(0x1058dd800) Name:App Asset: com.DefaultCompany.NeonDrift Creator:InstallCoordination Simple SPI UUID:4FC520C9-61FF-4418-98FB-1EEA1EEDE052 Location:[system-defined]> for UUID 4FC520C9-61FF-4418-98FB-1EEA1EEDE052
2026-06-25 13:36:58.630 Df installcoordinationd[37614:36b7c9] [com.apple.installcoordination:daemon] -[IXSCoordinatorManager coordinatorForIdentity:connection:error:creatingIfNotExisting:]_block_invoke: Registered coordinator: <IXSCoordinatedAppInstall<0x1059e4000> [P=CoreSimulatorBridge (pid 37585)] identifier:[com.DefaultCompany.NeonDrift/Invalid/[system-defined]] uuid:FD0479E2-BA37-4C8F-AD6C-451BC0FCA57A intent:IXCoordinatorIntentUpdating creator/appDRI:InstallCoordination Simple SPI importance:Background state:IXAppCoordinationStatePlaceholderPromiseNotSet promise-state:01234>
2026-06-25 13:36:58.630 Df installcoordinationd[37614:36b7c9] [com.apple.appinstallation:TransactionLog] com.DefaultCompany.NeonDrift/Unknown Persona:4:2:1:1:Created coordinator with intent IXCoordinatorIntentUpdating for client InstallCoordination Simple SPI
2026-06-25 13:36:58.630 Df installcoordinationd[37614:36b7c9] [com.apple.installcoordination:daemon] -[IXSCoordinatedAppInstall setPriorityBoostCompletion:withSourceInfo:]: <IXSCoordinatedAppInstall<0x1059e4000> [P=CoreSimulatorBridge (pid 37585)] identifier:[com.DefaultCompany.NeonDrift/Invalid/[system-defined]] uuid:FD0479E2-BA37-4C8F-AD6C-451BC0FCA57A intent:IXCoordinatorIntentUpdating creator/appDRI:InstallCoordination Simple SPI importance:Background state:IXAppCoordinationStatePlaceholderPromiseNotSet promise-state:01234>: Retaining completion from CoreSimulatorBridge (37585), QOS_CLASS_DEFAULT (0x15)
2026-06-25 13:36:58.631 Df installcoordinationd[37614:36b7c9] [com.apple.installcoordination:daemon] -[IXSCoordinatedAppInstall setImportance:]: <IXSCoordinatedAppInstall<0x1059e4000> [P=CoreSimulatorBridge (pid 37585)] identifier:[com.DefaultCompany.NeonDrift/Invalid/[system-defined]] uuid:FD0479E2-BA37-4C8F-AD6C-451BC0FCA57A intent:IXCoordinatorIntentUpdating creator/appDRI:InstallCoordination Simple SPI importance:UserWaiting state:IXAppCoordinationStatePlaceholderPromiseNotSet promise-state:01234>: set importance to UserWaiting
2026-06-25 13:36:58.631 Df installcoordinationd[37614:36b7c9] [com.apple.installcoordination:daemon] -[IXSCoordinatedAppInstall _onQueue_fireObserversForClient:]: <IXSCoordinatedAppInstall<0x1059e4000> [P=CoreSimulatorBridge (pid 37585)] identifier:[com.DefaultCompany.NeonDrift/Invalid/[system-defined]] uuid:FD0479E2-BA37-4C8F-AD6C-451BC0FCA57A intent:IXCoordinatorIntentUpdating creator/appDRI:InstallCoordination Simple SPI importance:UserWaiting state:IXAppCoordinationStatePlaceholderPromiseNotSet promise-state:01234>: Firing applicable observers for client <IXSClientConnection<0x105840960> client:CoreSimulatorBridge (pid 37585) uuid:5746C8BA-ED2E-4ED7-9D4B-905D839B4B9C>
2026-06-25 13:36:58.631 Df installcoordinationd[37614:36b7c9] [com.apple.installcoordination:daemon] -[IXSCoordinatedAppInstall setPriorityBoostCompletion:withSourceInfo:]: <IXSCoordinatedAppInstall<0x1059e4000> [P=CoreSimulatorBridge (pid 37585)] identifier:[com.DefaultCompany.NeonDrift/Invalid/[system-defined]] uuid:FD0479E2-BA37-4C8F-AD6C-451BC0FCA57A intent:IXCoordinatorIntentUpdating creator/appDRI:InstallCoordination Simple SPI importance:UserWaiting state:IXAppCoordinationStatePlaceholderPromiseNotSet promise-state:01234>: Disposing of completion from CoreSimulatorBridge (37585), QOS_CLASS_DEFAULT (0x15)
2026-06-25 13:36:58.631 Df installcoordinationd[37614:36b7c9] [com.apple.installcoordination:daemon] -[IXSCoordinatedAppInstall setPriorityBoostCompletion:withSourceInfo:]: <IXSCoordinatedAppInstall<0x1059e4000> [P=CoreSimulatorBridge (pid 37585)] identifier:[com.DefaultCompany.NeonDrift/Invalid/[system-defined]] uuid:FD0479E2-BA37-4C8F-AD6C-451BC0FCA57A intent:IXCoordinatorIntentUpdating creator/appDRI:InstallCoordination Simple SPI importance:UserWaiting state:IXAppCoordinationStatePlaceholderPromiseNotSet promise-state:01234>: Retaining completion from CoreSimulatorBridge (37585), QOS_CLASS_DEFAULT (0x15)
2026-06-25 13:36:58.631 Df CoreSimulatorBridge[37585:36b7ca] [com.apple.installcoordination:framework] -[IXAppInstallCoordinator _clientDelegate_didRegisterForObservation]: <IXUpdatingAppInstallCoordinator<0x101872dc0> identity:[com.DefaultCompany.NeonDrift/Invalid/[system-defined]] uuid:FD0479E2-BA37-4C8F-AD6C-451BC0FCA57A creator:InstallCoordination Simple SPI>: Got observer registration delegate
2026-06-25 13:36:58.631 Df CoreSimulatorBridge[37585:36b7ca] [com.apple.installcoordination:framework] -[IXAppInstallCoordinator _clientDelegate_shouldResume]: <IXUpdatingAppInstallCoordinator<0x101872dc0> identity:[com.DefaultCompany.NeonDrift/Invalid/[system-defined]] uuid:FD0479E2-BA37-4C8F-AD6C-451BC0FCA57A creator:InstallCoordination Simple SPI>: Got should resume delegate
2026-06-25 13:36:58.631 Df CoreSimulatorBridge[37585:34f62d] [com.apple.installcoordination:framework] -[IXAppInstallCoordinator _clientDelegate_didRegisterForObservation]_block_invoke: <IXUpdatingAppInstallCoordinator<0x101872dc0> identity:[com.DefaultCompany.NeonDrift/Invalid/[system-defined]] uuid:FD0479E2-BA37-4C8F-AD6C-451BC0FCA57A creator:InstallCoordination Simple SPI>: Observer <_IXSimpleInstallerDelegate 0x0x101af4150> does not respond to coordinatorDidRegisterForObservation:
2026-06-25 13:36:58.631 Df CoreSimulatorBridge[37585:34f62d] [com.apple.installcoordination:framework] -[IXAppInstallCoordinator _clientDelegate_shouldResume]_block_invoke: <IXUpdatingAppInstallCoordinator<0x101872dc0> identity:[com.DefaultCompany.NeonDrift/Invalid/[system-defined]] uuid:FD0479E2-BA37-4C8F-AD6C-451BC0FCA57A creator:InstallCoordination Simple SPI>: Observer <_IXSimpleInstallerDelegate 0x0x101af4150> does not respond to coordinatorShouldResume:
2026-06-25 13:36:58.632 Df installcoordinationd[37614:36b7c9] [com.apple.installcoordination:daemon] -[IXSCoordinatedAppInstall _internal_setInstallOptionsPromise:performExternalActions:]: <IXSCoordinatedAppInstall<0x1059e4000> [P=CoreSimulatorBridge (pid 37585)] identifier:[com.DefaultCompany.NeonDrift/Invalid/[system-defined]] uuid:FD0479E2-BA37-4C8F-AD6C-451BC0FCA57A intent:IXCoordinatorIntentUpdating creator/appDRI:InstallCoordination Simple SPI importance:UserWaiting state:IXAppCoordinationStatePlaceholderPromiseNotSet promise-state:012I4> : install options set: <IXSPromisedInMemoryData(0x1058de600) Name:MIInstallOptions data Creator:Install Coordination Internal UUID:17B8D3BF-2801-4431-BD95-ABF6FB27D140 Location:[system-defined]>
2026-06-25 13:36:58.632 Df installcoordinationd[37614:36b7cb] [com.apple.installcoordination:daemon] -[IXSCoordinatedAppInstall promiseDidComplete:]: <IXSCoordinatedAppInstall<0x1059e4000> [P=CoreSimulatorBridge (pid 37585)] identifier:[com.DefaultCompany.NeonDrift/Invalid/[system-defined]] uuid:FD0479E2-BA37-4C8F-AD6C-451BC0FCA57A intent:IXCoordinatorIntentUpdating creator/appDRI:InstallCoordination Simple SPI importance:UserWaiting state:IXAppCoordinationStatePlaceholderPromiseNotSet promise-state:012I4> : Promise completed: <IXSPromisedInMemoryData(0x1058de600) Name:MIInstallOptions data Creator:Install Coordination Internal UUID:17B8D3BF-2801-4431-BD95-ABF6FB27D140 Location:[system-defined]>
2026-06-25 13:36:58.633 Df installcoordinationd[37614:36b7cb] [com.apple.appinstallation:TransactionLog] com.DefaultCompany.NeonDrift/Unknown Persona:4:13:1:1:Install Options Promise began. Coordinator State: IXAppCoordinationStatePlaceholderPromiseNotSet
2026-06-25 13:36:58.633 Df installcoordinationd[37614:36b7cb] [com.apple.appinstallation:TransactionLog] com.DefaultCompany.NeonDrift/Unknown Persona:4:13:2:1:Install Options Promise completed. Coordinator State: IXAppCoordinationStatePlaceholderPromiseNotSet
2026-06-25 13:36:58.633 Df installcoordinationd[37614:36b7cb] [com.apple.installcoordination:daemon] -[IXSCoordinatedAppInstall _internal_setAppAssetPromise:performExternalActions:]: <IXSCoordinatedAppInstall<0x1059e4000> [P=CoreSimulatorBridge (pid 37585)] identifier:[com.DefaultCompany.NeonDrift/Invalid/[system-defined]] uuid:FD0479E2-BA37-4C8F-AD6C-451BC0FCA57A intent:IXCoordinatorIntentUpdating creator/appDRI:InstallCoordination Simple SPI importance:UserWaiting state:IXAppCoordinationStatePlaceholderPromiseNotSet promise-state:0a2I4> : App Asset Promise set: <IXSPromisedTransferToPath(0x1058dd800) Name:App Asset: com.DefaultCompany.NeonDrift Creator:InstallCoordination Simple SPI UUID:4FC520C9-61FF-4418-98FB-1EEA1EEDE052 Location:[system-defined]>
2026-06-25 13:36:58.633 Df installcoordinationd[37614:368910] [com.apple.installcoordination:daemon] -[IXSCoordinatedAppInstall setInitialODRAssetPromises:]: <IXSCoordinatedAppInstall<0x1059e4000> [P=CoreSimulatorBridge (pid 37585)] identifier:[com.DefaultCompany.NeonDrift/Invalid/[system-defined]] uuid:FD0479E2-BA37-4C8F-AD6C-451BC0FCA57A intent:IXCoordinatorIntentUpdating creator/appDRI:InstallCoordination Simple SPI importance:UserWaiting state:IXAppCoordinationStatePlaceholderPromiseNotSet promise-state:0a2I4> : Initial ODR Asset Promises set: (
)
2026-06-25 13:36:58.634 Df CoreSimulatorBridge[37585:368913] [com.apple.installcoordination:framework] -[IXPromisedTransferToPath _performDeltaCopyFrom:toDestination:]: Performing delta copy from /Users/dragonkao/.openclaw/workspace/382b9e3384298039b171c9b2a60ae644/NeonDrift_MVP/project/xcode_derived_data/Build/Products/Release-iphonesimulator/NeonDrift.app to /Users/dragonkao/Library/Developer/CoreSimulator/Devices/115FDF0C-5A2F-4686-909B-7F43F1450A28/data/Containers/Shared/SystemGroup/systemgroup.com.apple.installcoordinationd/Library/InstallCoordination/PromiseStaging/4FC520C9-61FF-4418-98FB-1EEA1EEDE052/NeonDrift.app with installed bundle at /Users/dragonkao/Library/Developer/CoreSimulator/Devices/115FDF0C-5A2F-4686-909B-7F43F1450A28/data/Containers/Bundle/Application/283D2BFE-3F20-46B0-9DA1-720089B49E83/NeonDrift.app
2026-06-25 13:36:58.634 Df CoreSimulatorBridge[37585:368913] (MobileSystemServices) 0x16fa77000 MDMCreateDeltaDirectory: calling MDMDirectoryDiff with:
state->old_bundle: /Users/dragonkao/Library/Developer/CoreSimulator/Devices/115FDF0C-5A2F-4686-909B-7F43F1450A28/data/Containers/Bundle/Application/283D2BFE-3F20-46B0-9DA1-720089B49E83/NeonDrift.app
state->new_bundle: /Users/dragonkao/.openclaw/workspace/382b9e3384298039b171c9b2a60ae644/NeonDrift_MVP/project/xcode_derived_data/Build/Products/Release-iphonesimulator/NeonDrift.app
state->dst_bundle: /Users/dragonkao/Library/Developer/CoreSimulator/Devices/115FDF0C-5A2F-4686-909B-7F43F1450A28/data/Containers/Shared/SystemGroup/systemgroup.com.apple.installcoordinationd/Library/InstallCoordination/PromiseStaging/4FC520C9-61FF-4418-98FB-1EEA1EEDE052/NeonDrift.app/Payload//NeonDrift.app, binaryDiff flag: FALSE
	dst_ipa: /Users/dragonkao/Library/Developer/CoreSimulator/Devices/115FDF0C-5A2F-4686-909B-7F43F1450A28/data/Containers/Shared/SystemGroup/systemgroup.com.apple.installcoordinationd/Library/InstallCoordination/PromiseStaging/4FC52<…>
2026-06-25 13:36:58.695 Df CoreSimulatorBridge[37585:368913] [com.apple.installcoordination:framework] -[IXPromisedTransferToPath setComplete:]: <IXPromisedTransferToPath<0x101872bc0> name:"App Asset: com.DefaultCompany.NeonDrift" uuid:4FC520C9-61FF-4418-98FB-1EEA1EEDE052 creator:"InstallCoordination Simple SPI" location:[system-defined]> Delta Copy operation from /Users/dragonkao/.openclaw/workspace/382b9e3384298039b171c9b2a60ae644/NeonDrift_MVP/project/xcode_derived_data/Build/Products/Release-iphonesimulator/NeonDrift.app to /Users/dragonkao/Library/Developer/CoreSimulator/Devices/115FDF0C-5A2F-4686-909B-7F43F1450A28/data/Containers/Shared/SystemGroup/systemgroup.com.apple.installcoordinationd/Library/InstallCoordination/PromiseStaging/4FC520C9-61FF-4418-98FB-1EEA1EEDE052/NeonDrift.app took 0.061604 seconds
2026-06-25 13:36:58.696 Df installcoordinationd[37614:368910] [com.apple.installcoordination:daemon] -[IXSDataPromise _setPercentComplete:saveStateIfNeeded:]: Progress: <IXSPromisedTransferToPath(0x1058dd800) Name:App Asset: com.DefaultCompany.NeonDrift Creator:InstallCoordination Simple SPI UUID:4FC520C9-61FF-4418-98FB-1EEA1EEDE052 Location:[system-defined]>
2026-06-25 13:36:58.696 Df installcoordinationd[37614:36b7cb] [com.apple.appinstallation:TransactionLog] com.DefaultCompany.NeonDrift/Unknown Persona:4:10:1:1:App Asset Promise began. Coordinator State: IXAppCoordinationStatePlaceholderPromiseNotSet
2026-06-25 13:36:58.696 Df CoreSimulatorBridge[37585:34f62d] [com.apple.installcoordination:framework] -[IXAppInstallCoordinator _clientDelegate_promiseDidBeginFulfillmentWithIdentifier:]: <IXUpdatingAppInstallCoordinator<0x101872dc0> identity:[com.DefaultCompany.NeonDrift/Invalid/[system-defined]] uuid:FD0479E2-BA37-4C8F-AD6C-451BC0FCA57A creator:InstallCoordination Simple SPI>: Got promise did begin fulfillment for identifier 2
2026-06-25 13:36:58.696 Df CoreSimulatorBridge[37585:34f62d] [com.apple.installcoordination:framework] -[IXAppInstallCoordinator _clientDelegate_promiseDidBeginFulfillmentWithIdentifier:]_block_invoke: <IXUpdatingAppInstallCoordinator<0x101872dc0> identity:[com.DefaultCompany.NeonDrift/Invalid/[system-defined]] uuid:FD0479E2-BA37-4C8F-AD6C-451BC0FCA57A creator:InstallCoordination Simple SPI>: Observer <_IXSimpleInstallerDelegate 0x0x101af4150> does not respond to coordinator:configuredPromiseDidBeginFulfillment: (or any deprecated equivalent)
2026-06-25 13:36:58.696 Df installcoordinationd[37614:36b7c9] [com.apple.installcoordination:daemon] -[IXSCoordinatedAppInstall promiseDidComplete:]: <IXSCoordinatedAppInstall<0x1059e4000> [P=CoreSimulatorBridge (pid 37585)] identifier:[com.DefaultCompany.NeonDrift/Invalid/[system-defined]] uuid:FD0479E2-BA37-4C8F-AD6C-451BC0FCA57A intent:IXCoordinatorIntentUpdating creator/appDRI:InstallCoordination Simple SPI importance:UserWaiting state:IXAppCoordinationStatePlaceholderPromiseNotSet promise-state:0A2I4> : Promise completed: <IXSPromisedTransferToPath(0x1058dd800) Name:App Asset: com.DefaultCompany.NeonDrift Creator:InstallCoordination Simple SPI UUID:4FC520C9-61FF-4418-98FB-1EEA1EEDE052 Location:[system-defined]>
2026-06-25 13:36:58.696 Df CoreSimulatorBridge[37585:34f62d] [com.apple.installcoordination:framework] -[IXAppInstallCoordinator _clientDelegate_didUpdateProgress:forPhase:overallProgress:]: <IXUpdatingAppInstallCoordinator<0x101872dc0> identity:[com.DefaultCompany.NeonDrift/Invalid/[system-defined]] uuid:FD0479E2-BA37-4C8F-AD6C-451BC0FCA57A creator:InstallCoordination Simple SPI>: Got did update progress delegate with percentComplete 100.000000 phase IXCoordinatorProgressPhaseLoading overallProgress 60.000000
2026-06-25 13:36:58.696 Df CoreSimulatorBridge[37585:34f62d] [com.apple.installcoordination:framework] -[IXAppInstallCoordinator _clientDelegate_didUpdateProgress:forPhase:overallProgress:]_block_invoke: <IXUpdatingAppInstallCoordinator<0x101872dc0> identity:[com.DefaultCompany.NeonDrift/Invalid/[system-defined]] uuid:FD0479E2-BA37-4C8F-AD6C-451BC0FCA57A creator:InstallCoordination Simple SPI>: Calling selector coordinator:didUpdateProgress:forPhase:overallProgress: on observer <_IXSimpleInstallerDelegate 0x0x101af4150>
2026-06-25 13:36:58.696 Df installcoordinationd[37614:36b7cb] [com.apple.installcoordination:daemon] -[IXSCoordinatedAppInstall setPlaceholderPromise:]: <IXSCoordinatedAppInstall<0x1059e4000> [P=CoreSimulatorBridge (pid 37585)] identifier:[com.DefaultCompany.NeonDrift/Invalid/[system-defined]] uuid:FD0479E2-BA37-4C8F-AD6C-451BC0FCA57A intent:IXCoordinatorIntentUpdating creator/appDRI:InstallCoordination Simple SPI importance:UserWaiting state:IXAppCoordinationStateReadyForPlaceholderInstall promise-state:PA2I4> : Placeholder Promise set: <IXSPlaceholder(0x105910140) Name:App Placeholder: NeonDrift (com.DefaultCompany.NeonDrift) Creator:InstallCoordination Simple SPI UUID:4D5440FE-3472-4A7E-8B4C-030828D2157C Location:[system-defined]>
2026-06-25 13:36:58.696 Df installcoordinationd[37614:368910] [com.apple.installcoordination:daemon] -[IXSCoordinatedAppInstall promiseDidComplete:]: <IXSCoordinatedAppInstall<0x1059e4000> [P=CoreSimulatorBridge (pid 37585)] identifier:[com.DefaultCompany.NeonDrift/Invalid/[system-defined]] uuid:FD0479E2-BA37-4C8F-AD6C-451BC0FCA57A intent:IXCoordinatorIntentUpdating creator/appDRI:InstallCoordination Simple SPI importance:UserWaiting state:IXAppCoordinationStateReadyForPlaceholderInstall promise-state:PA2I4> : Promise completed: <IXSPlaceholder(0x105910140) Name:App Placeholder: NeonDrift (com.DefaultCompany.NeonDrift) Creator:InstallCoordination Simple SPI UUID:4D5440FE-3472-4A7E-8B4C-030828D2157C Location:[system-defined]>
2026-06-25 13:36:58.697 Df installcoordinationd[37614:36b7cb] [com.apple.installcoordination:daemon] -[IXSCoordinatedAppInstall _onQueue_acquireAssertionAndInstallPlaceholder]: Acquiring termination assertion to install placeholder for [com.DefaultCompany.NeonDrift/Invalid/[system-defined]]
2026-06-25 13:36:58.697 Df installcoordinationd[37614:36b7cb] [com.apple.installcoordination:daemon] -[IXSPendingOperationsTracker beginPendingOperationForIdentity:]_block_invoke: Beginning pending operation for [com.DefaultCompany.NeonDrift/Invalid/[system-defined]]
2026-06-25 13:36:58.697 Df installcoordinationd[37614:368910] [com.apple.runningboard:process] Hit the server for a process handle 1189566700011b29 that resolved to: [app<com.DefaultCompany.NeonDrift((null))>:72489]
2026-06-25 13:36:58.697 Df runningboardd[37558:368daa] [com.apple.runningboard:connection] Received termination request from [osservice<com.apple.installcoordinationd>:37614] on <RBSProcessPredicate <RBSProcessBundleIdentifierPredicate "com.DefaultCompany.NeonDrift">> with context <RBSTerminateContext| explanation:installcoordinationd app:[com.DefaultCompany.NeonDrift/Invalid/[system-defined]] uuid:FD0479E2-BA37-4C8F-AD6C-451BC0FCA57A isPlaceholder:Y reportType:None maxTerminationResistance:Absolute attrs:[
	<RBSPreventLaunchLimitation| <RBSProcessPredicate <RBSProcessBundleIdentifierPredicate "com.DefaultCompany.NeonDrift">> allow:(null)>
	]>
2026-06-25 13:36:58.697 Df installcoordinationd[37614:368910] [com.apple.runningboard:monitor] Received state update for 72489 (app<com.DefaultCompany.NeonDrift((null))>, running-active-NotVisible
2026-06-25 13:36:58.697 Df runningboardd[37558:368daa] [com.apple.runningboard:general] Found 0 extensions contained in com.DefaultCompany.NeonDrift
2026-06-25 13:36:58.698 Df runningboardd[37558:368daa] [com.apple.PlugInKit:holds] <PKManager:0x105d23800> hold request for [/Users/dragonkao/Library/Developer/CoreSimulator/Devices/115FDF0C-5A2F-4686-909B-7F43F1450A28/data/Containers/Bundle/Application/283D2BFE-3F20-46B0-9DA1-720089B49E83/NeonDrift.app] with flags: 0x4
2026-06-25 13:36:58.698 Df NeonDrift[72489:368b09] [com.apple.PlugInKit:discovery] Annotations changed, re-performing query for continuous discovery, report block = <0x11a91b120>.
2026-06-25 13:36:58.698 Df runningboardd[37558:368daa] [com.apple.PlugInKit:holds] <PKManager:0x105d23800> hold request for [/Users/dragonkao/Library/Developer/CoreSimulator/Devices/115FDF0C-5A2F-4686-909B-7F43F1450A28/data/Containers/Bundle/Application/283D2BFE-3F20-46B0-9DA1-720089B49E83/NeonDrift.app] with flags: 0x4 completed with hold token: [C9C623B2-7833-476B-A153-C71B2C4CA036]
2026-06-25 13:36:58.698 Df NeonDrift[72489:368b08] [com.apple.PlugInKit:discovery] Annotations changed, re-performing query for continuous discovery, report block = <0x11a91b4e0>.
2026-06-25 13:36:58.698 Df NeonDrift[72489:368af3] [com.apple.PlugInKit:discovery] Annotations changed, re-performing query for continuous discovery, report block = <0x11a91b690>.
2026-06-25 13:36:58.698 Df runningboardd[37558:368daa] [com.apple.runningboard:ttl] Acquiring assertion targeting system from originator [osservice<com.apple.installcoordinationd>:37614] with description <RBSAssertionDescriptor| "installcoordinationd app:[com.DefaultCompany.NeonDrift/Invalid/[system-defined]] uuid:FD0479E2-BA37-4C8F-AD6C-451BC0FCA57A isPlaceholder:Y" ID:37558-37614-4233 target:system attributes:[
	<RBSPreventLaunchLimitation| <RBSProcessPredicate <RBSProcessBundleIdentifierPredicate "com.DefaultCompany.NeonDrift">> allow:(null)>
	]>
2026-06-25 13:36:58.698 Df runningboardd[37558:368daa] [com.apple.runningboard:process] Executing termination request for: <RBSProcessPredicate <RBSProcessBundleIdentifierPredicate "com.DefaultCompany.NeonDrift">>
2026-06-25 13:36:58.698 Df NeonDrift[72489:368b09] [com.apple.PlugInKit:discovery] [d 357C91E1-72AF-4AF3-ACFF-B8DF0B1BD7EE] <PKHost:0x11a9144c0> Beginning discovery for flags: 0, point: com.apple.AudioUnit
2026-06-25 13:36:58.698 Df NeonDrift[72489:368af3] [com.apple.PlugInKit:discovery] [d 5F8C0715-3EF6-47A3-9FC9-AAE30F74C8D4] <PKHost:0x11a9144c0> Beginning discovery for flags: 0, point: com.apple.AudioUnit-UI
2026-06-25 13:36:58.698 Df runningboardd[37558:368daa] [com.apple.runningboard:process] [app<com.DefaultCompany.NeonDrift((null))>:72489] Terminating with context: <RBSTerminateContext| explanation:installcoordinationd app:[com.DefaultCompany.NeonDrift/Invalid/[system-defined]] uuid:FD0479E2-BA37-4C8F-AD6C-451BC0FCA57A isPlaceholder:Y reportType:None maxTerminationResistance:Absolute attrs:[
	<RBSPreventLaunchLimitation| <RBSProcessPredicate <RBSProcessBundleIdentifierPredicate "com.DefaultCompany.NeonDrift">> allow:(null)>
	]>
2026-06-25 13:36:58.698 Df runningboardd[37558:368daa] [com.apple.runningboard:process] [app<com.DefaultCompany.NeonDrift((null))>:72489] terminate_with_reason() success
2026-06-25 13:36:58.698 Df NeonDrift[72489:368b08] [com.apple.PlugInKit:discovery] [d 89EF8E9E-A76C-4F3B-8548-89FCA2661E0B] <PKHost:0x11a9144c0> Beginning discovery for flags: 0, point: com.apple.AudioUnit-Speech
2026-06-25 13:36:58.699 Df SpringBoard[37555:1ef98e] [com.apple.SpringBoard:Common] termination assertion acquired for com.DefaultCompany.NeonDrift
2026-06-25 13:36:58.699 Df SpringBoard[37555:1ef98e] [com.apple.SpringBoard:Icon] 0x10a534000-SBApplicationIcon Data source did change: <SBApplication: 0x12c40b900; com.DefaultCompany.NeonDrift> {
    processState = <SBApplicationProcessState: 0x124a40fc0; pid: 72489; taskState: Running; visibility: Foreground>;
} (SBApplication)
2026-06-25 13:36:58.699 Df SpringBoard[37555:36b7d0] [com.apple.FrontBoard:ProcessWorkspace] [app<com.DefaultCompany.NeonDrift>:72489] Workspace connection invalidated.
2026-06-25 13:36:58.699 Df SpringBoard[37555:36b7d0] [com.apple.FrontBoard:Process] [app<com.DefaultCompany.NeonDrift>:72489] Now flagged as pending exit for reason: workspace client connection invalidated
2026-06-25 13:36:58.699 Df backboardd[37576:36b7d2] [com.apple.iohid:default] Connection removed: IOHIDEventSystemConnection uuid:9E909DE9-80F5-4D94-A488-46A6A1931615 pid:72489 process:NeonDrift type:Passive entitlements:0x0 caller:BackBoardServices: ___getHIDEventSystemClient_block_invoke + 296 attributes:{
    HighFrequency = 0;
    bundleID = "com.DefaultCompany.NeonDrift";
    pid = 72489;
} state:0x1 events:0 mask:0x0 dropped:0 dropStatus:0 droppedMask:0x0 lastDroppedTime:NONE
2026-06-25 13:36:58.700 Df backboardd[37576:36b7d2] [com.apple.BackBoard:HID] Removing client connection <BKHIDClientConnection: 0x1094c9480; IOHIDEventSystemConnectionRef: 0x1080d7600; vpid: 72489(vF9039); taskPort: 0x20B83; bundleID: com.DefaultCompany.NeonDrift> for client: IOHIDEventSystemConnection uuid:9E909DE9-80F5-4D94-A488-46A6A1931615 pid:72489 process:NeonDrift type:Passive entitlements:0x0 caller:BackBoardServices: ___getHIDEventSystemClient_block_invoke + 296 attributes:{
    HighFrequency = 0;
    bundleID = "com.DefaultCompany.NeonDrift";
    pid = 72489;
} state:0x1 events:0 mask:0x0 dropped:0 dropStatus:0 droppedMask:0x0 lastDroppedTime:NONE source:HID
2026-06-25 13:36:58.700 Df backboardd[37576:36b7d2] [com.apple.iohid:default] Connection removed: IOHIDEventSystemConnection uuid:9BF50656-3BF9-4449-B515-4C9AD7BE9085 pid:72489 process:NeonDrift type:Monitor entitlements:0x0 caller:GameControllerFoundation: -[GCHIDEventSystemClient initWithQueue:type:attributes:functions:] + 116 attributes:(null) state:0x1 events:0 mask:0x0 dropped:0 dropStatus:0 droppedMask:0x0 lastDroppedTime:NONE
2026-06-25 13:36:58.704 Df SpringBoard[37555:36896c] [com.apple.KeyboardArbiter:Handle] com.DefaultCompany.NeonDrift(72489) lostConnection (invalidation)
2026-06-25 13:36:58.705 Df SpringBoard[37555:36896c] [com.apple.KeyboardArbiter:Handle] RX com.DefaultCompany.NeonDrift(72489) setWindowContextID:0 windowState:Disabled level:0.0
    focusContext:(null)
2026-06-25 13:36:58.705 Df SpringBoard[37555:1ef98e] [com.apple.SpringBoard:KeyboardFocus] [coordinator] using MRU target <com.apple.frontboard.systemappservices/FBSceneManager:sceneID%3Acom.DefaultCompany.NeonDrift-default pid:72489>
2026-06-25 13:36:58.705 Df SpringBoard[37555:1ef98e] [com.apple.SpringBoard:KeyboardFocus] [coordinator] informing scene controller 'com.apple.springboard' of focusTarget: <com.apple.frontboard.systemappservices/FBSceneManager:sceneID%3Acom.DefaultCompany.NeonDrift-default pid:72489>
2026-06-25 13:36:58.705 Df backboardd[37576:3500fc] [com.apple.BackBoard:EventDelivery] chain did update (setDeferringRules) <keyboardFocus; display: null> containsEndOfChain: YES; [
    <token: com.apple.frontboard.systemappservices/FBSceneManager:com.apple.springboard; pid: 37555>,
    <token: com.apple.frontboard.systemappservices/FBSceneManager:sceneID%3Acom.DefaultCompany.NeonDrift-default; pid: 72489>
]
2026-06-25 13:36:58.705 Df SpringBoard[37555:1ef98e] [com.apple.SpringBoard:KeyboardFocus] [coordinator] keyboard arbiter suggested <nothing> and we replied <com.apple.frontboard.systemappservices/FBSceneManager:sceneID%3Acom.DefaultCompany.NeonDrift-default pid:72489>
2026-06-25 13:36:58.705 E  SpringBoard[37555:36b7d0] [com.apple.UIKit:KeyboardArbiter] Advisor: No handle found for currently focused PID: 72489; sceneIdentity: com.apple.frontboard.systemappservices/FBSceneManager:sceneID%3Acom.DefaultCompany.NeonDrift-default
2026-06-25 13:36:58.705 Df backboardd[37576:3500fc] [com.apple.BackBoard:EventDelivery] chain did update (setDeferringRules) <keyboardFocus; display: builtin> containsEndOfChain: YES; [
    <token: com.apple.frontboard.systemappservices/FBSceneManager:com.apple.springboard; pid: 37555>,
    <token: com.apple.frontboard.systemappservices/FBSceneManager:sceneID%3Acom.DefaultCompany.NeonDrift-default; pid: 72489>
]
2026-06-25 13:36:58.705 Df installcoordinationd[37614:36b7cb] [com.apple.runningboard:assertion] Setting up death monitor for [app<com.DefaultCompany.NeonDrift((null))>:72489]
2026-06-25 13:36:58.705 Df installcoordinationd[37614:36b7cb] [com.apple.runningboard:process] Starting death monitoring for handle [app<com.DefaultCompany.NeonDrift((null))>:72489]
2026-06-25 13:36:58.705 Df runningboardd[37558:368dac] [com.apple.runningboard:process] XPC connection invalidated: [app<com.DefaultCompany.NeonDrift((null))>:72489]
2026-06-25 13:36:58.705 Df installcoordinationd[37614:368910] [com.apple.appinstallation:TransactionLog] com.DefaultCompany.NeonDrift/Unknown Persona:4:10:2:1:App Asset Promise completed. Coordinator State: IXAppCoordinationStateWaitingForPlaceholderAssertion
2026-06-25 13:36:58.705 Df installcoordinationd[37614:368910] [com.apple.appinstallation:TransactionLog] com.DefaultCompany.NeonDrift/Unknown Persona:4:9:1:1:Placeholder Promise began. Coordinator State: IXAppCoordinationStateWaitingForPlaceholderAssertion
2026-06-25 13:36:58.705 Df installcoordinationd[37614:368910] [com.apple.installcoordination:daemon] -[IXSCoordinatorProgress setTotalUnitsCompleted:]: Progress for coordinator: [com.DefaultCompany.NeonDrift/Invalid/[system-defined]], Phase: IXCoordinatorProgressPhaseLoading, Percentage: 100.000000: Attempt to set units completed on finished progress: 100
2026-06-25 13:36:58.706 Df installcoordinationd[37614:368910] [com.apple.appinstallation:TransactionLog] com.DefaultCompany.NeonDrift/Unknown Persona:4:9:2:1:Placeholder Promise completed. Coordinator State: IXAppCoordinationStateWaitingForPlaceholderAssertion
2026-06-25 13:36:58.706 Df CoreSimulatorBridge[37585:34f62d] [com.apple.installcoordination:framework] -[IXAppInstallCoordinator _clientDelegate_promiseDidBeginFulfillmentWithIdentifier:]: <IXUpdatingAppInstallCoordinator<0x101872dc0> identity:[com.DefaultCompany.NeonDrift/Invalid/[system-defined]] uuid:FD0479E2-BA37-4C8F-AD6C-451BC0FCA57A creator:InstallCoordination Simple SPI>: Got promise did begin fulfillment for identifier 1
2026-06-25 13:36:58.706 Df CoreSimulatorBridge[37585:34f62d] [com.apple.installcoordination:framework] -[IXAppInstallCoordinator _clientDelegate_promiseDidBeginFulfillmentWithIdentifier:]_block_invoke: <IXUpdatingAppInstallCoordinator<0x101872dc0> identity:[com.DefaultCompany.NeonDrift/Invalid/[system-defined]] uuid:FD0479E2-BA37-4C8F-AD6C-451BC0FCA57A creator:InstallCoordination Simple SPI>: Observer <_IXSimpleInstallerDelegate 0x0x101af4150> does not respond to coordinator:configuredPromiseDidBeginFulfillment: (or any deprecated equivalent)
2026-06-25 13:36:58.712 Df launchd_sim[37552:36b5ea] [user/501/UIKitApplication:com.DefaultCompany.NeonDrift[ed48][rb-legacy] [72489]:] exited with exit reason (namespace: 15 code: 0x0) - OS_REASON_RUNNINGBOARD | <RBSTerminateContext| explanation:installcoordinationd app:[com.DefaultCompany.NeonDrift/Invalid/[system-defined]] uuid:FD0479E2-BA37-4C8F-AD6C-451BC0FCA57A isPlaceholder:Y reportType:None maxTerminationResistance:Absolute attrs:[
	<RBSPreventLaunchLimitation| <RBSProcessPredicate <RBSProcessBundleIdentifierPredicate "com.DefaultCompany.NeonDrift">> allow:(null)>
	]>, ran for 127063ms
2026-06-25 13:36:58.712 Df launchd_sim[37552:36b5ea] [user/501:] service inactive: UIKitApplication:com.DefaultCompany.NeonDrift[ed48][rb-legacy]
2026-06-25 13:36:58.712 Df runningboardd[37558:368daa] [com.apple.runningboard:ttl] [app<com.DefaultCompany.NeonDrift((null))>:72489] termination reported by launchd (15, 0, 9)
2026-06-25 13:36:58.712 Df runningboardd[37558:368daa] [com.apple.runningboard:process] Removing process: [app<com.DefaultCompany.NeonDrift((null))>:72489]
2026-06-25 13:36:58.712 Df runningboardd[37558:368daa] [com.apple.runningboard:job] Removing launch job for: [app<com.DefaultCompany.NeonDrift((null))>:72489]
2026-06-25 13:36:58.713 Df launchd_sim[37552:36b602] [user/501:] removing service: UIKitApplication:com.DefaultCompany.NeonDrift[ed48][rb-legacy]
2026-06-25 13:36:58.713 Df runningboardd[37558:368daa] [com.apple.runningboard:job] Removed job for [app<com.DefaultCompany.NeonDrift((null))>:72489]
2026-06-25 13:36:58.713 Df runningboardd[37558:368daa] [com.apple.runningboard:process] Removing assertions for terminated process: [app<com.DefaultCompany.NeonDrift((null))>:72489]
2026-06-25 13:36:58.713 Df runningboardd[37558:368daa] [com.apple.runningboard:assertion] Removed last relative-start-date-defining assertion for process app<com.DefaultCompany.NeonDrift((null))>
2026-06-25 13:36:58.713 Df runningboardd[37558:36b802] [com.apple.runningboard:monitor] Calculated state for app<com.DefaultCompany.NeonDrift((null))>: none (role: None) (endowments: (null))
2026-06-25 13:36:58.713 Df runningboardd[37558:36b801] [com.apple.runningboard:process] Notifying connection [osservice<com.apple.SpringBoard>:37555] that process [app<com.DefaultCompany.NeonDrift((null))>:72489] exited with context <RBSProcessExitContext| specific, status:<RBSProcessExitStatus| domain:runningboard(15) code:0>>
2026-06-25 13:36:58.713 Df runningboardd[37558:36b801] [com.apple.runningboard:process] Notifying connection [osservice<com.apple.installcoordinationd>:37614] that process [app<com.DefaultCompany.NeonDrift((null))>:72489] exited with context <RBSProcessExitContext| specific, status:<RBSProcessExitStatus| domain:runningboard(15) code:0>>
2026-06-25 13:36:58.713 Df SpringBoard[37555:36b7f0] [com.apple.FrontBoard:ProcessWorkspace] [app<com.DefaultCompany.NeonDrift>:72489] Workspace assertion invalidated: <NSError: 0x124ba1710; domain: RBSAssertionErrorDomain; code: 1; "Assertions were invalidated, count = 3.
37558-37555-4219: invalidation reason: 1
37558-37555-4224: invalidation reason: 1
37558-37555-4220: invalidation reason: 1">
2026-06-25 13:36:58.713 Df SpringBoard[37555:36b7f0] [com.apple.runningboard:process] Calling process death completion block for handle [app<com.DefaultCompany.NeonDrift((null))>:72489]
2026-06-25 13:36:58.713 Df runningboardd[37558:36b801] [com.apple.runningboard:monitor] Calculated state for app<com.DefaultCompany.NeonDrift((null))>: none (role: None) (endowments: (null))
2026-06-25 13:36:58.713 Df SpringBoard[37555:36b7f0] [com.apple.FrontBoard:Process] [app<com.DefaultCompany.NeonDrift>:72489] Process exited: <RBSProcessExitContext| specific, status:<RBSProcessExitStatus| domain:runningboard(15) code:0>>.
2026-06-25 13:36:58.713 Df SpringBoard[37555:36b7f0] [com.apple.FrontBoard:Process] [app<com.DefaultCompany.NeonDrift>:72489] Setting process task state to: Not Running
2026-06-25 13:36:58.713 Df SpringBoard[37555:36b7f0] [com.apple.FrontBoard:Process] [app<com.DefaultCompany.NeonDrift>:72489] Setting process visibility to: Unknown
2026-06-25 13:36:58.713 Df SpringBoard[37555:36b7d1] [com.apple.FrontBoard:ProcessWorkspace] [app<com.DefaultCompany.NeonDrift>:72489] Invalidating workspace.
