2026-06-25 11:14:45.539 Df lsd[37604:322540] [com.apple.launchservices:progress] Sending applicationsWillInstall: for (
    "<LSApplicationProxy: 0x1057800c0> com.DefaultCompany.NeonDrift file:///Users/dragonkao/Library/Developer/CoreSimulator/Devices/115FDF0C-5A2F-4686-909B-7F43F1450A28/data/Containers/Bundle/Application/A4D6E295-7729-4B37-A978-5DE8EF702019/NeonDrift.app/ <com.DefaultCompany.NeonDrift <installed >:0>"
)
2026-06-25 11:14:45.540 Df appstored[37723:32255c] [com.apple.launchservices:appinstallation] LaunchServices observer: Will install (
    "<LSApplicationProxy: 0x1043d4000> com.DefaultCompany.NeonDrift file:///Users/dragonkao/Library/Developer/CoreSimulator/Devices/115FDF0C-5A2F-4686-909B-7F43F1450A28/data/Containers/Bundle/Application/A4D6E295-7729-4B37-A978-5DE8EF702019/NeonDrift.app/ <com.DefaultCompany.NeonDrift <installed >:0>"
)
2026-06-25 11:14:45.540 Df callservicesd[37622:322542] [com.apple.launchservices:appinstallation] LaunchServices observer: Will install (
    "<LSApplicationProxy: 0x108e39140> com.DefaultCompany.NeonDrift file:///Users/dragonkao/Library/Developer/CoreSimulator/Devices/115FDF0C-5A2F-4686-909B-7F43F1450A28/data/Containers/Bundle/Application/A4D6E295-7729-4B37-A978-5DE8EF702019/NeonDrift.app/ <com.DefaultCompany.NeonDrift <installed >:0>"
)
2026-06-25 11:14:45.540 Df passd[37584:31a9f0] [com.apple.launchservices:appinstallation] LaunchServices observer: Will install (
    "<LSApplicationProxy: 0x1088adc80> com.DefaultCompany.NeonDrift file:///Users/dragonkao/Library/Developer/CoreSimulator/Devices/115FDF0C-5A2F-4686-909B-7F43F1450A28/data/Containers/Bundle/Application/A4D6E295-7729-4B37-A978-5DE8EF702019/NeonDrift.app/ <com.DefaultCompany.NeonDrift <installed >:0>"
)
2026-06-25 11:14:45.540 Df activitysharingd[37941:2f2d24] [com.apple.launchservices:appinstallation] LaunchServices observer: Will install (
    "<LSApplicationProxy: 0x1041b0e40> com.DefaultCompany.NeonDrift file:///Users/dragonkao/Library/Developer/CoreSimulator/Devices/115FDF0C-5A2F-4686-909B-7F43F1450A28/data/Containers/Bundle/Application/A4D6E295-7729-4B37-A978-5DE8EF702019/NeonDrift.app/ <com.DefaultCompany.NeonDrift <installed >:0>"
)
2026-06-25 11:14:45.540 Df runningboardd[37558:3224e1] [com.apple.launchservices:appinstallation] LaunchServices observer: Will install (
    "<LSApplicationProxy: 0x109998000> com.DefaultCompany.NeonDrift file:///Users/dragonkao/Library/Developer/CoreSimulator/Devices/115FDF0C-5A2F-4686-909B-7F43F1450A28/data/Containers/Bundle/Application/A4D6E295-7729-4B37-A978-5DE8EF702019/NeonDrift.app/ <com.DefaultCompany.NeonDrift <installed >:0>"
)
2026-06-25 11:14:45.541 Df routined[37563:322547] [com.apple.launchservices:appinstallation] LaunchServices observer: Will install (
    "<LSApplicationProxy: 0x1057b09c0> com.DefaultCompany.NeonDrift file:///Users/dragonkao/Library/Developer/CoreSimulator/Devices/115FDF0C-5A2F-4686-909B-7F43F1450A28/data/Containers/Bundle/Application/A4D6E295-7729-4B37-A978-5DE8EF702019/NeonDrift.app/ <com.DefaultCompany.NeonDrift <installed >:0>"
)
2026-06-25 11:14:45.541 Df webbookmarksd[37647:322546] [com.apple.launchservices:appinstallation] LaunchServices observer: Will install (
    "<LSApplicationProxy: 0x1061d8000> com.DefaultCompany.NeonDrift file:///Users/dragonkao/Library/Developer/CoreSimulator/Devices/115FDF0C-5A2F-4686-909B-7F43F1450A28/data/Containers/Bundle/Application/A4D6E295-7729-4B37-A978-5DE8EF702019/NeonDrift.app/ <com.DefaultCompany.NeonDrift <installed >:0>"
)
2026-06-25 11:14:45.541 Df profiled[37619:321ffd] [com.apple.launchservices:appinstallation] LaunchServices observer: Will install (
    "<LSApplicationProxy: 0x10500c000> com.DefaultCompany.NeonDrift file:///Users/dragonkao/Library/Developer/CoreSimulator/Devices/115FDF0C-5A2F-4686-909B-7F43F1450A28/data/Containers/Bundle/Application/A4D6E295-7729-4B37-A978-5DE8EF702019/NeonDrift.app/ <com.DefaultCompany.NeonDrift <installed >:0>"
)
2026-06-25 11:14:45.541 Df locationd[37579:31eca4] [com.apple.launchservices:appinstallation] LaunchServices observer: Will install (
    "<LSApplicationProxy: 0x10777c600> com.DefaultCompany.NeonDrift file:///Users/dragonkao/Library/Developer/CoreSimulator/Devices/115FDF0C-5A2F-4686-909B-7F43F1450A28/data/Containers/Bundle/Application/A4D6E295-7729-4B37-A978-5DE8EF702019/NeonDrift.app/ <com.DefaultCompany.NeonDrift <installed >:0>"
)
2026-06-25 11:14:45.541 Df healthd[37565:322549] [com.apple.launchservices:appinstallation] LaunchServices observer: Will install (
    "<LSApplicationProxy: 0x103a85080> com.DefaultCompany.NeonDrift file:///Users/dragonkao/Library/Developer/CoreSimulator/Devices/115FDF0C-5A2F-4686-909B-7F43F1450A28/data/Containers/Bundle/Application/A4D6E295-7729-4B37-A978-5DE8EF702019/NeonDrift.app/ <com.DefaultCompany.NeonDrift <installed >:0>"
)
2026-06-25 11:14:45.541 Df activityawardsd[37773:32254a] [com.apple.launchservices:appinstallation] LaunchServices observer: Will install (
    "<LSApplicationProxy: 0x10392cb40> com.DefaultCompany.NeonDrift file:///Users/dragonkao/Library/Developer/CoreSimulator/Devices/115FDF0C-5A2F-4686-909B-7F43F1450A28/data/Containers/Bundle/Application/A4D6E295-7729-4B37-A978-5DE8EF702019/NeonDrift.app/ <com.DefaultCompany.NeonDrift <installed >:0>"
)
2026-06-25 11:14:45.541 Df privacyaccountingd[81150:32254b] [com.apple.launchservices:appinstallation] LaunchServices observer: Will install (
    "<LSApplicationProxy: 0x102108240> com.DefaultCompany.NeonDrift file:///Users/dragonkao/Library/Developer/CoreSimulator/Devices/115FDF0C-5A2F-4686-909B-7F43F1450A28/data/Containers/Bundle/Application/A4D6E295-7729-4B37-A978-5DE8EF702019/NeonDrift.app/ <com.DefaultCompany.NeonDrift <installed >:0>"
)
2026-06-25 11:14:45.541 Df liveactivitiesd[37608:32254c] [com.apple.launchservices:appinstallation] LaunchServices observer: Will install (
    "<LSApplicationProxy: 0x101aa1c80> com.DefaultCompany.NeonDrift file:///Users/dragonkao/Library/Developer/CoreSimulator/Devices/115FDF0C-5A2F-4686-909B-7F43F1450A28/data/Containers/Bundle/Application/A4D6E295-7729-4B37-A978-5DE8EF702019/NeonDrift.app/ <com.DefaultCompany.NeonDrift <installed >:0>"
)
2026-06-25 11:14:45.542 Df donotdisturbd[37602:321ff8] [com.apple.launchservices:appinstallation] LaunchServices observer: Will install (
    "<LSApplicationProxy: 0x1015d9c80> com.DefaultCompany.NeonDrift file:///Users/dragonkao/Library/Developer/CoreSimulator/Devices/115FDF0C-5A2F-4686-909B-7F43F1450A28/data/Containers/Bundle/Application/A4D6E295-7729-4B37-A978-5DE8EF702019/NeonDrift.app/ <com.DefaultCompany.NeonDrift <installed >:0>"
)
2026-06-25 11:14:45.542 Df financed[37650:321ffe] [com.apple.launchservices:appinstallation] LaunchServices observer: Will install (
    "<LSApplicationProxy: 0x1099933c0> com.DefaultCompany.NeonDrift file:///Users/dragonkao/Library/Developer/CoreSimulator/Devices/115FDF0C-5A2F-4686-909B-7F43F1450A28/data/Containers/Bundle/Application/A4D6E295-7729-4B37-A978-5DE8EF702019/NeonDrift.app/ <com.DefaultCompany.NeonDrift <installed >:0>"
)
2026-06-25 11:14:45.542 Df healthappd[91398:32254e] [com.apple.launchservices:appinstallation] LaunchServices observer: Will install (
    "<LSApplicationProxy: 0x10ddca1c0> com.DefaultCompany.NeonDrift file:///Users/dragonkao/Library/Developer/CoreSimulator/Devices/115FDF0C-5A2F-4686-909B-7F43F1450A28/data/Containers/Bundle/Application/A4D6E295-7729-4B37-A978-5DE8EF702019/NeonDrift.app/ <com.DefaultCompany.NeonDrift <installed >:0>"
)
2026-06-25 11:14:45.542 Df mobiletimerd[37570:32254f] [com.apple.launchservices:appinstallation] LaunchServices observer: Will install (
    "<LSApplicationProxy: 0x104210780> com.DefaultCompany.NeonDrift file:///Users/dragonkao/Library/Developer/CoreSimulator/Devices/115FDF0C-5A2F-4686-909B-7F43F1450A28/data/Containers/Bundle/Application/A4D6E295-7729-4B37-A978-5DE8EF702019/NeonDrift.app/ <com.DefaultCompany.NeonDrift <installed >:0>"
)
2026-06-25 11:14:45.542 Df nsurlsessiond[37606:3221c8] [com.apple.launchservices:appinstallation] LaunchServices observer: Will install (
    "<LSApplicationProxy: 0x101e65200> com.DefaultCompany.NeonDrift file:///Users/dragonkao/Library/Developer/CoreSimulator/Devices/115FDF0C-5A2F-4686-909B-7F43F1450A28/data/Containers/Bundle/Application/A4D6E295-7729-4B37-A978-5DE8EF702019/NeonDrift.app/ <com.DefaultCompany.NeonDrift <installed >:0>"
)
2026-06-25 11:14:45.542 Df gamed[37637:321fc8] [com.apple.launchservices:appinstallation] LaunchServices observer: Will install (
    "<LSApplicationProxy: 0x104730240> com.DefaultCompany.NeonDrift file:///Users/dragonkao/Library/Developer/CoreSimulator/Devices/115FDF0C-5A2F-4686-909B-7F43F1450A28/data/Containers/Bundle/Application/A4D6E295-7729-4B37-A978-5DE8EF702019/NeonDrift.app/ <com.DefaultCompany.NeonDrift <installed >:0>"
)
2026-06-25 11:14:45.542 Df dasd[37581:322321] [com.apple.launchservices:appinstallation] LaunchServices observer: Will install (
    "<LSApplicationProxy: 0x105b54240> com.DefaultCompany.NeonDrift file:///Users/dragonkao/Library/Developer/CoreSimulator/Devices/115FDF0C-5A2F-4686-909B-7F43F1450A28/data/Containers/Bundle/Application/A4D6E295-7729-4B37-A978-5DE8EF702019/NeonDrift.app/ <com.DefaultCompany.NeonDrift <installed >:0>"
)
2026-06-25 11:14:45.542 Df homed[37625:322552] [com.apple.launchservices:appinstallation] LaunchServices observer: Will install (
    "<LSApplicationProxy: 0x107a7c9c0> com.DefaultCompany.NeonDrift file:///Users/dragonkao/Library/Developer/CoreSimulator/Devices/115FDF0C-5A2F-4686-909B-7F43F1450A28/data/Containers/Bundle/Application/A4D6E295-7729-4B37-A978-5DE8EF702019/NeonDrift.app/ <com.DefaultCompany.NeonDrift <installed >:0>"
)
2026-06-25 11:14:45.542 Df sleepd[37582:308c4f] [com.apple.launchservices:appinstallation] LaunchServices observer: Will install (
    "<LSApplicationProxy: 0x106260000> com.DefaultCompany.NeonDrift file:///Users/dragonkao/Library/Developer/CoreSimulator/Devices/115FDF0C-5A2F-4686-909B-7F43F1450A28/data/Containers/Bundle/Application/A4D6E295-7729-4B37-A978-5DE8EF702019/NeonDrift.app/ <com.DefaultCompany.NeonDrift <installed >:0>"
)
2026-06-25 11:14:45.542 Df ctkd[81165:3224e7] [com.apple.launchservices:appinstallation] LaunchServices observer: Will install (
    "<LSApplicationProxy: 0x103d9c000> com.DefaultCompany.NeonDrift file:///Users/dragonkao/Library/Developer/CoreSimulator/Devices/115FDF0C-5A2F-4686-909B-7F43F1450A28/data/Containers/Bundle/Application/A4D6E295-7729-4B37-A978-5DE8EF702019/NeonDrift.app/ <com.DefaultCompany.NeonDrift <installed >:0>"
)
2026-06-25 11:14:45.542 Df deviceaccessd[37639:322557] [com.apple.launchservices:appinstallation] LaunchServices observer: Will install (
    "<LSApplicationProxy: 0x1015706c0> com.DefaultCompany.NeonDrift file:///Users/dragonkao/Library/Developer/CoreSimulator/Devices/115FDF0C-5A2F-4686-909B-7F43F1450A28/data/Containers/Bundle/Application/A4D6E295-7729-4B37-A978-5DE8EF702019/NeonDrift.app/ <com.DefaultCompany.NeonDrift <installed >:0>"
)
2026-06-25 11:14:45.543 Df installd[37685:3224e6] (MobileSystemServices) 0x16d523000 -[MIClientConnection _doInstallationForURL:identity:domain:options:operationType:completion:]: Install of "/Users/dragonkao/Library/Developer/CoreSimulator/Devices/115FDF0C-5A2F-4686-909B-7F43F1450A28/data/Containers/Shared/SystemGroup/systemgroup.com.apple.installcoordinationd/Library/InstallCoordination/PromiseStaging/83A36F98-B090-4F03-8026-20D040B91996/NeonDrift.app" type Developer (LSInstallType = 0, Domain: MIInstallationDomainDefault) requested by installcoordinationd (pid 37614 (501/20))
2026-06-25 11:14:45.544 Df SpringBoard[37555:3224cd] [com.apple.frontboard.ApplicationLibrary:observer] -[FBSApplicationLibrary applicationInstallsDidStart:] com.DefaultCompany.NeonDrift
2026-06-25 11:14:45.544 Df CoreSimulatorBridge[37585:321f35] [com.apple.installcoordination:framework] -[IXAppInstallCoordinator _clientDelegate_didUpdateProgress:forPhase:overallProgress:]: <IXUpdatingAppInstallCoordinator<0x101870200> identity:[com.DefaultCompany.NeonDrift/Invalid/[system-defined]] uuid:3D677830-6C2A-49E0-BA22-0596C86A555B creator:InstallCoordination Simple SPI>: Got did update progress delegate with percentComplete 5.000000 phase IXCoordinatorProgressPhaseInstalling overallProgress 62.000000
2026-06-25 11:14:45.544 Df CoreSimulatorBridge[37585:321f35] [com.apple.installcoordination:framework] -[IXAppInstallCoordinator _clientDelegate_didUpdateProgress:forPhase:overallProgress:]: <IXUpdatingAppInstallCoordinator<0x101870200> identity:[com.DefaultCompany.NeonDrift/Invalid/[system-defined]] uuid:3D677830-6C2A-49E0-BA22-0596C86A555B creator:InstallCoordination Simple SPI>: Got did update progress delegate with percentComplete 15.000000 phase IXCoordinatorProgressPhaseInstalling overallProgress 66.000000
2026-06-25 11:14:45.544 Df CoreSimulatorBridge[37585:3085bc] [com.apple.installcoordination:framework] -[IXAppInstallCoordinator _clientDelegate_didUpdateProgress:forPhase:overallProgress:]_block_invoke: <IXUpdatingAppInstallCoordinator<0x101870200> identity:[com.DefaultCompany.NeonDrift/Invalid/[system-defined]] uuid:3D677830-6C2A-49E0-BA22-0596C86A555B creator:InstallCoordination Simple SPI>: Calling selector coordinator:didUpdateProgress:forPhase:overallProgress: on observer <_IXSimpleInstallerDelegate 0x0x101af4150>
2026-06-25 11:14:45.544 Df CoreSimulatorBridge[37585:3085bc] [com.apple.installcoordination:framework] -[IXAppInstallCoordinator _clientDelegate_didUpdateProgress:forPhase:overallProgress:]_block_invoke: <IXUpdatingAppInstallCoordinator<0x101870200> identity:[com.DefaultCompany.NeonDrift/Invalid/[system-defined]] uuid:3D677830-6C2A-49E0-BA22-0596C86A555B creator:InstallCoordination Simple SPI>: Calling selector coordinator:didUpdateProgress:forPhase:overallProgress: on observer <_IXSimpleInstallerDelegate 0x0x101af4150>
2026-06-25 11:14:45.544 Df CoreSimulatorBridge[37585:321f35] [com.apple.installcoordination:framework] -[IXAppInstallCoordinator _clientDelegate_didUpdateProgress:forPhase:overallProgress:]: <IXUpdatingAppInstallCoordinator<0x101870200> identity:[com.DefaultCompany.NeonDrift/Invalid/[system-defined]] uuid:3D677830-6C2A-49E0-BA22-0596C86A555B creator:InstallCoordination Simple SPI>: Got did update progress delegate with percentComplete 20.000000 phase IXCoordinatorProgressPhaseInstalling overallProgress 68.000000
2026-06-25 11:14:45.544 Df CoreSimulatorBridge[37585:321f35] [com.apple.installcoordination:framework] -[IXAppInstallCoordinator _clientDelegate_didUpdateProgress:forPhase:overallProgress:]_block_invoke: <IXUpdatingAppInstallCoordinator<0x101870200> identity:[com.DefaultCompany.NeonDrift/Invalid/[system-defined]] uuid:3D677830-6C2A-49E0-BA22-0596C86A555B creator:InstallCoordination Simple SPI>: Calling selector coordinator:didUpdateProgress:forPhase:overallProgress: on observer <_IXSimpleInstallerDelegate 0x0x101af4150>
2026-06-25 11:14:45.545 Df SpringBoard[37555:3224cd] [com.apple.launchservices:appinstallation] LaunchServices observer: Will install (
    "<LSApplicationProxy: 0x128012700> com.DefaultCompany.NeonDrift file:///Users/dragonkao/Library/Developer/CoreSimulator/Devices/115FDF0C-5A2F-4686-909B-7F43F1450A28/data/Containers/Bundle/Application/A4D6E295-7729-4B37-A978-5DE8EF702019/NeonDrift.app/ <com.DefaultCompany.NeonDrift <installed >:0>"
)
2026-06-25 11:14:45.545 E  SpringBoard[37555:3224fd] [com.apple.frontboard.ApplicationLibrary:placeholder] Non-demoted placeholder for com.DefaultCompany.NeonDrift has no associated NSProgress!
2026-06-25 11:14:45.545 Df SpringBoard[37555:3224cd] [com.apple.frontboard.ApplicationLibrary:observer] -[FBSApplicationLibrary applicationsWillInstall:] com.DefaultCompany.NeonDrift
2026-06-25 11:14:45.546 Df installd[37685:3224e6] [com.apple.containermanager:xpc] Query; euid = 501, uid = 501, class = 1, identifier = [com.DefaultCompany.NeonDrift](1), flags = 300000002
2026-06-25 11:14:45.546 Df installd[37685:3224e6] [com.apple.containermanager:xpc] Query; euid = 501, uid = 501, class = 1, identifier = [com.DefaultCompany.NeonDrift](1), flags = 300000002
2026-06-25 11:14:45.548 Df PosterBoard[37627:308c60] [com.apple.launchservices:appinstallation] LaunchServices observer: InstallsStarted (
    "<LSApplicationProxy: 0x1082a00c0> com.DefaultCompany.NeonDrift file:///Users/dragonkao/Library/Developer/CoreSimulator/Devices/115FDF0C-5A2F-4686-909B-7F43F1450A28/data/Containers/Bundle/Application/A4D6E295-7729-4B37-A978-5DE8EF702019/com.apple.mobileinstallation.placeholder/ <com.DefaultCompany.NeonDrift <placeholder >:1>"
)
2026-06-25 11:14:45.548 Df PosterBoard[37627:308c60] [com.apple.launchservices:appinstallation] LaunchServices observer: MetadataUpdate (
    "com.DefaultCompany.NeonDrift"
)
2026-06-25 11:14:45.548 Df SpringBoard[37555:1ef98e] [com.apple.launchservices:progress] Got progress <NSProgress: com.DefaultCompany.NeonDrift phase=InstallingPlaceholder; state=Finished; finalPhase=Installing; fractionCompleted=0.000000> for app com.DefaultCompany.NeonDrift,
2026-06-25 11:14:45.548 Df installd[37685:3224e6] [com.apple.containermanager:xpc] Query; euid = 501, uid = 501, class = 1, identifier = [com.DefaultCompany.NeonDrift](1), flags = 300000002
2026-06-25 11:14:45.548 Df installcoordinationd[37614:321f40] [com.apple.installcoordination:daemon] -[IXSCoordinatorProgress setTotalUnitsCompleted:]: Progress for coordinator: [com.DefaultCompany.NeonDrift/Invalid/[system-defined]], Phase: IXCoordinatorProgressPhaseInstalling, Percentage: 20.000000: Attempt to set units completed on finished progress: 20
2026-06-25 11:14:45.549 Df installd[37685:3224e6] [com.apple.containermanager:xpc] Query; euid = 501, uid = 501, class = 1, identifier = [com.DefaultCompany.NeonDrift](1), flags = 300000002
2026-06-25 11:14:45.550 Df appprotectiond[37573:321fed] [com.apple.appprotection:server] Received distnoted event <dictionary: 0x103508000> { count = 3, transaction: 0, voucher = 0x1035492c0, contents =
	"UserInfo" => <dictionary: 0x103435680> { count = 2, transaction: 0, voucher = 0x0, contents =
		"isPlaceholder" => <bool: 0x1e6e64540>: true
		"bundleIDs" => <array: 0x10343fc30> { count = 1, capacity = 1, contents =
			0: <string: 0x10343df50> { string cache = 0x0, length = 28, contents = "com.DefaultCompany.NeonDrift" }
		}
	}
	"Name" => <string: 0x10343f9f0> { string cache = 0x0, length = 46, contents = "com.apple.LaunchServices.applicationRegistered" }
	"XPCEventName" => <string: 0x10343e370> { string cache = 0x0, length = 21, contents = "ApplicationRegistered" }
}
2026-06-25 11:14:45.551 Df appprotectiond[37573:321fed] [com.apple.appprotection:server] received note: name = com.apple.LaunchServices.applicationRegistered, object = Optional(AppProtection.DistnotedXPCEventStreamTranslator), userInfo = Optional([AnyHashable("isPlaceholder"): 1, AnyHashable("bundleIDs"): <__NSSingleObjectArrayI 0x1036141e0>(
com.DefaultCompany.NeonDrift
)
])
2026-06-25 11:14:45.551 Df appprotectiond[37573:321fed] [com.apple.appprotection:server] Received distnoted event <dictionary: 0x103508000> { count = 3, transaction: 0, voucher = 0x103549220, contents =
	"UserInfo" => <dictionary: 0x103435680> { count = 2, transaction: 0, voucher = 0x0, contents =
		"isPlaceholder" => <bool: 0x1e6e64540>: true
		"bundleIDs" => <array: 0x10343fc30> { count = 1, capacity = 1, contents =
			0: <string: 0x10343df50> { string cache = 0x0, length = 28, contents = "com.DefaultCompany.NeonDrift" }
		}
	}
	"Name" => <string: 0x10343f9f0> { string cache = 0x0, length = 46, contents = "com.apple.LaunchServices.applicationRegistered" }
	"XPCEventName" => <string: 0x10343e370> { string cache = 0x0, length = 21, contents = "ApplicationRegistered" }
}
2026-06-25 11:14:45.551 Df installd[37685:3224e6] (MobileSystemServices) 0x16d523000 -[MIInstaller _installInstallable:containingSymlink:error:]: Installing <MIInstallableBundle ID=com.DefaultCompany.NeonDrift; Persona=com.apple.containermanager.primary-persona, Version=0, ShortVersion=1.0>
2026-06-25 11:14:45.551 Df appprotectiond[37573:321fed] [com.apple.appprotection:server] received note: name = com.apple.LaunchServices.applicationRegistered, object = Optional(AppProtection.DistnotedXPCEventStreamTranslator), userInfo = Optional([AnyHashable("isPlaceholder"): 1, AnyHashable("bundleIDs"): <__NSSingleObjectArrayI 0x1036141e0>(
com.DefaultCompany.NeonDrift
)
])
2026-06-25 11:14:45.551 Df appprotectiond[37573:321fed] [com.apple.appprotection:server] processing settings authority event: SettingsAuthorityEvent.promotePreferenceFromProvisionalForApplication(com.DefaultCompany.NeonDrift)
2026-06-25 11:14:45.551 Df installd[37685:3224e6] [com.apple.appinstallation:TransactionLog] com.DefaultCompany.NeonDrift/com.apple.containermanager.primary-persona:7:1:1:1:Start : Install (Patch Update)
2026-06-25 11:14:45.551 Df installd[37685:3224e6] (MobileSystemServices) 0x16d523000 -[MIInstallable applyPatchWithError:]: Attempting Delta patch update of com.DefaultCompany.NeonDrift from 0 (1.0) to 0 (1.0)
2026-06-25 11:14:45.551 Df CoreSimulatorBridge[37585:3085bc] [com.apple.installcoordination:framework] -[IXAppInstallCoordinator _clientDelegate_didUpdateProgress:forPhase:overallProgress:]: <IXUpdatingAppInstallCoordinator<0x101870200> identity:[com.DefaultCompany.NeonDrift/Invalid/[system-defined]] uuid:3D677830-6C2A-49E0-BA22-0596C86A555B creator:InstallCoordination Simple SPI>: Got did update progress delegate with percentComplete 30.000000 phase IXCoordinatorProgressPhaseInstalling overallProgress 72.000000
2026-06-25 11:14:45.551 Df CoreSimulatorBridge[37585:3085bc] [com.apple.installcoordination:framework] -[IXAppInstallCoordinator _clientDelegate_didUpdateProgress:forPhase:overallProgress:]: <IXUpdatingAppInstallCoordinator<0x101870200> identity:[com.DefaultCompany.NeonDrift/Invalid/[system-defined]] uuid:3D677830-6C2A-49E0-BA22-0596C86A555B creator:InstallCoordination Simple SPI>: Got did update progress delegate with percentComplete 35.000000 phase IXCoordinatorProgressPhaseInstalling overallProgress 74.000000
2026-06-25 11:14:45.551 Df CoreSimulatorBridge[37585:321f35] [com.apple.installcoordination:framework] -[IXAppInstallCoordinator _clientDelegate_didUpdateProgress:forPhase:overallProgress:]_block_invoke: <IXUpdatingAppInstallCoordinator<0x101870200> identity:[com.DefaultCompany.NeonDrift/Invalid/[system-defined]] uuid:3D677830-6C2A-49E0-BA22-0596C86A555B creator:InstallCoordination Simple SPI>: Calling selector coordinator:didUpdateProgress:forPhase:overallProgress: on observer <_IXSimpleInstallerDelegate 0x0x101af4150>
2026-06-25 11:14:45.551 Df CoreSimulatorBridge[37585:321f35] [com.apple.installcoordination:framework] -[IXAppInstallCoordinator _clientDelegate_didUpdateProgress:forPhase:overallProgress:]_block_invoke: <IXUpdatingAppInstallCoordinator<0x101870200> identity:[com.DefaultCompany.NeonDrift/Invalid/[system-defined]] uuid:3D677830-6C2A-49E0-BA22-0596C86A555B creator:InstallCoordination Simple SPI>: Calling selector coordinator:didUpdateProgress:forPhase:overallProgress: on observer <_IXSimpleInstallerDelegate 0x0x101af4150>
2026-06-25 11:14:45.551 Df appprotectiond[37573:321fed] [com.apple.appprotection:server] processing settings authority event: SettingsAuthorityEvent.promotePreferenceFromProvisionalForApplication(com.DefaultCompany.NeonDrift)
2026-06-25 11:14:45.555 Df SpringBoard[37555:1ef98e] [com.apple.frontboard.ApplicationLibrary:sb.placeholder] App placeholder proxies added: (
    "<SBApplicationPlaceholderProxy: 0x1282e6100; com.DefaultCompany.NeonDrift (NeonDrift); LSInstallType: StoreDownload>"
), currentlyKnownExistingPlaceholders: {
}
2026-06-25 11:14:45.555 Df SpringBoard[37555:1ef98e] [com.apple.appinstallation:TransactionLog] com.DefaultCompany.NeonDrift/Unknown Persona:10:0:1:1:Placeholder add BEGIN
2026-06-25 11:14:45.555 Df SpringBoard[37555:1ef98e] [com.apple.SpringBoard:Icon] <<SBLeafIcon:0x10a534000 [com.DefaultCompany.NeonDrift]>> Changing active data source: <SBApplicationIcon: 0x10a534000; nodeID: com.DefaultCompany.NeonDrift; bundleID: com.DefaultCompany.NeonDrift>
2026-06-25 11:14:45.555 Df SpringBoard[37555:1ef98e] [com.apple.SpringBoard:Icon] <<SBLeafIcon:0x10a534000 [com.DefaultCompany.NeonDrift]>> Changing from data souce: com.DefaultCompany.NeonDrift to data source:com.DefaultCompany.NeonDrift.
2026-06-25 11:14:45.556 Df SpringBoard[37555:1ef98e] [com.apple.appinstallation:TransactionLog] com.DefaultCompany.NeonDrift/Unknown Persona:10:1:3:1:Created icon for placeholder.
2026-06-25 11:14:45.556 Df SpringBoard[37555:1ef98e] [com.apple.frontboard.ApplicationLibrary:sb.placeholder] Placeholders added: (
    "<SBApplicationPlaceholder: 0x122646df0; bundleIdentifier: com.DefaultCompany.NeonDrift; displayName: NeonDrift; progress: 60%; state: Installing; canPromote?: YES>"
), modified: (
), removed: (null)
2026-06-25 11:14:45.557 Df SpringBoard[37555:1ef98e] [com.apple.SpringBoard:Common] termination assertion acquired for com.DefaultCompany.NeonDrift
2026-06-25 11:14:45.559 Df siriactionsd[37618:3224f6] [com.apple.shortcuts:Daemon] Dispatching XPC event: <distributed notification: com.apple.LaunchServices.applicationRegistered, userInfo: [AnyHashable("bundleIDs"): <__NSSingleObjectArrayI 0x1059d6f40>(
com.DefaultCompany.NeonDrift
)
, AnyHashable("isPlaceholder"): 1]>
2026-06-25 11:14:45.559 Df siriactionsd[37618:3224f6] [com.apple.shortcuts:XPCEvent] Dispatching XPC event: <distributed notification: com.apple.LaunchServices.applicationRegistered, userInfo: [AnyHashable("bundleIDs"): <__NSSingleObjectArrayI 0x1059d6f40>(
com.DefaultCompany.NeonDrift
)
, AnyHashable("isPlaceholder"): 1]>
2026-06-25 11:14:45.559 Df siriactionsd[37618:3224f6] [com.apple.shortcuts:Daemon] Firing event: <distributed notification: com.apple.LaunchServices.applicationRegistered, userInfo: [AnyHashable("bundleIDs"): <__NSSingleObjectArrayI 0x1059d6f40>(
com.DefaultCompany.NeonDrift
)
, AnyHashable("isPlaceholder"): 1]>
2026-06-25 11:14:45.559 E  siriactionsd[37618:3224f6] [com.apple.shortcuts:Daemon] Received an event that we do not have a DaemonTask for: <distributed notification: com.apple.LaunchServices.applicationRegistered, userInfo: [AnyHashable("bundleIDs"): <__NSSingleObjectArrayI 0x1059d6f40>(
com.DefaultCompany.NeonDrift
)
, AnyHashable("isPlaceholder"): 1]>. This is a serious programming error that might lead to missed messages and stuck streams.
2026-06-25 11:14:45.560 Df SpringBoard[37555:1ef98e] [com.apple.appinstallation:TransactionLog] com.DefaultCompany.NeonDrift/Unknown Persona:10:2:3:1:Reloading icon image.
2026-06-25 11:14:45.561 Df PosterBoard[37627:308c60] [com.apple.launchservices:appinstallation] LaunchServices observer: InstallsStarted (
    "<LSApplicationProxy: 0x1082a1e00> com.DefaultCompany.NeonDrift file:///Users/dragonkao/Library/Developer/CoreSimulator/Devices/115FDF0C-5A2F-4686-909B-7F43F1450A28/data/Containers/Bundle/Application/A4D6E295-7729-4B37-A978-5DE8EF702019/com.apple.mobileinstallation.placeholder/ <com.DefaultCompany.NeonDrift <placeholder >:1>"
)
2026-06-25 11:14:45.561 Df PosterBoard[37627:308c60] [com.apple.launchservices:appinstallation] LaunchServices observer: Will install (
    "<LSApplicationProxy: 0x1082a1500> com.DefaultCompany.NeonDrift file:///Users/dragonkao/Library/Developer/CoreSimulator/Devices/115FDF0C-5A2F-4686-909B-7F43F1450A28/data/Containers/Bundle/Application/A4D6E295-7729-4B37-A978-5DE8EF702019/NeonDrift.app/ <com.DefaultCompany.NeonDrift <installed >:0>"
)
2026-06-25 11:14:45.561 Df liveactivitiesd[37608:1efa85] [com.apple.launchservices:progress] Got progress <NSProgress: com.DefaultCompany.NeonDrift phase=Installing; state=Active; finalPhase=Installing; fractionCompleted=0.600000> for app com.DefaultCompany.NeonDrift,
2026-06-25 11:14:45.561 Df liveactivitiesd[37608:32254c] [com.apple.launchservices:progress] #LSInstallProgressList add subscriber: <_NSProgressSubscriber: 0x101be86f0> publishingString: com.DefaultCompany.NeonDrift
2026-06-25 11:14:45.562 Df liveactivitiesd[37608:32254c] [com.apple.launchservices:progress] Subscribing to progress for app com.DefaultCompany.NeonDrift,
2026-06-25 11:14:45.566 Df dmd[37628:1efc31] Received xpc stream event (distributed notification matching) with name: com.apple.LaunchServices.applicationRegistered user info: {
    bundleIDs =     (
        "com.DefaultCompany.NeonDrift"
    );
    isPlaceholder = 1;
}
2026-06-25 11:14:45.573 Df installd[37685:3224e6] [com.apple.containermanager:query] Query; euid = 501, uid = 501, class = 4, identifier = [com.DefaultCompany.NeonDrift](1), flags = 300000002
2026-06-25 11:14:45.574 Df CoreSimulatorBridge[37585:3085bc] [com.apple.installcoordination:framework] -[IXAppInstallCoordinator _clientDelegate_didUpdateProgress:forPhase:overallProgress:]: <IXUpdatingAppInstallCoordinator<0x101870200> identity:[com.DefaultCompany.NeonDrift/Invalid/[system-defined]] uuid:3D677830-6C2A-49E0-BA22-0596C86A555B creator:InstallCoordination Simple SPI>: Got did update progress delegate with percentComplete 40.000000 phase IXCoordinatorProgressPhaseInstalling overallProgress 76.000000
2026-06-25 11:14:45.574 Df CoreSimulatorBridge[37585:3085bc] [com.apple.installcoordination:framework] -[IXAppInstallCoordinator _clientDelegate_didUpdateProgress:forPhase:overallProgress:]_block_invoke: <IXUpdatingAppInstallCoordinator<0x101870200> identity:[com.DefaultCompany.NeonDrift/Invalid/[system-defined]] uuid:3D677830-6C2A-49E0-BA22-0596C86A555B creator:InstallCoordination Simple SPI>: Calling selector coordinator:didUpdateProgress:forPhase:overallProgress: on observer <_IXSimpleInstallerDelegate 0x0x101af4150>
2026-06-25 11:14:45.574 Df installd[37685:3224e6] [com.apple.containermanager:query] Query; euid = 501, uid = 501, class = 4, identifier = [com.DefaultCompany.NeonDrift](1), flags = 300000002
2026-06-25 11:14:45.574 Df installd[37685:3224e6] [com.apple.containermanager:xpc] Query; euid = 501, uid = 501, class = 1, identifier = [com.DefaultCompany.NeonDrift](1), flags = 300000003
2026-06-25 11:14:45.574 Df CoreSimulatorBridge[37585:321f35] [com.apple.installcoordination:framework] -[IXAppInstallCoordinator _clientDelegate_didUpdateProgress:forPhase:overallProgress:]: <IXUpdatingAppInstallCoordinator<0x101870200> identity:[com.DefaultCompany.NeonDrift/Invalid/[system-defined]] uuid:3D677830-6C2A-49E0-BA22-0596C86A555B creator:InstallCoordination Simple SPI>: Got did update progress delegate with percentComplete 50.000000 phase IXCoordinatorProgressPhaseInstalling overallProgress 80.000000
2026-06-25 11:14:45.574 Df CoreSimulatorBridge[37585:321f35] [com.apple.installcoordination:framework] -[IXAppInstallCoordinator _clientDelegate_didUpdateProgress:forPhase:overallProgress:]_block_invoke: <IXUpdatingAppInstallCoordinator<0x101870200> identity:[com.DefaultCompany.NeonDrift/Invalid/[system-defined]] uuid:3D677830-6C2A-49E0-BA22-0596C86A555B creator:InstallCoordination Simple SPI>: Calling selector coordinator:didUpdateProgress:forPhase:overallProgress: on observer <_IXSimpleInstallerDelegate 0x0x101af4150>
2026-06-25 11:14:45.574 E  containermanagerd_system[37598:321f99] [com.apple.containermanager:schema] [com.DefaultCompany.NeonDrift(1)] Current schema version (1) is newer than the latest (0), ignoring.
2026-06-25 11:14:45.575 Df containermanagerd_system[37598:321f99] [com.apple.containermanager:schema] [u FC28F75E-C9AE-4B41-894F-0788C59933E3:p DC603F01-F314-4082-8EC9-5CE9BF552D75:c com.DefaultCompany.NeonDrift(1):i29084552] Successfully updated schema from (0) → (0), actions count = 0
2026-06-25 11:14:45.576 Df installd[37685:3224e6] [com.apple.containermanager:xpc] Query; euid = 501, uid = 501, class = 1, identifier = [com.DefaultCompany.NeonDrift](1), flags = 300000002
2026-06-25 11:14:45.576 Df CoreSimulatorBridge[37585:3085bc] [com.apple.installcoordination:framework] -[IXAppInstallCoordinator _clientDelegate_didUpdateProgress:forPhase:overallProgress:]: <IXUpdatingAppInstallCoordinator<0x101870200> identity:[com.DefaultCompany.NeonDrift/Invalid/[system-defined]] uuid:3D677830-6C2A-49E0-BA22-0596C86A555B creator:InstallCoordination Simple SPI>: Got did update progress delegate with percentComplete 60.000000 phase IXCoordinatorProgressPhaseInstalling overallProgress 84.000000
2026-06-25 11:14:45.576 Df CoreSimulatorBridge[37585:3085bc] [com.apple.installcoordination:framework] -[IXAppInstallCoordinator _clientDelegate_didUpdateProgress:forPhase:overallProgress:]_block_invoke: <IXUpdatingAppInstallCoordinator<0x101870200> identity:[com.DefaultCompany.NeonDrift/Invalid/[system-defined]] uuid:3D677830-6C2A-49E0-BA22-0596C86A555B creator:InstallCoordination Simple SPI>: Calling selector coordinator:didUpdateProgress:forPhase:overallProgress: on observer <_IXSimpleInstallerDelegate 0x0x101af4150>
2026-06-25 11:14:45.577 Df dmd[37628:1efc31] Received xpc stream event (distributed notification matching) with name: com.apple.LaunchServices.applicationRegistered user info: {
    bundleIDs =     (
        "com.DefaultCompany.NeonDrift"
    );
    isPlaceholder = 1;
}
2026-06-25 11:14:45.578 Df installd[37685:3224e6] [com.apple.containermanager:query] Query; euid = 501, uid = 501, class = 2, identifier = [com.DefaultCompany.NeonDrift](1), flags = 300000003
2026-06-25 11:14:45.578 Df CoreSimulatorBridge[37585:321f35] [com.apple.installcoordination:framework] -[IXAppInstallCoordinator _clientDelegate_didUpdateProgress:forPhase:overallProgress:]: <IXUpdatingAppInstallCoordinator<0x101870200> identity:[com.DefaultCompany.NeonDrift/Invalid/[system-defined]] uuid:3D677830-6C2A-49E0-BA22-0596C86A555B creator:InstallCoordination Simple SPI>: Got did update progress delegate with percentComplete 70.000000 phase IXCoordinatorProgressPhaseInstalling overallProgress 88.000000
2026-06-25 11:14:45.578 Df CoreSimulatorBridge[37585:321f35] [com.apple.installcoordination:framework] -[IXAppInstallCoordinator _clientDelegate_didUpdateProgress:forPhase:overallProgress:]_block_invoke: <IXUpdatingAppInstallCoordinator<0x101870200> identity:[com.DefaultCompany.NeonDrift/Invalid/[system-defined]] uuid:3D677830-6C2A-49E0-BA22-0596C86A555B creator:InstallCoordination Simple SPI>: Calling selector coordinator:didUpdateProgress:forPhase:overallProgress: on observer <_IXSimpleInstallerDelegate 0x0x101af4150>
2026-06-25 11:14:45.578 Df installd[37685:3224e6] [com.apple.containermanager:query] Query; euid = 501, uid = 501, class = 2, identifier = [com.DefaultCompany.NeonDrift](1), flags = 300000002
2026-06-25 11:14:45.582 Df runningboardd[37558:3224e0] [com.apple.runningboard:process] Checking PreventLaunch: global:0 exPath:(null) predicates:{(
    <RBSProcessPredicate <RBSProcessBundleIdentifierPredicate "com.DefaultCompany.NeonDrift">>
)} allow:(null)
2026-06-25 11:14:45.585 Df CoreSimulatorBridge[37585:3085bc] [com.apple.installcoordination:framework] -[IXAppInstallCoordinator _clientDelegate_didUpdateProgress:forPhase:overallProgress:]: <IXUpdatingAppInstallCoordinator<0x101870200> identity:[com.DefaultCompany.NeonDrift/Invalid/[system-defined]] uuid:3D677830-6C2A-49E0-BA22-0596C86A555B creator:InstallCoordination Simple SPI>: Got did update progress delegate with percentComplete 80.000000 phase IXCoordinatorProgressPhaseInstalling overallProgress 92.000000
2026-06-25 11:14:45.585 Df CoreSimulatorBridge[37585:3085bc] [com.apple.installcoordination:framework] -[IXAppInstallCoordinator _clientDelegate_didUpdateProgress:forPhase:overallProgress:]_block_invoke: <IXUpdatingAppInstallCoordinator<0x101870200> identity:[com.DefaultCompany.NeonDrift/Invalid/[system-defined]] uuid:3D677830-6C2A-49E0-BA22-0596C86A555B creator:InstallCoordination Simple SPI>: Calling selector coordinator:didUpdateProgress:forPhase:overallProgress: on observer <_IXSimpleInstallerDelegate 0x0x101af4150>
2026-06-25 11:14:45.585 Df installd[37685:3224e6] (MobileSystemServices) 0x16d523000 -[MIInstallationJournalEntry _refreshUUIDForContainer:withError:]: Data container for com.DefaultCompany.NeonDrift is now at /Users/dragonkao/Library/Developer/CoreSimulator/Devices/115FDF0C-5A2F-4686-909B-7F43F1450A28/data/Containers/Data/Application/458FD14A-466B-4951-B123-3C4B9E14BC24
2026-06-25 11:14:45.586 Df containermanagerd[37611:1f0f6f] [com.apple.containermanager:schema] [u D36396A6-75F9-4E1F-9D12-31A3BA08393A:p 458FD14A-466B-4951-B123-3C4B9E14BC24:c com.DefaultCompany.NeonDrift(2):i0] Successfully updated schema from (0) → (1), actions count = 6
2026-06-25 11:14:45.586 Df installd[37685:3224e6] [com.apple.containermanager:unspecified] Replace; old = [app:com.DefaultCompany.NeonDrift:501::(C6AB6A3C-F185-43EF-8596-DDC7093937BA)], new = [temp-app:com.DefaultCompany.NeonDrift:501::(FC28F75E-C9AE-4B41-894F-0788C59933E3)]
2026-06-25 11:14:45.589 Df installd[37685:3224e6] [com.apple.containermanager:xpc] Query; euid = 501, uid = 501, class = 1, identifier = [com.DefaultCompany.NeonDrift](1), flags = 300000002
2026-06-25 11:14:45.590 Df installd[37685:3224e6] (MobileSystemServices) 0x16d523000 -[MIContainer makeContainerLiveReplacingContainer:reason:waitForDeletion:withError:]: Made container live for com.DefaultCompany.NeonDrift at /Users/dragonkao/Library/Developer/CoreSimulator/Devices/115FDF0C-5A2F-4686-909B-7F43F1450A28/data/Containers/Bundle/Application/ACB93708-8181-4C72-9135-AC91408E2A8F
2026-06-25 11:14:45.590 Df installd[37685:3224e6] [com.apple.containermanager:xpc] Query; euid = 501, uid = 501, class = 1, identifier = [com.DefaultCompany.NeonDrift](1), flags = 300000002
2026-06-25 11:14:45.592 Df CoreSimulatorBridge[37585:321f35] [com.apple.installcoordination:framework] -[IXAppInstallCoordinator _clientDelegate_didUpdateProgress:forPhase:overallProgress:]: <IXUpdatingAppInstallCoordinator<0x101870200> identity:[com.DefaultCompany.NeonDrift/Invalid/[system-defined]] uuid:3D677830-6C2A-49E0-BA22-0596C86A555B creator:InstallCoordination Simple SPI>: Got did update progress delegate with percentComplete 90.000000 phase IXCoordinatorProgressPhaseInstalling overallProgress 96.000000
2026-06-25 11:14:45.592 Df CoreSimulatorBridge[37585:321f35] [com.apple.installcoordination:framework] -[IXAppInstallCoordinator _clientDelegate_didUpdateProgress:forPhase:overallProgress:]_block_invoke: <IXUpdatingAppInstallCoordinator<0x101870200> identity:[com.DefaultCompany.NeonDrift/Invalid/[system-defined]] uuid:3D677830-6C2A-49E0-BA22-0596C86A555B creator:InstallCoordination Simple SPI>: Calling selector coordinator:didUpdateProgress:forPhase:overallProgress: on observer <_IXSimpleInstallerDelegate 0x0x101af4150>
2026-06-25 11:14:45.592 Df installd[37685:3224e6] [com.apple.containermanager:unspecified] Requesting disk usage; class = 1, identifier = com.DefaultCompany.NeonDrift
2026-06-25 11:14:45.594 Df installd[37685:3224e6] [com.apple.containermanager:query] Query; euid = 501, uid = 501, class = 7, identifier = [com.DefaultCompany.NeonDrift](1), flags = 300000001
2026-06-25 11:14:45.595 Df SpringBoard[37555:1ef98e] [com.apple.SpringBoard:Common] termination assertion released for com.DefaultCompany.NeonDrift
2026-06-25 11:14:45.597 Df installd[37685:3224e6] (MobileSystemServices) 0x16d523000 -[MILaunchServicesOperationManager _onQueue_addPendingLaunchServicesOperation:error:]: Added pending LS operation <MILaunchServicesRegisterOperation: 9D53F89D-C9A0-4689-AA80-3834A7A97D9F:42 com.DefaultCompany.NeonDrift/MIInstallationDomainSystemShared personas:[com.apple.containermanager.primary-persona]>
2026-06-25 11:14:45.597 Df lsd[37604:322540] [com.apple.launchservices:appinstallation] Post installation registration: request to register com.DefaultCompany.NeonDrift, operation 9D53F89D-C9A0-4689-AA80-3834A7A97D9F, from pid 37685
2026-06-25 11:14:45.597 Df lsd[37604:322540] [com.apple.appinstallation:TransactionLog] com.DefaultCompany.NeonDrift/Unknown Persona:5:4:1:1:Registering bundles via registrant - start
2026-06-25 11:14:45.599 Df lsd[37604:322540] [com.apple.appinstallation:TransactionLog] com.DefaultCompany.NeonDrift/Unknown Persona:5:5:1:1:Building bundle record for app
2026-06-25 11:14:45.599 Df lsd[37604:322540] [com.apple.launchservices:appinstallation] Removed existing registered placeholder for com.DefaultCompany.NeonDrift
2026-06-25 11:14:45.599 Df lsd[37604:322540] [com.apple.launchservices:appinstallation] Removed existing registered bundle for com.DefaultCompany.NeonDrift
2026-06-25 11:14:45.599 Df lsd[37604:322540] [com.apple.appinstallation:TransactionLog] com.DefaultCompany.NeonDrift/Unknown Persona:5:5:2:1:Built bundle record for app
2026-06-25 11:14:45.600 Df lsd[37604:322540] [com.apple.launchservices:icons] clearAlternateNameForBundleIdentifier: won't clear for com.DefaultCompany.NeonDrift
2026-06-25 11:14:45.600 Df lsd[37604:322540] [com.apple.appinstallation:TransactionLog] com.DefaultCompany.NeonDrift/Unknown Persona:5:4:2:1:Registered bundle status = success
2026-06-25 11:14:45.600 Df lsd[37604:322540] [com.apple.appinstallation:TransactionLog] com.DefaultCompany.NeonDrift/Unknown Persona:5:4:2:1:Finished registering com.DefaultCompany.NeonDrift, bundle unit 45c
2026-06-25 11:14:45.600 Df lsd[37604:32253f] [com.apple.launchservices:progress] Installation ended for com.DefaultCompany.NeonDrift with state 5
2026-06-25 11:14:45.600 Df lsd[37604:32253f] [com.apple.launchservices:progress] Discarding proportions for com.DefaultCompany.NeonDrift
2026-06-25 11:14:45.600 Df liveactivitiesd[37608:1efa85] [com.apple.launchservices:progress] Unpublishing progress block called for app com.DefaultCompany.NeonDrift
2026-06-25 11:14:45.600 Df installd[37685:3224e6] (MobileSystemServices) 0x16d523000 -[MIJournal purgeJournalEntry:withError:]: Removing journal entry <MIInstallationJournalEntry<0x1038b0be0> [com.DefaultCompany.NeonDrift/com.apple.containermanager.primary-persona/[system-defined]]/MIInstallationDomainSystemShared op:1 phase:JournalPhaseDidRegisterWithLS version:0>
2026-06-25 11:14:45.600 Df lsd[37604:321f88] [com.apple.launchservices:progress] Sending applicationsDidInstall: for (
    "<LSApplicationProxy: 0x105780000> com.DefaultCompany.NeonDrift file:///Users/dragonkao/Library/Developer/CoreSimulator/Devices/115FDF0C-5A2F-4686-909B-7F43F1450A28/data/Containers/Bundle/Application/ACB93708-8181-4C72-9135-AC91408E2A8F/NeonDrift.app/ <com.DefaultCompany.NeonDrift <installed >:0>"
)
2026-06-25 11:14:45.600 Df liveactivitiesd[37608:32254c] [com.apple.launchservices:progress] #LSInstallProgressList remove subscriber: <_NSProgressSubscriber: 0x101be86f0> publishingString: com.DefaultCompany.NeonDrift
2026-06-25 11:14:45.601 Df installd[37685:3224e6] [com.apple.appinstallation:TransactionLog] com.DefaultCompany.NeonDrift/com.apple.containermanager.primary-persona:7:1:2:1:Success (End) : Install (Patch Update)
2026-06-25 11:14:45.601 Df installd[37685:3224e6] (MobileSystemServices) 0x16d523000 -[MIInstaller _logOperationCompletionWithStartTime:distributorID:]: Install successful for (Developer:com.DefaultCompany.NeonDrift) [Distributor: (null)]; Staging: 0.00s; Waiting: 0.00s; Preflight/Patch: 0.02s, Verifying: 0.00s; Overall: 0.06s
2026-06-25 11:14:45.601 Df callservicesd[37622:322542] [com.apple.launchservices:appinstallation] Received applicationsDidInstall:(
    "<LSApplicationProxy: 0x108e38f00> com.DefaultCompany.NeonDrift file:///Users/dragonkao/Library/Developer/CoreSimulator/Devices/115FDF0C-5A2F-4686-909B-7F43F1450A28/data/Containers/Bundle/Application/ACB93708-8181-4C72-9135-AC91408E2A8F/NeonDrift.app/ <com.DefaultCompany.NeonDrift <installed >:0>"
)
2026-06-25 11:14:45.601 Df appstored[37723:32255c] [com.apple.launchservices:appinstallation] Received applicationsDidInstall:(
    "<LSApplicationProxy: 0x1043d4000> com.DefaultCompany.NeonDrift file:///Users/dragonkao/Library/Developer/CoreSimulator/Devices/115FDF0C-5A2F-4686-909B-7F43F1450A28/data/Containers/Bundle/Application/ACB93708-8181-4C72-9135-AC91408E2A8F/NeonDrift.app/ <com.DefaultCompany.NeonDrift <installed >:0>"
)
2026-06-25 11:14:45.601 Df passd[37584:322544] [com.apple.launchservices:appinstallation] Received applicationsDidInstall:(
    "<LSApplicationProxy: 0x1088adc80> com.DefaultCompany.NeonDrift file:///Users/dragonkao/Library/Developer/CoreSimulator/Devices/115FDF0C-5A2F-4686-909B-7F43F1450A28/data/Containers/Bundle/Application/ACB93708-8181-4C72-9135-AC91408E2A8F/NeonDrift.app/ <com.DefaultCompany.NeonDrift <installed >:0>"
)
2026-06-25 11:14:45.601 Df SpringBoard[37555:1ef98e] [com.apple.launchservices:progress] Unpublishing progress block called for app com.DefaultCompany.NeonDrift
2026-06-25 11:14:45.601 Df SpringBoard[37555:3224fe] [com.apple.launchservices:progress] #LSInstallProgressList remove subscriber: <_NSProgressSubscriber: 0x10a3940f0> publishingString: com.DefaultCompany.NeonDrift
2026-06-25 11:14:45.601 Df runningboardd[37558:3224ad] [com.apple.launchservices:appinstallation] Received applicationsDidInstall:(
    "<LSApplicationProxy: 0x109998000> com.DefaultCompany.NeonDrift file:///Users/dragonkao/Library/Developer/CoreSimulator/Devices/115FDF0C-5A2F-4686-909B-7F43F1450A28/data/Containers/Bundle/Application/ACB93708-8181-4C72-9135-AC91408E2A8F/NeonDrift.app/ <com.DefaultCompany.NeonDrift <installed >:0>"
)
2026-06-25 11:14:45.602 Df activitysharingd[37941:322545] [com.apple.launchservices:appinstallation] Received applicationsDidInstall:(
    "<LSApplicationProxy: 0x1041b0e40> com.DefaultCompany.NeonDrift file:///Users/dragonkao/Library/Developer/CoreSimulator/Devices/115FDF0C-5A2F-4686-909B-7F43F1450A28/data/Containers/Bundle/Application/ACB93708-8181-4C72-9135-AC91408E2A8F/NeonDrift.app/ <com.DefaultCompany.NeonDrift <installed >:0>"
)
2026-06-25 11:14:45.602 Df installcoordinationd[37614:308c5c] [com.apple.installcoordination:daemon] -[IXSPendingOperationsTracker endPendingOperationForIdentity:]_block_invoke: Ending pending operation for [com.DefaultCompany.NeonDrift/Invalid/[system-defined]]
2026-06-25 11:14:45.602 Df routined[37563:3221c5] [com.apple.launchservices:appinstallation] Received applicationsDidInstall:(
    "<LSApplicationProxy: 0x1057b09c0> com.DefaultCompany.NeonDrift file:///Users/dragonkao/Library/Developer/CoreSimulator/Devices/115FDF0C-5A2F-4686-909B-7F43F1450A28/data/Containers/Bundle/Application/ACB93708-8181-4C72-9135-AC91408E2A8F/NeonDrift.app/ <com.DefaultCompany.NeonDrift <installed >:0>"
)
2026-06-25 11:14:45.602 Df webbookmarksd[37647:321fbe] [com.apple.launchservices:appinstallation] Received applicationsDidInstall:(
    "<LSApplicationProxy: 0x1061d8000> com.DefaultCompany.NeonDrift file:///Users/dragonkao/Library/Developer/CoreSimulator/Devices/115FDF0C-5A2F-4686-909B-7F43F1450A28/data/Containers/Bundle/Application/ACB93708-8181-4C72-9135-AC91408E2A8F/NeonDrift.app/ <com.DefaultCompany.NeonDrift <installed >:0>"
)
2026-06-25 11:14:45.602 Df callservicesd[37622:321fd5] [com.apple.appinstallation:TransactionLog] com.DefaultCompany.NeonDrift/Unknown Persona:5:8:3:1:applicationsDidInstall <LSApplicationProxy: 0x108e39080> com.DefaultCompany.NeonDrift file:///Users/dragonkao/Library/Developer/CoreSimulator/Devices/115FDF0C-5A2F-4686-909B-7F43F1450A28/data/Containers/Bundle/Application/ACB93708-8181-4C72-9135-AC91408E2A8F/NeonDrift.app/ <com.DefaultCompany.NeonDrift <installed >:0>
2026-06-25 11:14:45.602 Df profiled[37619:322548] [com.apple.launchservices:appinstallation] Received applicationsDidInstall:(
    "<LSApplicationProxy: 0x10500c000> com.DefaultCompany.NeonDrift file:///Users/dragonkao/Library/Developer/CoreSimulator/Devices/115FDF0C-5A2F-4686-909B-7F43F1450A28/data/Containers/Bundle/Application/ACB93708-8181-4C72-9135-AC91408E2A8F/NeonDrift.app/ <com.DefaultCompany.NeonDrift <installed >:0>"
)
2026-06-25 11:14:45.602 Df healthd[37565:322567] [com.apple.launchservices:appinstallation] Received applicationsDidInstall:(
    "<LSApplicationProxy: 0x103a85080> com.DefaultCompany.NeonDrift file:///Users/dragonkao/Library/Developer/CoreSimulator/Devices/115FDF0C-5A2F-4686-909B-7F43F1450A28/data/Containers/Bundle/Application/ACB93708-8181-4C72-9135-AC91408E2A8F/NeonDrift.app/ <com.DefaultCompany.NeonDrift <installed >:0>"
)
2026-06-25 11:14:45.602 Df CoreSimulatorBridge[37585:321f35] [com.apple.installcoordination:framework] -[IXAppInstallCoordinator _clientDelegate_didUpdateProgress:forPhase:overallProgress:]: <IXUpdatingAppInstallCoordinator<0x101870200> identity:[com.DefaultCompany.NeonDrift/Invalid/[system-defined]] uuid:3D677830-6C2A-49E0-BA22-0596C86A555B creator:InstallCoordination Simple SPI>: Got did update progress delegate with percentComplete 100.000000 phase IXCoordinatorProgressPhaseInstalling overallProgress 100.000000
2026-06-25 11:14:45.602 Df callservicesd[37622:321fd5] [com.apple.calls.copresencecore:Default] Invalidating cached value for bundle identifier: com.DefaultCompany.NeonDrift
2026-06-25 11:14:45.602 Df CoreSimulatorBridge[37585:321f35] [com.apple.installcoordination:framework] -[IXAppInstallCoordinator _clientDelegate_didUpdateProgress:forPhase:overallProgress:]_block_invoke: <IXUpdatingAppInstallCoordinator<0x101870200> identity:[com.DefaultCompany.NeonDrift/Invalid/[system-defined]] uuid:3D677830-6C2A-49E0-BA22-0596C86A555B creator:InstallCoordination Simple SPI>: Calling selector coordinator:didUpdateProgress:forPhase:overallProgress: on observer <_IXSimpleInstallerDelegate 0x0x101af4150>
2026-06-25 11:14:45.602 Df locationd[37579:31ad8b] [com.apple.launchservices:appinstallation] Received applicationsDidInstall:(
    "<LSApplicationProxy: 0x10777c600> com.DefaultCompany.NeonDrift file:///Users/dragonkao/Library/Developer/CoreSimulator/Devices/115FDF0C-5A2F-4686-909B-7F43F1450A28/data/Containers/Bundle/Application/ACB93708-8181-4C72-9135-AC91408E2A8F/NeonDrift.app/ <com.DefaultCompany.NeonDrift <installed >:0>"
)
2026-06-25 11:14:45.602 Df lsd[37604:1efa4b] [com.apple.launchservices:progress] unsubscribing from com.DefaultCompany.NeonDrift.Installing as it was unpublished
