Timestamp               Ty Process[PID:TID]
2026-06-26 23:50:24.196 Df CoreSimulatorBridge[19468:8faf41] Request received for installation of file:///Users/dragonkao/.openclaw/workspace/382b9e3384298039b171c9b2a60ae644/NeonDrift_MVP/project/xcode_derived_data/Build/Products/Release-iphonesimulator/NeonDrift.app/ with options: {
    PackageType = Developer;
    SimulatorRootPath = "/Library/Developer/CoreSimulator/Volumes/iOS_23E254a/Library/Developer/CoreSimulator/Profiles/Runtimes/iOS 26.4.simruntime/Contents/Resources/RuntimeRoot";
    SimulatorUserPath = "/Users/dragonkao/Library/Developer/CoreSimulator/Devices/CC47DE7A-8196-4465-A5A5-BB852C9C6C82/data";
}
2026-06-26 23:50:24.196 Df CoreSimulatorBridge[19468:8faf41] [com.apple.installcoordination:framework] +[IXAppInstallCoordinator(IXSimpleInstaller) _beginInstallForURL:forPersonaUniqueString:consumeSource:options:progressBlock:completionWithIdentity:]: Beginning install for /Users/dragonkao/.openclaw/workspace/382b9e3384298039b171c9b2a60ae644/NeonDrift_MVP/project/xcode_derived_data/Build/Products/Release-iphonesimulator/NeonDrift.app consuming source:N options:{
    IsUserInitiated = 1;
    PackageType = Developer;
} installationRequestorAuditToken: NULL
2026-06-26 23:50:24.200 Df installcoordinationd[19649:8fa2a2] [com.apple.installcoordination:daemon] -[IXSDataPromiseManager registerPromise:]: Registered promise <IXSPlaceholder(0x101924500) Name:App Placeholder: NeonDrift (com.DefaultCompany.NeonDrift) Creator:InstallCoordination Simple SPI UUID:DEFC96FF-2107-4CAA-A6B6-F4E9ABB96513 Location:[system-defined]> for UUID DEFC96FF-2107-4CAA-A6B6-F4E9ABB96513
2026-06-26 23:50:24.201 Df installcoordinationd[19649:8fa2a2] [com.apple.installcoordination:daemon] -[IXSPlaceholder setAttributes:]: <IXSPlaceholder(0x101924500) Name:App Placeholder: NeonDrift (com.DefaultCompany.NeonDrift) Creator:InstallCoordination Simple SPI UUID:DEFC96FF-2107-4CAA-A6B6-F4E9ABB96513 Location:[system-defined]>: setting placeholder attributes to <IXPlaceholderAttributes<0x1018c8a00> : {
    CFBundleShortVersionString = "1.0";
    CFBundleSupportedPlatforms =     (
        iPhoneSimulator
    );
    CFBundleVersion = 0;
    DTPlatformName = iphonesimulator;
    LSRequiresIPhoneOS = 1;
    MinimumOSVersion = "13.0";
    UIDeviceFamily =     (
        1,
        2
    );
    UIRequiredDeviceCapabilities =     {
        arm64 = 1;
        metal = 1;
    };
}>
2026-06-26 23:50:24.202 Df CoreSimulatorBridge[19468:90bd58] [com.apple.installcoordination:framework] +[IXPlaceholder _setEntitlementsFromBundleExecutableURL:withBundleID:client:onPlaceholder:location:error:]: Executable for com.DefaultCompany.NeonDrift at NeonDrift -- file:///Users/dragonkao/.openclaw/workspace/382b9e3384298039b171c9b2a60ae644/NeonDrift_MVP/project/xcode_derived_data/Build/Products/Release-iphonesimulator/NeonDrift.app/ had no entitlements
2026-06-26 23:50:24.202 Df CoreSimulatorBridge[19468:90bd58] [com.apple.installcoordination:framework] +[IXPlaceholder _placeholderForBundle:client:withParent:installType:metadata:placeholderType:mayBeDeltaPackage:isFromSerializedPlaceholder:location:error:]: Using full fidelity icons for com.DefaultCompany.NeonDrift at /Users/dragonkao/.openclaw/workspace/382b9e3384298039b171c9b2a60ae644/NeonDrift_MVP/project/xcode_derived_data/Build/Products/Release-iphonesimulator/NeonDrift.app
2026-06-26 23:50:24.203 Df installcoordinationd[19649:8fa2a2] [com.apple.installcoordination:daemon] -[IXSDataPromiseManager registerPromise:]: Registered promise <IXSPromisedTransferToPath(0x1018f9000) Name:Icon resources for com.DefaultCompany.NeonDrift Creator:InstallCoordination Simple SPI UUID:8B7318DD-5342-4B53-8E55-B8E332685AAC Location:[system-defined]> for UUID 8B7318DD-5342-4B53-8E55-B8E332685AAC
2026-06-26 23:50:24.205 Df CoreSimulatorBridge[19468:90bd58] [com.apple.installcoordination:framework] -[IXPromisedTransferToPath setComplete:]: <IXPromisedTransferToPath<0x102091940> name:"Icon resources for com.DefaultCompany.NeonDrift" uuid:8B7318DD-5342-4B53-8E55-B8E332685AAC creator:"InstallCoordination Simple SPI" location:[system-defined]> Move operation from /Users/dragonkao/Library/Developer/CoreSimulator/Devices/CC47DE7A-8196-4465-A5A5-BB852C9C6C82/data/Containers/Shared/SystemGroup/systemgroup.com.apple.installcoordinationd/Library/InstallCoordination/PromiseStaging/8B7318DD-5342-4B53-8E55-B8E332685AAC/temp.n88Op6 to /Users/dragonkao/Library/Developer/CoreSimulator/Devices/CC47DE7A-8196-4465-A5A5-BB852C9C6C82/data/Containers/Shared/SystemGroup/systemgroup.com.apple.installcoordinationd/Library/InstallCoordination/PromiseStaging/8B7318DD-5342-4B53-8E55-B8E332685AAC/temp.n88Op6 took 0.000040 seconds
2026-06-26 23:50:24.206 Df installcoordinationd[19649:8fa2a2] [com.apple.installcoordination:daemon] -[IXSDataPromise _setPercentComplete:saveStateIfNeeded:]: Progress: <IXSPromisedTransferToPath(0x1018f9000) Name:Icon resources for com.DefaultCompany.NeonDrift Creator:InstallCoordination Simple SPI UUID:8B7318DD-5342-4B53-8E55-B8E332685AAC Location:[system-defined]>
2026-06-26 23:50:24.206 Df installcoordinationd[19649:8fa2a2] [com.apple.installcoordination:daemon] -[IXSDataPromiseManager promiseDidBegin:]: Unowned promise began: <IXSPromisedTransferToPath(0x1018f9000) Name:Icon resources for com.DefaultCompany.NeonDrift Creator:InstallCoordination Simple SPI UUID:8B7318DD-5342-4B53-8E55-B8E332685AAC Location:[system-defined]>
2026-06-26 23:50:24.206 Df installcoordinationd[19649:8fa2a2] [com.apple.installcoordination:daemon] -[IXSDataPromiseManager promise:didUpdateProgress:]: Unowned promise update progress to 1.000000 : <IXSPromisedTransferToPath(0x1018f9000) Name:Icon resources for com.DefaultCompany.NeonDrift Creator:InstallCoordination Simple SPI UUID:8B7318DD-5342-4B53-8E55-B8E332685AAC Location:[system-defined]>
2026-06-26 23:50:24.206 Df installcoordinationd[19649:8fa2a2] [com.apple.installcoordination:daemon] -[IXSDataPromiseManager promiseDidComplete:]: Unowned promise completed: <IXSPromisedTransferToPath(0x1018f9000) Name:Icon resources for com.DefaultCompany.NeonDrift Creator:InstallCoordination Simple SPI UUID:8B7318DD-5342-4B53-8E55-B8E332685AAC Location:[system-defined]>
2026-06-26 23:50:24.210 Df installcoordinationd[19649:90bd59] [com.apple.installcoordination:daemon] -[IXSDataPromise _setPercentComplete:saveStateIfNeeded:]: Progress: <IXSPromisedInMemoryDictionary(0x1018f9180) Name:Info.plist icon content for com.DefaultCompany.NeonDrift Creator:InstallCoordination Simple SPI UUID:0E20DF4D-D611-4ECC-AD4E-39336B8A5597 Location:[system-defined]>
2026-06-26 23:50:24.210 Df installcoordinationd[19649:90bd59] [com.apple.installcoordination:daemon] -[IXSDataPromiseManager registerPromise:]: Registered promise <IXSPromisedInMemoryDictionary(0x1018f9180) Name:Info.plist icon content for com.DefaultCompany.NeonDrift Creator:InstallCoordination Simple SPI UUID:0E20DF4D-D611-4ECC-AD4E-39336B8A5597 Location:[system-defined]> for UUID 0E20DF4D-D611-4ECC-AD4E-39336B8A5597
2026-06-26 23:50:24.210 Df installcoordinationd[19649:8fa2a2] [com.apple.installcoordination:daemon] -[IXSDataPromiseManager promiseDidBegin:]: Unowned promise began: <IXSPromisedInMemoryDictionary(0x1018f9180) Name:Info.plist icon content for com.DefaultCompany.NeonDrift Creator:InstallCoordination Simple SPI UUID:0E20DF4D-D611-4ECC-AD4E-39336B8A5597 Location:[system-defined]>
2026-06-26 23:50:24.210 Df installcoordinationd[19649:8fa2a2] [com.apple.installcoordination:daemon] -[IXSDataPromiseManager promise:didUpdateProgress:]: Unowned promise update progress to 1.000000 : <IXSPromisedInMemoryDictionary(0x1018f9180) Name:Info.plist icon content for com.DefaultCompany.NeonDrift Creator:InstallCoordination Simple SPI UUID:0E20DF4D-D611-4ECC-AD4E-39336B8A5597 Location:[system-defined]>
2026-06-26 23:50:24.210 Df installcoordinationd[19649:8fa2a2] [com.apple.installcoordination:daemon] -[IXSDataPromiseManager promiseDidComplete:]: Unowned promise completed: <IXSPromisedInMemoryDictionary(0x1018f9180) Name:Info.plist icon content for com.DefaultCompany.NeonDrift Creator:InstallCoordination Simple SPI UUID:0E20DF4D-D611-4ECC-AD4E-39336B8A5597 Location:[system-defined]>
2026-06-26 23:50:24.211 Df installcoordinationd[19649:90bd59] [com.apple.installcoordination:daemon] -[IXSPlaceholder setIconResourcesPromise:]: <IXSPlaceholder(0x101924500) Name:App Placeholder: NeonDrift (com.DefaultCompany.NeonDrift) Creator:InstallCoordination Simple SPI UUID:DEFC96FF-2107-4CAA-A6B6-F4E9ABB96513 Location:[system-defined]>: setting icon resources promise to <IXSPromisedTransferToPath(0x1018f9000) Name:Icon resources for com.DefaultCompany.NeonDrift Creator:InstallCoordination Simple SPI UUID:8B7318DD-5342-4B53-8E55-B8E332685AAC Location:[system-defined]>
2026-06-26 23:50:24.211 Df installcoordinationd[19649:90bd59] [com.apple.installcoordination:daemon] -[IXSPlaceholder setInfoPlistIconContentPromise:]: <IXSPlaceholder(0x101924500) Name:App Placeholder: NeonDrift (com.DefaultCompany.NeonDrift) Creator:InstallCoordination Simple SPI UUID:DEFC96FF-2107-4CAA-A6B6-F4E9ABB96513 Location:[system-defined]>: setting Info.plist icon content promise to <IXSPromisedInMemoryDictionary(0x1018f9180) Name:Info.plist icon content for com.DefaultCompany.NeonDrift Creator:InstallCoordination Simple SPI UUID:0E20DF4D-D611-4ECC-AD4E-39336B8A5597 Location:[system-defined]>
2026-06-26 23:50:24.212 Df installcoordinationd[19649:90bd59] [com.apple.installcoordination:daemon] -[IXSDataPromiseManager promiseDidBegin:]: Unowned promise began: <IXSPlaceholder(0x101924500) Name:App Placeholder: NeonDrift (com.DefaultCompany.NeonDrift) Creator:InstallCoordination Simple SPI UUID:DEFC96FF-2107-4CAA-A6B6-F4E9ABB96513 Location:[system-defined]>
2026-06-26 23:50:24.212 Df installcoordinationd[19649:90bd59] [com.apple.installcoordination:daemon] -[IXSDataPromiseManager promise:didUpdateProgress:]: Unowned promise update progress to 0.000000 : <IXSPlaceholder(0x101924500) Name:App Placeholder: NeonDrift (com.DefaultCompany.NeonDrift) Creator:InstallCoordination Simple SPI UUID:DEFC96FF-2107-4CAA-A6B6-F4E9ABB96513 Location:[system-defined]>
2026-06-26 23:50:24.212 Df installcoordinationd[19649:90bd59] [com.apple.installcoordination:daemon] -[IXSDataPromiseManager promise:didUpdateProgress:]: Unowned promise update progress to 0.000000 : <IXSPlaceholder(0x101924500) Name:App Placeholder: NeonDrift (com.DefaultCompany.NeonDrift) Creator:InstallCoordination Simple SPI UUID:DEFC96FF-2107-4CAA-A6B6-F4E9ABB96513 Location:[system-defined]>
2026-06-26 23:50:24.212 Df installcoordinationd[19649:8fa2a2] [com.apple.installcoordination:daemon] -[IXSDataPromise _setPercentComplete:saveStateIfNeeded:]: Progress: <IXSPromisedInMemoryDictionary(0x1018f9300) Name:Localizations for com.DefaultCompany.NeonDrift Creator:InstallCoordination Simple SPI UUID:0899F06B-DBEA-460F-B326-8C77BAE38EE5 Location:[system-defined]>
2026-06-26 23:50:24.213 Df installcoordinationd[19649:8fa2a2] [com.apple.installcoordination:daemon] -[IXSDataPromiseManager registerPromise:]: Registered promise <IXSPromisedInMemoryDictionary(0x1018f9300) Name:Localizations for com.DefaultCompany.NeonDrift Creator:InstallCoordination Simple SPI UUID:0899F06B-DBEA-460F-B326-8C77BAE38EE5 Location:[system-defined]> for UUID 0899F06B-DBEA-460F-B326-8C77BAE38EE5
2026-06-26 23:50:24.213 Df installcoordinationd[19649:90bd59] [com.apple.installcoordination:daemon] -[IXSDataPromiseManager promiseDidBegin:]: Unowned promise began: <IXSPromisedInMemoryDictionary(0x1018f9300) Name:Localizations for com.DefaultCompany.NeonDrift Creator:InstallCoordination Simple SPI UUID:0899F06B-DBEA-460F-B326-8C77BAE38EE5 Location:[system-defined]>
2026-06-26 23:50:24.213 Df installcoordinationd[19649:90bd59] [com.apple.installcoordination:daemon] -[IXSDataPromiseManager promise:didUpdateProgress:]: Unowned promise update progress to 1.000000 : <IXSPromisedInMemoryDictionary(0x1018f9300) Name:Localizations for com.DefaultCompany.NeonDrift Creator:InstallCoordination Simple SPI UUID:0899F06B-DBEA-460F-B326-8C77BAE38EE5 Location:[system-defined]>
2026-06-26 23:50:24.213 Df installcoordinationd[19649:90bd59] [com.apple.installcoordination:daemon] -[IXSDataPromiseManager promiseDidComplete:]: Unowned promise completed: <IXSPromisedInMemoryDictionary(0x1018f9300) Name:Localizations for com.DefaultCompany.NeonDrift Creator:InstallCoordination Simple SPI UUID:0899F06B-DBEA-460F-B326-8C77BAE38EE5 Location:[system-defined]>
2026-06-26 23:50:24.213 Df installcoordinationd[19649:8fa2a2] [com.apple.installcoordination:daemon] -[IXSPlaceholder setLocalizationDictionaryPromise:]: <IXSPlaceholder(0x101924500) Name:App Placeholder: NeonDrift (com.DefaultCompany.NeonDrift) Creator:InstallCoordination Simple SPI UUID:DEFC96FF-2107-4CAA-A6B6-F4E9ABB96513 Location:[system-defined]>: setting localization dict promise to <IXSPromisedInMemoryDictionary(0x1018f9300) Name:Localizations for com.DefaultCompany.NeonDrift Creator:InstallCoordination Simple SPI UUID:0899F06B-DBEA-460F-B326-8C77BAE38EE5 Location:[system-defined]>
2026-06-26 23:50:24.214 Df installcoordinationd[19649:8fa2a2] [com.apple.installcoordination:daemon] -[IXSDataPromiseManager promise:didUpdateProgress:]: Unowned promise update progress to 0.000000 : <IXSPlaceholder(0x101924500) Name:App Placeholder: NeonDrift (com.DefaultCompany.NeonDrift) Creator:InstallCoordination Simple SPI UUID:DEFC96FF-2107-4CAA-A6B6-F4E9ABB96513 Location:[system-defined]>
2026-06-26 23:50:24.214 Df installcoordinationd[19649:90bd5c] [com.apple.installcoordination:daemon] -[IXSPlaceholder setConfigurationComplete:]: <IXSPlaceholder(0x101924500) Name:App Placeholder: NeonDrift (com.DefaultCompany.NeonDrift) Creator:InstallCoordination Simple SPI UUID:DEFC96FF-2107-4CAA-A6B6-F4E9ABB96513 Location:[system-defined]>: setting configuration complete to Y
2026-06-26 23:50:24.214 Df installcoordinationd[19649:90bd5c] [com.apple.installcoordination:daemon] -[IXSPlaceholder _materialize]: <IXSPlaceholder(0x101924500) Name:App Placeholder: NeonDrift (com.DefaultCompany.NeonDrift) Creator:InstallCoordination Simple SPI UUID:DEFC96FF-2107-4CAA-A6B6-F4E9ABB96513 Location:[system-defined]>: Materializing placeholder at /Users/dragonkao/Library/Developer/CoreSimulator/Devices/CC47DE7A-8196-4465-A5A5-BB852C9C6C82/data/Containers/Shared/SystemGroup/systemgroup.com.apple.installcoordinationd/Library/InstallCoordination/PromiseStaging/DEFC96FF-2107-4CAA-A6B6-F4E9ABB96513/NeonDrift.app
2026-06-26 23:50:24.215 Df installcoordinationd[19649:90bd5c] [com.apple.installcoordination:daemon] -[IXSPlaceholder _materialize]: <IXSPlaceholder(0x101924500) Name:App Placeholder: NeonDrift (com.DefaultCompany.NeonDrift) Creator:InstallCoordination Simple SPI UUID:DEFC96FF-2107-4CAA-A6B6-F4E9ABB96513 Location:[system-defined]>: Using Info.plist icon content: {
    CFBundleIcons =     {
        CFBundlePrimaryIcon =         {
            CFBundleIconName = AppIcon;
        };
    };
    "CFBundleIcons~ipad" =     {
        CFBundlePrimaryIcon =         {
            CFBundleIconName = AppIcon;
        };
    };
    ISIconPlatform = iPhoneOS;
}
2026-06-26 23:50:24.215 Df installcoordinationd[19649:90bd5c] [com.apple.installcoordination:daemon] -[IXSPlaceholder _materialize]_block_invoke: <IXSPlaceholder(0x101924500) Name:App Placeholder: NeonDrift (com.DefaultCompany.NeonDrift) Creator:InstallCoordination Simple SPI UUID:DEFC96FF-2107-4CAA-A6B6-F4E9ABB96513 Location:[system-defined]>: Using icon resource Assets.car
2026-06-26 23:50:24.215 Df installcoordinationd[19649:90bd5c] [com.apple.installcoordination:daemon] -[IXSPlaceholder _materialize]: <IXSPlaceholder(0x101924500) Name:App Placeholder: NeonDrift (com.DefaultCompany.NeonDrift) Creator:InstallCoordination Simple SPI UUID:DEFC96FF-2107-4CAA-A6B6-F4E9ABB96513 Location:[system-defined]>: Including lproj localizations for (
)
2026-06-26 23:50:24.215 Df installcoordinationd[19649:90bd5c] [com.apple.installcoordination:daemon] -[IXSDataPromiseManager promiseDidComplete:]: Unowned promise completed: <IXSPlaceholder(0x101924500) Name:App Placeholder: NeonDrift (com.DefaultCompany.NeonDrift) Creator:InstallCoordination Simple SPI UUID:DEFC96FF-2107-4CAA-A6B6-F4E9ABB96513 Location:[system-defined]>
2026-06-26 23:50:24.216 Df installcoordinationd[19649:90bd5c] [com.apple.installcoordination:daemon] -[IXSDataPromiseManager registerPromise:]: Registered promise <IXSPromisedTransferToPath(0x1018f9480) Name:App Asset: com.DefaultCompany.NeonDrift Creator:InstallCoordination Simple SPI UUID:47F70CFD-FA08-42EE-8AEC-C2D66E897AE0 Location:[system-defined]> for UUID 47F70CFD-FA08-42EE-8AEC-C2D66E897AE0
2026-06-26 23:50:24.217 Df installcoordinationd[19649:90bd5c] [com.apple.installcoordination:daemon] -[IXSCoordinatorManager coordinatorForIdentity:connection:error:creatingIfNotExisting:]_block_invoke: Registered coordinator: <IXSCoordinatedAppInstall<0x101a0c000> [P=CoreSimulatorBridge (pid 19468)] identifier:[com.DefaultCompany.NeonDrift/Invalid/[system-defined]] uuid:9322B625-CCB5-48B6-AF19-2B711A96214D intent:IXCoordinatorIntentUpdating creator/appDRI:InstallCoordination Simple SPI importance:Background state:IXAppCoordinationStatePlaceholderPromiseNotSet promise-state:01234>
2026-06-26 23:50:24.217 Df installcoordinationd[19649:90bd5c] [com.apple.appinstallation:TransactionLog] com.DefaultCompany.NeonDrift/Unknown Persona:4:2:1:1:Created coordinator with intent IXCoordinatorIntentUpdating for client InstallCoordination Simple SPI
2026-06-26 23:50:24.217 Df installcoordinationd[19649:90bd5c] [com.apple.installcoordination:daemon] -[IXSCoordinatedAppInstall setPriorityBoostCompletion:withSourceInfo:]: <IXSCoordinatedAppInstall<0x101a0c000> [P=CoreSimulatorBridge (pid 19468)] identifier:[com.DefaultCompany.NeonDrift/Invalid/[system-defined]] uuid:9322B625-CCB5-48B6-AF19-2B711A96214D intent:IXCoordinatorIntentUpdating creator/appDRI:InstallCoordination Simple SPI importance:Background state:IXAppCoordinationStatePlaceholderPromiseNotSet promise-state:01234>: Retaining completion from CoreSimulatorBridge (19468), QOS_CLASS_DEFAULT (0x15)
2026-06-26 23:50:24.217 Df installcoordinationd[19649:90bd5c] [com.apple.installcoordination:daemon] -[IXSCoordinatedAppInstall setImportance:]: <IXSCoordinatedAppInstall<0x101a0c000> [P=CoreSimulatorBridge (pid 19468)] identifier:[com.DefaultCompany.NeonDrift/Invalid/[system-defined]] uuid:9322B625-CCB5-48B6-AF19-2B711A96214D intent:IXCoordinatorIntentUpdating creator/appDRI:InstallCoordination Simple SPI importance:UserWaiting state:IXAppCoordinationStatePlaceholderPromiseNotSet promise-state:01234>: set importance to UserWaiting
2026-06-26 23:50:24.218 Df installcoordinationd[19649:90bd5c] [com.apple.installcoordination:daemon] -[IXSCoordinatedAppInstall _onQueue_fireObserversForClient:]: <IXSCoordinatedAppInstall<0x101a0c000> [P=CoreSimulatorBridge (pid 19468)] identifier:[com.DefaultCompany.NeonDrift/Invalid/[system-defined]] uuid:9322B625-CCB5-48B6-AF19-2B711A96214D intent:IXCoordinatorIntentUpdating creator/appDRI:InstallCoordination Simple SPI importance:UserWaiting state:IXAppCoordinationStatePlaceholderPromiseNotSet promise-state:01234>: Firing applicable observers for client <IXSClientConnection<0x101858ba0> client:CoreSimulatorBridge (pid 19468) uuid:7A743427-AECB-4BBA-A2C3-1D3D9636CC85>
2026-06-26 23:50:24.218 Df installcoordinationd[19649:90bd5c] [com.apple.installcoordination:daemon] -[IXSCoordinatedAppInstall setPriorityBoostCompletion:withSourceInfo:]: <IXSCoordinatedAppInstall<0x101a0c000> [P=CoreSimulatorBridge (pid 19468)] identifier:[com.DefaultCompany.NeonDrift/Invalid/[system-defined]] uuid:9322B625-CCB5-48B6-AF19-2B711A96214D intent:IXCoordinatorIntentUpdating creator/appDRI:InstallCoordination Simple SPI importance:UserWaiting state:IXAppCoordinationStatePlaceholderPromiseNotSet promise-state:01234>: Disposing of completion from CoreSimulatorBridge (19468), QOS_CLASS_DEFAULT (0x15)
2026-06-26 23:50:24.218 Df installcoordinationd[19649:90bd5c] [com.apple.installcoordination:daemon] -[IXSCoordinatedAppInstall setPriorityBoostCompletion:withSourceInfo:]: <IXSCoordinatedAppInstall<0x101a0c000> [P=CoreSimulatorBridge (pid 19468)] identifier:[com.DefaultCompany.NeonDrift/Invalid/[system-defined]] uuid:9322B625-CCB5-48B6-AF19-2B711A96214D intent:IXCoordinatorIntentUpdating creator/appDRI:InstallCoordination Simple SPI importance:UserWaiting state:IXAppCoordinationStatePlaceholderPromiseNotSet promise-state:01234>: Retaining completion from CoreSimulatorBridge (19468), QOS_CLASS_DEFAULT (0x15)
2026-06-26 23:50:24.218 Df CoreSimulatorBridge[19468:90bd5a] [com.apple.installcoordination:framework] -[IXAppInstallCoordinator _clientDelegate_didRegisterForObservation]: <IXUpdatingAppInstallCoordinator<0x102091880> identity:[com.DefaultCompany.NeonDrift/Invalid/[system-defined]] uuid:9322B625-CCB5-48B6-AF19-2B711A96214D creator:InstallCoordination Simple SPI>: Got observer registration delegate
2026-06-26 23:50:24.218 Df CoreSimulatorBridge[19468:90bd5a] [com.apple.installcoordination:framework] -[IXAppInstallCoordinator _clientDelegate_didRegisterForObservation]_block_invoke: <IXUpdatingAppInstallCoordinator<0x102091880> identity:[com.DefaultCompany.NeonDrift/Invalid/[system-defined]] uuid:9322B625-CCB5-48B6-AF19-2B711A96214D creator:InstallCoordination Simple SPI>: Observer <_IXSimpleInstallerDelegate 0x0x10205bed0> does not respond to coordinatorDidRegisterForObservation:
2026-06-26 23:50:24.218 Df CoreSimulatorBridge[19468:90bd5b] [com.apple.installcoordination:framework] -[IXAppInstallCoordinator _clientDelegate_shouldResume]: <IXUpdatingAppInstallCoordinator<0x102091880> identity:[com.DefaultCompany.NeonDrift/Invalid/[system-defined]] uuid:9322B625-CCB5-48B6-AF19-2B711A96214D creator:InstallCoordination Simple SPI>: Got should resume delegate
2026-06-26 23:50:24.218 Df CoreSimulatorBridge[19468:90bd5b] [com.apple.installcoordination:framework] -[IXAppInstallCoordinator _clientDelegate_shouldResume]_block_invoke: <IXUpdatingAppInstallCoordinator<0x102091880> identity:[com.DefaultCompany.NeonDrift/Invalid/[system-defined]] uuid:9322B625-CCB5-48B6-AF19-2B711A96214D creator:InstallCoordination Simple SPI>: Observer <_IXSimpleInstallerDelegate 0x0x10205bed0> does not respond to coordinatorShouldResume:
2026-06-26 23:50:24.220 Df installcoordinationd[19649:90bd5c] [com.apple.installcoordination:daemon] -[IXSCoordinatedAppInstall _internal_setInstallOptionsPromise:performExternalActions:]: <IXSCoordinatedAppInstall<0x101a0c000> [P=CoreSimulatorBridge (pid 19468)] identifier:[com.DefaultCompany.NeonDrift/Invalid/[system-defined]] uuid:9322B625-CCB5-48B6-AF19-2B711A96214D intent:IXCoordinatorIntentUpdating creator/appDRI:InstallCoordination Simple SPI importance:UserWaiting state:IXAppCoordinationStatePlaceholderPromiseNotSet promise-state:012I4> : install options set: <IXSPromisedInMemoryData(0x1018f9780) Name:MIInstallOptions data Creator:Install Coordination Internal UUID:133A062E-9483-4C2A-ABD7-1E203583B996 Location:[system-defined]>
2026-06-26 23:50:24.220 Df installcoordinationd[19649:8fa2a2] [com.apple.installcoordination:daemon] -[IXSCoordinatedAppInstall promiseDidComplete:]: <IXSCoordinatedAppInstall<0x101a0c000> [P=CoreSimulatorBridge (pid 19468)] identifier:[com.DefaultCompany.NeonDrift/Invalid/[system-defined]] uuid:9322B625-CCB5-48B6-AF19-2B711A96214D intent:IXCoordinatorIntentUpdating creator/appDRI:InstallCoordination Simple SPI importance:UserWaiting state:IXAppCoordinationStatePlaceholderPromiseNotSet promise-state:012I4> : Promise completed: <IXSPromisedInMemoryData(0x1018f9780) Name:MIInstallOptions data Creator:Install Coordination Internal UUID:133A062E-9483-4C2A-ABD7-1E203583B996 Location:[system-defined]>
2026-06-26 23:50:24.220 Df installcoordinationd[19649:90bd5c] [com.apple.appinstallation:TransactionLog] com.DefaultCompany.NeonDrift/Unknown Persona:4:13:1:1:Install Options Promise began. Coordinator State: IXAppCoordinationStatePlaceholderPromiseNotSet
2026-06-26 23:50:24.220 Df installcoordinationd[19649:90bd5c] [com.apple.appinstallation:TransactionLog] com.DefaultCompany.NeonDrift/Unknown Persona:4:13:2:1:Install Options Promise completed. Coordinator State: IXAppCoordinationStatePlaceholderPromiseNotSet
2026-06-26 23:50:24.221 Df installcoordinationd[19649:90bd5c] [com.apple.installcoordination:daemon] -[IXSCoordinatedAppInstall _internal_setAppAssetPromise:performExternalActions:]: <IXSCoordinatedAppInstall<0x101a0c000> [P=CoreSimulatorBridge (pid 19468)] identifier:[com.DefaultCompany.NeonDrift/Invalid/[system-defined]] uuid:9322B625-CCB5-48B6-AF19-2B711A96214D intent:IXCoordinatorIntentUpdating creator/appDRI:InstallCoordination Simple SPI importance:UserWaiting state:IXAppCoordinationStatePlaceholderPromiseNotSet promise-state:0a2I4> : App Asset Promise set: <IXSPromisedTransferToPath(0x1018f9480) Name:App Asset: com.DefaultCompany.NeonDrift Creator:InstallCoordination Simple SPI UUID:47F70CFD-FA08-42EE-8AEC-C2D66E897AE0 Location:[system-defined]>
2026-06-26 23:50:24.221 Df installcoordinationd[19649:90bd5c] [com.apple.installcoordination:daemon] -[IXSCoordinatedAppInstall setInitialODRAssetPromises:]: <IXSCoordinatedAppInstall<0x101a0c000> [P=CoreSimulatorBridge (pid 19468)] identifier:[com.DefaultCompany.NeonDrift/Invalid/[system-defined]] uuid:9322B625-CCB5-48B6-AF19-2B711A96214D intent:IXCoordinatorIntentUpdating creator/appDRI:InstallCoordination Simple SPI importance:UserWaiting state:IXAppCoordinationStatePlaceholderPromiseNotSet promise-state:0a2I4> : Initial ODR Asset Promises set: (
)
2026-06-26 23:50:24.222 Df CoreSimulatorBridge[19468:90bd58] [com.apple.installcoordination:framework] -[IXPromisedTransferToPath _performDeltaCopyFrom:toDestination:]: Performing delta copy from /Users/dragonkao/.openclaw/workspace/382b9e3384298039b171c9b2a60ae644/NeonDrift_MVP/project/xcode_derived_data/Build/Products/Release-iphonesimulator/NeonDrift.app to /Users/dragonkao/Library/Developer/CoreSimulator/Devices/CC47DE7A-8196-4465-A5A5-BB852C9C6C82/data/Containers/Shared/SystemGroup/systemgroup.com.apple.installcoordinationd/Library/InstallCoordination/PromiseStaging/47F70CFD-FA08-42EE-8AEC-C2D66E897AE0/NeonDrift.app with installed bundle at /Users/dragonkao/Library/Developer/CoreSimulator/Devices/CC47DE7A-8196-4465-A5A5-BB852C9C6C82/data/Containers/Bundle/Application/C4297305-DD53-4518-946C-0C188558193A/NeonDrift.app
2026-06-26 23:50:24.223 Df CoreSimulatorBridge[19468:90bd58] (MobileSystemServices) 0x16efdf000 MDMCreateDeltaDirectory: calling MDMDirectoryDiff with:
state->old_bundle: /Users/dragonkao/Library/Developer/CoreSimulator/Devices/CC47DE7A-8196-4465-A5A5-BB852C9C6C82/data/Containers/Bundle/Application/C4297305-DD53-4518-946C-0C188558193A/NeonDrift.app
state->new_bundle: /Users/dragonkao/.openclaw/workspace/382b9e3384298039b171c9b2a60ae644/NeonDrift_MVP/project/xcode_derived_data/Build/Products/Release-iphonesimulator/NeonDrift.app
state->dst_bundle: /Users/dragonkao/Library/Developer/CoreSimulator/Devices/CC47DE7A-8196-4465-A5A5-BB852C9C6C82/data/Containers/Shared/SystemGroup/systemgroup.com.apple.installcoordinationd/Library/InstallCoordination/PromiseStaging/47F70CFD-FA08-42EE-8AEC-C2D66E897AE0/NeonDrift.app/Payload//NeonDrift.app, binaryDiff flag: FALSE
	dst_ipa: /Users/dragonkao/Library/Developer/CoreSimulator/Devices/CC47DE7A-8196-4465-A5A5-BB852C9C6C82/data/Containers/Shared/SystemGroup/systemgroup.com.apple.installcoordinationd/Library/InstallCoordination/PromiseStaging/47F70<…>
2026-06-26 23:50:24.288 Df CoreSimulatorBridge[19468:90bd58] [com.apple.installcoordination:framework] -[IXPromisedTransferToPath setComplete:]: <IXPromisedTransferToPath<0x102091a00> name:"App Asset: com.DefaultCompany.NeonDrift" uuid:47F70CFD-FA08-42EE-8AEC-C2D66E897AE0 creator:"InstallCoordination Simple SPI" location:[system-defined]> Delta Copy operation from /Users/dragonkao/.openclaw/workspace/382b9e3384298039b171c9b2a60ae644/NeonDrift_MVP/project/xcode_derived_data/Build/Products/Release-iphonesimulator/NeonDrift.app to /Users/dragonkao/Library/Developer/CoreSimulator/Devices/CC47DE7A-8196-4465-A5A5-BB852C9C6C82/data/Containers/Shared/SystemGroup/systemgroup.com.apple.installcoordinationd/Library/InstallCoordination/PromiseStaging/47F70CFD-FA08-42EE-8AEC-C2D66E897AE0/NeonDrift.app took 0.066589 seconds
2026-06-26 23:50:24.289 Df installcoordinationd[19649:90bd5c] [com.apple.installcoordination:daemon] -[IXSDataPromise _setPercentComplete:saveStateIfNeeded:]: Progress: <IXSPromisedTransferToPath(0x1018f9480) Name:App Asset: com.DefaultCompany.NeonDrift Creator:InstallCoordination Simple SPI UUID:47F70CFD-FA08-42EE-8AEC-C2D66E897AE0 Location:[system-defined]>
2026-06-26 23:50:24.289 Df installcoordinationd[19649:90bd59] [com.apple.appinstallation:TransactionLog] com.DefaultCompany.NeonDrift/Unknown Persona:4:10:1:1:App Asset Promise began. Coordinator State: IXAppCoordinationStatePlaceholderPromiseNotSet
2026-06-26 23:50:24.289 Df CoreSimulatorBridge[19468:90bd5b] [com.apple.installcoordination:framework] -[IXAppInstallCoordinator _clientDelegate_promiseDidBeginFulfillmentWithIdentifier:]: <IXUpdatingAppInstallCoordinator<0x102091880> identity:[com.DefaultCompany.NeonDrift/Invalid/[system-defined]] uuid:9322B625-CCB5-48B6-AF19-2B711A96214D creator:InstallCoordination Simple SPI>: Got promise did begin fulfillment for identifier 2
2026-06-26 23:50:24.289 Df CoreSimulatorBridge[19468:90bd5b] [com.apple.installcoordination:framework] -[IXAppInstallCoordinator _clientDelegate_promiseDidBeginFulfillmentWithIdentifier:]_block_invoke: <IXUpdatingAppInstallCoordinator<0x102091880> identity:[com.DefaultCompany.NeonDrift/Invalid/[system-defined]] uuid:9322B625-CCB5-48B6-AF19-2B711A96214D creator:InstallCoordination Simple SPI>: Observer <_IXSimpleInstallerDelegate 0x0x10205bed0> does not respond to coordinator:configuredPromiseDidBeginFulfillment: (or any deprecated equivalent)
2026-06-26 23:50:24.289 Df installcoordinationd[19649:90bd5c] [com.apple.installcoordination:daemon] -[IXSCoordinatedAppInstall promiseDidComplete:]: <IXSCoordinatedAppInstall<0x101a0c000> [P=CoreSimulatorBridge (pid 19468)] identifier:[com.DefaultCompany.NeonDrift/Invalid/[system-defined]] uuid:9322B625-CCB5-48B6-AF19-2B711A96214D intent:IXCoordinatorIntentUpdating creator/appDRI:InstallCoordination Simple SPI importance:UserWaiting state:IXAppCoordinationStatePlaceholderPromiseNotSet promise-state:0A2I4> : Promise completed: <IXSPromisedTransferToPath(0x1018f9480) Name:App Asset: com.DefaultCompany.NeonDrift Creator:InstallCoordination Simple SPI UUID:47F70CFD-FA08-42EE-8AEC-C2D66E897AE0 Location:[system-defined]>
2026-06-26 23:50:24.289 Df installcoordinationd[19649:90bd59] [com.apple.appinstallation:TransactionLog] com.DefaultCompany.NeonDrift/Unknown Persona:4:10:2:1:App Asset Promise completed. Coordinator State: IXAppCoordinationStatePlaceholderPromiseNotSet
2026-06-26 23:50:24.289 Df installcoordinationd[19649:8fa2a2] [com.apple.installcoordination:daemon] -[IXSCoordinatedAppInstall setPlaceholderPromise:]: <IXSCoordinatedAppInstall<0x101a0c000> [P=CoreSimulatorBridge (pid 19468)] identifier:[com.DefaultCompany.NeonDrift/Invalid/[system-defined]] uuid:9322B625-CCB5-48B6-AF19-2B711A96214D intent:IXCoordinatorIntentUpdating creator/appDRI:InstallCoordination Simple SPI importance:UserWaiting state:IXAppCoordinationStateReadyForPlaceholderInstall promise-state:PA2I4> : Placeholder Promise set: <IXSPlaceholder(0x101924500) Name:App Placeholder: NeonDrift (com.DefaultCompany.NeonDrift) Creator:InstallCoordination Simple SPI UUID:DEFC96FF-2107-4CAA-A6B6-F4E9ABB96513 Location:[system-defined]>
2026-06-26 23:50:24.289 Df installcoordinationd[19649:90bd69] [com.apple.installcoordination:daemon] -[IXSCoordinatedAppInstall promiseDidComplete:]: <IXSCoordinatedAppInstall<0x101a0c000> [P=CoreSimulatorBridge (pid 19468)] identifier:[com.DefaultCompany.NeonDrift/Invalid/[system-defined]] uuid:9322B625-CCB5-48B6-AF19-2B711A96214D intent:IXCoordinatorIntentUpdating creator/appDRI:InstallCoordination Simple SPI importance:UserWaiting state:IXAppCoordinationStateReadyForPlaceholderInstall promise-state:PA2I4> : Promise completed: <IXSPlaceholder(0x101924500) Name:App Placeholder: NeonDrift (com.DefaultCompany.NeonDrift) Creator:InstallCoordination Simple SPI UUID:DEFC96FF-2107-4CAA-A6B6-F4E9ABB96513 Location:[system-defined]>
2026-06-26 23:50:24.289 Df CoreSimulatorBridge[19468:90bd5a] [com.apple.installcoordination:framework] -[IXAppInstallCoordinator _clientDelegate_didUpdateProgress:forPhase:overallProgress:]: <IXUpdatingAppInstallCoordinator<0x102091880> identity:[com.DefaultCompany.NeonDrift/Invalid/[system-defined]] uuid:9322B625-CCB5-48B6-AF19-2B711A96214D creator:InstallCoordination Simple SPI>: Got did update progress delegate with percentComplete 100.000000 phase IXCoordinatorProgressPhaseLoading overallProgress 60.000000
2026-06-26 23:50:24.290 Df CoreSimulatorBridge[19468:90bd5a] [com.apple.installcoordination:framework] -[IXAppInstallCoordinator _clientDelegate_didUpdateProgress:forPhase:overallProgress:]_block_invoke: <IXUpdatingAppInstallCoordinator<0x102091880> identity:[com.DefaultCompany.NeonDrift/Invalid/[system-defined]] uuid:9322B625-CCB5-48B6-AF19-2B711A96214D creator:InstallCoordination Simple SPI>: Calling selector coordinator:didUpdateProgress:forPhase:overallProgress: on observer <_IXSimpleInstallerDelegate 0x0x10205bed0>
2026-06-26 23:50:24.290 Df installcoordinationd[19649:8fa2a2] [com.apple.installcoordination:daemon] -[IXSCoordinatedAppInstall _onQueue_acquireAssertionAndInstallPlaceholder]: Acquiring termination assertion to install placeholder for [com.DefaultCompany.NeonDrift/Invalid/[system-defined]]
2026-06-26 23:50:24.290 Df installcoordinationd[19649:8fa2a2] [com.apple.installcoordination:daemon] -[IXSPendingOperationsTracker beginPendingOperationForIdentity:]_block_invoke: Beginning pending operation for [com.DefaultCompany.NeonDrift/Invalid/[system-defined]]
2026-06-26 23:50:24.292 Df runningboardd[19441:90bd6b] [com.apple.runningboard:connection] Received termination request from [osservice<com.apple.installcoordinationd>:19649] on <RBSProcessPredicate <RBSProcessBundleIdentifierPredicate "com.DefaultCompany.NeonDrift">> with context <RBSTerminateContext| explanation:installcoordinationd app:[com.DefaultCompany.NeonDrift/Invalid/[system-defined]] uuid:9322B625-CCB5-48B6-AF19-2B711A96214D isPlaceholder:Y reportType:None maxTerminationResistance:Absolute attrs:[
	<RBSPreventLaunchLimitation| <RBSProcessPredicate <RBSProcessBundleIdentifierPredicate "com.DefaultCompany.NeonDrift">> allow:(null)>
	]>
2026-06-26 23:50:24.292 Df runningboardd[19441:906dff] [com.apple.runningboard:general] Found 0 extensions contained in com.DefaultCompany.NeonDrift
2026-06-26 23:50:24.292 Df installcoordinationd[19649:90bd69] [com.apple.runningboard:process] Hit the server for a process handle 165ad24a00004d3b that resolved to: [app<com.DefaultCompany.NeonDrift((null))>:19771]
2026-06-26 23:50:24.292 Df installcoordinationd[19649:90bd69] [com.apple.runningboard:monitor] Received state update for 19771 (app<com.DefaultCompany.NeonDrift((null))>, running-active-NotVisible
2026-06-26 23:50:24.292 Df runningboardd[19441:906dff] [com.apple.PlugInKit:holds] <PKManager:0x10509e5c0> hold request for [/Users/dragonkao/Library/Developer/CoreSimulator/Devices/CC47DE7A-8196-4465-A5A5-BB852C9C6C82/data/Containers/Bundle/Application/C4297305-DD53-4518-946C-0C188558193A/NeonDrift.app] with flags: 0x4
2026-06-26 23:50:24.293 Df NeonDrift[19771:8fa68d] [com.apple.PlugInKit:discovery] Annotations changed, re-performing query for continuous discovery, report block = <0x116967540>.
2026-06-26 23:50:24.293 Df runningboardd[19441:906dff] [com.apple.PlugInKit:holds] <PKManager:0x10509e5c0> hold request for [/Users/dragonkao/Library/Developer/CoreSimulator/Devices/CC47DE7A-8196-4465-A5A5-BB852C9C6C82/data/Containers/Bundle/Application/C4297305-DD53-4518-946C-0C188558193A/NeonDrift.app] with flags: 0x4 completed with hold token: [94C13BEB-B154-4FD8-8399-0EAD24509D8C]
2026-06-26 23:50:24.293 Df runningboardd[19441:906dff] [com.apple.runningboard:ttl] Acquiring assertion targeting system from originator [osservice<com.apple.installcoordinationd>:19649] with description <RBSAssertionDescriptor| "installcoordinationd app:[com.DefaultCompany.NeonDrift/Invalid/[system-defined]] uuid:9322B625-CCB5-48B6-AF19-2B711A96214D isPlaceholder:Y" ID:19441-19649-695 target:system attributes:[
	<RBSPreventLaunchLimitation| <RBSProcessPredicate <RBSProcessBundleIdentifierPredicate "com.DefaultCompany.NeonDrift">> allow:(null)>
	]>
2026-06-26 23:50:24.293 Df NeonDrift[19771:8fa68d] [com.apple.PlugInKit:discovery] [d D8C65072-542C-48C7-ACE2-9FF657B38F07] <PKHost:0x116960440> Beginning discovery for flags: 0, point: com.apple.AudioUnit-UI
2026-06-26 23:50:24.293 Df NeonDrift[19771:8fa68d] [com.apple.PlugInKit:discovery] Annotations changed, re-performing query for continuous discovery, report block = <0x116967750>.
2026-06-26 23:50:24.293 Df NeonDrift[19771:901399] [com.apple.PlugInKit:discovery] Annotations changed, re-performing query for continuous discovery, report block = <0x1169676f0>.
2026-06-26 23:50:24.293 Df NeonDrift[19771:8fa68d] [com.apple.PlugInKit:discovery] [d 3514E297-6697-4192-B28F-97889AB795F4] <PKHost:0x116960440> Beginning discovery for flags: 0, point: com.apple.AudioUnit-Speech
2026-06-26 23:50:24.293 Df runningboardd[19441:906dff] [com.apple.runningboard:process] Executing termination request for: <RBSProcessPredicate <RBSProcessBundleIdentifierPredicate "com.DefaultCompany.NeonDrift">>
2026-06-26 23:50:24.294 Df runningboardd[19441:906dff] [com.apple.runningboard:process] [app<com.DefaultCompany.NeonDrift((null))>:19771] Terminating with context: <RBSTerminateContext| explanation:installcoordinationd app:[com.DefaultCompany.NeonDrift/Invalid/[system-defined]] uuid:9322B625-CCB5-48B6-AF19-2B711A96214D isPlaceholder:Y reportType:None maxTerminationResistance:Absolute attrs:[
	<RBSPreventLaunchLimitation| <RBSProcessPredicate <RBSProcessBundleIdentifierPredicate "com.DefaultCompany.NeonDrift">> allow:(null)>
	]>
2026-06-26 23:50:24.294 Df NeonDrift[19771:901399] [com.apple.PlugInKit:discovery] [d 87E88C05-66F6-4D70-B1FB-2667DEB78705] <PKHost:0x116960440> Beginning discovery for flags: 0, point: com.apple.AudioUnit
2026-06-26 23:50:24.294 Df runningboardd[19441:906dff] [com.apple.runningboard:process] [app<com.DefaultCompany.NeonDrift((null))>:19771] terminate_with_reason() success
2026-06-26 23:50:24.294 Df installcoordinationd[19649:8fa2a2] [com.apple.runningboard:assertion] Setting up death monitor for [app<com.DefaultCompany.NeonDrift((null))>:19771]
2026-06-26 23:50:24.294 Df installcoordinationd[19649:8fa2a2] [com.apple.runningboard:process] Starting death monitoring for handle [app<com.DefaultCompany.NeonDrift((null))>:19771]
2026-06-26 23:50:24.294 Df SpringBoard[19605:8f9fde] [com.apple.SpringBoard:Common] termination assertion acquired for com.DefaultCompany.NeonDrift
2026-06-26 23:50:24.294 Df installcoordinationd[19649:90bd5c] [com.apple.appinstallation:TransactionLog] com.DefaultCompany.NeonDrift/Unknown Persona:4:9:1:1:Placeholder Promise began. Coordinator State: IXAppCoordinationStateWaitingForPlaceholderAssertion
2026-06-26 23:50:24.294 Df installcoordinationd[19649:90bd5c] [com.apple.installcoordination:daemon] -[IXSCoordinatorProgress setTotalUnitsCompleted:]: Progress for coordinator: [com.DefaultCompany.NeonDrift/Invalid/[system-defined]], Phase: IXCoordinatorProgressPhaseLoading, Percentage: 100.000000: Attempt to set units completed on finished progress: 100
2026-06-26 23:50:24.294 Df installcoordinationd[19649:90bd5c] [com.apple.appinstallation:TransactionLog] com.DefaultCompany.NeonDrift/Unknown Persona:4:9:2:1:Placeholder Promise completed. Coordinator State: IXAppCoordinationStateWaitingForPlaceholderAssertion
2026-06-26 23:50:24.294 Df SpringBoard[19605:8f9fde] [com.apple.SpringBoard:Icon] 0x108da95c0-SBApplicationIcon Data source did change: <SBApplication: 0x126107100; com.DefaultCompany.NeonDrift> {
    processState = <SBApplicationProcessState: 0x11ef5f620; pid: 19771; taskState: Running; visibility: Foreground>;
} (SBApplication)
2026-06-26 23:50:24.295 Df backboardd[19459:90bd71] [com.apple.iohid:default] Connection removed: IOHIDEventSystemConnection uuid:D23A5F86-DD59-460A-A6EB-1B75F97CB6EB pid:19771 process:NeonDrift type:Passive entitlements:0x0 caller:BackBoardServices: ___getHIDEventSystemClient_block_invoke + 296 attributes:{
    HighFrequency = 0;
    bundleID = "com.DefaultCompany.NeonDrift";
    pid = 19771;
} state:0x1 events:0 mask:0x0 dropped:0 dropStatus:0 droppedMask:0x0 lastDroppedTime:NONE
2026-06-26 23:50:24.295 Df SpringBoard[19605:9084f4] [com.apple.FrontBoard:ProcessWorkspace] [app<com.DefaultCompany.NeonDrift>:19771] Workspace connection invalidated.
2026-06-26 23:50:24.295 Df SpringBoard[19605:9084f4] [com.apple.FrontBoard:Process] [app<com.DefaultCompany.NeonDrift>:19771] Now flagged as pending exit for reason: workspace client connection invalidated
2026-06-26 23:50:24.295 Df backboardd[19459:90bd75] [com.apple.iohid:default] Connection removed: IOHIDEventSystemConnection uuid:AFD4C0DB-24CE-4A48-A3D7-EC6312AD3988 pid:19771 process:NeonDrift type:Monitor entitlements:0x0 caller:GameControllerFoundation: -[GCHIDEventSystemClient initWithQueue:type:attributes:functions:] + 116 attributes:(null) state:0x1 events:0 mask:0x0 dropped:0 dropStatus:0 droppedMask:0x0 lastDroppedTime:NONE
2026-06-26 23:50:24.295 Df backboardd[19459:90bd71] [com.apple.BackBoard:HID] Removing client connection <BKHIDClientConnection: 0x10a77a9c0; IOHIDEventSystemConnectionRef: 0x1080f7400; vpid: 19771(v29F35A); taskPort: 0x2A153; bundleID: com.DefaultCompany.NeonDrift> for client: IOHIDEventSystemConnection uuid:D23A5F86-DD59-460A-A6EB-1B75F97CB6EB pid:19771 process:NeonDrift type:Passive entitlements:0x0 caller:BackBoardServices: ___getHIDEventSystemClient_block_invoke + 296 attributes:{
    HighFrequency = 0;
    bundleID = "com.DefaultCompany.NeonDrift";
    pid = 19771;
} state:0x1 events:0 mask:0x0 dropped:0 dropStatus:0 droppedMask:0x0 lastDroppedTime:NONE source:HID
2026-06-26 23:50:24.296 Df SpringBoard[19605:90bd72] [com.apple.KeyboardArbiter:Handle] com.DefaultCompany.NeonDrift(19771) lostConnection (invalidation)
2026-06-26 23:50:24.297 Df backboardd[19459:90672b] [com.apple.BackBoard:EventDelivery] chain did update (setDeferringRules) <keyboardFocus; display: null> containsEndOfChain: YES; [
    <token: com.apple.frontboard.systemappservices/FBSceneManager:com.apple.springboard; pid: 19605>,
    <token: com.apple.frontboard.systemappservices/FBSceneManager:sceneID%3Acom.DefaultCompany.NeonDrift-default; pid: 19771>
]
2026-06-26 23:50:24.297 Df CoreSimulatorBridge[19468:90bd5b] [com.apple.installcoordination:framework] -[IXAppInstallCoordinator _clientDelegate_promiseDidBeginFulfillmentWithIdentifier:]: <IXUpdatingAppInstallCoordinator<0x102091880> identity:[com.DefaultCompany.NeonDrift/Invalid/[system-defined]] uuid:9322B625-CCB5-48B6-AF19-2B711A96214D creator:InstallCoordination Simple SPI>: Got promise did begin fulfillment for identifier 1
2026-06-26 23:50:24.297 Df CoreSimulatorBridge[19468:90bd5b] [com.apple.installcoordination:framework] -[IXAppInstallCoordinator _clientDelegate_promiseDidBeginFulfillmentWithIdentifier:]_block_invoke: <IXUpdatingAppInstallCoordinator<0x102091880> identity:[com.DefaultCompany.NeonDrift/Invalid/[system-defined]] uuid:9322B625-CCB5-48B6-AF19-2B711A96214D creator:InstallCoordination Simple SPI>: Observer <_IXSimpleInstallerDelegate 0x0x10205bed0> does not respond to coordinator:configuredPromiseDidBeginFulfillment: (or any deprecated equivalent)
2026-06-26 23:50:24.297 Df SpringBoard[19605:90bd72] [com.apple.KeyboardArbiter:Handle] RX com.DefaultCompany.NeonDrift(19771) setWindowContextID:0 windowState:Disabled level:0.0
    focusContext:(null)
2026-06-26 23:50:24.297 Df backboardd[19459:90672b] [com.apple.BackBoard:EventDelivery] chain did update (setDeferringRules) <keyboardFocus; display: builtin> containsEndOfChain: YES; [
    <token: com.apple.frontboard.systemappservices/FBSceneManager:com.apple.springboard; pid: 19605>,
    <token: com.apple.frontboard.systemappservices/FBSceneManager:sceneID%3Acom.DefaultCompany.NeonDrift-default; pid: 19771>
]
2026-06-26 23:50:24.297 Df SpringBoard[19605:8f9fde] [com.apple.SpringBoard:KeyboardFocus] [coordinator] using MRU target <com.apple.frontboard.systemappservices/FBSceneManager:sceneID%3Acom.DefaultCompany.NeonDrift-default pid:19771>
2026-06-26 23:50:24.298 Df SpringBoard[19605:8f9fde] [com.apple.SpringBoard:KeyboardFocus] [coordinator] informing scene controller 'com.apple.springboard' of focusTarget: <com.apple.frontboard.systemappservices/FBSceneManager:sceneID%3Acom.DefaultCompany.NeonDrift-default pid:19771>
2026-06-26 23:50:24.298 Df SpringBoard[19605:8f9fde] [com.apple.SpringBoard:KeyboardFocus] [coordinator] keyboard arbiter suggested <nothing> and we replied <com.apple.frontboard.systemappservices/FBSceneManager:sceneID%3Acom.DefaultCompany.NeonDrift-default pid:19771>
2026-06-26 23:50:24.298 E  SpringBoard[19605:90bd8b] [com.apple.UIKit:KeyboardArbiter] Advisor: No handle found for currently focused PID: 19771; sceneIdentity: com.apple.frontboard.systemappservices/FBSceneManager:sceneID%3Acom.DefaultCompany.NeonDrift-default
2026-06-26 23:50:24.313 Df runningboardd[19441:90bd6b] [com.apple.runningboard:process] XPC connection invalidated: [app<com.DefaultCompany.NeonDrift((null))>:19771]
2026-06-26 23:50:24.315 Df launchd_sim[19431:90b9f4] [user/501/UIKitApplication:com.DefaultCompany.NeonDrift[6793][rb-legacy] [19771]:] exited with exit reason (namespace: 15 code: 0x0) - OS_REASON_RUNNINGBOARD | <RBSTerminateContext| explanation:installcoordinationd app:[com.DefaultCompany.NeonDrift/Invalid/[system-defined]] uuid:9322B625-CCB5-48B6-AF19-2B711A96214D isPlaceholder:Y reportType:None maxTerminationResistance:Absolute attrs:[
	<RBSPreventLaunchLimitation| <RBSProcessPredicate <RBSProcessBundleIdentifierPredicate "com.DefaultCompany.NeonDrift">> allow:(null)>
	]>, ran for 791271ms
2026-06-26 23:50:24.315 Df launchd_sim[19431:90b9f4] [user/501:] service inactive: UIKitApplication:com.DefaultCompany.NeonDrift[6793][rb-legacy]
2026-06-26 23:50:24.315 Df runningboardd[19441:906dff] [com.apple.runningboard:ttl] [app<com.DefaultCompany.NeonDrift((null))>:19771] termination reported by launchd (15, 0, 9)
2026-06-26 23:50:24.315 Df runningboardd[19441:906dff] [com.apple.runningboard:process] Removing process: [app<com.DefaultCompany.NeonDrift((null))>:19771]
2026-06-26 23:50:24.315 Df runningboardd[19441:906dff] [com.apple.runningboard:job] Removing launch job for: [app<com.DefaultCompany.NeonDrift((null))>:19771]
2026-06-26 23:50:24.315 Df launchd_sim[19431:90b9e4] [user/501:] removing service: UIKitApplication:com.DefaultCompany.NeonDrift[6793][rb-legacy]
2026-06-26 23:50:24.315 Df runningboardd[19441:906dff] [com.apple.runningboard:job] Removed job for [app<com.DefaultCompany.NeonDrift((null))>:19771]
2026-06-26 23:50:24.315 Df runningboardd[19441:906dff] [com.apple.runningboard:process] Removing assertions for terminated process: [app<com.DefaultCompany.NeonDrift((null))>:19771]
2026-06-26 23:50:24.315 Df runningboardd[19441:906dff] [com.apple.runningboard:assertion] Removed last relative-start-date-defining assertion for process app<com.DefaultCompany.NeonDrift((null))>
2026-06-26 23:50:24.316 Df runningboardd[19441:906dff] [com.apple.runningboard:monitor] Calculated state for app<com.DefaultCompany.NeonDrift((null))>: none (role: None) (endowments: (null))
2026-06-26 23:50:24.316 Df runningboardd[19441:90bd6c] [com.apple.runningboard:process] Notifying connection [osservice<com.apple.SpringBoard>:19605] that process [app<com.DefaultCompany.NeonDrift((null))>:19771] exited with context <RBSProcessExitContext| specific, status:<RBSProcessExitStatus| domain:runningboard(15) code:0>>
2026-06-26 23:50:24.316 Df runningboardd[19441:90bd6c] [com.apple.runningboard:process] Notifying connection [osservice<com.apple.installcoordinationd>:19649] that process [app<com.DefaultCompany.NeonDrift((null))>:19771] exited with context <RBSProcessExitContext| specific, status:<RBSProcessExitStatus| domain:runningboard(15) code:0>>
2026-06-26 23:50:24.316 Df SpringBoard[19605:90bd8b] [com.apple.FrontBoard:ProcessWorkspace] [app<com.DefaultCompany.NeonDrift>:19771] Workspace assertion invalidated: <NSError: 0x11ff8e010; domain: RBSAssertionErrorDomain; code: 1; "Assertions were invalidated, count = 3.
19441-19605-356: invalidation reason: 1
19441-19605-352: invalidation reason: 1
19441-19605-351: invalidation reason: 1">
2026-06-26 23:50:24.316 Df runningboardd[19441:90bd6c] [com.apple.runningboard:monitor] Calculated state for app<com.DefaultCompany.NeonDrift((null))>: none (role: None) (endowments: (null))
2026-06-26 23:50:24.316 Df SpringBoard[19605:90bd8b] [com.apple.runningboard:process] Calling process death completion block for handle [app<com.DefaultCompany.NeonDrift((null))>:19771]
2026-06-26 23:50:24.316 Df SpringBoard[19605:90bd6e] [com.apple.runningboard:monitor] Received state update for 19771 (app<com.DefaultCompany.NeonDrift((null))>, none-NotVisible
2026-06-26 23:50:24.316 Df SpringBoard[19605:90bd8b] [com.apple.FrontBoard:Process] [app<com.DefaultCompany.NeonDrift>:19771] Process exited: <RBSProcessExitContext| specific, status:<RBSProcessExitStatus| domain:runningboard(15) code:0>>.
2026-06-26 23:50:24.316 Df SpringBoard[19605:90bd8b] [com.apple.FrontBoard:Process] [app<com.DefaultCompany.NeonDrift>:19771] Setting process task state to: Not Running
