2026-06-25 18:04:30.401 Df activitysharingd[91310:41ce57] [com.apple.launchservices:appinstallation] LaunchServices observer: Will install (
    "<LSApplicationProxy: 0x1065bce40> com.DefaultCompany.NeonDrift.run.1782381773.88841 file:///Users/dragonkao/Library/Developer/CoreSimulator/Devices/115FDF0C-5A2F-4686-909B-7F43F1450A28/data/Containers/Bundle/Application/4145B893-A82E-48AD-8570-B1A4631FA579/NeonDrift.run.1782381773.88841.app/ <com.DefaultCompany.NeonDrift.run.1782381773.88841 <installed >:0>"
)
2026-06-25 18:04:30.401 Df mobiletimerd[90802:41cdd7] [com.apple.launchservices:appinstallation] LaunchServices observer: Will install (
    "<LSApplicationProxy: 0x103e646c0> com.DefaultCompany.NeonDrift.run.1782381773.88841 file:///Users/dragonkao/Library/Developer/CoreSimulator/Devices/115FDF0C-5A2F-4686-909B-7F43F1450A28/data/Containers/Bundle/Application/4145B893-A82E-48AD-8570-B1A4631FA579/NeonDrift.run.1782381773.88841.app/ <com.DefaultCompany.NeonDrift.run.1782381773.88841 <installed >:0>"
)
2026-06-25 18:04:30.402 Df installd[91079:41cf3a] (MobileSystemServices) 0x16dd2b000 -[MIClientConnection _doInstallationForURL:identity:domain:options:operationType:completion:]: Install of "/Users/dragonkao/Library/Developer/CoreSimulator/Devices/115FDF0C-5A2F-4686-909B-7F43F1450A28/data/Containers/Shared/SystemGroup/systemgroup.com.apple.installcoordinationd/Library/InstallCoordination/PromiseStaging/BBF589E2-9B10-4021-871C-1DF2F6D7D8E2/NeonDrift.run.1782381773.88841.app" type Developer (LSInstallType = 0, Domain: MIInstallationDomainDefault) requested by installcoordinationd (pid 91072 (501/20))
2026-06-25 18:04:30.402 Df SpringBoard[90784:41cf41] [com.apple.frontboard.ApplicationLibrary:observer] -[FBSApplicationLibrary applicationsWillInstall:] com.DefaultCompany.NeonDrift.run.1782381773.88841
2026-06-25 18:04:30.403 Df CoreSimulatorBridge[90817:41cf10] [com.apple.installcoordination:framework] -[IXAppInstallCoordinator _clientDelegate_didUpdateProgress:forPhase:overallProgress:]: <IXUpdatingAppInstallCoordinator<0x1058738c0> identity:[com.DefaultCompany.NeonDrift.run.1782381773.88841/Invalid/[system-defined]] uuid:B3F0A2BD-969F-4E5A-8189-BABA43E377FD creator:InstallCoordination Simple SPI>: Got did update progress delegate with percentComplete 5.000000 phase IXCoordinatorProgressPhaseInstalling overallProgress 62.000000
2026-06-25 18:04:30.403 Df CoreSimulatorBridge[90817:41cf10] [com.apple.installcoordination:framework] -[IXAppInstallCoordinator _clientDelegate_didUpdateProgress:forPhase:overallProgress:]: <IXUpdatingAppInstallCoordinator<0x1058738c0> identity:[com.DefaultCompany.NeonDrift.run.1782381773.88841/Invalid/[system-defined]] uuid:B3F0A2BD-969F-4E5A-8189-BABA43E377FD creator:InstallCoordination Simple SPI>: Got did update progress delegate with percentComplete 15.000000 phase IXCoordinatorProgressPhaseInstalling overallProgress 66.000000
2026-06-25 18:04:30.403 Df CoreSimulatorBridge[90817:41bbfc] [com.apple.installcoordination:framework] -[IXAppInstallCoordinator _clientDelegate_didUpdateProgress:forPhase:overallProgress:]_block_invoke: <IXUpdatingAppInstallCoordinator<0x1058738c0> identity:[com.DefaultCompany.NeonDrift.run.1782381773.88841/Invalid/[system-defined]] uuid:B3F0A2BD-969F-4E5A-8189-BABA43E377FD creator:InstallCoordination Simple SPI>: Calling selector coordinator:didUpdateProgress:forPhase:overallProgress: on observer <_IXSimpleInstallerDelegate 0x0x105be4de0>
2026-06-25 18:04:30.403 Df CoreSimulatorBridge[90817:41cf10] [com.apple.installcoordination:framework] -[IXAppInstallCoordinator _clientDelegate_didUpdateProgress:forPhase:overallProgress:]: <IXUpdatingAppInstallCoordinator<0x1058738c0> identity:[com.DefaultCompany.NeonDrift.run.1782381773.88841/Invalid/[system-defined]] uuid:B3F0A2BD-969F-4E5A-8189-BABA43E377FD creator:InstallCoordination Simple SPI>: Got did update progress delegate with percentComplete 20.000000 phase IXCoordinatorProgressPhaseInstalling overallProgress 68.000000
2026-06-25 18:04:30.403 Df CoreSimulatorBridge[90817:41bbfc] [com.apple.installcoordination:framework] -[IXAppInstallCoordinator _clientDelegate_didUpdateProgress:forPhase:overallProgress:]_block_invoke: <IXUpdatingAppInstallCoordinator<0x1058738c0> identity:[com.DefaultCompany.NeonDrift.run.1782381773.88841/Invalid/[system-defined]] uuid:B3F0A2BD-969F-4E5A-8189-BABA43E377FD creator:InstallCoordination Simple SPI>: Calling selector coordinator:didUpdateProgress:forPhase:overallProgress: on observer <_IXSimpleInstallerDelegate 0x0x105be4de0>
2026-06-25 18:04:30.403 Df CoreSimulatorBridge[90817:41bbfc] [com.apple.installcoordination:framework] -[IXAppInstallCoordinator _clientDelegate_didUpdateProgress:forPhase:overallProgress:]_block_invoke: <IXUpdatingAppInstallCoordinator<0x1058738c0> identity:[com.DefaultCompany.NeonDrift.run.1782381773.88841/Invalid/[system-defined]] uuid:B3F0A2BD-969F-4E5A-8189-BABA43E377FD creator:InstallCoordination Simple SPI>: Calling selector coordinator:didUpdateProgress:forPhase:overallProgress: on observer <_IXSimpleInstallerDelegate 0x0x105be4de0>
2026-06-25 18:04:30.405 Df installd[91079:41cf3a] [com.apple.containermanager:xpc] Query; euid = 501, uid = 501, class = 1, identifier = [com.DefaultCompany.NeonDrift.run.1782381773.88841](1), flags = 300000002
2026-06-25 18:04:30.406 Df installd[91079:41cf3a] [com.apple.containermanager:xpc] Query; euid = 501, uid = 501, class = 1, identifier = [com.DefaultCompany.NeonDrift.run.1782381773.88841](1), flags = 300000002
2026-06-25 18:04:30.407 Df SpringBoard[90784:41bbc7] [com.apple.frontboard.ApplicationLibrary:sb.placeholder] App placeholder proxies added: (
    "<SBApplicationPlaceholderProxy: 0x12a827300; com.DefaultCompany.NeonDrift.run.1782381773.88841 (NeonDrift.run.1782381773.88841); LSInstallType: StoreDownload>"
), currentlyKnownExistingPlaceholders: {
}
2026-06-25 18:04:30.407 Df SpringBoard[90784:41bbc7] [com.apple.appinstallation:TransactionLog] com.DefaultCompany.NeonDrift.run.1782381773.88841/Unknown Persona:10:0:1:1:Placeholder add BEGIN
2026-06-25 18:04:30.407 Df SpringBoard[90784:41bbc7] [com.apple.SpringBoard:Icon] <<SBLeafIcon:0x123a37c00 [com.DefaultCompany.NeonDrift.run.1782381773.88841]>> Changing active data source: <SBApplicationIcon: 0x123a37c00; nodeID: com.DefaultCompany.NeonDrift.run.1782381773.88841; bundleID: com.DefaultCompany.NeonDrift.run.1782381773.88841>
2026-06-25 18:04:30.407 Df SpringBoard[90784:41bbc7] [com.apple.SpringBoard:Icon] <<SBLeafIcon:0x123a37c00 [com.DefaultCompany.NeonDrift.run.1782381773.88841]>> Changing from data souce: com.DefaultCompany.NeonDrift.run.1782381773.88841 to data source:com.DefaultCompany.NeonDrift.run.1782381773.88841.
2026-06-25 18:04:30.408 Df installd[91079:41cf3a] [com.apple.containermanager:xpc] Query; euid = 501, uid = 501, class = 1, identifier = [com.DefaultCompany.NeonDrift.run.1782381773.88841](1), flags = 300000002
2026-06-25 18:04:30.408 Df installcoordinationd[91072:41cf11] [com.apple.installcoordination:daemon] -[IXSCoordinatorProgress setTotalUnitsCompleted:]: Progress for coordinator: [com.DefaultCompany.NeonDrift.run.1782381773.88841/Invalid/[system-defined]], Phase: IXCoordinatorProgressPhaseInstalling, Percentage: 20.000000: Attempt to set units completed on finished progress: 20
2026-06-25 18:04:30.408 Df SpringBoard[90784:41bbc7] [com.apple.appinstallation:TransactionLog] com.DefaultCompany.NeonDrift.run.1782381773.88841/Unknown Persona:10:1:3:1:Created icon for placeholder.
2026-06-25 18:04:30.408 Df installd[91079:41cf3a] [com.apple.containermanager:xpc] Query; euid = 501, uid = 501, class = 1, identifier = [com.DefaultCompany.NeonDrift.run.1782381773.88841](1), flags = 300000002
2026-06-25 18:04:30.409 Df SpringBoard[90784:41bbc7] [com.apple.installcoordination:framework] +[IXAppInstallCoordinator removabilityForAppWithIdentity:error:]: Returning locally read removability, PossibleAndAllowed, for identity:[com.DefaultCompany.NeonDrift.run.1782381773.88841/Invalid/[system-defined]]
2026-06-25 18:04:30.409 Df SpringBoard[90784:41bbc7] [com.apple.frontboard.ApplicationLibrary:sb.placeholder] Placeholders added: (
    "<SBApplicationPlaceholder: 0x128331da0; bundleIdentifier: com.DefaultCompany.NeonDrift.run.1782381773.88841; displayName: NeonDrift.run.1782381773.88841; progress: 0%; state: Waiting; canPromote?: YES; canCancel?: YES>"
), modified: (
), removed: (null)
2026-06-25 18:04:30.411 Df installd[91079:41cf3a] (MobileSystemServices) 0x16dd2b000 -[MIInstaller _installInstallable:containingSymlink:error:]: Installing <MIInstallableBundle ID=com.DefaultCompany.NeonDrift.run.1782381773.88841; Persona=com.apple.containermanager.primary-persona, Version=0, ShortVersion=1.0>
2026-06-25 18:04:30.411 Df installd[91079:41cf3a] [com.apple.appinstallation:TransactionLog] com.DefaultCompany.NeonDrift.run.1782381773.88841/com.apple.containermanager.primary-persona:7:1:1:1:Start : Install (Patch Update)
2026-06-25 18:04:30.411 Df installd[91079:41cf3a] (MobileSystemServices) 0x16dd2b000 -[MIInstallable applyPatchWithError:]: Attempting Delta patch update of com.DefaultCompany.NeonDrift.run.1782381773.88841 from 0 (1.0) to 0 (1.0)
2026-06-25 18:04:30.411 Df CoreSimulatorBridge[90817:41cf10] [com.apple.installcoordination:framework] -[IXAppInstallCoordinator _clientDelegate_didUpdateProgress:forPhase:overallProgress:]: <IXUpdatingAppInstallCoordinator<0x1058738c0> identity:[com.DefaultCompany.NeonDrift.run.1782381773.88841/Invalid/[system-defined]] uuid:B3F0A2BD-969F-4E5A-8189-BABA43E377FD creator:InstallCoordination Simple SPI>: Got did update progress delegate with percentComplete 30.000000 phase IXCoordinatorProgressPhaseInstalling overallProgress 72.000000
2026-06-25 18:04:30.411 Df CoreSimulatorBridge[90817:41cf10] [com.apple.installcoordination:framework] -[IXAppInstallCoordinator _clientDelegate_didUpdateProgress:forPhase:overallProgress:]: <IXUpdatingAppInstallCoordinator<0x1058738c0> identity:[com.DefaultCompany.NeonDrift.run.1782381773.88841/Invalid/[system-defined]] uuid:B3F0A2BD-969F-4E5A-8189-BABA43E377FD creator:InstallCoordination Simple SPI>: Got did update progress delegate with percentComplete 35.000000 phase IXCoordinatorProgressPhaseInstalling overallProgress 74.000000
2026-06-25 18:04:30.411 Df CoreSimulatorBridge[90817:41bbfc] [com.apple.installcoordination:framework] -[IXAppInstallCoordinator _clientDelegate_didUpdateProgress:forPhase:overallProgress:]_block_invoke: <IXUpdatingAppInstallCoordinator<0x1058738c0> identity:[com.DefaultCompany.NeonDrift.run.1782381773.88841/Invalid/[system-defined]] uuid:B3F0A2BD-969F-4E5A-8189-BABA43E377FD creator:InstallCoordination Simple SPI>: Calling selector coordinator:didUpdateProgress:forPhase:overallProgress: on observer <_IXSimpleInstallerDelegate 0x0x105be4de0>
2026-06-25 18:04:30.411 Df CoreSimulatorBridge[90817:41bbfc] [com.apple.installcoordination:framework] -[IXAppInstallCoordinator _clientDelegate_didUpdateProgress:forPhase:overallProgress:]_block_invoke: <IXUpdatingAppInstallCoordinator<0x1058738c0> identity:[com.DefaultCompany.NeonDrift.run.1782381773.88841/Invalid/[system-defined]] uuid:B3F0A2BD-969F-4E5A-8189-BABA43E377FD creator:InstallCoordination Simple SPI>: Calling selector coordinator:didUpdateProgress:forPhase:overallProgress: on observer <_IXSimpleInstallerDelegate 0x0x105be4de0>
2026-06-25 18:04:30.413 Df PosterBoard[90877:41c819] [com.apple.launchservices:appinstallation] LaunchServices observer: InstallsStarted (
    "<LSApplicationProxy: 0x108a49680> com.DefaultCompany.NeonDrift.run.1782381773.88841 file:///Users/dragonkao/Library/Developer/CoreSimulator/Devices/115FDF0C-5A2F-4686-909B-7F43F1450A28/data/Containers/Bundle/Application/4145B893-A82E-48AD-8570-B1A4631FA579/com.apple.mobileinstallation.placeholder/ <com.DefaultCompany.NeonDrift.run.1782381773.88841 <placeholder >:1>"
)
2026-06-25 18:04:30.413 Df PosterBoard[90877:41c819] [com.apple.launchservices:appinstallation] LaunchServices observer: MetadataUpdate (
    "com.DefaultCompany.NeonDrift.run.1782381773.88841"
)
2026-06-25 18:04:30.413 Df PosterBoard[90877:41c819] [com.apple.launchservices:appinstallation] LaunchServices observer: InstallsStarted (
    "<LSApplicationProxy: 0x108a49ec0> com.DefaultCompany.NeonDrift.run.1782381773.88841 file:///Users/dragonkao/Library/Developer/CoreSimulator/Devices/115FDF0C-5A2F-4686-909B-7F43F1450A28/data/Containers/Bundle/Application/4145B893-A82E-48AD-8570-B1A4631FA579/com.apple.mobileinstallation.placeholder/ <com.DefaultCompany.NeonDrift.run.1782381773.88841 <placeholder >:1>"
)
2026-06-25 18:04:30.413 Df PosterBoard[90877:41c819] [com.apple.launchservices:appinstallation] LaunchServices observer: Will install (
    "<LSApplicationProxy: 0x108a49680> com.DefaultCompany.NeonDrift.run.1782381773.88841 file:///Users/dragonkao/Library/Developer/CoreSimulator/Devices/115FDF0C-5A2F-4686-909B-7F43F1450A28/data/Containers/Bundle/Application/4145B893-A82E-48AD-8570-B1A4631FA579/NeonDrift.run.1782381773.88841.app/ <com.DefaultCompany.NeonDrift.run.1782381773.88841 <installed >:0>"
)
2026-06-25 18:04:30.417 Df SpringBoard[90784:41bbc7] [com.apple.SpringBoard:Common] termination assertion acquired for com.DefaultCompany.NeonDrift.run.1782381773.88841
2026-06-25 18:04:30.419 Df SpringBoard[90784:41bbc7] [com.apple.appinstallation:TransactionLog] com.DefaultCompany.NeonDrift.run.1782381773.88841/Unknown Persona:10:2:3:1:Reloading icon image.
2026-06-25 18:04:30.428 Df appprotectiond[90805:41cbf6] [com.apple.appprotection:server] Received distnoted event <dictionary: 0x101108000> { count = 3, transaction: 0, voucher = 0x1011487d0, contents =
	"UserInfo" => <dictionary: 0x101034120> { count = 2, transaction: 0, voucher = 0x0, contents =
		"isPlaceholder" => <bool: 0x1e6e64540>: true
		"bundleIDs" => <array: 0x10103e010> { count = 1, capacity = 1, contents =
			0: <string: 0x10103f7e0> { string cache = 0x0, length = 49, contents = "com.DefaultCompany.NeonDrift.run.1782381773.88841" }
		}
	}
	"Name" => <string: 0x10103f720> { string cache = 0x0, length = 46, contents = "com.apple.LaunchServices.applicationRegistered" }
	"XPCEventName" => <string: 0x10103fd20> { string cache = 0x0, length = 21, contents = "ApplicationRegistered" }
}
2026-06-25 18:04:30.428 Df appprotectiond[90805:41cbf6] [com.apple.appprotection:server] received note: name = com.apple.LaunchServices.applicationRegistered, object = Optional(AppProtection.DistnotedXPCEventStreamTranslator), userInfo = Optional([AnyHashable("bundleIDs"): <__NSSingleObjectArrayI 0x10124c1d0>(
com.DefaultCompany.NeonDrift.run.1782381773.88841
)
, AnyHashable("isPlaceholder"): 1])
2026-06-25 18:04:30.428 Df appprotectiond[90805:41cbf6] [com.apple.appprotection:server] Received distnoted event <dictionary: 0x101108000> { count = 3, transaction: 0, voucher = 0x101149130, contents =
	"UserInfo" => <dictionary: 0x101034120> { count = 2, transaction: 0, voucher = 0x0, contents =
		"isPlaceholder" => <bool: 0x1e6e64540>: true
		"bundleIDs" => <array: 0x10103e010> { count = 1, capacity = 1, contents =
			0: <string: 0x10103f7e0> { string cache = 0x0, length = 49, contents = "com.DefaultCompany.NeonDrift.run.1782381773.88841" }
		}
	}
	"Name" => <string: 0x10103f720> { string cache = 0x0, length = 46, contents = "com.apple.LaunchServices.applicationRegistered" }
	"XPCEventName" => <string: 0x10103fd20> { string cache = 0x0, length = 21, contents = "ApplicationRegistered" }
}
2026-06-25 18:04:30.428 Df appprotectiond[90805:41cbf6] [com.apple.appprotection:server] received note: name = com.apple.LaunchServices.applicationRegistered, object = Optional(AppProtection.DistnotedXPCEventStreamTranslator), userInfo = Optional([AnyHashable("bundleIDs"): <__NSSingleObjectArrayI 0x10124c1d0>(
com.DefaultCompany.NeonDrift.run.1782381773.88841
)
, AnyHashable("isPlaceholder"): 1])
2026-06-25 18:04:30.429 Df appprotectiond[90805:41cbf6] [com.apple.appprotection:server] processing settings authority event: SettingsAuthorityEvent.promotePreferenceFromProvisionalForApplication(com.DefaultCompany.NeonDrift.run.1782381773.88841)
2026-06-25 18:04:30.429 Df appprotectiond[90805:41cbf6] [com.apple.appprotection:server] processing settings authority event: SettingsAuthorityEvent.promotePreferenceFromProvisionalForApplication(com.DefaultCompany.NeonDrift.run.1782381773.88841)
2026-06-25 18:04:30.434 Df installd[91079:41cf3a] [com.apple.containermanager:query] Query; euid = 501, uid = 501, class = 4, identifier = [com.DefaultCompany.NeonDrift.run.1782381773.88841](1), flags = 300000002
2026-06-25 18:04:30.434 Df siriactionsd[90866:41cb5f] [com.apple.shortcuts:Daemon] Dispatching XPC event: <distributed notification: com.apple.LaunchServices.applicationRegistered, userInfo: [AnyHashable("bundleIDs"): <__NSSingleObjectArrayI 0x1041f6ae0>(
com.DefaultCompany.NeonDrift.run.1782381773.88841
)
, AnyHashable("isPlaceholder"): 1]>
2026-06-25 18:04:30.434 Df CoreSimulatorBridge[90817:41cf10] [com.apple.installcoordination:framework] -[IXAppInstallCoordinator _clientDelegate_didUpdateProgress:forPhase:overallProgress:]: <IXUpdatingAppInstallCoordinator<0x1058738c0> identity:[com.DefaultCompany.NeonDrift.run.1782381773.88841/Invalid/[system-defined]] uuid:B3F0A2BD-969F-4E5A-8189-BABA43E377FD creator:InstallCoordination Simple SPI>: Got did update progress delegate with percentComplete 40.000000 phase IXCoordinatorProgressPhaseInstalling overallProgress 76.000000
2026-06-25 18:04:30.434 Df CoreSimulatorBridge[90817:41cf10] [com.apple.installcoordination:framework] -[IXAppInstallCoordinator _clientDelegate_didUpdateProgress:forPhase:overallProgress:]_block_invoke: <IXUpdatingAppInstallCoordinator<0x1058738c0> identity:[com.DefaultCompany.NeonDrift.run.1782381773.88841/Invalid/[system-defined]] uuid:B3F0A2BD-969F-4E5A-8189-BABA43E377FD creator:InstallCoordination Simple SPI>: Calling selector coordinator:didUpdateProgress:forPhase:overallProgress: on observer <_IXSimpleInstallerDelegate 0x0x105be4de0>
2026-06-25 18:04:30.434 Df siriactionsd[90866:41cb5f] [com.apple.shortcuts:XPCEvent] Dispatching XPC event: <distributed notification: com.apple.LaunchServices.applicationRegistered, userInfo: [AnyHashable("bundleIDs"): <__NSSingleObjectArrayI 0x1041f6ae0>(
com.DefaultCompany.NeonDrift.run.1782381773.88841
)
, AnyHashable("isPlaceholder"): 1]>
2026-06-25 18:04:30.434 Df siriactionsd[90866:41cb5f] [com.apple.shortcuts:Daemon] Firing event: <distributed notification: com.apple.LaunchServices.applicationRegistered, userInfo: [AnyHashable("bundleIDs"): <__NSSingleObjectArrayI 0x1041f6ae0>(
com.DefaultCompany.NeonDrift.run.1782381773.88841
)
, AnyHashable("isPlaceholder"): 1]>
2026-06-25 18:04:30.434 E  siriactionsd[90866:41cb5f] [com.apple.shortcuts:Daemon] Received an event that we do not have a DaemonTask for: <distributed notification: com.apple.LaunchServices.applicationRegistered, userInfo: [AnyHashable("bundleIDs"): <__NSSingleObjectArrayI 0x1041f6ae0>(
com.DefaultCompany.NeonDrift.run.1782381773.88841
)
, AnyHashable("isPlaceholder"): 1]>. This is a serious programming error that might lead to missed messages and stuck streams.
2026-06-25 18:04:30.434 Df installd[91079:41cf3a] [com.apple.containermanager:query] Query; euid = 501, uid = 501, class = 4, identifier = [com.DefaultCompany.NeonDrift.run.1782381773.88841](1), flags = 300000002
2026-06-25 18:04:30.434 Df installd[91079:41cf3a] [com.apple.containermanager:xpc] Query; euid = 501, uid = 501, class = 1, identifier = [com.DefaultCompany.NeonDrift.run.1782381773.88841](1), flags = 300000003
2026-06-25 18:04:30.435 Df CoreSimulatorBridge[90817:41bbfc] [com.apple.installcoordination:framework] -[IXAppInstallCoordinator _clientDelegate_didUpdateProgress:forPhase:overallProgress:]: <IXUpdatingAppInstallCoordinator<0x1058738c0> identity:[com.DefaultCompany.NeonDrift.run.1782381773.88841/Invalid/[system-defined]] uuid:B3F0A2BD-969F-4E5A-8189-BABA43E377FD creator:InstallCoordination Simple SPI>: Got did update progress delegate with percentComplete 50.000000 phase IXCoordinatorProgressPhaseInstalling overallProgress 80.000000
2026-06-25 18:04:30.435 Df CoreSimulatorBridge[90817:41bbfc] [com.apple.installcoordination:framework] -[IXAppInstallCoordinator _clientDelegate_didUpdateProgress:forPhase:overallProgress:]_block_invoke: <IXUpdatingAppInstallCoordinator<0x1058738c0> identity:[com.DefaultCompany.NeonDrift.run.1782381773.88841/Invalid/[system-defined]] uuid:B3F0A2BD-969F-4E5A-8189-BABA43E377FD creator:InstallCoordination Simple SPI>: Calling selector coordinator:didUpdateProgress:forPhase:overallProgress: on observer <_IXSimpleInstallerDelegate 0x0x105be4de0>
2026-06-25 18:04:30.435 E  containermanagerd_system[90831:41c812] [com.apple.containermanager:schema] [com.DefaultCompany.NeonDrift.run.1782381773.88841(1)] Current schema version (1) is newer than the latest (0), ignoring.
2026-06-25 18:04:30.435 Df containermanagerd_system[90831:41c812] [com.apple.containermanager:schema] [u 494FB4B0-BC85-44E4-9B4D-4B7BCDD7ACD5:p B1AEF56C-CEA8-4561-AC25-10F0CA0D7AA2:c com.DefaultCompany.NeonDrift.run.1782381773.88841(1):i29870999] Successfully updated schema from (0) → (0), actions count = 0
2026-06-25 18:04:30.436 Df installd[91079:41cf3a] [com.apple.containermanager:xpc] Query; euid = 501, uid = 501, class = 1, identifier = [com.DefaultCompany.NeonDrift.run.1782381773.88841](1), flags = 300000002
2026-06-25 18:04:30.436 Df CoreSimulatorBridge[90817:41cf10] [com.apple.installcoordination:framework] -[IXAppInstallCoordinator _clientDelegate_didUpdateProgress:forPhase:overallProgress:]: <IXUpdatingAppInstallCoordinator<0x1058738c0> identity:[com.DefaultCompany.NeonDrift.run.1782381773.88841/Invalid/[system-defined]] uuid:B3F0A2BD-969F-4E5A-8189-BABA43E377FD creator:InstallCoordination Simple SPI>: Got did update progress delegate with percentComplete 60.000000 phase IXCoordinatorProgressPhaseInstalling overallProgress 84.000000
2026-06-25 18:04:30.436 Df CoreSimulatorBridge[90817:41cf10] [com.apple.installcoordination:framework] -[IXAppInstallCoordinator _clientDelegate_didUpdateProgress:forPhase:overallProgress:]_block_invoke: <IXUpdatingAppInstallCoordinator<0x1058738c0> identity:[com.DefaultCompany.NeonDrift.run.1782381773.88841/Invalid/[system-defined]] uuid:B3F0A2BD-969F-4E5A-8189-BABA43E377FD creator:InstallCoordination Simple SPI>: Calling selector coordinator:didUpdateProgress:forPhase:overallProgress: on observer <_IXSimpleInstallerDelegate 0x0x105be4de0>
2026-06-25 18:04:30.438 Df installd[91079:41cf3a] [com.apple.containermanager:query] Query; euid = 501, uid = 501, class = 2, identifier = [com.DefaultCompany.NeonDrift.run.1782381773.88841](1), flags = 300000003
2026-06-25 18:04:30.438 Df CoreSimulatorBridge[90817:41bbfc] [com.apple.installcoordination:framework] -[IXAppInstallCoordinator _clientDelegate_didUpdateProgress:forPhase:overallProgress:]: <IXUpdatingAppInstallCoordinator<0x1058738c0> identity:[com.DefaultCompany.NeonDrift.run.1782381773.88841/Invalid/[system-defined]] uuid:B3F0A2BD-969F-4E5A-8189-BABA43E377FD creator:InstallCoordination Simple SPI>: Got did update progress delegate with percentComplete 70.000000 phase IXCoordinatorProgressPhaseInstalling overallProgress 88.000000
2026-06-25 18:04:30.438 Df CoreSimulatorBridge[90817:41bbfc] [com.apple.installcoordination:framework] -[IXAppInstallCoordinator _clientDelegate_didUpdateProgress:forPhase:overallProgress:]_block_invoke: <IXUpdatingAppInstallCoordinator<0x1058738c0> identity:[com.DefaultCompany.NeonDrift.run.1782381773.88841/Invalid/[system-defined]] uuid:B3F0A2BD-969F-4E5A-8189-BABA43E377FD creator:InstallCoordination Simple SPI>: Calling selector coordinator:didUpdateProgress:forPhase:overallProgress: on observer <_IXSimpleInstallerDelegate 0x0x105be4de0>
2026-06-25 18:04:30.438 Df installd[91079:41cf3a] [com.apple.containermanager:query] Query; euid = 501, uid = 501, class = 2, identifier = [com.DefaultCompany.NeonDrift.run.1782381773.88841](1), flags = 300000002
2026-06-25 18:04:30.441 Df dmd[90880:41be9c] Received xpc stream event (distributed notification matching) with name: com.apple.LaunchServices.applicationRegistered user info: {
    bundleIDs =     (
        "com.DefaultCompany.NeonDrift.run.1782381773.88841"
    );
    isPlaceholder = 1;
}
2026-06-25 18:04:30.445 Df CoreSimulatorBridge[90817:41cf10] [com.apple.installcoordination:framework] -[IXAppInstallCoordinator _clientDelegate_didUpdateProgress:forPhase:overallProgress:]: <IXUpdatingAppInstallCoordinator<0x1058738c0> identity:[com.DefaultCompany.NeonDrift.run.1782381773.88841/Invalid/[system-defined]] uuid:B3F0A2BD-969F-4E5A-8189-BABA43E377FD creator:InstallCoordination Simple SPI>: Got did update progress delegate with percentComplete 80.000000 phase IXCoordinatorProgressPhaseInstalling overallProgress 92.000000
2026-06-25 18:04:30.445 Df CoreSimulatorBridge[90817:41cf10] [com.apple.installcoordination:framework] -[IXAppInstallCoordinator _clientDelegate_didUpdateProgress:forPhase:overallProgress:]_block_invoke: <IXUpdatingAppInstallCoordinator<0x1058738c0> identity:[com.DefaultCompany.NeonDrift.run.1782381773.88841/Invalid/[system-defined]] uuid:B3F0A2BD-969F-4E5A-8189-BABA43E377FD creator:InstallCoordination Simple SPI>: Calling selector coordinator:didUpdateProgress:forPhase:overallProgress: on observer <_IXSimpleInstallerDelegate 0x0x105be4de0>
2026-06-25 18:04:30.446 Df installd[91079:41cf3a] (MobileSystemServices) 0x16dd2b000 -[MIInstallationJournalEntry _refreshUUIDForContainer:withError:]: Data container for com.DefaultCompany.NeonDrift.run.1782381773.88841 is now at /Users/dragonkao/Library/Developer/CoreSimulator/Devices/115FDF0C-5A2F-4686-909B-7F43F1450A28/data/Containers/Data/Application/F50E6760-D14A-4BAA-981B-B67DE30CA7FB
2026-06-25 18:04:30.447 Df containermanagerd[90847:41bd2f] [com.apple.containermanager:schema] [u F62F5766-0767-4866-9D24-0BE45F6F7FC6:p F50E6760-D14A-4BAA-981B-B67DE30CA7FB:c com.DefaultCompany.NeonDrift.run.1782381773.88841(2):i0] Successfully updated schema from (0) → (1), actions count = 6
2026-06-25 18:04:30.447 Df installd[91079:41cf3a] [com.apple.containermanager:unspecified] Replace; old = [app:com.DefaultCompany.NeonDrift.run.1782381773.88841:501::(99BD7747-A67E-42C7-8AD2-A6802541D103)], new = [temp-app:com.DefaultCompany.NeonDrift.run.1782381773.88841:501::(494FB4B0-BC85-44E4-9B4D-4B7BCDD7ACD5)]
2026-06-25 18:04:30.449 Df installd[91079:41cf3a] [com.apple.containermanager:xpc] Query; euid = 501, uid = 501, class = 1, identifier = [com.DefaultCompany.NeonDrift.run.1782381773.88841](1), flags = 300000002
2026-06-25 18:04:30.449 Df installd[91079:41cf3a] (MobileSystemServices) 0x16dd2b000 -[MIContainer makeContainerLiveReplacingContainer:reason:waitForDeletion:withError:]: Made container live for com.DefaultCompany.NeonDrift.run.1782381773.88841 at /Users/dragonkao/Library/Developer/CoreSimulator/Devices/115FDF0C-5A2F-4686-909B-7F43F1450A28/data/Containers/Bundle/Application/AE36247C-F296-4611-BA5D-84F2271E13E3
2026-06-25 18:04:30.450 Df installd[91079:41cf3a] [com.apple.containermanager:xpc] Query; euid = 501, uid = 501, class = 1, identifier = [com.DefaultCompany.NeonDrift.run.1782381773.88841](1), flags = 300000002
2026-06-25 18:04:30.451 Df CoreSimulatorBridge[90817:41bbfc] [com.apple.installcoordination:framework] -[IXAppInstallCoordinator _clientDelegate_didUpdateProgress:forPhase:overallProgress:]: <IXUpdatingAppInstallCoordinator<0x1058738c0> identity:[com.DefaultCompany.NeonDrift.run.1782381773.88841/Invalid/[system-defined]] uuid:B3F0A2BD-969F-4E5A-8189-BABA43E377FD creator:InstallCoordination Simple SPI>: Got did update progress delegate with percentComplete 90.000000 phase IXCoordinatorProgressPhaseInstalling overallProgress 96.000000
2026-06-25 18:04:30.451 Df CoreSimulatorBridge[90817:41bbfc] [com.apple.installcoordination:framework] -[IXAppInstallCoordinator _clientDelegate_didUpdateProgress:forPhase:overallProgress:]_block_invoke: <IXUpdatingAppInstallCoordinator<0x1058738c0> identity:[com.DefaultCompany.NeonDrift.run.1782381773.88841/Invalid/[system-defined]] uuid:B3F0A2BD-969F-4E5A-8189-BABA43E377FD creator:InstallCoordination Simple SPI>: Calling selector coordinator:didUpdateProgress:forPhase:overallProgress: on observer <_IXSimpleInstallerDelegate 0x0x105be4de0>
2026-06-25 18:04:30.451 Df installd[91079:41cf3a] [com.apple.containermanager:unspecified] Requesting disk usage; class = 1, identifier = com.DefaultCompany.NeonDrift.run.1782381773.88841
2026-06-25 18:04:30.453 Df installd[91079:41cf3a] [com.apple.containermanager:query] Query; euid = 501, uid = 501, class = 7, identifier = [com.DefaultCompany.NeonDrift.run.1782381773.88841](1), flags = 300000001
2026-06-25 18:04:30.453 Df SpringBoard[90784:41bbc7] [com.apple.SpringBoard:Common] termination assertion released for com.DefaultCompany.NeonDrift.run.1782381773.88841
2026-06-25 18:04:30.455 Df installd[91079:41cf3a] (MobileSystemServices) 0x16dd2b000 -[MILaunchServicesOperationManager _onQueue_addPendingLaunchServicesOperation:error:]: Added pending LS operation <MILaunchServicesRegisterOperation: F2F66C6B-5E1C-498F-BCB4-581AEFE378D8:4 com.DefaultCompany.NeonDrift.run.1782381773.88841/MIInstallationDomainSystemShared personas:[com.apple.containermanager.primary-persona]>
2026-06-25 18:04:30.455 Df lsd[90836:41cf56] [com.apple.launchservices:appinstallation] Post installation registration: request to register com.DefaultCompany.NeonDrift.run.1782381773.88841, operation F2F66C6B-5E1C-498F-BCB4-581AEFE378D8, from pid 91079
2026-06-25 18:04:30.455 Df lsd[90836:41cf56] [com.apple.appinstallation:TransactionLog] com.DefaultCompany.NeonDrift.run.1782381773.88841/Unknown Persona:5:4:1:1:Registering bundles via registrant - start
2026-06-25 18:04:30.457 Df lsd[90836:41cf56] [com.apple.appinstallation:TransactionLog] com.DefaultCompany.NeonDrift.run.1782381773.88841/Unknown Persona:5:5:1:1:Building bundle record for app
2026-06-25 18:04:30.457 Df lsd[90836:41cf56] [com.apple.launchservices:appinstallation] Removed existing registered placeholder for com.DefaultCompany.NeonDrift.run.1782381773.88841
2026-06-25 18:04:30.457 Df lsd[90836:41cf56] [com.apple.launchservices:appinstallation] Removed existing registered bundle for com.DefaultCompany.NeonDrift.run.1782381773.88841
2026-06-25 18:04:30.457 Df lsd[90836:41cf56] [com.apple.appinstallation:TransactionLog] com.DefaultCompany.NeonDrift.run.1782381773.88841/Unknown Persona:5:5:2:1:Built bundle record for app
2026-06-25 18:04:30.457 Df lsd[90836:41cf56] [com.apple.launchservices:icons] clearAlternateNameForBundleIdentifier: won't clear for com.DefaultCompany.NeonDrift.run.1782381773.88841
2026-06-25 18:04:30.457 Df lsd[90836:41cf56] [com.apple.appinstallation:TransactionLog] com.DefaultCompany.NeonDrift.run.1782381773.88841/Unknown Persona:5:4:2:1:Registered bundle status = success
2026-06-25 18:04:30.458 Df lsd[90836:41cf56] [com.apple.appinstallation:TransactionLog] com.DefaultCompany.NeonDrift.run.1782381773.88841/Unknown Persona:5:4:2:1:Finished registering com.DefaultCompany.NeonDrift.run.1782381773.88841, bundle unit 504
2026-06-25 18:04:30.458 Df lsd[90836:41ce58] [com.apple.launchservices:progress] Installation ended for com.DefaultCompany.NeonDrift.run.1782381773.88841 with state 5
2026-06-25 18:04:30.458 Df lsd[90836:41ce58] [com.apple.launchservices:progress] Discarding proportions for com.DefaultCompany.NeonDrift.run.1782381773.88841
2026-06-25 18:04:30.458 Df liveactivitiesd[90852:41bd8b] [com.apple.launchservices:progress] Unpublishing progress block called for app com.DefaultCompany.NeonDrift.run.1782381773.88841
2026-06-25 18:04:30.458 Df lsd[90836:41cf55] [com.apple.launchservices:progress] Sending applicationsDidInstall: for (
    "<LSApplicationProxy: 0x1012f4000> com.DefaultCompany.NeonDrift.run.1782381773.88841 file:///Users/dragonkao/Library/Developer/CoreSimulator/Devices/115FDF0C-5A2F-4686-909B-7F43F1450A28/data/Containers/Bundle/Application/AE36247C-F296-4611-BA5D-84F2271E13E3/NeonDrift.run.1782381773.88841.app/ <com.DefaultCompany.NeonDrift.run.1782381773.88841 <installed >:0>"
)
2026-06-25 18:04:30.458 Df SpringBoard[90784:41bbc7] [com.apple.launchservices:progress] Unpublishing progress block called for app com.DefaultCompany.NeonDrift.run.1782381773.88841
2026-06-25 18:04:30.458 Df installd[91079:41cf3a] (MobileSystemServices) 0x16dd2b000 -[MIJournal purgeJournalEntry:withError:]: Removing journal entry <MIInstallationJournalEntry<0x1030b03c0> [com.DefaultCompany.NeonDrift.run.1782381773.88841/com.apple.containermanager.primary-persona/[system-defined]]/MIInstallationDomainSystemShared op:1 phase:JournalPhaseDidRegisterWithLS version:0>
2026-06-25 18:04:30.458 Df liveactivitiesd[90852:41be83] [com.apple.launchservices:progress] #LSInstallProgressList remove subscriber: <_NSProgressSubscriber: 0x105f34a80> publishingString: com.DefaultCompany.NeonDrift.run.1782381773.88841
2026-06-25 18:04:30.458 Df installd[91079:41cf3a] [com.apple.appinstallation:TransactionLog] com.DefaultCompany.NeonDrift.run.1782381773.88841/com.apple.containermanager.primary-persona:7:1:2:1:Success (End) : Install (Patch Update)
2026-06-25 18:04:30.458 Df installd[91079:41cf3a] (MobileSystemServices) 0x16dd2b000 -[MIInstaller _logOperationCompletionWithStartTime:distributorID:]: Install successful for (Developer:com.DefaultCompany.NeonDrift.run.1782381773.88841) [Distributor: (null)]; Staging: 0.00s; Waiting: 0.00s; Preflight/Patch: 0.02s, Verifying: 0.00s; Overall: 0.06s
2026-06-25 18:04:30.458 Df SpringBoard[90784:41cdf9] [com.apple.launchservices:progress] #LSInstallProgressList remove subscriber: <_NSProgressSubscriber: 0x126e43b40> publishingString: com.DefaultCompany.NeonDrift.run.1782381773.88841
2026-06-25 18:04:30.459 Df dasd[90813:41cf87] [com.apple.launchservices:appinstallation] Received applicationsDidInstall:(
    "<LSApplicationProxy: 0x103b643c0> com.DefaultCompany.NeonDrift.run.1782381773.88841 file:///Users/dragonkao/Library/Developer/CoreSimulator/Devices/115FDF0C-5A2F-4686-909B-7F43F1450A28/data/Containers/Bundle/Application/AE36247C-F296-4611-BA5D-84F2271E13E3/NeonDrift.run.1782381773.88841.app/ <com.DefaultCompany.NeonDrift.run.1782381773.88841 <installed >:0>"
)
2026-06-25 18:04:30.459 Df activityawardsd[91132:41ce8d] [com.apple.launchservices:appinstallation] Received applicationsDidInstall:(
    "<LSApplicationProxy: 0x103d2cd80> com.DefaultCompany.NeonDrift.run.1782381773.88841 file:///Users/dragonkao/Library/Developer/CoreSimulator/Devices/115FDF0C-5A2F-4686-909B-7F43F1450A28/data/Containers/Bundle/Application/AE36247C-F296-4611-BA5D-84F2271E13E3/NeonDrift.run.1782381773.88841.app/ <com.DefaultCompany.NeonDrift.run.1782381773.88841 <installed >:0>"
)
2026-06-25 18:04:30.459 Df installcoordinationd[91072:41c2bd] [com.apple.installcoordination:daemon] -[IXSPendingOperationsTracker endPendingOperationForIdentity:]_block_invoke: Ending pending operation for [com.DefaultCompany.NeonDrift.run.1782381773.88841/Invalid/[system-defined]]
2026-06-25 18:04:30.459 Df callservicesd[90869:41cf89] [com.apple.launchservices:appinstallation] Received applicationsDidInstall:(
    "<LSApplicationProxy: 0x106f20fc0> com.DefaultCompany.NeonDrift.run.1782381773.88841 file:///Users/dragonkao/Library/Developer/CoreSimulator/Devices/115FDF0C-5A2F-4686-909B-7F43F1450A28/data/Containers/Bundle/Application/AE36247C-F296-4611-BA5D-84F2271E13E3/NeonDrift.run.1782381773.88841.app/ <com.DefaultCompany.NeonDrift.run.1782381773.88841 <installed >:0>"
)
2026-06-25 18:04:30.459 Df profiled[90891:41bee5] [com.apple.launchservices:appinstallation] Received applicationsDidInstall:(
    "<LSApplicationProxy: 0x1017fc000> com.DefaultCompany.NeonDrift.run.1782381773.88841 file:///Users/dragonkao/Library/Developer/CoreSimulator/Devices/115FDF0C-5A2F-4686-909B-7F43F1450A28/data/Containers/Bundle/Application/AE36247C-F296-4611-BA5D-84F2271E13E3/NeonDrift.run.1782381773.88841.app/ <com.DefaultCompany.NeonDrift.run.1782381773.88841 <installed >:0>"
)
2026-06-25 18:04:30.459 Df financed[90909:41c0f1] [com.apple.launchservices:appinstallation] Received applicationsDidInstall:(
    "<LSApplicationProxy: 0x10999b6c0> com.DefaultCompany.NeonDrift.run.1782381773.88841 file:///Users/dragonkao/Library/Developer/CoreSimulator/Devices/115FDF0C-5A2F-4686-909B-7F43F1450A28/data/Containers/Bundle/Application/AE36247C-F296-4611-BA5D-84F2271E13E3/NeonDrift.run.1782381773.88841.app/ <com.DefaultCompany.NeonDrift.run.1782381773.88841 <installed >:0>"
)
2026-06-25 18:04:30.459 Df sleepd[90814:41cf8b] [com.apple.launchservices:appinstallation] Received applicationsDidInstall:(
    "<LSApplicationProxy: 0x103660000> com.DefaultCompany.NeonDrift.run.1782381773.88841 file:///Users/dragonkao/Library/Developer/CoreSimulator/Devices/115FDF0C-5A2F-4686-909B-7F43F1450A28/data/Containers/Bundle/Application/AE36247C-F296-4611-BA5D-84F2271E13E3/NeonDrift.run.1782381773.88841.app/ <com.DefaultCompany.NeonDrift.run.1782381773.88841 <installed >:0>"
)
2026-06-25 18:04:30.460 Df lsd[90836:41bc8b] [com.apple.launchservices:progress] unsubscribing from com.DefaultCompany.NeonDrift.run.1782381773.88841.Installing as it was unpublished
2026-06-25 18:04:30.460 Df homed[90874:41c477] [com.apple.launchservices:appinstallation] Received applicationsDidInstall:(
    "<LSApplicationProxy: 0x105610f00> com.DefaultCompany.NeonDrift.run.1782381773.88841 file:///Users/dragonkao/Library/Developer/CoreSimulator/Devices/115FDF0C-5A2F-4686-909B-7F43F1450A28/data/Containers/Bundle/Application/AE36247C-F296-4611-BA5D-84F2271E13E3/NeonDrift.run.1782381773.88841.app/ <com.DefaultCompany.NeonDrift.run.1782381773.88841 <installed >:0>"
)
2026-06-25 18:04:30.460 Df lsd[90836:41bc8b] [com.apple.launchservices:progress] #LSInstallProgressList remove subscriber: <_NSProgressSubscriber: 0x1012ef2a0> publishingString: com.DefaultCompany.NeonDrift.run.1782381773.88841.Installing
2026-06-25 18:04:30.460 Df dasd[90813:41cf87] [com.apple.appinstallation:TransactionLog] com.DefaultCompany.NeonDrift.run.1782381773.88841/Unknown Persona:5:8:3:1:applicationsDidInstall <LSApplicationProxy: 0x103b64240> com.DefaultCompany.NeonDrift.run.1782381773.88841 file:///Users/dragonkao/Library/Developer/CoreSimulator/Devices/115FDF0C-5A2F-4686-909B-7F43F1450A28/data/Containers/Bundle/Application/AE36247C-F296-4611-BA5D-84F2271E13E3/NeonDrift.run.1782381773.88841.app/ <com.DefaultCompany.NeonDrift.run.1782381773.88841 <installed >:0>
2026-06-25 18:04:30.460 Df CoreSimulatorBridge[90817:41cf10] [com.apple.installcoordination:framework] -[IXAppInstallCoordinator _clientDelegate_didUpdateProgress:forPhase:overallProgress:]: <IXUpdatingAppInstallCoordinator<0x1058738c0> identity:[com.DefaultCompany.NeonDrift.run.1782381773.88841/Invalid/[system-defined]] uuid:B3F0A2BD-969F-4E5A-8189-BABA43E377FD creator:InstallCoordination Simple SPI>: Got did update progress delegate with percentComplete 100.000000 phase IXCoordinatorProgressPhaseInstalling overallProgress 100.000000
2026-06-25 18:04:30.460 Df CoreSimulatorBridge[90817:41cf10] [com.apple.installcoordination:framework] -[IXAppInstallCoordinator _clientDelegate_didUpdateProgress:forPhase:overallProgress:]_block_invoke: <IXUpdatingAppInstallCoordinator<0x1058738c0> identity:[com.DefaultCompany.NeonDrift.run.1782381773.88841/Invalid/[system-defined]] uuid:B3F0A2BD-969F-4E5A-8189-BABA43E377FD creator:InstallCoordination Simple SPI>: Calling selector coordinator:didUpdateProgress:forPhase:overallProgress: on observer <_IXSimpleInstallerDelegate 0x0x105be4de0>
2026-06-25 18:04:30.460 Df routined[90795:41bdd7] [com.apple.launchservices:appinstallation] Received applicationsDidInstall:(
    "<LSApplicationProxy: 0x105d61080> com.DefaultCompany.NeonDrift.run.1782381773.88841 file:///Users/dragonkao/Library/Developer/CoreSimulator/Devices/115FDF0C-5A2F-4686-909B-7F43F1450A28/data/Containers/Bundle/Application/AE36247C-F296-4611-BA5D-84F2271E13E3/NeonDrift.run.1782381773.88841.app/ <com.DefaultCompany.NeonDrift.run.1782381773.88841 <installed >:0>"
)
2026-06-25 18:04:30.460 Df installcoordinationd[91072:41c2bd] [com.apple.installcoordination:daemon] -[IXSCoordinatedAppInstall setComplete:]: <IXSCoordinatedAppInstall<0x1035ec000> [P=CoreSimulatorBridge (pid 90817)] identifier:[com.DefaultCompany.NeonDrift.run.1782381773.88841/Invalid/[system-defined]] uuid:B3F0A2BD-969F-4E5A-8189-BABA43E377FD intent:IXCoordinatorIntentUpdating creator/appDRI:InstallCoordination Simple SPI importance:UserWaiting state:IXAppCoordinationStateComplete promise-state:PA2I4> complete!
2026-06-25 18:04:30.460 Df installcoordinationd[91072:41c2bd] [com.apple.installcoordination:daemon] -[IXSPowerAssertion invalidate]: Released power assertion IXPowerAssertion-12-[com.DefaultCompany.NeonDrift.run.1782381773.88841/Invalid/[system-defined]]
2026-06-25 18:04:30.460 Df nsurlsessiond[90835:41bd85] [com.apple.launchservices:appinstallation] Received applicationsDidInstall:(
    "<LSApplicationProxy: 0x103e14240> com.DefaultCompany.NeonDrift.run.1782381773.88841 file:///Users/dragonkao/Library/Developer/CoreSimulator/Devices/115FDF0C-5A2F-4686-909B-7F43F1450A28/data/Containers/Bundle/Application/AE36247C-F296-4611-BA5D-84F2271E13E3/NeonDrift.run.1782381773.88841.app/ <com.DefaultCompany.NeonDrift.run.1782381773.88841 <installed >:0>"
)
2026-06-25 18:04:30.460 Df liveactivitiesd[90852:41be83] [com.apple.launchservices:appinstallation] Received applicationsDidInstall:(
    "<LSApplicationProxy: 0x105e9d5c0> com.DefaultCompany.NeonDrift.run.1782381773.88841 file:///Users/dragonkao/Library/Developer/CoreSimulator/Devices/115FDF0C-5A2F-4686-909B-7F43F1450A28/data/Containers/Bundle/Application/AE36247C-F296-4611-BA5D-84F2271E13E3/NeonDrift.run.1782381773.88841.app/ <com.DefaultCompany.NeonDrift.run.1782381773.88841 <installed >:0>"
)
2026-06-25 18:04:30.460 Df passd[90816:41bede] [com.apple.launchservices:appinstallation] Received applicationsDidInstall:(
    "<LSApplicationProxy: 0x10a4aa1c0> com.DefaultCompany.NeonDrift.run.1782381773.88841 file:///Users/dragonkao/Library/Developer/CoreSimulator/Devices/115FDF0C-5A2F-4686-909B-7F43F1450A28/data/Containers/Bundle/Application/AE36247C-F296-4611-BA5D-84F2271E13E3/NeonDrift.run.1782381773.88841.app/ <com.DefaultCompany.NeonDrift.run.1782381773.88841 <installed >:0>"
)
2026-06-25 18:04:30.460 Df webbookmarksd[90911:41cf8d] [com.apple.launchservices:appinstallation] Received applicationsDidInstall:(
    "<LSApplicationProxy: 0x1061b8000> com.DefaultCompany.NeonDrift.run.1782381773.88841 file:///Users/dragonkao/Library/Developer/CoreSimulator/Devices/115FDF0C-5A2F-4686-909B-7F43F1450A28/data/Containers/Bundle/Application/AE36247C-F296-4611-BA5D-84F2271E13E3/NeonDrift.run.1782381773.88841.app/ <com.DefaultCompany.NeonDrift.run.1782381773.88841 <installed >:0>"
)
2026-06-25 18:04:30.460 Df profiled[90891:41bee5] [com.apple.appinstallation:TransactionLog] com.DefaultCompany.NeonDrift.run.1782381773.88841/Unknown Persona:5:8:3:1:applicationsDidInstall <LSApplicationProxy: 0x1017fc0c0> com.DefaultCompany.NeonDrift.run.1782381773.88841 file:///Users/dragonkao/Library/Developer/CoreSimulator/Devices/115FDF0C-5A2F-4686-909B-7F43F1450A28/data/Containers/Bundle/Application/AE36247C-F296-4611-BA5D-84F2271E13E3/NeonDrift.run.1782381773.88841.app/ <com.DefaultCompany.NeonDrift.run.1782381773.88841 <installed >:0>
2026-06-25 18:04:30.460 Df locationd[90811:41cdd9] [com.apple.launchservices:appinstallation] Received applicationsDidInstall:(
    "<LSApplicationProxy: 0x107b94600> com.DefaultCompany.NeonDrift.run.1782381773.88841 file:///Users/dragonkao/Library/Developer/CoreSimulator/Devices/115FDF0C-5A2F-4686-909B-7F43F1450A28/data/Containers/Bundle/Application/AE36247C-F296-4611-BA5D-84F2271E13E3/NeonDrift.run.1782381773.88841.app/ <com.DefaultCompany.NeonDrift.run.1782381773.88841 <installed >:0>"
)
2026-06-25 18:04:30.461 Df activityawardsd[91132:41ce8d] [com.apple.appinstallation:TransactionLog] com.DefaultCompany.NeonDrift.run.1782381773.88841/Unknown Persona:5:8:3:1:applicationsDidInstall <LSApplicationProxy: 0x103d2ccc0> com.DefaultCompany.NeonDrift.run.1782381773.88841 file:///Users/dragonkao/Library/Developer/CoreSimulator/Devices/115FDF0C-5A2F-4686-909B-7F43F1450A28/data/Containers/Bundle/Application/AE36247C-F296-4611-BA5D-84F2271E13E3/NeonDrift.run.1782381773.88841.app/ <com.DefaultCompany.NeonDrift.run.1782381773.88841 <installed >:0>
2026-06-25 18:04:30.461 Df installcoordinationd[91072:41c2bd] [com.apple.installcoordination:daemon] -[IXSDataPromise decommission]: Decommissioning <IXSPromisedTransferToPath(0x1034dd000) Name:Icon resources for com.DefaultCompany.NeonDrift.run.1782381773.88841 Creator:InstallCoordination Simple SPI UUID:D35D7D89-8E35-4BDD-883F-29B630904102 Location:[system-defined]>
2026-06-25 18:04:30.461 Df clipserviced[91222:41c861] [com.apple.launchservices:appinstallation] Received applicationsDidInstall:(
    "<LSApplicationProxy: 0x1035193c0> com.DefaultCompany.NeonDrift.run.1782381773.88841 file:///Users/dragonkao/Library/Developer/CoreSimulator/Devices/115FDF0C-5A2F-4686-909B-7F43F1450A28/data/Containers/Bundle/Application/AE36247C-F296-4611-BA5D-84F2271E13E3/NeonDrift.run.1782381773.88841.app/ <com.DefaultCompany.NeonDrift.run.1782381773.88841 <installed >:0>"
)
2026-06-25 18:04:30.461 Df runningboardd[90790:41bca4] [com.apple.launchservices:appinstallation] Received applicationsDidInstall:(
    "<LSApplicationProxy: 0x10599c000> com.DefaultCompany.NeonDrift.run.1782381773.88841 file:///Users/dragonkao/Library/Developer/CoreSimulator/Devices/115FDF0C-5A2F-4686-909B-7F43F1450A28/data/Containers/Bundle/Application/AE36247C-F296-4611-BA5D-84F2271E13E3/NeonDrift.run.1782381773.88841.app/ <com.DefaultCompany.NeonDrift.run.1782381773.88841 <installed >:0>"
)
2026-06-25 18:04:30.461 Df gamed[90894:41c096] [com.apple.launchservices:appinstallation] Received applicationsDidInstall:(
    "<LSApplicationProxy: 0x101b30d80> com.DefaultCompany.NeonDrift.run.1782381773.88841 file:///Users/dragonkao/Library/Developer/CoreSimulator/Devices/115FDF0C-5A2F-4686-909B-7F43F1450A28/data/Containers/Bundle/Application/AE36247C-F296-4611-BA5D-84F2271E13E3/NeonDrift.run.1782381773.88841.app/ <com.DefaultCompany.NeonDrift.run.1782381773.88841 <installed >:0>"
)
2026-06-25 18:04:30.461 Df deviceaccessd[90898:41cf8f] [com.apple.launchservices:appinstallation] Received applicationsDidInstall:(
    "<LSApplicationProxy: 0x1039706c0> com.DefaultCompany.NeonDrift.run.1782381773.88841 file:///Users/dragonkao/Library/Developer/CoreSimulator/Devices/115FDF0C-5A2F-4686-909B-7F43F1450A28/data/Containers/Bundle/Application/AE36247C-F296-4611-BA5D-84F2271E13E3/NeonDrift.run.1782381773.88841.app/ <com.DefaultCompany.NeonDrift.run.1782381773.88841 <installed >:0>"
)
2026-06-25 18:04:30.461 Df callservicesd[90869:41cf89] [com.apple.appinstallation:TransactionLog] com.DefaultCompany.NeonDrift.run.1782381773.88841/Unknown Persona:5:8:3:1:applicationsDidInstall <LSApplicationProxy: 0x106f20e40> com.DefaultCompany.NeonDrift.run.1782381773.88841 file:///Users/dragonkao/Library/Developer/CoreSimulator/Devices/115FDF0C-5A2F-4686-909B-7F43F1450A28/data/Containers/Bundle/Application/AE36247C-F296-4611-BA5D-84F2271E13E3/NeonDrift.run.1782381773.88841.app/ <com.DefaultCompany.NeonDrift.run.1782381773.88841 <installed >:0>
2026-06-25 18:04:30.461 Df sleepd[90814:41cf8b] [com.apple.appinstallation:TransactionLog] com.DefaultCompany.NeonDrift.run.1782381773.88841/Unknown Persona:5:8:3:1:applicationsDidInstall <LSApplicationProxy: 0x1036603c0> com.DefaultCompany.NeonDrift.run.1782381773.88841 file:///Users/dragonkao/Library/Developer/CoreSimulator/Devices/115FDF0C-5A2F-4686-909B-7F43F1450A28/data/Containers/Bundle/Application/AE36247C-F296-4611-BA5D-84F2271E13E3/NeonDrift.run.1782381773.88841.app/ <com.DefaultCompany.NeonDrift.run.1782381773.88841 <installed >:0>
2026-06-25 18:04:30.461 Df installcoordinationd[91072:41c2bd] [com.apple.installcoordination:daemon] -[IXSDataPromise decommission]: Decommissioning <IXSPromisedInMemoryDictionary(0x1034dd180) Name:Info.plist icon content for com.DefaultCompany.NeonDrift.run.1782381773.88841 Creator:InstallCoordination Simple SPI UUID:228CE966-48EF-41CE-8039-A5FC2186E96B Location:[system-defined]>
2026-06-25 18:04:30.461 Df callservicesd[90869:41cf89] [com.apple.calls.copresencecore:Default] Invalidating cached value for bundle identifier: com.DefaultCompany.NeonDrift.run.1782381773.88841
2026-06-25 18:04:30.461 Df financed[90909:41c0f1] [com.apple.appinstallation:TransactionLog] com.DefaultCompany.NeonDrift.run.1782381773.88841/Unknown Persona:5:8:3:1:applicationsDidInstall <LSApplicationProxy: 0x10999b900> com.DefaultCompany.NeonDrift.run.1782381773.88841 file:///Users/dragonkao/Library/Developer/CoreSimulator/Devices/115FDF0C-5A2F-4686-909B-7F43F1450A28/data/Containers/Bundle/Application/AE36247C-F296-4611-BA5D-84F2271E13E3/NeonDrift.run.1782381773.88841.app/ <com.DefaultCompany.NeonDrift.run.1782381773.88841 <installed >:0>
2026-06-25 18:04:30.461 Df lsd[90836:41cf55] [com.apple.launchservices:progress] Sent distributed notification com.apple.LaunchServices.applicationRegistered with payload {
    bundleIDs =     (
        "com.DefaultCompany.NeonDrift.run.1782381773.88841"
    );
    isPlaceholder = 0;
}
2026-06-25 18:04:30.461 Df donotdisturbd[90834:41cbb3] [com.apple.launchservices:appinstallation] Received applicationsDidInstall:(
    "<LSApplicationProxy: 0x1015d9800> com.DefaultCompany.NeonDrift.run.1782381773.88841 file:///Users/dragonkao/Library/Developer/CoreSimulator/Devices/115FDF0C-5A2F-4686-909B-7F43F1450A28/data/Containers/Bundle/Application/AE36247C-F296-4611-BA5D-84F2271E13E3/NeonDrift.run.1782381773.88841.app/ <com.DefaultCompany.NeonDrift.run.1782381773.88841 <installed >:0>"
)
2026-06-25 18:04:30.461 Df appstored[91064:41c29b] [com.apple.launchservices:appinstallation] Received applicationsDidInstall:(
