Timestamp               Ty Process[PID:TID]
2026-07-11 15:12:30.240 Df CoreSimulatorBridge[21984:2daef] Request received for installation of file:///Users/dragonkao/.openclaw/workspace/382b9e3384298039b171c9b2a60ae644/NeonDrift_MVP/project/xcode_derived_data/Build/Products/Release-iphonesimulator/NeonDrift.run.1783753904.26332.app/ with options: {
    PackageType = Developer;
    SimulatorRootPath = "/Library/Developer/CoreSimulator/Volumes/iOS_23E254a/Library/Developer/CoreSimulator/Profiles/Runtimes/iOS 26.4.simruntime/Contents/Resources/RuntimeRoot";
    SimulatorUserPath = "/Users/dragonkao/Library/Developer/CoreSimulator/Devices/CC47DE7A-8196-4465-A5A5-BB852C9C6C82/data";
}
2026-07-11 15:12:30.240 Df CoreSimulatorBridge[21984:2daef] [com.apple.installcoordination:framework] +[IXAppInstallCoordinator(IXSimpleInstaller) _beginInstallForURL:forPersonaUniqueString:consumeSource:options:progressBlock:completionWithIdentity:]: Beginning install for /Users/dragonkao/.openclaw/workspace/382b9e3384298039b171c9b2a60ae644/NeonDrift_MVP/project/xcode_derived_data/Build/Products/Release-iphonesimulator/NeonDrift.run.1783753904.26332.app consuming source:N options:{
    IsUserInitiated = 1;
    PackageType = Developer;
} installationRequestorAuditToken: NULL
2026-07-11 15:12:30.251 Df installcoordinationd[22100:2c232] [com.apple.installcoordination:daemon] -[IXSDataPromiseManager registerPromise:]: Registered promise <IXSPlaceholder(0x105528500) Name:App Placeholder: NeonDrift.run.1783753904.26332 (com.DefaultCompany.NeonDrift.run.1783753904.26332) Creator:InstallCoordination Simple SPI UUID:C19F0788-D78C-4301-AC9D-D6B617493E21 Location:[system-defined]> for UUID C19F0788-D78C-4301-AC9D-D6B617493E21
2026-07-11 15:12:30.252 Df installcoordinationd[22100:2c232] [com.apple.installcoordination:daemon] -[IXSPlaceholder setAttributes:]: <IXSPlaceholder(0x105528500) Name:App Placeholder: NeonDrift.run.1783753904.26332 (com.DefaultCompany.NeonDrift.run.1783753904.26332) Creator:InstallCoordination Simple SPI UUID:C19F0788-D78C-4301-AC9D-D6B617493E21 Location:[system-defined]>: setting placeholder attributes to <IXPlaceholderAttributes<0x1054c4000> : {
    CFBundleShortVersionString = "1.0";
    CFBundleSupportedPlatforms =     (
        iPhoneSimulator
    );
    CFBundleVersion = 0;
    DTPlatformName = iphonesimulator;
    LSRequiresIPhoneOS = 1;
    MinimumOSVersion = "13.0";
    UIDeviceFamily =     (
        1,
        2
    );
    UIRequiredDeviceCapabilities =     {
        arm64 = 1;
        metal = 1;
    };
}>
2026-07-11 15:12:30.253 Df CoreSimulatorBridge[21984:347e5] [com.apple.installcoordination:framework] +[IXPlaceholder _setEntitlementsFromBundleExecutableURL:withBundleID:client:onPlaceholder:location:error:]: Executable for com.DefaultCompany.NeonDrift.run.1783753904.26332 at NeonDrift.run.1783753904.26332 -- file:///Users/dragonkao/.openclaw/workspace/382b9e3384298039b171c9b2a60ae644/NeonDrift_MVP/project/xcode_derived_data/Build/Products/Release-iphonesimulator/NeonDrift.run.1783753904.26332.app/ had no entitlements
2026-07-11 15:12:30.253 Df CoreSimulatorBridge[21984:347e5] [com.apple.installcoordination:framework] +[IXPlaceholder _placeholderForBundle:client:withParent:installType:metadata:placeholderType:mayBeDeltaPackage:isFromSerializedPlaceholder:location:error:]: Using full fidelity icons for com.DefaultCompany.NeonDrift.run.1783753904.26332 at /Users/dragonkao/.openclaw/workspace/382b9e3384298039b171c9b2a60ae644/NeonDrift_MVP/project/xcode_derived_data/Build/Products/Release-iphonesimulator/NeonDrift.run.1783753904.26332.app
2026-07-11 15:12:30.253 Df installcoordinationd[22100:2c232] [com.apple.installcoordination:daemon] -[IXSDataPromiseManager registerPromise:]: Registered promise <IXSPromisedTransferToPath(0x1054fcf00) Name:Icon resources for com.DefaultCompany.NeonDrift.run.1783753904.26332 Creator:InstallCoordination Simple SPI UUID:5FC1E52C-EBA9-4162-8309-EEAE03F5E9C6 Location:[system-defined]> for UUID 5FC1E52C-EBA9-4162-8309-EEAE03F5E9C6
2026-07-11 15:12:30.267 Df CoreSimulatorBridge[21984:347e5] [com.apple.installcoordination:framework] -[IXPromisedTransferToPath setComplete:]: <IXPromisedTransferToPath<0x106088c00> name:"Icon resources for com.DefaultCompany.NeonDrift.run.1783753904.26332" uuid:5FC1E52C-EBA9-4162-8309-EEAE03F5E9C6 creator:"InstallCoordination Simple SPI" location:[system-defined]> Move operation from /Users/dragonkao/Library/Developer/CoreSimulator/Devices/CC47DE7A-8196-4465-A5A5-BB852C9C6C82/data/Containers/Shared/SystemGroup/systemgroup.com.apple.installcoordinationd/Library/InstallCoordination/PromiseStaging/5FC1E52C-EBA9-4162-8309-EEAE03F5E9C6/temp.yKH7wK to /Users/dragonkao/Library/Developer/CoreSimulator/Devices/CC47DE7A-8196-4465-A5A5-BB852C9C6C82/data/Containers/Shared/SystemGroup/systemgroup.com.apple.installcoordinationd/Library/InstallCoordination/PromiseStaging/5FC1E52C-EBA9-4162-8309-EEAE03F5E9C6/temp.yKH7wK took 0.000051 seconds
2026-07-11 15:12:30.268 Df installcoordinationd[22100:2c232] [com.apple.installcoordination:daemon] -[IXSDataPromise _setPercentComplete:saveStateIfNeeded:]: Progress: <IXSPromisedTransferToPath(0x1054fcf00) Name:Icon resources for com.DefaultCompany.NeonDrift.run.1783753904.26332 Creator:InstallCoordination Simple SPI UUID:5FC1E52C-EBA9-4162-8309-EEAE03F5E9C6 Location:[system-defined]>
2026-07-11 15:12:30.268 Df installcoordinationd[22100:347e6] [com.apple.installcoordination:daemon] -[IXSDataPromiseManager promiseDidBegin:]: Unowned promise began: <IXSPromisedTransferToPath(0x1054fcf00) Name:Icon resources for com.DefaultCompany.NeonDrift.run.1783753904.26332 Creator:InstallCoordination Simple SPI UUID:5FC1E52C-EBA9-4162-8309-EEAE03F5E9C6 Location:[system-defined]>
2026-07-11 15:12:30.268 Df installcoordinationd[22100:347e6] [com.apple.installcoordination:daemon] -[IXSDataPromiseManager promise:didUpdateProgress:]: Unowned promise update progress to 1.000000 : <IXSPromisedTransferToPath(0x1054fcf00) Name:Icon resources for com.DefaultCompany.NeonDrift.run.1783753904.26332 Creator:InstallCoordination Simple SPI UUID:5FC1E52C-EBA9-4162-8309-EEAE03F5E9C6 Location:[system-defined]>
2026-07-11 15:12:30.269 Df installcoordinationd[22100:2c232] [com.apple.installcoordination:daemon] -[IXSDataPromiseManager promiseDidComplete:]: Unowned promise completed: <IXSPromisedTransferToPath(0x1054fcf00) Name:Icon resources for com.DefaultCompany.NeonDrift.run.1783753904.26332 Creator:InstallCoordination Simple SPI UUID:5FC1E52C-EBA9-4162-8309-EEAE03F5E9C6 Location:[system-defined]>
2026-07-11 15:12:30.270 Df installcoordinationd[22100:347e6] [com.apple.installcoordination:daemon] -[IXSDataPromise _setPercentComplete:saveStateIfNeeded:]: Progress: <IXSPromisedInMemoryDictionary(0x1054fd080) Name:Info.plist icon content for com.DefaultCompany.NeonDrift.run.1783753904.26332 Creator:InstallCoordination Simple SPI UUID:97A4C20E-75FC-4625-885C-CE4195EBE234 Location:[system-defined]>
2026-07-11 15:12:30.270 Df installcoordinationd[22100:347e6] [com.apple.installcoordination:daemon] -[IXSDataPromiseManager registerPromise:]: Registered promise <IXSPromisedInMemoryDictionary(0x1054fd080) Name:Info.plist icon content for com.DefaultCompany.NeonDrift.run.1783753904.26332 Creator:InstallCoordination Simple SPI UUID:97A4C20E-75FC-4625-885C-CE4195EBE234 Location:[system-defined]> for UUID 97A4C20E-75FC-4625-885C-CE4195EBE234
2026-07-11 15:12:30.270 Df installcoordinationd[22100:347e9] [com.apple.installcoordination:daemon] -[IXSDataPromiseManager promiseDidBegin:]: Unowned promise began: <IXSPromisedInMemoryDictionary(0x1054fd080) Name:Info.plist icon content for com.DefaultCompany.NeonDrift.run.1783753904.26332 Creator:InstallCoordination Simple SPI UUID:97A4C20E-75FC-4625-885C-CE4195EBE234 Location:[system-defined]>
2026-07-11 15:12:30.270 Df installcoordinationd[22100:347e9] [com.apple.installcoordination:daemon] -[IXSDataPromiseManager promise:didUpdateProgress:]: Unowned promise update progress to 1.000000 : <IXSPromisedInMemoryDictionary(0x1054fd080) Name:Info.plist icon content for com.DefaultCompany.NeonDrift.run.1783753904.26332 Creator:InstallCoordination Simple SPI UUID:97A4C20E-75FC-4625-885C-CE4195EBE234 Location:[system-defined]>
2026-07-11 15:12:30.270 Df installcoordinationd[22100:347e9] [com.apple.installcoordination:daemon] -[IXSDataPromiseManager promiseDidComplete:]: Unowned promise completed: <IXSPromisedInMemoryDictionary(0x1054fd080) Name:Info.plist icon content for com.DefaultCompany.NeonDrift.run.1783753904.26332 Creator:InstallCoordination Simple SPI UUID:97A4C20E-75FC-4625-885C-CE4195EBE234 Location:[system-defined]>
2026-07-11 15:12:30.271 Df installcoordinationd[22100:347e6] [com.apple.installcoordination:daemon] -[IXSPlaceholder setIconResourcesPromise:]: <IXSPlaceholder(0x105528500) Name:App Placeholder: NeonDrift.run.1783753904.26332 (com.DefaultCompany.NeonDrift.run.1783753904.26332) Creator:InstallCoordination Simple SPI UUID:C19F0788-D78C-4301-AC9D-D6B617493E21 Location:[system-defined]>: setting icon resources promise to <IXSPromisedTransferToPath(0x1054fcf00) Name:Icon resources for com.DefaultCompany.NeonDrift.run.1783753904.26332 Creator:InstallCoordination Simple SPI UUID:5FC1E52C-EBA9-4162-8309-EEAE03F5E9C6 Location:[system-defined]>
2026-07-11 15:12:30.271 Df installcoordinationd[22100:347e6] [com.apple.installcoordination:daemon] -[IXSPlaceholder setInfoPlistIconContentPromise:]: <IXSPlaceholder(0x105528500) Name:App Placeholder: NeonDrift.run.1783753904.26332 (com.DefaultCompany.NeonDrift.run.1783753904.26332) Creator:InstallCoordination Simple SPI UUID:C19F0788-D78C-4301-AC9D-D6B617493E21 Location:[system-defined]>: setting Info.plist icon content promise to <IXSPromisedInMemoryDictionary(0x1054fd080) Name:Info.plist icon content for com.DefaultCompany.NeonDrift.run.1783753904.26332 Creator:InstallCoordination Simple SPI UUID:97A4C20E-75FC-4625-885C-CE4195EBE234 Location:[system-defined]>
2026-07-11 15:12:30.272 Df installcoordinationd[22100:347e6] [com.apple.installcoordination:daemon] -[IXSDataPromiseManager promiseDidBegin:]: Unowned promise began: <IXSPlaceholder(0x105528500) Name:App Placeholder: NeonDrift.run.1783753904.26332 (com.DefaultCompany.NeonDrift.run.1783753904.26332) Creator:InstallCoordination Simple SPI UUID:C19F0788-D78C-4301-AC9D-D6B617493E21 Location:[system-defined]>
2026-07-11 15:12:30.272 Df installcoordinationd[22100:347e6] [com.apple.installcoordination:daemon] -[IXSDataPromiseManager promise:didUpdateProgress:]: Unowned promise update progress to 0.000000 : <IXSPlaceholder(0x105528500) Name:App Placeholder: NeonDrift.run.1783753904.26332 (com.DefaultCompany.NeonDrift.run.1783753904.26332) Creator:InstallCoordination Simple SPI UUID:C19F0788-D78C-4301-AC9D-D6B617493E21 Location:[system-defined]>
2026-07-11 15:12:30.272 Df installcoordinationd[22100:347e6] [com.apple.installcoordination:daemon] -[IXSDataPromiseManager promise:didUpdateProgress:]: Unowned promise update progress to 0.000000 : <IXSPlaceholder(0x105528500) Name:App Placeholder: NeonDrift.run.1783753904.26332 (com.DefaultCompany.NeonDrift.run.1783753904.26332) Creator:InstallCoordination Simple SPI UUID:C19F0788-D78C-4301-AC9D-D6B617493E21 Location:[system-defined]>
2026-07-11 15:12:30.273 Df installcoordinationd[22100:347e9] [com.apple.installcoordination:daemon] -[IXSDataPromise _setPercentComplete:saveStateIfNeeded:]: Progress: <IXSPromisedInMemoryDictionary(0x1054fd200) Name:Localizations for com.DefaultCompany.NeonDrift.run.1783753904.26332 Creator:InstallCoordination Simple SPI UUID:67862EE4-F99D-4562-BE90-E6DEC2FDB8C2 Location:[system-defined]>
2026-07-11 15:12:30.273 Df installcoordinationd[22100:347e9] [com.apple.installcoordination:daemon] -[IXSDataPromiseManager registerPromise:]: Registered promise <IXSPromisedInMemoryDictionary(0x1054fd200) Name:Localizations for com.DefaultCompany.NeonDrift.run.1783753904.26332 Creator:InstallCoordination Simple SPI UUID:67862EE4-F99D-4562-BE90-E6DEC2FDB8C2 Location:[system-defined]> for UUID 67862EE4-F99D-4562-BE90-E6DEC2FDB8C2
2026-07-11 15:12:30.273 Df installcoordinationd[22100:347e6] [com.apple.installcoordination:daemon] -[IXSDataPromiseManager promiseDidBegin:]: Unowned promise began: <IXSPromisedInMemoryDictionary(0x1054fd200) Name:Localizations for com.DefaultCompany.NeonDrift.run.1783753904.26332 Creator:InstallCoordination Simple SPI UUID:67862EE4-F99D-4562-BE90-E6DEC2FDB8C2 Location:[system-defined]>
2026-07-11 15:12:30.273 Df installcoordinationd[22100:347e6] [com.apple.installcoordination:daemon] -[IXSDataPromiseManager promise:didUpdateProgress:]: Unowned promise update progress to 1.000000 : <IXSPromisedInMemoryDictionary(0x1054fd200) Name:Localizations for com.DefaultCompany.NeonDrift.run.1783753904.26332 Creator:InstallCoordination Simple SPI UUID:67862EE4-F99D-4562-BE90-E6DEC2FDB8C2 Location:[system-defined]>
2026-07-11 15:12:30.273 Df installcoordinationd[22100:347e6] [com.apple.installcoordination:daemon] -[IXSDataPromiseManager promiseDidComplete:]: Unowned promise completed: <IXSPromisedInMemoryDictionary(0x1054fd200) Name:Localizations for com.DefaultCompany.NeonDrift.run.1783753904.26332 Creator:InstallCoordination Simple SPI UUID:67862EE4-F99D-4562-BE90-E6DEC2FDB8C2 Location:[system-defined]>
2026-07-11 15:12:30.274 Df installcoordinationd[22100:347e9] [com.apple.installcoordination:daemon] -[IXSPlaceholder setLocalizationDictionaryPromise:]: <IXSPlaceholder(0x105528500) Name:App Placeholder: NeonDrift.run.1783753904.26332 (com.DefaultCompany.NeonDrift.run.1783753904.26332) Creator:InstallCoordination Simple SPI UUID:C19F0788-D78C-4301-AC9D-D6B617493E21 Location:[system-defined]>: setting localization dict promise to <IXSPromisedInMemoryDictionary(0x1054fd200) Name:Localizations for com.DefaultCompany.NeonDrift.run.1783753904.26332 Creator:InstallCoordination Simple SPI UUID:67862EE4-F99D-4562-BE90-E6DEC2FDB8C2 Location:[system-defined]>
2026-07-11 15:12:30.275 Df installcoordinationd[22100:347e9] [com.apple.installcoordination:daemon] -[IXSDataPromiseManager promise:didUpdateProgress:]: Unowned promise update progress to 0.000000 : <IXSPlaceholder(0x105528500) Name:App Placeholder: NeonDrift.run.1783753904.26332 (com.DefaultCompany.NeonDrift.run.1783753904.26332) Creator:InstallCoordination Simple SPI UUID:C19F0788-D78C-4301-AC9D-D6B617493E21 Location:[system-defined]>
2026-07-11 15:12:30.275 Df installcoordinationd[22100:2c232] [com.apple.installcoordination:daemon] -[IXSPlaceholder setConfigurationComplete:]: <IXSPlaceholder(0x105528500) Name:App Placeholder: NeonDrift.run.1783753904.26332 (com.DefaultCompany.NeonDrift.run.1783753904.26332) Creator:InstallCoordination Simple SPI UUID:C19F0788-D78C-4301-AC9D-D6B617493E21 Location:[system-defined]>: setting configuration complete to Y
2026-07-11 15:12:30.275 Df installcoordinationd[22100:2c232] [com.apple.installcoordination:daemon] -[IXSPlaceholder _materialize]: <IXSPlaceholder(0x105528500) Name:App Placeholder: NeonDrift.run.1783753904.26332 (com.DefaultCompany.NeonDrift.run.1783753904.26332) Creator:InstallCoordination Simple SPI UUID:C19F0788-D78C-4301-AC9D-D6B617493E21 Location:[system-defined]>: Materializing placeholder at /Users/dragonkao/Library/Developer/CoreSimulator/Devices/CC47DE7A-8196-4465-A5A5-BB852C9C6C82/data/Containers/Shared/SystemGroup/systemgroup.com.apple.installcoordinationd/Library/InstallCoordination/PromiseStaging/C19F0788-D78C-4301-AC9D-D6B617493E21/NeonDrift.run.1783753904.26332.app
2026-07-11 15:12:30.275 Df installcoordinationd[22100:2c232] [com.apple.installcoordination:daemon] -[IXSPlaceholder _materialize]: <IXSPlaceholder(0x105528500) Name:App Placeholder: NeonDrift.run.1783753904.26332 (com.DefaultCompany.NeonDrift.run.1783753904.26332) Creator:InstallCoordination Simple SPI UUID:C19F0788-D78C-4301-AC9D-D6B617493E21 Location:[system-defined]>: Using Info.plist icon content: {
    CFBundleIcons =     {
        CFBundlePrimaryIcon =         {
            CFBundleIconName = AppIcon;
        };
    };
    "CFBundleIcons~ipad" =     {
        CFBundlePrimaryIcon =         {
            CFBundleIconName = AppIcon;
        };
    };
    ISIconPlatform = iPhoneOS;
}
2026-07-11 15:12:30.276 Df installcoordinationd[22100:2c232] [com.apple.installcoordination:daemon] -[IXSPlaceholder _materialize]_block_invoke: <IXSPlaceholder(0x105528500) Name:App Placeholder: NeonDrift.run.1783753904.26332 (com.DefaultCompany.NeonDrift.run.1783753904.26332) Creator:InstallCoordination Simple SPI UUID:C19F0788-D78C-4301-AC9D-D6B617493E21 Location:[system-defined]>: Using icon resource Assets.car
2026-07-11 15:12:30.276 Df installcoordinationd[22100:2c232] [com.apple.installcoordination:daemon] -[IXSPlaceholder _materialize]: <IXSPlaceholder(0x105528500) Name:App Placeholder: NeonDrift.run.1783753904.26332 (com.DefaultCompany.NeonDrift.run.1783753904.26332) Creator:InstallCoordination Simple SPI UUID:C19F0788-D78C-4301-AC9D-D6B617493E21 Location:[system-defined]>: Including lproj localizations for (
)
2026-07-11 15:12:30.276 Df installcoordinationd[22100:347e9] [com.apple.installcoordination:daemon] -[IXSDataPromiseManager promiseDidComplete:]: Unowned promise completed: <IXSPlaceholder(0x105528500) Name:App Placeholder: NeonDrift.run.1783753904.26332 (com.DefaultCompany.NeonDrift.run.1783753904.26332) Creator:InstallCoordination Simple SPI UUID:C19F0788-D78C-4301-AC9D-D6B617493E21 Location:[system-defined]>
2026-07-11 15:12:30.277 Df installcoordinationd[22100:2c232] [com.apple.installcoordination:daemon] -[IXSDataPromiseManager registerPromise:]: Registered promise <IXSPromisedTransferToPath(0x1054fd380) Name:App Asset: com.DefaultCompany.NeonDrift.run.1783753904.26332 Creator:InstallCoordination Simple SPI UUID:62E1641F-7BA0-4262-BEAD-52E0F087B96D Location:[system-defined]> for UUID 62E1641F-7BA0-4262-BEAD-52E0F087B96D
2026-07-11 15:12:30.278 Df installcoordinationd[22100:347e9] [com.apple.installcoordination:daemon] -[IXSCoordinatorManager coordinatorForIdentity:connection:error:creatingIfNotExisting:]_block_invoke: Registered coordinator: <IXSCoordinatedAppInstall<0x105600000> [P=CoreSimulatorBridge (pid 21984)] identifier:[com.DefaultCompany.NeonDrift.run.1783753904.26332/Invalid/[system-defined]] uuid:009ECD09-EE50-4636-B9C3-4C412C1D41ED intent:IXCoordinatorIntentInitiating creator/appDRI:InstallCoordination Simple SPI importance:Background state:IXAppCoordinationStatePlaceholderPromiseNotSet promise-state:01234>
2026-07-11 15:12:30.278 Df installcoordinationd[22100:347e9] [com.apple.appinstallation:TransactionLog] com.DefaultCompany.NeonDrift.run.1783753904.26332/Unknown Persona:4:1:1:1:Created coordinator with intent IXCoordinatorIntentInitiating for client InstallCoordination Simple SPI
2026-07-11 15:12:30.278 Df installcoordinationd[22100:347e9] [com.apple.installcoordination:daemon] -[IXSCoordinatedAppInstall setPriorityBoostCompletion:withSourceInfo:]: <IXSCoordinatedAppInstall<0x105600000> [P=CoreSimulatorBridge (pid 21984)] identifier:[com.DefaultCompany.NeonDrift.run.1783753904.26332/Invalid/[system-defined]] uuid:009ECD09-EE50-4636-B9C3-4C412C1D41ED intent:IXCoordinatorIntentInitiating creator/appDRI:InstallCoordination Simple SPI importance:Background state:IXAppCoordinationStatePlaceholderPromiseNotSet promise-state:01234>: Retaining completion from CoreSimulatorBridge (21984), QOS_CLASS_DEFAULT (0x15)
2026-07-11 15:12:30.278 Df installcoordinationd[22100:347e9] [com.apple.installcoordination:daemon] -[IXSCoordinatedAppInstall setImportance:]: <IXSCoordinatedAppInstall<0x105600000> [P=CoreSimulatorBridge (pid 21984)] identifier:[com.DefaultCompany.NeonDrift.run.1783753904.26332/Invalid/[system-defined]] uuid:009ECD09-EE50-4636-B9C3-4C412C1D41ED intent:IXCoordinatorIntentInitiating creator/appDRI:InstallCoordination Simple SPI importance:UserWaiting state:IXAppCoordinationStatePlaceholderPromiseNotSet promise-state:01234>: set importance to UserWaiting
2026-07-11 15:12:30.279 Df installcoordinationd[22100:347e9] [com.apple.installcoordination:daemon] -[IXSCoordinatedAppInstall _onQueue_fireObserversForClient:]: <IXSCoordinatedAppInstall<0x105600000> [P=CoreSimulatorBridge (pid 21984)] identifier:[com.DefaultCompany.NeonDrift.run.1783753904.26332/Invalid/[system-defined]] uuid:009ECD09-EE50-4636-B9C3-4C412C1D41ED intent:IXCoordinatorIntentInitiating creator/appDRI:InstallCoordination Simple SPI importance:UserWaiting state:IXAppCoordinationStatePlaceholderPromiseNotSet promise-state:01234>: Firing applicable observers for client <IXSClientConnection<0x10545d4a0> client:CoreSimulatorBridge (pid 21984) uuid:A37DA26C-F1E3-4E2D-A9F6-5331C4EFEAEE>
2026-07-11 15:12:30.279 Df installcoordinationd[22100:347e9] [com.apple.installcoordination:daemon] -[IXSCoordinatedAppInstall setPriorityBoostCompletion:withSourceInfo:]: <IXSCoordinatedAppInstall<0x105600000> [P=CoreSimulatorBridge (pid 21984)] identifier:[com.DefaultCompany.NeonDrift.run.1783753904.26332/Invalid/[system-defined]] uuid:009ECD09-EE50-4636-B9C3-4C412C1D41ED intent:IXCoordinatorIntentInitiating creator/appDRI:InstallCoordination Simple SPI importance:UserWaiting state:IXAppCoordinationStatePlaceholderPromiseNotSet promise-state:01234>: Disposing of completion from CoreSimulatorBridge (21984), QOS_CLASS_DEFAULT (0x15)
2026-07-11 15:12:30.279 Df installcoordinationd[22100:347e9] [com.apple.installcoordination:daemon] -[IXSCoordinatedAppInstall setPriorityBoostCompletion:withSourceInfo:]: <IXSCoordinatedAppInstall<0x105600000> [P=CoreSimulatorBridge (pid 21984)] identifier:[com.DefaultCompany.NeonDrift.run.1783753904.26332/Invalid/[system-defined]] uuid:009ECD09-EE50-4636-B9C3-4C412C1D41ED intent:IXCoordinatorIntentInitiating creator/appDRI:InstallCoordination Simple SPI importance:UserWaiting state:IXAppCoordinationStatePlaceholderPromiseNotSet promise-state:01234>: Retaining completion from CoreSimulatorBridge (21984), QOS_CLASS_DEFAULT (0x15)
2026-07-11 15:12:30.279 Df CoreSimulatorBridge[21984:347e7] [com.apple.installcoordination:framework] -[IXAppInstallCoordinator _clientDelegate_didRegisterForObservation]: <IXInitiatingAppInstallCoordinator<0x106089880> identity:[com.DefaultCompany.NeonDrift.run.1783753904.26332/Invalid/[system-defined]] uuid:009ECD09-EE50-4636-B9C3-4C412C1D41ED creator:InstallCoordination Simple SPI>: Got observer registration delegate
2026-07-11 15:12:30.279 Df CoreSimulatorBridge[21984:347e7] [com.apple.installcoordination:framework] -[IXAppInstallCoordinator _clientDelegate_didRegisterForObservation]_block_invoke: <IXInitiatingAppInstallCoordinator<0x106089880> identity:[com.DefaultCompany.NeonDrift.run.1783753904.26332/Invalid/[system-defined]] uuid:009ECD09-EE50-4636-B9C3-4C412C1D41ED creator:InstallCoordination Simple SPI>: Observer <_IXSimpleInstallerDelegate 0x0x10605bb40> does not respond to coordinatorDidRegisterForObservation:
2026-07-11 15:12:30.279 Df CoreSimulatorBridge[21984:347e7] [com.apple.installcoordination:framework] -[IXAppInstallCoordinator _clientDelegate_shouldResume]: <IXInitiatingAppInstallCoordinator<0x106089880> identity:[com.DefaultCompany.NeonDrift.run.1783753904.26332/Invalid/[system-defined]] uuid:009ECD09-EE50-4636-B9C3-4C412C1D41ED creator:InstallCoordination Simple SPI>: Got should resume delegate
2026-07-11 15:12:30.279 Df CoreSimulatorBridge[21984:347e7] [com.apple.installcoordination:framework] -[IXAppInstallCoordinator _clientDelegate_shouldResume]_block_invoke: <IXInitiatingAppInstallCoordinator<0x106089880> identity:[com.DefaultCompany.NeonDrift.run.1783753904.26332/Invalid/[system-defined]] uuid:009ECD09-EE50-4636-B9C3-4C412C1D41ED creator:InstallCoordination Simple SPI>: Observer <_IXSimpleInstallerDelegate 0x0x10605bb40> does not respond to coordinatorShouldResume:
2026-07-11 15:12:30.281 Df installcoordinationd[22100:347e9] [com.apple.installcoordination:daemon] -[IXSCoordinatedAppInstall _internal_setInstallOptionsPromise:performExternalActions:]: <IXSCoordinatedAppInstall<0x105600000> [P=CoreSimulatorBridge (pid 21984)] identifier:[com.DefaultCompany.NeonDrift.run.1783753904.26332/Invalid/[system-defined]] uuid:009ECD09-EE50-4636-B9C3-4C412C1D41ED intent:IXCoordinatorIntentInitiating creator/appDRI:InstallCoordination Simple SPI importance:UserWaiting state:IXAppCoordinationStatePlaceholderPromiseNotSet promise-state:012I4> : install options set: <IXSPromisedInMemoryData(0x1054fd680) Name:MIInstallOptions data Creator:Install Coordination Internal UUID:86BEF6F2-F915-4645-A61F-E49BA35835FF Location:[system-defined]>
2026-07-11 15:12:30.281 Df installcoordinationd[22100:347e6] [com.apple.installcoordination:daemon] -[IXSCoordinatedAppInstall promiseDidComplete:]: <IXSCoordinatedAppInstall<0x105600000> [P=CoreSimulatorBridge (pid 21984)] identifier:[com.DefaultCompany.NeonDrift.run.1783753904.26332/Invalid/[system-defined]] uuid:009ECD09-EE50-4636-B9C3-4C412C1D41ED intent:IXCoordinatorIntentInitiating creator/appDRI:InstallCoordination Simple SPI importance:UserWaiting state:IXAppCoordinationStatePlaceholderPromiseNotSet promise-state:012I4> : Promise completed: <IXSPromisedInMemoryData(0x1054fd680) Name:MIInstallOptions data Creator:Install Coordination Internal UUID:86BEF6F2-F915-4645-A61F-E49BA35835FF Location:[system-defined]>
2026-07-11 15:12:30.281 Df installcoordinationd[22100:347e6] [com.apple.appinstallation:TransactionLog] com.DefaultCompany.NeonDrift.run.1783753904.26332/Unknown Persona:4:13:1:1:Install Options Promise began. Coordinator State: IXAppCoordinationStatePlaceholderPromiseNotSet
2026-07-11 15:12:30.281 Df installcoordinationd[22100:347e6] [com.apple.appinstallation:TransactionLog] com.DefaultCompany.NeonDrift.run.1783753904.26332/Unknown Persona:4:13:2:1:Install Options Promise completed. Coordinator State: IXAppCoordinationStatePlaceholderPromiseNotSet
2026-07-11 15:12:30.281 Df installcoordinationd[22100:2c232] [com.apple.installcoordination:daemon] -[IXSCoordinatedAppInstall _internal_setAppAssetPromise:performExternalActions:]: <IXSCoordinatedAppInstall<0x105600000> [P=CoreSimulatorBridge (pid 21984)] identifier:[com.DefaultCompany.NeonDrift.run.1783753904.26332/Invalid/[system-defined]] uuid:009ECD09-EE50-4636-B9C3-4C412C1D41ED intent:IXCoordinatorIntentInitiating creator/appDRI:InstallCoordination Simple SPI importance:UserWaiting state:IXAppCoordinationStatePlaceholderPromiseNotSet promise-state:0a2I4> : App Asset Promise set: <IXSPromisedTransferToPath(0x1054fd380) Name:App Asset: com.DefaultCompany.NeonDrift.run.1783753904.26332 Creator:InstallCoordination Simple SPI UUID:62E1641F-7BA0-4262-BEAD-52E0F087B96D Location:[system-defined]>
2026-07-11 15:12:30.282 Df installcoordinationd[22100:347e9] [com.apple.installcoordination:daemon] -[IXSCoordinatedAppInstall setInitialODRAssetPromises:]: <IXSCoordinatedAppInstall<0x105600000> [P=CoreSimulatorBridge (pid 21984)] identifier:[com.DefaultCompany.NeonDrift.run.1783753904.26332/Invalid/[system-defined]] uuid:009ECD09-EE50-4636-B9C3-4C412C1D41ED intent:IXCoordinatorIntentInitiating creator/appDRI:InstallCoordination Simple SPI importance:UserWaiting state:IXAppCoordinationStatePlaceholderPromiseNotSet promise-state:0a2I4> : Initial ODR Asset Promises set: (
)
2026-07-11 15:12:30.295 Df CoreSimulatorBridge[21984:347e5] [com.apple.installcoordination:framework] -[IXPromisedTransferToPath setComplete:]: <IXPromisedTransferToPath<0x106088a00> name:"App Asset: com.DefaultCompany.NeonDrift.run.1783753904.26332" uuid:62E1641F-7BA0-4262-BEAD-52E0F087B96D creator:"InstallCoordination Simple SPI" location:[system-defined]> Copy operation from /Users/dragonkao/.openclaw/workspace/382b9e3384298039b171c9b2a60ae644/NeonDrift_MVP/project/xcode_derived_data/Build/Products/Release-iphonesimulator/NeonDrift.run.1783753904.26332.app to /Users/dragonkao/Library/Developer/CoreSimulator/Devices/CC47DE7A-8196-4465-A5A5-BB852C9C6C82/data/Containers/Shared/SystemGroup/systemgroup.com.apple.installcoordinationd/Library/InstallCoordination/PromiseStaging/62E1641F-7BA0-4262-BEAD-52E0F087B96D/NeonDrift.run.1783753904.26332.app took 0.013201 seconds
2026-07-11 15:12:30.296 Df installcoordinationd[22100:347e9] [com.apple.installcoordination:daemon] -[IXSDataPromise _setPercentComplete:saveStateIfNeeded:]: Progress: <IXSPromisedTransferToPath(0x1054fd380) Name:App Asset: com.DefaultCompany.NeonDrift.run.1783753904.26332 Creator:InstallCoordination Simple SPI UUID:62E1641F-7BA0-4262-BEAD-52E0F087B96D Location:[system-defined]>
2026-07-11 15:12:30.296 Df installcoordinationd[22100:347e6] [com.apple.appinstallation:TransactionLog] com.DefaultCompany.NeonDrift.run.1783753904.26332/Unknown Persona:4:10:1:1:App Asset Promise began. Coordinator State: IXAppCoordinationStatePlaceholderPromiseNotSet
2026-07-11 15:12:30.296 Df installcoordinationd[22100:2c232] [com.apple.installcoordination:daemon] -[IXSCoordinatedAppInstall promiseDidComplete:]: <IXSCoordinatedAppInstall<0x105600000> [P=CoreSimulatorBridge (pid 21984)] identifier:[com.DefaultCompany.NeonDrift.run.1783753904.26332/Invalid/[system-defined]] uuid:009ECD09-EE50-4636-B9C3-4C412C1D41ED intent:IXCoordinatorIntentInitiating creator/appDRI:InstallCoordination Simple SPI importance:UserWaiting state:IXAppCoordinationStatePlaceholderPromiseNotSet promise-state:0A2I4> : Promise completed: <IXSPromisedTransferToPath(0x1054fd380) Name:App Asset: com.DefaultCompany.NeonDrift.run.1783753904.26332 Creator:InstallCoordination Simple SPI UUID:62E1641F-7BA0-4262-BEAD-52E0F087B96D Location:[system-defined]>
2026-07-11 15:12:30.296 Df CoreSimulatorBridge[21984:347e8] [com.apple.installcoordination:framework] -[IXAppInstallCoordinator _clientDelegate_promiseDidBeginFulfillmentWithIdentifier:]: <IXInitiatingAppInstallCoordinator<0x106089880> identity:[com.DefaultCompany.NeonDrift.run.1783753904.26332/Invalid/[system-defined]] uuid:009ECD09-EE50-4636-B9C3-4C412C1D41ED creator:InstallCoordination Simple SPI>: Got promise did begin fulfillment for identifier 2
2026-07-11 15:12:30.296 Df CoreSimulatorBridge[21984:347e8] [com.apple.installcoordination:framework] -[IXAppInstallCoordinator _clientDelegate_promiseDidBeginFulfillmentWithIdentifier:]_block_invoke: <IXInitiatingAppInstallCoordinator<0x106089880> identity:[com.DefaultCompany.NeonDrift.run.1783753904.26332/Invalid/[system-defined]] uuid:009ECD09-EE50-4636-B9C3-4C412C1D41ED creator:InstallCoordination Simple SPI>: Observer <_IXSimpleInstallerDelegate 0x0x10605bb40> does not respond to coordinator:configuredPromiseDidBeginFulfillment: (or any deprecated equivalent)
2026-07-11 15:12:30.296 Df installcoordinationd[22100:347e9] [com.apple.appinstallation:TransactionLog] com.DefaultCompany.NeonDrift.run.1783753904.26332/Unknown Persona:4:10:2:1:App Asset Promise completed. Coordinator State: IXAppCoordinationStatePlaceholderPromiseNotSet
2026-07-11 15:12:30.296 Df CoreSimulatorBridge[21984:347e7] [com.apple.installcoordination:framework] -[IXAppInstallCoordinator _clientDelegate_didUpdateProgress:forPhase:overallProgress:]: <IXInitiatingAppInstallCoordinator<0x106089880> identity:[com.DefaultCompany.NeonDrift.run.1783753904.26332/Invalid/[system-defined]] uuid:009ECD09-EE50-4636-B9C3-4C412C1D41ED creator:InstallCoordination Simple SPI>: Got did update progress delegate with percentComplete 100.000000 phase IXCoordinatorProgressPhaseLoading overallProgress 60.000000
2026-07-11 15:12:30.296 Df CoreSimulatorBridge[21984:347e7] [com.apple.installcoordination:framework] -[IXAppInstallCoordinator _clientDelegate_didUpdateProgress:forPhase:overallProgress:]_block_invoke: <IXInitiatingAppInstallCoordinator<0x106089880> identity:[com.DefaultCompany.NeonDrift.run.1783753904.26332/Invalid/[system-defined]] uuid:009ECD09-EE50-4636-B9C3-4C412C1D41ED creator:InstallCoordination Simple SPI>: Calling selector coordinator:didUpdateProgress:forPhase:overallProgress: on observer <_IXSimpleInstallerDelegate 0x0x10605bb40>
2026-07-11 15:12:30.297 Df installcoordinationd[22100:347ed] [com.apple.installcoordination:daemon] -[IXSCoordinatedAppInstall setPlaceholderPromise:]: <IXSCoordinatedAppInstall<0x105600000> [P=CoreSimulatorBridge (pid 21984)] identifier:[com.DefaultCompany.NeonDrift.run.1783753904.26332/Invalid/[system-defined]] uuid:009ECD09-EE50-4636-B9C3-4C412C1D41ED intent:IXCoordinatorIntentInitiating creator/appDRI:InstallCoordination Simple SPI importance:UserWaiting state:IXAppCoordinationStateReadyForPlaceholderInstall promise-state:PA2I4> : Placeholder Promise set: <IXSPlaceholder(0x105528500) Name:App Placeholder: NeonDrift.run.1783753904.26332 (com.DefaultCompany.NeonDrift.run.1783753904.26332) Creator:InstallCoordination Simple SPI UUID:C19F0788-D78C-4301-AC9D-D6B617493E21 Location:[system-defined]>
2026-07-11 15:12:30.297 Df installcoordinationd[22100:347ec] [com.apple.installcoordination:daemon] -[IXSCoordinatedAppInstall promiseDidComplete:]: <IXSCoordinatedAppInstall<0x105600000> [P=CoreSimulatorBridge (pid 21984)] identifier:[com.DefaultCompany.NeonDrift.run.1783753904.26332/Invalid/[system-defined]] uuid:009ECD09-EE50-4636-B9C3-4C412C1D41ED intent:IXCoordinatorIntentInitiating creator/appDRI:InstallCoordination Simple SPI importance:UserWaiting state:IXAppCoordinationStateReadyForPlaceholderInstall promise-state:PA2I4> : Promise completed: <IXSPlaceholder(0x105528500) Name:App Placeholder: NeonDrift.run.1783753904.26332 (com.DefaultCompany.NeonDrift.run.1783753904.26332) Creator:InstallCoordination Simple SPI UUID:C19F0788-D78C-4301-AC9D-D6B617493E21 Location:[system-defined]>
2026-07-11 15:12:30.297 Df installcoordinationd[22100:347ed] [com.apple.installcoordination:daemon] -[IXSCoordinatedAppInstall _onQueue_acquireAssertionAndInstallPlaceholder]: Acquiring termination assertion to install placeholder for [com.DefaultCompany.NeonDrift.run.1783753904.26332/Invalid/[system-defined]]
2026-07-11 15:12:30.297 Df installcoordinationd[22100:347ed] [com.apple.installcoordination:daemon] -[IXSPendingOperationsTracker beginPendingOperationForIdentity:]_block_invoke: Beginning pending operation for [com.DefaultCompany.NeonDrift.run.1783753904.26332/Invalid/[system-defined]]
2026-07-11 15:12:30.298 Df runningboardd[21956:347ee] [com.apple.runningboard:connection] Received termination request from [osservice<com.apple.installcoordinationd>:22100] on <RBSProcessPredicate <RBSProcessBundleIdentifierPredicate "com.DefaultCompany.NeonDrift.run.1783753904.26332">> with context <RBSTerminateContext| explanation:installcoordinationd app:[com.DefaultCompany.NeonDrift.run.1783753904.26332/Invalid/[system-defined]] uuid:009ECD09-EE50-4636-B9C3-4C412C1D41ED isPlaceholder:Y reportType:None maxTerminationResistance:Absolute attrs:[
	<RBSPreventLaunchLimitation| <RBSProcessPredicate <RBSProcessBundleIdentifierPredicate "com.DefaultCompany.NeonDrift.run.1783753904.26332">> allow:(null)>
	]>
2026-07-11 15:12:30.298 Df runningboardd[21956:347ee] [com.apple.runningboard:general] failed to get LSApplicationRecord for com.DefaultCompany.NeonDrift.run.1783753904.26332 - probably OK
2026-07-11 15:12:30.298 Df runningboardd[21956:347ee] [com.apple.runningboard:connection] skipping plugin hold for uninstalled proxy com.DefaultCompany.NeonDrift.run.1783753904.26332
2026-07-11 15:12:30.298 Df runningboardd[21956:347ee] [com.apple.runningboard:ttl] Acquiring assertion targeting system from originator [osservice<com.apple.installcoordinationd>:22100] with description <RBSAssertionDescriptor| "installcoordinationd app:[com.DefaultCompany.NeonDrift.run.1783753904.26332/Invalid/[system-defined]] uuid:009ECD09-EE50-4636-B9C3-4C412C1D41ED isPlaceholder:Y" ID:21956-22100-661 target:system attributes:[
	<RBSPreventLaunchLimitation| <RBSProcessPredicate <RBSProcessBundleIdentifierPredicate "com.DefaultCompany.NeonDrift.run.1783753904.26332">> allow:(null)>
	]>
2026-07-11 15:12:30.298 Df runningboardd[21956:347ee] [com.apple.runningboard:process] Executing termination request for: <RBSProcessPredicate <RBSProcessBundleIdentifierPredicate "com.DefaultCompany.NeonDrift.run.1783753904.26332">>
2026-07-11 15:12:30.299 Df installcoordinationd[22100:347ed] [com.apple.appinstallation:TransactionLog] com.DefaultCompany.NeonDrift.run.1783753904.26332/Unknown Persona:4:9:1:1:Placeholder Promise began. Coordinator State: IXAppCoordinationStateWaitingForPlaceholderAssertion
2026-07-11 15:12:30.299 Df installcoordinationd[22100:347ed] [com.apple.installcoordination:daemon] -[IXSCoordinatorProgress setTotalUnitsCompleted:]: Progress for coordinator: [com.DefaultCompany.NeonDrift.run.1783753904.26332/Invalid/[system-defined]], Phase: IXCoordinatorProgressPhaseLoading, Percentage: 100.000000: Attempt to set units completed on finished progress: 100
2026-07-11 15:12:30.299 Df installcoordinationd[22100:347ed] [com.apple.appinstallation:TransactionLog] com.DefaultCompany.NeonDrift.run.1783753904.26332/Unknown Persona:4:9:2:1:Placeholder Promise completed. Coordinator State: IXAppCoordinationStateWaitingForPlaceholderAssertion
2026-07-11 15:12:30.299 Df installcoordinationd[22100:2c232] [com.apple.installcoordination:daemon] -[IXSCoordinatedAppInstall assertionAcquiredCallback]: RBS termination assertion observer called for <IXSCoordinatedAppInstall<0x105600000> [P=CoreSimulatorBridge (pid 21984)] identifier:[com.DefaultCompany.NeonDrift.run.1783753904.26332/Invalid/[system-defined]] uuid:009ECD09-EE50-4636-B9C3-4C412C1D41ED intent:IXCoordinatorIntentInitiating creator/appDRI:InstallCoordination Simple SPI importance:UserWaiting state:IXAppCoordinationStateWaitingForPlaceholderAssertion promise-state:PA2I4>
2026-07-11 15:12:30.299 Df SpringBoard[21953:2bc79] [com.apple.SpringBoard:Common] termination assertion acquired for com.DefaultCompany.NeonDrift.run.1783753904.26332 (app not found)
2026-07-11 15:12:30.299 Df CoreSimulatorBridge[21984:347e7] [com.apple.installcoordination:framework] -[IXAppInstallCoordinator _clientDelegate_promiseDidBeginFulfillmentWithIdentifier:]: <IXInitiatingAppInstallCoordinator<0x106089880> identity:[com.DefaultCompany.NeonDrift.run.1783753904.26332/Invalid/[system-defined]] uuid:009ECD09-EE50-4636-B9C3-4C412C1D41ED creator:InstallCoordination Simple SPI>: Got promise did begin fulfillment for identifier 1
2026-07-11 15:12:30.299 Df CoreSimulatorBridge[21984:347e7] [com.apple.installcoordination:framework] -[IXAppInstallCoordinator _clientDelegate_promiseDidBeginFulfillmentWithIdentifier:]_block_invoke: <IXInitiatingAppInstallCoordinator<0x106089880> identity:[com.DefaultCompany.NeonDrift.run.1783753904.26332/Invalid/[system-defined]] uuid:009ECD09-EE50-4636-B9C3-4C412C1D41ED creator:InstallCoordination Simple SPI>: Observer <_IXSimpleInstallerDelegate 0x0x10605bb40> does not respond to coordinator:configuredPromiseDidBeginFulfillment: (or any deprecated equivalent)
2026-07-11 15:12:30.299 Df installcoordinationd[22100:2c232] [com.apple.installcoordination:daemon] -[IXSCoordinatedAppInstall _onQueue_installPlaceholder]: Acquired termination assertion for placeholder [com.DefaultCompany.NeonDrift.run.1783753904.26332/Invalid/[system-defined]]; proceeding with install.
2026-07-11 15:12:30.300 Df installcoordinationd[22100:2c232] [com.apple.installcoordination:daemon] -[IXSPowerAssertion initWithAssertionName:details:]: Acquired power assertion IXPowerAssertion-12-[com.DefaultCompany.NeonDrift.run.1783753904.26332/Invalid/[system-defined]]
2026-07-11 15:12:30.300 Df installd[22111:2c6c4] (MobileSystemServices) 0x16d84b000 -[MIClientConnection _doInstallationForURL:identity:domain:options:operationType:completion:]: Install of "/Users/dragonkao/Library/Developer/CoreSimulator/Devices/CC47DE7A-8196-4465-A5A5-BB852C9C6C82/data/Containers/Shared/SystemGroup/systemgroup.com.apple.installcoordinationd/Library/InstallCoordination/PromiseStaging/C19F0788-D78C-4301-AC9D-D6B617493E21/NeonDrift.run.1783753904.26332.app" type Placeholder (LSInstallType = 1, Domain: MIInstallationDomainDefault) requested by installcoordinationd (pid 22100 (501/20))
2026-07-11 15:12:30.304 Df installd[22111:2c6c4] [com.apple.containermanager:xpc] Query; euid = 501, uid = 501, class = 1, identifier = [com.DefaultCompany.NeonDrift.run.1783753904.26332](1), flags = 300000002
2026-07-11 15:12:30.305 Df installd[22111:2c6c4] [com.apple.containermanager:xpc] Query; euid = 501, uid = 501, class = 1, identifier = [com.DefaultCompany.NeonDrift.run.1783753904.26332](1), flags = 300000002
2026-07-11 15:12:30.305 Df installd[22111:2c6c4] (MobileSystemServices) 0x16d84b000 -[MIInstaller _installInstallable:containingSymlink:error:]: Installing <MIInstallableBundle ID=com.DefaultCompany.NeonDrift.run.1783753904.26332; Persona=com.apple.containermanager.primary-persona, Version=0, ShortVersion=1.0>
2026-07-11 15:12:30.309 Df installd[22111:2c6c4] [com.apple.appinstallation:TransactionLog] com.DefaultCompany.NeonDrift.run.1783753904.26332/com.apple.containermanager.primary-persona:7:4:1:1:Start : Install (Placeholder)
2026-07-11 15:12:30.311 Df installd[22111:2c6c4] [com.apple.containermanager:query] Query; euid = 501, uid = 501, class = 4, identifier = [com.DefaultCompany.NeonDrift.run.1783753904.26332](1), flags = 300000002
2026-07-11 15:12:30.312 Df installd[22111:2c6c4] [com.apple.containermanager:query] Query; euid = 501, uid = 501, class = 4, identifier = [com.DefaultCompany.NeonDrift.run.1783753904.26332](1), flags = 300000002
2026-07-11 15:12:30.312 Df installd[22111:2c6c4] [com.apple.containermanager:xpc] Query; euid = 501, uid = 501, class = 1, identifier = [com.DefaultCompany.NeonDrift.run.1783753904.26332](1), flags = 300000003
2026-07-11 15:12:30.312 E  containermanagerd_system[22000:2bd36] [com.apple.containermanager:schema] [com.DefaultCompany.NeonDrift.run.1783753904.26332(1)] Current schema version (1) is newer than the latest (0), ignoring.
2026-07-11 15:12:30.313 Df containermanagerd_system[22000:2bd36] [com.apple.containermanager:schema] [u 9D3CF23C-CB8A-41DD-B9B4-69DBAEFDE001:p E8AB8EAC-C2A2-4371-A8F0-C829711918BF:c com.DefaultCompany.NeonDrift.run.1783753904.26332(1):i41286164] Successfully updated schema from (0) → (0), actions count = 0
2026-07-11 15:12:30.313 Df installd[22111:2c6c4] [com.apple.containermanager:xpc] Query; euid = 501, uid = 501, class = 1, identifier = [com.DefaultCompany.NeonDrift.run.1783753904.26332](1), flags = 300000002
2026-07-11 15:12:30.315 Df installd[22111:2c6c4] [com.apple.containermanager:query] Query; euid = 501, uid = 501, class = 2, identifier = [com.DefaultCompany.NeonDrift.run.1783753904.26332](1), flags = 300000003
2026-07-11 15:12:30.316 Df containermanagerd[22010:2bddb] [com.apple.containermanager:schema] [u 2EB71F33-C854-468B-AEA7-3F83F4191D86:p 00BE2069-FFD7-407F-B9C1-BF1F523BFA04:c com.DefaultCompany.NeonDrift.run.1783753904.26332(2):i41286167] Successfully updated schema from (0) → (1), actions count = 6
2026-07-11 15:12:30.317 Df installd[22111:2c6c4] [com.apple.containermanager:query] Query; euid = 501, uid = 501, class = 2, identifier = [com.DefaultCompany.NeonDrift.run.1783753904.26332](1), flags = 300000002
2026-07-11 15:12:30.319 Df installd[22111:2c6c4] (MobileSystemServices) 0x16d84b000 -[MIInstallationJournalEntry _refreshUUIDForContainer:withError:]: Data container for com.DefaultCompany.NeonDrift.run.1783753904.26332 is now at /Users/dragonkao/Library/Developer/CoreSimulator/Devices/CC47DE7A-8196-4465-A5A5-BB852C9C6C82/data/Containers/Data/Application/DFA6DA18-394D-4DE8-BC46-9BCB76078ABF
2026-07-11 15:12:30.319 Df containermanagerd[22010:2bddb] [com.apple.containermanager:schema] [u 2EB71F33-C854-468B-AEA7-3F83F4191D86:p DFA6DA18-394D-4DE8-BC46-9BCB76078ABF:c com.DefaultCompany.NeonDrift.run.1783753904.26332(2):i0] Successfully updated schema from (0) → (1), actions count = 6
2026-07-11 15:12:30.319 Df installd[22111:2c6c4] [com.apple.containermanager:unspecified] Replace; old = <NULL>, new = [temp-app:com.DefaultCompany.NeonDrift.run.1783753904.26332:501::(9D3CF23C-CB8A-41DD-B9B4-69DBAEFDE001)]
2026-07-11 15:12:30.321 Df installd[22111:2c6c4] [com.apple.containermanager:xpc] Query; euid = 501, uid = 501, class = 1, identifier = [com.DefaultCompany.NeonDrift.run.1783753904.26332](1), flags = 300000002
2026-07-11 15:12:30.321 Df installd[22111:2c6c4] (MobileSystemServices) 0x16d84b000 -[MIContainer makeContainerLiveReplacingContainer:reason:waitForDeletion:withError:]: Made container live for com.DefaultCompany.NeonDrift.run.1783753904.26332 at /Users/dragonkao/Library/Developer/CoreSimulator/Devices/CC47DE7A-8196-4465-A5A5-BB852C9C6C82/data/Containers/Bundle/Application/A44DB6E4-A74F-4552-BFAD-179DC21C8C97
2026-07-11 15:12:30.322 Df containermanagerd[22010:2bddb] [com.apple.containermanager:codesignmapping] Reconciled [com.DefaultCompany.NeonDrift.run.1783753904.26332]; old app groups: (null), new app groups: (null), old system groups: (null), new system groups: (null)
2026-07-11 15:12:30.322 Df installd[22111:2c6c4] [com.apple.containermanager:unspecified] Requesting disk usage; class = 1, identifier = com.DefaultCompany.NeonDrift.run.1783753904.26332
2026-07-11 15:12:30.324 Df installd[22111:2c6c4] [com.apple.containermanager:query] Query; euid = 501, uid = 501, class = 7, identifier = [com.DefaultCompany.NeonDrift.run.1783753904.26332](1), flags = 300000001
2026-07-11 15:12:30.324 Df SpringBoard[21953:2bc79] [com.apple.SpringBoard:Common] termination assertion released for com.DefaultCompany.NeonDrift.run.1783753904.26332 (app not found)
2026-07-11 15:12:30.326 Df installd[22111:2c6c4] (MobileSystemServices) 0x16d84b000 -[MILaunchServicesOperationManager _onQueue_addPendingLaunchServicesOperation:error:]: Added pending LS operation <MILaunchServicesRegisterOperation: 83DA6492-34F1-484F-A04E-48EE4AF8E26B:3 com.DefaultCompany.NeonDrift.run.1783753904.26332/MIInstallationDomainSystemShared personas:[com.apple.containermanager.primary-persona]>
2026-07-11 15:12:30.326 Df lsd[22003:2f34c] [com.apple.launchservices:appinstallation] Post installation registration: request to register com.DefaultCompany.NeonDrift.run.1783753904.26332, operation 83DA6492-34F1-484F-A04E-48EE4AF8E26B, from pid 22111
2026-07-11 15:12:30.326 Df lsd[22003:2f34c] [com.apple.appinstallation:TransactionLog] com.DefaultCompany.NeonDrift.run.1783753904.26332/Unknown Persona:5:4:1:1:Registering bundles via registrant - start
2026-07-11 15:12:30.328 E  lsd[22003:2f34c] [com.apple.launchservices:default] LSStringLocalizer development region en not found in localizations available for bundle file:///Users/dragonkao/Library/Developer/CoreSimulator/Devices/CC47DE7A-8196-4465-A5A5-BB852C9C6C82/data/Containers/Bundle/Application/A44DB6E4-A74F-4552-BFAD-179DC21C8C97/NeonDrift.run.1783753904.26332.app/
2026-07-11 15:12:30.329 Df lsd[22003:2f34c] [com.apple.appinstallation:TransactionLog] com.DefaultCompany.NeonDrift.run.1783753904.26332/Unknown Persona:5:5:1:1:Building bundle record for app
2026-07-11 15:12:30.329 Df lsd[22003:2f34c] [com.apple.launchservices:appinstallation] No bundles to remove for com.DefaultCompany.NeonDrift.run.1783753904.26332
2026-07-11 15:12:30.329 Df lsd[22003:2f34c] [com.apple.launchservices:appinstallation] Placeholder detected - Flagging bundle com.DefaultCompany.NeonDrift.run.1783753904.26332 incomplete
2026-07-11 15:12:30.330 Df lsd[22003:2f34c] [com.apple.appinstallation:TransactionLog] com.DefaultCompany.NeonDrift.run.1783753904.26332/Unknown Persona:5:5:2:1:Built bundle record for app
2026-07-11 15:12:30.330 Df lsd[22003:2f34c] [com.apple.appinstallation:TransactionLog] com.DefaultCompany.NeonDrift.run.1783753904.26332/Unknown Persona:5:4:2:1:Registered bundle status = success
2026-07-11 15:12:30.331 Df lsd[22003:2f34c] [com.apple.appinstallation:TransactionLog] com.DefaultCompany.NeonDrift.run.1783753904.26332/Unknown Persona:5:4:2:1:Finished registering com.DefaultCompany.NeonDrift.run.1783753904.26332, bundle unit 670
2026-07-11 15:12:30.331 Df installd[22111:2c6c4] (MobileSystemServices) 0x16d84b000 -[MIJournal purgeJournalEntry:withError:]: Removing journal entry <MIInstallationJournalEntry<0x1038d06e0> [com.DefaultCompany.NeonDrift.run.1783753904.26332/com.apple.containermanager.primary-persona/[system-defined]]/MIInstallationDomainSystemShared op:2 phase:JournalPhaseDidRegisterWithLS version:0>
2026-07-11 15:12:30.331 Df lsd[22003:3481c] [com.apple.launchservices:progress] Sending applicationInstallsDidStart: for (
    "<LSApplicationProxy: 0x105f1c000> com.DefaultCompany.NeonDrift.run.1783753904.26332 file:///Users/dragonkao/Library/Developer/CoreSimulator/Devices/CC47DE7A-8196-4465-A5A5-BB852C9C6C82/data/Containers/Bundle/Application/A44DB6E4-A74F-4552-BFAD-179DC21C8C97/NeonDrift.run.1783753904.26332.app/ <com.DefaultCompany.NeonDrift.run.1783753904.26332 <placeholder >:1>"
)
2026-07-11 15:12:30.331 Df lsd[22003:3481c] [com.apple.launchservices:progress] Created parent progress <NSProgress: com.DefaultCompany.NeonDrift.run.1783753904.26332 phase=InstallingPlaceholder; state=Waiting; finalPhase=Installing; fractionCompleted=0.000000>
2026-07-11 15:12:30.331 Df installd[22111:2c6c4] [com.apple.appinstallation:TransactionLog] com.DefaultCompany.NeonDrift.run.1783753904.26332/com.apple.containermanager.primary-persona:7:4:2:1:Success (End) : Install (Placeholder)
2026-07-11 15:12:30.332 Df installd[22111:2c6c4] (MobileSystemServices) 0x16d84b000 -[MIInstaller _logOperationCompletionWithStartTime:distributorID:]: Install successful for (Placeholder:com.DefaultCompany.NeonDrift.run.1783753904.26332) [Distributor: (null)]; Staging: 0.00s; Waiting: 0.00s; Preflight/Patch: 0.00s, Verifying: 0.00s; Overall: 0.03s
2026-07-11 15:12:30.332 Df donotdisturbd[22002:2db89] [com.apple.launchservices:appinstallation] LaunchServices observer: InstallsStarted (
