2026-06-26 23:51:06.087 Df webbookmarksd[33906:90d0d9] [com.apple.launchservices:appinstallation] LaunchServices observer: InstallsStarted (
    "<LSApplicationProxy: 0x1055b8000> com.DefaultCompany.NeonDrift file:///Users/dragonkao/Library/Developer/CoreSimulator/Devices/CC47DE7A-8196-4465-A5A5-BB852C9C6C82/data/Containers/Bundle/Application/CE5AB9D2-09FE-41CE-AABB-3408AD782981/com.apple.mobileinstallation.placeholder/ <com.DefaultCompany.NeonDrift <placeholder >:1>"
)
2026-06-26 23:51:06.087 Df gamed[33960:90d230] [com.apple.launchservices:appinstallation] LaunchServices observer: InstallsStarted (
    "<LSApplicationProxy: 0x10638c840> com.DefaultCompany.NeonDrift file:///Users/dragonkao/Library/Developer/CoreSimulator/Devices/CC47DE7A-8196-4465-A5A5-BB852C9C6C82/data/Containers/Bundle/Application/CE5AB9D2-09FE-41CE-AABB-3408AD782981/com.apple.mobileinstallation.placeholder/ <com.DefaultCompany.NeonDrift <placeholder >:1>"
)
2026-06-26 23:51:06.088 Df passd[33857:90d1a7] [com.apple.launchservices:appinstallation] LaunchServices observer: InstallsStarted (
    "<LSApplicationProxy: 0x10a0b98c0> com.DefaultCompany.NeonDrift file:///Users/dragonkao/Library/Developer/CoreSimulator/Devices/CC47DE7A-8196-4465-A5A5-BB852C9C6C82/data/Containers/Bundle/Application/CE5AB9D2-09FE-41CE-AABB-3408AD782981/com.apple.mobileinstallation.placeholder/ <com.DefaultCompany.NeonDrift <placeholder >:1>"
)
2026-06-26 23:51:06.088 Df nsurlsessiond[33871:90d003] [com.apple.launchservices:appinstallation] LaunchServices observer: InstallsStarted (
    "<LSApplicationProxy: 0x103a2c6c0> com.DefaultCompany.NeonDrift file:///Users/dragonkao/Library/Developer/CoreSimulator/Devices/CC47DE7A-8196-4465-A5A5-BB852C9C6C82/data/Containers/Bundle/Application/CE5AB9D2-09FE-41CE-AABB-3408AD782981/com.apple.mobileinstallation.placeholder/ <com.DefaultCompany.NeonDrift <placeholder >:1>"
)
2026-06-26 23:51:06.088 Df donotdisturbd[33875:90cf9c] [com.apple.launchservices:appinstallation] LaunchServices observer: InstallsStarted (
    "<LSApplicationProxy: 0x101dd5500> com.DefaultCompany.NeonDrift file:///Users/dragonkao/Library/Developer/CoreSimulator/Devices/CC47DE7A-8196-4465-A5A5-BB852C9C6C82/data/Containers/Bundle/Application/CE5AB9D2-09FE-41CE-AABB-3408AD782981/com.apple.mobileinstallation.placeholder/ <com.DefaultCompany.NeonDrift <placeholder >:1>"
)
2026-06-26 23:51:06.088 Df lsd[33876:90d7bb] [com.apple.launchservices:progress] Sent distributed notification com.apple.LaunchServices.applicationRegistered with payload {
    bundleIDs =     (
        "com.DefaultCompany.NeonDrift"
    );
    isPlaceholder = 1;
}
2026-06-26 23:51:06.088 Df runningboardd[33831:90ce59] [com.apple.launchservices:appinstallation] LaunchServices observer: InstallsStarted (
    "<LSApplicationProxy: 0x103da4000> com.DefaultCompany.NeonDrift file:///Users/dragonkao/Library/Developer/CoreSimulator/Devices/CC47DE7A-8196-4465-A5A5-BB852C9C6C82/data/Containers/Bundle/Application/CE5AB9D2-09FE-41CE-AABB-3408AD782981/com.apple.mobileinstallation.placeholder/ <com.DefaultCompany.NeonDrift <placeholder >:1>"
)
2026-06-26 23:51:06.089 Df lsd[33876:90d7bb] [com.apple.launchservices:progress] Using publishing string "com.DefaultCompany.NeonDrift.Loading" for the first time
2026-06-26 23:51:06.089 Df lsd[33876:90d7bb] [com.apple.launchservices:progress] Updating installPhase for <NSProgress: com.DefaultCompany.NeonDrift phase=InstallingPlaceholder; state=Finished; finalPhase=Installing; fractionCompleted=0.000000> to 0
2026-06-26 23:51:06.089 Df lsd[33876:90d7bb] [com.apple.launchservices:progress] Parent progress for installation <NSProgress: com.DefaultCompany.NeonDrift phase=Loading; state=Finished; finalPhase=Installing; fractionCompleted=0.000000>, adding phase 0
2026-06-26 23:51:06.089 Df callservicesd[33904:90cfb7] [com.apple.launchservices:appinstallation] LaunchServices observer: InstallsStarted (
    "<LSApplicationProxy: 0x106900e40> com.DefaultCompany.NeonDrift file:///Users/dragonkao/Library/Developer/CoreSimulator/Devices/CC47DE7A-8196-4465-A5A5-BB852C9C6C82/data/Containers/Bundle/Application/CE5AB9D2-09FE-41CE-AABB-3408AD782981/com.apple.mobileinstallation.placeholder/ <com.DefaultCompany.NeonDrift <placeholder >:1>"
)
2026-06-26 23:51:06.089 Df financed[33911:90d069] [com.apple.launchservices:appinstallation] LaunchServices observer: InstallsStarted (
    "<LSApplicationProxy: 0x1076eb600> com.DefaultCompany.NeonDrift file:///Users/dragonkao/Library/Developer/CoreSimulator/Devices/CC47DE7A-8196-4465-A5A5-BB852C9C6C82/data/Containers/Bundle/Application/CE5AB9D2-09FE-41CE-AABB-3408AD782981/com.apple.mobileinstallation.placeholder/ <com.DefaultCompany.NeonDrift <placeholder >:1>"
)
2026-06-26 23:51:06.089 Df routined[33836:90cf50] [com.apple.launchservices:appinstallation] LaunchServices observer: InstallsStarted (
    "<LSApplicationProxy: 0x101bfcfc0> com.DefaultCompany.NeonDrift file:///Users/dragonkao/Library/Developer/CoreSimulator/Devices/CC47DE7A-8196-4465-A5A5-BB852C9C6C82/data/Containers/Bundle/Application/CE5AB9D2-09FE-41CE-AABB-3408AD782981/com.apple.mobileinstallation.placeholder/ <com.DefaultCompany.NeonDrift <placeholder >:1>"
)
2026-06-26 23:51:06.089 Df sleepd[33855:90cdcd] [com.apple.launchservices:appinstallation] LaunchServices observer: InstallsStarted (
    "<LSApplicationProxy: 0x10166c180> com.DefaultCompany.NeonDrift file:///Users/dragonkao/Library/Developer/CoreSimulator/Devices/CC47DE7A-8196-4465-A5A5-BB852C9C6C82/data/Containers/Bundle/Application/CE5AB9D2-09FE-41CE-AABB-3408AD782981/com.apple.mobileinstallation.placeholder/ <com.DefaultCompany.NeonDrift <placeholder >:1>"
)
2026-06-26 23:51:06.089 Df lsd[33876:90d7bb] [com.apple.launchservices:progress] #LSInstallProgressList add subscriber: <_NSProgressSubscriber: 0x101f11830> publishingString: com.DefaultCompany.NeonDrift.Loading
2026-06-26 23:51:06.089 Df lsd[33876:90d7bb] [com.apple.launchservices:progress] Subscribing to com.DefaultCompany.NeonDrift.Loading
2026-06-26 23:51:06.089 Df SpringBoard[33981:90d532] [com.apple.launchservices:appinstallation] LaunchServices observer: InstallsStarted (
    "<LSApplicationProxy: 0x12b79b480> com.DefaultCompany.NeonDrift file:///Users/dragonkao/Library/Developer/CoreSimulator/Devices/CC47DE7A-8196-4465-A5A5-BB852C9C6C82/data/Containers/Bundle/Application/CE5AB9D2-09FE-41CE-AABB-3408AD782981/com.apple.mobileinstallation.placeholder/ <com.DefaultCompany.NeonDrift <placeholder >:1>"
)
2026-06-26 23:51:06.089 Df SpringBoard[33981:90d532] [com.apple.frontboard.ApplicationLibrary:observer] -[FBSApplicationLibrary applicationInstallsDidStart:] com.DefaultCompany.NeonDrift
2026-06-26 23:51:06.089 Df installcoordinationd[34084:90d645] [com.apple.launchservices:progress] Published install progress <NSProgress: com.DefaultCompany.NeonDrift.Loading phase=Loading; state=Waiting; finalPhase=Installing; fractionCompleted=0.000000>
2026-06-26 23:51:06.090 Df PosterBoard[34042:90d444] [com.apple.launchservices:appinstallation] LaunchServices observer: InstallsStarted (
    "<LSApplicationProxy: 0x1094015c0> com.DefaultCompany.NeonDrift file:///Users/dragonkao/Library/Developer/CoreSimulator/Devices/CC47DE7A-8196-4465-A5A5-BB852C9C6C82/data/Containers/Bundle/Application/CE5AB9D2-09FE-41CE-AABB-3408AD782981/com.apple.mobileinstallation.placeholder/ <com.DefaultCompany.NeonDrift <placeholder >:1>"
)
2026-06-26 23:51:06.090 Df CoreSimulatorBridge[33858:90cdea] [com.apple.installcoordination:framework] -[IXAppInstallCoordinator _clientDelegate_didUpdateProgress:forPhase:overallProgress:]: <IXUpdatingAppInstallCoordinator<0x105890dc0> identity:[com.DefaultCompany.NeonDrift/Invalid/[system-defined]] uuid:B3E361C1-04CF-445C-B06E-7A28971C6A67 creator:InstallCoordination Simple SPI>: Got did update progress delegate with percentComplete 100.000000 phase IXCoordinatorProgressPhaseLoading overallProgress 60.000000
2026-06-26 23:51:06.090 Df CoreSimulatorBridge[33858:90cdea] [com.apple.installcoordination:framework] -[IXAppInstallCoordinator _clientDelegate_didUpdateProgress:forPhase:overallProgress:]_block_invoke: <IXUpdatingAppInstallCoordinator<0x105890dc0> identity:[com.DefaultCompany.NeonDrift/Invalid/[system-defined]] uuid:B3E361C1-04CF-445C-B06E-7A28971C6A67 creator:InstallCoordination Simple SPI>: Calling selector coordinator:didUpdateProgress:forPhase:overallProgress: on observer <_IXSimpleInstallerDelegate 0x0x1058599b0>
2026-06-26 23:51:06.091 Df lsd[33876:90d7bb] [com.apple.launchservices:progress] Using publishing string "com.DefaultCompany.NeonDrift.Installing" for the first time
2026-06-26 23:51:06.091 Df lsd[33876:90d7bb] [com.apple.launchservices:progress] Updating installPhase for <NSProgress: com.DefaultCompany.NeonDrift phase=Loading; state=Finished; finalPhase=Installing; fractionCompleted=0.000000> to 1
2026-06-26 23:51:06.092 Df SpringBoard[33981:90d306] [com.apple.appinstallation:TransactionLog] com.DefaultCompany.NeonDrift/Unknown Persona:10:2:3:1:Reloading icon image.
2026-06-26 23:51:06.092 Df lsd[33876:90d7bb] [com.apple.launchservices:progress] Parent progress for installation <NSProgress: com.DefaultCompany.NeonDrift phase=Installing; state=Finished; finalPhase=Installing; fractionCompleted=0.000000>, adding phase 1
2026-06-26 23:51:06.092 Df lsd[33876:90d7bb] [com.apple.launchservices:progress] #LSInstallProgressList add subscriber: <_NSProgressSubscriber: 0x101f11fb0> publishingString: com.DefaultCompany.NeonDrift.Installing
2026-06-26 23:51:06.092 Df lsd[33876:90d7bb] [com.apple.launchservices:progress] Subscribing to com.DefaultCompany.NeonDrift.Installing
2026-06-26 23:51:06.092 Df installcoordinationd[34084:90d645] [com.apple.launchservices:progress] Published install progress <NSProgress: com.DefaultCompany.NeonDrift.Installing phase=Installing; state=Waiting; finalPhase=Installing; fractionCompleted=0.000000>
2026-06-26 23:51:06.092 Df lsd[33876:90d7bb] [com.apple.launchservices:progress] connection from 34084 sending notification 4 for com.DefaultCompany.NeonDrift
2026-06-26 23:51:06.092 Df lsd[33876:90d7bb] [com.apple.launchservices:progress] Sending applicationsWillInstall: for (
    "<LSApplicationProxy: 0x101f400c0> com.DefaultCompany.NeonDrift file:///Users/dragonkao/Library/Developer/CoreSimulator/Devices/CC47DE7A-8196-4465-A5A5-BB852C9C6C82/data/Containers/Bundle/Application/CE5AB9D2-09FE-41CE-AABB-3408AD782981/NeonDrift.app/ <com.DefaultCompany.NeonDrift <installed >:0>"
)
2026-06-26 23:51:06.094 Df usernotificationsd[33891:90d065] [com.apple.launchservices:appinstallation] LaunchServices observer: Will install (
    "<LSApplicationProxy: 0x1035b0600> com.DefaultCompany.NeonDrift file:///Users/dragonkao/Library/Developer/CoreSimulator/Devices/CC47DE7A-8196-4465-A5A5-BB852C9C6C82/data/Containers/Bundle/Application/CE5AB9D2-09FE-41CE-AABB-3408AD782981/NeonDrift.app/ <com.DefaultCompany.NeonDrift <installed >:0>"
)
2026-06-26 23:51:06.094 Df dasd[33854:90ce48] [com.apple.launchservices:appinstallation] LaunchServices observer: Will install (
    "<LSApplicationProxy: 0x103760240> com.DefaultCompany.NeonDrift file:///Users/dragonkao/Library/Developer/CoreSimulator/Devices/CC47DE7A-8196-4465-A5A5-BB852C9C6C82/data/Containers/Bundle/Application/CE5AB9D2-09FE-41CE-AABB-3408AD782981/NeonDrift.app/ <com.DefaultCompany.NeonDrift <installed >:0>"
)
2026-06-26 23:51:06.095 Df homed[33907:90d0d1] [com.apple.launchservices:appinstallation] LaunchServices observer: Will install (
    "<LSApplicationProxy: 0x1056a4a80> com.DefaultCompany.NeonDrift file:///Users/dragonkao/Library/Developer/CoreSimulator/Devices/CC47DE7A-8196-4465-A5A5-BB852C9C6C82/data/Containers/Bundle/Application/CE5AB9D2-09FE-41CE-AABB-3408AD782981/NeonDrift.app/ <com.DefaultCompany.NeonDrift <installed >:0>"
)
2026-06-26 23:51:06.095 Df profiled[33903:90d7b1] [com.apple.launchservices:appinstallation] LaunchServices observer: Will install (
    "<LSApplicationProxy: 0x10981c000> com.DefaultCompany.NeonDrift file:///Users/dragonkao/Library/Developer/CoreSimulator/Devices/CC47DE7A-8196-4465-A5A5-BB852C9C6C82/data/Containers/Bundle/Application/CE5AB9D2-09FE-41CE-AABB-3408AD782981/NeonDrift.app/ <com.DefaultCompany.NeonDrift <installed >:0>"
)
2026-06-26 23:51:06.095 Df deviceaccessd[33929:90d0e7] [com.apple.launchservices:appinstallation] LaunchServices observer: Will install (
    "<LSApplicationProxy: 0x101d7c000> com.DefaultCompany.NeonDrift file:///Users/dragonkao/Library/Developer/CoreSimulator/Devices/CC47DE7A-8196-4465-A5A5-BB852C9C6C82/data/Containers/Bundle/Application/CE5AB9D2-09FE-41CE-AABB-3408AD782981/NeonDrift.app/ <com.DefaultCompany.NeonDrift <installed >:0>"
)
2026-06-26 23:51:06.095 Df locationd[33852:90ce36] [com.apple.launchservices:appinstallation] LaunchServices observer: Will install (
    "<LSApplicationProxy: 0x107f88600> com.DefaultCompany.NeonDrift file:///Users/dragonkao/Library/Developer/CoreSimulator/Devices/CC47DE7A-8196-4465-A5A5-BB852C9C6C82/data/Containers/Bundle/Application/CE5AB9D2-09FE-41CE-AABB-3408AD782981/NeonDrift.app/ <com.DefaultCompany.NeonDrift <installed >:0>"
)
2026-06-26 23:51:06.095 Df mobiletimerd[33843:90cdf3] [com.apple.launchservices:appinstallation] LaunchServices observer: Will install (
    "<LSApplicationProxy: 0x103a640c0> com.DefaultCompany.NeonDrift file:///Users/dragonkao/Library/Developer/CoreSimulator/Devices/CC47DE7A-8196-4465-A5A5-BB852C9C6C82/data/Containers/Bundle/Application/CE5AB9D2-09FE-41CE-AABB-3408AD782981/NeonDrift.app/ <com.DefaultCompany.NeonDrift <installed >:0>"
)
2026-06-26 23:51:06.095 Df appstored[34079:90d539] [com.apple.launchservices:appinstallation] LaunchServices observer: Will install (
    "<LSApplicationProxy: 0x104328000> com.DefaultCompany.NeonDrift file:///Users/dragonkao/Library/Developer/CoreSimulator/Devices/CC47DE7A-8196-4465-A5A5-BB852C9C6C82/data/Containers/Bundle/Application/CE5AB9D2-09FE-41CE-AABB-3408AD782981/NeonDrift.app/ <com.DefaultCompany.NeonDrift <installed >:0>"
)
2026-06-26 23:51:06.095 Df gamed[33960:90d223] [com.apple.launchservices:appinstallation] LaunchServices observer: Will install (
    "<LSApplicationProxy: 0x10638c840> com.DefaultCompany.NeonDrift file:///Users/dragonkao/Library/Developer/CoreSimulator/Devices/CC47DE7A-8196-4465-A5A5-BB852C9C6C82/data/Containers/Bundle/Application/CE5AB9D2-09FE-41CE-AABB-3408AD782981/NeonDrift.app/ <com.DefaultCompany.NeonDrift <installed >:0>"
)
2026-06-26 23:51:06.095 Df passd[33857:90d1f0] [com.apple.launchservices:appinstallation] LaunchServices observer: Will install (
    "<LSApplicationProxy: 0x10a0b98c0> com.DefaultCompany.NeonDrift file:///Users/dragonkao/Library/Developer/CoreSimulator/Devices/CC47DE7A-8196-4465-A5A5-BB852C9C6C82/data/Containers/Bundle/Application/CE5AB9D2-09FE-41CE-AABB-3408AD782981/NeonDrift.app/ <com.DefaultCompany.NeonDrift <installed >:0>"
)
2026-06-26 23:51:06.095 Df liveactivitiesd[33885:90cf2c] [com.apple.launchservices:appinstallation] LaunchServices observer: Will install (
    "<LSApplicationProxy: 0x101a7d800> com.DefaultCompany.NeonDrift file:///Users/dragonkao/Library/Developer/CoreSimulator/Devices/CC47DE7A-8196-4465-A5A5-BB852C9C6C82/data/Containers/Bundle/Application/CE5AB9D2-09FE-41CE-AABB-3408AD782981/NeonDrift.app/ <com.DefaultCompany.NeonDrift <installed >:0>"
)
2026-06-26 23:51:06.095 Df nsurlsessiond[33871:90d002] [com.apple.launchservices:appinstallation] LaunchServices observer: Will install (
    "<LSApplicationProxy: 0x103a2c6c0> com.DefaultCompany.NeonDrift file:///Users/dragonkao/Library/Developer/CoreSimulator/Devices/CC47DE7A-8196-4465-A5A5-BB852C9C6C82/data/Containers/Bundle/Application/CE5AB9D2-09FE-41CE-AABB-3408AD782981/NeonDrift.app/ <com.DefaultCompany.NeonDrift <installed >:0>"
)
2026-06-26 23:51:06.095 Df webbookmarksd[33906:90d76b] [com.apple.launchservices:appinstallation] LaunchServices observer: Will install (
    "<LSApplicationProxy: 0x1055b8000> com.DefaultCompany.NeonDrift file:///Users/dragonkao/Library/Developer/CoreSimulator/Devices/CC47DE7A-8196-4465-A5A5-BB852C9C6C82/data/Containers/Bundle/Application/CE5AB9D2-09FE-41CE-AABB-3408AD782981/NeonDrift.app/ <com.DefaultCompany.NeonDrift <installed >:0>"
)
2026-06-26 23:51:06.096 Df donotdisturbd[33875:90cf33] [com.apple.launchservices:appinstallation] LaunchServices observer: Will install (
    "<LSApplicationProxy: 0x101dd5500> com.DefaultCompany.NeonDrift file:///Users/dragonkao/Library/Developer/CoreSimulator/Devices/CC47DE7A-8196-4465-A5A5-BB852C9C6C82/data/Containers/Bundle/Application/CE5AB9D2-09FE-41CE-AABB-3408AD782981/NeonDrift.app/ <com.DefaultCompany.NeonDrift <installed >:0>"
)
2026-06-26 23:51:06.096 Df runningboardd[33831:90ce64] [com.apple.launchservices:appinstallation] LaunchServices observer: Will install (
    "<LSApplicationProxy: 0x103da4000> com.DefaultCompany.NeonDrift file:///Users/dragonkao/Library/Developer/CoreSimulator/Devices/CC47DE7A-8196-4465-A5A5-BB852C9C6C82/data/Containers/Bundle/Application/CE5AB9D2-09FE-41CE-AABB-3408AD782981/NeonDrift.app/ <com.DefaultCompany.NeonDrift <installed >:0>"
)
2026-06-26 23:51:06.096 Df financed[33911:90d06d] [com.apple.launchservices:appinstallation] LaunchServices observer: Will install (
    "<LSApplicationProxy: 0x1076eb600> com.DefaultCompany.NeonDrift file:///Users/dragonkao/Library/Developer/CoreSimulator/Devices/CC47DE7A-8196-4465-A5A5-BB852C9C6C82/data/Containers/Bundle/Application/CE5AB9D2-09FE-41CE-AABB-3408AD782981/NeonDrift.app/ <com.DefaultCompany.NeonDrift <installed >:0>"
)
2026-06-26 23:51:06.096 Df routined[33836:90cf4b] [com.apple.launchservices:appinstallation] LaunchServices observer: Will install (
    "<LSApplicationProxy: 0x101bfcfc0> com.DefaultCompany.NeonDrift file:///Users/dragonkao/Library/Developer/CoreSimulator/Devices/CC47DE7A-8196-4465-A5A5-BB852C9C6C82/data/Containers/Bundle/Application/CE5AB9D2-09FE-41CE-AABB-3408AD782981/NeonDrift.app/ <com.DefaultCompany.NeonDrift <installed >:0>"
)
2026-06-26 23:51:06.096 Df sleepd[33855:90ce30] [com.apple.launchservices:appinstallation] LaunchServices observer: Will install (
    "<LSApplicationProxy: 0x10166c180> com.DefaultCompany.NeonDrift file:///Users/dragonkao/Library/Developer/CoreSimulator/Devices/CC47DE7A-8196-4465-A5A5-BB852C9C6C82/data/Containers/Bundle/Application/CE5AB9D2-09FE-41CE-AABB-3408AD782981/NeonDrift.app/ <com.DefaultCompany.NeonDrift <installed >:0>"
)
2026-06-26 23:51:06.096 Df callservicesd[33904:90cfb7] [com.apple.launchservices:appinstallation] LaunchServices observer: Will install (
    "<LSApplicationProxy: 0x106900e40> com.DefaultCompany.NeonDrift file:///Users/dragonkao/Library/Developer/CoreSimulator/Devices/CC47DE7A-8196-4465-A5A5-BB852C9C6C82/data/Containers/Bundle/Application/CE5AB9D2-09FE-41CE-AABB-3408AD782981/NeonDrift.app/ <com.DefaultCompany.NeonDrift <installed >:0>"
)
2026-06-26 23:51:06.096 Df installd[34099:90d625] (MobileSystemServices) 0x16f7e3000 -[MIClientConnection _doInstallationForURL:identity:domain:options:operationType:completion:]: Install of "/Users/dragonkao/Library/Developer/CoreSimulator/Devices/CC47DE7A-8196-4465-A5A5-BB852C9C6C82/data/Containers/Shared/SystemGroup/systemgroup.com.apple.installcoordinationd/Library/InstallCoordination/PromiseStaging/3719D551-81D7-4CC9-8891-262461C486A9/NeonDrift.app" type Developer (LSInstallType = 0, Domain: MIInstallationDomainDefault) requested by installcoordinationd (pid 34084 (501/20))
2026-06-26 23:51:06.096 Df SpringBoard[33981:90d3d6] [com.apple.launchservices:appinstallation] LaunchServices observer: Will install (
    "<LSApplicationProxy: 0x12b799c80> com.DefaultCompany.NeonDrift file:///Users/dragonkao/Library/Developer/CoreSimulator/Devices/CC47DE7A-8196-4465-A5A5-BB852C9C6C82/data/Containers/Bundle/Application/CE5AB9D2-09FE-41CE-AABB-3408AD782981/NeonDrift.app/ <com.DefaultCompany.NeonDrift <installed >:0>"
)
2026-06-26 23:51:06.097 Df PosterBoard[34042:90d444] [com.apple.launchservices:appinstallation] LaunchServices observer: Will install (
    "<LSApplicationProxy: 0x1094015c0> com.DefaultCompany.NeonDrift file:///Users/dragonkao/Library/Developer/CoreSimulator/Devices/CC47DE7A-8196-4465-A5A5-BB852C9C6C82/data/Containers/Bundle/Application/CE5AB9D2-09FE-41CE-AABB-3408AD782981/NeonDrift.app/ <com.DefaultCompany.NeonDrift <installed >:0>"
)
2026-06-26 23:51:06.097 Df lsd[33876:90ce57] [com.apple.launchservices:progress] unsubscribing from com.DefaultCompany.NeonDrift.Loading as it was unpublished
2026-06-26 23:51:06.097 Df lsd[33876:90ce57] [com.apple.launchservices:progress] #LSInstallProgressList remove subscriber: <_NSProgressSubscriber: 0x101f11830> publishingString: com.DefaultCompany.NeonDrift.Loading
2026-06-26 23:51:06.098 Df SpringBoard[33981:90d3d6] [com.apple.frontboard.ApplicationLibrary:observer] -[FBSApplicationLibrary applicationsWillInstall:] com.DefaultCompany.NeonDrift
2026-06-26 23:51:06.099 Df CoreSimulatorBridge[33858:90cdef] [com.apple.installcoordination:framework] -[IXAppInstallCoordinator _clientDelegate_didUpdateProgress:forPhase:overallProgress:]: <IXUpdatingAppInstallCoordinator<0x105890dc0> identity:[com.DefaultCompany.NeonDrift/Invalid/[system-defined]] uuid:B3E361C1-04CF-445C-B06E-7A28971C6A67 creator:InstallCoordination Simple SPI>: Got did update progress delegate with percentComplete 5.000000 phase IXCoordinatorProgressPhaseInstalling overallProgress 62.000000
2026-06-26 23:51:06.099 Df CoreSimulatorBridge[33858:90cdef] [com.apple.installcoordination:framework] -[IXAppInstallCoordinator _clientDelegate_didUpdateProgress:forPhase:overallProgress:]: <IXUpdatingAppInstallCoordinator<0x105890dc0> identity:[com.DefaultCompany.NeonDrift/Invalid/[system-defined]] uuid:B3E361C1-04CF-445C-B06E-7A28971C6A67 creator:InstallCoordination Simple SPI>: Got did update progress delegate with percentComplete 15.000000 phase IXCoordinatorProgressPhaseInstalling overallProgress 66.000000
2026-06-26 23:51:06.099 Df CoreSimulatorBridge[33858:90cdea] [com.apple.installcoordination:framework] -[IXAppInstallCoordinator _clientDelegate_didUpdateProgress:forPhase:overallProgress:]_block_invoke: <IXUpdatingAppInstallCoordinator<0x105890dc0> identity:[com.DefaultCompany.NeonDrift/Invalid/[system-defined]] uuid:B3E361C1-04CF-445C-B06E-7A28971C6A67 creator:InstallCoordination Simple SPI>: Calling selector coordinator:didUpdateProgress:forPhase:overallProgress: on observer <_IXSimpleInstallerDelegate 0x0x1058599b0>
2026-06-26 23:51:06.099 Df CoreSimulatorBridge[33858:90cdef] [com.apple.installcoordination:framework] -[IXAppInstallCoordinator _clientDelegate_didUpdateProgress:forPhase:overallProgress:]: <IXUpdatingAppInstallCoordinator<0x105890dc0> identity:[com.DefaultCompany.NeonDrift/Invalid/[system-defined]] uuid:B3E361C1-04CF-445C-B06E-7A28971C6A67 creator:InstallCoordination Simple SPI>: Got did update progress delegate with percentComplete 20.000000 phase IXCoordinatorProgressPhaseInstalling overallProgress 68.000000
2026-06-26 23:51:06.099 Df CoreSimulatorBridge[33858:90cdea] [com.apple.installcoordination:framework] -[IXAppInstallCoordinator _clientDelegate_didUpdateProgress:forPhase:overallProgress:]_block_invoke: <IXUpdatingAppInstallCoordinator<0x105890dc0> identity:[com.DefaultCompany.NeonDrift/Invalid/[system-defined]] uuid:B3E361C1-04CF-445C-B06E-7A28971C6A67 creator:InstallCoordination Simple SPI>: Calling selector coordinator:didUpdateProgress:forPhase:overallProgress: on observer <_IXSimpleInstallerDelegate 0x0x1058599b0>
2026-06-26 23:51:06.099 Df CoreSimulatorBridge[33858:90cdea] [com.apple.installcoordination:framework] -[IXAppInstallCoordinator _clientDelegate_didUpdateProgress:forPhase:overallProgress:]_block_invoke: <IXUpdatingAppInstallCoordinator<0x105890dc0> identity:[com.DefaultCompany.NeonDrift/Invalid/[system-defined]] uuid:B3E361C1-04CF-445C-B06E-7A28971C6A67 creator:InstallCoordination Simple SPI>: Calling selector coordinator:didUpdateProgress:forPhase:overallProgress: on observer <_IXSimpleInstallerDelegate 0x0x1058599b0>
2026-06-26 23:51:06.100 Df installd[34099:90d625] [com.apple.containermanager:xpc] Query; euid = 501, uid = 501, class = 1, identifier = [com.DefaultCompany.NeonDrift](1), flags = 300000002
2026-06-26 23:51:06.101 Df installd[34099:90d625] [com.apple.containermanager:xpc] Query; euid = 501, uid = 501, class = 1, identifier = [com.DefaultCompany.NeonDrift](1), flags = 300000002
2026-06-26 23:51:06.103 Df installd[34099:90d625] [com.apple.containermanager:xpc] Query; euid = 501, uid = 501, class = 1, identifier = [com.DefaultCompany.NeonDrift](1), flags = 300000002
2026-06-26 23:51:06.103 Df installcoordinationd[34084:90d62e] [com.apple.installcoordination:daemon] -[IXSCoordinatorProgress setTotalUnitsCompleted:]: Progress for coordinator: [com.DefaultCompany.NeonDrift/Invalid/[system-defined]], Phase: IXCoordinatorProgressPhaseInstalling, Percentage: 20.000000: Attempt to set units completed on finished progress: 20
2026-06-26 23:51:06.104 Df installd[34099:90d625] [com.apple.containermanager:xpc] Query; euid = 501, uid = 501, class = 1, identifier = [com.DefaultCompany.NeonDrift](1), flags = 300000002
2026-06-26 23:51:06.109 Df installd[34099:90d625] (MobileSystemServices) 0x16f7e3000 -[MIInstaller _installInstallable:containingSymlink:error:]: Installing <MIInstallableBundle ID=com.DefaultCompany.NeonDrift; Persona=com.apple.containermanager.primary-persona, Version=0, ShortVersion=1.0>
2026-06-26 23:51:06.109 Df installd[34099:90d625] [com.apple.appinstallation:TransactionLog] com.DefaultCompany.NeonDrift/com.apple.containermanager.primary-persona:7:1:1:1:Start : Install (Patch Update)
2026-06-26 23:51:06.109 Df installd[34099:90d625] (MobileSystemServices) 0x16f7e3000 -[MIInstallable applyPatchWithError:]: Attempting Delta patch update of com.DefaultCompany.NeonDrift from 0 (1.0) to 0 (1.0)
2026-06-26 23:51:06.109 Df CoreSimulatorBridge[33858:90cdea] [com.apple.installcoordination:framework] -[IXAppInstallCoordinator _clientDelegate_didUpdateProgress:forPhase:overallProgress:]: <IXUpdatingAppInstallCoordinator<0x105890dc0> identity:[com.DefaultCompany.NeonDrift/Invalid/[system-defined]] uuid:B3E361C1-04CF-445C-B06E-7A28971C6A67 creator:InstallCoordination Simple SPI>: Got did update progress delegate with percentComplete 30.000000 phase IXCoordinatorProgressPhaseInstalling overallProgress 72.000000
2026-06-26 23:51:06.109 Df CoreSimulatorBridge[33858:90cdea] [com.apple.installcoordination:framework] -[IXAppInstallCoordinator _clientDelegate_didUpdateProgress:forPhase:overallProgress:]_block_invoke: <IXUpdatingAppInstallCoordinator<0x105890dc0> identity:[com.DefaultCompany.NeonDrift/Invalid/[system-defined]] uuid:B3E361C1-04CF-445C-B06E-7A28971C6A67 creator:InstallCoordination Simple SPI>: Calling selector coordinator:didUpdateProgress:forPhase:overallProgress: on observer <_IXSimpleInstallerDelegate 0x0x1058599b0>
2026-06-26 23:51:06.110 Df CoreSimulatorBridge[33858:90cdef] [com.apple.installcoordination:framework] -[IXAppInstallCoordinator _clientDelegate_didUpdateProgress:forPhase:overallProgress:]: <IXUpdatingAppInstallCoordinator<0x105890dc0> identity:[com.DefaultCompany.NeonDrift/Invalid/[system-defined]] uuid:B3E361C1-04CF-445C-B06E-7A28971C6A67 creator:InstallCoordination Simple SPI>: Got did update progress delegate with percentComplete 35.000000 phase IXCoordinatorProgressPhaseInstalling overallProgress 74.000000
2026-06-26 23:51:06.110 Df CoreSimulatorBridge[33858:90cdef] [com.apple.installcoordination:framework] -[IXAppInstallCoordinator _clientDelegate_didUpdateProgress:forPhase:overallProgress:]_block_invoke: <IXUpdatingAppInstallCoordinator<0x105890dc0> identity:[com.DefaultCompany.NeonDrift/Invalid/[system-defined]] uuid:B3E361C1-04CF-445C-B06E-7A28971C6A67 creator:InstallCoordination Simple SPI>: Calling selector coordinator:didUpdateProgress:forPhase:overallProgress: on observer <_IXSimpleInstallerDelegate 0x0x1058599b0>
2026-06-26 23:51:06.134 Df installd[34099:90d625] [com.apple.containermanager:query] Query; euid = 501, uid = 501, class = 4, identifier = [com.DefaultCompany.NeonDrift](1), flags = 300000002
2026-06-26 23:51:06.135 Df CoreSimulatorBridge[33858:90cf2b] [com.apple.installcoordination:framework] -[IXAppInstallCoordinator _clientDelegate_didUpdateProgress:forPhase:overallProgress:]: <IXUpdatingAppInstallCoordinator<0x105890dc0> identity:[com.DefaultCompany.NeonDrift/Invalid/[system-defined]] uuid:B3E361C1-04CF-445C-B06E-7A28971C6A67 creator:InstallCoordination Simple SPI>: Got did update progress delegate with percentComplete 40.000000 phase IXCoordinatorProgressPhaseInstalling overallProgress 76.000000
2026-06-26 23:51:06.135 Df CoreSimulatorBridge[33858:90cf2b] [com.apple.installcoordination:framework] -[IXAppInstallCoordinator _clientDelegate_didUpdateProgress:forPhase:overallProgress:]_block_invoke: <IXUpdatingAppInstallCoordinator<0x105890dc0> identity:[com.DefaultCompany.NeonDrift/Invalid/[system-defined]] uuid:B3E361C1-04CF-445C-B06E-7A28971C6A67 creator:InstallCoordination Simple SPI>: Calling selector coordinator:didUpdateProgress:forPhase:overallProgress: on observer <_IXSimpleInstallerDelegate 0x0x1058599b0>
2026-06-26 23:51:06.135 Df installd[34099:90d625] [com.apple.containermanager:query] Query; euid = 501, uid = 501, class = 4, identifier = [com.DefaultCompany.NeonDrift](1), flags = 300000002
2026-06-26 23:51:06.136 Df installd[34099:90d625] [com.apple.containermanager:xpc] Query; euid = 501, uid = 501, class = 1, identifier = [com.DefaultCompany.NeonDrift](1), flags = 300000003
2026-06-26 23:51:06.136 Df CoreSimulatorBridge[33858:90cdef] [com.apple.installcoordination:framework] -[IXAppInstallCoordinator _clientDelegate_didUpdateProgress:forPhase:overallProgress:]: <IXUpdatingAppInstallCoordinator<0x105890dc0> identity:[com.DefaultCompany.NeonDrift/Invalid/[system-defined]] uuid:B3E361C1-04CF-445C-B06E-7A28971C6A67 creator:InstallCoordination Simple SPI>: Got did update progress delegate with percentComplete 50.000000 phase IXCoordinatorProgressPhaseInstalling overallProgress 80.000000
2026-06-26 23:51:06.136 Df CoreSimulatorBridge[33858:90cdef] [com.apple.installcoordination:framework] -[IXAppInstallCoordinator _clientDelegate_didUpdateProgress:forPhase:overallProgress:]_block_invoke: <IXUpdatingAppInstallCoordinator<0x105890dc0> identity:[com.DefaultCompany.NeonDrift/Invalid/[system-defined]] uuid:B3E361C1-04CF-445C-B06E-7A28971C6A67 creator:InstallCoordination Simple SPI>: Calling selector coordinator:didUpdateProgress:forPhase:overallProgress: on observer <_IXSimpleInstallerDelegate 0x0x1058599b0>
2026-06-26 23:51:06.137 E  containermanagerd_system[33873:90ce70] [com.apple.containermanager:schema] [com.DefaultCompany.NeonDrift(1)] Current schema version (1) is newer than the latest (0), ignoring.
2026-06-26 23:51:06.138 Df containermanagerd_system[33873:90ce70] [com.apple.containermanager:schema] [u BC80FD2E-119F-4CF1-9B2F-9434A324C5B9:p 45F52B90-E1B2-4D89-9FDD-986AE59D147E:c com.DefaultCompany.NeonDrift(1):i31614335] Successfully updated schema from (0) → (0), actions count = 0
2026-06-26 23:51:06.140 Df installd[34099:90d625] [com.apple.containermanager:xpc] Query; euid = 501, uid = 501, class = 1, identifier = [com.DefaultCompany.NeonDrift](1), flags = 300000002
2026-06-26 23:51:06.141 Df CoreSimulatorBridge[33858:90cf2b] [com.apple.installcoordination:framework] -[IXAppInstallCoordinator _clientDelegate_didUpdateProgress:forPhase:overallProgress:]: <IXUpdatingAppInstallCoordinator<0x105890dc0> identity:[com.DefaultCompany.NeonDrift/Invalid/[system-defined]] uuid:B3E361C1-04CF-445C-B06E-7A28971C6A67 creator:InstallCoordination Simple SPI>: Got did update progress delegate with percentComplete 60.000000 phase IXCoordinatorProgressPhaseInstalling overallProgress 84.000000
2026-06-26 23:51:06.141 Df CoreSimulatorBridge[33858:90cf2b] [com.apple.installcoordination:framework] -[IXAppInstallCoordinator _clientDelegate_didUpdateProgress:forPhase:overallProgress:]_block_invoke: <IXUpdatingAppInstallCoordinator<0x105890dc0> identity:[com.DefaultCompany.NeonDrift/Invalid/[system-defined]] uuid:B3E361C1-04CF-445C-B06E-7A28971C6A67 creator:InstallCoordination Simple SPI>: Calling selector coordinator:didUpdateProgress:forPhase:overallProgress: on observer <_IXSimpleInstallerDelegate 0x0x1058599b0>
2026-06-26 23:51:06.145 Df appprotectiond[33846:90d2ee] [com.apple.appprotection:server] Received distnoted event <dictionary: 0x103d00000> { count = 3, transaction: 0, voucher = 0x103d49040, contents =
	"UserInfo" => <dictionary: 0x103c31140> { count = 2, transaction: 0, voucher = 0x0, contents =
		"isPlaceholder" => <bool: 0x1e704c530>: true
		"bundleIDs" => <array: 0x103c37150> { count = 1, capacity = 1, contents =
			0: <string: 0x103c34150> { string cache = 0x0, length = 28, contents = "com.DefaultCompany.NeonDrift" }
		}
	}
	"Name" => <string: 0x103c34420> { string cache = 0x0, length = 46, contents = "com.apple.LaunchServices.applicationRegistered" }
	"XPCEventName" => <string: 0x103c342d0> { string cache = 0x0, length = 21, contents = "ApplicationRegistered" }
}
2026-06-26 23:51:06.145 Df appprotectiond[33846:90d2ee] [com.apple.appprotection:server] received note: name = com.apple.LaunchServices.applicationRegistered, object = Optional(AppProtection.DistnotedXPCEventStreamTranslator), userInfo = Optional([AnyHashable("isPlaceholder"): 1, AnyHashable("bundleIDs"): <__NSSingleObjectArrayI 0x103dec0a0>(
com.DefaultCompany.NeonDrift
)
])
2026-06-26 23:51:06.146 Df appprotectiond[33846:90d2ee] [com.apple.appprotection:server] processing settings authority event: SettingsAuthorityEvent.promotePreferenceFromProvisionalForApplication(com.DefaultCompany.NeonDrift)
2026-06-26 23:51:06.146 Df siriactionsd[33893:90d0c8] [com.apple.shortcuts:Daemon] Dispatching XPC event: <distributed notification: com.apple.LaunchServices.applicationRegistered, userInfo: [AnyHashable("isPlaceholder"): 1, AnyHashable("bundleIDs"): <__NSSingleObjectArrayI 0x101e10d80>(
com.DefaultCompany.NeonDrift
)
]>
2026-06-26 23:51:06.146 Df installd[34099:90d625] [com.apple.containermanager:query] Query; euid = 501, uid = 501, class = 2, identifier = [com.DefaultCompany.NeonDrift](1), flags = 300000003
2026-06-26 23:51:06.147 Df CoreSimulatorBridge[33858:90cf2b] [com.apple.installcoordination:framework] -[IXAppInstallCoordinator _clientDelegate_didUpdateProgress:forPhase:overallProgress:]: <IXUpdatingAppInstallCoordinator<0x105890dc0> identity:[com.DefaultCompany.NeonDrift/Invalid/[system-defined]] uuid:B3E361C1-04CF-445C-B06E-7A28971C6A67 creator:InstallCoordination Simple SPI>: Got did update progress delegate with percentComplete 70.000000 phase IXCoordinatorProgressPhaseInstalling overallProgress 88.000000
2026-06-26 23:51:06.147 Df CoreSimulatorBridge[33858:90cf2b] [com.apple.installcoordination:framework] -[IXAppInstallCoordinator _clientDelegate_didUpdateProgress:forPhase:overallProgress:]_block_invoke: <IXUpdatingAppInstallCoordinator<0x105890dc0> identity:[com.DefaultCompany.NeonDrift/Invalid/[system-defined]] uuid:B3E361C1-04CF-445C-B06E-7A28971C6A67 creator:InstallCoordination Simple SPI>: Calling selector coordinator:didUpdateProgress:forPhase:overallProgress: on observer <_IXSimpleInstallerDelegate 0x0x1058599b0>
2026-06-26 23:51:06.147 Df installd[34099:90d625] [com.apple.containermanager:query] Query; euid = 501, uid = 501, class = 2, identifier = [com.DefaultCompany.NeonDrift](1), flags = 300000002
2026-06-26 23:51:06.148 Df siriactionsd[33893:90d0c8] [com.apple.shortcuts:XPCEvent] Dispatching XPC event: <distributed notification: com.apple.LaunchServices.applicationRegistered, userInfo: [AnyHashable("isPlaceholder"): 1, AnyHashable("bundleIDs"): <__NSSingleObjectArrayI 0x101e10d80>(
com.DefaultCompany.NeonDrift
)
]>
2026-06-26 23:51:06.159 Df liveactivitiesd[33885:90cef9] [com.apple.launchservices:progress] Got progress <NSProgress: com.DefaultCompany.NeonDrift phase=Installing; state=Active; finalPhase=Installing; fractionCompleted=0.760000> for app com.DefaultCompany.NeonDrift,
2026-06-26 23:51:06.159 Df liveactivitiesd[33885:90cf28] [com.apple.launchservices:progress] #LSInstallProgressList add subscriber: <_NSProgressSubscriber: 0x101bd8330> publishingString: com.DefaultCompany.NeonDrift
2026-06-26 23:51:06.160 Df liveactivitiesd[33885:90cf28] [com.apple.launchservices:progress] Subscribing to progress for app com.DefaultCompany.NeonDrift,
2026-06-26 23:51:06.160 Df CoreSimulatorBridge[33858:90cdef] [com.apple.installcoordination:framework] -[IXAppInstallCoordinator _clientDelegate_didUpdateProgress:forPhase:overallProgress:]: <IXUpdatingAppInstallCoordinator<0x105890dc0> identity:[com.DefaultCompany.NeonDrift/Invalid/[system-defined]] uuid:B3E361C1-04CF-445C-B06E-7A28971C6A67 creator:InstallCoordination Simple SPI>: Got did update progress delegate with percentComplete 80.000000 phase IXCoordinatorProgressPhaseInstalling overallProgress 92.000000
2026-06-26 23:51:06.161 Df CoreSimulatorBridge[33858:90cdef] [com.apple.installcoordination:framework] -[IXAppInstallCoordinator _clientDelegate_didUpdateProgress:forPhase:overallProgress:]_block_invoke: <IXUpdatingAppInstallCoordinator<0x105890dc0> identity:[com.DefaultCompany.NeonDrift/Invalid/[system-defined]] uuid:B3E361C1-04CF-445C-B06E-7A28971C6A67 creator:InstallCoordination Simple SPI>: Calling selector coordinator:didUpdateProgress:forPhase:overallProgress: on observer <_IXSimpleInstallerDelegate 0x0x1058599b0>
2026-06-26 23:51:06.162 Df installd[34099:90d625] (MobileSystemServices) 0x16f7e3000 -[MIInstallationJournalEntry _refreshUUIDForContainer:withError:]: Data container for com.DefaultCompany.NeonDrift is now at /Users/dragonkao/Library/Developer/CoreSimulator/Devices/CC47DE7A-8196-4465-A5A5-BB852C9C6C82/data/Containers/Data/Application/7707A4E6-909A-4169-ABC1-7658F6846534
2026-06-26 23:51:06.164 Df containermanagerd[33886:90cf0e] [com.apple.containermanager:schema] [u 815BD00E-79CD-4463-AD29-B14C41CCA58C:p 7707A4E6-909A-4169-ABC1-7658F6846534:c com.DefaultCompany.NeonDrift(2):i0] Successfully updated schema from (0) → (1), actions count = 6
2026-06-26 23:51:06.164 Df installd[34099:90d625] [com.apple.containermanager:unspecified] Replace; old = [app:com.DefaultCompany.NeonDrift:501::(98AFE590-914D-4997-89A7-5628C146B29B)], new = [temp-app:com.DefaultCompany.NeonDrift:501::(BC80FD2E-119F-4CF1-9B2F-9434A324C5B9)]
2026-06-26 23:51:06.170 Df installd[34099:90d625] [com.apple.containermanager:xpc] Query; euid = 501, uid = 501, class = 1, identifier = [com.DefaultCompany.NeonDrift](1), flags = 300000002
2026-06-26 23:51:06.172 Df installd[34099:90d625] (MobileSystemServices) 0x16f7e3000 -[MIContainer makeContainerLiveReplacingContainer:reason:waitForDeletion:withError:]: Made container live for com.DefaultCompany.NeonDrift at /Users/dragonkao/Library/Developer/CoreSimulator/Devices/CC47DE7A-8196-4465-A5A5-BB852C9C6C82/data/Containers/Bundle/Application/DE4E2076-15DB-46CE-B306-88519BB9645A
2026-06-26 23:51:06.173 Df installd[34099:90d625] [com.apple.containermanager:xpc] Query; euid = 501, uid = 501, class = 1, identifier = [com.DefaultCompany.NeonDrift](1), flags = 300000002
2026-06-26 23:51:06.178 Df CoreSimulatorBridge[33858:90cf2b] [com.apple.installcoordination:framework] -[IXAppInstallCoordinator _clientDelegate_didUpdateProgress:forPhase:overallProgress:]: <IXUpdatingAppInstallCoordinator<0x105890dc0> identity:[com.DefaultCompany.NeonDrift/Invalid/[system-defined]] uuid:B3E361C1-04CF-445C-B06E-7A28971C6A67 creator:InstallCoordination Simple SPI>: Got did update progress delegate with percentComplete 90.000000 phase IXCoordinatorProgressPhaseInstalling overallProgress 96.000000
2026-06-26 23:51:06.178 Df CoreSimulatorBridge[33858:90cf2b] [com.apple.installcoordination:framework] -[IXAppInstallCoordinator _clientDelegate_didUpdateProgress:forPhase:overallProgress:]_block_invoke: <IXUpdatingAppInstallCoordinator<0x105890dc0> identity:[com.DefaultCompany.NeonDrift/Invalid/[system-defined]] uuid:B3E361C1-04CF-445C-B06E-7A28971C6A67 creator:InstallCoordination Simple SPI>: Calling selector coordinator:didUpdateProgress:forPhase:overallProgress: on observer <_IXSimpleInstallerDelegate 0x0x1058599b0>
2026-06-26 23:51:06.179 Df installd[34099:90d625] [com.apple.containermanager:unspecified] Requesting disk usage; class = 1, identifier = com.DefaultCompany.NeonDrift
2026-06-26 23:51:06.183 Df installd[34099:90d625] [com.apple.containermanager:query] Query; euid = 501, uid = 501, class = 7, identifier = [com.DefaultCompany.NeonDrift](1), flags = 300000001
2026-06-26 23:51:06.185 Df SpringBoard[33981:90d306] [com.apple.SpringBoard:Common] termination assertion released for com.DefaultCompany.NeonDrift
2026-06-26 23:51:06.187 Df installd[34099:90d625] (MobileSystemServices) 0x16f7e3000 -[MILaunchServicesOperationManager _onQueue_addPendingLaunchServicesOperation:error:]: Added pending LS operation <MILaunchServicesRegisterOperation: 0C3C12D9-BA08-46E6-987A-1CB4B517F451:2 com.DefaultCompany.NeonDrift/MIInstallationDomainSystemShared personas:[com.apple.containermanager.primary-persona]>
2026-06-26 23:51:06.187 Df lsd[33876:90d7bb] [com.apple.launchservices:appinstallation] Post installation registration: request to register com.DefaultCompany.NeonDrift, operation 0C3C12D9-BA08-46E6-987A-1CB4B517F451, from pid 34099
2026-06-26 23:51:06.188 Df lsd[33876:90d7bb] [com.apple.appinstallation:TransactionLog] com.DefaultCompany.NeonDrift/Unknown Persona:5:4:1:1:Registering bundles via registrant - start
2026-06-26 23:51:06.188 Df siriactionsd[33893:90d0c8] [com.apple.shortcuts:Daemon] Firing event: <distributed notification: com.apple.LaunchServices.applicationRegistered, userInfo: [AnyHashable("isPlaceholder"): 1, AnyHashable("bundleIDs"): <__NSSingleObjectArrayI 0x101e10d80>(
com.DefaultCompany.NeonDrift
)
]>
2026-06-26 23:51:06.190 Df lsd[33876:90d7bb] [com.apple.appinstallation:TransactionLog] com.DefaultCompany.NeonDrift/Unknown Persona:5:5:1:1:Building bundle record for app
2026-06-26 23:51:06.190 Df lsd[33876:90d7bb] [com.apple.launchservices:appinstallation] Removed existing registered placeholder for com.DefaultCompany.NeonDrift
2026-06-26 23:51:06.190 Df lsd[33876:90d7bb] [com.apple.launchservices:appinstallation] Removed existing registered bundle for com.DefaultCompany.NeonDrift
2026-06-26 23:51:06.190 Df lsd[33876:90d7bb] [com.apple.appinstallation:TransactionLog] com.DefaultCompany.NeonDrift/Unknown Persona:5:5:2:1:Built bundle record for app
2026-06-26 23:51:06.191 Df lsd[33876:90d7bb] [com.apple.launchservices:icons] clearAlternateNameForBundleIdentifier: won't clear for com.DefaultCompany.NeonDrift
2026-06-26 23:51:06.194 Df lsd[33876:90d7bb] [com.apple.appinstallation:TransactionLog] com.DefaultCompany.NeonDrift/Unknown Persona:5:4:2:1:Registered bundle status = success
2026-06-26 23:51:06.195 Df lsd[33876:90d7bb] [com.apple.appinstallation:TransactionLog] com.DefaultCompany.NeonDrift/Unknown Persona:5:4:2:1:Finished registering com.DefaultCompany.NeonDrift, bundle unit 4dc
2026-06-26 23:51:06.195 Df lsd[33876:90d7bb] [com.apple.launchservices:progress] Installation ended for com.DefaultCompany.NeonDrift with state 5
2026-06-26 23:51:06.195 Df lsd[33876:90d7bb] [com.apple.launchservices:progress] Discarding proportions for com.DefaultCompany.NeonDrift
2026-06-26 23:51:06.195 Df installd[34099:90d625] (MobileSystemServices) 0x16f7e3000 -[MIJournal purgeJournalEntry:withError:]: Removing journal entry <MIInstallationJournalEntry<0x1018e83c0> [com.DefaultCompany.NeonDrift/com.apple.containermanager.primary-persona/[system-defined]]/MIInstallationDomainSystemShared op:1 phase:JournalPhaseDidRegisterWithLS version:0>
2026-06-26 23:51:06.196 Df installd[34099:90d625] [com.apple.appinstallation:TransactionLog] com.DefaultCompany.NeonDrift/com.apple.containermanager.primary-persona:7:1:2:1:Success (End) : Install (Patch Update)
2026-06-26 23:51:06.196 Df installd[34099:90d625] (MobileSystemServices) 0x16f7e3000 -[MIInstaller _logOperationCompletionWithStartTime:distributorID:]: Install successful for (Developer:com.DefaultCompany.NeonDrift) [Distributor: (null)]; Staging: 0.00s; Waiting: 0.00s; Preflight/Patch: 0.03s, Verifying: 0.00s; Overall: 0.10s
2026-06-26 23:51:06.198 Df installcoordinationd[34084:90d645] [com.apple.installcoordination:daemon] -[IXSPendingOperationsTracker endPendingOperationForIdentity:]_block_invoke: Ending pending operation for [com.DefaultCompany.NeonDrift/Invalid/[system-defined]]
2026-06-26 23:51:06.199 Df SpringBoard[33981:90d306] [com.apple.launchservices:progress] Unpublishing progress block called for app com.DefaultCompany.NeonDrift
2026-06-26 23:51:06.199 Df SpringBoard[33981:90d531] [com.apple.launchservices:progress] #LSInstallProgressList remove subscriber: <_NSProgressSubscriber: 0x122a96f70> publishingString: com.DefaultCompany.NeonDrift
2026-06-26 23:51:06.199 Df liveactivitiesd[33885:90cef9] [com.apple.launchservices:progress] Unpublishing progress block called for app com.DefaultCompany.NeonDrift
2026-06-26 23:51:06.200 Df CoreSimulatorBridge[33858:90cf2b] [com.apple.installcoordination:framework] -[IXAppInstallCoordinator _clientDelegate_didUpdateProgress:forPhase:overallProgress:]: <IXUpdatingAppInstallCoordinator<0x105890dc0> identity:[com.DefaultCompany.NeonDrift/Invalid/[system-defined]] uuid:B3E361C1-04CF-445C-B06E-7A28971C6A67 creator:InstallCoordination Simple SPI>: Got did update progress delegate with percentComplete 100.000000 phase IXCoordinatorProgressPhaseInstalling overallProgress 100.000000
2026-06-26 23:51:06.200 Df CoreSimulatorBridge[33858:90cf2b] [com.apple.installcoordination:framework] -[IXAppInstallCoordinator _clientDelegate_didUpdateProgress:forPhase:overallProgress:]_block_invoke: <IXUpdatingAppInstallCoordinator<0x105890dc0> identity:[com.DefaultCompany.NeonDrift/Invalid/[system-defined]] uuid:B3E361C1-04CF-445C-B06E-7A28971C6A67 creator:InstallCoordination Simple SPI>: Calling selector coordinator:didUpdateProgress:forPhase:overallProgress: on observer <_IXSimpleInstallerDelegate 0x0x1058599b0>
2026-06-26 23:51:06.200 Df installcoordinationd[34084:90d645] [com.apple.installcoordination:daemon] -[IXSCoordinatedAppInstall setComplete:]: <IXSCoordinatedAppInstall<0x10420c000> [P=CoreSimulatorBridge (pid 33858)] identifier:[com.DefaultCompany.NeonDrift/Invalid/[system-defined]] uuid:B3E361C1-04CF-445C-B06E-7A28971C6A67 intent:IXCoordinatorIntentUpdating creator/appDRI:InstallCoordination Simple SPI importance:UserWaiting state:IXAppCoordinationStateComplete promise-state:PA2I4> complete!
2026-06-26 23:51:06.200 Df installcoordinationd[34084:90d645] [com.apple.installcoordination:daemon] -[IXSPowerAssertion invalidate]: Released power assertion IXPowerAssertion-12-[com.DefaultCompany.NeonDrift/Invalid/[system-defined]]
2026-06-26 23:51:06.202 Df liveactivitiesd[33885:90cf2c] [com.apple.launchservices:progress] #LSInstallProgressList remove subscriber: <_NSProgressSubscriber: 0x101bd8330> publishingString: com.DefaultCompany.NeonDrift
2026-06-26 23:51:06.202 Df lsd[33876:90ce57] [com.apple.launchservices:progress] unsubscribing from com.DefaultCompany.NeonDrift.Installing as it was unpublished
2026-06-26 23:51:06.202 Df lsd[33876:90ce57] [com.apple.launchservices:progress] #LSInstallProgressList remove subscriber: <_NSProgressSubscriber: 0x101f11fb0> publishingString: com.DefaultCompany.NeonDrift.Installing
2026-06-26 23:51:06.203 Df lsd[33876:90d7b6] [com.apple.launchservices:progress] Sending applicationsDidInstall: for (
    "<LSApplicationProxy: 0x101f40000> com.DefaultCompany.NeonDrift file:///Users/dragonkao/Library/Developer/CoreSimulator/Devices/CC47DE7A-8196-4465-A5A5-BB852C9C6C82/data/Containers/Bundle/Application/DE4E2076-15DB-46CE-B306-88519BB9645A/NeonDrift.app/ <com.DefaultCompany.NeonDrift <installed >:0>"
)
2026-06-26 23:51:06.203 Df installcoordinationd[34084:90d645] [com.apple.installcoordination:daemon] -[IXSDataPromise decommission]: Decommissioning <IXSPromisedTransferToPath(0x1040f9100) Name:Icon resources for com.DefaultCompany.NeonDrift Creator:InstallCoordination Simple SPI UUID:504864AB-06E4-4C59-9433-8D0EEBAE407D Location:[system-defined]>
2026-06-26 23:51:06.204 Df installcoordinationd[34084:90d645] [com.apple.installcoordination:daemon] -[IXSDataPromise decommission]: Decommissioning <IXSPromisedInMemoryDictionary(0x1040f9280) Name:Info.plist icon content for com.DefaultCompany.NeonDrift Creator:InstallCoordination Simple SPI UUID:0472611F-751C-496E-AD76-BD012377BDEA Location:[system-defined]>
2026-06-26 23:51:06.204 Df installcoordinationd[34084:90d645] [com.apple.installcoordination:daemon] -[IXSDataPromise decommission]: Decommissioning <IXSPromisedInMemoryDictionary(0x1040f9400) Name:Localizations for com.DefaultCompany.NeonDrift Creator:InstallCoordination Simple SPI UUID:D02390B6-A36F-4FAB-91FE-D0CB1A4CEC74 Location:[system-defined]>
2026-06-26 23:51:06.204 Df usernotificationsd[33891:90d065] [com.apple.launchservices:appinstallation] Received applicationsDidInstall:(
    "<LSApplicationProxy: 0x1035b0600> com.DefaultCompany.NeonDrift file:///Users/dragonkao/Library/Developer/CoreSimulator/Devices/CC47DE7A-8196-4465-A5A5-BB852C9C6C82/data/Containers/Bundle/Application/DE4E2076-15DB-46CE-B306-88519BB9645A/NeonDrift.app/ <com.DefaultCompany.NeonDrift <installed >:0>"
)
2026-06-26 23:51:06.204 Df homed[33907:90d0bd] [com.apple.launchservices:appinstallation] Received applicationsDidInstall:(
    "<LSApplicationProxy: 0x1056a4a80> com.DefaultCompany.NeonDrift file:///Users/dragonkao/Library/Developer/CoreSimulator/Devices/CC47DE7A-8196-4465-A5A5-BB852C9C6C82/data/Containers/Bundle/Application/DE4E2076-15DB-46CE-B306-88519BB9645A/NeonDrift.app/ <com.DefaultCompany.NeonDrift <installed >:0>"
)
2026-06-26 23:51:06.204 Df dasd[33854:90d1bb] [com.apple.launchservices:appinstallation] Received applicationsDidInstall:(
