Timestamp               Ty Process[PID:TID]
2026-07-11 15:27:27.604 Df NeonDrift.run.1783754458.32146[34355:4434a] [com.apple.xpc:connection] [0x1029f2c40] Re-initialization successful; calling out to event handler with XPC_ERROR_CONNECTION_INTERRUPTED
2026-07-11 15:27:27.626 Df NeonDrift.run.1783754458.32146[34355:44337] [com.apple.CoreAnalytics:client] Entering exit handler.
2026-07-11 15:27:27.635 Df NeonDrift.run.1783754458.32146[34355:44349] [com.apple.xpc:connection] [0x11809be80] Re-initialization successful; calling out to event handler with XPC_ERROR_CONNECTION_INTERRUPTED
2026-07-11 15:27:27.635 Df NeonDrift.run.1783754458.32146[34355:472f9] [com.apple.xpc:connection] [0x11809bd40] Re-initialization successful; calling out to event handler with XPC_ERROR_CONNECTION_INTERRUPTED
2026-07-11 15:27:27.635 Df NeonDrift.run.1783754458.32146[34355:47302] [com.apple.xpc:connection] [0x118180500] Re-initialization successful; calling out to event handler with XPC_ERROR_CONNECTION_INTERRUPTED
2026-07-11 15:27:27.708 E  NeonDrift.run.1783754458.32146[34355:4736c] [com.apple.BoardServices:XPCErrors] [C:1] Error received: Connection interrupted.
2026-07-11 15:27:30.142 Df SpringBoard[35678:47548] [com.apple.frontboard.ApplicationLibrary:default] Added application: <SBApplicationInfo: 0x109a6cf00; com.DefaultCompany.NeonDrift.run.1783754458.32146 (NeonDrift.run.1783754458.32146)>
2026-07-11 15:27:30.169 Df SpringBoard[35678:47548] [com.apple.appinstallation:TransactionLog] com.DefaultCompany.NeonDrift.run.1783754458.32146/Unknown Persona:10:10:3:1:Application added
2026-07-11 15:27:30.210 Df SpringBoard[35678:47548] [com.apple.SpringBoard:Icon] <<SBLeafIcon:0x109b62e80 [com.DefaultCompany.NeonDrift.run.1783754458.32146]>> Changing active data source: <SBApplicationIcon: 0x109b62e80; nodeID: com.DefaultCompany.NeonDrift.run.1783754458.32146; bundleID: com.DefaultCompany.NeonDrift.run.1783754458.32146>
2026-07-11 15:27:30.210 Df SpringBoard[35678:47548] [com.apple.SpringBoard:Icon] <<SBLeafIcon:0x109b62e80 [com.DefaultCompany.NeonDrift.run.1783754458.32146]>> Changing from data souce: (null) to data source:com.DefaultCompany.NeonDrift.run.1783754458.32146.
2026-07-11 15:27:30.219 Df SpringBoard[35678:47548] [com.apple.SplashBoard:FileManifest] com.DefaultCompany.NeonDrift.run.1783754458.32146 Manifest is empty; purging everything at /Users/dragonkao/Library/Developer/CoreSimulator/Devices/CC47DE7A-8196-4465-A5A5-BB852C9C6C82/data/Containers/Data/Application/6B474965-5C65-4F65-BD41-F67D9F51E214/Library/SplashBoard/Snapshots
2026-07-11 15:27:31.267 Df SpringBoard[35678:476f1] [com.apple.SplashBoard:FileManifest] <XBApplicationSnapshotManifestImpl: 0x109bcb700> [com.DefaultCompany.NeonDrift.run.1783754458.32146] We don't have any snapshots, so we're clearing our manifest data.
2026-07-11 15:27:31.341 Df SpringBoard[35678:4775d] [com.apple.UserNotifications:DataProviderFactory] [com.DefaultCompany.NeonDrift.run.1783754458.32146] Application installed using default data provider
2026-07-11 15:27:31.986 Df CoreSimulatorBridge[35710:47716] Request received for installation of file:///Users/dragonkao/.openclaw/workspace/382b9e3384298039b171c9b2a60ae644/NeonDrift_MVP/project/xcode_derived_data/Build/Products/Release-iphonesimulator/NeonDrift.run.1783754458.32146.app/ with options: {
    PackageType = Developer;
    SimulatorRootPath = "/Library/Developer/CoreSimulator/Volumes/iOS_23E254a/Library/Developer/CoreSimulator/Profiles/Runtimes/iOS 26.4.simruntime/Contents/Resources/RuntimeRoot";
    SimulatorUserPath = "/Users/dragonkao/Library/Developer/CoreSimulator/Devices/CC47DE7A-8196-4465-A5A5-BB852C9C6C82/data";
}
2026-07-11 15:27:31.987 Df CoreSimulatorBridge[35710:47716] [com.apple.installcoordination:framework] +[IXAppInstallCoordinator(IXSimpleInstaller) _beginInstallForURL:forPersonaUniqueString:consumeSource:options:progressBlock:completionWithIdentity:]: Beginning install for /Users/dragonkao/.openclaw/workspace/382b9e3384298039b171c9b2a60ae644/NeonDrift_MVP/project/xcode_derived_data/Build/Products/Release-iphonesimulator/NeonDrift.run.1783754458.32146.app consuming source:N options:{
    IsUserInitiated = 1;
    PackageType = Developer;
} installationRequestorAuditToken: NULL
2026-07-11 15:27:33.710 Df SpringBoard[35678:476ed] [com.apple.PosterLegibilityKit:Caching] -[PLKCachedImageGenerator(SpringBoardHome Label Content Generator0x1245c0a80) removeImagesForCacheKeys:NeonDrift.run.1783754458.32146@@zh_TW_17196877703575764525_0__sz79.3x19.7B23CV11@@]
2026-07-11 15:27:33.801 Df installcoordinationd[35820:47a49] [com.apple.installcoordination:daemon] -[IXSDataPromiseManager registerPromise:]: Registered promise <IXSPlaceholder(0x1039283c0) Name:App Placeholder: NeonDrift.run.1783754458.32146 (com.DefaultCompany.NeonDrift.run.1783754458.32146) Creator:InstallCoordination Simple SPI UUID:005CD4AE-A0B0-49B6-9C2D-FCF3E4D16D01 Location:[system-defined]> for UUID 005CD4AE-A0B0-49B6-9C2D-FCF3E4D16D01
2026-07-11 15:27:33.803 Df installcoordinationd[35820:47a49] [com.apple.installcoordination:daemon] -[IXSPlaceholder setAttributes:]: <IXSPlaceholder(0x1039283c0) Name:App Placeholder: NeonDrift.run.1783754458.32146 (com.DefaultCompany.NeonDrift.run.1783754458.32146) Creator:InstallCoordination Simple SPI UUID:005CD4AE-A0B0-49B6-9C2D-FCF3E4D16D01 Location:[system-defined]>: setting placeholder attributes to <IXPlaceholderAttributes<0x1038c4640> : {
    CFBundleShortVersionString = "1.0";
    CFBundleSupportedPlatforms =     (
        iPhoneSimulator
    );
    CFBundleVersion = 0;
    DTPlatformName = iphonesimulator;
    LSRequiresIPhoneOS = 1;
    MinimumOSVersion = "13.0";
    UIDeviceFamily =     (
        1,
        2
    );
    UIRequiredDeviceCapabilities =     {
        arm64 = 1;
        metal = 1;
    };
}>
2026-07-11 15:27:33.805 Df CoreSimulatorBridge[35710:4769b] [com.apple.installcoordination:framework] +[IXPlaceholder _setEntitlementsFromBundleExecutableURL:withBundleID:client:onPlaceholder:location:error:]: Executable for com.DefaultCompany.NeonDrift.run.1783754458.32146 at NeonDrift.run.1783754458.32146 -- file:///Users/dragonkao/.openclaw/workspace/382b9e3384298039b171c9b2a60ae644/NeonDrift_MVP/project/xcode_derived_data/Build/Products/Release-iphonesimulator/NeonDrift.run.1783754458.32146.app/ had no entitlements
2026-07-11 15:27:33.806 Df CoreSimulatorBridge[35710:4769b] [com.apple.installcoordination:framework] +[IXPlaceholder _placeholderForBundle:client:withParent:installType:metadata:placeholderType:mayBeDeltaPackage:isFromSerializedPlaceholder:location:error:]: Using full fidelity icons for com.DefaultCompany.NeonDrift.run.1783754458.32146 at /Users/dragonkao/.openclaw/workspace/382b9e3384298039b171c9b2a60ae644/NeonDrift_MVP/project/xcode_derived_data/Build/Products/Release-iphonesimulator/NeonDrift.run.1783754458.32146.app
2026-07-11 15:27:33.807 Df installcoordinationd[35820:47a49] [com.apple.installcoordination:daemon] -[IXSDataPromiseManager registerPromise:]: Registered promise <IXSPromisedTransferToPath(0x1038fd000) Name:Icon resources for com.DefaultCompany.NeonDrift.run.1783754458.32146 Creator:InstallCoordination Simple SPI UUID:B21A6D91-D3A9-43C9-83B4-96AFD7B9F9C2 Location:[system-defined]> for UUID B21A6D91-D3A9-43C9-83B4-96AFD7B9F9C2
2026-07-11 15:27:33.811 Df CoreSimulatorBridge[35710:4769b] [com.apple.installcoordination:framework] -[IXPromisedTransferToPath setComplete:]: <IXPromisedTransferToPath<0x101488b40> name:"Icon resources for com.DefaultCompany.NeonDrift.run.1783754458.32146" uuid:B21A6D91-D3A9-43C9-83B4-96AFD7B9F9C2 creator:"InstallCoordination Simple SPI" location:[system-defined]> Move operation from /Users/dragonkao/Library/Developer/CoreSimulator/Devices/CC47DE7A-8196-4465-A5A5-BB852C9C6C82/data/Containers/Shared/SystemGroup/systemgroup.com.apple.installcoordinationd/Library/InstallCoordination/PromiseStaging/B21A6D91-D3A9-43C9-83B4-96AFD7B9F9C2/temp.TQqmDB to /Users/dragonkao/Library/Developer/CoreSimulator/Devices/CC47DE7A-8196-4465-A5A5-BB852C9C6C82/data/Containers/Shared/SystemGroup/systemgroup.com.apple.installcoordinationd/Library/InstallCoordination/PromiseStaging/B21A6D91-D3A9-43C9-83B4-96AFD7B9F9C2/temp.TQqmDB took 0.000067 seconds
2026-07-11 15:27:33.812 Df installcoordinationd[35820:47a49] [com.apple.installcoordination:daemon] -[IXSDataPromise _setPercentComplete:saveStateIfNeeded:]: Progress: <IXSPromisedTransferToPath(0x1038fd000) Name:Icon resources for com.DefaultCompany.NeonDrift.run.1783754458.32146 Creator:InstallCoordination Simple SPI UUID:B21A6D91-D3A9-43C9-83B4-96AFD7B9F9C2 Location:[system-defined]>
2026-07-11 15:27:33.812 Df installcoordinationd[35820:47afe] [com.apple.installcoordination:daemon] -[IXSDataPromiseManager promiseDidBegin:]: Unowned promise began: <IXSPromisedTransferToPath(0x1038fd000) Name:Icon resources for com.DefaultCompany.NeonDrift.run.1783754458.32146 Creator:InstallCoordination Simple SPI UUID:B21A6D91-D3A9-43C9-83B4-96AFD7B9F9C2 Location:[system-defined]>
2026-07-11 15:27:33.812 Df installcoordinationd[35820:47afe] [com.apple.installcoordination:daemon] -[IXSDataPromiseManager promise:didUpdateProgress:]: Unowned promise update progress to 1.000000 : <IXSPromisedTransferToPath(0x1038fd000) Name:Icon resources for com.DefaultCompany.NeonDrift.run.1783754458.32146 Creator:InstallCoordination Simple SPI UUID:B21A6D91-D3A9-43C9-83B4-96AFD7B9F9C2 Location:[system-defined]>
2026-07-11 15:27:33.812 Df installcoordinationd[35820:47a49] [com.apple.installcoordination:daemon] -[IXSDataPromiseManager promiseDidComplete:]: Unowned promise completed: <IXSPromisedTransferToPath(0x1038fd000) Name:Icon resources for com.DefaultCompany.NeonDrift.run.1783754458.32146 Creator:InstallCoordination Simple SPI UUID:B21A6D91-D3A9-43C9-83B4-96AFD7B9F9C2 Location:[system-defined]>
2026-07-11 15:27:33.814 Df installcoordinationd[35820:47afe] [com.apple.installcoordination:daemon] -[IXSDataPromise _setPercentComplete:saveStateIfNeeded:]: Progress: <IXSPromisedInMemoryDictionary(0x1038fd180) Name:Info.plist icon content for com.DefaultCompany.NeonDrift.run.1783754458.32146 Creator:InstallCoordination Simple SPI UUID:513B10DE-0B61-4576-9C7C-9AE6D2D38514 Location:[system-defined]>
2026-07-11 15:27:33.814 Df installcoordinationd[35820:47afe] [com.apple.installcoordination:daemon] -[IXSDataPromiseManager registerPromise:]: Registered promise <IXSPromisedInMemoryDictionary(0x1038fd180) Name:Info.plist icon content for com.DefaultCompany.NeonDrift.run.1783754458.32146 Creator:InstallCoordination Simple SPI UUID:513B10DE-0B61-4576-9C7C-9AE6D2D38514 Location:[system-defined]> for UUID 513B10DE-0B61-4576-9C7C-9AE6D2D38514
2026-07-11 15:27:33.814 Df installcoordinationd[35820:47aff] [com.apple.installcoordination:daemon] -[IXSDataPromiseManager promiseDidBegin:]: Unowned promise began: <IXSPromisedInMemoryDictionary(0x1038fd180) Name:Info.plist icon content for com.DefaultCompany.NeonDrift.run.1783754458.32146 Creator:InstallCoordination Simple SPI UUID:513B10DE-0B61-4576-9C7C-9AE6D2D38514 Location:[system-defined]>
2026-07-11 15:27:33.814 Df installcoordinationd[35820:47aff] [com.apple.installcoordination:daemon] -[IXSDataPromiseManager promise:didUpdateProgress:]: Unowned promise update progress to 1.000000 : <IXSPromisedInMemoryDictionary(0x1038fd180) Name:Info.plist icon content for com.DefaultCompany.NeonDrift.run.1783754458.32146 Creator:InstallCoordination Simple SPI UUID:513B10DE-0B61-4576-9C7C-9AE6D2D38514 Location:[system-defined]>
2026-07-11 15:27:33.814 Df installcoordinationd[35820:47aff] [com.apple.installcoordination:daemon] -[IXSDataPromiseManager promiseDidComplete:]: Unowned promise completed: <IXSPromisedInMemoryDictionary(0x1038fd180) Name:Info.plist icon content for com.DefaultCompany.NeonDrift.run.1783754458.32146 Creator:InstallCoordination Simple SPI UUID:513B10DE-0B61-4576-9C7C-9AE6D2D38514 Location:[system-defined]>
2026-07-11 15:27:33.815 Df installcoordinationd[35820:47afe] [com.apple.installcoordination:daemon] -[IXSPlaceholder setIconResourcesPromise:]: <IXSPlaceholder(0x1039283c0) Name:App Placeholder: NeonDrift.run.1783754458.32146 (com.DefaultCompany.NeonDrift.run.1783754458.32146) Creator:InstallCoordination Simple SPI UUID:005CD4AE-A0B0-49B6-9C2D-FCF3E4D16D01 Location:[system-defined]>: setting icon resources promise to <IXSPromisedTransferToPath(0x1038fd000) Name:Icon resources for com.DefaultCompany.NeonDrift.run.1783754458.32146 Creator:InstallCoordination Simple SPI UUID:B21A6D91-D3A9-43C9-83B4-96AFD7B9F9C2 Location:[system-defined]>
2026-07-11 15:27:33.816 Df installcoordinationd[35820:47afe] [com.apple.installcoordination:daemon] -[IXSPlaceholder setInfoPlistIconContentPromise:]: <IXSPlaceholder(0x1039283c0) Name:App Placeholder: NeonDrift.run.1783754458.32146 (com.DefaultCompany.NeonDrift.run.1783754458.32146) Creator:InstallCoordination Simple SPI UUID:005CD4AE-A0B0-49B6-9C2D-FCF3E4D16D01 Location:[system-defined]>: setting Info.plist icon content promise to <IXSPromisedInMemoryDictionary(0x1038fd180) Name:Info.plist icon content for com.DefaultCompany.NeonDrift.run.1783754458.32146 Creator:InstallCoordination Simple SPI UUID:513B10DE-0B61-4576-9C7C-9AE6D2D38514 Location:[system-defined]>
2026-07-11 15:27:33.817 Df installcoordinationd[35820:47afe] [com.apple.installcoordination:daemon] -[IXSDataPromiseManager promiseDidBegin:]: Unowned promise began: <IXSPlaceholder(0x1039283c0) Name:App Placeholder: NeonDrift.run.1783754458.32146 (com.DefaultCompany.NeonDrift.run.1783754458.32146) Creator:InstallCoordination Simple SPI UUID:005CD4AE-A0B0-49B6-9C2D-FCF3E4D16D01 Location:[system-defined]>
2026-07-11 15:27:33.817 Df installcoordinationd[35820:47afe] [com.apple.installcoordination:daemon] -[IXSDataPromiseManager promise:didUpdateProgress:]: Unowned promise update progress to 0.000000 : <IXSPlaceholder(0x1039283c0) Name:App Placeholder: NeonDrift.run.1783754458.32146 (com.DefaultCompany.NeonDrift.run.1783754458.32146) Creator:InstallCoordination Simple SPI UUID:005CD4AE-A0B0-49B6-9C2D-FCF3E4D16D01 Location:[system-defined]>
2026-07-11 15:27:33.817 Df installcoordinationd[35820:47afe] [com.apple.installcoordination:daemon] -[IXSDataPromiseManager promise:didUpdateProgress:]: Unowned promise update progress to 0.000000 : <IXSPlaceholder(0x1039283c0) Name:App Placeholder: NeonDrift.run.1783754458.32146 (com.DefaultCompany.NeonDrift.run.1783754458.32146) Creator:InstallCoordination Simple SPI UUID:005CD4AE-A0B0-49B6-9C2D-FCF3E4D16D01 Location:[system-defined]>
2026-07-11 15:27:33.819 Df installcoordinationd[35820:47a49] [com.apple.installcoordination:daemon] -[IXSDataPromise _setPercentComplete:saveStateIfNeeded:]: Progress: <IXSPromisedInMemoryDictionary(0x1038fd300) Name:Localizations for com.DefaultCompany.NeonDrift.run.1783754458.32146 Creator:InstallCoordination Simple SPI UUID:4CE77A06-289F-4BEB-8BBB-35060CF1B5A3 Location:[system-defined]>
2026-07-11 15:27:33.819 Df installcoordinationd[35820:47a49] [com.apple.installcoordination:daemon] -[IXSDataPromiseManager registerPromise:]: Registered promise <IXSPromisedInMemoryDictionary(0x1038fd300) Name:Localizations for com.DefaultCompany.NeonDrift.run.1783754458.32146 Creator:InstallCoordination Simple SPI UUID:4CE77A06-289F-4BEB-8BBB-35060CF1B5A3 Location:[system-defined]> for UUID 4CE77A06-289F-4BEB-8BBB-35060CF1B5A3
2026-07-11 15:27:33.819 Df installcoordinationd[35820:47afe] [com.apple.installcoordination:daemon] -[IXSDataPromiseManager promiseDidBegin:]: Unowned promise began: <IXSPromisedInMemoryDictionary(0x1038fd300) Name:Localizations for com.DefaultCompany.NeonDrift.run.1783754458.32146 Creator:InstallCoordination Simple SPI UUID:4CE77A06-289F-4BEB-8BBB-35060CF1B5A3 Location:[system-defined]>
2026-07-11 15:27:33.819 Df installcoordinationd[35820:47afe] [com.apple.installcoordination:daemon] -[IXSDataPromiseManager promise:didUpdateProgress:]: Unowned promise update progress to 1.000000 : <IXSPromisedInMemoryDictionary(0x1038fd300) Name:Localizations for com.DefaultCompany.NeonDrift.run.1783754458.32146 Creator:InstallCoordination Simple SPI UUID:4CE77A06-289F-4BEB-8BBB-35060CF1B5A3 Location:[system-defined]>
2026-07-11 15:27:33.819 Df installcoordinationd[35820:47afe] [com.apple.installcoordination:daemon] -[IXSDataPromiseManager promiseDidComplete:]: Unowned promise completed: <IXSPromisedInMemoryDictionary(0x1038fd300) Name:Localizations for com.DefaultCompany.NeonDrift.run.1783754458.32146 Creator:InstallCoordination Simple SPI UUID:4CE77A06-289F-4BEB-8BBB-35060CF1B5A3 Location:[system-defined]>
2026-07-11 15:27:33.820 Df installcoordinationd[35820:47a49] [com.apple.installcoordination:daemon] -[IXSPlaceholder setLocalizationDictionaryPromise:]: <IXSPlaceholder(0x1039283c0) Name:App Placeholder: NeonDrift.run.1783754458.32146 (com.DefaultCompany.NeonDrift.run.1783754458.32146) Creator:InstallCoordination Simple SPI UUID:005CD4AE-A0B0-49B6-9C2D-FCF3E4D16D01 Location:[system-defined]>: setting localization dict promise to <IXSPromisedInMemoryDictionary(0x1038fd300) Name:Localizations for com.DefaultCompany.NeonDrift.run.1783754458.32146 Creator:InstallCoordination Simple SPI UUID:4CE77A06-289F-4BEB-8BBB-35060CF1B5A3 Location:[system-defined]>
2026-07-11 15:27:33.822 Df installcoordinationd[35820:47a49] [com.apple.installcoordination:daemon] -[IXSDataPromiseManager promise:didUpdateProgress:]: Unowned promise update progress to 0.000000 : <IXSPlaceholder(0x1039283c0) Name:App Placeholder: NeonDrift.run.1783754458.32146 (com.DefaultCompany.NeonDrift.run.1783754458.32146) Creator:InstallCoordination Simple SPI UUID:005CD4AE-A0B0-49B6-9C2D-FCF3E4D16D01 Location:[system-defined]>
2026-07-11 15:27:33.822 Df installcoordinationd[35820:47aff] [com.apple.installcoordination:daemon] -[IXSPlaceholder setConfigurationComplete:]: <IXSPlaceholder(0x1039283c0) Name:App Placeholder: NeonDrift.run.1783754458.32146 (com.DefaultCompany.NeonDrift.run.1783754458.32146) Creator:InstallCoordination Simple SPI UUID:005CD4AE-A0B0-49B6-9C2D-FCF3E4D16D01 Location:[system-defined]>: setting configuration complete to Y
2026-07-11 15:27:33.823 Df installcoordinationd[35820:47aff] [com.apple.installcoordination:daemon] -[IXSPlaceholder _materialize]: <IXSPlaceholder(0x1039283c0) Name:App Placeholder: NeonDrift.run.1783754458.32146 (com.DefaultCompany.NeonDrift.run.1783754458.32146) Creator:InstallCoordination Simple SPI UUID:005CD4AE-A0B0-49B6-9C2D-FCF3E4D16D01 Location:[system-defined]>: Materializing placeholder at /Users/dragonkao/Library/Developer/CoreSimulator/Devices/CC47DE7A-8196-4465-A5A5-BB852C9C6C82/data/Containers/Shared/SystemGroup/systemgroup.com.apple.installcoordinationd/Library/InstallCoordination/PromiseStaging/005CD4AE-A0B0-49B6-9C2D-FCF3E4D16D01/NeonDrift.run.1783754458.32146.app
2026-07-11 15:27:33.823 Df installcoordinationd[35820:47aff] [com.apple.installcoordination:daemon] -[IXSPlaceholder _materialize]: <IXSPlaceholder(0x1039283c0) Name:App Placeholder: NeonDrift.run.1783754458.32146 (com.DefaultCompany.NeonDrift.run.1783754458.32146) Creator:InstallCoordination Simple SPI UUID:005CD4AE-A0B0-49B6-9C2D-FCF3E4D16D01 Location:[system-defined]>: Using Info.plist icon content: {
    CFBundleIcons =     {
        CFBundlePrimaryIcon =         {
            CFBundleIconName = AppIcon;
        };
    };
    "CFBundleIcons~ipad" =     {
        CFBundlePrimaryIcon =         {
            CFBundleIconName = AppIcon;
        };
    };
    ISIconPlatform = iPhoneOS;
}
2026-07-11 15:27:33.823 Df installcoordinationd[35820:47aff] [com.apple.installcoordination:daemon] -[IXSPlaceholder _materialize]_block_invoke: <IXSPlaceholder(0x1039283c0) Name:App Placeholder: NeonDrift.run.1783754458.32146 (com.DefaultCompany.NeonDrift.run.1783754458.32146) Creator:InstallCoordination Simple SPI UUID:005CD4AE-A0B0-49B6-9C2D-FCF3E4D16D01 Location:[system-defined]>: Using icon resource Assets.car
2026-07-11 15:27:33.823 Df installcoordinationd[35820:47aff] [com.apple.installcoordination:daemon] -[IXSPlaceholder _materialize]: <IXSPlaceholder(0x1039283c0) Name:App Placeholder: NeonDrift.run.1783754458.32146 (com.DefaultCompany.NeonDrift.run.1783754458.32146) Creator:InstallCoordination Simple SPI UUID:005CD4AE-A0B0-49B6-9C2D-FCF3E4D16D01 Location:[system-defined]>: Including lproj localizations for (
)
2026-07-11 15:27:33.824 Df installcoordinationd[35820:47a49] [com.apple.installcoordination:daemon] -[IXSDataPromiseManager promiseDidComplete:]: Unowned promise completed: <IXSPlaceholder(0x1039283c0) Name:App Placeholder: NeonDrift.run.1783754458.32146 (com.DefaultCompany.NeonDrift.run.1783754458.32146) Creator:InstallCoordination Simple SPI UUID:005CD4AE-A0B0-49B6-9C2D-FCF3E4D16D01 Location:[system-defined]>
2026-07-11 15:27:33.826 Df installcoordinationd[35820:47a49] [com.apple.installcoordination:daemon] -[IXSDataPromiseManager registerPromise:]: Registered promise <IXSPromisedTransferToPath(0x1038fd480) Name:App Asset: com.DefaultCompany.NeonDrift.run.1783754458.32146 Creator:InstallCoordination Simple SPI UUID:E199FDF5-FC00-4132-9E06-B062947558DA Location:[system-defined]> for UUID E199FDF5-FC00-4132-9E06-B062947558DA
2026-07-11 15:27:33.831 Df installcoordinationd[35820:47a49] [com.apple.installcoordination:daemon] -[IXSCoordinatorManager coordinatorForIdentity:connection:error:creatingIfNotExisting:]_block_invoke: Registered coordinator: <IXSCoordinatedAppInstall<0x1039fc000> [P=CoreSimulatorBridge (pid 35710)] identifier:[com.DefaultCompany.NeonDrift.run.1783754458.32146/Invalid/[system-defined]] uuid:C1DC436D-CD59-4EEB-AE22-887A205DED22 intent:IXCoordinatorIntentUpdating creator/appDRI:InstallCoordination Simple SPI importance:Background state:IXAppCoordinationStatePlaceholderPromiseNotSet promise-state:01234>
2026-07-11 15:27:33.831 Df installcoordinationd[35820:47a49] [com.apple.appinstallation:TransactionLog] com.DefaultCompany.NeonDrift.run.1783754458.32146/Unknown Persona:4:2:1:1:Created coordinator with intent IXCoordinatorIntentUpdating for client InstallCoordination Simple SPI
2026-07-11 15:27:33.832 Df installcoordinationd[35820:47a49] [com.apple.installcoordination:daemon] -[IXSCoordinatedAppInstall setPriorityBoostCompletion:withSourceInfo:]: <IXSCoordinatedAppInstall<0x1039fc000> [P=CoreSimulatorBridge (pid 35710)] identifier:[com.DefaultCompany.NeonDrift.run.1783754458.32146/Invalid/[system-defined]] uuid:C1DC436D-CD59-4EEB-AE22-887A205DED22 intent:IXCoordinatorIntentUpdating creator/appDRI:InstallCoordination Simple SPI importance:Background state:IXAppCoordinationStatePlaceholderPromiseNotSet promise-state:01234>: Retaining completion from CoreSimulatorBridge (35710), QOS_CLASS_DEFAULT (0x15)
2026-07-11 15:27:33.832 Df installcoordinationd[35820:47a49] [com.apple.installcoordination:daemon] -[IXSCoordinatedAppInstall setImportance:]: <IXSCoordinatedAppInstall<0x1039fc000> [P=CoreSimulatorBridge (pid 35710)] identifier:[com.DefaultCompany.NeonDrift.run.1783754458.32146/Invalid/[system-defined]] uuid:C1DC436D-CD59-4EEB-AE22-887A205DED22 intent:IXCoordinatorIntentUpdating creator/appDRI:InstallCoordination Simple SPI importance:UserWaiting state:IXAppCoordinationStatePlaceholderPromiseNotSet promise-state:01234>: set importance to UserWaiting
2026-07-11 15:27:33.833 Df installcoordinationd[35820:47a49] [com.apple.installcoordination:daemon] -[IXSCoordinatedAppInstall _onQueue_fireObserversForClient:]: <IXSCoordinatedAppInstall<0x1039fc000> [P=CoreSimulatorBridge (pid 35710)] identifier:[com.DefaultCompany.NeonDrift.run.1783754458.32146/Invalid/[system-defined]] uuid:C1DC436D-CD59-4EEB-AE22-887A205DED22 intent:IXCoordinatorIntentUpdating creator/appDRI:InstallCoordination Simple SPI importance:UserWaiting state:IXAppCoordinationStatePlaceholderPromiseNotSet promise-state:01234>: Firing applicable observers for client <IXSClientConnection<0x10385d4a0> client:CoreSimulatorBridge (pid 35710) uuid:7573328A-EA63-4381-8A86-F3C13AE4B94A>
2026-07-11 15:27:33.833 Df installcoordinationd[35820:47a49] [com.apple.installcoordination:daemon] -[IXSCoordinatedAppInstall setPriorityBoostCompletion:withSourceInfo:]: <IXSCoordinatedAppInstall<0x1039fc000> [P=CoreSimulatorBridge (pid 35710)] identifier:[com.DefaultCompany.NeonDrift.run.1783754458.32146/Invalid/[system-defined]] uuid:C1DC436D-CD59-4EEB-AE22-887A205DED22 intent:IXCoordinatorIntentUpdating creator/appDRI:InstallCoordination Simple SPI importance:UserWaiting state:IXAppCoordinationStatePlaceholderPromiseNotSet promise-state:01234>: Disposing of completion from CoreSimulatorBridge (35710), QOS_CLASS_DEFAULT (0x15)
2026-07-11 15:27:33.833 Df installcoordinationd[35820:47a49] [com.apple.installcoordination:daemon] -[IXSCoordinatedAppInstall setPriorityBoostCompletion:withSourceInfo:]: <IXSCoordinatedAppInstall<0x1039fc000> [P=CoreSimulatorBridge (pid 35710)] identifier:[com.DefaultCompany.NeonDrift.run.1783754458.32146/Invalid/[system-defined]] uuid:C1DC436D-CD59-4EEB-AE22-887A205DED22 intent:IXCoordinatorIntentUpdating creator/appDRI:InstallCoordination Simple SPI importance:UserWaiting state:IXAppCoordinationStatePlaceholderPromiseNotSet promise-state:01234>: Retaining completion from CoreSimulatorBridge (35710), QOS_CLASS_DEFAULT (0x15)
2026-07-11 15:27:33.833 Df CoreSimulatorBridge[35710:4759b] [com.apple.installcoordination:framework] -[IXAppInstallCoordinator _clientDelegate_didRegisterForObservation]: <IXUpdatingAppInstallCoordinator<0x101488f80> identity:[com.DefaultCompany.NeonDrift.run.1783754458.32146/Invalid/[system-defined]] uuid:C1DC436D-CD59-4EEB-AE22-887A205DED22 creator:InstallCoordination Simple SPI>: Got observer registration delegate
2026-07-11 15:27:33.833 Df CoreSimulatorBridge[35710:4759b] [com.apple.installcoordination:framework] -[IXAppInstallCoordinator _clientDelegate_shouldResume]: <IXUpdatingAppInstallCoordinator<0x101488f80> identity:[com.DefaultCompany.NeonDrift.run.1783754458.32146/Invalid/[system-defined]] uuid:C1DC436D-CD59-4EEB-AE22-887A205DED22 creator:InstallCoordination Simple SPI>: Got should resume delegate
2026-07-11 15:27:33.833 Df CoreSimulatorBridge[35710:475a2] [com.apple.installcoordination:framework] -[IXAppInstallCoordinator _clientDelegate_didRegisterForObservation]_block_invoke: <IXUpdatingAppInstallCoordinator<0x101488f80> identity:[com.DefaultCompany.NeonDrift.run.1783754458.32146/Invalid/[system-defined]] uuid:C1DC436D-CD59-4EEB-AE22-887A205DED22 creator:InstallCoordination Simple SPI>: Observer <_IXSimpleInstallerDelegate 0x0x101458f30> does not respond to coordinatorDidRegisterForObservation:
2026-07-11 15:27:33.833 Df CoreSimulatorBridge[35710:475a2] [com.apple.installcoordination:framework] -[IXAppInstallCoordinator _clientDelegate_shouldResume]_block_invoke: <IXUpdatingAppInstallCoordinator<0x101488f80> identity:[com.DefaultCompany.NeonDrift.run.1783754458.32146/Invalid/[system-defined]] uuid:C1DC436D-CD59-4EEB-AE22-887A205DED22 creator:InstallCoordination Simple SPI>: Observer <_IXSimpleInstallerDelegate 0x0x101458f30> does not respond to coordinatorShouldResume:
2026-07-11 15:27:33.835 Df installcoordinationd[35820:47a49] [com.apple.installcoordination:daemon] -[IXSCoordinatedAppInstall _internal_setInstallOptionsPromise:performExternalActions:]: <IXSCoordinatedAppInstall<0x1039fc000> [P=CoreSimulatorBridge (pid 35710)] identifier:[com.DefaultCompany.NeonDrift.run.1783754458.32146/Invalid/[system-defined]] uuid:C1DC436D-CD59-4EEB-AE22-887A205DED22 intent:IXCoordinatorIntentUpdating creator/appDRI:InstallCoordination Simple SPI importance:UserWaiting state:IXAppCoordinationStatePlaceholderPromiseNotSet promise-state:012I4> : install options set: <IXSPromisedInMemoryData(0x1038fd800) Name:MIInstallOptions data Creator:Install Coordination Internal UUID:D2323C16-E88A-4790-942F-DAC1B3CD33A0 Location:[system-defined]>
2026-07-11 15:27:33.836 Df installcoordinationd[35820:47aff] [com.apple.installcoordination:daemon] -[IXSCoordinatedAppInstall promiseDidComplete:]: <IXSCoordinatedAppInstall<0x1039fc000> [P=CoreSimulatorBridge (pid 35710)] identifier:[com.DefaultCompany.NeonDrift.run.1783754458.32146/Invalid/[system-defined]] uuid:C1DC436D-CD59-4EEB-AE22-887A205DED22 intent:IXCoordinatorIntentUpdating creator/appDRI:InstallCoordination Simple SPI importance:UserWaiting state:IXAppCoordinationStatePlaceholderPromiseNotSet promise-state:012I4> : Promise completed: <IXSPromisedInMemoryData(0x1038fd800) Name:MIInstallOptions data Creator:Install Coordination Internal UUID:D2323C16-E88A-4790-942F-DAC1B3CD33A0 Location:[system-defined]>
2026-07-11 15:27:33.836 Df installcoordinationd[35820:47aff] [com.apple.appinstallation:TransactionLog] com.DefaultCompany.NeonDrift.run.1783754458.32146/Unknown Persona:4:13:1:1:Install Options Promise began. Coordinator State: IXAppCoordinationStatePlaceholderPromiseNotSet
2026-07-11 15:27:33.836 Df installcoordinationd[35820:47aff] [com.apple.appinstallation:TransactionLog] com.DefaultCompany.NeonDrift.run.1783754458.32146/Unknown Persona:4:13:2:1:Install Options Promise completed. Coordinator State: IXAppCoordinationStatePlaceholderPromiseNotSet
2026-07-11 15:27:33.837 Df installcoordinationd[35820:47aff] [com.apple.installcoordination:daemon] -[IXSCoordinatedAppInstall _internal_setAppAssetPromise:performExternalActions:]: <IXSCoordinatedAppInstall<0x1039fc000> [P=CoreSimulatorBridge (pid 35710)] identifier:[com.DefaultCompany.NeonDrift.run.1783754458.32146/Invalid/[system-defined]] uuid:C1DC436D-CD59-4EEB-AE22-887A205DED22 intent:IXCoordinatorIntentUpdating creator/appDRI:InstallCoordination Simple SPI importance:UserWaiting state:IXAppCoordinationStatePlaceholderPromiseNotSet promise-state:0a2I4> : App Asset Promise set: <IXSPromisedTransferToPath(0x1038fd480) Name:App Asset: com.DefaultCompany.NeonDrift.run.1783754458.32146 Creator:InstallCoordination Simple SPI UUID:E199FDF5-FC00-4132-9E06-B062947558DA Location:[system-defined]>
2026-07-11 15:27:33.838 Df installcoordinationd[35820:47aff] [com.apple.installcoordination:daemon] -[IXSCoordinatedAppInstall setInitialODRAssetPromises:]: <IXSCoordinatedAppInstall<0x1039fc000> [P=CoreSimulatorBridge (pid 35710)] identifier:[com.DefaultCompany.NeonDrift.run.1783754458.32146/Invalid/[system-defined]] uuid:C1DC436D-CD59-4EEB-AE22-887A205DED22 intent:IXCoordinatorIntentUpdating creator/appDRI:InstallCoordination Simple SPI importance:UserWaiting state:IXAppCoordinationStatePlaceholderPromiseNotSet promise-state:0a2I4> : Initial ODR Asset Promises set: (
)
2026-07-11 15:27:33.839 Df CoreSimulatorBridge[35710:4769b] [com.apple.installcoordination:framework] -[IXPromisedTransferToPath _performDeltaCopyFrom:toDestination:]: Performing delta copy from /Users/dragonkao/.openclaw/workspace/382b9e3384298039b171c9b2a60ae644/NeonDrift_MVP/project/xcode_derived_data/Build/Products/Release-iphonesimulator/NeonDrift.run.1783754458.32146.app to /Users/dragonkao/Library/Developer/CoreSimulator/Devices/CC47DE7A-8196-4465-A5A5-BB852C9C6C82/data/Containers/Shared/SystemGroup/systemgroup.com.apple.installcoordinationd/Library/InstallCoordination/PromiseStaging/E199FDF5-FC00-4132-9E06-B062947558DA/NeonDrift.run.1783754458.32146.app with installed bundle at /Users/dragonkao/Library/Developer/CoreSimulator/Devices/CC47DE7A-8196-4465-A5A5-BB852C9C6C82/data/Containers/Bundle/Application/E618AAE5-C3A6-486B-A7E0-3FD774DB0226/NeonDrift.run.1783754458.32146.app
2026-07-11 15:27:33.840 Df CoreSimulatorBridge[35710:4769b] (MobileSystemServices) 0x16fed3000 MDMCreateDeltaDirectory: calling MDMDirectoryDiff with:
state->old_bundle: /Users/dragonkao/Library/Developer/CoreSimulator/Devices/CC47DE7A-8196-4465-A5A5-BB852C9C6C82/data/Containers/Bundle/Application/E618AAE5-C3A6-486B-A7E0-3FD774DB0226/NeonDrift.run.1783754458.32146.app
state->new_bundle: /Users/dragonkao/.openclaw/workspace/382b9e3384298039b171c9b2a60ae644/NeonDrift_MVP/project/xcode_derived_data/Build/Products/Release-iphonesimulator/NeonDrift.run.1783754458.32146.app
state->dst_bundle: /Users/dragonkao/Library/Developer/CoreSimulator/Devices/CC47DE7A-8196-4465-A5A5-BB852C9C6C82/data/Containers/Shared/SystemGroup/systemgroup.com.apple.installcoordinationd/Library/InstallCoordination/PromiseStaging/E199FDF5-FC00-4132-9E06-B062947558DA/NeonDrift.run.1783754458.32146.app/Payload//NeonDrift.run.1783754458.32146.app, binaryDiff flag: FALSE
	dst_ipa: /Users/dragonkao/Library/Developer/CoreSimulator/Devices/CC47DE7A-8196-4465-A5A5-BB852C9C6C82/data/Containers/Shared/SystemGroup/systemg<…>
2026-07-11 15:27:33.842 Df CoreSimulatorBridge[35710:4769b] [com.apple.installcoordination:framework] -[IXPromisedTransferToPath setComplete:]: <IXPromisedTransferToPath<0x101488d00> name:"App Asset: com.DefaultCompany.NeonDrift.run.1783754458.32146" uuid:E199FDF5-FC00-4132-9E06-B062947558DA creator:"InstallCoordination Simple SPI" location:[system-defined]> Delta Copy operation from /Users/dragonkao/.openclaw/workspace/382b9e3384298039b171c9b2a60ae644/NeonDrift_MVP/project/xcode_derived_data/Build/Products/Release-iphonesimulator/NeonDrift.run.1783754458.32146.app to /Users/dragonkao/Library/Developer/CoreSimulator/Devices/CC47DE7A-8196-4465-A5A5-BB852C9C6C82/data/Containers/Shared/SystemGroup/systemgroup.com.apple.installcoordinationd/Library/InstallCoordination/PromiseStaging/E199FDF5-FC00-4132-9E06-B062947558DA/NeonDrift.run.1783754458.32146.app took 0.003718 seconds
2026-07-11 15:27:33.843 Df installcoordinationd[35820:47aff] [com.apple.installcoordination:daemon] -[IXSDataPromise _setPercentComplete:saveStateIfNeeded:]: Progress: <IXSPromisedTransferToPath(0x1038fd480) Name:App Asset: com.DefaultCompany.NeonDrift.run.1783754458.32146 Creator:InstallCoordination Simple SPI UUID:E199FDF5-FC00-4132-9E06-B062947558DA Location:[system-defined]>
2026-07-11 15:27:33.843 Df installcoordinationd[35820:47afe] [com.apple.appinstallation:TransactionLog] com.DefaultCompany.NeonDrift.run.1783754458.32146/Unknown Persona:4:10:1:1:App Asset Promise began. Coordinator State: IXAppCoordinationStatePlaceholderPromiseNotSet
2026-07-11 15:27:33.843 Df CoreSimulatorBridge[35710:4759b] [com.apple.installcoordination:framework] -[IXAppInstallCoordinator _clientDelegate_promiseDidBeginFulfillmentWithIdentifier:]: <IXUpdatingAppInstallCoordinator<0x101488f80> identity:[com.DefaultCompany.NeonDrift.run.1783754458.32146/Invalid/[system-defined]] uuid:C1DC436D-CD59-4EEB-AE22-887A205DED22 creator:InstallCoordination Simple SPI>: Got promise did begin fulfillment for identifier 2
2026-07-11 15:27:33.843 Df CoreSimulatorBridge[35710:4759b] [com.apple.installcoordination:framework] -[IXAppInstallCoordinator _clientDelegate_promiseDidBeginFulfillmentWithIdentifier:]_block_invoke: <IXUpdatingAppInstallCoordinator<0x101488f80> identity:[com.DefaultCompany.NeonDrift.run.1783754458.32146/Invalid/[system-defined]] uuid:C1DC436D-CD59-4EEB-AE22-887A205DED22 creator:InstallCoordination Simple SPI>: Observer <_IXSimpleInstallerDelegate 0x0x101458f30> does not respond to coordinator:configuredPromiseDidBeginFulfillment: (or any deprecated equivalent)
2026-07-11 15:27:33.843 Df installcoordinationd[35820:47aff] [com.apple.installcoordination:daemon] -[IXSCoordinatedAppInstall promiseDidComplete:]: <IXSCoordinatedAppInstall<0x1039fc000> [P=CoreSimulatorBridge (pid 35710)] identifier:[com.DefaultCompany.NeonDrift.run.1783754458.32146/Invalid/[system-defined]] uuid:C1DC436D-CD59-4EEB-AE22-887A205DED22 intent:IXCoordinatorIntentUpdating creator/appDRI:InstallCoordination Simple SPI importance:UserWaiting state:IXAppCoordinationStatePlaceholderPromiseNotSet promise-state:0A2I4> : Promise completed: <IXSPromisedTransferToPath(0x1038fd480) Name:App Asset: com.DefaultCompany.NeonDrift.run.1783754458.32146 Creator:InstallCoordination Simple SPI UUID:E199FDF5-FC00-4132-9E06-B062947558DA Location:[system-defined]>
2026-07-11 15:27:33.844 Df CoreSimulatorBridge[35710:475a2] [com.apple.installcoordination:framework] -[IXAppInstallCoordinator _clientDelegate_didUpdateProgress:forPhase:overallProgress:]: <IXUpdatingAppInstallCoordinator<0x101488f80> identity:[com.DefaultCompany.NeonDrift.run.1783754458.32146/Invalid/[system-defined]] uuid:C1DC436D-CD59-4EEB-AE22-887A205DED22 creator:InstallCoordination Simple SPI>: Got did update progress delegate with percentComplete 100.000000 phase IXCoordinatorProgressPhaseLoading overallProgress 60.000000
2026-07-11 15:27:33.844 Df installcoordinationd[35820:47aff] [com.apple.appinstallation:TransactionLog] com.DefaultCompany.NeonDrift.run.1783754458.32146/Unknown Persona:4:10:2:1:App Asset Promise completed. Coordinator State: IXAppCoordinationStatePlaceholderPromiseNotSet
2026-07-11 15:27:33.844 Df CoreSimulatorBridge[35710:4759b] [com.apple.installcoordination:framework] -[IXAppInstallCoordinator _clientDelegate_didUpdateProgress:forPhase:overallProgress:]_block_invoke: <IXUpdatingAppInstallCoordinator<0x101488f80> identity:[com.DefaultCompany.NeonDrift.run.1783754458.32146/Invalid/[system-defined]] uuid:C1DC436D-CD59-4EEB-AE22-887A205DED22 creator:InstallCoordination Simple SPI>: Calling selector coordinator:didUpdateProgress:forPhase:overallProgress: on observer <_IXSimpleInstallerDelegate 0x0x101458f30>
2026-07-11 15:27:33.844 Df installcoordinationd[35820:47afe] [com.apple.installcoordination:daemon] -[IXSCoordinatedAppInstall setPlaceholderPromise:]: <IXSCoordinatedAppInstall<0x1039fc000> [P=CoreSimulatorBridge (pid 35710)] identifier:[com.DefaultCompany.NeonDrift.run.1783754458.32146/Invalid/[system-defined]] uuid:C1DC436D-CD59-4EEB-AE22-887A205DED22 intent:IXCoordinatorIntentUpdating creator/appDRI:InstallCoordination Simple SPI importance:UserWaiting state:IXAppCoordinationStateReadyForPlaceholderInstall promise-state:PA2I4> : Placeholder Promise set: <IXSPlaceholder(0x1039283c0) Name:App Placeholder: NeonDrift.run.1783754458.32146 (com.DefaultCompany.NeonDrift.run.1783754458.32146) Creator:InstallCoordination Simple SPI UUID:005CD4AE-A0B0-49B6-9C2D-FCF3E4D16D01 Location:[system-defined]>
2026-07-11 15:27:33.844 Df installcoordinationd[35820:47a49] [com.apple.installcoordination:daemon] -[IXSCoordinatedAppInstall promiseDidComplete:]: <IXSCoordinatedAppInstall<0x1039fc000> [P=CoreSimulatorBridge (pid 35710)] identifier:[com.DefaultCompany.NeonDrift.run.1783754458.32146/Invalid/[system-defined]] uuid:C1DC436D-CD59-4EEB-AE22-887A205DED22 intent:IXCoordinatorIntentUpdating creator/appDRI:InstallCoordination Simple SPI importance:UserWaiting state:IXAppCoordinationStateReadyForPlaceholderInstall promise-state:PA2I4> : Promise completed: <IXSPlaceholder(0x1039283c0) Name:App Placeholder: NeonDrift.run.1783754458.32146 (com.DefaultCompany.NeonDrift.run.1783754458.32146) Creator:InstallCoordination Simple SPI UUID:005CD4AE-A0B0-49B6-9C2D-FCF3E4D16D01 Location:[system-defined]>
2026-07-11 15:27:33.844 Df installcoordinationd[35820:47afe] [com.apple.installcoordination:daemon] -[IXSCoordinatedAppInstall _onQueue_acquireAssertionAndInstallPlaceholder]: Acquiring termination assertion to install placeholder for [com.DefaultCompany.NeonDrift.run.1783754458.32146/Invalid/[system-defined]]
2026-07-11 15:27:33.844 Df installcoordinationd[35820:47afe] [com.apple.installcoordination:daemon] -[IXSPendingOperationsTracker beginPendingOperationForIdentity:]_block_invoke: Beginning pending operation for [com.DefaultCompany.NeonDrift.run.1783754458.32146/Invalid/[system-defined]]
2026-07-11 15:27:33.847 Df runningboardd[35683:475ff] [com.apple.runningboard:connection] Received termination request from [osservice<com.apple.installcoordinationd>:35820] on <RBSProcessPredicate <RBSProcessBundleIdentifierPredicate "com.DefaultCompany.NeonDrift.run.1783754458.32146">> with context <RBSTerminateContext| explanation:installcoordinationd app:[com.DefaultCompany.NeonDrift.run.1783754458.32146/Invalid/[system-defined]] uuid:C1DC436D-CD59-4EEB-AE22-887A205DED22 isPlaceholder:Y reportType:None maxTerminationResistance:Absolute attrs:[
	<RBSPreventLaunchLimitation| <RBSProcessPredicate <RBSProcessBundleIdentifierPredicate "com.DefaultCompany.NeonDrift.run.1783754458.32146">> allow:(null)>
	]>
2026-07-11 15:27:33.847 Df runningboardd[35683:475ff] [com.apple.runningboard:general] Found 0 extensions contained in com.DefaultCompany.NeonDrift.run.1783754458.32146
2026-07-11 15:27:33.848 Df runningboardd[35683:475ff] [com.apple.PlugInKit:holds] <PKManager:0x107465a80> hold request for [/Users/dragonkao/Library/Developer/CoreSimulator/Devices/CC47DE7A-8196-4465-A5A5-BB852C9C6C82/data/Containers/Bundle/Application/E618AAE5-C3A6-486B-A7E0-3FD774DB0226/NeonDrift.run.1783754458.32146.app] with flags: 0x4
2026-07-11 15:27:33.850 Df runningboardd[35683:475ff] [com.apple.PlugInKit:holds] <PKManager:0x107465a80> hold request for [/Users/dragonkao/Library/Developer/CoreSimulator/Devices/CC47DE7A-8196-4465-A5A5-BB852C9C6C82/data/Containers/Bundle/Application/E618AAE5-C3A6-486B-A7E0-3FD774DB0226/NeonDrift.run.1783754458.32146.app] with flags: 0x4 completed with hold token: [AC068282-377B-4F6A-A3BF-ED4D21787E77]
2026-07-11 15:27:33.850 Df runningboardd[35683:475ff] [com.apple.runningboard:ttl] Acquiring assertion targeting system from originator [osservice<com.apple.installcoordinationd>:35820] with description <RBSAssertionDescriptor| "installcoordinationd app:[com.DefaultCompany.NeonDrift.run.1783754458.32146/Invalid/[system-defined]] uuid:C1DC436D-CD59-4EEB-AE22-887A205DED22 isPlaceholder:Y" ID:35683-35820-134 target:system attributes:[
	<RBSPreventLaunchLimitation| <RBSProcessPredicate <RBSProcessBundleIdentifierPredicate "com.DefaultCompany.NeonDrift.run.1783754458.32146">> allow:(null)>
	]>
2026-07-11 15:27:33.851 Df SpringBoard[35678:47548] [com.apple.SpringBoard:Common] termination assertion acquired for com.DefaultCompany.NeonDrift.run.1783754458.32146
2026-07-11 15:27:33.851 Df SpringBoard[35678:47548] [com.apple.SpringBoard:Icon] 0x109b62e80-SBApplicationIcon Data source did change: <SBApplication: 0x109bb5300; com.DefaultCompany.NeonDrift.run.1783754458.32146> {
} (SBApplication)
2026-07-11 15:27:33.856 Df runningboardd[35683:475ff] [com.apple.runningboard:process] Executing termination request for: <RBSProcessPredicate <RBSProcessBundleIdentifierPredicate "com.DefaultCompany.NeonDrift.run.1783754458.32146">>
2026-07-11 15:27:33.857 Df installcoordinationd[35820:47afe] [com.apple.installcoordination:daemon] -[IXSCoordinatedAppInstall assertionAcquiredCallback]: RBS termination assertion observer called for <IXSCoordinatedAppInstall<0x1039fc000> [P=CoreSimulatorBridge (pid 35710)] identifier:[com.DefaultCompany.NeonDrift.run.1783754458.32146/Invalid/[system-defined]] uuid:C1DC436D-CD59-4EEB-AE22-887A205DED22 intent:IXCoordinatorIntentUpdating creator/appDRI:InstallCoordination Simple SPI importance:UserWaiting state:IXAppCoordinationStateWaitingForPlaceholderAssertion promise-state:PA2I4>
2026-07-11 15:27:33.857 Df installcoordinationd[35820:47afe] [com.apple.appinstallation:TransactionLog] com.DefaultCompany.NeonDrift.run.1783754458.32146/Unknown Persona:4:9:1:1:Placeholder Promise began. Coordinator State: IXAppCoordinationStateWaitingForPlaceholderAssertion
2026-07-11 15:27:33.857 Df installcoordinationd[35820:47afe] [com.apple.installcoordination:daemon] -[IXSCoordinatorProgress setTotalUnitsCompleted:]: Progress for coordinator: [com.DefaultCompany.NeonDrift.run.1783754458.32146/Invalid/[system-defined]], Phase: IXCoordinatorProgressPhaseLoading, Percentage: 100.000000: Attempt to set units completed on finished progress: 100
2026-07-11 15:27:33.857 Df installcoordinationd[35820:47afe] [com.apple.appinstallation:TransactionLog] com.DefaultCompany.NeonDrift.run.1783754458.32146/Unknown Persona:4:9:2:1:Placeholder Promise completed. Coordinator State: IXAppCoordinationStateWaitingForPlaceholderAssertion
2026-07-11 15:27:33.857 Df CoreSimulatorBridge[35710:4759b] [com.apple.installcoordination:framework] -[IXAppInstallCoordinator _clientDelegate_promiseDidBeginFulfillmentWithIdentifier:]: <IXUpdatingAppInstallCoordinator<0x101488f80> identity:[com.DefaultCompany.NeonDrift.run.1783754458.32146/Invalid/[system-defined]] uuid:C1DC436D-CD59-4EEB-AE22-887A205DED22 creator:InstallCoordination Simple SPI>: Got promise did begin fulfillment for identifier 1
2026-07-11 15:27:33.857 Df CoreSimulatorBridge[35710:4759b] [com.apple.installcoordination:framework] -[IXAppInstallCoordinator _clientDelegate_promiseDidBeginFulfillmentWithIdentifier:]_block_invoke: <IXUpdatingAppInstallCoordinator<0x101488f80> identity:[com.DefaultCompany.NeonDrift.run.1783754458.32146/Invalid/[system-defined]] uuid:C1DC436D-CD59-4EEB-AE22-887A205DED22 creator:InstallCoordination Simple SPI>: Observer <_IXSimpleInstallerDelegate 0x0x101458f30> does not respond to coordinator:configuredPromiseDidBeginFulfillment: (or any deprecated equivalent)
2026-07-11 15:27:33.861 Df installcoordinationd[35820:47afe] [com.apple.installcoordination:daemon] -[IXSCoordinatedAppInstall _onQueue_installPlaceholder]: Acquired termination assertion for placeholder [com.DefaultCompany.NeonDrift.run.1783754458.32146/Invalid/[system-defined]]; proceeding with install.
2026-07-11 15:27:33.863 Df installcoordinationd[35820:47afe] [com.apple.installcoordination:daemon] -[IXSPowerAssertion initWithAssertionName:details:]: Acquired power assertion IXPowerAssertion-12-[com.DefaultCompany.NeonDrift.run.1783754458.32146/Invalid/[system-defined]]
2026-07-11 15:27:33.864 Df installd[35838:47b0c] (MobileSystemServices) 0x16bb87000 -[MIClientConnection _doInstallationForURL:identity:domain:options:operationType:completion:]: Install of "/Users/dragonkao/Library/Developer/CoreSimulator/Devices/CC47DE7A-8196-4465-A5A5-BB852C9C6C82/data/Containers/Shared/SystemGroup/systemgroup.com.apple.installcoordinationd/Library/InstallCoordination/PromiseStaging/005CD4AE-A0B0-49B6-9C2D-FCF3E4D16D01/NeonDrift.run.1783754458.32146.app" type Placeholder (LSInstallType = 1, Domain: MIInstallationDomainDefault) requested by installcoordinationd (pid 35820 (501/20))
2026-07-11 15:27:33.869 Df installd[35838:47b0c] [com.apple.containermanager:xpc] Query; euid = 501, uid = 501, class = 1, identifier = [com.DefaultCompany.NeonDrift.run.1783754458.32146](1), flags = 300000002
2026-07-11 15:27:33.871 Df containermanagerd_system[35722:47601] [com.apple.containermanager:cache] Disk sync reporting on new entry: (com.DefaultCompany.NeonDrift.run.1783754458.32146|18446744073709551615|<MCMContainerPath: 0x1018ee440; [<MCMContainerClassPath: 0x1018491a0; persona [(null)]; [/Users/dragonkao/Library/Developer/CoreSimulator/Devices/CC47DE7A-8196-4465-A5A5-BB852C9C6C82/data/Containers]/[Bundle]/[Application] created>]/[E618AAE5-C3A6-486B-A7E0-3FD774DB0226]/[(null)]>|0|5197EC31-8E32-40D1-9E9D-7C045EFA8B63|(null))
2026-07-11 15:27:33.873 Df installd[35838:47b0c] [com.apple.containermanager:xpc] Query; euid = 501, uid = 501, class = 1, identifier = [com.DefaultCompany.NeonDrift.run.1783754458.32146](1), flags = 300000002
2026-07-11 15:27:33.974 Df installd[35838:47b0c] [com.apple.containermanager:xpc] Query; euid = 501, uid = 501, class = 1, identifier = [com.DefaultCompany.NeonDrift.run.1783754458.32146](1), flags = 300000002
2026-07-11 15:27:33.974 Df installd[35838:47b0c] [com.apple.containermanager:xpc] Query; euid = 501, uid = 501, class = 1, identifier = [com.DefaultCompany.NeonDrift.run.1783754458.32146](1), flags = 300000002
2026-07-11 15:27:33.976 Df installd[35838:47b0c] (MobileSystemServices) 0x16bb87000 -[MIInstaller _installInstallable:containingSymlink:error:]: Installing <MIInstallableParallelPlaceholder ID=com.DefaultCompany.NeonDrift.run.1783754458.32146; Persona=com.apple.containermanager.primary-persona, Version=0, ShortVersion=1.0>
2026-07-11 15:27:33.977 Df installd[35838:47b0c] [com.apple.appinstallation:TransactionLog] com.DefaultCompany.NeonDrift.run.1783754458.32146/com.apple.containermanager.primary-persona:7:2:1:1:Start : Install (Parallel Placeholder)
2026-07-11 15:27:34.248 Df SpringBoard[35678:475e0] [com.apple.PosterLegibilityKit:Caching] -[PLKCachedImageGenerator(SpringBoardHome Label Content Generator0x1245c0a80) removeImagesForCacheKeys:NeonDrift.run.1783754458.32146@@zh_TW_1368232380023648501_0__sz101.0x26.0B23CV11@@]
2026-07-11 15:27:34.352 Df runningboardd[35683:475fe] [com.apple.runningboard:process] Checking PreventLaunch: global:0 exPath:(null) predicates:{(
    <RBSProcessPredicate <RBSProcessBundleIdentifierPredicate "com.DefaultCompany.NeonDrift.run.1783754458.32146">>
)} allow:(null)
2026-07-11 15:27:34.466 Df runningboardd[35683:475fc] [com.apple.runningboard:process] Checking PreventLaunch: global:0 exPath:(null) predicates:{(
    <RBSProcessPredicate <RBSProcessBundleIdentifierPredicate "com.DefaultCompany.NeonDrift.run.1783754458.32146">>
)} allow:(null)
2026-07-11 15:27:34.577 Df runningboardd[35683:47607] [com.apple.runningboard:process] Checking PreventLaunch: global:0 exPath:(null) predicates:{(
    <RBSProcessPredicate <RBSProcessBundleIdentifierPredicate "com.DefaultCompany.NeonDrift.run.1783754458.32146">>
)} allow:(null)
2026-07-11 15:27:34.588 Df SpringBoard[35678:4772f] [com.apple.PosterLegibilityKit:Caching] -[PLKCachedImageGenerator(SpringBoardHome Legibility Label Content Generator0x1245c0b40) removeImagesForCacheKeys:NeonDrift.run.1783754458.32146@@zh_TW_17196877703575764525_12014554394295850968__sz97.3x39.7B23CV11@@]
2026-07-11 15:27:34.588 Df SpringBoard[35678:4772f] [com.apple.PosterLegibilityKit:Caching] -[PLKCachedImageGenerator(SpringBoardHome Legibility Label Content Generator0x1245c0b40) removeImagesForCacheKeys:NeonDrift.run.1783754458.32146@@zh_TW_1368232380023648501_12014554394295850968__sz119.0x46.0B23CV11@@]
2026-07-11 15:27:34.690 Df runningboardd[35683:47604] [com.apple.runningboard:process] Checking PreventLaunch: global:0 exPath:(null) predicates:{(
    <RBSProcessPredicate <RBSProcessBundleIdentifierPredicate "com.DefaultCompany.NeonDrift.run.1783754458.32146">>
)} allow:(null)
