Timestamp               Ty Process[PID:TID]
2026-06-25 18:04:01.317 Df CoreSimulatorBridge[90817:41bbfc] Request received for installation of file:///Users/dragonkao/.openclaw/workspace/382b9e3384298039b171c9b2a60ae644/NeonDrift_MVP/project/xcode_derived_data/Build/Products/Release-iphonesimulator/NeonDrift.run.1782381773.88841.app/ with options: {
    PackageType = Developer;
    SimulatorRootPath = "/Library/Developer/CoreSimulator/Volumes/iOS_23F77/Library/Developer/CoreSimulator/Profiles/Runtimes/iOS 26.5.simruntime/Contents/Resources/RuntimeRoot";
    SimulatorUserPath = "/Users/dragonkao/Library/Developer/CoreSimulator/Devices/115FDF0C-5A2F-4686-909B-7F43F1450A28/data";
}
2026-06-25 18:04:01.317 Df CoreSimulatorBridge[90817:41bbfc] [com.apple.installcoordination:framework] +[IXAppInstallCoordinator(IXSimpleInstaller) _beginInstallForURL:forPersonaUniqueString:consumeSource:options:progressBlock:completionWithIdentity:]: Beginning install for /Users/dragonkao/.openclaw/workspace/382b9e3384298039b171c9b2a60ae644/NeonDrift_MVP/project/xcode_derived_data/Build/Products/Release-iphonesimulator/NeonDrift.run.1782381773.88841.app consuming source:N options:{
    IsUserInitiated = 1;
    PackageType = Developer;
} installationRequestorAuditToken: NULL
2026-06-25 18:04:01.319 Df installcoordinationd[91072:41c2bd] [com.apple.installcoordination:daemon] -[IXSDataPromiseManager registerPromise:]: Registered promise <IXSPlaceholder(0x103510500) Name:App Placeholder: NeonDrift.run.1782381773.88841 (com.DefaultCompany.NeonDrift.run.1782381773.88841) Creator:InstallCoordination Simple SPI UUID:3DD8258C-218F-4F31-AF2A-038C59213C42 Location:[system-defined]> for UUID 3DD8258C-218F-4F31-AF2A-038C59213C42
2026-06-25 18:04:01.320 Df installcoordinationd[91072:41c2bd] [com.apple.installcoordination:daemon] -[IXSPlaceholder setAttributes:]: <IXSPlaceholder(0x103510500) Name:App Placeholder: NeonDrift.run.1782381773.88841 (com.DefaultCompany.NeonDrift.run.1782381773.88841) Creator:InstallCoordination Simple SPI UUID:3DD8258C-218F-4F31-AF2A-038C59213C42 Location:[system-defined]>: setting placeholder attributes to <IXPlaceholderAttributes<0x1034a08c0> : {
    CFBundleShortVersionString = "1.0";
    CFBundleSupportedPlatforms =     (
        iPhoneSimulator
    );
    CFBundleVersion = 0;
    DTPlatformName = iphonesimulator;
    LSRequiresIPhoneOS = 1;
    MinimumOSVersion = "13.0";
    UIDeviceFamily =     (
        1,
        2
    );
    UIRequiredDeviceCapabilities =     {
        arm64 = 1;
        metal = 1;
    };
}>
2026-06-25 18:04:01.321 Df CoreSimulatorBridge[90817:41bdb5] [com.apple.installcoordination:framework] +[IXPlaceholder _setEntitlementsFromBundleExecutableURL:withBundleID:client:onPlaceholder:location:error:]: Executable for com.DefaultCompany.NeonDrift.run.1782381773.88841 at NeonDrift.run.1782381773.88841 -- file:///Users/dragonkao/.openclaw/workspace/382b9e3384298039b171c9b2a60ae644/NeonDrift_MVP/project/xcode_derived_data/Build/Products/Release-iphonesimulator/NeonDrift.run.1782381773.88841.app/ had no entitlements
2026-06-25 18:04:01.321 Df CoreSimulatorBridge[90817:41bdb5] [com.apple.installcoordination:framework] +[IXPlaceholder _placeholderForBundle:client:withParent:installType:metadata:placeholderType:mayBeDeltaPackage:isFromSerializedPlaceholder:location:error:]: Using full fidelity icons for com.DefaultCompany.NeonDrift.run.1782381773.88841 at /Users/dragonkao/.openclaw/workspace/382b9e3384298039b171c9b2a60ae644/NeonDrift_MVP/project/xcode_derived_data/Build/Products/Release-iphonesimulator/NeonDrift.run.1782381773.88841.app
2026-06-25 18:04:01.322 Df installcoordinationd[91072:41c2bd] [com.apple.installcoordination:daemon] -[IXSDataPromiseManager registerPromise:]: Registered promise <IXSPromisedTransferToPath(0x1034dd100) Name:Icon resources for com.DefaultCompany.NeonDrift.run.1782381773.88841 Creator:InstallCoordination Simple SPI UUID:CA0A21EE-4B2A-4740-87AF-DF0043C06F5C Location:[system-defined]> for UUID CA0A21EE-4B2A-4740-87AF-DF0043C06F5C
2026-06-25 18:04:01.325 Df CoreSimulatorBridge[90817:41bdb5] [com.apple.installcoordination:framework] -[IXPromisedTransferToPath setComplete:]: <IXPromisedTransferToPath<0x105873880> name:"Icon resources for com.DefaultCompany.NeonDrift.run.1782381773.88841" uuid:CA0A21EE-4B2A-4740-87AF-DF0043C06F5C creator:"InstallCoordination Simple SPI" location:[system-defined]> Move operation from /Users/dragonkao/Library/Developer/CoreSimulator/Devices/115FDF0C-5A2F-4686-909B-7F43F1450A28/data/Containers/Shared/SystemGroup/systemgroup.com.apple.installcoordinationd/Library/InstallCoordination/PromiseStaging/CA0A21EE-4B2A-4740-87AF-DF0043C06F5C/temp.9IHQPr to /Users/dragonkao/Library/Developer/CoreSimulator/Devices/115FDF0C-5A2F-4686-909B-7F43F1450A28/data/Containers/Shared/SystemGroup/systemgroup.com.apple.installcoordinationd/Library/InstallCoordination/PromiseStaging/CA0A21EE-4B2A-4740-87AF-DF0043C06F5C/temp.9IHQPr took 0.000045 seconds
2026-06-25 18:04:01.325 Df installcoordinationd[91072:41c2bd] [com.apple.installcoordination:daemon] -[IXSDataPromise _setPercentComplete:saveStateIfNeeded:]: Progress: <IXSPromisedTransferToPath(0x1034dd100) Name:Icon resources for com.DefaultCompany.NeonDrift.run.1782381773.88841 Creator:InstallCoordination Simple SPI UUID:CA0A21EE-4B2A-4740-87AF-DF0043C06F5C Location:[system-defined]>
2026-06-25 18:04:01.325 Df installcoordinationd[91072:41c38e] [com.apple.installcoordination:daemon] -[IXSDataPromiseManager promiseDidBegin:]: Unowned promise began: <IXSPromisedTransferToPath(0x1034dd100) Name:Icon resources for com.DefaultCompany.NeonDrift.run.1782381773.88841 Creator:InstallCoordination Simple SPI UUID:CA0A21EE-4B2A-4740-87AF-DF0043C06F5C Location:[system-defined]>
2026-06-25 18:04:01.325 Df installcoordinationd[91072:41c38e] [com.apple.installcoordination:daemon] -[IXSDataPromiseManager promise:didUpdateProgress:]: Unowned promise update progress to 1.000000 : <IXSPromisedTransferToPath(0x1034dd100) Name:Icon resources for com.DefaultCompany.NeonDrift.run.1782381773.88841 Creator:InstallCoordination Simple SPI UUID:CA0A21EE-4B2A-4740-87AF-DF0043C06F5C Location:[system-defined]>
2026-06-25 18:04:01.326 Df installcoordinationd[91072:41c38e] [com.apple.installcoordination:daemon] -[IXSDataPromiseManager promiseDidComplete:]: Unowned promise completed: <IXSPromisedTransferToPath(0x1034dd100) Name:Icon resources for com.DefaultCompany.NeonDrift.run.1782381773.88841 Creator:InstallCoordination Simple SPI UUID:CA0A21EE-4B2A-4740-87AF-DF0043C06F5C Location:[system-defined]>
2026-06-25 18:04:01.326 Df installcoordinationd[91072:41c38e] [com.apple.installcoordination:daemon] -[IXSDataPromise _setPercentComplete:saveStateIfNeeded:]: Progress: <IXSPromisedInMemoryDictionary(0x1034dd280) Name:Info.plist icon content for com.DefaultCompany.NeonDrift.run.1782381773.88841 Creator:InstallCoordination Simple SPI UUID:7701B7DC-E198-4FF1-9A0B-AECFEED4022C Location:[system-defined]>
2026-06-25 18:04:01.327 Df installcoordinationd[91072:41c38e] [com.apple.installcoordination:daemon] -[IXSDataPromiseManager registerPromise:]: Registered promise <IXSPromisedInMemoryDictionary(0x1034dd280) Name:Info.plist icon content for com.DefaultCompany.NeonDrift.run.1782381773.88841 Creator:InstallCoordination Simple SPI UUID:7701B7DC-E198-4FF1-9A0B-AECFEED4022C Location:[system-defined]> for UUID 7701B7DC-E198-4FF1-9A0B-AECFEED4022C
2026-06-25 18:04:01.327 Df installcoordinationd[91072:41c2bd] [com.apple.installcoordination:daemon] -[IXSDataPromiseManager promiseDidBegin:]: Unowned promise began: <IXSPromisedInMemoryDictionary(0x1034dd280) Name:Info.plist icon content for com.DefaultCompany.NeonDrift.run.1782381773.88841 Creator:InstallCoordination Simple SPI UUID:7701B7DC-E198-4FF1-9A0B-AECFEED4022C Location:[system-defined]>
2026-06-25 18:04:01.327 Df installcoordinationd[91072:41c2bd] [com.apple.installcoordination:daemon] -[IXSDataPromiseManager promise:didUpdateProgress:]: Unowned promise update progress to 1.000000 : <IXSPromisedInMemoryDictionary(0x1034dd280) Name:Info.plist icon content for com.DefaultCompany.NeonDrift.run.1782381773.88841 Creator:InstallCoordination Simple SPI UUID:7701B7DC-E198-4FF1-9A0B-AECFEED4022C Location:[system-defined]>
2026-06-25 18:04:01.327 Df installcoordinationd[91072:41c2bd] [com.apple.installcoordination:daemon] -[IXSDataPromiseManager promiseDidComplete:]: Unowned promise completed: <IXSPromisedInMemoryDictionary(0x1034dd280) Name:Info.plist icon content for com.DefaultCompany.NeonDrift.run.1782381773.88841 Creator:InstallCoordination Simple SPI UUID:7701B7DC-E198-4FF1-9A0B-AECFEED4022C Location:[system-defined]>
2026-06-25 18:04:01.327 Df installcoordinationd[91072:41c38e] [com.apple.installcoordination:daemon] -[IXSPlaceholder setIconResourcesPromise:]: <IXSPlaceholder(0x103510500) Name:App Placeholder: NeonDrift.run.1782381773.88841 (com.DefaultCompany.NeonDrift.run.1782381773.88841) Creator:InstallCoordination Simple SPI UUID:3DD8258C-218F-4F31-AF2A-038C59213C42 Location:[system-defined]>: setting icon resources promise to <IXSPromisedTransferToPath(0x1034dd100) Name:Icon resources for com.DefaultCompany.NeonDrift.run.1782381773.88841 Creator:InstallCoordination Simple SPI UUID:CA0A21EE-4B2A-4740-87AF-DF0043C06F5C Location:[system-defined]>
2026-06-25 18:04:01.328 Df installcoordinationd[91072:41c38e] [com.apple.installcoordination:daemon] -[IXSPlaceholder setInfoPlistIconContentPromise:]: <IXSPlaceholder(0x103510500) Name:App Placeholder: NeonDrift.run.1782381773.88841 (com.DefaultCompany.NeonDrift.run.1782381773.88841) Creator:InstallCoordination Simple SPI UUID:3DD8258C-218F-4F31-AF2A-038C59213C42 Location:[system-defined]>: setting Info.plist icon content promise to <IXSPromisedInMemoryDictionary(0x1034dd280) Name:Info.plist icon content for com.DefaultCompany.NeonDrift.run.1782381773.88841 Creator:InstallCoordination Simple SPI UUID:7701B7DC-E198-4FF1-9A0B-AECFEED4022C Location:[system-defined]>
2026-06-25 18:04:01.329 Df installcoordinationd[91072:41c2bd] [com.apple.installcoordination:daemon] -[IXSDataPromiseManager promiseDidBegin:]: Unowned promise began: <IXSPlaceholder(0x103510500) Name:App Placeholder: NeonDrift.run.1782381773.88841 (com.DefaultCompany.NeonDrift.run.1782381773.88841) Creator:InstallCoordination Simple SPI UUID:3DD8258C-218F-4F31-AF2A-038C59213C42 Location:[system-defined]>
2026-06-25 18:04:01.329 Df installcoordinationd[91072:41c2bd] [com.apple.installcoordination:daemon] -[IXSDataPromiseManager promise:didUpdateProgress:]: Unowned promise update progress to 0.000000 : <IXSPlaceholder(0x103510500) Name:App Placeholder: NeonDrift.run.1782381773.88841 (com.DefaultCompany.NeonDrift.run.1782381773.88841) Creator:InstallCoordination Simple SPI UUID:3DD8258C-218F-4F31-AF2A-038C59213C42 Location:[system-defined]>
2026-06-25 18:04:01.329 Df installcoordinationd[91072:41c2bd] [com.apple.installcoordination:daemon] -[IXSDataPromiseManager promise:didUpdateProgress:]: Unowned promise update progress to 0.000000 : <IXSPlaceholder(0x103510500) Name:App Placeholder: NeonDrift.run.1782381773.88841 (com.DefaultCompany.NeonDrift.run.1782381773.88841) Creator:InstallCoordination Simple SPI UUID:3DD8258C-218F-4F31-AF2A-038C59213C42 Location:[system-defined]>
2026-06-25 18:04:01.329 Df installcoordinationd[91072:41c2bd] [com.apple.installcoordination:daemon] -[IXSDataPromise _setPercentComplete:saveStateIfNeeded:]: Progress: <IXSPromisedInMemoryDictionary(0x1034dd400) Name:Localizations for com.DefaultCompany.NeonDrift.run.1782381773.88841 Creator:InstallCoordination Simple SPI UUID:79F33AE8-AEA2-41C0-9B8E-5FA9CD6DC40C Location:[system-defined]>
2026-06-25 18:04:01.330 Df installcoordinationd[91072:41c2bd] [com.apple.installcoordination:daemon] -[IXSDataPromiseManager registerPromise:]: Registered promise <IXSPromisedInMemoryDictionary(0x1034dd400) Name:Localizations for com.DefaultCompany.NeonDrift.run.1782381773.88841 Creator:InstallCoordination Simple SPI UUID:79F33AE8-AEA2-41C0-9B8E-5FA9CD6DC40C Location:[system-defined]> for UUID 79F33AE8-AEA2-41C0-9B8E-5FA9CD6DC40C
2026-06-25 18:04:01.330 Df installcoordinationd[91072:41c38e] [com.apple.installcoordination:daemon] -[IXSDataPromiseManager promiseDidBegin:]: Unowned promise began: <IXSPromisedInMemoryDictionary(0x1034dd400) Name:Localizations for com.DefaultCompany.NeonDrift.run.1782381773.88841 Creator:InstallCoordination Simple SPI UUID:79F33AE8-AEA2-41C0-9B8E-5FA9CD6DC40C Location:[system-defined]>
2026-06-25 18:04:01.330 Df installcoordinationd[91072:41c38e] [com.apple.installcoordination:daemon] -[IXSDataPromiseManager promise:didUpdateProgress:]: Unowned promise update progress to 1.000000 : <IXSPromisedInMemoryDictionary(0x1034dd400) Name:Localizations for com.DefaultCompany.NeonDrift.run.1782381773.88841 Creator:InstallCoordination Simple SPI UUID:79F33AE8-AEA2-41C0-9B8E-5FA9CD6DC40C Location:[system-defined]>
2026-06-25 18:04:01.330 Df installcoordinationd[91072:41c38e] [com.apple.installcoordination:daemon] -[IXSDataPromiseManager promiseDidComplete:]: Unowned promise completed: <IXSPromisedInMemoryDictionary(0x1034dd400) Name:Localizations for com.DefaultCompany.NeonDrift.run.1782381773.88841 Creator:InstallCoordination Simple SPI UUID:79F33AE8-AEA2-41C0-9B8E-5FA9CD6DC40C Location:[system-defined]>
2026-06-25 18:04:01.330 Df installcoordinationd[91072:41c2bd] [com.apple.installcoordination:daemon] -[IXSPlaceholder setLocalizationDictionaryPromise:]: <IXSPlaceholder(0x103510500) Name:App Placeholder: NeonDrift.run.1782381773.88841 (com.DefaultCompany.NeonDrift.run.1782381773.88841) Creator:InstallCoordination Simple SPI UUID:3DD8258C-218F-4F31-AF2A-038C59213C42 Location:[system-defined]>: setting localization dict promise to <IXSPromisedInMemoryDictionary(0x1034dd400) Name:Localizations for com.DefaultCompany.NeonDrift.run.1782381773.88841 Creator:InstallCoordination Simple SPI UUID:79F33AE8-AEA2-41C0-9B8E-5FA9CD6DC40C Location:[system-defined]>
2026-06-25 18:04:01.331 Df installcoordinationd[91072:41c2bd] [com.apple.installcoordination:daemon] -[IXSDataPromiseManager promise:didUpdateProgress:]: Unowned promise update progress to 0.000000 : <IXSPlaceholder(0x103510500) Name:App Placeholder: NeonDrift.run.1782381773.88841 (com.DefaultCompany.NeonDrift.run.1782381773.88841) Creator:InstallCoordination Simple SPI UUID:3DD8258C-218F-4F31-AF2A-038C59213C42 Location:[system-defined]>
2026-06-25 18:04:01.331 Df installcoordinationd[91072:41c2bd] [com.apple.installcoordination:daemon] -[IXSPlaceholder setConfigurationComplete:]: <IXSPlaceholder(0x103510500) Name:App Placeholder: NeonDrift.run.1782381773.88841 (com.DefaultCompany.NeonDrift.run.1782381773.88841) Creator:InstallCoordination Simple SPI UUID:3DD8258C-218F-4F31-AF2A-038C59213C42 Location:[system-defined]>: setting configuration complete to Y
2026-06-25 18:04:01.332 Df installcoordinationd[91072:41c2bd] [com.apple.installcoordination:daemon] -[IXSPlaceholder _materialize]: <IXSPlaceholder(0x103510500) Name:App Placeholder: NeonDrift.run.1782381773.88841 (com.DefaultCompany.NeonDrift.run.1782381773.88841) Creator:InstallCoordination Simple SPI UUID:3DD8258C-218F-4F31-AF2A-038C59213C42 Location:[system-defined]>: Materializing placeholder at /Users/dragonkao/Library/Developer/CoreSimulator/Devices/115FDF0C-5A2F-4686-909B-7F43F1450A28/data/Containers/Shared/SystemGroup/systemgroup.com.apple.installcoordinationd/Library/InstallCoordination/PromiseStaging/3DD8258C-218F-4F31-AF2A-038C59213C42/NeonDrift.run.1782381773.88841.app
2026-06-25 18:04:01.332 Df installcoordinationd[91072:41c2bd] [com.apple.installcoordination:daemon] -[IXSPlaceholder _materialize]: <IXSPlaceholder(0x103510500) Name:App Placeholder: NeonDrift.run.1782381773.88841 (com.DefaultCompany.NeonDrift.run.1782381773.88841) Creator:InstallCoordination Simple SPI UUID:3DD8258C-218F-4F31-AF2A-038C59213C42 Location:[system-defined]>: Using Info.plist icon content: {
    CFBundleIcons =     {
        CFBundlePrimaryIcon =         {
            CFBundleIconName = AppIcon;
        };
    };
    "CFBundleIcons~ipad" =     {
        CFBundlePrimaryIcon =         {
            CFBundleIconName = AppIcon;
        };
    };
    ISIconPlatform = iPhoneOS;
}
2026-06-25 18:04:01.332 Df installcoordinationd[91072:41c2bd] [com.apple.installcoordination:daemon] -[IXSPlaceholder _materialize]_block_invoke: <IXSPlaceholder(0x103510500) Name:App Placeholder: NeonDrift.run.1782381773.88841 (com.DefaultCompany.NeonDrift.run.1782381773.88841) Creator:InstallCoordination Simple SPI UUID:3DD8258C-218F-4F31-AF2A-038C59213C42 Location:[system-defined]>: Using icon resource Assets.car
2026-06-25 18:04:01.332 Df installcoordinationd[91072:41c2bd] [com.apple.installcoordination:daemon] -[IXSPlaceholder _materialize]: <IXSPlaceholder(0x103510500) Name:App Placeholder: NeonDrift.run.1782381773.88841 (com.DefaultCompany.NeonDrift.run.1782381773.88841) Creator:InstallCoordination Simple SPI UUID:3DD8258C-218F-4F31-AF2A-038C59213C42 Location:[system-defined]>: Including lproj localizations for (
)
2026-06-25 18:04:01.333 Df installcoordinationd[91072:41c38e] [com.apple.installcoordination:daemon] -[IXSDataPromiseManager promiseDidComplete:]: Unowned promise completed: <IXSPlaceholder(0x103510500) Name:App Placeholder: NeonDrift.run.1782381773.88841 (com.DefaultCompany.NeonDrift.run.1782381773.88841) Creator:InstallCoordination Simple SPI UUID:3DD8258C-218F-4F31-AF2A-038C59213C42 Location:[system-defined]>
2026-06-25 18:04:01.334 Df installcoordinationd[91072:41c2bd] [com.apple.installcoordination:daemon] -[IXSDataPromiseManager registerPromise:]: Registered promise <IXSPromisedTransferToPath(0x1034dd580) Name:App Asset: com.DefaultCompany.NeonDrift.run.1782381773.88841 Creator:InstallCoordination Simple SPI UUID:7E1DDC6C-D016-4D18-A353-635B5FC77A71 Location:[system-defined]> for UUID 7E1DDC6C-D016-4D18-A353-635B5FC77A71
2026-06-25 18:04:01.338 Df installcoordinationd[91072:41c38e] [com.apple.installcoordination:daemon] -[IXSCoordinatorManager coordinatorForIdentity:connection:error:creatingIfNotExisting:]_block_invoke: Registered coordinator: <IXSCoordinatedAppInstall<0x1035ec000> [P=CoreSimulatorBridge (pid 90817)] identifier:[com.DefaultCompany.NeonDrift.run.1782381773.88841/Invalid/[system-defined]] uuid:8FB738EC-4D17-4F9D-AB31-F42A682A063E intent:IXCoordinatorIntentInitiating creator/appDRI:InstallCoordination Simple SPI importance:Background state:IXAppCoordinationStatePlaceholderPromiseNotSet promise-state:01234>
2026-06-25 18:04:01.338 Df installcoordinationd[91072:41c38e] [com.apple.appinstallation:TransactionLog] com.DefaultCompany.NeonDrift.run.1782381773.88841/Unknown Persona:4:1:1:1:Created coordinator with intent IXCoordinatorIntentInitiating for client InstallCoordination Simple SPI
2026-06-25 18:04:01.338 Df installcoordinationd[91072:41c38e] [com.apple.installcoordination:daemon] -[IXSCoordinatedAppInstall setPriorityBoostCompletion:withSourceInfo:]: <IXSCoordinatedAppInstall<0x1035ec000> [P=CoreSimulatorBridge (pid 90817)] identifier:[com.DefaultCompany.NeonDrift.run.1782381773.88841/Invalid/[system-defined]] uuid:8FB738EC-4D17-4F9D-AB31-F42A682A063E intent:IXCoordinatorIntentInitiating creator/appDRI:InstallCoordination Simple SPI importance:Background state:IXAppCoordinationStatePlaceholderPromiseNotSet promise-state:01234>: Retaining completion from CoreSimulatorBridge (90817), QOS_CLASS_DEFAULT (0x15)
2026-06-25 18:04:01.338 Df installcoordinationd[91072:41c38e] [com.apple.installcoordination:daemon] -[IXSCoordinatedAppInstall setImportance:]: <IXSCoordinatedAppInstall<0x1035ec000> [P=CoreSimulatorBridge (pid 90817)] identifier:[com.DefaultCompany.NeonDrift.run.1782381773.88841/Invalid/[system-defined]] uuid:8FB738EC-4D17-4F9D-AB31-F42A682A063E intent:IXCoordinatorIntentInitiating creator/appDRI:InstallCoordination Simple SPI importance:UserWaiting state:IXAppCoordinationStatePlaceholderPromiseNotSet promise-state:01234>: set importance to UserWaiting
2026-06-25 18:04:01.338 Df installcoordinationd[91072:41c38e] [com.apple.installcoordination:daemon] -[IXSCoordinatedAppInstall _onQueue_fireObserversForClient:]: <IXSCoordinatedAppInstall<0x1035ec000> [P=CoreSimulatorBridge (pid 90817)] identifier:[com.DefaultCompany.NeonDrift.run.1782381773.88841/Invalid/[system-defined]] uuid:8FB738EC-4D17-4F9D-AB31-F42A682A063E intent:IXCoordinatorIntentInitiating creator/appDRI:InstallCoordination Simple SPI importance:UserWaiting state:IXAppCoordinationStatePlaceholderPromiseNotSet promise-state:01234>: Firing applicable observers for client <IXSClientConnection<0x103440ba0> client:CoreSimulatorBridge (pid 90817) uuid:4780A2BD-C3B7-4B12-B216-31E81F3774D3>
2026-06-25 18:04:01.338 Df installcoordinationd[91072:41c38e] [com.apple.installcoordination:daemon] -[IXSCoordinatedAppInstall setPriorityBoostCompletion:withSourceInfo:]: <IXSCoordinatedAppInstall<0x1035ec000> [P=CoreSimulatorBridge (pid 90817)] identifier:[com.DefaultCompany.NeonDrift.run.1782381773.88841/Invalid/[system-defined]] uuid:8FB738EC-4D17-4F9D-AB31-F42A682A063E intent:IXCoordinatorIntentInitiating creator/appDRI:InstallCoordination Simple SPI importance:UserWaiting state:IXAppCoordinationStatePlaceholderPromiseNotSet promise-state:01234>: Disposing of completion from CoreSimulatorBridge (90817), QOS_CLASS_DEFAULT (0x15)
2026-06-25 18:04:01.338 Df installcoordinationd[91072:41c38e] [com.apple.installcoordination:daemon] -[IXSCoordinatedAppInstall setPriorityBoostCompletion:withSourceInfo:]: <IXSCoordinatedAppInstall<0x1035ec000> [P=CoreSimulatorBridge (pid 90817)] identifier:[com.DefaultCompany.NeonDrift.run.1782381773.88841/Invalid/[system-defined]] uuid:8FB738EC-4D17-4F9D-AB31-F42A682A063E intent:IXCoordinatorIntentInitiating creator/appDRI:InstallCoordination Simple SPI importance:UserWaiting state:IXAppCoordinationStatePlaceholderPromiseNotSet promise-state:01234>: Retaining completion from CoreSimulatorBridge (90817), QOS_CLASS_DEFAULT (0x15)
2026-06-25 18:04:01.338 Df CoreSimulatorBridge[90817:41c74c] [com.apple.installcoordination:framework] -[IXAppInstallCoordinator _clientDelegate_didRegisterForObservation]: <IXInitiatingAppInstallCoordinator<0x105873400> identity:[com.DefaultCompany.NeonDrift.run.1782381773.88841/Invalid/[system-defined]] uuid:8FB738EC-4D17-4F9D-AB31-F42A682A063E creator:InstallCoordination Simple SPI>: Got observer registration delegate
2026-06-25 18:04:01.338 Df CoreSimulatorBridge[90817:41c74b] [com.apple.installcoordination:framework] -[IXAppInstallCoordinator _clientDelegate_didRegisterForObservation]_block_invoke: <IXInitiatingAppInstallCoordinator<0x105873400> identity:[com.DefaultCompany.NeonDrift.run.1782381773.88841/Invalid/[system-defined]] uuid:8FB738EC-4D17-4F9D-AB31-F42A682A063E creator:InstallCoordination Simple SPI>: Observer <_IXSimpleInstallerDelegate 0x0x105be4120> does not respond to coordinatorDidRegisterForObservation:
2026-06-25 18:04:01.338 Df CoreSimulatorBridge[90817:41c74c] [com.apple.installcoordination:framework] -[IXAppInstallCoordinator _clientDelegate_shouldResume]: <IXInitiatingAppInstallCoordinator<0x105873400> identity:[com.DefaultCompany.NeonDrift.run.1782381773.88841/Invalid/[system-defined]] uuid:8FB738EC-4D17-4F9D-AB31-F42A682A063E creator:InstallCoordination Simple SPI>: Got should resume delegate
2026-06-25 18:04:01.339 Df CoreSimulatorBridge[90817:41c74b] [com.apple.installcoordination:framework] -[IXAppInstallCoordinator _clientDelegate_shouldResume]_block_invoke: <IXInitiatingAppInstallCoordinator<0x105873400> identity:[com.DefaultCompany.NeonDrift.run.1782381773.88841/Invalid/[system-defined]] uuid:8FB738EC-4D17-4F9D-AB31-F42A682A063E creator:InstallCoordination Simple SPI>: Observer <_IXSimpleInstallerDelegate 0x0x105be4120> does not respond to coordinatorShouldResume:
2026-06-25 18:04:01.340 Df installcoordinationd[91072:41c38e] [com.apple.installcoordination:daemon] -[IXSCoordinatedAppInstall _internal_setInstallOptionsPromise:performExternalActions:]: <IXSCoordinatedAppInstall<0x1035ec000> [P=CoreSimulatorBridge (pid 90817)] identifier:[com.DefaultCompany.NeonDrift.run.1782381773.88841/Invalid/[system-defined]] uuid:8FB738EC-4D17-4F9D-AB31-F42A682A063E intent:IXCoordinatorIntentInitiating creator/appDRI:InstallCoordination Simple SPI importance:UserWaiting state:IXAppCoordinationStatePlaceholderPromiseNotSet promise-state:012I4> : install options set: <IXSPromisedInMemoryData(0x1034dd900) Name:MIInstallOptions data Creator:Install Coordination Internal UUID:F80E3AB1-6968-416A-A8C2-C2194790FAA9 Location:[system-defined]>
2026-06-25 18:04:01.340 Df installcoordinationd[91072:41c74d] [com.apple.installcoordination:daemon] -[IXSCoordinatedAppInstall promiseDidComplete:]: <IXSCoordinatedAppInstall<0x1035ec000> [P=CoreSimulatorBridge (pid 90817)] identifier:[com.DefaultCompany.NeonDrift.run.1782381773.88841/Invalid/[system-defined]] uuid:8FB738EC-4D17-4F9D-AB31-F42A682A063E intent:IXCoordinatorIntentInitiating creator/appDRI:InstallCoordination Simple SPI importance:UserWaiting state:IXAppCoordinationStatePlaceholderPromiseNotSet promise-state:012I4> : Promise completed: <IXSPromisedInMemoryData(0x1034dd900) Name:MIInstallOptions data Creator:Install Coordination Internal UUID:F80E3AB1-6968-416A-A8C2-C2194790FAA9 Location:[system-defined]>
2026-06-25 18:04:01.340 Df installcoordinationd[91072:41c74d] [com.apple.appinstallation:TransactionLog] com.DefaultCompany.NeonDrift.run.1782381773.88841/Unknown Persona:4:13:1:1:Install Options Promise began. Coordinator State: IXAppCoordinationStatePlaceholderPromiseNotSet
2026-06-25 18:04:01.341 Df installcoordinationd[91072:41c74d] [com.apple.appinstallation:TransactionLog] com.DefaultCompany.NeonDrift.run.1782381773.88841/Unknown Persona:4:13:2:1:Install Options Promise completed. Coordinator State: IXAppCoordinationStatePlaceholderPromiseNotSet
2026-06-25 18:04:01.341 Df installcoordinationd[91072:41c2bd] [com.apple.installcoordination:daemon] -[IXSCoordinatedAppInstall _internal_setAppAssetPromise:performExternalActions:]: <IXSCoordinatedAppInstall<0x1035ec000> [P=CoreSimulatorBridge (pid 90817)] identifier:[com.DefaultCompany.NeonDrift.run.1782381773.88841/Invalid/[system-defined]] uuid:8FB738EC-4D17-4F9D-AB31-F42A682A063E intent:IXCoordinatorIntentInitiating creator/appDRI:InstallCoordination Simple SPI importance:UserWaiting state:IXAppCoordinationStatePlaceholderPromiseNotSet promise-state:0a2I4> : App Asset Promise set: <IXSPromisedTransferToPath(0x1034dd580) Name:App Asset: com.DefaultCompany.NeonDrift.run.1782381773.88841 Creator:InstallCoordination Simple SPI UUID:7E1DDC6C-D016-4D18-A353-635B5FC77A71 Location:[system-defined]>
2026-06-25 18:04:01.341 Df installcoordinationd[91072:41c2bd] [com.apple.installcoordination:daemon] -[IXSCoordinatedAppInstall setInitialODRAssetPromises:]: <IXSCoordinatedAppInstall<0x1035ec000> [P=CoreSimulatorBridge (pid 90817)] identifier:[com.DefaultCompany.NeonDrift.run.1782381773.88841/Invalid/[system-defined]] uuid:8FB738EC-4D17-4F9D-AB31-F42A682A063E intent:IXCoordinatorIntentInitiating creator/appDRI:InstallCoordination Simple SPI importance:UserWaiting state:IXAppCoordinationStatePlaceholderPromiseNotSet promise-state:0a2I4> : Initial ODR Asset Promises set: (
)
2026-06-25 18:04:01.354 Df CoreSimulatorBridge[90817:41bdb5] [com.apple.installcoordination:framework] -[IXPromisedTransferToPath setComplete:]: <IXPromisedTransferToPath<0x105873780> name:"App Asset: com.DefaultCompany.NeonDrift.run.1782381773.88841" uuid:7E1DDC6C-D016-4D18-A353-635B5FC77A71 creator:"InstallCoordination Simple SPI" location:[system-defined]> Copy operation from /Users/dragonkao/.openclaw/workspace/382b9e3384298039b171c9b2a60ae644/NeonDrift_MVP/project/xcode_derived_data/Build/Products/Release-iphonesimulator/NeonDrift.run.1782381773.88841.app to /Users/dragonkao/Library/Developer/CoreSimulator/Devices/115FDF0C-5A2F-4686-909B-7F43F1450A28/data/Containers/Shared/SystemGroup/systemgroup.com.apple.installcoordinationd/Library/InstallCoordination/PromiseStaging/7E1DDC6C-D016-4D18-A353-635B5FC77A71/NeonDrift.run.1782381773.88841.app took 0.012195 seconds
2026-06-25 18:04:01.354 Df installcoordinationd[91072:41c2bd] [com.apple.installcoordination:daemon] -[IXSDataPromise _setPercentComplete:saveStateIfNeeded:]: Progress: <IXSPromisedTransferToPath(0x1034dd580) Name:App Asset: com.DefaultCompany.NeonDrift.run.1782381773.88841 Creator:InstallCoordination Simple SPI UUID:7E1DDC6C-D016-4D18-A353-635B5FC77A71 Location:[system-defined]>
2026-06-25 18:04:01.355 Df installcoordinationd[91072:41c38e] [com.apple.appinstallation:TransactionLog] com.DefaultCompany.NeonDrift.run.1782381773.88841/Unknown Persona:4:10:1:1:App Asset Promise began. Coordinator State: IXAppCoordinationStatePlaceholderPromiseNotSet
2026-06-25 18:04:01.355 Df installcoordinationd[91072:41c2bd] [com.apple.installcoordination:daemon] -[IXSCoordinatedAppInstall promiseDidComplete:]: <IXSCoordinatedAppInstall<0x1035ec000> [P=CoreSimulatorBridge (pid 90817)] identifier:[com.DefaultCompany.NeonDrift.run.1782381773.88841/Invalid/[system-defined]] uuid:8FB738EC-4D17-4F9D-AB31-F42A682A063E intent:IXCoordinatorIntentInitiating creator/appDRI:InstallCoordination Simple SPI importance:UserWaiting state:IXAppCoordinationStatePlaceholderPromiseNotSet promise-state:0A2I4> : Promise completed: <IXSPromisedTransferToPath(0x1034dd580) Name:App Asset: com.DefaultCompany.NeonDrift.run.1782381773.88841 Creator:InstallCoordination Simple SPI UUID:7E1DDC6C-D016-4D18-A353-635B5FC77A71 Location:[system-defined]>
2026-06-25 18:04:01.355 Df installcoordinationd[91072:41c38e] [com.apple.appinstallation:TransactionLog] com.DefaultCompany.NeonDrift.run.1782381773.88841/Unknown Persona:4:10:2:1:App Asset Promise completed. Coordinator State: IXAppCoordinationStatePlaceholderPromiseNotSet
2026-06-25 18:04:01.355 Df CoreSimulatorBridge[90817:41c74b] [com.apple.installcoordination:framework] -[IXAppInstallCoordinator _clientDelegate_promiseDidBeginFulfillmentWithIdentifier:]: <IXInitiatingAppInstallCoordinator<0x105873400> identity:[com.DefaultCompany.NeonDrift.run.1782381773.88841/Invalid/[system-defined]] uuid:8FB738EC-4D17-4F9D-AB31-F42A682A063E creator:InstallCoordination Simple SPI>: Got promise did begin fulfillment for identifier 2
2026-06-25 18:04:01.355 Df CoreSimulatorBridge[90817:41c74b] [com.apple.installcoordination:framework] -[IXAppInstallCoordinator _clientDelegate_promiseDidBeginFulfillmentWithIdentifier:]_block_invoke: <IXInitiatingAppInstallCoordinator<0x105873400> identity:[com.DefaultCompany.NeonDrift.run.1782381773.88841/Invalid/[system-defined]] uuid:8FB738EC-4D17-4F9D-AB31-F42A682A063E creator:InstallCoordination Simple SPI>: Observer <_IXSimpleInstallerDelegate 0x0x105be4120> does not respond to coordinator:configuredPromiseDidBeginFulfillment: (or any deprecated equivalent)
2026-06-25 18:04:01.356 Df CoreSimulatorBridge[90817:41c74c] [com.apple.installcoordination:framework] -[IXAppInstallCoordinator _clientDelegate_didUpdateProgress:forPhase:overallProgress:]: <IXInitiatingAppInstallCoordinator<0x105873400> identity:[com.DefaultCompany.NeonDrift.run.1782381773.88841/Invalid/[system-defined]] uuid:8FB738EC-4D17-4F9D-AB31-F42A682A063E creator:InstallCoordination Simple SPI>: Got did update progress delegate with percentComplete 100.000000 phase IXCoordinatorProgressPhaseLoading overallProgress 60.000000
2026-06-25 18:04:01.356 Df installcoordinationd[91072:41c74d] [com.apple.installcoordination:daemon] -[IXSCoordinatedAppInstall setPlaceholderPromise:]: <IXSCoordinatedAppInstall<0x1035ec000> [P=CoreSimulatorBridge (pid 90817)] identifier:[com.DefaultCompany.NeonDrift.run.1782381773.88841/Invalid/[system-defined]] uuid:8FB738EC-4D17-4F9D-AB31-F42A682A063E intent:IXCoordinatorIntentInitiating creator/appDRI:InstallCoordination Simple SPI importance:UserWaiting state:IXAppCoordinationStateReadyForPlaceholderInstall promise-state:PA2I4> : Placeholder Promise set: <IXSPlaceholder(0x103510500) Name:App Placeholder: NeonDrift.run.1782381773.88841 (com.DefaultCompany.NeonDrift.run.1782381773.88841) Creator:InstallCoordination Simple SPI UUID:3DD8258C-218F-4F31-AF2A-038C59213C42 Location:[system-defined]>
2026-06-25 18:04:01.356 Df installcoordinationd[91072:41c38e] [com.apple.installcoordination:daemon] -[IXSCoordinatedAppInstall promiseDidComplete:]: <IXSCoordinatedAppInstall<0x1035ec000> [P=CoreSimulatorBridge (pid 90817)] identifier:[com.DefaultCompany.NeonDrift.run.1782381773.88841/Invalid/[system-defined]] uuid:8FB738EC-4D17-4F9D-AB31-F42A682A063E intent:IXCoordinatorIntentInitiating creator/appDRI:InstallCoordination Simple SPI importance:UserWaiting state:IXAppCoordinationStateReadyForPlaceholderInstall promise-state:PA2I4> : Promise completed: <IXSPlaceholder(0x103510500) Name:App Placeholder: NeonDrift.run.1782381773.88841 (com.DefaultCompany.NeonDrift.run.1782381773.88841) Creator:InstallCoordination Simple SPI UUID:3DD8258C-218F-4F31-AF2A-038C59213C42 Location:[system-defined]>
2026-06-25 18:04:01.356 Df CoreSimulatorBridge[90817:41c74c] [com.apple.installcoordination:framework] -[IXAppInstallCoordinator _clientDelegate_didUpdateProgress:forPhase:overallProgress:]_block_invoke: <IXInitiatingAppInstallCoordinator<0x105873400> identity:[com.DefaultCompany.NeonDrift.run.1782381773.88841/Invalid/[system-defined]] uuid:8FB738EC-4D17-4F9D-AB31-F42A682A063E creator:InstallCoordination Simple SPI>: Calling selector coordinator:didUpdateProgress:forPhase:overallProgress: on observer <_IXSimpleInstallerDelegate 0x0x105be4120>
2026-06-25 18:04:01.356 Df installcoordinationd[91072:41c74d] [com.apple.installcoordination:daemon] -[IXSCoordinatedAppInstall _onQueue_acquireAssertionAndInstallPlaceholder]: Acquiring termination assertion to install placeholder for [com.DefaultCompany.NeonDrift.run.1782381773.88841/Invalid/[system-defined]]
2026-06-25 18:04:01.357 Df installcoordinationd[91072:41c74d] [com.apple.installcoordination:daemon] -[IXSPendingOperationsTracker beginPendingOperationForIdentity:]_block_invoke: Beginning pending operation for [com.DefaultCompany.NeonDrift.run.1782381773.88841/Invalid/[system-defined]]
2026-06-25 18:04:01.361 Df runningboardd[90790:41bc9f] [com.apple.runningboard:connection] Received termination request from [osservice<com.apple.installcoordinationd>:91072] on <RBSProcessPredicate <RBSProcessBundleIdentifierPredicate "com.DefaultCompany.NeonDrift.run.1782381773.88841">> with context <RBSTerminateContext| explanation:installcoordinationd app:[com.DefaultCompany.NeonDrift.run.1782381773.88841/Invalid/[system-defined]] uuid:8FB738EC-4D17-4F9D-AB31-F42A682A063E isPlaceholder:Y reportType:None maxTerminationResistance:Absolute attrs:[
	<RBSPreventLaunchLimitation| <RBSProcessPredicate <RBSProcessBundleIdentifierPredicate "com.DefaultCompany.NeonDrift.run.1782381773.88841">> allow:(null)>
	]>
2026-06-25 18:04:01.361 Df runningboardd[90790:41bc9f] [com.apple.runningboard:general] failed to get LSApplicationRecord for com.DefaultCompany.NeonDrift.run.1782381773.88841 - probably OK
2026-06-25 18:04:01.361 Df runningboardd[90790:41bc9f] [com.apple.runningboard:connection] skipping plugin hold for uninstalled proxy com.DefaultCompany.NeonDrift.run.1782381773.88841
2026-06-25 18:04:01.361 Df runningboardd[90790:41bc9f] [com.apple.runningboard:ttl] Acquiring assertion targeting system from originator [osservice<com.apple.installcoordinationd>:91072] with description <RBSAssertionDescriptor| "installcoordinationd app:[com.DefaultCompany.NeonDrift.run.1782381773.88841/Invalid/[system-defined]] uuid:8FB738EC-4D17-4F9D-AB31-F42A682A063E isPlaceholder:Y" ID:90790-91072-346 target:system attributes:[
	<RBSPreventLaunchLimitation| <RBSProcessPredicate <RBSProcessBundleIdentifierPredicate "com.DefaultCompany.NeonDrift.run.1782381773.88841">> allow:(null)>
	]>
2026-06-25 18:04:01.361 Df runningboardd[90790:41c064] [com.apple.runningboard:process] Executing termination request for: <RBSProcessPredicate <RBSProcessBundleIdentifierPredicate "com.DefaultCompany.NeonDrift.run.1782381773.88841">>
2026-06-25 18:04:01.361 Df SpringBoard[90784:41bbc7] [com.apple.SpringBoard:Common] termination assertion acquired for com.DefaultCompany.NeonDrift.run.1782381773.88841 (app not found)
2026-06-25 18:04:01.361 Df installcoordinationd[91072:41c2bd] [com.apple.appinstallation:TransactionLog] com.DefaultCompany.NeonDrift.run.1782381773.88841/Unknown Persona:4:9:1:1:Placeholder Promise began. Coordinator State: IXAppCoordinationStateWaitingForPlaceholderAssertion
2026-06-25 18:04:01.361 Df installcoordinationd[91072:41c38e] [com.apple.installcoordination:daemon] -[IXSCoordinatedAppInstall assertionAcquiredCallback]: RBS termination assertion observer called for <IXSCoordinatedAppInstall<0x1035ec000> [P=CoreSimulatorBridge (pid 90817)] identifier:[com.DefaultCompany.NeonDrift.run.1782381773.88841/Invalid/[system-defined]] uuid:8FB738EC-4D17-4F9D-AB31-F42A682A063E intent:IXCoordinatorIntentInitiating creator/appDRI:InstallCoordination Simple SPI importance:UserWaiting state:IXAppCoordinationStateWaitingForPlaceholderAssertion promise-state:PA2I4>
2026-06-25 18:04:01.361 Df installcoordinationd[91072:41c2bd] [com.apple.installcoordination:daemon] -[IXSCoordinatorProgress setTotalUnitsCompleted:]: Progress for coordinator: [com.DefaultCompany.NeonDrift.run.1782381773.88841/Invalid/[system-defined]], Phase: IXCoordinatorProgressPhaseLoading, Percentage: 100.000000: Attempt to set units completed on finished progress: 100
2026-06-25 18:04:01.361 Df installcoordinationd[91072:41c2bd] [com.apple.appinstallation:TransactionLog] com.DefaultCompany.NeonDrift.run.1782381773.88841/Unknown Persona:4:9:2:1:Placeholder Promise completed. Coordinator State: IXAppCoordinationStateWaitingForPlaceholderAssertion
2026-06-25 18:04:01.362 Df CoreSimulatorBridge[90817:41c74b] [com.apple.installcoordination:framework] -[IXAppInstallCoordinator _clientDelegate_promiseDidBeginFulfillmentWithIdentifier:]: <IXInitiatingAppInstallCoordinator<0x105873400> identity:[com.DefaultCompany.NeonDrift.run.1782381773.88841/Invalid/[system-defined]] uuid:8FB738EC-4D17-4F9D-AB31-F42A682A063E creator:InstallCoordination Simple SPI>: Got promise did begin fulfillment for identifier 1
2026-06-25 18:04:01.362 Df CoreSimulatorBridge[90817:41c74b] [com.apple.installcoordination:framework] -[IXAppInstallCoordinator _clientDelegate_promiseDidBeginFulfillmentWithIdentifier:]_block_invoke: <IXInitiatingAppInstallCoordinator<0x105873400> identity:[com.DefaultCompany.NeonDrift.run.1782381773.88841/Invalid/[system-defined]] uuid:8FB738EC-4D17-4F9D-AB31-F42A682A063E creator:InstallCoordination Simple SPI>: Observer <_IXSimpleInstallerDelegate 0x0x105be4120> does not respond to coordinator:configuredPromiseDidBeginFulfillment: (or any deprecated equivalent)
2026-06-25 18:04:01.362 Df installcoordinationd[91072:41c2bd] [com.apple.installcoordination:daemon] -[IXSCoordinatedAppInstall _onQueue_installPlaceholder]: Acquired termination assertion for placeholder [com.DefaultCompany.NeonDrift.run.1782381773.88841/Invalid/[system-defined]]; proceeding with install.
2026-06-25 18:04:01.362 Df installcoordinationd[91072:41c2bd] [com.apple.installcoordination:daemon] -[IXSPowerAssertion initWithAssertionName:details:]: Acquired power assertion IXPowerAssertion-12-[com.DefaultCompany.NeonDrift.run.1782381773.88841/Invalid/[system-defined]]
2026-06-25 18:04:01.363 Df installd[91079:41c2fc] (MobileSystemServices) 0x16dd2b000 -[MIClientConnection _doInstallationForURL:identity:domain:options:operationType:completion:]: Install of "/Users/dragonkao/Library/Developer/CoreSimulator/Devices/115FDF0C-5A2F-4686-909B-7F43F1450A28/data/Containers/Shared/SystemGroup/systemgroup.com.apple.installcoordinationd/Library/InstallCoordination/PromiseStaging/3DD8258C-218F-4F31-AF2A-038C59213C42/NeonDrift.run.1782381773.88841.app" type Placeholder (LSInstallType = 1, Domain: MIInstallationDomainDefault) requested by installcoordinationd (pid 91072 (501/20))
2026-06-25 18:04:01.367 Df installd[91079:41c2fc] [com.apple.containermanager:xpc] Query; euid = 501, uid = 501, class = 1, identifier = [com.DefaultCompany.NeonDrift.run.1782381773.88841](1), flags = 300000002
2026-06-25 18:04:01.373 Df runningboardd[90790:41c064] [com.apple.runningboard:process] Checking PreventLaunch: global:0 exPath:(null) predicates:{(
    <RBSProcessPredicate <RBSProcessBundleIdentifierPredicate "com.DefaultCompany.NeonDrift.run.1782381773.88841">>
)} allow:(null)
2026-06-25 18:04:01.446 Df installd[91079:41c2fc] [com.apple.containermanager:xpc] Query; euid = 501, uid = 501, class = 1, identifier = [com.DefaultCompany.NeonDrift.run.1782381773.88841](1), flags = 300000002
2026-06-25 18:04:01.446 Df installd[91079:41c2fc] (MobileSystemServices) 0x16dd2b000 -[MIInstaller _installInstallable:containingSymlink:error:]: Installing <MIInstallableBundle ID=com.DefaultCompany.NeonDrift.run.1782381773.88841; Persona=com.apple.containermanager.primary-persona, Version=0, ShortVersion=1.0>
2026-06-25 18:04:01.446 Df installd[91079:41c2fc] [com.apple.appinstallation:TransactionLog] com.DefaultCompany.NeonDrift.run.1782381773.88841/com.apple.containermanager.primary-persona:7:4:1:1:Start : Install (Placeholder)
2026-06-25 18:04:04.162 Df installd[91079:41c2fc] [com.apple.containermanager:query] Query; euid = 501, uid = 501, class = 4, identifier = [com.DefaultCompany.NeonDrift.run.1782381773.88841](1), flags = 300000002
2026-06-25 18:04:04.163 Df installd[91079:41c2fc] [com.apple.containermanager:query] Query; euid = 501, uid = 501, class = 4, identifier = [com.DefaultCompany.NeonDrift.run.1782381773.88841](1), flags = 300000002
2026-06-25 18:04:04.163 Df installd[91079:41c2fc] [com.apple.containermanager:xpc] Query; euid = 501, uid = 501, class = 1, identifier = [com.DefaultCompany.NeonDrift.run.1782381773.88841](1), flags = 300000003
2026-06-25 18:04:04.163 E  containermanagerd_system[90831:41bcbe] [com.apple.containermanager:schema] [com.DefaultCompany.NeonDrift.run.1782381773.88841(1)] Current schema version (1) is newer than the latest (0), ignoring.
2026-06-25 18:04:04.164 Df containermanagerd_system[90831:41bcbe] [com.apple.containermanager:schema] [u E0F2936B-FF76-46C0-B124-C6943B6EF519:p 6051B70B-91D1-4BF1-9EB7-CF748F27F2EF:c com.DefaultCompany.NeonDrift.run.1782381773.88841(1):i29869381] Successfully updated schema from (0) → (0), actions count = 0
2026-06-25 18:04:04.165 Df installd[91079:41c2fc] [com.apple.containermanager:xpc] Query; euid = 501, uid = 501, class = 1, identifier = [com.DefaultCompany.NeonDrift.run.1782381773.88841](1), flags = 300000002
2026-06-25 18:04:04.167 Df installd[91079:41c2fc] [com.apple.containermanager:query] Query; euid = 501, uid = 501, class = 2, identifier = [com.DefaultCompany.NeonDrift.run.1782381773.88841](1), flags = 300000003
2026-06-25 18:04:04.168 Df containermanagerd[90847:41bd2c] [com.apple.containermanager:schema] [u F62F5766-0767-4866-9D24-0BE45F6F7FC6:p 39A64491-5450-4A2B-B1AC-D67079190A4A:c com.DefaultCompany.NeonDrift.run.1782381773.88841(2):i29869384] Successfully updated schema from (0) → (1), actions count = 6
2026-06-25 18:04:04.169 Df installd[91079:41c2fc] [com.apple.containermanager:query] Query; euid = 501, uid = 501, class = 2, identifier = [com.DefaultCompany.NeonDrift.run.1782381773.88841](1), flags = 300000002
2026-06-25 18:04:04.170 Df installd[91079:41c2fc] (MobileSystemServices) 0x16dd2b000 -[MIInstallationJournalEntry _refreshUUIDForContainer:withError:]: Data container for com.DefaultCompany.NeonDrift.run.1782381773.88841 is now at /Users/dragonkao/Library/Developer/CoreSimulator/Devices/115FDF0C-5A2F-4686-909B-7F43F1450A28/data/Containers/Data/Application/648ED11F-661A-447F-8116-56B6F46F6BA2
2026-06-25 18:04:04.170 Df containermanagerd[90847:41bd2c] [com.apple.containermanager:schema] [u F62F5766-0767-4866-9D24-0BE45F6F7FC6:p 648ED11F-661A-447F-8116-56B6F46F6BA2:c com.DefaultCompany.NeonDrift.run.1782381773.88841(2):i0] Successfully updated schema from (0) → (1), actions count = 6
2026-06-25 18:04:04.170 Df installd[91079:41c2fc] [com.apple.containermanager:unspecified] Replace; old = <NULL>, new = [temp-app:com.DefaultCompany.NeonDrift.run.1782381773.88841:501::(E0F2936B-FF76-46C0-B124-C6943B6EF519)]
2026-06-25 18:04:04.171 Df installd[91079:41c2fc] [com.apple.containermanager:xpc] Query; euid = 501, uid = 501, class = 1, identifier = [com.DefaultCompany.NeonDrift.run.1782381773.88841](1), flags = 300000002
2026-06-25 18:04:04.172 Df installd[91079:41c2fc] (MobileSystemServices) 0x16dd2b000 -[MIContainer makeContainerLiveReplacingContainer:reason:waitForDeletion:withError:]: Made container live for com.DefaultCompany.NeonDrift.run.1782381773.88841 at /Users/dragonkao/Library/Developer/CoreSimulator/Devices/115FDF0C-5A2F-4686-909B-7F43F1450A28/data/Containers/Bundle/Application/87C82ADC-362E-43DD-B304-E5DBF995BD10
2026-06-25 18:04:04.172 Df containermanagerd[90847:41bd2c] [com.apple.containermanager:codesignmapping] Reconciled [com.DefaultCompany.NeonDrift.run.1782381773.88841]; old app groups: (null), new app groups: (null), old system groups: (null), new system groups: (null)
2026-06-25 18:04:04.173 Df installd[91079:41c2fc] [com.apple.containermanager:unspecified] Requesting disk usage; class = 1, identifier = com.DefaultCompany.NeonDrift.run.1782381773.88841
2026-06-25 18:04:04.174 Df installd[91079:41c2fc] [com.apple.containermanager:query] Query; euid = 501, uid = 501, class = 7, identifier = [com.DefaultCompany.NeonDrift.run.1782381773.88841](1), flags = 300000001
2026-06-25 18:04:04.175 Df SpringBoard[90784:41bbc7] [com.apple.SpringBoard:Common] termination assertion released for com.DefaultCompany.NeonDrift.run.1782381773.88841 (app not found)
2026-06-25 18:04:04.181 Df installd[91079:41c2fc] (MobileSystemServices) 0x16dd2b000 -[MILaunchServicesOperationManager _onQueue_addPendingLaunchServicesOperation:error:]: Added pending LS operation <MILaunchServicesRegisterOperation: 2FE50E8E-FE3E-495A-A644-4CD19F31C950:1 com.DefaultCompany.NeonDrift.run.1782381773.88841/MIInstallationDomainSystemShared personas:[com.apple.containermanager.primary-persona]>
2026-06-25 18:04:04.183 Df lsd[90836:41bd66] [com.apple.launchservices:appinstallation] Post installation registration: request to register com.DefaultCompany.NeonDrift.run.1782381773.88841, operation 2FE50E8E-FE3E-495A-A644-4CD19F31C950, from pid 91079
2026-06-25 18:04:04.184 Df lsd[90836:41bd66] [com.apple.appinstallation:TransactionLog] com.DefaultCompany.NeonDrift.run.1782381773.88841/Unknown Persona:5:4:1:1:Registering bundles via registrant - start
2026-06-25 18:04:04.191 E  lsd[90836:41bd66] [com.apple.launchservices:default] LSStringLocalizer development region en not found in localizations available for bundle file:///Users/dragonkao/Library/Developer/CoreSimulator/Devices/115FDF0C-5A2F-4686-909B-7F43F1450A28/data/Containers/Bundle/Application/87C82ADC-362E-43DD-B304-E5DBF995BD10/NeonDrift.run.1782381773.88841.app/
2026-06-25 18:04:04.199 Df lsd[90836:41bd66] [com.apple.appinstallation:TransactionLog] com.DefaultCompany.NeonDrift.run.1782381773.88841/Unknown Persona:5:5:1:1:Building bundle record for app
2026-06-25 18:04:04.200 Df lsd[90836:41bd66] [com.apple.launchservices:appinstallation] No bundles to remove for com.DefaultCompany.NeonDrift.run.1782381773.88841
2026-06-25 18:04:04.200 Df lsd[90836:41bd66] [com.apple.launchservices:appinstallation] Placeholder detected - Flagging bundle com.DefaultCompany.NeonDrift.run.1782381773.88841 incomplete
2026-06-25 18:04:04.200 Df lsd[90836:41bd66] [com.apple.appinstallation:TransactionLog] com.DefaultCompany.NeonDrift.run.1782381773.88841/Unknown Persona:5:5:2:1:Built bundle record for app
2026-06-25 18:04:04.202 Df lsd[90836:41bd66] [com.apple.appinstallation:TransactionLog] com.DefaultCompany.NeonDrift.run.1782381773.88841/Unknown Persona:5:4:2:1:Registered bundle status = success
2026-06-25 18:04:04.203 Df lsd[90836:41bd66] [com.apple.appinstallation:TransactionLog] com.DefaultCompany.NeonDrift.run.1782381773.88841/Unknown Persona:5:4:2:1:Finished registering com.DefaultCompany.NeonDrift.run.1782381773.88841, bundle unit 4f8
2026-06-25 18:04:04.204 Df installd[91079:41c2fc] (MobileSystemServices) 0x16dd2b000 -[MIJournal purgeJournalEntry:withError:]: Removing journal entry <MIInstallationJournalEntry<0x1030b0960> [com.DefaultCompany.NeonDrift.run.1782381773.88841/com.apple.containermanager.primary-persona/[system-defined]]/MIInstallationDomainSystemShared op:2 phase:JournalPhaseDidRegisterWithLS version:0>
2026-06-25 18:04:04.204 Df lsd[90836:41bcc1] [com.apple.launchservices:progress] Sending applicationInstallsDidStart: for (
    "<LSApplicationProxy: 0x1012f4000> com.DefaultCompany.NeonDrift.run.1782381773.88841 file:///Users/dragonkao/Library/Developer/CoreSimulator/Devices/115FDF0C-5A2F-4686-909B-7F43F1450A28/data/Containers/Bundle/Application/87C82ADC-362E-43DD-B304-E5DBF995BD10/NeonDrift.run.1782381773.88841.app/ <com.DefaultCompany.NeonDrift.run.1782381773.88841 <placeholder >:1>"
)
2026-06-25 18:04:04.204 Df installd[91079:41c2fc] [com.apple.appinstallation:TransactionLog] com.DefaultCompany.NeonDrift.run.1782381773.88841/com.apple.containermanager.primary-persona:7:4:2:1:Success (End) : Install (Placeholder)
2026-06-25 18:04:04.204 Df installd[91079:41c2fc] (MobileSystemServices) 0x16dd2b000 -[MIInstaller _logOperationCompletionWithStartTime:distributorID:]: Install successful for (Placeholder:com.DefaultCompany.NeonDrift.run.1782381773.88841) [Distributor: (null)]; Staging: 0.00s; Waiting: 0.00s; Preflight/Patch: 2.72s, Verifying: 0.00s; Overall: 2.84s
2026-06-25 18:04:04.204 Df lsd[90836:41bcc1] [com.apple.launchservices:progress] Created parent progress <NSProgress: com.DefaultCompany.NeonDrift.run.1782381773.88841 phase=InstallingPlaceholder; state=Waiting; finalPhase=Installing; fractionCompleted=0.000000>
