    "<LSApplicationProxy: 0x101f64840> com.DefaultCompany.NeonDrift file:///Users/dragonkao/Library/Developer/CoreSimulator/Devices/CC47DE7A-8196-4465-A5A5-BB852C9C6C82/data/Containers/Bundle/Application/7006C881-035A-4050-991F-3B5FF14ADCC8/NeonDrift.app/ <com.DefaultCompany.NeonDrift <installed >:0>"
)
2026-06-26 23:00:31.515 Df PosterBoard[84682:8d13b6] [com.apple.launchservices:appinstallation] LaunchServices observer: Will install (
    "<LSApplicationProxy: 0x10aa7c000> com.DefaultCompany.NeonDrift file:///Users/dragonkao/Library/Developer/CoreSimulator/Devices/CC47DE7A-8196-4465-A5A5-BB852C9C6C82/data/Containers/Bundle/Application/7006C881-035A-4050-991F-3B5FF14ADCC8/NeonDrift.app/ <com.DefaultCompany.NeonDrift <installed >:0>"
)
2026-06-26 23:00:31.515 Df gamed[84657:8d1381] [com.apple.launchservices:appinstallation] LaunchServices observer: Will install (
    "<LSApplicationProxy: 0x103bc0180> com.DefaultCompany.NeonDrift file:///Users/dragonkao/Library/Developer/CoreSimulator/Devices/CC47DE7A-8196-4465-A5A5-BB852C9C6C82/data/Containers/Bundle/Application/7006C881-035A-4050-991F-3B5FF14ADCC8/NeonDrift.app/ <com.DefaultCompany.NeonDrift <installed >:0>"
)
2026-06-26 23:00:31.516 Df donotdisturbd[84562:8d137e] [com.apple.launchservices:appinstallation] LaunchServices observer: Will install (
    "<LSApplicationProxy: 0x103ddd5c0> com.DefaultCompany.NeonDrift file:///Users/dragonkao/Library/Developer/CoreSimulator/Devices/CC47DE7A-8196-4465-A5A5-BB852C9C6C82/data/Containers/Bundle/Application/7006C881-035A-4050-991F-3B5FF14ADCC8/NeonDrift.app/ <com.DefaultCompany.NeonDrift <installed >:0>"
)
2026-06-26 23:00:31.516 Df activitysharingd[85405:8c7aed] [com.apple.launchservices:appinstallation] LaunchServices observer: Will install (
    "<LSApplicationProxy: 0x1061c4e40> com.DefaultCompany.NeonDrift file:///Users/dragonkao/Library/Developer/CoreSimulator/Devices/CC47DE7A-8196-4465-A5A5-BB852C9C6C82/data/Containers/Bundle/Application/7006C881-035A-4050-991F-3B5FF14ADCC8/NeonDrift.app/ <com.DefaultCompany.NeonDrift <installed >:0>"
)
2026-06-26 23:00:31.516 Df clipserviced[84917:8c6a94] [com.apple.launchservices:appinstallation] LaunchServices observer: Will install (
    "<LSApplicationProxy: 0x1035a8000> com.DefaultCompany.NeonDrift file:///Users/dragonkao/Library/Developer/CoreSimulator/Devices/CC47DE7A-8196-4465-A5A5-BB852C9C6C82/data/Containers/Bundle/Application/7006C881-035A-4050-991F-3B5FF14ADCC8/NeonDrift.app/ <com.DefaultCompany.NeonDrift <installed >:0>"
)
2026-06-26 23:00:31.516 Df runningboardd[84520:8d134e] [com.apple.launchservices:appinstallation] LaunchServices observer: Will install (
    "<LSApplicationProxy: 0x1061a4000> com.DefaultCompany.NeonDrift file:///Users/dragonkao/Library/Developer/CoreSimulator/Devices/CC47DE7A-8196-4465-A5A5-BB852C9C6C82/data/Containers/Bundle/Application/7006C881-035A-4050-991F-3B5FF14ADCC8/NeonDrift.app/ <com.DefaultCompany.NeonDrift <installed >:0>"
)
2026-06-26 23:00:31.516 Df webbookmarksd[84614:8c7901] [com.apple.launchservices:appinstallation] LaunchServices observer: Will install (
    "<LSApplicationProxy: 0x101dc0000> com.DefaultCompany.NeonDrift file:///Users/dragonkao/Library/Developer/CoreSimulator/Devices/CC47DE7A-8196-4465-A5A5-BB852C9C6C82/data/Containers/Bundle/Application/7006C881-035A-4050-991F-3B5FF14ADCC8/NeonDrift.app/ <com.DefaultCompany.NeonDrift <installed >:0>"
)
2026-06-26 23:00:31.516 Df deviceaccessd[84594:8c6a79] [com.apple.launchservices:appinstallation] LaunchServices observer: Will install (
    "<LSApplicationProxy: 0x106174000> com.DefaultCompany.NeonDrift file:///Users/dragonkao/Library/Developer/CoreSimulator/Devices/CC47DE7A-8196-4465-A5A5-BB852C9C6C82/data/Containers/Bundle/Application/7006C881-035A-4050-991F-3B5FF14ADCC8/NeonDrift.app/ <com.DefaultCompany.NeonDrift <installed >:0>"
)
2026-06-26 23:00:31.516 Df profiled[84593:8d1385] [com.apple.launchservices:appinstallation] LaunchServices observer: Will install (
    "<LSApplicationProxy: 0x105414000> com.DefaultCompany.NeonDrift file:///Users/dragonkao/Library/Developer/CoreSimulator/Devices/CC47DE7A-8196-4465-A5A5-BB852C9C6C82/data/Containers/Bundle/Application/7006C881-035A-4050-991F-3B5FF14ADCC8/NeonDrift.app/ <com.DefaultCompany.NeonDrift <installed >:0>"
)
2026-06-26 23:00:31.516 Df locationd[84541:8ceb27] [com.apple.launchservices:appinstallation] LaunchServices observer: Will install (
    "<LSApplicationProxy: 0x107f686c0> com.DefaultCompany.NeonDrift file:///Users/dragonkao/Library/Developer/CoreSimulator/Devices/CC47DE7A-8196-4465-A5A5-BB852C9C6C82/data/Containers/Bundle/Application/7006C881-035A-4050-991F-3B5FF14ADCC8/NeonDrift.app/ <com.DefaultCompany.NeonDrift <installed >:0>"
)
2026-06-26 23:00:31.517 Df passd[84546:8d1389] [com.apple.launchservices:appinstallation] LaunchServices observer: Will install (
    "<LSApplicationProxy: 0x1060b98c0> com.DefaultCompany.NeonDrift file:///Users/dragonkao/Library/Developer/CoreSimulator/Devices/CC47DE7A-8196-4465-A5A5-BB852C9C6C82/data/Containers/Bundle/Application/7006C881-035A-4050-991F-3B5FF14ADCC8/NeonDrift.app/ <com.DefaultCompany.NeonDrift <installed >:0>"
)
2026-06-26 23:00:31.517 Df callservicesd[84582:8cdaf7] [com.apple.launchservices:appinstallation] LaunchServices observer: Will install (
    "<LSApplicationProxy: 0x1071b4f00> com.DefaultCompany.NeonDrift file:///Users/dragonkao/Library/Developer/CoreSimulator/Devices/CC47DE7A-8196-4465-A5A5-BB852C9C6C82/data/Containers/Bundle/Application/7006C881-035A-4050-991F-3B5FF14ADCC8/NeonDrift.app/ <com.DefaultCompany.NeonDrift <installed >:0>"
)
2026-06-26 23:00:31.517 Df SpringBoard[84672:8d13b4] [com.apple.launchservices:appinstallation] LaunchServices observer: Will install (
    "<LSApplicationProxy: 0x12e49b780> com.DefaultCompany.NeonDrift file:///Users/dragonkao/Library/Developer/CoreSimulator/Devices/CC47DE7A-8196-4465-A5A5-BB852C9C6C82/data/Containers/Bundle/Application/7006C881-035A-4050-991F-3B5FF14ADCC8/NeonDrift.app/ <com.DefaultCompany.NeonDrift <installed >:0>"
)
2026-06-26 23:00:31.517 Df liveactivitiesd[84572:8c7b09] [com.apple.launchservices:appinstallation] LaunchServices observer: Will install (
    "<LSApplicationProxy: 0x101e85c80> com.DefaultCompany.NeonDrift file:///Users/dragonkao/Library/Developer/CoreSimulator/Devices/CC47DE7A-8196-4465-A5A5-BB852C9C6C82/data/Containers/Bundle/Application/7006C881-035A-4050-991F-3B5FF14ADCC8/NeonDrift.app/ <com.DefaultCompany.NeonDrift <installed >:0>"
)
2026-06-26 23:00:31.517 Df SpringBoard[84672:8d13b4] [com.apple.frontboard.ApplicationLibrary:observer] -[FBSApplicationLibrary applicationsWillInstall:] com.DefaultCompany.NeonDrift
2026-06-26 23:00:31.517 Df financed[84618:8c74f3] [com.apple.launchservices:appinstallation] LaunchServices observer: Will install (
    "<LSApplicationProxy: 0x109e3b840> com.DefaultCompany.NeonDrift file:///Users/dragonkao/Library/Developer/CoreSimulator/Devices/CC47DE7A-8196-4465-A5A5-BB852C9C6C82/data/Containers/Bundle/Application/7006C881-035A-4050-991F-3B5FF14ADCC8/NeonDrift.app/ <com.DefaultCompany.NeonDrift <installed >:0>"
)
2026-06-26 23:00:31.517 Df appstored[84695:8c7b0d] [com.apple.launchservices:appinstallation] LaunchServices observer: Will install (
    "<LSApplicationProxy: 0x1046dc000> com.DefaultCompany.NeonDrift file:///Users/dragonkao/Library/Developer/CoreSimulator/Devices/CC47DE7A-8196-4465-A5A5-BB852C9C6C82/data/Containers/Bundle/Application/7006C881-035A-4050-991F-3B5FF14ADCC8/NeonDrift.app/ <com.DefaultCompany.NeonDrift <installed >:0>"
)
2026-06-26 23:00:31.517 Df nsurlsessiond[84565:8d1034] [com.apple.launchservices:appinstallation] LaunchServices observer: Will install (
    "<LSApplicationProxy: 0x1016303c0> com.DefaultCompany.NeonDrift file:///Users/dragonkao/Library/Developer/CoreSimulator/Devices/CC47DE7A-8196-4465-A5A5-BB852C9C6C82/data/Containers/Bundle/Application/7006C881-035A-4050-991F-3B5FF14ADCC8/NeonDrift.app/ <com.DefaultCompany.NeonDrift <installed >:0>"
)
2026-06-26 23:00:31.517 Df routined[84525:8d138c] [com.apple.launchservices:appinstallation] LaunchServices observer: Will install (
    "<LSApplicationProxy: 0x109440e40> com.DefaultCompany.NeonDrift file:///Users/dragonkao/Library/Developer/CoreSimulator/Devices/CC47DE7A-8196-4465-A5A5-BB852C9C6C82/data/Containers/Bundle/Application/7006C881-035A-4050-991F-3B5FF14ADCC8/NeonDrift.app/ <com.DefaultCompany.NeonDrift <installed >:0>"
)
2026-06-26 23:00:31.517 Df nanotimekitcompaniond[84983:8cc20c] [com.apple.launchservices:appinstallation] LaunchServices observer: Will install (
    "<LSApplicationProxy: 0x101654000> com.DefaultCompany.NeonDrift file:///Users/dragonkao/Library/Developer/CoreSimulator/Devices/CC47DE7A-8196-4465-A5A5-BB852C9C6C82/data/Containers/Bundle/Application/7006C881-035A-4050-991F-3B5FF14ADCC8/NeonDrift.app/ <com.DefaultCompany.NeonDrift <installed >:0>"
)
2026-06-26 23:00:31.517 Df homed[84584:8d1399] [com.apple.launchservices:appinstallation] LaunchServices observer: Will install (
    "<LSApplicationProxy: 0x1096886c0> com.DefaultCompany.NeonDrift file:///Users/dragonkao/Library/Developer/CoreSimulator/Devices/CC47DE7A-8196-4465-A5A5-BB852C9C6C82/data/Containers/Bundle/Application/7006C881-035A-4050-991F-3B5FF14ADCC8/NeonDrift.app/ <com.DefaultCompany.NeonDrift <installed >:0>"
)
2026-06-26 23:00:31.518 Df mobiletimerd[84532:8d139a] [com.apple.launchservices:appinstallation] LaunchServices observer: Will install (
    "<LSApplicationProxy: 0x103e70780> com.DefaultCompany.NeonDrift file:///Users/dragonkao/Library/Developer/CoreSimulator/Devices/CC47DE7A-8196-4465-A5A5-BB852C9C6C82/data/Containers/Bundle/Application/7006C881-035A-4050-991F-3B5FF14ADCC8/NeonDrift.app/ <com.DefaultCompany.NeonDrift <installed >:0>"
)
2026-06-26 23:00:31.518 Df activityawardsd[84902:8d1386] [com.apple.launchservices:appinstallation] LaunchServices observer: Will install (
    "<LSApplicationProxy: 0x103d44cc0> com.DefaultCompany.NeonDrift file:///Users/dragonkao/Library/Developer/CoreSimulator/Devices/CC47DE7A-8196-4465-A5A5-BB852C9C6C82/data/Containers/Bundle/Application/7006C881-035A-4050-991F-3B5FF14ADCC8/NeonDrift.app/ <com.DefaultCompany.NeonDrift <installed >:0>"
)
2026-06-26 23:00:31.518 Df healthd[84527:8d138a] [com.apple.launchservices:appinstallation] LaunchServices observer: Will install (
    "<LSApplicationProxy: 0x105e54c00> com.DefaultCompany.NeonDrift file:///Users/dragonkao/Library/Developer/CoreSimulator/Devices/CC47DE7A-8196-4465-A5A5-BB852C9C6C82/data/Containers/Bundle/Application/7006C881-035A-4050-991F-3B5FF14ADCC8/NeonDrift.app/ <com.DefaultCompany.NeonDrift <installed >:0>"
)
2026-06-26 23:00:31.518 Df usernotificationsd[84579:8d139b] [com.apple.launchservices:appinstallation] LaunchServices observer: Will install (
    "<LSApplicationProxy: 0x1019b4600> com.DefaultCompany.NeonDrift file:///Users/dragonkao/Library/Developer/CoreSimulator/Devices/CC47DE7A-8196-4465-A5A5-BB852C9C6C82/data/Containers/Bundle/Application/7006C881-035A-4050-991F-3B5FF14ADCC8/NeonDrift.app/ <com.DefaultCompany.NeonDrift <installed >:0>"
)
2026-06-26 23:00:31.518 Df sleepd[84544:8d139c] [com.apple.launchservices:appinstallation] LaunchServices observer: Will install (
    "<LSApplicationProxy: 0x10626c180> com.DefaultCompany.NeonDrift file:///Users/dragonkao/Library/Developer/CoreSimulator/Devices/CC47DE7A-8196-4465-A5A5-BB852C9C6C82/data/Containers/Bundle/Application/7006C881-035A-4050-991F-3B5FF14ADCC8/NeonDrift.app/ <com.DefaultCompany.NeonDrift <installed >:0>"
)
2026-06-26 23:00:31.518 Df installd[84713:8c69bb] (MobileSystemServices) 0x16d4f3000 -[MIClientConnection _doInstallationForURL:identity:domain:options:operationType:completion:]: Install of "/Users/dragonkao/Library/Developer/CoreSimulator/Devices/CC47DE7A-8196-4465-A5A5-BB852C9C6C82/data/Containers/Shared/SystemGroup/systemgroup.com.apple.installcoordinationd/Library/InstallCoordination/PromiseStaging/B9351916-24A5-4DF4-8D23-E69EB68B6701/NeonDrift.app" type Developer (LSInstallType = 0, Domain: MIInstallationDomainDefault) requested by installcoordinationd (pid 84701 (501/20))
2026-06-26 23:00:31.522 Df CoreSimulatorBridge[84547:8d133d] [com.apple.installcoordination:framework] -[IXAppInstallCoordinator _clientDelegate_didUpdateProgress:forPhase:overallProgress:]: <IXUpdatingAppInstallCoordinator<0x105491840> identity:[com.DefaultCompany.NeonDrift/Invalid/[system-defined]] uuid:F51BF3F0-1BE0-4693-BE15-2023022EF4D8 creator:InstallCoordination Simple SPI>: Got did update progress delegate with percentComplete 5.000000 phase IXCoordinatorProgressPhaseInstalling overallProgress 62.000000
2026-06-26 23:00:31.522 Df CoreSimulatorBridge[84547:8d133d] [com.apple.installcoordination:framework] -[IXAppInstallCoordinator _clientDelegate_didUpdateProgress:forPhase:overallProgress:]: <IXUpdatingAppInstallCoordinator<0x105491840> identity:[com.DefaultCompany.NeonDrift/Invalid/[system-defined]] uuid:F51BF3F0-1BE0-4693-BE15-2023022EF4D8 creator:InstallCoordination Simple SPI>: Got did update progress delegate with percentComplete 15.000000 phase IXCoordinatorProgressPhaseInstalling overallProgress 66.000000
2026-06-26 23:00:31.522 Df CoreSimulatorBridge[84547:8d133f] [com.apple.installcoordination:framework] -[IXAppInstallCoordinator _clientDelegate_didUpdateProgress:forPhase:overallProgress:]_block_invoke: <IXUpdatingAppInstallCoordinator<0x105491840> identity:[com.DefaultCompany.NeonDrift/Invalid/[system-defined]] uuid:F51BF3F0-1BE0-4693-BE15-2023022EF4D8 creator:InstallCoordination Simple SPI>: Calling selector coordinator:didUpdateProgress:forPhase:overallProgress: on observer <_IXSimpleInstallerDelegate 0x0x10545bed0>
2026-06-26 23:00:31.522 Df CoreSimulatorBridge[84547:8d133d] [com.apple.installcoordination:framework] -[IXAppInstallCoordinator _clientDelegate_didUpdateProgress:forPhase:overallProgress:]: <IXUpdatingAppInstallCoordinator<0x105491840> identity:[com.DefaultCompany.NeonDrift/Invalid/[system-defined]] uuid:F51BF3F0-1BE0-4693-BE15-2023022EF4D8 creator:InstallCoordination Simple SPI>: Got did update progress delegate with percentComplete 20.000000 phase IXCoordinatorProgressPhaseInstalling overallProgress 68.000000
2026-06-26 23:00:31.522 Df CoreSimulatorBridge[84547:8d133f] [com.apple.installcoordination:framework] -[IXAppInstallCoordinator _clientDelegate_didUpdateProgress:forPhase:overallProgress:]_block_invoke: <IXUpdatingAppInstallCoordinator<0x105491840> identity:[com.DefaultCompany.NeonDrift/Invalid/[system-defined]] uuid:F51BF3F0-1BE0-4693-BE15-2023022EF4D8 creator:InstallCoordination Simple SPI>: Calling selector coordinator:didUpdateProgress:forPhase:overallProgress: on observer <_IXSimpleInstallerDelegate 0x0x10545bed0>
2026-06-26 23:00:31.522 Df CoreSimulatorBridge[84547:8d133f] [com.apple.installcoordination:framework] -[IXAppInstallCoordinator _clientDelegate_didUpdateProgress:forPhase:overallProgress:]_block_invoke: <IXUpdatingAppInstallCoordinator<0x105491840> identity:[com.DefaultCompany.NeonDrift/Invalid/[system-defined]] uuid:F51BF3F0-1BE0-4693-BE15-2023022EF4D8 creator:InstallCoordination Simple SPI>: Calling selector coordinator:didUpdateProgress:forPhase:overallProgress: on observer <_IXSimpleInstallerDelegate 0x0x10545bed0>
2026-06-26 23:00:31.524 Df installd[84713:8c69bb] [com.apple.containermanager:xpc] Query; euid = 501, uid = 501, class = 1, identifier = [com.DefaultCompany.NeonDrift](1), flags = 300000002
2026-06-26 23:00:31.525 Df installd[84713:8c69bb] [com.apple.containermanager:xpc] Query; euid = 501, uid = 501, class = 1, identifier = [com.DefaultCompany.NeonDrift](1), flags = 300000002
2026-06-26 23:00:31.526 Df appprotectiond[84535:8c8431] [com.apple.appprotection:server] Received distnoted event <dictionary: 0x105d00000> { count = 3, transaction: 0, voucher = 0x105d45040, contents =
	"UserInfo" => <dictionary: 0x105c31140> { count = 2, transaction: 0, voucher = 0x0, contents =
		"isPlaceholder" => <bool: 0x1e704c530>: true
		"bundleIDs" => <array: 0x105c362e0> { count = 1, capacity = 1, contents =
			0: <string: 0x105c366d0> { string cache = 0x0, length = 28, contents = "com.DefaultCompany.NeonDrift" }
		}
	}
	"Name" => <string: 0x105c36490> { string cache = 0x0, length = 46, contents = "com.apple.LaunchServices.applicationRegistered" }
	"XPCEventName" => <string: 0x105c34e40> { string cache = 0x0, length = 21, contents = "ApplicationRegistered" }
}
2026-06-26 23:00:31.527 Df appprotectiond[84535:8c8431] [com.apple.appprotection:server] received note: name = com.apple.LaunchServices.applicationRegistered, object = Optional(AppProtection.DistnotedXPCEventStreamTranslator), userInfo = Optional([AnyHashable("bundleIDs"): <__NSSingleObjectArrayI 0x105dfc110>(
com.DefaultCompany.NeonDrift
)
, AnyHashable("isPlaceholder"): 1])
2026-06-26 23:00:31.527 Df appprotectiond[84535:8c8431] [com.apple.appprotection:server] Received distnoted event <dictionary: 0x105d00000> { count = 3, transaction: 0, voucher = 0x105d45040, contents =
	"UserInfo" => <dictionary: 0x105c31140> { count = 2, transaction: 0, voucher = 0x0, contents =
		"isPlaceholder" => <bool: 0x1e704c530>: true
		"bundleIDs" => <array: 0x105c362e0> { count = 1, capacity = 1, contents =
			0: <string: 0x105c366d0> { string cache = 0x0, length = 28, contents = "com.DefaultCompany.NeonDrift" }
		}
	}
	"Name" => <string: 0x105c36490> { string cache = 0x0, length = 46, contents = "com.apple.LaunchServices.applicationRegistered" }
	"XPCEventName" => <string: 0x105c34e40> { string cache = 0x0, length = 21, contents = "ApplicationRegistered" }
}
2026-06-26 23:00:31.527 Df appprotectiond[84535:8c8431] [com.apple.appprotection:server] received note: name = com.apple.LaunchServices.applicationRegistered, object = Optional(AppProtection.DistnotedXPCEventStreamTranslator), userInfo = Optional([AnyHashable("bundleIDs"): <__NSSingleObjectArrayI 0x105dfc110>(
com.DefaultCompany.NeonDrift
)
, AnyHashable("isPlaceholder"): 1])
2026-06-26 23:00:31.527 Df appprotectiond[84535:8c8431] [com.apple.appprotection:server] processing settings authority event: SettingsAuthorityEvent.promotePreferenceFromProvisionalForApplication(com.DefaultCompany.NeonDrift)
2026-06-26 23:00:31.527 Df installd[84713:8c69bb] [com.apple.containermanager:xpc] Query; euid = 501, uid = 501, class = 1, identifier = [com.DefaultCompany.NeonDrift](1), flags = 300000002
2026-06-26 23:00:31.527 Df installcoordinationd[84701:8d133e] [com.apple.installcoordination:daemon] -[IXSCoordinatorProgress setTotalUnitsCompleted:]: Progress for coordinator: [com.DefaultCompany.NeonDrift/Invalid/[system-defined]], Phase: IXCoordinatorProgressPhaseInstalling, Percentage: 20.000000: Attempt to set units completed on finished progress: 20
2026-06-26 23:00:31.528 Df installd[84713:8c69bb] [com.apple.containermanager:xpc] Query; euid = 501, uid = 501, class = 1, identifier = [com.DefaultCompany.NeonDrift](1), flags = 300000002
2026-06-26 23:00:31.530 Df installd[84713:8c69bb] (MobileSystemServices) 0x16d4f3000 -[MIInstaller _installInstallable:containingSymlink:error:]: Installing <MIInstallableBundle ID=com.DefaultCompany.NeonDrift; Persona=com.apple.containermanager.primary-persona, Version=0, ShortVersion=1.0>
2026-06-26 23:00:31.530 Df installd[84713:8c69bb] [com.apple.appinstallation:TransactionLog] com.DefaultCompany.NeonDrift/com.apple.containermanager.primary-persona:7:1:1:1:Start : Install (Patch Update)
2026-06-26 23:00:31.530 Df installd[84713:8c69bb] (MobileSystemServices) 0x16d4f3000 -[MIInstallable applyPatchWithError:]: Attempting Delta patch update of com.DefaultCompany.NeonDrift from 0 (1.0) to 0 (1.0)
2026-06-26 23:00:31.530 Df CoreSimulatorBridge[84547:8d133d] [com.apple.installcoordination:framework] -[IXAppInstallCoordinator _clientDelegate_didUpdateProgress:forPhase:overallProgress:]: <IXUpdatingAppInstallCoordinator<0x105491840> identity:[com.DefaultCompany.NeonDrift/Invalid/[system-defined]] uuid:F51BF3F0-1BE0-4693-BE15-2023022EF4D8 creator:InstallCoordination Simple SPI>: Got did update progress delegate with percentComplete 30.000000 phase IXCoordinatorProgressPhaseInstalling overallProgress 72.000000
2026-06-26 23:00:31.530 Df CoreSimulatorBridge[84547:8d133d] [com.apple.installcoordination:framework] -[IXAppInstallCoordinator _clientDelegate_didUpdateProgress:forPhase:overallProgress:]: <IXUpdatingAppInstallCoordinator<0x105491840> identity:[com.DefaultCompany.NeonDrift/Invalid/[system-defined]] uuid:F51BF3F0-1BE0-4693-BE15-2023022EF4D8 creator:InstallCoordination Simple SPI>: Got did update progress delegate with percentComplete 35.000000 phase IXCoordinatorProgressPhaseInstalling overallProgress 74.000000
2026-06-26 23:00:31.530 Df CoreSimulatorBridge[84547:8d133f] [com.apple.installcoordination:framework] -[IXAppInstallCoordinator _clientDelegate_didUpdateProgress:forPhase:overallProgress:]_block_invoke: <IXUpdatingAppInstallCoordinator<0x105491840> identity:[com.DefaultCompany.NeonDrift/Invalid/[system-defined]] uuid:F51BF3F0-1BE0-4693-BE15-2023022EF4D8 creator:InstallCoordination Simple SPI>: Calling selector coordinator:didUpdateProgress:forPhase:overallProgress: on observer <_IXSimpleInstallerDelegate 0x0x10545bed0>
2026-06-26 23:00:31.530 Df CoreSimulatorBridge[84547:8d133f] [com.apple.installcoordination:framework] -[IXAppInstallCoordinator _clientDelegate_didUpdateProgress:forPhase:overallProgress:]_block_invoke: <IXUpdatingAppInstallCoordinator<0x105491840> identity:[com.DefaultCompany.NeonDrift/Invalid/[system-defined]] uuid:F51BF3F0-1BE0-4693-BE15-2023022EF4D8 creator:InstallCoordination Simple SPI>: Calling selector coordinator:didUpdateProgress:forPhase:overallProgress: on observer <_IXSimpleInstallerDelegate 0x0x10545bed0>
2026-06-26 23:00:31.532 Df appprotectiond[84535:8c8431] [com.apple.appprotection:server] processing settings authority event: SettingsAuthorityEvent.promotePreferenceFromProvisionalForApplication(com.DefaultCompany.NeonDrift)
2026-06-26 23:00:31.533 Df siriactionsd[84580:8c74ec] [com.apple.shortcuts:Daemon] Dispatching XPC event: <distributed notification: com.apple.LaunchServices.applicationRegistered, userInfo: [AnyHashable("bundleIDs"): <__NSSingleObjectArrayI 0x103614c40>(
com.DefaultCompany.NeonDrift
)
, AnyHashable("isPlaceholder"): 1]>
2026-06-26 23:00:31.533 Df siriactionsd[84580:8c74ec] [com.apple.shortcuts:XPCEvent] Dispatching XPC event: <distributed notification: com.apple.LaunchServices.applicationRegistered, userInfo: [AnyHashable("bundleIDs"): <__NSSingleObjectArrayI 0x103614c40>(
com.DefaultCompany.NeonDrift
)
, AnyHashable("isPlaceholder"): 1]>
2026-06-26 23:00:31.533 Df siriactionsd[84580:8c74ec] [com.apple.shortcuts:Daemon] Firing event: <distributed notification: com.apple.LaunchServices.applicationRegistered, userInfo: [AnyHashable("bundleIDs"): <__NSSingleObjectArrayI 0x103614c40>(
com.DefaultCompany.NeonDrift
)
, AnyHashable("isPlaceholder"): 1]>
2026-06-26 23:00:31.533 E  siriactionsd[84580:8c74ec] [com.apple.shortcuts:Daemon] Received an event that we do not have a DaemonTask for: <distributed notification: com.apple.LaunchServices.applicationRegistered, userInfo: [AnyHashable("bundleIDs"): <__NSSingleObjectArrayI 0x103614c40>(
com.DefaultCompany.NeonDrift
)
, AnyHashable("isPlaceholder"): 1]>. This is a serious programming error that might lead to missed messages and stuck streams.
2026-06-26 23:00:31.533 Df siriactionsd[84580:8c74ec] [com.apple.shortcuts:Daemon] Dispatching XPC event: <distributed notification: com.apple.LaunchServices.applicationRegistered, userInfo: [AnyHashable("bundleIDs"): <__NSSingleObjectArrayI 0x103614c40>(
com.DefaultCompany.NeonDrift
)
, AnyHashable("isPlaceholder"): 1]>
2026-06-26 23:00:31.533 Df siriactionsd[84580:8c74ec] [com.apple.shortcuts:XPCEvent] Dispatching XPC event: <distributed notification: com.apple.LaunchServices.applicationRegistered, userInfo: [AnyHashable("bundleIDs"): <__NSSingleObjectArrayI 0x103614c40>(
com.DefaultCompany.NeonDrift
)
, AnyHashable("isPlaceholder"): 1]>
2026-06-26 23:00:31.533 Df siriactionsd[84580:8c74ec] [com.apple.shortcuts:Daemon] Firing event: <distributed notification: com.apple.LaunchServices.applicationRegistered, userInfo: [AnyHashable("bundleIDs"): <__NSSingleObjectArrayI 0x103614c40>(
com.DefaultCompany.NeonDrift
)
, AnyHashable("isPlaceholder"): 1]>
2026-06-26 23:00:31.533 E  siriactionsd[84580:8c74ec] [com.apple.shortcuts:Daemon] Received an event that we do not have a DaemonTask for: <distributed notification: com.apple.LaunchServices.applicationRegistered, userInfo: [AnyHashable("bundleIDs"): <__NSSingleObjectArrayI 0x103614c40>(
com.DefaultCompany.NeonDrift
)
, AnyHashable("isPlaceholder"): 1]>. This is a serious programming error that might lead to missed messages and stuck streams.
2026-06-26 23:00:31.537 Df installd[84713:8c69bb] [com.apple.containermanager:query] Query; euid = 501, uid = 501, class = 4, identifier = [com.DefaultCompany.NeonDrift](1), flags = 300000002
2026-06-26 23:00:31.537 Df CoreSimulatorBridge[84547:8d133d] [com.apple.installcoordination:framework] -[IXAppInstallCoordinator _clientDelegate_didUpdateProgress:forPhase:overallProgress:]: <IXUpdatingAppInstallCoordinator<0x105491840> identity:[com.DefaultCompany.NeonDrift/Invalid/[system-defined]] uuid:F51BF3F0-1BE0-4693-BE15-2023022EF4D8 creator:InstallCoordination Simple SPI>: Got did update progress delegate with percentComplete 40.000000 phase IXCoordinatorProgressPhaseInstalling overallProgress 76.000000
2026-06-26 23:00:31.537 Df CoreSimulatorBridge[84547:8d133d] [com.apple.installcoordination:framework] -[IXAppInstallCoordinator _clientDelegate_didUpdateProgress:forPhase:overallProgress:]_block_invoke: <IXUpdatingAppInstallCoordinator<0x105491840> identity:[com.DefaultCompany.NeonDrift/Invalid/[system-defined]] uuid:F51BF3F0-1BE0-4693-BE15-2023022EF4D8 creator:InstallCoordination Simple SPI>: Calling selector coordinator:didUpdateProgress:forPhase:overallProgress: on observer <_IXSimpleInstallerDelegate 0x0x10545bed0>
2026-06-26 23:00:31.537 Df installd[84713:8c69bb] [com.apple.containermanager:query] Query; euid = 501, uid = 501, class = 4, identifier = [com.DefaultCompany.NeonDrift](1), flags = 300000002
2026-06-26 23:00:31.537 Df installd[84713:8c69bb] [com.apple.containermanager:xpc] Query; euid = 501, uid = 501, class = 1, identifier = [com.DefaultCompany.NeonDrift](1), flags = 300000003
2026-06-26 23:00:31.538 Df CoreSimulatorBridge[84547:8d133f] [com.apple.installcoordination:framework] -[IXAppInstallCoordinator _clientDelegate_didUpdateProgress:forPhase:overallProgress:]: <IXUpdatingAppInstallCoordinator<0x105491840> identity:[com.DefaultCompany.NeonDrift/Invalid/[system-defined]] uuid:F51BF3F0-1BE0-4693-BE15-2023022EF4D8 creator:InstallCoordination Simple SPI>: Got did update progress delegate with percentComplete 50.000000 phase IXCoordinatorProgressPhaseInstalling overallProgress 80.000000
2026-06-26 23:00:31.538 Df CoreSimulatorBridge[84547:8d133f] [com.apple.installcoordination:framework] -[IXAppInstallCoordinator _clientDelegate_didUpdateProgress:forPhase:overallProgress:]_block_invoke: <IXUpdatingAppInstallCoordinator<0x105491840> identity:[com.DefaultCompany.NeonDrift/Invalid/[system-defined]] uuid:F51BF3F0-1BE0-4693-BE15-2023022EF4D8 creator:InstallCoordination Simple SPI>: Calling selector coordinator:didUpdateProgress:forPhase:overallProgress: on observer <_IXSimpleInstallerDelegate 0x0x10545bed0>
2026-06-26 23:00:31.538 E  containermanagerd_system[84560:8c6086] [com.apple.containermanager:schema] [com.DefaultCompany.NeonDrift(1)] Current schema version (1) is newer than the latest (0), ignoring.
2026-06-26 23:00:31.538 Df containermanagerd_system[84560:8c6086] [com.apple.containermanager:schema] [u F149C080-8934-4FDA-A39E-EEC4950C82E0:p 82098AB4-3A70-46D9-83C4-CBAA0E485D34:c com.DefaultCompany.NeonDrift(1):i31503440] Successfully updated schema from (0) → (0), actions count = 0
2026-06-26 23:00:31.539 Df installd[84713:8c69bb] [com.apple.containermanager:xpc] Query; euid = 501, uid = 501, class = 1, identifier = [com.DefaultCompany.NeonDrift](1), flags = 300000002
2026-06-26 23:00:31.539 Df CoreSimulatorBridge[84547:8d133d] [com.apple.installcoordination:framework] -[IXAppInstallCoordinator _clientDelegate_didUpdateProgress:forPhase:overallProgress:]: <IXUpdatingAppInstallCoordinator<0x105491840> identity:[com.DefaultCompany.NeonDrift/Invalid/[system-defined]] uuid:F51BF3F0-1BE0-4693-BE15-2023022EF4D8 creator:InstallCoordination Simple SPI>: Got did update progress delegate with percentComplete 60.000000 phase IXCoordinatorProgressPhaseInstalling overallProgress 84.000000
2026-06-26 23:00:31.539 Df CoreSimulatorBridge[84547:8d133d] [com.apple.installcoordination:framework] -[IXAppInstallCoordinator _clientDelegate_didUpdateProgress:forPhase:overallProgress:]_block_invoke: <IXUpdatingAppInstallCoordinator<0x105491840> identity:[com.DefaultCompany.NeonDrift/Invalid/[system-defined]] uuid:F51BF3F0-1BE0-4693-BE15-2023022EF4D8 creator:InstallCoordination Simple SPI>: Calling selector coordinator:didUpdateProgress:forPhase:overallProgress: on observer <_IXSimpleInstallerDelegate 0x0x10545bed0>
2026-06-26 23:00:31.541 Df installd[84713:8c69bb] [com.apple.containermanager:query] Query; euid = 501, uid = 501, class = 2, identifier = [com.DefaultCompany.NeonDrift](1), flags = 300000003
2026-06-26 23:00:31.541 Df CoreSimulatorBridge[84547:8d133f] [com.apple.installcoordination:framework] -[IXAppInstallCoordinator _clientDelegate_didUpdateProgress:forPhase:overallProgress:]: <IXUpdatingAppInstallCoordinator<0x105491840> identity:[com.DefaultCompany.NeonDrift/Invalid/[system-defined]] uuid:F51BF3F0-1BE0-4693-BE15-2023022EF4D8 creator:InstallCoordination Simple SPI>: Got did update progress delegate with percentComplete 70.000000 phase IXCoordinatorProgressPhaseInstalling overallProgress 88.000000
2026-06-26 23:00:31.541 Df CoreSimulatorBridge[84547:8d133f] [com.apple.installcoordination:framework] -[IXAppInstallCoordinator _clientDelegate_didUpdateProgress:forPhase:overallProgress:]_block_invoke: <IXUpdatingAppInstallCoordinator<0x105491840> identity:[com.DefaultCompany.NeonDrift/Invalid/[system-defined]] uuid:F51BF3F0-1BE0-4693-BE15-2023022EF4D8 creator:InstallCoordination Simple SPI>: Calling selector coordinator:didUpdateProgress:forPhase:overallProgress: on observer <_IXSimpleInstallerDelegate 0x0x10545bed0>
2026-06-26 23:00:31.541 Df installd[84713:8c69bb] [com.apple.containermanager:query] Query; euid = 501, uid = 501, class = 2, identifier = [com.DefaultCompany.NeonDrift](1), flags = 300000002
2026-06-26 23:00:31.549 Df CoreSimulatorBridge[84547:8d133d] [com.apple.installcoordination:framework] -[IXAppInstallCoordinator _clientDelegate_didUpdateProgress:forPhase:overallProgress:]: <IXUpdatingAppInstallCoordinator<0x105491840> identity:[com.DefaultCompany.NeonDrift/Invalid/[system-defined]] uuid:F51BF3F0-1BE0-4693-BE15-2023022EF4D8 creator:InstallCoordination Simple SPI>: Got did update progress delegate with percentComplete 80.000000 phase IXCoordinatorProgressPhaseInstalling overallProgress 92.000000
2026-06-26 23:00:31.549 Df CoreSimulatorBridge[84547:8d133d] [com.apple.installcoordination:framework] -[IXAppInstallCoordinator _clientDelegate_didUpdateProgress:forPhase:overallProgress:]_block_invoke: <IXUpdatingAppInstallCoordinator<0x105491840> identity:[com.DefaultCompany.NeonDrift/Invalid/[system-defined]] uuid:F51BF3F0-1BE0-4693-BE15-2023022EF4D8 creator:InstallCoordination Simple SPI>: Calling selector coordinator:didUpdateProgress:forPhase:overallProgress: on observer <_IXSimpleInstallerDelegate 0x0x10545bed0>
2026-06-26 23:00:31.550 Df installd[84713:8c69bb] (MobileSystemServices) 0x16d4f3000 -[MIInstallationJournalEntry _refreshUUIDForContainer:withError:]: Data container for com.DefaultCompany.NeonDrift is now at /Users/dragonkao/Library/Developer/CoreSimulator/Devices/CC47DE7A-8196-4465-A5A5-BB852C9C6C82/data/Containers/Data/Application/5CCCA61F-8C27-4F4A-AE4B-67F4CB531C60
2026-06-26 23:00:31.550 Df containermanagerd[84574:8c612d] [com.apple.containermanager:schema] [u 815BD00E-79CD-4463-AD29-B14C41CCA58C:p 5CCCA61F-8C27-4F4A-AE4B-67F4CB531C60:c com.DefaultCompany.NeonDrift(2):i0] Successfully updated schema from (0) → (1), actions count = 6
2026-06-26 23:00:31.550 Df installd[84713:8c69bb] [com.apple.containermanager:unspecified] Replace; old = [app:com.DefaultCompany.NeonDrift:501::(222C1F61-72A6-4015-BF3A-1BE2A62C9E44)], new = [temp-app:com.DefaultCompany.NeonDrift:501::(F149C080-8934-4FDA-A39E-EEC4950C82E0)]
2026-06-26 23:00:31.553 Df installd[84713:8c69bb] [com.apple.containermanager:xpc] Query; euid = 501, uid = 501, class = 1, identifier = [com.DefaultCompany.NeonDrift](1), flags = 300000002
2026-06-26 23:00:31.554 Df installd[84713:8c69bb] (MobileSystemServices) 0x16d4f3000 -[MIContainer makeContainerLiveReplacingContainer:reason:waitForDeletion:withError:]: Made container live for com.DefaultCompany.NeonDrift at /Users/dragonkao/Library/Developer/CoreSimulator/Devices/CC47DE7A-8196-4465-A5A5-BB852C9C6C82/data/Containers/Bundle/Application/B1A4315B-309B-4E71-A83E-1F9781B07117
2026-06-26 23:00:31.554 Df installd[84713:8c69bb] [com.apple.containermanager:xpc] Query; euid = 501, uid = 501, class = 1, identifier = [com.DefaultCompany.NeonDrift](1), flags = 300000002
2026-06-26 23:00:31.555 Df CoreSimulatorBridge[84547:8d133f] [com.apple.installcoordination:framework] -[IXAppInstallCoordinator _clientDelegate_didUpdateProgress:forPhase:overallProgress:]: <IXUpdatingAppInstallCoordinator<0x105491840> identity:[com.DefaultCompany.NeonDrift/Invalid/[system-defined]] uuid:F51BF3F0-1BE0-4693-BE15-2023022EF4D8 creator:InstallCoordination Simple SPI>: Got did update progress delegate with percentComplete 90.000000 phase IXCoordinatorProgressPhaseInstalling overallProgress 96.000000
2026-06-26 23:00:31.555 Df CoreSimulatorBridge[84547:8d133f] [com.apple.installcoordination:framework] -[IXAppInstallCoordinator _clientDelegate_didUpdateProgress:forPhase:overallProgress:]_block_invoke: <IXUpdatingAppInstallCoordinator<0x105491840> identity:[com.DefaultCompany.NeonDrift/Invalid/[system-defined]] uuid:F51BF3F0-1BE0-4693-BE15-2023022EF4D8 creator:InstallCoordination Simple SPI>: Calling selector coordinator:didUpdateProgress:forPhase:overallProgress: on observer <_IXSimpleInstallerDelegate 0x0x10545bed0>
2026-06-26 23:00:31.556 Df installd[84713:8c69bb] [com.apple.containermanager:unspecified] Requesting disk usage; class = 1, identifier = com.DefaultCompany.NeonDrift
2026-06-26 23:00:31.558 Df installd[84713:8c69bb] [com.apple.containermanager:query] Query; euid = 501, uid = 501, class = 7, identifier = [com.DefaultCompany.NeonDrift](1), flags = 300000001
2026-06-26 23:00:31.558 Df SpringBoard[84672:8c6573] [com.apple.SpringBoard:Common] termination assertion released for com.DefaultCompany.NeonDrift
2026-06-26 23:00:31.560 Df installd[84713:8c69bb] (MobileSystemServices) 0x16d4f3000 -[MILaunchServicesOperationManager _onQueue_addPendingLaunchServicesOperation:error:]: Added pending LS operation <MILaunchServicesRegisterOperation: D8B0EA8D-F10F-406C-A1B4-8CDE84D352A0:4 com.DefaultCompany.NeonDrift/MIInstallationDomainSystemShared personas:[com.apple.containermanager.primary-persona]>
2026-06-26 23:00:31.561 Df lsd[84564:8d1395] [com.apple.launchservices:appinstallation] Post installation registration: request to register com.DefaultCompany.NeonDrift, operation D8B0EA8D-F10F-406C-A1B4-8CDE84D352A0, from pid 84713
2026-06-26 23:00:31.561 Df lsd[84564:8d1395] [com.apple.appinstallation:TransactionLog] com.DefaultCompany.NeonDrift/Unknown Persona:5:4:1:1:Registering bundles via registrant - start
2026-06-26 23:00:31.563 Df lsd[84564:8d1395] [com.apple.appinstallation:TransactionLog] com.DefaultCompany.NeonDrift/Unknown Persona:5:5:1:1:Building bundle record for app
2026-06-26 23:00:31.563 Df lsd[84564:8d1395] [com.apple.launchservices:appinstallation] Removed existing registered placeholder for com.DefaultCompany.NeonDrift
2026-06-26 23:00:31.563 Df lsd[84564:8d1395] [com.apple.launchservices:appinstallation] Removed existing registered bundle for com.DefaultCompany.NeonDrift
2026-06-26 23:00:31.563 Df lsd[84564:8d1395] [com.apple.appinstallation:TransactionLog] com.DefaultCompany.NeonDrift/Unknown Persona:5:5:2:1:Built bundle record for app
2026-06-26 23:00:31.564 Df lsd[84564:8d1395] [com.apple.launchservices:icons] clearAlternateNameForBundleIdentifier: won't clear for com.DefaultCompany.NeonDrift
2026-06-26 23:00:31.564 Df lsd[84564:8d1395] [com.apple.appinstallation:TransactionLog] com.DefaultCompany.NeonDrift/Unknown Persona:5:4:2:1:Registered bundle status = success
2026-06-26 23:00:31.564 Df lsd[84564:8d1395] [com.apple.appinstallation:TransactionLog] com.DefaultCompany.NeonDrift/Unknown Persona:5:4:2:1:Finished registering com.DefaultCompany.NeonDrift, bundle unit 4ac
2026-06-26 23:00:31.564 Df lsd[84564:8d137b] [com.apple.launchservices:progress] Installation ended for com.DefaultCompany.NeonDrift with state 5
2026-06-26 23:00:31.564 Df lsd[84564:8d137b] [com.apple.launchservices:progress] Discarding proportions for com.DefaultCompany.NeonDrift
2026-06-26 23:00:31.564 Df SpringBoard[84672:8c6573] [com.apple.launchservices:progress] Unpublishing progress block called for app com.DefaultCompany.NeonDrift
2026-06-26 23:00:31.564 Df lsd[84564:8d1396] [com.apple.launchservices:progress] Sending applicationsDidInstall: for (
    "<LSApplicationProxy: 0x105728000> com.DefaultCompany.NeonDrift file:///Users/dragonkao/Library/Developer/CoreSimulator/Devices/CC47DE7A-8196-4465-A5A5-BB852C9C6C82/data/Containers/Bundle/Application/B1A4315B-309B-4E71-A83E-1F9781B07117/NeonDrift.app/ <com.DefaultCompany.NeonDrift <installed >:0>"
)
2026-06-26 23:00:31.564 Df SpringBoard[84672:8d13a2] [com.apple.launchservices:progress] #LSInstallProgressList remove subscriber: <_NSProgressSubscriber: 0x10a2eaf10> publishingString: com.DefaultCompany.NeonDrift
2026-06-26 23:00:31.564 Df liveactivitiesd[84572:8c6140] [com.apple.launchservices:progress] Unpublishing progress block called for app com.DefaultCompany.NeonDrift
2026-06-26 23:00:31.564 Df installd[84713:8c69bb] (MobileSystemServices) 0x16d4f3000 -[MIJournal purgeJournalEntry:withError:]: Removing journal entry <MIInstallationJournalEntry<0x103ce8b40> [com.DefaultCompany.NeonDrift/com.apple.containermanager.primary-persona/[system-defined]]/MIInstallationDomainSystemShared op:1 phase:JournalPhaseDidRegisterWithLS version:0>
2026-06-26 23:00:31.564 Df liveactivitiesd[84572:8d13a6] [com.apple.launchservices:progress] #LSInstallProgressList remove subscriber: <_NSProgressSubscriber: 0x101fdd530> publishingString: com.DefaultCompany.NeonDrift
2026-06-26 23:00:31.564 Df installd[84713:8c69bb] [com.apple.appinstallation:TransactionLog] com.DefaultCompany.NeonDrift/com.apple.containermanager.primary-persona:7:1:2:1:Success (End) : Install (Patch Update)
2026-06-26 23:00:31.565 Df installd[84713:8c69bb] (MobileSystemServices) 0x16d4f3000 -[MIInstaller _logOperationCompletionWithStartTime:distributorID:]: Install successful for (Developer:com.DefaultCompany.NeonDrift) [Distributor: (null)]; Staging: 0.00s; Waiting: 0.00s; Preflight/Patch: 0.01s, Verifying: 0.00s; Overall: 0.05s
2026-06-26 23:00:31.565 Df dasd[84543:8d136f] [com.apple.launchservices:appinstallation] Received applicationsDidInstall:(
    "<LSApplicationProxy: 0x101f64840> com.DefaultCompany.NeonDrift file:///Users/dragonkao/Library/Developer/CoreSimulator/Devices/CC47DE7A-8196-4465-A5A5-BB852C9C6C82/data/Containers/Bundle/Application/B1A4315B-309B-4E71-A83E-1F9781B07117/NeonDrift.app/ <com.DefaultCompany.NeonDrift <installed >:0>"
)
2026-06-26 23:00:31.565 Df gamed[84657:8c64f9] [com.apple.launchservices:appinstallation] Received applicationsDidInstall:(
    "<LSApplicationProxy: 0x103bc0180> com.DefaultCompany.NeonDrift file:///Users/dragonkao/Library/Developer/CoreSimulator/Devices/CC47DE7A-8196-4465-A5A5-BB852C9C6C82/data/Containers/Bundle/Application/B1A4315B-309B-4E71-A83E-1F9781B07117/NeonDrift.app/ <com.DefaultCompany.NeonDrift <installed >:0>"
)
2026-06-26 23:00:31.565 Df donotdisturbd[84562:8d137f] [com.apple.launchservices:appinstallation] Received applicationsDidInstall:(
    "<LSApplicationProxy: 0x103ddd5c0> com.DefaultCompany.NeonDrift file:///Users/dragonkao/Library/Developer/CoreSimulator/Devices/CC47DE7A-8196-4465-A5A5-BB852C9C6C82/data/Containers/Bundle/Application/B1A4315B-309B-4E71-A83E-1F9781B07117/NeonDrift.app/ <com.DefaultCompany.NeonDrift <installed >:0>"
)
2026-06-26 23:00:31.565 Df activitysharingd[85405:8c7aea] [com.apple.launchservices:appinstallation] Received applicationsDidInstall:(
    "<LSApplicationProxy: 0x1061c4e40> com.DefaultCompany.NeonDrift file:///Users/dragonkao/Library/Developer/CoreSimulator/Devices/CC47DE7A-8196-4465-A5A5-BB852C9C6C82/data/Containers/Bundle/Application/B1A4315B-309B-4E71-A83E-1F9781B07117/NeonDrift.app/ <com.DefaultCompany.NeonDrift <installed >:0>"
)
2026-06-26 23:00:31.565 Df clipserviced[84917:8d13a5] [com.apple.launchservices:appinstallation] Received applicationsDidInstall:(
    "<LSApplicationProxy: 0x1035a8000> com.DefaultCompany.NeonDrift file:///Users/dragonkao/Library/Developer/CoreSimulator/Devices/CC47DE7A-8196-4465-A5A5-BB852C9C6C82/data/Containers/Bundle/Application/B1A4315B-309B-4E71-A83E-1F9781B07117/NeonDrift.app/ <com.DefaultCompany.NeonDrift <installed >:0>"
)
2026-06-26 23:00:31.565 Df runningboardd[84520:8d13b9] [com.apple.launchservices:appinstallation] Received applicationsDidInstall:(
    "<LSApplicationProxy: 0x1061a4000> com.DefaultCompany.NeonDrift file:///Users/dragonkao/Library/Developer/CoreSimulator/Devices/CC47DE7A-8196-4465-A5A5-BB852C9C6C82/data/Containers/Bundle/Application/B1A4315B-309B-4E71-A83E-1F9781B07117/NeonDrift.app/ <com.DefaultCompany.NeonDrift <installed >:0>"
)
2026-06-26 23:00:31.566 Df webbookmarksd[84614:8c7901] [com.apple.launchservices:appinstallation] Received applicationsDidInstall:(
    "<LSApplicationProxy: 0x101dc0000> com.DefaultCompany.NeonDrift file:///Users/dragonkao/Library/Developer/CoreSimulator/Devices/CC47DE7A-8196-4465-A5A5-BB852C9C6C82/data/Containers/Bundle/Application/B1A4315B-309B-4E71-A83E-1F9781B07117/NeonDrift.app/ <com.DefaultCompany.NeonDrift <installed >:0>"
)
2026-06-26 23:00:31.566 Df deviceaccessd[84594:8d1383] [com.apple.launchservices:appinstallation] Received applicationsDidInstall:(
    "<LSApplicationProxy: 0x106174000> com.DefaultCompany.NeonDrift file:///Users/dragonkao/Library/Developer/CoreSimulator/Devices/CC47DE7A-8196-4465-A5A5-BB852C9C6C82/data/Containers/Bundle/Application/B1A4315B-309B-4E71-A83E-1F9781B07117/NeonDrift.app/ <com.DefaultCompany.NeonDrift <installed >:0>"
)
2026-06-26 23:00:31.566 Df profiled[84593:8d1385] [com.apple.launchservices:appinstallation] Received applicationsDidInstall:(
    "<LSApplicationProxy: 0x105414000> com.DefaultCompany.NeonDrift file:///Users/dragonkao/Library/Developer/CoreSimulator/Devices/CC47DE7A-8196-4465-A5A5-BB852C9C6C82/data/Containers/Bundle/Application/B1A4315B-309B-4E71-A83E-1F9781B07117/NeonDrift.app/ <com.DefaultCompany.NeonDrift <installed >:0>"
)
2026-06-26 23:00:31.566 Df installcoordinationd[84701:8d13bd] [com.apple.installcoordination:daemon] -[IXSPendingOperationsTracker endPendingOperationForIdentity:]_block_invoke: Ending pending operation for [com.DefaultCompany.NeonDrift/Invalid/[system-defined]]
2026-06-26 23:00:31.566 Df dasd[84543:8cf82b] [com.apple.appinstallation:TransactionLog] com.DefaultCompany.NeonDrift/Unknown Persona:5:8:3:1:applicationsDidInstall <LSApplicationProxy: 0x101f64900> com.DefaultCompany.NeonDrift file:///Users/dragonkao/Library/Developer/CoreSimulator/Devices/CC47DE7A-8196-4465-A5A5-BB852C9C6C82/data/Containers/Bundle/Application/B1A4315B-309B-4E71-A83E-1F9781B07117/NeonDrift.app/ <com.DefaultCompany.NeonDrift <installed >:0>
2026-06-26 23:00:31.566 Df callservicesd[84582:8d135b] [com.apple.launchservices:appinstallation] Received applicationsDidInstall:(
    "<LSApplicationProxy: 0x1071b4f00> com.DefaultCompany.NeonDrift file:///Users/dragonkao/Library/Developer/CoreSimulator/Devices/CC47DE7A-8196-4465-A5A5-BB852C9C6C82/data/Containers/Bundle/Application/B1A4315B-309B-4E71-A83E-1F9781B07117/NeonDrift.app/ <com.DefaultCompany.NeonDrift <installed >:0>"
)
2026-06-26 23:00:31.566 Df dmd[84659:8c6498] Received xpc stream event (distributed notification matching) with name: com.apple.LaunchServices.applicationRegistered user info: {
    bundleIDs =     (
        "com.DefaultCompany.NeonDrift"
    );
    isPlaceholder = 1;
}
2026-06-26 23:00:31.566 Df locationd[84541:8ceb27] [com.apple.launchservices:appinstallation] Received applicationsDidInstall:(
    "<LSApplicationProxy: 0x107f686c0> com.DefaultCompany.NeonDrift file:///Users/dragonkao/Library/Developer/CoreSimulator/Devices/CC47DE7A-8196-4465-A5A5-BB852C9C6C82/data/Containers/Bundle/Application/B1A4315B-309B-4E71-A83E-1F9781B07117/NeonDrift.app/ <com.DefaultCompany.NeonDrift <installed >:0>"
)
2026-06-26 23:00:31.566 Df SpringBoard[84672:8d13a2] [com.apple.launchservices:appinstallation] Received applicationsDidInstall:(
    "<LSApplicationProxy: 0x12e4983c0> com.DefaultCompany.NeonDrift file:///Users/dragonkao/Library/Developer/CoreSimulator/Devices/CC47DE7A-8196-4465-A5A5-BB852C9C6C82/data/Containers/Bundle/Application/B1A4315B-309B-4E71-A83E-1F9781B07117/NeonDrift.app/ <com.DefaultCompany.NeonDrift <installed >:0>"
)
2026-06-26 23:00:31.566 Df CoreSimulatorBridge[84547:8d133d] [com.apple.installcoordination:framework] -[IXAppInstallCoordinator _clientDelegate_didUpdateProgress:forPhase:overallProgress:]: <IXUpdatingAppInstallCoordinator<0x105491840> identity:[com.DefaultCompany.NeonDrift/Invalid/[system-defined]] uuid:F51BF3F0-1BE0-4693-BE15-2023022EF4D8 creator:InstallCoordination Simple SPI>: Got did update progress delegate with percentComplete 100.000000 phase IXCoordinatorProgressPhaseInstalling overallProgress 100.000000
2026-06-26 23:00:31.566 Df CoreSimulatorBridge[84547:8d133d] [com.apple.installcoordination:framework] -[IXAppInstallCoordinator _clientDelegate_didUpdateProgress:forPhase:overallProgress:]_block_invoke: <IXUpdatingAppInstallCoordinator<0x105491840> identity:[com.DefaultCompany.NeonDrift/Invalid/[system-defined]] uuid:F51BF3F0-1BE0-4693-BE15-2023022EF4D8 creator:InstallCoordination Simple SPI>: Calling selector coordinator:didUpdateProgress:forPhase:overallProgress: on observer <_IXSimpleInstallerDelegate 0x0x10545bed0>
2026-06-26 23:00:31.566 Df appstored[84695:8d13a8] [com.apple.launchservices:appinstallation] Received applicationsDidInstall:(
    "<LSApplicationProxy: 0x1046dc000> com.DefaultCompany.NeonDrift file:///Users/dragonkao/Library/Developer/CoreSimulator/Devices/CC47DE7A-8196-4465-A5A5-BB852C9C6C82/data/Containers/Bundle/Application/B1A4315B-309B-4E71-A83E-1F9781B07117/NeonDrift.app/ <com.DefaultCompany.NeonDrift <installed >:0>"
)
2026-06-26 23:00:31.566 Df passd[84546:8c795f] [com.apple.launchservices:appinstallation] Received applicationsDidInstall:(
    "<LSApplicationProxy: 0x1060b98c0> com.DefaultCompany.NeonDrift file:///Users/dragonkao/Library/Developer/CoreSimulator/Devices/CC47DE7A-8196-4465-A5A5-BB852C9C6C82/data/Containers/Bundle/Application/B1A4315B-309B-4E71-A83E-1F9781B07117/NeonDrift.app/ <com.DefaultCompany.NeonDrift <installed >:0>"
)
2026-06-26 23:00:31.566 Df liveactivitiesd[84572:8d13a6] [com.apple.launchservices:appinstallation] Received applicationsDidInstall:(
    "<LSApplicationProxy: 0x101e85bc0> com.DefaultCompany.NeonDrift file:///Users/dragonkao/Library/Developer/CoreSimulator/Devices/CC47DE7A-8196-4465-A5A5-BB852C9C6C82/data/Containers/Bundle/Application/B1A4315B-309B-4E71-A83E-1F9781B07117/NeonDrift.app/ <com.DefaultCompany.NeonDrift <installed >:0>"
)
2026-06-26 23:00:31.567 Df gamed[84657:8d1381] [com.apple.appinstallation:TransactionLog] com.DefaultCompany.NeonDrift/Unknown Persona:5:8:3:1:applicationsDidInstall <LSApplicationProxy: 0x103bc0000> com.DefaultCompany.NeonDrift file:///Users/dragonkao/Library/Developer/CoreSimulator/Devices/CC47DE7A-8196-4465-A5A5-BB852C9C6C82/data/Containers/Bundle/Application/B1A4315B-309B-4E71-A83E-1F9781B07117/NeonDrift.app/ <com.DefaultCompany.NeonDrift <installed >:0>
2026-06-26 23:00:31.567 Df donotdisturbd[84562:8d137f] [com.apple.appinstallation:TransactionLog] com.DefaultCompany.NeonDrift/Unknown Persona:5:8:3:1:applicationsDidInstall <LSApplicationProxy: 0x103ddd8c0> com.DefaultCompany.NeonDrift file:///Users/dragonkao/Library/Developer/CoreSimulator/Devices/CC47DE7A-8196-4465-A5A5-BB852C9C6C82/data/Containers/Bundle/Application/B1A4315B-309B-4E71-A83E-1F9781B07117/NeonDrift.app/ <com.DefaultCompany.NeonDrift <installed >:0>
2026-06-26 23:00:31.567 Df routined[84525:8cd8fe] [com.apple.launchservices:appinstallation] Received applicationsDidInstall:(
    "<LSApplicationProxy: 0x109440e40> com.DefaultCompany.NeonDrift file:///Users/dragonkao/Library/Developer/CoreSimulator/Devices/CC47DE7A-8196-4465-A5A5-BB852C9C6C82/data/Containers/Bundle/Application/B1A4315B-309B-4E71-A83E-1F9781B07117/NeonDrift.app/ <com.DefaultCompany.NeonDrift <installed >:0>"
)
2026-06-26 23:00:31.567 Df activityawardsd[84902:8d1386] [com.apple.launchservices:appinstallation] Received applicationsDidInstall:(
    "<LSApplicationProxy: 0x103d44cc0> com.DefaultCompany.NeonDrift file:///Users/dragonkao/Library/Developer/CoreSimulator/Devices/CC47DE7A-8196-4465-A5A5-BB852C9C6C82/data/Containers/Bundle/Application/B1A4315B-309B-4E71-A83E-1F9781B07117/NeonDrift.app/ <com.DefaultCompany.NeonDrift <installed >:0>"
)
2026-06-26 23:00:31.567 Df lsd[84564:8c6073] [com.apple.launchservices:progress] unsubscribing from com.DefaultCompany.NeonDrift.Installing as it was unpublished
2026-06-26 23:00:31.567 Df lsd[84564:8c6073] [com.apple.launchservices:progress] #LSInstallProgressList remove subscriber: <_NSProgressSubscriber: 0x1057172d0> publishingString: com.DefaultCompany.NeonDrift.Installing
