Timestamp               Ty Process[PID:TID]
2026-06-28 17:18:07.491 Df SpringBoard[24827:d87b53] [com.apple.SplashBoard:FileManifest] <XBApplicationSnapshotManifestImpl: 0x107ba3280> [com.DefaultCompany.NeonDrift.run.1782638094.21137] We don't have any snapshots, so we're clearing our manifest data.
2026-06-28 17:19:49.856 Df backboardd[24850:d89555] [com.apple.iohid:default] Connection removed: IOHIDEventSystemConnection uuid:2E424BE3-7A10-4D6D-B939-261BFFF4ED4C pid:25460 process:NeonDrift.run.1782638094.21137 type:Passive entitlements:0x0 caller:BackBoardServices: ___getHIDEventSystemClient_block_invoke + 296 attributes:{
    HighFrequency = 0;
    bundleID = "com.DefaultCompany.NeonDrift.run.1782638094.21137";
    pid = 25460;
} state:0x1 events:0 mask:0x0 dropped:0 dropStatus:0 droppedMask:0x0 lastDroppedTime:NONE
2026-06-28 17:19:49.856 Df backboardd[24850:d89555] [com.apple.BackBoard:HID] Removing client connection <BKHIDClientConnection: 0x10bcc8180; IOHIDEventSystemConnectionRef: 0x10a51f400; vpid: 25460(v44A84C); taskPort: 0x23BC3; bundleID: com.DefaultCompany.NeonDrift.run.1782638094.21137> for client: IOHIDEventSystemConnection uuid:2E424BE3-7A10-4D6D-B939-261BFFF4ED4C pid:25460 process:NeonDrift.run.1782638094.21137 type:Passive entitlements:0x0 caller:BackBoardServices: ___getHIDEventSystemClient_block_invoke + 296 attributes:{
    HighFrequency = 0;
    bundleID = "com.DefaultCompany.NeonDrift.run.1782638094.21137";
    pid = 25460;
} state:0x1 events:0 mask:0x0 dropped:0 dropStatus:0 droppedMask:0x0 lastDroppedTime:NONE source:HID
2026-06-28 17:19:57.397 Df SpringBoard[28855:d89db6] [com.apple.frontboard.ApplicationLibrary:default] Added application: <SBApplicationInfo: 0x106faea00; com.DefaultCompany.NeonDrift.run.1782638094.21137 (NeonDrift.run.1782638094.21137)>
2026-06-28 17:19:57.424 Df SpringBoard[28855:d89db6] [com.apple.appinstallation:TransactionLog] com.DefaultCompany.NeonDrift.run.1782638094.21137/Unknown Persona:10:10:3:1:Application added
2026-06-28 17:19:57.434 Df SpringBoard[28855:d89db6] [com.apple.SpringBoard:Icon] <<SBLeafIcon:0x10cf4a640 [com.DefaultCompany.NeonDrift.run.1782638094.21137]>> Changing active data source: <SBApplicationIcon: 0x10cf4a640; nodeID: com.DefaultCompany.NeonDrift.run.1782638094.21137; bundleID: com.DefaultCompany.NeonDrift.run.1782638094.21137>
2026-06-28 17:19:57.434 Df SpringBoard[28855:d89db6] [com.apple.SpringBoard:Icon] <<SBLeafIcon:0x10cf4a640 [com.DefaultCompany.NeonDrift.run.1782638094.21137]>> Changing from data souce: (null) to data source:com.DefaultCompany.NeonDrift.run.1782638094.21137.
2026-06-28 17:19:57.449 Df SpringBoard[28855:d89db6] [com.apple.SplashBoard:FileManifest] com.DefaultCompany.NeonDrift.run.1782638094.21137 Manifest is empty; purging everything at /Users/dragonkao/Library/Developer/CoreSimulator/Devices/CC47DE7A-8196-4465-A5A5-BB852C9C6C82/data/Containers/Data/Application/71E27FEF-6B42-4CCD-A0AB-0C88BB7DB946/Library/SplashBoard/Snapshots
2026-06-28 17:19:58.192 Df SpringBoard[28855:d89db6] [com.apple.SpringBoard:ProactiveAppLibrary] Initialized app library w/ persisted library category map: <SBHLibraryMutableCategoryMap: 0x1247c2b00; generatedDate: 2026-06-28 09:15:49 +0000; uniqueIdentifier: A206E932-D111-46C5-9CCD-DD1B6818B340; loadedFromDisk: YES; _localizedCategoryNameByCategoryIdentifier: (empty)> categoryIdentifiers = {
    3000;
    3001;
}
sortedApplicationIdentifiersByCategoryIdentifier = {
    <SBHLibraryCategoryIdentifier: 0x1246eb0f0; localizedDisplayName: Other> = {
        com.DefaultCompany.NeonDrift;
        com.DefaultCompany.NeonDrift.run.1782484282.54413;
        com.DefaultCompany.NeonDrift.run.1782484537.59589;
        com.DefaultCompany.NeonDrift.run.1782484808.68182;
        com.DefaultCompany.NeonDrift.run.1782485248.76636;
        com.DefaultCompany.NeonDrift.run.1782485533.82553;
        com.DefaultCompany.NeonDrift.run.1782486232.95300;
        com.DefaultCompany.NeonDrift.run.1782493753.82761;
        com.DefaultCompany.NeonDrift.run.1782573263.85778;
        com.DefaultCompany.NeonDrift.run.1782638094.21137;
    }
    <SBHLibraryCategoryIdentifier: 0x1246eb9
2026-06-28 17:19:58.221 Df SpringBoard[28855:d89db6] [com.apple.SpringBoard:Library] Installing category map <SBHLibraryMutableCategoryMap: 0x1247c2b00; generatedDate: 2026-06-28 09:15:49 +0000; uniqueIdentifier: A206E932-D111-46C5-9CCD-DD1B6818B340; loadedFromDisk: YES; _localizedCategoryNameByCategoryIdentifier: (empty)> categoryIdentifiers = {
    3000;
    3001;
}
sortedApplicationIdentifiersByCategoryIdentifier = {
    <SBHLibraryCategoryIdentifier: 0x1246eb0f0; localizedDisplayName: Other> = {
        com.DefaultCompany.NeonDrift;
        com.DefaultCompany.NeonDrift.run.1782484282.54413;
        com.DefaultCompany.NeonDrift.run.1782484537.59589;
        com.DefaultCompany.NeonDrift.run.1782484808.68182;
        com.DefaultCompany.NeonDrift.run.1782485248.76636;
        com.DefaultCompany.NeonDrift.run.1782485533.82553;
        com.DefaultCompany.NeonDrift.run.1782486232.95300;
        com.DefaultCompany.NeonDrift.run.1782493753.82761;
        com.DefaultCompany.NeonDrift.run.1782573263.85778;
        com.DefaultCompany.NeonDrift.run.1782638094.21137;
    }
    <SBHLibraryCategoryIdentifier: 0x1246eb9 - animated <decode: missing data>
2026-06-28 17:19:58.454 Df SpringBoard[28855:d89ebf] [com.apple.SplashBoard:FileManifest] <XBApplicationSnapshotManifestImpl: 0x10cfcf680> [com.DefaultCompany.NeonDrift.run.1782638094.21137] We don't have any snapshots, so we're clearing our manifest data.
2026-06-28 17:19:58.560 Df SpringBoard[28855:d89df8] [com.apple.UserNotifications:DataProviderFactory] [com.DefaultCompany.NeonDrift.run.1782638094.21137] Application installed using default data provider
2026-06-28 17:19:58.582 Df SpringBoard[28855:d89ecc] [com.apple.PosterLegibilityKit:Caching] -[PLKCachedImageGenerator(SpringBoardHome Legibility Label Content Generator0x12724a280) removeImagesForCacheKeys:NeonDrift.run.1782638094.21137@@zh_TW_1368232380023648501_12014554394295850968__sz119.0x46.0B23CV11@@]
2026-06-28 17:19:58.582 Df SpringBoard[28855:d89ecc] [com.apple.PosterLegibilityKit:Caching] -[PLKCachedImageGenerator(SpringBoardHome Legibility Label Content Generator0x12724a280) removeImagesForCacheKeys:NeonDrift.run.1782638094.21137@@zh_TW_17196877703575764525_12014554394295850968__sz97.3x39.7B23CV11@@]
2026-06-28 17:19:58.690 Df SpringBoard[28855:d89f12] [com.apple.PosterLegibilityKit:Caching] -[PLKCachedImageGenerator(SpringBoardHome Label Content Generator0x12724a100) removeImagesForCacheKeys:NeonDrift.run.1782638094.21137@@zh_TW_1368232380023648501_0__sz101.0x26.0B23CV11@@]
2026-06-28 17:19:59.468 Df SpringBoard[28855:d89f0d] [com.apple.PosterLegibilityKit:Caching] -[PLKCachedImageGenerator(SpringBoardHome Label Content Generator0x12724a100) removeImagesForCacheKeys:NeonDrift.run.1782638094.21137@@zh_TW_17196877703575764525_0__sz79.3x19.7B23CV11@@]
2026-06-28 17:19:59.825 Df searchd[28641:d89b24] [com.apple.spotlight:default] Apps changed: (
    "com.apple.Passbook",
    "com.DefaultCompany.NeonDrift.run.1782486232.95300",
    "com.DefaultCompany.NeonDrift.run.1782493753.82761",
    "com.DefaultCompany.NeonDrift.run.1782485248.76636",
    "com.apple.DocumentsApp",
    "com.apple.MobileAddressBook",
    "com.apple.Fitness",
    "com.DefaultCompany.NeonDrift.run.1782638094.21137",
    "com.apple.MobileSMS",
    "com.DefaultCompany.NeonDrift.run.1782485533.82553",
    "com.apple.Maps",
    "com.apple.Passwords",
    "com.apple.mobilecal",
    "com.apple.Bridge",
    "com.apple.BarcodeScanner",
    "com.apple.Preferences",
    "com.DefaultCompany.NeonDrift.run.1782573263.85778",
    "com.apple.reminders",
    "com.DefaultCompany.NeonDrift.run.1782484808.68182",
    "com.apple.Health",
    "com.apple.news",
    "com.apple.mobileslideshow",
    "com.DefaultCompany.NeonDrift",
    "com.apple.mobilesafari",
    "com.DefaultCompany.NeonDrift.run.1782484537.59589",
    "com.apple.TVRemoteUIService",
    "com.apple.shortcuts",
    "com.apple.Prev
2026-06-28 17:19:59.890 Df searchd[28641:d89b79] [com.apple.spotlight:default] _allInstalledApplicationsIdentifiers: {(
    "com.apple.Passbook",
    "com.DefaultCompany.NeonDrift.run.1782486232.95300",
    "com.DefaultCompany.NeonDrift.run.1782493753.82761",
    "com.DefaultCompany.NeonDrift.run.1782485248.76636",
    "com.apple.DocumentsApp",
    "com.apple.MobileAddressBook",
    "com.apple.Fitness",
    "com.DefaultCompany.NeonDrift.run.1782638094.21137",
    "com.apple.MobileSMS",
    "com.DefaultCompany.NeonDrift.run.1782485533.82553",
    "com.apple.Maps",
    "com.apple.Passwords",
    "com.apple.mobilecal",
    "com.apple.Bridge",
    "com.apple.BarcodeScanner",
    "com.apple.Preferences",
    "com.DefaultCompany.NeonDrift.run.1782573263.85778",
    "com.apple.reminders",
    "com.DefaultCompany.NeonDrift.run.1782484808.68182",
    "com.apple.Health",
    "com.apple.news",
    "com.apple.mobileslideshow",
    "com.DefaultCompany.NeonDrift",
    "com.apple.mobilesafari",
    "com.DefaultCompany.NeonDrift.run.1782484537.59589",
    "com.apple.TVRemoteUIService",
    "com.apple.shortcuts",
    "com.apple.Pre
2026-06-28 17:19:59.892 Df CoreSimulatorBridge[28523:d89859] Request received for installation of file:///Users/dragonkao/.openclaw/workspace/382b9e3384298039b171c9b2a60ae644/NeonDrift_MVP/project/xcode_derived_data/Build/Products/Release-iphonesimulator/NeonDrift.run.1782638094.21137.app/ with options: {
    PackageType = Developer;
    SimulatorRootPath = "/Library/Developer/CoreSimulator/Volumes/iOS_23E254a/Library/Developer/CoreSimulator/Profiles/Runtimes/iOS 26.4.simruntime/Contents/Resources/RuntimeRoot";
    SimulatorUserPath = "/Users/dragonkao/Library/Developer/CoreSimulator/Devices/CC47DE7A-8196-4465-A5A5-BB852C9C6C82/data";
}
2026-06-28 17:19:59.892 Df CoreSimulatorBridge[28523:d89859] [com.apple.installcoordination:framework] +[IXAppInstallCoordinator(IXSimpleInstaller) _beginInstallForURL:forPersonaUniqueString:consumeSource:options:progressBlock:completionWithIdentity:]: Beginning install for /Users/dragonkao/.openclaw/workspace/382b9e3384298039b171c9b2a60ae644/NeonDrift_MVP/project/xcode_derived_data/Build/Products/Release-iphonesimulator/NeonDrift.run.1782638094.21137.app consuming source:N options:{
    IsUserInitiated = 1;
    PackageType = Developer;
} installationRequestorAuditToken: NULL
2026-06-28 17:19:59.897 Df installcoordinationd[28886:d89f73] [com.apple.installcoordination:daemon] -[IXSDataPromiseManager registerPromise:]: Registered promise <IXSPlaceholder(0x103924500) Name:App Placeholder: NeonDrift.run.1782638094.21137 (com.DefaultCompany.NeonDrift.run.1782638094.21137) Creator:InstallCoordination Simple SPI UUID:C5D4B8A2-AE3F-48F0-8A47-4CDB15F46112 Location:[system-defined]> for UUID C5D4B8A2-AE3F-48F0-8A47-4CDB15F46112
2026-06-28 17:19:59.898 Df installcoordinationd[28886:d89f73] [com.apple.installcoordination:daemon] -[IXSPlaceholder setAttributes:]: <IXSPlaceholder(0x103924500) Name:App Placeholder: NeonDrift.run.1782638094.21137 (com.DefaultCompany.NeonDrift.run.1782638094.21137) Creator:InstallCoordination Simple SPI UUID:C5D4B8A2-AE3F-48F0-8A47-4CDB15F46112 Location:[system-defined]>: setting placeholder attributes to <IXPlaceholderAttributes<0x1038c88c0> : {
    CFBundleShortVersionString = "1.0";
    CFBundleSupportedPlatforms =     (
        iPhoneSimulator
    );
    CFBundleVersion = 0;
    DTPlatformName = iphonesimulator;
    LSRequiresIPhoneOS = 1;
    MinimumOSVersion = "13.0";
    UIDeviceFamily =     (
        1,
        2
    );
    UIRequiredDeviceCapabilities =     {
        arm64 = 1;
        metal = 1;
    };
}>
2026-06-28 17:19:59.899 Df CoreSimulatorBridge[28523:d8995d] [com.apple.installcoordination:framework] +[IXPlaceholder _setEntitlementsFromBundleExecutableURL:withBundleID:client:onPlaceholder:location:error:]: Executable for com.DefaultCompany.NeonDrift.run.1782638094.21137 at NeonDrift.run.1782638094.21137 -- file:///Users/dragonkao/.openclaw/workspace/382b9e3384298039b171c9b2a60ae644/NeonDrift_MVP/project/xcode_derived_data/Build/Products/Release-iphonesimulator/NeonDrift.run.1782638094.21137.app/ had no entitlements
2026-06-28 17:19:59.899 Df CoreSimulatorBridge[28523:d8995d] [com.apple.installcoordination:framework] +[IXPlaceholder _placeholderForBundle:client:withParent:installType:metadata:placeholderType:mayBeDeltaPackage:isFromSerializedPlaceholder:location:error:]: Using full fidelity icons for com.DefaultCompany.NeonDrift.run.1782638094.21137 at /Users/dragonkao/.openclaw/workspace/382b9e3384298039b171c9b2a60ae644/NeonDrift_MVP/project/xcode_derived_data/Build/Products/Release-iphonesimulator/NeonDrift.run.1782638094.21137.app
2026-06-28 17:19:59.900 Df installcoordinationd[28886:d89f73] [com.apple.installcoordination:daemon] -[IXSDataPromiseManager registerPromise:]: Registered promise <IXSPromisedTransferToPath(0x1038f9100) Name:Icon resources for com.DefaultCompany.NeonDrift.run.1782638094.21137 Creator:InstallCoordination Simple SPI UUID:E70F76AB-0DED-4C18-A1C0-7910275A9069 Location:[system-defined]> for UUID E70F76AB-0DED-4C18-A1C0-7910275A9069
2026-06-28 17:19:59.902 Df CoreSimulatorBridge[28523:d8995d] [com.apple.installcoordination:framework] -[IXPromisedTransferToPath setComplete:]: <IXPromisedTransferToPath<0x104091140> name:"Icon resources for com.DefaultCompany.NeonDrift.run.1782638094.21137" uuid:E70F76AB-0DED-4C18-A1C0-7910275A9069 creator:"InstallCoordination Simple SPI" location:[system-defined]> Move operation from /Users/dragonkao/Library/Developer/CoreSimulator/Devices/CC47DE7A-8196-4465-A5A5-BB852C9C6C82/data/Containers/Shared/SystemGroup/systemgroup.com.apple.installcoordinationd/Library/InstallCoordination/PromiseStaging/E70F76AB-0DED-4C18-A1C0-7910275A9069/temp.f1IztF to /Users/dragonkao/Library/Developer/CoreSimulator/Devices/CC47DE7A-8196-4465-A5A5-BB852C9C6C82/data/Containers/Shared/SystemGroup/systemgroup.com.apple.installcoordinationd/Library/InstallCoordination/PromiseStaging/E70F76AB-0DED-4C18-A1C0-7910275A9069/temp.f1IztF took 0.000057 seconds
2026-06-28 17:19:59.903 Df installcoordinationd[28886:d89f73] [com.apple.installcoordination:daemon] -[IXSDataPromise _setPercentComplete:saveStateIfNeeded:]: Progress: <IXSPromisedTransferToPath(0x1038f9100) Name:Icon resources for com.DefaultCompany.NeonDrift.run.1782638094.21137 Creator:InstallCoordination Simple SPI UUID:E70F76AB-0DED-4C18-A1C0-7910275A9069 Location:[system-defined]>
2026-06-28 17:19:59.903 Df installcoordinationd[28886:d8a043] [com.apple.installcoordination:daemon] -[IXSDataPromiseManager promiseDidBegin:]: Unowned promise began: <IXSPromisedTransferToPath(0x1038f9100) Name:Icon resources for com.DefaultCompany.NeonDrift.run.1782638094.21137 Creator:InstallCoordination Simple SPI UUID:E70F76AB-0DED-4C18-A1C0-7910275A9069 Location:[system-defined]>
2026-06-28 17:19:59.903 Df installcoordinationd[28886:d8a043] [com.apple.installcoordination:daemon] -[IXSDataPromiseManager promise:didUpdateProgress:]: Unowned promise update progress to 1.000000 : <IXSPromisedTransferToPath(0x1038f9100) Name:Icon resources for com.DefaultCompany.NeonDrift.run.1782638094.21137 Creator:InstallCoordination Simple SPI UUID:E70F76AB-0DED-4C18-A1C0-7910275A9069 Location:[system-defined]>
2026-06-28 17:19:59.904 Df installcoordinationd[28886:d8a043] [com.apple.installcoordination:daemon] -[IXSDataPromiseManager promiseDidComplete:]: Unowned promise completed: <IXSPromisedTransferToPath(0x1038f9100) Name:Icon resources for com.DefaultCompany.NeonDrift.run.1782638094.21137 Creator:InstallCoordination Simple SPI UUID:E70F76AB-0DED-4C18-A1C0-7910275A9069 Location:[system-defined]>
2026-06-28 17:19:59.905 Df installcoordinationd[28886:d8a043] [com.apple.installcoordination:daemon] -[IXSDataPromise _setPercentComplete:saveStateIfNeeded:]: Progress: <IXSPromisedInMemoryDictionary(0x1038f9280) Name:Info.plist icon content for com.DefaultCompany.NeonDrift.run.1782638094.21137 Creator:InstallCoordination Simple SPI UUID:C91D4DAA-CA4D-4027-89A5-7E7BEBCFAA58 Location:[system-defined]>
2026-06-28 17:19:59.905 Df installcoordinationd[28886:d8a043] [com.apple.installcoordination:daemon] -[IXSDataPromiseManager registerPromise:]: Registered promise <IXSPromisedInMemoryDictionary(0x1038f9280) Name:Info.plist icon content for com.DefaultCompany.NeonDrift.run.1782638094.21137 Creator:InstallCoordination Simple SPI UUID:C91D4DAA-CA4D-4027-89A5-7E7BEBCFAA58 Location:[system-defined]> for UUID C91D4DAA-CA4D-4027-89A5-7E7BEBCFAA58
2026-06-28 17:19:59.905 Df installcoordinationd[28886:d89f73] [com.apple.installcoordination:daemon] -[IXSDataPromiseManager promiseDidBegin:]: Unowned promise began: <IXSPromisedInMemoryDictionary(0x1038f9280) Name:Info.plist icon content for com.DefaultCompany.NeonDrift.run.1782638094.21137 Creator:InstallCoordination Simple SPI UUID:C91D4DAA-CA4D-4027-89A5-7E7BEBCFAA58 Location:[system-defined]>
2026-06-28 17:19:59.905 Df installcoordinationd[28886:d89f73] [com.apple.installcoordination:daemon] -[IXSDataPromiseManager promise:didUpdateProgress:]: Unowned promise update progress to 1.000000 : <IXSPromisedInMemoryDictionary(0x1038f9280) Name:Info.plist icon content for com.DefaultCompany.NeonDrift.run.1782638094.21137 Creator:InstallCoordination Simple SPI UUID:C91D4DAA-CA4D-4027-89A5-7E7BEBCFAA58 Location:[system-defined]>
2026-06-28 17:19:59.905 Df installcoordinationd[28886:d89f73] [com.apple.installcoordination:daemon] -[IXSDataPromiseManager promiseDidComplete:]: Unowned promise completed: <IXSPromisedInMemoryDictionary(0x1038f9280) Name:Info.plist icon content for com.DefaultCompany.NeonDrift.run.1782638094.21137 Creator:InstallCoordination Simple SPI UUID:C91D4DAA-CA4D-4027-89A5-7E7BEBCFAA58 Location:[system-defined]>
2026-06-28 17:19:59.905 Df installcoordinationd[28886:d8a043] [com.apple.installcoordination:daemon] -[IXSPlaceholder setIconResourcesPromise:]: <IXSPlaceholder(0x103924500) Name:App Placeholder: NeonDrift.run.1782638094.21137 (com.DefaultCompany.NeonDrift.run.1782638094.21137) Creator:InstallCoordination Simple SPI UUID:C5D4B8A2-AE3F-48F0-8A47-4CDB15F46112 Location:[system-defined]>: setting icon resources promise to <IXSPromisedTransferToPath(0x1038f9100) Name:Icon resources for com.DefaultCompany.NeonDrift.run.1782638094.21137 Creator:InstallCoordination Simple SPI UUID:E70F76AB-0DED-4C18-A1C0-7910275A9069 Location:[system-defined]>
2026-06-28 17:19:59.906 Df installcoordinationd[28886:d8a043] [com.apple.installcoordination:daemon] -[IXSPlaceholder setInfoPlistIconContentPromise:]: <IXSPlaceholder(0x103924500) Name:App Placeholder: NeonDrift.run.1782638094.21137 (com.DefaultCompany.NeonDrift.run.1782638094.21137) Creator:InstallCoordination Simple SPI UUID:C5D4B8A2-AE3F-48F0-8A47-4CDB15F46112 Location:[system-defined]>: setting Info.plist icon content promise to <IXSPromisedInMemoryDictionary(0x1038f9280) Name:Info.plist icon content for com.DefaultCompany.NeonDrift.run.1782638094.21137 Creator:InstallCoordination Simple SPI UUID:C91D4DAA-CA4D-4027-89A5-7E7BEBCFAA58 Location:[system-defined]>
2026-06-28 17:19:59.907 Df installcoordinationd[28886:d89f73] [com.apple.installcoordination:daemon] -[IXSDataPromiseManager promiseDidBegin:]: Unowned promise began: <IXSPlaceholder(0x103924500) Name:App Placeholder: NeonDrift.run.1782638094.21137 (com.DefaultCompany.NeonDrift.run.1782638094.21137) Creator:InstallCoordination Simple SPI UUID:C5D4B8A2-AE3F-48F0-8A47-4CDB15F46112 Location:[system-defined]>
2026-06-28 17:19:59.907 Df installcoordinationd[28886:d89f73] [com.apple.installcoordination:daemon] -[IXSDataPromiseManager promise:didUpdateProgress:]: Unowned promise update progress to 0.000000 : <IXSPlaceholder(0x103924500) Name:App Placeholder: NeonDrift.run.1782638094.21137 (com.DefaultCompany.NeonDrift.run.1782638094.21137) Creator:InstallCoordination Simple SPI UUID:C5D4B8A2-AE3F-48F0-8A47-4CDB15F46112 Location:[system-defined]>
2026-06-28 17:19:59.907 Df installcoordinationd[28886:d89f73] [com.apple.installcoordination:daemon] -[IXSDataPromiseManager promise:didUpdateProgress:]: Unowned promise update progress to 0.000000 : <IXSPlaceholder(0x103924500) Name:App Placeholder: NeonDrift.run.1782638094.21137 (com.DefaultCompany.NeonDrift.run.1782638094.21137) Creator:InstallCoordination Simple SPI UUID:C5D4B8A2-AE3F-48F0-8A47-4CDB15F46112 Location:[system-defined]>
2026-06-28 17:19:59.908 Df installcoordinationd[28886:d89f73] [com.apple.installcoordination:daemon] -[IXSDataPromise _setPercentComplete:saveStateIfNeeded:]: Progress: <IXSPromisedInMemoryDictionary(0x1038f9400) Name:Localizations for com.DefaultCompany.NeonDrift.run.1782638094.21137 Creator:InstallCoordination Simple SPI UUID:71FF9C15-13A0-45B4-862D-599C26D48A68 Location:[system-defined]>
2026-06-28 17:19:59.908 Df installcoordinationd[28886:d89f73] [com.apple.installcoordination:daemon] -[IXSDataPromiseManager registerPromise:]: Registered promise <IXSPromisedInMemoryDictionary(0x1038f9400) Name:Localizations for com.DefaultCompany.NeonDrift.run.1782638094.21137 Creator:InstallCoordination Simple SPI UUID:71FF9C15-13A0-45B4-862D-599C26D48A68 Location:[system-defined]> for UUID 71FF9C15-13A0-45B4-862D-599C26D48A68
2026-06-28 17:19:59.908 Df installcoordinationd[28886:d8a043] [com.apple.installcoordination:daemon] -[IXSDataPromiseManager promiseDidBegin:]: Unowned promise began: <IXSPromisedInMemoryDictionary(0x1038f9400) Name:Localizations for com.DefaultCompany.NeonDrift.run.1782638094.21137 Creator:InstallCoordination Simple SPI UUID:71FF9C15-13A0-45B4-862D-599C26D48A68 Location:[system-defined]>
2026-06-28 17:19:59.908 Df installcoordinationd[28886:d8a043] [com.apple.installcoordination:daemon] -[IXSDataPromiseManager promise:didUpdateProgress:]: Unowned promise update progress to 1.000000 : <IXSPromisedInMemoryDictionary(0x1038f9400) Name:Localizations for com.DefaultCompany.NeonDrift.run.1782638094.21137 Creator:InstallCoordination Simple SPI UUID:71FF9C15-13A0-45B4-862D-599C26D48A68 Location:[system-defined]>
2026-06-28 17:19:59.908 Df installcoordinationd[28886:d8a043] [com.apple.installcoordination:daemon] -[IXSDataPromiseManager promiseDidComplete:]: Unowned promise completed: <IXSPromisedInMemoryDictionary(0x1038f9400) Name:Localizations for com.DefaultCompany.NeonDrift.run.1782638094.21137 Creator:InstallCoordination Simple SPI UUID:71FF9C15-13A0-45B4-862D-599C26D48A68 Location:[system-defined]>
2026-06-28 17:19:59.909 Df installcoordinationd[28886:d89f73] [com.apple.installcoordination:daemon] -[IXSPlaceholder setLocalizationDictionaryPromise:]: <IXSPlaceholder(0x103924500) Name:App Placeholder: NeonDrift.run.1782638094.21137 (com.DefaultCompany.NeonDrift.run.1782638094.21137) Creator:InstallCoordination Simple SPI UUID:C5D4B8A2-AE3F-48F0-8A47-4CDB15F46112 Location:[system-defined]>: setting localization dict promise to <IXSPromisedInMemoryDictionary(0x1038f9400) Name:Localizations for com.DefaultCompany.NeonDrift.run.1782638094.21137 Creator:InstallCoordination Simple SPI UUID:71FF9C15-13A0-45B4-862D-599C26D48A68 Location:[system-defined]>
2026-06-28 17:19:59.910 Df installcoordinationd[28886:d8a044] [com.apple.installcoordination:daemon] -[IXSDataPromiseManager promise:didUpdateProgress:]: Unowned promise update progress to 0.000000 : <IXSPlaceholder(0x103924500) Name:App Placeholder: NeonDrift.run.1782638094.21137 (com.DefaultCompany.NeonDrift.run.1782638094.21137) Creator:InstallCoordination Simple SPI UUID:C5D4B8A2-AE3F-48F0-8A47-4CDB15F46112 Location:[system-defined]>
2026-06-28 17:19:59.910 Df installcoordinationd[28886:d8a043] [com.apple.installcoordination:daemon] -[IXSPlaceholder setConfigurationComplete:]: <IXSPlaceholder(0x103924500) Name:App Placeholder: NeonDrift.run.1782638094.21137 (com.DefaultCompany.NeonDrift.run.1782638094.21137) Creator:InstallCoordination Simple SPI UUID:C5D4B8A2-AE3F-48F0-8A47-4CDB15F46112 Location:[system-defined]>: setting configuration complete to Y
2026-06-28 17:19:59.910 Df installcoordinationd[28886:d8a043] [com.apple.installcoordination:daemon] -[IXSPlaceholder _materialize]: <IXSPlaceholder(0x103924500) Name:App Placeholder: NeonDrift.run.1782638094.21137 (com.DefaultCompany.NeonDrift.run.1782638094.21137) Creator:InstallCoordination Simple SPI UUID:C5D4B8A2-AE3F-48F0-8A47-4CDB15F46112 Location:[system-defined]>: Materializing placeholder at /Users/dragonkao/Library/Developer/CoreSimulator/Devices/CC47DE7A-8196-4465-A5A5-BB852C9C6C82/data/Containers/Shared/SystemGroup/systemgroup.com.apple.installcoordinationd/Library/InstallCoordination/PromiseStaging/C5D4B8A2-AE3F-48F0-8A47-4CDB15F46112/NeonDrift.run.1782638094.21137.app
2026-06-28 17:19:59.911 Df installcoordinationd[28886:d8a043] [com.apple.installcoordination:daemon] -[IXSPlaceholder _materialize]: <IXSPlaceholder(0x103924500) Name:App Placeholder: NeonDrift.run.1782638094.21137 (com.DefaultCompany.NeonDrift.run.1782638094.21137) Creator:InstallCoordination Simple SPI UUID:C5D4B8A2-AE3F-48F0-8A47-4CDB15F46112 Location:[system-defined]>: Using Info.plist icon content: {
    CFBundleIcons =     {
        CFBundlePrimaryIcon =         {
            CFBundleIconName = AppIcon;
        };
    };
    "CFBundleIcons~ipad" =     {
        CFBundlePrimaryIcon =         {
            CFBundleIconName = AppIcon;
        };
    };
    ISIconPlatform = iPhoneOS;
}
2026-06-28 17:19:59.911 Df installcoordinationd[28886:d8a043] [com.apple.installcoordination:daemon] -[IXSPlaceholder _materialize]_block_invoke: <IXSPlaceholder(0x103924500) Name:App Placeholder: NeonDrift.run.1782638094.21137 (com.DefaultCompany.NeonDrift.run.1782638094.21137) Creator:InstallCoordination Simple SPI UUID:C5D4B8A2-AE3F-48F0-8A47-4CDB15F46112 Location:[system-defined]>: Using icon resource Assets.car
2026-06-28 17:19:59.911 Df installcoordinationd[28886:d8a043] [com.apple.installcoordination:daemon] -[IXSPlaceholder _materialize]: <IXSPlaceholder(0x103924500) Name:App Placeholder: NeonDrift.run.1782638094.21137 (com.DefaultCompany.NeonDrift.run.1782638094.21137) Creator:InstallCoordination Simple SPI UUID:C5D4B8A2-AE3F-48F0-8A47-4CDB15F46112 Location:[system-defined]>: Including lproj localizations for (
)
2026-06-28 17:19:59.912 Df installcoordinationd[28886:d8a044] [com.apple.installcoordination:daemon] -[IXSDataPromiseManager promiseDidComplete:]: Unowned promise completed: <IXSPlaceholder(0x103924500) Name:App Placeholder: NeonDrift.run.1782638094.21137 (com.DefaultCompany.NeonDrift.run.1782638094.21137) Creator:InstallCoordination Simple SPI UUID:C5D4B8A2-AE3F-48F0-8A47-4CDB15F46112 Location:[system-defined]>
2026-06-28 17:19:59.914 Df installcoordinationd[28886:d8a043] [com.apple.installcoordination:daemon] -[IXSDataPromiseManager registerPromise:]: Registered promise <IXSPromisedTransferToPath(0x1038f9580) Name:App Asset: com.DefaultCompany.NeonDrift.run.1782638094.21137 Creator:InstallCoordination Simple SPI UUID:E33E0DEE-BF16-4AC5-A14B-AEF284AB8F5C Location:[system-defined]> for UUID E33E0DEE-BF16-4AC5-A14B-AEF284AB8F5C
2026-06-28 17:19:59.918 Df installcoordinationd[28886:d8a044] [com.apple.installcoordination:daemon] -[IXSCoordinatorManager coordinatorForIdentity:connection:error:creatingIfNotExisting:]_block_invoke: Registered coordinator: <IXSCoordinatedAppInstall<0x103a0c000> [P=CoreSimulatorBridge (pid 28523)] identifier:[com.DefaultCompany.NeonDrift.run.1782638094.21137/Invalid/[system-defined]] uuid:9233272A-D5E4-4E4A-8B0A-E6BF75CA0A58 intent:IXCoordinatorIntentUpdating creator/appDRI:InstallCoordination Simple SPI importance:Background state:IXAppCoordinationStatePlaceholderPromiseNotSet promise-state:01234>
2026-06-28 17:19:59.918 Df installcoordinationd[28886:d8a044] [com.apple.appinstallation:TransactionLog] com.DefaultCompany.NeonDrift.run.1782638094.21137/Unknown Persona:4:2:1:1:Created coordinator with intent IXCoordinatorIntentUpdating for client InstallCoordination Simple SPI
2026-06-28 17:19:59.919 Df installcoordinationd[28886:d8a044] [com.apple.installcoordination:daemon] -[IXSCoordinatedAppInstall setPriorityBoostCompletion:withSourceInfo:]: <IXSCoordinatedAppInstall<0x103a0c000> [P=CoreSimulatorBridge (pid 28523)] identifier:[com.DefaultCompany.NeonDrift.run.1782638094.21137/Invalid/[system-defined]] uuid:9233272A-D5E4-4E4A-8B0A-E6BF75CA0A58 intent:IXCoordinatorIntentUpdating creator/appDRI:InstallCoordination Simple SPI importance:Background state:IXAppCoordinationStatePlaceholderPromiseNotSet promise-state:01234>: Retaining completion from CoreSimulatorBridge (28523), QOS_CLASS_DEFAULT (0x15)
2026-06-28 17:19:59.919 Df installcoordinationd[28886:d8a044] [com.apple.installcoordination:daemon] -[IXSCoordinatedAppInstall setImportance:]: <IXSCoordinatedAppInstall<0x103a0c000> [P=CoreSimulatorBridge (pid 28523)] identifier:[com.DefaultCompany.NeonDrift.run.1782638094.21137/Invalid/[system-defined]] uuid:9233272A-D5E4-4E4A-8B0A-E6BF75CA0A58 intent:IXCoordinatorIntentUpdating creator/appDRI:InstallCoordination Simple SPI importance:UserWaiting state:IXAppCoordinationStatePlaceholderPromiseNotSet promise-state:01234>: set importance to UserWaiting
2026-06-28 17:19:59.919 Df installcoordinationd[28886:d8a044] [com.apple.installcoordination:daemon] -[IXSCoordinatedAppInstall _onQueue_fireObserversForClient:]: <IXSCoordinatedAppInstall<0x103a0c000> [P=CoreSimulatorBridge (pid 28523)] identifier:[com.DefaultCompany.NeonDrift.run.1782638094.21137/Invalid/[system-defined]] uuid:9233272A-D5E4-4E4A-8B0A-E6BF75CA0A58 intent:IXCoordinatorIntentUpdating creator/appDRI:InstallCoordination Simple SPI importance:UserWaiting state:IXAppCoordinationStatePlaceholderPromiseNotSet promise-state:01234>: Firing applicable observers for client <IXSClientConnection<0x103858ba0> client:CoreSimulatorBridge (pid 28523) uuid:83F5FB56-EA6B-47C2-AA7A-314AB583328C>
2026-06-28 17:19:59.920 Df installcoordinationd[28886:d8a044] [com.apple.installcoordination:daemon] -[IXSCoordinatedAppInstall setPriorityBoostCompletion:withSourceInfo:]: <IXSCoordinatedAppInstall<0x103a0c000> [P=CoreSimulatorBridge (pid 28523)] identifier:[com.DefaultCompany.NeonDrift.run.1782638094.21137/Invalid/[system-defined]] uuid:9233272A-D5E4-4E4A-8B0A-E6BF75CA0A58 intent:IXCoordinatorIntentUpdating creator/appDRI:InstallCoordination Simple SPI importance:UserWaiting state:IXAppCoordinationStatePlaceholderPromiseNotSet promise-state:01234>: Disposing of completion from CoreSimulatorBridge (28523), QOS_CLASS_DEFAULT (0x15)
2026-06-28 17:19:59.920 Df installcoordinationd[28886:d8a044] [com.apple.installcoordination:daemon] -[IXSCoordinatedAppInstall setPriorityBoostCompletion:withSourceInfo:]: <IXSCoordinatedAppInstall<0x103a0c000> [P=CoreSimulatorBridge (pid 28523)] identifier:[com.DefaultCompany.NeonDrift.run.1782638094.21137/Invalid/[system-defined]] uuid:9233272A-D5E4-4E4A-8B0A-E6BF75CA0A58 intent:IXCoordinatorIntentUpdating creator/appDRI:InstallCoordination Simple SPI importance:UserWaiting state:IXAppCoordinationStatePlaceholderPromiseNotSet promise-state:01234>: Retaining completion from CoreSimulatorBridge (28523), QOS_CLASS_DEFAULT (0x15)
2026-06-28 17:19:59.920 Df CoreSimulatorBridge[28523:d89971] [com.apple.installcoordination:framework] -[IXAppInstallCoordinator _clientDelegate_didRegisterForObservation]: <IXUpdatingAppInstallCoordinator<0x104090d40> identity:[com.DefaultCompany.NeonDrift.run.1782638094.21137/Invalid/[system-defined]] uuid:9233272A-D5E4-4E4A-8B0A-E6BF75CA0A58 creator:InstallCoordination Simple SPI>: Got observer registration delegate
2026-06-28 17:19:59.920 Df CoreSimulatorBridge[28523:d89971] [com.apple.installcoordination:framework] -[IXAppInstallCoordinator _clientDelegate_shouldResume]: <IXUpdatingAppInstallCoordinator<0x104090d40> identity:[com.DefaultCompany.NeonDrift.run.1782638094.21137/Invalid/[system-defined]] uuid:9233272A-D5E4-4E4A-8B0A-E6BF75CA0A58 creator:InstallCoordination Simple SPI>: Got should resume delegate
2026-06-28 17:19:59.920 Df CoreSimulatorBridge[28523:d8985c] [com.apple.installcoordination:framework] -[IXAppInstallCoordinator _clientDelegate_didRegisterForObservation]_block_invoke: <IXUpdatingAppInstallCoordinator<0x104090d40> identity:[com.DefaultCompany.NeonDrift.run.1782638094.21137/Invalid/[system-defined]] uuid:9233272A-D5E4-4E4A-8B0A-E6BF75CA0A58 creator:InstallCoordination Simple SPI>: Observer <_IXSimpleInstallerDelegate 0x0x104059560> does not respond to coordinatorDidRegisterForObservation:
2026-06-28 17:19:59.920 Df CoreSimulatorBridge[28523:d8985c] [com.apple.installcoordination:framework] -[IXAppInstallCoordinator _clientDelegate_shouldResume]_block_invoke: <IXUpdatingAppInstallCoordinator<0x104090d40> identity:[com.DefaultCompany.NeonDrift.run.1782638094.21137/Invalid/[system-defined]] uuid:9233272A-D5E4-4E4A-8B0A-E6BF75CA0A58 creator:InstallCoordination Simple SPI>: Observer <_IXSimpleInstallerDelegate 0x0x104059560> does not respond to coordinatorShouldResume:
2026-06-28 17:19:59.922 Df installcoordinationd[28886:d8a044] [com.apple.installcoordination:daemon] -[IXSCoordinatedAppInstall _internal_setInstallOptionsPromise:performExternalActions:]: <IXSCoordinatedAppInstall<0x103a0c000> [P=CoreSimulatorBridge (pid 28523)] identifier:[com.DefaultCompany.NeonDrift.run.1782638094.21137/Invalid/[system-defined]] uuid:9233272A-D5E4-4E4A-8B0A-E6BF75CA0A58 intent:IXCoordinatorIntentUpdating creator/appDRI:InstallCoordination Simple SPI importance:UserWaiting state:IXAppCoordinationStatePlaceholderPromiseNotSet promise-state:012I4> : install options set: <IXSPromisedInMemoryData(0x1038f9900) Name:MIInstallOptions data Creator:Install Coordination Internal UUID:0956C1BA-D803-43EE-9C88-662E64C74976 Location:[system-defined]>
2026-06-28 17:19:59.922 Df installcoordinationd[28886:d89f73] [com.apple.installcoordination:daemon] -[IXSCoordinatedAppInstall promiseDidComplete:]: <IXSCoordinatedAppInstall<0x103a0c000> [P=CoreSimulatorBridge (pid 28523)] identifier:[com.DefaultCompany.NeonDrift.run.1782638094.21137/Invalid/[system-defined]] uuid:9233272A-D5E4-4E4A-8B0A-E6BF75CA0A58 intent:IXCoordinatorIntentUpdating creator/appDRI:InstallCoordination Simple SPI importance:UserWaiting state:IXAppCoordinationStatePlaceholderPromiseNotSet promise-state:012I4> : Promise completed: <IXSPromisedInMemoryData(0x1038f9900) Name:MIInstallOptions data Creator:Install Coordination Internal UUID:0956C1BA-D803-43EE-9C88-662E64C74976 Location:[system-defined]>
2026-06-28 17:19:59.922 Df installcoordinationd[28886:d89f73] [com.apple.appinstallation:TransactionLog] com.DefaultCompany.NeonDrift.run.1782638094.21137/Unknown Persona:4:13:1:1:Install Options Promise began. Coordinator State: IXAppCoordinationStatePlaceholderPromiseNotSet
2026-06-28 17:19:59.922 Df installcoordinationd[28886:d89f73] [com.apple.appinstallation:TransactionLog] com.DefaultCompany.NeonDrift.run.1782638094.21137/Unknown Persona:4:13:2:1:Install Options Promise completed. Coordinator State: IXAppCoordinationStatePlaceholderPromiseNotSet
2026-06-28 17:19:59.922 Df installcoordinationd[28886:d8a043] [com.apple.installcoordination:daemon] -[IXSCoordinatedAppInstall _internal_setAppAssetPromise:performExternalActions:]: <IXSCoordinatedAppInstall<0x103a0c000> [P=CoreSimulatorBridge (pid 28523)] identifier:[com.DefaultCompany.NeonDrift.run.1782638094.21137/Invalid/[system-defined]] uuid:9233272A-D5E4-4E4A-8B0A-E6BF75CA0A58 intent:IXCoordinatorIntentUpdating creator/appDRI:InstallCoordination Simple SPI importance:UserWaiting state:IXAppCoordinationStatePlaceholderPromiseNotSet promise-state:0a2I4> : App Asset Promise set: <IXSPromisedTransferToPath(0x1038f9580) Name:App Asset: com.DefaultCompany.NeonDrift.run.1782638094.21137 Creator:InstallCoordination Simple SPI UUID:E33E0DEE-BF16-4AC5-A14B-AEF284AB8F5C Location:[system-defined]>
2026-06-28 17:19:59.923 Df installcoordinationd[28886:d8a043] [com.apple.installcoordination:daemon] -[IXSCoordinatedAppInstall setInitialODRAssetPromises:]: <IXSCoordinatedAppInstall<0x103a0c000> [P=CoreSimulatorBridge (pid 28523)] identifier:[com.DefaultCompany.NeonDrift.run.1782638094.21137/Invalid/[system-defined]] uuid:9233272A-D5E4-4E4A-8B0A-E6BF75CA0A58 intent:IXCoordinatorIntentUpdating creator/appDRI:InstallCoordination Simple SPI importance:UserWaiting state:IXAppCoordinationStatePlaceholderPromiseNotSet promise-state:0a2I4> : Initial ODR Asset Promises set: (
)
2026-06-28 17:19:59.923 Df CoreSimulatorBridge[28523:d8995d] [com.apple.installcoordination:framework] -[IXPromisedTransferToPath _performDeltaCopyFrom:toDestination:]: Performing delta copy from /Users/dragonkao/.openclaw/workspace/382b9e3384298039b171c9b2a60ae644/NeonDrift_MVP/project/xcode_derived_data/Build/Products/Release-iphonesimulator/NeonDrift.run.1782638094.21137.app to /Users/dragonkao/Library/Developer/CoreSimulator/Devices/CC47DE7A-8196-4465-A5A5-BB852C9C6C82/data/Containers/Shared/SystemGroup/systemgroup.com.apple.installcoordinationd/Library/InstallCoordination/PromiseStaging/E33E0DEE-BF16-4AC5-A14B-AEF284AB8F5C/NeonDrift.run.1782638094.21137.app with installed bundle at /Users/dragonkao/Library/Developer/CoreSimulator/Devices/CC47DE7A-8196-4465-A5A5-BB852C9C6C82/data/Containers/Bundle/Application/646A1BE4-33C8-4631-9A84-C2171AE0EA71/NeonDrift.run.1782638094.21137.app
2026-06-28 17:19:59.924 Df CoreSimulatorBridge[28523:d8995d] (MobileSystemServices) 0x16d003000 MDMCreateDeltaDirectory: calling MDMDirectoryDiff with:
state->old_bundle: /Users/dragonkao/Library/Developer/CoreSimulator/Devices/CC47DE7A-8196-4465-A5A5-BB852C9C6C82/data/Containers/Bundle/Application/646A1BE4-33C8-4631-9A84-C2171AE0EA71/NeonDrift.run.1782638094.21137.app
state->new_bundle: /Users/dragonkao/.openclaw/workspace/382b9e3384298039b171c9b2a60ae644/NeonDrift_MVP/project/xcode_derived_data/Build/Products/Release-iphonesimulator/NeonDrift.run.1782638094.21137.app
state->dst_bundle: /Users/dragonkao/Library/Developer/CoreSimulator/Devices/CC47DE7A-8196-4465-A5A5-BB852C9C6C82/data/Containers/Shared/SystemGroup/systemgroup.com.apple.installcoordinationd/Library/InstallCoordination/PromiseStaging/E33E0DEE-BF16-4AC5-A14B-AEF284AB8F5C/NeonDrift.run.1782638094.21137.app/Payload//NeonDrift.run.1782638094.21137.app, binaryDiff flag: FALSE
	dst_ipa: /Users/dragonkao/Library/Developer/CoreSimulator/Devices/CC47DE7A-8196-4465-A5A5-BB852C9C6C82/data/Containers/Shared/SystemGroup/systemg<…>
2026-06-28 17:19:59.930 Df CoreSimulatorBridge[28523:d8995d] [com.apple.installcoordination:framework] -[IXPromisedTransferToPath setComplete:]: <IXPromisedTransferToPath<0x104090fc0> name:"App Asset: com.DefaultCompany.NeonDrift.run.1782638094.21137" uuid:E33E0DEE-BF16-4AC5-A14B-AEF284AB8F5C creator:"InstallCoordination Simple SPI" location:[system-defined]> Delta Copy operation from /Users/dragonkao/.openclaw/workspace/382b9e3384298039b171c9b2a60ae644/NeonDrift_MVP/project/xcode_derived_data/Build/Products/Release-iphonesimulator/NeonDrift.run.1782638094.21137.app to /Users/dragonkao/Library/Developer/CoreSimulator/Devices/CC47DE7A-8196-4465-A5A5-BB852C9C6C82/data/Containers/Shared/SystemGroup/systemgroup.com.apple.installcoordinationd/Library/InstallCoordination/PromiseStaging/E33E0DEE-BF16-4AC5-A14B-AEF284AB8F5C/NeonDrift.run.1782638094.21137.app took 0.006870 seconds
2026-06-28 17:19:59.931 Df installcoordinationd[28886:d8a043] [com.apple.installcoordination:daemon] -[IXSDataPromise _setPercentComplete:saveStateIfNeeded:]: Progress: <IXSPromisedTransferToPath(0x1038f9580) Name:App Asset: com.DefaultCompany.NeonDrift.run.1782638094.21137 Creator:InstallCoordination Simple SPI UUID:E33E0DEE-BF16-4AC5-A14B-AEF284AB8F5C Location:[system-defined]>
2026-06-28 17:19:59.931 Df installcoordinationd[28886:d8a044] [com.apple.appinstallation:TransactionLog] com.DefaultCompany.NeonDrift.run.1782638094.21137/Unknown Persona:4:10:1:1:App Asset Promise began. Coordinator State: IXAppCoordinationStatePlaceholderPromiseNotSet
2026-06-28 17:19:59.931 Df CoreSimulatorBridge[28523:d8985c] [com.apple.installcoordination:framework] -[IXAppInstallCoordinator _clientDelegate_promiseDidBeginFulfillmentWithIdentifier:]: <IXUpdatingAppInstallCoordinator<0x104090d40> identity:[com.DefaultCompany.NeonDrift.run.1782638094.21137/Invalid/[system-defined]] uuid:9233272A-D5E4-4E4A-8B0A-E6BF75CA0A58 creator:InstallCoordination Simple SPI>: Got promise did begin fulfillment for identifier 2
2026-06-28 17:19:59.931 Df CoreSimulatorBridge[28523:d8985c] [com.apple.installcoordination:framework] -[IXAppInstallCoordinator _clientDelegate_promiseDidBeginFulfillmentWithIdentifier:]_block_invoke: <IXUpdatingAppInstallCoordinator<0x104090d40> identity:[com.DefaultCompany.NeonDrift.run.1782638094.21137/Invalid/[system-defined]] uuid:9233272A-D5E4-4E4A-8B0A-E6BF75CA0A58 creator:InstallCoordination Simple SPI>: Observer <_IXSimpleInstallerDelegate 0x0x104059560> does not respond to coordinator:configuredPromiseDidBeginFulfillment: (or any deprecated equivalent)
2026-06-28 17:19:59.931 Df installcoordinationd[28886:d8a044] [com.apple.installcoordination:daemon] -[IXSCoordinatedAppInstall promiseDidComplete:]: <IXSCoordinatedAppInstall<0x103a0c000> [P=CoreSimulatorBridge (pid 28523)] identifier:[com.DefaultCompany.NeonDrift.run.1782638094.21137/Invalid/[system-defined]] uuid:9233272A-D5E4-4E4A-8B0A-E6BF75CA0A58 intent:IXCoordinatorIntentUpdating creator/appDRI:InstallCoordination Simple SPI importance:UserWaiting state:IXAppCoordinationStatePlaceholderPromiseNotSet promise-state:0A2I4> : Promise completed: <IXSPromisedTransferToPath(0x1038f9580) Name:App Asset: com.DefaultCompany.NeonDrift.run.1782638094.21137 Creator:InstallCoordination Simple SPI UUID:E33E0DEE-BF16-4AC5-A14B-AEF284AB8F5C Location:[system-defined]>
2026-06-28 17:19:59.931 Df installcoordinationd[28886:d8a043] [com.apple.appinstallation:TransactionLog] com.DefaultCompany.NeonDrift.run.1782638094.21137/Unknown Persona:4:10:2:1:App Asset Promise completed. Coordinator State: IXAppCoordinationStatePlaceholderPromiseNotSet
2026-06-28 17:19:59.932 Df installcoordinationd[28886:d8a044] [com.apple.installcoordination:daemon] -[IXSCoordinatedAppInstall setPlaceholderPromise:]: <IXSCoordinatedAppInstall<0x103a0c000> [P=CoreSimulatorBridge (pid 28523)] identifier:[com.DefaultCompany.NeonDrift.run.1782638094.21137/Invalid/[system-defined]] uuid:9233272A-D5E4-4E4A-8B0A-E6BF75CA0A58 intent:IXCoordinatorIntentUpdating creator/appDRI:InstallCoordination Simple SPI importance:UserWaiting state:IXAppCoordinationStateReadyForPlaceholderInstall promise-state:PA2I4> : Placeholder Promise set: <IXSPlaceholder(0x103924500) Name:App Placeholder: NeonDrift.run.1782638094.21137 (com.DefaultCompany.NeonDrift.run.1782638094.21137) Creator:InstallCoordination Simple SPI UUID:C5D4B8A2-AE3F-48F0-8A47-4CDB15F46112 Location:[system-defined]>
2026-06-28 17:19:59.932 Df installcoordinationd[28886:d89f73] [com.apple.installcoordination:daemon] -[IXSCoordinatedAppInstall promiseDidComplete:]: <IXSCoordinatedAppInstall<0x103a0c000> [P=CoreSimulatorBridge (pid 28523)] identifier:[com.DefaultCompany.NeonDrift.run.1782638094.21137/Invalid/[system-defined]] uuid:9233272A-D5E4-4E4A-8B0A-E6BF75CA0A58 intent:IXCoordinatorIntentUpdating creator/appDRI:InstallCoordination Simple SPI importance:UserWaiting state:IXAppCoordinationStateReadyForPlaceholderInstall promise-state:PA2I4> : Promise completed: <IXSPlaceholder(0x103924500) Name:App Placeholder: NeonDrift.run.1782638094.21137 (com.DefaultCompany.NeonDrift.run.1782638094.21137) Creator:InstallCoordination Simple SPI UUID:C5D4B8A2-AE3F-48F0-8A47-4CDB15F46112 Location:[system-defined]>
2026-06-28 17:19:59.932 Df CoreSimulatorBridge[28523:d8985c] [com.apple.installcoordination:framework] -[IXAppInstallCoordinator _clientDelegate_didUpdateProgress:forPhase:overallProgress:]: <IXUpdatingAppInstallCoordinator<0x104090d40> identity:[com.DefaultCompany.NeonDrift.run.1782638094.21137/Invalid/[system-defined]] uuid:9233272A-D5E4-4E4A-8B0A-E6BF75CA0A58 creator:InstallCoordination Simple SPI>: Got did update progress delegate with percentComplete 100.000000 phase IXCoordinatorProgressPhaseLoading overallProgress 60.000000
2026-06-28 17:19:59.932 Df CoreSimulatorBridge[28523:d8985c] [com.apple.installcoordination:framework] -[IXAppInstallCoordinator _clientDelegate_didUpdateProgress:forPhase:overallProgress:]_block_invoke: <IXUpdatingAppInstallCoordinator<0x104090d40> identity:[com.DefaultCompany.NeonDrift.run.1782638094.21137/Invalid/[system-defined]] uuid:9233272A-D5E4-4E4A-8B0A-E6BF75CA0A58 creator:InstallCoordination Simple SPI>: Calling selector coordinator:didUpdateProgress:forPhase:overallProgress: on observer <_IXSimpleInstallerDelegate 0x0x104059560>
2026-06-28 17:19:59.933 Df installcoordinationd[28886:d8a044] [com.apple.installcoordination:daemon] -[IXSCoordinatedAppInstall _onQueue_acquireAssertionAndInstallPlaceholder]: Acquiring termination assertion to install placeholder for [com.DefaultCompany.NeonDrift.run.1782638094.21137/Invalid/[system-defined]]
2026-06-28 17:19:59.933 Df installcoordinationd[28886:d8a044] [com.apple.installcoordination:daemon] -[IXSPendingOperationsTracker beginPendingOperationForIdentity:]_block_invoke: Beginning pending operation for [com.DefaultCompany.NeonDrift.run.1782638094.21137/Invalid/[system-defined]]
2026-06-28 17:19:59.936 Df runningboardd[28495:d898d6] [com.apple.runningboard:connection] Received termination request from [osservice<com.apple.installcoordinationd>:28886] on <RBSProcessPredicate <RBSProcessBundleIdentifierPredicate "com.DefaultCompany.NeonDrift.run.1782638094.21137">> with context <RBSTerminateContext| explanation:installcoordinationd app:[com.DefaultCompany.NeonDrift.run.1782638094.21137/Invalid/[system-defined]] uuid:9233272A-D5E4-4E4A-8B0A-E6BF75CA0A58 isPlaceholder:Y reportType:None maxTerminationResistance:Absolute attrs:[
	<RBSPreventLaunchLimitation| <RBSProcessPredicate <RBSProcessBundleIdentifierPredicate "com.DefaultCompany.NeonDrift.run.1782638094.21137">> allow:(null)>
	]>
2026-06-28 17:19:59.936 Df runningboardd[28495:d898d6] [com.apple.runningboard:general] Found 0 extensions contained in com.DefaultCompany.NeonDrift.run.1782638094.21137
2026-06-28 17:19:59.936 Df runningboardd[28495:d898d6] [com.apple.PlugInKit:holds] <PKManager:0x1054b2d20> hold request for [/Users/dragonkao/Library/Developer/CoreSimulator/Devices/CC47DE7A-8196-4465-A5A5-BB852C9C6C82/data/Containers/Bundle/Application/646A1BE4-33C8-4631-9A84-C2171AE0EA71/NeonDrift.run.1782638094.21137.app] with flags: 0x4
2026-06-28 17:19:59.937 Df runningboardd[28495:d898da] [com.apple.PlugInKit:holds] <PKManager:0x1054b2d20> hold request for [/Users/dragonkao/Library/Developer/CoreSimulator/Devices/CC47DE7A-8196-4465-A5A5-BB852C9C6C82/data/Containers/Bundle/Application/646A1BE4-33C8-4631-9A84-C2171AE0EA71/NeonDrift.run.1782638094.21137.app] with flags: 0x4 completed with hold token: [6C21A49E-1918-4B9A-BD67-05BB7E58C25B]
2026-06-28 17:19:59.937 Df runningboardd[28495:d898da] [com.apple.runningboard:ttl] Acquiring assertion targeting system from originator [osservice<com.apple.installcoordinationd>:28886] with description <RBSAssertionDescriptor| "installcoordinationd app:[com.DefaultCompany.NeonDrift.run.1782638094.21137/Invalid/[system-defined]] uuid:9233272A-D5E4-4E4A-8B0A-E6BF75CA0A58 isPlaceholder:Y" ID:28495-28886-200 target:system attributes:[
	<RBSPreventLaunchLimitation| <RBSProcessPredicate <RBSProcessBundleIdentifierPredicate "com.DefaultCompany.NeonDrift.run.1782638094.21137">> allow:(null)>
	]>
2026-06-28 17:19:59.938 Df SpringBoard[28855:d89db6] [com.apple.SpringBoard:Common] termination assertion acquired for com.DefaultCompany.NeonDrift.run.1782638094.21137
2026-06-28 17:19:59.938 Df runningboardd[28495:d898da] [com.apple.runningboard:process] Executing termination request for: <RBSProcessPredicate <RBSProcessBundleIdentifierPredicate "com.DefaultCompany.NeonDrift.run.1782638094.21137">>
2026-06-28 17:19:59.938 Df SpringBoard[28855:d89db6] [com.apple.SpringBoard:Icon] 0x10cf4a640-SBApplicationIcon Data source did change: <SBApplication: 0x10cfcbe00; com.DefaultCompany.NeonDrift.run.1782638094.21137> {
} (SBApplication)
2026-06-28 17:19:59.939 Df installcoordinationd[28886:d8a044] [com.apple.installcoordination:daemon] -[IXSCoordinatedAppInstall assertionAcquiredCallback]: RBS termination assertion observer called for <IXSCoordinatedAppInstall<0x103a0c000> [P=CoreSimulatorBridge (pid 28523)] identifier:[com.DefaultCompany.NeonDrift.run.1782638094.21137/Invalid/[system-defined]] uuid:9233272A-D5E4-4E4A-8B0A-E6BF75CA0A58 intent:IXCoordinatorIntentUpdating creator/appDRI:InstallCoordination Simple SPI importance:UserWaiting state:IXAppCoordinationStateWaitingForPlaceholderAssertion promise-state:PA2I4>
2026-06-28 17:19:59.939 Df installcoordinationd[28886:d8a043] [com.apple.appinstallation:TransactionLog] com.DefaultCompany.NeonDrift.run.1782638094.21137/Unknown Persona:4:9:1:1:Placeholder Promise began. Coordinator State: IXAppCoordinationStateWaitingForPlaceholderAssertion
2026-06-28 17:19:59.939 Df installcoordinationd[28886:d8a043] [com.apple.installcoordination:daemon] -[IXSCoordinatorProgress setTotalUnitsCompleted:]: Progress for coordinator: [com.DefaultCompany.NeonDrift.run.1782638094.21137/Invalid/[system-defined]], Phase: IXCoordinatorProgressPhaseLoading, Percentage: 100.000000: Attempt to set units completed on finished progress: 100
2026-06-28 17:19:59.939 Df installcoordinationd[28886:d8a043] [com.apple.appinstallation:TransactionLog] com.DefaultCompany.NeonDrift.run.1782638094.21137/Unknown Persona:4:9:2:1:Placeholder Promise completed. Coordinator State: IXAppCoordinationStateWaitingForPlaceholderAssertion
2026-06-28 17:19:59.939 Df installcoordinationd[28886:d8a043] [com.apple.installcoordination:daemon] -[IXSCoordinatedAppInstall _onQueue_installPlaceholder]: Acquired termination assertion for placeholder [com.DefaultCompany.NeonDrift.run.1782638094.21137/Invalid/[system-defined]]; proceeding with install.
