Timestamp               Ty Process[PID:TID]
2026-06-25 00:03:24.826 Df SpringBoard[668:17e385] [com.apple.frontboard.ApplicationLibrary:default] Added application: <SBApplicationInfo: 0x1085eb900; com.DefaultCompany.NeonDrift (NeonDrift)>
2026-06-25 00:03:24.866 Df SpringBoard[668:17e385] [com.apple.appinstallation:TransactionLog] com.DefaultCompany.NeonDrift/Unknown Persona:10:10:3:1:Application added
2026-06-25 00:03:24.931 Df SpringBoard[668:17e385] [com.apple.SpringBoard:Icon] <<SBLeafIcon:0x108563c00 [com.DefaultCompany.NeonDrift]>> Changing active data source: <SBApplicationIcon: 0x108563c00; nodeID: com.DefaultCompany.NeonDrift; bundleID: com.DefaultCompany.NeonDrift>
2026-06-25 00:03:24.931 Df SpringBoard[668:17e385] [com.apple.SpringBoard:Icon] <<SBLeafIcon:0x108563c00 [com.DefaultCompany.NeonDrift]>> Changing from data souce: (null) to data source:com.DefaultCompany.NeonDrift.
2026-06-25 00:03:24.945 Df SpringBoard[668:17e385] [com.apple.SplashBoard:FileManifest] com.DefaultCompany.NeonDrift Manifest is empty; purging everything at /Users/dragonkao/Library/Developer/CoreSimulator/Devices/CC47DE7A-8196-4465-A5A5-BB852C9C6C82/data/Containers/Data/Application/F12119FD-F5F6-4102-9993-0BAF7895E4FE/Library/SplashBoard/Snapshots
2026-06-25 00:03:25.932 Df SpringBoard[668:17e385] [com.apple.SpringBoard:ProactiveAppLibrary] Initialized app library w/ persisted library category map: <SBHLibraryMutableCategoryMap: 0x12259b3c0; generatedDate: 2026-06-24 14:02:26 +0000; uniqueIdentifier: 35227298-A976-4FA5-B16E-5F27394F717E; loadedFromDisk: YES; _localizedCategoryNameByCategoryIdentifier: (empty)> categoryIdentifiers = {
    3000;
    3001;
}
sortedApplicationIdentifiersByCategoryIdentifier = {
    <SBHLibraryCategoryIdentifier: 0x122814570; localizedDisplayName: Other> = {
        com.DefaultCompany.NeonDrift;
    }
    <SBHLibraryCategoryIdentifier: 0x122814690; localizedDisplayName: " System"> = {
        com.apple.Bridge;
        com.apple.DocumentsApp;
        com.apple.Fitness;
        com.apple.Health;
        com.apple.Maps;
        com.apple.MobileAddressBook;
        com.apple.MobileSMS;
        com.apple.Passbook;
        com.apple.Passwords;
        com.apple.Preferences;
        com.apple.Preview;
        com.apple.mobilecal;
        com.apple.mobilesafari;
        com.apple.mobileslideshow;
        com.apple.news;
        com.apple.reminders;
        com.apple.shor
2026-06-25 00:03:25.992 Df SpringBoard[668:17e65d] [com.apple.SplashBoard:FileManifest] <XBApplicationSnapshotManifestImpl: 0x10879ea80> [com.DefaultCompany.NeonDrift] We don't have any snapshots, so we're clearing our manifest data.
2026-06-25 00:03:25.994 Df SpringBoard[668:17e385] [com.apple.SpringBoard:Library] Installing category map <SBHLibraryMutableCategoryMap: 0x12259b3c0; generatedDate: 2026-06-24 14:02:26 +0000; uniqueIdentifier: 35227298-A976-4FA5-B16E-5F27394F717E; loadedFromDisk: YES; _localizedCategoryNameByCategoryIdentifier: (empty)> categoryIdentifiers = {
    3000;
    3001;
}
sortedApplicationIdentifiersByCategoryIdentifier = {
    <SBHLibraryCategoryIdentifier: 0x122814570; localizedDisplayName: Other> = {
        com.DefaultCompany.NeonDrift;
    }
    <SBHLibraryCategoryIdentifier: 0x122814690; localizedDisplayName: " System"> = {
        com.apple.Bridge;
        com.apple.DocumentsApp;
        com.apple.Fitness;
        com.apple.Health;
        com.apple.Maps;
        com.apple.MobileAddressBook;
        com.apple.MobileSMS;
        com.apple.Passbook;
        com.apple.Passwords;
        com.apple.Preferences;
        com.apple.Preview;
        com.apple.mobilecal;
        com.apple.mobilesafari;
        com.apple.mobileslideshow;
        com.apple.news;
        com.apple.reminders;
        com.apple.shor - animated <decode: missing data>
2026-06-25 00:03:26.248 Df SpringBoard[668:17e661] [com.apple.UserNotifications:DataProviderFactory] [com.DefaultCompany.NeonDrift] Application installed using default data provider
2026-06-25 00:03:26.374 Df SpringBoard[668:17e661] [com.apple.UserNotifications:Settings] Getting sectionInfos for section identifiers: {(
    "com.apple.Sharing.WatchRemoteNotifications",
    "com.apple.ScreenTimeDowntimeNotifications",
    "com.apple.Passbook",
    "com.apple.SoundDetectionNotifications",
    "com.apple.mobileslideshow",
    "com.apple.SystemIntents",
    "com.apple.Home",
    "com.apple.EscrowSecurityAlert",
    "com.apple.CarPlayApp",
    "com.apple.MusicKit.UI",
    "com.apple.Maps",
    "com.apple.musicrecognition",
    "com.apple.voicebanking.usernotifications",
    "com.apple.VoiceOverNotifications",
    "com.apple.LiveListenNotifications",
    "com.apple.CarPlayTemplateUIHost",
    "com.apple.NanoUniverse.AegirProxyApp",
    "com.apple.VoiceOverTouch",
    "com.apple.Health",
    "com.apple.Fitness",
    "com.apple.UIKit.OverlayUI",
    "com.DefaultCompany.NeonDrift",
    "com.apple.ScreenTimeEnabledNotifications",
    "com.apple.ctnotifytool",
    "com.apple.livetranscriptionui",
    "com.apple.ScreenTimeNotifications",
    "com.apple.Passwords",
    "com.apple.Sharing.TVRemoteNotifications",
    "com.apple
2026-06-25 00:03:26.375 Df SpringBoard[668:17e65f] [com.apple.UserNotifications:Settings] [{(
    "com.apple.Sharing.WatchRemoteNotifications",
    "com.apple.ScreenTimeDowntimeNotifications",
    "com.apple.Passbook",
    "com.apple.SoundDetectionNotifications",
    "com.apple.mobileslideshow",
    "com.apple.SystemIntents",
    "com.apple.Home",
    "com.apple.EscrowSecurityAlert",
    "com.apple.CarPlayApp",
    "com.apple.MusicKit.UI",
    "com.apple.Maps",
    "com.apple.musicrecognition",
    "com.apple.voicebanking.usernotifications",
    "com.apple.VoiceOverNotifications",
    "com.apple.LiveListenNotifications",
    "com.apple.CarPlayTemplateUIHost",
    "com.apple.NanoUniverse.AegirProxyApp",
    "com.apple.VoiceOverTouch",
    "com.apple.Health",
    "com.apple.Fitness",
    "com.apple.UIKit.OverlayUI",
    "com.DefaultCompany.NeonDrift",
    "com.apple.ScreenTimeEnabledNotifications",
    "com.apple.ctnotifytool",
    "com.apple.livetranscriptionui",
    "com.apple.ScreenTimeNotifications",
    "com.apple.Passwords",
    "com.apple.Sharing.TVRemoteNotifications",
    "com.apple] Got section infos [ hasResult: <decode: missing data> ]
2026-06-25 00:03:27.732 Df CoreSimulatorBridge[700:17e40a] Request received for installation of file:///Users/dragonkao/.openclaw/workspace/382b9e3384298039b171c9b2a60ae644/NeonDrift_MVP/project/xcode_derived_data/Build/Products/Release-iphonesimulator/NeonDrift.app/ with options: {
    PackageType = Developer;
    SimulatorRootPath = "/Library/Developer/CoreSimulator/Volumes/iOS_23E254a/Library/Developer/CoreSimulator/Profiles/Runtimes/iOS 26.4.simruntime/Contents/Resources/RuntimeRoot";
    SimulatorUserPath = "/Users/dragonkao/Library/Developer/CoreSimulator/Devices/CC47DE7A-8196-4465-A5A5-BB852C9C6C82/data";
}
2026-06-25 00:03:27.733 Df CoreSimulatorBridge[700:17e40a] [com.apple.installcoordination:framework] +[IXAppInstallCoordinator(IXSimpleInstaller) _beginInstallForURL:forPersonaUniqueString:consumeSource:options:progressBlock:completionWithIdentity:]: Beginning install for /Users/dragonkao/.openclaw/workspace/382b9e3384298039b171c9b2a60ae644/NeonDrift_MVP/project/xcode_derived_data/Build/Products/Release-iphonesimulator/NeonDrift.app consuming source:N options:{
    IsUserInitiated = 1;
    PackageType = Developer;
} installationRequestorAuditToken: NULL
2026-06-25 00:03:28.872 Df installcoordinationd[816:17e97e] [com.apple.installcoordination:daemon] -[IXSDataPromiseManager registerPromise:]: Registered promise <IXSPlaceholder(0x106124500) Name:App Placeholder: NeonDrift (com.DefaultCompany.NeonDrift) Creator:InstallCoordination Simple SPI UUID:5820D94D-EFDB-4E05-9C34-5750368426D9 Location:[system-defined]> for UUID 5820D94D-EFDB-4E05-9C34-5750368426D9
2026-06-25 00:03:28.878 Df installcoordinationd[816:17e97e] [com.apple.installcoordination:daemon] -[IXSPlaceholder setAttributes:]: <IXSPlaceholder(0x106124500) Name:App Placeholder: NeonDrift (com.DefaultCompany.NeonDrift) Creator:InstallCoordination Simple SPI UUID:5820D94D-EFDB-4E05-9C34-5750368426D9 Location:[system-defined]>: setting placeholder attributes to <IXPlaceholderAttributes<0x1060c86e0> : {
    CFBundleShortVersionString = "1.0";
    CFBundleSupportedPlatforms =     (
        iPhoneSimulator
    );
    CFBundleVersion = 0;
    DTPlatformName = iphonesimulator;
    LSRequiresIPhoneOS = 1;
    MinimumOSVersion = "13.0";
    UIDeviceFamily =     (
        1,
        2
    );
    UIRequiredDeviceCapabilities =     {
        arm64 = 1;
        metal = 1;
    };
}>
2026-06-25 00:03:28.879 Df CoreSimulatorBridge[700:17e49b] [com.apple.installcoordination:framework] +[IXPlaceholder _setEntitlementsFromBundleExecutableURL:withBundleID:client:onPlaceholder:location:error:]: Executable for com.DefaultCompany.NeonDrift at NeonDrift -- file:///Users/dragonkao/.openclaw/workspace/382b9e3384298039b171c9b2a60ae644/NeonDrift_MVP/project/xcode_derived_data/Build/Products/Release-iphonesimulator/NeonDrift.app/ had no entitlements
2026-06-25 00:03:28.879 Df CoreSimulatorBridge[700:17e49b] [com.apple.installcoordination:framework] +[IXPlaceholder _placeholderForBundle:client:withParent:installType:metadata:placeholderType:mayBeDeltaPackage:isFromSerializedPlaceholder:location:error:]: Using full fidelity icons for com.DefaultCompany.NeonDrift at /Users/dragonkao/.openclaw/workspace/382b9e3384298039b171c9b2a60ae644/NeonDrift_MVP/project/xcode_derived_data/Build/Products/Release-iphonesimulator/NeonDrift.app
2026-06-25 00:03:28.880 Df installcoordinationd[816:17e97e] [com.apple.installcoordination:daemon] -[IXSDataPromiseManager registerPromise:]: Registered promise <IXSPromisedTransferToPath(0x1060f9000) Name:Icon resources for com.DefaultCompany.NeonDrift Creator:InstallCoordination Simple SPI UUID:B2C9B3D2-95F6-47E3-987F-9384F9E80EE8 Location:[system-defined]> for UUID B2C9B3D2-95F6-47E3-987F-9384F9E80EE8
2026-06-25 00:03:28.886 Df CoreSimulatorBridge[700:17e49b] [com.apple.installcoordination:framework] -[IXPromisedTransferToPath setComplete:]: <IXPromisedTransferToPath<0x105c90f80> name:"Icon resources for com.DefaultCompany.NeonDrift" uuid:B2C9B3D2-95F6-47E3-987F-9384F9E80EE8 creator:"InstallCoordination Simple SPI" location:[system-defined]> Move operation from /Users/dragonkao/Library/Developer/CoreSimulator/Devices/CC47DE7A-8196-4465-A5A5-BB852C9C6C82/data/Containers/Shared/SystemGroup/systemgroup.com.apple.installcoordinationd/Library/InstallCoordination/PromiseStaging/B2C9B3D2-95F6-47E3-987F-9384F9E80EE8/temp.YVd25L to /Users/dragonkao/Library/Developer/CoreSimulator/Devices/CC47DE7A-8196-4465-A5A5-BB852C9C6C82/data/Containers/Shared/SystemGroup/systemgroup.com.apple.installcoordinationd/Library/InstallCoordination/PromiseStaging/B2C9B3D2-95F6-47E3-987F-9384F9E80EE8/temp.YVd25L took 0.000084 seconds
2026-06-25 00:03:28.888 Df installcoordinationd[816:17e97e] [com.apple.installcoordination:daemon] -[IXSDataPromise _setPercentComplete:saveStateIfNeeded:]: Progress: <IXSPromisedTransferToPath(0x1060f9000) Name:Icon resources for com.DefaultCompany.NeonDrift Creator:InstallCoordination Simple SPI UUID:B2C9B3D2-95F6-47E3-987F-9384F9E80EE8 Location:[system-defined]>
2026-06-25 00:03:28.888 Df installcoordinationd[816:17e9c4] [com.apple.installcoordination:daemon] -[IXSDataPromiseManager promiseDidBegin:]: Unowned promise began: <IXSPromisedTransferToPath(0x1060f9000) Name:Icon resources for com.DefaultCompany.NeonDrift Creator:InstallCoordination Simple SPI UUID:B2C9B3D2-95F6-47E3-987F-9384F9E80EE8 Location:[system-defined]>
2026-06-25 00:03:28.888 Df installcoordinationd[816:17e9c4] [com.apple.installcoordination:daemon] -[IXSDataPromiseManager promise:didUpdateProgress:]: Unowned promise update progress to 1.000000 : <IXSPromisedTransferToPath(0x1060f9000) Name:Icon resources for com.DefaultCompany.NeonDrift Creator:InstallCoordination Simple SPI UUID:B2C9B3D2-95F6-47E3-987F-9384F9E80EE8 Location:[system-defined]>
2026-06-25 00:03:28.888 Df installcoordinationd[816:17e97e] [com.apple.installcoordination:daemon] -[IXSDataPromiseManager promiseDidComplete:]: Unowned promise completed: <IXSPromisedTransferToPath(0x1060f9000) Name:Icon resources for com.DefaultCompany.NeonDrift Creator:InstallCoordination Simple SPI UUID:B2C9B3D2-95F6-47E3-987F-9384F9E80EE8 Location:[system-defined]>
2026-06-25 00:03:28.890 Df installcoordinationd[816:17e97e] [com.apple.installcoordination:daemon] -[IXSDataPromise _setPercentComplete:saveStateIfNeeded:]: Progress: <IXSPromisedInMemoryDictionary(0x1060f9180) Name:Info.plist icon content for com.DefaultCompany.NeonDrift Creator:InstallCoordination Simple SPI UUID:BEA783FF-F27E-437E-8709-88AB5DB6ACF4 Location:[system-defined]>
2026-06-25 00:03:28.890 Df installcoordinationd[816:17e97e] [com.apple.installcoordination:daemon] -[IXSDataPromiseManager registerPromise:]: Registered promise <IXSPromisedInMemoryDictionary(0x1060f9180) Name:Info.plist icon content for com.DefaultCompany.NeonDrift Creator:InstallCoordination Simple SPI UUID:BEA783FF-F27E-437E-8709-88AB5DB6ACF4 Location:[system-defined]> for UUID BEA783FF-F27E-437E-8709-88AB5DB6ACF4
2026-06-25 00:03:28.891 Df installcoordinationd[816:17e9c3] [com.apple.installcoordination:daemon] -[IXSDataPromiseManager promiseDidBegin:]: Unowned promise began: <IXSPromisedInMemoryDictionary(0x1060f9180) Name:Info.plist icon content for com.DefaultCompany.NeonDrift Creator:InstallCoordination Simple SPI UUID:BEA783FF-F27E-437E-8709-88AB5DB6ACF4 Location:[system-defined]>
2026-06-25 00:03:28.891 Df installcoordinationd[816:17e9c3] [com.apple.installcoordination:daemon] -[IXSDataPromiseManager promise:didUpdateProgress:]: Unowned promise update progress to 1.000000 : <IXSPromisedInMemoryDictionary(0x1060f9180) Name:Info.plist icon content for com.DefaultCompany.NeonDrift Creator:InstallCoordination Simple SPI UUID:BEA783FF-F27E-437E-8709-88AB5DB6ACF4 Location:[system-defined]>
2026-06-25 00:03:28.891 Df installcoordinationd[816:17e9c3] [com.apple.installcoordination:daemon] -[IXSDataPromiseManager promiseDidComplete:]: Unowned promise completed: <IXSPromisedInMemoryDictionary(0x1060f9180) Name:Info.plist icon content for com.DefaultCompany.NeonDrift Creator:InstallCoordination Simple SPI UUID:BEA783FF-F27E-437E-8709-88AB5DB6ACF4 Location:[system-defined]>
2026-06-25 00:03:28.891 Df installcoordinationd[816:17e97e] [com.apple.installcoordination:daemon] -[IXSPlaceholder setIconResourcesPromise:]: <IXSPlaceholder(0x106124500) Name:App Placeholder: NeonDrift (com.DefaultCompany.NeonDrift) Creator:InstallCoordination Simple SPI UUID:5820D94D-EFDB-4E05-9C34-5750368426D9 Location:[system-defined]>: setting icon resources promise to <IXSPromisedTransferToPath(0x1060f9000) Name:Icon resources for com.DefaultCompany.NeonDrift Creator:InstallCoordination Simple SPI UUID:B2C9B3D2-95F6-47E3-987F-9384F9E80EE8 Location:[system-defined]>
2026-06-25 00:03:28.892 Df installcoordinationd[816:17e97e] [com.apple.installcoordination:daemon] -[IXSPlaceholder setInfoPlistIconContentPromise:]: <IXSPlaceholder(0x106124500) Name:App Placeholder: NeonDrift (com.DefaultCompany.NeonDrift) Creator:InstallCoordination Simple SPI UUID:5820D94D-EFDB-4E05-9C34-5750368426D9 Location:[system-defined]>: setting Info.plist icon content promise to <IXSPromisedInMemoryDictionary(0x1060f9180) Name:Info.plist icon content for com.DefaultCompany.NeonDrift Creator:InstallCoordination Simple SPI UUID:BEA783FF-F27E-437E-8709-88AB5DB6ACF4 Location:[system-defined]>
2026-06-25 00:03:28.893 Df installcoordinationd[816:17e9c4] [com.apple.installcoordination:daemon] -[IXSDataPromiseManager promiseDidBegin:]: Unowned promise began: <IXSPlaceholder(0x106124500) Name:App Placeholder: NeonDrift (com.DefaultCompany.NeonDrift) Creator:InstallCoordination Simple SPI UUID:5820D94D-EFDB-4E05-9C34-5750368426D9 Location:[system-defined]>
2026-06-25 00:03:28.893 Df installcoordinationd[816:17e9c4] [com.apple.installcoordination:daemon] -[IXSDataPromiseManager promise:didUpdateProgress:]: Unowned promise update progress to 0.000000 : <IXSPlaceholder(0x106124500) Name:App Placeholder: NeonDrift (com.DefaultCompany.NeonDrift) Creator:InstallCoordination Simple SPI UUID:5820D94D-EFDB-4E05-9C34-5750368426D9 Location:[system-defined]>
2026-06-25 00:03:28.893 Df installcoordinationd[816:17e9c4] [com.apple.installcoordination:daemon] -[IXSDataPromiseManager promise:didUpdateProgress:]: Unowned promise update progress to 0.000000 : <IXSPlaceholder(0x106124500) Name:App Placeholder: NeonDrift (com.DefaultCompany.NeonDrift) Creator:InstallCoordination Simple SPI UUID:5820D94D-EFDB-4E05-9C34-5750368426D9 Location:[system-defined]>
2026-06-25 00:03:28.895 Df installcoordinationd[816:17e9c4] [com.apple.installcoordination:daemon] -[IXSDataPromise _setPercentComplete:saveStateIfNeeded:]: Progress: <IXSPromisedInMemoryDictionary(0x1060f9300) Name:Localizations for com.DefaultCompany.NeonDrift Creator:InstallCoordination Simple SPI UUID:1627B5BD-A427-426C-B46D-AA6FA0FD951E Location:[system-defined]>
2026-06-25 00:03:28.896 Df installcoordinationd[816:17e9c4] [com.apple.installcoordination:daemon] -[IXSDataPromiseManager registerPromise:]: Registered promise <IXSPromisedInMemoryDictionary(0x1060f9300) Name:Localizations for com.DefaultCompany.NeonDrift Creator:InstallCoordination Simple SPI UUID:1627B5BD-A427-426C-B46D-AA6FA0FD951E Location:[system-defined]> for UUID 1627B5BD-A427-426C-B46D-AA6FA0FD951E
2026-06-25 00:03:28.896 Df installcoordinationd[816:17e97e] [com.apple.installcoordination:daemon] -[IXSDataPromiseManager promiseDidBegin:]: Unowned promise began: <IXSPromisedInMemoryDictionary(0x1060f9300) Name:Localizations for com.DefaultCompany.NeonDrift Creator:InstallCoordination Simple SPI UUID:1627B5BD-A427-426C-B46D-AA6FA0FD951E Location:[system-defined]>
2026-06-25 00:03:28.896 Df installcoordinationd[816:17e97e] [com.apple.installcoordination:daemon] -[IXSDataPromiseManager promise:didUpdateProgress:]: Unowned promise update progress to 1.000000 : <IXSPromisedInMemoryDictionary(0x1060f9300) Name:Localizations for com.DefaultCompany.NeonDrift Creator:InstallCoordination Simple SPI UUID:1627B5BD-A427-426C-B46D-AA6FA0FD951E Location:[system-defined]>
2026-06-25 00:03:28.896 Df installcoordinationd[816:17e97e] [com.apple.installcoordination:daemon] -[IXSDataPromiseManager promiseDidComplete:]: Unowned promise completed: <IXSPromisedInMemoryDictionary(0x1060f9300) Name:Localizations for com.DefaultCompany.NeonDrift Creator:InstallCoordination Simple SPI UUID:1627B5BD-A427-426C-B46D-AA6FA0FD951E Location:[system-defined]>
2026-06-25 00:03:28.897 Df installcoordinationd[816:17e9c4] [com.apple.installcoordination:daemon] -[IXSPlaceholder setLocalizationDictionaryPromise:]: <IXSPlaceholder(0x106124500) Name:App Placeholder: NeonDrift (com.DefaultCompany.NeonDrift) Creator:InstallCoordination Simple SPI UUID:5820D94D-EFDB-4E05-9C34-5750368426D9 Location:[system-defined]>: setting localization dict promise to <IXSPromisedInMemoryDictionary(0x1060f9300) Name:Localizations for com.DefaultCompany.NeonDrift Creator:InstallCoordination Simple SPI UUID:1627B5BD-A427-426C-B46D-AA6FA0FD951E Location:[system-defined]>
2026-06-25 00:03:28.898 Df installcoordinationd[816:17e9c4] [com.apple.installcoordination:daemon] -[IXSDataPromiseManager promise:didUpdateProgress:]: Unowned promise update progress to 0.000000 : <IXSPlaceholder(0x106124500) Name:App Placeholder: NeonDrift (com.DefaultCompany.NeonDrift) Creator:InstallCoordination Simple SPI UUID:5820D94D-EFDB-4E05-9C34-5750368426D9 Location:[system-defined]>
2026-06-25 00:03:28.898 Df installcoordinationd[816:17e9c3] [com.apple.installcoordination:daemon] -[IXSPlaceholder setConfigurationComplete:]: <IXSPlaceholder(0x106124500) Name:App Placeholder: NeonDrift (com.DefaultCompany.NeonDrift) Creator:InstallCoordination Simple SPI UUID:5820D94D-EFDB-4E05-9C34-5750368426D9 Location:[system-defined]>: setting configuration complete to Y
2026-06-25 00:03:28.899 Df installcoordinationd[816:17e9c3] [com.apple.installcoordination:daemon] -[IXSPlaceholder _materialize]: <IXSPlaceholder(0x106124500) Name:App Placeholder: NeonDrift (com.DefaultCompany.NeonDrift) Creator:InstallCoordination Simple SPI UUID:5820D94D-EFDB-4E05-9C34-5750368426D9 Location:[system-defined]>: Materializing placeholder at /Users/dragonkao/Library/Developer/CoreSimulator/Devices/CC47DE7A-8196-4465-A5A5-BB852C9C6C82/data/Containers/Shared/SystemGroup/systemgroup.com.apple.installcoordinationd/Library/InstallCoordination/PromiseStaging/5820D94D-EFDB-4E05-9C34-5750368426D9/NeonDrift.app
2026-06-25 00:03:28.899 Df installcoordinationd[816:17e9c3] [com.apple.installcoordination:daemon] -[IXSPlaceholder _materialize]: <IXSPlaceholder(0x106124500) Name:App Placeholder: NeonDrift (com.DefaultCompany.NeonDrift) Creator:InstallCoordination Simple SPI UUID:5820D94D-EFDB-4E05-9C34-5750368426D9 Location:[system-defined]>: Using Info.plist icon content: {
    CFBundleIcons =     {
        CFBundlePrimaryIcon =         {
            CFBundleIconName = AppIcon;
        };
    };
    "CFBundleIcons~ipad" =     {
        CFBundlePrimaryIcon =         {
            CFBundleIconName = AppIcon;
        };
    };
    ISIconPlatform = iPhoneOS;
}
2026-06-25 00:03:28.900 Df installcoordinationd[816:17e9c3] [com.apple.installcoordination:daemon] -[IXSPlaceholder _materialize]_block_invoke: <IXSPlaceholder(0x106124500) Name:App Placeholder: NeonDrift (com.DefaultCompany.NeonDrift) Creator:InstallCoordination Simple SPI UUID:5820D94D-EFDB-4E05-9C34-5750368426D9 Location:[system-defined]>: Using icon resource Assets.car
2026-06-25 00:03:28.900 Df installcoordinationd[816:17e9c3] [com.apple.installcoordination:daemon] -[IXSPlaceholder _materialize]: <IXSPlaceholder(0x106124500) Name:App Placeholder: NeonDrift (com.DefaultCompany.NeonDrift) Creator:InstallCoordination Simple SPI UUID:5820D94D-EFDB-4E05-9C34-5750368426D9 Location:[system-defined]>: Including lproj localizations for (
)
2026-06-25 00:03:28.901 Df installcoordinationd[816:17e9c4] [com.apple.installcoordination:daemon] -[IXSDataPromiseManager promiseDidComplete:]: Unowned promise completed: <IXSPlaceholder(0x106124500) Name:App Placeholder: NeonDrift (com.DefaultCompany.NeonDrift) Creator:InstallCoordination Simple SPI UUID:5820D94D-EFDB-4E05-9C34-5750368426D9 Location:[system-defined]>
2026-06-25 00:03:28.903 Df installcoordinationd[816:17e9c4] [com.apple.installcoordination:daemon] -[IXSDataPromiseManager registerPromise:]: Registered promise <IXSPromisedTransferToPath(0x1060f9480) Name:App Asset: com.DefaultCompany.NeonDrift Creator:InstallCoordination Simple SPI UUID:2E78173A-35FD-4E2D-A857-40F6041D052E Location:[system-defined]> for UUID 2E78173A-35FD-4E2D-A857-40F6041D052E
2026-06-25 00:03:28.907 Df installcoordinationd[816:17e9c4] [com.apple.installcoordination:daemon] -[IXSCoordinatorManager coordinatorForIdentity:connection:error:creatingIfNotExisting:]_block_invoke: Registered coordinator: <IXSCoordinatedAppInstall<0x106204000> [P=CoreSimulatorBridge (pid 700)] identifier:[com.DefaultCompany.NeonDrift/Invalid/[system-defined]] uuid:48ABC1CE-2C1A-4746-A17E-65B455D39D3B intent:IXCoordinatorIntentUpdating creator/appDRI:InstallCoordination Simple SPI importance:Background state:IXAppCoordinationStatePlaceholderPromiseNotSet promise-state:01234>
2026-06-25 00:03:28.907 Df installcoordinationd[816:17e9c4] [com.apple.appinstallation:TransactionLog] com.DefaultCompany.NeonDrift/Unknown Persona:4:2:1:1:Created coordinator with intent IXCoordinatorIntentUpdating for client InstallCoordination Simple SPI
2026-06-25 00:03:28.908 Df installcoordinationd[816:17e9c4] [com.apple.installcoordination:daemon] -[IXSCoordinatedAppInstall setPriorityBoostCompletion:withSourceInfo:]: <IXSCoordinatedAppInstall<0x106204000> [P=CoreSimulatorBridge (pid 700)] identifier:[com.DefaultCompany.NeonDrift/Invalid/[system-defined]] uuid:48ABC1CE-2C1A-4746-A17E-65B455D39D3B intent:IXCoordinatorIntentUpdating creator/appDRI:InstallCoordination Simple SPI importance:Background state:IXAppCoordinationStatePlaceholderPromiseNotSet promise-state:01234>: Retaining completion from CoreSimulatorBridge (700), QOS_CLASS_DEFAULT (0x15)
2026-06-25 00:03:28.908 Df installcoordinationd[816:17e9c4] [com.apple.installcoordination:daemon] -[IXSCoordinatedAppInstall _onQueue_fireObserversForClient:]: <IXSCoordinatedAppInstall<0x106204000> [P=CoreSimulatorBridge (pid 700)] identifier:[com.DefaultCompany.NeonDrift/Invalid/[system-defined]] uuid:48ABC1CE-2C1A-4746-A17E-65B455D39D3B intent:IXCoordinatorIntentUpdating creator/appDRI:InstallCoordination Simple SPI importance:Background state:IXAppCoordinationStatePlaceholderPromiseNotSet promise-state:01234>: Firing applicable observers for client <IXSClientConnection<0x106058960> client:CoreSimulatorBridge (pid 700) uuid:7A8C0539-01FF-44D9-9098-88CBE677B083>
2026-06-25 00:03:28.908 Df installcoordinationd[816:17e9c4] [com.apple.installcoordination:daemon] -[IXSCoordinatedAppInstall setImportance:]: <IXSCoordinatedAppInstall<0x106204000> [P=CoreSimulatorBridge (pid 700)] identifier:[com.DefaultCompany.NeonDrift/Invalid/[system-defined]] uuid:48ABC1CE-2C1A-4746-A17E-65B455D39D3B intent:IXCoordinatorIntentUpdating creator/appDRI:InstallCoordination Simple SPI importance:UserWaiting state:IXAppCoordinationStatePlaceholderPromiseNotSet promise-state:01234>: set importance to UserWaiting
2026-06-25 00:03:28.908 Df CoreSimulatorBridge[700:17e49a] [com.apple.installcoordination:framework] -[IXAppInstallCoordinator _clientDelegate_didRegisterForObservation]: <IXUpdatingAppInstallCoordinator<0x105c91980> identity:[com.DefaultCompany.NeonDrift/Invalid/[system-defined]] uuid:48ABC1CE-2C1A-4746-A17E-65B455D39D3B creator:InstallCoordination Simple SPI>: Got observer registration delegate
2026-06-25 00:03:28.908 Df CoreSimulatorBridge[700:17e49a] [com.apple.installcoordination:framework] -[IXAppInstallCoordinator _clientDelegate_shouldResume]: <IXUpdatingAppInstallCoordinator<0x105c91980> identity:[com.DefaultCompany.NeonDrift/Invalid/[system-defined]] uuid:48ABC1CE-2C1A-4746-A17E-65B455D39D3B creator:InstallCoordination Simple SPI>: Got should resume delegate
2026-06-25 00:03:28.908 Df CoreSimulatorBridge[700:17e49a] [com.apple.installcoordination:framework] -[IXAppInstallCoordinator _clientDelegate_didRegisterForObservation]_block_invoke: <IXUpdatingAppInstallCoordinator<0x105c91980> identity:[com.DefaultCompany.NeonDrift/Invalid/[system-defined]] uuid:48ABC1CE-2C1A-4746-A17E-65B455D39D3B creator:InstallCoordination Simple SPI>: Observer <_IXSimpleInstallerDelegate 0x0x105c5a400> does not respond to coordinatorDidRegisterForObservation:
2026-06-25 00:03:28.908 Df CoreSimulatorBridge[700:17e49a] [com.apple.installcoordination:framework] -[IXAppInstallCoordinator _clientDelegate_shouldResume]_block_invoke: <IXUpdatingAppInstallCoordinator<0x105c91980> identity:[com.DefaultCompany.NeonDrift/Invalid/[system-defined]] uuid:48ABC1CE-2C1A-4746-A17E-65B455D39D3B creator:InstallCoordination Simple SPI>: Observer <_IXSimpleInstallerDelegate 0x0x105c5a400> does not respond to coordinatorShouldResume:
2026-06-25 00:03:28.909 Df installcoordinationd[816:17e9c4] [com.apple.installcoordination:daemon] -[IXSCoordinatedAppInstall setPriorityBoostCompletion:withSourceInfo:]: <IXSCoordinatedAppInstall<0x106204000> [P=CoreSimulatorBridge (pid 700)] identifier:[com.DefaultCompany.NeonDrift/Invalid/[system-defined]] uuid:48ABC1CE-2C1A-4746-A17E-65B455D39D3B intent:IXCoordinatorIntentUpdating creator/appDRI:InstallCoordination Simple SPI importance:UserWaiting state:IXAppCoordinationStatePlaceholderPromiseNotSet promise-state:01234>: Disposing of completion from CoreSimulatorBridge (700), QOS_CLASS_DEFAULT (0x15)
2026-06-25 00:03:28.909 Df installcoordinationd[816:17e9c4] [com.apple.installcoordination:daemon] -[IXSCoordinatedAppInstall setPriorityBoostCompletion:withSourceInfo:]: <IXSCoordinatedAppInstall<0x106204000> [P=CoreSimulatorBridge (pid 700)] identifier:[com.DefaultCompany.NeonDrift/Invalid/[system-defined]] uuid:48ABC1CE-2C1A-4746-A17E-65B455D39D3B intent:IXCoordinatorIntentUpdating creator/appDRI:InstallCoordination Simple SPI importance:UserWaiting state:IXAppCoordinationStatePlaceholderPromiseNotSet promise-state:01234>: Retaining completion from CoreSimulatorBridge (700), QOS_CLASS_DEFAULT (0x15)
2026-06-25 00:03:28.913 Df installcoordinationd[816:17e9c4] [com.apple.installcoordination:daemon] -[IXSCoordinatedAppInstall _internal_setInstallOptionsPromise:performExternalActions:]: <IXSCoordinatedAppInstall<0x106204000> [P=CoreSimulatorBridge (pid 700)] identifier:[com.DefaultCompany.NeonDrift/Invalid/[system-defined]] uuid:48ABC1CE-2C1A-4746-A17E-65B455D39D3B intent:IXCoordinatorIntentUpdating creator/appDRI:InstallCoordination Simple SPI importance:UserWaiting state:IXAppCoordinationStatePlaceholderPromiseNotSet promise-state:012I4> : install options set: <IXSPromisedInMemoryData(0x1060f8e80) Name:MIInstallOptions data Creator:Install Coordination Internal UUID:2062D6FC-BA77-437B-A3E5-E7DFC81C3F15 Location:[system-defined]>
2026-06-25 00:03:28.913 Df installcoordinationd[816:17e9c3] [com.apple.installcoordination:daemon] -[IXSCoordinatedAppInstall promiseDidComplete:]: <IXSCoordinatedAppInstall<0x106204000> [P=CoreSimulatorBridge (pid 700)] identifier:[com.DefaultCompany.NeonDrift/Invalid/[system-defined]] uuid:48ABC1CE-2C1A-4746-A17E-65B455D39D3B intent:IXCoordinatorIntentUpdating creator/appDRI:InstallCoordination Simple SPI importance:UserWaiting state:IXAppCoordinationStatePlaceholderPromiseNotSet promise-state:012I4> : Promise completed: <IXSPromisedInMemoryData(0x1060f8e80) Name:MIInstallOptions data Creator:Install Coordination Internal UUID:2062D6FC-BA77-437B-A3E5-E7DFC81C3F15 Location:[system-defined]>
2026-06-25 00:03:28.914 Df installcoordinationd[816:17e9c3] [com.apple.appinstallation:TransactionLog] com.DefaultCompany.NeonDrift/Unknown Persona:4:13:1:1:Install Options Promise began. Coordinator State: IXAppCoordinationStatePlaceholderPromiseNotSet
2026-06-25 00:03:28.914 Df installcoordinationd[816:17e9c3] [com.apple.appinstallation:TransactionLog] com.DefaultCompany.NeonDrift/Unknown Persona:4:13:2:1:Install Options Promise completed. Coordinator State: IXAppCoordinationStatePlaceholderPromiseNotSet
2026-06-25 00:03:28.914 Df installcoordinationd[816:17e9c4] [com.apple.installcoordination:daemon] -[IXSCoordinatedAppInstall _internal_setAppAssetPromise:performExternalActions:]: <IXSCoordinatedAppInstall<0x106204000> [P=CoreSimulatorBridge (pid 700)] identifier:[com.DefaultCompany.NeonDrift/Invalid/[system-defined]] uuid:48ABC1CE-2C1A-4746-A17E-65B455D39D3B intent:IXCoordinatorIntentUpdating creator/appDRI:InstallCoordination Simple SPI importance:UserWaiting state:IXAppCoordinationStatePlaceholderPromiseNotSet promise-state:0a2I4> : App Asset Promise set: <IXSPromisedTransferToPath(0x1060f9480) Name:App Asset: com.DefaultCompany.NeonDrift Creator:InstallCoordination Simple SPI UUID:2E78173A-35FD-4E2D-A857-40F6041D052E Location:[system-defined]>
2026-06-25 00:03:28.915 Df installcoordinationd[816:17e9c4] [com.apple.installcoordination:daemon] -[IXSCoordinatedAppInstall setInitialODRAssetPromises:]: <IXSCoordinatedAppInstall<0x106204000> [P=CoreSimulatorBridge (pid 700)] identifier:[com.DefaultCompany.NeonDrift/Invalid/[system-defined]] uuid:48ABC1CE-2C1A-4746-A17E-65B455D39D3B intent:IXCoordinatorIntentUpdating creator/appDRI:InstallCoordination Simple SPI importance:UserWaiting state:IXAppCoordinationStatePlaceholderPromiseNotSet promise-state:0a2I4> : Initial ODR Asset Promises set: (
)
2026-06-25 00:03:28.917 Df CoreSimulatorBridge[700:17e49b] [com.apple.installcoordination:framework] -[IXPromisedTransferToPath _performDeltaCopyFrom:toDestination:]: Performing delta copy from /Users/dragonkao/.openclaw/workspace/382b9e3384298039b171c9b2a60ae644/NeonDrift_MVP/project/xcode_derived_data/Build/Products/Release-iphonesimulator/NeonDrift.app to /Users/dragonkao/Library/Developer/CoreSimulator/Devices/CC47DE7A-8196-4465-A5A5-BB852C9C6C82/data/Containers/Shared/SystemGroup/systemgroup.com.apple.installcoordinationd/Library/InstallCoordination/PromiseStaging/2E78173A-35FD-4E2D-A857-40F6041D052E/NeonDrift.app with installed bundle at /Users/dragonkao/Library/Developer/CoreSimulator/Devices/CC47DE7A-8196-4465-A5A5-BB852C9C6C82/data/Containers/Bundle/Application/42E2F0D0-DB9C-4D3E-82DD-D63C82E793CC/NeonDrift.app
2026-06-25 00:03:28.918 Df CoreSimulatorBridge[700:17e49b] (MobileSystemServices) 0x16b827000 MDMCreateDeltaDirectory: calling MDMDirectoryDiff with:
state->old_bundle: /Users/dragonkao/Library/Developer/CoreSimulator/Devices/CC47DE7A-8196-4465-A5A5-BB852C9C6C82/data/Containers/Bundle/Application/42E2F0D0-DB9C-4D3E-82DD-D63C82E793CC/NeonDrift.app
state->new_bundle: /Users/dragonkao/.openclaw/workspace/382b9e3384298039b171c9b2a60ae644/NeonDrift_MVP/project/xcode_derived_data/Build/Products/Release-iphonesimulator/NeonDrift.app
state->dst_bundle: /Users/dragonkao/Library/Developer/CoreSimulator/Devices/CC47DE7A-8196-4465-A5A5-BB852C9C6C82/data/Containers/Shared/SystemGroup/systemgroup.com.apple.installcoordinationd/Library/InstallCoordination/PromiseStaging/2E78173A-35FD-4E2D-A857-40F6041D052E/NeonDrift.app/Payload//NeonDrift.app, binaryDiff flag: FALSE
	dst_ipa: /Users/dragonkao/Library/Developer/CoreSimulator/Devices/CC47DE7A-8196-4465-A5A5-BB852C9C6C82/data/Containers/Shared/SystemGroup/systemgroup.com.apple.installcoordinationd/Library/InstallCoordination/PromiseStaging/2E781<…>
2026-06-25 00:03:29.011 Df CoreSimulatorBridge[700:17e49b] [com.apple.installcoordination:framework] -[IXPromisedTransferToPath setComplete:]: <IXPromisedTransferToPath<0x105c918c0> name:"App Asset: com.DefaultCompany.NeonDrift" uuid:2E78173A-35FD-4E2D-A857-40F6041D052E creator:"InstallCoordination Simple SPI" location:[system-defined]> Delta Copy operation from /Users/dragonkao/.openclaw/workspace/382b9e3384298039b171c9b2a60ae644/NeonDrift_MVP/project/xcode_derived_data/Build/Products/Release-iphonesimulator/NeonDrift.app to /Users/dragonkao/Library/Developer/CoreSimulator/Devices/CC47DE7A-8196-4465-A5A5-BB852C9C6C82/data/Containers/Shared/SystemGroup/systemgroup.com.apple.installcoordinationd/Library/InstallCoordination/PromiseStaging/2E78173A-35FD-4E2D-A857-40F6041D052E/NeonDrift.app took 0.094852 seconds
2026-06-25 00:03:29.012 Df installcoordinationd[816:17e9c4] [com.apple.installcoordination:daemon] -[IXSDataPromise _setPercentComplete:saveStateIfNeeded:]: Progress: <IXSPromisedTransferToPath(0x1060f9480) Name:App Asset: com.DefaultCompany.NeonDrift Creator:InstallCoordination Simple SPI UUID:2E78173A-35FD-4E2D-A857-40F6041D052E Location:[system-defined]>
2026-06-25 00:03:29.012 Df installcoordinationd[816:17e97e] [com.apple.appinstallation:TransactionLog] com.DefaultCompany.NeonDrift/Unknown Persona:4:10:1:1:App Asset Promise began. Coordinator State: IXAppCoordinationStatePlaceholderPromiseNotSet
2026-06-25 00:03:29.012 Df CoreSimulatorBridge[700:17e499] [com.apple.installcoordination:framework] -[IXAppInstallCoordinator _clientDelegate_promiseDidBeginFulfillmentWithIdentifier:]: <IXUpdatingAppInstallCoordinator<0x105c91980> identity:[com.DefaultCompany.NeonDrift/Invalid/[system-defined]] uuid:48ABC1CE-2C1A-4746-A17E-65B455D39D3B creator:InstallCoordination Simple SPI>: Got promise did begin fulfillment for identifier 2
2026-06-25 00:03:29.013 Df CoreSimulatorBridge[700:17e499] [com.apple.installcoordination:framework] -[IXAppInstallCoordinator _clientDelegate_promiseDidBeginFulfillmentWithIdentifier:]_block_invoke: <IXUpdatingAppInstallCoordinator<0x105c91980> identity:[com.DefaultCompany.NeonDrift/Invalid/[system-defined]] uuid:48ABC1CE-2C1A-4746-A17E-65B455D39D3B creator:InstallCoordination Simple SPI>: Observer <_IXSimpleInstallerDelegate 0x0x105c5a400> does not respond to coordinator:configuredPromiseDidBeginFulfillment: (or any deprecated equivalent)
2026-06-25 00:03:29.013 Df installcoordinationd[816:17e9c3] [com.apple.installcoordination:daemon] -[IXSCoordinatedAppInstall promiseDidComplete:]: <IXSCoordinatedAppInstall<0x106204000> [P=CoreSimulatorBridge (pid 700)] identifier:[com.DefaultCompany.NeonDrift/Invalid/[system-defined]] uuid:48ABC1CE-2C1A-4746-A17E-65B455D39D3B intent:IXCoordinatorIntentUpdating creator/appDRI:InstallCoordination Simple SPI importance:UserWaiting state:IXAppCoordinationStatePlaceholderPromiseNotSet promise-state:0A2I4> : Promise completed: <IXSPromisedTransferToPath(0x1060f9480) Name:App Asset: com.DefaultCompany.NeonDrift Creator:InstallCoordination Simple SPI UUID:2E78173A-35FD-4E2D-A857-40F6041D052E Location:[system-defined]>
2026-06-25 00:03:29.013 Df installcoordinationd[816:17ea1e] [com.apple.appinstallation:TransactionLog] com.DefaultCompany.NeonDrift/Unknown Persona:4:10:2:1:App Asset Promise completed. Coordinator State: IXAppCoordinationStatePlaceholderPromiseNotSet
2026-06-25 00:03:29.013 Df CoreSimulatorBridge[700:17e499] [com.apple.installcoordination:framework] -[IXAppInstallCoordinator _clientDelegate_didUpdateProgress:forPhase:overallProgress:]: <IXUpdatingAppInstallCoordinator<0x105c91980> identity:[com.DefaultCompany.NeonDrift/Invalid/[system-defined]] uuid:48ABC1CE-2C1A-4746-A17E-65B455D39D3B creator:InstallCoordination Simple SPI>: Got did update progress delegate with percentComplete 100.000000 phase IXCoordinatorProgressPhaseLoading overallProgress 60.000000
2026-06-25 00:03:29.013 Df CoreSimulatorBridge[700:17e499] [com.apple.installcoordination:framework] -[IXAppInstallCoordinator _clientDelegate_didUpdateProgress:forPhase:overallProgress:]_block_invoke: <IXUpdatingAppInstallCoordinator<0x105c91980> identity:[com.DefaultCompany.NeonDrift/Invalid/[system-defined]] uuid:48ABC1CE-2C1A-4746-A17E-65B455D39D3B creator:InstallCoordination Simple SPI>: Calling selector coordinator:didUpdateProgress:forPhase:overallProgress: on observer <_IXSimpleInstallerDelegate 0x0x105c5a400>
2026-06-25 00:03:29.013 Df installcoordinationd[816:17e9c4] [com.apple.installcoordination:daemon] -[IXSCoordinatedAppInstall setPlaceholderPromise:]: <IXSCoordinatedAppInstall<0x106204000> [P=CoreSimulatorBridge (pid 700)] identifier:[com.DefaultCompany.NeonDrift/Invalid/[system-defined]] uuid:48ABC1CE-2C1A-4746-A17E-65B455D39D3B intent:IXCoordinatorIntentUpdating creator/appDRI:InstallCoordination Simple SPI importance:UserWaiting state:IXAppCoordinationStateReadyForPlaceholderInstall promise-state:PA2I4> : Placeholder Promise set: <IXSPlaceholder(0x106124500) Name:App Placeholder: NeonDrift (com.DefaultCompany.NeonDrift) Creator:InstallCoordination Simple SPI UUID:5820D94D-EFDB-4E05-9C34-5750368426D9 Location:[system-defined]>
2026-06-25 00:03:29.013 Df installcoordinationd[816:17e97e] [com.apple.installcoordination:daemon] -[IXSCoordinatedAppInstall promiseDidComplete:]: <IXSCoordinatedAppInstall<0x106204000> [P=CoreSimulatorBridge (pid 700)] identifier:[com.DefaultCompany.NeonDrift/Invalid/[system-defined]] uuid:48ABC1CE-2C1A-4746-A17E-65B455D39D3B intent:IXCoordinatorIntentUpdating creator/appDRI:InstallCoordination Simple SPI importance:UserWaiting state:IXAppCoordinationStateReadyForPlaceholderInstall promise-state:PA2I4> : Promise completed: <IXSPlaceholder(0x106124500) Name:App Placeholder: NeonDrift (com.DefaultCompany.NeonDrift) Creator:InstallCoordination Simple SPI UUID:5820D94D-EFDB-4E05-9C34-5750368426D9 Location:[system-defined]>
2026-06-25 00:03:29.013 Df installcoordinationd[816:17e9c4] [com.apple.installcoordination:daemon] -[IXSCoordinatedAppInstall _onQueue_acquireAssertionAndInstallPlaceholder]: Acquiring termination assertion to install placeholder for [com.DefaultCompany.NeonDrift/Invalid/[system-defined]]
2026-06-25 00:03:29.014 Df installcoordinationd[816:17e9c4] [com.apple.installcoordination:daemon] -[IXSPendingOperationsTracker beginPendingOperationForIdentity:]_block_invoke: Beginning pending operation for [com.DefaultCompany.NeonDrift/Invalid/[system-defined]]
2026-06-25 00:03:29.018 Df runningboardd[671:17e46d] [com.apple.runningboard:connection] Received termination request from [osservice<com.apple.installcoordinationd>:816] on <RBSProcessPredicate <RBSProcessBundleIdentifierPredicate "com.DefaultCompany.NeonDrift">> with context <RBSTerminateContext| explanation:installcoordinationd app:[com.DefaultCompany.NeonDrift/Invalid/[system-defined]] uuid:48ABC1CE-2C1A-4746-A17E-65B455D39D3B isPlaceholder:Y reportType:None maxTerminationResistance:Absolute attrs:[
	<RBSPreventLaunchLimitation| <RBSProcessPredicate <RBSProcessBundleIdentifierPredicate "com.DefaultCompany.NeonDrift">> allow:(null)>
	]>
2026-06-25 00:03:29.018 Df runningboardd[671:17e46d] [com.apple.runningboard:general] Found 0 extensions contained in com.DefaultCompany.NeonDrift
2026-06-25 00:03:29.019 Df runningboardd[671:17e46d] [com.apple.PlugInKit:holds] <PKManager:0x109ca7760> hold request for [/Users/dragonkao/Library/Developer/CoreSimulator/Devices/CC47DE7A-8196-4465-A5A5-BB852C9C6C82/data/Containers/Bundle/Application/42E2F0D0-DB9C-4D3E-82DD-D63C82E793CC/NeonDrift.app] with flags: 0x4
2026-06-25 00:03:29.021 Df runningboardd[671:17e46c] [com.apple.PlugInKit:holds] <PKManager:0x109ca7760> hold request for [/Users/dragonkao/Library/Developer/CoreSimulator/Devices/CC47DE7A-8196-4465-A5A5-BB852C9C6C82/data/Containers/Bundle/Application/42E2F0D0-DB9C-4D3E-82DD-D63C82E793CC/NeonDrift.app] with flags: 0x4 completed with hold token: [531CF22A-3EC7-47FE-AD49-DC51A8FC6CCE]
2026-06-25 00:03:29.021 Df runningboardd[671:17e46c] [com.apple.runningboard:ttl] Acquiring assertion targeting system from originator [osservice<com.apple.installcoordinationd>:816] with description <RBSAssertionDescriptor| "installcoordinationd app:[com.DefaultCompany.NeonDrift/Invalid/[system-defined]] uuid:48ABC1CE-2C1A-4746-A17E-65B455D39D3B isPlaceholder:Y" ID:671-816-136 target:system attributes:[
	<RBSPreventLaunchLimitation| <RBSProcessPredicate <RBSProcessBundleIdentifierPredicate "com.DefaultCompany.NeonDrift">> allow:(null)>
	]>
2026-06-25 00:03:29.021 Df runningboardd[671:17e476] [com.apple.runningboard:process] Executing termination request for: <RBSProcessPredicate <RBSProcessBundleIdentifierPredicate "com.DefaultCompany.NeonDrift">>
2026-06-25 00:03:29.022 Df SpringBoard[668:17e385] [com.apple.SpringBoard:Common] termination assertion acquired for com.DefaultCompany.NeonDrift
2026-06-25 00:03:29.022 Df SpringBoard[668:17e385] [com.apple.SpringBoard:Icon] 0x108563c00-SBApplicationIcon Data source did change: <SBApplication: 0x108780800; com.DefaultCompany.NeonDrift> {
} (SBApplication)
2026-06-25 00:03:29.022 Df installcoordinationd[816:17e9c4] [com.apple.appinstallation:TransactionLog] com.DefaultCompany.NeonDrift/Unknown Persona:4:9:1:1:Placeholder Promise began. Coordinator State: IXAppCoordinationStateWaitingForPlaceholderAssertion
2026-06-25 00:03:29.022 Df installcoordinationd[816:17e97e] [com.apple.installcoordination:daemon] -[IXSCoordinatedAppInstall assertionAcquiredCallback]: RBS termination assertion observer called for <IXSCoordinatedAppInstall<0x106204000> [P=CoreSimulatorBridge (pid 700)] identifier:[com.DefaultCompany.NeonDrift/Invalid/[system-defined]] uuid:48ABC1CE-2C1A-4746-A17E-65B455D39D3B intent:IXCoordinatorIntentUpdating creator/appDRI:InstallCoordination Simple SPI importance:UserWaiting state:IXAppCoordinationStateWaitingForPlaceholderAssertion promise-state:PA2I4>
2026-06-25 00:03:29.022 Df installcoordinationd[816:17e9c4] [com.apple.installcoordination:daemon] -[IXSCoordinatorProgress setTotalUnitsCompleted:]: Progress for coordinator: [com.DefaultCompany.NeonDrift/Invalid/[system-defined]], Phase: IXCoordinatorProgressPhaseLoading, Percentage: 100.000000: Attempt to set units completed on finished progress: 100
2026-06-25 00:03:29.022 Df installcoordinationd[816:17e9c4] [com.apple.appinstallation:TransactionLog] com.DefaultCompany.NeonDrift/Unknown Persona:4:9:2:1:Placeholder Promise completed. Coordinator State: IXAppCoordinationStateWaitingForPlaceholderAssertion
2026-06-25 00:03:29.022 Df CoreSimulatorBridge[700:17e499] [com.apple.installcoordination:framework] -[IXAppInstallCoordinator _clientDelegate_promiseDidBeginFulfillmentWithIdentifier:]: <IXUpdatingAppInstallCoordinator<0x105c91980> identity:[com.DefaultCompany.NeonDrift/Invalid/[system-defined]] uuid:48ABC1CE-2C1A-4746-A17E-65B455D39D3B creator:InstallCoordination Simple SPI>: Got promise did begin fulfillment for identifier 1
2026-06-25 00:03:29.022 Df CoreSimulatorBridge[700:17e499] [com.apple.installcoordination:framework] -[IXAppInstallCoordinator _clientDelegate_promiseDidBeginFulfillmentWithIdentifier:]_block_invoke: <IXUpdatingAppInstallCoordinator<0x105c91980> identity:[com.DefaultCompany.NeonDrift/Invalid/[system-defined]] uuid:48ABC1CE-2C1A-4746-A17E-65B455D39D3B creator:InstallCoordination Simple SPI>: Observer <_IXSimpleInstallerDelegate 0x0x105c5a400> does not respond to coordinator:configuredPromiseDidBeginFulfillment: (or any deprecated equivalent)
2026-06-25 00:03:29.023 Df installcoordinationd[816:17e9c4] [com.apple.installcoordination:daemon] -[IXSCoordinatedAppInstall _onQueue_installPlaceholder]: Acquired termination assertion for placeholder [com.DefaultCompany.NeonDrift/Invalid/[system-defined]]; proceeding with install.
2026-06-25 00:03:29.023 Df installcoordinationd[816:17e9c4] [com.apple.installcoordination:daemon] -[IXSPowerAssertion initWithAssertionName:details:]: Acquired power assertion IXPowerAssertion-12-[com.DefaultCompany.NeonDrift/Invalid/[system-defined]]
2026-06-25 00:03:29.024 Df installd[824:17e9bf] (MobileSystemServices) 0x16b4bf000 -[MIClientConnection _doInstallationForURL:identity:domain:options:operationType:completion:]: Install of "/Users/dragonkao/Library/Developer/CoreSimulator/Devices/CC47DE7A-8196-4465-A5A5-BB852C9C6C82/data/Containers/Shared/SystemGroup/systemgroup.com.apple.installcoordinationd/Library/InstallCoordination/PromiseStaging/5820D94D-EFDB-4E05-9C34-5750368426D9/NeonDrift.app" type Placeholder (LSInstallType = 1, Domain: MIInstallationDomainDefault) requested by installcoordinationd (pid 816 (501/20))
2026-06-25 00:03:29.031 Df installd[824:17e9bf] [com.apple.containermanager:xpc] Query; euid = 501, uid = 501, class = 1, identifier = [com.DefaultCompany.NeonDrift](1), flags = 300000002
2026-06-25 00:03:29.032 Df containermanagerd_system[716:17e47f] [com.apple.containermanager:cache] Disk sync reporting on new entry: (com.DefaultCompany.NeonDrift|18446744073709551615|<MCMContainerPath: 0x103cf6170; [<MCMContainerClassPath: 0x103c4d1a0; persona [(null)]; [/Users/dragonkao/Library/Developer/CoreSimulator/Devices/CC47DE7A-8196-4465-A5A5-BB852C9C6C82/data/Containers]/[Bundle]/[Application] created>]/[42E2F0D0-DB9C-4D3E-82DD-D63C82E793CC]/[(null)]>|0|8EF3EA7F-874C-4929-8B79-10A9BF1663CE|(null))
2026-06-25 00:03:29.033 Df installd[824:17e9bf] [com.apple.containermanager:xpc] Query; euid = 501, uid = 501, class = 1, identifier = [com.DefaultCompany.NeonDrift](1), flags = 300000002
2026-06-25 00:03:29.078 Df runningboardd[671:17e477] [com.apple.runningboard:process] Checking PreventLaunch: global:0 exPath:(null) predicates:{(
    <RBSProcessPredicate <RBSProcessBundleIdentifierPredicate "com.DefaultCompany.NeonDrift">>
)} allow:(null)
2026-06-25 00:03:29.099 Df runningboardd[671:17e46c] [com.apple.runningboard:process] Checking PreventLaunch: global:0 exPath:(null) predicates:{(
    <RBSProcessPredicate <RBSProcessBundleIdentifierPredicate "com.DefaultCompany.NeonDrift">>
)} allow:(null)
2026-06-25 00:03:29.171 Df installd[824:17e9bf] [com.apple.containermanager:xpc] Query; euid = 501, uid = 501, class = 1, identifier = [com.DefaultCompany.NeonDrift](1), flags = 300000002
2026-06-25 00:03:29.172 Df installd[824:17e9bf] [com.apple.containermanager:xpc] Query; euid = 501, uid = 501, class = 1, identifier = [com.DefaultCompany.NeonDrift](1), flags = 300000002
2026-06-25 00:03:29.176 Df installd[824:17e9bf] (MobileSystemServices) 0x16b4bf000 -[MIInstaller _installInstallable:containingSymlink:error:]: Installing <MIInstallableParallelPlaceholder ID=com.DefaultCompany.NeonDrift; Persona=com.apple.containermanager.primary-persona, Version=0, ShortVersion=1.0>
2026-06-25 00:03:29.176 Df installd[824:17e9bf] [com.apple.appinstallation:TransactionLog] com.DefaultCompany.NeonDrift/com.apple.containermanager.primary-persona:7:2:1:1:Start : Install (Parallel Placeholder)
2026-06-25 00:03:29.210 Df SpringBoard[668:17e536] [com.apple.PosterLegibilityKit:Caching] -[PLKCachedImageGenerator(SpringBoardHome Label Content Generator0x122584240) removeImagesForCacheKeys:NeonDrift@@zh_TW_5219175189189392450_0__sz72.3x19.7B23CV11@@]
2026-06-25 00:03:29.315 Df runningboardd[671:17e474] [com.apple.runningboard:process] Checking PreventLaunch: global:0 exPath:(null) predicates:{(
    <RBSProcessPredicate <RBSProcessBundleIdentifierPredicate "com.DefaultCompany.NeonDrift">>
)} allow:(null)
2026-06-25 00:03:29.405 Df SpringBoard[668:17e51e] [com.apple.PosterLegibilityKit:Caching] -[PLKCachedImageGenerator(SpringBoardHome Legibility Label Content Generator0x122586c40) removeImagesForCacheKeys:NeonDrift@@zh_TW_5219175189189392450_12014554394295850968__sz90.3x39.7B23CV11@@]
2026-06-25 00:03:29.640 Df searchd[750:17e783] [com.apple.spotlight:default] _allInstalledApplicationsIdentifiers: {(
    "com.apple.Passbook",
    "com.apple.MobileAddressBook",
    "com.apple.Fitness",
    "com.apple.DocumentsApp",
    "com.apple.MobileSMS",
    "com.apple.Maps",
    "com.apple.Passwords",
    "com.apple.mobilecal",
    "com.apple.Bridge",
    "com.apple.BarcodeScanner",
    "com.apple.Preferences",
    "com.apple.reminders",
    "com.apple.Health",
    "com.apple.TVRemoteUIService",
    "com.apple.news",
    "com.DefaultCompany.NeonDrift",
    "com.apple.mobilesafari",
