2026-06-25 02:03:31.599 Df SpringBoard[37555:22ac12] [com.apple.frontboard.ApplicationLibrary:observer] -[FBSApplicationLibrary applicationsWillInstall:] com.DefaultCompany.NeonDrift
2026-06-25 02:03:31.599 Df financed[37650:22a180] [com.apple.launchservices:appinstallation] LaunchServices observer: Will install (
    "<LSApplicationProxy: 0x109993540> com.DefaultCompany.NeonDrift file:///Users/dragonkao/Library/Developer/CoreSimulator/Devices/115FDF0C-5A2F-4686-909B-7F43F1450A28/data/Containers/Bundle/Application/8488AAFF-F9AA-4346-B228-C8EE7C31148C/NeonDrift.app/ <com.DefaultCompany.NeonDrift <installed >:0>"
)
2026-06-25 02:03:31.599 Df mobiletimerd[37570:22a89e] [com.apple.launchservices:appinstallation] LaunchServices observer: Will install (
    "<LSApplicationProxy: 0x104210780> com.DefaultCompany.NeonDrift file:///Users/dragonkao/Library/Developer/CoreSimulator/Devices/115FDF0C-5A2F-4686-909B-7F43F1450A28/data/Containers/Bundle/Application/8488AAFF-F9AA-4346-B228-C8EE7C31148C/NeonDrift.app/ <com.DefaultCompany.NeonDrift <installed >:0>"
)
2026-06-25 02:03:31.599 Df nsurlsessiond[37606:22a5eb] [com.apple.launchservices:appinstallation] LaunchServices observer: Will install (
    "<LSApplicationProxy: 0x101e64840> com.DefaultCompany.NeonDrift file:///Users/dragonkao/Library/Developer/CoreSimulator/Devices/115FDF0C-5A2F-4686-909B-7F43F1450A28/data/Containers/Bundle/Application/8488AAFF-F9AA-4346-B228-C8EE7C31148C/NeonDrift.app/ <com.DefaultCompany.NeonDrift <installed >:0>"
)
2026-06-25 02:03:31.599 Df gamed[37637:227728] [com.apple.launchservices:appinstallation] LaunchServices observer: Will install (
    "<LSApplicationProxy: 0x104730240> com.DefaultCompany.NeonDrift file:///Users/dragonkao/Library/Developer/CoreSimulator/Devices/115FDF0C-5A2F-4686-909B-7F43F1450A28/data/Containers/Bundle/Application/8488AAFF-F9AA-4346-B228-C8EE7C31148C/NeonDrift.app/ <com.DefaultCompany.NeonDrift <installed >:0>"
)
2026-06-25 02:03:31.599 Df dasd[37581:22ac5f] [com.apple.launchservices:appinstallation] LaunchServices observer: Will install (
    "<LSApplicationProxy: 0x105b54480> com.DefaultCompany.NeonDrift file:///Users/dragonkao/Library/Developer/CoreSimulator/Devices/115FDF0C-5A2F-4686-909B-7F43F1450A28/data/Containers/Bundle/Application/8488AAFF-F9AA-4346-B228-C8EE7C31148C/NeonDrift.app/ <com.DefaultCompany.NeonDrift <installed >:0>"
)
2026-06-25 02:03:31.599 Df homed[37625:227765] [com.apple.launchservices:appinstallation] LaunchServices observer: Will install (
    "<LSApplicationProxy: 0x107a7c540> com.DefaultCompany.NeonDrift file:///Users/dragonkao/Library/Developer/CoreSimulator/Devices/115FDF0C-5A2F-4686-909B-7F43F1450A28/data/Containers/Bundle/Application/8488AAFF-F9AA-4346-B228-C8EE7C31148C/NeonDrift.app/ <com.DefaultCompany.NeonDrift <installed >:0>"
)
2026-06-25 02:03:31.599 Df sleepd[37582:22772e] [com.apple.launchservices:appinstallation] LaunchServices observer: Will install (
    "<LSApplicationProxy: 0x106260000> com.DefaultCompany.NeonDrift file:///Users/dragonkao/Library/Developer/CoreSimulator/Devices/115FDF0C-5A2F-4686-909B-7F43F1450A28/data/Containers/Bundle/Application/8488AAFF-F9AA-4346-B228-C8EE7C31148C/NeonDrift.app/ <com.DefaultCompany.NeonDrift <installed >:0>"
)
2026-06-25 02:03:31.599 Df deviceaccessd[37639:22a183] [com.apple.launchservices:appinstallation] LaunchServices observer: Will install (
    "<LSApplicationProxy: 0x101570600> com.DefaultCompany.NeonDrift file:///Users/dragonkao/Library/Developer/CoreSimulator/Devices/115FDF0C-5A2F-4686-909B-7F43F1450A28/data/Containers/Bundle/Application/8488AAFF-F9AA-4346-B228-C8EE7C31148C/NeonDrift.app/ <com.DefaultCompany.NeonDrift <installed >:0>"
)
2026-06-25 02:03:31.600 Df installd[37685:22795a] (MobileSystemServices) 0x16d63b000 -[MIClientConnection _doInstallationForURL:identity:domain:options:operationType:completion:]: Install of "/Users/dragonkao/Library/Developer/CoreSimulator/Devices/115FDF0C-5A2F-4686-909B-7F43F1450A28/data/Containers/Shared/SystemGroup/systemgroup.com.apple.installcoordinationd/Library/InstallCoordination/PromiseStaging/FC0E3E3A-FD39-40CC-882E-BF4B4DD2C0BA/NeonDrift.app" type Developer (LSInstallType = 0, Domain: MIInstallationDomainDefault) requested by installcoordinationd (pid 37614 (501/20))
2026-06-25 02:03:31.602 Df CoreSimulatorBridge[37585:226016] [com.apple.installcoordination:framework] -[IXAppInstallCoordinator _clientDelegate_didUpdateProgress:forPhase:overallProgress:]: <IXUpdatingAppInstallCoordinator<0x1018732c0> identity:[com.DefaultCompany.NeonDrift/Invalid/[system-defined]] uuid:C3EE5D39-B5AA-4696-B01B-3F6CD79AB520 creator:InstallCoordination Simple SPI>: Got did update progress delegate with percentComplete 5.000000 phase IXCoordinatorProgressPhaseInstalling overallProgress 62.000000
2026-06-25 02:03:31.602 Df CoreSimulatorBridge[37585:226016] [com.apple.installcoordination:framework] -[IXAppInstallCoordinator _clientDelegate_didUpdateProgress:forPhase:overallProgress:]: <IXUpdatingAppInstallCoordinator<0x1018732c0> identity:[com.DefaultCompany.NeonDrift/Invalid/[system-defined]] uuid:C3EE5D39-B5AA-4696-B01B-3F6CD79AB520 creator:InstallCoordination Simple SPI>: Got did update progress delegate with percentComplete 15.000000 phase IXCoordinatorProgressPhaseInstalling overallProgress 66.000000
2026-06-25 02:03:31.602 Df CoreSimulatorBridge[37585:226016] [com.apple.installcoordination:framework] -[IXAppInstallCoordinator _clientDelegate_didUpdateProgress:forPhase:overallProgress:]: <IXUpdatingAppInstallCoordinator<0x1018732c0> identity:[com.DefaultCompany.NeonDrift/Invalid/[system-defined]] uuid:C3EE5D39-B5AA-4696-B01B-3F6CD79AB520 creator:InstallCoordination Simple SPI>: Got did update progress delegate with percentComplete 20.000000 phase IXCoordinatorProgressPhaseInstalling overallProgress 68.000000
2026-06-25 02:03:31.602 Df CoreSimulatorBridge[37585:22ac00] [com.apple.installcoordination:framework] -[IXAppInstallCoordinator _clientDelegate_didUpdateProgress:forPhase:overallProgress:]_block_invoke: <IXUpdatingAppInstallCoordinator<0x1018732c0> identity:[com.DefaultCompany.NeonDrift/Invalid/[system-defined]] uuid:C3EE5D39-B5AA-4696-B01B-3F6CD79AB520 creator:InstallCoordination Simple SPI>: Calling selector coordinator:didUpdateProgress:forPhase:overallProgress: on observer <_IXSimpleInstallerDelegate 0x0x101af4180>
2026-06-25 02:03:31.602 Df CoreSimulatorBridge[37585:22ac00] [com.apple.installcoordination:framework] -[IXAppInstallCoordinator _clientDelegate_didUpdateProgress:forPhase:overallProgress:]_block_invoke: <IXUpdatingAppInstallCoordinator<0x1018732c0> identity:[com.DefaultCompany.NeonDrift/Invalid/[system-defined]] uuid:C3EE5D39-B5AA-4696-B01B-3F6CD79AB520 creator:InstallCoordination Simple SPI>: Calling selector coordinator:didUpdateProgress:forPhase:overallProgress: on observer <_IXSimpleInstallerDelegate 0x0x101af4180>
2026-06-25 02:03:31.602 Df CoreSimulatorBridge[37585:22ac00] [com.apple.installcoordination:framework] -[IXAppInstallCoordinator _clientDelegate_didUpdateProgress:forPhase:overallProgress:]_block_invoke: <IXUpdatingAppInstallCoordinator<0x1018732c0> identity:[com.DefaultCompany.NeonDrift/Invalid/[system-defined]] uuid:C3EE5D39-B5AA-4696-B01B-3F6CD79AB520 creator:InstallCoordination Simple SPI>: Calling selector coordinator:didUpdateProgress:forPhase:overallProgress: on observer <_IXSimpleInstallerDelegate 0x0x101af4180>
2026-06-25 02:03:31.604 Df installd[37685:22795a] [com.apple.containermanager:xpc] Query; euid = 501, uid = 501, class = 1, identifier = [com.DefaultCompany.NeonDrift](1), flags = 300000002
2026-06-25 02:03:31.606 Df installd[37685:22795a] [com.apple.containermanager:xpc] Query; euid = 501, uid = 501, class = 1, identifier = [com.DefaultCompany.NeonDrift](1), flags = 300000002
2026-06-25 02:03:31.612 Df installd[37685:22795a] [com.apple.containermanager:xpc] Query; euid = 501, uid = 501, class = 1, identifier = [com.DefaultCompany.NeonDrift](1), flags = 300000002
2026-06-25 02:03:31.612 Df installcoordinationd[37614:22ac06] [com.apple.installcoordination:daemon] -[IXSCoordinatorProgress setTotalUnitsCompleted:]: Progress for coordinator: [com.DefaultCompany.NeonDrift/Invalid/[system-defined]], Phase: IXCoordinatorProgressPhaseInstalling, Percentage: 20.000000: Attempt to set units completed on finished progress: 20
2026-06-25 02:03:31.613 Df installd[37685:22795a] [com.apple.containermanager:xpc] Query; euid = 501, uid = 501, class = 1, identifier = [com.DefaultCompany.NeonDrift](1), flags = 300000002
2026-06-25 02:03:31.617 Df installd[37685:22795a] (MobileSystemServices) 0x16d63b000 -[MIInstaller _installInstallable:containingSymlink:error:]: Installing <MIInstallableBundle ID=com.DefaultCompany.NeonDrift; Persona=com.apple.containermanager.primary-persona, Version=0, ShortVersion=1.0>
2026-06-25 02:03:31.617 Df installd[37685:22795a] [com.apple.appinstallation:TransactionLog] com.DefaultCompany.NeonDrift/com.apple.containermanager.primary-persona:7:1:1:1:Start : Install (Patch Update)
2026-06-25 02:03:31.617 Df installd[37685:22795a] (MobileSystemServices) 0x16d63b000 -[MIInstallable applyPatchWithError:]: Attempting Delta patch update of com.DefaultCompany.NeonDrift from 0 (1.0) to 0 (1.0)
2026-06-25 02:03:31.618 Df CoreSimulatorBridge[37585:226016] [com.apple.installcoordination:framework] -[IXAppInstallCoordinator _clientDelegate_didUpdateProgress:forPhase:overallProgress:]: <IXUpdatingAppInstallCoordinator<0x1018732c0> identity:[com.DefaultCompany.NeonDrift/Invalid/[system-defined]] uuid:C3EE5D39-B5AA-4696-B01B-3F6CD79AB520 creator:InstallCoordination Simple SPI>: Got did update progress delegate with percentComplete 30.000000 phase IXCoordinatorProgressPhaseInstalling overallProgress 72.000000
2026-06-25 02:03:31.618 Df CoreSimulatorBridge[37585:226016] [com.apple.installcoordination:framework] -[IXAppInstallCoordinator _clientDelegate_didUpdateProgress:forPhase:overallProgress:]: <IXUpdatingAppInstallCoordinator<0x1018732c0> identity:[com.DefaultCompany.NeonDrift/Invalid/[system-defined]] uuid:C3EE5D39-B5AA-4696-B01B-3F6CD79AB520 creator:InstallCoordination Simple SPI>: Got did update progress delegate with percentComplete 35.000000 phase IXCoordinatorProgressPhaseInstalling overallProgress 74.000000
2026-06-25 02:03:31.618 Df CoreSimulatorBridge[37585:22ac00] [com.apple.installcoordination:framework] -[IXAppInstallCoordinator _clientDelegate_didUpdateProgress:forPhase:overallProgress:]_block_invoke: <IXUpdatingAppInstallCoordinator<0x1018732c0> identity:[com.DefaultCompany.NeonDrift/Invalid/[system-defined]] uuid:C3EE5D39-B5AA-4696-B01B-3F6CD79AB520 creator:InstallCoordination Simple SPI>: Calling selector coordinator:didUpdateProgress:forPhase:overallProgress: on observer <_IXSimpleInstallerDelegate 0x0x101af4180>
2026-06-25 02:03:31.618 Df CoreSimulatorBridge[37585:22ac00] [com.apple.installcoordination:framework] -[IXAppInstallCoordinator _clientDelegate_didUpdateProgress:forPhase:overallProgress:]_block_invoke: <IXUpdatingAppInstallCoordinator<0x1018732c0> identity:[com.DefaultCompany.NeonDrift/Invalid/[system-defined]] uuid:C3EE5D39-B5AA-4696-B01B-3F6CD79AB520 creator:InstallCoordination Simple SPI>: Calling selector coordinator:didUpdateProgress:forPhase:overallProgress: on observer <_IXSimpleInstallerDelegate 0x0x101af4180>
2026-06-25 02:03:31.641 Df installd[37685:22795a] [com.apple.containermanager:query] Query; euid = 501, uid = 501, class = 4, identifier = [com.DefaultCompany.NeonDrift](1), flags = 300000002
2026-06-25 02:03:31.641 Df CoreSimulatorBridge[37585:22ac00] [com.apple.installcoordination:framework] -[IXAppInstallCoordinator _clientDelegate_didUpdateProgress:forPhase:overallProgress:]: <IXUpdatingAppInstallCoordinator<0x1018732c0> identity:[com.DefaultCompany.NeonDrift/Invalid/[system-defined]] uuid:C3EE5D39-B5AA-4696-B01B-3F6CD79AB520 creator:InstallCoordination Simple SPI>: Got did update progress delegate with percentComplete 40.000000 phase IXCoordinatorProgressPhaseInstalling overallProgress 76.000000
2026-06-25 02:03:31.641 Df CoreSimulatorBridge[37585:22ac00] [com.apple.installcoordination:framework] -[IXAppInstallCoordinator _clientDelegate_didUpdateProgress:forPhase:overallProgress:]_block_invoke: <IXUpdatingAppInstallCoordinator<0x1018732c0> identity:[com.DefaultCompany.NeonDrift/Invalid/[system-defined]] uuid:C3EE5D39-B5AA-4696-B01B-3F6CD79AB520 creator:InstallCoordination Simple SPI>: Calling selector coordinator:didUpdateProgress:forPhase:overallProgress: on observer <_IXSimpleInstallerDelegate 0x0x101af4180>
2026-06-25 02:03:31.642 Df installd[37685:22795a] [com.apple.containermanager:query] Query; euid = 501, uid = 501, class = 4, identifier = [com.DefaultCompany.NeonDrift](1), flags = 300000002
2026-06-25 02:03:31.642 Df installd[37685:22795a] [com.apple.containermanager:xpc] Query; euid = 501, uid = 501, class = 1, identifier = [com.DefaultCompany.NeonDrift](1), flags = 300000003
2026-06-25 02:03:31.642 Df CoreSimulatorBridge[37585:226016] [com.apple.installcoordination:framework] -[IXAppInstallCoordinator _clientDelegate_didUpdateProgress:forPhase:overallProgress:]: <IXUpdatingAppInstallCoordinator<0x1018732c0> identity:[com.DefaultCompany.NeonDrift/Invalid/[system-defined]] uuid:C3EE5D39-B5AA-4696-B01B-3F6CD79AB520 creator:InstallCoordination Simple SPI>: Got did update progress delegate with percentComplete 50.000000 phase IXCoordinatorProgressPhaseInstalling overallProgress 80.000000
2026-06-25 02:03:31.642 Df CoreSimulatorBridge[37585:226016] [com.apple.installcoordination:framework] -[IXAppInstallCoordinator _clientDelegate_didUpdateProgress:forPhase:overallProgress:]_block_invoke: <IXUpdatingAppInstallCoordinator<0x1018732c0> identity:[com.DefaultCompany.NeonDrift/Invalid/[system-defined]] uuid:C3EE5D39-B5AA-4696-B01B-3F6CD79AB520 creator:InstallCoordination Simple SPI>: Calling selector coordinator:didUpdateProgress:forPhase:overallProgress: on observer <_IXSimpleInstallerDelegate 0x0x101af4180>
2026-06-25 02:03:31.643 E  containermanagerd_system[37598:22ac45] [com.apple.containermanager:schema] [com.DefaultCompany.NeonDrift(1)] Current schema version (1) is newer than the latest (0), ignoring.
2026-06-25 02:03:31.643 Df containermanagerd_system[37598:22ac45] [com.apple.containermanager:schema] [u A00E11C7-8123-4063-BFA3-2D685A6556A1:p C17F97F0-FD97-4149-A7BE-1E2184AE8569:c com.DefaultCompany.NeonDrift(1):i28873469] Successfully updated schema from (0) → (0), actions count = 0
2026-06-25 02:03:31.644 Df installd[37685:22795a] [com.apple.containermanager:xpc] Query; euid = 501, uid = 501, class = 1, identifier = [com.DefaultCompany.NeonDrift](1), flags = 300000002
2026-06-25 02:03:31.644 Df CoreSimulatorBridge[37585:226016] [com.apple.installcoordination:framework] -[IXAppInstallCoordinator _clientDelegate_didUpdateProgress:forPhase:overallProgress:]: <IXUpdatingAppInstallCoordinator<0x1018732c0> identity:[com.DefaultCompany.NeonDrift/Invalid/[system-defined]] uuid:C3EE5D39-B5AA-4696-B01B-3F6CD79AB520 creator:InstallCoordination Simple SPI>: Got did update progress delegate with percentComplete 60.000000 phase IXCoordinatorProgressPhaseInstalling overallProgress 84.000000
2026-06-25 02:03:31.644 Df CoreSimulatorBridge[37585:226016] [com.apple.installcoordination:framework] -[IXAppInstallCoordinator _clientDelegate_didUpdateProgress:forPhase:overallProgress:]_block_invoke: <IXUpdatingAppInstallCoordinator<0x1018732c0> identity:[com.DefaultCompany.NeonDrift/Invalid/[system-defined]] uuid:C3EE5D39-B5AA-4696-B01B-3F6CD79AB520 creator:InstallCoordination Simple SPI>: Calling selector coordinator:didUpdateProgress:forPhase:overallProgress: on observer <_IXSimpleInstallerDelegate 0x0x101af4180>
2026-06-25 02:03:31.646 Df siriactionsd[37618:22a159] [com.apple.shortcuts:Daemon] Dispatching XPC event: <distributed notification: com.apple.LaunchServices.applicationRegistered, userInfo: [AnyHashable("isPlaceholder"): 1, AnyHashable("bundleIDs"): <__NSSingleObjectArrayI 0x1059d5db0>(
com.DefaultCompany.NeonDrift
)
]>
2026-06-25 02:03:31.646 Df siriactionsd[37618:22a159] [com.apple.shortcuts:XPCEvent] Dispatching XPC event: <distributed notification: com.apple.LaunchServices.applicationRegistered, userInfo: [AnyHashable("isPlaceholder"): 1, AnyHashable("bundleIDs"): <__NSSingleObjectArrayI 0x1059d5db0>(
com.DefaultCompany.NeonDrift
)
]>
2026-06-25 02:03:31.646 Df installd[37685:22795a] [com.apple.containermanager:query] Query; euid = 501, uid = 501, class = 2, identifier = [com.DefaultCompany.NeonDrift](1), flags = 300000003
2026-06-25 02:03:31.646 Df CoreSimulatorBridge[37585:22ac00] [com.apple.installcoordination:framework] -[IXAppInstallCoordinator _clientDelegate_didUpdateProgress:forPhase:overallProgress:]: <IXUpdatingAppInstallCoordinator<0x1018732c0> identity:[com.DefaultCompany.NeonDrift/Invalid/[system-defined]] uuid:C3EE5D39-B5AA-4696-B01B-3F6CD79AB520 creator:InstallCoordination Simple SPI>: Got did update progress delegate with percentComplete 70.000000 phase IXCoordinatorProgressPhaseInstalling overallProgress 88.000000
2026-06-25 02:03:31.646 Df CoreSimulatorBridge[37585:22ac00] [com.apple.installcoordination:framework] -[IXAppInstallCoordinator _clientDelegate_didUpdateProgress:forPhase:overallProgress:]_block_invoke: <IXUpdatingAppInstallCoordinator<0x1018732c0> identity:[com.DefaultCompany.NeonDrift/Invalid/[system-defined]] uuid:C3EE5D39-B5AA-4696-B01B-3F6CD79AB520 creator:InstallCoordination Simple SPI>: Calling selector coordinator:didUpdateProgress:forPhase:overallProgress: on observer <_IXSimpleInstallerDelegate 0x0x101af4180>
2026-06-25 02:03:31.646 Df installd[37685:22795a] [com.apple.containermanager:query] Query; euid = 501, uid = 501, class = 2, identifier = [com.DefaultCompany.NeonDrift](1), flags = 300000002
2026-06-25 02:03:31.652 Df siriactionsd[37618:22a159] [com.apple.shortcuts:Daemon] Firing event: <distributed notification: com.apple.LaunchServices.applicationRegistered, userInfo: [AnyHashable("isPlaceholder"): 1, AnyHashable("bundleIDs"): <__NSSingleObjectArrayI 0x1059d5db0>(
com.DefaultCompany.NeonDrift
)
]>
2026-06-25 02:03:31.652 E  siriactionsd[37618:22a159] [com.apple.shortcuts:Daemon] Received an event that we do not have a DaemonTask for: <distributed notification: com.apple.LaunchServices.applicationRegistered, userInfo: [AnyHashable("isPlaceholder"): 1, AnyHashable("bundleIDs"): <__NSSingleObjectArrayI 0x1059d5db0>(
com.DefaultCompany.NeonDrift
)
]>. This is a serious programming error that might lead to missed messages and stuck streams.
2026-06-25 02:03:31.652 Df siriactionsd[37618:22a159] [com.apple.shortcuts:Daemon] Dispatching XPC event: <distributed notification: com.apple.LaunchServices.applicationRegistered, userInfo: [AnyHashable("isPlaceholder"): 1, AnyHashable("bundleIDs"): <__NSSingleObjectArrayI 0x1059d5db0>(
com.DefaultCompany.NeonDrift
)
]>
2026-06-25 02:03:31.652 Df siriactionsd[37618:22a159] [com.apple.shortcuts:XPCEvent] Dispatching XPC event: <distributed notification: com.apple.LaunchServices.applicationRegistered, userInfo: [AnyHashable("isPlaceholder"): 1, AnyHashable("bundleIDs"): <__NSSingleObjectArrayI 0x1059d5db0>(
com.DefaultCompany.NeonDrift
)
]>
2026-06-25 02:03:31.652 Df siriactionsd[37618:22a159] [com.apple.shortcuts:Daemon] Firing event: <distributed notification: com.apple.LaunchServices.applicationRegistered, userInfo: [AnyHashable("isPlaceholder"): 1, AnyHashable("bundleIDs"): <__NSSingleObjectArrayI 0x1059d5db0>(
com.DefaultCompany.NeonDrift
)
]>
2026-06-25 02:03:31.652 E  siriactionsd[37618:22a159] [com.apple.shortcuts:Daemon] Received an event that we do not have a DaemonTask for: <distributed notification: com.apple.LaunchServices.applicationRegistered, userInfo: [AnyHashable("isPlaceholder"): 1, AnyHashable("bundleIDs"): <__NSSingleObjectArrayI 0x1059d5db0>(
com.DefaultCompany.NeonDrift
)
]>. This is a serious programming error that might lead to missed messages and stuck streams.
2026-06-25 02:03:31.653 Df appprotectiond[37573:22a320] [com.apple.appprotection:server] Received distnoted event <dictionary: 0x103508000> { count = 3, transaction: 0, voucher = 0x103548ff0, contents =
	"UserInfo" => <dictionary: 0x103435680> { count = 2, transaction: 0, voucher = 0x0, contents =
		"isPlaceholder" => <bool: 0x1e6e64540>: true
		"bundleIDs" => <array: 0x10343f720> { count = 1, capacity = 1, contents =
			0: <string: 0x10343fed0> { string cache = 0x0, length = 28, contents = "com.DefaultCompany.NeonDrift" }
		}
	}
	"Name" => <string: 0x10343fc30> { string cache = 0x0, length = 46, contents = "com.apple.LaunchServices.applicationRegistered" }
	"XPCEventName" => <string: 0x10343f870> { string cache = 0x0, length = 21, contents = "ApplicationRegistered" }
}
2026-06-25 02:03:31.653 Df appprotectiond[37573:22a320] [com.apple.appprotection:server] received note: name = com.apple.LaunchServices.applicationRegistered, object = Optional(AppProtection.DistnotedXPCEventStreamTranslator), userInfo = Optional([AnyHashable("isPlaceholder"): 1, AnyHashable("bundleIDs"): <__NSSingleObjectArrayI 0x1036141e0>(
com.DefaultCompany.NeonDrift
)
])
2026-06-25 02:03:31.654 Df appprotectiond[37573:22a320] [com.apple.appprotection:server] Received distnoted event <dictionary: 0x103508000> { count = 3, transaction: 0, voucher = 0x103549220, contents =
	"UserInfo" => <dictionary: 0x103435680> { count = 2, transaction: 0, voucher = 0x0, contents =
		"isPlaceholder" => <bool: 0x1e6e64540>: true
		"bundleIDs" => <array: 0x10343f720> { count = 1, capacity = 1, contents =
			0: <string: 0x10343fed0> { string cache = 0x0, length = 28, contents = "com.DefaultCompany.NeonDrift" }
		}
	}
	"Name" => <string: 0x10343fc30> { string cache = 0x0, length = 46, contents = "com.apple.LaunchServices.applicationRegistered" }
	"XPCEventName" => <string: 0x10343f870> { string cache = 0x0, length = 21, contents = "ApplicationRegistered" }
}
2026-06-25 02:03:31.654 Df appprotectiond[37573:22a320] [com.apple.appprotection:server] received note: name = com.apple.LaunchServices.applicationRegistered, object = Optional(AppProtection.DistnotedXPCEventStreamTranslator), userInfo = Optional([AnyHashable("isPlaceholder"): 1, AnyHashable("bundleIDs"): <__NSSingleObjectArrayI 0x1036141e0>(
com.DefaultCompany.NeonDrift
)
])
2026-06-25 02:03:31.654 Df appprotectiond[37573:22a320] [com.apple.appprotection:server] processing settings authority event: SettingsAuthorityEvent.promotePreferenceFromProvisionalForApplication(com.DefaultCompany.NeonDrift)
2026-06-25 02:03:31.654 Df appprotectiond[37573:22a320] [com.apple.appprotection:server] processing settings authority event: SettingsAuthorityEvent.promotePreferenceFromProvisionalForApplication(com.DefaultCompany.NeonDrift)
2026-06-25 02:03:31.655 Df CoreSimulatorBridge[37585:226016] [com.apple.installcoordination:framework] -[IXAppInstallCoordinator _clientDelegate_didUpdateProgress:forPhase:overallProgress:]: <IXUpdatingAppInstallCoordinator<0x1018732c0> identity:[com.DefaultCompany.NeonDrift/Invalid/[system-defined]] uuid:C3EE5D39-B5AA-4696-B01B-3F6CD79AB520 creator:InstallCoordination Simple SPI>: Got did update progress delegate with percentComplete 80.000000 phase IXCoordinatorProgressPhaseInstalling overallProgress 92.000000
2026-06-25 02:03:31.655 Df CoreSimulatorBridge[37585:226016] [com.apple.installcoordination:framework] -[IXAppInstallCoordinator _clientDelegate_didUpdateProgress:forPhase:overallProgress:]_block_invoke: <IXUpdatingAppInstallCoordinator<0x1018732c0> identity:[com.DefaultCompany.NeonDrift/Invalid/[system-defined]] uuid:C3EE5D39-B5AA-4696-B01B-3F6CD79AB520 creator:InstallCoordination Simple SPI>: Calling selector coordinator:didUpdateProgress:forPhase:overallProgress: on observer <_IXSimpleInstallerDelegate 0x0x101af4180>
2026-06-25 02:03:31.655 Df installd[37685:22795a] (MobileSystemServices) 0x16d63b000 -[MIInstallationJournalEntry _refreshUUIDForContainer:withError:]: Data container for com.DefaultCompany.NeonDrift is now at /Users/dragonkao/Library/Developer/CoreSimulator/Devices/115FDF0C-5A2F-4686-909B-7F43F1450A28/data/Containers/Data/Application/5E88C3A5-FB5F-4D09-97F6-CDE015D45DA9
2026-06-25 02:03:31.656 Df containermanagerd[37611:1f0f6f] [com.apple.containermanager:schema] [u D36396A6-75F9-4E1F-9D12-31A3BA08393A:p 5E88C3A5-FB5F-4D09-97F6-CDE015D45DA9:c com.DefaultCompany.NeonDrift(2):i0] Successfully updated schema from (0) → (1), actions count = 6
2026-06-25 02:03:31.656 Df installd[37685:22795a] [com.apple.containermanager:unspecified] Replace; old = [app:com.DefaultCompany.NeonDrift:501::(EBD33033-119E-47A7-9B27-09EF7B5D7A0C)], new = [temp-app:com.DefaultCompany.NeonDrift:501::(A00E11C7-8123-4063-BFA3-2D685A6556A1)]
2026-06-25 02:03:31.659 Df installd[37685:22795a] [com.apple.containermanager:xpc] Query; euid = 501, uid = 501, class = 1, identifier = [com.DefaultCompany.NeonDrift](1), flags = 300000002
2026-06-25 02:03:31.660 Df installd[37685:22795a] (MobileSystemServices) 0x16d63b000 -[MIContainer makeContainerLiveReplacingContainer:reason:waitForDeletion:withError:]: Made container live for com.DefaultCompany.NeonDrift at /Users/dragonkao/Library/Developer/CoreSimulator/Devices/115FDF0C-5A2F-4686-909B-7F43F1450A28/data/Containers/Bundle/Application/04FF37D7-30F1-41EC-A4B7-AEF31377DCB6
2026-06-25 02:03:31.660 Df installd[37685:22795a] [com.apple.containermanager:xpc] Query; euid = 501, uid = 501, class = 1, identifier = [com.DefaultCompany.NeonDrift](1), flags = 300000002
2026-06-25 02:03:31.661 Df liveactivitiesd[37608:1efa85] [com.apple.launchservices:progress] Got progress <NSProgress: com.DefaultCompany.NeonDrift phase=Installing; state=Active; finalPhase=Installing; fractionCompleted=0.760000> for app com.DefaultCompany.NeonDrift,
2026-06-25 02:03:31.661 Df liveactivitiesd[37608:228d66] [com.apple.launchservices:progress] #LSInstallProgressList add subscriber: <_NSProgressSubscriber: 0x101be86f0> publishingString: com.DefaultCompany.NeonDrift
2026-06-25 02:03:31.661 Df liveactivitiesd[37608:228d66] [com.apple.launchservices:progress] Subscribing to progress for app com.DefaultCompany.NeonDrift,
2026-06-25 02:03:31.662 Df CoreSimulatorBridge[37585:22ac00] [com.apple.installcoordination:framework] -[IXAppInstallCoordinator _clientDelegate_didUpdateProgress:forPhase:overallProgress:]: <IXUpdatingAppInstallCoordinator<0x1018732c0> identity:[com.DefaultCompany.NeonDrift/Invalid/[system-defined]] uuid:C3EE5D39-B5AA-4696-B01B-3F6CD79AB520 creator:InstallCoordination Simple SPI>: Got did update progress delegate with percentComplete 90.000000 phase IXCoordinatorProgressPhaseInstalling overallProgress 96.000000
2026-06-25 02:03:31.662 Df CoreSimulatorBridge[37585:22ac00] [com.apple.installcoordination:framework] -[IXAppInstallCoordinator _clientDelegate_didUpdateProgress:forPhase:overallProgress:]_block_invoke: <IXUpdatingAppInstallCoordinator<0x1018732c0> identity:[com.DefaultCompany.NeonDrift/Invalid/[system-defined]] uuid:C3EE5D39-B5AA-4696-B01B-3F6CD79AB520 creator:InstallCoordination Simple SPI>: Calling selector coordinator:didUpdateProgress:forPhase:overallProgress: on observer <_IXSimpleInstallerDelegate 0x0x101af4180>
2026-06-25 02:03:31.662 Df installd[37685:22795a] [com.apple.containermanager:unspecified] Requesting disk usage; class = 1, identifier = com.DefaultCompany.NeonDrift
2026-06-25 02:03:31.663 Df dmd[37628:1efc31] Received xpc stream event (distributed notification matching) with name: com.apple.LaunchServices.applicationRegistered user info: {
    bundleIDs =     (
        "com.DefaultCompany.NeonDrift"
    );
    isPlaceholder = 1;
}
2026-06-25 02:03:31.664 Df installd[37685:22795a] [com.apple.containermanager:query] Query; euid = 501, uid = 501, class = 7, identifier = [com.DefaultCompany.NeonDrift](1), flags = 300000001
2026-06-25 02:03:31.664 Df SpringBoard[37555:1ef98e] [com.apple.SpringBoard:Common] termination assertion released for com.DefaultCompany.NeonDrift
2026-06-25 02:03:31.666 Df installd[37685:22795a] (MobileSystemServices) 0x16d63b000 -[MILaunchServicesOperationManager _onQueue_addPendingLaunchServicesOperation:error:]: Added pending LS operation <MILaunchServicesRegisterOperation: FC147870-56AF-441D-B663-457CF0576041:28 com.DefaultCompany.NeonDrift/MIInstallationDomainSystemShared personas:[com.apple.containermanager.primary-persona]>
2026-06-25 02:03:31.666 Df lsd[37604:22ac4a] [com.apple.launchservices:appinstallation] Post installation registration: request to register com.DefaultCompany.NeonDrift, operation FC147870-56AF-441D-B663-457CF0576041, from pid 37685
2026-06-25 02:03:31.666 Df lsd[37604:22ac4a] [com.apple.appinstallation:TransactionLog] com.DefaultCompany.NeonDrift/Unknown Persona:5:4:1:1:Registering bundles via registrant - start
2026-06-25 02:03:31.668 Df lsd[37604:22ac4a] [com.apple.appinstallation:TransactionLog] com.DefaultCompany.NeonDrift/Unknown Persona:5:5:1:1:Building bundle record for app
2026-06-25 02:03:31.668 Df lsd[37604:22ac4a] [com.apple.launchservices:appinstallation] Removed existing registered placeholder for com.DefaultCompany.NeonDrift
2026-06-25 02:03:31.668 Df lsd[37604:22ac4a] [com.apple.launchservices:appinstallation] Removed existing registered bundle for com.DefaultCompany.NeonDrift
2026-06-25 02:03:31.668 Df lsd[37604:22ac4a] [com.apple.appinstallation:TransactionLog] com.DefaultCompany.NeonDrift/Unknown Persona:5:5:2:1:Built bundle record for app
2026-06-25 02:03:31.669 Df lsd[37604:22ac4a] [com.apple.launchservices:icons] clearAlternateNameForBundleIdentifier: won't clear for com.DefaultCompany.NeonDrift
2026-06-25 02:03:31.669 Df lsd[37604:22ac4a] [com.apple.appinstallation:TransactionLog] com.DefaultCompany.NeonDrift/Unknown Persona:5:4:2:1:Registered bundle status = success
2026-06-25 02:03:31.669 Df lsd[37604:22ac4a] [com.apple.appinstallation:TransactionLog] com.DefaultCompany.NeonDrift/Unknown Persona:5:4:2:1:Finished registering com.DefaultCompany.NeonDrift, bundle unit 424
2026-06-25 02:03:31.669 Df lsd[37604:22a162] [com.apple.launchservices:progress] Installation ended for com.DefaultCompany.NeonDrift with state 5
2026-06-25 02:03:31.669 Df lsd[37604:22a162] [com.apple.launchservices:progress] Discarding proportions for com.DefaultCompany.NeonDrift
2026-06-25 02:03:31.669 Df SpringBoard[37555:1ef98e] [com.apple.launchservices:progress] Unpublishing progress block called for app com.DefaultCompany.NeonDrift
2026-06-25 02:03:31.669 Df installd[37685:22795a] (MobileSystemServices) 0x16d63b000 -[MIJournal purgeJournalEntry:withError:]: Removing journal entry <MIInstallationJournalEntry<0x1038b0a00> [com.DefaultCompany.NeonDrift/com.apple.containermanager.primary-persona/[system-defined]]/MIInstallationDomainSystemShared op:1 phase:JournalPhaseDidRegisterWithLS version:0>
2026-06-25 02:03:31.669 Df liveactivitiesd[37608:1efa85] [com.apple.launchservices:progress] Unpublishing progress block called for app com.DefaultCompany.NeonDrift
2026-06-25 02:03:31.669 Df lsd[37604:22ac6e] [com.apple.launchservices:progress] Sending applicationsDidInstall: for (
    "<LSApplicationProxy: 0x105780000> com.DefaultCompany.NeonDrift file:///Users/dragonkao/Library/Developer/CoreSimulator/Devices/115FDF0C-5A2F-4686-909B-7F43F1450A28/data/Containers/Bundle/Application/04FF37D7-30F1-41EC-A4B7-AEF31377DCB6/NeonDrift.app/ <com.DefaultCompany.NeonDrift <installed >:0>"
)
2026-06-25 02:03:31.669 Df liveactivitiesd[37608:228d66] [com.apple.launchservices:progress] #LSInstallProgressList remove subscriber: <_NSProgressSubscriber: 0x101be86f0> publishingString: com.DefaultCompany.NeonDrift
2026-06-25 02:03:31.669 Df SpringBoard[37555:22ac3a] [com.apple.launchservices:progress] #LSInstallProgressList remove subscriber: <_NSProgressSubscriber: 0x10a69f750> publishingString: com.DefaultCompany.NeonDrift
2026-06-25 02:03:31.669 Df installd[37685:22795a] [com.apple.appinstallation:TransactionLog] com.DefaultCompany.NeonDrift/com.apple.containermanager.primary-persona:7:1:2:1:Success (End) : Install (Patch Update)
2026-06-25 02:03:31.670 Df installd[37685:22795a] (MobileSystemServices) 0x16d63b000 -[MIInstaller _logOperationCompletionWithStartTime:distributorID:]: Install successful for (Developer:com.DefaultCompany.NeonDrift) [Distributor: (null)]; Staging: 0.00s; Waiting: 0.00s; Preflight/Patch: 0.02s, Verifying: 0.00s; Overall: 0.07s
2026-06-25 02:03:31.671 Df callservicesd[37622:22ac7c] [com.apple.launchservices:appinstallation] Received applicationsDidInstall:(
    "<LSApplicationProxy: 0x108e38d80> com.DefaultCompany.NeonDrift file:///Users/dragonkao/Library/Developer/CoreSimulator/Devices/115FDF0C-5A2F-4686-909B-7F43F1450A28/data/Containers/Bundle/Application/04FF37D7-30F1-41EC-A4B7-AEF31377DCB6/NeonDrift.app/ <com.DefaultCompany.NeonDrift <installed >:0>"
)
2026-06-25 02:03:31.671 Df appstored[37723:22ac70] [com.apple.launchservices:appinstallation] Received applicationsDidInstall:(
    "<LSApplicationProxy: 0x1042d4000> com.DefaultCompany.NeonDrift file:///Users/dragonkao/Library/Developer/CoreSimulator/Devices/115FDF0C-5A2F-4686-909B-7F43F1450A28/data/Containers/Bundle/Application/04FF37D7-30F1-41EC-A4B7-AEF31377DCB6/NeonDrift.app/ <com.DefaultCompany.NeonDrift <installed >:0>"
)
2026-06-25 02:03:31.671 Df passd[37584:22aa0b] [com.apple.launchservices:appinstallation] Received applicationsDidInstall:(
    "<LSApplicationProxy: 0x1088adc80> com.DefaultCompany.NeonDrift file:///Users/dragonkao/Library/Developer/CoreSimulator/Devices/115FDF0C-5A2F-4686-909B-7F43F1450A28/data/Containers/Bundle/Application/04FF37D7-30F1-41EC-A4B7-AEF31377DCB6/NeonDrift.app/ <com.DefaultCompany.NeonDrift <installed >:0>"
)
2026-06-25 02:03:31.671 Df installcoordinationd[37614:22ac05] [com.apple.installcoordination:daemon] -[IXSPendingOperationsTracker endPendingOperationForIdentity:]_block_invoke: Ending pending operation for [com.DefaultCompany.NeonDrift/Invalid/[system-defined]]
2026-06-25 02:03:31.671 Df runningboardd[37558:22ac11] [com.apple.launchservices:appinstallation] Received applicationsDidInstall:(
    "<LSApplicationProxy: 0x109998000> com.DefaultCompany.NeonDrift file:///Users/dragonkao/Library/Developer/CoreSimulator/Devices/115FDF0C-5A2F-4686-909B-7F43F1450A28/data/Containers/Bundle/Application/04FF37D7-30F1-41EC-A4B7-AEF31377DCB6/NeonDrift.app/ <com.DefaultCompany.NeonDrift <installed >:0>"
)
2026-06-25 02:03:31.671 Df activitysharingd[37941:2260a3] [com.apple.launchservices:appinstallation] Received applicationsDidInstall:(
    "<LSApplicationProxy: 0x1041b0e40> com.DefaultCompany.NeonDrift file:///Users/dragonkao/Library/Developer/CoreSimulator/Devices/115FDF0C-5A2F-4686-909B-7F43F1450A28/data/Containers/Bundle/Application/04FF37D7-30F1-41EC-A4B7-AEF31377DCB6/NeonDrift.app/ <com.DefaultCompany.NeonDrift <installed >:0>"
)
2026-06-25 02:03:31.671 Df webbookmarksd[37647:228ba7] [com.apple.launchservices:appinstallation] Received applicationsDidInstall:(
    "<LSApplicationProxy: 0x1061d8000> com.DefaultCompany.NeonDrift file:///Users/dragonkao/Library/Developer/CoreSimulator/Devices/115FDF0C-5A2F-4686-909B-7F43F1450A28/data/Containers/Bundle/Application/04FF37D7-30F1-41EC-A4B7-AEF31377DCB6/NeonDrift.app/ <com.DefaultCompany.NeonDrift <installed >:0>"
)
2026-06-25 02:03:31.671 Df CoreSimulatorBridge[37585:22ac00] [com.apple.installcoordination:framework] -[IXAppInstallCoordinator _clientDelegate_didUpdateProgress:forPhase:overallProgress:]: <IXUpdatingAppInstallCoordinator<0x1018732c0> identity:[com.DefaultCompany.NeonDrift/Invalid/[system-defined]] uuid:C3EE5D39-B5AA-4696-B01B-3F6CD79AB520 creator:InstallCoordination Simple SPI>: Got did update progress delegate with percentComplete 100.000000 phase IXCoordinatorProgressPhaseInstalling overallProgress 100.000000
2026-06-25 02:03:31.671 Df routined[37563:229fb3] [com.apple.launchservices:appinstallation] Received applicationsDidInstall:(
    "<LSApplicationProxy: 0x1057b1080> com.DefaultCompany.NeonDrift file:///Users/dragonkao/Library/Developer/CoreSimulator/Devices/115FDF0C-5A2F-4686-909B-7F43F1450A28/data/Containers/Bundle/Application/04FF37D7-30F1-41EC-A4B7-AEF31377DCB6/NeonDrift.app/ <com.DefaultCompany.NeonDrift <installed >:0>"
)
2026-06-25 02:03:31.671 Df CoreSimulatorBridge[37585:22ac00] [com.apple.installcoordination:framework] -[IXAppInstallCoordinator _clientDelegate_didUpdateProgress:forPhase:overallProgress:]_block_invoke: <IXUpdatingAppInstallCoordinator<0x1018732c0> identity:[com.DefaultCompany.NeonDrift/Invalid/[system-defined]] uuid:C3EE5D39-B5AA-4696-B01B-3F6CD79AB520 creator:InstallCoordination Simple SPI>: Calling selector coordinator:didUpdateProgress:forPhase:overallProgress: on observer <_IXSimpleInstallerDelegate 0x0x101af4180>
2026-06-25 02:03:31.672 Df locationd[37579:228d65] [com.apple.launchservices:appinstallation] Received applicationsDidInstall:(
    "<LSApplicationProxy: 0x10777c6c0> com.DefaultCompany.NeonDrift file:///Users/dragonkao/Library/Developer/CoreSimulator/Devices/115FDF0C-5A2F-4686-909B-7F43F1450A28/data/Containers/Bundle/Application/04FF37D7-30F1-41EC-A4B7-AEF31377DCB6/NeonDrift.app/ <com.DefaultCompany.NeonDrift <installed >:0>"
)
2026-06-25 02:03:31.672 Df profiled[37619:22ac59] [com.apple.launchservices:appinstallation] Received applicationsDidInstall:(
    "<LSApplicationProxy: 0x10500c000> com.DefaultCompany.NeonDrift file:///Users/dragonkao/Library/Developer/CoreSimulator/Devices/115FDF0C-5A2F-4686-909B-7F43F1450A28/data/Containers/Bundle/Application/04FF37D7-30F1-41EC-A4B7-AEF31377DCB6/NeonDrift.app/ <com.DefaultCompany.NeonDrift <installed >:0>"
)
2026-06-25 02:03:31.672 Df activityawardsd[37773:22ac5b] [com.apple.launchservices:appinstallation] Received applicationsDidInstall:(
    "<LSApplicationProxy: 0x10392cb40> com.DefaultCompany.NeonDrift file:///Users/dragonkao/Library/Developer/CoreSimulator/Devices/115FDF0C-5A2F-4686-909B-7F43F1450A28/data/Containers/Bundle/Application/04FF37D7-30F1-41EC-A4B7-AEF31377DCB6/NeonDrift.app/ <com.DefaultCompany.NeonDrift <installed >:0>"
)
2026-06-25 02:03:31.672 Df healthd[37565:22a149] [com.apple.launchservices:appinstallation] Received applicationsDidInstall:(
    "<LSApplicationProxy: 0x103a85140> com.DefaultCompany.NeonDrift file:///Users/dragonkao/Library/Developer/CoreSimulator/Devices/115FDF0C-5A2F-4686-909B-7F43F1450A28/data/Containers/Bundle/Application/04FF37D7-30F1-41EC-A4B7-AEF31377DCB6/NeonDrift.app/ <com.DefaultCompany.NeonDrift <installed >:0>"
)
2026-06-25 02:03:31.672 Df installcoordinationd[37614:22ac05] [com.apple.installcoordination:daemon] -[IXSCoordinatedAppInstall setComplete:]: <IXSCoordinatedAppInstall<0x1059e4000> [P=CoreSimulatorBridge (pid 37585)] identifier:[com.DefaultCompany.NeonDrift/Invalid/[system-defined]] uuid:C3EE5D39-B5AA-4696-B01B-3F6CD79AB520 intent:IXCoordinatorIntentUpdating creator/appDRI:InstallCoordination Simple SPI importance:UserWaiting state:IXAppCoordinationStateComplete promise-state:PA2I4> complete!
2026-06-25 02:03:31.672 Df installcoordinationd[37614:22ac05] [com.apple.installcoordination:daemon] -[IXSPowerAssertion invalidate]: Released power assertion IXPowerAssertion-12-[com.DefaultCompany.NeonDrift/Invalid/[system-defined]]
2026-06-25 02:03:31.672 Df SpringBoard[37555:22a124] [com.apple.launchservices:appinstallation] Received applicationsDidInstall:(
    "<LSApplicationProxy: 0x12252adc0> com.DefaultCompany.NeonDrift file:///Users/dragonkao/Library/Developer/CoreSimulator/Devices/115FDF0C-5A2F-4686-909B-7F43F1450A28/data/Containers/Bundle/Application/04FF37D7-30F1-41EC-A4B7-AEF31377DCB6/NeonDrift.app/ <com.DefaultCompany.NeonDrift <installed >:0>"
)
2026-06-25 02:03:31.672 Df lsd[37604:1efa4b] [com.apple.launchservices:progress] unsubscribing from com.DefaultCompany.NeonDrift.Installing as it was unpublished
2026-06-25 02:03:31.672 Df lsd[37604:1efa4b] [com.apple.launchservices:progress] #LSInstallProgressList remove subscriber: <_NSProgressSubscriber: 0x1056df660> publishingString: com.DefaultCompany.NeonDrift.Installing
2026-06-25 02:03:31.672 Df financed[37650:22ac5d] [com.apple.launchservices:appinstallation] Received applicationsDidInstall:(
    "<LSApplicationProxy: 0x109993540> com.DefaultCompany.NeonDrift file:///Users/dragonkao/Library/Developer/CoreSimulator/Devices/115FDF0C-5A2F-4686-909B-7F43F1450A28/data/Containers/Bundle/Application/04FF37D7-30F1-41EC-A4B7-AEF31377DCB6/NeonDrift.app/ <com.DefaultCompany.NeonDrift <installed >:0>"
)
2026-06-25 02:03:31.672 Df installcoordinationd[37614:22ac05] [com.apple.installcoordination:daemon] -[IXSDataPromise decommission]: Decommissioning <IXSPromisedTransferToPath(0x1058dd280) Name:Icon resources for com.DefaultCompany.NeonDrift Creator:InstallCoordination Simple SPI UUID:AA6F0445-960C-4F18-86ED-1F190A6490DE Location:[system-defined]>
2026-06-25 02:03:31.672 Df liveactivitiesd[37608:228d66] [com.apple.launchservices:appinstallation] Received applicationsDidInstall:(
    "<LSApplicationProxy: 0x101aa1bc0> com.DefaultCompany.NeonDrift file:///Users/dragonkao/Library/Developer/CoreSimulator/Devices/115FDF0C-5A2F-4686-909B-7F43F1450A28/data/Containers/Bundle/Application/04FF37D7-30F1-41EC-A4B7-AEF31377DCB6/NeonDrift.app/ <com.DefaultCompany.NeonDrift <installed >:0>"
)
2026-06-25 02:03:31.672 Df donotdisturbd[37602:22ac3d] [com.apple.launchservices:appinstallation] Received applicationsDidInstall:(
    "<LSApplicationProxy: 0x1015d9380> com.DefaultCompany.NeonDrift file:///Users/dragonkao/Library/Developer/CoreSimulator/Devices/115FDF0C-5A2F-4686-909B-7F43F1450A28/data/Containers/Bundle/Application/04FF37D7-30F1-41EC-A4B7-AEF31377DCB6/NeonDrift.app/ <com.DefaultCompany.NeonDrift <installed >:0>"
)
2026-06-25 02:03:31.672 Df mobiletimerd[37570:22a89e] [com.apple.launchservices:appinstallation] Received applicationsDidInstall:(
    "<LSApplicationProxy: 0x104210780> com.DefaultCompany.NeonDrift file:///Users/dragonkao/Library/Developer/CoreSimulator/Devices/115FDF0C-5A2F-4686-909B-7F43F1450A28/data/Containers/Bundle/Application/04FF37D7-30F1-41EC-A4B7-AEF31377DCB6/NeonDrift.app/ <com.DefaultCompany.NeonDrift <installed >:0>"
)
2026-06-25 02:03:31.673 Df activitysharingd[37941:2260a3] [com.apple.appinstallation:TransactionLog] com.DefaultCompany.NeonDrift/Unknown Persona:5:8:3:1:applicationsDidInstall <LSApplicationProxy: 0x1041b0f00> com.DefaultCompany.NeonDrift file:///Users/dragonkao/Library/Developer/CoreSimulator/Devices/115FDF0C-5A2F-4686-909B-7F43F1450A28/data/Containers/Bundle/Application/04FF37D7-30F1-41EC-A4B7-AEF31377DCB6/NeonDrift.app/ <com.DefaultCompany.NeonDrift <installed >:0>
2026-06-25 02:03:31.673 Df callservicesd[37622:22ac7c] [com.apple.appinstallation:TransactionLog] com.DefaultCompany.NeonDrift/Unknown Persona:5:8:3:1:applicationsDidInstall <LSApplicationProxy: 0x108e38e40> com.DefaultCompany.NeonDrift file:///Users/dragonkao/Library/Developer/CoreSimulator/Devices/115FDF0C-5A2F-4686-909B-7F43F1450A28/data/Containers/Bundle/Application/04FF37D7-30F1-41EC-A4B7-AEF31377DCB6/NeonDrift.app/ <com.DefaultCompany.NeonDrift <installed >:0>
2026-06-25 02:03:31.673 Df nsurlsessiond[37606:22a5eb] [com.apple.launchservices:appinstallation] Received applicationsDidInstall:(
    "<LSApplicationProxy: 0x101e64840> com.DefaultCompany.NeonDrift file:///Users/dragonkao/Library/Developer/CoreSimulator/Devices/115FDF0C-5A2F-4686-909B-7F43F1450A28/data/Containers/Bundle/Application/04FF37D7-30F1-41EC-A4B7-AEF31377DCB6/NeonDrift.app/ <com.DefaultCompany.NeonDrift <installed >:0>"
)
2026-06-25 02:03:31.673 Df appstored[37723:22ac70] [com.apple.appinstallation:TransactionLog] com.DefaultCompany.NeonDrift/Unknown Persona:5:8:3:1:applicationsDidInstall <LSApplicationProxy: 0x1042d40c0> com.DefaultCompany.NeonDrift file:///Users/dragonkao/Library/Developer/CoreSimulator/Devices/115FDF0C-5A2F-4686-909B-7F43F1450A28/data/Containers/Bundle/Application/04FF37D7-30F1-41EC-A4B7-AEF31377DCB6/NeonDrift.app/ <com.DefaultCompany.NeonDrift <installed >:0>
2026-06-25 02:03:31.673 Df callservicesd[37622:22ac7c] [com.apple.calls.copresencecore:Default] Invalidating cached value for bundle identifier: com.DefaultCompany.NeonDrift
2026-06-25 02:03:31.673 Df passd[37584:22aa0b] [com.apple.appinstallation:TransactionLog] com.DefaultCompany.NeonDrift/Unknown Persona:5:8:3:1:applicationsDidInstall <LSApplicationProxy: 0x1088ad980> com.DefaultCompany.NeonDrift file:///Users/dragonkao/Library/Developer/CoreSimulator/Devices/115FDF0C-5A2F-4686-909B-7F43F1450A28/data/Containers/Bundle/Application/04FF37D7-30F1-41EC-A4B7-AEF31377DCB6/NeonDrift.app/ <com.DefaultCompany.NeonDrift <installed >:0>
2026-06-25 02:03:31.673 Df gamed[37637:22aaeb] [com.apple.launchservices:appinstallation] Received applicationsDidInstall:(
    "<LSApplicationProxy: 0x104730240> com.DefaultCompany.NeonDrift file:///Users/dragonkao/Library/Developer/CoreSimulator/Devices/115FDF0C-5A2F-4686-909B-7F43F1450A28/data/Containers/Bundle/Application/04FF37D7-30F1-41EC-A4B7-AEF31377DCB6/NeonDrift.app/ <com.DefaultCompany.NeonDrift <installed >:0>"
)
2026-06-25 02:03:31.673 Df homed[37625:227765] [com.apple.launchservices:appinstallation] Received applicationsDidInstall:(
    "<LSApplicationProxy: 0x107a7c540> com.DefaultCompany.NeonDrift file:///Users/dragonkao/Library/Developer/CoreSimulator/Devices/115FDF0C-5A2F-4686-909B-7F43F1450A28/data/Containers/Bundle/Application/04FF37D7-30F1-41EC-A4B7-AEF31377DCB6/NeonDrift.app/ <com.DefaultCompany.NeonDrift <installed >:0>"
)
2026-06-25 02:03:31.673 Df dasd[37581:229d9d] [com.apple.launchservices:appinstallation] Received applicationsDidInstall:(
    "<LSApplicationProxy: 0x105b54480> com.DefaultCompany.NeonDrift file:///Users/dragonkao/Library/Developer/CoreSimulator/Devices/115FDF0C-5A2F-4686-909B-7F43F1450A28/data/Containers/Bundle/Application/04FF37D7-30F1-41EC-A4B7-AEF31377DCB6/NeonDrift.app/ <com.DefaultCompany.NeonDrift <installed >:0>"
)
2026-06-25 02:03:31.673 Df lsd[37604:22ac6e] [com.apple.launchservices:progress] Sent distributed notification com.apple.LaunchServices.applicationRegistered with payload {
    bundleIDs =     (
        "com.DefaultCompany.NeonDrift"
    );
    isPlaceholder = 0;
}
2026-06-25 02:03:31.673 Df installcoordinationd[37614:22ac05] [com.apple.installcoordination:daemon] -[IXSDataPromise decommission]: Decommissioning <IXSPromisedInMemoryDictionary(0x1058dd200) Name:Info.plist icon content for com.DefaultCompany.NeonDrift Creator:InstallCoordination Simple SPI UUID:C722BA75-A8EC-4610-8258-84D236C18811 Location:[system-defined]>
2026-06-25 02:03:31.673 Df callservicesd[37622:22ac7c] [com.apple.calls.copresencecore:Default] Invalidating cached value for bundle identifier: com.DefaultCompany.NeonDrift
2026-06-25 02:03:31.673 Df runningboardd[37558:22ac11] [com.apple.appinstallation:TransactionLog] com.DefaultCompany.NeonDrift/Unknown Persona:5:8:3:1:applicationsDidInstall <LSApplicationProxy: 0x1099980c0> com.DefaultCompany.NeonDrift file:///Users/dragonkao/Library/Developer/CoreSimulator/Devices/115FDF0C-5A2F-4686-909B-7F43F1450A28/data/Containers/Bundle/Application/04FF37D7-30F1-41EC-A4B7-AEF31377DCB6/NeonDrift.app/ <com.DefaultCompany.NeonDrift <installed >:0>
2026-06-25 02:03:31.673 Df routined[37563:229fb3] [com.apple.appinstallation:TransactionLog] com.DefaultCompany.NeonDrift/Unknown Persona:5:8:3:1:applicationsDidInstall <LSApplicationProxy: 0x1057b0e40> com.DefaultCompany.NeonDrift file:///Users/dragonkao/Library/Developer/CoreSimulator/Devices/115FDF0C-5A2F-4686-909B-7F43F1450A28/data/Containers/Bundle/Application/04FF37D7-30F1-41EC-A4B7-AEF31377DCB6/NeonDrift.app/ <com.DefaultCompany.NeonDrift <installed >:0>
2026-06-25 02:03:31.673 Df sleepd[37582:22772e] [com.apple.launchservices:appinstallation] Received applicationsDidInstall:(
    "<LSApplicationProxy: 0x106260000> com.DefaultCompany.NeonDrift file:///Users/dragonkao/Library/Developer/CoreSimulator/Devices/115FDF0C-5A2F-4686-909B-7F43F1450A28/data/Containers/Bundle/Application/04FF37D7-30F1-41EC-A4B7-AEF31377DCB6/NeonDrift.app/ <com.DefaultCompany.NeonDrift <installed >:0>"
)
2026-06-25 02:03:31.674 Df deviceaccessd[37639:22a183] [com.apple.launchservices:appinstallation] Received applicationsDidInstall:(
    "<LSApplicationProxy: 0x101570600> com.DefaultCompany.NeonDrift file:///Users/dragonkao/Library/Developer/CoreSimulator/Devices/115FDF0C-5A2F-4686-909B-7F43F1450A28/data/Containers/Bundle/Application/04FF37D7-30F1-41EC-A4B7-AEF31377DCB6/NeonDrift.app/ <com.DefaultCompany.NeonDrift <installed >:0>"
)
2026-06-25 02:03:31.674 Df installcoordinationd[37614:22ac05] [com.apple.installcoordination:daemon] -[IXSDataPromise decommission]: Decommissioning <IXSPromisedInMemoryDictionary(0x1058dd880) Name:Localizations for com.DefaultCompany.NeonDrift Creator:InstallCoordination Simple SPI UUID:7C956572-8222-4573-A6B1-DE13EE9A0778 Location:[system-defined]>
2026-06-25 02:03:31.674 Df webbookmarksd[37647:228ba7] [com.apple.appinstallation:TransactionLog] com.DefaultCompany.NeonDrift/Unknown Persona:5:8:3:1:applicationsDidInstall <LSApplicationProxy: 0x1061d80c0> com.DefaultCompany.NeonDrift file:///Users/dragonkao/Library/Developer/CoreSimulator/Devices/115FDF0C-5A2F-4686-909B-7F43F1450A28/data/Containers/Bundle/Application/04FF37D7-30F1-41EC-A4B7-AEF31377DCB6/NeonDrift.app/ <com.DefaultCompany.NeonDrift <installed >:0>
2026-06-25 02:03:31.674 Df activityawardsd[37773:22ac5b] [com.apple.appinstallation:TransactionLog] com.DefaultCompany.NeonDrift/Unknown Persona:5:8:3:1:applicationsDidInstall <LSApplicationProxy: 0x10392ca80> com.DefaultCompany.NeonDrift file:///Users/dragonkao/Library/Developer/CoreSimulator/Devices/115FDF0C-5A2F-4686-909B-7F43F1450A28/data/Containers/Bundle/Application/04FF37D7-30F1-41EC-A4B7-AEF31377DCB6/NeonDrift.app/ <com.DefaultCompany.NeonDrift <installed >:0>
