2026-06-24 21:43:04.510 Df installcoordinationd[83165:df733] [com.apple.installcoordination:daemon] -[IXSCoordinatedAppInstall setImportance:]: <IXSCoordinatedAppInstall<0x105a08000> [P=CoreSimulatorBridge (pid 82688)] identifier:[com.DefaultCompany.NeonDrift/Invalid/[system-defined]] uuid:BB24397E-08BD-4646-A68F-8C7D74A016E1 intent:IXCoordinatorIntentUpdating creator/appDRI:InstallCoordination Simple SPI importance:UserWaiting state:IXAppCoordinationStatePlaceholderPromiseNotSet promise-state:01234>: set importance to UserWaiting
2026-06-24 21:43:04.510 Df installcoordinationd[83165:df733] [com.apple.installcoordination:daemon] -[IXSCoordinatedAppInstall _onQueue_fireObserversForClient:]: <IXSCoordinatedAppInstall<0x105a08000> [P=CoreSimulatorBridge (pid 82688)] identifier:[com.DefaultCompany.NeonDrift/Invalid/[system-defined]] uuid:BB24397E-08BD-4646-A68F-8C7D74A016E1 intent:IXCoordinatorIntentUpdating creator/appDRI:InstallCoordination Simple SPI importance:UserWaiting state:IXAppCoordinationStatePlaceholderPromiseNotSet promise-state:01234>: Firing applicable observers for client <IXSClientConnection<0x105858300> client:CoreSimulatorBridge (pid 82688) uuid:865C7134-E0CB-4A71-9F88-76EEF4077346>
2026-06-24 21:43:04.510 Df installcoordinationd[83165:df733] [com.apple.installcoordination:daemon] -[IXSCoordinatedAppInstall setPriorityBoostCompletion:withSourceInfo:]: <IXSCoordinatedAppInstall<0x105a08000> [P=CoreSimulatorBridge (pid 82688)] identifier:[com.DefaultCompany.NeonDrift/Invalid/[system-defined]] uuid:BB24397E-08BD-4646-A68F-8C7D74A016E1 intent:IXCoordinatorIntentUpdating creator/appDRI:InstallCoordination Simple SPI importance:UserWaiting state:IXAppCoordinationStatePlaceholderPromiseNotSet promise-state:01234>: Disposing of completion from CoreSimulatorBridge (82688), QOS_CLASS_DEFAULT (0x15)
2026-06-24 21:43:04.510 Df installcoordinationd[83165:df733] [com.apple.installcoordination:daemon] -[IXSCoordinatedAppInstall setPriorityBoostCompletion:withSourceInfo:]: <IXSCoordinatedAppInstall<0x105a08000> [P=CoreSimulatorBridge (pid 82688)] identifier:[com.DefaultCompany.NeonDrift/Invalid/[system-defined]] uuid:BB24397E-08BD-4646-A68F-8C7D74A016E1 intent:IXCoordinatorIntentUpdating creator/appDRI:InstallCoordination Simple SPI importance:UserWaiting state:IXAppCoordinationStatePlaceholderPromiseNotSet promise-state:01234>: Retaining completion from CoreSimulatorBridge (82688), QOS_CLASS_DEFAULT (0x15)
2026-06-24 21:43:04.510 Df CoreSimulatorBridge[82688:df732] [com.apple.installcoordination:framework] -[IXAppInstallCoordinator _clientDelegate_didRegisterForObservation]: <IXUpdatingAppInstallCoordinator<0x103c91a00> identity:[com.DefaultCompany.NeonDrift/Invalid/[system-defined]] uuid:BB24397E-08BD-4646-A68F-8C7D74A016E1 creator:InstallCoordination Simple SPI>: Got observer registration delegate
2026-06-24 21:43:04.510 Df CoreSimulatorBridge[82688:df732] [com.apple.installcoordination:framework] -[IXAppInstallCoordinator _clientDelegate_shouldResume]: <IXUpdatingAppInstallCoordinator<0x103c91a00> identity:[com.DefaultCompany.NeonDrift/Invalid/[system-defined]] uuid:BB24397E-08BD-4646-A68F-8C7D74A016E1 creator:InstallCoordination Simple SPI>: Got should resume delegate
2026-06-24 21:43:04.510 Df CoreSimulatorBridge[82688:df731] [com.apple.installcoordination:framework] -[IXAppInstallCoordinator _clientDelegate_didRegisterForObservation]_block_invoke: <IXUpdatingAppInstallCoordinator<0x103c91a00> identity:[com.DefaultCompany.NeonDrift/Invalid/[system-defined]] uuid:BB24397E-08BD-4646-A68F-8C7D74A016E1 creator:InstallCoordination Simple SPI>: Observer <_IXSimpleInstallerDelegate 0x0x103c5a250> does not respond to coordinatorDidRegisterForObservation:
2026-06-24 21:43:04.510 Df CoreSimulatorBridge[82688:df731] [com.apple.installcoordination:framework] -[IXAppInstallCoordinator _clientDelegate_shouldResume]_block_invoke: <IXUpdatingAppInstallCoordinator<0x103c91a00> identity:[com.DefaultCompany.NeonDrift/Invalid/[system-defined]] uuid:BB24397E-08BD-4646-A68F-8C7D74A016E1 creator:InstallCoordination Simple SPI>: Observer <_IXSimpleInstallerDelegate 0x0x103c5a250> does not respond to coordinatorShouldResume:
2026-06-24 21:43:04.512 Df installcoordinationd[83165:defa1] [com.apple.installcoordination:daemon] -[IXSCoordinatedAppInstall _internal_setInstallOptionsPromise:performExternalActions:]: <IXSCoordinatedAppInstall<0x105a08000> [P=CoreSimulatorBridge (pid 82688)] identifier:[com.DefaultCompany.NeonDrift/Invalid/[system-defined]] uuid:BB24397E-08BD-4646-A68F-8C7D74A016E1 intent:IXCoordinatorIntentUpdating creator/appDRI:InstallCoordination Simple SPI importance:UserWaiting state:IXAppCoordinationStatePlaceholderPromiseNotSet promise-state:012I4> : install options set: <IXSPromisedInMemoryData(0x105901900) Name:MIInstallOptions data Creator:Install Coordination Internal UUID:02AFD582-9CAD-4923-83E4-CD3B8E851DD0 Location:[system-defined]>
2026-06-24 21:43:04.512 Df installcoordinationd[83165:defdf] [com.apple.installcoordination:daemon] -[IXSCoordinatedAppInstall promiseDidComplete:]: <IXSCoordinatedAppInstall<0x105a08000> [P=CoreSimulatorBridge (pid 82688)] identifier:[com.DefaultCompany.NeonDrift/Invalid/[system-defined]] uuid:BB24397E-08BD-4646-A68F-8C7D74A016E1 intent:IXCoordinatorIntentUpdating creator/appDRI:InstallCoordination Simple SPI importance:UserWaiting state:IXAppCoordinationStatePlaceholderPromiseNotSet promise-state:012I4> : Promise completed: <IXSPromisedInMemoryData(0x105901900) Name:MIInstallOptions data Creator:Install Coordination Internal UUID:02AFD582-9CAD-4923-83E4-CD3B8E851DD0 Location:[system-defined]>
2026-06-24 21:43:04.512 Df installcoordinationd[83165:defdf] [com.apple.appinstallation:TransactionLog] com.DefaultCompany.NeonDrift/Unknown Persona:4:13:1:1:Install Options Promise began. Coordinator State: IXAppCoordinationStatePlaceholderPromiseNotSet
2026-06-24 21:43:04.512 Df installcoordinationd[83165:defdf] [com.apple.appinstallation:TransactionLog] com.DefaultCompany.NeonDrift/Unknown Persona:4:13:2:1:Install Options Promise completed. Coordinator State: IXAppCoordinationStatePlaceholderPromiseNotSet
2026-06-24 21:43:04.512 Df installcoordinationd[83165:df733] [com.apple.installcoordination:daemon] -[IXSCoordinatedAppInstall _internal_setAppAssetPromise:performExternalActions:]: <IXSCoordinatedAppInstall<0x105a08000> [P=CoreSimulatorBridge (pid 82688)] identifier:[com.DefaultCompany.NeonDrift/Invalid/[system-defined]] uuid:BB24397E-08BD-4646-A68F-8C7D74A016E1 intent:IXCoordinatorIntentUpdating creator/appDRI:InstallCoordination Simple SPI importance:UserWaiting state:IXAppCoordinationStatePlaceholderPromiseNotSet promise-state:0a2I4> : App Asset Promise set: <IXSPromisedTransferToPath(0x105902780) Name:App Asset: com.DefaultCompany.NeonDrift Creator:InstallCoordination Simple SPI UUID:11447393-46CE-4861-B4A3-AF1C3BEB879B Location:[system-defined]>
2026-06-24 21:43:04.513 Df installcoordinationd[83165:df733] [com.apple.installcoordination:daemon] -[IXSCoordinatedAppInstall setInitialODRAssetPromises:]: <IXSCoordinatedAppInstall<0x105a08000> [P=CoreSimulatorBridge (pid 82688)] identifier:[com.DefaultCompany.NeonDrift/Invalid/[system-defined]] uuid:BB24397E-08BD-4646-A68F-8C7D74A016E1 intent:IXCoordinatorIntentUpdating creator/appDRI:InstallCoordination Simple SPI importance:UserWaiting state:IXAppCoordinationStatePlaceholderPromiseNotSet promise-state:0a2I4> : Initial ODR Asset Promises set: (
)
2026-06-24 21:43:04.514 Df CoreSimulatorBridge[82688:defa4] [com.apple.installcoordination:framework] -[IXPromisedTransferToPath _performDeltaCopyFrom:toDestination:]: Performing delta copy from /Users/dragonkao/.openclaw/workspace/382b9e3384298039b171c9b2a60ae644/NeonDrift_MVP/project/xcode_derived_data/Build/Products/Release-iphonesimulator/NeonDrift.app to /Users/dragonkao/Library/Developer/CoreSimulator/Devices/CC47DE7A-8196-4465-A5A5-BB852C9C6C82/data/Containers/Shared/SystemGroup/systemgroup.com.apple.installcoordinationd/Library/InstallCoordination/PromiseStaging/11447393-46CE-4861-B4A3-AF1C3BEB879B/NeonDrift.app with installed bundle at /Users/dragonkao/Library/Developer/CoreSimulator/Devices/CC47DE7A-8196-4465-A5A5-BB852C9C6C82/data/Containers/Bundle/Application/6FE19B0D-513F-42F2-BFF1-44354822FD09/NeonDrift.app
2026-06-24 21:43:04.515 Df CoreSimulatorBridge[82688:defa4] (MobileSystemServices) 0x16d72f000 MDMCreateDeltaDirectory: calling MDMDirectoryDiff with:
state->old_bundle: /Users/dragonkao/Library/Developer/CoreSimulator/Devices/CC47DE7A-8196-4465-A5A5-BB852C9C6C82/data/Containers/Bundle/Application/6FE19B0D-513F-42F2-BFF1-44354822FD09/NeonDrift.app
state->new_bundle: /Users/dragonkao/.openclaw/workspace/382b9e3384298039b171c9b2a60ae644/NeonDrift_MVP/project/xcode_derived_data/Build/Products/Release-iphonesimulator/NeonDrift.app
state->dst_bundle: /Users/dragonkao/Library/Developer/CoreSimulator/Devices/CC47DE7A-8196-4465-A5A5-BB852C9C6C82/data/Containers/Shared/SystemGroup/systemgroup.com.apple.installcoordinationd/Library/InstallCoordination/PromiseStaging/11447393-46CE-4861-B4A3-AF1C3BEB879B/NeonDrift.app/Payload//NeonDrift.app, binaryDiff flag: FALSE
	dst_ipa: /Users/dragonkao/Library/Developer/CoreSimulator/Devices/CC47DE7A-8196-4465-A5A5-BB852C9C6C82/data/Containers/Shared/SystemGroup/systemgroup.com.apple.installcoordinationd/Library/InstallCoordination/PromiseStaging/11447<…>
2026-06-24 21:43:04.517 Df CoreSimulatorBridge[82688:defa4] [com.apple.installcoordination:framework] -[IXPromisedTransferToPath setComplete:]: <IXPromisedTransferToPath<0x103c91b40> name:"App Asset: com.DefaultCompany.NeonDrift" uuid:11447393-46CE-4861-B4A3-AF1C3BEB879B creator:"InstallCoordination Simple SPI" location:[system-defined]> Delta Copy operation from /Users/dragonkao/.openclaw/workspace/382b9e3384298039b171c9b2a60ae644/NeonDrift_MVP/project/xcode_derived_data/Build/Products/Release-iphonesimulator/NeonDrift.app to /Users/dragonkao/Library/Developer/CoreSimulator/Devices/CC47DE7A-8196-4465-A5A5-BB852C9C6C82/data/Containers/Shared/SystemGroup/systemgroup.com.apple.installcoordinationd/Library/InstallCoordination/PromiseStaging/11447393-46CE-4861-B4A3-AF1C3BEB879B/NeonDrift.app took 0.002765 seconds
2026-06-24 21:43:04.517 Df installcoordinationd[83165:df733] [com.apple.installcoordination:daemon] -[IXSDataPromise _setPercentComplete:saveStateIfNeeded:]: Progress: <IXSPromisedTransferToPath(0x105902780) Name:App Asset: com.DefaultCompany.NeonDrift Creator:InstallCoordination Simple SPI UUID:11447393-46CE-4861-B4A3-AF1C3BEB879B Location:[system-defined]>
2026-06-24 21:43:04.517 Df installcoordinationd[83165:defdf] [com.apple.appinstallation:TransactionLog] com.DefaultCompany.NeonDrift/Unknown Persona:4:10:1:1:App Asset Promise began. Coordinator State: IXAppCoordinationStatePlaceholderPromiseNotSet
2026-06-24 21:43:04.517 Df CoreSimulatorBridge[82688:df732] [com.apple.installcoordination:framework] -[IXAppInstallCoordinator _clientDelegate_promiseDidBeginFulfillmentWithIdentifier:]: <IXUpdatingAppInstallCoordinator<0x103c91a00> identity:[com.DefaultCompany.NeonDrift/Invalid/[system-defined]] uuid:BB24397E-08BD-4646-A68F-8C7D74A016E1 creator:InstallCoordination Simple SPI>: Got promise did begin fulfillment for identifier 2
2026-06-24 21:43:04.517 Df CoreSimulatorBridge[82688:df732] [com.apple.installcoordination:framework] -[IXAppInstallCoordinator _clientDelegate_promiseDidBeginFulfillmentWithIdentifier:]_block_invoke: <IXUpdatingAppInstallCoordinator<0x103c91a00> identity:[com.DefaultCompany.NeonDrift/Invalid/[system-defined]] uuid:BB24397E-08BD-4646-A68F-8C7D74A016E1 creator:InstallCoordination Simple SPI>: Observer <_IXSimpleInstallerDelegate 0x0x103c5a250> does not respond to coordinator:configuredPromiseDidBeginFulfillment: (or any deprecated equivalent)
2026-06-24 21:43:04.518 Df installcoordinationd[83165:defa1] [com.apple.installcoordination:daemon] -[IXSCoordinatedAppInstall promiseDidComplete:]: <IXSCoordinatedAppInstall<0x105a08000> [P=CoreSimulatorBridge (pid 82688)] identifier:[com.DefaultCompany.NeonDrift/Invalid/[system-defined]] uuid:BB24397E-08BD-4646-A68F-8C7D74A016E1 intent:IXCoordinatorIntentUpdating creator/appDRI:InstallCoordination Simple SPI importance:UserWaiting state:IXAppCoordinationStatePlaceholderPromiseNotSet promise-state:0A2I4> : Promise completed: <IXSPromisedTransferToPath(0x105902780) Name:App Asset: com.DefaultCompany.NeonDrift Creator:InstallCoordination Simple SPI UUID:11447393-46CE-4861-B4A3-AF1C3BEB879B Location:[system-defined]>
2026-06-24 21:43:04.518 Df installcoordinationd[83165:defdf] [com.apple.appinstallation:TransactionLog] com.DefaultCompany.NeonDrift/Unknown Persona:4:10:2:1:App Asset Promise completed. Coordinator State: IXAppCoordinationStatePlaceholderPromiseNotSet
2026-06-24 21:43:04.518 Df CoreSimulatorBridge[82688:df731] [com.apple.installcoordination:framework] -[IXAppInstallCoordinator _clientDelegate_didUpdateProgress:forPhase:overallProgress:]: <IXUpdatingAppInstallCoordinator<0x103c91a00> identity:[com.DefaultCompany.NeonDrift/Invalid/[system-defined]] uuid:BB24397E-08BD-4646-A68F-8C7D74A016E1 creator:InstallCoordination Simple SPI>: Got did update progress delegate with percentComplete 100.000000 phase IXCoordinatorProgressPhaseLoading overallProgress 60.000000
2026-06-24 21:43:04.518 Df installcoordinationd[83165:defdf] [com.apple.installcoordination:daemon] -[IXSCoordinatedAppInstall setPlaceholderPromise:]: <IXSCoordinatedAppInstall<0x105a08000> [P=CoreSimulatorBridge (pid 82688)] identifier:[com.DefaultCompany.NeonDrift/Invalid/[system-defined]] uuid:BB24397E-08BD-4646-A68F-8C7D74A016E1 intent:IXCoordinatorIntentUpdating creator/appDRI:InstallCoordination Simple SPI importance:UserWaiting state:IXAppCoordinationStateReadyForPlaceholderInstall promise-state:PA2I4> : Placeholder Promise set: <IXSPlaceholder(0x1059703c0) Name:App Placeholder: NeonDrift (com.DefaultCompany.NeonDrift) Creator:InstallCoordination Simple SPI UUID:0A05BF02-61C4-4C9F-986F-9151669009D4 Location:[system-defined]>
2026-06-24 21:43:04.518 Df CoreSimulatorBridge[82688:df732] [com.apple.installcoordination:framework] -[IXAppInstallCoordinator _clientDelegate_didUpdateProgress:forPhase:overallProgress:]_block_invoke: <IXUpdatingAppInstallCoordinator<0x103c91a00> identity:[com.DefaultCompany.NeonDrift/Invalid/[system-defined]] uuid:BB24397E-08BD-4646-A68F-8C7D74A016E1 creator:InstallCoordination Simple SPI>: Calling selector coordinator:didUpdateProgress:forPhase:overallProgress: on observer <_IXSimpleInstallerDelegate 0x0x103c5a250>
2026-06-24 21:43:04.518 Df installcoordinationd[83165:df733] [com.apple.installcoordination:daemon] -[IXSCoordinatedAppInstall promiseDidComplete:]: <IXSCoordinatedAppInstall<0x105a08000> [P=CoreSimulatorBridge (pid 82688)] identifier:[com.DefaultCompany.NeonDrift/Invalid/[system-defined]] uuid:BB24397E-08BD-4646-A68F-8C7D74A016E1 intent:IXCoordinatorIntentUpdating creator/appDRI:InstallCoordination Simple SPI importance:UserWaiting state:IXAppCoordinationStateReadyForPlaceholderInstall promise-state:PA2I4> : Promise completed: <IXSPlaceholder(0x1059703c0) Name:App Placeholder: NeonDrift (com.DefaultCompany.NeonDrift) Creator:InstallCoordination Simple SPI UUID:0A05BF02-61C4-4C9F-986F-9151669009D4 Location:[system-defined]>
2026-06-24 21:43:04.518 Df installcoordinationd[83165:defdf] [com.apple.installcoordination:daemon] -[IXSCoordinatedAppInstall _onQueue_acquireAssertionAndInstallPlaceholder]: Acquiring termination assertion to install placeholder for [com.DefaultCompany.NeonDrift/Invalid/[system-defined]]
2026-06-24 21:43:04.518 Df installcoordinationd[83165:defdf] [com.apple.installcoordination:daemon] -[IXSPendingOperationsTracker beginPendingOperationForIdentity:]_block_invoke: Beginning pending operation for [com.DefaultCompany.NeonDrift/Invalid/[system-defined]]
2026-06-24 21:43:04.519 Df installcoordinationd[83165:df733] [com.apple.runningboard:process] Hit the server for a process handle 6682a770000c0af that resolved to: [app<com.DefaultCompany.NeonDrift((null))>:49327]
2026-06-24 21:43:04.519 Df runningboardd[82661:df739] [com.apple.runningboard:connection] Received termination request from [osservice<com.apple.installcoordinationd>:83165] on <RBSProcessPredicate <RBSProcessBundleIdentifierPredicate "com.DefaultCompany.NeonDrift">> with context <RBSTerminateContext| explanation:installcoordinationd app:[com.DefaultCompany.NeonDrift/Invalid/[system-defined]] uuid:BB24397E-08BD-4646-A68F-8C7D74A016E1 isPlaceholder:Y reportType:None maxTerminationResistance:Absolute attrs:[
	<RBSPreventLaunchLimitation| <RBSProcessPredicate <RBSProcessBundleIdentifierPredicate "com.DefaultCompany.NeonDrift">> allow:(null)>
	]>
2026-06-24 21:43:04.519 Df installcoordinationd[83165:df733] [com.apple.runningboard:monitor] Received state update for 49327 (app<com.DefaultCompany.NeonDrift((null))>, running-active-NotVisible
2026-06-24 21:43:04.520 Df runningboardd[82661:df152] [com.apple.runningboard:general] Found 0 extensions contained in com.DefaultCompany.NeonDrift
2026-06-24 21:43:04.520 Df runningboardd[82661:df152] [com.apple.PlugInKit:holds] <PKManager:0x109a93140> hold request for [/Users/dragonkao/Library/Developer/CoreSimulator/Devices/CC47DE7A-8196-4465-A5A5-BB852C9C6C82/data/Containers/Bundle/Application/6FE19B0D-513F-42F2-BFF1-44354822FD09/NeonDrift.app] with flags: 0x4
2026-06-24 21:43:04.520 Df NeonDrift[49327:df0cc] [com.apple.PlugInKit:discovery] Annotations changed, re-performing query for continuous discovery, report block = <0x11ada73f0>.
2026-06-24 21:43:04.520 Df NeonDrift[49327:df0ca] [com.apple.PlugInKit:discovery] Annotations changed, re-performing query for continuous discovery, report block = <0x11ada7570>.
2026-06-24 21:43:04.520 Df NeonDrift[49327:df0c4] [com.apple.PlugInKit:discovery] Annotations changed, re-performing query for continuous discovery, report block = <0x11ada7720>.
2026-06-24 21:43:04.520 Df runningboardd[82661:df152] [com.apple.PlugInKit:holds] <PKManager:0x109a93140> hold request for [/Users/dragonkao/Library/Developer/CoreSimulator/Devices/CC47DE7A-8196-4465-A5A5-BB852C9C6C82/data/Containers/Bundle/Application/6FE19B0D-513F-42F2-BFF1-44354822FD09/NeonDrift.app] with flags: 0x4 completed with hold token: [23C9D078-5D7F-4EE1-9B24-EC0F01F094F6]
2026-06-24 21:43:04.520 Df runningboardd[82661:df152] [com.apple.runningboard:ttl] Acquiring assertion targeting system from originator [osservice<com.apple.installcoordinationd>:83165] with description <RBSAssertionDescriptor| "installcoordinationd app:[com.DefaultCompany.NeonDrift/Invalid/[system-defined]] uuid:BB24397E-08BD-4646-A68F-8C7D74A016E1 isPlaceholder:Y" ID:82661-83165-2923 target:system attributes:[
	<RBSPreventLaunchLimitation| <RBSProcessPredicate <RBSProcessBundleIdentifierPredicate "com.DefaultCompany.NeonDrift">> allow:(null)>
	]>
2026-06-24 21:43:04.520 Df NeonDrift[49327:df0ca] [com.apple.PlugInKit:discovery] [d E002BFA9-1E7D-4DBD-AC48-48ED5D1339A2] <PKHost:0x11ada0640> Beginning discovery for flags: 0, point: com.apple.AudioUnit-UI
2026-06-24 21:43:04.520 Df NeonDrift[49327:df0cc] [com.apple.PlugInKit:discovery] [d A2D6B422-0146-4B08-9D60-70E20196D5A4] <PKHost:0x11ada0640> Beginning discovery for flags: 0, point: com.apple.AudioUnit-Speech
2026-06-24 21:43:04.520 Df NeonDrift[49327:df0c4] [com.apple.PlugInKit:discovery] [d 471D2333-544D-4800-930B-676E2B31F96D] <PKHost:0x11ada0640> Beginning discovery for flags: 0, point: com.apple.AudioUnit
2026-06-24 21:43:04.520 Df runningboardd[82661:df152] [com.apple.runningboard:process] Executing termination request for: <RBSProcessPredicate <RBSProcessBundleIdentifierPredicate "com.DefaultCompany.NeonDrift">>
2026-06-24 21:43:04.521 Df runningboardd[82661:df152] [com.apple.runningboard:process] [app<com.DefaultCompany.NeonDrift((null))>:49327] Terminating with context: <RBSTerminateContext| explanation:installcoordinationd app:[com.DefaultCompany.NeonDrift/Invalid/[system-defined]] uuid:BB24397E-08BD-4646-A68F-8C7D74A016E1 isPlaceholder:Y reportType:None maxTerminationResistance:Absolute attrs:[
	<RBSPreventLaunchLimitation| <RBSProcessPredicate <RBSProcessBundleIdentifierPredicate "com.DefaultCompany.NeonDrift">> allow:(null)>
	]>
2026-06-24 21:43:04.521 Df runningboardd[82661:df152] [com.apple.runningboard:process] [app<com.DefaultCompany.NeonDrift((null))>:49327] terminate_with_reason() success
2026-06-24 21:43:04.521 Df SpringBoard[82658:8608a] [com.apple.SpringBoard:Common] termination assertion acquired for com.DefaultCompany.NeonDrift
2026-06-24 21:43:04.521 Df SpringBoard[82658:8608a] [com.apple.SpringBoard:Icon] 0x1260beb80-SBApplicationIcon Data source did change: <SBApplication: 0x107c1b800; com.DefaultCompany.NeonDrift> {
    processState = <SBApplicationProcessState: 0x11f7a5520; pid: 49327; taskState: Running; visibility: Foreground>;
} (SBApplication)
2026-06-24 21:43:04.521 Df SpringBoard[82658:df00b] [com.apple.FrontBoard:ProcessWorkspace] [app<com.DefaultCompany.NeonDrift>:49327] Workspace connection invalidated.
2026-06-24 21:43:04.521 Df backboardd[82679:df73e] [com.apple.iohid:default] Connection removed: IOHIDEventSystemConnection uuid:56D52E3C-17C7-423B-92BD-D8AF9A9B73D2 pid:49327 process:NeonDrift type:Passive entitlements:0x0 caller:BackBoardServices: ___getHIDEventSystemClient_block_invoke + 296 attributes:{
    HighFrequency = 0;
    bundleID = "com.DefaultCompany.NeonDrift";
    pid = 49327;
} state:0x1 events:0 mask:0x0 dropped:0 dropStatus:0 droppedMask:0x0 lastDroppedTime:NONE
2026-06-24 21:43:04.521 Df SpringBoard[82658:df00b] [com.apple.FrontBoard:Process] [app<com.DefaultCompany.NeonDrift>:49327] Now flagged as pending exit for reason: workspace client connection invalidated
2026-06-24 21:43:04.521 Df backboardd[82679:df743] [com.apple.iohid:default] Connection removed: IOHIDEventSystemConnection uuid:4A6D8774-73B4-410F-A8C6-6E6AB47341A7 pid:49327 process:NeonDrift type:Monitor entitlements:0x0 caller:GameControllerFoundation: -[GCHIDEventSystemClient initWithQueue:type:attributes:functions:] + 116 attributes:(null) state:0x1 events:0 mask:0x0 dropped:0 dropStatus:0 droppedMask:0x0 lastDroppedTime:NONE
2026-06-24 21:43:04.521 Df backboardd[82679:df73e] [com.apple.BackBoard:HID] Removing client connection <BKHIDClientConnection: 0x10c66a180; IOHIDEventSystemConnectionRef: 0x1052f4200; vpid: 49327(v42A36); taskPort: 0x25F8F; bundleID: com.DefaultCompany.NeonDrift> for client: IOHIDEventSystemConnection uuid:56D52E3C-17C7-423B-92BD-D8AF9A9B73D2 pid:49327 process:NeonDrift type:Passive entitlements:0x0 caller:BackBoardServices: ___getHIDEventSystemClient_block_invoke + 296 attributes:{
    HighFrequency = 0;
    bundleID = "com.DefaultCompany.NeonDrift";
    pid = 49327;
} state:0x1 events:0 mask:0x0 dropped:0 dropStatus:0 droppedMask:0x0 lastDroppedTime:NONE source:HID
2026-06-24 21:43:04.521 Df SpringBoard[82658:df73f] [com.apple.KeyboardArbiter:Handle] com.DefaultCompany.NeonDrift(49327) lostConnection (invalidation)
2026-06-24 21:43:04.521 Df installcoordinationd[83165:defdf] [com.apple.runningboard:assertion] Setting up death monitor for [app<com.DefaultCompany.NeonDrift((null))>:49327]
2026-06-24 21:43:04.521 Df installcoordinationd[83165:defdf] [com.apple.runningboard:process] Starting death monitoring for handle [app<com.DefaultCompany.NeonDrift((null))>:49327]
2026-06-24 21:43:04.521 Df runningboardd[82661:df73a] [com.apple.runningboard:process] XPC connection invalidated: [app<com.DefaultCompany.NeonDrift((null))>:49327]
2026-06-24 21:43:04.522 Df installcoordinationd[83165:df733] [com.apple.appinstallation:TransactionLog] com.DefaultCompany.NeonDrift/Unknown Persona:4:9:1:1:Placeholder Promise began. Coordinator State: IXAppCoordinationStateWaitingForPlaceholderAssertion
2026-06-24 21:43:04.522 Df installcoordinationd[83165:df733] [com.apple.installcoordination:daemon] -[IXSCoordinatorProgress setTotalUnitsCompleted:]: Progress for coordinator: [com.DefaultCompany.NeonDrift/Invalid/[system-defined]], Phase: IXCoordinatorProgressPhaseLoading, Percentage: 100.000000: Attempt to set units completed on finished progress: 100
2026-06-24 21:43:04.522 Df installcoordinationd[83165:df733] [com.apple.appinstallation:TransactionLog] com.DefaultCompany.NeonDrift/Unknown Persona:4:9:2:1:Placeholder Promise completed. Coordinator State: IXAppCoordinationStateWaitingForPlaceholderAssertion
2026-06-24 21:43:04.522 Df CoreSimulatorBridge[82688:df732] [com.apple.installcoordination:framework] -[IXAppInstallCoordinator _clientDelegate_promiseDidBeginFulfillmentWithIdentifier:]: <IXUpdatingAppInstallCoordinator<0x103c91a00> identity:[com.DefaultCompany.NeonDrift/Invalid/[system-defined]] uuid:BB24397E-08BD-4646-A68F-8C7D74A016E1 creator:InstallCoordination Simple SPI>: Got promise did begin fulfillment for identifier 1
2026-06-24 21:43:04.522 Df SpringBoard[82658:df73f] [com.apple.KeyboardArbiter:Handle] RX com.DefaultCompany.NeonDrift(49327) setWindowContextID:0 windowState:Disabled level:0.0
    focusContext:(null)
2026-06-24 21:43:04.522 Df CoreSimulatorBridge[82688:df732] [com.apple.installcoordination:framework] -[IXAppInstallCoordinator _clientDelegate_promiseDidBeginFulfillmentWithIdentifier:]_block_invoke: <IXUpdatingAppInstallCoordinator<0x103c91a00> identity:[com.DefaultCompany.NeonDrift/Invalid/[system-defined]] uuid:BB24397E-08BD-4646-A68F-8C7D74A016E1 creator:InstallCoordination Simple SPI>: Observer <_IXSimpleInstallerDelegate 0x0x103c5a250> does not respond to coordinator:configuredPromiseDidBeginFulfillment: (or any deprecated equivalent)
2026-06-24 21:43:04.522 Df backboardd[82679:8cb06] [com.apple.BackBoard:EventDelivery] chain did update (setDeferringRules) <keyboardFocus; display: null> containsEndOfChain: YES; [
    <token: com.apple.frontboard.systemappservices/FBSceneManager:com.apple.springboard; pid: 82658>,
    <token: com.apple.frontboard.systemappservices/FBSceneManager:sceneID%3Acom.DefaultCompany.NeonDrift-default; pid: 49327>
]
2026-06-24 21:43:04.522 Df backboardd[82679:8cb06] [com.apple.BackBoard:EventDelivery] chain did update (setDeferringRules) <keyboardFocus; display: builtin> containsEndOfChain: YES; [
    <token: com.apple.frontboard.systemappservices/FBSceneManager:com.apple.springboard; pid: 82658>,
    <token: com.apple.frontboard.systemappservices/FBSceneManager:sceneID%3Acom.DefaultCompany.NeonDrift-default; pid: 49327>
]
2026-06-24 21:43:04.522 Df SpringBoard[82658:8608a] [com.apple.SpringBoard:KeyboardFocus] [coordinator] using MRU target <com.apple.frontboard.systemappservices/FBSceneManager:sceneID%3Acom.DefaultCompany.NeonDrift-default pid:49327>
2026-06-24 21:43:04.522 Df SpringBoard[82658:8608a] [com.apple.SpringBoard:KeyboardFocus] [coordinator] informing scene controller 'com.apple.springboard' of focusTarget: <com.apple.frontboard.systemappservices/FBSceneManager:sceneID%3Acom.DefaultCompany.NeonDrift-default pid:49327>
2026-06-24 21:43:04.523 Df SpringBoard[82658:8608a] [com.apple.SpringBoard:KeyboardFocus] [coordinator] keyboard arbiter suggested <nothing> and we replied <com.apple.frontboard.systemappservices/FBSceneManager:sceneID%3Acom.DefaultCompany.NeonDrift-default pid:49327>
2026-06-24 21:43:04.523 E  SpringBoard[82658:df73f] [com.apple.UIKit:KeyboardArbiter] Advisor: No handle found for currently focused PID: 49327; sceneIdentity: com.apple.frontboard.systemappservices/FBSceneManager:sceneID%3Acom.DefaultCompany.NeonDrift-default
2026-06-24 21:43:04.528 Df launchd_sim[82602:deaa5] [user/501/UIKitApplication:com.DefaultCompany.NeonDrift[3d8b][rb-legacy] [49327]:] exited with exit reason (namespace: 15 code: 0x0) - OS_REASON_RUNNINGBOARD | <RBSTerminateContext| explanation:installcoordinationd app:[com.DefaultCompany.NeonDrift/Invalid/[system-defined]] uuid:BB24397E-08BD-4646-A68F-8C7D74A016E1 isPlaceholder:Y reportType:None maxTerminationResistance:Absolute attrs:[
	<RBSPreventLaunchLimitation| <RBSProcessPredicate <RBSProcessBundleIdentifierPredicate "com.DefaultCompany.NeonDrift">> allow:(null)>
	]>, ran for 22827ms
2026-06-24 21:43:04.528 Df launchd_sim[82602:deaa5] [user/501:] service inactive: UIKitApplication:com.DefaultCompany.NeonDrift[3d8b][rb-legacy]
2026-06-24 21:43:04.529 Df runningboardd[82661:df73c] [com.apple.runningboard:ttl] [app<com.DefaultCompany.NeonDrift((null))>:49327] termination reported by launchd (15, 0, 9)
2026-06-24 21:43:04.529 Df runningboardd[82661:df73c] [com.apple.runningboard:process] Removing process: [app<com.DefaultCompany.NeonDrift((null))>:49327]
2026-06-24 21:43:04.529 Df runningboardd[82661:df73c] [com.apple.runningboard:job] Removing launch job for: [app<com.DefaultCompany.NeonDrift((null))>:49327]
2026-06-24 21:43:04.529 Df launchd_sim[82602:df453] [user/501:] removing service: UIKitApplication:com.DefaultCompany.NeonDrift[3d8b][rb-legacy]
2026-06-24 21:43:04.529 Df runningboardd[82661:df73c] [com.apple.runningboard:job] Removed job for [app<com.DefaultCompany.NeonDrift((null))>:49327]
2026-06-24 21:43:04.529 Df runningboardd[82661:df73c] [com.apple.runningboard:process] Removing assertions for terminated process: [app<com.DefaultCompany.NeonDrift((null))>:49327]
2026-06-24 21:43:04.529 Df runningboardd[82661:df73c] [com.apple.runningboard:assertion] Removed last relative-start-date-defining assertion for process app<com.DefaultCompany.NeonDrift((null))>
2026-06-24 21:43:04.530 Df runningboardd[82661:df739] [com.apple.runningboard:process] Notifying connection [osservice<com.apple.SpringBoard>:82658] that process [app<com.DefaultCompany.NeonDrift((null))>:49327] exited with context <RBSProcessExitContext| specific, status:<RBSProcessExitStatus| domain:runningboard(15) code:0>>
2026-06-24 21:43:04.530 Df runningboardd[82661:df762] [com.apple.runningboard:monitor] Calculated state for app<com.DefaultCompany.NeonDrift((null))>: none (role: None) (endowments: (null))
2026-06-24 21:43:04.530 Df SpringBoard[82658:df00b] [com.apple.FrontBoard:ProcessWorkspace] [app<com.DefaultCompany.NeonDrift>:49327] Workspace assertion invalidated: <NSError: 0x126192d60; domain: RBSAssertionErrorDomain; code: 1; "Assertions were invalidated, count = 3.
82661-82658-2912: invalidation reason: 1
82661-82658-2908: invalidation reason: 1
82661-82658-2907: invalidation reason: 1">
2026-06-24 21:43:04.530 Df runningboardd[82661:df739] [com.apple.runningboard:process] Notifying connection [osservice<com.apple.installcoordinationd>:83165] that process [app<com.DefaultCompany.NeonDrift((null))>:49327] exited with context <RBSProcessExitContext| specific, status:<RBSProcessExitStatus| domain:runningboard(15) code:0>>
2026-06-24 21:43:04.530 Df SpringBoard[82658:df00b] [com.apple.runningboard:process] Calling process death completion block for handle [app<com.DefaultCompany.NeonDrift((null))>:49327]
2026-06-24 21:43:04.530 Df runningboardd[82661:df152] [com.apple.runningboard:monitor] Calculated state for app<com.DefaultCompany.NeonDrift((null))>: none (role: None) (endowments: (null))
2026-06-24 21:43:04.530 Df SpringBoard[82658:df00b] [com.apple.FrontBoard:Process] [app<com.DefaultCompany.NeonDrift>:49327] Process exited: <RBSProcessExitContext| specific, status:<RBSProcessExitStatus| domain:runningboard(15) code:0>>.
2026-06-24 21:43:04.530 Df SpringBoard[82658:df00b] [com.apple.FrontBoard:Process] [app<com.DefaultCompany.NeonDrift>:49327] Setting process task state to: Not Running
2026-06-24 21:43:04.530 Df SpringBoard[82658:df00b] [com.apple.FrontBoard:Process] [app<com.DefaultCompany.NeonDrift>:49327] Setting process visibility to: Unknown
2026-06-24 21:43:04.530 Df SpringBoard[82658:defce] [com.apple.FrontBoard:ProcessWorkspace] [app<com.DefaultCompany.NeonDrift>:49327] Invalidating workspace.
2026-06-24 21:43:04.530 Df installcoordinationd[83165:defdf] [com.apple.runningboard:process] Calling process death completion block for handle [app<com.DefaultCompany.NeonDrift((null))>:49327]
2026-06-24 21:43:04.530 Df installcoordinationd[83165:defdf] [com.apple.runningboard:assertion] Death monitor triggered for [app<com.DefaultCompany.NeonDrift((null))>:49327]
2026-06-24 21:43:04.530 Df SpringBoard[82658:defce] [com.apple.FrontBoard:ProcessWorkspace] Removing source registration for processHandle: [app<com.DefaultCompany.NeonDrift((null))>:49327]
2026-06-24 21:43:04.530 Df installcoordinationd[83165:defdf] [com.apple.installcoordination:daemon] -[IXSCoordinatedAppInstall assertionAcquiredCallback]: RBS termination assertion observer called for <IXSCoordinatedAppInstall<0x105a08000> [P=CoreSimulatorBridge (pid 82688)] identifier:[com.DefaultCompany.NeonDrift/Invalid/[system-defined]] uuid:BB24397E-08BD-4646-A68F-8C7D74A016E1 intent:IXCoordinatorIntentUpdating creator/appDRI:InstallCoordination Simple SPI importance:UserWaiting state:IXAppCoordinationStateWaitingForPlaceholderAssertion promise-state:PA2I4>
2026-06-24 21:43:04.530 Df SpringBoard[82658:defce] [com.apple.FrontBoard:ProcessScene] [0x1260bf180:(FBSceneManager):sceneID:com.DefaultCompany.NeonDrift-default] Invalidated for connection: 0x126190120.
2026-06-24 21:43:04.530 Df SpringBoard[82658:defce] [com.apple.FrontBoard:Process] Removing: <FBApplicationProcess: 0x107800c00; app<com.DefaultCompany.NeonDrift>:49327(v42A36)>
2026-06-24 21:43:04.530 Df mediaremoted[82665:defe5] [com.apple.runningboard:monitor] Received state update for 49327 (app<com.DefaultCompany.NeonDrift((null))>, none-NotVisible
2026-06-24 21:43:04.530 Df installcoordinationd[83165:df733] [com.apple.runningboard:monitor] Received state update for 49327 (app<com.DefaultCompany.NeonDrift((null))>, none-NotVisible
2026-06-24 21:43:04.530 Df locationd[82682:db46b] [com.apple.runningboard:monitor] Received state update for 49327 (app<com.DefaultCompany.NeonDrift((null))>, none-NotVisible
2026-06-24 21:43:04.530 Df locationd[82682:ddeca] [com.apple.locationd.Core:Core] {"msg":"RBS #AppMonitor process monitor update handler invoked", "pid":49327, "bundleID":com.DefaultCompany.NeonDrift, "state":1}
2026-06-24 21:43:04.530 Df SpringBoard[82658:8608a] [com.apple.SpringBoard:Workspace] Process exited: <FBApplicationProcess: 0x107800c00; app<com.DefaultCompany.NeonDrift>:49327(v42A36)> -> <RBSProcessExitContext| specific, status:<RBSProcessExitStatus| domain:runningboard(15) code:0>>
2026-06-24 21:43:04.530 Df mediaremoted[82665:defe5] [com.apple.runningboard:monitor] Received state update for 49327 (app<com.DefaultCompany.NeonDrift((null))>, none-NotVisible
2026-06-24 21:43:04.530 Df installcoordinationd[83165:df736] [com.apple.runningboard:monitor] Received state update for 49327 (app<com.DefaultCompany.NeonDrift((null))>, none-NotVisible
2026-06-24 21:43:04.530 Df locationd[82682:db47f] [com.apple.runningboard:monitor] Received state update for 49327 (app<com.DefaultCompany.NeonDrift((null))>, none-NotVisible
2026-06-24 21:43:04.531 Df locationd[82682:db46b] [com.apple.locationd.Core:Core] {"msg":"RBS #dic AppMonitor received Termination", "pid":49327, "bundleId":com.DefaultCompany.NeonDrift, "isUserKill":0}
2026-06-24 21:43:04.531 Df locationd[82682:db46b] [com.apple.locationd.Core:Core] {"msg":"RBS #AppMonitor Post Application State Change Notification", "notification":Terminated, "pid":49327, "bundleId":com.DefaultCompany.NeonDrift}
2026-06-24 21:43:04.531 Df locationd[82682:db47f] [com.apple.locationd.Core:Core] {"msg":"#Warning #ClientResolution the passed keyPath is not registered. Resolving to #nullCKP", "InputCKP":icom.DefaultCompany.NeonDrift:}
2026-06-24 21:43:04.531 Df SpringBoard[82658:8608a] [com.apple.SpringBoard:Common] Application process state changed for com.DefaultCompany.NeonDrift: (null)
2026-06-24 21:43:04.531 Df locationd[82682:db47f] [com.apple.locationd.Core:Core] {"msg":"#CLIUA AppMonitor notification", "notification":1, "pid":49327, "bundleId":com.DefaultCompany.NeonDrift, "ClientKey":icom.DefaultCompany.NeonDrift:}
2026-06-24 21:43:04.531 Df locationd[82682:db47f] [com.apple.locationd.Core:Core] {"msg":"#CLIUA Marking change", "clientKey":icom.DefaultCompany.NeonDrift:, "reason":Process state from RunningBoard, "AssertionLevel":5, "coming":0}
2026-06-24 21:43:04.531 Df installcoordinationd[83165:defdf] [com.apple.installcoordination:daemon] -[IXSCoordinatedAppInstall _onQueue_installPlaceholder]: Acquired termination assertion for placeholder [com.DefaultCompany.NeonDrift/Invalid/[system-defined]]; proceeding with install.
2026-06-24 21:43:04.531 Df SpringBoard[82658:df741] [com.apple.runningboard:monitor] Received state update for 49327 (app<com.DefaultCompany.NeonDrift((null))>, none-NotVisible
2026-06-24 21:43:04.531 Df locationd[82682:db47f] [com.apple.locationd.Core:Core] {"msg":"#CLIUA updating AssertionRecord", "ClientKey":icom.DefaultCompany.NeonDrift:, "AssertionLevel":5}
2026-06-24 21:43:04.531 Df locationd[82682:db47f] [com.apple.locationd.Core:Core] {"msg":"#CLIUA AssertionRecord updated", "ClientKey":icom.DefaultCompany.NeonDrift:, "AssertionLevel":0}
2026-06-24 21:43:04.531 Df installcoordinationd[83165:defdf] [com.apple.installcoordination:daemon] -[IXSPowerAssertion initWithAssertionName:details:]: Acquired power assertion IXPowerAssertion-12-[com.DefaultCompany.NeonDrift/Invalid/[system-defined]]
2026-06-24 21:43:04.531 Df locationd[82682:db47f] [com.apple.locationd.Core:Core] {"msg":"#CLIUA in-use level changed for client", "ClientKey":icom.DefaultCompany.NeonDrift:}
2026-06-24 21:43:04.531 Df locationd[82682:db47f] [com.apple.locationd.Core:Core] {"msg":"#Warning #ClientResolution the passed keyPath is not registered. Resolving to #nullCKP", "InputCKP":icom.DefaultCompany.NeonDrift:}
2026-06-24 21:43:04.532 Df installd[83021:df765] (MobileSystemServices) 0x16ef7f000 -[MIClientConnection _doInstallationForURL:identity:domain:options:operationType:completion:]: Install of "/Users/dragonkao/Library/Developer/CoreSimulator/Devices/CC47DE7A-8196-4465-A5A5-BB852C9C6C82/data/Containers/Shared/SystemGroup/systemgroup.com.apple.installcoordinationd/Library/InstallCoordination/PromiseStaging/0A05BF02-61C4-4C9F-986F-9151669009D4/NeonDrift.app" type Placeholder (LSInstallType = 1, Domain: MIInstallationDomainDefault) requested by installcoordinationd (pid 83165 (501/20))
2026-06-24 21:43:04.532 Df SpringBoard[82658:df741] [com.apple.UserNotifications:RemoteNotifications] [com.DefaultCompany.NeonDrift] com.DefaultCompany.NeonDrift application state changed to <RBSProcessState| task:none debug:none>
2026-06-24 21:43:04.532 Df SpringBoard[82658:8608a] [com.apple.SpringBoard:Icon] 0x1260beb80-SBApplicationIcon Data source did change: <SBApplication: 0x107c1b800; com.DefaultCompany.NeonDrift> {
} (SBApplication)
2026-06-24 21:43:04.533 Df SpringBoard[82658:df741] [com.apple.UserNotifications:RemoteNotifications] [com.DefaultCompany.NeonDrift] Ignore becoming background for application without push registration
2026-06-24 21:43:04.536 Df installd[83021:df765] [com.apple.containermanager:xpc] Query; euid = 501, uid = 501, class = 1, identifier = [com.DefaultCompany.NeonDrift](1), flags = 300000002
2026-06-24 21:43:04.537 Df SpringBoard[82658:8608a] [com.apple.SpringBoard:ZStack] Resolved Stack (update(Switcher)) [
    Highest: ⬇ ,
    SystemAperture: ⬇ ,
    BannerItems: ⬇ ,
    HUD: ⬇ ,
    TransientOverlayPresentation: ⬇ ,
    CoverSheet: ⬇ ,
    Switcher: ownsHomeGesture; FGActive; homeAffordanceDrawingSuppressed: N->Y; systemApertureSuppressed: Y->N; suppressedBundles: com.DefaultCompany.NeonDrift->(none); suppressedScenes: 1->0,
    HomeScreen: BG->FGActive
]
2026-06-24 21:43:04.537 Df SpringBoard[82658:8608a] [com.apple.SpringBoard:KeyboardFocus] [coordinator] _removeSceneFromRecents didRemoveExternalForegroundApplicationSceneHandle pid:49327 scene:com.apple.frontboard.systemappservices/FBSceneManager:sceneID%3Acom.DefaultCompany.NeonDrift-default now:<empty>
2026-06-24 21:43:04.537 Df SpringBoard[82658:8608a] [com.apple.SpringBoard:KeyboardFocus] [com.apple.springboard] removing scene: com.apple.frontboard.systemappservices/FBSceneManager:sceneID%3Acom.DefaultCompany.NeonDrift-default pid: 49327 for reason: didRemoveExternalForegroundApplicationSceneHandle
2026-06-24 21:43:04.537 Df installd[83021:df765] [com.apple.containermanager:xpc] Query; euid = 501, uid = 501, class = 1, identifier = [com.DefaultCompany.NeonDrift](1), flags = 300000002
2026-06-24 21:43:04.540 Df installd[83021:df765] [com.apple.containermanager:xpc] Query; euid = 501, uid = 501, class = 1, identifier = [com.DefaultCompany.NeonDrift](1), flags = 300000002
2026-06-24 21:43:04.540 Df installd[83021:df765] [com.apple.containermanager:xpc] Query; euid = 501, uid = 501, class = 1, identifier = [com.DefaultCompany.NeonDrift](1), flags = 300000002
2026-06-24 21:43:04.542 Df installd[83021:df765] (MobileSystemServices) 0x16ef7f000 -[MIInstaller _installInstallable:containingSymlink:error:]: Installing <MIInstallableParallelPlaceholder ID=com.DefaultCompany.NeonDrift; Persona=com.apple.containermanager.primary-persona, Version=0, ShortVersion=1.0>
2026-06-24 21:43:04.543 Df installd[83021:df765] [com.apple.appinstallation:TransactionLog] com.DefaultCompany.NeonDrift/com.apple.containermanager.primary-persona:7:2:1:1:Start : Install (Parallel Placeholder)
2026-06-24 21:43:04.544 Df SpringBoard[82658:8608a] [com.apple.FrontBoard:Scene] [(FBSceneManager):sceneID:com.DefaultCompany.NeonDrift-default] Removing parent scene.
2026-06-24 21:43:04.544 Df installd[83021:df765] [com.apple.containermanager:query] Query; euid = 501, uid = 501, class = 4, identifier = [com.DefaultCompany.NeonDrift](1), flags = 300000002
2026-06-24 21:43:04.545 Df SpringBoard[82658:8608a] [com.apple.UIKit:SceneDeactivation] No longer tracking: <FBScene: 0x126039400; FBSceneManager:sceneID:com.DefaultCompany.NeonDrift-default>
2026-06-24 21:43:04.545 Df installd[83021:df765] [com.apple.containermanager:query] Query; euid = 501, uid = 501, class = 4, identifier = [com.DefaultCompany.NeonDrift](1), flags = 300000002
2026-06-24 21:43:04.545 Df SpringBoard[82658:8608a] [com.apple.SpringBoard:SceneSnapshots] <SBSceneSnapshotRequestor: 0x102b23030; debugName: LCD> [sceneID:com.DefaultCompany.NeonDrift-default] Requesting 2 snapshot(s) because the scene actually moved to the background
2026-06-24 21:43:04.545 Df SpringBoard[82658:8608a] [com.apple.FrontBoard:Common] Created: <FBSceneSnapshotAction: 0x1083be180; sceneID:com.DefaultCompany.NeonDrift-default>
2026-06-24 21:43:04.545 Df installd[83021:df765] (MobileSystemServices) 0x16ef7f000 -[MIInstallableParallelPlaceholder performInstallationWithError:]: Installing parallel placeholder for [com.DefaultCompany.NeonDrift/com.apple.containermanager.primary-persona/[system-defined]]
2026-06-24 21:43:04.545 Df runningboardd[82661:df152] [com.apple.runningboard:ttl] Acquiring assertion targeting 49327 from originator [osservice<com.apple.SpringBoard>:82658] with description <RBSAssertionDescriptor| "FBSceneSnapshotAction:sceneID:com.DefaultCompany.NeonDrift-default" ID:82661-82658-2924 target:49327 attributes:[
	<RBSDomainAttribute| domain:"com.apple.frontboard" name:"SceneSnapshotAction" sourceEnvironment:"(null)">,
	<RBSDurationAttribute| invalidationDuration:5.00 warningDuration:0.00 startPolicy:Fixed endPolicy:Invalidate>
	]>
2026-06-24 21:43:04.545 Df SpringBoard[82658:8608a] [com.apple.FrontBoard:Scene] [(FBSceneManager):sceneID:com.DefaultCompany.NeonDrift-default] Sending action(s) in update: <FBSceneSnapshotAction: 0x142e20026>
2026-06-24 21:43:04.545 Df SpringBoard[82658:8608a] [com.apple.FrontBoard:Scene] [(FBSceneManager):sceneID:com.DefaultCompany.NeonDrift-default] scene content state changed: notReady
2026-06-24 21:43:04.546 Df SpringBoard[82658:8608a] [com.apple.SpringBoard:AppProtection] <BSCompoundAssertion:0x12616d640> (SBApplicationAppProtectionAssistant: 0x12616dc40 - com.DefaultCompany.NeonDrift) invalidate acq:0x107b0b3c0 count:1
2026-06-24 21:43:04.546 Df SpringBoard[82658:8608a] [com.apple.SpringBoard:AppProtection] Informing <APSystemAppOutlet: 0x1079a27c0> that <APApplication: com.DefaultCompany.NeonDrift> will become background as far as we know
2026-06-24 21:43:04.546 Df SpringBoard[82658:8608a] [com.apple.appprotection:framework] All scenes dismissed for <APApplication: com.DefaultCompany.NeonDrift>
2026-06-24 21:43:04.546 Df SpringBoard[82658:df779] [com.apple.appprotection:framework] told auth provider com.DefaultCompany.NeonDrift was dimissed. result:true err:(null)
2026-06-24 21:43:04.547 Df installd[83021:df765] [com.apple.containermanager:query] Query; euid = 501, uid = 501, class = 2, identifier = [com.DefaultCompany.NeonDrift](1), flags = 300000003
2026-06-24 21:43:04.548 Df installd[83021:df765] [com.apple.containermanager:query] Query; euid = 501, uid = 501, class = 2, identifier = [com.DefaultCompany.NeonDrift](1), flags = 300000002
2026-06-24 21:43:04.552 Df backboardd[82679:8cb06] [com.apple.BackBoard:TouchEvents] new scene host settings: contextID:6C3832A3 <sceneID:com.DefaultCompany.NeonDrift-default> foreground -> inactive
2026-06-24 21:43:04.557 Df containermanagerd[82717:872fb] [com.apple.containermanager:schema] [u 815BD00E-79CD-4463-AD29-B14C41CCA58C:p AC115452-275E-41C8-AAA2-0AA3F6FFF587:c com.DefaultCompany.NeonDrift(2):i0] Successfully updated schema from (0) → (1), actions count = 6
2026-06-24 21:43:04.557 Df containermanagerd_system[82708:cb291] [com.apple.containermanager:schema] [u 6A5D4412-8874-4E20-A1B7-4D251014F0AA:p 6FE19B0D-513F-42F2-BFF1-44354822FD09:c com.DefaultCompany.NeonDrift(1):i0] Successfully updated schema from (0) → (0), actions count = 0
2026-06-24 21:43:04.558 Df installd[83021:df765] [com.apple.containermanager:xpc] Query; euid = 501, uid = 501, class = 1, identifier = [com.DefaultCompany.NeonDrift](1), flags = 300000002
2026-06-24 21:43:04.559 Df SpringBoard[82658:8608a] [com.apple.SpringBoard:AppSwitcher] <SBFullScreenSwitcherLiveContentOverlayCoordinator: 0x1236a5680> Removing SwitcherScene overlay for: <SBAppLayout: 0x125886b80; primary: com.DefaultCompany.NeonDrift:default; environment: main>, animated: NO
2026-06-24 21:43:04.559 Df installd[83021:df765] [com.apple.containermanager:unspecified] Requesting disk usage; class = 1, identifier = com.DefaultCompany.NeonDrift
2026-06-24 21:43:04.560 Df installd[83021:df765] [com.apple.containermanager:query] Query; euid = 501, uid = 501, class = 7, identifier = [com.DefaultCompany.NeonDrift](1), flags = 300000001
2026-06-24 21:43:04.562 Df installd[83021:df765] (MobileSystemServices) 0x16ef7f000 -[MILaunchServicesOperationManager _onQueue_addPendingLaunchServicesOperation:error:]: Added pending LS operation <MILaunchServicesRegisterOperation: 5A837C92-C4DE-44D2-BCB5-FB05C2503A61:17 com.DefaultCompany.NeonDrift/MIInstallationDomainSystemShared personas:[com.apple.containermanager.primary-persona]>
2026-06-24 21:43:04.563 Df lsd[82713:df76f] [com.apple.launchservices:appinstallation] Post installation registration: request to register com.DefaultCompany.NeonDrift, operation 5A837C92-C4DE-44D2-BCB5-FB05C2503A61, from pid 83021
2026-06-24 21:43:04.563 Df lsd[82713:df76f] [com.apple.appinstallation:TransactionLog] com.DefaultCompany.NeonDrift/Unknown Persona:5:4:1:1:Registering bundles via registrant - start
2026-06-24 21:43:04.564 Df lsd[82713:df76f] [com.apple.appinstallation:TransactionLog] com.DefaultCompany.NeonDrift/Unknown Persona:5:5:1:1:Building bundle record for app
2026-06-24 21:43:04.564 Df lsd[82713:df76f] [com.apple.launchservices:appinstallation] Placeholder detected - Flagging bundle com.DefaultCompany.NeonDrift incomplete
2026-06-24 21:43:04.564 Df lsd[82713:df76f] [com.apple.appinstallation:TransactionLog] com.DefaultCompany.NeonDrift/Unknown Persona:5:5:2:1:Built bundle record for app
2026-06-24 21:43:04.565 Df lsd[82713:df76f] [com.apple.appinstallation:TransactionLog] com.DefaultCompany.NeonDrift/Unknown Persona:5:4:2:1:Registered bundle status = success
2026-06-24 21:43:04.565 Df lsd[82713:df76f] [com.apple.appinstallation:TransactionLog] com.DefaultCompany.NeonDrift/Unknown Persona:5:4:2:1:Finished registering com.DefaultCompany.NeonDrift, bundle unit 300
2026-06-24 21:43:04.565 Df lsd[82713:df76f] [com.apple.launchservices:progress] Sending applicationInstallsDidStart: for (
    "<LSApplicationProxy: 0x105be06c0> com.DefaultCompany.NeonDrift file:///Users/dragonkao/Library/Developer/CoreSimulator/Devices/CC47DE7A-8196-4465-A5A5-BB852C9C6C82/data/Containers/Bundle/Application/6FE19B0D-513F-42F2-BFF1-44354822FD09/com.apple.mobileinstallation.placeholder/ <com.DefaultCompany.NeonDrift <placeholder >:1>"
)
2026-06-24 21:43:04.566 Df installd[83021:df765] (MobileSystemServices) 0x16ef7f000 -[MIJournal purgeJournalEntry:withError:]: Removing journal entry <MIInstallationJournalEntry<0x1020e8d20> [com.DefaultCompany.NeonDrift/com.apple.containermanager.primary-persona/[system-defined]]/MIInstallationDomainSystemShared op:3 phase:JournalPhaseDidRegisterWithLS version:0>
2026-06-24 21:43:04.566 Df lsd[82713:df76f] [com.apple.launchservices:progress] Created parent progress <NSProgress: com.DefaultCompany.NeonDrift phase=InstallingPlaceholder; state=Waiting; finalPhase=Installing; fractionCompleted=0.000000>
2026-06-24 21:43:04.566 Df installd[83021:df765] [com.apple.appinstallation:TransactionLog] com.DefaultCompany.NeonDrift/com.apple.containermanager.primary-persona:7:2:2:1:Success (End) : Install (Parallel Placeholder)
2026-06-24 21:43:04.566 Df installd[83021:df765] (MobileSystemServices) 0x16ef7f000 -[MIInstaller _logOperationCompletionWithStartTime:distributorID:]: Install successful for (Placeholder:com.DefaultCompany.NeonDrift) [Distributor: (null)]; Staging: 0.00s; Waiting: 0.00s; Preflight/Patch: 0.00s, Verifying: 0.00s; Overall: 0.03s
2026-06-24 21:43:04.566 Df dasd[82684:df384] [com.apple.launchservices:appinstallation] LaunchServices observer: InstallsStarted (
