2026-07-11 15:13:46.979 Df installcoordinationd[27831:36817] [com.apple.installcoordination:daemon] -[IXSCoordinatedAppInstall promiseDidComplete:]: <IXSCoordinatedAppInstall<0x10560c000> [P=CoreSimulatorBridge (pid 27676)] identifier:[com.DefaultCompany.NeonDrift.run.1783753904.26332/Invalid/[system-defined]] uuid:41BAA136-4809-43FA-8119-8C0CBA66FC92 intent:IXCoordinatorIntentUpdating creator/appDRI:InstallCoordination Simple SPI importance:UserWaiting state:IXAppCoordinationStatePlaceholderPromiseNotSet promise-state:0A2I4> : Promise completed: <IXSPromisedTransferToPath(0x1054fd580) Name:App Asset: com.DefaultCompany.NeonDrift.run.1783753904.26332 Creator:InstallCoordination Simple SPI UUID:BB16D55B-8F7B-4B34-A8A8-2D09694BB7BA Location:[system-defined]>
2026-07-11 15:13:46.979 Df installcoordinationd[27831:3681f] [com.apple.appinstallation:TransactionLog] com.DefaultCompany.NeonDrift.run.1783753904.26332/Unknown Persona:4:10:2:1:App Asset Promise completed. Coordinator State: IXAppCoordinationStatePlaceholderPromiseNotSet
2026-07-11 15:13:46.979 Df CoreSimulatorBridge[27676:3681a] [com.apple.installcoordination:framework] -[IXAppInstallCoordinator _clientDelegate_didUpdateProgress:forPhase:overallProgress:]: <IXUpdatingAppInstallCoordinator<0x101488d80> identity:[com.DefaultCompany.NeonDrift.run.1783753904.26332/Invalid/[system-defined]] uuid:41BAA136-4809-43FA-8119-8C0CBA66FC92 creator:InstallCoordination Simple SPI>: Got did update progress delegate with percentComplete 100.000000 phase IXCoordinatorProgressPhaseLoading overallProgress 60.000000
2026-07-11 15:13:46.979 Df CoreSimulatorBridge[27676:3681a] [com.apple.installcoordination:framework] -[IXAppInstallCoordinator _clientDelegate_didUpdateProgress:forPhase:overallProgress:]_block_invoke: <IXUpdatingAppInstallCoordinator<0x101488d80> identity:[com.DefaultCompany.NeonDrift.run.1783753904.26332/Invalid/[system-defined]] uuid:41BAA136-4809-43FA-8119-8C0CBA66FC92 creator:InstallCoordination Simple SPI>: Calling selector coordinator:didUpdateProgress:forPhase:overallProgress: on observer <_IXSimpleInstallerDelegate 0x0x1014592c0>
2026-07-11 15:13:46.979 Df installcoordinationd[27831:3672d] [com.apple.installcoordination:daemon] -[IXSCoordinatedAppInstall setPlaceholderPromise:]: <IXSCoordinatedAppInstall<0x10560c000> [P=CoreSimulatorBridge (pid 27676)] identifier:[com.DefaultCompany.NeonDrift.run.1783753904.26332/Invalid/[system-defined]] uuid:41BAA136-4809-43FA-8119-8C0CBA66FC92 intent:IXCoordinatorIntentUpdating creator/appDRI:InstallCoordination Simple SPI importance:UserWaiting state:IXAppCoordinationStateReadyForPlaceholderInstall promise-state:PA2I4> : Placeholder Promise set: <IXSPlaceholder(0x1055283c0) Name:App Placeholder: NeonDrift.run.1783753904.26332 (com.DefaultCompany.NeonDrift.run.1783753904.26332) Creator:InstallCoordination Simple SPI UUID:B91BFCE6-C7B2-4161-8104-8B5AF7F5D0EE Location:[system-defined]>
2026-07-11 15:13:46.979 Df installcoordinationd[27831:36816] [com.apple.installcoordination:daemon] -[IXSCoordinatedAppInstall promiseDidComplete:]: <IXSCoordinatedAppInstall<0x10560c000> [P=CoreSimulatorBridge (pid 27676)] identifier:[com.DefaultCompany.NeonDrift.run.1783753904.26332/Invalid/[system-defined]] uuid:41BAA136-4809-43FA-8119-8C0CBA66FC92 intent:IXCoordinatorIntentUpdating creator/appDRI:InstallCoordination Simple SPI importance:UserWaiting state:IXAppCoordinationStateReadyForPlaceholderInstall promise-state:PA2I4> : Promise completed: <IXSPlaceholder(0x1055283c0) Name:App Placeholder: NeonDrift.run.1783753904.26332 (com.DefaultCompany.NeonDrift.run.1783753904.26332) Creator:InstallCoordination Simple SPI UUID:B91BFCE6-C7B2-4161-8104-8B5AF7F5D0EE Location:[system-defined]>
2026-07-11 15:13:46.980 Df installcoordinationd[27831:3672d] [com.apple.installcoordination:daemon] -[IXSCoordinatedAppInstall _onQueue_acquireAssertionAndInstallPlaceholder]: Acquiring termination assertion to install placeholder for [com.DefaultCompany.NeonDrift.run.1783753904.26332/Invalid/[system-defined]]
2026-07-11 15:13:46.980 Df installcoordinationd[27831:3672d] [com.apple.installcoordination:daemon] -[IXSPendingOperationsTracker beginPendingOperationForIdentity:]_block_invoke: Beginning pending operation for [com.DefaultCompany.NeonDrift.run.1783753904.26332/Invalid/[system-defined]]
2026-07-11 15:13:46.983 Df runningboardd[27648:3609a] [com.apple.runningboard:connection] Received termination request from [osservice<com.apple.installcoordinationd>:27831] on <RBSProcessPredicate <RBSProcessBundleIdentifierPredicate "com.DefaultCompany.NeonDrift.run.1783753904.26332">> with context <RBSTerminateContext| explanation:installcoordinationd app:[com.DefaultCompany.NeonDrift.run.1783753904.26332/Invalid/[system-defined]] uuid:41BAA136-4809-43FA-8119-8C0CBA66FC92 isPlaceholder:Y reportType:None maxTerminationResistance:Absolute attrs:[
	<RBSPreventLaunchLimitation| <RBSProcessPredicate <RBSProcessBundleIdentifierPredicate "com.DefaultCompany.NeonDrift.run.1783753904.26332">> allow:(null)>
	]>
2026-07-11 15:13:46.984 Df runningboardd[27648:3609a] [com.apple.runningboard:general] Found 0 extensions contained in com.DefaultCompany.NeonDrift.run.1783753904.26332
2026-07-11 15:13:46.984 Df runningboardd[27648:3609a] [com.apple.PlugInKit:holds] <PKManager:0x105109640> hold request for [/Users/dragonkao/Library/Developer/CoreSimulator/Devices/CC47DE7A-8196-4465-A5A5-BB852C9C6C82/data/Containers/Bundle/Application/60154545-D39B-4D7A-95EA-BC5F3CEE9CFC/NeonDrift.run.1783753904.26332.app] with flags: 0x4
2026-07-11 15:13:46.985 Df runningboardd[27648:360ab] [com.apple.PlugInKit:holds] <PKManager:0x105109640> hold request for [/Users/dragonkao/Library/Developer/CoreSimulator/Devices/CC47DE7A-8196-4465-A5A5-BB852C9C6C82/data/Containers/Bundle/Application/60154545-D39B-4D7A-95EA-BC5F3CEE9CFC/NeonDrift.run.1783753904.26332.app] with flags: 0x4 completed with hold token: [F4BF2808-AD21-4F58-A5BB-C9625A804964]
2026-07-11 15:13:46.985 Df runningboardd[27648:360ab] [com.apple.runningboard:ttl] Acquiring assertion targeting system from originator [osservice<com.apple.installcoordinationd>:27831] with description <RBSAssertionDescriptor| "installcoordinationd app:[com.DefaultCompany.NeonDrift.run.1783753904.26332/Invalid/[system-defined]] uuid:41BAA136-4809-43FA-8119-8C0CBA66FC92 isPlaceholder:Y" ID:27648-27831-224 target:system attributes:[
	<RBSPreventLaunchLimitation| <RBSProcessPredicate <RBSProcessBundleIdentifierPredicate "com.DefaultCompany.NeonDrift.run.1783753904.26332">> allow:(null)>
	]>
2026-07-11 15:13:46.986 Df runningboardd[27648:360ab] [com.apple.runningboard:process] Executing termination request for: <RBSProcessPredicate <RBSProcessBundleIdentifierPredicate "com.DefaultCompany.NeonDrift.run.1783753904.26332">>
2026-07-11 15:13:46.986 Df installcoordinationd[27831:3681f] [com.apple.appinstallation:TransactionLog] com.DefaultCompany.NeonDrift.run.1783753904.26332/Unknown Persona:4:9:1:1:Placeholder Promise began. Coordinator State: IXAppCoordinationStateWaitingForPlaceholderAssertion
2026-07-11 15:13:46.987 Df installcoordinationd[27831:36816] [com.apple.installcoordination:daemon] -[IXSCoordinatedAppInstall assertionAcquiredCallback]: RBS termination assertion observer called for <IXSCoordinatedAppInstall<0x10560c000> [P=CoreSimulatorBridge (pid 27676)] identifier:[com.DefaultCompany.NeonDrift.run.1783753904.26332/Invalid/[system-defined]] uuid:41BAA136-4809-43FA-8119-8C0CBA66FC92 intent:IXCoordinatorIntentUpdating creator/appDRI:InstallCoordination Simple SPI importance:UserWaiting state:IXAppCoordinationStateWaitingForPlaceholderAssertion promise-state:PA2I4>
2026-07-11 15:13:46.987 Df installcoordinationd[27831:3681f] [com.apple.installcoordination:daemon] -[IXSCoordinatorProgress setTotalUnitsCompleted:]: Progress for coordinator: [com.DefaultCompany.NeonDrift.run.1783753904.26332/Invalid/[system-defined]], Phase: IXCoordinatorProgressPhaseLoading, Percentage: 100.000000: Attempt to set units completed on finished progress: 100
2026-07-11 15:13:46.987 Df installcoordinationd[27831:3681f] [com.apple.appinstallation:TransactionLog] com.DefaultCompany.NeonDrift.run.1783753904.26332/Unknown Persona:4:9:2:1:Placeholder Promise completed. Coordinator State: IXAppCoordinationStateWaitingForPlaceholderAssertion
2026-07-11 15:13:46.987 Df CoreSimulatorBridge[27676:3602e] [com.apple.installcoordination:framework] -[IXAppInstallCoordinator _clientDelegate_promiseDidBeginFulfillmentWithIdentifier:]: <IXUpdatingAppInstallCoordinator<0x101488d80> identity:[com.DefaultCompany.NeonDrift.run.1783753904.26332/Invalid/[system-defined]] uuid:41BAA136-4809-43FA-8119-8C0CBA66FC92 creator:InstallCoordination Simple SPI>: Got promise did begin fulfillment for identifier 1
2026-07-11 15:13:46.987 Df CoreSimulatorBridge[27676:3602e] [com.apple.installcoordination:framework] -[IXAppInstallCoordinator _clientDelegate_promiseDidBeginFulfillmentWithIdentifier:]_block_invoke: <IXUpdatingAppInstallCoordinator<0x101488d80> identity:[com.DefaultCompany.NeonDrift.run.1783753904.26332/Invalid/[system-defined]] uuid:41BAA136-4809-43FA-8119-8C0CBA66FC92 creator:InstallCoordination Simple SPI>: Observer <_IXSimpleInstallerDelegate 0x0x1014592c0> does not respond to coordinator:configuredPromiseDidBeginFulfillment: (or any deprecated equivalent)
2026-07-11 15:13:46.988 Df installcoordinationd[27831:3681f] [com.apple.installcoordination:daemon] -[IXSCoordinatedAppInstall _onQueue_installPlaceholder]: Acquired termination assertion for placeholder [com.DefaultCompany.NeonDrift.run.1783753904.26332/Invalid/[system-defined]]; proceeding with install.
2026-07-11 15:13:46.988 Df installcoordinationd[27831:3681f] [com.apple.installcoordination:daemon] -[IXSPowerAssertion initWithAssertionName:details:]: Acquired power assertion IXPowerAssertion-12-[com.DefaultCompany.NeonDrift.run.1783753904.26332/Invalid/[system-defined]]
2026-07-11 15:13:46.989 Df installd[27841:367fa] (MobileSystemServices) 0x16f61b000 -[MIClientConnection _doInstallationForURL:identity:domain:options:operationType:completion:]: Install of "/Users/dragonkao/Library/Developer/CoreSimulator/Devices/CC47DE7A-8196-4465-A5A5-BB852C9C6C82/data/Containers/Shared/SystemGroup/systemgroup.com.apple.installcoordinationd/Library/InstallCoordination/PromiseStaging/B91BFCE6-C7B2-4161-8104-8B5AF7F5D0EE/NeonDrift.run.1783753904.26332.app" type Placeholder (LSInstallType = 1, Domain: MIInstallationDomainDefault) requested by installcoordinationd (pid 27831 (501/20))
2026-07-11 15:13:46.992 Df SpringBoard[27802:3655e] [com.apple.SpringBoard:Common] termination assertion acquired for com.DefaultCompany.NeonDrift.run.1783753904.26332
2026-07-11 15:13:46.992 Df SpringBoard[27802:3655e] [com.apple.SpringBoard:Icon] 0x10cb32f40-SBApplicationIcon Data source did change: <SBApplication: 0x10cb91c00; com.DefaultCompany.NeonDrift.run.1783753904.26332> {
} (SBApplication)
2026-07-11 15:13:46.994 Df installd[27841:367fa] [com.apple.containermanager:xpc] Query; euid = 501, uid = 501, class = 1, identifier = [com.DefaultCompany.NeonDrift.run.1783753904.26332](1), flags = 300000002
2026-07-11 15:13:46.996 Df containermanagerd_system[27691:360ac] [com.apple.containermanager:cache] Disk sync reporting on new entry: (com.DefaultCompany.NeonDrift.run.1783753904.26332|18446744073709551615|<MCMContainerPath: 0x103cee760; [<MCMContainerClassPath: 0x103c491a0; persona [(null)]; [/Users/dragonkao/Library/Developer/CoreSimulator/Devices/CC47DE7A-8196-4465-A5A5-BB852C9C6C82/data/Containers]/[Bundle]/[Application] created>]/[60154545-D39B-4D7A-95EA-BC5F3CEE9CFC]/[(null)]>|0|8629E7C2-D9FE-418D-8AEE-66C787ACE859|(null))
2026-07-11 15:13:46.997 Df installd[27841:367fa] [com.apple.containermanager:xpc] Query; euid = 501, uid = 501, class = 1, identifier = [com.DefaultCompany.NeonDrift.run.1783753904.26332](1), flags = 300000002
2026-07-11 15:13:47.066 Df runningboardd[27648:3609c] [com.apple.runningboard:process] Checking PreventLaunch: global:0 exPath:(null) predicates:{(
    <RBSProcessPredicate <RBSProcessBundleIdentifierPredicate "com.DefaultCompany.NeonDrift.run.1783753904.26332">>
)} allow:(null)
2026-07-11 15:13:47.098 Df installd[27841:367fa] [com.apple.containermanager:xpc] Query; euid = 501, uid = 501, class = 1, identifier = [com.DefaultCompany.NeonDrift.run.1783753904.26332](1), flags = 300000002
2026-07-11 15:13:47.098 Df installd[27841:367fa] [com.apple.containermanager:xpc] Query; euid = 501, uid = 501, class = 1, identifier = [com.DefaultCompany.NeonDrift.run.1783753904.26332](1), flags = 300000002
2026-07-11 15:13:47.101 Df installd[27841:367fa] (MobileSystemServices) 0x16f61b000 -[MIInstaller _installInstallable:containingSymlink:error:]: Installing <MIInstallableParallelPlaceholder ID=com.DefaultCompany.NeonDrift.run.1783753904.26332; Persona=com.apple.containermanager.primary-persona, Version=0, ShortVersion=1.0>
2026-07-11 15:13:47.101 Df installd[27841:367fa] [com.apple.appinstallation:TransactionLog] com.DefaultCompany.NeonDrift.run.1783753904.26332/com.apple.containermanager.primary-persona:7:2:1:1:Start : Install (Parallel Placeholder)
2026-07-11 15:13:47.183 Df runningboardd[27648:366ed] [com.apple.runningboard:process] Checking PreventLaunch: global:0 exPath:(null) predicates:{(
    <RBSProcessPredicate <RBSProcessBundleIdentifierPredicate "com.DefaultCompany.NeonDrift.run.1783753904.26332">>
)} allow:(null)
2026-07-11 15:13:47.296 Df runningboardd[27648:360a4] [com.apple.runningboard:process] Checking PreventLaunch: global:0 exPath:(null) predicates:{(
    <RBSProcessPredicate <RBSProcessBundleIdentifierPredicate "com.DefaultCompany.NeonDrift.run.1783753904.26332">>
)} allow:(null)
2026-07-11 15:13:47.412 Df runningboardd[27648:366ed] [com.apple.runningboard:process] Checking PreventLaunch: global:0 exPath:(null) predicates:{(
    <RBSProcessPredicate <RBSProcessBundleIdentifierPredicate "com.DefaultCompany.NeonDrift.run.1783753904.26332">>
)} allow:(null)
2026-07-11 15:13:47.529 Df runningboardd[27648:360aa] [com.apple.runningboard:process] Checking PreventLaunch: global:0 exPath:(null) predicates:{(
    <RBSProcessPredicate <RBSProcessBundleIdentifierPredicate "com.DefaultCompany.NeonDrift.run.1783753904.26332">>
)} allow:(null)
2026-07-11 15:13:47.825 Df installd[27841:367fa] [com.apple.containermanager:query] Query; euid = 501, uid = 501, class = 4, identifier = [com.DefaultCompany.NeonDrift.run.1783753904.26332](1), flags = 300000002
2026-07-11 15:13:47.908 Df installd[27841:367fa] [com.apple.containermanager:query] Query; euid = 501, uid = 501, class = 4, identifier = [com.DefaultCompany.NeonDrift.run.1783753904.26332](1), flags = 300000002
2026-07-11 15:13:47.908 Df installd[27841:367fa] (MobileSystemServices) 0x16f61b000 -[MIInstallableParallelPlaceholder performInstallationWithError:]: Installing parallel placeholder for [com.DefaultCompany.NeonDrift.run.1783753904.26332/com.apple.containermanager.primary-persona/[system-defined]]
2026-07-11 15:13:47.911 Df installd[27841:367fa] [com.apple.containermanager:query] Query; euid = 501, uid = 501, class = 2, identifier = [com.DefaultCompany.NeonDrift.run.1783753904.26332](1), flags = 300000003
2026-07-11 15:13:47.926 Df containermanagerd[27707:36132] [com.apple.containermanager:cache] Disk sync reporting on new entry: (com.DefaultCompany.NeonDrift.run.1783753904.26332|18446744073709551615|<MCMContainerPath: 0x103b4ab20; [<MCMContainerClassPath: 0x1038497a0; persona [(null)]; [/Users/dragonkao/Library/Developer/CoreSimulator/Devices/CC47DE7A-8196-4465-A5A5-BB852C9C6C82/data/Containers]/[Data]/[Application] created>]/[1C6EF335-A73E-4471-9340-6B4D195DFE2F]/[(null)]>|1|2EB71F33-C854-468B-AEA7-3F83F4191D86|(null))
2026-07-11 15:13:47.931 Df installd[27841:367fa] [com.apple.containermanager:query] Query; euid = 501, uid = 501, class = 2, identifier = [com.DefaultCompany.NeonDrift.run.1783753904.26332](1), flags = 300000002
2026-07-11 15:13:47.940 Df containermanagerd[27707:36132] [com.apple.containermanager:schema] [u 2EB71F33-C854-468B-AEA7-3F83F4191D86:p 1C6EF335-A73E-4471-9340-6B4D195DFE2F:c com.DefaultCompany.NeonDrift.run.1783753904.26332(2):i0] Successfully updated schema from (0) → (1), actions count = 6
2026-07-11 15:13:47.941 Df containermanagerd_system[27691:360ac] [com.apple.containermanager:schema] [u 8629E7C2-D9FE-418D-8AEE-66C787ACE859:p 60154545-D39B-4D7A-95EA-BC5F3CEE9CFC:c com.DefaultCompany.NeonDrift.run.1783753904.26332(1):i0] Successfully updated schema from (0) → (0), actions count = 0
2026-07-11 15:13:47.942 Df installd[27841:367fa] [com.apple.containermanager:xpc] Query; euid = 501, uid = 501, class = 1, identifier = [com.DefaultCompany.NeonDrift.run.1783753904.26332](1), flags = 300000002
2026-07-11 15:13:47.943 Df installd[27841:367fa] [com.apple.containermanager:unspecified] Requesting disk usage; class = 1, identifier = com.DefaultCompany.NeonDrift.run.1783753904.26332
2026-07-11 15:13:47.944 Df installd[27841:367fa] [com.apple.containermanager:query] Query; euid = 501, uid = 501, class = 7, identifier = [com.DefaultCompany.NeonDrift.run.1783753904.26332](1), flags = 300000001
2026-07-11 15:13:47.945 Df SpringBoard[27802:3655e] [com.apple.SpringBoard:Common] termination assertion released for com.DefaultCompany.NeonDrift.run.1783753904.26332
2026-07-11 15:13:47.945 Df SpringBoard[27802:3655e] [com.apple.SpringBoard:Icon] 0x10cb32f40-SBApplicationIcon Data source did change: <SBApplication: 0x10cb91c00; com.DefaultCompany.NeonDrift.run.1783753904.26332> {
} (SBApplication)
2026-07-11 15:13:47.948 Df installd[27841:367fa] (MobileSystemServices) 0x16f61b000 -[MILaunchServicesOperationManager _onQueue_addPendingLaunchServicesOperation:error:]: Added pending LS operation <MILaunchServicesRegisterOperation: 5F4EF3F8-BAFB-421F-A7AA-DE4EBF7DDE0F:1 com.DefaultCompany.NeonDrift.run.1783753904.26332/MIInstallationDomainSystemShared personas:[com.apple.containermanager.primary-persona]>
2026-07-11 15:13:47.949 Df lsd[27696:36143] [com.apple.launchservices:appinstallation] Post installation registration: request to register com.DefaultCompany.NeonDrift.run.1783753904.26332, operation 5F4EF3F8-BAFB-421F-A7AA-DE4EBF7DDE0F, from pid 27841
2026-07-11 15:13:47.949 Df lsd[27696:36143] [com.apple.appinstallation:TransactionLog] com.DefaultCompany.NeonDrift.run.1783753904.26332/Unknown Persona:5:4:1:1:Registering bundles via registrant - start
2026-07-11 15:13:47.953 Df lsd[27696:36143] [com.apple.appinstallation:TransactionLog] com.DefaultCompany.NeonDrift.run.1783753904.26332/Unknown Persona:5:5:1:1:Building bundle record for app
2026-07-11 15:13:47.953 Df lsd[27696:36143] [com.apple.launchservices:appinstallation] Placeholder detected - Flagging bundle com.DefaultCompany.NeonDrift.run.1783753904.26332 incomplete
2026-07-11 15:13:47.953 Df lsd[27696:36143] [com.apple.appinstallation:TransactionLog] com.DefaultCompany.NeonDrift.run.1783753904.26332/Unknown Persona:5:5:2:1:Built bundle record for app
2026-07-11 15:13:47.956 Df lsd[27696:36143] [com.apple.appinstallation:TransactionLog] com.DefaultCompany.NeonDrift.run.1783753904.26332/Unknown Persona:5:4:2:1:Registered bundle status = success
2026-07-11 15:13:47.956 Df lsd[27696:36143] [com.apple.appinstallation:TransactionLog] com.DefaultCompany.NeonDrift.run.1783753904.26332/Unknown Persona:5:4:2:1:Finished registering com.DefaultCompany.NeonDrift.run.1783753904.26332, bundle unit 678
2026-07-11 15:13:47.957 Df installd[27841:367fa] (MobileSystemServices) 0x16f61b000 -[MIJournal purgeJournalEntry:withError:]: Removing journal entry <MIInstallationJournalEntry<0x101cd08c0> [com.DefaultCompany.NeonDrift.run.1783753904.26332/com.apple.containermanager.primary-persona/[system-defined]]/MIInstallationDomainSystemShared op:3 phase:JournalPhaseDidRegisterWithLS version:0>
2026-07-11 15:13:47.957 Df lsd[27696:36136] [com.apple.launchservices:progress] Sending applicationInstallsDidStart: for (
    "<LSApplicationProxy: 0x101724000> com.DefaultCompany.NeonDrift.run.1783753904.26332 file:///Users/dragonkao/Library/Developer/CoreSimulator/Devices/CC47DE7A-8196-4465-A5A5-BB852C9C6C82/data/Containers/Bundle/Application/60154545-D39B-4D7A-95EA-BC5F3CEE9CFC/com.apple.mobileinstallation.placeholder/ <com.DefaultCompany.NeonDrift.run.1783753904.26332 <placeholder >:1>"
)
2026-07-11 15:13:47.957 Df installd[27841:367fa] [com.apple.appinstallation:TransactionLog] com.DefaultCompany.NeonDrift.run.1783753904.26332/com.apple.containermanager.primary-persona:7:2:2:1:Success (End) : Install (Parallel Placeholder)
2026-07-11 15:13:47.957 Df installd[27841:367fa] (MobileSystemServices) 0x16f61b000 -[MIInstaller _logOperationCompletionWithStartTime:distributorID:]: Install successful for (Placeholder:com.DefaultCompany.NeonDrift.run.1783753904.26332) [Distributor: (null)]; Staging: 0.00s; Waiting: 0.00s; Preflight/Patch: 0.72s, Verifying: 0.08s; Overall: 0.97s
2026-07-11 15:13:47.957 Df lsd[27696:36136] [com.apple.launchservices:progress] Created parent progress <NSProgress: com.DefaultCompany.NeonDrift.run.1783753904.26332 phase=InstallingPlaceholder; state=Waiting; finalPhase=Installing; fractionCompleted=0.000000>
2026-07-11 15:13:47.958 Df installcoordinationd[27831:3681f] [com.apple.installcoordination:daemon] -[IXSPowerAssertion invalidate]: Released power assertion IXPowerAssertion-12-[com.DefaultCompany.NeonDrift.run.1783753904.26332/Invalid/[system-defined]]
2026-07-11 15:13:47.958 Df passd[27675:36410] [com.apple.launchservices:appinstallation] LaunchServices observer: InstallsStarted (
    "<LSApplicationProxy: 0x105cb9800> com.DefaultCompany.NeonDrift.run.1783753904.26332 file:///Users/dragonkao/Library/Developer/CoreSimulator/Devices/CC47DE7A-8196-4465-A5A5-BB852C9C6C82/data/Containers/Bundle/Application/60154545-D39B-4D7A-95EA-BC5F3CEE9CFC/com.apple.mobileinstallation.placeholder/ <com.DefaultCompany.NeonDrift.run.1783753904.26332 <placeholder >:1>"
)
2026-07-11 15:13:47.958 Df runningboardd[27648:360a4] [com.apple.launchservices:appinstallation] LaunchServices observer: InstallsStarted (
    "<LSApplicationProxy: 0x10117c000> com.DefaultCompany.NeonDrift.run.1783753904.26332 file:///Users/dragonkao/Library/Developer/CoreSimulator/Devices/CC47DE7A-8196-4465-A5A5-BB852C9C6C82/data/Containers/Bundle/Application/60154545-D39B-4D7A-95EA-BC5F3CEE9CFC/com.apple.mobileinstallation.placeholder/ <com.DefaultCompany.NeonDrift.run.1783753904.26332 <placeholder >:1>"
)
2026-07-11 15:13:47.958 Df installcoordinationd[27831:3681f] [com.apple.installcoordination:daemon] -[IXSPendingOperationsTracker endPendingOperationForIdentity:]_block_invoke: Ending pending operation for [com.DefaultCompany.NeonDrift.run.1783753904.26332/Invalid/[system-defined]]
2026-07-11 15:13:47.958 Df financed[27726:36237] [com.apple.launchservices:appinstallation] LaunchServices observer: InstallsStarted (
    "<LSApplicationProxy: 0x107deb480> com.DefaultCompany.NeonDrift.run.1783753904.26332 file:///Users/dragonkao/Library/Developer/CoreSimulator/Devices/CC47DE7A-8196-4465-A5A5-BB852C9C6C82/data/Containers/Bundle/Application/60154545-D39B-4D7A-95EA-BC5F3CEE9CFC/com.apple.mobileinstallation.placeholder/ <com.DefaultCompany.NeonDrift.run.1783753904.26332 <placeholder >:1>"
)
2026-07-11 15:13:47.959 Df donotdisturbd[27693:36172] [com.apple.launchservices:appinstallation] LaunchServices observer: InstallsStarted (
    "<LSApplicationProxy: 0x1055e1500> com.DefaultCompany.NeonDrift.run.1783753904.26332 file:///Users/dragonkao/Library/Developer/CoreSimulator/Devices/CC47DE7A-8196-4465-A5A5-BB852C9C6C82/data/Containers/Bundle/Application/60154545-D39B-4D7A-95EA-BC5F3CEE9CFC/com.apple.mobileinstallation.placeholder/ <com.DefaultCompany.NeonDrift.run.1783753904.26332 <placeholder >:1>"
)
2026-07-11 15:13:47.959 Df gamed[27768:3645b] [com.apple.launchservices:appinstallation] LaunchServices observer: InstallsStarted (
    "<LSApplicationProxy: 0x1067b8b40> com.DefaultCompany.NeonDrift.run.1783753904.26332 file:///Users/dragonkao/Library/Developer/CoreSimulator/Devices/CC47DE7A-8196-4465-A5A5-BB852C9C6C82/data/Containers/Bundle/Application/60154545-D39B-4D7A-95EA-BC5F3CEE9CFC/com.apple.mobileinstallation.placeholder/ <com.DefaultCompany.NeonDrift.run.1783753904.26332 <placeholder >:1>"
)
2026-07-11 15:13:47.959 Df sleepd[27673:36026] [com.apple.launchservices:appinstallation] LaunchServices observer: InstallsStarted (
    "<LSApplicationProxy: 0x10225c180> com.DefaultCompany.NeonDrift.run.1783753904.26332 file:///Users/dragonkao/Library/Developer/CoreSimulator/Devices/CC47DE7A-8196-4465-A5A5-BB852C9C6C82/data/Containers/Bundle/Application/60154545-D39B-4D7A-95EA-BC5F3CEE9CFC/com.apple.mobileinstallation.placeholder/ <com.DefaultCompany.NeonDrift.run.1783753904.26332 <placeholder >:1>"
)
2026-07-11 15:13:47.959 Df installcoordinationd[27831:3681f] [com.apple.installcoordination:daemon] -[IXSCoordinatedAppInstall setPlaceholderInstallState:withLSRecordPromiseForCompletion:]: <IXSCoordinatedAppInstall<0x10560c000> [P=CoreSimulatorBridge (pid 27676)] identifier:[com.DefaultCompany.NeonDrift.run.1783753904.26332/Invalid/[system-defined]] uuid:41BAA136-4809-43FA-8119-8C0CBA66FC92 intent:IXCoordinatorIntentUpdating creator/appDRI:InstallCoordination Simple SPI importance:UserWaiting state:IXAppCoordinationStateReadyForInstall promise-state:PA2I4>: Placeholder install completed.
2026-07-11 15:13:47.959 Df profiled[27729:36547] [com.apple.launchservices:appinstallation] LaunchServices observer: InstallsStarted (
    "<LSApplicationProxy: 0x101b78fa0> com.DefaultCompany.NeonDrift.run.1783753904.26332 file:///Users/dragonkao/Library/Developer/CoreSimulator/Devices/CC47DE7A-8196-4465-A5A5-BB852C9C6C82/data/Containers/Bundle/Application/60154545-D39B-4D7A-95EA-BC5F3CEE9CFC/com.apple.mobileinstallation.placeholder/ <com.DefaultCompany.NeonDrift.run.1783753904.26332 <placeholder >:1>"
)
2026-07-11 15:13:47.959 Df appstored[27820:366f4] [com.apple.launchservices:appinstallation] LaunchServices observer: InstallsStarted (
    "<LSApplicationProxy: 0x1046ec000> com.DefaultCompany.NeonDrift.run.1783753904.26332 file:///Users/dragonkao/Library/Developer/CoreSimulator/Devices/CC47DE7A-8196-4465-A5A5-BB852C9C6C82/data/Containers/Bundle/Application/60154545-D39B-4D7A-95EA-BC5F3CEE9CFC/com.apple.mobileinstallation.placeholder/ <com.DefaultCompany.NeonDrift.run.1783753904.26332 <placeholder >:1>"
)
2026-07-11 15:13:47.959 Df locationd[27669:36077] [com.apple.launchservices:appinstallation] LaunchServices observer: InstallsStarted (
    "<LSApplicationProxy: 0x105b8c6c0> com.DefaultCompany.NeonDrift.run.1783753904.26332 file:///Users/dragonkao/Library/Developer/CoreSimulator/Devices/CC47DE7A-8196-4465-A5A5-BB852C9C6C82/data/Containers/Bundle/Application/60154545-D39B-4D7A-95EA-BC5F3CEE9CFC/com.apple.mobileinstallation.placeholder/ <com.DefaultCompany.NeonDrift.run.1783753904.26332 <placeholder >:1>"
)
2026-07-11 15:13:47.959 Df dasd[27672:36325] [com.apple.launchservices:appinstallation] LaunchServices observer: InstallsStarted (
    "<LSApplicationProxy: 0x101b44000> com.DefaultCompany.NeonDrift.run.1783753904.26332 file:///Users/dragonkao/Library/Developer/CoreSimulator/Devices/CC47DE7A-8196-4465-A5A5-BB852C9C6C82/data/Containers/Bundle/Application/60154545-D39B-4D7A-95EA-BC5F3CEE9CFC/com.apple.mobileinstallation.placeholder/ <com.DefaultCompany.NeonDrift.run.1783753904.26332 <placeholder >:1>"
)
2026-07-11 15:13:47.959 Df installcoordinationd[27831:3681f] [com.apple.installprogress:server] initiating progress for [com.DefaultCompany.NeonDrift.run.1783753904.26332/Invalid/[system-defined]]
2026-07-11 15:13:47.959 Df nsurlsessiond[27695:36220] [com.apple.launchservices:appinstallation] LaunchServices observer: InstallsStarted (
    "<LSApplicationProxy: 0x105654540> com.DefaultCompany.NeonDrift.run.1783753904.26332 file:///Users/dragonkao/Library/Developer/CoreSimulator/Devices/CC47DE7A-8196-4465-A5A5-BB852C9C6C82/data/Containers/Bundle/Application/60154545-D39B-4D7A-95EA-BC5F3CEE9CFC/com.apple.mobileinstallation.placeholder/ <com.DefaultCompany.NeonDrift.run.1783753904.26332 <placeholder >:1>"
)
2026-07-11 15:13:47.960 Df lsd[27696:36136] [com.apple.launchservices:progress] Sent distributed notification com.apple.LaunchServices.applicationRegistered with payload {
    bundleIDs =     (
        "com.DefaultCompany.NeonDrift.run.1783753904.26332"
    );
    isPlaceholder = 1;
}
2026-07-11 15:13:47.960 Df deviceaccessd[27751:36342] [com.apple.launchservices:appinstallation] LaunchServices observer: InstallsStarted (
    "<LSApplicationProxy: 0x10596c000> com.DefaultCompany.NeonDrift.run.1783753904.26332 file:///Users/dragonkao/Library/Developer/CoreSimulator/Devices/CC47DE7A-8196-4465-A5A5-BB852C9C6C82/data/Containers/Bundle/Application/60154545-D39B-4D7A-95EA-BC5F3CEE9CFC/com.apple.mobileinstallation.placeholder/ <com.DefaultCompany.NeonDrift.run.1783753904.26332 <placeholder >:1>"
)
2026-07-11 15:13:47.960 Df callservicesd[27741:3623d] [com.apple.launchservices:appinstallation] LaunchServices observer: InstallsStarted (
    "<LSApplicationProxy: 0x104a20c00> com.DefaultCompany.NeonDrift.run.1783753904.26332 file:///Users/dragonkao/Library/Developer/CoreSimulator/Devices/CC47DE7A-8196-4465-A5A5-BB852C9C6C82/data/Containers/Bundle/Application/60154545-D39B-4D7A-95EA-BC5F3CEE9CFC/com.apple.mobileinstallation.placeholder/ <com.DefaultCompany.NeonDrift.run.1783753904.26332 <placeholder >:1>"
)
2026-07-11 15:13:47.960 Df mobiletimerd[27660:3602a] [com.apple.launchservices:appinstallation] LaunchServices observer: InstallsStarted (
    "<LSApplicationProxy: 0x101a540c0> com.DefaultCompany.NeonDrift.run.1783753904.26332 file:///Users/dragonkao/Library/Developer/CoreSimulator/Devices/CC47DE7A-8196-4465-A5A5-BB852C9C6C82/data/Containers/Bundle/Application/60154545-D39B-4D7A-95EA-BC5F3CEE9CFC/com.apple.mobileinstallation.placeholder/ <com.DefaultCompany.NeonDrift.run.1783753904.26332 <placeholder >:1>"
)
2026-07-11 15:13:47.960 Df routined[27653:361c6] [com.apple.launchservices:appinstallation] LaunchServices observer: InstallsStarted (
    "<LSApplicationProxy: 0x107c48e40> com.DefaultCompany.NeonDrift.run.1783753904.26332 file:///Users/dragonkao/Library/Developer/CoreSimulator/Devices/CC47DE7A-8196-4465-A5A5-BB852C9C6C82/data/Containers/Bundle/Application/60154545-D39B-4D7A-95EA-BC5F3CEE9CFC/com.apple.mobileinstallation.placeholder/ <com.DefaultCompany.NeonDrift.run.1783753904.26332 <placeholder >:1>"
)
2026-07-11 15:13:47.960 Df usernotificationsd[27717:362a1] [com.apple.launchservices:appinstallation] LaunchServices observer: InstallsStarted (
    "<LSApplicationProxy: 0x1041a0480> com.DefaultCompany.NeonDrift.run.1783753904.26332 file:///Users/dragonkao/Library/Developer/CoreSimulator/Devices/CC47DE7A-8196-4465-A5A5-BB852C9C6C82/data/Containers/Bundle/Application/60154545-D39B-4D7A-95EA-BC5F3CEE9CFC/com.apple.mobileinstallation.placeholder/ <com.DefaultCompany.NeonDrift.run.1783753904.26332 <placeholder >:1>"
)
2026-07-11 15:13:47.960 Df installcoordinationd[27831:3681f] [com.apple.installprogress:default] Created published identity progress for [com.DefaultCompany.NeonDrift.run.1783753904.26332/Invalid/[system-defined]], observer 0x1054a8ec0
2026-07-11 15:13:47.960 Df homed[27742:36513] [com.apple.launchservices:appinstallation] LaunchServices observer: InstallsStarted (
    "<LSApplicationProxy: 0x107ec4480> com.DefaultCompany.NeonDrift.run.1783753904.26332 file:///Users/dragonkao/Library/Developer/CoreSimulator/Devices/CC47DE7A-8196-4465-A5A5-BB852C9C6C82/data/Containers/Bundle/Application/60154545-D39B-4D7A-95EA-BC5F3CEE9CFC/com.apple.mobileinstallation.placeholder/ <com.DefaultCompany.NeonDrift.run.1783753904.26332 <placeholder >:1>"
)
2026-07-11 15:13:47.960 Df installcoordinationd[27831:3681f] [com.apple.installcoordination:daemon] -[IXSCoordinatorProgress setTotalUnitsCompleted:]: Progress for coordinator: [com.DefaultCompany.NeonDrift.run.1783753904.26332/Invalid/[system-defined]], Phase: IXCoordinatorProgressPhaseLoading, Percentage: 100.000000: Attempt to set units completed on finished progress: 100
2026-07-11 15:13:47.960 Df SpringBoard[27802:366a3] [com.apple.launchservices:appinstallation] LaunchServices observer: InstallsStarted (
    "<LSApplicationProxy: 0x12899a040> com.DefaultCompany.NeonDrift.run.1783753904.26332 file:///Users/dragonkao/Library/Developer/CoreSimulator/Devices/CC47DE7A-8196-4465-A5A5-BB852C9C6C82/data/Containers/Bundle/Application/60154545-D39B-4D7A-95EA-BC5F3CEE9CFC/com.apple.mobileinstallation.placeholder/ <com.DefaultCompany.NeonDrift.run.1783753904.26332 <placeholder >:1>"
)
2026-07-11 15:13:47.960 Df SpringBoard[27802:366a3] [com.apple.frontboard.ApplicationLibrary:observer] -[FBSApplicationLibrary applicationInstallsDidStart:] com.DefaultCompany.NeonDrift.run.1783753904.26332
2026-07-11 15:13:47.960 Df installcoordinationd[27831:3681f] [com.apple.installcoordination:daemon] -[IXSCoordinatedAppInstall _onQueue_acquireAssertionAndDoInstall]: Acquiring termination assertion to install [com.DefaultCompany.NeonDrift.run.1783753904.26332/Invalid/[system-defined]]
2026-07-11 15:13:47.960 Df SpringBoard[27802:366a3] [com.apple.frontboard.ApplicationLibrary:default] Added placeholder: <SBApplicationPlaceholderProxy: 0x122955480; com.DefaultCompany.NeonDrift.run.1783753904.26332 (NeonDrift.run.1783753904.26332); LSInstallType: StoreDownload>
2026-07-11 15:13:47.960 Df liveactivitiesd[27703:36151] [com.apple.launchservices:appinstallation] LaunchServices observer: InstallsStarted (
    "<LSApplicationProxy: 0x103e8d680> com.DefaultCompany.NeonDrift.run.1783753904.26332 file:///Users/dragonkao/Library/Developer/CoreSimulator/Devices/CC47DE7A-8196-4465-A5A5-BB852C9C6C82/data/Containers/Bundle/Application/60154545-D39B-4D7A-95EA-BC5F3CEE9CFC/com.apple.mobileinstallation.placeholder/ <com.DefaultCompany.NeonDrift.run.1783753904.26332 <placeholder >:1>"
)
2026-07-11 15:13:47.960 Df installcoordinationd[27831:3681f] [com.apple.installcoordination:daemon] -[IXSPendingOperationsTracker beginPendingOperationForIdentity:]_block_invoke: Beginning pending operation for [com.DefaultCompany.NeonDrift.run.1783753904.26332/Invalid/[system-defined]]
2026-07-11 15:13:47.961 Df installcoordinationd[27831:3672d] [com.apple.installcoordination:daemon] -[IXSCoordinatedAppInstall _limitedConcurrency_fetchLoadingProgressForPlaceholderInstallType:progressHint:andRun:]: <IXSCoordinatedAppInstall<0x10560c000> [P=CoreSimulatorBridge (pid 27676)] identifier:[com.DefaultCompany.NeonDrift.run.1783753904.26332/Invalid/[system-defined]] uuid:41BAA136-4809-43FA-8119-8C0CBA66FC92 intent:IXCoordinatorIntentUpdating creator/appDRI:InstallCoordination Simple SPI importance:UserWaiting state:IXAppCoordinationStateWaitingForInstallAssertion promise-state:PA2I4>: initiating loading progress with install type 1
2026-07-11 15:13:47.961 Df installcoordinationd[27831:3672d] [com.apple.appinstallation:TransactionLog] com.DefaultCompany.NeonDrift.run.1783753904.26332/Unknown Persona:5:11:1:1:Updating PlaceholderMetadata for com.DefaultCompany.NeonDrift.run.1783753904.26332 with LSInstallType 1
2026-07-11 15:13:47.961 Df SpringBoard[27802:3655e] [com.apple.frontboard.ApplicationLibrary:sb.placeholder] App placeholder proxies added: (
    "<SBApplicationPlaceholderProxy: 0x122955480; com.DefaultCompany.NeonDrift.run.1783753904.26332 (NeonDrift.run.1783753904.26332); LSInstallType: StoreDownload>"
), currentlyKnownExistingPlaceholders: {
}
2026-07-11 15:13:47.961 Df SpringBoard[27802:3655e] [com.apple.appinstallation:TransactionLog] com.DefaultCompany.NeonDrift.run.1783753904.26332/Unknown Persona:10:0:1:1:Placeholder add BEGIN
2026-07-11 15:13:47.961 Df SpringBoard[27802:366b7] [com.apple.launchservices:progress] #LSInstallProgressList add subscriber: <_NSProgressSubscriber: 0x10bbca8e0> publishingString: com.DefaultCompany.NeonDrift.run.1783753904.26332
2026-07-11 15:13:47.961 Df SpringBoard[27802:366b7] [com.apple.launchservices:progress] Subscribing to progress for app com.DefaultCompany.NeonDrift.run.1783753904.26332,
2026-07-11 15:13:47.961 E  SpringBoard[27802:366b7] [com.apple.frontboard.ApplicationLibrary:placeholder] Non-demoted placeholder for com.DefaultCompany.NeonDrift.run.1783753904.26332 has no associated NSProgress!
2026-07-11 15:13:47.961 Df webbookmarksd[27723:36332] [com.apple.launchservices:appinstallation] LaunchServices observer: InstallsStarted (
    "<LSApplicationProxy: 0x104f9be50> com.DefaultCompany.NeonDrift.run.1783753904.26332 file:///Users/dragonkao/Library/Developer/CoreSimulator/Devices/CC47DE7A-8196-4465-A5A5-BB852C9C6C82/data/Containers/Bundle/Application/60154545-D39B-4D7A-95EA-BC5F3CEE9CFC/com.apple.mobileinstallation.placeholder/ <com.DefaultCompany.NeonDrift.run.1783753904.26332 <placeholder >:1>"
)
2026-07-11 15:13:47.961 Df SpringBoard[27802:3655e] [com.apple.SpringBoard:Icon] <<SBLeafIcon:0x10cb32f40 [com.DefaultCompany.NeonDrift.run.1783753904.26332]>> Changing active data source: <SBApplicationIcon: 0x10cb32f40; nodeID: com.DefaultCompany.NeonDrift.run.1783753904.26332; bundleID: com.DefaultCompany.NeonDrift.run.1783753904.26332>
2026-07-11 15:13:47.961 Df SpringBoard[27802:3655e] [com.apple.SpringBoard:Icon] <<SBLeafIcon:0x10cb32f40 [com.DefaultCompany.NeonDrift.run.1783753904.26332]>> Changing from data souce: com.DefaultCompany.NeonDrift.run.1783753904.26332 to data source:com.DefaultCompany.NeonDrift.run.1783753904.26332.
2026-07-11 15:13:47.962 Df CoreSimulatorBridge[27676:3602e] [com.apple.installcoordination:framework] -[IXAppInstallCoordinator _clientDelegate_placeholderDidInstallForApplicationRecord:]: <IXUpdatingAppInstallCoordinator<0x101488d80> identity:[com.DefaultCompany.NeonDrift.run.1783753904.26332/Invalid/[system-defined]] uuid:41BAA136-4809-43FA-8119-8C0CBA66FC92 creator:InstallCoordination Simple SPI>: Got placeholder did install delegate for app record { bundleID: com.DefaultCompany.NeonDrift.run.1783753904.26332, URL: file:///Users/dragonkao/Library/Developer/CoreSimulator/Devices/CC47DE7A-8196-4465-A5A5-BB852C9C6C82/data/Containers/Bundle/Application/60154545-D39B-4D7A-95EA-BC5F3CEE9CFC/com.apple.mobileinstallation.placeholder/ }
2026-07-11 15:13:47.962 Df SpringBoard[27802:3655e] [com.apple.appinstallation:TransactionLog] com.DefaultCompany.NeonDrift.run.1783753904.26332/Unknown Persona:10:1:3:1:Created icon for placeholder.
2026-07-11 15:13:47.962 Df CoreSimulatorBridge[27676:3602e] [com.apple.installcoordination:framework] -[IXAppInstallCoordinator _clientDelegate_placeholderDidInstallForApplicationRecord:]_block_invoke: <IXUpdatingAppInstallCoordinator<0x101488d80> identity:[com.DefaultCompany.NeonDrift.run.1783753904.26332/Invalid/[system-defined]] uuid:41BAA136-4809-43FA-8119-8C0CBA66FC92 creator:InstallCoordination Simple SPI>: Observer <_IXSimpleInstallerDelegate 0x0x1014592c0> does not respond to coordinatorDidInstallPlaceholder:forApplicationRecord: (or any deprecated equivalent)
2026-07-11 15:13:47.962 Df SpringBoard[27802:3655e] [com.apple.frontboard.ApplicationLibrary:sb.placeholder] Placeholders added: (
    "<SBApplicationPlaceholder: 0x125e5b210; bundleIdentifier: com.DefaultCompany.NeonDrift.run.1783753904.26332; displayName: NeonDrift.run.1783753904.26332>"
), modified: (
), removed: (null)
2026-07-11 15:13:47.962 Df SpringBoard[27802:3655e] [com.apple.launchservices:progress] Got progress <NSProgress: com.DefaultCompany.NeonDrift.run.1783753904.26332 phase=InstallingPlaceholder; state=Finished; finalPhase=Installing; fractionCompleted=0.000000> for app com.DefaultCompany.NeonDrift.run.1783753904.26332,
2026-07-11 15:13:47.962 Df PosterBoard[27811:36683] [com.apple.launchservices:appinstallation] LaunchServices observer: InstallsStarted (
    "<LSApplicationProxy: 0x105047e40> com.DefaultCompany.NeonDrift.run.1783753904.26332 file:///Users/dragonkao/Library/Developer/CoreSimulator/Devices/CC47DE7A-8196-4465-A5A5-BB852C9C6C82/data/Containers/Bundle/Application/60154545-D39B-4D7A-95EA-BC5F3CEE9CFC/com.apple.mobileinstallation.placeholder/ <com.DefaultCompany.NeonDrift.run.1783753904.26332 <placeholder >:1>"
)
2026-07-11 15:13:47.962 Df SpringBoard[27802:3655e] [com.apple.appinstallation:TransactionLog] com.DefaultCompany.NeonDrift.run.1783753904.26332/Unknown Persona:10:2:3:1:Reloading icon image.
2026-07-11 15:13:47.963 Df lsd[27696:36136] [com.apple.launchservices:progress] Using publishing string "com.DefaultCompany.NeonDrift.run.1783753904.26332.InstallingPlaceholder" for the first time
2026-07-11 15:13:47.963 Df lsd[27696:36136] [com.apple.launchservices:progress] Parent progress for installation <NSProgress: com.DefaultCompany.NeonDrift.run.1783753904.26332 phase=InstallingPlaceholder; state=Finished; finalPhase=Installing; fractionCompleted=0.000000>, adding phase 3
2026-07-11 15:13:47.963 Df lsd[27696:36136] [com.apple.launchservices:progress] #LSInstallProgressList add subscriber: <_NSProgressSubscriber: 0x101709c80> publishingString: com.DefaultCompany.NeonDrift.run.1783753904.26332.InstallingPlaceholder
2026-07-11 15:13:47.963 Df lsd[27696:36136] [com.apple.launchservices:progress] Subscribing to com.DefaultCompany.NeonDrift.run.1783753904.26332.InstallingPlaceholder
2026-07-11 15:13:47.964 Df runningboardd[27648:3609c] [com.apple.runningboard:connection] Received termination request from [osservice<com.apple.installcoordinationd>:27831] on <RBSProcessPredicate <RBSProcessBundleIdentifierPredicate "com.DefaultCompany.NeonDrift.run.1783753904.26332">> with context <RBSTerminateContext| explanation:installcoordinationd app:[com.DefaultCompany.NeonDrift.run.1783753904.26332/Invalid/[system-defined]] uuid:41BAA136-4809-43FA-8119-8C0CBA66FC92 isPlaceholder:N reportType:None maxTerminationResistance:Absolute attrs:[
	<RBSPreventLaunchLimitation| <RBSProcessPredicate <RBSProcessBundleIdentifierPredicate "com.DefaultCompany.NeonDrift.run.1783753904.26332">> allow:(null)>
	]>
2026-07-11 15:13:47.964 Df siriactionsd[27714:362ed] [com.apple.shortcuts:Daemon] Dispatching XPC event: <distributed notification: com.apple.LaunchServices.applicationRegistered, userInfo: [AnyHashable("isPlaceholder"): 1, AnyHashable("bundleIDs"): <__NSSingleObjectArrayI 0x1055f8d10>(
com.DefaultCompany.NeonDrift.run.1783753904.26332
)
]>
2026-07-11 15:13:47.964 Df siriactionsd[27714:362ed] [com.apple.shortcuts:XPCEvent] Dispatching XPC event: <distributed notification: com.apple.LaunchServices.applicationRegistered, userInfo: [AnyHashable("isPlaceholder"): 1, AnyHashable("bundleIDs"): <__NSSingleObjectArrayI 0x1055f8d10>(
com.DefaultCompany.NeonDrift.run.1783753904.26332
)
]>
2026-07-11 15:13:47.964 Df siriactionsd[27714:362ed] [com.apple.shortcuts:Daemon] Firing event: <distributed notification: com.apple.LaunchServices.applicationRegistered, userInfo: [AnyHashable("isPlaceholder"): 1, AnyHashable("bundleIDs"): <__NSSingleObjectArrayI 0x1055f8d10>(
com.DefaultCompany.NeonDrift.run.1783753904.26332
)
]>
2026-07-11 15:13:47.964 E  siriactionsd[27714:362ed] [com.apple.shortcuts:Daemon] Received an event that we do not have a DaemonTask for: <distributed notification: com.apple.LaunchServices.applicationRegistered, userInfo: [AnyHashable("isPlaceholder"): 1, AnyHashable("bundleIDs"): <__NSSingleObjectArrayI 0x1055f8d10>(
com.DefaultCompany.NeonDrift.run.1783753904.26332
)
]>. This is a serious programming error that might lead to missed messages and stuck streams.
2026-07-11 15:13:47.965 Df installcoordinationd[27831:3672d] [com.apple.launchservices:progress] Published install progress <NSProgress: com.DefaultCompany.NeonDrift.run.1783753904.26332.InstallingPlaceholder phase=InstallingPlaceholder; state=Waiting; finalPhase=Installing; fractionCompleted=0.000000>
2026-07-11 15:13:47.965 Df dmd[27788:364b9] Received xpc stream event (distributed notification matching) with name: com.apple.LaunchServices.applicationRegistered user info: {
    bundleIDs =     (
        "com.DefaultCompany.NeonDrift.run.1783753904.26332"
    );
    isPlaceholder = 1;
}
2026-07-11 15:13:47.965 Df runningboardd[27648:360aa] [com.apple.runningboard:general] Found 0 extensions contained in com.DefaultCompany.NeonDrift.run.1783753904.26332
2026-07-11 15:13:47.965 Df installd[27841:367fa] (MobileSystemServices) 0x16f61b000 -[MIClientConnection updatePlaceholderMetadataForApp:installType:failureReason:underlyingError:failureSource:completion:]: Update placeholder metadata requested by client installcoordinationd (pid 27831 (501/20)) for app com.DefaultCompany.NeonDrift.run.1783753904.26332 installType = 1 failureReason = 0 underlyingError = (null) failureSource = 0
2026-07-11 15:13:47.965 Df runningboardd[27648:360aa] [com.apple.PlugInKit:holds] <PKManager:0x105109640> hold request for [/Users/dragonkao/Library/Developer/CoreSimulator/Devices/CC47DE7A-8196-4465-A5A5-BB852C9C6C82/data/Containers/Bundle/Application/60154545-D39B-4D7A-95EA-BC5F3CEE9CFC/NeonDrift.run.1783753904.26332.app] with flags: 0x4
2026-07-11 15:13:47.965 Df SpringBoard[27802:3655e] [com.apple.installcoordination:framework] +[IXAppInstallCoordinator removabilityForAppWithIdentity:error:]: Returning locally read removability, PossibleAndAllowed, for identity:[com.DefaultCompany.NeonDrift.run.1783753904.26332/Invalid/[system-defined]]
2026-07-11 15:13:47.965 Df lsd[27696:36094] [com.apple.launchservices:progress] unsubscribing from com.DefaultCompany.NeonDrift.run.1783753904.26332.InstallingPlaceholder as it was unpublished
2026-07-11 15:13:47.966 Df lsd[27696:36094] [com.apple.launchservices:progress] #LSInstallProgressList remove subscriber: <_NSProgressSubscriber: 0x101709c80> publishingString: com.DefaultCompany.NeonDrift.run.1783753904.26332.InstallingPlaceholder
2026-07-11 15:13:47.966 Df installd[27841:367fa] [com.apple.containermanager:xpc] Query; euid = 501, uid = 501, class = 1, identifier = [com.DefaultCompany.NeonDrift.run.1783753904.26332](1), flags = 300000002
2026-07-11 15:13:47.966 Df SpringBoard[27802:3655e] [com.apple.appinstallation:TransactionLog] com.DefaultCompany.NeonDrift.run.1783753904.26332/Unknown Persona:10:2:3:1:Reloading icon image.
2026-07-11 15:13:47.966 Df installd[27841:367fa] [com.apple.containermanager:xpc] Query; euid = 501, uid = 501, class = 1, identifier = [com.DefaultCompany.NeonDrift.run.1783753904.26332](1), flags = 300000002
2026-07-11 15:13:47.967 Df runningboardd[27648:360aa] [com.apple.PlugInKit:holds] <PKManager:0x105109640> hold request for [/Users/dragonkao/Library/Developer/CoreSimulator/Devices/CC47DE7A-8196-4465-A5A5-BB852C9C6C82/data/Containers/Bundle/Application/60154545-D39B-4D7A-95EA-BC5F3CEE9CFC/NeonDrift.run.1783753904.26332.app] with flags: 0x4 completed with hold token: [8FF12989-05F4-4702-B19A-C5A09D3CDAFA]
2026-07-11 15:13:47.967 Df runningboardd[27648:360aa] [com.apple.runningboard:ttl] Acquiring assertion targeting system from originator [osservice<com.apple.installcoordinationd>:27831] with description <RBSAssertionDescriptor| "installcoordinationd app:[com.DefaultCompany.NeonDrift.run.1783753904.26332/Invalid/[system-defined]] uuid:41BAA136-4809-43FA-8119-8C0CBA66FC92 isPlaceholder:N" ID:27648-27831-305 target:system attributes:[
	<RBSPreventLaunchLimitation| <RBSProcessPredicate <RBSProcessBundleIdentifierPredicate "com.DefaultCompany.NeonDrift.run.1783753904.26332">> allow:(null)>
	]>
2026-07-11 15:13:47.967 Df runningboardd[27648:360aa] [com.apple.runningboard:process] Executing termination request for: <RBSProcessPredicate <RBSProcessBundleIdentifierPredicate "com.DefaultCompany.NeonDrift.run.1783753904.26332">>
2026-07-11 15:13:47.967 Df SpringBoard[27802:3655e] [com.apple.SpringBoard:Common] termination assertion acquired for com.DefaultCompany.NeonDrift.run.1783753904.26332
2026-07-11 15:13:47.967 Df installcoordinationd[27831:36817] [com.apple.installcoordination:daemon] -[IXSCoordinatedAppInstall assertionAcquiredCallback]: RBS termination assertion observer called for <IXSCoordinatedAppInstall<0x10560c000> [P=CoreSimulatorBridge (pid 27676)] identifier:[com.DefaultCompany.NeonDrift.run.1783753904.26332/Invalid/[system-defined]] uuid:41BAA136-4809-43FA-8119-8C0CBA66FC92 intent:IXCoordinatorIntentUpdating creator/appDRI:InstallCoordination Simple SPI importance:UserWaiting state:IXAppCoordinationStateWaitingForInstallAssertion promise-state:PA2I4>
2026-07-11 15:13:47.968 Df installcoordinationd[27831:36817] [com.apple.installcoordination:daemon] -[IXSCoordinatedAppInstall _onQueue_doInstall]: Acquired termination assertion for [com.DefaultCompany.NeonDrift.run.1783753904.26332/Invalid/[system-defined]]; proceeding with install.
2026-07-11 15:13:47.968 Df installcoordinationd[27831:36817] [com.apple.installcoordination:daemon] -[IXSPowerAssertion initWithAssertionName:details:]: Acquired power assertion IXPowerAssertion-12-[com.DefaultCompany.NeonDrift.run.1783753904.26332/Invalid/[system-defined]]
2026-07-11 15:13:47.969 Df appprotectiond[27663:36523] [com.apple.appprotection:server] Received distnoted event <dictionary: 0x105110000> { count = 3, transaction: 0, voucher = 0x105141040, contents =
	"UserInfo" => <dictionary: 0x105031140> { count = 2, transaction: 0, voucher = 0x0, contents =
		"isPlaceholder" => <bool: 0x1e704c530>: true
		"bundleIDs" => <array: 0x105034e70> { count = 1, capacity = 1, contents =
			0: <string: 0x105034d80> { string cache = 0x0, length = 49, contents = "com.DefaultCompany.NeonDrift.run.1783753904.26332" }
		}
	}
	"Name" => <string: 0x105036100> { string cache = 0x0, length = 46, contents = "com.apple.LaunchServices.applicationRegistered" }
	"XPCEventName" => <string: 0x1050372d0> { string cache = 0x0, length = 21, contents = "ApplicationRegistered" }
}
2026-07-11 15:13:47.970 Df lsd[27696:36142] [com.apple.appinstallation:TransactionLog] com.DefaultCompany.NeonDrift.run.1783753904.26332/Unknown Persona:5:11:1:1:Updating bundle record for app (placeholderMetadata)
