2026-06-26 22:53:43.329 Df installcoordinationd[84701:8c682d] [com.apple.installcoordination:daemon] -[IXSCoordinatedAppInstall setImportance:]: <IXSCoordinatedAppInstall<0x101a08000> [P=CoreSimulatorBridge (pid 84547)] identifier:[com.DefaultCompany.NeonDrift.run.1782485533.82553/Invalid/[system-defined]] uuid:1B1A0DEF-53D3-45A2-891C-CF89463C5943 intent:IXCoordinatorIntentUpdating creator/appDRI:InstallCoordination Simple SPI importance:UserWaiting state:IXAppCoordinationStatePlaceholderPromiseNotSet promise-state:01234>: set importance to UserWaiting
2026-06-26 22:53:43.332 Df installcoordinationd[84701:8c682d] [com.apple.installcoordination:daemon] -[IXSCoordinatedAppInstall _onQueue_fireObserversForClient:]: <IXSCoordinatedAppInstall<0x101a08000> [P=CoreSimulatorBridge (pid 84547)] identifier:[com.DefaultCompany.NeonDrift.run.1782485533.82553/Invalid/[system-defined]] uuid:1B1A0DEF-53D3-45A2-891C-CF89463C5943 intent:IXCoordinatorIntentUpdating creator/appDRI:InstallCoordination Simple SPI importance:UserWaiting state:IXAppCoordinationStatePlaceholderPromiseNotSet promise-state:01234>: Firing applicable observers for client <IXSClientConnection<0x101858960> client:CoreSimulatorBridge (pid 84547) uuid:A8999DAB-AE59-4503-9213-F72A7CA692C3>
2026-06-26 22:53:43.333 Df CoreSimulatorBridge[84547:8c60c6] [com.apple.installcoordination:framework] -[IXAppInstallCoordinator _clientDelegate_didRegisterForObservation]: <IXUpdatingAppInstallCoordinator<0x105490dc0> identity:[com.DefaultCompany.NeonDrift.run.1782485533.82553/Invalid/[system-defined]] uuid:1B1A0DEF-53D3-45A2-891C-CF89463C5943 creator:InstallCoordination Simple SPI>: Got observer registration delegate
2026-06-26 22:53:43.333 Df CoreSimulatorBridge[84547:8c60c6] [com.apple.installcoordination:framework] -[IXAppInstallCoordinator _clientDelegate_shouldResume]: <IXUpdatingAppInstallCoordinator<0x105490dc0> identity:[com.DefaultCompany.NeonDrift.run.1782485533.82553/Invalid/[system-defined]] uuid:1B1A0DEF-53D3-45A2-891C-CF89463C5943 creator:InstallCoordination Simple SPI>: Got should resume delegate
2026-06-26 22:53:43.333 Df CoreSimulatorBridge[84547:8c60c6] [com.apple.installcoordination:framework] -[IXAppInstallCoordinator _clientDelegate_didRegisterForObservation]_block_invoke: <IXUpdatingAppInstallCoordinator<0x105490dc0> identity:[com.DefaultCompany.NeonDrift.run.1782485533.82553/Invalid/[system-defined]] uuid:1B1A0DEF-53D3-45A2-891C-CF89463C5943 creator:InstallCoordination Simple SPI>: Observer <_IXSimpleInstallerDelegate 0x0x105459470> does not respond to coordinatorDidRegisterForObservation:
2026-06-26 22:53:43.333 Df CoreSimulatorBridge[84547:8c60c6] [com.apple.installcoordination:framework] -[IXAppInstallCoordinator _clientDelegate_shouldResume]_block_invoke: <IXUpdatingAppInstallCoordinator<0x105490dc0> identity:[com.DefaultCompany.NeonDrift.run.1782485533.82553/Invalid/[system-defined]] uuid:1B1A0DEF-53D3-45A2-891C-CF89463C5943 creator:InstallCoordination Simple SPI>: Observer <_IXSimpleInstallerDelegate 0x0x105459470> does not respond to coordinatorShouldResume:
2026-06-26 22:53:43.334 Df installcoordinationd[84701:8c6820] [com.apple.installcoordination:daemon] -[IXSCoordinatedAppInstall setPriorityBoostCompletion:withSourceInfo:]: <IXSCoordinatedAppInstall<0x101a08000> [P=CoreSimulatorBridge (pid 84547)] identifier:[com.DefaultCompany.NeonDrift.run.1782485533.82553/Invalid/[system-defined]] uuid:1B1A0DEF-53D3-45A2-891C-CF89463C5943 intent:IXCoordinatorIntentUpdating creator/appDRI:InstallCoordination Simple SPI importance:UserWaiting state:IXAppCoordinationStatePlaceholderPromiseNotSet promise-state:01234>: Disposing of completion from CoreSimulatorBridge (84547), QOS_CLASS_DEFAULT (0x15)
2026-06-26 22:53:43.334 Df installcoordinationd[84701:8c6820] [com.apple.installcoordination:daemon] -[IXSCoordinatedAppInstall setPriorityBoostCompletion:withSourceInfo:]: <IXSCoordinatedAppInstall<0x101a08000> [P=CoreSimulatorBridge (pid 84547)] identifier:[com.DefaultCompany.NeonDrift.run.1782485533.82553/Invalid/[system-defined]] uuid:1B1A0DEF-53D3-45A2-891C-CF89463C5943 intent:IXCoordinatorIntentUpdating creator/appDRI:InstallCoordination Simple SPI importance:UserWaiting state:IXAppCoordinationStatePlaceholderPromiseNotSet promise-state:01234>: Retaining completion from CoreSimulatorBridge (84547), QOS_CLASS_DEFAULT (0x15)
2026-06-26 22:53:43.354 Df installcoordinationd[84701:8c682d] [com.apple.installcoordination:daemon] -[IXSCoordinatedAppInstall promiseDidComplete:]: <IXSCoordinatedAppInstall<0x101a08000> [P=CoreSimulatorBridge (pid 84547)] identifier:[com.DefaultCompany.NeonDrift.run.1782485533.82553/Invalid/[system-defined]] uuid:1B1A0DEF-53D3-45A2-891C-CF89463C5943 intent:IXCoordinatorIntentUpdating creator/appDRI:InstallCoordination Simple SPI importance:UserWaiting state:IXAppCoordinationStatePlaceholderPromiseNotSet promise-state:012I4> : Promise completed: <IXSPromisedInMemoryData(0x1018f9980) Name:MIInstallOptions data Creator:Install Coordination Internal UUID:FC7EAA2F-0C45-456F-9387-2CF176E8FD2D Location:[system-defined]>
2026-06-26 22:53:43.354 Df installcoordinationd[84701:8c6820] [com.apple.installcoordination:daemon] -[IXSCoordinatedAppInstall _internal_setInstallOptionsPromise:performExternalActions:]: <IXSCoordinatedAppInstall<0x101a08000> [P=CoreSimulatorBridge (pid 84547)] identifier:[com.DefaultCompany.NeonDrift.run.1782485533.82553/Invalid/[system-defined]] uuid:1B1A0DEF-53D3-45A2-891C-CF89463C5943 intent:IXCoordinatorIntentUpdating creator/appDRI:InstallCoordination Simple SPI importance:UserWaiting state:IXAppCoordinationStatePlaceholderPromiseNotSet promise-state:012I4> : install options set: <IXSPromisedInMemoryData(0x1018f9980) Name:MIInstallOptions data Creator:Install Coordination Internal UUID:FC7EAA2F-0C45-456F-9387-2CF176E8FD2D Location:[system-defined]>
2026-06-26 22:53:43.355 Df installcoordinationd[84701:8c682d] [com.apple.appinstallation:TransactionLog] com.DefaultCompany.NeonDrift.run.1782485533.82553/Unknown Persona:4:13:1:1:Install Options Promise began. Coordinator State: IXAppCoordinationStatePlaceholderPromiseNotSet
2026-06-26 22:53:43.355 Df installcoordinationd[84701:8c682d] [com.apple.appinstallation:TransactionLog] com.DefaultCompany.NeonDrift.run.1782485533.82553/Unknown Persona:4:13:2:1:Install Options Promise completed. Coordinator State: IXAppCoordinationStatePlaceholderPromiseNotSet
2026-06-26 22:53:43.356 Df installcoordinationd[84701:8c6820] [com.apple.installcoordination:daemon] -[IXSCoordinatedAppInstall _internal_setAppAssetPromise:performExternalActions:]: <IXSCoordinatedAppInstall<0x101a08000> [P=CoreSimulatorBridge (pid 84547)] identifier:[com.DefaultCompany.NeonDrift.run.1782485533.82553/Invalid/[system-defined]] uuid:1B1A0DEF-53D3-45A2-891C-CF89463C5943 intent:IXCoordinatorIntentUpdating creator/appDRI:InstallCoordination Simple SPI importance:UserWaiting state:IXAppCoordinationStatePlaceholderPromiseNotSet promise-state:0a2I4> : App Asset Promise set: <IXSPromisedTransferToPath(0x1018f9580) Name:App Asset: com.DefaultCompany.NeonDrift.run.1782485533.82553 Creator:InstallCoordination Simple SPI UUID:25DCDA3A-AEBF-4A81-8313-64A9A8E64D34 Location:[system-defined]>
2026-06-26 22:53:43.356 Df installcoordinationd[84701:8c6820] [com.apple.installcoordination:daemon] -[IXSCoordinatedAppInstall setInitialODRAssetPromises:]: <IXSCoordinatedAppInstall<0x101a08000> [P=CoreSimulatorBridge (pid 84547)] identifier:[com.DefaultCompany.NeonDrift.run.1782485533.82553/Invalid/[system-defined]] uuid:1B1A0DEF-53D3-45A2-891C-CF89463C5943 intent:IXCoordinatorIntentUpdating creator/appDRI:InstallCoordination Simple SPI importance:UserWaiting state:IXAppCoordinationStatePlaceholderPromiseNotSet promise-state:0a2I4> : Initial ODR Asset Promises set: (
)
2026-06-26 22:53:43.358 Df CoreSimulatorBridge[84547:8c6011] [com.apple.installcoordination:framework] -[IXPromisedTransferToPath _performDeltaCopyFrom:toDestination:]: Performing delta copy from /Users/dragonkao/.openclaw/workspace/382b9e3384298039b171c9b2a60ae644/NeonDrift_MVP/project/xcode_derived_data/Build/Products/Release-iphonesimulator/NeonDrift.run.1782485533.82553.app to /Users/dragonkao/Library/Developer/CoreSimulator/Devices/CC47DE7A-8196-4465-A5A5-BB852C9C6C82/data/Containers/Shared/SystemGroup/systemgroup.com.apple.installcoordinationd/Library/InstallCoordination/PromiseStaging/25DCDA3A-AEBF-4A81-8313-64A9A8E64D34/NeonDrift.run.1782485533.82553.app with installed bundle at /Users/dragonkao/Library/Developer/CoreSimulator/Devices/CC47DE7A-8196-4465-A5A5-BB852C9C6C82/data/Containers/Bundle/Application/75513206-B13F-4922-84BB-64334F7A65EA/NeonDrift.run.1782485533.82553.app
2026-06-26 22:53:43.358 Df CoreSimulatorBridge[84547:8c6011] (MobileSystemServices) 0x16bd27000 MDMCreateDeltaDirectory: calling MDMDirectoryDiff with:
state->old_bundle: /Users/dragonkao/Library/Developer/CoreSimulator/Devices/CC47DE7A-8196-4465-A5A5-BB852C9C6C82/data/Containers/Bundle/Application/75513206-B13F-4922-84BB-64334F7A65EA/NeonDrift.run.1782485533.82553.app
state->new_bundle: /Users/dragonkao/.openclaw/workspace/382b9e3384298039b171c9b2a60ae644/NeonDrift_MVP/project/xcode_derived_data/Build/Products/Release-iphonesimulator/NeonDrift.run.1782485533.82553.app
state->dst_bundle: /Users/dragonkao/Library/Developer/CoreSimulator/Devices/CC47DE7A-8196-4465-A5A5-BB852C9C6C82/data/Containers/Shared/SystemGroup/systemgroup.com.apple.installcoordinationd/Library/InstallCoordination/PromiseStaging/25DCDA3A-AEBF-4A81-8313-64A9A8E64D34/NeonDrift.run.1782485533.82553.app/Payload//NeonDrift.run.1782485533.82553.app, binaryDiff flag: FALSE
	dst_ipa: /Users/dragonkao/Library/Developer/CoreSimulator/Devices/CC47DE7A-8196-4465-A5A5-BB852C9C6C82/data/Containers/Shared/SystemGroup/systemg<…>
2026-06-26 22:53:43.361 Df CoreSimulatorBridge[84547:8c6011] [com.apple.installcoordination:framework] -[IXPromisedTransferToPath setComplete:]: <IXPromisedTransferToPath<0x105491040> name:"App Asset: com.DefaultCompany.NeonDrift.run.1782485533.82553" uuid:25DCDA3A-AEBF-4A81-8313-64A9A8E64D34 creator:"InstallCoordination Simple SPI" location:[system-defined]> Delta Copy operation from /Users/dragonkao/.openclaw/workspace/382b9e3384298039b171c9b2a60ae644/NeonDrift_MVP/project/xcode_derived_data/Build/Products/Release-iphonesimulator/NeonDrift.run.1782485533.82553.app to /Users/dragonkao/Library/Developer/CoreSimulator/Devices/CC47DE7A-8196-4465-A5A5-BB852C9C6C82/data/Containers/Shared/SystemGroup/systemgroup.com.apple.installcoordinationd/Library/InstallCoordination/PromiseStaging/25DCDA3A-AEBF-4A81-8313-64A9A8E64D34/NeonDrift.run.1782485533.82553.app took 0.004539 seconds
2026-06-26 22:53:43.363 Df installcoordinationd[84701:8c6820] [com.apple.installcoordination:daemon] -[IXSDataPromise _setPercentComplete:saveStateIfNeeded:]: Progress: <IXSPromisedTransferToPath(0x1018f9580) Name:App Asset: com.DefaultCompany.NeonDrift.run.1782485533.82553 Creator:InstallCoordination Simple SPI UUID:25DCDA3A-AEBF-4A81-8313-64A9A8E64D34 Location:[system-defined]>
2026-06-26 22:53:43.363 Df installcoordinationd[84701:8c6704] [com.apple.appinstallation:TransactionLog] com.DefaultCompany.NeonDrift.run.1782485533.82553/Unknown Persona:4:10:1:1:App Asset Promise began. Coordinator State: IXAppCoordinationStatePlaceholderPromiseNotSet
2026-06-26 22:53:43.364 Df CoreSimulatorBridge[84547:8c60c6] [com.apple.installcoordination:framework] -[IXAppInstallCoordinator _clientDelegate_promiseDidBeginFulfillmentWithIdentifier:]: <IXUpdatingAppInstallCoordinator<0x105490dc0> identity:[com.DefaultCompany.NeonDrift.run.1782485533.82553/Invalid/[system-defined]] uuid:1B1A0DEF-53D3-45A2-891C-CF89463C5943 creator:InstallCoordination Simple SPI>: Got promise did begin fulfillment for identifier 2
2026-06-26 22:53:43.364 Df CoreSimulatorBridge[84547:8c60c6] [com.apple.installcoordination:framework] -[IXAppInstallCoordinator _clientDelegate_promiseDidBeginFulfillmentWithIdentifier:]_block_invoke: <IXUpdatingAppInstallCoordinator<0x105490dc0> identity:[com.DefaultCompany.NeonDrift.run.1782485533.82553/Invalid/[system-defined]] uuid:1B1A0DEF-53D3-45A2-891C-CF89463C5943 creator:InstallCoordination Simple SPI>: Observer <_IXSimpleInstallerDelegate 0x0x105459470> does not respond to coordinator:configuredPromiseDidBeginFulfillment: (or any deprecated equivalent)
2026-06-26 22:53:43.366 Df installcoordinationd[84701:8c682d] [com.apple.installcoordination:daemon] -[IXSCoordinatedAppInstall promiseDidComplete:]: <IXSCoordinatedAppInstall<0x101a08000> [P=CoreSimulatorBridge (pid 84547)] identifier:[com.DefaultCompany.NeonDrift.run.1782485533.82553/Invalid/[system-defined]] uuid:1B1A0DEF-53D3-45A2-891C-CF89463C5943 intent:IXCoordinatorIntentUpdating creator/appDRI:InstallCoordination Simple SPI importance:UserWaiting state:IXAppCoordinationStatePlaceholderPromiseNotSet promise-state:0A2I4> : Promise completed: <IXSPromisedTransferToPath(0x1018f9580) Name:App Asset: com.DefaultCompany.NeonDrift.run.1782485533.82553 Creator:InstallCoordination Simple SPI UUID:25DCDA3A-AEBF-4A81-8313-64A9A8E64D34 Location:[system-defined]>
2026-06-26 22:53:43.366 Df CoreSimulatorBridge[84547:8c600d] [com.apple.installcoordination:framework] -[IXAppInstallCoordinator _clientDelegate_didUpdateProgress:forPhase:overallProgress:]: <IXUpdatingAppInstallCoordinator<0x105490dc0> identity:[com.DefaultCompany.NeonDrift.run.1782485533.82553/Invalid/[system-defined]] uuid:1B1A0DEF-53D3-45A2-891C-CF89463C5943 creator:InstallCoordination Simple SPI>: Got did update progress delegate with percentComplete 100.000000 phase IXCoordinatorProgressPhaseLoading overallProgress 60.000000
2026-06-26 22:53:43.366 Df CoreSimulatorBridge[84547:8c600d] [com.apple.installcoordination:framework] -[IXAppInstallCoordinator _clientDelegate_didUpdateProgress:forPhase:overallProgress:]_block_invoke: <IXUpdatingAppInstallCoordinator<0x105490dc0> identity:[com.DefaultCompany.NeonDrift.run.1782485533.82553/Invalid/[system-defined]] uuid:1B1A0DEF-53D3-45A2-891C-CF89463C5943 creator:InstallCoordination Simple SPI>: Calling selector coordinator:didUpdateProgress:forPhase:overallProgress: on observer <_IXSimpleInstallerDelegate 0x0x105459470>
2026-06-26 22:53:43.366 Df installcoordinationd[84701:8c682d] [com.apple.appinstallation:TransactionLog] com.DefaultCompany.NeonDrift.run.1782485533.82553/Unknown Persona:4:10:2:1:App Asset Promise completed. Coordinator State: IXAppCoordinationStatePlaceholderPromiseNotSet
2026-06-26 22:53:43.367 Df installcoordinationd[84701:8c6861] [com.apple.installcoordination:daemon] -[IXSCoordinatedAppInstall setPlaceholderPromise:]: <IXSCoordinatedAppInstall<0x101a08000> [P=CoreSimulatorBridge (pid 84547)] identifier:[com.DefaultCompany.NeonDrift.run.1782485533.82553/Invalid/[system-defined]] uuid:1B1A0DEF-53D3-45A2-891C-CF89463C5943 intent:IXCoordinatorIntentUpdating creator/appDRI:InstallCoordination Simple SPI importance:UserWaiting state:IXAppCoordinationStateReadyForPlaceholderInstall promise-state:PA2I4> : Placeholder Promise set: <IXSPlaceholder(0x101924140) Name:App Placeholder: NeonDrift.run.1782485533.82553 (com.DefaultCompany.NeonDrift.run.1782485533.82553) Creator:InstallCoordination Simple SPI UUID:9D29731A-7689-4F5B-BB8A-AC79B2B6EF21 Location:[system-defined]>
2026-06-26 22:53:43.367 Df installcoordinationd[84701:8c6704] [com.apple.installcoordination:daemon] -[IXSCoordinatedAppInstall promiseDidComplete:]: <IXSCoordinatedAppInstall<0x101a08000> [P=CoreSimulatorBridge (pid 84547)] identifier:[com.DefaultCompany.NeonDrift.run.1782485533.82553/Invalid/[system-defined]] uuid:1B1A0DEF-53D3-45A2-891C-CF89463C5943 intent:IXCoordinatorIntentUpdating creator/appDRI:InstallCoordination Simple SPI importance:UserWaiting state:IXAppCoordinationStateReadyForPlaceholderInstall promise-state:PA2I4> : Promise completed: <IXSPlaceholder(0x101924140) Name:App Placeholder: NeonDrift.run.1782485533.82553 (com.DefaultCompany.NeonDrift.run.1782485533.82553) Creator:InstallCoordination Simple SPI UUID:9D29731A-7689-4F5B-BB8A-AC79B2B6EF21 Location:[system-defined]>
2026-06-26 22:53:43.369 Df installcoordinationd[84701:8c6861] [com.apple.installcoordination:daemon] -[IXSCoordinatedAppInstall _onQueue_acquireAssertionAndInstallPlaceholder]: Acquiring termination assertion to install placeholder for [com.DefaultCompany.NeonDrift.run.1782485533.82553/Invalid/[system-defined]]
2026-06-26 22:53:43.370 Df installcoordinationd[84701:8c6861] [com.apple.installcoordination:daemon] -[IXSPendingOperationsTracker beginPendingOperationForIdentity:]_block_invoke: Beginning pending operation for [com.DefaultCompany.NeonDrift.run.1782485533.82553/Invalid/[system-defined]]
2026-06-26 22:53:43.375 Df runningboardd[84520:8c608c] [com.apple.runningboard:connection] Received termination request from [osservice<com.apple.installcoordinationd>:84701] on <RBSProcessPredicate <RBSProcessBundleIdentifierPredicate "com.DefaultCompany.NeonDrift.run.1782485533.82553">> with context <RBSTerminateContext| explanation:installcoordinationd app:[com.DefaultCompany.NeonDrift.run.1782485533.82553/Invalid/[system-defined]] uuid:1B1A0DEF-53D3-45A2-891C-CF89463C5943 isPlaceholder:Y reportType:None maxTerminationResistance:Absolute attrs:[
	<RBSPreventLaunchLimitation| <RBSProcessPredicate <RBSProcessBundleIdentifierPredicate "com.DefaultCompany.NeonDrift.run.1782485533.82553">> allow:(null)>
	]>
2026-06-26 22:53:43.376 Df runningboardd[84520:8c608c] [com.apple.runningboard:general] Found 0 extensions contained in com.DefaultCompany.NeonDrift.run.1782485533.82553
2026-06-26 22:53:43.376 Df runningboardd[84520:8c608c] [com.apple.PlugInKit:holds] <PKManager:0x109ca2740> hold request for [/Users/dragonkao/Library/Developer/CoreSimulator/Devices/CC47DE7A-8196-4465-A5A5-BB852C9C6C82/data/Containers/Bundle/Application/75513206-B13F-4922-84BB-64334F7A65EA/NeonDrift.run.1782485533.82553.app] with flags: 0x4
2026-06-26 22:53:43.378 Df runningboardd[84520:8c608c] [com.apple.PlugInKit:holds] <PKManager:0x109ca2740> hold request for [/Users/dragonkao/Library/Developer/CoreSimulator/Devices/CC47DE7A-8196-4465-A5A5-BB852C9C6C82/data/Containers/Bundle/Application/75513206-B13F-4922-84BB-64334F7A65EA/NeonDrift.run.1782485533.82553.app] with flags: 0x4 completed with hold token: [DD43AD2D-0434-43D3-ACE6-962917230417]
2026-06-26 22:53:43.378 Df runningboardd[84520:8c608c] [com.apple.runningboard:ttl] Acquiring assertion targeting system from originator [osservice<com.apple.installcoordinationd>:84701] with description <RBSAssertionDescriptor| "installcoordinationd app:[com.DefaultCompany.NeonDrift.run.1782485533.82553/Invalid/[system-defined]] uuid:1B1A0DEF-53D3-45A2-891C-CF89463C5943 isPlaceholder:Y" ID:84520-84701-181 target:system attributes:[
	<RBSPreventLaunchLimitation| <RBSProcessPredicate <RBSProcessBundleIdentifierPredicate "com.DefaultCompany.NeonDrift.run.1782485533.82553">> allow:(null)>
	]>
2026-06-26 22:53:43.378 Df runningboardd[84520:8c608c] [com.apple.runningboard:process] Executing termination request for: <RBSProcessPredicate <RBSProcessBundleIdentifierPredicate "com.DefaultCompany.NeonDrift.run.1782485533.82553">>
2026-06-26 22:53:43.381 Df installcoordinationd[84701:8c6861] [com.apple.appinstallation:TransactionLog] com.DefaultCompany.NeonDrift.run.1782485533.82553/Unknown Persona:4:9:1:1:Placeholder Promise began. Coordinator State: IXAppCoordinationStateWaitingForPlaceholderAssertion
2026-06-26 22:53:43.381 Df installcoordinationd[84701:8c6861] [com.apple.installcoordination:daemon] -[IXSCoordinatorProgress setTotalUnitsCompleted:]: Progress for coordinator: [com.DefaultCompany.NeonDrift.run.1782485533.82553/Invalid/[system-defined]], Phase: IXCoordinatorProgressPhaseLoading, Percentage: 100.000000: Attempt to set units completed on finished progress: 100
2026-06-26 22:53:43.381 Df installcoordinationd[84701:8c6820] [com.apple.installcoordination:daemon] -[IXSCoordinatedAppInstall assertionAcquiredCallback]: RBS termination assertion observer called for <IXSCoordinatedAppInstall<0x101a08000> [P=CoreSimulatorBridge (pid 84547)] identifier:[com.DefaultCompany.NeonDrift.run.1782485533.82553/Invalid/[system-defined]] uuid:1B1A0DEF-53D3-45A2-891C-CF89463C5943 intent:IXCoordinatorIntentUpdating creator/appDRI:InstallCoordination Simple SPI importance:UserWaiting state:IXAppCoordinationStateWaitingForPlaceholderAssertion promise-state:PA2I4>
2026-06-26 22:53:43.381 Df SpringBoard[84672:8c6573] [com.apple.SpringBoard:Common] termination assertion acquired for com.DefaultCompany.NeonDrift.run.1782485533.82553
2026-06-26 22:53:43.381 Df SpringBoard[84672:8c6573] [com.apple.SpringBoard:Icon] 0x10b336c40-SBApplicationIcon Data source did change: <SBApplication: 0x10b394d00; com.DefaultCompany.NeonDrift.run.1782485533.82553> {
} (SBApplication)
2026-06-26 22:53:43.382 Df installcoordinationd[84701:8c6861] [com.apple.appinstallation:TransactionLog] com.DefaultCompany.NeonDrift.run.1782485533.82553/Unknown Persona:4:9:2:1:Placeholder Promise completed. Coordinator State: IXAppCoordinationStateWaitingForPlaceholderAssertion
2026-06-26 22:53:43.383 Df CoreSimulatorBridge[84547:8c600d] [com.apple.installcoordination:framework] -[IXAppInstallCoordinator _clientDelegate_promiseDidBeginFulfillmentWithIdentifier:]: <IXUpdatingAppInstallCoordinator<0x105490dc0> identity:[com.DefaultCompany.NeonDrift.run.1782485533.82553/Invalid/[system-defined]] uuid:1B1A0DEF-53D3-45A2-891C-CF89463C5943 creator:InstallCoordination Simple SPI>: Got promise did begin fulfillment for identifier 1
2026-06-26 22:53:43.383 Df CoreSimulatorBridge[84547:8c600d] [com.apple.installcoordination:framework] -[IXAppInstallCoordinator _clientDelegate_promiseDidBeginFulfillmentWithIdentifier:]_block_invoke: <IXUpdatingAppInstallCoordinator<0x105490dc0> identity:[com.DefaultCompany.NeonDrift.run.1782485533.82553/Invalid/[system-defined]] uuid:1B1A0DEF-53D3-45A2-891C-CF89463C5943 creator:InstallCoordination Simple SPI>: Observer <_IXSimpleInstallerDelegate 0x0x105459470> does not respond to coordinator:configuredPromiseDidBeginFulfillment: (or any deprecated equivalent)
2026-06-26 22:53:43.384 Df installcoordinationd[84701:8c6861] [com.apple.installcoordination:daemon] -[IXSCoordinatedAppInstall _onQueue_installPlaceholder]: Acquired termination assertion for placeholder [com.DefaultCompany.NeonDrift.run.1782485533.82553/Invalid/[system-defined]]; proceeding with install.
2026-06-26 22:53:43.385 Df installcoordinationd[84701:8c6861] [com.apple.installcoordination:daemon] -[IXSPowerAssertion initWithAssertionName:details:]: Acquired power assertion IXPowerAssertion-12-[com.DefaultCompany.NeonDrift.run.1782485533.82553/Invalid/[system-defined]]
2026-06-26 22:53:43.387 Df installd[84713:8c6864] (MobileSystemServices) 0x16d3db000 -[MIClientConnection _doInstallationForURL:identity:domain:options:operationType:completion:]: Install of "/Users/dragonkao/Library/Developer/CoreSimulator/Devices/CC47DE7A-8196-4465-A5A5-BB852C9C6C82/data/Containers/Shared/SystemGroup/systemgroup.com.apple.installcoordinationd/Library/InstallCoordination/PromiseStaging/9D29731A-7689-4F5B-BB8A-AC79B2B6EF21/NeonDrift.run.1782485533.82553.app" type Placeholder (LSInstallType = 1, Domain: MIInstallationDomainDefault) requested by installcoordinationd (pid 84701 (501/20))
2026-06-26 22:53:43.393 Df installd[84713:8c6864] [com.apple.containermanager:xpc] Query; euid = 501, uid = 501, class = 1, identifier = [com.DefaultCompany.NeonDrift.run.1782485533.82553](1), flags = 300000002
2026-06-26 22:53:43.394 Df containermanagerd_system[84560:8c6086] [com.apple.containermanager:cache] Disk sync reporting on new entry: (com.DefaultCompany.NeonDrift.run.1782485533.82553|18446744073709551615|<MCMContainerPath: 0x1018f64e0; [<MCMContainerClassPath: 0x10184d1a0; persona [(null)]; [/Users/dragonkao/Library/Developer/CoreSimulator/Devices/CC47DE7A-8196-4465-A5A5-BB852C9C6C82/data/Containers]/[Bundle]/[Application] created>]/[75513206-B13F-4922-84BB-64334F7A65EA]/[(null)]>|0|DD0FA380-63F6-466A-BD31-2734AB0EA358|(null))
2026-06-26 22:53:43.395 Df installd[84713:8c6864] [com.apple.containermanager:xpc] Query; euid = 501, uid = 501, class = 1, identifier = [com.DefaultCompany.NeonDrift.run.1782485533.82553](1), flags = 300000002
2026-06-26 22:53:43.414 Df runningboardd[84520:8c6090] [com.apple.runningboard:process] Checking PreventLaunch: global:0 exPath:(null) predicates:{(
    <RBSProcessPredicate <RBSProcessBundleIdentifierPredicate "com.DefaultCompany.NeonDrift.run.1782485533.82553">>
)} allow:(null)
2026-06-26 22:53:43.430 Df runningboardd[84520:8c6097] [com.apple.runningboard:process] Checking PreventLaunch: global:0 exPath:(null) predicates:{(
    <RBSProcessPredicate <RBSProcessBundleIdentifierPredicate "com.DefaultCompany.NeonDrift.run.1782485533.82553">>
)} allow:(null)
2026-06-26 22:53:43.520 Df installd[84713:8c6864] [com.apple.containermanager:xpc] Query; euid = 501, uid = 501, class = 1, identifier = [com.DefaultCompany.NeonDrift.run.1782485533.82553](1), flags = 300000002
2026-06-26 22:53:43.522 Df installd[84713:8c6864] [com.apple.containermanager:xpc] Query; euid = 501, uid = 501, class = 1, identifier = [com.DefaultCompany.NeonDrift.run.1782485533.82553](1), flags = 300000002
2026-06-26 22:53:43.526 Df installd[84713:8c6864] (MobileSystemServices) 0x16d3db000 -[MIInstaller _installInstallable:containingSymlink:error:]: Installing <MIInstallableParallelPlaceholder ID=com.DefaultCompany.NeonDrift.run.1782485533.82553; Persona=com.apple.containermanager.primary-persona, Version=0, ShortVersion=1.0>
2026-06-26 22:53:43.532 Df installd[84713:8c6864] [com.apple.appinstallation:TransactionLog] com.DefaultCompany.NeonDrift.run.1782485533.82553/com.apple.containermanager.primary-persona:7:2:1:1:Start : Install (Parallel Placeholder)
2026-06-26 22:53:43.558 Df runningboardd[84520:8c6084] [com.apple.runningboard:process] Checking PreventLaunch: global:0 exPath:(null) predicates:{(
    <RBSProcessPredicate <RBSProcessBundleIdentifierPredicate "com.DefaultCompany.NeonDrift.run.1782485533.82553">>
)} allow:(null)
2026-06-26 22:53:43.701 Df runningboardd[84520:8c6097] [com.apple.runningboard:process] Checking PreventLaunch: global:0 exPath:(null) predicates:{(
    <RBSProcessPredicate <RBSProcessBundleIdentifierPredicate "com.DefaultCompany.NeonDrift.run.1782485533.82553">>
)} allow:(null)
2026-06-26 22:53:43.820 Df runningboardd[84520:8c6083] [com.apple.runningboard:process] Checking PreventLaunch: global:0 exPath:(null) predicates:{(
    <RBSProcessPredicate <RBSProcessBundleIdentifierPredicate "com.DefaultCompany.NeonDrift.run.1782485533.82553">>
)} allow:(null)
2026-06-26 22:53:43.887 Df BackgroundShortcutRunner[84743:8c68b4] [com.apple.shortcuts:ToolKitIndexing] Indexing for request: <WFToolKitIndexingRequest: 0x1051b0320>, changeset: .partial(updatedCount: 1 removedCount: 0 updated: ["com.DefaultCompany.NeonDrift.run.1782485533.82553"], removed: [], provenance: [VoiceShortcutClient.ToolKitIndexingReason.Changeset.Provenance.launchServicesSnapshot(<LaunchServicesSnapshot uuid=F24B79A2-9144-48E3-970E-A35D347E6B98, v=1180)> ["com.apple.Posters.WeatherPosterApp", "com.apple.Sharing.AirDropUI", "com.apple.PASViewService", "com.apple.Home.HomeUIService", "com.apple.PreviewShell", "com.apple.commandandcontrol", "com.apple.avkit.AVKitRoutingService", "com.apple.SafetyCheckAppIntents", "com.apple.musicrecognition", "com.apple.AMSUIAuthenticationViewService", "com.apple.social.SLYahooAuth", "com.apple.Home.HomeControlService", "com.apple.Photos.PhotosUIService", "com.apple.icq", "com.apple.assistivetouchd", "com.apple.Preferences.PassbookSettingsIntentExtension", "com.apple.TDGSharingViewService", "com.apple.RemoteiCloudQuotaUI", "com.apple.HealthStandaloneIntents", "com.apple.GeneralSettingsIn<…>, priority: <decode: missing data>
2026-06-26 22:53:43.911 Df BackgroundShortcutRunner[84743:8c68b3] [com.apple.shortcuts:AppIntentsMetadata] Loading LNEntityMetadata for bundle identifier com.DefaultCompany.NeonDrift.run.1782485533.82553
2026-06-26 22:53:43.911 Df BackgroundShortcutRunner[84743:8c68b3] [com.apple.shortcuts:AppIntentsMetadata] Loading LNActionMetadata for bundle identifier com.DefaultCompany.NeonDrift.run.1782485533.82553
2026-06-26 22:53:43.946 Df runningboardd[84520:8c608f] [com.apple.runningboard:process] Checking PreventLaunch: global:0 exPath:(null) predicates:{(
    <RBSProcessPredicate <RBSProcessBundleIdentifierPredicate "com.DefaultCompany.NeonDrift.run.1782485533.82553">>
)} allow:(null)
2026-06-26 22:53:44.076 Df runningboardd[84520:8c6084] [com.apple.runningboard:process] Checking PreventLaunch: global:0 exPath:(null) predicates:{(
    <RBSProcessPredicate <RBSProcessBundleIdentifierPredicate "com.DefaultCompany.NeonDrift.run.1782485533.82553">>
)} allow:(null)
2026-06-26 22:53:44.196 Df runningboardd[84520:8c6083] [com.apple.runningboard:process] Checking PreventLaunch: global:0 exPath:(null) predicates:{(
    <RBSProcessPredicate <RBSProcessBundleIdentifierPredicate "com.DefaultCompany.NeonDrift.run.1782485533.82553">>
)} allow:(null)
2026-06-26 22:53:44.317 Df runningboardd[84520:8c6090] [com.apple.runningboard:process] Checking PreventLaunch: global:0 exPath:(null) predicates:{(
    <RBSProcessPredicate <RBSProcessBundleIdentifierPredicate "com.DefaultCompany.NeonDrift.run.1782485533.82553">>
)} allow:(null)
2026-06-26 22:53:45.118 Df searchd[84610:8c62ba] [com.apple.spotlight:default] Apps changed: (
    "com.apple.Passbook",
    "com.DefaultCompany.NeonDrift.run.1782485248.76636",
    "com.apple.MobileAddressBook",
    "com.apple.DocumentsApp",
    "com.apple.Fitness",
    "com.apple.MobileSMS",
    "com.DefaultCompany.NeonDrift.run.1782485533.82553",
    "com.apple.Maps",
    "com.apple.Passwords",
    "com.apple.mobilecal",
    "com.apple.Bridge",
    "com.apple.BarcodeScanner",
    "com.apple.Preferences",
    "com.apple.reminders",
    "com.DefaultCompany.NeonDrift.run.1782484808.68182",
    "com.apple.Health",
    "com.apple.news",
    "com.apple.mobileslideshow",
    "com.DefaultCompany.NeonDrift",
    "com.apple.mobilesafari",
    "com.DefaultCompany.NeonDrift.run.1782484537.59589",
    "com.apple.TVRemoteUIService",
    "com.apple.Preview",
    "com.apple.shortcuts",
    "com.DefaultCompany.NeonDrift.run.1782484282.54413"
)
2026-06-26 22:53:45.352 Df searchd[84610:8c630f] [com.apple.spotlight:default] _allInstalledApplicationsIdentifiers: {(
    "com.apple.Passbook",
    "com.DefaultCompany.NeonDrift.run.1782485248.76636",
    "com.apple.MobileAddressBook",
    "com.apple.DocumentsApp",
    "com.apple.Fitness",
    "com.apple.MobileSMS",
    "com.DefaultCompany.NeonDrift.run.1782485533.82553",
    "com.apple.Maps",
    "com.apple.Passwords",
    "com.apple.mobilecal",
    "com.apple.Bridge",
    "com.apple.BarcodeScanner",
    "com.apple.Preferences",
    "com.apple.reminders",
    "com.DefaultCompany.NeonDrift.run.1782484808.68182",
    "com.apple.Health",
    "com.apple.news",
    "com.apple.mobileslideshow",
    "com.DefaultCompany.NeonDrift",
    "com.apple.mobilesafari",
    "com.DefaultCompany.NeonDrift.run.1782484537.59589",
    "com.apple.TVRemoteUIService",
    "com.apple.Preview",
    "com.apple.shortcuts",
    "com.DefaultCompany.NeonDrift.run.1782484282.54413"
)}
2026-06-26 22:53:46.202 Df installd[84713:8c6864] [com.apple.containermanager:query] Query; euid = 501, uid = 501, class = 4, identifier = [com.DefaultCompany.NeonDrift.run.1782485533.82553](1), flags = 300000002
2026-06-26 22:53:46.244 Df installd[84713:8c6864] [com.apple.containermanager:query] Query; euid = 501, uid = 501, class = 4, identifier = [com.DefaultCompany.NeonDrift.run.1782485533.82553](1), flags = 300000002
2026-06-26 22:53:46.244 Df installd[84713:8c6864] (MobileSystemServices) 0x16d3db000 -[MIInstallableParallelPlaceholder performInstallationWithError:]: Installing parallel placeholder for [com.DefaultCompany.NeonDrift.run.1782485533.82553/com.apple.containermanager.primary-persona/[system-defined]]
2026-06-26 22:53:46.246 Df installd[84713:8c6864] [com.apple.containermanager:query] Query; euid = 501, uid = 501, class = 2, identifier = [com.DefaultCompany.NeonDrift.run.1782485533.82553](1), flags = 300000003
2026-06-26 22:53:46.258 Df containermanagerd[84574:8c612e] [com.apple.containermanager:cache] Disk sync reporting on new entry: (com.DefaultCompany.NeonDrift.run.1782485533.82553|18446744073709551615|<MCMContainerPath: 0x10434eda0; [<MCMContainerClassPath: 0x1040497a0; persona [(null)]; [/Users/dragonkao/Library/Developer/CoreSimulator/Devices/CC47DE7A-8196-4465-A5A5-BB852C9C6C82/data/Containers]/[Data]/[Application] created>]/[24FA659A-28E5-40A1-82F2-4CAA3CFCA650]/[(null)]>|1|B56A13AE-9A84-47A1-BFC9-B3D869C59E21|(null))
2026-06-26 22:53:46.260 Df installd[84713:8c6864] [com.apple.containermanager:query] Query; euid = 501, uid = 501, class = 2, identifier = [com.DefaultCompany.NeonDrift.run.1782485533.82553](1), flags = 300000002
2026-06-26 22:53:46.270 Df containermanagerd[84574:8c612e] [com.apple.containermanager:schema] [u B56A13AE-9A84-47A1-BFC9-B3D869C59E21:p 24FA659A-28E5-40A1-82F2-4CAA3CFCA650:c com.DefaultCompany.NeonDrift.run.1782485533.82553(2):i0] Successfully updated schema from (0) → (1), actions count = 6
2026-06-26 22:53:46.271 Df containermanagerd_system[84560:8c6086] [com.apple.containermanager:schema] [u DD0FA380-63F6-466A-BD31-2734AB0EA358:p 75513206-B13F-4922-84BB-64334F7A65EA:c com.DefaultCompany.NeonDrift.run.1782485533.82553(1):i0] Successfully updated schema from (0) → (0), actions count = 0
2026-06-26 22:53:46.271 Df installd[84713:8c6864] [com.apple.containermanager:xpc] Query; euid = 501, uid = 501, class = 1, identifier = [com.DefaultCompany.NeonDrift.run.1782485533.82553](1), flags = 300000002
2026-06-26 22:53:46.272 Df installd[84713:8c6864] [com.apple.containermanager:unspecified] Requesting disk usage; class = 1, identifier = com.DefaultCompany.NeonDrift.run.1782485533.82553
2026-06-26 22:53:46.273 Df installd[84713:8c6864] [com.apple.containermanager:query] Query; euid = 501, uid = 501, class = 7, identifier = [com.DefaultCompany.NeonDrift.run.1782485533.82553](1), flags = 300000001
2026-06-26 22:53:46.274 Df SpringBoard[84672:8c6573] [com.apple.SpringBoard:Common] termination assertion released for com.DefaultCompany.NeonDrift.run.1782485533.82553
2026-06-26 22:53:46.274 Df SpringBoard[84672:8c6573] [com.apple.SpringBoard:Icon] 0x10b336c40-SBApplicationIcon Data source did change: <SBApplication: 0x10b394d00; com.DefaultCompany.NeonDrift.run.1782485533.82553> {
} (SBApplication)
2026-06-26 22:53:46.278 Df installd[84713:8c6864] (MobileSystemServices) 0x16d3db000 -[MILaunchServicesOperationManager _onQueue_addPendingLaunchServicesOperation:error:]: Added pending LS operation <MILaunchServicesRegisterOperation: 6D750DDD-00B9-4133-ACE5-3A589922AD2C:1 com.DefaultCompany.NeonDrift.run.1782485533.82553/MIInstallationDomainSystemShared personas:[com.apple.containermanager.primary-persona]>
2026-06-26 22:53:46.279 Df lsd[84564:8c60ad] [com.apple.launchservices:appinstallation] Post installation registration: request to register com.DefaultCompany.NeonDrift.run.1782485533.82553, operation 6D750DDD-00B9-4133-ACE5-3A589922AD2C, from pid 84713
2026-06-26 22:53:46.279 Df lsd[84564:8c60ad] [com.apple.appinstallation:TransactionLog] com.DefaultCompany.NeonDrift.run.1782485533.82553/Unknown Persona:5:4:1:1:Registering bundles via registrant - start
2026-06-26 22:53:46.282 Df lsd[84564:8c60ad] [com.apple.appinstallation:TransactionLog] com.DefaultCompany.NeonDrift.run.1782485533.82553/Unknown Persona:5:5:1:1:Building bundle record for app
2026-06-26 22:53:46.282 Df lsd[84564:8c60ad] [com.apple.launchservices:appinstallation] Placeholder detected - Flagging bundle com.DefaultCompany.NeonDrift.run.1782485533.82553 incomplete
2026-06-26 22:53:46.283 Df lsd[84564:8c60ad] [com.apple.appinstallation:TransactionLog] com.DefaultCompany.NeonDrift.run.1782485533.82553/Unknown Persona:5:5:2:1:Built bundle record for app
2026-06-26 22:53:46.286 Df lsd[84564:8c60ad] [com.apple.appinstallation:TransactionLog] com.DefaultCompany.NeonDrift.run.1782485533.82553/Unknown Persona:5:4:2:1:Registered bundle status = success
2026-06-26 22:53:46.286 Df lsd[84564:8c60ad] [com.apple.appinstallation:TransactionLog] com.DefaultCompany.NeonDrift.run.1782485533.82553/Unknown Persona:5:4:2:1:Finished registering com.DefaultCompany.NeonDrift.run.1782485533.82553, bundle unit 4a0
2026-06-26 22:53:46.287 Df installd[84713:8c6864] (MobileSystemServices) 0x16d3db000 -[MIJournal purgeJournalEntry:withError:]: Removing journal entry <MIInstallationJournalEntry<0x103ce8a00> [com.DefaultCompany.NeonDrift.run.1782485533.82553/com.apple.containermanager.primary-persona/[system-defined]]/MIInstallationDomainSystemShared op:3 phase:JournalPhaseDidRegisterWithLS version:0>
2026-06-26 22:53:46.287 Df lsd[84564:8c6134] [com.apple.launchservices:progress] Sending applicationInstallsDidStart: for (
    "<LSApplicationProxy: 0x105728000> com.DefaultCompany.NeonDrift.run.1782485533.82553 file:///Users/dragonkao/Library/Developer/CoreSimulator/Devices/CC47DE7A-8196-4465-A5A5-BB852C9C6C82/data/Containers/Bundle/Application/75513206-B13F-4922-84BB-64334F7A65EA/com.apple.mobileinstallation.placeholder/ <com.DefaultCompany.NeonDrift.run.1782485533.82553 <placeholder >:1>"
)
2026-06-26 22:53:46.287 Df installd[84713:8c6864] [com.apple.appinstallation:TransactionLog] com.DefaultCompany.NeonDrift.run.1782485533.82553/com.apple.containermanager.primary-persona:7:2:2:1:Success (End) : Install (Parallel Placeholder)
2026-06-26 22:53:46.287 Df installd[84713:8c6864] (MobileSystemServices) 0x16d3db000 -[MIInstaller _logOperationCompletionWithStartTime:distributorID:]: Install successful for (Placeholder:com.DefaultCompany.NeonDrift.run.1782485533.82553) [Distributor: (null)]; Staging: 0.00s; Waiting: 0.00s; Preflight/Patch: 2.67s, Verifying: 0.04s; Overall: 2.90s
2026-06-26 22:53:46.287 Df lsd[84564:8c6134] [com.apple.launchservices:progress] Created parent progress <NSProgress: com.DefaultCompany.NeonDrift.run.1782485533.82553 phase=InstallingPlaceholder; state=Waiting; finalPhase=Installing; fractionCompleted=0.000000>
2026-06-26 22:53:46.289 Df dasd[84543:8c6050] [com.apple.launchservices:appinstallation] LaunchServices observer: InstallsStarted (
    "<LSApplicationProxy: 0x101f64240> com.DefaultCompany.NeonDrift.run.1782485533.82553 file:///Users/dragonkao/Library/Developer/CoreSimulator/Devices/CC47DE7A-8196-4465-A5A5-BB852C9C6C82/data/Containers/Bundle/Application/75513206-B13F-4922-84BB-64334F7A65EA/com.apple.mobileinstallation.placeholder/ <com.DefaultCompany.NeonDrift.run.1782485533.82553 <placeholder >:1>"
)
2026-06-26 22:53:46.289 Df gamed[84657:8c6520] [com.apple.launchservices:appinstallation] LaunchServices observer: InstallsStarted (
    "<LSApplicationProxy: 0x103bc0840> com.DefaultCompany.NeonDrift.run.1782485533.82553 file:///Users/dragonkao/Library/Developer/CoreSimulator/Devices/CC47DE7A-8196-4465-A5A5-BB852C9C6C82/data/Containers/Bundle/Application/75513206-B13F-4922-84BB-64334F7A65EA/com.apple.mobileinstallation.placeholder/ <com.DefaultCompany.NeonDrift.run.1782485533.82553 <placeholder >:1>"
)
2026-06-26 22:53:46.289 Df installcoordinationd[84701:8c6861] [com.apple.installcoordination:daemon] -[IXSPowerAssertion invalidate]: Released power assertion IXPowerAssertion-12-[com.DefaultCompany.NeonDrift.run.1782485533.82553/Invalid/[system-defined]]
2026-06-26 22:53:46.289 Df locationd[84541:8c605a] [com.apple.launchservices:appinstallation] LaunchServices observer: InstallsStarted (
    "<LSApplicationProxy: 0x107f68600> com.DefaultCompany.NeonDrift.run.1782485533.82553 file:///Users/dragonkao/Library/Developer/CoreSimulator/Devices/CC47DE7A-8196-4465-A5A5-BB852C9C6C82/data/Containers/Bundle/Application/75513206-B13F-4922-84BB-64334F7A65EA/com.apple.mobileinstallation.placeholder/ <com.DefaultCompany.NeonDrift.run.1782485533.82553 <placeholder >:1>"
)
2026-06-26 22:53:46.289 Df donotdisturbd[84562:8c613b] [com.apple.launchservices:appinstallation] LaunchServices observer: InstallsStarted (
    "<LSApplicationProxy: 0x103ddd500> com.DefaultCompany.NeonDrift.run.1782485533.82553 file:///Users/dragonkao/Library/Developer/CoreSimulator/Devices/CC47DE7A-8196-4465-A5A5-BB852C9C6C82/data/Containers/Bundle/Application/75513206-B13F-4922-84BB-64334F7A65EA/com.apple.mobileinstallation.placeholder/ <com.DefaultCompany.NeonDrift.run.1782485533.82553 <placeholder >:1>"
)
2026-06-26 22:53:46.289 Df runningboardd[84520:8c608f] [com.apple.launchservices:appinstallation] LaunchServices observer: InstallsStarted (
    "<LSApplicationProxy: 0x1061a4000> com.DefaultCompany.NeonDrift.run.1782485533.82553 file:///Users/dragonkao/Library/Developer/CoreSimulator/Devices/CC47DE7A-8196-4465-A5A5-BB852C9C6C82/data/Containers/Bundle/Application/75513206-B13F-4922-84BB-64334F7A65EA/com.apple.mobileinstallation.placeholder/ <com.DefaultCompany.NeonDrift.run.1782485533.82553 <placeholder >:1>"
)
2026-06-26 22:53:46.289 Df installcoordinationd[84701:8c6861] [com.apple.installcoordination:daemon] -[IXSPendingOperationsTracker endPendingOperationForIdentity:]_block_invoke: Ending pending operation for [com.DefaultCompany.NeonDrift.run.1782485533.82553/Invalid/[system-defined]]
2026-06-26 22:53:46.290 Df lsd[84564:8c6134] [com.apple.launchservices:progress] Sent distributed notification com.apple.LaunchServices.applicationRegistered with payload {
    bundleIDs =     (
        "com.DefaultCompany.NeonDrift.run.1782485533.82553"
    );
    isPlaceholder = 1;
}
2026-06-26 22:53:46.290 Df callservicesd[84582:8c61d4] [com.apple.launchservices:appinstallation] LaunchServices observer: InstallsStarted (
    "<LSApplicationProxy: 0x1071b4d80> com.DefaultCompany.NeonDrift.run.1782485533.82553 file:///Users/dragonkao/Library/Developer/CoreSimulator/Devices/CC47DE7A-8196-4465-A5A5-BB852C9C6C82/data/Containers/Bundle/Application/75513206-B13F-4922-84BB-64334F7A65EA/com.apple.mobileinstallation.placeholder/ <com.DefaultCompany.NeonDrift.run.1782485533.82553 <placeholder >:1>"
)
2026-06-26 22:53:46.290 Df SpringBoard[84672:8c6733] [com.apple.launchservices:appinstallation] LaunchServices observer: InstallsStarted (
    "<LSApplicationProxy: 0x129a08840> com.DefaultCompany.NeonDrift.run.1782485533.82553 file:///Users/dragonkao/Library/Developer/CoreSimulator/Devices/CC47DE7A-8196-4465-A5A5-BB852C9C6C82/data/Containers/Bundle/Application/75513206-B13F-4922-84BB-64334F7A65EA/com.apple.mobileinstallation.placeholder/ <com.DefaultCompany.NeonDrift.run.1782485533.82553 <placeholder >:1>"
)
2026-06-26 22:53:46.290 Df installcoordinationd[84701:8c6861] [com.apple.installcoordination:daemon] -[IXSCoordinatedAppInstall setPlaceholderInstallState:withLSRecordPromiseForCompletion:]: <IXSCoordinatedAppInstall<0x101a08000> [P=CoreSimulatorBridge (pid 84547)] identifier:[com.DefaultCompany.NeonDrift.run.1782485533.82553/Invalid/[system-defined]] uuid:1B1A0DEF-53D3-45A2-891C-CF89463C5943 intent:IXCoordinatorIntentUpdating creator/appDRI:InstallCoordination Simple SPI importance:UserWaiting state:IXAppCoordinationStateReadyForInstall promise-state:PA2I4>: Placeholder install completed.
2026-06-26 22:53:46.290 Df deviceaccessd[84594:8c6259] [com.apple.launchservices:appinstallation] LaunchServices observer: InstallsStarted (
    "<LSApplicationProxy: 0x106174000> com.DefaultCompany.NeonDrift.run.1782485533.82553 file:///Users/dragonkao/Library/Developer/CoreSimulator/Devices/CC47DE7A-8196-4465-A5A5-BB852C9C6C82/data/Containers/Bundle/Application/75513206-B13F-4922-84BB-64334F7A65EA/com.apple.mobileinstallation.placeholder/ <com.DefaultCompany.NeonDrift.run.1782485533.82553 <placeholder >:1>"
)
2026-06-26 22:53:46.290 Df SpringBoard[84672:8c6733] [com.apple.frontboard.ApplicationLibrary:observer] -[FBSApplicationLibrary applicationInstallsDidStart:] com.DefaultCompany.NeonDrift.run.1782485533.82553
2026-06-26 22:53:46.290 Df profiled[84593:8c6272] [com.apple.launchservices:appinstallation] LaunchServices observer: InstallsStarted (
    "<LSApplicationProxy: 0x100cfa9a0> com.DefaultCompany.NeonDrift.run.1782485533.82553 file:///Users/dragonkao/Library/Developer/CoreSimulator/Devices/CC47DE7A-8196-4465-A5A5-BB852C9C6C82/data/Containers/Bundle/Application/75513206-B13F-4922-84BB-64334F7A65EA/com.apple.mobileinstallation.placeholder/ <com.DefaultCompany.NeonDrift.run.1782485533.82553 <placeholder >:1>"
)
2026-06-26 22:53:46.290 Df passd[84546:8c63aa] [com.apple.launchservices:appinstallation] LaunchServices observer: InstallsStarted (
    "<LSApplicationProxy: 0x1060b98c0> com.DefaultCompany.NeonDrift.run.1782485533.82553 file:///Users/dragonkao/Library/Developer/CoreSimulator/Devices/CC47DE7A-8196-4465-A5A5-BB852C9C6C82/data/Containers/Bundle/Application/75513206-B13F-4922-84BB-64334F7A65EA/com.apple.mobileinstallation.placeholder/ <com.DefaultCompany.NeonDrift.run.1782485533.82553 <placeholder >:1>"
)
2026-06-26 22:53:46.290 Df SpringBoard[84672:8c6733] [com.apple.frontboard.ApplicationLibrary:default] Added placeholder: <SBApplicationPlaceholderProxy: 0x128c3ce00; com.DefaultCompany.NeonDrift.run.1782485533.82553 (NeonDrift.run.1782485533.82553); LSInstallType: StoreDownload>
2026-06-26 22:53:46.290 Df liveactivitiesd[84572:8c61cc] [com.apple.launchservices:appinstallation] LaunchServices observer: InstallsStarted (
    "<LSApplicationProxy: 0x101e85680> com.DefaultCompany.NeonDrift.run.1782485533.82553 file:///Users/dragonkao/Library/Developer/CoreSimulator/Devices/CC47DE7A-8196-4465-A5A5-BB852C9C6C82/data/Containers/Bundle/Application/75513206-B13F-4922-84BB-64334F7A65EA/com.apple.mobileinstallation.placeholder/ <com.DefaultCompany.NeonDrift.run.1782485533.82553 <placeholder >:1>"
)
2026-06-26 22:53:46.290 Df SpringBoard[84672:8c6573] [com.apple.frontboard.ApplicationLibrary:sb.placeholder] App placeholder proxies added: (
    "<SBApplicationPlaceholderProxy: 0x128c3ce00; com.DefaultCompany.NeonDrift.run.1782485533.82553 (NeonDrift.run.1782485533.82553); LSInstallType: StoreDownload>"
), currentlyKnownExistingPlaceholders: {
}
2026-06-26 22:53:46.290 Df SpringBoard[84672:8c6573] [com.apple.appinstallation:TransactionLog] com.DefaultCompany.NeonDrift.run.1782485533.82553/Unknown Persona:10:0:1:1:Placeholder add BEGIN
2026-06-26 22:53:46.291 Df nsurlsessiond[84565:8c60bb] [com.apple.launchservices:appinstallation] LaunchServices observer: InstallsStarted (
    "<LSApplicationProxy: 0x101630540> com.DefaultCompany.NeonDrift.run.1782485533.82553 file:///Users/dragonkao/Library/Developer/CoreSimulator/Devices/CC47DE7A-8196-4465-A5A5-BB852C9C6C82/data/Containers/Bundle/Application/75513206-B13F-4922-84BB-64334F7A65EA/com.apple.mobileinstallation.placeholder/ <com.DefaultCompany.NeonDrift.run.1782485533.82553 <placeholder >:1>"
)
2026-06-26 22:53:46.291 Df financed[84618:8c62fb] [com.apple.launchservices:appinstallation] LaunchServices observer: InstallsStarted (
    "<LSApplicationProxy: 0x109e3b840> com.DefaultCompany.NeonDrift.run.1782485533.82553 file:///Users/dragonkao/Library/Developer/CoreSimulator/Devices/CC47DE7A-8196-4465-A5A5-BB852C9C6C82/data/Containers/Bundle/Application/75513206-B13F-4922-84BB-64334F7A65EA/com.apple.mobileinstallation.placeholder/ <com.DefaultCompany.NeonDrift.run.1782485533.82553 <placeholder >:1>"
)
2026-06-26 22:53:46.291 Df appstored[84695:8c66d1] [com.apple.launchservices:appinstallation] LaunchServices observer: InstallsStarted (
    "<LSApplicationProxy: 0x1046dc000> com.DefaultCompany.NeonDrift.run.1782485533.82553 file:///Users/dragonkao/Library/Developer/CoreSimulator/Devices/CC47DE7A-8196-4465-A5A5-BB852C9C6C82/data/Containers/Bundle/Application/75513206-B13F-4922-84BB-64334F7A65EA/com.apple.mobileinstallation.placeholder/ <com.DefaultCompany.NeonDrift.run.1782485533.82553 <placeholder >:1>"
)
2026-06-26 22:53:46.291 Df mobiletimerd[84532:8c612b] [com.apple.launchservices:appinstallation] LaunchServices observer: InstallsStarted (
    "<LSApplicationProxy: 0x103e70180> com.DefaultCompany.NeonDrift.run.1782485533.82553 file:///Users/dragonkao/Library/Developer/CoreSimulator/Devices/CC47DE7A-8196-4465-A5A5-BB852C9C6C82/data/Containers/Bundle/Application/75513206-B13F-4922-84BB-64334F7A65EA/com.apple.mobileinstallation.placeholder/ <com.DefaultCompany.NeonDrift.run.1782485533.82553 <placeholder >:1>"
)
2026-06-26 22:53:46.291 Df installcoordinationd[84701:8c6861] [com.apple.installprogress:server] initiating progress for [com.DefaultCompany.NeonDrift.run.1782485533.82553/Invalid/[system-defined]]
2026-06-26 22:53:46.291 Df webbookmarksd[84614:8c68a6] [com.apple.launchservices:appinstallation] LaunchServices observer: InstallsStarted (
    "<LSApplicationProxy: 0x1016480d0> com.DefaultCompany.NeonDrift.run.1782485533.82553 file:///Users/dragonkao/Library/Developer/CoreSimulator/Devices/CC47DE7A-8196-4465-A5A5-BB852C9C6C82/data/Containers/Bundle/Application/75513206-B13F-4922-84BB-64334F7A65EA/com.apple.mobileinstallation.placeholder/ <com.DefaultCompany.NeonDrift.run.1782485533.82553 <placeholder >:1>"
)
2026-06-26 22:53:46.291 Df usernotificationsd[84579:8c61d8] [com.apple.launchservices:appinstallation] LaunchServices observer: InstallsStarted (
    "<LSApplicationProxy: 0x1019b4600> com.DefaultCompany.NeonDrift.run.1782485533.82553 file:///Users/dragonkao/Library/Developer/CoreSimulator/Devices/CC47DE7A-8196-4465-A5A5-BB852C9C6C82/data/Containers/Bundle/Application/75513206-B13F-4922-84BB-64334F7A65EA/com.apple.mobileinstallation.placeholder/ <com.DefaultCompany.NeonDrift.run.1782485533.82553 <placeholder >:1>"
)
2026-06-26 22:53:46.291 Df routined[84525:8c616d] [com.apple.launchservices:appinstallation] LaunchServices observer: InstallsStarted (
