2026-06-25 22:13:49.468 Df lsd[90836:4b1c8a] [com.apple.launchservices:progress] Parent progress for installation <NSProgress: com.DefaultCompany.NeonDrift.run.1782396777.5888 phase=Installing; state=Active; finalPhase=Installing; fractionCompleted=0.600000>, adding phase 1
2026-06-25 22:13:49.468 Df lsd[90836:41bc8b] [com.apple.launchservices:progress] unsubscribing from com.DefaultCompany.NeonDrift.run.1782396777.5888.Loading as it was unpublished
2026-06-25 22:13:49.468 Df activitysharingd[91310:4b1c8f] [com.apple.launchservices:appinstallation] LaunchServices observer: InstallsStarted (
    "<LSApplicationProxy: 0x1065bce40> com.DefaultCompany.NeonDrift.run.1782396777.5888 file:///Users/dragonkao/Library/Developer/CoreSimulator/Devices/115FDF0C-5A2F-4686-909B-7F43F1450A28/data/Containers/Bundle/Application/9513817C-F046-4B8D-9D8E-82A450D98174/NeonDrift.run.1782396777.5888.app/ <com.DefaultCompany.NeonDrift.run.1782396777.5888 <placeholder >:1>"
)
2026-06-25 22:13:49.468 Df lsd[90836:41bc8b] [com.apple.launchservices:progress] #LSInstallProgressList remove subscriber: <_NSProgressSubscriber: 0x1012ef810> publishingString: com.DefaultCompany.NeonDrift.run.1782396777.5888.Loading
2026-06-25 22:13:49.468 Df lsd[90836:4b1c8a] [com.apple.launchservices:progress] #LSInstallProgressList add subscriber: <_NSProgressSubscriber: 0x10139c4e0> publishingString: com.DefaultCompany.NeonDrift.run.1782396777.5888.Installing
2026-06-25 22:13:49.468 Df lsd[90836:4b1c8a] [com.apple.launchservices:progress] Subscribing to com.DefaultCompany.NeonDrift.run.1782396777.5888.Installing
2026-06-25 22:13:49.468 Df mobiletimerd[90802:4b1b1b] [com.apple.launchservices:appinstallation] LaunchServices observer: InstallsStarted (
    "<LSApplicationProxy: 0x103e64780> com.DefaultCompany.NeonDrift.run.1782396777.5888 file:///Users/dragonkao/Library/Developer/CoreSimulator/Devices/115FDF0C-5A2F-4686-909B-7F43F1450A28/data/Containers/Bundle/Application/9513817C-F046-4B8D-9D8E-82A450D98174/NeonDrift.run.1782396777.5888.app/ <com.DefaultCompany.NeonDrift.run.1782396777.5888 <placeholder >:1>"
)
2026-06-25 22:13:49.468 Df installcoordinationd[91072:41cf9a] [com.apple.launchservices:progress] Published install progress <NSProgress: com.DefaultCompany.NeonDrift.run.1782396777.5888.Installing phase=Installing; state=Waiting; finalPhase=Installing; fractionCompleted=0.000000>
2026-06-25 22:13:49.468 Df SpringBoard[90784:41bbc7] [com.apple.SpringBoard:Icon] <<SBLeafIcon:0x12a97adc0 [com.DefaultCompany.NeonDrift.run.1782396777.5888]>> Changing active data source: <SBApplicationIcon: 0x12a97adc0; nodeID: com.DefaultCompany.NeonDrift.run.1782396777.5888; bundleID: com.DefaultCompany.NeonDrift.run.1782396777.5888>
2026-06-25 22:13:49.469 Df SpringBoard[90784:41bbc7] [com.apple.SpringBoard:Icon] <<SBLeafIcon:0x12a97adc0 [com.DefaultCompany.NeonDrift.run.1782396777.5888]>> Changing from data souce: (null) to data source:com.DefaultCompany.NeonDrift.run.1782396777.5888.
2026-06-25 22:13:49.469 Df SpringBoard[90784:41bbc7] [com.apple.SpringBoard:Icon] icon model preparing to add icon to designated location: <SBApplicationIcon: 0x12a97adc0; nodeID: com.DefaultCompany.NeonDrift.run.1782396777.5888; bundleID: com.DefaultCompany.NeonDrift.run.1782396777.5888>
2026-06-25 22:13:49.469 Df installd[91079:4b1c5e] (MobileSystemServices) 0x16dd2b000 -[MIClientConnection _doInstallationForURL:identity:domain:options:operationType:completion:]: Install of "/Users/dragonkao/Library/Developer/CoreSimulator/Devices/115FDF0C-5A2F-4686-909B-7F43F1450A28/data/Containers/Shared/SystemGroup/systemgroup.com.apple.installcoordinationd/Library/InstallCoordination/PromiseStaging/A486BF54-2C6E-48CE-BA28-23392D587221/NeonDrift.run.1782396777.5888.app" type Developer (LSInstallType = 0, Domain: MIInstallationDomainDefault) requested by installcoordinationd (pid 91072 (501/20))
2026-06-25 22:13:49.472 Df CoreSimulatorBridge[90817:4942cb] [com.apple.installcoordination:framework] -[IXAppInstallCoordinator _clientDelegate_didUpdateProgress:forPhase:overallProgress:]: <IXInitiatingAppInstallCoordinator<0x10984c600> identity:[com.DefaultCompany.NeonDrift.run.1782396777.5888/Invalid/[system-defined]] uuid:A070AEA7-C956-4371-9FA3-9F21389AFC4E creator:InstallCoordination Simple SPI>: Got did update progress delegate with percentComplete 5.000000 phase IXCoordinatorProgressPhaseInstalling overallProgress 62.000000
2026-06-25 22:13:49.472 Df CoreSimulatorBridge[90817:4942cb] [com.apple.installcoordination:framework] -[IXAppInstallCoordinator _clientDelegate_didUpdateProgress:forPhase:overallProgress:]: <IXInitiatingAppInstallCoordinator<0x10984c600> identity:[com.DefaultCompany.NeonDrift.run.1782396777.5888/Invalid/[system-defined]] uuid:A070AEA7-C956-4371-9FA3-9F21389AFC4E creator:InstallCoordination Simple SPI>: Got did update progress delegate with percentComplete 15.000000 phase IXCoordinatorProgressPhaseInstalling overallProgress 66.000000
2026-06-25 22:13:49.472 Df CoreSimulatorBridge[90817:49e275] [com.apple.installcoordination:framework] -[IXAppInstallCoordinator _clientDelegate_didUpdateProgress:forPhase:overallProgress:]_block_invoke: <IXInitiatingAppInstallCoordinator<0x10984c600> identity:[com.DefaultCompany.NeonDrift.run.1782396777.5888/Invalid/[system-defined]] uuid:A070AEA7-C956-4371-9FA3-9F21389AFC4E creator:InstallCoordination Simple SPI>: Calling selector coordinator:didUpdateProgress:forPhase:overallProgress: on observer <_IXSimpleInstallerDelegate 0x0x105be4ba0>
2026-06-25 22:13:49.472 Df CoreSimulatorBridge[90817:49e275] [com.apple.installcoordination:framework] -[IXAppInstallCoordinator _clientDelegate_didUpdateProgress:forPhase:overallProgress:]_block_invoke: <IXInitiatingAppInstallCoordinator<0x10984c600> identity:[com.DefaultCompany.NeonDrift.run.1782396777.5888/Invalid/[system-defined]] uuid:A070AEA7-C956-4371-9FA3-9F21389AFC4E creator:InstallCoordination Simple SPI>: Calling selector coordinator:didUpdateProgress:forPhase:overallProgress: on observer <_IXSimpleInstallerDelegate 0x0x105be4ba0>
2026-06-25 22:13:49.472 Df CoreSimulatorBridge[90817:4942cb] [com.apple.installcoordination:framework] -[IXAppInstallCoordinator _clientDelegate_didUpdateProgress:forPhase:overallProgress:]: <IXInitiatingAppInstallCoordinator<0x10984c600> identity:[com.DefaultCompany.NeonDrift.run.1782396777.5888/Invalid/[system-defined]] uuid:A070AEA7-C956-4371-9FA3-9F21389AFC4E creator:InstallCoordination Simple SPI>: Got did update progress delegate with percentComplete 20.000000 phase IXCoordinatorProgressPhaseInstalling overallProgress 68.000000
2026-06-25 22:13:49.472 Df CoreSimulatorBridge[90817:4942cb] [com.apple.installcoordination:framework] -[IXAppInstallCoordinator _clientDelegate_didUpdateProgress:forPhase:overallProgress:]_block_invoke: <IXInitiatingAppInstallCoordinator<0x10984c600> identity:[com.DefaultCompany.NeonDrift.run.1782396777.5888/Invalid/[system-defined]] uuid:A070AEA7-C956-4371-9FA3-9F21389AFC4E creator:InstallCoordination Simple SPI>: Calling selector coordinator:didUpdateProgress:forPhase:overallProgress: on observer <_IXSimpleInstallerDelegate 0x0x105be4ba0>
2026-06-25 22:13:49.474 Df installd[91079:4b1c5e] [com.apple.containermanager:xpc] Query; euid = 501, uid = 501, class = 1, identifier = [com.DefaultCompany.NeonDrift.run.1782396777.5888](1), flags = 300000002
2026-06-25 22:13:49.475 Df installd[91079:4b1c5e] [com.apple.containermanager:xpc] Query; euid = 501, uid = 501, class = 1, identifier = [com.DefaultCompany.NeonDrift.run.1782396777.5888](1), flags = 300000002
2026-06-25 22:13:49.476 Df siriactionsd[90866:4ae69e] [com.apple.shortcuts:Daemon] Dispatching XPC event: <distributed notification: com.apple.LaunchServices.applicationRegistered, userInfo: [AnyHashable("isPlaceholder"): 1, AnyHashable("bundleIDs"): <__NSSingleObjectArrayI 0x1041f5c70>(
com.DefaultCompany.NeonDrift.run.1782396777.5888
)
]>
2026-06-25 22:13:49.476 Df siriactionsd[90866:4ae69e] [com.apple.shortcuts:XPCEvent] Dispatching XPC event: <distributed notification: com.apple.LaunchServices.applicationRegistered, userInfo: [AnyHashable("isPlaceholder"): 1, AnyHashable("bundleIDs"): <__NSSingleObjectArrayI 0x1041f5c70>(
com.DefaultCompany.NeonDrift.run.1782396777.5888
)
]>
2026-06-25 22:13:49.476 Df siriactionsd[90866:4ae69e] [com.apple.shortcuts:Daemon] Firing event: <distributed notification: com.apple.LaunchServices.applicationRegistered, userInfo: [AnyHashable("isPlaceholder"): 1, AnyHashable("bundleIDs"): <__NSSingleObjectArrayI 0x1041f5c70>(
com.DefaultCompany.NeonDrift.run.1782396777.5888
)
]>
2026-06-25 22:13:49.476 E  siriactionsd[90866:4ae69e] [com.apple.shortcuts:Daemon] Received an event that we do not have a DaemonTask for: <distributed notification: com.apple.LaunchServices.applicationRegistered, userInfo: [AnyHashable("isPlaceholder"): 1, AnyHashable("bundleIDs"): <__NSSingleObjectArrayI 0x1041f5c70>(
com.DefaultCompany.NeonDrift.run.1782396777.5888
)
]>. This is a serious programming error that might lead to missed messages and stuck streams.
2026-06-25 22:13:49.477 Df installd[91079:4b1c5e] [com.apple.containermanager:xpc] Query; euid = 501, uid = 501, class = 1, identifier = [com.DefaultCompany.NeonDrift.run.1782396777.5888](1), flags = 300000002
2026-06-25 22:13:49.477 Df installcoordinationd[91072:41cf14] [com.apple.installcoordination:daemon] -[IXSCoordinatorProgress setTotalUnitsCompleted:]: Progress for coordinator: [com.DefaultCompany.NeonDrift.run.1782396777.5888/Invalid/[system-defined]], Phase: IXCoordinatorProgressPhaseInstalling, Percentage: 20.000000: Attempt to set units completed on finished progress: 20
2026-06-25 22:13:49.477 Df installd[91079:4b1c5e] [com.apple.containermanager:xpc] Query; euid = 501, uid = 501, class = 1, identifier = [com.DefaultCompany.NeonDrift.run.1782396777.5888](1), flags = 300000002
2026-06-25 22:13:49.479 Df appprotectiond[90805:41da73] [com.apple.appprotection:server] Received distnoted event <dictionary: 0x101108000> { count = 3, transaction: 0, voucher = 0x101149130, contents =
	"UserInfo" => <dictionary: 0x101034120> { count = 2, transaction: 0, voucher = 0x0, contents =
		"isPlaceholder" => <bool: 0x1e6e64540>: true
		"bundleIDs" => <array: 0x10103fd20> { count = 1, capacity = 1, contents =
			0: <string: 0x10103f720> { string cache = 0x0, length = 48, contents = "com.DefaultCompany.NeonDrift.run.1782396777.5888" }
		}
	}
	"Name" => <string: 0x10103f5d0> { string cache = 0x0, length = 46, contents = "com.apple.LaunchServices.applicationRegistered" }
	"XPCEventName" => <string: 0x10103e340> { string cache = 0x0, length = 21, contents = "ApplicationRegistered" }
}
2026-06-25 22:13:49.479 Df installd[91079:4b1c5e] (MobileSystemServices) 0x16dd2b000 -[MIInstaller _installInstallable:containingSymlink:error:]: Installing <MIInstallableBundle ID=com.DefaultCompany.NeonDrift.run.1782396777.5888; Persona=com.apple.containermanager.primary-persona, Version=0, ShortVersion=1.0>
2026-06-25 22:13:49.479 Df installd[91079:4b1c5e] [com.apple.appinstallation:TransactionLog] com.DefaultCompany.NeonDrift.run.1782396777.5888/com.apple.containermanager.primary-persona:7:5:1:1:Start : Install (New)
2026-06-25 22:13:49.479 Df CoreSimulatorBridge[90817:49e275] [com.apple.installcoordination:framework] -[IXAppInstallCoordinator _clientDelegate_didUpdateProgress:forPhase:overallProgress:]: <IXInitiatingAppInstallCoordinator<0x10984c600> identity:[com.DefaultCompany.NeonDrift.run.1782396777.5888/Invalid/[system-defined]] uuid:A070AEA7-C956-4371-9FA3-9F21389AFC4E creator:InstallCoordination Simple SPI>: Got did update progress delegate with percentComplete 30.000000 phase IXCoordinatorProgressPhaseInstalling overallProgress 72.000000
2026-06-25 22:13:49.479 Df CoreSimulatorBridge[90817:49e275] [com.apple.installcoordination:framework] -[IXAppInstallCoordinator _clientDelegate_didUpdateProgress:forPhase:overallProgress:]_block_invoke: <IXInitiatingAppInstallCoordinator<0x10984c600> identity:[com.DefaultCompany.NeonDrift.run.1782396777.5888/Invalid/[system-defined]] uuid:A070AEA7-C956-4371-9FA3-9F21389AFC4E creator:InstallCoordination Simple SPI>: Calling selector coordinator:didUpdateProgress:forPhase:overallProgress: on observer <_IXSimpleInstallerDelegate 0x0x105be4ba0>
2026-06-25 22:13:49.483 Df installd[91079:4b1c5e] [com.apple.containermanager:query] Query; euid = 501, uid = 501, class = 4, identifier = [com.DefaultCompany.NeonDrift.run.1782396777.5888](1), flags = 300000002
2026-06-25 22:13:49.483 Df CoreSimulatorBridge[90817:4942cb] [com.apple.installcoordination:framework] -[IXAppInstallCoordinator _clientDelegate_didUpdateProgress:forPhase:overallProgress:]: <IXInitiatingAppInstallCoordinator<0x10984c600> identity:[com.DefaultCompany.NeonDrift.run.1782396777.5888/Invalid/[system-defined]] uuid:A070AEA7-C956-4371-9FA3-9F21389AFC4E creator:InstallCoordination Simple SPI>: Got did update progress delegate with percentComplete 40.000000 phase IXCoordinatorProgressPhaseInstalling overallProgress 76.000000
2026-06-25 22:13:49.483 Df CoreSimulatorBridge[90817:4942cb] [com.apple.installcoordination:framework] -[IXAppInstallCoordinator _clientDelegate_didUpdateProgress:forPhase:overallProgress:]_block_invoke: <IXInitiatingAppInstallCoordinator<0x10984c600> identity:[com.DefaultCompany.NeonDrift.run.1782396777.5888/Invalid/[system-defined]] uuid:A070AEA7-C956-4371-9FA3-9F21389AFC4E creator:InstallCoordination Simple SPI>: Calling selector coordinator:didUpdateProgress:forPhase:overallProgress: on observer <_IXSimpleInstallerDelegate 0x0x105be4ba0>
2026-06-25 22:13:49.484 Df installd[91079:4b1c5e] [com.apple.containermanager:query] Query; euid = 501, uid = 501, class = 4, identifier = [com.DefaultCompany.NeonDrift.run.1782396777.5888](1), flags = 300000002
2026-06-25 22:13:49.484 Df installd[91079:4b1c5e] [com.apple.containermanager:xpc] Query; euid = 501, uid = 501, class = 1, identifier = [com.DefaultCompany.NeonDrift.run.1782396777.5888](1), flags = 300000003
2026-06-25 22:13:49.484 Df CoreSimulatorBridge[90817:49e275] [com.apple.installcoordination:framework] -[IXAppInstallCoordinator _clientDelegate_didUpdateProgress:forPhase:overallProgress:]: <IXInitiatingAppInstallCoordinator<0x10984c600> identity:[com.DefaultCompany.NeonDrift.run.1782396777.5888/Invalid/[system-defined]] uuid:A070AEA7-C956-4371-9FA3-9F21389AFC4E creator:InstallCoordination Simple SPI>: Got did update progress delegate with percentComplete 50.000000 phase IXCoordinatorProgressPhaseInstalling overallProgress 80.000000
2026-06-25 22:13:49.484 Df CoreSimulatorBridge[90817:49e275] [com.apple.installcoordination:framework] -[IXAppInstallCoordinator _clientDelegate_didUpdateProgress:forPhase:overallProgress:]_block_invoke: <IXInitiatingAppInstallCoordinator<0x10984c600> identity:[com.DefaultCompany.NeonDrift.run.1782396777.5888/Invalid/[system-defined]] uuid:A070AEA7-C956-4371-9FA3-9F21389AFC4E creator:InstallCoordination Simple SPI>: Calling selector coordinator:didUpdateProgress:forPhase:overallProgress: on observer <_IXSimpleInstallerDelegate 0x0x105be4ba0>
2026-06-25 22:13:49.484 E  containermanagerd_system[90831:4b1c60] [com.apple.containermanager:schema] [com.DefaultCompany.NeonDrift.run.1782396777.5888(1)] Current schema version (1) is newer than the latest (0), ignoring.
2026-06-25 22:13:49.485 Df containermanagerd_system[90831:4b1c60] [com.apple.containermanager:schema] [u 03675E32-2F2E-4D67-87A6-D7F9565BC31F:p 81427805-B710-49E9-9A79-D021F24202A5:c com.DefaultCompany.NeonDrift.run.1782396777.5888(1):i30196170] Successfully updated schema from (0) → (0), actions count = 0
2026-06-25 22:13:49.485 Df installd[91079:4b1c5e] [com.apple.containermanager:xpc] Query; euid = 501, uid = 501, class = 1, identifier = [com.DefaultCompany.NeonDrift.run.1782396777.5888](1), flags = 300000002
2026-06-25 22:13:49.486 Df CoreSimulatorBridge[90817:4942cb] [com.apple.installcoordination:framework] -[IXAppInstallCoordinator _clientDelegate_didUpdateProgress:forPhase:overallProgress:]: <IXInitiatingAppInstallCoordinator<0x10984c600> identity:[com.DefaultCompany.NeonDrift.run.1782396777.5888/Invalid/[system-defined]] uuid:A070AEA7-C956-4371-9FA3-9F21389AFC4E creator:InstallCoordination Simple SPI>: Got did update progress delegate with percentComplete 60.000000 phase IXCoordinatorProgressPhaseInstalling overallProgress 84.000000
2026-06-25 22:13:49.486 Df CoreSimulatorBridge[90817:4942cb] [com.apple.installcoordination:framework] -[IXAppInstallCoordinator _clientDelegate_didUpdateProgress:forPhase:overallProgress:]_block_invoke: <IXInitiatingAppInstallCoordinator<0x10984c600> identity:[com.DefaultCompany.NeonDrift.run.1782396777.5888/Invalid/[system-defined]] uuid:A070AEA7-C956-4371-9FA3-9F21389AFC4E creator:InstallCoordination Simple SPI>: Calling selector coordinator:didUpdateProgress:forPhase:overallProgress: on observer <_IXSimpleInstallerDelegate 0x0x105be4ba0>
2026-06-25 22:13:49.486 Df appprotectiond[90805:41da73] [com.apple.appprotection:server] received note: name = com.apple.LaunchServices.applicationRegistered, object = Optional(AppProtection.DistnotedXPCEventStreamTranslator), userInfo = Optional([AnyHashable("bundleIDs"): <__NSSingleObjectArrayI 0x10124c1d0>(
com.DefaultCompany.NeonDrift.run.1782396777.5888
)
, AnyHashable("isPlaceholder"): 1])
2026-06-25 22:13:49.486 Df appprotectiond[90805:41da73] [com.apple.appprotection:server] Received distnoted event <dictionary: 0x101108000> { count = 3, transaction: 0, voucher = 0x101149130, contents =
	"UserInfo" => <dictionary: 0x101034120> { count = 2, transaction: 0, voucher = 0x0, contents =
		"isPlaceholder" => <bool: 0x1e6e64540>: true
		"bundleIDs" => <array: 0x10103fd20> { count = 1, capacity = 1, contents =
			0: <string: 0x10103f720> { string cache = 0x0, length = 48, contents = "com.DefaultCompany.NeonDrift.run.1782396777.5888" }
		}
	}
	"Name" => <string: 0x10103f5d0> { string cache = 0x0, length = 46, contents = "com.apple.LaunchServices.applicationRegistered" }
	"XPCEventName" => <string: 0x10103e340> { string cache = 0x0, length = 21, contents = "ApplicationRegistered" }
}
2026-06-25 22:13:49.486 Df appprotectiond[90805:41da73] [com.apple.appprotection:server] received note: name = com.apple.LaunchServices.applicationRegistered, object = Optional(AppProtection.DistnotedXPCEventStreamTranslator), userInfo = Optional([AnyHashable("bundleIDs"): <__NSSingleObjectArrayI 0x10124c1d0>(
com.DefaultCompany.NeonDrift.run.1782396777.5888
)
, AnyHashable("isPlaceholder"): 1])
2026-06-25 22:13:49.487 Df appprotectiond[90805:41da73] [com.apple.appprotection:server] processing settings authority event: SettingsAuthorityEvent.promotePreferenceFromProvisionalForApplication(com.DefaultCompany.NeonDrift.run.1782396777.5888)
2026-06-25 22:13:49.487 Df installd[91079:4b1c5e] [com.apple.containermanager:query] Query; euid = 501, uid = 501, class = 2, identifier = [com.DefaultCompany.NeonDrift.run.1782396777.5888](1), flags = 300000003
2026-06-25 22:13:49.487 Df CoreSimulatorBridge[90817:49e275] [com.apple.installcoordination:framework] -[IXAppInstallCoordinator _clientDelegate_didUpdateProgress:forPhase:overallProgress:]: <IXInitiatingAppInstallCoordinator<0x10984c600> identity:[com.DefaultCompany.NeonDrift.run.1782396777.5888/Invalid/[system-defined]] uuid:A070AEA7-C956-4371-9FA3-9F21389AFC4E creator:InstallCoordination Simple SPI>: Got did update progress delegate with percentComplete 70.000000 phase IXCoordinatorProgressPhaseInstalling overallProgress 88.000000
2026-06-25 22:13:49.487 Df CoreSimulatorBridge[90817:49e275] [com.apple.installcoordination:framework] -[IXAppInstallCoordinator _clientDelegate_didUpdateProgress:forPhase:overallProgress:]_block_invoke: <IXInitiatingAppInstallCoordinator<0x10984c600> identity:[com.DefaultCompany.NeonDrift.run.1782396777.5888/Invalid/[system-defined]] uuid:A070AEA7-C956-4371-9FA3-9F21389AFC4E creator:InstallCoordination Simple SPI>: Calling selector coordinator:didUpdateProgress:forPhase:overallProgress: on observer <_IXSimpleInstallerDelegate 0x0x105be4ba0>
2026-06-25 22:13:49.488 Df installd[91079:4b1c5e] [com.apple.containermanager:query] Query; euid = 501, uid = 501, class = 2, identifier = [com.DefaultCompany.NeonDrift.run.1782396777.5888](1), flags = 300000002
2026-06-25 22:13:49.489 Df SpringBoard[90784:41bbc7] [com.apple.appinstallation:TransactionLog] com.DefaultCompany.NeonDrift.run.1782396777.5888/Unknown Persona:10:1:3:1:Created icon for placeholder.
2026-06-25 22:13:49.490 Df liveactivitiesd[90852:41bd8b] [com.apple.launchservices:progress] Got progress <NSProgress: com.DefaultCompany.NeonDrift.run.1782396777.5888 phase=Installing; state=Active; finalPhase=Installing; fractionCompleted=0.600000> for app com.DefaultCompany.NeonDrift.run.1782396777.5888,
2026-06-25 22:13:49.490 Df liveactivitiesd[90852:4b1c6b] [com.apple.launchservices:progress] #LSInstallProgressList add subscriber: <_NSProgressSubscriber: 0x105c86a00> publishingString: com.DefaultCompany.NeonDrift.run.1782396777.5888
2026-06-25 22:13:49.490 Df liveactivitiesd[90852:4b1c6b] [com.apple.launchservices:progress] Subscribing to progress for app com.DefaultCompany.NeonDrift.run.1782396777.5888,
2026-06-25 22:13:49.490 Df SpringBoard[90784:41bbc7] [com.apple.installcoordination:framework] +[IXAppInstallCoordinator removabilityForAppWithIdentity:error:]: Returning locally read removability, PossibleAndAllowed, for identity:[com.DefaultCompany.NeonDrift.run.1782396777.5888/Invalid/[system-defined]]
2026-06-25 22:13:49.490 Df SpringBoard[90784:41bbc7] [com.apple.frontboard.ApplicationLibrary:sb.placeholder] Placeholders added: (
    "<SBApplicationPlaceholder: 0x123fa8270; bundleIdentifier: com.DefaultCompany.NeonDrift.run.1782396777.5888; displayName: NeonDrift.run.1782396777.5888; progress: 0%; state: Waiting; canPromote?: YES; canCancel?: YES>"
), modified: (
), removed: (null)
2026-06-25 22:13:49.492 Df SpringBoard[90784:41bbc7] [com.apple.SpringBoard:Common] termination assertion acquired for com.DefaultCompany.NeonDrift.run.1782396777.5888 (app not found)
2026-06-25 22:13:49.495 Df CoreSimulatorBridge[90817:4942cb] [com.apple.installcoordination:framework] -[IXAppInstallCoordinator _clientDelegate_didUpdateProgress:forPhase:overallProgress:]: <IXInitiatingAppInstallCoordinator<0x10984c600> identity:[com.DefaultCompany.NeonDrift.run.1782396777.5888/Invalid/[system-defined]] uuid:A070AEA7-C956-4371-9FA3-9F21389AFC4E creator:InstallCoordination Simple SPI>: Got did update progress delegate with percentComplete 80.000000 phase IXCoordinatorProgressPhaseInstalling overallProgress 92.000000
2026-06-25 22:13:49.495 Df CoreSimulatorBridge[90817:4942cb] [com.apple.installcoordination:framework] -[IXAppInstallCoordinator _clientDelegate_didUpdateProgress:forPhase:overallProgress:]_block_invoke: <IXInitiatingAppInstallCoordinator<0x10984c600> identity:[com.DefaultCompany.NeonDrift.run.1782396777.5888/Invalid/[system-defined]] uuid:A070AEA7-C956-4371-9FA3-9F21389AFC4E creator:InstallCoordination Simple SPI>: Calling selector coordinator:didUpdateProgress:forPhase:overallProgress: on observer <_IXSimpleInstallerDelegate 0x0x105be4ba0>
2026-06-25 22:13:49.496 Df installd[91079:4b1c5e] (MobileSystemServices) 0x16dd2b000 -[MIInstallationJournalEntry _refreshUUIDForContainer:withError:]: Data container for com.DefaultCompany.NeonDrift.run.1782396777.5888 is now at /Users/dragonkao/Library/Developer/CoreSimulator/Devices/115FDF0C-5A2F-4686-909B-7F43F1450A28/data/Containers/Data/Application/6390F0DE-E371-463D-8793-5C48995C2FD5
2026-06-25 22:13:49.496 Df dmd[90880:41be9c] Received xpc stream event (distributed notification matching) with name: com.apple.LaunchServices.applicationRegistered user info: {
    bundleIDs =     (
        "com.DefaultCompany.NeonDrift.run.1782396777.5888"
    );
    isPlaceholder = 1;
}
2026-06-25 22:13:49.496 Df containermanagerd[90847:41bd2f] [com.apple.containermanager:schema] [u 5002DD53-067A-4501-887F-97B2B2663293:p 6390F0DE-E371-463D-8793-5C48995C2FD5:c com.DefaultCompany.NeonDrift.run.1782396777.5888(2):i0] Successfully updated schema from (0) → (1), actions count = 6
2026-06-25 22:13:49.496 Df installd[91079:4b1c5e] [com.apple.containermanager:unspecified] Replace; old = [app:com.DefaultCompany.NeonDrift.run.1782396777.5888:501::(6FC64EBA-4A78-4372-9393-922C8964C093)], new = [temp-app:com.DefaultCompany.NeonDrift.run.1782396777.5888:501::(03675E32-2F2E-4D67-87A6-D7F9565BC31F)]
2026-06-25 22:13:49.496 Df SpringBoard[90784:41bbc7] [com.apple.appinstallation:TransactionLog] com.DefaultCompany.NeonDrift.run.1782396777.5888/Unknown Persona:10:2:3:1:Reloading icon image.
2026-06-25 22:13:49.497 Df SpringBoard[90784:41bbc7] [com.apple.appinstallation:TransactionLog] com.DefaultCompany.NeonDrift.run.1782396777.5888/Unknown Persona:10:2:3:1:Reloading icon image.
2026-06-25 22:13:49.497 Df SpringBoard[90784:41bbc7] [com.apple.appinstallation:TransactionLog] com.DefaultCompany.NeonDrift.run.1782396777.5888/Unknown Persona:10:2:3:1:Reloading icon image.
2026-06-25 22:13:49.499 Df PosterBoard[90877:4b1ca3] [com.apple.launchservices:appinstallation] LaunchServices observer: InstallsStarted (
    "<LSApplicationProxy: 0x108a840c0> com.DefaultCompany.NeonDrift.run.1782396777.5888 file:///Users/dragonkao/Library/Developer/CoreSimulator/Devices/115FDF0C-5A2F-4686-909B-7F43F1450A28/data/Containers/Bundle/Application/9513817C-F046-4B8D-9D8E-82A450D98174/NeonDrift.run.1782396777.5888.app/ <com.DefaultCompany.NeonDrift.run.1782396777.5888 <placeholder >:1>"
)
2026-06-25 22:13:49.499 Df PosterBoard[90877:4b1ca3] [com.apple.launchservices:appinstallation] LaunchServices observer: MetadataUpdate (
    "com.DefaultCompany.NeonDrift.run.1782396777.5888"
)
2026-06-25 22:13:49.499 Df dmd[90880:41be9c] Received xpc stream event (distributed notification matching) with name: com.apple.LaunchServices.applicationRegistered user info: {
    bundleIDs =     (
        "com.DefaultCompany.NeonDrift.run.1782396777.5888"
    );
    isPlaceholder = 1;
}
2026-06-25 22:13:49.499 Df installd[91079:4b1c5e] [com.apple.containermanager:xpc] Query; euid = 501, uid = 501, class = 1, identifier = [com.DefaultCompany.NeonDrift.run.1782396777.5888](1), flags = 300000002
2026-06-25 22:13:49.499 Df PosterBoard[90877:4b1ca3] [com.apple.launchservices:appinstallation] LaunchServices observer: InstallsStarted (
    "<LSApplicationProxy: 0x108a84300> com.DefaultCompany.NeonDrift.run.1782396777.5888 file:///Users/dragonkao/Library/Developer/CoreSimulator/Devices/115FDF0C-5A2F-4686-909B-7F43F1450A28/data/Containers/Bundle/Application/9513817C-F046-4B8D-9D8E-82A450D98174/NeonDrift.run.1782396777.5888.app/ <com.DefaultCompany.NeonDrift.run.1782396777.5888 <placeholder >:1>"
)
2026-06-25 22:13:49.500 Df installd[91079:4b1c5e] (MobileSystemServices) 0x16dd2b000 -[MIContainer makeContainerLiveReplacingContainer:reason:waitForDeletion:withError:]: Made container live for com.DefaultCompany.NeonDrift.run.1782396777.5888 at /Users/dragonkao/Library/Developer/CoreSimulator/Devices/115FDF0C-5A2F-4686-909B-7F43F1450A28/data/Containers/Bundle/Application/A9F655A3-0926-4F6C-86A8-550A408CDD2E
2026-06-25 22:13:49.500 Df installd[91079:4b1c5e] [com.apple.containermanager:xpc] Query; euid = 501, uid = 501, class = 1, identifier = [com.DefaultCompany.NeonDrift.run.1782396777.5888](1), flags = 300000002
2026-06-25 22:13:49.501 Df CoreSimulatorBridge[90817:49e275] [com.apple.installcoordination:framework] -[IXAppInstallCoordinator _clientDelegate_didUpdateProgress:forPhase:overallProgress:]: <IXInitiatingAppInstallCoordinator<0x10984c600> identity:[com.DefaultCompany.NeonDrift.run.1782396777.5888/Invalid/[system-defined]] uuid:A070AEA7-C956-4371-9FA3-9F21389AFC4E creator:InstallCoordination Simple SPI>: Got did update progress delegate with percentComplete 90.000000 phase IXCoordinatorProgressPhaseInstalling overallProgress 96.000000
2026-06-25 22:13:49.501 Df CoreSimulatorBridge[90817:49e275] [com.apple.installcoordination:framework] -[IXAppInstallCoordinator _clientDelegate_didUpdateProgress:forPhase:overallProgress:]_block_invoke: <IXInitiatingAppInstallCoordinator<0x10984c600> identity:[com.DefaultCompany.NeonDrift.run.1782396777.5888/Invalid/[system-defined]] uuid:A070AEA7-C956-4371-9FA3-9F21389AFC4E creator:InstallCoordination Simple SPI>: Calling selector coordinator:didUpdateProgress:forPhase:overallProgress: on observer <_IXSimpleInstallerDelegate 0x0x105be4ba0>
2026-06-25 22:13:49.502 Df containermanagerd[90847:41bd2f] [com.apple.containermanager:codesignmapping] Reconciled [com.DefaultCompany.NeonDrift.run.1782396777.5888]; old app groups: (null), new app groups: (null), old system groups: (null), new system groups: (null)
2026-06-25 22:13:49.502 Df installd[91079:4b1c5e] [com.apple.containermanager:unspecified] Requesting disk usage; class = 1, identifier = com.DefaultCompany.NeonDrift.run.1782396777.5888
2026-06-25 22:13:49.504 Df installd[91079:4b1c5e] [com.apple.containermanager:query] Query; euid = 501, uid = 501, class = 7, identifier = [com.DefaultCompany.NeonDrift.run.1782396777.5888](1), flags = 300000001
2026-06-25 22:13:49.504 Df appprotectiond[90805:41da73] [com.apple.appprotection:server] processing settings authority event: SettingsAuthorityEvent.promotePreferenceFromProvisionalForApplication(com.DefaultCompany.NeonDrift.run.1782396777.5888)
2026-06-25 22:13:49.505 Df SpringBoard[90784:41bbc7] [com.apple.SpringBoard:Common] termination assertion released for com.DefaultCompany.NeonDrift.run.1782396777.5888 (app not found)
2026-06-25 22:13:49.507 Df installd[91079:4b1c5e] (MobileSystemServices) 0x16dd2b000 -[MILaunchServicesOperationManager _onQueue_addPendingLaunchServicesOperation:error:]: Added pending LS operation <MILaunchServicesRegisterOperation: 96F01F27-9D17-4DE7-85FB-5D1887FFD851:6 com.DefaultCompany.NeonDrift.run.1782396777.5888/MIInstallationDomainSystemShared personas:[com.apple.containermanager.primary-persona]>
2026-06-25 22:13:49.508 Df lsd[90836:4b1c84] [com.apple.launchservices:appinstallation] Post installation registration: request to register com.DefaultCompany.NeonDrift.run.1782396777.5888, operation 96F01F27-9D17-4DE7-85FB-5D1887FFD851, from pid 91079
2026-06-25 22:13:49.508 Df lsd[90836:4b1c84] [com.apple.appinstallation:TransactionLog] com.DefaultCompany.NeonDrift.run.1782396777.5888/Unknown Persona:5:4:1:1:Registering bundles via registrant - start
2026-06-25 22:13:49.510 Df lsd[90836:4b1c84] [com.apple.appinstallation:TransactionLog] com.DefaultCompany.NeonDrift.run.1782396777.5888/Unknown Persona:5:5:1:1:Building bundle record for app
2026-06-25 22:13:49.510 Df lsd[90836:4b1c84] [com.apple.launchservices:appinstallation] Removed existing registered placeholder for com.DefaultCompany.NeonDrift.run.1782396777.5888
2026-06-25 22:13:49.510 Df lsd[90836:4b1c84] [com.apple.appinstallation:TransactionLog] com.DefaultCompany.NeonDrift.run.1782396777.5888/Unknown Persona:5:5:2:1:Built bundle record for app
2026-06-25 22:13:49.510 Df lsd[90836:4b1c84] [com.apple.launchservices:icons] clearAlternateNameForBundleIdentifier: won't clear for com.DefaultCompany.NeonDrift.run.1782396777.5888
2026-06-25 22:13:49.510 Df lsd[90836:4b1c84] [com.apple.appinstallation:TransactionLog] com.DefaultCompany.NeonDrift.run.1782396777.5888/Unknown Persona:5:4:2:1:Registered bundle status = success
2026-06-25 22:13:49.510 Df lsd[90836:4b1c84] [com.apple.appinstallation:TransactionLog] com.DefaultCompany.NeonDrift.run.1782396777.5888/Unknown Persona:5:4:2:1:Finished registering com.DefaultCompany.NeonDrift.run.1782396777.5888, bundle unit 50c
2026-06-25 22:13:49.510 Df lsd[90836:4b1c8a] [com.apple.launchservices:progress] Installation ended for com.DefaultCompany.NeonDrift.run.1782396777.5888 with state 5
2026-06-25 22:13:49.510 Df lsd[90836:4b1c8a] [com.apple.launchservices:progress] Discarding proportions for com.DefaultCompany.NeonDrift.run.1782396777.5888
2026-06-25 22:13:49.511 Df lsd[90836:4b1c84] [com.apple.launchservices:progress] Sending applicationsDidInstall: for (
    "<LSApplicationProxy: 0x1012f4000> com.DefaultCompany.NeonDrift.run.1782396777.5888 file:///Users/dragonkao/Library/Developer/CoreSimulator/Devices/115FDF0C-5A2F-4686-909B-7F43F1450A28/data/Containers/Bundle/Application/A9F655A3-0926-4F6C-86A8-550A408CDD2E/NeonDrift.run.1782396777.5888.app/ <com.DefaultCompany.NeonDrift.run.1782396777.5888 <installed >:0>"
)
2026-06-25 22:13:49.511 Df SpringBoard[90784:41bbc7] [com.apple.launchservices:progress] Unpublishing progress block called for app com.DefaultCompany.NeonDrift.run.1782396777.5888
2026-06-25 22:13:49.511 Df liveactivitiesd[90852:41bd8b] [com.apple.launchservices:progress] Unpublishing progress block called for app com.DefaultCompany.NeonDrift.run.1782396777.5888
2026-06-25 22:13:49.511 Df SpringBoard[90784:4b1a3a] [com.apple.launchservices:progress] #LSInstallProgressList remove subscriber: <_NSProgressSubscriber: 0x123e797a0> publishingString: com.DefaultCompany.NeonDrift.run.1782396777.5888
2026-06-25 22:13:49.511 Df installd[91079:4b1c5e] (MobileSystemServices) 0x16dd2b000 -[MIJournal purgeJournalEntry:withError:]: Removing journal entry <MIInstallationJournalEntry<0x1030b08c0> [com.DefaultCompany.NeonDrift.run.1782396777.5888/com.apple.containermanager.primary-persona/[system-defined]]/MIInstallationDomainSystemShared op:1 phase:JournalPhaseDidRegisterWithLS version:0>
2026-06-25 22:13:49.511 Df liveactivitiesd[90852:4b1c6b] [com.apple.launchservices:progress] #LSInstallProgressList remove subscriber: <_NSProgressSubscriber: 0x105c86a00> publishingString: com.DefaultCompany.NeonDrift.run.1782396777.5888
2026-06-25 22:13:49.511 Df dasd[90813:4af877] [com.apple.launchservices:appinstallation] Received applicationsDidInstall:(
    "<LSApplicationProxy: 0x103b646c0> com.DefaultCompany.NeonDrift.run.1782396777.5888 file:///Users/dragonkao/Library/Developer/CoreSimulator/Devices/115FDF0C-5A2F-4686-909B-7F43F1450A28/data/Containers/Bundle/Application/A9F655A3-0926-4F6C-86A8-550A408CDD2E/NeonDrift.run.1782396777.5888.app/ <com.DefaultCompany.NeonDrift.run.1782396777.5888 <installed >:0>"
)
2026-06-25 22:13:49.511 Df activityawardsd[91132:4b1c7c] [com.apple.launchservices:appinstallation] Received applicationsDidInstall:(
    "<LSApplicationProxy: 0x103d2cd80> com.DefaultCompany.NeonDrift.run.1782396777.5888 file:///Users/dragonkao/Library/Developer/CoreSimulator/Devices/115FDF0C-5A2F-4686-909B-7F43F1450A28/data/Containers/Bundle/Application/A9F655A3-0926-4F6C-86A8-550A408CDD2E/NeonDrift.run.1782396777.5888.app/ <com.DefaultCompany.NeonDrift.run.1782396777.5888 <installed >:0>"
)
2026-06-25 22:13:49.511 Df profiled[90891:4b1c7e] [com.apple.launchservices:appinstallation] Received applicationsDidInstall:(
    "<LSApplicationProxy: 0x1017fc000> com.DefaultCompany.NeonDrift.run.1782396777.5888 file:///Users/dragonkao/Library/Developer/CoreSimulator/Devices/115FDF0C-5A2F-4686-909B-7F43F1450A28/data/Containers/Bundle/Application/A9F655A3-0926-4F6C-86A8-550A408CDD2E/NeonDrift.run.1782396777.5888.app/ <com.DefaultCompany.NeonDrift.run.1782396777.5888 <installed >:0>"
)
2026-06-25 22:13:49.511 Df callservicesd[90869:4ab87d] [com.apple.launchservices:appinstallation] Received applicationsDidInstall:(
    "<LSApplicationProxy: 0x106f20e40> com.DefaultCompany.NeonDrift.run.1782396777.5888 file:///Users/dragonkao/Library/Developer/CoreSimulator/Devices/115FDF0C-5A2F-4686-909B-7F43F1450A28/data/Containers/Bundle/Application/A9F655A3-0926-4F6C-86A8-550A408CDD2E/NeonDrift.run.1782396777.5888.app/ <com.DefaultCompany.NeonDrift.run.1782396777.5888 <installed >:0>"
)
2026-06-25 22:13:49.512 Df sleepd[90814:45aab9] [com.apple.launchservices:appinstallation] Received applicationsDidInstall:(
    "<LSApplicationProxy: 0x103660000> com.DefaultCompany.NeonDrift.run.1782396777.5888 file:///Users/dragonkao/Library/Developer/CoreSimulator/Devices/115FDF0C-5A2F-4686-909B-7F43F1450A28/data/Containers/Bundle/Application/A9F655A3-0926-4F6C-86A8-550A408CDD2E/NeonDrift.run.1782396777.5888.app/ <com.DefaultCompany.NeonDrift.run.1782396777.5888 <installed >:0>"
)
2026-06-25 22:13:49.512 Df financed[90909:4b1c79] [com.apple.launchservices:appinstallation] Received applicationsDidInstall:(
    "<LSApplicationProxy: 0x10999b6c0> com.DefaultCompany.NeonDrift.run.1782396777.5888 file:///Users/dragonkao/Library/Developer/CoreSimulator/Devices/115FDF0C-5A2F-4686-909B-7F43F1450A28/data/Containers/Bundle/Application/A9F655A3-0926-4F6C-86A8-550A408CDD2E/NeonDrift.run.1782396777.5888.app/ <com.DefaultCompany.NeonDrift.run.1782396777.5888 <installed >:0>"
)
2026-06-25 22:13:49.512 Df PosterBoard[90877:4b1ca3] [com.apple.launchservices:appinstallation] Received applicationsDidInstall:(
    "<LSApplicationProxy: 0x108a85bc0> com.DefaultCompany.NeonDrift.run.1782396777.5888 file:///Users/dragonkao/Library/Developer/CoreSimulator/Devices/115FDF0C-5A2F-4686-909B-7F43F1450A28/data/Containers/Bundle/Application/A9F655A3-0926-4F6C-86A8-550A408CDD2E/NeonDrift.run.1782396777.5888.app/ <com.DefaultCompany.NeonDrift.run.1782396777.5888 <installed >:0>"
)
2026-06-25 22:13:49.512 Df homed[90874:4b1c78] [com.apple.launchservices:appinstallation] Received applicationsDidInstall:(
    "<LSApplicationProxy: 0x105610c00> com.DefaultCompany.NeonDrift.run.1782396777.5888 file:///Users/dragonkao/Library/Developer/CoreSimulator/Devices/115FDF0C-5A2F-4686-909B-7F43F1450A28/data/Containers/Bundle/Application/A9F655A3-0926-4F6C-86A8-550A408CDD2E/NeonDrift.run.1782396777.5888.app/ <com.DefaultCompany.NeonDrift.run.1782396777.5888 <installed >:0>"
)
2026-06-25 22:13:49.512 Df activityawardsd[91132:4b1c7c] [com.apple.appinstallation:TransactionLog] com.DefaultCompany.NeonDrift.run.1782396777.5888/Unknown Persona:5:8:3:1:applicationsDidInstall <LSApplicationProxy: 0x103d2ccc0> com.DefaultCompany.NeonDrift.run.1782396777.5888 file:///Users/dragonkao/Library/Developer/CoreSimulator/Devices/115FDF0C-5A2F-4686-909B-7F43F1450A28/data/Containers/Bundle/Application/A9F655A3-0926-4F6C-86A8-550A408CDD2E/NeonDrift.run.1782396777.5888.app/ <com.DefaultCompany.NeonDrift.run.1782396777.5888 <installed >:0>
2026-06-25 22:13:49.512 Df routined[90795:4ae612] [com.apple.launchservices:appinstallation] Received applicationsDidInstall:(
    "<LSApplicationProxy: 0x105d60fc0> com.DefaultCompany.NeonDrift.run.1782396777.5888 file:///Users/dragonkao/Library/Developer/CoreSimulator/Devices/115FDF0C-5A2F-4686-909B-7F43F1450A28/data/Containers/Bundle/Application/A9F655A3-0926-4F6C-86A8-550A408CDD2E/NeonDrift.run.1782396777.5888.app/ <com.DefaultCompany.NeonDrift.run.1782396777.5888 <installed >:0>"
)
2026-06-25 22:13:49.512 Df dasd[90813:4af877] [com.apple.appinstallation:TransactionLog] com.DefaultCompany.NeonDrift.run.1782396777.5888/Unknown Persona:5:8:3:1:applicationsDidInstall <LSApplicationProxy: 0x103b64240> com.DefaultCompany.NeonDrift.run.1782396777.5888 file:///Users/dragonkao/Library/Developer/CoreSimulator/Devices/115FDF0C-5A2F-4686-909B-7F43F1450A28/data/Containers/Bundle/Application/A9F655A3-0926-4F6C-86A8-550A408CDD2E/NeonDrift.run.1782396777.5888.app/ <com.DefaultCompany.NeonDrift.run.1782396777.5888 <installed >:0>
2026-06-25 22:13:49.512 Df liveactivitiesd[90852:4b1c6b] [com.apple.launchservices:appinstallation] Received applicationsDidInstall:(
    "<LSApplicationProxy: 0x105e9dbc0> com.DefaultCompany.NeonDrift.run.1782396777.5888 file:///Users/dragonkao/Library/Developer/CoreSimulator/Devices/115FDF0C-5A2F-4686-909B-7F43F1450A28/data/Containers/Bundle/Application/A9F655A3-0926-4F6C-86A8-550A408CDD2E/NeonDrift.run.1782396777.5888.app/ <com.DefaultCompany.NeonDrift.run.1782396777.5888 <installed >:0>"
)
2026-06-25 22:13:49.512 Df profiled[90891:4a77ed] [com.apple.appinstallation:TransactionLog] com.DefaultCompany.NeonDrift.run.1782396777.5888/Unknown Persona:5:8:3:1:applicationsDidInstall <LSApplicationProxy: 0x1017fc0c0> com.DefaultCompany.NeonDrift.run.1782396777.5888 file:///Users/dragonkao/Library/Developer/CoreSimulator/Devices/115FDF0C-5A2F-4686-909B-7F43F1450A28/data/Containers/Bundle/Application/A9F655A3-0926-4F6C-86A8-550A408CDD2E/NeonDrift.run.1782396777.5888.app/ <com.DefaultCompany.NeonDrift.run.1782396777.5888 <installed >:0>
2026-06-25 22:13:49.512 Df nsurlsessiond[90835:4b0f3f] [com.apple.launchservices:appinstallation] Received applicationsDidInstall:(
    "<LSApplicationProxy: 0x103e15140> com.DefaultCompany.NeonDrift.run.1782396777.5888 file:///Users/dragonkao/Library/Developer/CoreSimulator/Devices/115FDF0C-5A2F-4686-909B-7F43F1450A28/data/Containers/Bundle/Application/A9F655A3-0926-4F6C-86A8-550A408CDD2E/NeonDrift.run.1782396777.5888.app/ <com.DefaultCompany.NeonDrift.run.1782396777.5888 <installed >:0>"
)
2026-06-25 22:13:49.512 Df webbookmarksd[90911:4b1c8d] [com.apple.launchservices:appinstallation] Received applicationsDidInstall:(
    "<LSApplicationProxy: 0x1061b8000> com.DefaultCompany.NeonDrift.run.1782396777.5888 file:///Users/dragonkao/Library/Developer/CoreSimulator/Devices/115FDF0C-5A2F-4686-909B-7F43F1450A28/data/Containers/Bundle/Application/A9F655A3-0926-4F6C-86A8-550A408CDD2E/NeonDrift.run.1782396777.5888.app/ <com.DefaultCompany.NeonDrift.run.1782396777.5888 <installed >:0>"
)
2026-06-25 22:13:49.513 Df installd[91079:4b1c5e] [com.apple.appinstallation:TransactionLog] com.DefaultCompany.NeonDrift.run.1782396777.5888/com.apple.containermanager.primary-persona:7:5:2:1:Success (End) : Install (New)
2026-06-25 22:13:49.513 Df passd[90816:4b1c6e] [com.apple.launchservices:appinstallation] Received applicationsDidInstall:(
    "<LSApplicationProxy: 0x10a4a98c0> com.DefaultCompany.NeonDrift.run.1782396777.5888 file:///Users/dragonkao/Library/Developer/CoreSimulator/Devices/115FDF0C-5A2F-4686-909B-7F43F1450A28/data/Containers/Bundle/Application/A9F655A3-0926-4F6C-86A8-550A408CDD2E/NeonDrift.run.1782396777.5888.app/ <com.DefaultCompany.NeonDrift.run.1782396777.5888 <installed >:0>"
)
2026-06-25 22:13:49.513 Df callservicesd[90869:4ab87d] [com.apple.appinstallation:TransactionLog] com.DefaultCompany.NeonDrift.run.1782396777.5888/Unknown Persona:5:8:3:1:applicationsDidInstall <LSApplicationProxy: 0x106f20f00> com.DefaultCompany.NeonDrift.run.1782396777.5888 file:///Users/dragonkao/Library/Developer/CoreSimulator/Devices/115FDF0C-5A2F-4686-909B-7F43F1450A28/data/Containers/Bundle/Application/A9F655A3-0926-4F6C-86A8-550A408CDD2E/NeonDrift.run.1782396777.5888.app/ <com.DefaultCompany.NeonDrift.run.1782396777.5888 <installed >:0>
2026-06-25 22:13:49.513 Df locationd[90811:4a97b5] [com.apple.launchservices:appinstallation] Received applicationsDidInstall:(
    "<LSApplicationProxy: 0x107b946c0> com.DefaultCompany.NeonDrift.run.1782396777.5888 file:///Users/dragonkao/Library/Developer/CoreSimulator/Devices/115FDF0C-5A2F-4686-909B-7F43F1450A28/data/Containers/Bundle/Application/A9F655A3-0926-4F6C-86A8-550A408CDD2E/NeonDrift.run.1782396777.5888.app/ <com.DefaultCompany.NeonDrift.run.1782396777.5888 <installed >:0>"
)
2026-06-25 22:13:49.513 Df sleepd[90814:4b1c7d] [com.apple.appinstallation:TransactionLog] com.DefaultCompany.NeonDrift.run.1782396777.5888/Unknown Persona:5:8:3:1:applicationsDidInstall <LSApplicationProxy: 0x1036603c0> com.DefaultCompany.NeonDrift.run.1782396777.5888 file:///Users/dragonkao/Library/Developer/CoreSimulator/Devices/115FDF0C-5A2F-4686-909B-7F43F1450A28/data/Containers/Bundle/Application/A9F655A3-0926-4F6C-86A8-550A408CDD2E/NeonDrift.run.1782396777.5888.app/ <com.DefaultCompany.NeonDrift.run.1782396777.5888 <installed >:0>
2026-06-25 22:13:49.513 Df PosterBoard[90877:4b1cb9] [com.apple.appinstallation:TransactionLog] com.DefaultCompany.NeonDrift.run.1782396777.5888/Unknown Persona:5:8:3:1:applicationsDidInstall <LSApplicationProxy: 0x108a85c80> com.DefaultCompany.NeonDrift.run.1782396777.5888 file:///Users/dragonkao/Library/Developer/CoreSimulator/Devices/115FDF0C-5A2F-4686-909B-7F43F1450A28/data/Containers/Bundle/Application/A9F655A3-0926-4F6C-86A8-550A408CDD2E/NeonDrift.run.1782396777.5888.app/ <com.DefaultCompany.NeonDrift.run.1782396777.5888 <installed >:0>
2026-06-25 22:13:49.513 Df clipserviced[91222:41cfc4] [com.apple.launchservices:appinstallation] Received applicationsDidInstall:(
    "<LSApplicationProxy: 0x103dac000> com.DefaultCompany.NeonDrift.run.1782396777.5888 file:///Users/dragonkao/Library/Developer/CoreSimulator/Devices/115FDF0C-5A2F-4686-909B-7F43F1450A28/data/Containers/Bundle/Application/A9F655A3-0926-4F6C-86A8-550A408CDD2E/NeonDrift.run.1782396777.5888.app/ <com.DefaultCompany.NeonDrift.run.1782396777.5888 <installed >:0>"
)
2026-06-25 22:13:49.513 Df financed[90909:4b1c79] [com.apple.appinstallation:TransactionLog] com.DefaultCompany.NeonDrift.run.1782396777.5888/Unknown Persona:5:8:3:1:applicationsDidInstall <LSApplicationProxy: 0x10999b300> com.DefaultCompany.NeonDrift.run.1782396777.5888 file:///Users/dragonkao/Library/Developer/CoreSimulator/Devices/115FDF0C-5A2F-4686-909B-7F43F1450A28/data/Containers/Bundle/Application/A9F655A3-0926-4F6C-86A8-550A408CDD2E/NeonDrift.run.1782396777.5888.app/ <com.DefaultCompany.NeonDrift.run.1782396777.5888 <installed >:0>
2026-06-25 22:13:49.513 Df callservicesd[90869:4ab87d] [com.apple.calls.copresencecore:Default] Invalidating cached value for bundle identifier: com.DefaultCompany.NeonDrift.run.1782396777.5888
2026-06-25 22:13:49.513 Df runningboardd[90790:4b1a29] [com.apple.launchservices:appinstallation] Received applicationsDidInstall:(
    "<LSApplicationProxy: 0x10999c000> com.DefaultCompany.NeonDrift.run.1782396777.5888 file:///Users/dragonkao/Library/Developer/CoreSimulator/Devices/115FDF0C-5A2F-4686-909B-7F43F1450A28/data/Containers/Bundle/Application/A9F655A3-0926-4F6C-86A8-550A408CDD2E/NeonDrift.run.1782396777.5888.app/ <com.DefaultCompany.NeonDrift.run.1782396777.5888 <installed >:0>"
)
2026-06-25 22:13:49.513 Df installd[91079:4b1c5e] (MobileSystemServices) 0x16dd2b000 -[MIInstaller _logOperationCompletionWithStartTime:distributorID:]: Install successful for (Developer:com.DefaultCompany.NeonDrift.run.1782396777.5888) [Distributor: (null)]; Staging: 0.00s; Waiting: 0.00s; Preflight/Patch: 0.00s, Verifying: 0.00s; Overall: 0.04s
2026-06-25 22:13:49.513 Df deviceaccessd[90898:41cfc1] [com.apple.launchservices:appinstallation] Received applicationsDidInstall:(
    "<LSApplicationProxy: 0x103970600> com.DefaultCompany.NeonDrift.run.1782396777.5888 file:///Users/dragonkao/Library/Developer/CoreSimulator/Devices/115FDF0C-5A2F-4686-909B-7F43F1450A28/data/Containers/Bundle/Application/A9F655A3-0926-4F6C-86A8-550A408CDD2E/NeonDrift.run.1782396777.5888.app/ <com.DefaultCompany.NeonDrift.run.1782396777.5888 <installed >:0>"
)
2026-06-25 22:13:49.513 Df gamed[90894:4b1c8c] [com.apple.launchservices:appinstallation] Received applicationsDidInstall:(
    "<LSApplicationProxy: 0x101b303c0> com.DefaultCompany.NeonDrift.run.1782396777.5888 file:///Users/dragonkao/Library/Developer/CoreSimulator/Devices/115FDF0C-5A2F-4686-909B-7F43F1450A28/data/Containers/Bundle/Application/A9F655A3-0926-4F6C-86A8-550A408CDD2E/NeonDrift.run.1782396777.5888.app/ <com.DefaultCompany.NeonDrift.run.1782396777.5888 <installed >:0>"
)
2026-06-25 22:13:49.513 Df donotdisturbd[90834:4ae69f] [com.apple.launchservices:appinstallation] Received applicationsDidInstall:(
    "<LSApplicationProxy: 0x1015d9680> com.DefaultCompany.NeonDrift.run.1782396777.5888 file:///Users/dragonkao/Library/Developer/CoreSimulator/Devices/115FDF0C-5A2F-4686-909B-7F43F1450A28/data/Containers/Bundle/Application/A9F655A3-0926-4F6C-86A8-550A408CDD2E/NeonDrift.run.1782396777.5888.app/ <com.DefaultCompany.NeonDrift.run.1782396777.5888 <installed >:0>"
)
2026-06-25 22:13:49.514 Df callservicesd[90869:4ab87d] [com.apple.calls.copresencecore:Default] Invalidating cached value for bundle identifier: com.DefaultCompany.NeonDrift.run.1782396777.5888
2026-06-25 22:13:49.514 Df SpringBoard[90784:4b1487] [com.apple.launchservices:appinstallation] Received applicationsDidInstall:(
    "<LSApplicationProxy: 0x123a35080> com.DefaultCompany.NeonDrift.run.1782396777.5888 file:///Users/dragonkao/Library/Developer/CoreSimulator/Devices/115FDF0C-5A2F-4686-909B-7F43F1450A28/data/Containers/Bundle/Application/A9F655A3-0926-4F6C-86A8-550A408CDD2E/NeonDrift.run.1782396777.5888.app/ <com.DefaultCompany.NeonDrift.run.1782396777.5888 <installed >:0>"
)
2026-06-25 22:13:49.514 Df healthd[90797:4a6985] [com.apple.launchservices:appinstallation] Received applicationsDidInstall:(
    "<LSApplicationProxy: 0x1036912c0> com.DefaultCompany.NeonDrift.run.1782396777.5888 file:///Users/dragonkao/Library/Developer/CoreSimulator/Devices/115FDF0C-5A2F-4686-909B-7F43F1450A28/data/Containers/Bundle/Application/A9F655A3-0926-4F6C-86A8-550A408CDD2E/NeonDrift.run.1782396777.5888.app/ <com.DefaultCompany.NeonDrift.run.1782396777.5888 <installed >:0>"
)
2026-06-25 22:13:49.514 Df healthappd[52537:4934c3] [com.apple.launchservices:appinstallation] Received applicationsDidInstall:(
    "<LSApplicationProxy: 0x10d88c000> com.DefaultCompany.NeonDrift.run.1782396777.5888 file:///Users/dragonkao/Library/Developer/CoreSimulator/Devices/115FDF0C-5A2F-4686-909B-7F43F1450A28/data/Containers/Bundle/Application/A9F655A3-0926-4F6C-86A8-550A408CDD2E/NeonDrift.run.1782396777.5888.app/ <com.DefaultCompany.NeonDrift.run.1782396777.5888 <installed >:0>"
)
2026-06-25 22:13:49.514 Df lsd[90836:4b1c84] [com.apple.launchservices:progress] Sent distributed notification com.apple.LaunchServices.applicationRegistered with payload {
    bundleIDs =     (
        "com.DefaultCompany.NeonDrift.run.1782396777.5888"
    );
    isPlaceholder = 0;
}
