2026-06-24 01:35:28.668 Df installcoordinationd[55453:99a040] [com.apple.installcoordination:daemon] -[IXSDataPromise _setPercentComplete:saveStateIfNeeded:]: Progress: <IXSPromisedTransferToPath(0x105ce6580) Name:Icon resources for com.DefaultCompany.NeonDrift Creator:InstallCoordination Simple SPI UUID:B8F3E83E-D4AD-4F0F-B095-23FDA06944FF Location:[system-defined]>
2026-06-24 01:35:28.668 Df installcoordinationd[55453:99a0dd] [com.apple.installcoordination:daemon] -[IXSDataPromiseManager promiseDidBegin:]: Unowned promise began: <IXSPromisedTransferToPath(0x105ce6580) Name:Icon resources for com.DefaultCompany.NeonDrift Creator:InstallCoordination Simple SPI UUID:B8F3E83E-D4AD-4F0F-B095-23FDA06944FF Location:[system-defined]>
2026-06-24 01:35:28.668 Df installcoordinationd[55453:99a0dd] [com.apple.installcoordination:daemon] -[IXSDataPromiseManager promise:didUpdateProgress:]: Unowned promise update progress to 1.000000 : <IXSPromisedTransferToPath(0x105ce6580) Name:Icon resources for com.DefaultCompany.NeonDrift Creator:InstallCoordination Simple SPI UUID:B8F3E83E-D4AD-4F0F-B095-23FDA06944FF Location:[system-defined]>
2026-06-24 01:35:28.669 Df installcoordinationd[55453:99a040] [com.apple.installcoordination:daemon] -[IXSDataPromiseManager promiseDidComplete:]: Unowned promise completed: <IXSPromisedTransferToPath(0x105ce6580) Name:Icon resources for com.DefaultCompany.NeonDrift Creator:InstallCoordination Simple SPI UUID:B8F3E83E-D4AD-4F0F-B095-23FDA06944FF Location:[system-defined]>
2026-06-24 01:35:28.670 Df installcoordinationd[55453:99a0dd] [com.apple.installcoordination:daemon] -[IXSDataPromise _setPercentComplete:saveStateIfNeeded:]: Progress: <IXSPromisedInMemoryDictionary(0x105ce5080) Name:Info.plist icon content for com.DefaultCompany.NeonDrift Creator:InstallCoordination Simple SPI UUID:532CDA6C-205A-499C-9F96-EC1D6F3A18AE Location:[system-defined]>
2026-06-24 01:35:28.670 Df installcoordinationd[55453:99a0dd] [com.apple.installcoordination:daemon] -[IXSDataPromiseManager registerPromise:]: Registered promise <IXSPromisedInMemoryDictionary(0x105ce5080) Name:Info.plist icon content for com.DefaultCompany.NeonDrift Creator:InstallCoordination Simple SPI UUID:532CDA6C-205A-499C-9F96-EC1D6F3A18AE Location:[system-defined]> for UUID 532CDA6C-205A-499C-9F96-EC1D6F3A18AE
2026-06-24 01:35:28.670 Df installcoordinationd[55453:99a040] [com.apple.installcoordination:daemon] -[IXSDataPromiseManager promiseDidBegin:]: Unowned promise began: <IXSPromisedInMemoryDictionary(0x105ce5080) Name:Info.plist icon content for com.DefaultCompany.NeonDrift Creator:InstallCoordination Simple SPI UUID:532CDA6C-205A-499C-9F96-EC1D6F3A18AE Location:[system-defined]>
2026-06-24 01:35:28.670 Df installcoordinationd[55453:99a040] [com.apple.installcoordination:daemon] -[IXSDataPromiseManager promise:didUpdateProgress:]: Unowned promise update progress to 1.000000 : <IXSPromisedInMemoryDictionary(0x105ce5080) Name:Info.plist icon content for com.DefaultCompany.NeonDrift Creator:InstallCoordination Simple SPI UUID:532CDA6C-205A-499C-9F96-EC1D6F3A18AE Location:[system-defined]>
2026-06-24 01:35:28.670 Df installcoordinationd[55453:99a040] [com.apple.installcoordination:daemon] -[IXSDataPromiseManager promiseDidComplete:]: Unowned promise completed: <IXSPromisedInMemoryDictionary(0x105ce5080) Name:Info.plist icon content for com.DefaultCompany.NeonDrift Creator:InstallCoordination Simple SPI UUID:532CDA6C-205A-499C-9F96-EC1D6F3A18AE Location:[system-defined]>
2026-06-24 01:35:28.670 Df installcoordinationd[55453:99a0dd] [com.apple.installcoordination:daemon] -[IXSPlaceholder setIconResourcesPromise:]: <IXSPlaceholder(0x105d0c500) Name:App Placeholder: NeonDrift (com.DefaultCompany.NeonDrift) Creator:InstallCoordination Simple SPI UUID:822C3201-9B9A-4B3C-9957-2B558054B49C Location:[system-defined]>: setting icon resources promise to <IXSPromisedTransferToPath(0x105ce6580) Name:Icon resources for com.DefaultCompany.NeonDrift Creator:InstallCoordination Simple SPI UUID:B8F3E83E-D4AD-4F0F-B095-23FDA06944FF Location:[system-defined]>
2026-06-24 01:35:28.671 Df installcoordinationd[55453:99a0dd] [com.apple.installcoordination:daemon] -[IXSPlaceholder setInfoPlistIconContentPromise:]: <IXSPlaceholder(0x105d0c500) Name:App Placeholder: NeonDrift (com.DefaultCompany.NeonDrift) Creator:InstallCoordination Simple SPI UUID:822C3201-9B9A-4B3C-9957-2B558054B49C Location:[system-defined]>: setting Info.plist icon content promise to <IXSPromisedInMemoryDictionary(0x105ce5080) Name:Info.plist icon content for com.DefaultCompany.NeonDrift Creator:InstallCoordination Simple SPI UUID:532CDA6C-205A-499C-9F96-EC1D6F3A18AE Location:[system-defined]>
2026-06-24 01:35:28.672 Df installcoordinationd[55453:99a040] [com.apple.installcoordination:daemon] -[IXSDataPromiseManager promiseDidBegin:]: Unowned promise began: <IXSPlaceholder(0x105d0c500) Name:App Placeholder: NeonDrift (com.DefaultCompany.NeonDrift) Creator:InstallCoordination Simple SPI UUID:822C3201-9B9A-4B3C-9957-2B558054B49C Location:[system-defined]>
2026-06-24 01:35:28.672 Df installcoordinationd[55453:99a040] [com.apple.installcoordination:daemon] -[IXSDataPromiseManager promise:didUpdateProgress:]: Unowned promise update progress to 0.000000 : <IXSPlaceholder(0x105d0c500) Name:App Placeholder: NeonDrift (com.DefaultCompany.NeonDrift) Creator:InstallCoordination Simple SPI UUID:822C3201-9B9A-4B3C-9957-2B558054B49C Location:[system-defined]>
2026-06-24 01:35:28.672 Df installcoordinationd[55453:99a040] [com.apple.installcoordination:daemon] -[IXSDataPromiseManager promise:didUpdateProgress:]: Unowned promise update progress to 0.000000 : <IXSPlaceholder(0x105d0c500) Name:App Placeholder: NeonDrift (com.DefaultCompany.NeonDrift) Creator:InstallCoordination Simple SPI UUID:822C3201-9B9A-4B3C-9957-2B558054B49C Location:[system-defined]>
2026-06-24 01:35:28.672 Df installcoordinationd[55453:99a040] [com.apple.installcoordination:daemon] -[IXSDataPromise _setPercentComplete:saveStateIfNeeded:]: Progress: <IXSPromisedInMemoryDictionary(0x105ce6800) Name:Localizations for com.DefaultCompany.NeonDrift Creator:InstallCoordination Simple SPI UUID:D27834C5-217B-48F3-9C19-82C9588DA977 Location:[system-defined]>
2026-06-24 01:35:28.673 Df installcoordinationd[55453:99a040] [com.apple.installcoordination:daemon] -[IXSDataPromiseManager registerPromise:]: Registered promise <IXSPromisedInMemoryDictionary(0x105ce6800) Name:Localizations for com.DefaultCompany.NeonDrift Creator:InstallCoordination Simple SPI UUID:D27834C5-217B-48F3-9C19-82C9588DA977 Location:[system-defined]> for UUID D27834C5-217B-48F3-9C19-82C9588DA977
2026-06-24 01:35:28.673 Df installcoordinationd[55453:99a0dd] [com.apple.installcoordination:daemon] -[IXSDataPromiseManager promiseDidBegin:]: Unowned promise began: <IXSPromisedInMemoryDictionary(0x105ce6800) Name:Localizations for com.DefaultCompany.NeonDrift Creator:InstallCoordination Simple SPI UUID:D27834C5-217B-48F3-9C19-82C9588DA977 Location:[system-defined]>
2026-06-24 01:35:28.673 Df installcoordinationd[55453:99a0dd] [com.apple.installcoordination:daemon] -[IXSDataPromiseManager promise:didUpdateProgress:]: Unowned promise update progress to 1.000000 : <IXSPromisedInMemoryDictionary(0x105ce6800) Name:Localizations for com.DefaultCompany.NeonDrift Creator:InstallCoordination Simple SPI UUID:D27834C5-217B-48F3-9C19-82C9588DA977 Location:[system-defined]>
2026-06-24 01:35:28.673 Df installcoordinationd[55453:99a0dd] [com.apple.installcoordination:daemon] -[IXSDataPromiseManager promiseDidComplete:]: Unowned promise completed: <IXSPromisedInMemoryDictionary(0x105ce6800) Name:Localizations for com.DefaultCompany.NeonDrift Creator:InstallCoordination Simple SPI UUID:D27834C5-217B-48F3-9C19-82C9588DA977 Location:[system-defined]>
2026-06-24 01:35:28.673 Df installcoordinationd[55453:99a040] [com.apple.installcoordination:daemon] -[IXSPlaceholder setLocalizationDictionaryPromise:]: <IXSPlaceholder(0x105d0c500) Name:App Placeholder: NeonDrift (com.DefaultCompany.NeonDrift) Creator:InstallCoordination Simple SPI UUID:822C3201-9B9A-4B3C-9957-2B558054B49C Location:[system-defined]>: setting localization dict promise to <IXSPromisedInMemoryDictionary(0x105ce6800) Name:Localizations for com.DefaultCompany.NeonDrift Creator:InstallCoordination Simple SPI UUID:D27834C5-217B-48F3-9C19-82C9588DA977 Location:[system-defined]>
2026-06-24 01:35:28.674 Df installcoordinationd[55453:99a0dd] [com.apple.installcoordination:daemon] -[IXSDataPromiseManager promise:didUpdateProgress:]: Unowned promise update progress to 0.000000 : <IXSPlaceholder(0x105d0c500) Name:App Placeholder: NeonDrift (com.DefaultCompany.NeonDrift) Creator:InstallCoordination Simple SPI UUID:822C3201-9B9A-4B3C-9957-2B558054B49C Location:[system-defined]>
2026-06-24 01:35:28.674 Df installcoordinationd[55453:99a0dd] [com.apple.installcoordination:daemon] -[IXSPlaceholder setConfigurationComplete:]: <IXSPlaceholder(0x105d0c500) Name:App Placeholder: NeonDrift (com.DefaultCompany.NeonDrift) Creator:InstallCoordination Simple SPI UUID:822C3201-9B9A-4B3C-9957-2B558054B49C Location:[system-defined]>: setting configuration complete to Y
2026-06-24 01:35:28.674 Df installcoordinationd[55453:99a0dd] [com.apple.installcoordination:daemon] -[IXSPlaceholder _materialize]: <IXSPlaceholder(0x105d0c500) Name:App Placeholder: NeonDrift (com.DefaultCompany.NeonDrift) Creator:InstallCoordination Simple SPI UUID:822C3201-9B9A-4B3C-9957-2B558054B49C Location:[system-defined]>: Materializing placeholder at /Users/dragonkao/Library/Developer/CoreSimulator/Devices/CCB1E793-CED4-4FCD-BF73-321AAEA77AB9/data/Containers/Shared/SystemGroup/systemgroup.com.apple.installcoordinationd/Library/InstallCoordination/PromiseStaging/822C3201-9B9A-4B3C-9957-2B558054B49C/NeonDrift.app
2026-06-24 01:35:28.675 Df installcoordinationd[55453:99a0dd] [com.apple.installcoordination:daemon] -[IXSPlaceholder _materialize]: <IXSPlaceholder(0x105d0c500) Name:App Placeholder: NeonDrift (com.DefaultCompany.NeonDrift) Creator:InstallCoordination Simple SPI UUID:822C3201-9B9A-4B3C-9957-2B558054B49C Location:[system-defined]>: Using Info.plist icon content: {
    CFBundleIcons =     {
        CFBundlePrimaryIcon =         {
            CFBundleIconName = AppIcon;
        };
    };
    "CFBundleIcons~ipad" =     {
        CFBundlePrimaryIcon =         {
            CFBundleIconName = AppIcon;
        };
    };
    ISIconPlatform = iPhoneOS;
}
2026-06-24 01:35:28.675 Df installcoordinationd[55453:99a0dd] [com.apple.installcoordination:daemon] -[IXSPlaceholder _materialize]_block_invoke: <IXSPlaceholder(0x105d0c500) Name:App Placeholder: NeonDrift (com.DefaultCompany.NeonDrift) Creator:InstallCoordination Simple SPI UUID:822C3201-9B9A-4B3C-9957-2B558054B49C Location:[system-defined]>: Using icon resource Assets.car
2026-06-24 01:35:28.675 Df installcoordinationd[55453:99a0dd] [com.apple.installcoordination:daemon] -[IXSPlaceholder _materialize]: <IXSPlaceholder(0x105d0c500) Name:App Placeholder: NeonDrift (com.DefaultCompany.NeonDrift) Creator:InstallCoordination Simple SPI UUID:822C3201-9B9A-4B3C-9957-2B558054B49C Location:[system-defined]>: Including lproj localizations for (
)
2026-06-24 01:35:28.676 Df installcoordinationd[55453:99a040] [com.apple.installcoordination:daemon] -[IXSDataPromiseManager promiseDidComplete:]: Unowned promise completed: <IXSPlaceholder(0x105d0c500) Name:App Placeholder: NeonDrift (com.DefaultCompany.NeonDrift) Creator:InstallCoordination Simple SPI UUID:822C3201-9B9A-4B3C-9957-2B558054B49C Location:[system-defined]>
2026-06-24 01:35:28.676 Df installcoordinationd[55453:99a0dd] [com.apple.installcoordination:daemon] -[IXSDataPromiseManager registerPromise:]: Registered promise <IXSPromisedTransferToPath(0x105ce5280) Name:App Asset: com.DefaultCompany.NeonDrift Creator:InstallCoordination Simple SPI UUID:7C69A67C-0BBE-4895-8B57-FDC86A2638EA Location:[system-defined]> for UUID 7C69A67C-0BBE-4895-8B57-FDC86A2638EA
2026-06-24 01:35:28.678 Df installcoordinationd[55453:99a0dd] [com.apple.installcoordination:daemon] -[IXSCoordinatorManager coordinatorForIdentity:connection:error:creatingIfNotExisting:]_block_invoke: Registered coordinator: <IXSCoordinatedAppInstall<0x105df4000> [P=CoreSimulatorBridge (pid 16923)] identifier:[com.DefaultCompany.NeonDrift/Invalid/[system-defined]] uuid:E1E809AF-4673-493B-A0DB-8F500FE1BCB2 intent:IXCoordinatorIntentUpdating creator/appDRI:InstallCoordination Simple SPI importance:Background state:IXAppCoordinationStatePlaceholderPromiseNotSet promise-state:01234>
2026-06-24 01:35:28.678 Df installcoordinationd[55453:99a0dd] [com.apple.appinstallation:TransactionLog] com.DefaultCompany.NeonDrift/Unknown Persona:4:2:1:1:Created coordinator with intent IXCoordinatorIntentUpdating for client InstallCoordination Simple SPI
2026-06-24 01:35:28.678 Df installcoordinationd[55453:99a0dd] [com.apple.installcoordination:daemon] -[IXSCoordinatedAppInstall setPriorityBoostCompletion:withSourceInfo:]: <IXSCoordinatedAppInstall<0x105df4000> [P=CoreSimulatorBridge (pid 16923)] identifier:[com.DefaultCompany.NeonDrift/Invalid/[system-defined]] uuid:E1E809AF-4673-493B-A0DB-8F500FE1BCB2 intent:IXCoordinatorIntentUpdating creator/appDRI:InstallCoordination Simple SPI importance:Background state:IXAppCoordinationStatePlaceholderPromiseNotSet promise-state:01234>: Retaining completion from CoreSimulatorBridge (16923), QOS_CLASS_DEFAULT (0x15)
2026-06-24 01:35:28.678 Df installcoordinationd[55453:99a0dd] [com.apple.installcoordination:daemon] -[IXSCoordinatedAppInstall setImportance:]: <IXSCoordinatedAppInstall<0x105df4000> [P=CoreSimulatorBridge (pid 16923)] identifier:[com.DefaultCompany.NeonDrift/Invalid/[system-defined]] uuid:E1E809AF-4673-493B-A0DB-8F500FE1BCB2 intent:IXCoordinatorIntentUpdating creator/appDRI:InstallCoordination Simple SPI importance:UserWaiting state:IXAppCoordinationStatePlaceholderPromiseNotSet promise-state:01234>: set importance to UserWaiting
2026-06-24 01:35:28.679 Df installcoordinationd[55453:99a0dd] [com.apple.installcoordination:daemon] -[IXSCoordinatedAppInstall _onQueue_fireObserversForClient:]: <IXSCoordinatedAppInstall<0x105df4000> [P=CoreSimulatorBridge (pid 16923)] identifier:[com.DefaultCompany.NeonDrift/Invalid/[system-defined]] uuid:E1E809AF-4673-493B-A0DB-8F500FE1BCB2 intent:IXCoordinatorIntentUpdating creator/appDRI:InstallCoordination Simple SPI importance:UserWaiting state:IXAppCoordinationStatePlaceholderPromiseNotSet promise-state:01234>: Firing applicable observers for client <IXSClientConnection<0x105c44480> client:CoreSimulatorBridge (pid 16923) uuid:807850CD-602B-4881-A92F-9CDF1896469D>
2026-06-24 01:35:28.679 Df CoreSimulatorBridge[16923:99a04a] [com.apple.installcoordination:framework] -[IXAppInstallCoordinator _clientDelegate_didRegisterForObservation]: <IXUpdatingAppInstallCoordinator<0x1055ce540> identity:[com.DefaultCompany.NeonDrift/Invalid/[system-defined]] uuid:E1E809AF-4673-493B-A0DB-8F500FE1BCB2 creator:InstallCoordination Simple SPI>: Got observer registration delegate
2026-06-24 01:35:28.679 Df installcoordinationd[55453:99a0dd] [com.apple.installcoordination:daemon] -[IXSCoordinatedAppInstall setPriorityBoostCompletion:withSourceInfo:]: <IXSCoordinatedAppInstall<0x105df4000> [P=CoreSimulatorBridge (pid 16923)] identifier:[com.DefaultCompany.NeonDrift/Invalid/[system-defined]] uuid:E1E809AF-4673-493B-A0DB-8F500FE1BCB2 intent:IXCoordinatorIntentUpdating creator/appDRI:InstallCoordination Simple SPI importance:UserWaiting state:IXAppCoordinationStatePlaceholderPromiseNotSet promise-state:01234>: Disposing of completion from CoreSimulatorBridge (16923), QOS_CLASS_DEFAULT (0x15)
2026-06-24 01:35:28.679 Df CoreSimulatorBridge[16923:99a04a] [com.apple.installcoordination:framework] -[IXAppInstallCoordinator _clientDelegate_shouldResume]: <IXUpdatingAppInstallCoordinator<0x1055ce540> identity:[com.DefaultCompany.NeonDrift/Invalid/[system-defined]] uuid:E1E809AF-4673-493B-A0DB-8F500FE1BCB2 creator:InstallCoordination Simple SPI>: Got should resume delegate
2026-06-24 01:35:28.679 Df CoreSimulatorBridge[16923:98f9fd] [com.apple.installcoordination:framework] -[IXAppInstallCoordinator _clientDelegate_didRegisterForObservation]_block_invoke: <IXUpdatingAppInstallCoordinator<0x1055ce540> identity:[com.DefaultCompany.NeonDrift/Invalid/[system-defined]] uuid:E1E809AF-4673-493B-A0DB-8F500FE1BCB2 creator:InstallCoordination Simple SPI>: Observer <_IXSimpleInstallerDelegate 0x0x1055d4c60> does not respond to coordinatorDidRegisterForObservation:
2026-06-24 01:35:28.679 Df installcoordinationd[55453:99a0dd] [com.apple.installcoordination:daemon] -[IXSCoordinatedAppInstall setPriorityBoostCompletion:withSourceInfo:]: <IXSCoordinatedAppInstall<0x105df4000> [P=CoreSimulatorBridge (pid 16923)] identifier:[com.DefaultCompany.NeonDrift/Invalid/[system-defined]] uuid:E1E809AF-4673-493B-A0DB-8F500FE1BCB2 intent:IXCoordinatorIntentUpdating creator/appDRI:InstallCoordination Simple SPI importance:UserWaiting state:IXAppCoordinationStatePlaceholderPromiseNotSet promise-state:01234>: Retaining completion from CoreSimulatorBridge (16923), QOS_CLASS_DEFAULT (0x15)
2026-06-24 01:35:28.679 Df CoreSimulatorBridge[16923:98f9fd] [com.apple.installcoordination:framework] -[IXAppInstallCoordinator _clientDelegate_shouldResume]_block_invoke: <IXUpdatingAppInstallCoordinator<0x1055ce540> identity:[com.DefaultCompany.NeonDrift/Invalid/[system-defined]] uuid:E1E809AF-4673-493B-A0DB-8F500FE1BCB2 creator:InstallCoordination Simple SPI>: Observer <_IXSimpleInstallerDelegate 0x0x1055d4c60> does not respond to coordinatorShouldResume:
2026-06-24 01:35:28.681 Df installcoordinationd[55453:99a0dd] [com.apple.installcoordination:daemon] -[IXSCoordinatedAppInstall _internal_setInstallOptionsPromise:performExternalActions:]: <IXSCoordinatedAppInstall<0x105df4000> [P=CoreSimulatorBridge (pid 16923)] identifier:[com.DefaultCompany.NeonDrift/Invalid/[system-defined]] uuid:E1E809AF-4673-493B-A0DB-8F500FE1BCB2 intent:IXCoordinatorIntentUpdating creator/appDRI:InstallCoordination Simple SPI importance:UserWaiting state:IXAppCoordinationStatePlaceholderPromiseNotSet promise-state:012I4> : install options set: <IXSPromisedInMemoryData(0x105ce5800) Name:MIInstallOptions data Creator:Install Coordination Internal UUID:1DF2DF2F-FE86-47A8-A523-207E2642B5A1 Location:[system-defined]>
2026-06-24 01:35:28.681 Df installcoordinationd[55453:99a907] [com.apple.installcoordination:daemon] -[IXSCoordinatedAppInstall promiseDidComplete:]: <IXSCoordinatedAppInstall<0x105df4000> [P=CoreSimulatorBridge (pid 16923)] identifier:[com.DefaultCompany.NeonDrift/Invalid/[system-defined]] uuid:E1E809AF-4673-493B-A0DB-8F500FE1BCB2 intent:IXCoordinatorIntentUpdating creator/appDRI:InstallCoordination Simple SPI importance:UserWaiting state:IXAppCoordinationStatePlaceholderPromiseNotSet promise-state:012I4> : Promise completed: <IXSPromisedInMemoryData(0x105ce5800) Name:MIInstallOptions data Creator:Install Coordination Internal UUID:1DF2DF2F-FE86-47A8-A523-207E2642B5A1 Location:[system-defined]>
2026-06-24 01:35:28.682 Df installcoordinationd[55453:99a907] [com.apple.appinstallation:TransactionLog] com.DefaultCompany.NeonDrift/Unknown Persona:4:13:1:1:Install Options Promise began. Coordinator State: IXAppCoordinationStatePlaceholderPromiseNotSet
2026-06-24 01:35:28.682 Df installcoordinationd[55453:99a907] [com.apple.appinstallation:TransactionLog] com.DefaultCompany.NeonDrift/Unknown Persona:4:13:2:1:Install Options Promise completed. Coordinator State: IXAppCoordinationStatePlaceholderPromiseNotSet
2026-06-24 01:35:28.682 Df installcoordinationd[55453:99a907] [com.apple.installcoordination:daemon] -[IXSCoordinatedAppInstall _internal_setAppAssetPromise:performExternalActions:]: <IXSCoordinatedAppInstall<0x105df4000> [P=CoreSimulatorBridge (pid 16923)] identifier:[com.DefaultCompany.NeonDrift/Invalid/[system-defined]] uuid:E1E809AF-4673-493B-A0DB-8F500FE1BCB2 intent:IXCoordinatorIntentUpdating creator/appDRI:InstallCoordination Simple SPI importance:UserWaiting state:IXAppCoordinationStatePlaceholderPromiseNotSet promise-state:0a2I4> : App Asset Promise set: <IXSPromisedTransferToPath(0x105ce5280) Name:App Asset: com.DefaultCompany.NeonDrift Creator:InstallCoordination Simple SPI UUID:7C69A67C-0BBE-4895-8B57-FDC86A2638EA Location:[system-defined]>
2026-06-24 01:35:28.682 Df installcoordinationd[55453:99a907] [com.apple.installcoordination:daemon] -[IXSCoordinatedAppInstall setInitialODRAssetPromises:]: <IXSCoordinatedAppInstall<0x105df4000> [P=CoreSimulatorBridge (pid 16923)] identifier:[com.DefaultCompany.NeonDrift/Invalid/[system-defined]] uuid:E1E809AF-4673-493B-A0DB-8F500FE1BCB2 intent:IXCoordinatorIntentUpdating creator/appDRI:InstallCoordination Simple SPI importance:UserWaiting state:IXAppCoordinationStatePlaceholderPromiseNotSet promise-state:0a2I4> : Initial ODR Asset Promises set: (
)
2026-06-24 01:35:28.683 Df CoreSimulatorBridge[16923:996465] [com.apple.installcoordination:framework] -[IXPromisedTransferToPath _performDeltaCopyFrom:toDestination:]: Performing delta copy from /Users/dragonkao/.openclaw/workspace/382b9e3384298039b171c9b2a60ae644/NeonDrift_MVP/project/xcode_derived_data/Build/Products/Release-iphonesimulator/NeonDrift.app to /Users/dragonkao/Library/Developer/CoreSimulator/Devices/CCB1E793-CED4-4FCD-BF73-321AAEA77AB9/data/Containers/Shared/SystemGroup/systemgroup.com.apple.installcoordinationd/Library/InstallCoordination/PromiseStaging/7C69A67C-0BBE-4895-8B57-FDC86A2638EA/NeonDrift.app with installed bundle at /Users/dragonkao/Library/Developer/CoreSimulator/Devices/CCB1E793-CED4-4FCD-BF73-321AAEA77AB9/data/Containers/Bundle/Application/FE43F965-38C4-4E66-A7FC-C89D85E5F4A6/NeonDrift.app
2026-06-24 01:35:28.684 Df CoreSimulatorBridge[16923:996465] (MobileSystemServices) 0x16dd03000 MDMCreateDeltaDirectory: calling MDMDirectoryDiff with:
state->old_bundle: /Users/dragonkao/Library/Developer/CoreSimulator/Devices/CCB1E793-CED4-4FCD-BF73-321AAEA77AB9/data/Containers/Bundle/Application/FE43F965-38C4-4E66-A7FC-C89D85E5F4A6/NeonDrift.app
state->new_bundle: /Users/dragonkao/.openclaw/workspace/382b9e3384298039b171c9b2a60ae644/NeonDrift_MVP/project/xcode_derived_data/Build/Products/Release-iphonesimulator/NeonDrift.app
state->dst_bundle: /Users/dragonkao/Library/Developer/CoreSimulator/Devices/CCB1E793-CED4-4FCD-BF73-321AAEA77AB9/data/Containers/Shared/SystemGroup/systemgroup.com.apple.installcoordinationd/Library/InstallCoordination/PromiseStaging/7C69A67C-0BBE-4895-8B57-FDC86A2638EA/NeonDrift.app/Payload//NeonDrift.app, binaryDiff flag: FALSE
	dst_ipa: /Users/dragonkao/Library/Developer/CoreSimulator/Devices/CCB1E793-CED4-4FCD-BF73-321AAEA77AB9/data/Containers/Shared/SystemGroup/systemgroup.com.apple.installcoordinationd/Library/InstallCoordination/PromiseStaging/7C69A<…>
2026-06-24 01:35:28.685 Df CoreSimulatorBridge[16923:996465] [com.apple.installcoordination:framework] -[IXPromisedTransferToPath setComplete:]: <IXPromisedTransferToPath<0x1055ce680> name:"App Asset: com.DefaultCompany.NeonDrift" uuid:7C69A67C-0BBE-4895-8B57-FDC86A2638EA creator:"InstallCoordination Simple SPI" location:[system-defined]> Delta Copy operation from /Users/dragonkao/.openclaw/workspace/382b9e3384298039b171c9b2a60ae644/NeonDrift_MVP/project/xcode_derived_data/Build/Products/Release-iphonesimulator/NeonDrift.app to /Users/dragonkao/Library/Developer/CoreSimulator/Devices/CCB1E793-CED4-4FCD-BF73-321AAEA77AB9/data/Containers/Shared/SystemGroup/systemgroup.com.apple.installcoordinationd/Library/InstallCoordination/PromiseStaging/7C69A67C-0BBE-4895-8B57-FDC86A2638EA/NeonDrift.app took 0.002489 seconds
2026-06-24 01:35:28.686 Df installcoordinationd[55453:99a907] [com.apple.installcoordination:daemon] -[IXSDataPromise _setPercentComplete:saveStateIfNeeded:]: Progress: <IXSPromisedTransferToPath(0x105ce5280) Name:App Asset: com.DefaultCompany.NeonDrift Creator:InstallCoordination Simple SPI UUID:7C69A67C-0BBE-4895-8B57-FDC86A2638EA Location:[system-defined]>
2026-06-24 01:35:28.686 Df installcoordinationd[55453:99a040] [com.apple.appinstallation:TransactionLog] com.DefaultCompany.NeonDrift/Unknown Persona:4:10:1:1:App Asset Promise began. Coordinator State: IXAppCoordinationStatePlaceholderPromiseNotSet
2026-06-24 01:35:28.686 Df CoreSimulatorBridge[16923:98f9fd] [com.apple.installcoordination:framework] -[IXAppInstallCoordinator _clientDelegate_promiseDidBeginFulfillmentWithIdentifier:]: <IXUpdatingAppInstallCoordinator<0x1055ce540> identity:[com.DefaultCompany.NeonDrift/Invalid/[system-defined]] uuid:E1E809AF-4673-493B-A0DB-8F500FE1BCB2 creator:InstallCoordination Simple SPI>: Got promise did begin fulfillment for identifier 2
2026-06-24 01:35:28.686 Df CoreSimulatorBridge[16923:98f9fd] [com.apple.installcoordination:framework] -[IXAppInstallCoordinator _clientDelegate_promiseDidBeginFulfillmentWithIdentifier:]_block_invoke: <IXUpdatingAppInstallCoordinator<0x1055ce540> identity:[com.DefaultCompany.NeonDrift/Invalid/[system-defined]] uuid:E1E809AF-4673-493B-A0DB-8F500FE1BCB2 creator:InstallCoordination Simple SPI>: Observer <_IXSimpleInstallerDelegate 0x0x1055d4c60> does not respond to coordinator:configuredPromiseDidBeginFulfillment: (or any deprecated equivalent)
2026-06-24 01:35:28.686 Df installcoordinationd[55453:99a0dd] [com.apple.installcoordination:daemon] -[IXSCoordinatedAppInstall promiseDidComplete:]: <IXSCoordinatedAppInstall<0x105df4000> [P=CoreSimulatorBridge (pid 16923)] identifier:[com.DefaultCompany.NeonDrift/Invalid/[system-defined]] uuid:E1E809AF-4673-493B-A0DB-8F500FE1BCB2 intent:IXCoordinatorIntentUpdating creator/appDRI:InstallCoordination Simple SPI importance:UserWaiting state:IXAppCoordinationStatePlaceholderPromiseNotSet promise-state:0A2I4> : Promise completed: <IXSPromisedTransferToPath(0x105ce5280) Name:App Asset: com.DefaultCompany.NeonDrift Creator:InstallCoordination Simple SPI UUID:7C69A67C-0BBE-4895-8B57-FDC86A2638EA Location:[system-defined]>
2026-06-24 01:35:28.686 Df installcoordinationd[55453:99a90a] [com.apple.appinstallation:TransactionLog] com.DefaultCompany.NeonDrift/Unknown Persona:4:10:2:1:App Asset Promise completed. Coordinator State: IXAppCoordinationStatePlaceholderPromiseNotSet
2026-06-24 01:35:28.686 Df CoreSimulatorBridge[16923:99a04a] [com.apple.installcoordination:framework] -[IXAppInstallCoordinator _clientDelegate_didUpdateProgress:forPhase:overallProgress:]: <IXUpdatingAppInstallCoordinator<0x1055ce540> identity:[com.DefaultCompany.NeonDrift/Invalid/[system-defined]] uuid:E1E809AF-4673-493B-A0DB-8F500FE1BCB2 creator:InstallCoordination Simple SPI>: Got did update progress delegate with percentComplete 100.000000 phase IXCoordinatorProgressPhaseLoading overallProgress 60.000000
2026-06-24 01:35:28.686 Df CoreSimulatorBridge[16923:99a04a] [com.apple.installcoordination:framework] -[IXAppInstallCoordinator _clientDelegate_didUpdateProgress:forPhase:overallProgress:]_block_invoke: <IXUpdatingAppInstallCoordinator<0x1055ce540> identity:[com.DefaultCompany.NeonDrift/Invalid/[system-defined]] uuid:E1E809AF-4673-493B-A0DB-8F500FE1BCB2 creator:InstallCoordination Simple SPI>: Calling selector coordinator:didUpdateProgress:forPhase:overallProgress: on observer <_IXSimpleInstallerDelegate 0x0x1055d4c60>
2026-06-24 01:35:28.686 Df installcoordinationd[55453:99a907] [com.apple.installcoordination:daemon] -[IXSCoordinatedAppInstall setPlaceholderPromise:]: <IXSCoordinatedAppInstall<0x105df4000> [P=CoreSimulatorBridge (pid 16923)] identifier:[com.DefaultCompany.NeonDrift/Invalid/[system-defined]] uuid:E1E809AF-4673-493B-A0DB-8F500FE1BCB2 intent:IXCoordinatorIntentUpdating creator/appDRI:InstallCoordination Simple SPI importance:UserWaiting state:IXAppCoordinationStateReadyForPlaceholderInstall promise-state:PA2I4> : Placeholder Promise set: <IXSPlaceholder(0x105d0c500) Name:App Placeholder: NeonDrift (com.DefaultCompany.NeonDrift) Creator:InstallCoordination Simple SPI UUID:822C3201-9B9A-4B3C-9957-2B558054B49C Location:[system-defined]>
2026-06-24 01:35:28.687 Df installcoordinationd[55453:99a0dd] [com.apple.installcoordination:daemon] -[IXSCoordinatedAppInstall promiseDidComplete:]: <IXSCoordinatedAppInstall<0x105df4000> [P=CoreSimulatorBridge (pid 16923)] identifier:[com.DefaultCompany.NeonDrift/Invalid/[system-defined]] uuid:E1E809AF-4673-493B-A0DB-8F500FE1BCB2 intent:IXCoordinatorIntentUpdating creator/appDRI:InstallCoordination Simple SPI importance:UserWaiting state:IXAppCoordinationStateReadyForPlaceholderInstall promise-state:PA2I4> : Promise completed: <IXSPlaceholder(0x105d0c500) Name:App Placeholder: NeonDrift (com.DefaultCompany.NeonDrift) Creator:InstallCoordination Simple SPI UUID:822C3201-9B9A-4B3C-9957-2B558054B49C Location:[system-defined]>
2026-06-24 01:35:28.687 Df installcoordinationd[55453:99a907] [com.apple.installcoordination:daemon] -[IXSCoordinatedAppInstall _onQueue_acquireAssertionAndInstallPlaceholder]: Acquiring termination assertion to install placeholder for [com.DefaultCompany.NeonDrift/Invalid/[system-defined]]
2026-06-24 01:35:28.687 Df installcoordinationd[55453:99a907] [com.apple.installcoordination:daemon] -[IXSPendingOperationsTracker beginPendingOperationForIdentity:]_block_invoke: Beginning pending operation for [com.DefaultCompany.NeonDrift/Invalid/[system-defined]]
2026-06-24 01:35:28.688 Df installcoordinationd[55453:99a0dd] [com.apple.runningboard:process] Hit the server for a process handle 161fadce000115df that resolved to: [app<com.DefaultCompany.NeonDrift((null))>:71135]
2026-06-24 01:35:28.688 Df runningboardd[16896:99a12f] [com.apple.runningboard:connection] Received termination request from [osservice<com.apple.installcoordinationd>:55453] on <RBSProcessPredicate <RBSProcessBundleIdentifierPredicate "com.DefaultCompany.NeonDrift">> with context <RBSTerminateContext| explanation:installcoordinationd app:[com.DefaultCompany.NeonDrift/Invalid/[system-defined]] uuid:E1E809AF-4673-493B-A0DB-8F500FE1BCB2 isPlaceholder:Y reportType:None maxTerminationResistance:Absolute attrs:[
	<RBSPreventLaunchLimitation| <RBSProcessPredicate <RBSProcessBundleIdentifierPredicate "com.DefaultCompany.NeonDrift">> allow:(null)>
	]>
2026-06-24 01:35:28.688 Df installcoordinationd[55453:99a0dd] [com.apple.runningboard:monitor] Received state update for 71135 (app<com.DefaultCompany.NeonDrift((null))>, running-active-NotVisible
2026-06-24 01:35:28.689 Df runningboardd[16896:99a07d] [com.apple.runningboard:general] Found 0 extensions contained in com.DefaultCompany.NeonDrift
2026-06-24 01:35:28.689 Df runningboardd[16896:99a07d] [com.apple.PlugInKit:holds] <PKManager:0x107069940> hold request for [/Users/dragonkao/Library/Developer/CoreSimulator/Devices/CCB1E793-CED4-4FCD-BF73-321AAEA77AB9/data/Containers/Bundle/Application/FE43F965-38C4-4E66-A7FC-C89D85E5F4A6/NeonDrift.app] with flags: 0x4
2026-06-24 01:35:28.689 Df NeonDrift[71135:99a14c] [com.apple.PlugInKit:discovery] Annotations changed, re-performing query for continuous discovery, report block = <0x11653fd20>.
2026-06-24 01:35:28.689 Df NeonDrift[71135:99a163] [com.apple.PlugInKit:discovery] Annotations changed, re-performing query for continuous discovery, report block = <0x1164a8150>.
2026-06-24 01:35:28.689 Df NeonDrift[71135:99a14d] [com.apple.PlugInKit:discovery] Annotations changed, re-performing query for continuous discovery, report block = <0x11653fae0>.
2026-06-24 01:35:28.689 Df runningboardd[16896:99a07d] [com.apple.PlugInKit:holds] <PKManager:0x107069940> hold request for [/Users/dragonkao/Library/Developer/CoreSimulator/Devices/CCB1E793-CED4-4FCD-BF73-321AAEA77AB9/data/Containers/Bundle/Application/FE43F965-38C4-4E66-A7FC-C89D85E5F4A6/NeonDrift.app] with flags: 0x4 completed with hold token: [9B19842A-5BB4-4229-8F75-489E5EAE54C7]
2026-06-24 01:35:28.689 Df NeonDrift[71135:99a163] [com.apple.PlugInKit:discovery] [d 69DF5684-7804-47F2-97D7-EC4FDA1E4030] <PKHost:0x116548400> Beginning discovery for flags: 0, point: com.apple.AudioUnit-Speech
2026-06-24 01:35:28.689 Df NeonDrift[71135:99a14c] [com.apple.PlugInKit:discovery] [d B18D13CC-6B0F-4B2F-B119-9B8845EA7EAD] <PKHost:0x116548400> Beginning discovery for flags: 0, point: com.apple.AudioUnit-UI
2026-06-24 01:35:28.689 Df NeonDrift[71135:99a14d] [com.apple.PlugInKit:discovery] [d F58BDCF7-3BD6-4B1F-B68E-A2B8D41F7F8A] <PKHost:0x116548400> Beginning discovery for flags: 0, point: com.apple.AudioUnit
2026-06-24 01:35:28.690 Df runningboardd[16896:99a07d] [com.apple.runningboard:ttl] Acquiring assertion targeting system from originator [osservice<com.apple.installcoordinationd>:55453] with description <RBSAssertionDescriptor| "installcoordinationd app:[com.DefaultCompany.NeonDrift/Invalid/[system-defined]] uuid:E1E809AF-4673-493B-A0DB-8F500FE1BCB2 isPlaceholder:Y" ID:16896-55453-10679 target:system attributes:[
	<RBSPreventLaunchLimitation| <RBSProcessPredicate <RBSProcessBundleIdentifierPredicate "com.DefaultCompany.NeonDrift">> allow:(null)>
	]>
2026-06-24 01:35:28.690 Df runningboardd[16896:99a07d] [com.apple.runningboard:process] Executing termination request for: <RBSProcessPredicate <RBSProcessBundleIdentifierPredicate "com.DefaultCompany.NeonDrift">>
2026-06-24 01:35:28.690 Df runningboardd[16896:99a07d] [com.apple.runningboard:process] [app<com.DefaultCompany.NeonDrift((null))>:71135] Terminating with context: <RBSTerminateContext| explanation:installcoordinationd app:[com.DefaultCompany.NeonDrift/Invalid/[system-defined]] uuid:E1E809AF-4673-493B-A0DB-8F500FE1BCB2 isPlaceholder:Y reportType:None maxTerminationResistance:Absolute attrs:[
	<RBSPreventLaunchLimitation| <RBSProcessPredicate <RBSProcessBundleIdentifierPredicate "com.DefaultCompany.NeonDrift">> allow:(null)>
	]>
2026-06-24 01:35:28.690 Df runningboardd[16896:99a07d] [com.apple.runningboard:process] [app<com.DefaultCompany.NeonDrift((null))>:71135] terminate_with_reason() success
2026-06-24 01:35:28.690 Df SpringBoard[16891:643be3] [com.apple.SpringBoard:Common] termination assertion acquired for com.DefaultCompany.NeonDrift
2026-06-24 01:35:28.690 Df SpringBoard[16891:643be3] [com.apple.SpringBoard:Icon] 0x10a554000-SBApplicationIcon Data source did change: <SBApplication: 0x128fe3600; com.DefaultCompany.NeonDrift> {
    processState = <SBApplicationProcessState: 0x12212d400; pid: 71135; taskState: Running; visibility: Foreground>;
} (SBApplication)
2026-06-24 01:35:28.690 Df SpringBoard[16891:99a096] [com.apple.FrontBoard:ProcessWorkspace] [app<com.DefaultCompany.NeonDrift>:71135] Workspace connection invalidated.
2026-06-24 01:35:28.690 Df SpringBoard[16891:99a096] [com.apple.FrontBoard:Process] [app<com.DefaultCompany.NeonDrift>:71135] Now flagged as pending exit for reason: workspace client connection invalidated
2026-06-24 01:35:28.690 Df backboardd[16914:99a910] [com.apple.iohid:default] Connection removed: IOHIDEventSystemConnection uuid:9FA9B7B6-A260-4447-BD19-2F7AD43A50E2 pid:71135 process:NeonDrift type:Passive entitlements:0x0 caller:BackBoardServices: ___getHIDEventSystemClient_block_invoke + 296 attributes:{
    HighFrequency = 0;
    bundleID = "com.DefaultCompany.NeonDrift";
    pid = 71135;
} state:0x1 events:0 mask:0x0 dropped:0 dropStatus:0 droppedMask:0x0 lastDroppedTime:NONE
2026-06-24 01:35:28.690 Df backboardd[16914:99a913] [com.apple.iohid:default] Connection removed: IOHIDEventSystemConnection uuid:97D258DC-CE10-47CD-B980-3D070D352CB5 pid:71135 process:NeonDrift type:Monitor entitlements:0x0 caller:GameControllerFoundation: -[GCHIDEventSystemClient initWithQueue:type:attributes:functions:] + 116 attributes:(null) state:0x1 events:0 mask:0x0 dropped:0 dropStatus:0 droppedMask:0x0 lastDroppedTime:NONE
2026-06-24 01:35:28.690 Df backboardd[16914:99a910] [com.apple.BackBoard:HID] Removing client connection <BKHIDClientConnection: 0x10dd3ea00; IOHIDEventSystemConnectionRef: 0x105ebc000; vpid: 71135(v1A0C99); taskPort: 0x22CD3; bundleID: com.DefaultCompany.NeonDrift> for client: IOHIDEventSystemConnection uuid:9FA9B7B6-A260-4447-BD19-2F7AD43A50E2 pid:71135 process:NeonDrift type:Passive entitlements:0x0 caller:BackBoardServices: ___getHIDEventSystemClient_block_invoke + 296 attributes:{
    HighFrequency = 0;
    bundleID = "com.DefaultCompany.NeonDrift";
    pid = 71135;
} state:0x1 events:0 mask:0x0 dropped:0 dropStatus:0 droppedMask:0x0 lastDroppedTime:NONE source:HID
2026-06-24 01:35:28.690 Df SpringBoard[16891:99a099] [com.apple.KeyboardArbiter:Handle] com.DefaultCompany.NeonDrift(71135) lostConnection (invalidation)
2026-06-24 01:35:28.690 Df installcoordinationd[55453:99a907] [com.apple.runningboard:assertion] Setting up death monitor for [app<com.DefaultCompany.NeonDrift((null))>:71135]
2026-06-24 01:35:28.690 Df installcoordinationd[55453:99a907] [com.apple.runningboard:process] Starting death monitoring for handle [app<com.DefaultCompany.NeonDrift((null))>:71135]
2026-06-24 01:35:28.691 Df runningboardd[16896:99a12f] [com.apple.runningboard:process] XPC connection invalidated: [app<com.DefaultCompany.NeonDrift((null))>:71135]
2026-06-24 01:35:28.691 Df installcoordinationd[55453:99a040] [com.apple.appinstallation:TransactionLog] com.DefaultCompany.NeonDrift/Unknown Persona:4:9:1:1:Placeholder Promise began. Coordinator State: IXAppCoordinationStateWaitingForPlaceholderAssertion
2026-06-24 01:35:28.691 Df installcoordinationd[55453:99a040] [com.apple.installcoordination:daemon] -[IXSCoordinatorProgress setTotalUnitsCompleted:]: Progress for coordinator: [com.DefaultCompany.NeonDrift/Invalid/[system-defined]], Phase: IXCoordinatorProgressPhaseLoading, Percentage: 100.000000: Attempt to set units completed on finished progress: 100
2026-06-24 01:35:28.691 Df installcoordinationd[55453:99a040] [com.apple.appinstallation:TransactionLog] com.DefaultCompany.NeonDrift/Unknown Persona:4:9:2:1:Placeholder Promise completed. Coordinator State: IXAppCoordinationStateWaitingForPlaceholderAssertion
2026-06-24 01:35:28.691 Df CoreSimulatorBridge[16923:99a04a] [com.apple.installcoordination:framework] -[IXAppInstallCoordinator _clientDelegate_promiseDidBeginFulfillmentWithIdentifier:]: <IXUpdatingAppInstallCoordinator<0x1055ce540> identity:[com.DefaultCompany.NeonDrift/Invalid/[system-defined]] uuid:E1E809AF-4673-493B-A0DB-8F500FE1BCB2 creator:InstallCoordination Simple SPI>: Got promise did begin fulfillment for identifier 1
2026-06-24 01:35:28.691 Df CoreSimulatorBridge[16923:99a04a] [com.apple.installcoordination:framework] -[IXAppInstallCoordinator _clientDelegate_promiseDidBeginFulfillmentWithIdentifier:]_block_invoke: <IXUpdatingAppInstallCoordinator<0x1055ce540> identity:[com.DefaultCompany.NeonDrift/Invalid/[system-defined]] uuid:E1E809AF-4673-493B-A0DB-8F500FE1BCB2 creator:InstallCoordination Simple SPI>: Observer <_IXSimpleInstallerDelegate 0x0x1055d4c60> does not respond to coordinator:configuredPromiseDidBeginFulfillment: (or any deprecated equivalent)
2026-06-24 01:35:28.691 Df backboardd[16914:999032] [com.apple.BackBoard:EventDelivery] chain did update (setDeferringRules) <keyboardFocus; display: null> containsEndOfChain: YES; [
    <token: com.apple.frontboard.systemappservices/FBSceneManager:com.apple.springboard; pid: 16891>,
    <token: com.apple.frontboard.systemappservices/FBSceneManager:sceneID%3Acom.DefaultCompany.NeonDrift-default; pid: 71135>
]
2026-06-24 01:35:28.691 Df SpringBoard[16891:99a099] [com.apple.KeyboardArbiter:Handle] RX com.DefaultCompany.NeonDrift(71135) setWindowContextID:0 windowState:Disabled level:0.0
    focusContext:(null)
2026-06-24 01:35:28.691 Df backboardd[16914:999032] [com.apple.BackBoard:EventDelivery] chain did update (setDeferringRules) <keyboardFocus; display: builtin> containsEndOfChain: YES; [
    <token: com.apple.frontboard.systemappservices/FBSceneManager:com.apple.springboard; pid: 16891>,
    <token: com.apple.frontboard.systemappservices/FBSceneManager:sceneID%3Acom.DefaultCompany.NeonDrift-default; pid: 71135>
]
2026-06-24 01:35:28.692 Df SpringBoard[16891:643be3] [com.apple.SpringBoard:KeyboardFocus] [coordinator] using MRU target <com.apple.frontboard.systemappservices/FBSceneManager:sceneID%3Acom.DefaultCompany.NeonDrift-default pid:71135>
2026-06-24 01:35:28.692 Df SpringBoard[16891:643be3] [com.apple.SpringBoard:KeyboardFocus] [coordinator] informing scene controller 'com.apple.springboard' of focusTarget: <com.apple.frontboard.systemappservices/FBSceneManager:sceneID%3Acom.DefaultCompany.NeonDrift-default pid:71135>
2026-06-24 01:35:28.692 Df SpringBoard[16891:643be3] [com.apple.SpringBoard:KeyboardFocus] [coordinator] keyboard arbiter suggested <nothing> and we replied <com.apple.frontboard.systemappservices/FBSceneManager:sceneID%3Acom.DefaultCompany.NeonDrift-default pid:71135>
2026-06-24 01:35:28.692 E  SpringBoard[16891:99a91b] [com.apple.UIKit:KeyboardArbiter] Advisor: No handle found for currently focused PID: 71135; sceneIdentity: com.apple.frontboard.systemappservices/FBSceneManager:sceneID%3Acom.DefaultCompany.NeonDrift-default
2026-06-24 01:35:28.698 Df launchd_sim[16886:99a4b1] [user/501/UIKitApplication:com.DefaultCompany.NeonDrift[77c6][rb-legacy] [71135]:] exited with exit reason (namespace: 15 code: 0x0) - OS_REASON_RUNNINGBOARD | <RBSTerminateContext| explanation:installcoordinationd app:[com.DefaultCompany.NeonDrift/Invalid/[system-defined]] uuid:E1E809AF-4673-493B-A0DB-8F500FE1BCB2 isPlaceholder:Y reportType:None maxTerminationResistance:Absolute attrs:[
	<RBSPreventLaunchLimitation| <RBSProcessPredicate <RBSProcessBundleIdentifierPredicate "com.DefaultCompany.NeonDrift">> allow:(null)>
	]>, ran for 27605ms
2026-06-24 01:35:28.698 Df launchd_sim[16886:99a4b1] [user/501:] service inactive: UIKitApplication:com.DefaultCompany.NeonDrift[77c6][rb-legacy]
2026-06-24 01:35:28.698 Df runningboardd[16896:99a90d] [com.apple.runningboard:ttl] [app<com.DefaultCompany.NeonDrift((null))>:71135] termination reported by launchd (15, 0, 9)
2026-06-24 01:35:28.698 Df runningboardd[16896:99a90d] [com.apple.runningboard:process] Removing process: [app<com.DefaultCompany.NeonDrift((null))>:71135]
2026-06-24 01:35:28.698 Df runningboardd[16896:99a90d] [com.apple.runningboard:job] Removing launch job for: [app<com.DefaultCompany.NeonDrift((null))>:71135]
2026-06-24 01:35:28.699 Df launchd_sim[16886:99a783] [user/501:] removing service: UIKitApplication:com.DefaultCompany.NeonDrift[77c6][rb-legacy]
2026-06-24 01:35:28.699 Df runningboardd[16896:99a90d] [com.apple.runningboard:job] Removed job for [app<com.DefaultCompany.NeonDrift((null))>:71135]
2026-06-24 01:35:28.699 Df runningboardd[16896:99a90d] [com.apple.runningboard:process] Removing assertions for terminated process: [app<com.DefaultCompany.NeonDrift((null))>:71135]
2026-06-24 01:35:28.699 Df runningboardd[16896:99a90d] [com.apple.runningboard:assertion] Removed last relative-start-date-defining assertion for process app<com.DefaultCompany.NeonDrift((null))>
2026-06-24 01:35:28.699 Df runningboardd[16896:99a12f] [com.apple.runningboard:process] Notifying connection [osservice<com.apple.SpringBoard>:16891] that process [app<com.DefaultCompany.NeonDrift((null))>:71135] exited with context <RBSProcessExitContext| specific, status:<RBSProcessExitStatus| domain:runningboard(15) code:0>>
2026-06-24 01:35:28.699 Df runningboardd[16896:99a942] [com.apple.runningboard:monitor] Calculated state for app<com.DefaultCompany.NeonDrift((null))>: none (role: None) (endowments: (null))
2026-06-24 01:35:28.699 Df SpringBoard[16891:99a099] [com.apple.FrontBoard:ProcessWorkspace] [app<com.DefaultCompany.NeonDrift>:71135] Workspace assertion invalidated: <NSError: 0x126623270; domain: RBSAssertionErrorDomain; code: 1; "Assertions were invalidated, count = 3.
16896-16891-10660: invalidation reason: 1
16896-16891-10659: invalidation reason: 1
16896-16891-10668: invalidation reason: 1">
2026-06-24 01:35:28.699 Df runningboardd[16896:99a12f] [com.apple.runningboard:process] Notifying connection [osservice<com.apple.installcoordinationd>:55453] that process [app<com.DefaultCompany.NeonDrift((null))>:71135] exited with context <RBSProcessExitContext| specific, status:<RBSProcessExitStatus| domain:runningboard(15) code:0>>
2026-06-24 01:35:28.699 Df SpringBoard[16891:99a099] [com.apple.runningboard:process] Calling process death completion block for handle [app<com.DefaultCompany.NeonDrift((null))>:71135]
2026-06-24 01:35:28.699 Df runningboardd[16896:99a12f] [com.apple.runningboard:monitor] Calculated state for app<com.DefaultCompany.NeonDrift((null))>: none (role: None) (endowments: (null))
2026-06-24 01:35:28.699 Df SpringBoard[16891:99a099] [com.apple.FrontBoard:Process] [app<com.DefaultCompany.NeonDrift>:71135] Process exited: <RBSProcessExitContext| specific, status:<RBSProcessExitStatus| domain:runningboard(15) code:0>>.
2026-06-24 01:35:28.699 Df SpringBoard[16891:99a099] [com.apple.FrontBoard:Process] [app<com.DefaultCompany.NeonDrift>:71135] Setting process task state to: Not Running
2026-06-24 01:35:28.699 Df SpringBoard[16891:99a099] [com.apple.FrontBoard:Process] [app<com.DefaultCompany.NeonDrift>:71135] Setting process visibility to: Unknown
2026-06-24 01:35:28.699 Df SpringBoard[16891:99a099] [com.apple.FrontBoard:ProcessWorkspace] [app<com.DefaultCompany.NeonDrift>:71135] Invalidating workspace.
2026-06-24 01:35:28.699 Df installcoordinationd[55453:99a040] [com.apple.runningboard:process] Calling process death completion block for handle [app<com.DefaultCompany.NeonDrift((null))>:71135]
2026-06-24 01:35:28.699 Df SpringBoard[16891:99a099] [com.apple.FrontBoard:ProcessWorkspace] Removing source registration for processHandle: [app<com.DefaultCompany.NeonDrift((null))>:71135]
2026-06-24 01:35:28.699 Df installcoordinationd[55453:99a040] [com.apple.runningboard:assertion] Death monitor triggered for [app<com.DefaultCompany.NeonDrift((null))>:71135]
2026-06-24 01:35:28.699 Df installcoordinationd[55453:99a040] [com.apple.installcoordination:daemon] -[IXSCoordinatedAppInstall assertionAcquiredCallback]: RBS termination assertion observer called for <IXSCoordinatedAppInstall<0x105df4000> [P=CoreSimulatorBridge (pid 16923)] identifier:[com.DefaultCompany.NeonDrift/Invalid/[system-defined]] uuid:E1E809AF-4673-493B-A0DB-8F500FE1BCB2 intent:IXCoordinatorIntentUpdating creator/appDRI:InstallCoordination Simple SPI importance:UserWaiting state:IXAppCoordinationStateWaitingForPlaceholderAssertion promise-state:PA2I4>
2026-06-24 01:35:28.699 Df SpringBoard[16891:99a099] [com.apple.FrontBoard:ProcessScene] [0x126321980:(FBSceneManager):sceneID:com.DefaultCompany.NeonDrift-default] Invalidated for connection: 0x1250bb210.
2026-06-24 01:35:28.699 Df installcoordinationd[55453:99a90a] [com.apple.runningboard:monitor] Received state update for 71135 (app<com.DefaultCompany.NeonDrift((null))>, none-NotVisible
2026-06-24 01:35:28.699 Df SpringBoard[16891:99a099] [com.apple.FrontBoard:Process] Removing: <FBApplicationProcess: 0x12532ed00; app<com.DefaultCompany.NeonDrift>:71135(v1A0C99)>
2026-06-24 01:35:28.699 Df callservicesd[16959:99a946] [com.apple.runningboard:monitor] Received state update for 71135 (app<com.DefaultCompany.NeonDrift((null))>, none-NotVisible
2026-06-24 01:35:28.700 Df mediaremoted[37932:99a081] [com.apple.runningboard:monitor] Received state update for 71135 (app<com.DefaultCompany.NeonDrift((null))>, none-NotVisible
2026-06-24 01:35:28.700 Df SpringBoard[16891:643be3] [com.apple.SpringBoard:Workspace] Process exited: <FBApplicationProcess: 0x12532ed00; app<com.DefaultCompany.NeonDrift>:71135(v1A0C99)> -> <RBSProcessExitContext| specific, status:<RBSProcessExitStatus| domain:runningboard(15) code:0>>
2026-06-24 01:35:28.700 Df callservicesd[16959:99a946] [com.apple.runningboard:monitor] Received state update for 71135 (app<com.DefaultCompany.NeonDrift((null))>, none-NotVisible
2026-06-24 01:35:28.700 Df mediaremoted[37932:99a94a] [com.apple.runningboard:monitor] Received state update for 71135 (app<com.DefaultCompany.NeonDrift((null))>, none-NotVisible
2026-06-24 01:35:28.700 Df installcoordinationd[55453:99a040] [com.apple.runningboard:monitor] Received state update for 71135 (app<com.DefaultCompany.NeonDrift((null))>, none-NotVisible
2026-06-24 01:35:28.700 Df locationd[16917:99649f] [com.apple.runningboard:monitor] Received state update for 71135 (app<com.DefaultCompany.NeonDrift((null))>, none-NotVisible
2026-06-24 01:35:28.700 Df locationd[16917:996519] [com.apple.locationd.Core:Core] {"msg":"RBS #AppMonitor process monitor update handler invoked", "pid":71135, "bundleID":com.DefaultCompany.NeonDrift, "state":1}
2026-06-24 01:35:28.700 Df locationd[16917:994d14] [com.apple.runningboard:monitor] Received state update for 71135 (app<com.DefaultCompany.NeonDrift((null))>, none-NotVisible
2026-06-24 01:35:28.700 Df SpringBoard[16891:643be3] [com.apple.SpringBoard:Common] Application process state changed for com.DefaultCompany.NeonDrift: (null)
2026-06-24 01:35:28.700 Df installcoordinationd[55453:99a0dd] [com.apple.installcoordination:daemon] -[IXSCoordinatedAppInstall _onQueue_installPlaceholder]: Acquired termination assertion for placeholder [com.DefaultCompany.NeonDrift/Invalid/[system-defined]]; proceeding with install.
2026-06-24 01:35:28.700 Df installcoordinationd[55453:99a0dd] [com.apple.installcoordination:daemon] -[IXSPowerAssertion initWithAssertionName:details:]: Acquired power assertion IXPowerAssertion-12-[com.DefaultCompany.NeonDrift/Invalid/[system-defined]]
2026-06-24 01:35:28.700 Df locationd[16917:99649f] [com.apple.locationd.Core:Core] {"msg":"RBS #dic AppMonitor received Termination", "pid":71135, "bundleId":com.DefaultCompany.NeonDrift, "isUserKill":0}
2026-06-24 01:35:28.700 Df SpringBoard[16891:99a912] [com.apple.runningboard:monitor] Received state update for 71135 (app<com.DefaultCompany.NeonDrift((null))>, none-NotVisible
