2026-06-24 21:43:04.582 Df CoreSimulatorBridge[82688:df731] [com.apple.installcoordination:framework] -[IXAppInstallCoordinator _clientDelegate_didUpdateProgress:forPhase:overallProgress:]_block_invoke: <IXUpdatingAppInstallCoordinator<0x103c91a00> identity:[com.DefaultCompany.NeonDrift/Invalid/[system-defined]] uuid:BB24397E-08BD-4646-A68F-8C7D74A016E1 creator:InstallCoordination Simple SPI>: Calling selector coordinator:didUpdateProgress:forPhase:overallProgress: on observer <_IXSimpleInstallerDelegate 0x0x103c5a250>
2026-06-24 21:43:04.583 Df lsd[82713:86192] [com.apple.launchservices:progress] unsubscribing from com.DefaultCompany.NeonDrift.Loading as it was unpublished
2026-06-24 21:43:04.583 Df lsd[82713:86192] [com.apple.launchservices:progress] #LSInstallProgressList remove subscriber: <_NSProgressSubscriber: 0x101388db0> publishingString: com.DefaultCompany.NeonDrift.Loading
2026-06-24 21:43:04.583 Df lsd[82713:df7c5] [com.apple.launchservices:progress] Updating installPhase for <NSProgress: com.DefaultCompany.NeonDrift phase=Loading; state=Active; finalPhase=Installing; fractionCompleted=0.600000> to 1
2026-06-24 21:43:04.583 Df lsd[82713:df7c5] [com.apple.launchservices:progress] Parent progress for installation <NSProgress: com.DefaultCompany.NeonDrift phase=Installing; state=Active; finalPhase=Installing; fractionCompleted=0.600000>, adding phase 1
2026-06-24 21:43:04.583 Df lsd[82713:df7c5] [com.apple.launchservices:progress] #LSInstallProgressList add subscriber: <_NSProgressSubscriber: 0x10138bcf0> publishingString: com.DefaultCompany.NeonDrift.Installing
2026-06-24 21:43:04.583 Df lsd[82713:df7c5] [com.apple.launchservices:progress] Subscribing to com.DefaultCompany.NeonDrift.Installing
2026-06-24 21:43:04.583 Df installcoordinationd[83165:df736] [com.apple.launchservices:progress] Published install progress <NSProgress: com.DefaultCompany.NeonDrift.Installing phase=Installing; state=Waiting; finalPhase=Installing; fractionCompleted=0.000000>
2026-06-24 21:43:04.583 Df lsd[82713:df7c5] [com.apple.launchservices:progress] connection from 83165 sending notification 4 for com.DefaultCompany.NeonDrift
2026-06-24 21:43:04.584 Df lsd[82713:df7c5] [com.apple.launchservices:progress] Sending applicationsWillInstall: for (
    "<LSApplicationProxy: 0x105be06c0> com.DefaultCompany.NeonDrift file:///Users/dragonkao/Library/Developer/CoreSimulator/Devices/CC47DE7A-8196-4465-A5A5-BB852C9C6C82/data/Containers/Bundle/Application/6FE19B0D-513F-42F2-BFF1-44354822FD09/NeonDrift.app/ <com.DefaultCompany.NeonDrift <installed >:0>"
)
2026-06-24 21:43:04.584 Df dasd[82684:df798] [com.apple.launchservices:appinstallation] LaunchServices observer: Will install (
    "<LSApplicationProxy: 0x101f5c3c0> com.DefaultCompany.NeonDrift file:///Users/dragonkao/Library/Developer/CoreSimulator/Devices/CC47DE7A-8196-4465-A5A5-BB852C9C6C82/data/Containers/Bundle/Application/6FE19B0D-513F-42F2-BFF1-44354822FD09/NeonDrift.app/ <com.DefaultCompany.NeonDrift <installed >:0>"
)
2026-06-24 21:43:04.584 Df passd[82687:df01e] [com.apple.launchservices:appinstallation] LaunchServices observer: Will install (
    "<LSApplicationProxy: 0x10af52f40> com.DefaultCompany.NeonDrift file:///Users/dragonkao/Library/Developer/CoreSimulator/Devices/CC47DE7A-8196-4465-A5A5-BB852C9C6C82/data/Containers/Bundle/Application/6FE19B0D-513F-42F2-BFF1-44354822FD09/NeonDrift.app/ <com.DefaultCompany.NeonDrift <installed >:0>"
)
2026-06-24 21:43:04.584 Df financed[82764:df79a] [com.apple.launchservices:appinstallation] LaunchServices observer: Will install (
    "<LSApplicationProxy: 0x1097a4240> com.DefaultCompany.NeonDrift file:///Users/dragonkao/Library/Developer/CoreSimulator/Devices/CC47DE7A-8196-4465-A5A5-BB852C9C6C82/data/Containers/Bundle/Application/6FE19B0D-513F-42F2-BFF1-44354822FD09/NeonDrift.app/ <com.DefaultCompany.NeonDrift <installed >:0>"
)
2026-06-24 21:43:04.585 Df mobiletimerd[82673:df60a] [com.apple.launchservices:appinstallation] LaunchServices observer: Will install (
    "<LSApplicationProxy: 0x103e68600> com.DefaultCompany.NeonDrift file:///Users/dragonkao/Library/Developer/CoreSimulator/Devices/CC47DE7A-8196-4465-A5A5-BB852C9C6C82/data/Containers/Bundle/Application/6FE19B0D-513F-42F2-BFF1-44354822FD09/NeonDrift.app/ <com.DefaultCompany.NeonDrift <installed >:0>"
)
2026-06-24 21:43:04.585 Df activityawardsd[83145:df79b] [com.apple.launchservices:appinstallation] LaunchServices observer: Will install (
    "<LSApplicationProxy: 0x104144d80> com.DefaultCompany.NeonDrift file:///Users/dragonkao/Library/Developer/CoreSimulator/Devices/CC47DE7A-8196-4465-A5A5-BB852C9C6C82/data/Containers/Bundle/Application/6FE19B0D-513F-42F2-BFF1-44354822FD09/NeonDrift.app/ <com.DefaultCompany.NeonDrift <installed >:0>"
)
2026-06-24 21:43:04.585 Df healthd[82668:df023] [com.apple.launchservices:appinstallation] LaunchServices observer: Will install (
    "<LSApplicationProxy: 0x103a40540> com.DefaultCompany.NeonDrift file:///Users/dragonkao/Library/Developer/CoreSimulator/Devices/CC47DE7A-8196-4465-A5A5-BB852C9C6C82/data/Containers/Bundle/Application/6FE19B0D-513F-42F2-BFF1-44354822FD09/NeonDrift.app/ <com.DefaultCompany.NeonDrift <installed >:0>"
)
2026-06-24 21:43:04.585 Df sleepd[82685:df79e] [com.apple.launchservices:appinstallation] LaunchServices observer: Will install (
    "<LSApplicationProxy: 0x105654000> com.DefaultCompany.NeonDrift file:///Users/dragonkao/Library/Developer/CoreSimulator/Devices/CC47DE7A-8196-4465-A5A5-BB852C9C6C82/data/Containers/Bundle/Application/6FE19B0D-513F-42F2-BFF1-44354822FD09/NeonDrift.app/ <com.DefaultCompany.NeonDrift <installed >:0>"
)
2026-06-24 21:43:04.585 Df deviceaccessd[82794:df060] [com.apple.launchservices:appinstallation] LaunchServices observer: Will install (
    "<LSApplicationProxy: 0x103580000> com.DefaultCompany.NeonDrift file:///Users/dragonkao/Library/Developer/CoreSimulator/Devices/CC47DE7A-8196-4465-A5A5-BB852C9C6C82/data/Containers/Bundle/Application/6FE19B0D-513F-42F2-BFF1-44354822FD09/NeonDrift.app/ <com.DefaultCompany.NeonDrift <installed >:0>"
)
2026-06-24 21:43:04.585 Df nsurlsessiond[82706:def16] [com.apple.launchservices:appinstallation] LaunchServices observer: Will install (
    "<LSApplicationProxy: 0x109d31980> com.DefaultCompany.NeonDrift file:///Users/dragonkao/Library/Developer/CoreSimulator/Devices/CC47DE7A-8196-4465-A5A5-BB852C9C6C82/data/Containers/Bundle/Application/6FE19B0D-513F-42F2-BFF1-44354822FD09/NeonDrift.app/ <com.DefaultCompany.NeonDrift <installed >:0>"
)
2026-06-24 21:43:04.585 Df donotdisturbd[82711:df76e] [com.apple.launchservices:appinstallation] LaunchServices observer: Will install (
    "<LSApplicationProxy: 0x10160dd40> com.DefaultCompany.NeonDrift file:///Users/dragonkao/Library/Developer/CoreSimulator/Devices/CC47DE7A-8196-4465-A5A5-BB852C9C6C82/data/Containers/Bundle/Application/6FE19B0D-513F-42F2-BFF1-44354822FD09/NeonDrift.app/ <com.DefaultCompany.NeonDrift <installed >:0>"
)
2026-06-24 21:43:04.585 Df liveactivitiesd[82725:df7a1] [com.apple.launchservices:appinstallation] LaunchServices observer: Will install (
    "<LSApplicationProxy: 0x1026bd8c0> com.DefaultCompany.NeonDrift file:///Users/dragonkao/Library/Developer/CoreSimulator/Devices/CC47DE7A-8196-4465-A5A5-BB852C9C6C82/data/Containers/Bundle/Application/6FE19B0D-513F-42F2-BFF1-44354822FD09/NeonDrift.app/ <com.DefaultCompany.NeonDrift <installed >:0>"
)
2026-06-24 21:43:04.586 Df usernotificationsd[82721:cbcd7] [com.apple.launchservices:appinstallation] LaunchServices observer: Will install (
    "<LSApplicationProxy: 0x1037f80c0> com.DefaultCompany.NeonDrift file:///Users/dragonkao/Library/Developer/CoreSimulator/Devices/CC47DE7A-8196-4465-A5A5-BB852C9C6C82/data/Containers/Bundle/Application/6FE19B0D-513F-42F2-BFF1-44354822FD09/NeonDrift.app/ <com.DefaultCompany.NeonDrift <installed >:0>"
)
2026-06-24 21:43:04.586 Df callservicesd[82716:df03a] [com.apple.launchservices:appinstallation] LaunchServices observer: Will install (
    "<LSApplicationProxy: 0x106f1cfc0> com.DefaultCompany.NeonDrift file:///Users/dragonkao/Library/Developer/CoreSimulator/Devices/CC47DE7A-8196-4465-A5A5-BB852C9C6C82/data/Containers/Bundle/Application/6FE19B0D-513F-42F2-BFF1-44354822FD09/NeonDrift.app/ <com.DefaultCompany.NeonDrift <installed >:0>"
)
2026-06-24 21:43:04.586 Df profiled[83159:df7a3] [com.apple.launchservices:appinstallation] LaunchServices observer: Will install (
    "<LSApplicationProxy: 0x1023e8000> com.DefaultCompany.NeonDrift file:///Users/dragonkao/Library/Developer/CoreSimulator/Devices/CC47DE7A-8196-4465-A5A5-BB852C9C6C82/data/Containers/Bundle/Application/6FE19B0D-513F-42F2-BFF1-44354822FD09/NeonDrift.app/ <com.DefaultCompany.NeonDrift <installed >:0>"
)
2026-06-24 21:43:04.586 Df healthappd[82860:df7aa] [com.apple.launchservices:appinstallation] LaunchServices observer: Will install (
    "<LSApplicationProxy: 0x10c208300> com.DefaultCompany.NeonDrift file:///Users/dragonkao/Library/Developer/CoreSimulator/Devices/CC47DE7A-8196-4465-A5A5-BB852C9C6C82/data/Containers/Bundle/Application/6FE19B0D-513F-42F2-BFF1-44354822FD09/NeonDrift.app/ <com.DefaultCompany.NeonDrift <installed >:0>"
)
2026-06-24 21:43:04.586 Df appstored[83115:df7c4] [com.apple.launchservices:appinstallation] LaunchServices observer: Will install (
    "<LSApplicationProxy: 0x101f08180> com.DefaultCompany.NeonDrift file:///Users/dragonkao/Library/Developer/CoreSimulator/Devices/CC47DE7A-8196-4465-A5A5-BB852C9C6C82/data/Containers/Bundle/Application/6FE19B0D-513F-42F2-BFF1-44354822FD09/NeonDrift.app/ <com.DefaultCompany.NeonDrift <installed >:0>"
)
2026-06-24 21:43:04.586 Df routined[82666:df064] [com.apple.launchservices:appinstallation] LaunchServices observer: Will install (
    "<LSApplicationProxy: 0x101f8c9c0> com.DefaultCompany.NeonDrift file:///Users/dragonkao/Library/Developer/CoreSimulator/Devices/CC47DE7A-8196-4465-A5A5-BB852C9C6C82/data/Containers/Bundle/Application/6FE19B0D-513F-42F2-BFF1-44354822FD09/NeonDrift.app/ <com.DefaultCompany.NeonDrift <installed >:0>"
)
2026-06-24 21:43:04.586 Df webbookmarksd[82754:df02b] [com.apple.launchservices:appinstallation] LaunchServices observer: Will install (
    "<LSApplicationProxy: 0x103db0000> com.DefaultCompany.NeonDrift file:///Users/dragonkao/Library/Developer/CoreSimulator/Devices/CC47DE7A-8196-4465-A5A5-BB852C9C6C82/data/Containers/Bundle/Application/6FE19B0D-513F-42F2-BFF1-44354822FD09/NeonDrift.app/ <com.DefaultCompany.NeonDrift <installed >:0>"
)
2026-06-24 21:43:04.586 Df runningboardd[82661:df73a] [com.apple.launchservices:appinstallation] LaunchServices observer: Will install (
    "<LSApplicationProxy: 0x105da4000> com.DefaultCompany.NeonDrift file:///Users/dragonkao/Library/Developer/CoreSimulator/Devices/CC47DE7A-8196-4465-A5A5-BB852C9C6C82/data/Containers/Bundle/Application/6FE19B0D-513F-42F2-BFF1-44354822FD09/NeonDrift.app/ <com.DefaultCompany.NeonDrift <installed >:0>"
)
2026-06-24 21:43:04.586 Df activitysharingd[83193:df02c] [com.apple.launchservices:appinstallation] LaunchServices observer: Will install (
    "<LSApplicationProxy: 0x1059c0e40> com.DefaultCompany.NeonDrift file:///Users/dragonkao/Library/Developer/CoreSimulator/Devices/CC47DE7A-8196-4465-A5A5-BB852C9C6C82/data/Containers/Bundle/Application/6FE19B0D-513F-42F2-BFF1-44354822FD09/NeonDrift.app/ <com.DefaultCompany.NeonDrift <installed >:0>"
)
2026-06-24 21:43:04.586 Df nanotimekitcompaniond[83103:cb299] [com.apple.launchservices:appinstallation] LaunchServices observer: Will install (
    "<LSApplicationProxy: 0x105a44000> com.DefaultCompany.NeonDrift file:///Users/dragonkao/Library/Developer/CoreSimulator/Devices/CC47DE7A-8196-4465-A5A5-BB852C9C6C82/data/Containers/Bundle/Application/6FE19B0D-513F-42F2-BFF1-44354822FD09/NeonDrift.app/ <com.DefaultCompany.NeonDrift <installed >:0>"
)
2026-06-24 21:43:04.587 Df clipserviced[82745:cb2aa] [com.apple.launchservices:appinstallation] LaunchServices observer: Will install (
    "<LSApplicationProxy: 0x1015a0000> com.DefaultCompany.NeonDrift file:///Users/dragonkao/Library/Developer/CoreSimulator/Devices/CC47DE7A-8196-4465-A5A5-BB852C9C6C82/data/Containers/Bundle/Application/6FE19B0D-513F-42F2-BFF1-44354822FD09/NeonDrift.app/ <com.DefaultCompany.NeonDrift <installed >:0>"
)
2026-06-24 21:43:04.587 Df SpringBoard[82658:df773] [com.apple.launchservices:appinstallation] LaunchServices observer: Will install (
    "<LSApplicationProxy: 0x1260bf540> com.DefaultCompany.NeonDrift file:///Users/dragonkao/Library/Developer/CoreSimulator/Devices/CC47DE7A-8196-4465-A5A5-BB852C9C6C82/data/Containers/Bundle/Application/6FE19B0D-513F-42F2-BFF1-44354822FD09/NeonDrift.app/ <com.DefaultCompany.NeonDrift <installed >:0>"
)
2026-06-24 21:43:04.587 Df locationd[82682:db47f] [com.apple.launchservices:appinstallation] LaunchServices observer: Will install (
    "<LSApplicationProxy: 0x105f406c0> com.DefaultCompany.NeonDrift file:///Users/dragonkao/Library/Developer/CoreSimulator/Devices/CC47DE7A-8196-4465-A5A5-BB852C9C6C82/data/Containers/Bundle/Application/6FE19B0D-513F-42F2-BFF1-44354822FD09/NeonDrift.app/ <com.DefaultCompany.NeonDrift <installed >:0>"
)
2026-06-24 21:43:04.587 Df gamed[83111:df13d] [com.apple.launchservices:appinstallation] LaunchServices observer: Will install (
    "<LSApplicationProxy: 0x105f0c3c0> com.DefaultCompany.NeonDrift file:///Users/dragonkao/Library/Developer/CoreSimulator/Devices/CC47DE7A-8196-4465-A5A5-BB852C9C6C82/data/Containers/Bundle/Application/6FE19B0D-513F-42F2-BFF1-44354822FD09/NeonDrift.app/ <com.DefaultCompany.NeonDrift <installed >:0>"
)
2026-06-24 21:43:04.587 Df homed[82726:df7b9] [com.apple.launchservices:appinstallation] LaunchServices observer: Will install (
    "<LSApplicationProxy: 0x105a5ccc0> com.DefaultCompany.NeonDrift file:///Users/dragonkao/Library/Developer/CoreSimulator/Devices/CC47DE7A-8196-4465-A5A5-BB852C9C6C82/data/Containers/Bundle/Application/6FE19B0D-513F-42F2-BFF1-44354822FD09/NeonDrift.app/ <com.DefaultCompany.NeonDrift <installed >:0>"
)
2026-06-24 21:43:04.587 Df installd[83021:defec] (MobileSystemServices) 0x16eef3000 -[MIClientConnection _doInstallationForURL:identity:domain:options:operationType:completion:]: Install of "/Users/dragonkao/Library/Developer/CoreSimulator/Devices/CC47DE7A-8196-4465-A5A5-BB852C9C6C82/data/Containers/Shared/SystemGroup/systemgroup.com.apple.installcoordinationd/Library/InstallCoordination/PromiseStaging/11447393-46CE-4861-B4A3-AF1C3BEB879B/NeonDrift.app" type Developer (LSInstallType = 0, Domain: MIInstallationDomainDefault) requested by installcoordinationd (pid 83165 (501/20))
2026-06-24 21:43:04.588 Df SpringBoard[82658:df773] [com.apple.frontboard.ApplicationLibrary:observer] -[FBSApplicationLibrary applicationsWillInstall:] com.DefaultCompany.NeonDrift
2026-06-24 21:43:04.589 Df CoreSimulatorBridge[82688:df732] [com.apple.installcoordination:framework] -[IXAppInstallCoordinator _clientDelegate_didUpdateProgress:forPhase:overallProgress:]: <IXUpdatingAppInstallCoordinator<0x103c91a00> identity:[com.DefaultCompany.NeonDrift/Invalid/[system-defined]] uuid:BB24397E-08BD-4646-A68F-8C7D74A016E1 creator:InstallCoordination Simple SPI>: Got did update progress delegate with percentComplete 5.000000 phase IXCoordinatorProgressPhaseInstalling overallProgress 62.000000
2026-06-24 21:43:04.589 Df CoreSimulatorBridge[82688:df732] [com.apple.installcoordination:framework] -[IXAppInstallCoordinator _clientDelegate_didUpdateProgress:forPhase:overallProgress:]: <IXUpdatingAppInstallCoordinator<0x103c91a00> identity:[com.DefaultCompany.NeonDrift/Invalid/[system-defined]] uuid:BB24397E-08BD-4646-A68F-8C7D74A016E1 creator:InstallCoordination Simple SPI>: Got did update progress delegate with percentComplete 15.000000 phase IXCoordinatorProgressPhaseInstalling overallProgress 66.000000
2026-06-24 21:43:04.589 Df CoreSimulatorBridge[82688:defa4] [com.apple.installcoordination:framework] -[IXAppInstallCoordinator _clientDelegate_didUpdateProgress:forPhase:overallProgress:]_block_invoke: <IXUpdatingAppInstallCoordinator<0x103c91a00> identity:[com.DefaultCompany.NeonDrift/Invalid/[system-defined]] uuid:BB24397E-08BD-4646-A68F-8C7D74A016E1 creator:InstallCoordination Simple SPI>: Calling selector coordinator:didUpdateProgress:forPhase:overallProgress: on observer <_IXSimpleInstallerDelegate 0x0x103c5a250>
2026-06-24 21:43:04.589 Df CoreSimulatorBridge[82688:df732] [com.apple.installcoordination:framework] -[IXAppInstallCoordinator _clientDelegate_didUpdateProgress:forPhase:overallProgress:]: <IXUpdatingAppInstallCoordinator<0x103c91a00> identity:[com.DefaultCompany.NeonDrift/Invalid/[system-defined]] uuid:BB24397E-08BD-4646-A68F-8C7D74A016E1 creator:InstallCoordination Simple SPI>: Got did update progress delegate with percentComplete 20.000000 phase IXCoordinatorProgressPhaseInstalling overallProgress 68.000000
2026-06-24 21:43:04.589 Df CoreSimulatorBridge[82688:defa4] [com.apple.installcoordination:framework] -[IXAppInstallCoordinator _clientDelegate_didUpdateProgress:forPhase:overallProgress:]_block_invoke: <IXUpdatingAppInstallCoordinator<0x103c91a00> identity:[com.DefaultCompany.NeonDrift/Invalid/[system-defined]] uuid:BB24397E-08BD-4646-A68F-8C7D74A016E1 creator:InstallCoordination Simple SPI>: Calling selector coordinator:didUpdateProgress:forPhase:overallProgress: on observer <_IXSimpleInstallerDelegate 0x0x103c5a250>
2026-06-24 21:43:04.589 Df CoreSimulatorBridge[82688:defa4] [com.apple.installcoordination:framework] -[IXAppInstallCoordinator _clientDelegate_didUpdateProgress:forPhase:overallProgress:]_block_invoke: <IXUpdatingAppInstallCoordinator<0x103c91a00> identity:[com.DefaultCompany.NeonDrift/Invalid/[system-defined]] uuid:BB24397E-08BD-4646-A68F-8C7D74A016E1 creator:InstallCoordination Simple SPI>: Calling selector coordinator:didUpdateProgress:forPhase:overallProgress: on observer <_IXSimpleInstallerDelegate 0x0x103c5a250>
2026-06-24 21:43:04.591 Df installd[83021:defec] [com.apple.containermanager:xpc] Query; euid = 501, uid = 501, class = 1, identifier = [com.DefaultCompany.NeonDrift](1), flags = 300000002
2026-06-24 21:43:04.591 Df installd[83021:defec] [com.apple.containermanager:xpc] Query; euid = 501, uid = 501, class = 1, identifier = [com.DefaultCompany.NeonDrift](1), flags = 300000002
2026-06-24 21:43:04.592 Df SpringBoard[82658:8608a] [com.apple.launchservices:progress] Got progress <NSProgress: com.DefaultCompany.NeonDrift phase=InstallingPlaceholder; state=Finished; finalPhase=Installing; fractionCompleted=0.000000> for app com.DefaultCompany.NeonDrift,
2026-06-24 21:43:04.594 Df installd[83021:defec] [com.apple.containermanager:xpc] Query; euid = 501, uid = 501, class = 1, identifier = [com.DefaultCompany.NeonDrift](1), flags = 300000002
2026-06-24 21:43:04.594 Df installcoordinationd[83165:defa1] [com.apple.installcoordination:daemon] -[IXSCoordinatorProgress setTotalUnitsCompleted:]: Progress for coordinator: [com.DefaultCompany.NeonDrift/Invalid/[system-defined]], Phase: IXCoordinatorProgressPhaseInstalling, Percentage: 20.000000: Attempt to set units completed on finished progress: 20
2026-06-24 21:43:04.595 Df installd[83021:defec] [com.apple.containermanager:xpc] Query; euid = 501, uid = 501, class = 1, identifier = [com.DefaultCompany.NeonDrift](1), flags = 300000002
2026-06-24 21:43:04.596 Df appprotectiond[82676:df08b] [com.apple.appprotection:server] Received distnoted event <dictionary: 0x105900000> { count = 3, transaction: 0, voucher = 0x105945ae0, contents =
	"UserInfo" => <dictionary: 0x105831080> { count = 2, transaction: 0, voucher = 0x0, contents =
		"isPlaceholder" => <bool: 0x1e704c530>: true
		"bundleIDs" => <array: 0x105ab4060> { count = 1, capacity = 1, contents =
			0: <string: 0x105ab4090> { string cache = 0x0, length = 28, contents = "com.DefaultCompany.NeonDrift" }
		}
	}
	"Name" => <string: 0x105ab4210> { string cache = 0x0, length = 46, contents = "com.apple.LaunchServices.applicationRegistered" }
	"XPCEventName" => <string: 0x105ab4420> { string cache = 0x0, length = 21, contents = "ApplicationRegistered" }
}
2026-06-24 21:43:04.597 Df installd[83021:defec] (MobileSystemServices) 0x16eef3000 -[MIInstaller _installInstallable:containingSymlink:error:]: Installing <MIInstallableBundle ID=com.DefaultCompany.NeonDrift; Persona=com.apple.containermanager.primary-persona, Version=0, ShortVersion=1.0>
2026-06-24 21:43:04.597 Df installd[83021:defec] [com.apple.appinstallation:TransactionLog] com.DefaultCompany.NeonDrift/com.apple.containermanager.primary-persona:7:1:1:1:Start : Install (Patch Update)
2026-06-24 21:43:04.597 Df installd[83021:defec] (MobileSystemServices) 0x16eef3000 -[MIInstallable applyPatchWithError:]: Attempting Delta patch update of com.DefaultCompany.NeonDrift from 0 (1.0) to 0 (1.0)
2026-06-24 21:43:04.597 Df CoreSimulatorBridge[82688:df732] [com.apple.installcoordination:framework] -[IXAppInstallCoordinator _clientDelegate_didUpdateProgress:forPhase:overallProgress:]: <IXUpdatingAppInstallCoordinator<0x103c91a00> identity:[com.DefaultCompany.NeonDrift/Invalid/[system-defined]] uuid:BB24397E-08BD-4646-A68F-8C7D74A016E1 creator:InstallCoordination Simple SPI>: Got did update progress delegate with percentComplete 30.000000 phase IXCoordinatorProgressPhaseInstalling overallProgress 72.000000
2026-06-24 21:43:04.597 Df CoreSimulatorBridge[82688:df732] [com.apple.installcoordination:framework] -[IXAppInstallCoordinator _clientDelegate_didUpdateProgress:forPhase:overallProgress:]: <IXUpdatingAppInstallCoordinator<0x103c91a00> identity:[com.DefaultCompany.NeonDrift/Invalid/[system-defined]] uuid:BB24397E-08BD-4646-A68F-8C7D74A016E1 creator:InstallCoordination Simple SPI>: Got did update progress delegate with percentComplete 35.000000 phase IXCoordinatorProgressPhaseInstalling overallProgress 74.000000
2026-06-24 21:43:04.597 Df CoreSimulatorBridge[82688:defa4] [com.apple.installcoordination:framework] -[IXAppInstallCoordinator _clientDelegate_didUpdateProgress:forPhase:overallProgress:]_block_invoke: <IXUpdatingAppInstallCoordinator<0x103c91a00> identity:[com.DefaultCompany.NeonDrift/Invalid/[system-defined]] uuid:BB24397E-08BD-4646-A68F-8C7D74A016E1 creator:InstallCoordination Simple SPI>: Calling selector coordinator:didUpdateProgress:forPhase:overallProgress: on observer <_IXSimpleInstallerDelegate 0x0x103c5a250>
2026-06-24 21:43:04.597 Df CoreSimulatorBridge[82688:defa4] [com.apple.installcoordination:framework] -[IXAppInstallCoordinator _clientDelegate_didUpdateProgress:forPhase:overallProgress:]_block_invoke: <IXUpdatingAppInstallCoordinator<0x103c91a00> identity:[com.DefaultCompany.NeonDrift/Invalid/[system-defined]] uuid:BB24397E-08BD-4646-A68F-8C7D74A016E1 creator:InstallCoordination Simple SPI>: Calling selector coordinator:didUpdateProgress:forPhase:overallProgress: on observer <_IXSimpleInstallerDelegate 0x0x103c5a250>
2026-06-24 21:43:04.597 Df appprotectiond[82676:df08b] [com.apple.appprotection:server] received note: name = com.apple.LaunchServices.applicationRegistered, object = Optional(AppProtection.DistnotedXPCEventStreamTranslator), userInfo = Optional([AnyHashable("bundleIDs"): <__NSSingleObjectArrayI 0x105a042a0>(
com.DefaultCompany.NeonDrift
)
, AnyHashable("isPlaceholder"): 1])
2026-06-24 21:43:04.598 Df appprotectiond[82676:df08b] [com.apple.appprotection:server] Received distnoted event <dictionary: 0x105900000> { count = 3, transaction: 0, voucher = 0x105946580, contents =
	"UserInfo" => <dictionary: 0x105831080> { count = 2, transaction: 0, voucher = 0x0, contents =
		"isPlaceholder" => <bool: 0x1e704c530>: true
		"bundleIDs" => <array: 0x105ab4060> { count = 1, capacity = 1, contents =
			0: <string: 0x105ab4090> { string cache = 0x0, length = 28, contents = "com.DefaultCompany.NeonDrift" }
		}
	}
	"Name" => <string: 0x105ab4210> { string cache = 0x0, length = 46, contents = "com.apple.LaunchServices.applicationRegistered" }
	"XPCEventName" => <string: 0x105ab4420> { string cache = 0x0, length = 21, contents = "ApplicationRegistered" }
}
2026-06-24 21:43:04.598 Df appprotectiond[82676:df08b] [com.apple.appprotection:server] received note: name = com.apple.LaunchServices.applicationRegistered, object = Optional(AppProtection.DistnotedXPCEventStreamTranslator), userInfo = Optional([AnyHashable("bundleIDs"): <__NSSingleObjectArrayI 0x105a042a0>(
com.DefaultCompany.NeonDrift
)
, AnyHashable("isPlaceholder"): 1])
2026-06-24 21:43:04.598 Df appprotectiond[82676:df08b] [com.apple.appprotection:server] processing settings authority event: SettingsAuthorityEvent.promotePreferenceFromProvisionalForApplication(com.DefaultCompany.NeonDrift)
2026-06-24 21:43:04.600 Df SpringBoard[82658:8608a] [com.apple.SpringBoard:Common] termination assertion acquired for com.DefaultCompany.NeonDrift
2026-06-24 21:43:04.600 Df appprotectiond[82676:df08b] [com.apple.appprotection:server] processing settings authority event: SettingsAuthorityEvent.promotePreferenceFromProvisionalForApplication(com.DefaultCompany.NeonDrift)
2026-06-24 21:43:04.600 Df SpringBoard[82658:8608a] [com.apple.SpringBoard:Icon] 0x1260beb80-SBApplicationIcon Data source did change: <SBApplication: 0x107c1b800; com.DefaultCompany.NeonDrift> {
} (SBApplication)
2026-06-24 21:43:04.601 Df siriactionsd[82748:df03f] [com.apple.shortcuts:Daemon] Dispatching XPC event: <distributed notification: com.apple.LaunchServices.applicationRegistered, userInfo: [AnyHashable("bundleIDs"): <__NSSingleObjectArrayI 0x10420ecc0>(
com.DefaultCompany.NeonDrift
)
, AnyHashable("isPlaceholder"): 1]>
2026-06-24 21:43:04.601 Df SpringBoard[82658:8608a] [com.apple.frontboard.ApplicationLibrary:sb.placeholder] App placeholder proxies added: (
    "<SBApplicationPlaceholderProxy: 0x125852400; com.DefaultCompany.NeonDrift (NeonDrift); LSInstallType: StoreDownload>"
), currentlyKnownExistingPlaceholders: {
}
2026-06-24 21:43:04.601 Df siriactionsd[82748:df03f] [com.apple.shortcuts:XPCEvent] Dispatching XPC event: <distributed notification: com.apple.LaunchServices.applicationRegistered, userInfo: [AnyHashable("bundleIDs"): <__NSSingleObjectArrayI 0x10420ecc0>(
com.DefaultCompany.NeonDrift
)
, AnyHashable("isPlaceholder"): 1]>
2026-06-24 21:43:04.601 Df siriactionsd[82748:df03f] [com.apple.shortcuts:Daemon] Firing event: <distributed notification: com.apple.LaunchServices.applicationRegistered, userInfo: [AnyHashable("bundleIDs"): <__NSSingleObjectArrayI 0x10420ecc0>(
com.DefaultCompany.NeonDrift
)
, AnyHashable("isPlaceholder"): 1]>
2026-06-24 21:43:04.601 Df SpringBoard[82658:8608a] [com.apple.appinstallation:TransactionLog] com.DefaultCompany.NeonDrift/Unknown Persona:10:0:1:1:Placeholder add BEGIN
2026-06-24 21:43:04.601 E  siriactionsd[82748:df03f] [com.apple.shortcuts:Daemon] Received an event that we do not have a DaemonTask for: <distributed notification: com.apple.LaunchServices.applicationRegistered, userInfo: [AnyHashable("bundleIDs"): <__NSSingleObjectArrayI 0x10420ecc0>(
com.DefaultCompany.NeonDrift
)
, AnyHashable("isPlaceholder"): 1]>. This is a serious programming error that might lead to missed messages and stuck streams.
2026-06-24 21:43:04.602 Df SpringBoard[82658:8608a] [com.apple.SpringBoard:Icon] <<SBLeafIcon:0x1260beb80 [com.DefaultCompany.NeonDrift]>> Changing active data source: <SBApplicationIcon: 0x1260beb80; nodeID: com.DefaultCompany.NeonDrift; bundleID: com.DefaultCompany.NeonDrift>
2026-06-24 21:43:04.602 Df SpringBoard[82658:8608a] [com.apple.SpringBoard:Icon] <<SBLeafIcon:0x1260beb80 [com.DefaultCompany.NeonDrift]>> Changing from data souce: com.DefaultCompany.NeonDrift to data source:com.DefaultCompany.NeonDrift.
2026-06-24 21:43:04.603 Df SpringBoard[82658:8608a] [com.apple.appinstallation:TransactionLog] com.DefaultCompany.NeonDrift/Unknown Persona:10:1:3:1:Created icon for placeholder.
2026-06-24 21:43:04.603 Df SpringBoard[82658:8608a] [com.apple.frontboard.ApplicationLibrary:sb.placeholder] Placeholders added: (
    "<SBApplicationPlaceholder: 0x12018c390; bundleIdentifier: com.DefaultCompany.NeonDrift; displayName: NeonDrift; progress: 60%; state: Installing; canPromote?: YES>"
), modified: (
), removed: (null)
2026-06-24 21:43:04.603 Df liveactivitiesd[82725:862f7] [com.apple.launchservices:progress] Got progress <NSProgress: com.DefaultCompany.NeonDrift phase=Installing; state=Active; finalPhase=Installing; fractionCompleted=0.600000> for app com.DefaultCompany.NeonDrift,
2026-06-24 21:43:04.603 Df liveactivitiesd[82725:df03e] [com.apple.launchservices:progress] #LSInstallProgressList add subscriber: <_NSProgressSubscriber: 0x1064053b0> publishingString: com.DefaultCompany.NeonDrift
2026-06-24 21:43:04.603 Df liveactivitiesd[82725:df03e] [com.apple.launchservices:progress] Subscribing to progress for app com.DefaultCompany.NeonDrift,
2026-06-24 21:43:04.603 Df PosterBoard[82807:df7e2] [com.apple.launchservices:appinstallation] LaunchServices observer: InstallsStarted (
    "<LSApplicationProxy: 0x10b519140> com.DefaultCompany.NeonDrift file:///Users/dragonkao/Library/Developer/CoreSimulator/Devices/CC47DE7A-8196-4465-A5A5-BB852C9C6C82/data/Containers/Bundle/Application/6FE19B0D-513F-42F2-BFF1-44354822FD09/com.apple.mobileinstallation.placeholder/ <com.DefaultCompany.NeonDrift <placeholder >:1>"
)
2026-06-24 21:43:04.603 Df PosterBoard[82807:df7e2] [com.apple.launchservices:appinstallation] LaunchServices observer: MetadataUpdate (
    "com.DefaultCompany.NeonDrift"
)
2026-06-24 21:43:04.604 Df PosterBoard[82807:df7e2] [com.apple.launchservices:appinstallation] LaunchServices observer: InstallsStarted (
    "<LSApplicationProxy: 0x10b51b600> com.DefaultCompany.NeonDrift file:///Users/dragonkao/Library/Developer/CoreSimulator/Devices/CC47DE7A-8196-4465-A5A5-BB852C9C6C82/data/Containers/Bundle/Application/6FE19B0D-513F-42F2-BFF1-44354822FD09/com.apple.mobileinstallation.placeholder/ <com.DefaultCompany.NeonDrift <placeholder >:1>"
)
2026-06-24 21:43:04.604 Df PosterBoard[82807:df7e2] [com.apple.launchservices:appinstallation] LaunchServices observer: Will install (
    "<LSApplicationProxy: 0x10b5195c0> com.DefaultCompany.NeonDrift file:///Users/dragonkao/Library/Developer/CoreSimulator/Devices/CC47DE7A-8196-4465-A5A5-BB852C9C6C82/data/Containers/Bundle/Application/6FE19B0D-513F-42F2-BFF1-44354822FD09/NeonDrift.app/ <com.DefaultCompany.NeonDrift <installed >:0>"
)
2026-06-24 21:43:04.614 Df dmd[82858:8699f] Received xpc stream event (distributed notification matching) with name: com.apple.LaunchServices.applicationRegistered user info: {
    bundleIDs =     (
        "com.DefaultCompany.NeonDrift"
    );
    isPlaceholder = 1;
}
2026-06-24 21:43:04.615 Df SpringBoard[82658:8608a] [com.apple.appinstallation:TransactionLog] com.DefaultCompany.NeonDrift/Unknown Persona:10:2:3:1:Reloading icon image.
2026-06-24 21:43:04.620 Df installd[83021:defec] [com.apple.containermanager:query] Query; euid = 501, uid = 501, class = 4, identifier = [com.DefaultCompany.NeonDrift](1), flags = 300000002
2026-06-24 21:43:04.620 Df CoreSimulatorBridge[82688:df732] [com.apple.installcoordination:framework] -[IXAppInstallCoordinator _clientDelegate_didUpdateProgress:forPhase:overallProgress:]: <IXUpdatingAppInstallCoordinator<0x103c91a00> identity:[com.DefaultCompany.NeonDrift/Invalid/[system-defined]] uuid:BB24397E-08BD-4646-A68F-8C7D74A016E1 creator:InstallCoordination Simple SPI>: Got did update progress delegate with percentComplete 40.000000 phase IXCoordinatorProgressPhaseInstalling overallProgress 76.000000
2026-06-24 21:43:04.620 Df CoreSimulatorBridge[82688:df732] [com.apple.installcoordination:framework] -[IXAppInstallCoordinator _clientDelegate_didUpdateProgress:forPhase:overallProgress:]_block_invoke: <IXUpdatingAppInstallCoordinator<0x103c91a00> identity:[com.DefaultCompany.NeonDrift/Invalid/[system-defined]] uuid:BB24397E-08BD-4646-A68F-8C7D74A016E1 creator:InstallCoordination Simple SPI>: Calling selector coordinator:didUpdateProgress:forPhase:overallProgress: on observer <_IXSimpleInstallerDelegate 0x0x103c5a250>
2026-06-24 21:43:04.620 Df installd[83021:defec] [com.apple.containermanager:query] Query; euid = 501, uid = 501, class = 4, identifier = [com.DefaultCompany.NeonDrift](1), flags = 300000002
2026-06-24 21:43:04.621 Df installd[83021:defec] [com.apple.containermanager:xpc] Query; euid = 501, uid = 501, class = 1, identifier = [com.DefaultCompany.NeonDrift](1), flags = 300000003
2026-06-24 21:43:04.621 Df CoreSimulatorBridge[82688:defa4] [com.apple.installcoordination:framework] -[IXAppInstallCoordinator _clientDelegate_didUpdateProgress:forPhase:overallProgress:]: <IXUpdatingAppInstallCoordinator<0x103c91a00> identity:[com.DefaultCompany.NeonDrift/Invalid/[system-defined]] uuid:BB24397E-08BD-4646-A68F-8C7D74A016E1 creator:InstallCoordination Simple SPI>: Got did update progress delegate with percentComplete 50.000000 phase IXCoordinatorProgressPhaseInstalling overallProgress 80.000000
2026-06-24 21:43:04.621 Df CoreSimulatorBridge[82688:defa4] [com.apple.installcoordination:framework] -[IXAppInstallCoordinator _clientDelegate_didUpdateProgress:forPhase:overallProgress:]_block_invoke: <IXUpdatingAppInstallCoordinator<0x103c91a00> identity:[com.DefaultCompany.NeonDrift/Invalid/[system-defined]] uuid:BB24397E-08BD-4646-A68F-8C7D74A016E1 creator:InstallCoordination Simple SPI>: Calling selector coordinator:didUpdateProgress:forPhase:overallProgress: on observer <_IXSimpleInstallerDelegate 0x0x103c5a250>
2026-06-24 21:43:04.621 E  containermanagerd_system[82708:cb291] [com.apple.containermanager:schema] [com.DefaultCompany.NeonDrift(1)] Current schema version (1) is newer than the latest (0), ignoring.
2026-06-24 21:43:04.621 Df containermanagerd_system[82708:cb291] [com.apple.containermanager:schema] [u B2696138-67D9-4476-B3DD-0EF412A616D5:p A311582D-6945-4B60-80EC-BCF48E80BE9B:c com.DefaultCompany.NeonDrift(1):i27920201] Successfully updated schema from (0) → (0), actions count = 0
2026-06-24 21:43:04.622 Df installd[83021:defec] [com.apple.containermanager:xpc] Query; euid = 501, uid = 501, class = 1, identifier = [com.DefaultCompany.NeonDrift](1), flags = 300000002
2026-06-24 21:43:04.622 Df CoreSimulatorBridge[82688:df732] [com.apple.installcoordination:framework] -[IXAppInstallCoordinator _clientDelegate_didUpdateProgress:forPhase:overallProgress:]: <IXUpdatingAppInstallCoordinator<0x103c91a00> identity:[com.DefaultCompany.NeonDrift/Invalid/[system-defined]] uuid:BB24397E-08BD-4646-A68F-8C7D74A016E1 creator:InstallCoordination Simple SPI>: Got did update progress delegate with percentComplete 60.000000 phase IXCoordinatorProgressPhaseInstalling overallProgress 84.000000
2026-06-24 21:43:04.622 Df CoreSimulatorBridge[82688:df732] [com.apple.installcoordination:framework] -[IXAppInstallCoordinator _clientDelegate_didUpdateProgress:forPhase:overallProgress:]_block_invoke: <IXUpdatingAppInstallCoordinator<0x103c91a00> identity:[com.DefaultCompany.NeonDrift/Invalid/[system-defined]] uuid:BB24397E-08BD-4646-A68F-8C7D74A016E1 creator:InstallCoordination Simple SPI>: Calling selector coordinator:didUpdateProgress:forPhase:overallProgress: on observer <_IXSimpleInstallerDelegate 0x0x103c5a250>
2026-06-24 21:43:04.624 Df installd[83021:defec] [com.apple.containermanager:query] Query; euid = 501, uid = 501, class = 2, identifier = [com.DefaultCompany.NeonDrift](1), flags = 300000003
2026-06-24 21:43:04.624 Df CoreSimulatorBridge[82688:defa4] [com.apple.installcoordination:framework] -[IXAppInstallCoordinator _clientDelegate_didUpdateProgress:forPhase:overallProgress:]: <IXUpdatingAppInstallCoordinator<0x103c91a00> identity:[com.DefaultCompany.NeonDrift/Invalid/[system-defined]] uuid:BB24397E-08BD-4646-A68F-8C7D74A016E1 creator:InstallCoordination Simple SPI>: Got did update progress delegate with percentComplete 70.000000 phase IXCoordinatorProgressPhaseInstalling overallProgress 88.000000
2026-06-24 21:43:04.624 Df CoreSimulatorBridge[82688:defa4] [com.apple.installcoordination:framework] -[IXAppInstallCoordinator _clientDelegate_didUpdateProgress:forPhase:overallProgress:]_block_invoke: <IXUpdatingAppInstallCoordinator<0x103c91a00> identity:[com.DefaultCompany.NeonDrift/Invalid/[system-defined]] uuid:BB24397E-08BD-4646-A68F-8C7D74A016E1 creator:InstallCoordination Simple SPI>: Calling selector coordinator:didUpdateProgress:forPhase:overallProgress: on observer <_IXSimpleInstallerDelegate 0x0x103c5a250>
2026-06-24 21:43:04.624 Df installd[83021:defec] [com.apple.containermanager:query] Query; euid = 501, uid = 501, class = 2, identifier = [com.DefaultCompany.NeonDrift](1), flags = 300000002
2026-06-24 21:43:04.630 Df CoreSimulatorBridge[82688:df732] [com.apple.installcoordination:framework] -[IXAppInstallCoordinator _clientDelegate_didUpdateProgress:forPhase:overallProgress:]: <IXUpdatingAppInstallCoordinator<0x103c91a00> identity:[com.DefaultCompany.NeonDrift/Invalid/[system-defined]] uuid:BB24397E-08BD-4646-A68F-8C7D74A016E1 creator:InstallCoordination Simple SPI>: Got did update progress delegate with percentComplete 80.000000 phase IXCoordinatorProgressPhaseInstalling overallProgress 92.000000
2026-06-24 21:43:04.630 Df CoreSimulatorBridge[82688:df732] [com.apple.installcoordination:framework] -[IXAppInstallCoordinator _clientDelegate_didUpdateProgress:forPhase:overallProgress:]_block_invoke: <IXUpdatingAppInstallCoordinator<0x103c91a00> identity:[com.DefaultCompany.NeonDrift/Invalid/[system-defined]] uuid:BB24397E-08BD-4646-A68F-8C7D74A016E1 creator:InstallCoordination Simple SPI>: Calling selector coordinator:didUpdateProgress:forPhase:overallProgress: on observer <_IXSimpleInstallerDelegate 0x0x103c5a250>
2026-06-24 21:43:04.630 Df installd[83021:defec] (MobileSystemServices) 0x16eef3000 -[MIInstallationJournalEntry _refreshUUIDForContainer:withError:]: Data container for com.DefaultCompany.NeonDrift is now at /Users/dragonkao/Library/Developer/CoreSimulator/Devices/CC47DE7A-8196-4465-A5A5-BB852C9C6C82/data/Containers/Data/Application/4DC8A693-A77B-4013-846A-E12BD31BB3AA
2026-06-24 21:43:04.631 Df containermanagerd[82717:872fb] [com.apple.containermanager:schema] [u 815BD00E-79CD-4463-AD29-B14C41CCA58C:p 4DC8A693-A77B-4013-846A-E12BD31BB3AA:c com.DefaultCompany.NeonDrift(2):i0] Successfully updated schema from (0) → (1), actions count = 6
2026-06-24 21:43:04.631 Df installd[83021:defec] [com.apple.containermanager:unspecified] Replace; old = [app:com.DefaultCompany.NeonDrift:501::(6A5D4412-8874-4E20-A1B7-4D251014F0AA)], new = [temp-app:com.DefaultCompany.NeonDrift:501::(B2696138-67D9-4476-B3DD-0EF412A616D5)]
2026-06-24 21:43:04.634 Df installd[83021:defec] [com.apple.containermanager:xpc] Query; euid = 501, uid = 501, class = 1, identifier = [com.DefaultCompany.NeonDrift](1), flags = 300000002
2026-06-24 21:43:04.634 Df installd[83021:defec] (MobileSystemServices) 0x16eef3000 -[MIContainer makeContainerLiveReplacingContainer:reason:waitForDeletion:withError:]: Made container live for com.DefaultCompany.NeonDrift at /Users/dragonkao/Library/Developer/CoreSimulator/Devices/CC47DE7A-8196-4465-A5A5-BB852C9C6C82/data/Containers/Bundle/Application/3387E24D-1FB6-4AC8-92C4-A61C74D2E937
2026-06-24 21:43:04.635 Df installd[83021:defec] [com.apple.containermanager:xpc] Query; euid = 501, uid = 501, class = 1, identifier = [com.DefaultCompany.NeonDrift](1), flags = 300000002
2026-06-24 21:43:04.636 Df CoreSimulatorBridge[82688:defa4] [com.apple.installcoordination:framework] -[IXAppInstallCoordinator _clientDelegate_didUpdateProgress:forPhase:overallProgress:]: <IXUpdatingAppInstallCoordinator<0x103c91a00> identity:[com.DefaultCompany.NeonDrift/Invalid/[system-defined]] uuid:BB24397E-08BD-4646-A68F-8C7D74A016E1 creator:InstallCoordination Simple SPI>: Got did update progress delegate with percentComplete 90.000000 phase IXCoordinatorProgressPhaseInstalling overallProgress 96.000000
2026-06-24 21:43:04.637 Df CoreSimulatorBridge[82688:defa4] [com.apple.installcoordination:framework] -[IXAppInstallCoordinator _clientDelegate_didUpdateProgress:forPhase:overallProgress:]_block_invoke: <IXUpdatingAppInstallCoordinator<0x103c91a00> identity:[com.DefaultCompany.NeonDrift/Invalid/[system-defined]] uuid:BB24397E-08BD-4646-A68F-8C7D74A016E1 creator:InstallCoordination Simple SPI>: Calling selector coordinator:didUpdateProgress:forPhase:overallProgress: on observer <_IXSimpleInstallerDelegate 0x0x103c5a250>
2026-06-24 21:43:04.637 Df installd[83021:defec] [com.apple.containermanager:unspecified] Requesting disk usage; class = 1, identifier = com.DefaultCompany.NeonDrift
2026-06-24 21:43:04.639 Df installd[83021:defec] [com.apple.containermanager:query] Query; euid = 501, uid = 501, class = 7, identifier = [com.DefaultCompany.NeonDrift](1), flags = 300000001
2026-06-24 21:43:04.639 Df SpringBoard[82658:8608a] [com.apple.SpringBoard:Common] termination assertion released for com.DefaultCompany.NeonDrift
2026-06-24 21:43:04.641 Df installd[83021:defec] (MobileSystemServices) 0x16eef3000 -[MILaunchServicesOperationManager _onQueue_addPendingLaunchServicesOperation:error:]: Added pending LS operation <MILaunchServicesRegisterOperation: 888E1590-157B-4AA3-8E44-0565AB71C551:18 com.DefaultCompany.NeonDrift/MIInstallationDomainSystemShared personas:[com.apple.containermanager.primary-persona]>
2026-06-24 21:43:04.642 Df lsd[82713:df7c5] [com.apple.launchservices:appinstallation] Post installation registration: request to register com.DefaultCompany.NeonDrift, operation 888E1590-157B-4AA3-8E44-0565AB71C551, from pid 83021
2026-06-24 21:43:04.642 Df lsd[82713:df7c5] [com.apple.appinstallation:TransactionLog] com.DefaultCompany.NeonDrift/Unknown Persona:5:4:1:1:Registering bundles via registrant - start
2026-06-24 21:43:04.643 Df lsd[82713:df7c5] [com.apple.appinstallation:TransactionLog] com.DefaultCompany.NeonDrift/Unknown Persona:5:5:1:1:Building bundle record for app
2026-06-24 21:43:04.644 Df lsd[82713:df7c5] [com.apple.launchservices:appinstallation] Removed existing registered placeholder for com.DefaultCompany.NeonDrift
2026-06-24 21:43:04.644 Df lsd[82713:df7c5] [com.apple.launchservices:appinstallation] Removed existing registered bundle for com.DefaultCompany.NeonDrift
2026-06-24 21:43:04.644 Df lsd[82713:df7c5] [com.apple.appinstallation:TransactionLog] com.DefaultCompany.NeonDrift/Unknown Persona:5:5:2:1:Built bundle record for app
2026-06-24 21:43:04.644 Df lsd[82713:df7c5] [com.apple.launchservices:icons] clearAlternateNameForBundleIdentifier: won't clear for com.DefaultCompany.NeonDrift
2026-06-24 21:43:04.644 Df lsd[82713:df7c5] [com.apple.appinstallation:TransactionLog] com.DefaultCompany.NeonDrift/Unknown Persona:5:4:2:1:Registered bundle status = success
2026-06-24 21:43:04.644 Df lsd[82713:df7c5] [com.apple.appinstallation:TransactionLog] com.DefaultCompany.NeonDrift/Unknown Persona:5:4:2:1:Finished registering com.DefaultCompany.NeonDrift, bundle unit 304
2026-06-24 21:43:04.644 Df lsd[82713:df76f] [com.apple.launchservices:progress] Installation ended for com.DefaultCompany.NeonDrift with state 5
2026-06-24 21:43:04.645 Df lsd[82713:df76f] [com.apple.launchservices:progress] Discarding proportions for com.DefaultCompany.NeonDrift
2026-06-24 21:43:04.645 Df liveactivitiesd[82725:862f7] [com.apple.launchservices:progress] Unpublishing progress block called for app com.DefaultCompany.NeonDrift
2026-06-24 21:43:04.645 Df liveactivitiesd[82725:df03e] [com.apple.launchservices:progress] #LSInstallProgressList remove subscriber: <_NSProgressSubscriber: 0x1064053b0> publishingString: com.DefaultCompany.NeonDrift
2026-06-24 21:43:04.645 Df lsd[82713:df032] [com.apple.launchservices:progress] Sending applicationsDidInstall: for (
    "<LSApplicationProxy: 0x105be0180> com.DefaultCompany.NeonDrift file:///Users/dragonkao/Library/Developer/CoreSimulator/Devices/CC47DE7A-8196-4465-A5A5-BB852C9C6C82/data/Containers/Bundle/Application/3387E24D-1FB6-4AC8-92C4-A61C74D2E937/NeonDrift.app/ <com.DefaultCompany.NeonDrift <installed >:0>"
)
2026-06-24 21:43:04.645 Df installd[83021:defec] (MobileSystemServices) 0x16eef3000 -[MIJournal purgeJournalEntry:withError:]: Removing journal entry <MIInstallationJournalEntry<0x1020e8500> [com.DefaultCompany.NeonDrift/com.apple.containermanager.primary-persona/[system-defined]]/MIInstallationDomainSystemShared op:1 phase:JournalPhaseDidRegisterWithLS version:0>
2026-06-24 21:43:04.645 Df installd[83021:defec] [com.apple.appinstallation:TransactionLog] com.DefaultCompany.NeonDrift/com.apple.containermanager.primary-persona:7:1:2:1:Success (End) : Install (Patch Update)
2026-06-24 21:43:04.645 Df installd[83021:defec] (MobileSystemServices) 0x16eef3000 -[MIInstaller _logOperationCompletionWithStartTime:distributorID:]: Install successful for (Developer:com.DefaultCompany.NeonDrift) [Distributor: (null)]; Staging: 0.00s; Waiting: 0.00s; Preflight/Patch: 0.02s, Verifying: 0.00s; Overall: 0.06s
2026-06-24 21:43:04.645 Df dasd[82684:df384] [com.apple.launchservices:appinstallation] Received applicationsDidInstall:(
    "<LSApplicationProxy: 0x101f5c3c0> com.DefaultCompany.NeonDrift file:///Users/dragonkao/Library/Developer/CoreSimulator/Devices/CC47DE7A-8196-4465-A5A5-BB852C9C6C82/data/Containers/Bundle/Application/3387E24D-1FB6-4AC8-92C4-A61C74D2E937/NeonDrift.app/ <com.DefaultCompany.NeonDrift <installed >:0>"
)
2026-06-24 21:43:04.645 Df SpringBoard[82658:8608a] [com.apple.launchservices:progress] Unpublishing progress block called for app com.DefaultCompany.NeonDrift
2026-06-24 21:43:04.646 Df SpringBoard[82658:df771] [com.apple.launchservices:progress] #LSInstallProgressList remove subscriber: <_NSProgressSubscriber: 0x1028a95c0> publishingString: com.DefaultCompany.NeonDrift
2026-06-24 21:43:04.646 Df passd[82687:df799] [com.apple.launchservices:appinstallation] Received applicationsDidInstall:(
    "<LSApplicationProxy: 0x10af52f40> com.DefaultCompany.NeonDrift file:///Users/dragonkao/Library/Developer/CoreSimulator/Devices/CC47DE7A-8196-4465-A5A5-BB852C9C6C82/data/Containers/Bundle/Application/3387E24D-1FB6-4AC8-92C4-A61C74D2E937/NeonDrift.app/ <com.DefaultCompany.NeonDrift <installed >:0>"
)
2026-06-24 21:43:04.646 Df financed[82764:df05f] [com.apple.launchservices:appinstallation] Received applicationsDidInstall:(
    "<LSApplicationProxy: 0x1097a4240> com.DefaultCompany.NeonDrift file:///Users/dragonkao/Library/Developer/CoreSimulator/Devices/CC47DE7A-8196-4465-A5A5-BB852C9C6C82/data/Containers/Bundle/Application/3387E24D-1FB6-4AC8-92C4-A61C74D2E937/NeonDrift.app/ <com.DefaultCompany.NeonDrift <installed >:0>"
)
2026-06-24 21:43:04.646 Df mobiletimerd[82673:df60a] [com.apple.launchservices:appinstallation] Received applicationsDidInstall:(
    "<LSApplicationProxy: 0x103e68600> com.DefaultCompany.NeonDrift file:///Users/dragonkao/Library/Developer/CoreSimulator/Devices/CC47DE7A-8196-4465-A5A5-BB852C9C6C82/data/Containers/Bundle/Application/3387E24D-1FB6-4AC8-92C4-A61C74D2E937/NeonDrift.app/ <com.DefaultCompany.NeonDrift <installed >:0>"
)
2026-06-24 21:43:04.646 Df installcoordinationd[83165:defdf] [com.apple.installcoordination:daemon] -[IXSPendingOperationsTracker endPendingOperationForIdentity:]_block_invoke: Ending pending operation for [com.DefaultCompany.NeonDrift/Invalid/[system-defined]]
2026-06-24 21:43:04.646 Df activityawardsd[83145:df022] [com.apple.launchservices:appinstallation] Received applicationsDidInstall:(
    "<LSApplicationProxy: 0x104144d80> com.DefaultCompany.NeonDrift file:///Users/dragonkao/Library/Developer/CoreSimulator/Devices/CC47DE7A-8196-4465-A5A5-BB852C9C6C82/data/Containers/Bundle/Application/3387E24D-1FB6-4AC8-92C4-A61C74D2E937/NeonDrift.app/ <com.DefaultCompany.NeonDrift <installed >:0>"
)
2026-06-24 21:43:04.646 Df dasd[82684:df384] [com.apple.appinstallation:TransactionLog] com.DefaultCompany.NeonDrift/Unknown Persona:5:8:3:1:applicationsDidInstall <LSApplicationProxy: 0x101f5c300> com.DefaultCompany.NeonDrift file:///Users/dragonkao/Library/Developer/CoreSimulator/Devices/CC47DE7A-8196-4465-A5A5-BB852C9C6C82/data/Containers/Bundle/Application/3387E24D-1FB6-4AC8-92C4-A61C74D2E937/NeonDrift.app/ <com.DefaultCompany.NeonDrift <installed >:0>
2026-06-24 21:43:04.646 Df healthd[82668:df023] [com.apple.launchservices:appinstallation] Received applicationsDidInstall:(
    "<LSApplicationProxy: 0x103a40540> com.DefaultCompany.NeonDrift file:///Users/dragonkao/Library/Developer/CoreSimulator/Devices/CC47DE7A-8196-4465-A5A5-BB852C9C6C82/data/Containers/Bundle/Application/3387E24D-1FB6-4AC8-92C4-A61C74D2E937/NeonDrift.app/ <com.DefaultCompany.NeonDrift <installed >:0>"
)
2026-06-24 21:43:04.646 Df sleepd[82685:df79e] [com.apple.launchservices:appinstallation] Received applicationsDidInstall:(
    "<LSApplicationProxy: 0x105654000> com.DefaultCompany.NeonDrift file:///Users/dragonkao/Library/Developer/CoreSimulator/Devices/CC47DE7A-8196-4465-A5A5-BB852C9C6C82/data/Containers/Bundle/Application/3387E24D-1FB6-4AC8-92C4-A61C74D2E937/NeonDrift.app/ <com.DefaultCompany.NeonDrift <installed >:0>"
)
2026-06-24 21:43:04.646 Df CoreSimulatorBridge[82688:defa4] [com.apple.installcoordination:framework] -[IXAppInstallCoordinator _clientDelegate_didUpdateProgress:forPhase:overallProgress:]: <IXUpdatingAppInstallCoordinator<0x103c91a00> identity:[com.DefaultCompany.NeonDrift/Invalid/[system-defined]] uuid:BB24397E-08BD-4646-A68F-8C7D74A016E1 creator:InstallCoordination Simple SPI>: Got did update progress delegate with percentComplete 100.000000 phase IXCoordinatorProgressPhaseInstalling overallProgress 100.000000
2026-06-24 21:43:04.646 Df lsd[82713:86192] [com.apple.launchservices:progress] unsubscribing from com.DefaultCompany.NeonDrift.Installing as it was unpublished
