2026-06-28 20:43:22.107 Df runningboardd[28451:df9557] [com.apple.runningboard:process] Executing termination request for: <RBSProcessPredicate <RBSProcessBundleIdentifierPredicate "com.DefaultCompany.NeonDrift.run.1782650479.26426">>
2026-06-28 20:43:22.107 Df SpringBoard[28445:df94b2] [com.apple.SpringBoard:Common] termination assertion acquired for com.DefaultCompany.NeonDrift.run.1782650479.26426
2026-06-28 20:43:22.107 Df SpringBoard[28445:df94b2] [com.apple.SpringBoard:Icon] 0x10c73b780-SBApplicationIcon Data source did change: <SBApplication: 0x10c786800; com.DefaultCompany.NeonDrift.run.1782650479.26426> {
} (SBApplication)
2026-06-28 20:43:22.107 Df installcoordinationd[28596:df99f6] [com.apple.appinstallation:TransactionLog] com.DefaultCompany.NeonDrift.run.1782650479.26426/Unknown Persona:4:9:1:1:Placeholder Promise began. Coordinator State: IXAppCoordinationStateWaitingForPlaceholderAssertion
2026-06-28 20:43:22.107 Df installcoordinationd[28596:df9994] [com.apple.installcoordination:daemon] -[IXSCoordinatedAppInstall assertionAcquiredCallback]: RBS termination assertion observer called for <IXSCoordinatedAppInstall<0x10420c000> [P=CoreSimulatorBridge (pid 28478)] identifier:[com.DefaultCompany.NeonDrift.run.1782650479.26426/Invalid/[system-defined]] uuid:2CC78965-9218-46FD-B7AA-E3B378613791 intent:IXCoordinatorIntentUpdating creator/appDRI:InstallCoordination Simple SPI importance:UserWaiting state:IXAppCoordinationStateWaitingForPlaceholderAssertion promise-state:PA2I4>
2026-06-28 20:43:22.107 Df installcoordinationd[28596:df99f6] [com.apple.installcoordination:daemon] -[IXSCoordinatorProgress setTotalUnitsCompleted:]: Progress for coordinator: [com.DefaultCompany.NeonDrift.run.1782650479.26426/Invalid/[system-defined]], Phase: IXCoordinatorProgressPhaseLoading, Percentage: 100.000000: Attempt to set units completed on finished progress: 100
2026-06-28 20:43:22.107 Df installcoordinationd[28596:df99f6] [com.apple.appinstallation:TransactionLog] com.DefaultCompany.NeonDrift.run.1782650479.26426/Unknown Persona:4:9:2:1:Placeholder Promise completed. Coordinator State: IXAppCoordinationStateWaitingForPlaceholderAssertion
2026-06-28 20:43:22.108 Df installcoordinationd[28596:df99f6] [com.apple.installcoordination:daemon] -[IXSCoordinatedAppInstall _onQueue_installPlaceholder]: Acquired termination assertion for placeholder [com.DefaultCompany.NeonDrift.run.1782650479.26426/Invalid/[system-defined]]; proceeding with install.
2026-06-28 20:43:22.108 Df CoreSimulatorBridge[28478:df9a05] [com.apple.installcoordination:framework] -[IXAppInstallCoordinator _clientDelegate_promiseDidBeginFulfillmentWithIdentifier:]: <IXUpdatingAppInstallCoordinator<0x101490d00> identity:[com.DefaultCompany.NeonDrift.run.1782650479.26426/Invalid/[system-defined]] uuid:2CC78965-9218-46FD-B7AA-E3B378613791 creator:InstallCoordination Simple SPI>: Got promise did begin fulfillment for identifier 1
2026-06-28 20:43:22.108 Df CoreSimulatorBridge[28478:df9a05] [com.apple.installcoordination:framework] -[IXAppInstallCoordinator _clientDelegate_promiseDidBeginFulfillmentWithIdentifier:]_block_invoke: <IXUpdatingAppInstallCoordinator<0x101490d00> identity:[com.DefaultCompany.NeonDrift.run.1782650479.26426/Invalid/[system-defined]] uuid:2CC78965-9218-46FD-B7AA-E3B378613791 creator:InstallCoordination Simple SPI>: Observer <_IXSimpleInstallerDelegate 0x0x101459560> does not respond to coordinator:configuredPromiseDidBeginFulfillment: (or any deprecated equivalent)
2026-06-28 20:43:22.109 Df installcoordinationd[28596:df99f6] [com.apple.installcoordination:daemon] -[IXSPowerAssertion initWithAssertionName:details:]: Acquired power assertion IXPowerAssertion-12-[com.DefaultCompany.NeonDrift.run.1782650479.26426/Invalid/[system-defined]]
2026-06-28 20:43:22.110 Df runningboardd[28451:df9557] [com.apple.runningboard:process] Checking PreventLaunch: global:0 exPath:(null) predicates:{(
    <RBSProcessPredicate <RBSProcessBundleIdentifierPredicate "com.DefaultCompany.NeonDrift.run.1782650479.26426">>
)} allow:(null)
2026-06-28 20:43:22.110 Df installd[28608:df99f1] (MobileSystemServices) 0x16d807000 -[MIClientConnection _doInstallationForURL:identity:domain:options:operationType:completion:]: Install of "/Users/dragonkao/Library/Developer/CoreSimulator/Devices/CC47DE7A-8196-4465-A5A5-BB852C9C6C82/data/Containers/Shared/SystemGroup/systemgroup.com.apple.installcoordinationd/Library/InstallCoordination/PromiseStaging/747167A0-CC10-4516-9FE2-522EEB68600D/NeonDrift.run.1782650479.26426.app" type Placeholder (LSInstallType = 1, Domain: MIInstallationDomainDefault) requested by installcoordinationd (pid 28596 (501/20))
2026-06-28 20:43:22.115 Df installd[28608:df99f1] [com.apple.containermanager:xpc] Query; euid = 501, uid = 501, class = 1, identifier = [com.DefaultCompany.NeonDrift.run.1782650479.26426](1), flags = 300000002
2026-06-28 20:43:22.115 Df containermanagerd_system[28494:df9559] [com.apple.containermanager:cache] Disk sync reporting on new entry: (com.DefaultCompany.NeonDrift.run.1782650479.26426|18446744073709551615|<MCMContainerPath: 0x1060f62b0; [<MCMContainerClassPath: 0x10604d1a0; persona [(null)]; [/Users/dragonkao/Library/Developer/CoreSimulator/Devices/CC47DE7A-8196-4465-A5A5-BB852C9C6C82/data/Containers]/[Bundle]/[Application] created>]/[BB3354CD-78AC-4960-BECC-A99C599EEBAD]/[(null)]>|0|6C851A23-C2B8-42CE-A423-63774768FDCC|(null))
2026-06-28 20:43:22.117 Df installd[28608:df99f1] [com.apple.containermanager:xpc] Query; euid = 501, uid = 501, class = 1, identifier = [com.DefaultCompany.NeonDrift.run.1782650479.26426](1), flags = 300000002
2026-06-28 20:43:22.239 Df runningboardd[28451:df9557] [com.apple.runningboard:process] Checking PreventLaunch: global:0 exPath:(null) predicates:{(
    <RBSProcessPredicate <RBSProcessBundleIdentifierPredicate "com.DefaultCompany.NeonDrift.run.1782650479.26426">>
)} allow:(null)
2026-06-28 20:43:22.257 Df installd[28608:df99f1] [com.apple.containermanager:xpc] Query; euid = 501, uid = 501, class = 1, identifier = [com.DefaultCompany.NeonDrift.run.1782650479.26426](1), flags = 300000002
2026-06-28 20:43:22.257 Df installd[28608:df99f1] [com.apple.containermanager:xpc] Query; euid = 501, uid = 501, class = 1, identifier = [com.DefaultCompany.NeonDrift.run.1782650479.26426](1), flags = 300000002
2026-06-28 20:43:22.262 Df installd[28608:df99f1] (MobileSystemServices) 0x16d807000 -[MIInstaller _installInstallable:containingSymlink:error:]: Installing <MIInstallableParallelPlaceholder ID=com.DefaultCompany.NeonDrift.run.1782650479.26426; Persona=com.apple.containermanager.primary-persona, Version=0, ShortVersion=1.0>
2026-06-28 20:43:22.262 Df installd[28608:df99f1] [com.apple.appinstallation:TransactionLog] com.DefaultCompany.NeonDrift.run.1782650479.26426/com.apple.containermanager.primary-persona:7:2:1:1:Start : Install (Parallel Placeholder)
2026-06-28 20:43:22.348 Df runningboardd[28451:df9557] [com.apple.runningboard:process] Checking PreventLaunch: global:0 exPath:(null) predicates:{(
    <RBSProcessPredicate <RBSProcessBundleIdentifierPredicate "com.DefaultCompany.NeonDrift.run.1782650479.26426">>
)} allow:(null)
2026-06-28 20:43:22.462 Df runningboardd[28451:df9561] [com.apple.runningboard:process] Checking PreventLaunch: global:0 exPath:(null) predicates:{(
    <RBSProcessPredicate <RBSProcessBundleIdentifierPredicate "com.DefaultCompany.NeonDrift.run.1782650479.26426">>
)} allow:(null)
2026-06-28 20:43:22.584 Df runningboardd[28451:df955d] [com.apple.runningboard:process] Checking PreventLaunch: global:0 exPath:(null) predicates:{(
    <RBSProcessPredicate <RBSProcessBundleIdentifierPredicate "com.DefaultCompany.NeonDrift.run.1782650479.26426">>
)} allow:(null)
2026-06-28 20:43:22.698 Df runningboardd[28451:df9a39] [com.apple.runningboard:process] Checking PreventLaunch: global:0 exPath:(null) predicates:{(
    <RBSProcessPredicate <RBSProcessBundleIdentifierPredicate "com.DefaultCompany.NeonDrift.run.1782650479.26426">>
)} allow:(null)
2026-06-28 20:43:22.814 Df runningboardd[28451:df955d] [com.apple.runningboard:process] Checking PreventLaunch: global:0 exPath:(null) predicates:{(
    <RBSProcessPredicate <RBSProcessBundleIdentifierPredicate "com.DefaultCompany.NeonDrift.run.1782650479.26426">>
)} allow:(null)
2026-06-28 20:43:22.904 Df searchd[28543:df98e9] [com.apple.spotlight:default] _allInstalledApplicationsIdentifiers: {(
    "com.apple.Passbook",
    "com.DefaultCompany.NeonDrift.run.1782486232.95300",
    "com.DefaultCompany.NeonDrift.run.1782493753.82761",
    "com.DefaultCompany.NeonDrift.run.1782485248.76636",
    "com.apple.DocumentsApp",
    "com.apple.MobileAddressBook",
    "com.apple.Fitness",
    "com.DefaultCompany.NeonDrift.run.1782638094.21137",
    "com.apple.MobileSMS",
    "com.DefaultCompany.NeonDrift.run.1782485533.82553",
    "com.apple.Maps",
    "com.DefaultCompany.NeonDrift.run.1782641020.54193",
    "com.apple.Passwords",
    "com.DefaultCompany.NeonDrift.run.1782650479.26426",
    "com.apple.mobilecal",
    "com.apple.BarcodeScanner",
    "com.apple.Preferences",
    "com.DefaultCompany.NeonDrift.run.1782573263.85778",
    "com.apple.Bridge",
    "com.apple.reminders",
    "com.DefaultCompany.NeonDrift.run.1782484808.68182",
    "com.apple.Health",
    "com.apple.news",
    "com.apple.mobileslideshow",
    "com.DefaultCompany.NeonDrift",
    "com.apple.mobilesafari",
    "com.DefaultCompany
2026-06-28 20:43:22.928 Df runningboardd[28451:df9557] [com.apple.runningboard:process] Checking PreventLaunch: global:0 exPath:(null) predicates:{(
    <RBSProcessPredicate <RBSProcessBundleIdentifierPredicate "com.DefaultCompany.NeonDrift.run.1782650479.26426">>
)} allow:(null)
2026-06-28 20:43:23.039 Df runningboardd[28451:df955d] [com.apple.runningboard:process] Checking PreventLaunch: global:0 exPath:(null) predicates:{(
    <RBSProcessPredicate <RBSProcessBundleIdentifierPredicate "com.DefaultCompany.NeonDrift.run.1782650479.26426">>
)} allow:(null)
2026-06-28 20:43:23.110 Df containermanagerd[28504:df95f3] [com.apple.containermanager:cache] Disk sync reporting on new entry: (com.DefaultCompany.NeonDrift.run.1782650479.26426|18446744073709551615|<MCMContainerPath: 0x106289a90; [<MCMContainerClassPath: 0x1060497a0; persona [(null)]; [/Users/dragonkao/Library/Developer/CoreSimulator/Devices/CC47DE7A-8196-4465-A5A5-BB852C9C6C82/data/Containers]/[Data]/[Application] created>]/[2373812A-75AC-4A22-BE21-D0A2813D2941]/[(null)]>|1|8D038B14-F68D-42F7-B5B3-CE2C91FE81DC|(null))
2026-06-28 20:43:23.150 Df runningboardd[28451:df955f] [com.apple.runningboard:process] Checking PreventLaunch: global:0 exPath:(null) predicates:{(
    <RBSProcessPredicate <RBSProcessBundleIdentifierPredicate "com.DefaultCompany.NeonDrift.run.1782650479.26426">>
)} allow:(null)
2026-06-28 20:43:23.294 Df runningboardd[28451:df9561] [com.apple.runningboard:process] Checking PreventLaunch: global:0 exPath:(null) predicates:{(
    <RBSProcessPredicate <RBSProcessBundleIdentifierPredicate "com.DefaultCompany.NeonDrift.run.1782650479.26426">>
)} allow:(null)
2026-06-28 20:43:23.407 Df runningboardd[28451:df955d] [com.apple.runningboard:process] Checking PreventLaunch: global:0 exPath:(null) predicates:{(
    <RBSProcessPredicate <RBSProcessBundleIdentifierPredicate "com.DefaultCompany.NeonDrift.run.1782650479.26426">>
)} allow:(null)
2026-06-28 20:43:23.476 Df searchd[28543:df98e5] [com.apple.spotlight:default] Apps changed: (
    "com.apple.Passbook",
    "com.DefaultCompany.NeonDrift.run.1782486232.95300",
    "com.DefaultCompany.NeonDrift.run.1782493753.82761",
    "com.DefaultCompany.NeonDrift.run.1782485248.76636",
    "com.apple.DocumentsApp",
    "com.apple.MobileAddressBook",
    "com.apple.Fitness",
    "com.DefaultCompany.NeonDrift.run.1782638094.21137",
    "com.apple.MobileSMS",
    "com.DefaultCompany.NeonDrift.run.1782485533.82553",
    "com.apple.Maps",
    "com.DefaultCompany.NeonDrift.run.1782641020.54193",
    "com.apple.Passwords",
    "com.DefaultCompany.NeonDrift.run.1782650479.26426",
    "com.apple.mobilecal",
    "com.apple.BarcodeScanner",
    "com.apple.Preferences",
    "com.DefaultCompany.NeonDrift.run.1782573263.85778",
    "com.apple.Bridge",
    "com.apple.reminders",
    "com.DefaultCompany.NeonDrift.run.1782484808.68182",
    "com.apple.Health",
    "com.apple.news",
    "com.apple.mobileslideshow",
    "com.DefaultCompany.NeonDrift",
    "com.apple.mobilesafari",
    "com.DefaultCompany.
2026-06-28 20:43:23.575 Df runningboardd[28451:df9557] [com.apple.runningboard:process] Checking PreventLaunch: global:0 exPath:(null) predicates:{(
    <RBSProcessPredicate <RBSProcessBundleIdentifierPredicate "com.DefaultCompany.NeonDrift.run.1782650479.26426">>
)} allow:(null)
2026-06-28 20:43:23.709 Df runningboardd[28451:df9557] [com.apple.runningboard:process] Checking PreventLaunch: global:0 exPath:(null) predicates:{(
    <RBSProcessPredicate <RBSProcessBundleIdentifierPredicate "com.DefaultCompany.NeonDrift.run.1782650479.26426">>
)} allow:(null)
2026-06-28 20:43:25.604 Df installd[28608:df99f1] [com.apple.containermanager:query] Query; euid = 501, uid = 501, class = 4, identifier = [com.DefaultCompany.NeonDrift.run.1782650479.26426](1), flags = 300000002
2026-06-28 20:43:25.604 Df installd[28608:df99f1] [com.apple.containermanager:query] Query; euid = 501, uid = 501, class = 4, identifier = [com.DefaultCompany.NeonDrift.run.1782650479.26426](1), flags = 300000002
2026-06-28 20:43:25.604 Df installd[28608:df99f1] (MobileSystemServices) 0x16d807000 -[MIInstallableParallelPlaceholder performInstallationWithError:]: Installing parallel placeholder for [com.DefaultCompany.NeonDrift.run.1782650479.26426/com.apple.containermanager.primary-persona/[system-defined]]
2026-06-28 20:43:25.607 Df installd[28608:df99f1] [com.apple.containermanager:query] Query; euid = 501, uid = 501, class = 2, identifier = [com.DefaultCompany.NeonDrift.run.1782650479.26426](1), flags = 300000003
2026-06-28 20:43:25.608 Df installd[28608:df99f1] [com.apple.containermanager:query] Query; euid = 501, uid = 501, class = 2, identifier = [com.DefaultCompany.NeonDrift.run.1782650479.26426](1), flags = 300000002
2026-06-28 20:43:25.618 Df containermanagerd[28504:df95f3] [com.apple.containermanager:schema] [u 8D038B14-F68D-42F7-B5B3-CE2C91FE81DC:p 2373812A-75AC-4A22-BE21-D0A2813D2941:c com.DefaultCompany.NeonDrift.run.1782650479.26426(2):i0] Successfully updated schema from (0) → (1), actions count = 6
2026-06-28 20:43:25.619 Df containermanagerd_system[28494:df9559] [com.apple.containermanager:schema] [u 6C851A23-C2B8-42CE-A423-63774768FDCC:p BB3354CD-78AC-4960-BECC-A99C599EEBAD:c com.DefaultCompany.NeonDrift.run.1782650479.26426(1):i0] Successfully updated schema from (0) → (0), actions count = 0
2026-06-28 20:43:25.620 Df installd[28608:df99f1] [com.apple.containermanager:xpc] Query; euid = 501, uid = 501, class = 1, identifier = [com.DefaultCompany.NeonDrift.run.1782650479.26426](1), flags = 300000002
2026-06-28 20:43:25.621 Df installd[28608:df99f1] [com.apple.containermanager:unspecified] Requesting disk usage; class = 1, identifier = com.DefaultCompany.NeonDrift.run.1782650479.26426
2026-06-28 20:43:25.623 Df installd[28608:df99f1] [com.apple.containermanager:query] Query; euid = 501, uid = 501, class = 7, identifier = [com.DefaultCompany.NeonDrift.run.1782650479.26426](1), flags = 300000001
2026-06-28 20:43:25.624 Df SpringBoard[28445:df94b2] [com.apple.SpringBoard:Common] termination assertion released for com.DefaultCompany.NeonDrift.run.1782650479.26426
2026-06-28 20:43:25.624 Df SpringBoard[28445:df94b2] [com.apple.SpringBoard:Icon] 0x10c73b780-SBApplicationIcon Data source did change: <SBApplication: 0x10c786800; com.DefaultCompany.NeonDrift.run.1782650479.26426> {
} (SBApplication)
2026-06-28 20:43:25.626 Df installd[28608:df99f1] (MobileSystemServices) 0x16d807000 -[MILaunchServicesOperationManager _onQueue_addPendingLaunchServicesOperation:error:]: Added pending LS operation <MILaunchServicesRegisterOperation: 91D221E9-3ED3-4036-9836-72DCE9F05C21:1 com.DefaultCompany.NeonDrift.run.1782650479.26426/MIInstallationDomainSystemShared personas:[com.apple.containermanager.primary-persona]>
2026-06-28 20:43:25.627 Df lsd[28499:df95fe] [com.apple.launchservices:appinstallation] Post installation registration: request to register com.DefaultCompany.NeonDrift.run.1782650479.26426, operation 91D221E9-3ED3-4036-9836-72DCE9F05C21, from pid 28608
2026-06-28 20:43:25.629 Df lsd[28499:df95fe] [com.apple.appinstallation:TransactionLog] com.DefaultCompany.NeonDrift.run.1782650479.26426/Unknown Persona:5:4:1:1:Registering bundles via registrant - start
2026-06-28 20:43:25.633 Df lsd[28499:df95fe] [com.apple.appinstallation:TransactionLog] com.DefaultCompany.NeonDrift.run.1782650479.26426/Unknown Persona:5:5:1:1:Building bundle record for app
2026-06-28 20:43:25.633 Df lsd[28499:df95fe] [com.apple.launchservices:appinstallation] Placeholder detected - Flagging bundle com.DefaultCompany.NeonDrift.run.1782650479.26426 incomplete
2026-06-28 20:43:25.634 Df lsd[28499:df95fe] [com.apple.appinstallation:TransactionLog] com.DefaultCompany.NeonDrift.run.1782650479.26426/Unknown Persona:5:5:2:1:Built bundle record for app
2026-06-28 20:43:25.636 Df lsd[28499:df95fe] [com.apple.appinstallation:TransactionLog] com.DefaultCompany.NeonDrift.run.1782650479.26426/Unknown Persona:5:4:2:1:Registered bundle status = success
2026-06-28 20:43:25.637 Df lsd[28499:df95fe] [com.apple.appinstallation:TransactionLog] com.DefaultCompany.NeonDrift.run.1782650479.26426/Unknown Persona:5:4:2:1:Finished registering com.DefaultCompany.NeonDrift.run.1782650479.26426, bundle unit 560
2026-06-28 20:43:25.637 Df installd[28608:df99f1] (MobileSystemServices) 0x16d807000 -[MIJournal purgeJournalEntry:withError:]: Removing journal entry <MIInstallationJournalEntry<0x1038e8960> [com.DefaultCompany.NeonDrift.run.1782650479.26426/com.apple.containermanager.primary-persona/[system-defined]]/MIInstallationDomainSystemShared op:3 phase:JournalPhaseDidRegisterWithLS version:0>
2026-06-28 20:43:25.637 Df lsd[28499:df95ff] [com.apple.launchservices:progress] Sending applicationInstallsDidStart: for (
    "<LSApplicationProxy: 0x101744000> com.DefaultCompany.NeonDrift.run.1782650479.26426 file:///Users/dragonkao/Library/Developer/CoreSimulator/Devices/CC47DE7A-8196-4465-A5A5-BB852C9C6C82/data/Containers/Bundle/Application/BB3354CD-78AC-4960-BECC-A99C599EEBAD/com.apple.mobileinstallation.placeholder/ <com.DefaultCompany.NeonDrift.run.1782650479.26426 <placeholder >:1>"
)
2026-06-28 20:43:25.638 Df installd[28608:df99f1] [com.apple.appinstallation:TransactionLog] com.DefaultCompany.NeonDrift.run.1782650479.26426/com.apple.containermanager.primary-persona:7:2:2:1:Success (End) : Install (Parallel Placeholder)
2026-06-28 20:43:25.638 Df installd[28608:df99f1] (MobileSystemServices) 0x16d807000 -[MIInstaller _logOperationCompletionWithStartTime:distributorID:]: Install successful for (Placeholder:com.DefaultCompany.NeonDrift.run.1782650479.26426) [Distributor: (null)]; Staging: 0.00s; Waiting: 0.00s; Preflight/Patch: 3.34s, Verifying: 0.00s; Overall: 3.53s
2026-06-28 20:43:25.638 Df lsd[28499:df95ff] [com.apple.launchservices:progress] Created parent progress <NSProgress: com.DefaultCompany.NeonDrift.run.1782650479.26426 phase=InstallingPlaceholder; state=Waiting; finalPhase=Installing; fractionCompleted=0.000000>
2026-06-28 20:43:25.638 Df installcoordinationd[28596:df99f6] [com.apple.installcoordination:daemon] -[IXSPowerAssertion invalidate]: Released power assertion IXPowerAssertion-12-[com.DefaultCompany.NeonDrift.run.1782650479.26426/Invalid/[system-defined]]
2026-06-28 20:43:25.639 Df SpringBoard[28445:df97d3] [com.apple.launchservices:appinstallation] LaunchServices observer: InstallsStarted (
    "<LSApplicationProxy: 0x10bdee700> com.DefaultCompany.NeonDrift.run.1782650479.26426 file:///Users/dragonkao/Library/Developer/CoreSimulator/Devices/CC47DE7A-8196-4465-A5A5-BB852C9C6C82/data/Containers/Bundle/Application/BB3354CD-78AC-4960-BECC-A99C599EEBAD/com.apple.mobileinstallation.placeholder/ <com.DefaultCompany.NeonDrift.run.1782650479.26426 <placeholder >:1>"
)
2026-06-28 20:43:25.640 Df nsurlsessiond[28498:df961a] [com.apple.launchservices:appinstallation] LaunchServices observer: InstallsStarted (
    "<LSApplicationProxy: 0x104270240> com.DefaultCompany.NeonDrift.run.1782650479.26426 file:///Users/dragonkao/Library/Developer/CoreSimulator/Devices/CC47DE7A-8196-4465-A5A5-BB852C9C6C82/data/Containers/Bundle/Application/BB3354CD-78AC-4960-BECC-A99C599EEBAD/com.apple.mobileinstallation.placeholder/ <com.DefaultCompany.NeonDrift.run.1782650479.26426 <placeholder >:1>"
)
2026-06-28 20:43:25.640 Df callservicesd[28514:df96b1] [com.apple.launchservices:appinstallation] LaunchServices observer: InstallsStarted (
    "<LSApplicationProxy: 0x106928cc0> com.DefaultCompany.NeonDrift.run.1782650479.26426 file:///Users/dragonkao/Library/Developer/CoreSimulator/Devices/CC47DE7A-8196-4465-A5A5-BB852C9C6C82/data/Containers/Bundle/Application/BB3354CD-78AC-4960-BECC-A99C599EEBAD/com.apple.mobileinstallation.placeholder/ <com.DefaultCompany.NeonDrift.run.1782650479.26426 <placeholder >:1>"
)
2026-06-28 20:43:25.640 Df SpringBoard[28445:df97d3] [com.apple.frontboard.ApplicationLibrary:observer] -[FBSApplicationLibrary applicationInstallsDidStart:] com.DefaultCompany.NeonDrift.run.1782650479.26426
2026-06-28 20:43:25.640 Df appstored[28602:df99f8] [com.apple.launchservices:appinstallation] LaunchServices observer: InstallsStarted (
    "<LSApplicationProxy: 0x1022e4000> com.DefaultCompany.NeonDrift.run.1782650479.26426 file:///Users/dragonkao/Library/Developer/CoreSimulator/Devices/CC47DE7A-8196-4465-A5A5-BB852C9C6C82/data/Containers/Bundle/Application/BB3354CD-78AC-4960-BECC-A99C599EEBAD/com.apple.mobileinstallation.placeholder/ <com.DefaultCompany.NeonDrift.run.1782650479.26426 <placeholder >:1>"
)
2026-06-28 20:43:25.640 Df SpringBoard[28445:df97d3] [com.apple.frontboard.ApplicationLibrary:default] Added placeholder: <SBApplicationPlaceholderProxy: 0x127778880; com.DefaultCompany.NeonDrift.run.1782650479.26426 (NeonDrift.run.1782650479.26426); LSInstallType: StoreDownload>
2026-06-28 20:43:25.640 Df SpringBoard[28445:df94b2] [com.apple.frontboard.ApplicationLibrary:sb.placeholder] App placeholder proxies added: (
    "<SBApplicationPlaceholderProxy: 0x127778880; com.DefaultCompany.NeonDrift.run.1782650479.26426 (NeonDrift.run.1782650479.26426); LSInstallType: StoreDownload>"
), currentlyKnownExistingPlaceholders: {
}
2026-06-28 20:43:25.640 Df SpringBoard[28445:df94b2] [com.apple.appinstallation:TransactionLog] com.DefaultCompany.NeonDrift.run.1782650479.26426/Unknown Persona:10:0:1:1:Placeholder add BEGIN
2026-06-28 20:43:25.640 Df deviceaccessd[28575:df9937] [com.apple.launchservices:appinstallation] LaunchServices observer: InstallsStarted (
    "<LSApplicationProxy: 0x106170000> com.DefaultCompany.NeonDrift.run.1782650479.26426 file:///Users/dragonkao/Library/Developer/CoreSimulator/Devices/CC47DE7A-8196-4465-A5A5-BB852C9C6C82/data/Containers/Bundle/Application/BB3354CD-78AC-4960-BECC-A99C599EEBAD/com.apple.mobileinstallation.placeholder/ <com.DefaultCompany.NeonDrift.run.1782650479.26426 <placeholder >:1>"
)
2026-06-28 20:43:25.640 Df lsd[28499:df95ff] [com.apple.launchservices:progress] Sent distributed notification com.apple.LaunchServices.applicationRegistered with payload {
    bundleIDs =     (
        "com.DefaultCompany.NeonDrift.run.1782650479.26426"
    );
    isPlaceholder = 1;
}
2026-06-28 20:43:25.640 Df financed[28565:df9925] [com.apple.launchservices:appinstallation] LaunchServices observer: InstallsStarted (
    "<LSApplicationProxy: 0x109a439c0> com.DefaultCompany.NeonDrift.run.1782650479.26426 file:///Users/dragonkao/Library/Developer/CoreSimulator/Devices/CC47DE7A-8196-4465-A5A5-BB852C9C6C82/data/Containers/Bundle/Application/BB3354CD-78AC-4960-BECC-A99C599EEBAD/com.apple.mobileinstallation.placeholder/ <com.DefaultCompany.NeonDrift.run.1782650479.26426 <placeholder >:1>"
)
2026-06-28 20:43:25.640 Df locationd[28472:df9537] [com.apple.launchservices:appinstallation] LaunchServices observer: InstallsStarted (
    "<LSApplicationProxy: 0x10775c480> com.DefaultCompany.NeonDrift.run.1782650479.26426 file:///Users/dragonkao/Library/Developer/CoreSimulator/Devices/CC47DE7A-8196-4465-A5A5-BB852C9C6C82/data/Containers/Bundle/Application/BB3354CD-78AC-4960-BECC-A99C599EEBAD/com.apple.mobileinstallation.placeholder/ <com.DefaultCompany.NeonDrift.run.1782650479.26426 <placeholder >:1>"
)
2026-06-28 20:43:25.640 Df installcoordinationd[28596:df9994] [com.apple.installcoordination:daemon] -[IXSPendingOperationsTracker endPendingOperationForIdentity:]_block_invoke: Ending pending operation for [com.DefaultCompany.NeonDrift.run.1782650479.26426/Invalid/[system-defined]]
2026-06-28 20:43:25.641 Df installcoordinationd[28596:df9994] [com.apple.installcoordination:daemon] -[IXSCoordinatedAppInstall setPlaceholderInstallState:withLSRecordPromiseForCompletion:]: <IXSCoordinatedAppInstall<0x10420c000> [P=CoreSimulatorBridge (pid 28478)] identifier:[com.DefaultCompany.NeonDrift.run.1782650479.26426/Invalid/[system-defined]] uuid:2CC78965-9218-46FD-B7AA-E3B378613791 intent:IXCoordinatorIntentUpdating creator/appDRI:InstallCoordination Simple SPI importance:UserWaiting state:IXAppCoordinationStateReadyForInstall promise-state:PA2I4>: Placeholder install completed.
2026-06-28 20:43:25.641 Df mobiletimerd[28463:df95ec] [com.apple.launchservices:appinstallation] LaunchServices observer: InstallsStarted (
    "<LSApplicationProxy: 0x103a3c0c0> com.DefaultCompany.NeonDrift.run.1782650479.26426 file:///Users/dragonkao/Library/Developer/CoreSimulator/Devices/CC47DE7A-8196-4465-A5A5-BB852C9C6C82/data/Containers/Bundle/Application/BB3354CD-78AC-4960-BECC-A99C599EEBAD/com.apple.mobileinstallation.placeholder/ <com.DefaultCompany.NeonDrift.run.1782650479.26426 <placeholder >:1>"
)
2026-06-28 20:43:25.641 Df runningboardd[28451:df9560] [com.apple.launchservices:appinstallation] LaunchServices observer: InstallsStarted (
    "<LSApplicationProxy: 0x103da4000> com.DefaultCompany.NeonDrift.run.1782650479.26426 file:///Users/dragonkao/Library/Developer/CoreSimulator/Devices/CC47DE7A-8196-4465-A5A5-BB852C9C6C82/data/Containers/Bundle/Application/BB3354CD-78AC-4960-BECC-A99C599EEBAD/com.apple.mobileinstallation.placeholder/ <com.DefaultCompany.NeonDrift.run.1782650479.26426 <placeholder >:1>"
)
2026-06-28 20:43:25.641 Df routined[28456:df9632] [com.apple.launchservices:appinstallation] LaunchServices observer: InstallsStarted (
    "<LSApplicationProxy: 0x101bc4b40> com.DefaultCompany.NeonDrift.run.1782650479.26426 file:///Users/dragonkao/Library/Developer/CoreSimulator/Devices/CC47DE7A-8196-4465-A5A5-BB852C9C6C82/data/Containers/Bundle/Application/BB3354CD-78AC-4960-BECC-A99C599EEBAD/com.apple.mobileinstallation.placeholder/ <com.DefaultCompany.NeonDrift.run.1782650479.26426 <placeholder >:1>"
)
2026-06-28 20:43:25.641 Df sleepd[28475:df951f] [com.apple.launchservices:appinstallation] LaunchServices observer: InstallsStarted (
    "<LSApplicationProxy: 0x103a68180> com.DefaultCompany.NeonDrift.run.1782650479.26426 file:///Users/dragonkao/Library/Developer/CoreSimulator/Devices/CC47DE7A-8196-4465-A5A5-BB852C9C6C82/data/Containers/Bundle/Application/BB3354CD-78AC-4960-BECC-A99C599EEBAD/com.apple.mobileinstallation.placeholder/ <com.DefaultCompany.NeonDrift.run.1782650479.26426 <placeholder >:1>"
)
2026-06-28 20:43:25.641 Df installcoordinationd[28596:df9994] [com.apple.installprogress:server] initiating progress for [com.DefaultCompany.NeonDrift.run.1782650479.26426/Invalid/[system-defined]]
2026-06-28 20:43:25.641 Df SpringBoard[28445:df97d3] [com.apple.launchservices:progress] #LSInstallProgressList add subscriber: <_NSProgressSubscriber: 0x12752de60> publishingString: com.DefaultCompany.NeonDrift.run.1782650479.26426
2026-06-28 20:43:25.641 Df SpringBoard[28445:df97d3] [com.apple.launchservices:progress] Subscribing to progress for app com.DefaultCompany.NeonDrift.run.1782650479.26426,
2026-06-28 20:43:25.641 E  SpringBoard[28445:df97d3] [com.apple.frontboard.ApplicationLibrary:placeholder] Non-demoted placeholder for com.DefaultCompany.NeonDrift.run.1782650479.26426 has no associated NSProgress!
2026-06-28 20:43:25.641 Df donotdisturbd[28495:df9685] [com.apple.launchservices:appinstallation] LaunchServices observer: InstallsStarted (
    "<LSApplicationProxy: 0x1061c5380> com.DefaultCompany.NeonDrift.run.1782650479.26426 file:///Users/dragonkao/Library/Developer/CoreSimulator/Devices/CC47DE7A-8196-4465-A5A5-BB852C9C6C82/data/Containers/Bundle/Application/BB3354CD-78AC-4960-BECC-A99C599EEBAD/com.apple.mobileinstallation.placeholder/ <com.DefaultCompany.NeonDrift.run.1782650479.26426 <placeholder >:1>"
)
2026-06-28 20:43:25.641 Df gamed[28533:df9859] [com.apple.launchservices:appinstallation] LaunchServices observer: InstallsStarted (
    "<LSApplicationProxy: 0x102335080> com.DefaultCompany.NeonDrift.run.1782650479.26426 file:///Users/dragonkao/Library/Developer/CoreSimulator/Devices/CC47DE7A-8196-4465-A5A5-BB852C9C6C82/data/Containers/Bundle/Application/BB3354CD-78AC-4960-BECC-A99C599EEBAD/com.apple.mobileinstallation.placeholder/ <com.DefaultCompany.NeonDrift.run.1782650479.26426 <placeholder >:1>"
)
2026-06-28 20:43:25.641 Df SpringBoard[28445:df94b2] [com.apple.SpringBoard:Icon] <<SBLeafIcon:0x10c73b780 [com.DefaultCompany.NeonDrift.run.1782650479.26426]>> Changing active data source: <SBApplicationIcon: 0x10c73b780; nodeID: com.DefaultCompany.NeonDrift.run.1782650479.26426; bundleID: com.DefaultCompany.NeonDrift.run.1782650479.26426>
2026-06-28 20:43:25.641 Df SpringBoard[28445:df94b2] [com.apple.SpringBoard:Icon] <<SBLeafIcon:0x10c73b780 [com.DefaultCompany.NeonDrift.run.1782650479.26426]>> Changing from data souce: com.DefaultCompany.NeonDrift.run.1782650479.26426 to data source:com.DefaultCompany.NeonDrift.run.1782650479.26426.
2026-06-28 20:43:25.641 Df usernotificationsd[28508:df97d8] [com.apple.launchservices:appinstallation] LaunchServices observer: InstallsStarted (
    "<LSApplicationProxy: 0x1035b0600> com.DefaultCompany.NeonDrift.run.1782650479.26426 file:///Users/dragonkao/Library/Developer/CoreSimulator/Devices/CC47DE7A-8196-4465-A5A5-BB852C9C6C82/data/Containers/Bundle/Application/BB3354CD-78AC-4960-BECC-A99C599EEBAD/com.apple.mobileinstallation.placeholder/ <com.DefaultCompany.NeonDrift.run.1782650479.26426 <placeholder >:1>"
)
2026-06-28 20:43:25.641 Df SpringBoard[28445:df94b2] [com.apple.appinstallation:TransactionLog] com.DefaultCompany.NeonDrift.run.1782650479.26426/Unknown Persona:10:1:3:1:Created icon for placeholder.
2026-06-28 20:43:25.641 Df liveactivitiesd[28501:df9602] [com.apple.launchservices:appinstallation] LaunchServices observer: InstallsStarted (
    "<LSApplicationProxy: 0x106285200> com.DefaultCompany.NeonDrift.run.1782650479.26426 file:///Users/dragonkao/Library/Developer/CoreSimulator/Devices/CC47DE7A-8196-4465-A5A5-BB852C9C6C82/data/Containers/Bundle/Application/BB3354CD-78AC-4960-BECC-A99C599EEBAD/com.apple.mobileinstallation.placeholder/ <com.DefaultCompany.NeonDrift.run.1782650479.26426 <placeholder >:1>"
)
2026-06-28 20:43:25.642 Df installcoordinationd[28596:df9994] [com.apple.installprogress:default] Created published identity progress for [com.DefaultCompany.NeonDrift.run.1782650479.26426/Invalid/[system-defined]], observer 0x1040a8e00
2026-06-28 20:43:25.642 Df installcoordinationd[28596:df9994] [com.apple.installcoordination:daemon] -[IXSCoordinatorProgress setTotalUnitsCompleted:]: Progress for coordinator: [com.DefaultCompany.NeonDrift.run.1782650479.26426/Invalid/[system-defined]], Phase: IXCoordinatorProgressPhaseLoading, Percentage: 100.000000: Attempt to set units completed on finished progress: 100
2026-06-28 20:43:25.642 Df installcoordinationd[28596:df9994] [com.apple.installcoordination:daemon] -[IXSCoordinatedAppInstall _onQueue_acquireAssertionAndDoInstall]: Acquiring termination assertion to install [com.DefaultCompany.NeonDrift.run.1782650479.26426/Invalid/[system-defined]]
2026-06-28 20:43:25.642 Df installcoordinationd[28596:df9994] [com.apple.installcoordination:daemon] -[IXSPendingOperationsTracker beginPendingOperationForIdentity:]_block_invoke: Beginning pending operation for [com.DefaultCompany.NeonDrift.run.1782650479.26426/Invalid/[system-defined]]
2026-06-28 20:43:25.642 Df profiled[28513:df970c] [com.apple.launchservices:appinstallation] LaunchServices observer: InstallsStarted (
    "<LSApplicationProxy: 0x102c142b0> com.DefaultCompany.NeonDrift.run.1782650479.26426 file:///Users/dragonkao/Library/Developer/CoreSimulator/Devices/CC47DE7A-8196-4465-A5A5-BB852C9C6C82/data/Containers/Bundle/Application/BB3354CD-78AC-4960-BECC-A99C599EEBAD/com.apple.mobileinstallation.placeholder/ <com.DefaultCompany.NeonDrift.run.1782650479.26426 <placeholder >:1>"
)
2026-06-28 20:43:25.642 Df installcoordinationd[28596:df99f4] [com.apple.installcoordination:daemon] -[IXSCoordinatedAppInstall _limitedConcurrency_fetchLoadingProgressForPlaceholderInstallType:progressHint:andRun:]: <IXSCoordinatedAppInstall<0x10420c000> [P=CoreSimulatorBridge (pid 28478)] identifier:[com.DefaultCompany.NeonDrift.run.1782650479.26426/Invalid/[system-defined]] uuid:2CC78965-9218-46FD-B7AA-E3B378613791 intent:IXCoordinatorIntentUpdating creator/appDRI:InstallCoordination Simple SPI importance:UserWaiting state:IXAppCoordinationStateWaitingForInstallAssertion promise-state:PA2I4>: initiating loading progress with install type 1
2026-06-28 20:43:25.643 Df installcoordinationd[28596:df99f4] [com.apple.appinstallation:TransactionLog] com.DefaultCompany.NeonDrift.run.1782650479.26426/Unknown Persona:5:11:1:1:Updating PlaceholderMetadata for com.DefaultCompany.NeonDrift.run.1782650479.26426 with LSInstallType 1
2026-06-28 20:43:25.643 Df webbookmarksd[28544:df9968] [com.apple.launchservices:appinstallation] LaunchServices observer: InstallsStarted (
    "<LSApplicationProxy: 0x104f2b610> com.DefaultCompany.NeonDrift.run.1782650479.26426 file:///Users/dragonkao/Library/Developer/CoreSimulator/Devices/CC47DE7A-8196-4465-A5A5-BB852C9C6C82/data/Containers/Bundle/Application/BB3354CD-78AC-4960-BECC-A99C599EEBAD/com.apple.mobileinstallation.placeholder/ <com.DefaultCompany.NeonDrift.run.1782650479.26426 <placeholder >:1>"
)
2026-06-28 20:43:25.644 Df CoreSimulatorBridge[28478:df9a05] [com.apple.installcoordination:framework] -[IXAppInstallCoordinator _clientDelegate_placeholderDidInstallForApplicationRecord:]: <IXUpdatingAppInstallCoordinator<0x101490d00> identity:[com.DefaultCompany.NeonDrift.run.1782650479.26426/Invalid/[system-defined]] uuid:2CC78965-9218-46FD-B7AA-E3B378613791 creator:InstallCoordination Simple SPI>: Got placeholder did install delegate for app record { bundleID: com.DefaultCompany.NeonDrift.run.1782650479.26426, URL: file:///Users/dragonkao/Library/Developer/CoreSimulator/Devices/CC47DE7A-8196-4465-A5A5-BB852C9C6C82/data/Containers/Bundle/Application/BB3354CD-78AC-4960-BECC-A99C599EEBAD/com.apple.mobileinstallation.placeholder/ }
2026-06-28 20:43:25.644 Df SpringBoard[28445:df94b2] [com.apple.frontboard.ApplicationLibrary:sb.placeholder] Placeholders added: (
    "<SBApplicationPlaceholder: 0x1238e3c00; bundleIdentifier: com.DefaultCompany.NeonDrift.run.1782650479.26426; displayName: NeonDrift.run.1782650479.26426>"
), modified: (
), removed: (null)
2026-06-28 20:43:25.644 Df CoreSimulatorBridge[28478:df94fa] [com.apple.installcoordination:framework] -[IXAppInstallCoordinator _clientDelegate_placeholderDidInstallForApplicationRecord:]_block_invoke: <IXUpdatingAppInstallCoordinator<0x101490d00> identity:[com.DefaultCompany.NeonDrift.run.1782650479.26426/Invalid/[system-defined]] uuid:2CC78965-9218-46FD-B7AA-E3B378613791 creator:InstallCoordination Simple SPI>: Observer <_IXSimpleInstallerDelegate 0x0x101459560> does not respond to coordinatorDidInstallPlaceholder:forApplicationRecord: (or any deprecated equivalent)
2026-06-28 20:43:25.644 Df SpringBoard[28445:df94b2] [com.apple.launchservices:progress] Got progress <NSProgress: com.DefaultCompany.NeonDrift.run.1782650479.26426 phase=InstallingPlaceholder; state=Finished; finalPhase=Installing; fractionCompleted=0.000000> for app com.DefaultCompany.NeonDrift.run.1782650479.26426,
2026-06-28 20:43:25.645 Df runningboardd[28451:df9560] [com.apple.runningboard:connection] Received termination request from [osservice<com.apple.installcoordinationd>:28596] on <RBSProcessPredicate <RBSProcessBundleIdentifierPredicate "com.DefaultCompany.NeonDrift.run.1782650479.26426">> with context <RBSTerminateContext| explanation:installcoordinationd app:[com.DefaultCompany.NeonDrift.run.1782650479.26426/Invalid/[system-defined]] uuid:2CC78965-9218-46FD-B7AA-E3B378613791 isPlaceholder:N reportType:None maxTerminationResistance:Absolute attrs:[
	<RBSPreventLaunchLimitation| <RBSProcessPredicate <RBSProcessBundleIdentifierPredicate "com.DefaultCompany.NeonDrift.run.1782650479.26426">> allow:(null)>
	]>
2026-06-28 20:43:25.645 Df SpringBoard[28445:df94b2] [com.apple.appinstallation:TransactionLog] com.DefaultCompany.NeonDrift.run.1782650479.26426/Unknown Persona:10:2:3:1:Reloading icon image.
2026-06-28 20:43:25.645 Df lsd[28499:df9577] [com.apple.launchservices:progress] Using publishing string "com.DefaultCompany.NeonDrift.run.1782650479.26426.InstallingPlaceholder" for the first time
2026-06-28 20:43:25.645 Df lsd[28499:df9577] [com.apple.launchservices:progress] Parent progress for installation <NSProgress: com.DefaultCompany.NeonDrift.run.1782650479.26426 phase=InstallingPlaceholder; state=Finished; finalPhase=Installing; fractionCompleted=0.000000>, adding phase 3
2026-06-28 20:43:25.645 Df lsd[28499:df9577] [com.apple.launchservices:progress] #LSInstallProgressList add subscriber: <_NSProgressSubscriber: 0x101725290> publishingString: com.DefaultCompany.NeonDrift.run.1782650479.26426.InstallingPlaceholder
2026-06-28 20:43:25.645 Df lsd[28499:df9577] [com.apple.launchservices:progress] Subscribing to com.DefaultCompany.NeonDrift.run.1782650479.26426.InstallingPlaceholder
2026-06-28 20:43:25.646 Df installcoordinationd[28596:df99f4] [com.apple.launchservices:progress] Published install progress <NSProgress: com.DefaultCompany.NeonDrift.run.1782650479.26426.InstallingPlaceholder phase=InstallingPlaceholder; state=Waiting; finalPhase=Installing; fractionCompleted=0.000000>
2026-06-28 20:43:25.646 Df runningboardd[28451:df9560] [com.apple.runningboard:general] Found 0 extensions contained in com.DefaultCompany.NeonDrift.run.1782650479.26426
2026-06-28 20:43:25.647 Df runningboardd[28451:df9560] [com.apple.PlugInKit:holds] <PKManager:0x107c5f920> hold request for [/Users/dragonkao/Library/Developer/CoreSimulator/Devices/CC47DE7A-8196-4465-A5A5-BB852C9C6C82/data/Containers/Bundle/Application/BB3354CD-78AC-4960-BECC-A99C599EEBAD/NeonDrift.run.1782650479.26426.app] with flags: 0x4
2026-06-28 20:43:25.647 Df installd[28608:df99f1] (MobileSystemServices) 0x16d807000 -[MIClientConnection updatePlaceholderMetadataForApp:installType:failureReason:underlyingError:failureSource:completion:]: Update placeholder metadata requested by client installcoordinationd (pid 28596 (501/20)) for app com.DefaultCompany.NeonDrift.run.1782650479.26426 installType = 1 failureReason = 0 underlyingError = (null) failureSource = 0
2026-06-28 20:43:25.648 Df lsd[28499:df9555] [com.apple.launchservices:progress] unsubscribing from com.DefaultCompany.NeonDrift.run.1782650479.26426.InstallingPlaceholder as it was unpublished
2026-06-28 20:43:25.648 Df installd[28608:df99f1] [com.apple.containermanager:xpc] Query; euid = 501, uid = 501, class = 1, identifier = [com.DefaultCompany.NeonDrift.run.1782650479.26426](1), flags = 300000002
2026-06-28 20:43:25.648 Df lsd[28499:df9555] [com.apple.launchservices:progress] #LSInstallProgressList remove subscriber: <_NSProgressSubscriber: 0x101725290> publishingString: com.DefaultCompany.NeonDrift.run.1782650479.26426.InstallingPlaceholder
2026-06-28 20:43:25.649 Df installd[28608:df99f1] [com.apple.containermanager:xpc] Query; euid = 501, uid = 501, class = 1, identifier = [com.DefaultCompany.NeonDrift.run.1782650479.26426](1), flags = 300000002
2026-06-28 20:43:25.650 Df PosterBoard[28526:df9885] [com.apple.launchservices:appinstallation] LaunchServices observer: InstallsStarted (
    "<LSApplicationProxy: 0x104804d80> com.DefaultCompany.NeonDrift.run.1782650479.26426 file:///Users/dragonkao/Library/Developer/CoreSimulator/Devices/CC47DE7A-8196-4465-A5A5-BB852C9C6C82/data/Containers/Bundle/Application/BB3354CD-78AC-4960-BECC-A99C599EEBAD/com.apple.mobileinstallation.placeholder/ <com.DefaultCompany.NeonDrift.run.1782650479.26426 <placeholder >:1>"
)
2026-06-28 20:43:25.651 Df SpringBoard[28445:df94b2] [com.apple.installcoordination:framework] +[IXAppInstallCoordinator removabilityForAppWithIdentity:error:]: Returning locally read removability, PossibleAndAllowed, for identity:[com.DefaultCompany.NeonDrift.run.1782650479.26426/Invalid/[system-defined]]
2026-06-28 20:43:25.651 Df SpringBoard[28445:df94b2] [com.apple.appinstallation:TransactionLog] com.DefaultCompany.NeonDrift.run.1782650479.26426/Unknown Persona:10:2:3:1:Reloading icon image.
2026-06-28 20:43:25.651 Df runningboardd[28451:df9557] [com.apple.PlugInKit:holds] <PKManager:0x107c5f920> hold request for [/Users/dragonkao/Library/Developer/CoreSimulator/Devices/CC47DE7A-8196-4465-A5A5-BB852C9C6C82/data/Containers/Bundle/Application/BB3354CD-78AC-4960-BECC-A99C599EEBAD/NeonDrift.run.1782650479.26426.app] with flags: 0x4 completed with hold token: [B0E8EAB5-C662-46CF-82CC-35F28E86558D]
2026-06-28 20:43:25.651 Df runningboardd[28451:df9557] [com.apple.runningboard:ttl] Acquiring assertion targeting system from originator [osservice<com.apple.installcoordinationd>:28596] with description <RBSAssertionDescriptor| "installcoordinationd app:[com.DefaultCompany.NeonDrift.run.1782650479.26426/Invalid/[system-defined]] uuid:2CC78965-9218-46FD-B7AA-E3B378613791 isPlaceholder:N" ID:28451-28596-298 target:system attributes:[
	<RBSPreventLaunchLimitation| <RBSProcessPredicate <RBSProcessBundleIdentifierPredicate "com.DefaultCompany.NeonDrift.run.1782650479.26426">> allow:(null)>
	]>
2026-06-28 20:43:25.652 Df runningboardd[28451:df9557] [com.apple.runningboard:process] Executing termination request for: <RBSProcessPredicate <RBSProcessBundleIdentifierPredicate "com.DefaultCompany.NeonDrift.run.1782650479.26426">>
2026-06-28 20:43:25.652 Df SpringBoard[28445:df94b2] [com.apple.SpringBoard:Common] termination assertion acquired for com.DefaultCompany.NeonDrift.run.1782650479.26426
2026-06-28 20:43:25.652 Df installcoordinationd[28596:df9994] [com.apple.installcoordination:daemon] -[IXSCoordinatedAppInstall assertionAcquiredCallback]: RBS termination assertion observer called for <IXSCoordinatedAppInstall<0x10420c000> [P=CoreSimulatorBridge (pid 28478)] identifier:[com.DefaultCompany.NeonDrift.run.1782650479.26426/Invalid/[system-defined]] uuid:2CC78965-9218-46FD-B7AA-E3B378613791 intent:IXCoordinatorIntentUpdating creator/appDRI:InstallCoordination Simple SPI importance:UserWaiting state:IXAppCoordinationStateWaitingForInstallAssertion promise-state:PA2I4>
2026-06-28 20:43:25.653 Df lsd[28499:df9600] [com.apple.appinstallation:TransactionLog] com.DefaultCompany.NeonDrift.run.1782650479.26426/Unknown Persona:5:11:1:1:Updating bundle record for app (placeholderMetadata)
2026-06-28 20:43:25.653 Df lsd[28499:df9600] [com.apple.launchservices:default] Created bundleRecordUpdater for app com.DefaultCompany.NeonDrift.run.1782650479.26426. flags=140000c1202
2026-06-28 20:43:25.653 Df lsd[28499:df9600] [com.apple.launchservices:default] Updating database with (null) (null) {
    LSInstallType = 1;
    PlaceholderFailureReason = 0;
} for com.DefaultCompany.NeonDrift.run.1782650479.26426: did not actually need an update, and it was not forced, so skipping
2026-06-28 20:43:25.653 Df lsd[28499:df9600] [com.apple.appinstallation:TransactionLog] com.DefaultCompany.NeonDrift.run.1782650479.26426/Unknown Persona:5:11:2:1:Updated bundle record (skipped)
2026-06-28 20:43:25.653 Df installcoordinationd[28596:df9994] [com.apple.installcoordination:daemon] -[IXSCoordinatedAppInstall _onQueue_doInstall]: Acquired termination assertion for [com.DefaultCompany.NeonDrift.run.1782650479.26426/Invalid/[system-defined]]; proceeding with install.
2026-06-28 20:43:25.653 Df installcoordinationd[28596:df9994] [com.apple.installcoordination:daemon] -[IXSPowerAssertion initWithAssertionName:details:]: Acquired power assertion IXPowerAssertion-12-[com.DefaultCompany.NeonDrift.run.1782650479.26426/Invalid/[system-defined]]
2026-06-28 20:43:25.653 Df lsd[28499:df9600] [com.apple.launchservices:progress] Sending applicationsDidUpdateMetadata: for (
    "com.DefaultCompany.NeonDrift.run.1782650479.26426"
)
2026-06-28 20:43:25.654 Df appstored[28602:df99cf] [com.apple.launchservices:appinstallation] LaunchServices observer: MetadataUpdate (
    "com.DefaultCompany.NeonDrift.run.1782650479.26426"
)
2026-06-28 20:43:25.654 Df appprotectiond[28466:df99b8] [com.apple.appprotection:server] Received distnoted event <dictionary: 0x101500000> { count = 3, transaction: 0, voucher = 0x101548b40, contents =
	"UserInfo" => <dictionary: 0x101431140> { count = 2, transaction: 0, voucher = 0x0, contents =
		"isPlaceholder" => <bool: 0x1e704c530>: true
		"bundleIDs" => <array: 0x1014354d0> { count = 1, capacity = 1, contents =
			0: <string: 0x101436f70> { string cache = 0x0, length = 49, contents = "com.DefaultCompany.NeonDrift.run.1782650479.26426" }
		}
	}
	"Name" => <string: 0x1014367c0> { string cache = 0x0, length = 46, contents = "com.apple.LaunchServices.applicationRegistered" }
	"XPCEventName" => <string: 0x101435c80> { string cache = 0x0, length = 21, contents = "ApplicationRegistered" }
}
2026-06-28 20:43:25.654 Df nsurlsessiond[28498:df9619] [com.apple.launchservices:appinstallation] LaunchServices observer: MetadataUpdate (
    "com.DefaultCompany.NeonDrift.run.1782650479.26426"
)
2026-06-28 20:43:25.654 Df financed[28565:df9923] [com.apple.launchservices:appinstallation] LaunchServices observer: MetadataUpdate (
    "com.DefaultCompany.NeonDrift.run.1782650479.26426"
)
2026-06-28 20:43:25.654 Df runningboardd[28451:df9557] [com.apple.launchservices:appinstallation] LaunchServices observer: MetadataUpdate (
    "com.DefaultCompany.NeonDrift.run.1782650479.26426"
)
2026-06-28 20:43:25.654 Df mobiletimerd[28463:df95ec] [com.apple.launchservices:appinstallation] LaunchServices observer: MetadataUpdate (
    "com.DefaultCompany.NeonDrift.run.1782650479.26426"
)
2026-06-28 20:43:25.654 Df locationd[28472:df9541] [com.apple.launchservices:appinstallation] LaunchServices observer: MetadataUpdate (
    "com.DefaultCompany.NeonDrift.run.1782650479.26426"
)
2026-06-28 20:43:25.654 Df deviceaccessd[28575:df9937] [com.apple.launchservices:appinstallation] LaunchServices observer: MetadataUpdate (
    "com.DefaultCompany.NeonDrift.run.1782650479.26426"
)
2026-06-28 20:43:25.654 Df donotdisturbd[28495:df961b] [com.apple.launchservices:appinstallation] LaunchServices observer: MetadataUpdate (
    "com.DefaultCompany.NeonDrift.run.1782650479.26426"
)
2026-06-28 20:43:25.654 Df sleepd[28475:df951f] [com.apple.launchservices:appinstallation] LaunchServices observer: MetadataUpdate (
    "com.DefaultCompany.NeonDrift.run.1782650479.26426"
)
2026-06-28 20:43:25.654 Df usernotificationsd[28508:df97d8] [com.apple.launchservices:appinstallation] LaunchServices observer: MetadataUpdate (
    "com.DefaultCompany.NeonDrift.run.1782650479.26426"
)
2026-06-28 20:43:25.654 Df routined[28456:df9632] [com.apple.launchservices:appinstallation] LaunchServices observer: MetadataUpdate (
    "com.DefaultCompany.NeonDrift.run.1782650479.26426"
)
2026-06-28 20:43:25.654 Df gamed[28533:df989a] [com.apple.launchservices:appinstallation] LaunchServices observer: MetadataUpdate (
    "com.DefaultCompany.NeonDrift.run.1782650479.26426"
)
2026-06-28 20:43:25.654 Df liveactivitiesd[28501:df95f9] [com.apple.launchservices:appinstallation] LaunchServices observer: MetadataUpdate (
    "com.DefaultCompany.NeonDrift.run.1782650479.26426"
)
2026-06-28 20:43:25.654 Df webbookmarksd[28544:df9968] [com.apple.launchservices:appinstallation] LaunchServices observer: MetadataUpdate (
    "com.DefaultCompany.NeonDrift.run.1782650479.26426"
)
2026-06-28 20:43:25.654 Df profiled[28513:df970c] [com.apple.launchservices:appinstallation] LaunchServices observer: MetadataUpdate (
    "com.DefaultCompany.NeonDrift.run.1782650479.26426"
)
2026-06-28 20:43:25.655 Df siriactionsd[28511:df97bd] [com.apple.shortcuts:Daemon] Dispatching XPC event: <distributed notification: com.apple.LaunchServices.applicationRegistered, userInfo: [AnyHashable("isPlaceholder"): 1, AnyHashable("bundleIDs"): <__NSSingleObjectArrayI 0x103a28ae0>(
com.DefaultCompany.NeonDrift.run.1782650479.26426
)
]>
2026-06-28 20:43:25.655 Df lsd[28499:df957b] [com.apple.appinstallation:TransactionLog] com.DefaultCompany.NeonDrift.run.1782650479.26426/Unknown Persona:5:11:1:1:Updating bundle record for app (placeholderMetadata)
2026-06-28 20:43:25.656 Df lsd[28499:df957b] [com.apple.launchservices:default] Created bundleRecordUpdater for app com.DefaultCompany.NeonDrift.run.1782650479.26426. flags=140000c1202
2026-06-28 20:43:25.656 Df lsd[28499:df957b] [com.apple.launchservices:default] Updating database with (null) (null) {
    LSInstallType = 1;
} for com.DefaultCompany.NeonDrift.run.1782650479.26426: did not actually need an update, and it was not forced, so skipping
2026-06-28 20:43:25.656 Df lsd[28499:df957b] [com.apple.appinstallation:TransactionLog] com.DefaultCompany.NeonDrift.run.1782650479.26426/Unknown Persona:5:11:2:1:Updated bundle record (skipped)
