Timestamp               Ty Process[PID:TID]
2026-06-22 00:25:53.972 Df CoreSimulatorBridge[50222:481ffa] Request received for installation of file:///Users/dragonkao/.openclaw/workspace/codex-ui-button-fix/NeonDrift_MVP__build__fix-ui-buttons-ios-simulator-20260622/project/xcode_derived_data/Build/Products/Release-iphonesimulator/NeonDrift.app/ with options: {
    PackageType = Developer;
    SimulatorRootPath = "/Library/Developer/CoreSimulator/Volumes/iOS_23F77/Library/Developer/CoreSimulator/Profiles/Runtimes/iOS 26.5.simruntime/Contents/Resources/RuntimeRoot";
    SimulatorUserPath = "/Users/dragonkao/Library/Developer/CoreSimulator/Devices/CCB1E793-CED4-4FCD-BF73-321AAEA77AB9/data";
}
2026-06-22 00:25:53.972 Df CoreSimulatorBridge[50222:481ffa] [com.apple.installcoordination:framework] +[IXAppInstallCoordinator(IXSimpleInstaller) _beginInstallForURL:forPersonaUniqueString:consumeSource:options:progressBlock:completionWithIdentity:]: Beginning install for /Users/dragonkao/.openclaw/workspace/codex-ui-button-fix/NeonDrift_MVP__build__fix-ui-buttons-ios-simulator-20260622/project/xcode_derived_data/Build/Products/Release-iphonesimulator/NeonDrift.app consuming source:N options:{
    IsUserInitiated = 1;
    PackageType = Developer;
} installationRequestorAuditToken: NULL
2026-06-22 00:25:53.974 Df installcoordinationd[73024:481663] [com.apple.installcoordination:daemon] -[IXSDataPromiseManager registerPromise:]: Registered promise <IXSPlaceholder(0x10190c500) Name:App Placeholder: NeonDrift (com.DefaultCompany.NeonDrift) Creator:InstallCoordination Simple SPI UUID:C1D9D5FF-FE72-4975-B63C-F6348388AAFE Location:[system-defined]> for UUID C1D9D5FF-FE72-4975-B63C-F6348388AAFE
2026-06-22 00:25:53.975 Df installcoordinationd[73024:481663] [com.apple.installcoordination:daemon] -[IXSPlaceholder setAttributes:]: <IXSPlaceholder(0x10190c500) Name:App Placeholder: NeonDrift (com.DefaultCompany.NeonDrift) Creator:InstallCoordination Simple SPI UUID:C1D9D5FF-FE72-4975-B63C-F6348388AAFE Location:[system-defined]>: setting placeholder attributes to <IXPlaceholderAttributes<0x1018a4dc0> : {
    CFBundleShortVersionString = "1.0";
    CFBundleSupportedPlatforms =     (
        iPhoneSimulator
    );
    CFBundleVersion = 0;
    DTPlatformName = iphonesimulator;
    LSRequiresIPhoneOS = 1;
    MinimumOSVersion = "13.0";
    UIDeviceFamily =     (
        1,
        2
    );
    UIRequiredDeviceCapabilities =     {
        arm64 = 1;
        metal = 1;
    };
}>
2026-06-22 00:25:53.976 Df CoreSimulatorBridge[50222:481660] [com.apple.installcoordination:framework] +[IXPlaceholder _setEntitlementsFromBundleExecutableURL:withBundleID:client:onPlaceholder:location:error:]: Executable for com.DefaultCompany.NeonDrift at NeonDrift -- file:///Users/dragonkao/.openclaw/workspace/codex-ui-button-fix/NeonDrift_MVP__build__fix-ui-buttons-ios-simulator-20260622/project/xcode_derived_data/Build/Products/Release-iphonesimulator/NeonDrift.app/ had no entitlements
2026-06-22 00:25:53.976 Df CoreSimulatorBridge[50222:481660] [com.apple.installcoordination:framework] +[IXPlaceholder _placeholderForBundle:client:withParent:installType:metadata:placeholderType:mayBeDeltaPackage:isFromSerializedPlaceholder:location:error:]: Using full fidelity icons for com.DefaultCompany.NeonDrift at /Users/dragonkao/.openclaw/workspace/codex-ui-button-fix/NeonDrift_MVP__build__fix-ui-buttons-ios-simulator-20260622/project/xcode_derived_data/Build/Products/Release-iphonesimulator/NeonDrift.app
2026-06-22 00:25:53.976 Df installcoordinationd[73024:481663] [com.apple.installcoordination:daemon] -[IXSDataPromiseManager registerPromise:]: Registered promise <IXSPromisedTransferToPath(0x1018e4f80) Name:Icon resources for com.DefaultCompany.NeonDrift Creator:InstallCoordination Simple SPI UUID:B2645E35-4A14-408E-BF71-1A1245C607F4 Location:[system-defined]> for UUID B2645E35-4A14-408E-BF71-1A1245C607F4
2026-06-22 00:25:53.978 Df CoreSimulatorBridge[50222:481660] [com.apple.installcoordination:framework] -[IXPromisedTransferToPath setComplete:]: <IXPromisedTransferToPath<0x1014751c0> name:"Icon resources for com.DefaultCompany.NeonDrift" uuid:B2645E35-4A14-408E-BF71-1A1245C607F4 creator:"InstallCoordination Simple SPI" location:[system-defined]> Move operation from /Users/dragonkao/Library/Developer/CoreSimulator/Devices/CCB1E793-CED4-4FCD-BF73-321AAEA77AB9/data/Containers/Shared/SystemGroup/systemgroup.com.apple.installcoordinationd/Library/InstallCoordination/PromiseStaging/B2645E35-4A14-408E-BF71-1A1245C607F4/temp.dfAPFm to /Users/dragonkao/Library/Developer/CoreSimulator/Devices/CCB1E793-CED4-4FCD-BF73-321AAEA77AB9/data/Containers/Shared/SystemGroup/systemgroup.com.apple.installcoordinationd/Library/InstallCoordination/PromiseStaging/B2645E35-4A14-408E-BF71-1A1245C607F4/temp.dfAPFm took 0.000049 seconds
2026-06-22 00:25:53.979 Df installcoordinationd[73024:481663] [com.apple.installcoordination:daemon] -[IXSDataPromise _setPercentComplete:saveStateIfNeeded:]: Progress: <IXSPromisedTransferToPath(0x1018e4f80) Name:Icon resources for com.DefaultCompany.NeonDrift Creator:InstallCoordination Simple SPI UUID:B2645E35-4A14-408E-BF71-1A1245C607F4 Location:[system-defined]>
2026-06-22 00:25:53.979 Df installcoordinationd[73024:4820ad] [com.apple.installcoordination:daemon] -[IXSDataPromiseManager promiseDidBegin:]: Unowned promise began: <IXSPromisedTransferToPath(0x1018e4f80) Name:Icon resources for com.DefaultCompany.NeonDrift Creator:InstallCoordination Simple SPI UUID:B2645E35-4A14-408E-BF71-1A1245C607F4 Location:[system-defined]>
2026-06-22 00:25:53.979 Df installcoordinationd[73024:4820ad] [com.apple.installcoordination:daemon] -[IXSDataPromiseManager promise:didUpdateProgress:]: Unowned promise update progress to 1.000000 : <IXSPromisedTransferToPath(0x1018e4f80) Name:Icon resources for com.DefaultCompany.NeonDrift Creator:InstallCoordination Simple SPI UUID:B2645E35-4A14-408E-BF71-1A1245C607F4 Location:[system-defined]>
2026-06-22 00:25:53.980 Df installcoordinationd[73024:4820ad] [com.apple.installcoordination:daemon] -[IXSDataPromiseManager promiseDidComplete:]: Unowned promise completed: <IXSPromisedTransferToPath(0x1018e4f80) Name:Icon resources for com.DefaultCompany.NeonDrift Creator:InstallCoordination Simple SPI UUID:B2645E35-4A14-408E-BF71-1A1245C607F4 Location:[system-defined]>
2026-06-22 00:25:53.980 Df installcoordinationd[73024:481663] [com.apple.installcoordination:daemon] -[IXSDataPromise _setPercentComplete:saveStateIfNeeded:]: Progress: <IXSPromisedInMemoryDictionary(0x1018e5800) Name:Info.plist icon content for com.DefaultCompany.NeonDrift Creator:InstallCoordination Simple SPI UUID:42CF9118-B06E-4E92-9A17-45A921117CEA Location:[system-defined]>
2026-06-22 00:25:53.981 Df installcoordinationd[73024:481663] [com.apple.installcoordination:daemon] -[IXSDataPromiseManager registerPromise:]: Registered promise <IXSPromisedInMemoryDictionary(0x1018e5800) Name:Info.plist icon content for com.DefaultCompany.NeonDrift Creator:InstallCoordination Simple SPI UUID:42CF9118-B06E-4E92-9A17-45A921117CEA Location:[system-defined]> for UUID 42CF9118-B06E-4E92-9A17-45A921117CEA
2026-06-22 00:25:53.981 Df installcoordinationd[73024:4820ad] [com.apple.installcoordination:daemon] -[IXSDataPromiseManager promiseDidBegin:]: Unowned promise began: <IXSPromisedInMemoryDictionary(0x1018e5800) Name:Info.plist icon content for com.DefaultCompany.NeonDrift Creator:InstallCoordination Simple SPI UUID:42CF9118-B06E-4E92-9A17-45A921117CEA Location:[system-defined]>
2026-06-22 00:25:53.981 Df installcoordinationd[73024:4820ad] [com.apple.installcoordination:daemon] -[IXSDataPromiseManager promise:didUpdateProgress:]: Unowned promise update progress to 1.000000 : <IXSPromisedInMemoryDictionary(0x1018e5800) Name:Info.plist icon content for com.DefaultCompany.NeonDrift Creator:InstallCoordination Simple SPI UUID:42CF9118-B06E-4E92-9A17-45A921117CEA Location:[system-defined]>
2026-06-22 00:25:53.981 Df installcoordinationd[73024:4820ad] [com.apple.installcoordination:daemon] -[IXSDataPromiseManager promiseDidComplete:]: Unowned promise completed: <IXSPromisedInMemoryDictionary(0x1018e5800) Name:Info.plist icon content for com.DefaultCompany.NeonDrift Creator:InstallCoordination Simple SPI UUID:42CF9118-B06E-4E92-9A17-45A921117CEA Location:[system-defined]>
2026-06-22 00:25:53.981 Df installcoordinationd[73024:481663] [com.apple.installcoordination:daemon] -[IXSPlaceholder setIconResourcesPromise:]: <IXSPlaceholder(0x10190c500) Name:App Placeholder: NeonDrift (com.DefaultCompany.NeonDrift) Creator:InstallCoordination Simple SPI UUID:C1D9D5FF-FE72-4975-B63C-F6348388AAFE Location:[system-defined]>: setting icon resources promise to <IXSPromisedTransferToPath(0x1018e4f80) Name:Icon resources for com.DefaultCompany.NeonDrift Creator:InstallCoordination Simple SPI UUID:B2645E35-4A14-408E-BF71-1A1245C607F4 Location:[system-defined]>
2026-06-22 00:25:53.981 Df installcoordinationd[73024:481663] [com.apple.installcoordination:daemon] -[IXSPlaceholder setInfoPlistIconContentPromise:]: <IXSPlaceholder(0x10190c500) Name:App Placeholder: NeonDrift (com.DefaultCompany.NeonDrift) Creator:InstallCoordination Simple SPI UUID:C1D9D5FF-FE72-4975-B63C-F6348388AAFE Location:[system-defined]>: setting Info.plist icon content promise to <IXSPromisedInMemoryDictionary(0x1018e5800) Name:Info.plist icon content for com.DefaultCompany.NeonDrift Creator:InstallCoordination Simple SPI UUID:42CF9118-B06E-4E92-9A17-45A921117CEA Location:[system-defined]>
2026-06-22 00:25:53.982 Df installcoordinationd[73024:481663] [com.apple.installcoordination:daemon] -[IXSDataPromiseManager promiseDidBegin:]: Unowned promise began: <IXSPlaceholder(0x10190c500) Name:App Placeholder: NeonDrift (com.DefaultCompany.NeonDrift) Creator:InstallCoordination Simple SPI UUID:C1D9D5FF-FE72-4975-B63C-F6348388AAFE Location:[system-defined]>
2026-06-22 00:25:53.982 Df installcoordinationd[73024:481663] [com.apple.installcoordination:daemon] -[IXSDataPromiseManager promise:didUpdateProgress:]: Unowned promise update progress to 0.000000 : <IXSPlaceholder(0x10190c500) Name:App Placeholder: NeonDrift (com.DefaultCompany.NeonDrift) Creator:InstallCoordination Simple SPI UUID:C1D9D5FF-FE72-4975-B63C-F6348388AAFE Location:[system-defined]>
2026-06-22 00:25:53.982 Df installcoordinationd[73024:481663] [com.apple.installcoordination:daemon] -[IXSDataPromiseManager promise:didUpdateProgress:]: Unowned promise update progress to 0.000000 : <IXSPlaceholder(0x10190c500) Name:App Placeholder: NeonDrift (com.DefaultCompany.NeonDrift) Creator:InstallCoordination Simple SPI UUID:C1D9D5FF-FE72-4975-B63C-F6348388AAFE Location:[system-defined]>
2026-06-22 00:25:53.983 Df installcoordinationd[73024:481663] [com.apple.installcoordination:daemon] -[IXSDataPromise _setPercentComplete:saveStateIfNeeded:]: Progress: <IXSPromisedInMemoryDictionary(0x1018e5580) Name:Localizations for com.DefaultCompany.NeonDrift Creator:InstallCoordination Simple SPI UUID:295701EA-B475-44A3-A368-9D6EB594AEEE Location:[system-defined]>
2026-06-22 00:25:53.983 Df installcoordinationd[73024:481663] [com.apple.installcoordination:daemon] -[IXSDataPromiseManager registerPromise:]: Registered promise <IXSPromisedInMemoryDictionary(0x1018e5580) Name:Localizations for com.DefaultCompany.NeonDrift Creator:InstallCoordination Simple SPI UUID:295701EA-B475-44A3-A368-9D6EB594AEEE Location:[system-defined]> for UUID 295701EA-B475-44A3-A368-9D6EB594AEEE
2026-06-22 00:25:53.983 Df installcoordinationd[73024:48f329] [com.apple.installcoordination:daemon] -[IXSDataPromiseManager promiseDidBegin:]: Unowned promise began: <IXSPromisedInMemoryDictionary(0x1018e5580) Name:Localizations for com.DefaultCompany.NeonDrift Creator:InstallCoordination Simple SPI UUID:295701EA-B475-44A3-A368-9D6EB594AEEE Location:[system-defined]>
2026-06-22 00:25:53.983 Df installcoordinationd[73024:48f329] [com.apple.installcoordination:daemon] -[IXSDataPromiseManager promise:didUpdateProgress:]: Unowned promise update progress to 1.000000 : <IXSPromisedInMemoryDictionary(0x1018e5580) Name:Localizations for com.DefaultCompany.NeonDrift Creator:InstallCoordination Simple SPI UUID:295701EA-B475-44A3-A368-9D6EB594AEEE Location:[system-defined]>
2026-06-22 00:25:53.983 Df installcoordinationd[73024:48f329] [com.apple.installcoordination:daemon] -[IXSDataPromiseManager promiseDidComplete:]: Unowned promise completed: <IXSPromisedInMemoryDictionary(0x1018e5580) Name:Localizations for com.DefaultCompany.NeonDrift Creator:InstallCoordination Simple SPI UUID:295701EA-B475-44A3-A368-9D6EB594AEEE Location:[system-defined]>
2026-06-22 00:25:53.983 Df installcoordinationd[73024:481663] [com.apple.installcoordination:daemon] -[IXSPlaceholder setLocalizationDictionaryPromise:]: <IXSPlaceholder(0x10190c500) Name:App Placeholder: NeonDrift (com.DefaultCompany.NeonDrift) Creator:InstallCoordination Simple SPI UUID:C1D9D5FF-FE72-4975-B63C-F6348388AAFE Location:[system-defined]>: setting localization dict promise to <IXSPromisedInMemoryDictionary(0x1018e5580) Name:Localizations for com.DefaultCompany.NeonDrift Creator:InstallCoordination Simple SPI UUID:295701EA-B475-44A3-A368-9D6EB594AEEE Location:[system-defined]>
2026-06-22 00:25:53.984 Df installcoordinationd[73024:481663] [com.apple.installcoordination:daemon] -[IXSDataPromiseManager promise:didUpdateProgress:]: Unowned promise update progress to 0.000000 : <IXSPlaceholder(0x10190c500) Name:App Placeholder: NeonDrift (com.DefaultCompany.NeonDrift) Creator:InstallCoordination Simple SPI UUID:C1D9D5FF-FE72-4975-B63C-F6348388AAFE Location:[system-defined]>
2026-06-22 00:25:53.984 Df installcoordinationd[73024:4820ad] [com.apple.installcoordination:daemon] -[IXSPlaceholder setConfigurationComplete:]: <IXSPlaceholder(0x10190c500) Name:App Placeholder: NeonDrift (com.DefaultCompany.NeonDrift) Creator:InstallCoordination Simple SPI UUID:C1D9D5FF-FE72-4975-B63C-F6348388AAFE Location:[system-defined]>: setting configuration complete to Y
2026-06-22 00:25:53.985 Df installcoordinationd[73024:4820ad] [com.apple.installcoordination:daemon] -[IXSPlaceholder _materialize]: <IXSPlaceholder(0x10190c500) Name:App Placeholder: NeonDrift (com.DefaultCompany.NeonDrift) Creator:InstallCoordination Simple SPI UUID:C1D9D5FF-FE72-4975-B63C-F6348388AAFE Location:[system-defined]>: Materializing placeholder at /Users/dragonkao/Library/Developer/CoreSimulator/Devices/CCB1E793-CED4-4FCD-BF73-321AAEA77AB9/data/Containers/Shared/SystemGroup/systemgroup.com.apple.installcoordinationd/Library/InstallCoordination/PromiseStaging/C1D9D5FF-FE72-4975-B63C-F6348388AAFE/NeonDrift.app
2026-06-22 00:25:53.985 Df installcoordinationd[73024:4820ad] [com.apple.installcoordination:daemon] -[IXSPlaceholder _materialize]: <IXSPlaceholder(0x10190c500) Name:App Placeholder: NeonDrift (com.DefaultCompany.NeonDrift) Creator:InstallCoordination Simple SPI UUID:C1D9D5FF-FE72-4975-B63C-F6348388AAFE Location:[system-defined]>: Using Info.plist icon content: {
    CFBundleIcons =     {
        CFBundlePrimaryIcon =         {
            CFBundleIconName = AppIcon;
        };
    };
    "CFBundleIcons~ipad" =     {
        CFBundlePrimaryIcon =         {
            CFBundleIconName = AppIcon;
        };
    };
    ISIconPlatform = iPhoneOS;
}
2026-06-22 00:25:53.985 Df installcoordinationd[73024:4820ad] [com.apple.installcoordination:daemon] -[IXSPlaceholder _materialize]_block_invoke: <IXSPlaceholder(0x10190c500) Name:App Placeholder: NeonDrift (com.DefaultCompany.NeonDrift) Creator:InstallCoordination Simple SPI UUID:C1D9D5FF-FE72-4975-B63C-F6348388AAFE Location:[system-defined]>: Using icon resource Assets.car
2026-06-22 00:25:53.985 Df installcoordinationd[73024:4820ad] [com.apple.installcoordination:daemon] -[IXSPlaceholder _materialize]: <IXSPlaceholder(0x10190c500) Name:App Placeholder: NeonDrift (com.DefaultCompany.NeonDrift) Creator:InstallCoordination Simple SPI UUID:C1D9D5FF-FE72-4975-B63C-F6348388AAFE Location:[system-defined]>: Including lproj localizations for (
)
2026-06-22 00:25:53.985 Df installcoordinationd[73024:4820ad] [com.apple.installcoordination:daemon] -[IXSDataPromiseManager promiseDidComplete:]: Unowned promise completed: <IXSPlaceholder(0x10190c500) Name:App Placeholder: NeonDrift (com.DefaultCompany.NeonDrift) Creator:InstallCoordination Simple SPI UUID:C1D9D5FF-FE72-4975-B63C-F6348388AAFE Location:[system-defined]>
2026-06-22 00:25:53.986 Df installcoordinationd[73024:481663] [com.apple.installcoordination:daemon] -[IXSDataPromiseManager registerPromise:]: Registered promise <IXSPromisedTransferToPath(0x1018e5000) Name:App Asset: com.DefaultCompany.NeonDrift Creator:InstallCoordination Simple SPI UUID:C35860CB-8DB3-4D79-AB18-C31FB0613CCA Location:[system-defined]> for UUID C35860CB-8DB3-4D79-AB18-C31FB0613CCA
2026-06-22 00:25:53.987 Df installcoordinationd[73024:4820ad] [com.apple.installcoordination:daemon] -[IXSCoordinatorManager coordinatorForIdentity:connection:error:creatingIfNotExisting:]_block_invoke: Registered coordinator: <IXSCoordinatedAppInstall<0x1019f4000> [P=CoreSimulatorBridge (pid 50222)] identifier:[com.DefaultCompany.NeonDrift/Invalid/[system-defined]] uuid:3FE5BEF1-A4FC-435A-85C4-8BDFB300355B intent:IXCoordinatorIntentUpdating creator/appDRI:InstallCoordination Simple SPI importance:Background state:IXAppCoordinationStatePlaceholderPromiseNotSet promise-state:01234>
2026-06-22 00:25:53.987 Df installcoordinationd[73024:4820ad] [com.apple.appinstallation:TransactionLog] com.DefaultCompany.NeonDrift/Unknown Persona:4:2:1:1:Created coordinator with intent IXCoordinatorIntentUpdating for client InstallCoordination Simple SPI
2026-06-22 00:25:53.988 Df installcoordinationd[73024:4820ad] [com.apple.installcoordination:daemon] -[IXSCoordinatedAppInstall setPriorityBoostCompletion:withSourceInfo:]: <IXSCoordinatedAppInstall<0x1019f4000> [P=CoreSimulatorBridge (pid 50222)] identifier:[com.DefaultCompany.NeonDrift/Invalid/[system-defined]] uuid:3FE5BEF1-A4FC-435A-85C4-8BDFB300355B intent:IXCoordinatorIntentUpdating creator/appDRI:InstallCoordination Simple SPI importance:Background state:IXAppCoordinationStatePlaceholderPromiseNotSet promise-state:01234>: Retaining completion from CoreSimulatorBridge (50222), QOS_CLASS_DEFAULT (0x15)
2026-06-22 00:25:53.988 Df installcoordinationd[73024:4820ad] [com.apple.installcoordination:daemon] -[IXSCoordinatedAppInstall setImportance:]: <IXSCoordinatedAppInstall<0x1019f4000> [P=CoreSimulatorBridge (pid 50222)] identifier:[com.DefaultCompany.NeonDrift/Invalid/[system-defined]] uuid:3FE5BEF1-A4FC-435A-85C4-8BDFB300355B intent:IXCoordinatorIntentUpdating creator/appDRI:InstallCoordination Simple SPI importance:UserWaiting state:IXAppCoordinationStatePlaceholderPromiseNotSet promise-state:01234>: set importance to UserWaiting
2026-06-22 00:25:53.988 Df installcoordinationd[73024:4820ad] [com.apple.installcoordination:daemon] -[IXSCoordinatedAppInstall _onQueue_fireObserversForClient:]: <IXSCoordinatedAppInstall<0x1019f4000> [P=CoreSimulatorBridge (pid 50222)] identifier:[com.DefaultCompany.NeonDrift/Invalid/[system-defined]] uuid:3FE5BEF1-A4FC-435A-85C4-8BDFB300355B intent:IXCoordinatorIntentUpdating creator/appDRI:InstallCoordination Simple SPI importance:UserWaiting state:IXAppCoordinationStatePlaceholderPromiseNotSet promise-state:01234>: Firing applicable observers for client <IXSClientConnection<0x1018453e0> client:CoreSimulatorBridge (pid 50222) uuid:97E4103C-0E7B-4BF2-9B64-F2D450B25CB1>
2026-06-22 00:25:53.988 Df installcoordinationd[73024:4820ad] [com.apple.installcoordination:daemon] -[IXSCoordinatedAppInstall setPriorityBoostCompletion:withSourceInfo:]: <IXSCoordinatedAppInstall<0x1019f4000> [P=CoreSimulatorBridge (pid 50222)] identifier:[com.DefaultCompany.NeonDrift/Invalid/[system-defined]] uuid:3FE5BEF1-A4FC-435A-85C4-8BDFB300355B intent:IXCoordinatorIntentUpdating creator/appDRI:InstallCoordination Simple SPI importance:UserWaiting state:IXAppCoordinationStatePlaceholderPromiseNotSet promise-state:01234>: Disposing of completion from CoreSimulatorBridge (50222), QOS_CLASS_DEFAULT (0x15)
2026-06-22 00:25:53.988 Df installcoordinationd[73024:4820ad] [com.apple.installcoordination:daemon] -[IXSCoordinatedAppInstall setPriorityBoostCompletion:withSourceInfo:]: <IXSCoordinatedAppInstall<0x1019f4000> [P=CoreSimulatorBridge (pid 50222)] identifier:[com.DefaultCompany.NeonDrift/Invalid/[system-defined]] uuid:3FE5BEF1-A4FC-435A-85C4-8BDFB300355B intent:IXCoordinatorIntentUpdating creator/appDRI:InstallCoordination Simple SPI importance:UserWaiting state:IXAppCoordinationStatePlaceholderPromiseNotSet promise-state:01234>: Retaining completion from CoreSimulatorBridge (50222), QOS_CLASS_DEFAULT (0x15)
2026-06-22 00:25:53.988 Df CoreSimulatorBridge[50222:48f328] [com.apple.installcoordination:framework] -[IXAppInstallCoordinator _clientDelegate_didRegisterForObservation]: <IXUpdatingAppInstallCoordinator<0x101476c00> identity:[com.DefaultCompany.NeonDrift/Invalid/[system-defined]] uuid:3FE5BEF1-A4FC-435A-85C4-8BDFB300355B creator:InstallCoordination Simple SPI>: Got observer registration delegate
2026-06-22 00:25:53.988 Df CoreSimulatorBridge[50222:48f328] [com.apple.installcoordination:framework] -[IXAppInstallCoordinator _clientDelegate_shouldResume]: <IXUpdatingAppInstallCoordinator<0x101476c00> identity:[com.DefaultCompany.NeonDrift/Invalid/[system-defined]] uuid:3FE5BEF1-A4FC-435A-85C4-8BDFB300355B creator:InstallCoordination Simple SPI>: Got should resume delegate
2026-06-22 00:25:53.988 Df CoreSimulatorBridge[50222:48f328] [com.apple.installcoordination:framework] -[IXAppInstallCoordinator _clientDelegate_didRegisterForObservation]_block_invoke: <IXUpdatingAppInstallCoordinator<0x101476c00> identity:[com.DefaultCompany.NeonDrift/Invalid/[system-defined]] uuid:3FE5BEF1-A4FC-435A-85C4-8BDFB300355B creator:InstallCoordination Simple SPI>: Observer <_IXSimpleInstallerDelegate 0x0x1017d8f90> does not respond to coordinatorDidRegisterForObservation:
2026-06-22 00:25:53.988 Df CoreSimulatorBridge[50222:48f328] [com.apple.installcoordination:framework] -[IXAppInstallCoordinator _clientDelegate_shouldResume]_block_invoke: <IXUpdatingAppInstallCoordinator<0x101476c00> identity:[com.DefaultCompany.NeonDrift/Invalid/[system-defined]] uuid:3FE5BEF1-A4FC-435A-85C4-8BDFB300355B creator:InstallCoordination Simple SPI>: Observer <_IXSimpleInstallerDelegate 0x0x1017d8f90> does not respond to coordinatorShouldResume:
2026-06-22 00:25:53.990 Df installcoordinationd[73024:4820ad] [com.apple.installcoordination:daemon] -[IXSCoordinatedAppInstall _internal_setInstallOptionsPromise:performExternalActions:]: <IXSCoordinatedAppInstall<0x1019f4000> [P=CoreSimulatorBridge (pid 50222)] identifier:[com.DefaultCompany.NeonDrift/Invalid/[system-defined]] uuid:3FE5BEF1-A4FC-435A-85C4-8BDFB300355B intent:IXCoordinatorIntentUpdating creator/appDRI:InstallCoordination Simple SPI importance:UserWaiting state:IXAppCoordinationStatePlaceholderPromiseNotSet promise-state:012I4> : install options set: <IXSPromisedInMemoryData(0x1018e5100) Name:MIInstallOptions data Creator:Install Coordination Internal UUID:8A1247E7-10A4-4C1D-B31A-58D36408C4FC Location:[system-defined]>
2026-06-22 00:25:53.990 Df installcoordinationd[73024:4820ad] [com.apple.appinstallation:TransactionLog] com.DefaultCompany.NeonDrift/Unknown Persona:4:13:1:1:Install Options Promise began. Coordinator State: IXAppCoordinationStatePlaceholderPromiseNotSet
2026-06-22 00:25:53.990 Df installcoordinationd[73024:481663] [com.apple.installcoordination:daemon] -[IXSCoordinatedAppInstall promiseDidComplete:]: <IXSCoordinatedAppInstall<0x1019f4000> [P=CoreSimulatorBridge (pid 50222)] identifier:[com.DefaultCompany.NeonDrift/Invalid/[system-defined]] uuid:3FE5BEF1-A4FC-435A-85C4-8BDFB300355B intent:IXCoordinatorIntentUpdating creator/appDRI:InstallCoordination Simple SPI importance:UserWaiting state:IXAppCoordinationStatePlaceholderPromiseNotSet promise-state:012I4> : Promise completed: <IXSPromisedInMemoryData(0x1018e5100) Name:MIInstallOptions data Creator:Install Coordination Internal UUID:8A1247E7-10A4-4C1D-B31A-58D36408C4FC Location:[system-defined]>
2026-06-22 00:25:53.990 Df installcoordinationd[73024:48f329] [com.apple.appinstallation:TransactionLog] com.DefaultCompany.NeonDrift/Unknown Persona:4:13:2:1:Install Options Promise completed. Coordinator State: IXAppCoordinationStatePlaceholderPromiseNotSet
2026-06-22 00:25:53.990 Df installcoordinationd[73024:48f329] [com.apple.installcoordination:daemon] -[IXSCoordinatedAppInstall _internal_setAppAssetPromise:performExternalActions:]: <IXSCoordinatedAppInstall<0x1019f4000> [P=CoreSimulatorBridge (pid 50222)] identifier:[com.DefaultCompany.NeonDrift/Invalid/[system-defined]] uuid:3FE5BEF1-A4FC-435A-85C4-8BDFB300355B intent:IXCoordinatorIntentUpdating creator/appDRI:InstallCoordination Simple SPI importance:UserWaiting state:IXAppCoordinationStatePlaceholderPromiseNotSet promise-state:0a2I4> : App Asset Promise set: <IXSPromisedTransferToPath(0x1018e5000) Name:App Asset: com.DefaultCompany.NeonDrift Creator:InstallCoordination Simple SPI UUID:C35860CB-8DB3-4D79-AB18-C31FB0613CCA Location:[system-defined]>
2026-06-22 00:25:53.991 Df installcoordinationd[73024:481663] [com.apple.installcoordination:daemon] -[IXSCoordinatedAppInstall setInitialODRAssetPromises:]: <IXSCoordinatedAppInstall<0x1019f4000> [P=CoreSimulatorBridge (pid 50222)] identifier:[com.DefaultCompany.NeonDrift/Invalid/[system-defined]] uuid:3FE5BEF1-A4FC-435A-85C4-8BDFB300355B intent:IXCoordinatorIntentUpdating creator/appDRI:InstallCoordination Simple SPI importance:UserWaiting state:IXAppCoordinationStatePlaceholderPromiseNotSet promise-state:0a2I4> : Initial ODR Asset Promises set: (
)
2026-06-22 00:25:53.991 Df CoreSimulatorBridge[50222:481660] [com.apple.installcoordination:framework] -[IXPromisedTransferToPath _performDeltaCopyFrom:toDestination:]: Performing delta copy from /Users/dragonkao/.openclaw/workspace/codex-ui-button-fix/NeonDrift_MVP__build__fix-ui-buttons-ios-simulator-20260622/project/xcode_derived_data/Build/Products/Release-iphonesimulator/NeonDrift.app to /Users/dragonkao/Library/Developer/CoreSimulator/Devices/CCB1E793-CED4-4FCD-BF73-321AAEA77AB9/data/Containers/Shared/SystemGroup/systemgroup.com.apple.installcoordinationd/Library/InstallCoordination/PromiseStaging/C35860CB-8DB3-4D79-AB18-C31FB0613CCA/NeonDrift.app with installed bundle at /Users/dragonkao/Library/Developer/CoreSimulator/Devices/CCB1E793-CED4-4FCD-BF73-321AAEA77AB9/data/Containers/Bundle/Application/C102E21F-E76D-4A0F-988A-6B22FBA1F9F8/NeonDrift.app
2026-06-22 00:25:53.992 Df CoreSimulatorBridge[50222:481660] (MobileSystemServices) 0x16fbb7000 MDMCreateDeltaDirectory: calling MDMDirectoryDiff with:
state->old_bundle: /Users/dragonkao/Library/Developer/CoreSimulator/Devices/CCB1E793-CED4-4FCD-BF73-321AAEA77AB9/data/Containers/Bundle/Application/C102E21F-E76D-4A0F-988A-6B22FBA1F9F8/NeonDrift.app
state->new_bundle: /Users/dragonkao/.openclaw/workspace/codex-ui-button-fix/NeonDrift_MVP__build__fix-ui-buttons-ios-simulator-20260622/project/xcode_derived_data/Build/Products/Release-iphonesimulator/NeonDrift.app
state->dst_bundle: /Users/dragonkao/Library/Developer/CoreSimulator/Devices/CCB1E793-CED4-4FCD-BF73-321AAEA77AB9/data/Containers/Shared/SystemGroup/systemgroup.com.apple.installcoordinationd/Library/InstallCoordination/PromiseStaging/C35860CB-8DB3-4D79-AB18-C31FB0613CCA/NeonDrift.app/Payload//NeonDrift.app, binaryDiff flag: FALSE
	dst_ipa: /Users/dragonkao/Library/Developer/CoreSimulator/Devices/CCB1E793-CED4-4FCD-BF73-321AAEA77AB9/data/Containers/Shared/SystemGroup/systemgroup.com.apple.installcoordinationd/Library/Install<…>
2026-06-22 00:25:53.993 Df CoreSimulatorBridge[50222:481660] [com.apple.installcoordination:framework] -[IXPromisedTransferToPath setComplete:]: <IXPromisedTransferToPath<0x101475e80> name:"App Asset: com.DefaultCompany.NeonDrift" uuid:C35860CB-8DB3-4D79-AB18-C31FB0613CCA creator:"InstallCoordination Simple SPI" location:[system-defined]> Delta Copy operation from /Users/dragonkao/.openclaw/workspace/codex-ui-button-fix/NeonDrift_MVP__build__fix-ui-buttons-ios-simulator-20260622/project/xcode_derived_data/Build/Products/Release-iphonesimulator/NeonDrift.app to /Users/dragonkao/Library/Developer/CoreSimulator/Devices/CCB1E793-CED4-4FCD-BF73-321AAEA77AB9/data/Containers/Shared/SystemGroup/systemgroup.com.apple.installcoordinationd/Library/InstallCoordination/PromiseStaging/C35860CB-8DB3-4D79-AB18-C31FB0613CCA/NeonDrift.app took 0.002063 seconds
2026-06-22 00:25:53.994 Df installcoordinationd[73024:481663] [com.apple.installcoordination:daemon] -[IXSDataPromise _setPercentComplete:saveStateIfNeeded:]: Progress: <IXSPromisedTransferToPath(0x1018e5000) Name:App Asset: com.DefaultCompany.NeonDrift Creator:InstallCoordination Simple SPI UUID:C35860CB-8DB3-4D79-AB18-C31FB0613CCA Location:[system-defined]>
2026-06-22 00:25:53.994 Df installcoordinationd[73024:48f329] [com.apple.appinstallation:TransactionLog] com.DefaultCompany.NeonDrift/Unknown Persona:4:10:1:1:App Asset Promise began. Coordinator State: IXAppCoordinationStatePlaceholderPromiseNotSet
2026-06-22 00:25:53.994 Df CoreSimulatorBridge[50222:48f327] [com.apple.installcoordination:framework] -[IXAppInstallCoordinator _clientDelegate_promiseDidBeginFulfillmentWithIdentifier:]: <IXUpdatingAppInstallCoordinator<0x101476c00> identity:[com.DefaultCompany.NeonDrift/Invalid/[system-defined]] uuid:3FE5BEF1-A4FC-435A-85C4-8BDFB300355B creator:InstallCoordination Simple SPI>: Got promise did begin fulfillment for identifier 2
2026-06-22 00:25:53.994 Df CoreSimulatorBridge[50222:48f327] [com.apple.installcoordination:framework] -[IXAppInstallCoordinator _clientDelegate_promiseDidBeginFulfillmentWithIdentifier:]_block_invoke: <IXUpdatingAppInstallCoordinator<0x101476c00> identity:[com.DefaultCompany.NeonDrift/Invalid/[system-defined]] uuid:3FE5BEF1-A4FC-435A-85C4-8BDFB300355B creator:InstallCoordination Simple SPI>: Observer <_IXSimpleInstallerDelegate 0x0x1017d8f90> does not respond to coordinator:configuredPromiseDidBeginFulfillment: (or any deprecated equivalent)
2026-06-22 00:25:53.994 Df installcoordinationd[73024:48f329] [com.apple.installcoordination:daemon] -[IXSCoordinatedAppInstall promiseDidComplete:]: <IXSCoordinatedAppInstall<0x1019f4000> [P=CoreSimulatorBridge (pid 50222)] identifier:[com.DefaultCompany.NeonDrift/Invalid/[system-defined]] uuid:3FE5BEF1-A4FC-435A-85C4-8BDFB300355B intent:IXCoordinatorIntentUpdating creator/appDRI:InstallCoordination Simple SPI importance:UserWaiting state:IXAppCoordinationStatePlaceholderPromiseNotSet promise-state:0A2I4> : Promise completed: <IXSPromisedTransferToPath(0x1018e5000) Name:App Asset: com.DefaultCompany.NeonDrift Creator:InstallCoordination Simple SPI UUID:C35860CB-8DB3-4D79-AB18-C31FB0613CCA Location:[system-defined]>
2026-06-22 00:25:53.994 Df CoreSimulatorBridge[50222:48f328] [com.apple.installcoordination:framework] -[IXAppInstallCoordinator _clientDelegate_didUpdateProgress:forPhase:overallProgress:]: <IXUpdatingAppInstallCoordinator<0x101476c00> identity:[com.DefaultCompany.NeonDrift/Invalid/[system-defined]] uuid:3FE5BEF1-A4FC-435A-85C4-8BDFB300355B creator:InstallCoordination Simple SPI>: Got did update progress delegate with percentComplete 100.000000 phase IXCoordinatorProgressPhaseLoading overallProgress 60.000000
2026-06-22 00:25:53.994 Df installcoordinationd[73024:48f329] [com.apple.appinstallation:TransactionLog] com.DefaultCompany.NeonDrift/Unknown Persona:4:10:2:1:App Asset Promise completed. Coordinator State: IXAppCoordinationStatePlaceholderPromiseNotSet
2026-06-22 00:25:53.994 Df CoreSimulatorBridge[50222:48f328] [com.apple.installcoordination:framework] -[IXAppInstallCoordinator _clientDelegate_didUpdateProgress:forPhase:overallProgress:]_block_invoke: <IXUpdatingAppInstallCoordinator<0x101476c00> identity:[com.DefaultCompany.NeonDrift/Invalid/[system-defined]] uuid:3FE5BEF1-A4FC-435A-85C4-8BDFB300355B creator:InstallCoordination Simple SPI>: Calling selector coordinator:didUpdateProgress:forPhase:overallProgress: on observer <_IXSimpleInstallerDelegate 0x0x1017d8f90>
2026-06-22 00:25:53.994 Df installcoordinationd[73024:481663] [com.apple.installcoordination:daemon] -[IXSCoordinatedAppInstall setPlaceholderPromise:]: <IXSCoordinatedAppInstall<0x1019f4000> [P=CoreSimulatorBridge (pid 50222)] identifier:[com.DefaultCompany.NeonDrift/Invalid/[system-defined]] uuid:3FE5BEF1-A4FC-435A-85C4-8BDFB300355B intent:IXCoordinatorIntentUpdating creator/appDRI:InstallCoordination Simple SPI importance:UserWaiting state:IXAppCoordinationStateReadyForPlaceholderInstall promise-state:PA2I4> : Placeholder Promise set: <IXSPlaceholder(0x10190c500) Name:App Placeholder: NeonDrift (com.DefaultCompany.NeonDrift) Creator:InstallCoordination Simple SPI UUID:C1D9D5FF-FE72-4975-B63C-F6348388AAFE Location:[system-defined]>
2026-06-22 00:25:53.994 Df installcoordinationd[73024:48f329] [com.apple.installcoordination:daemon] -[IXSCoordinatedAppInstall promiseDidComplete:]: <IXSCoordinatedAppInstall<0x1019f4000> [P=CoreSimulatorBridge (pid 50222)] identifier:[com.DefaultCompany.NeonDrift/Invalid/[system-defined]] uuid:3FE5BEF1-A4FC-435A-85C4-8BDFB300355B intent:IXCoordinatorIntentUpdating creator/appDRI:InstallCoordination Simple SPI importance:UserWaiting state:IXAppCoordinationStateReadyForPlaceholderInstall promise-state:PA2I4> : Promise completed: <IXSPlaceholder(0x10190c500) Name:App Placeholder: NeonDrift (com.DefaultCompany.NeonDrift) Creator:InstallCoordination Simple SPI UUID:C1D9D5FF-FE72-4975-B63C-F6348388AAFE Location:[system-defined]>
2026-06-22 00:25:53.994 Df installcoordinationd[73024:481663] [com.apple.installcoordination:daemon] -[IXSCoordinatedAppInstall _onQueue_acquireAssertionAndInstallPlaceholder]: Acquiring termination assertion to install placeholder for [com.DefaultCompany.NeonDrift/Invalid/[system-defined]]
2026-06-22 00:25:53.994 Df installcoordinationd[73024:481663] [com.apple.installcoordination:daemon] -[IXSPendingOperationsTracker beginPendingOperationForIdentity:]_block_invoke: Beginning pending operation for [com.DefaultCompany.NeonDrift/Invalid/[system-defined]]
2026-06-22 00:25:53.995 Df installcoordinationd[73024:48f329] [com.apple.runningboard:process] Hit the server for a process handle 188052df00013e3b that resolved to: [app<com.DefaultCompany.NeonDrift((null))>:81467]
2026-06-22 00:25:53.995 Df runningboardd[50195:48eff9] [com.apple.runningboard:connection] Received termination request from [osservice<com.apple.installcoordinationd>:73024] on <RBSProcessPredicate <RBSProcessBundleIdentifierPredicate "com.DefaultCompany.NeonDrift">> with context <RBSTerminateContext| explanation:installcoordinationd app:[com.DefaultCompany.NeonDrift/Invalid/[system-defined]] uuid:3FE5BEF1-A4FC-435A-85C4-8BDFB300355B isPlaceholder:Y reportType:None maxTerminationResistance:Absolute attrs:[
	<RBSPreventLaunchLimitation| <RBSProcessPredicate <RBSProcessBundleIdentifierPredicate "com.DefaultCompany.NeonDrift">> allow:(null)>
	]>
2026-06-22 00:25:53.995 Df installcoordinationd[73024:48f329] [com.apple.runningboard:monitor] Received state update for 81467 (app<com.DefaultCompany.NeonDrift((null))>, running-active-NotVisible
2026-06-22 00:25:53.996 Df runningboardd[50195:48eff9] [com.apple.runningboard:general] Found 0 extensions contained in com.DefaultCompany.NeonDrift
2026-06-22 00:25:53.996 Df runningboardd[50195:48eff9] [com.apple.PlugInKit:holds] <PKManager:0x1095d5680> hold request for [/Users/dragonkao/Library/Developer/CoreSimulator/Devices/CCB1E793-CED4-4FCD-BF73-321AAEA77AB9/data/Containers/Bundle/Application/C102E21F-E76D-4A0F-988A-6B22FBA1F9F8/NeonDrift.app] with flags: 0x4
2026-06-22 00:25:53.996 Df NeonDrift[81467:48216d] [com.apple.PlugInKit:discovery] Annotations changed, re-performing query for continuous discovery, report block = <0x11a13d830>.
2026-06-22 00:25:53.996 Df NeonDrift[81467:48216c] [com.apple.PlugInKit:discovery] Annotations changed, re-performing query for continuous discovery, report block = <0x11a13dd70>.
2026-06-22 00:25:53.996 Df NeonDrift[81467:48216b] [com.apple.PlugInKit:discovery] Annotations changed, re-performing query for continuous discovery, report block = <0x11a13da70>.
2026-06-22 00:25:53.996 Df runningboardd[50195:48eff9] [com.apple.PlugInKit:holds] <PKManager:0x1095d5680> hold request for [/Users/dragonkao/Library/Developer/CoreSimulator/Devices/CCB1E793-CED4-4FCD-BF73-321AAEA77AB9/data/Containers/Bundle/Application/C102E21F-E76D-4A0F-988A-6B22FBA1F9F8/NeonDrift.app] with flags: 0x4 completed with hold token: [BDC22041-BADA-4421-BCE9-007086746779]
2026-06-22 00:25:53.996 Df runningboardd[50195:48eff9] [com.apple.runningboard:ttl] Acquiring assertion targeting system from originator [osservice<com.apple.installcoordinationd>:73024] with description <RBSAssertionDescriptor| "installcoordinationd app:[com.DefaultCompany.NeonDrift/Invalid/[system-defined]] uuid:3FE5BEF1-A4FC-435A-85C4-8BDFB300355B isPlaceholder:Y" ID:50195-73024-4606 target:system attributes:[
	<RBSPreventLaunchLimitation| <RBSProcessPredicate <RBSProcessBundleIdentifierPredicate "com.DefaultCompany.NeonDrift">> allow:(null)>
	]>
2026-06-22 00:25:53.996 Df NeonDrift[81467:48216d] [com.apple.PlugInKit:discovery] [d 6AFBA857-6AF2-497E-938D-25A34D4366F0] <PKHost:0x11a1204c0> Beginning discovery for flags: 0, point: com.apple.AudioUnit
2026-06-22 00:25:53.996 Df NeonDrift[81467:48216c] [com.apple.PlugInKit:discovery] [d E7C8815C-5A6D-4F95-AB09-71891A3B0864] <PKHost:0x11a1204c0> Beginning discovery for flags: 0, point: com.apple.AudioUnit-Speech
2026-06-22 00:25:53.996 Df runningboardd[50195:48eff9] [com.apple.runningboard:process] Executing termination request for: <RBSProcessPredicate <RBSProcessBundleIdentifierPredicate "com.DefaultCompany.NeonDrift">>
2026-06-22 00:25:53.996 Df NeonDrift[81467:48216b] [com.apple.PlugInKit:discovery] [d B0BBFC27-205F-4A35-9038-DBDDAD846B1E] <PKHost:0x11a1204c0> Beginning discovery for flags: 0, point: com.apple.AudioUnit-UI
2026-06-22 00:25:53.996 Df runningboardd[50195:48eff9] [com.apple.runningboard:process] [app<com.DefaultCompany.NeonDrift((null))>:81467] Terminating with context: <RBSTerminateContext| explanation:installcoordinationd app:[com.DefaultCompany.NeonDrift/Invalid/[system-defined]] uuid:3FE5BEF1-A4FC-435A-85C4-8BDFB300355B isPlaceholder:Y reportType:None maxTerminationResistance:Absolute attrs:[
	<RBSPreventLaunchLimitation| <RBSProcessPredicate <RBSProcessBundleIdentifierPredicate "com.DefaultCompany.NeonDrift">> allow:(null)>
	]>
2026-06-22 00:25:53.997 Df runningboardd[50195:48eff9] [com.apple.runningboard:process] [app<com.DefaultCompany.NeonDrift((null))>:81467] terminate_with_reason() success
2026-06-22 00:25:53.997 Df SpringBoard[50190:3c6b67] [com.apple.SpringBoard:Common] termination assertion acquired for com.DefaultCompany.NeonDrift
2026-06-22 00:25:53.997 Df SpringBoard[50190:3c6b67] [com.apple.SpringBoard:Icon] 0x12b21ad00-SBApplicationIcon Data source did change: <SBApplication: 0x12c2be400; com.DefaultCompany.NeonDrift> {
    processState = <SBApplicationProcessState: 0x12477ba40; pid: 81467; taskState: Running; visibility: Foreground>;
} (SBApplication)
2026-06-22 00:25:53.997 Df SpringBoard[50190:48f1f8] [com.apple.FrontBoard:ProcessWorkspace] [app<com.DefaultCompany.NeonDrift>:81467] Workspace connection invalidated.
2026-06-22 00:25:53.997 Df SpringBoard[50190:48f1f8] [com.apple.FrontBoard:Process] [app<com.DefaultCompany.NeonDrift>:81467] Now flagged as pending exit for reason: workspace client connection invalidated
2026-06-22 00:25:53.997 Df backboardd[50213:48f32d] [com.apple.iohid:default] Connection removed: IOHIDEventSystemConnection uuid:9E4B1862-A65B-4829-8FF3-A91ECFE34D2B pid:81467 process:NeonDrift type:Passive entitlements:0x0 caller:BackBoardServices: ___getHIDEventSystemClient_block_invoke + 296 attributes:{
    HighFrequency = 0;
    bundleID = "com.DefaultCompany.NeonDrift";
    pid = 81467;
} state:0x1 events:0 mask:0x0 dropped:0 dropStatus:0 droppedMask:0x0 lastDroppedTime:NONE
2026-06-22 00:25:53.997 Df backboardd[50213:48f331] [com.apple.iohid:default] Connection removed: IOHIDEventSystemConnection uuid:8AF628C5-99EF-4FAF-93B3-A33584855018 pid:81467 process:NeonDrift type:Monitor entitlements:0x0 caller:GameControllerFoundation: -[GCHIDEventSystemClient initWithQueue:type:attributes:functions:] + 116 attributes:(null) state:0x1 events:0 mask:0x0 dropped:0 dropStatus:0 droppedMask:0x0 lastDroppedTime:NONE
2026-06-22 00:25:53.997 Df backboardd[50213:48f32d] [com.apple.BackBoard:HID] Removing client connection <BKHIDClientConnection: 0x10c9640c0; IOHIDEventSystemConnectionRef: 0x105b79c00; vpid: 81467(v652E3); taskPort: 0x271CF; bundleID: com.DefaultCompany.NeonDrift> for client: IOHIDEventSystemConnection uuid:9E4B1862-A65B-4829-8FF3-A91ECFE34D2B pid:81467 process:NeonDrift type:Passive entitlements:0x0 caller:BackBoardServices: ___getHIDEventSystemClient_block_invoke + 296 attributes:{
    HighFrequency = 0;
    bundleID = "com.DefaultCompany.NeonDrift";
    pid = 81467;
} state:0x1 events:0 mask:0x0 dropped:0 dropStatus:0 droppedMask:0x0 lastDroppedTime:NONE source:HID
2026-06-22 00:25:53.997 Df SpringBoard[50190:48f00a] [com.apple.KeyboardArbiter:Handle] com.DefaultCompany.NeonDrift(81467) lostConnection (invalidation)
2026-06-22 00:25:53.997 Df installcoordinationd[73024:481663] [com.apple.runningboard:assertion] Setting up death monitor for [app<com.DefaultCompany.NeonDrift((null))>:81467]
2026-06-22 00:25:53.997 Df installcoordinationd[73024:481663] [com.apple.runningboard:process] Starting death monitoring for handle [app<com.DefaultCompany.NeonDrift((null))>:81467]
2026-06-22 00:25:53.998 Df runningboardd[50195:48effa] [com.apple.runningboard:process] XPC connection invalidated: [app<com.DefaultCompany.NeonDrift((null))>:81467]
2026-06-22 00:25:53.998 Df installcoordinationd[73024:48f329] [com.apple.appinstallation:TransactionLog] com.DefaultCompany.NeonDrift/Unknown Persona:4:9:1:1:Placeholder Promise began. Coordinator State: IXAppCoordinationStateWaitingForPlaceholderAssertion
2026-06-22 00:25:53.998 Df SpringBoard[50190:48f00a] [com.apple.KeyboardArbiter:Handle] RX com.DefaultCompany.NeonDrift(81467) setWindowContextID:0 windowState:Disabled level:0.0
    focusContext:(null)
2026-06-22 00:25:53.998 Df installcoordinationd[73024:48f329] [com.apple.installcoordination:daemon] -[IXSCoordinatorProgress setTotalUnitsCompleted:]: Progress for coordinator: [com.DefaultCompany.NeonDrift/Invalid/[system-defined]], Phase: IXCoordinatorProgressPhaseLoading, Percentage: 100.000000: Attempt to set units completed on finished progress: 100
2026-06-22 00:25:53.998 Df backboardd[50213:4836cf] [com.apple.BackBoard:EventDelivery] chain did update (setDeferringRules) <keyboardFocus; display: null> containsEndOfChain: YES; [
    <token: com.apple.frontboard.systemappservices/FBSceneManager:com.apple.springboard; pid: 50190>,
    <token: com.apple.frontboard.systemappservices/FBSceneManager:sceneID%3Acom.DefaultCompany.NeonDrift-default; pid: 81467>
]
2026-06-22 00:25:53.998 Df SpringBoard[50190:3c6b67] [com.apple.SpringBoard:KeyboardFocus] [coordinator] using MRU target <com.apple.frontboard.systemappservices/FBSceneManager:sceneID%3Acom.DefaultCompany.NeonDrift-default pid:81467>
2026-06-22 00:25:53.998 Df installcoordinationd[73024:48f329] [com.apple.appinstallation:TransactionLog] com.DefaultCompany.NeonDrift/Unknown Persona:4:9:2:1:Placeholder Promise completed. Coordinator State: IXAppCoordinationStateWaitingForPlaceholderAssertion
2026-06-22 00:25:53.998 Df backboardd[50213:4836cf] [com.apple.BackBoard:EventDelivery] chain did update (setDeferringRules) <keyboardFocus; display: builtin> containsEndOfChain: YES; [
    <token: com.apple.frontboard.systemappservices/FBSceneManager:com.apple.springboard; pid: 50190>,
    <token: com.apple.frontboard.systemappservices/FBSceneManager:sceneID%3Acom.DefaultCompany.NeonDrift-default; pid: 81467>
]
2026-06-22 00:25:53.998 Df CoreSimulatorBridge[50222:48f327] [com.apple.installcoordination:framework] -[IXAppInstallCoordinator _clientDelegate_promiseDidBeginFulfillmentWithIdentifier:]: <IXUpdatingAppInstallCoordinator<0x101476c00> identity:[com.DefaultCompany.NeonDrift/Invalid/[system-defined]] uuid:3FE5BEF1-A4FC-435A-85C4-8BDFB300355B creator:InstallCoordination Simple SPI>: Got promise did begin fulfillment for identifier 1
2026-06-22 00:25:53.998 Df CoreSimulatorBridge[50222:48f327] [com.apple.installcoordination:framework] -[IXAppInstallCoordinator _clientDelegate_promiseDidBeginFulfillmentWithIdentifier:]_block_invoke: <IXUpdatingAppInstallCoordinator<0x101476c00> identity:[com.DefaultCompany.NeonDrift/Invalid/[system-defined]] uuid:3FE5BEF1-A4FC-435A-85C4-8BDFB300355B creator:InstallCoordination Simple SPI>: Observer <_IXSimpleInstallerDelegate 0x0x1017d8f90> does not respond to coordinator:configuredPromiseDidBeginFulfillment: (or any deprecated equivalent)
2026-06-22 00:25:53.998 Df SpringBoard[50190:3c6b67] [com.apple.SpringBoard:KeyboardFocus] [coordinator] informing scene controller 'com.apple.springboard' of focusTarget: <com.apple.frontboard.systemappservices/FBSceneManager:sceneID%3Acom.DefaultCompany.NeonDrift-default pid:81467>
2026-06-22 00:25:53.999 Df SpringBoard[50190:3c6b67] [com.apple.SpringBoard:KeyboardFocus] [coordinator] keyboard arbiter suggested <nothing> and we replied <com.apple.frontboard.systemappservices/FBSceneManager:sceneID%3Acom.DefaultCompany.NeonDrift-default pid:81467>
2026-06-22 00:25:53.999 E  SpringBoard[50190:48f32e] [com.apple.UIKit:KeyboardArbiter] Advisor: No handle found for currently focused PID: 81467; sceneIdentity: com.apple.frontboard.systemappservices/FBSceneManager:sceneID%3Acom.DefaultCompany.NeonDrift-default
2026-06-22 00:25:54.005 Df launchd_sim[50184:48efea] [user/501/UIKitApplication:com.DefaultCompany.NeonDrift[fc64][rb-legacy] [81467]:] exited with exit reason (namespace: 15 code: 0x0) - OS_REASON_RUNNINGBOARD | <RBSTerminateContext| explanation:installcoordinationd app:[com.DefaultCompany.NeonDrift/Invalid/[system-defined]] uuid:3FE5BEF1-A4FC-435A-85C4-8BDFB300355B isPlaceholder:Y reportType:None maxTerminationResistance:Absolute attrs:[
	<RBSPreventLaunchLimitation| <RBSProcessPredicate <RBSProcessBundleIdentifierPredicate "com.DefaultCompany.NeonDrift">> allow:(null)>
	]>, ran for 1121340ms
2026-06-22 00:25:54.005 Df launchd_sim[50184:48efea] [user/501:] service inactive: UIKitApplication:com.DefaultCompany.NeonDrift[fc64][rb-legacy]
2026-06-22 00:25:54.006 Df runningboardd[50195:48eff9] [com.apple.runningboard:ttl] [app<com.DefaultCompany.NeonDrift((null))>:81467] termination reported by launchd (15, 0, 9)
2026-06-22 00:25:54.006 Df runningboardd[50195:48eff9] [com.apple.runningboard:process] Removing process: [app<com.DefaultCompany.NeonDrift((null))>:81467]
2026-06-22 00:25:54.006 Df runningboardd[50195:48eff9] [com.apple.runningboard:job] Removing launch job for: [app<com.DefaultCompany.NeonDrift((null))>:81467]
2026-06-22 00:25:54.006 Df launchd_sim[50184:48f1d8] [user/501:] removing service: UIKitApplication:com.DefaultCompany.NeonDrift[fc64][rb-legacy]
2026-06-22 00:25:54.006 Df runningboardd[50195:48eff9] [com.apple.runningboard:job] Removed job for [app<com.DefaultCompany.NeonDrift((null))>:81467]
2026-06-22 00:25:54.006 Df runningboardd[50195:48eff9] [com.apple.runningboard:process] Removing assertions for terminated process: [app<com.DefaultCompany.NeonDrift((null))>:81467]
2026-06-22 00:25:54.006 Df runningboardd[50195:48eff9] [com.apple.runningboard:assertion] Removed last relative-start-date-defining assertion for process app<com.DefaultCompany.NeonDrift((null))>
2026-06-22 00:25:54.007 Df runningboardd[50195:48effb] [com.apple.runningboard:monitor] Calculated state for app<com.DefaultCompany.NeonDrift((null))>: none (role: None) (endowments: (null))
2026-06-22 00:25:54.007 Df runningboardd[50195:48f1f7] [com.apple.runningboard:process] Notifying connection [osservice<com.apple.SpringBoard>:50190] that process [app<com.DefaultCompany.NeonDrift((null))>:81467] exited with context <RBSProcessExitContext| specific, status:<RBSProcessExitStatus| domain:runningboard(15) code:0>>
2026-06-22 00:25:54.007 Df runningboardd[50195:48f1f7] [com.apple.runningboard:process] Notifying connection [osservice<com.apple.installcoordinationd>:73024] that process [app<com.DefaultCompany.NeonDrift((null))>:81467] exited with context <RBSProcessExitContext| specific, status:<RBSProcessExitStatus| domain:runningboard(15) code:0>>
2026-06-22 00:25:54.007 Df SpringBoard[50190:48f00a] [com.apple.FrontBoard:ProcessWorkspace] [app<com.DefaultCompany.NeonDrift>:81467] Workspace assertion invalidated: <NSError: 0x1247de8e0; domain: RBSAssertionErrorDomain; code: 1; "Assertions were invalidated, count = 3.
50195-50190-4510: invalidation reason: 1
50195-50190-4515: invalidation reason: 1
50195-50190-4511: invalidation reason: 1">
2026-06-22 00:25:54.007 Df runningboardd[50195:48f1f7] [com.apple.runningboard:monitor] Calculated state for app<com.DefaultCompany.NeonDrift((null))>: none (role: None) (endowments: (null))
2026-06-22 00:25:54.007 Df SpringBoard[50190:48f00a] [com.apple.runningboard:process] Calling process death completion block for handle [app<com.DefaultCompany.NeonDrift((null))>:81467]
2026-06-22 00:25:54.007 Df SpringBoard[50190:48f00a] [com.apple.FrontBoard:Process] [app<com.DefaultCompany.NeonDrift>:81467] Process exited: <RBSProcessExitContext| specific, status:<RBSProcessExitStatus| domain:runningboard(15) code:0>>.
2026-06-22 00:25:54.007 Df SpringBoard[50190:48f00a] [com.apple.FrontBoard:Process] [app<com.DefaultCompany.NeonDrift>:81467] Setting process task state to: Not Running
