2026-06-25 14:37:29.018 Df installcoordinationd[37614:3b7ade] [com.apple.installcoordination:daemon] -[IXSCoordinatedAppInstall setImportance:]: <IXSCoordinatedAppInstall<0x1059e4000> [P=CoreSimulatorBridge (pid 37585)] identifier:[com.DefaultCompany.NeonDrift/Invalid/[system-defined]] uuid:DFDABEE0-6714-4011-AB40-9DBF8F1EDA5A intent:IXCoordinatorIntentUpdating creator/appDRI:InstallCoordination Simple SPI importance:UserWaiting state:IXAppCoordinationStatePlaceholderPromiseNotSet promise-state:01234>: set importance to UserWaiting
2026-06-25 14:37:29.019 Df installcoordinationd[37614:3b7ade] [com.apple.installcoordination:daemon] -[IXSCoordinatedAppInstall _onQueue_fireObserversForClient:]: <IXSCoordinatedAppInstall<0x1059e4000> [P=CoreSimulatorBridge (pid 37585)] identifier:[com.DefaultCompany.NeonDrift/Invalid/[system-defined]] uuid:DFDABEE0-6714-4011-AB40-9DBF8F1EDA5A intent:IXCoordinatorIntentUpdating creator/appDRI:InstallCoordination Simple SPI importance:UserWaiting state:IXAppCoordinationStatePlaceholderPromiseNotSet promise-state:01234>: Firing applicable observers for client <IXSClientConnection<0x105840960> client:CoreSimulatorBridge (pid 37585) uuid:5746C8BA-ED2E-4ED7-9D4B-905D839B4B9C>
2026-06-25 14:37:29.019 Df installcoordinationd[37614:3b7ade] [com.apple.installcoordination:daemon] -[IXSCoordinatedAppInstall setPriorityBoostCompletion:withSourceInfo:]: <IXSCoordinatedAppInstall<0x1059e4000> [P=CoreSimulatorBridge (pid 37585)] identifier:[com.DefaultCompany.NeonDrift/Invalid/[system-defined]] uuid:DFDABEE0-6714-4011-AB40-9DBF8F1EDA5A intent:IXCoordinatorIntentUpdating creator/appDRI:InstallCoordination Simple SPI importance:UserWaiting state:IXAppCoordinationStatePlaceholderPromiseNotSet promise-state:01234>: Disposing of completion from CoreSimulatorBridge (37585), QOS_CLASS_DEFAULT (0x15)
2026-06-25 14:37:29.019 Df installcoordinationd[37614:3b7ade] [com.apple.installcoordination:daemon] -[IXSCoordinatedAppInstall setPriorityBoostCompletion:withSourceInfo:]: <IXSCoordinatedAppInstall<0x1059e4000> [P=CoreSimulatorBridge (pid 37585)] identifier:[com.DefaultCompany.NeonDrift/Invalid/[system-defined]] uuid:DFDABEE0-6714-4011-AB40-9DBF8F1EDA5A intent:IXCoordinatorIntentUpdating creator/appDRI:InstallCoordination Simple SPI importance:UserWaiting state:IXAppCoordinationStatePlaceholderPromiseNotSet promise-state:01234>: Retaining completion from CoreSimulatorBridge (37585), QOS_CLASS_DEFAULT (0x15)
2026-06-25 14:37:29.019 Df CoreSimulatorBridge[37585:3b7adc] [com.apple.installcoordination:framework] -[IXAppInstallCoordinator _clientDelegate_didRegisterForObservation]: <IXUpdatingAppInstallCoordinator<0x101872cc0> identity:[com.DefaultCompany.NeonDrift/Invalid/[system-defined]] uuid:DFDABEE0-6714-4011-AB40-9DBF8F1EDA5A creator:InstallCoordination Simple SPI>: Got observer registration delegate
2026-06-25 14:37:29.019 Df CoreSimulatorBridge[37585:3b7adc] [com.apple.installcoordination:framework] -[IXAppInstallCoordinator _clientDelegate_didRegisterForObservation]_block_invoke: <IXUpdatingAppInstallCoordinator<0x101872cc0> identity:[com.DefaultCompany.NeonDrift/Invalid/[system-defined]] uuid:DFDABEE0-6714-4011-AB40-9DBF8F1EDA5A creator:InstallCoordination Simple SPI>: Observer <_IXSimpleInstallerDelegate 0x0x101af4150> does not respond to coordinatorDidRegisterForObservation:
2026-06-25 14:37:29.019 Df CoreSimulatorBridge[37585:3b7adc] [com.apple.installcoordination:framework] -[IXAppInstallCoordinator _clientDelegate_shouldResume]: <IXUpdatingAppInstallCoordinator<0x101872cc0> identity:[com.DefaultCompany.NeonDrift/Invalid/[system-defined]] uuid:DFDABEE0-6714-4011-AB40-9DBF8F1EDA5A creator:InstallCoordination Simple SPI>: Got should resume delegate
2026-06-25 14:37:29.019 Df CoreSimulatorBridge[37585:3b7adc] [com.apple.installcoordination:framework] -[IXAppInstallCoordinator _clientDelegate_shouldResume]_block_invoke: <IXUpdatingAppInstallCoordinator<0x101872cc0> identity:[com.DefaultCompany.NeonDrift/Invalid/[system-defined]] uuid:DFDABEE0-6714-4011-AB40-9DBF8F1EDA5A creator:InstallCoordination Simple SPI>: Observer <_IXSimpleInstallerDelegate 0x0x101af4150> does not respond to coordinatorShouldResume:
2026-06-25 14:37:29.021 Df installcoordinationd[37614:3b7ade] [com.apple.installcoordination:daemon] -[IXSCoordinatedAppInstall _internal_setInstallOptionsPromise:performExternalActions:]: <IXSCoordinatedAppInstall<0x1059e4000> [P=CoreSimulatorBridge (pid 37585)] identifier:[com.DefaultCompany.NeonDrift/Invalid/[system-defined]] uuid:DFDABEE0-6714-4011-AB40-9DBF8F1EDA5A intent:IXCoordinatorIntentUpdating creator/appDRI:InstallCoordination Simple SPI importance:UserWaiting state:IXAppCoordinationStatePlaceholderPromiseNotSet promise-state:012I4> : install options set: <IXSPromisedInMemoryData(0x1058dd200) Name:MIInstallOptions data Creator:Install Coordination Internal UUID:0924F1B9-E0B3-4D37-A997-F92735E58897 Location:[system-defined]>
2026-06-25 14:37:29.021 Df installcoordinationd[37614:3b7ad9] [com.apple.installcoordination:daemon] -[IXSCoordinatedAppInstall promiseDidComplete:]: <IXSCoordinatedAppInstall<0x1059e4000> [P=CoreSimulatorBridge (pid 37585)] identifier:[com.DefaultCompany.NeonDrift/Invalid/[system-defined]] uuid:DFDABEE0-6714-4011-AB40-9DBF8F1EDA5A intent:IXCoordinatorIntentUpdating creator/appDRI:InstallCoordination Simple SPI importance:UserWaiting state:IXAppCoordinationStatePlaceholderPromiseNotSet promise-state:012I4> : Promise completed: <IXSPromisedInMemoryData(0x1058dd200) Name:MIInstallOptions data Creator:Install Coordination Internal UUID:0924F1B9-E0B3-4D37-A997-F92735E58897 Location:[system-defined]>
2026-06-25 14:37:29.021 Df installcoordinationd[37614:3b7ad9] [com.apple.appinstallation:TransactionLog] com.DefaultCompany.NeonDrift/Unknown Persona:4:13:1:1:Install Options Promise began. Coordinator State: IXAppCoordinationStatePlaceholderPromiseNotSet
2026-06-25 14:37:29.021 Df installcoordinationd[37614:3b7ad9] [com.apple.appinstallation:TransactionLog] com.DefaultCompany.NeonDrift/Unknown Persona:4:13:2:1:Install Options Promise completed. Coordinator State: IXAppCoordinationStatePlaceholderPromiseNotSet
2026-06-25 14:37:29.021 Df installcoordinationd[37614:3b7ad9] [com.apple.installcoordination:daemon] -[IXSCoordinatedAppInstall _internal_setAppAssetPromise:performExternalActions:]: <IXSCoordinatedAppInstall<0x1059e4000> [P=CoreSimulatorBridge (pid 37585)] identifier:[com.DefaultCompany.NeonDrift/Invalid/[system-defined]] uuid:DFDABEE0-6714-4011-AB40-9DBF8F1EDA5A intent:IXCoordinatorIntentUpdating creator/appDRI:InstallCoordination Simple SPI importance:UserWaiting state:IXAppCoordinationStatePlaceholderPromiseNotSet promise-state:0a2I4> : App Asset Promise set: <IXSPromisedTransferToPath(0x1058de380) Name:App Asset: com.DefaultCompany.NeonDrift Creator:InstallCoordination Simple SPI UUID:CF4B1F8D-6611-4488-9C2B-2C69C76731ED Location:[system-defined]>
2026-06-25 14:37:29.021 Df installcoordinationd[37614:3b75df] [com.apple.installcoordination:daemon] -[IXSCoordinatedAppInstall setInitialODRAssetPromises:]: <IXSCoordinatedAppInstall<0x1059e4000> [P=CoreSimulatorBridge (pid 37585)] identifier:[com.DefaultCompany.NeonDrift/Invalid/[system-defined]] uuid:DFDABEE0-6714-4011-AB40-9DBF8F1EDA5A intent:IXCoordinatorIntentUpdating creator/appDRI:InstallCoordination Simple SPI importance:UserWaiting state:IXAppCoordinationStatePlaceholderPromiseNotSet promise-state:0a2I4> : Initial ODR Asset Promises set: (
)
2026-06-25 14:37:29.022 Df CoreSimulatorBridge[37585:36d360] [com.apple.installcoordination:framework] -[IXPromisedTransferToPath _performDeltaCopyFrom:toDestination:]: Performing delta copy from /Users/dragonkao/.openclaw/workspace/382b9e3384298039b171c9b2a60ae644/NeonDrift_MVP/project/xcode_derived_data/Build/Products/Release-iphonesimulator/NeonDrift.app to /Users/dragonkao/Library/Developer/CoreSimulator/Devices/115FDF0C-5A2F-4686-909B-7F43F1450A28/data/Containers/Shared/SystemGroup/systemgroup.com.apple.installcoordinationd/Library/InstallCoordination/PromiseStaging/CF4B1F8D-6611-4488-9C2B-2C69C76731ED/NeonDrift.app with installed bundle at /Users/dragonkao/Library/Developer/CoreSimulator/Devices/115FDF0C-5A2F-4686-909B-7F43F1450A28/data/Containers/Bundle/Application/AA9CB47B-6CD6-4A88-BCA9-5C89A1042E16/NeonDrift.app
2026-06-25 14:37:29.022 Df CoreSimulatorBridge[37585:36d360] (MobileSystemServices) 0x16f95f000 MDMCreateDeltaDirectory: calling MDMDirectoryDiff with:
state->old_bundle: /Users/dragonkao/Library/Developer/CoreSimulator/Devices/115FDF0C-5A2F-4686-909B-7F43F1450A28/data/Containers/Bundle/Application/AA9CB47B-6CD6-4A88-BCA9-5C89A1042E16/NeonDrift.app
state->new_bundle: /Users/dragonkao/.openclaw/workspace/382b9e3384298039b171c9b2a60ae644/NeonDrift_MVP/project/xcode_derived_data/Build/Products/Release-iphonesimulator/NeonDrift.app
state->dst_bundle: /Users/dragonkao/Library/Developer/CoreSimulator/Devices/115FDF0C-5A2F-4686-909B-7F43F1450A28/data/Containers/Shared/SystemGroup/systemgroup.com.apple.installcoordinationd/Library/InstallCoordination/PromiseStaging/CF4B1F8D-6611-4488-9C2B-2C69C76731ED/NeonDrift.app/Payload//NeonDrift.app, binaryDiff flag: FALSE
	dst_ipa: /Users/dragonkao/Library/Developer/CoreSimulator/Devices/115FDF0C-5A2F-4686-909B-7F43F1450A28/data/Containers/Shared/SystemGroup/systemgroup.com.apple.installcoordinationd/Library/InstallCoordination/PromiseStaging/CF4B1<…>
2026-06-25 14:37:29.024 Df CoreSimulatorBridge[37585:36d360] [com.apple.installcoordination:framework] -[IXPromisedTransferToPath setComplete:]: <IXPromisedTransferToPath<0x101873240> name:"App Asset: com.DefaultCompany.NeonDrift" uuid:CF4B1F8D-6611-4488-9C2B-2C69C76731ED creator:"InstallCoordination Simple SPI" location:[system-defined]> Delta Copy operation from /Users/dragonkao/.openclaw/workspace/382b9e3384298039b171c9b2a60ae644/NeonDrift_MVP/project/xcode_derived_data/Build/Products/Release-iphonesimulator/NeonDrift.app to /Users/dragonkao/Library/Developer/CoreSimulator/Devices/115FDF0C-5A2F-4686-909B-7F43F1450A28/data/Containers/Shared/SystemGroup/systemgroup.com.apple.installcoordinationd/Library/InstallCoordination/PromiseStaging/CF4B1F8D-6611-4488-9C2B-2C69C76731ED/NeonDrift.app took 0.002009 seconds
2026-06-25 14:37:29.024 Df installcoordinationd[37614:3b75df] [com.apple.installcoordination:daemon] -[IXSDataPromise _setPercentComplete:saveStateIfNeeded:]: Progress: <IXSPromisedTransferToPath(0x1058de380) Name:App Asset: com.DefaultCompany.NeonDrift Creator:InstallCoordination Simple SPI UUID:CF4B1F8D-6611-4488-9C2B-2C69C76731ED Location:[system-defined]>
2026-06-25 14:37:29.024 Df installcoordinationd[37614:3b7ad9] [com.apple.appinstallation:TransactionLog] com.DefaultCompany.NeonDrift/Unknown Persona:4:10:1:1:App Asset Promise began. Coordinator State: IXAppCoordinationStatePlaceholderPromiseNotSet
2026-06-25 14:37:29.024 Df CoreSimulatorBridge[37585:3b7adc] [com.apple.installcoordination:framework] -[IXAppInstallCoordinator _clientDelegate_promiseDidBeginFulfillmentWithIdentifier:]: <IXUpdatingAppInstallCoordinator<0x101872cc0> identity:[com.DefaultCompany.NeonDrift/Invalid/[system-defined]] uuid:DFDABEE0-6714-4011-AB40-9DBF8F1EDA5A creator:InstallCoordination Simple SPI>: Got promise did begin fulfillment for identifier 2
2026-06-25 14:37:29.025 Df installcoordinationd[37614:3b75df] [com.apple.installcoordination:daemon] -[IXSCoordinatedAppInstall promiseDidComplete:]: <IXSCoordinatedAppInstall<0x1059e4000> [P=CoreSimulatorBridge (pid 37585)] identifier:[com.DefaultCompany.NeonDrift/Invalid/[system-defined]] uuid:DFDABEE0-6714-4011-AB40-9DBF8F1EDA5A intent:IXCoordinatorIntentUpdating creator/appDRI:InstallCoordination Simple SPI importance:UserWaiting state:IXAppCoordinationStatePlaceholderPromiseNotSet promise-state:0A2I4> : Promise completed: <IXSPromisedTransferToPath(0x1058de380) Name:App Asset: com.DefaultCompany.NeonDrift Creator:InstallCoordination Simple SPI UUID:CF4B1F8D-6611-4488-9C2B-2C69C76731ED Location:[system-defined]>
2026-06-25 14:37:29.025 Df CoreSimulatorBridge[37585:3b7adc] [com.apple.installcoordination:framework] -[IXAppInstallCoordinator _clientDelegate_promiseDidBeginFulfillmentWithIdentifier:]_block_invoke: <IXUpdatingAppInstallCoordinator<0x101872cc0> identity:[com.DefaultCompany.NeonDrift/Invalid/[system-defined]] uuid:DFDABEE0-6714-4011-AB40-9DBF8F1EDA5A creator:InstallCoordination Simple SPI>: Observer <_IXSimpleInstallerDelegate 0x0x101af4150> does not respond to coordinator:configuredPromiseDidBeginFulfillment: (or any deprecated equivalent)
2026-06-25 14:37:29.025 Df CoreSimulatorBridge[37585:3b7add] [com.apple.installcoordination:framework] -[IXAppInstallCoordinator _clientDelegate_didUpdateProgress:forPhase:overallProgress:]: <IXUpdatingAppInstallCoordinator<0x101872cc0> identity:[com.DefaultCompany.NeonDrift/Invalid/[system-defined]] uuid:DFDABEE0-6714-4011-AB40-9DBF8F1EDA5A creator:InstallCoordination Simple SPI>: Got did update progress delegate with percentComplete 100.000000 phase IXCoordinatorProgressPhaseLoading overallProgress 60.000000
2026-06-25 14:37:29.025 Df installcoordinationd[37614:3b7adf] [com.apple.appinstallation:TransactionLog] com.DefaultCompany.NeonDrift/Unknown Persona:4:10:2:1:App Asset Promise completed. Coordinator State: IXAppCoordinationStatePlaceholderPromiseNotSet
2026-06-25 14:37:29.025 Df CoreSimulatorBridge[37585:3b7add] [com.apple.installcoordination:framework] -[IXAppInstallCoordinator _clientDelegate_didUpdateProgress:forPhase:overallProgress:]_block_invoke: <IXUpdatingAppInstallCoordinator<0x101872cc0> identity:[com.DefaultCompany.NeonDrift/Invalid/[system-defined]] uuid:DFDABEE0-6714-4011-AB40-9DBF8F1EDA5A creator:InstallCoordination Simple SPI>: Calling selector coordinator:didUpdateProgress:forPhase:overallProgress: on observer <_IXSimpleInstallerDelegate 0x0x101af4150>
2026-06-25 14:37:29.025 Df installcoordinationd[37614:3b7ad9] [com.apple.installcoordination:daemon] -[IXSCoordinatedAppInstall setPlaceholderPromise:]: <IXSCoordinatedAppInstall<0x1059e4000> [P=CoreSimulatorBridge (pid 37585)] identifier:[com.DefaultCompany.NeonDrift/Invalid/[system-defined]] uuid:DFDABEE0-6714-4011-AB40-9DBF8F1EDA5A intent:IXCoordinatorIntentUpdating creator/appDRI:InstallCoordination Simple SPI importance:UserWaiting state:IXAppCoordinationStateReadyForPlaceholderInstall promise-state:PA2I4> : Placeholder Promise set: <IXSPlaceholder(0x105910140) Name:App Placeholder: NeonDrift (com.DefaultCompany.NeonDrift) Creator:InstallCoordination Simple SPI UUID:6435E869-C8C2-4D03-AD40-44DE63DF3DC8 Location:[system-defined]>
2026-06-25 14:37:29.025 Df installcoordinationd[37614:3b7adf] [com.apple.installcoordination:daemon] -[IXSCoordinatedAppInstall promiseDidComplete:]: <IXSCoordinatedAppInstall<0x1059e4000> [P=CoreSimulatorBridge (pid 37585)] identifier:[com.DefaultCompany.NeonDrift/Invalid/[system-defined]] uuid:DFDABEE0-6714-4011-AB40-9DBF8F1EDA5A intent:IXCoordinatorIntentUpdating creator/appDRI:InstallCoordination Simple SPI importance:UserWaiting state:IXAppCoordinationStateReadyForPlaceholderInstall promise-state:PA2I4> : Promise completed: <IXSPlaceholder(0x105910140) Name:App Placeholder: NeonDrift (com.DefaultCompany.NeonDrift) Creator:InstallCoordination Simple SPI UUID:6435E869-C8C2-4D03-AD40-44DE63DF3DC8 Location:[system-defined]>
2026-06-25 14:37:29.025 Df installcoordinationd[37614:3b7ad9] [com.apple.installcoordination:daemon] -[IXSCoordinatedAppInstall _onQueue_acquireAssertionAndInstallPlaceholder]: Acquiring termination assertion to install placeholder for [com.DefaultCompany.NeonDrift/Invalid/[system-defined]]
2026-06-25 14:37:29.025 Df installcoordinationd[37614:3b7ad9] [com.apple.installcoordination:daemon] -[IXSPendingOperationsTracker beginPendingOperationForIdentity:]_block_invoke: Beginning pending operation for [com.DefaultCompany.NeonDrift/Invalid/[system-defined]]
2026-06-25 14:37:29.026 Df installcoordinationd[37614:3b7adf] [com.apple.runningboard:process] Hit the server for a process handle 1b401b8f00002e5e that resolved to: [app<com.DefaultCompany.NeonDrift((null))>:11870]
2026-06-25 14:37:29.026 Df runningboardd[37558:3b7ae1] [com.apple.runningboard:connection] Received termination request from [osservice<com.apple.installcoordinationd>:37614] on <RBSProcessPredicate <RBSProcessBundleIdentifierPredicate "com.DefaultCompany.NeonDrift">> with context <RBSTerminateContext| explanation:installcoordinationd app:[com.DefaultCompany.NeonDrift/Invalid/[system-defined]] uuid:DFDABEE0-6714-4011-AB40-9DBF8F1EDA5A isPlaceholder:Y reportType:None maxTerminationResistance:Absolute attrs:[
	<RBSPreventLaunchLimitation| <RBSProcessPredicate <RBSProcessBundleIdentifierPredicate "com.DefaultCompany.NeonDrift">> allow:(null)>
	]>
2026-06-25 14:37:29.026 Df installcoordinationd[37614:3b7adf] [com.apple.runningboard:monitor] Received state update for 11870 (app<com.DefaultCompany.NeonDrift((null))>, running-active-NotVisible
2026-06-25 14:37:29.026 Df runningboardd[37558:3b7ae1] [com.apple.runningboard:general] Found 0 extensions contained in com.DefaultCompany.NeonDrift
2026-06-25 14:37:29.026 Df runningboardd[37558:3b7ae1] [com.apple.PlugInKit:holds] <PKManager:0x105d23800> hold request for [/Users/dragonkao/Library/Developer/CoreSimulator/Devices/115FDF0C-5A2F-4686-909B-7F43F1450A28/data/Containers/Bundle/Application/AA9CB47B-6CD6-4A88-BCA9-5C89A1042E16/NeonDrift.app] with flags: 0x4
2026-06-25 14:37:29.027 Df NeonDrift[11870:3b7723] [com.apple.PlugInKit:discovery] Annotations changed, re-performing query for continuous discovery, report block = <0x11920b5a0>.
2026-06-25 14:37:29.027 Df NeonDrift[11870:3b773c] [com.apple.PlugInKit:discovery] Annotations changed, re-performing query for continuous discovery, report block = <0x11920b090>.
2026-06-25 14:37:29.027 Df NeonDrift[11870:3b7721] [com.apple.PlugInKit:discovery] Annotations changed, re-performing query for continuous discovery, report block = <0x11920b270>.
2026-06-25 14:37:29.027 Df runningboardd[37558:3b7ae1] [com.apple.PlugInKit:holds] <PKManager:0x105d23800> hold request for [/Users/dragonkao/Library/Developer/CoreSimulator/Devices/115FDF0C-5A2F-4686-909B-7F43F1450A28/data/Containers/Bundle/Application/AA9CB47B-6CD6-4A88-BCA9-5C89A1042E16/NeonDrift.app] with flags: 0x4 completed with hold token: [910BD21C-2954-48C0-98F7-C8AF137E4C49]
2026-06-25 14:37:29.027 Df NeonDrift[11870:3b773c] [com.apple.PlugInKit:discovery] [d 49A02C3D-16D0-4402-B462-AF919D1392C4] <PKHost:0x11a5044c0> Beginning discovery for flags: 0, point: com.apple.AudioUnit
2026-06-25 14:37:29.027 Df NeonDrift[11870:3b7723] [com.apple.PlugInKit:discovery] [d 84E6E3D0-007A-4E7E-A959-3C5466C85F9B] <PKHost:0x11a5044c0> Beginning discovery for flags: 0, point: com.apple.AudioUnit-UI
2026-06-25 14:37:29.027 Df runningboardd[37558:3b7ae1] [com.apple.runningboard:ttl] Acquiring assertion targeting system from originator [osservice<com.apple.installcoordinationd>:37614] with description <RBSAssertionDescriptor| "installcoordinationd app:[com.DefaultCompany.NeonDrift/Invalid/[system-defined]] uuid:DFDABEE0-6714-4011-AB40-9DBF8F1EDA5A isPlaceholder:Y" ID:37558-37614-4652 target:system attributes:[
	<RBSPreventLaunchLimitation| <RBSProcessPredicate <RBSProcessBundleIdentifierPredicate "com.DefaultCompany.NeonDrift">> allow:(null)>
	]>
2026-06-25 14:37:29.027 Df NeonDrift[11870:3b7721] [com.apple.PlugInKit:discovery] [d 9864BAC4-F39C-4391-AAE4-09A916CF0467] <PKHost:0x11a5044c0> Beginning discovery for flags: 0, point: com.apple.AudioUnit-Speech
2026-06-25 14:37:29.027 Df runningboardd[37558:3b7ae1] [com.apple.runningboard:process] Executing termination request for: <RBSProcessPredicate <RBSProcessBundleIdentifierPredicate "com.DefaultCompany.NeonDrift">>
2026-06-25 14:37:29.027 Df SpringBoard[37555:1ef98e] [com.apple.SpringBoard:Common] termination assertion acquired for com.DefaultCompany.NeonDrift
2026-06-25 14:37:29.027 Df runningboardd[37558:3b7ae1] [com.apple.runningboard:process] [app<com.DefaultCompany.NeonDrift((null))>:11870] Terminating with context: <RBSTerminateContext| explanation:installcoordinationd app:[com.DefaultCompany.NeonDrift/Invalid/[system-defined]] uuid:DFDABEE0-6714-4011-AB40-9DBF8F1EDA5A isPlaceholder:Y reportType:None maxTerminationResistance:Absolute attrs:[
	<RBSPreventLaunchLimitation| <RBSProcessPredicate <RBSProcessBundleIdentifierPredicate "com.DefaultCompany.NeonDrift">> allow:(null)>
	]>
2026-06-25 14:37:29.027 Df SpringBoard[37555:1ef98e] [com.apple.SpringBoard:Icon] 0x10a534000-SBApplicationIcon Data source did change: <SBApplication: 0x1284fae00; com.DefaultCompany.NeonDrift> {
    processState = <SBApplicationProcessState: 0x12277dd60; pid: 11870; taskState: Running; visibility: Foreground>;
} (SBApplication)
2026-06-25 14:37:29.028 Df runningboardd[37558:3b7ae1] [com.apple.runningboard:process] [app<com.DefaultCompany.NeonDrift((null))>:11870] terminate_with_reason() success
2026-06-25 14:37:29.028 Df SpringBoard[37555:3b22c6] [com.apple.FrontBoard:ProcessWorkspace] [app<com.DefaultCompany.NeonDrift>:11870] Workspace connection invalidated.
2026-06-25 14:37:29.028 Df SpringBoard[37555:3b22c6] [com.apple.FrontBoard:Process] [app<com.DefaultCompany.NeonDrift>:11870] Now flagged as pending exit for reason: workspace client connection invalidated
2026-06-25 14:37:29.028 Df backboardd[37576:3b7ae9] [com.apple.iohid:default] Connection removed: IOHIDEventSystemConnection uuid:A1F96AE3-8FA1-4B19-9936-80B3C5E6AC12 pid:11870 process:NeonDrift type:Passive entitlements:0x0 caller:BackBoardServices: ___getHIDEventSystemClient_block_invoke + 296 attributes:{
    HighFrequency = 0;
    bundleID = "com.DefaultCompany.NeonDrift";
    pid = 11870;
} state:0x1 events:0 mask:0x0 dropped:0 dropStatus:0 droppedMask:0x0 lastDroppedTime:NONE
2026-06-25 14:37:29.028 Df backboardd[37576:3b7aeb] [com.apple.iohid:default] Connection removed: IOHIDEventSystemConnection uuid:AA735CC2-4F6E-43B7-A268-29750F75C762 pid:11870 process:NeonDrift type:Monitor entitlements:0x0 caller:GameControllerFoundation: -[GCHIDEventSystemClient initWithQueue:type:attributes:functions:] + 116 attributes:(null) state:0x1 events:0 mask:0x0 dropped:0 dropStatus:0 droppedMask:0x0 lastDroppedTime:NONE
2026-06-25 14:37:29.028 Df backboardd[37576:3b7ae9] [com.apple.BackBoard:HID] Removing client connection <BKHIDClientConnection: 0x1094c9640; IOHIDEventSystemConnectionRef: 0x1080d7600; vpid: 11870(v1136BC); taskPort: 0x28423; bundleID: com.DefaultCompany.NeonDrift> for client: IOHIDEventSystemConnection uuid:A1F96AE3-8FA1-4B19-9936-80B3C5E6AC12 pid:11870 process:NeonDrift type:Passive entitlements:0x0 caller:BackBoardServices: ___getHIDEventSystemClient_block_invoke + 296 attributes:{
    HighFrequency = 0;
    bundleID = "com.DefaultCompany.NeonDrift";
    pid = 11870;
} state:0x1 events:0 mask:0x0 dropped:0 dropStatus:0 droppedMask:0x0 lastDroppedTime:NONE source:HID
2026-06-25 14:37:29.028 Df SpringBoard[37555:3b7642] [com.apple.KeyboardArbiter:Handle] com.DefaultCompany.NeonDrift(11870) lostConnection (invalidation)
2026-06-25 14:37:29.028 Df installcoordinationd[37614:3b7ad9] [com.apple.runningboard:assertion] Setting up death monitor for [app<com.DefaultCompany.NeonDrift((null))>:11870]
2026-06-25 14:37:29.028 Df installcoordinationd[37614:3b7ad9] [com.apple.runningboard:process] Starting death monitoring for handle [app<com.DefaultCompany.NeonDrift((null))>:11870]
2026-06-25 14:37:29.028 Df runningboardd[37558:3b7ae1] [com.apple.runningboard:process] XPC connection invalidated: [app<com.DefaultCompany.NeonDrift((null))>:11870]
2026-06-25 14:37:29.028 Df installcoordinationd[37614:3b75df] [com.apple.appinstallation:TransactionLog] com.DefaultCompany.NeonDrift/Unknown Persona:4:9:1:1:Placeholder Promise began. Coordinator State: IXAppCoordinationStateWaitingForPlaceholderAssertion
2026-06-25 14:37:29.028 Df installcoordinationd[37614:3b75df] [com.apple.installcoordination:daemon] -[IXSCoordinatorProgress setTotalUnitsCompleted:]: Progress for coordinator: [com.DefaultCompany.NeonDrift/Invalid/[system-defined]], Phase: IXCoordinatorProgressPhaseLoading, Percentage: 100.000000: Attempt to set units completed on finished progress: 100
2026-06-25 14:37:29.028 Df installcoordinationd[37614:3b75df] [com.apple.appinstallation:TransactionLog] com.DefaultCompany.NeonDrift/Unknown Persona:4:9:2:1:Placeholder Promise completed. Coordinator State: IXAppCoordinationStateWaitingForPlaceholderAssertion
2026-06-25 14:37:29.029 Df CoreSimulatorBridge[37585:3b7adc] [com.apple.installcoordination:framework] -[IXAppInstallCoordinator _clientDelegate_promiseDidBeginFulfillmentWithIdentifier:]: <IXUpdatingAppInstallCoordinator<0x101872cc0> identity:[com.DefaultCompany.NeonDrift/Invalid/[system-defined]] uuid:DFDABEE0-6714-4011-AB40-9DBF8F1EDA5A creator:InstallCoordination Simple SPI>: Got promise did begin fulfillment for identifier 1
2026-06-25 14:37:29.029 Df CoreSimulatorBridge[37585:36d360] [com.apple.installcoordination:framework] -[IXAppInstallCoordinator _clientDelegate_promiseDidBeginFulfillmentWithIdentifier:]_block_invoke: <IXUpdatingAppInstallCoordinator<0x101872cc0> identity:[com.DefaultCompany.NeonDrift/Invalid/[system-defined]] uuid:DFDABEE0-6714-4011-AB40-9DBF8F1EDA5A creator:InstallCoordination Simple SPI>: Observer <_IXSimpleInstallerDelegate 0x0x101af4150> does not respond to coordinator:configuredPromiseDidBeginFulfillment: (or any deprecated equivalent)
2026-06-25 14:37:29.029 Df SpringBoard[37555:3b7642] [com.apple.KeyboardArbiter:Handle] RX com.DefaultCompany.NeonDrift(11870) setWindowContextID:0 windowState:Disabled level:0.0
    focusContext:(null)
2026-06-25 14:37:29.029 Df backboardd[37576:38fd48] [com.apple.BackBoard:EventDelivery] chain did update (setDeferringRules) <keyboardFocus; display: null> containsEndOfChain: YES; [
    <token: com.apple.frontboard.systemappservices/FBSceneManager:com.apple.springboard; pid: 37555>,
    <token: com.apple.frontboard.systemappservices/FBSceneManager:sceneID%3Acom.DefaultCompany.NeonDrift-default; pid: 11870>
]
2026-06-25 14:37:29.029 Df backboardd[37576:38fd48] [com.apple.BackBoard:EventDelivery] chain did update (setDeferringRules) <keyboardFocus; display: builtin> containsEndOfChain: YES; [
    <token: com.apple.frontboard.systemappservices/FBSceneManager:com.apple.springboard; pid: 37555>,
    <token: com.apple.frontboard.systemappservices/FBSceneManager:sceneID%3Acom.DefaultCompany.NeonDrift-default; pid: 11870>
]
2026-06-25 14:37:29.029 Df SpringBoard[37555:1ef98e] [com.apple.SpringBoard:KeyboardFocus] [coordinator] using MRU target <com.apple.frontboard.systemappservices/FBSceneManager:sceneID%3Acom.DefaultCompany.NeonDrift-default pid:11870>
2026-06-25 14:37:29.029 Df SpringBoard[37555:1ef98e] [com.apple.SpringBoard:KeyboardFocus] [coordinator] informing scene controller 'com.apple.springboard' of focusTarget: <com.apple.frontboard.systemappservices/FBSceneManager:sceneID%3Acom.DefaultCompany.NeonDrift-default pid:11870>
2026-06-25 14:37:29.030 Df SpringBoard[37555:1ef98e] [com.apple.SpringBoard:KeyboardFocus] [coordinator] keyboard arbiter suggested <nothing> and we replied <com.apple.frontboard.systemappservices/FBSceneManager:sceneID%3Acom.DefaultCompany.NeonDrift-default pid:11870>
2026-06-25 14:37:29.030 E  SpringBoard[37555:3b7af5] [com.apple.UIKit:KeyboardArbiter] Advisor: No handle found for currently focused PID: 11870; sceneIdentity: com.apple.frontboard.systemappservices/FBSceneManager:sceneID%3Acom.DefaultCompany.NeonDrift-default
2026-06-25 14:37:29.037 Df launchd_sim[37552:3b6f67] [user/501/UIKitApplication:com.DefaultCompany.NeonDrift[13be][rb-legacy] [11870]:] exited with exit reason (namespace: 15 code: 0x0) - OS_REASON_RUNNINGBOARD | <RBSTerminateContext| explanation:installcoordinationd app:[com.DefaultCompany.NeonDrift/Invalid/[system-defined]] uuid:DFDABEE0-6714-4011-AB40-9DBF8F1EDA5A isPlaceholder:Y reportType:None maxTerminationResistance:Absolute attrs:[
	<RBSPreventLaunchLimitation| <RBSProcessPredicate <RBSProcessBundleIdentifierPredicate "com.DefaultCompany.NeonDrift">> allow:(null)>
	]>, ran for 23507ms
2026-06-25 14:37:29.037 Df launchd_sim[37552:3b6f67] [user/501:] service inactive: UIKitApplication:com.DefaultCompany.NeonDrift[13be][rb-legacy]
2026-06-25 14:37:29.037 Df runningboardd[37558:3b7ae1] [com.apple.runningboard:ttl] [app<com.DefaultCompany.NeonDrift((null))>:11870] termination reported by launchd (15, 0, 9)
2026-06-25 14:37:29.037 Df runningboardd[37558:3b7ae1] [com.apple.runningboard:process] Removing process: [app<com.DefaultCompany.NeonDrift((null))>:11870]
2026-06-25 14:37:29.037 Df runningboardd[37558:3b7ae1] [com.apple.runningboard:job] Removing launch job for: [app<com.DefaultCompany.NeonDrift((null))>:11870]
2026-06-25 14:37:29.037 Df launchd_sim[37552:3b7a48] [user/501:] removing service: UIKitApplication:com.DefaultCompany.NeonDrift[13be][rb-legacy]
2026-06-25 14:37:29.037 Df runningboardd[37558:3b7ae1] [com.apple.runningboard:job] Removed job for [app<com.DefaultCompany.NeonDrift((null))>:11870]
2026-06-25 14:37:29.037 Df runningboardd[37558:3b7ae1] [com.apple.runningboard:process] Removing assertions for terminated process: [app<com.DefaultCompany.NeonDrift((null))>:11870]
2026-06-25 14:37:29.037 Df runningboardd[37558:3b7ae1] [com.apple.runningboard:assertion] Removed last relative-start-date-defining assertion for process app<com.DefaultCompany.NeonDrift((null))>
2026-06-25 14:37:29.038 Df runningboardd[37558:3b6195] [com.apple.runningboard:process] Notifying connection [osservice<com.apple.SpringBoard>:37555] that process [app<com.DefaultCompany.NeonDrift((null))>:11870] exited with context <RBSProcessExitContext| specific, status:<RBSProcessExitStatus| domain:runningboard(15) code:0>>
2026-06-25 14:37:29.038 Df runningboardd[37558:3b7ae1] [com.apple.runningboard:monitor] Calculated state for app<com.DefaultCompany.NeonDrift((null))>: none (role: None) (endowments: (null))
2026-06-25 14:37:29.038 Df SpringBoard[37555:3b7af1] [com.apple.FrontBoard:ProcessWorkspace] [app<com.DefaultCompany.NeonDrift>:11870] Workspace assertion invalidated: <NSError: 0x1226326d0; domain: RBSAssertionErrorDomain; code: 1; "Assertions were invalidated, count = 3.
37558-37555-4636: invalidation reason: 1
37558-37555-4641: invalidation reason: 1
37558-37555-4635: invalidation reason: 1">
2026-06-25 14:37:29.038 Df runningboardd[37558:3b6195] [com.apple.runningboard:process] Notifying connection [osservice<com.apple.installcoordinationd>:37614] that process [app<com.DefaultCompany.NeonDrift((null))>:11870] exited with context <RBSProcessExitContext| specific, status:<RBSProcessExitStatus| domain:runningboard(15) code:0>>
2026-06-25 14:37:29.038 Df runningboardd[37558:3b7ae4] [com.apple.runningboard:monitor] Calculated state for app<com.DefaultCompany.NeonDrift((null))>: none (role: None) (endowments: (null))
2026-06-25 14:37:29.038 Df SpringBoard[37555:3b7af1] [com.apple.runningboard:process] Calling process death completion block for handle [app<com.DefaultCompany.NeonDrift((null))>:11870]
2026-06-25 14:37:29.038 Df SpringBoard[37555:3b7af1] [com.apple.FrontBoard:Process] [app<com.DefaultCompany.NeonDrift>:11870] Process exited: <RBSProcessExitContext| specific, status:<RBSProcessExitStatus| domain:runningboard(15) code:0>>.
2026-06-25 14:37:29.038 Df installcoordinationd[37614:3b7ad9] [com.apple.runningboard:process] Calling process death completion block for handle [app<com.DefaultCompany.NeonDrift((null))>:11870]
2026-06-25 14:37:29.038 Df SpringBoard[37555:3b7af1] [com.apple.FrontBoard:Process] [app<com.DefaultCompany.NeonDrift>:11870] Setting process task state to: Not Running
2026-06-25 14:37:29.038 Df SpringBoard[37555:3b7af1] [com.apple.FrontBoard:Process] [app<com.DefaultCompany.NeonDrift>:11870] Setting process visibility to: Unknown
2026-06-25 14:37:29.038 Df installcoordinationd[37614:3b7ad9] [com.apple.runningboard:assertion] Death monitor triggered for [app<com.DefaultCompany.NeonDrift((null))>:11870]
2026-06-25 14:37:29.038 Df mediaremoted[37562:3b76fb] [com.apple.runningboard:monitor] Received state update for 11870 (app<com.DefaultCompany.NeonDrift((null))>, none-NotVisible
2026-06-25 14:37:29.038 Df installcoordinationd[37614:3b7ad9] [com.apple.installcoordination:daemon] -[IXSCoordinatedAppInstall assertionAcquiredCallback]: RBS termination assertion observer called for <IXSCoordinatedAppInstall<0x1059e4000> [P=CoreSimulatorBridge (pid 37585)] identifier:[com.DefaultCompany.NeonDrift/Invalid/[system-defined]] uuid:DFDABEE0-6714-4011-AB40-9DBF8F1EDA5A intent:IXCoordinatorIntentUpdating creator/appDRI:InstallCoordination Simple SPI importance:UserWaiting state:IXAppCoordinationStateWaitingForPlaceholderAssertion promise-state:PA2I4>
2026-06-25 14:37:29.038 Df SpringBoard[37555:3b7655] [com.apple.FrontBoard:ProcessWorkspace] [app<com.DefaultCompany.NeonDrift>:11870] Invalidating workspace.
2026-06-25 14:37:29.038 Df locationd[37579:3b6a3e] [com.apple.runningboard:monitor] Received state update for 11870 (app<com.DefaultCompany.NeonDrift((null))>, none-NotVisible
2026-06-25 14:37:29.038 Df SpringBoard[37555:3b7655] [com.apple.FrontBoard:ProcessWorkspace] Removing source registration for processHandle: [app<com.DefaultCompany.NeonDrift((null))>:11870]
2026-06-25 14:37:29.038 Df locationd[37579:3b4720] [com.apple.locationd.Core:Core] {"msg":"RBS #AppMonitor process monitor update handler invoked", "pid":11870, "bundleID":com.DefaultCompany.NeonDrift, "state":1}
2026-06-25 14:37:29.038 Df installcoordinationd[37614:3b7ade] [com.apple.runningboard:monitor] Received state update for 11870 (app<com.DefaultCompany.NeonDrift((null))>, none-NotVisible
2026-06-25 14:37:29.038 Df mediaremoted[37562:3b76fb] [com.apple.runningboard:monitor] Received state update for 11870 (app<com.DefaultCompany.NeonDrift((null))>, none-NotVisible
2026-06-25 14:37:29.038 Df locationd[37579:3b294a] [com.apple.runningboard:monitor] Received state update for 11870 (app<com.DefaultCompany.NeonDrift((null))>, none-NotVisible
2026-06-25 14:37:29.038 Df SpringBoard[37555:3b7655] [com.apple.FrontBoard:ProcessScene] [0x10ae15740:(FBSceneManager):sceneID:com.DefaultCompany.NeonDrift-default] Invalidated for connection: 0x128259ce0.
2026-06-25 14:37:29.039 Df SpringBoard[37555:3b7655] [com.apple.FrontBoard:Process] Removing: <FBApplicationProcess: 0x1226acf00; app<com.DefaultCompany.NeonDrift>:11870(v1136BC)>
2026-06-25 14:37:29.039 Df installcoordinationd[37614:3b7ade] [com.apple.runningboard:monitor] Received state update for 11870 (app<com.DefaultCompany.NeonDrift((null))>, none-NotVisible
2026-06-25 14:37:29.039 Df SpringBoard[37555:1ef98e] [com.apple.SpringBoard:Workspace] Process exited: <FBApplicationProcess: 0x1226acf00; app<com.DefaultCompany.NeonDrift>:11870(v1136BC)> -> <RBSProcessExitContext| specific, status:<RBSProcessExitStatus| domain:runningboard(15) code:0>>
2026-06-25 14:37:29.039 Df installcoordinationd[37614:3b7ad9] [com.apple.installcoordination:daemon] -[IXSCoordinatedAppInstall _onQueue_installPlaceholder]: Acquired termination assertion for placeholder [com.DefaultCompany.NeonDrift/Invalid/[system-defined]]; proceeding with install.
2026-06-25 14:37:29.039 Df locationd[37579:3b6a3e] [com.apple.locationd.Core:Core] {"msg":"RBS #dic AppMonitor received Termination", "pid":11870, "bundleId":com.DefaultCompany.NeonDrift, "isUserKill":0}
2026-06-25 14:37:29.039 Df locationd[37579:3b6a3e] [com.apple.locationd.Core:Core] {"msg":"RBS #AppMonitor Post Application State Change Notification", "notification":Terminated, "pid":11870, "bundleId":com.DefaultCompany.NeonDrift}
2026-06-25 14:37:29.039 Df locationd[37579:3b47f9] [com.apple.locationd.Core:Core] {"msg":"#Warning #ClientResolution the passed keyPath is not registered. Resolving to #nullCKP", "InputCKP":icom.DefaultCompany.NeonDrift:}
2026-06-25 14:37:29.039 Df locationd[37579:3b47f9] [com.apple.locationd.Core:Core] {"msg":"#CLIUA AppMonitor notification", "notification":1, "pid":11870, "bundleId":com.DefaultCompany.NeonDrift, "ClientKey":icom.DefaultCompany.NeonDrift:}
2026-06-25 14:37:29.039 Df locationd[37579:3b47f9] [com.apple.locationd.Core:Core] {"msg":"#CLIUA Marking change", "clientKey":icom.DefaultCompany.NeonDrift:, "reason":Process state from RunningBoard, "AssertionLevel":5, "coming":0}
2026-06-25 14:37:29.039 Df locationd[37579:3b47f9] [com.apple.locationd.Core:Core] {"msg":"#CLIUA updating AssertionRecord", "ClientKey":icom.DefaultCompany.NeonDrift:, "AssertionLevel":5}
2026-06-25 14:37:29.039 Df locationd[37579:3b47f9] [com.apple.locationd.Core:Core] {"msg":"#CLIUA AssertionRecord updated", "ClientKey":icom.DefaultCompany.NeonDrift:, "AssertionLevel":0}
2026-06-25 14:37:29.039 Df locationd[37579:3b47f9] [com.apple.locationd.Core:Core] {"msg":"#CLIUA in-use level changed for client", "ClientKey":icom.DefaultCompany.NeonDrift:}
2026-06-25 14:37:29.039 Df installcoordinationd[37614:3b7ad9] [com.apple.installcoordination:daemon] -[IXSPowerAssertion initWithAssertionName:details:]: Acquired power assertion IXPowerAssertion-12-[com.DefaultCompany.NeonDrift/Invalid/[system-defined]]
2026-06-25 14:37:29.039 Df SpringBoard[37555:1ef98e] [com.apple.SpringBoard:Common] Application process state changed for com.DefaultCompany.NeonDrift: (null)
2026-06-25 14:37:29.039 Df locationd[37579:3b47f9] [com.apple.locationd.Core:Core] {"msg":"#Warning #ClientResolution the passed keyPath is not registered. Resolving to #nullCKP", "InputCKP":icom.DefaultCompany.NeonDrift:}
2026-06-25 14:37:29.040 Df SpringBoard[37555:3b7aea] [com.apple.runningboard:monitor] Received state update for 11870 (app<com.DefaultCompany.NeonDrift((null))>, none-NotVisible
2026-06-25 14:37:29.040 Df installd[37685:3b77ef] (MobileSystemServices) 0x16d63b000 -[MIClientConnection _doInstallationForURL:identity:domain:options:operationType:completion:]: Install of "/Users/dragonkao/Library/Developer/CoreSimulator/Devices/115FDF0C-5A2F-4686-909B-7F43F1450A28/data/Containers/Shared/SystemGroup/systemgroup.com.apple.installcoordinationd/Library/InstallCoordination/PromiseStaging/6435E869-C8C2-4D03-AD40-44DE63DF3DC8/NeonDrift.app" type Placeholder (LSInstallType = 1, Domain: MIInstallationDomainDefault) requested by installcoordinationd (pid 37614 (501/20))
2026-06-25 14:37:29.041 Df SpringBoard[37555:1ef98e] [com.apple.SpringBoard:Icon] 0x10a534000-SBApplicationIcon Data source did change: <SBApplication: 0x1284fae00; com.DefaultCompany.NeonDrift> {
} (SBApplication)
2026-06-25 14:37:29.042 Df SpringBoard[37555:3b7af1] [com.apple.UserNotifications:RemoteNotifications] [com.DefaultCompany.NeonDrift] com.DefaultCompany.NeonDrift application state changed to <RBSProcessState| task:none debug:none>
2026-06-25 14:37:29.042 Df SpringBoard[37555:3b7af1] [com.apple.UserNotifications:RemoteNotifications] [com.DefaultCompany.NeonDrift] Ignore becoming background for application without push registration
2026-06-25 14:37:29.044 Df installd[37685:3b77ef] [com.apple.containermanager:xpc] Query; euid = 501, uid = 501, class = 1, identifier = [com.DefaultCompany.NeonDrift](1), flags = 300000002
2026-06-25 14:37:29.045 Df installd[37685:3b77ef] [com.apple.containermanager:xpc] Query; euid = 501, uid = 501, class = 1, identifier = [com.DefaultCompany.NeonDrift](1), flags = 300000002
2026-06-25 14:37:29.047 Df SpringBoard[37555:1ef98e] [com.apple.SpringBoard:ZStack] Resolved Stack (update(Switcher)) [
    Highest: ⬇ ,
    SystemAperture: ⬇ ,
    HUD: ⬇ ,
    TransientOverlayPresentation: ⬇ ,
    CoverSheet: ⬇ ,
    Switcher: ownsHomeGesture; FGActive; homeAffordanceDrawingSuppressed: N->Y; systemApertureSuppressed: Y->N; suppressedBundles: com.DefaultCompany.NeonDrift->(none); suppressedScenes: 1->0,
    HomeScreen: BG->FGActive
]
2026-06-25 14:37:29.048 Df SpringBoard[37555:1ef98e] [com.apple.SpringBoard:KeyboardFocus] [coordinator] _removeSceneFromRecents didRemoveExternalForegroundApplicationSceneHandle pid:11870 scene:com.apple.frontboard.systemappservices/FBSceneManager:sceneID%3Acom.DefaultCompany.NeonDrift-default now:<empty>
2026-06-25 14:37:29.048 Df SpringBoard[37555:1ef98e] [com.apple.SpringBoard:KeyboardFocus] [com.apple.springboard] removing scene: com.apple.frontboard.systemappservices/FBSceneManager:sceneID%3Acom.DefaultCompany.NeonDrift-default pid: 11870 for reason: didRemoveExternalForegroundApplicationSceneHandle
2026-06-25 14:37:29.048 Df installd[37685:3b77ef] [com.apple.containermanager:xpc] Query; euid = 501, uid = 501, class = 1, identifier = [com.DefaultCompany.NeonDrift](1), flags = 300000002
2026-06-25 14:37:29.049 Df installd[37685:3b77ef] [com.apple.containermanager:xpc] Query; euid = 501, uid = 501, class = 1, identifier = [com.DefaultCompany.NeonDrift](1), flags = 300000002
2026-06-25 14:37:29.051 Df installd[37685:3b77ef] (MobileSystemServices) 0x16d63b000 -[MIInstaller _installInstallable:containingSymlink:error:]: Installing <MIInstallableParallelPlaceholder ID=com.DefaultCompany.NeonDrift; Persona=com.apple.containermanager.primary-persona, Version=0, ShortVersion=1.0>
2026-06-25 14:37:29.051 Df installd[37685:3b77ef] [com.apple.appinstallation:TransactionLog] com.DefaultCompany.NeonDrift/com.apple.containermanager.primary-persona:7:2:1:1:Start : Install (Parallel Placeholder)
2026-06-25 14:37:29.054 Df installd[37685:3b77ef] [com.apple.containermanager:query] Query; euid = 501, uid = 501, class = 4, identifier = [com.DefaultCompany.NeonDrift](1), flags = 300000002
2026-06-25 14:37:29.054 Df installd[37685:3b77ef] [com.apple.containermanager:query] Query; euid = 501, uid = 501, class = 4, identifier = [com.DefaultCompany.NeonDrift](1), flags = 300000002
2026-06-25 14:37:29.055 Df installd[37685:3b77ef] (MobileSystemServices) 0x16d63b000 -[MIInstallableParallelPlaceholder performInstallationWithError:]: Installing parallel placeholder for [com.DefaultCompany.NeonDrift/com.apple.containermanager.primary-persona/[system-defined]]
2026-06-25 14:37:29.058 Df installd[37685:3b77ef] [com.apple.containermanager:query] Query; euid = 501, uid = 501, class = 2, identifier = [com.DefaultCompany.NeonDrift](1), flags = 300000003
2026-06-25 14:37:29.059 Df installd[37685:3b77ef] [com.apple.containermanager:query] Query; euid = 501, uid = 501, class = 2, identifier = [com.DefaultCompany.NeonDrift](1), flags = 300000002
2026-06-25 14:37:29.059 Df SpringBoard[37555:1ef98e] [com.apple.FrontBoard:Scene] [(FBSceneManager):sceneID:com.DefaultCompany.NeonDrift-default] Removing parent scene.
2026-06-25 14:37:29.060 Df SpringBoard[37555:1ef98e] [com.apple.UIKit:SceneDeactivation] No longer tracking: <FBScene: 0x12c40be00; FBSceneManager:sceneID:com.DefaultCompany.NeonDrift-default>
2026-06-25 14:37:29.060 Df SpringBoard[37555:1ef98e] [com.apple.SpringBoard:SceneSnapshots] <SBSceneSnapshotRequestor: 0x10514b660; debugName: LCD> [sceneID:com.DefaultCompany.NeonDrift-default] Requesting 2 snapshot(s) because the scene actually moved to the background
2026-06-25 14:37:29.060 Df SpringBoard[37555:1ef98e] [com.apple.FrontBoard:Common] Created: <FBSceneSnapshotAction: 0x125a61780; sceneID:com.DefaultCompany.NeonDrift-default>
2026-06-25 14:37:29.061 Df runningboardd[37558:3b7ae5] [com.apple.runningboard:ttl] Acquiring assertion targeting 11870 from originator [osservice<com.apple.SpringBoard>:37555] with description <RBSAssertionDescriptor| "FBSceneSnapshotAction:sceneID:com.DefaultCompany.NeonDrift-default" ID:37558-37555-4653 target:11870 attributes:[
	<RBSDomainAttribute| domain:"com.apple.frontboard" name:"SceneSnapshotAction" sourceEnvironment:"(null)">,
	<RBSDurationAttribute| invalidationDuration:5.00 warningDuration:0.00 startPolicy:Fixed endPolicy:Invalidate>
	]>
2026-06-25 14:37:29.061 Df SpringBoard[37555:1ef98e] [com.apple.FrontBoard:Scene] [(FBSceneManager):sceneID:com.DefaultCompany.NeonDrift-default] Sending action(s) in update: <FBSceneSnapshotAction: 0x92b30066>
2026-06-25 14:37:29.061 Df SpringBoard[37555:1ef98e] [com.apple.FrontBoard:Scene] [(FBSceneManager):sceneID:com.DefaultCompany.NeonDrift-default] scene content state changed: notReady
2026-06-25 14:37:29.061 Df SpringBoard[37555:1ef98e] [com.apple.SpringBoard:AppProtection] <BSCompoundAssertion:0x12839a380> (SBApplicationAppProtectionAssistant: 0x12839a1c0 - com.DefaultCompany.NeonDrift) invalidate acq:0x124a41100 count:1
2026-06-25 14:37:29.061 Df SpringBoard[37555:1ef98e] [com.apple.SpringBoard:AppProtection] Informing <APSystemAppOutlet: 0x10514b300> that <APApplication: com.DefaultCompany.NeonDrift> will become background as far as we know
2026-06-25 14:37:29.061 Df SpringBoard[37555:1ef98e] [com.apple.appprotection:framework] All scenes dismissed for <APApplication: com.DefaultCompany.NeonDrift>
2026-06-25 14:37:29.061 Df SpringBoard[37555:3b7b34] [com.apple.appprotection:framework] told auth provider com.DefaultCompany.NeonDrift was dimissed. result:true err:(null)
2026-06-25 14:37:29.067 Df backboardd[37576:38fd48] [com.apple.BackBoard:TouchEvents] new scene host settings: contextID:4439BCA8 <sceneID:com.DefaultCompany.NeonDrift-default> foreground -> inactive
2026-06-25 14:37:29.068 Df containermanagerd[37611:1f0f6f] [com.apple.containermanager:schema] [u D36396A6-75F9-4E1F-9D12-31A3BA08393A:p 8CED06D8-B52D-4425-A03B-D0A93A272D76:c com.DefaultCompany.NeonDrift(2):i0] Successfully updated schema from (0) → (1), actions count = 6
2026-06-25 14:37:29.068 Df containermanagerd_system[37598:36eb39] [com.apple.containermanager:schema] [u 19A38CA9-9CDA-46BB-9EAB-89EFC7D7CD4C:p AA9CB47B-6CD6-4A88-BCA9-5C89A1042E16:c com.DefaultCompany.NeonDrift(1):i0] Successfully updated schema from (0) → (0), actions count = 0
2026-06-25 14:37:29.069 Df installd[37685:3b77ef] [com.apple.containermanager:xpc] Query; euid = 501, uid = 501, class = 1, identifier = [com.DefaultCompany.NeonDrift](1), flags = 300000002
2026-06-25 14:37:29.070 Df installd[37685:3b77ef] [com.apple.containermanager:unspecified] Requesting disk usage; class = 1, identifier = com.DefaultCompany.NeonDrift
2026-06-25 14:37:29.071 Df installd[37685:3b77ef] [com.apple.containermanager:query] Query; euid = 501, uid = 501, class = 7, identifier = [com.DefaultCompany.NeonDrift](1), flags = 300000001
2026-06-25 14:37:29.074 Df installd[37685:3b77ef] (MobileSystemServices) 0x16d63b000 -[MILaunchServicesOperationManager _onQueue_addPendingLaunchServicesOperation:error:]: Added pending LS operation <MILaunchServicesRegisterOperation: A3A1F908-C342-4107-8926-56C5CF9FB6B6:67 com.DefaultCompany.NeonDrift/MIInstallationDomainSystemShared personas:[com.apple.containermanager.primary-persona]>
2026-06-25 14:37:29.075 Df SpringBoard[37555:1ef98e] [com.apple.SpringBoard:AppSwitcher] <SBFullScreenSwitcherLiveContentOverlayCoordinator: 0x10a4af980> Removing SwitcherScene overlay for: <SBAppLayout: 0x10a7a2d80; primary: com.DefaultCompany.NeonDrift:default; environment: main>, animated: NO
2026-06-25 14:37:29.075 Df lsd[37604:3b769b] [com.apple.launchservices:appinstallation] Post installation registration: request to register com.DefaultCompany.NeonDrift, operation A3A1F908-C342-4107-8926-56C5CF9FB6B6, from pid 37685
2026-06-25 14:37:29.075 Df lsd[37604:3b769b] [com.apple.appinstallation:TransactionLog] com.DefaultCompany.NeonDrift/Unknown Persona:5:4:1:1:Registering bundles via registrant - start
2026-06-25 14:37:29.076 Df lsd[37604:3b769b] [com.apple.appinstallation:TransactionLog] com.DefaultCompany.NeonDrift/Unknown Persona:5:5:1:1:Building bundle record for app
2026-06-25 14:37:29.076 Df lsd[37604:3b769b] [com.apple.launchservices:appinstallation] Placeholder detected - Flagging bundle com.DefaultCompany.NeonDrift incomplete
2026-06-25 14:37:29.076 Df lsd[37604:3b769b] [com.apple.appinstallation:TransactionLog] com.DefaultCompany.NeonDrift/Unknown Persona:5:5:2:1:Built bundle record for app
2026-06-25 14:37:29.077 Df lsd[37604:3b769b] [com.apple.appinstallation:TransactionLog] com.DefaultCompany.NeonDrift/Unknown Persona:5:4:2:1:Registered bundle status = success
2026-06-25 14:37:29.077 Df lsd[37604:3b769b] [com.apple.appinstallation:TransactionLog] com.DefaultCompany.NeonDrift/Unknown Persona:5:4:2:1:Finished registering com.DefaultCompany.NeonDrift, bundle unit 4c0
2026-06-25 14:37:29.077 Df lsd[37604:3b769c] [com.apple.launchservices:progress] Sending applicationInstallsDidStart: for (
    "<LSApplicationProxy: 0x1056fc000> com.DefaultCompany.NeonDrift file:///Users/dragonkao/Library/Developer/CoreSimulator/Devices/115FDF0C-5A2F-4686-909B-7F43F1450A28/data/Containers/Bundle/Application/AA9CB47B-6CD6-4A88-BCA9-5C89A1042E16/com.apple.mobileinstallation.placeholder/ <com.DefaultCompany.NeonDrift <placeholder >:1>"
)
2026-06-25 14:37:29.078 Df installd[37685:3b77ef] (MobileSystemServices) 0x16d63b000 -[MIJournal purgeJournalEntry:withError:]: Removing journal entry <MIInstallationJournalEntry<0x1038b0a00> [com.DefaultCompany.NeonDrift/com.apple.containermanager.primary-persona/[system-defined]]/MIInstallationDomainSystemShared op:3 phase:JournalPhaseDidRegisterWithLS version:0>
2026-06-25 14:37:29.078 Df lsd[37604:3b769c] [com.apple.launchservices:progress] Created parent progress <NSProgress: com.DefaultCompany.NeonDrift phase=InstallingPlaceholder; state=Waiting; finalPhase=Installing; fractionCompleted=0.000000>
2026-06-25 14:37:29.078 Df installd[37685:3b77ef] [com.apple.appinstallation:TransactionLog] com.DefaultCompany.NeonDrift/com.apple.containermanager.primary-persona:7:2:2:1:Success (End) : Install (Parallel Placeholder)
2026-06-25 14:37:29.078 Df installd[37685:3b77ef] (MobileSystemServices) 0x16d63b000 -[MIInstaller _logOperationCompletionWithStartTime:distributorID:]: Install successful for (Placeholder:com.DefaultCompany.NeonDrift) [Distributor: (null)]; Staging: 0.00s; Waiting: 0.00s; Preflight/Patch: 0.00s, Verifying: 0.00s; Overall: 0.04s
2026-06-25 14:37:29.078 Df callservicesd[37622:3b7680] [com.apple.launchservices:appinstallation] LaunchServices observer: InstallsStarted (
