Timestamp               Ty Process[PID:TID]
2026-06-28 18:04:32.024 Df CoreSimulatorBridge[41052:da2c39] Request received for installation of file:///Users/dragonkao/.openclaw/workspace/382b9e3384298039b171c9b2a60ae644/NeonDrift_MVP/project/xcode_derived_data/Build/Products/Release-iphonesimulator/NeonDrift.run.1782641020.54193.app/ with options: {
    PackageType = Developer;
    SimulatorRootPath = "/Library/Developer/CoreSimulator/Volumes/iOS_23E254a/Library/Developer/CoreSimulator/Profiles/Runtimes/iOS 26.4.simruntime/Contents/Resources/RuntimeRoot";
    SimulatorUserPath = "/Users/dragonkao/Library/Developer/CoreSimulator/Devices/CC47DE7A-8196-4465-A5A5-BB852C9C6C82/data";
}
2026-06-28 18:04:32.024 Df CoreSimulatorBridge[41052:da2c39] [com.apple.installcoordination:framework] +[IXAppInstallCoordinator(IXSimpleInstaller) _beginInstallForURL:forPersonaUniqueString:consumeSource:options:progressBlock:completionWithIdentity:]: Beginning install for /Users/dragonkao/.openclaw/workspace/382b9e3384298039b171c9b2a60ae644/NeonDrift_MVP/project/xcode_derived_data/Build/Products/Release-iphonesimulator/NeonDrift.run.1782641020.54193.app consuming source:N options:{
    IsUserInitiated = 1;
    PackageType = Developer;
} installationRequestorAuditToken: NULL
2026-06-28 18:04:32.029 Df installcoordinationd[41355:d9640d] [com.apple.installcoordination:daemon] -[IXSDataPromiseManager registerPromise:]: Registered promise <IXSPlaceholder(0x103d243c0) Name:App Placeholder: NeonDrift.run.1782641020.54193 (com.DefaultCompany.NeonDrift.run.1782641020.54193) Creator:InstallCoordination Simple SPI UUID:004F4E70-E1E0-4418-BE4D-68537086EDEB Location:[system-defined]> for UUID 004F4E70-E1E0-4418-BE4D-68537086EDEB
2026-06-28 18:04:32.030 Df installcoordinationd[41355:d9640d] [com.apple.installcoordination:daemon] -[IXSPlaceholder setAttributes:]: <IXSPlaceholder(0x103d243c0) Name:App Placeholder: NeonDrift.run.1782641020.54193 (com.DefaultCompany.NeonDrift.run.1782641020.54193) Creator:InstallCoordination Simple SPI UUID:004F4E70-E1E0-4418-BE4D-68537086EDEB Location:[system-defined]>: setting placeholder attributes to <IXPlaceholderAttributes<0x103cc8a00> : {
    CFBundleShortVersionString = "1.0";
    CFBundleSupportedPlatforms =     (
        iPhoneSimulator
    );
    CFBundleVersion = 0;
    DTPlatformName = iphonesimulator;
    LSRequiresIPhoneOS = 1;
    MinimumOSVersion = "13.0";
    UIDeviceFamily =     (
        1,
        2
    );
    UIRequiredDeviceCapabilities =     {
        arm64 = 1;
        metal = 1;
    };
}>
2026-06-28 18:04:32.030 Df CoreSimulatorBridge[41052:da8ce7] [com.apple.installcoordination:framework] +[IXPlaceholder _setEntitlementsFromBundleExecutableURL:withBundleID:client:onPlaceholder:location:error:]: Executable for com.DefaultCompany.NeonDrift.run.1782641020.54193 at NeonDrift.run.1782641020.54193 -- file:///Users/dragonkao/.openclaw/workspace/382b9e3384298039b171c9b2a60ae644/NeonDrift_MVP/project/xcode_derived_data/Build/Products/Release-iphonesimulator/NeonDrift.run.1782641020.54193.app/ had no entitlements
2026-06-28 18:04:32.030 Df CoreSimulatorBridge[41052:da8ce7] [com.apple.installcoordination:framework] +[IXPlaceholder _placeholderForBundle:client:withParent:installType:metadata:placeholderType:mayBeDeltaPackage:isFromSerializedPlaceholder:location:error:]: Using full fidelity icons for com.DefaultCompany.NeonDrift.run.1782641020.54193 at /Users/dragonkao/.openclaw/workspace/382b9e3384298039b171c9b2a60ae644/NeonDrift_MVP/project/xcode_derived_data/Build/Products/Release-iphonesimulator/NeonDrift.run.1782641020.54193.app
2026-06-28 18:04:32.031 Df installcoordinationd[41355:d9640d] [com.apple.installcoordination:daemon] -[IXSDataPromiseManager registerPromise:]: Registered promise <IXSPromisedTransferToPath(0x103cf8d80) Name:Icon resources for com.DefaultCompany.NeonDrift.run.1782641020.54193 Creator:InstallCoordination Simple SPI UUID:63E2ABFA-5C0E-4456-B67F-6EC5C745330D Location:[system-defined]> for UUID 63E2ABFA-5C0E-4456-B67F-6EC5C745330D
2026-06-28 18:04:32.034 Df CoreSimulatorBridge[41052:da8ce7] [com.apple.installcoordination:framework] -[IXPromisedTransferToPath setComplete:]: <IXPromisedTransferToPath<0x101890f40> name:"Icon resources for com.DefaultCompany.NeonDrift.run.1782641020.54193" uuid:63E2ABFA-5C0E-4456-B67F-6EC5C745330D creator:"InstallCoordination Simple SPI" location:[system-defined]> Move operation from /Users/dragonkao/Library/Developer/CoreSimulator/Devices/CC47DE7A-8196-4465-A5A5-BB852C9C6C82/data/Containers/Shared/SystemGroup/systemgroup.com.apple.installcoordinationd/Library/InstallCoordination/PromiseStaging/63E2ABFA-5C0E-4456-B67F-6EC5C745330D/temp.1ajL5w to /Users/dragonkao/Library/Developer/CoreSimulator/Devices/CC47DE7A-8196-4465-A5A5-BB852C9C6C82/data/Containers/Shared/SystemGroup/systemgroup.com.apple.installcoordinationd/Library/InstallCoordination/PromiseStaging/63E2ABFA-5C0E-4456-B67F-6EC5C745330D/temp.1ajL5w took 0.000042 seconds
2026-06-28 18:04:32.035 Df installcoordinationd[41355:d9640d] [com.apple.installcoordination:daemon] -[IXSDataPromise _setPercentComplete:saveStateIfNeeded:]: Progress: <IXSPromisedTransferToPath(0x103cf8d80) Name:Icon resources for com.DefaultCompany.NeonDrift.run.1782641020.54193 Creator:InstallCoordination Simple SPI UUID:63E2ABFA-5C0E-4456-B67F-6EC5C745330D Location:[system-defined]>
2026-06-28 18:04:32.035 Df installcoordinationd[41355:d96418] [com.apple.installcoordination:daemon] -[IXSDataPromiseManager promiseDidBegin:]: Unowned promise began: <IXSPromisedTransferToPath(0x103cf8d80) Name:Icon resources for com.DefaultCompany.NeonDrift.run.1782641020.54193 Creator:InstallCoordination Simple SPI UUID:63E2ABFA-5C0E-4456-B67F-6EC5C745330D Location:[system-defined]>
2026-06-28 18:04:32.035 Df installcoordinationd[41355:d96418] [com.apple.installcoordination:daemon] -[IXSDataPromiseManager promise:didUpdateProgress:]: Unowned promise update progress to 1.000000 : <IXSPromisedTransferToPath(0x103cf8d80) Name:Icon resources for com.DefaultCompany.NeonDrift.run.1782641020.54193 Creator:InstallCoordination Simple SPI UUID:63E2ABFA-5C0E-4456-B67F-6EC5C745330D Location:[system-defined]>
2026-06-28 18:04:32.035 Df installcoordinationd[41355:d9640d] [com.apple.installcoordination:daemon] -[IXSDataPromiseManager promiseDidComplete:]: Unowned promise completed: <IXSPromisedTransferToPath(0x103cf8d80) Name:Icon resources for com.DefaultCompany.NeonDrift.run.1782641020.54193 Creator:InstallCoordination Simple SPI UUID:63E2ABFA-5C0E-4456-B67F-6EC5C745330D Location:[system-defined]>
2026-06-28 18:04:32.036 Df installcoordinationd[41355:d96418] [com.apple.installcoordination:daemon] -[IXSDataPromise _setPercentComplete:saveStateIfNeeded:]: Progress: <IXSPromisedInMemoryDictionary(0x103cf9180) Name:Info.plist icon content for com.DefaultCompany.NeonDrift.run.1782641020.54193 Creator:InstallCoordination Simple SPI UUID:363AEE17-3C14-474A-AF39-4AA38A753F76 Location:[system-defined]>
2026-06-28 18:04:32.036 Df installcoordinationd[41355:d96418] [com.apple.installcoordination:daemon] -[IXSDataPromiseManager registerPromise:]: Registered promise <IXSPromisedInMemoryDictionary(0x103cf9180) Name:Info.plist icon content for com.DefaultCompany.NeonDrift.run.1782641020.54193 Creator:InstallCoordination Simple SPI UUID:363AEE17-3C14-474A-AF39-4AA38A753F76 Location:[system-defined]> for UUID 363AEE17-3C14-474A-AF39-4AA38A753F76
2026-06-28 18:04:32.036 Df installcoordinationd[41355:d9640d] [com.apple.installcoordination:daemon] -[IXSDataPromiseManager promiseDidBegin:]: Unowned promise began: <IXSPromisedInMemoryDictionary(0x103cf9180) Name:Info.plist icon content for com.DefaultCompany.NeonDrift.run.1782641020.54193 Creator:InstallCoordination Simple SPI UUID:363AEE17-3C14-474A-AF39-4AA38A753F76 Location:[system-defined]>
2026-06-28 18:04:32.036 Df installcoordinationd[41355:d9640d] [com.apple.installcoordination:daemon] -[IXSDataPromiseManager promise:didUpdateProgress:]: Unowned promise update progress to 1.000000 : <IXSPromisedInMemoryDictionary(0x103cf9180) Name:Info.plist icon content for com.DefaultCompany.NeonDrift.run.1782641020.54193 Creator:InstallCoordination Simple SPI UUID:363AEE17-3C14-474A-AF39-4AA38A753F76 Location:[system-defined]>
2026-06-28 18:04:32.036 Df installcoordinationd[41355:d9640d] [com.apple.installcoordination:daemon] -[IXSDataPromiseManager promiseDidComplete:]: Unowned promise completed: <IXSPromisedInMemoryDictionary(0x103cf9180) Name:Info.plist icon content for com.DefaultCompany.NeonDrift.run.1782641020.54193 Creator:InstallCoordination Simple SPI UUID:363AEE17-3C14-474A-AF39-4AA38A753F76 Location:[system-defined]>
2026-06-28 18:04:32.037 Df installcoordinationd[41355:d96418] [com.apple.installcoordination:daemon] -[IXSPlaceholder setIconResourcesPromise:]: <IXSPlaceholder(0x103d243c0) Name:App Placeholder: NeonDrift.run.1782641020.54193 (com.DefaultCompany.NeonDrift.run.1782641020.54193) Creator:InstallCoordination Simple SPI UUID:004F4E70-E1E0-4418-BE4D-68537086EDEB Location:[system-defined]>: setting icon resources promise to <IXSPromisedTransferToPath(0x103cf8d80) Name:Icon resources for com.DefaultCompany.NeonDrift.run.1782641020.54193 Creator:InstallCoordination Simple SPI UUID:63E2ABFA-5C0E-4456-B67F-6EC5C745330D Location:[system-defined]>
2026-06-28 18:04:32.037 Df installcoordinationd[41355:d96418] [com.apple.installcoordination:daemon] -[IXSPlaceholder setInfoPlistIconContentPromise:]: <IXSPlaceholder(0x103d243c0) Name:App Placeholder: NeonDrift.run.1782641020.54193 (com.DefaultCompany.NeonDrift.run.1782641020.54193) Creator:InstallCoordination Simple SPI UUID:004F4E70-E1E0-4418-BE4D-68537086EDEB Location:[system-defined]>: setting Info.plist icon content promise to <IXSPromisedInMemoryDictionary(0x103cf9180) Name:Info.plist icon content for com.DefaultCompany.NeonDrift.run.1782641020.54193 Creator:InstallCoordination Simple SPI UUID:363AEE17-3C14-474A-AF39-4AA38A753F76 Location:[system-defined]>
2026-06-28 18:04:32.038 Df installcoordinationd[41355:d96418] [com.apple.installcoordination:daemon] -[IXSDataPromiseManager promiseDidBegin:]: Unowned promise began: <IXSPlaceholder(0x103d243c0) Name:App Placeholder: NeonDrift.run.1782641020.54193 (com.DefaultCompany.NeonDrift.run.1782641020.54193) Creator:InstallCoordination Simple SPI UUID:004F4E70-E1E0-4418-BE4D-68537086EDEB Location:[system-defined]>
2026-06-28 18:04:32.038 Df installcoordinationd[41355:d96418] [com.apple.installcoordination:daemon] -[IXSDataPromiseManager promise:didUpdateProgress:]: Unowned promise update progress to 0.000000 : <IXSPlaceholder(0x103d243c0) Name:App Placeholder: NeonDrift.run.1782641020.54193 (com.DefaultCompany.NeonDrift.run.1782641020.54193) Creator:InstallCoordination Simple SPI UUID:004F4E70-E1E0-4418-BE4D-68537086EDEB Location:[system-defined]>
2026-06-28 18:04:32.038 Df installcoordinationd[41355:d96418] [com.apple.installcoordination:daemon] -[IXSDataPromiseManager promise:didUpdateProgress:]: Unowned promise update progress to 0.000000 : <IXSPlaceholder(0x103d243c0) Name:App Placeholder: NeonDrift.run.1782641020.54193 (com.DefaultCompany.NeonDrift.run.1782641020.54193) Creator:InstallCoordination Simple SPI UUID:004F4E70-E1E0-4418-BE4D-68537086EDEB Location:[system-defined]>
2026-06-28 18:04:32.038 Df installcoordinationd[41355:d96418] [com.apple.installcoordination:daemon] -[IXSDataPromise _setPercentComplete:saveStateIfNeeded:]: Progress: <IXSPromisedInMemoryDictionary(0x103cf9300) Name:Localizations for com.DefaultCompany.NeonDrift.run.1782641020.54193 Creator:InstallCoordination Simple SPI UUID:D5B09C0A-0861-47E2-9DB0-B1C7D4CED96D Location:[system-defined]>
2026-06-28 18:04:32.039 Df installcoordinationd[41355:d96418] [com.apple.installcoordination:daemon] -[IXSDataPromiseManager registerPromise:]: Registered promise <IXSPromisedInMemoryDictionary(0x103cf9300) Name:Localizations for com.DefaultCompany.NeonDrift.run.1782641020.54193 Creator:InstallCoordination Simple SPI UUID:D5B09C0A-0861-47E2-9DB0-B1C7D4CED96D Location:[system-defined]> for UUID D5B09C0A-0861-47E2-9DB0-B1C7D4CED96D
2026-06-28 18:04:32.039 Df installcoordinationd[41355:da8cea] [com.apple.installcoordination:daemon] -[IXSDataPromiseManager promiseDidBegin:]: Unowned promise began: <IXSPromisedInMemoryDictionary(0x103cf9300) Name:Localizations for com.DefaultCompany.NeonDrift.run.1782641020.54193 Creator:InstallCoordination Simple SPI UUID:D5B09C0A-0861-47E2-9DB0-B1C7D4CED96D Location:[system-defined]>
2026-06-28 18:04:32.039 Df installcoordinationd[41355:da8cea] [com.apple.installcoordination:daemon] -[IXSDataPromiseManager promise:didUpdateProgress:]: Unowned promise update progress to 1.000000 : <IXSPromisedInMemoryDictionary(0x103cf9300) Name:Localizations for com.DefaultCompany.NeonDrift.run.1782641020.54193 Creator:InstallCoordination Simple SPI UUID:D5B09C0A-0861-47E2-9DB0-B1C7D4CED96D Location:[system-defined]>
2026-06-28 18:04:32.039 Df installcoordinationd[41355:da8cea] [com.apple.installcoordination:daemon] -[IXSDataPromiseManager promiseDidComplete:]: Unowned promise completed: <IXSPromisedInMemoryDictionary(0x103cf9300) Name:Localizations for com.DefaultCompany.NeonDrift.run.1782641020.54193 Creator:InstallCoordination Simple SPI UUID:D5B09C0A-0861-47E2-9DB0-B1C7D4CED96D Location:[system-defined]>
2026-06-28 18:04:32.039 Df installcoordinationd[41355:d96418] [com.apple.installcoordination:daemon] -[IXSPlaceholder setLocalizationDictionaryPromise:]: <IXSPlaceholder(0x103d243c0) Name:App Placeholder: NeonDrift.run.1782641020.54193 (com.DefaultCompany.NeonDrift.run.1782641020.54193) Creator:InstallCoordination Simple SPI UUID:004F4E70-E1E0-4418-BE4D-68537086EDEB Location:[system-defined]>: setting localization dict promise to <IXSPromisedInMemoryDictionary(0x103cf9300) Name:Localizations for com.DefaultCompany.NeonDrift.run.1782641020.54193 Creator:InstallCoordination Simple SPI UUID:D5B09C0A-0861-47E2-9DB0-B1C7D4CED96D Location:[system-defined]>
2026-06-28 18:04:32.040 Df installcoordinationd[41355:d9640d] [com.apple.installcoordination:daemon] -[IXSDataPromiseManager promise:didUpdateProgress:]: Unowned promise update progress to 0.000000 : <IXSPlaceholder(0x103d243c0) Name:App Placeholder: NeonDrift.run.1782641020.54193 (com.DefaultCompany.NeonDrift.run.1782641020.54193) Creator:InstallCoordination Simple SPI UUID:004F4E70-E1E0-4418-BE4D-68537086EDEB Location:[system-defined]>
2026-06-28 18:04:32.040 Df installcoordinationd[41355:d96418] [com.apple.installcoordination:daemon] -[IXSPlaceholder setConfigurationComplete:]: <IXSPlaceholder(0x103d243c0) Name:App Placeholder: NeonDrift.run.1782641020.54193 (com.DefaultCompany.NeonDrift.run.1782641020.54193) Creator:InstallCoordination Simple SPI UUID:004F4E70-E1E0-4418-BE4D-68537086EDEB Location:[system-defined]>: setting configuration complete to Y
2026-06-28 18:04:32.040 Df installcoordinationd[41355:d96418] [com.apple.installcoordination:daemon] -[IXSPlaceholder _materialize]: <IXSPlaceholder(0x103d243c0) Name:App Placeholder: NeonDrift.run.1782641020.54193 (com.DefaultCompany.NeonDrift.run.1782641020.54193) Creator:InstallCoordination Simple SPI UUID:004F4E70-E1E0-4418-BE4D-68537086EDEB Location:[system-defined]>: Materializing placeholder at /Users/dragonkao/Library/Developer/CoreSimulator/Devices/CC47DE7A-8196-4465-A5A5-BB852C9C6C82/data/Containers/Shared/SystemGroup/systemgroup.com.apple.installcoordinationd/Library/InstallCoordination/PromiseStaging/004F4E70-E1E0-4418-BE4D-68537086EDEB/NeonDrift.run.1782641020.54193.app
2026-06-28 18:04:32.041 Df installcoordinationd[41355:d96418] [com.apple.installcoordination:daemon] -[IXSPlaceholder _materialize]: <IXSPlaceholder(0x103d243c0) Name:App Placeholder: NeonDrift.run.1782641020.54193 (com.DefaultCompany.NeonDrift.run.1782641020.54193) Creator:InstallCoordination Simple SPI UUID:004F4E70-E1E0-4418-BE4D-68537086EDEB Location:[system-defined]>: Using Info.plist icon content: {
    CFBundleIcons =     {
        CFBundlePrimaryIcon =         {
            CFBundleIconName = AppIcon;
        };
    };
    "CFBundleIcons~ipad" =     {
        CFBundlePrimaryIcon =         {
            CFBundleIconName = AppIcon;
        };
    };
    ISIconPlatform = iPhoneOS;
}
2026-06-28 18:04:32.041 Df installcoordinationd[41355:d96418] [com.apple.installcoordination:daemon] -[IXSPlaceholder _materialize]_block_invoke: <IXSPlaceholder(0x103d243c0) Name:App Placeholder: NeonDrift.run.1782641020.54193 (com.DefaultCompany.NeonDrift.run.1782641020.54193) Creator:InstallCoordination Simple SPI UUID:004F4E70-E1E0-4418-BE4D-68537086EDEB Location:[system-defined]>: Using icon resource Assets.car
2026-06-28 18:04:32.041 Df installcoordinationd[41355:d96418] [com.apple.installcoordination:daemon] -[IXSPlaceholder _materialize]: <IXSPlaceholder(0x103d243c0) Name:App Placeholder: NeonDrift.run.1782641020.54193 (com.DefaultCompany.NeonDrift.run.1782641020.54193) Creator:InstallCoordination Simple SPI UUID:004F4E70-E1E0-4418-BE4D-68537086EDEB Location:[system-defined]>: Including lproj localizations for (
)
2026-06-28 18:04:32.041 Df installcoordinationd[41355:d9640d] [com.apple.installcoordination:daemon] -[IXSDataPromiseManager promiseDidComplete:]: Unowned promise completed: <IXSPlaceholder(0x103d243c0) Name:App Placeholder: NeonDrift.run.1782641020.54193 (com.DefaultCompany.NeonDrift.run.1782641020.54193) Creator:InstallCoordination Simple SPI UUID:004F4E70-E1E0-4418-BE4D-68537086EDEB Location:[system-defined]>
2026-06-28 18:04:32.042 Df installcoordinationd[41355:d96418] [com.apple.installcoordination:daemon] -[IXSDataPromiseManager registerPromise:]: Registered promise <IXSPromisedTransferToPath(0x103cf9480) Name:App Asset: com.DefaultCompany.NeonDrift.run.1782641020.54193 Creator:InstallCoordination Simple SPI UUID:8D2BFD09-8CDA-4344-AD36-C7B644800444 Location:[system-defined]> for UUID 8D2BFD09-8CDA-4344-AD36-C7B644800444
2026-06-28 18:04:32.044 Df installcoordinationd[41355:d9640d] [com.apple.installcoordination:daemon] -[IXSCoordinatorManager coordinatorForIdentity:connection:error:creatingIfNotExisting:]_block_invoke: Registered coordinator: <IXSCoordinatedAppInstall<0x103e08000> [P=CoreSimulatorBridge (pid 41052)] identifier:[com.DefaultCompany.NeonDrift.run.1782641020.54193/Invalid/[system-defined]] uuid:DC6A3C56-9CB2-48A1-A76C-09ED1812867C intent:IXCoordinatorIntentInitiating creator/appDRI:InstallCoordination Simple SPI importance:Background state:IXAppCoordinationStatePlaceholderPromiseNotSet promise-state:01234>
2026-06-28 18:04:32.044 Df installcoordinationd[41355:d9640d] [com.apple.appinstallation:TransactionLog] com.DefaultCompany.NeonDrift.run.1782641020.54193/Unknown Persona:4:1:1:1:Created coordinator with intent IXCoordinatorIntentInitiating for client InstallCoordination Simple SPI
2026-06-28 18:04:32.044 Df installcoordinationd[41355:d9640d] [com.apple.installcoordination:daemon] -[IXSCoordinatedAppInstall setPriorityBoostCompletion:withSourceInfo:]: <IXSCoordinatedAppInstall<0x103e08000> [P=CoreSimulatorBridge (pid 41052)] identifier:[com.DefaultCompany.NeonDrift.run.1782641020.54193/Invalid/[system-defined]] uuid:DC6A3C56-9CB2-48A1-A76C-09ED1812867C intent:IXCoordinatorIntentInitiating creator/appDRI:InstallCoordination Simple SPI importance:Background state:IXAppCoordinationStatePlaceholderPromiseNotSet promise-state:01234>: Retaining completion from CoreSimulatorBridge (41052), QOS_CLASS_DEFAULT (0x15)
2026-06-28 18:04:32.044 Df installcoordinationd[41355:d9640d] [com.apple.installcoordination:daemon] -[IXSCoordinatedAppInstall setImportance:]: <IXSCoordinatedAppInstall<0x103e08000> [P=CoreSimulatorBridge (pid 41052)] identifier:[com.DefaultCompany.NeonDrift.run.1782641020.54193/Invalid/[system-defined]] uuid:DC6A3C56-9CB2-48A1-A76C-09ED1812867C intent:IXCoordinatorIntentInitiating creator/appDRI:InstallCoordination Simple SPI importance:UserWaiting state:IXAppCoordinationStatePlaceholderPromiseNotSet promise-state:01234>: set importance to UserWaiting
2026-06-28 18:04:32.045 Df installcoordinationd[41355:d9640d] [com.apple.installcoordination:daemon] -[IXSCoordinatedAppInstall _onQueue_fireObserversForClient:]: <IXSCoordinatedAppInstall<0x103e08000> [P=CoreSimulatorBridge (pid 41052)] identifier:[com.DefaultCompany.NeonDrift.run.1782641020.54193/Invalid/[system-defined]] uuid:DC6A3C56-9CB2-48A1-A76C-09ED1812867C intent:IXCoordinatorIntentInitiating creator/appDRI:InstallCoordination Simple SPI importance:UserWaiting state:IXAppCoordinationStatePlaceholderPromiseNotSet promise-state:01234>: Firing applicable observers for client <IXSClientConnection<0x103c588a0> client:CoreSimulatorBridge (pid 41052) uuid:DA8B0283-7AA2-435D-A7D3-098DDB9E46E9>
2026-06-28 18:04:32.045 Df installcoordinationd[41355:d9640d] [com.apple.installcoordination:daemon] -[IXSCoordinatedAppInstall setPriorityBoostCompletion:withSourceInfo:]: <IXSCoordinatedAppInstall<0x103e08000> [P=CoreSimulatorBridge (pid 41052)] identifier:[com.DefaultCompany.NeonDrift.run.1782641020.54193/Invalid/[system-defined]] uuid:DC6A3C56-9CB2-48A1-A76C-09ED1812867C intent:IXCoordinatorIntentInitiating creator/appDRI:InstallCoordination Simple SPI importance:UserWaiting state:IXAppCoordinationStatePlaceholderPromiseNotSet promise-state:01234>: Disposing of completion from CoreSimulatorBridge (41052), QOS_CLASS_DEFAULT (0x15)
2026-06-28 18:04:32.045 Df installcoordinationd[41355:d9640d] [com.apple.installcoordination:daemon] -[IXSCoordinatedAppInstall setPriorityBoostCompletion:withSourceInfo:]: <IXSCoordinatedAppInstall<0x103e08000> [P=CoreSimulatorBridge (pid 41052)] identifier:[com.DefaultCompany.NeonDrift.run.1782641020.54193/Invalid/[system-defined]] uuid:DC6A3C56-9CB2-48A1-A76C-09ED1812867C intent:IXCoordinatorIntentInitiating creator/appDRI:InstallCoordination Simple SPI importance:UserWaiting state:IXAppCoordinationStatePlaceholderPromiseNotSet promise-state:01234>: Retaining completion from CoreSimulatorBridge (41052), QOS_CLASS_DEFAULT (0x15)
2026-06-28 18:04:32.045 Df CoreSimulatorBridge[41052:da8ce8] [com.apple.installcoordination:framework] -[IXAppInstallCoordinator _clientDelegate_didRegisterForObservation]: <IXInitiatingAppInstallCoordinator<0x1018919c0> identity:[com.DefaultCompany.NeonDrift.run.1782641020.54193/Invalid/[system-defined]] uuid:DC6A3C56-9CB2-48A1-A76C-09ED1812867C creator:InstallCoordination Simple SPI>: Got observer registration delegate
2026-06-28 18:04:32.045 Df CoreSimulatorBridge[41052:da8ce8] [com.apple.installcoordination:framework] -[IXAppInstallCoordinator _clientDelegate_shouldResume]: <IXInitiatingAppInstallCoordinator<0x1018919c0> identity:[com.DefaultCompany.NeonDrift.run.1782641020.54193/Invalid/[system-defined]] uuid:DC6A3C56-9CB2-48A1-A76C-09ED1812867C creator:InstallCoordination Simple SPI>: Got should resume delegate
2026-06-28 18:04:32.045 Df CoreSimulatorBridge[41052:da8ce8] [com.apple.installcoordination:framework] -[IXAppInstallCoordinator _clientDelegate_didRegisterForObservation]_block_invoke: <IXInitiatingAppInstallCoordinator<0x1018919c0> identity:[com.DefaultCompany.NeonDrift.run.1782641020.54193/Invalid/[system-defined]] uuid:DC6A3C56-9CB2-48A1-A76C-09ED1812867C creator:InstallCoordination Simple SPI>: Observer <_IXSimpleInstallerDelegate 0x0x10185a8b0> does not respond to coordinatorDidRegisterForObservation:
2026-06-28 18:04:32.045 Df CoreSimulatorBridge[41052:da8ce8] [com.apple.installcoordination:framework] -[IXAppInstallCoordinator _clientDelegate_shouldResume]_block_invoke: <IXInitiatingAppInstallCoordinator<0x1018919c0> identity:[com.DefaultCompany.NeonDrift.run.1782641020.54193/Invalid/[system-defined]] uuid:DC6A3C56-9CB2-48A1-A76C-09ED1812867C creator:InstallCoordination Simple SPI>: Observer <_IXSimpleInstallerDelegate 0x0x10185a8b0> does not respond to coordinatorShouldResume:
2026-06-28 18:04:32.047 Df installcoordinationd[41355:d9640d] [com.apple.installcoordination:daemon] -[IXSCoordinatedAppInstall _internal_setInstallOptionsPromise:performExternalActions:]: <IXSCoordinatedAppInstall<0x103e08000> [P=CoreSimulatorBridge (pid 41052)] identifier:[com.DefaultCompany.NeonDrift.run.1782641020.54193/Invalid/[system-defined]] uuid:DC6A3C56-9CB2-48A1-A76C-09ED1812867C intent:IXCoordinatorIntentInitiating creator/appDRI:InstallCoordination Simple SPI importance:UserWaiting state:IXAppCoordinationStatePlaceholderPromiseNotSet promise-state:012I4> : install options set: <IXSPromisedInMemoryData(0x103cf9780) Name:MIInstallOptions data Creator:Install Coordination Internal UUID:C4961BFC-F985-4FB6-A9BF-D85CEC5419BC Location:[system-defined]>
2026-06-28 18:04:32.047 Df installcoordinationd[41355:da8cea] [com.apple.installcoordination:daemon] -[IXSCoordinatedAppInstall promiseDidComplete:]: <IXSCoordinatedAppInstall<0x103e08000> [P=CoreSimulatorBridge (pid 41052)] identifier:[com.DefaultCompany.NeonDrift.run.1782641020.54193/Invalid/[system-defined]] uuid:DC6A3C56-9CB2-48A1-A76C-09ED1812867C intent:IXCoordinatorIntentInitiating creator/appDRI:InstallCoordination Simple SPI importance:UserWaiting state:IXAppCoordinationStatePlaceholderPromiseNotSet promise-state:012I4> : Promise completed: <IXSPromisedInMemoryData(0x103cf9780) Name:MIInstallOptions data Creator:Install Coordination Internal UUID:C4961BFC-F985-4FB6-A9BF-D85CEC5419BC Location:[system-defined]>
2026-06-28 18:04:32.047 Df installcoordinationd[41355:da8cea] [com.apple.appinstallation:TransactionLog] com.DefaultCompany.NeonDrift.run.1782641020.54193/Unknown Persona:4:13:1:1:Install Options Promise began. Coordinator State: IXAppCoordinationStatePlaceholderPromiseNotSet
2026-06-28 18:04:32.047 Df installcoordinationd[41355:da8cea] [com.apple.appinstallation:TransactionLog] com.DefaultCompany.NeonDrift.run.1782641020.54193/Unknown Persona:4:13:2:1:Install Options Promise completed. Coordinator State: IXAppCoordinationStatePlaceholderPromiseNotSet
2026-06-28 18:04:32.047 Df installcoordinationd[41355:da8cea] [com.apple.installcoordination:daemon] -[IXSCoordinatedAppInstall _internal_setAppAssetPromise:performExternalActions:]: <IXSCoordinatedAppInstall<0x103e08000> [P=CoreSimulatorBridge (pid 41052)] identifier:[com.DefaultCompany.NeonDrift.run.1782641020.54193/Invalid/[system-defined]] uuid:DC6A3C56-9CB2-48A1-A76C-09ED1812867C intent:IXCoordinatorIntentInitiating creator/appDRI:InstallCoordination Simple SPI importance:UserWaiting state:IXAppCoordinationStatePlaceholderPromiseNotSet promise-state:0a2I4> : App Asset Promise set: <IXSPromisedTransferToPath(0x103cf9480) Name:App Asset: com.DefaultCompany.NeonDrift.run.1782641020.54193 Creator:InstallCoordination Simple SPI UUID:8D2BFD09-8CDA-4344-AD36-C7B644800444 Location:[system-defined]>
2026-06-28 18:04:32.048 Df installcoordinationd[41355:da8cea] [com.apple.installcoordination:daemon] -[IXSCoordinatedAppInstall setInitialODRAssetPromises:]: <IXSCoordinatedAppInstall<0x103e08000> [P=CoreSimulatorBridge (pid 41052)] identifier:[com.DefaultCompany.NeonDrift.run.1782641020.54193/Invalid/[system-defined]] uuid:DC6A3C56-9CB2-48A1-A76C-09ED1812867C intent:IXCoordinatorIntentInitiating creator/appDRI:InstallCoordination Simple SPI importance:UserWaiting state:IXAppCoordinationStatePlaceholderPromiseNotSet promise-state:0a2I4> : Initial ODR Asset Promises set: (
)
2026-06-28 18:04:32.060 Df CoreSimulatorBridge[41052:da8ce7] [com.apple.installcoordination:framework] -[IXPromisedTransferToPath setComplete:]: <IXPromisedTransferToPath<0x101891880> name:"App Asset: com.DefaultCompany.NeonDrift.run.1782641020.54193" uuid:8D2BFD09-8CDA-4344-AD36-C7B644800444 creator:"InstallCoordination Simple SPI" location:[system-defined]> Copy operation from /Users/dragonkao/.openclaw/workspace/382b9e3384298039b171c9b2a60ae644/NeonDrift_MVP/project/xcode_derived_data/Build/Products/Release-iphonesimulator/NeonDrift.run.1782641020.54193.app to /Users/dragonkao/Library/Developer/CoreSimulator/Devices/CC47DE7A-8196-4465-A5A5-BB852C9C6C82/data/Containers/Shared/SystemGroup/systemgroup.com.apple.installcoordinationd/Library/InstallCoordination/PromiseStaging/8D2BFD09-8CDA-4344-AD36-C7B644800444/NeonDrift.run.1782641020.54193.app took 0.011476 seconds
2026-06-28 18:04:32.060 Df installcoordinationd[41355:d96418] [com.apple.installcoordination:daemon] -[IXSDataPromise _setPercentComplete:saveStateIfNeeded:]: Progress: <IXSPromisedTransferToPath(0x103cf9480) Name:App Asset: com.DefaultCompany.NeonDrift.run.1782641020.54193 Creator:InstallCoordination Simple SPI UUID:8D2BFD09-8CDA-4344-AD36-C7B644800444 Location:[system-defined]>
2026-06-28 18:04:32.061 Df installcoordinationd[41355:d96418] [com.apple.installcoordination:daemon] -[IXSCoordinatedAppInstall promiseDidComplete:]: <IXSCoordinatedAppInstall<0x103e08000> [P=CoreSimulatorBridge (pid 41052)] identifier:[com.DefaultCompany.NeonDrift.run.1782641020.54193/Invalid/[system-defined]] uuid:DC6A3C56-9CB2-48A1-A76C-09ED1812867C intent:IXCoordinatorIntentInitiating creator/appDRI:InstallCoordination Simple SPI importance:UserWaiting state:IXAppCoordinationStatePlaceholderPromiseNotSet promise-state:0A2I4> : Promise completed: <IXSPromisedTransferToPath(0x103cf9480) Name:App Asset: com.DefaultCompany.NeonDrift.run.1782641020.54193 Creator:InstallCoordination Simple SPI UUID:8D2BFD09-8CDA-4344-AD36-C7B644800444 Location:[system-defined]>
2026-06-28 18:04:32.065 Df installcoordinationd[41355:da8cea] [com.apple.appinstallation:TransactionLog] com.DefaultCompany.NeonDrift.run.1782641020.54193/Unknown Persona:4:10:1:1:App Asset Promise began. Coordinator State: IXAppCoordinationStatePlaceholderPromiseNotSet
2026-06-28 18:04:32.065 Df installcoordinationd[41355:da8cea] [com.apple.appinstallation:TransactionLog] com.DefaultCompany.NeonDrift.run.1782641020.54193/Unknown Persona:4:10:2:1:App Asset Promise completed. Coordinator State: IXAppCoordinationStatePlaceholderPromiseNotSet
2026-06-28 18:04:32.066 Df installcoordinationd[41355:d96418] [com.apple.installcoordination:daemon] -[IXSCoordinatedAppInstall setPlaceholderPromise:]: <IXSCoordinatedAppInstall<0x103e08000> [P=CoreSimulatorBridge (pid 41052)] identifier:[com.DefaultCompany.NeonDrift.run.1782641020.54193/Invalid/[system-defined]] uuid:DC6A3C56-9CB2-48A1-A76C-09ED1812867C intent:IXCoordinatorIntentInitiating creator/appDRI:InstallCoordination Simple SPI importance:UserWaiting state:IXAppCoordinationStateReadyForPlaceholderInstall promise-state:PA2I4> : Placeholder Promise set: <IXSPlaceholder(0x103d243c0) Name:App Placeholder: NeonDrift.run.1782641020.54193 (com.DefaultCompany.NeonDrift.run.1782641020.54193) Creator:InstallCoordination Simple SPI UUID:004F4E70-E1E0-4418-BE4D-68537086EDEB Location:[system-defined]>
2026-06-28 18:04:32.066 Df CoreSimulatorBridge[41052:da8ce8] [com.apple.installcoordination:framework] -[IXAppInstallCoordinator _clientDelegate_promiseDidBeginFulfillmentWithIdentifier:]: <IXInitiatingAppInstallCoordinator<0x1018919c0> identity:[com.DefaultCompany.NeonDrift.run.1782641020.54193/Invalid/[system-defined]] uuid:DC6A3C56-9CB2-48A1-A76C-09ED1812867C creator:InstallCoordination Simple SPI>: Got promise did begin fulfillment for identifier 2
2026-06-28 18:04:32.066 Df CoreSimulatorBridge[41052:da8ce8] [com.apple.installcoordination:framework] -[IXAppInstallCoordinator _clientDelegate_promiseDidBeginFulfillmentWithIdentifier:]_block_invoke: <IXInitiatingAppInstallCoordinator<0x1018919c0> identity:[com.DefaultCompany.NeonDrift.run.1782641020.54193/Invalid/[system-defined]] uuid:DC6A3C56-9CB2-48A1-A76C-09ED1812867C creator:InstallCoordination Simple SPI>: Observer <_IXSimpleInstallerDelegate 0x0x10185a8b0> does not respond to coordinator:configuredPromiseDidBeginFulfillment: (or any deprecated equivalent)
2026-06-28 18:04:32.066 Df installcoordinationd[41355:d9640d] [com.apple.installcoordination:daemon] -[IXSCoordinatedAppInstall promiseDidComplete:]: <IXSCoordinatedAppInstall<0x103e08000> [P=CoreSimulatorBridge (pid 41052)] identifier:[com.DefaultCompany.NeonDrift.run.1782641020.54193/Invalid/[system-defined]] uuid:DC6A3C56-9CB2-48A1-A76C-09ED1812867C intent:IXCoordinatorIntentInitiating creator/appDRI:InstallCoordination Simple SPI importance:UserWaiting state:IXAppCoordinationStateReadyForPlaceholderInstall promise-state:PA2I4> : Promise completed: <IXSPlaceholder(0x103d243c0) Name:App Placeholder: NeonDrift.run.1782641020.54193 (com.DefaultCompany.NeonDrift.run.1782641020.54193) Creator:InstallCoordination Simple SPI UUID:004F4E70-E1E0-4418-BE4D-68537086EDEB Location:[system-defined]>
2026-06-28 18:04:32.067 Df CoreSimulatorBridge[41052:da8ce9] [com.apple.installcoordination:framework] -[IXAppInstallCoordinator _clientDelegate_didUpdateProgress:forPhase:overallProgress:]: <IXInitiatingAppInstallCoordinator<0x1018919c0> identity:[com.DefaultCompany.NeonDrift.run.1782641020.54193/Invalid/[system-defined]] uuid:DC6A3C56-9CB2-48A1-A76C-09ED1812867C creator:InstallCoordination Simple SPI>: Got did update progress delegate with percentComplete 100.000000 phase IXCoordinatorProgressPhaseLoading overallProgress 60.000000
2026-06-28 18:04:32.067 Df CoreSimulatorBridge[41052:da8ce9] [com.apple.installcoordination:framework] -[IXAppInstallCoordinator _clientDelegate_didUpdateProgress:forPhase:overallProgress:]_block_invoke: <IXInitiatingAppInstallCoordinator<0x1018919c0> identity:[com.DefaultCompany.NeonDrift.run.1782641020.54193/Invalid/[system-defined]] uuid:DC6A3C56-9CB2-48A1-A76C-09ED1812867C creator:InstallCoordination Simple SPI>: Calling selector coordinator:didUpdateProgress:forPhase:overallProgress: on observer <_IXSimpleInstallerDelegate 0x0x10185a8b0>
2026-06-28 18:04:32.067 Df installcoordinationd[41355:d96418] [com.apple.installcoordination:daemon] -[IXSCoordinatedAppInstall _onQueue_acquireAssertionAndInstallPlaceholder]: Acquiring termination assertion to install placeholder for [com.DefaultCompany.NeonDrift.run.1782641020.54193/Invalid/[system-defined]]
2026-06-28 18:04:32.067 Df installcoordinationd[41355:d96418] [com.apple.installcoordination:daemon] -[IXSPendingOperationsTracker beginPendingOperationForIdentity:]_block_invoke: Beginning pending operation for [com.DefaultCompany.NeonDrift.run.1782641020.54193/Invalid/[system-defined]]
2026-06-28 18:04:32.068 Df runningboardd[41025:da8998] [com.apple.runningboard:connection] Received termination request from [osservice<com.apple.installcoordinationd>:41355] on <RBSProcessPredicate <RBSProcessBundleIdentifierPredicate "com.DefaultCompany.NeonDrift.run.1782641020.54193">> with context <RBSTerminateContext| explanation:installcoordinationd app:[com.DefaultCompany.NeonDrift.run.1782641020.54193/Invalid/[system-defined]] uuid:DC6A3C56-9CB2-48A1-A76C-09ED1812867C isPlaceholder:Y reportType:None maxTerminationResistance:Absolute attrs:[
	<RBSPreventLaunchLimitation| <RBSProcessPredicate <RBSProcessBundleIdentifierPredicate "com.DefaultCompany.NeonDrift.run.1782641020.54193">> allow:(null)>
	]>
2026-06-28 18:04:32.069 Df runningboardd[41025:da8998] [com.apple.runningboard:general] failed to get LSApplicationRecord for com.DefaultCompany.NeonDrift.run.1782641020.54193 - probably OK
2026-06-28 18:04:32.069 Df runningboardd[41025:da8998] [com.apple.runningboard:connection] skipping plugin hold for uninstalled proxy com.DefaultCompany.NeonDrift.run.1782641020.54193
2026-06-28 18:04:32.069 Df runningboardd[41025:da8998] [com.apple.runningboard:ttl] Acquiring assertion targeting system from originator [osservice<com.apple.installcoordinationd>:41355] with description <RBSAssertionDescriptor| "installcoordinationd app:[com.DefaultCompany.NeonDrift.run.1782641020.54193/Invalid/[system-defined]] uuid:DC6A3C56-9CB2-48A1-A76C-09ED1812867C isPlaceholder:Y" ID:41025-41355-935 target:system attributes:[
	<RBSPreventLaunchLimitation| <RBSProcessPredicate <RBSProcessBundleIdentifierPredicate "com.DefaultCompany.NeonDrift.run.1782641020.54193">> allow:(null)>
	]>
2026-06-28 18:04:32.069 Df runningboardd[41025:da8986] [com.apple.runningboard:process] Executing termination request for: <RBSProcessPredicate <RBSProcessBundleIdentifierPredicate "com.DefaultCompany.NeonDrift.run.1782641020.54193">>
2026-06-28 18:04:32.069 Df SpringBoard[41268:d9608b] [com.apple.SpringBoard:Common] termination assertion acquired for com.DefaultCompany.NeonDrift.run.1782641020.54193 (app not found)
2026-06-28 18:04:32.069 Df installcoordinationd[41355:da8cea] [com.apple.appinstallation:TransactionLog] com.DefaultCompany.NeonDrift.run.1782641020.54193/Unknown Persona:4:9:1:1:Placeholder Promise began. Coordinator State: IXAppCoordinationStateWaitingForPlaceholderAssertion
2026-06-28 18:04:32.069 Df installcoordinationd[41355:d9640d] [com.apple.installcoordination:daemon] -[IXSCoordinatedAppInstall assertionAcquiredCallback]: RBS termination assertion observer called for <IXSCoordinatedAppInstall<0x103e08000> [P=CoreSimulatorBridge (pid 41052)] identifier:[com.DefaultCompany.NeonDrift.run.1782641020.54193/Invalid/[system-defined]] uuid:DC6A3C56-9CB2-48A1-A76C-09ED1812867C intent:IXCoordinatorIntentInitiating creator/appDRI:InstallCoordination Simple SPI importance:UserWaiting state:IXAppCoordinationStateWaitingForPlaceholderAssertion promise-state:PA2I4>
2026-06-28 18:04:32.069 Df installcoordinationd[41355:da8cea] [com.apple.installcoordination:daemon] -[IXSCoordinatorProgress setTotalUnitsCompleted:]: Progress for coordinator: [com.DefaultCompany.NeonDrift.run.1782641020.54193/Invalid/[system-defined]], Phase: IXCoordinatorProgressPhaseLoading, Percentage: 100.000000: Attempt to set units completed on finished progress: 100
2026-06-28 18:04:32.069 Df installcoordinationd[41355:da8cea] [com.apple.appinstallation:TransactionLog] com.DefaultCompany.NeonDrift.run.1782641020.54193/Unknown Persona:4:9:2:1:Placeholder Promise completed. Coordinator State: IXAppCoordinationStateWaitingForPlaceholderAssertion
2026-06-28 18:04:32.070 Df CoreSimulatorBridge[41052:da8ce7] [com.apple.installcoordination:framework] -[IXAppInstallCoordinator _clientDelegate_promiseDidBeginFulfillmentWithIdentifier:]: <IXInitiatingAppInstallCoordinator<0x1018919c0> identity:[com.DefaultCompany.NeonDrift.run.1782641020.54193/Invalid/[system-defined]] uuid:DC6A3C56-9CB2-48A1-A76C-09ED1812867C creator:InstallCoordination Simple SPI>: Got promise did begin fulfillment for identifier 1
2026-06-28 18:04:32.070 Df CoreSimulatorBridge[41052:da8ce7] [com.apple.installcoordination:framework] -[IXAppInstallCoordinator _clientDelegate_promiseDidBeginFulfillmentWithIdentifier:]_block_invoke: <IXInitiatingAppInstallCoordinator<0x1018919c0> identity:[com.DefaultCompany.NeonDrift.run.1782641020.54193/Invalid/[system-defined]] uuid:DC6A3C56-9CB2-48A1-A76C-09ED1812867C creator:InstallCoordination Simple SPI>: Observer <_IXSimpleInstallerDelegate 0x0x10185a8b0> does not respond to coordinator:configuredPromiseDidBeginFulfillment: (or any deprecated equivalent)
2026-06-28 18:04:32.070 Df installcoordinationd[41355:da8cea] [com.apple.installcoordination:daemon] -[IXSCoordinatedAppInstall _onQueue_installPlaceholder]: Acquired termination assertion for placeholder [com.DefaultCompany.NeonDrift.run.1782641020.54193/Invalid/[system-defined]]; proceeding with install.
2026-06-28 18:04:32.070 Df installcoordinationd[41355:da8cea] [com.apple.installcoordination:daemon] -[IXSPowerAssertion initWithAssertionName:details:]: Acquired power assertion IXPowerAssertion-12-[com.DefaultCompany.NeonDrift.run.1782641020.54193/Invalid/[system-defined]]
2026-06-28 18:04:32.072 Df installd[41427:da8d03] (MobileSystemServices) 0x16f037000 -[MIClientConnection _doInstallationForURL:identity:domain:options:operationType:completion:]: Install of "/Users/dragonkao/Library/Developer/CoreSimulator/Devices/CC47DE7A-8196-4465-A5A5-BB852C9C6C82/data/Containers/Shared/SystemGroup/systemgroup.com.apple.installcoordinationd/Library/InstallCoordination/PromiseStaging/004F4E70-E1E0-4418-BE4D-68537086EDEB/NeonDrift.run.1782641020.54193.app" type Placeholder (LSInstallType = 1, Domain: MIInstallationDomainDefault) requested by installcoordinationd (pid 41355 (501/20))
2026-06-28 18:04:32.077 Df installd[41427:da8d03] [com.apple.containermanager:xpc] Query; euid = 501, uid = 501, class = 1, identifier = [com.DefaultCompany.NeonDrift.run.1782641020.54193](1), flags = 300000002
2026-06-28 18:04:32.081 Df installd[41427:da8d03] [com.apple.containermanager:xpc] Query; euid = 501, uid = 501, class = 1, identifier = [com.DefaultCompany.NeonDrift.run.1782641020.54193](1), flags = 300000002
2026-06-28 18:04:32.082 Df installd[41427:da8d03] (MobileSystemServices) 0x16f037000 -[MIInstaller _installInstallable:containingSymlink:error:]: Installing <MIInstallableBundle ID=com.DefaultCompany.NeonDrift.run.1782641020.54193; Persona=com.apple.containermanager.primary-persona, Version=0, ShortVersion=1.0>
2026-06-28 18:04:32.082 Df installd[41427:da8d03] [com.apple.appinstallation:TransactionLog] com.DefaultCompany.NeonDrift.run.1782641020.54193/com.apple.containermanager.primary-persona:7:4:1:1:Start : Install (Placeholder)
2026-06-28 18:04:32.084 Df installd[41427:da8d03] [com.apple.containermanager:query] Query; euid = 501, uid = 501, class = 4, identifier = [com.DefaultCompany.NeonDrift.run.1782641020.54193](1), flags = 300000002
2026-06-28 18:04:32.084 Df installd[41427:da8d03] [com.apple.containermanager:query] Query; euid = 501, uid = 501, class = 4, identifier = [com.DefaultCompany.NeonDrift.run.1782641020.54193](1), flags = 300000002
2026-06-28 18:04:32.085 Df installd[41427:da8d03] [com.apple.containermanager:xpc] Query; euid = 501, uid = 501, class = 1, identifier = [com.DefaultCompany.NeonDrift.run.1782641020.54193](1), flags = 300000003
2026-06-28 18:04:32.085 E  containermanagerd_system[41072:d95c99] [com.apple.containermanager:schema] [com.DefaultCompany.NeonDrift.run.1782641020.54193(1)] Current schema version (1) is newer than the latest (0), ignoring.
2026-06-28 18:04:32.086 Df containermanagerd_system[41072:d95c99] [com.apple.containermanager:schema] [u BB3D45BC-8DD1-4D1F-82EE-8198BF9C217E:p ECA85C7A-8202-461E-A350-0218AF5F71E2:c com.DefaultCompany.NeonDrift.run.1782641020.54193(1):i32460499] Successfully updated schema from (0) → (0), actions count = 0
2026-06-28 18:04:32.087 Df installd[41427:da8d03] [com.apple.containermanager:xpc] Query; euid = 501, uid = 501, class = 1, identifier = [com.DefaultCompany.NeonDrift.run.1782641020.54193](1), flags = 300000002
2026-06-28 18:04:32.089 Df installd[41427:da8d03] [com.apple.containermanager:query] Query; euid = 501, uid = 501, class = 2, identifier = [com.DefaultCompany.NeonDrift.run.1782641020.54193](1), flags = 300000003
2026-06-28 18:04:32.091 Df containermanagerd[41098:d95d51] [com.apple.containermanager:schema] [u 5FAAD7F6-4BA8-49E5-A448-C7F46C9A17B1:p 70E1F59B-CF91-46E1-BED0-C372EFEF2552:c com.DefaultCompany.NeonDrift.run.1782641020.54193(2):i32460502] Successfully updated schema from (0) → (1), actions count = 6
2026-06-28 18:04:32.094 Df installd[41427:da8d03] [com.apple.containermanager:query] Query; euid = 501, uid = 501, class = 2, identifier = [com.DefaultCompany.NeonDrift.run.1782641020.54193](1), flags = 300000002
2026-06-28 18:04:32.096 Df installd[41427:da8d03] (MobileSystemServices) 0x16f037000 -[MIInstallationJournalEntry _refreshUUIDForContainer:withError:]: Data container for com.DefaultCompany.NeonDrift.run.1782641020.54193 is now at /Users/dragonkao/Library/Developer/CoreSimulator/Devices/CC47DE7A-8196-4465-A5A5-BB852C9C6C82/data/Containers/Data/Application/C550C16E-0396-4FB4-BF87-4EA3DAF42D74
2026-06-28 18:04:32.096 Df containermanagerd[41098:d95d51] [com.apple.containermanager:schema] [u 5FAAD7F6-4BA8-49E5-A448-C7F46C9A17B1:p C550C16E-0396-4FB4-BF87-4EA3DAF42D74:c com.DefaultCompany.NeonDrift.run.1782641020.54193(2):i0] Successfully updated schema from (0) → (1), actions count = 6
2026-06-28 18:04:32.097 Df installd[41427:da8d03] [com.apple.containermanager:unspecified] Replace; old = <NULL>, new = [temp-app:com.DefaultCompany.NeonDrift.run.1782641020.54193:501::(BB3D45BC-8DD1-4D1F-82EE-8198BF9C217E)]
2026-06-28 18:04:32.098 Df installd[41427:da8d03] [com.apple.containermanager:xpc] Query; euid = 501, uid = 501, class = 1, identifier = [com.DefaultCompany.NeonDrift.run.1782641020.54193](1), flags = 300000002
2026-06-28 18:04:32.099 Df installd[41427:da8d03] (MobileSystemServices) 0x16f037000 -[MIContainer makeContainerLiveReplacingContainer:reason:waitForDeletion:withError:]: Made container live for com.DefaultCompany.NeonDrift.run.1782641020.54193 at /Users/dragonkao/Library/Developer/CoreSimulator/Devices/CC47DE7A-8196-4465-A5A5-BB852C9C6C82/data/Containers/Bundle/Application/9D9BD6B8-6491-4881-A39C-C88608494D31
2026-06-28 18:04:32.099 Df containermanagerd[41098:d95d51] [com.apple.containermanager:codesignmapping] Reconciled [com.DefaultCompany.NeonDrift.run.1782641020.54193]; old app groups: (null), new app groups: (null), old system groups: (null), new system groups: (null)
2026-06-28 18:04:32.100 Df installd[41427:da8d03] [com.apple.containermanager:unspecified] Requesting disk usage; class = 1, identifier = com.DefaultCompany.NeonDrift.run.1782641020.54193
2026-06-28 18:04:32.102 Df installd[41427:da8d03] [com.apple.containermanager:query] Query; euid = 501, uid = 501, class = 7, identifier = [com.DefaultCompany.NeonDrift.run.1782641020.54193](1), flags = 300000001
2026-06-28 18:04:32.103 Df SpringBoard[41268:d9608b] [com.apple.SpringBoard:Common] termination assertion released for com.DefaultCompany.NeonDrift.run.1782641020.54193 (app not found)
2026-06-28 18:04:32.106 Df installd[41427:da8d03] (MobileSystemServices) 0x16f037000 -[MILaunchServicesOperationManager _onQueue_addPendingLaunchServicesOperation:error:]: Added pending LS operation <MILaunchServicesRegisterOperation: 7E5E22A4-2DB0-4685-95A0-1870332728F8:3 com.DefaultCompany.NeonDrift.run.1782641020.54193/MIInstallationDomainSystemShared personas:[com.apple.containermanager.primary-persona]>
2026-06-28 18:04:32.107 Df lsd[41076:da42df] [com.apple.launchservices:appinstallation] Post installation registration: request to register com.DefaultCompany.NeonDrift.run.1782641020.54193, operation 7E5E22A4-2DB0-4685-95A0-1870332728F8, from pid 41427
2026-06-28 18:04:32.107 Df lsd[41076:da42df] [com.apple.appinstallation:TransactionLog] com.DefaultCompany.NeonDrift.run.1782641020.54193/Unknown Persona:5:4:1:1:Registering bundles via registrant - start
2026-06-28 18:04:32.111 E  lsd[41076:da42df] [com.apple.launchservices:default] LSStringLocalizer development region en not found in localizations available for bundle file:///Users/dragonkao/Library/Developer/CoreSimulator/Devices/CC47DE7A-8196-4465-A5A5-BB852C9C6C82/data/Containers/Bundle/Application/9D9BD6B8-6491-4881-A39C-C88608494D31/NeonDrift.run.1782641020.54193.app/
2026-06-28 18:04:32.111 Df lsd[41076:da42df] [com.apple.appinstallation:TransactionLog] com.DefaultCompany.NeonDrift.run.1782641020.54193/Unknown Persona:5:5:1:1:Building bundle record for app
2026-06-28 18:04:32.111 Df lsd[41076:da42df] [com.apple.launchservices:appinstallation] No bundles to remove for com.DefaultCompany.NeonDrift.run.1782641020.54193
2026-06-28 18:04:32.111 Df lsd[41076:da42df] [com.apple.launchservices:appinstallation] Placeholder detected - Flagging bundle com.DefaultCompany.NeonDrift.run.1782641020.54193 incomplete
2026-06-28 18:04:32.111 Df lsd[41076:da42df] [com.apple.appinstallation:TransactionLog] com.DefaultCompany.NeonDrift.run.1782641020.54193/Unknown Persona:5:5:2:1:Built bundle record for app
2026-06-28 18:04:32.113 Df lsd[41076:da42df] [com.apple.appinstallation:TransactionLog] com.DefaultCompany.NeonDrift.run.1782641020.54193/Unknown Persona:5:4:2:1:Registered bundle status = success
2026-06-28 18:04:32.113 Df lsd[41076:da42df] [com.apple.appinstallation:TransactionLog] com.DefaultCompany.NeonDrift.run.1782641020.54193/Unknown Persona:5:4:2:1:Finished registering com.DefaultCompany.NeonDrift.run.1782641020.54193, bundle unit 548
2026-06-28 18:04:32.114 Df installd[41427:da8d03] (MobileSystemServices) 0x16f037000 -[MIJournal purgeJournalEntry:withError:]: Removing journal entry <MIInstallationJournalEntry<0x1020e8c80> [com.DefaultCompany.NeonDrift.run.1782641020.54193/com.apple.containermanager.primary-persona/[system-defined]]/MIInstallationDomainSystemShared op:2 phase:JournalPhaseDidRegisterWithLS version:0>
2026-06-28 18:04:32.114 Df installd[41427:da8d03] [com.apple.appinstallation:TransactionLog] com.DefaultCompany.NeonDrift.run.1782641020.54193/com.apple.containermanager.primary-persona:7:4:2:1:Success (End) : Install (Placeholder)
2026-06-28 18:04:32.114 Df installd[41427:da8d03] (MobileSystemServices) 0x16f037000 -[MIInstaller _logOperationCompletionWithStartTime:distributorID:]: Install successful for (Placeholder:com.DefaultCompany.NeonDrift.run.1782641020.54193) [Distributor: (null)]; Staging: 0.00s; Waiting: 0.00s; Preflight/Patch: 0.00s, Verifying: 0.00s; Overall: 0.04s
2026-06-28 18:04:32.114 Df lsd[41076:da8d1c] [com.apple.launchservices:progress] Sending applicationInstallsDidStart: for (
    "<LSApplicationProxy: 0x103730000> com.DefaultCompany.NeonDrift.run.1782641020.54193 file:///Users/dragonkao/Library/Developer/CoreSimulator/Devices/CC47DE7A-8196-4465-A5A5-BB852C9C6C82/data/Containers/Bundle/Application/9D9BD6B8-6491-4881-A39C-C88608494D31/NeonDrift.run.1782641020.54193.app/ <com.DefaultCompany.NeonDrift.run.1782641020.54193 <placeholder >:1>"
)
2026-06-28 18:04:32.114 Df lsd[41076:da8d1c] [com.apple.launchservices:progress] Created parent progress <NSProgress: com.DefaultCompany.NeonDrift.run.1782641020.54193 phase=InstallingPlaceholder; state=Waiting; finalPhase=Installing; fractionCompleted=0.000000>
2026-06-28 18:04:32.115 Df installcoordinationd[41355:d96418] [com.apple.installcoordination:daemon] -[IXSPowerAssertion invalidate]: Released power assertion IXPowerAssertion-12-[com.DefaultCompany.NeonDrift.run.1782641020.54193/Invalid/[system-defined]]
