2026-06-28 18:04:32.131 Df lsd[41076:d95ca2] [com.apple.launchservices:progress] #LSInstallProgressList remove subscriber: <_NSProgressSubscriber: 0x103717540> publishingString: com.DefaultCompany.NeonDrift.run.1782641020.54193.Loading
2026-06-28 18:04:32.131 Df clipserviced[41474:d98344] [com.apple.launchservices:appinstallation] LaunchServices observer: InstallsStarted (
    "<LSApplicationProxy: 0x105da0000> com.DefaultCompany.NeonDrift.run.1782641020.54193 file:///Users/dragonkao/Library/Developer/CoreSimulator/Devices/CC47DE7A-8196-4465-A5A5-BB852C9C6C82/data/Containers/Bundle/Application/9D9BD6B8-6491-4881-A39C-C88608494D31/NeonDrift.run.1782641020.54193.app/ <com.DefaultCompany.NeonDrift.run.1782641020.54193 <placeholder >:1>"
)
2026-06-28 18:04:32.131 Df lsd[41076:da8d42] [com.apple.launchservices:progress] Using publishing string "com.DefaultCompany.NeonDrift.run.1782641020.54193.Installing" for the first time
2026-06-28 18:04:32.131 Df lsd[41076:da8d42] [com.apple.launchservices:progress] Updating installPhase for <NSProgress: com.DefaultCompany.NeonDrift.run.1782641020.54193 phase=Loading; state=Active; finalPhase=Installing; fractionCompleted=0.600000> to 1
2026-06-28 18:04:32.131 Df lsd[41076:da8d42] [com.apple.launchservices:progress] Parent progress for installation <NSProgress: com.DefaultCompany.NeonDrift.run.1782641020.54193 phase=Installing; state=Active; finalPhase=Installing; fractionCompleted=0.600000>, adding phase 1
2026-06-28 18:04:32.132 Df lsd[41076:da8d42] [com.apple.launchservices:progress] #LSInstallProgressList add subscriber: <_NSProgressSubscriber: 0x1037176c0> publishingString: com.DefaultCompany.NeonDrift.run.1782641020.54193.Installing
2026-06-28 18:04:32.132 Df lsd[41076:da8d42] [com.apple.launchservices:progress] Subscribing to com.DefaultCompany.NeonDrift.run.1782641020.54193.Installing
2026-06-28 18:04:32.132 Df installcoordinationd[41355:d9640d] [com.apple.launchservices:progress] Published install progress <NSProgress: com.DefaultCompany.NeonDrift.run.1782641020.54193.Installing phase=Installing; state=Waiting; finalPhase=Installing; fractionCompleted=0.000000>
2026-06-28 18:04:32.132 Df installd[41427:da8d03] (MobileSystemServices) 0x16f037000 -[MIClientConnection _doInstallationForURL:identity:domain:options:operationType:completion:]: Install of "/Users/dragonkao/Library/Developer/CoreSimulator/Devices/CC47DE7A-8196-4465-A5A5-BB852C9C6C82/data/Containers/Shared/SystemGroup/systemgroup.com.apple.installcoordinationd/Library/InstallCoordination/PromiseStaging/8D2BFD09-8CDA-4344-AD36-C7B644800444/NeonDrift.run.1782641020.54193.app" type Developer (LSInstallType = 0, Domain: MIInstallationDomainDefault) requested by installcoordinationd (pid 41355 (501/20))
2026-06-28 18:04:32.136 Df CoreSimulatorBridge[41052:da8ce7] [com.apple.installcoordination:framework] -[IXAppInstallCoordinator _clientDelegate_didUpdateProgress:forPhase:overallProgress:]: <IXInitiatingAppInstallCoordinator<0x1018919c0> identity:[com.DefaultCompany.NeonDrift.run.1782641020.54193/Invalid/[system-defined]] uuid:DC6A3C56-9CB2-48A1-A76C-09ED1812867C creator:InstallCoordination Simple SPI>: Got did update progress delegate with percentComplete 5.000000 phase IXCoordinatorProgressPhaseInstalling overallProgress 62.000000
2026-06-28 18:04:32.136 Df CoreSimulatorBridge[41052:da8ce7] [com.apple.installcoordination:framework] -[IXAppInstallCoordinator _clientDelegate_didUpdateProgress:forPhase:overallProgress:]: <IXInitiatingAppInstallCoordinator<0x1018919c0> identity:[com.DefaultCompany.NeonDrift.run.1782641020.54193/Invalid/[system-defined]] uuid:DC6A3C56-9CB2-48A1-A76C-09ED1812867C creator:InstallCoordination Simple SPI>: Got did update progress delegate with percentComplete 15.000000 phase IXCoordinatorProgressPhaseInstalling overallProgress 66.000000
2026-06-28 18:04:32.136 Df CoreSimulatorBridge[41052:da8ce8] [com.apple.installcoordination:framework] -[IXAppInstallCoordinator _clientDelegate_didUpdateProgress:forPhase:overallProgress:]_block_invoke: <IXInitiatingAppInstallCoordinator<0x1018919c0> identity:[com.DefaultCompany.NeonDrift.run.1782641020.54193/Invalid/[system-defined]] uuid:DC6A3C56-9CB2-48A1-A76C-09ED1812867C creator:InstallCoordination Simple SPI>: Calling selector coordinator:didUpdateProgress:forPhase:overallProgress: on observer <_IXSimpleInstallerDelegate 0x0x10185a8b0>
2026-06-28 18:04:32.136 Df CoreSimulatorBridge[41052:da8ce8] [com.apple.installcoordination:framework] -[IXAppInstallCoordinator _clientDelegate_didUpdateProgress:forPhase:overallProgress:]_block_invoke: <IXInitiatingAppInstallCoordinator<0x1018919c0> identity:[com.DefaultCompany.NeonDrift.run.1782641020.54193/Invalid/[system-defined]] uuid:DC6A3C56-9CB2-48A1-A76C-09ED1812867C creator:InstallCoordination Simple SPI>: Calling selector coordinator:didUpdateProgress:forPhase:overallProgress: on observer <_IXSimpleInstallerDelegate 0x0x10185a8b0>
2026-06-28 18:04:32.136 Df CoreSimulatorBridge[41052:da8ce7] [com.apple.installcoordination:framework] -[IXAppInstallCoordinator _clientDelegate_didUpdateProgress:forPhase:overallProgress:]: <IXInitiatingAppInstallCoordinator<0x1018919c0> identity:[com.DefaultCompany.NeonDrift.run.1782641020.54193/Invalid/[system-defined]] uuid:DC6A3C56-9CB2-48A1-A76C-09ED1812867C creator:InstallCoordination Simple SPI>: Got did update progress delegate with percentComplete 20.000000 phase IXCoordinatorProgressPhaseInstalling overallProgress 68.000000
2026-06-28 18:04:32.136 Df CoreSimulatorBridge[41052:da8ce7] [com.apple.installcoordination:framework] -[IXAppInstallCoordinator _clientDelegate_didUpdateProgress:forPhase:overallProgress:]_block_invoke: <IXInitiatingAppInstallCoordinator<0x1018919c0> identity:[com.DefaultCompany.NeonDrift.run.1782641020.54193/Invalid/[system-defined]] uuid:DC6A3C56-9CB2-48A1-A76C-09ED1812867C creator:InstallCoordination Simple SPI>: Calling selector coordinator:didUpdateProgress:forPhase:overallProgress: on observer <_IXSimpleInstallerDelegate 0x0x10185a8b0>
2026-06-28 18:04:32.138 Df installd[41427:da8d03] [com.apple.containermanager:xpc] Query; euid = 501, uid = 501, class = 1, identifier = [com.DefaultCompany.NeonDrift.run.1782641020.54193](1), flags = 300000002
2026-06-28 18:04:32.138 Df installd[41427:da8d03] [com.apple.containermanager:xpc] Query; euid = 501, uid = 501, class = 1, identifier = [com.DefaultCompany.NeonDrift.run.1782641020.54193](1), flags = 300000002
2026-06-28 18:04:32.140 Df PosterBoard[41334:da8d7d] [com.apple.launchservices:appinstallation] LaunchServices observer: InstallsStarted (
    "<LSApplicationProxy: 0x107d830c0> com.DefaultCompany.NeonDrift.run.1782641020.54193 file:///Users/dragonkao/Library/Developer/CoreSimulator/Devices/CC47DE7A-8196-4465-A5A5-BB852C9C6C82/data/Containers/Bundle/Application/9D9BD6B8-6491-4881-A39C-C88608494D31/NeonDrift.run.1782641020.54193.app/ <com.DefaultCompany.NeonDrift.run.1782641020.54193 <placeholder >:1>"
)
2026-06-28 18:04:32.140 Df PosterBoard[41334:da8d7d] [com.apple.launchservices:appinstallation] LaunchServices observer: MetadataUpdate (
    "com.DefaultCompany.NeonDrift.run.1782641020.54193"
)
2026-06-28 18:04:32.140 Df installd[41427:da8d03] [com.apple.containermanager:xpc] Query; euid = 501, uid = 501, class = 1, identifier = [com.DefaultCompany.NeonDrift.run.1782641020.54193](1), flags = 300000002
2026-06-28 18:04:32.140 Df installcoordinationd[41355:da8cf7] [com.apple.installcoordination:daemon] -[IXSCoordinatorProgress setTotalUnitsCompleted:]: Progress for coordinator: [com.DefaultCompany.NeonDrift.run.1782641020.54193/Invalid/[system-defined]], Phase: IXCoordinatorProgressPhaseInstalling, Percentage: 20.000000: Attempt to set units completed on finished progress: 20
2026-06-28 18:04:32.141 Df installd[41427:da8d03] [com.apple.containermanager:xpc] Query; euid = 501, uid = 501, class = 1, identifier = [com.DefaultCompany.NeonDrift.run.1782641020.54193](1), flags = 300000002
2026-06-28 18:04:32.142 Df installd[41427:da8d03] (MobileSystemServices) 0x16f037000 -[MIInstaller _installInstallable:containingSymlink:error:]: Installing <MIInstallableBundle ID=com.DefaultCompany.NeonDrift.run.1782641020.54193; Persona=com.apple.containermanager.primary-persona, Version=0, ShortVersion=1.0>
2026-06-28 18:04:32.143 Df installd[41427:da8d03] [com.apple.appinstallation:TransactionLog] com.DefaultCompany.NeonDrift.run.1782641020.54193/com.apple.containermanager.primary-persona:7:5:1:1:Start : Install (New)
2026-06-28 18:04:32.143 Df CoreSimulatorBridge[41052:da8ce8] [com.apple.installcoordination:framework] -[IXAppInstallCoordinator _clientDelegate_didUpdateProgress:forPhase:overallProgress:]: <IXInitiatingAppInstallCoordinator<0x1018919c0> identity:[com.DefaultCompany.NeonDrift.run.1782641020.54193/Invalid/[system-defined]] uuid:DC6A3C56-9CB2-48A1-A76C-09ED1812867C creator:InstallCoordination Simple SPI>: Got did update progress delegate with percentComplete 30.000000 phase IXCoordinatorProgressPhaseInstalling overallProgress 72.000000
2026-06-28 18:04:32.143 Df CoreSimulatorBridge[41052:da8ce8] [com.apple.installcoordination:framework] -[IXAppInstallCoordinator _clientDelegate_didUpdateProgress:forPhase:overallProgress:]_block_invoke: <IXInitiatingAppInstallCoordinator<0x1018919c0> identity:[com.DefaultCompany.NeonDrift.run.1782641020.54193/Invalid/[system-defined]] uuid:DC6A3C56-9CB2-48A1-A76C-09ED1812867C creator:InstallCoordination Simple SPI>: Calling selector coordinator:didUpdateProgress:forPhase:overallProgress: on observer <_IXSimpleInstallerDelegate 0x0x10185a8b0>
2026-06-28 18:04:32.144 Df PosterBoard[41334:da8d7d] [com.apple.launchservices:appinstallation] LaunchServices observer: InstallsStarted (
    "<LSApplicationProxy: 0x107d812c0> com.DefaultCompany.NeonDrift.run.1782641020.54193 file:///Users/dragonkao/Library/Developer/CoreSimulator/Devices/CC47DE7A-8196-4465-A5A5-BB852C9C6C82/data/Containers/Bundle/Application/9D9BD6B8-6491-4881-A39C-C88608494D31/NeonDrift.run.1782641020.54193.app/ <com.DefaultCompany.NeonDrift.run.1782641020.54193 <placeholder >:1>"
)
2026-06-28 18:04:32.145 Df dmd[41317:d9613e] Received xpc stream event (distributed notification matching) with name: com.apple.LaunchServices.applicationRegistered user info: {
    bundleIDs =     (
        "com.DefaultCompany.NeonDrift.run.1782641020.54193"
    );
    isPlaceholder = 1;
}
2026-06-28 18:04:32.145 Df dmd[41317:d9613e] Received xpc stream event (distributed notification matching) with name: com.apple.LaunchServices.applicationRegistered user info: {
    bundleIDs =     (
        "com.DefaultCompany.NeonDrift.run.1782641020.54193"
    );
    isPlaceholder = 1;
}
2026-06-28 18:04:32.146 Df liveactivitiesd[41081:d95cd9] [com.apple.launchservices:progress] Got progress <NSProgress: com.DefaultCompany.NeonDrift.run.1782641020.54193 phase=Installing; state=Active; finalPhase=Installing; fractionCompleted=0.600000> for app com.DefaultCompany.NeonDrift.run.1782641020.54193,
2026-06-28 18:04:32.146 Df liveactivitiesd[41081:d97469] [com.apple.launchservices:progress] #LSInstallProgressList add subscriber: <_NSProgressSubscriber: 0x105bd9620> publishingString: com.DefaultCompany.NeonDrift.run.1782641020.54193
2026-06-28 18:04:32.146 Df liveactivitiesd[41081:d97469] [com.apple.launchservices:progress] Subscribing to progress for app com.DefaultCompany.NeonDrift.run.1782641020.54193,
2026-06-28 18:04:32.147 Df CoreSimulatorBridge[41052:da8ce7] [com.apple.installcoordination:framework] -[IXAppInstallCoordinator _clientDelegate_didUpdateProgress:forPhase:overallProgress:]: <IXInitiatingAppInstallCoordinator<0x1018919c0> identity:[com.DefaultCompany.NeonDrift.run.1782641020.54193/Invalid/[system-defined]] uuid:DC6A3C56-9CB2-48A1-A76C-09ED1812867C creator:InstallCoordination Simple SPI>: Got did update progress delegate with percentComplete 40.000000 phase IXCoordinatorProgressPhaseInstalling overallProgress 76.000000
2026-06-28 18:04:32.147 Df installd[41427:da8d03] [com.apple.containermanager:query] Query; euid = 501, uid = 501, class = 4, identifier = [com.DefaultCompany.NeonDrift.run.1782641020.54193](1), flags = 300000002
2026-06-28 18:04:32.147 Df CoreSimulatorBridge[41052:da8ce7] [com.apple.installcoordination:framework] -[IXAppInstallCoordinator _clientDelegate_didUpdateProgress:forPhase:overallProgress:]_block_invoke: <IXInitiatingAppInstallCoordinator<0x1018919c0> identity:[com.DefaultCompany.NeonDrift.run.1782641020.54193/Invalid/[system-defined]] uuid:DC6A3C56-9CB2-48A1-A76C-09ED1812867C creator:InstallCoordination Simple SPI>: Calling selector coordinator:didUpdateProgress:forPhase:overallProgress: on observer <_IXSimpleInstallerDelegate 0x0x10185a8b0>
2026-06-28 18:04:32.147 Df installd[41427:da8d03] [com.apple.containermanager:query] Query; euid = 501, uid = 501, class = 4, identifier = [com.DefaultCompany.NeonDrift.run.1782641020.54193](1), flags = 300000002
2026-06-28 18:04:32.147 Df appprotectiond[41040:d97799] [com.apple.appprotection:server] Received distnoted event <dictionary: 0x101500000> { count = 3, transaction: 0, voucher = 0x101548730, contents =
	"UserInfo" => <dictionary: 0x101430ea0> { count = 2, transaction: 0, voucher = 0x0, contents =
		"isPlaceholder" => <bool: 0x1e704c530>: true
		"bundleIDs" => <array: 0x101435b30> { count = 1, capacity = 1, contents =
			0: <string: 0x101435c80> { string cache = 0x0, length = 49, contents = "com.DefaultCompany.NeonDrift.run.1782641020.54193" }
		}
	}
	"Name" => <string: 0x101436460> { string cache = 0x0, length = 46, contents = "com.apple.LaunchServices.applicationRegistered" }
	"XPCEventName" => <string: 0x1014379f0> { string cache = 0x0, length = 21, contents = "ApplicationRegistered" }
}
2026-06-28 18:04:32.147 Df installd[41427:da8d03] [com.apple.containermanager:xpc] Query; euid = 501, uid = 501, class = 1, identifier = [com.DefaultCompany.NeonDrift.run.1782641020.54193](1), flags = 300000003
2026-06-28 18:04:32.147 Df CoreSimulatorBridge[41052:da8ce8] [com.apple.installcoordination:framework] -[IXAppInstallCoordinator _clientDelegate_didUpdateProgress:forPhase:overallProgress:]: <IXInitiatingAppInstallCoordinator<0x1018919c0> identity:[com.DefaultCompany.NeonDrift.run.1782641020.54193/Invalid/[system-defined]] uuid:DC6A3C56-9CB2-48A1-A76C-09ED1812867C creator:InstallCoordination Simple SPI>: Got did update progress delegate with percentComplete 50.000000 phase IXCoordinatorProgressPhaseInstalling overallProgress 80.000000
2026-06-28 18:04:32.148 Df CoreSimulatorBridge[41052:da8ce8] [com.apple.installcoordination:framework] -[IXAppInstallCoordinator _clientDelegate_didUpdateProgress:forPhase:overallProgress:]_block_invoke: <IXInitiatingAppInstallCoordinator<0x1018919c0> identity:[com.DefaultCompany.NeonDrift.run.1782641020.54193/Invalid/[system-defined]] uuid:DC6A3C56-9CB2-48A1-A76C-09ED1812867C creator:InstallCoordination Simple SPI>: Calling selector coordinator:didUpdateProgress:forPhase:overallProgress: on observer <_IXSimpleInstallerDelegate 0x0x10185a8b0>
2026-06-28 18:04:32.148 E  containermanagerd_system[41072:d95c99] [com.apple.containermanager:schema] [com.DefaultCompany.NeonDrift.run.1782641020.54193(1)] Current schema version (1) is newer than the latest (0), ignoring.
2026-06-28 18:04:32.148 Df containermanagerd_system[41072:d95c99] [com.apple.containermanager:schema] [u 3F4CE4D0-4AD5-4AB7-8546-BF6AD4ADE3FD:p E6BF2645-8C57-4E17-A090-55E429D6A1EA:c com.DefaultCompany.NeonDrift.run.1782641020.54193(1):i32460523] Successfully updated schema from (0) → (0), actions count = 0
2026-06-28 18:04:32.148 Df siriactionsd[41127:da4c01] [com.apple.shortcuts:Daemon] Dispatching XPC event: <distributed notification: com.apple.LaunchServices.applicationRegistered, userInfo: [AnyHashable("bundleIDs"): <__NSSingleObjectArrayI 0x105615f00>(
com.DefaultCompany.NeonDrift.run.1782641020.54193
)
, AnyHashable("isPlaceholder"): 1]>
2026-06-28 18:04:32.148 Df siriactionsd[41127:da4c01] [com.apple.shortcuts:XPCEvent] Dispatching XPC event: <distributed notification: com.apple.LaunchServices.applicationRegistered, userInfo: [AnyHashable("bundleIDs"): <__NSSingleObjectArrayI 0x105615f00>(
com.DefaultCompany.NeonDrift.run.1782641020.54193
)
, AnyHashable("isPlaceholder"): 1]>
2026-06-28 18:04:32.149 Df installd[41427:da8d03] [com.apple.containermanager:xpc] Query; euid = 501, uid = 501, class = 1, identifier = [com.DefaultCompany.NeonDrift.run.1782641020.54193](1), flags = 300000002
2026-06-28 18:04:32.149 Df siriactionsd[41127:da4c01] [com.apple.shortcuts:Daemon] Firing event: <distributed notification: com.apple.LaunchServices.applicationRegistered, userInfo: [AnyHashable("bundleIDs"): <__NSSingleObjectArrayI 0x105615f00>(
com.DefaultCompany.NeonDrift.run.1782641020.54193
)
, AnyHashable("isPlaceholder"): 1]>
2026-06-28 18:04:32.149 Df CoreSimulatorBridge[41052:da8ce7] [com.apple.installcoordination:framework] -[IXAppInstallCoordinator _clientDelegate_didUpdateProgress:forPhase:overallProgress:]: <IXInitiatingAppInstallCoordinator<0x1018919c0> identity:[com.DefaultCompany.NeonDrift.run.1782641020.54193/Invalid/[system-defined]] uuid:DC6A3C56-9CB2-48A1-A76C-09ED1812867C creator:InstallCoordination Simple SPI>: Got did update progress delegate with percentComplete 60.000000 phase IXCoordinatorProgressPhaseInstalling overallProgress 84.000000
2026-06-28 18:04:32.149 E  siriactionsd[41127:da4c01] [com.apple.shortcuts:Daemon] Received an event that we do not have a DaemonTask for: <distributed notification: com.apple.LaunchServices.applicationRegistered, userInfo: [AnyHashable("bundleIDs"): <__NSSingleObjectArrayI 0x105615f00>(
com.DefaultCompany.NeonDrift.run.1782641020.54193
)
, AnyHashable("isPlaceholder"): 1]>. This is a serious programming error that might lead to missed messages and stuck streams.
2026-06-28 18:04:32.149 Df CoreSimulatorBridge[41052:da8ce7] [com.apple.installcoordination:framework] -[IXAppInstallCoordinator _clientDelegate_didUpdateProgress:forPhase:overallProgress:]_block_invoke: <IXInitiatingAppInstallCoordinator<0x1018919c0> identity:[com.DefaultCompany.NeonDrift.run.1782641020.54193/Invalid/[system-defined]] uuid:DC6A3C56-9CB2-48A1-A76C-09ED1812867C creator:InstallCoordination Simple SPI>: Calling selector coordinator:didUpdateProgress:forPhase:overallProgress: on observer <_IXSimpleInstallerDelegate 0x0x10185a8b0>
2026-06-28 18:04:32.149 Df siriactionsd[41127:da4c01] [com.apple.shortcuts:Daemon] Dispatching XPC event: <distributed notification: com.apple.LaunchServices.applicationRegistered, userInfo: [AnyHashable("bundleIDs"): <__NSSingleObjectArrayI 0x105615f00>(
com.DefaultCompany.NeonDrift.run.1782641020.54193
)
, AnyHashable("isPlaceholder"): 1]>
2026-06-28 18:04:32.150 Df siriactionsd[41127:da4c01] [com.apple.shortcuts:XPCEvent] Dispatching XPC event: <distributed notification: com.apple.LaunchServices.applicationRegistered, userInfo: [AnyHashable("bundleIDs"): <__NSSingleObjectArrayI 0x105615f00>(
com.DefaultCompany.NeonDrift.run.1782641020.54193
)
, AnyHashable("isPlaceholder"): 1]>
2026-06-28 18:04:32.150 Df siriactionsd[41127:da4c01] [com.apple.shortcuts:Daemon] Firing event: <distributed notification: com.apple.LaunchServices.applicationRegistered, userInfo: [AnyHashable("bundleIDs"): <__NSSingleObjectArrayI 0x105615f00>(
com.DefaultCompany.NeonDrift.run.1782641020.54193
)
, AnyHashable("isPlaceholder"): 1]>
2026-06-28 18:04:32.150 E  siriactionsd[41127:da4c01] [com.apple.shortcuts:Daemon] Received an event that we do not have a DaemonTask for: <distributed notification: com.apple.LaunchServices.applicationRegistered, userInfo: [AnyHashable("bundleIDs"): <__NSSingleObjectArrayI 0x105615f00>(
com.DefaultCompany.NeonDrift.run.1782641020.54193
)
, AnyHashable("isPlaceholder"): 1]>. This is a serious programming error that might lead to missed messages and stuck streams.
2026-06-28 18:04:32.150 Df appprotectiond[41040:d97799] [com.apple.appprotection:server] received note: name = com.apple.LaunchServices.applicationRegistered, object = Optional(AppProtection.DistnotedXPCEventStreamTranslator), userInfo = Optional([AnyHashable("isPlaceholder"): 1, AnyHashable("bundleIDs"): <__NSSingleObjectArrayI 0x1016141d0>(
com.DefaultCompany.NeonDrift.run.1782641020.54193
)
])
2026-06-28 18:04:32.151 Df installd[41427:da8d03] [com.apple.containermanager:query] Query; euid = 501, uid = 501, class = 2, identifier = [com.DefaultCompany.NeonDrift.run.1782641020.54193](1), flags = 300000003
2026-06-28 18:04:32.151 Df appprotectiond[41040:da8d85] [com.apple.appprotection:server] processing settings authority event: SettingsAuthorityEvent.promotePreferenceFromProvisionalForApplication(com.DefaultCompany.NeonDrift.run.1782641020.54193)
2026-06-28 18:04:32.151 Df CoreSimulatorBridge[41052:da8ce8] [com.apple.installcoordination:framework] -[IXAppInstallCoordinator _clientDelegate_didUpdateProgress:forPhase:overallProgress:]: <IXInitiatingAppInstallCoordinator<0x1018919c0> identity:[com.DefaultCompany.NeonDrift.run.1782641020.54193/Invalid/[system-defined]] uuid:DC6A3C56-9CB2-48A1-A76C-09ED1812867C creator:InstallCoordination Simple SPI>: Got did update progress delegate with percentComplete 70.000000 phase IXCoordinatorProgressPhaseInstalling overallProgress 88.000000
2026-06-28 18:04:32.151 Df CoreSimulatorBridge[41052:da8ce8] [com.apple.installcoordination:framework] -[IXAppInstallCoordinator _clientDelegate_didUpdateProgress:forPhase:overallProgress:]_block_invoke: <IXInitiatingAppInstallCoordinator<0x1018919c0> identity:[com.DefaultCompany.NeonDrift.run.1782641020.54193/Invalid/[system-defined]] uuid:DC6A3C56-9CB2-48A1-A76C-09ED1812867C creator:InstallCoordination Simple SPI>: Calling selector coordinator:didUpdateProgress:forPhase:overallProgress: on observer <_IXSimpleInstallerDelegate 0x0x10185a8b0>
2026-06-28 18:04:32.151 Df appprotectiond[41040:d97799] [com.apple.appprotection:server] Received distnoted event <dictionary: 0x101500000> { count = 3, transaction: 0, voucher = 0x101548730, contents =
	"UserInfo" => <dictionary: 0x101430ea0> { count = 2, transaction: 0, voucher = 0x0, contents =
		"isPlaceholder" => <bool: 0x1e704c530>: true
		"bundleIDs" => <array: 0x101435b30> { count = 1, capacity = 1, contents =
			0: <string: 0x101435c80> { string cache = 0x0, length = 49, contents = "com.DefaultCompany.NeonDrift.run.1782641020.54193" }
		}
	}
	"Name" => <string: 0x101436460> { string cache = 0x0, length = 46, contents = "com.apple.LaunchServices.applicationRegistered" }
	"XPCEventName" => <string: 0x1014379f0> { string cache = 0x0, length = 21, contents = "ApplicationRegistered" }
}
2026-06-28 18:04:32.151 Df installd[41427:da8d03] [com.apple.containermanager:query] Query; euid = 501, uid = 501, class = 2, identifier = [com.DefaultCompany.NeonDrift.run.1782641020.54193](1), flags = 300000002
2026-06-28 18:04:32.151 Df appprotectiond[41040:d97799] [com.apple.appprotection:server] received note: name = com.apple.LaunchServices.applicationRegistered, object = Optional(AppProtection.DistnotedXPCEventStreamTranslator), userInfo = Optional([AnyHashable("isPlaceholder"): 1, AnyHashable("bundleIDs"): <__NSSingleObjectArrayI 0x1016141d0>(
com.DefaultCompany.NeonDrift.run.1782641020.54193
)
])
2026-06-28 18:04:32.152 Df SpringBoard[41268:d9608b] [com.apple.appinstallation:TransactionLog] com.DefaultCompany.NeonDrift.run.1782641020.54193/Unknown Persona:10:1:3:1:Created icon for placeholder.
2026-06-28 18:04:32.154 Df SpringBoard[41268:d9608b] [com.apple.frontboard.ApplicationLibrary:sb.placeholder] Placeholders added: (
    "<SBApplicationPlaceholder: 0x1215bb8a0; bundleIdentifier: com.DefaultCompany.NeonDrift.run.1782641020.54193; displayName: NeonDrift.run.1782641020.54193>"
), modified: (
), removed: (null)
2026-06-28 18:04:32.155 Df SpringBoard[41268:d9608b] [com.apple.launchservices:progress] Got progress <NSProgress: com.DefaultCompany.NeonDrift.run.1782641020.54193 phase=InstallingPlaceholder; state=Finished; finalPhase=Installing; fractionCompleted=0.000000> for app com.DefaultCompany.NeonDrift.run.1782641020.54193,
2026-06-28 18:04:32.158 Df SpringBoard[41268:d9608b] [com.apple.appinstallation:TransactionLog] com.DefaultCompany.NeonDrift.run.1782641020.54193/Unknown Persona:10:2:3:1:Reloading icon image.
2026-06-28 18:04:32.158 Df SpringBoard[41268:d9608b] [com.apple.SpringBoard:Common] termination assertion acquired for com.DefaultCompany.NeonDrift.run.1782641020.54193 (app not found)
2026-06-28 18:04:32.158 Df SpringBoard[41268:d9608b] [com.apple.appinstallation:TransactionLog] com.DefaultCompany.NeonDrift.run.1782641020.54193/Unknown Persona:10:2:3:1:Reloading icon image.
2026-06-28 18:04:32.159 Df SpringBoard[41268:d9608b] [com.apple.appinstallation:TransactionLog] com.DefaultCompany.NeonDrift.run.1782641020.54193/Unknown Persona:10:2:3:1:Reloading icon image.
2026-06-28 18:04:32.167 Df CoreSimulatorBridge[41052:da8ce7] [com.apple.installcoordination:framework] -[IXAppInstallCoordinator _clientDelegate_didUpdateProgress:forPhase:overallProgress:]: <IXInitiatingAppInstallCoordinator<0x1018919c0> identity:[com.DefaultCompany.NeonDrift.run.1782641020.54193/Invalid/[system-defined]] uuid:DC6A3C56-9CB2-48A1-A76C-09ED1812867C creator:InstallCoordination Simple SPI>: Got did update progress delegate with percentComplete 80.000000 phase IXCoordinatorProgressPhaseInstalling overallProgress 92.000000
2026-06-28 18:04:32.167 Df CoreSimulatorBridge[41052:da8ce7] [com.apple.installcoordination:framework] -[IXAppInstallCoordinator _clientDelegate_didUpdateProgress:forPhase:overallProgress:]_block_invoke: <IXInitiatingAppInstallCoordinator<0x1018919c0> identity:[com.DefaultCompany.NeonDrift.run.1782641020.54193/Invalid/[system-defined]] uuid:DC6A3C56-9CB2-48A1-A76C-09ED1812867C creator:InstallCoordination Simple SPI>: Calling selector coordinator:didUpdateProgress:forPhase:overallProgress: on observer <_IXSimpleInstallerDelegate 0x0x10185a8b0>
2026-06-28 18:04:32.168 Df installd[41427:da8d03] (MobileSystemServices) 0x16f037000 -[MIInstallationJournalEntry _refreshUUIDForContainer:withError:]: Data container for com.DefaultCompany.NeonDrift.run.1782641020.54193 is now at /Users/dragonkao/Library/Developer/CoreSimulator/Devices/CC47DE7A-8196-4465-A5A5-BB852C9C6C82/data/Containers/Data/Application/CFCC0190-84FC-48CB-99F3-1C76AFCBC9BF
2026-06-28 18:04:32.169 Df containermanagerd[41098:d95d51] [com.apple.containermanager:schema] [u 5FAAD7F6-4BA8-49E5-A448-C7F46C9A17B1:p CFCC0190-84FC-48CB-99F3-1C76AFCBC9BF:c com.DefaultCompany.NeonDrift.run.1782641020.54193(2):i0] Successfully updated schema from (0) → (1), actions count = 6
2026-06-28 18:04:32.169 Df installd[41427:da8d03] [com.apple.containermanager:unspecified] Replace; old = [app:com.DefaultCompany.NeonDrift.run.1782641020.54193:501::(BB3D45BC-8DD1-4D1F-82EE-8198BF9C217E)], new = [temp-app:com.DefaultCompany.NeonDrift.run.1782641020.54193:501::(3F4CE4D0-4AD5-4AB7-8546-BF6AD4ADE3FD)]
2026-06-28 18:04:32.172 Df installd[41427:da8d03] [com.apple.containermanager:xpc] Query; euid = 501, uid = 501, class = 1, identifier = [com.DefaultCompany.NeonDrift.run.1782641020.54193](1), flags = 300000002
2026-06-28 18:04:32.172 Df installd[41427:da8d03] (MobileSystemServices) 0x16f037000 -[MIContainer makeContainerLiveReplacingContainer:reason:waitForDeletion:withError:]: Made container live for com.DefaultCompany.NeonDrift.run.1782641020.54193 at /Users/dragonkao/Library/Developer/CoreSimulator/Devices/CC47DE7A-8196-4465-A5A5-BB852C9C6C82/data/Containers/Bundle/Application/56231D96-6A96-44CD-AEF0-53DF8A759120
2026-06-28 18:04:32.173 Df installd[41427:da8d03] [com.apple.containermanager:xpc] Query; euid = 501, uid = 501, class = 1, identifier = [com.DefaultCompany.NeonDrift.run.1782641020.54193](1), flags = 300000002
2026-06-28 18:04:32.174 Df CoreSimulatorBridge[41052:da8ce8] [com.apple.installcoordination:framework] -[IXAppInstallCoordinator _clientDelegate_didUpdateProgress:forPhase:overallProgress:]: <IXInitiatingAppInstallCoordinator<0x1018919c0> identity:[com.DefaultCompany.NeonDrift.run.1782641020.54193/Invalid/[system-defined]] uuid:DC6A3C56-9CB2-48A1-A76C-09ED1812867C creator:InstallCoordination Simple SPI>: Got did update progress delegate with percentComplete 90.000000 phase IXCoordinatorProgressPhaseInstalling overallProgress 96.000000
2026-06-28 18:04:32.174 Df CoreSimulatorBridge[41052:da8ce8] [com.apple.installcoordination:framework] -[IXAppInstallCoordinator _clientDelegate_didUpdateProgress:forPhase:overallProgress:]_block_invoke: <IXInitiatingAppInstallCoordinator<0x1018919c0> identity:[com.DefaultCompany.NeonDrift.run.1782641020.54193/Invalid/[system-defined]] uuid:DC6A3C56-9CB2-48A1-A76C-09ED1812867C creator:InstallCoordination Simple SPI>: Calling selector coordinator:didUpdateProgress:forPhase:overallProgress: on observer <_IXSimpleInstallerDelegate 0x0x10185a8b0>
2026-06-28 18:04:32.174 Df containermanagerd[41098:d95d51] [com.apple.containermanager:codesignmapping] Reconciled [com.DefaultCompany.NeonDrift.run.1782641020.54193]; old app groups: (null), new app groups: (null), old system groups: (null), new system groups: (null)
2026-06-28 18:04:32.175 Df installd[41427:da8d03] [com.apple.containermanager:unspecified] Requesting disk usage; class = 1, identifier = com.DefaultCompany.NeonDrift.run.1782641020.54193
2026-06-28 18:04:32.176 Df appprotectiond[41040:da8d85] [com.apple.appprotection:server] processing settings authority event: SettingsAuthorityEvent.promotePreferenceFromProvisionalForApplication(com.DefaultCompany.NeonDrift.run.1782641020.54193)
2026-06-28 18:04:32.177 Df installd[41427:da8d03] [com.apple.containermanager:query] Query; euid = 501, uid = 501, class = 7, identifier = [com.DefaultCompany.NeonDrift.run.1782641020.54193](1), flags = 300000001
2026-06-28 18:04:32.177 Df SpringBoard[41268:d9608b] [com.apple.SpringBoard:Common] termination assertion released for com.DefaultCompany.NeonDrift.run.1782641020.54193 (app not found)
2026-06-28 18:04:32.179 Df installd[41427:da8d03] (MobileSystemServices) 0x16f037000 -[MILaunchServicesOperationManager _onQueue_addPendingLaunchServicesOperation:error:]: Added pending LS operation <MILaunchServicesRegisterOperation: F5208DA5-19D0-47CE-8F2E-332E12C42357:4 com.DefaultCompany.NeonDrift.run.1782641020.54193/MIInstallationDomainSystemShared personas:[com.apple.containermanager.primary-persona]>
2026-06-28 18:04:32.180 Df lsd[41076:da8d1c] [com.apple.launchservices:appinstallation] Post installation registration: request to register com.DefaultCompany.NeonDrift.run.1782641020.54193, operation F5208DA5-19D0-47CE-8F2E-332E12C42357, from pid 41427
2026-06-28 18:04:32.180 Df lsd[41076:da8d1c] [com.apple.appinstallation:TransactionLog] com.DefaultCompany.NeonDrift.run.1782641020.54193/Unknown Persona:5:4:1:1:Registering bundles via registrant - start
2026-06-28 18:04:32.182 Df lsd[41076:da8d1c] [com.apple.appinstallation:TransactionLog] com.DefaultCompany.NeonDrift.run.1782641020.54193/Unknown Persona:5:5:1:1:Building bundle record for app
2026-06-28 18:04:32.182 Df lsd[41076:da8d1c] [com.apple.launchservices:appinstallation] Removed existing registered placeholder for com.DefaultCompany.NeonDrift.run.1782641020.54193
2026-06-28 18:04:32.182 Df lsd[41076:da8d1c] [com.apple.appinstallation:TransactionLog] com.DefaultCompany.NeonDrift.run.1782641020.54193/Unknown Persona:5:5:2:1:Built bundle record for app
2026-06-28 18:04:32.182 Df lsd[41076:da8d1c] [com.apple.launchservices:icons] clearAlternateNameForBundleIdentifier: won't clear for com.DefaultCompany.NeonDrift.run.1782641020.54193
2026-06-28 18:04:32.182 Df lsd[41076:da8d1c] [com.apple.appinstallation:TransactionLog] com.DefaultCompany.NeonDrift.run.1782641020.54193/Unknown Persona:5:4:2:1:Registered bundle status = success
2026-06-28 18:04:32.182 Df lsd[41076:da8d1c] [com.apple.appinstallation:TransactionLog] com.DefaultCompany.NeonDrift.run.1782641020.54193/Unknown Persona:5:4:2:1:Finished registering com.DefaultCompany.NeonDrift.run.1782641020.54193, bundle unit 54c
2026-06-28 18:04:32.182 Df lsd[41076:da8d42] [com.apple.launchservices:progress] Installation ended for com.DefaultCompany.NeonDrift.run.1782641020.54193 with state 5
2026-06-28 18:04:32.183 Df lsd[41076:da8d42] [com.apple.launchservices:progress] Discarding proportions for com.DefaultCompany.NeonDrift.run.1782641020.54193
2026-06-28 18:04:32.183 Df SpringBoard[41268:d9608b] [com.apple.launchservices:progress] Unpublishing progress block called for app com.DefaultCompany.NeonDrift.run.1782641020.54193
2026-06-28 18:04:32.183 Df SpringBoard[41268:da8d1f] [com.apple.launchservices:progress] #LSInstallProgressList remove subscriber: <_NSProgressSubscriber: 0x10b5f2f70> publishingString: com.DefaultCompany.NeonDrift.run.1782641020.54193
2026-06-28 18:04:32.183 Df liveactivitiesd[41081:d95cd9] [com.apple.launchservices:progress] Unpublishing progress block called for app com.DefaultCompany.NeonDrift.run.1782641020.54193
2026-06-28 18:04:32.183 Df liveactivitiesd[41081:d97469] [com.apple.launchservices:progress] #LSInstallProgressList remove subscriber: <_NSProgressSubscriber: 0x105bd9620> publishingString: com.DefaultCompany.NeonDrift.run.1782641020.54193
2026-06-28 18:04:32.183 Df lsd[41076:da8d3c] [com.apple.launchservices:progress] Sending applicationsDidInstall: for (
    "<LSApplicationProxy: 0x103730000> com.DefaultCompany.NeonDrift.run.1782641020.54193 file:///Users/dragonkao/Library/Developer/CoreSimulator/Devices/CC47DE7A-8196-4465-A5A5-BB852C9C6C82/data/Containers/Bundle/Application/56231D96-6A96-44CD-AEF0-53DF8A759120/NeonDrift.run.1782641020.54193.app/ <com.DefaultCompany.NeonDrift.run.1782641020.54193 <installed >:0>"
)
2026-06-28 18:04:32.183 Df installd[41427:da8d03] (MobileSystemServices) 0x16f037000 -[MIJournal purgeJournalEntry:withError:]: Removing journal entry <MIInstallationJournalEntry<0x1020e8c80> [com.DefaultCompany.NeonDrift.run.1782641020.54193/com.apple.containermanager.primary-persona/[system-defined]]/MIInstallationDomainSystemShared op:1 phase:JournalPhaseDidRegisterWithLS version:0>
2026-06-28 18:04:32.183 Df installd[41427:da8d03] [com.apple.appinstallation:TransactionLog] com.DefaultCompany.NeonDrift.run.1782641020.54193/com.apple.containermanager.primary-persona:7:5:2:1:Success (End) : Install (New)
2026-06-28 18:04:32.183 Df installd[41427:da8d03] (MobileSystemServices) 0x16f037000 -[MIInstaller _logOperationCompletionWithStartTime:distributorID:]: Install successful for (Developer:com.DefaultCompany.NeonDrift.run.1782641020.54193) [Distributor: (null)]; Staging: 0.00s; Waiting: 0.00s; Preflight/Patch: 0.00s, Verifying: 0.00s; Overall: 0.05s
2026-06-28 18:04:32.184 Df homed[41175:da8d48] [com.apple.launchservices:appinstallation] Received applicationsDidInstall:(
    "<LSApplicationProxy: 0x1072c8840> com.DefaultCompany.NeonDrift.run.1782641020.54193 file:///Users/dragonkao/Library/Developer/CoreSimulator/Devices/CC47DE7A-8196-4465-A5A5-BB852C9C6C82/data/Containers/Bundle/Application/56231D96-6A96-44CD-AEF0-53DF8A759120/NeonDrift.run.1782641020.54193.app/ <com.DefaultCompany.NeonDrift.run.1782641020.54193 <installed >:0>"
)
2026-06-28 18:04:32.184 Df appstored[41350:da8d20] [com.apple.launchservices:appinstallation] Received applicationsDidInstall:(
    "<LSApplicationProxy: 0x101f2c000> com.DefaultCompany.NeonDrift.run.1782641020.54193 file:///Users/dragonkao/Library/Developer/CoreSimulator/Devices/CC47DE7A-8196-4465-A5A5-BB852C9C6C82/data/Containers/Bundle/Application/56231D96-6A96-44CD-AEF0-53DF8A759120/NeonDrift.run.1782641020.54193.app/ <com.DefaultCompany.NeonDrift.run.1782641020.54193 <installed >:0>"
)
2026-06-28 18:04:32.184 Df mobiletimerd[41037:da8b62] [com.apple.launchservices:appinstallation] Received applicationsDidInstall:(
    "<LSApplicationProxy: 0x1036586c0> com.DefaultCompany.NeonDrift.run.1782641020.54193 file:///Users/dragonkao/Library/Developer/CoreSimulator/Devices/CC47DE7A-8196-4465-A5A5-BB852C9C6C82/data/Containers/Bundle/Application/56231D96-6A96-44CD-AEF0-53DF8A759120/NeonDrift.run.1782641020.54193.app/ <com.DefaultCompany.NeonDrift.run.1782641020.54193 <installed >:0>"
)
2026-06-28 18:04:32.184 Df nanotimekitcompaniond[41516:da8d19] [com.apple.launchservices:appinstallation] Received applicationsDidInstall:(
    "<LSApplicationProxy: 0x105a58000> com.DefaultCompany.NeonDrift.run.1782641020.54193 file:///Users/dragonkao/Library/Developer/CoreSimulator/Devices/CC47DE7A-8196-4465-A5A5-BB852C9C6C82/data/Containers/Bundle/Application/56231D96-6A96-44CD-AEF0-53DF8A759120/NeonDrift.run.1782641020.54193.app/ <com.DefaultCompany.NeonDrift.run.1782641020.54193 <installed >:0>"
)
2026-06-28 18:04:32.184 Df installcoordinationd[41355:d96418] [com.apple.installcoordination:daemon] -[IXSPendingOperationsTracker endPendingOperationForIdentity:]_block_invoke: Ending pending operation for [com.DefaultCompany.NeonDrift.run.1782641020.54193/Invalid/[system-defined]]
2026-06-28 18:04:32.184 Df donotdisturbd[41074:da8d2f] [com.apple.launchservices:appinstallation] Received applicationsDidInstall:(
    "<LSApplicationProxy: 0x1059d5500> com.DefaultCompany.NeonDrift.run.1782641020.54193 file:///Users/dragonkao/Library/Developer/CoreSimulator/Devices/CC47DE7A-8196-4465-A5A5-BB852C9C6C82/data/Containers/Bundle/Application/56231D96-6A96-44CD-AEF0-53DF8A759120/NeonDrift.run.1782641020.54193.app/ <com.DefaultCompany.NeonDrift.run.1782641020.54193 <installed >:0>"
)
2026-06-28 18:04:32.184 Df dasd[41048:da8d14] [com.apple.launchservices:appinstallation] Received applicationsDidInstall:(
    "<LSApplicationProxy: 0x105768a80> com.DefaultCompany.NeonDrift.run.1782641020.54193 file:///Users/dragonkao/Library/Developer/CoreSimulator/Devices/CC47DE7A-8196-4465-A5A5-BB852C9C6C82/data/Containers/Bundle/Application/56231D96-6A96-44CD-AEF0-53DF8A759120/NeonDrift.run.1782641020.54193.app/ <com.DefaultCompany.NeonDrift.run.1782641020.54193 <installed >:0>"
)
2026-06-28 18:04:32.184 Df CoreSimulatorBridge[41052:da8ce7] [com.apple.installcoordination:framework] -[IXAppInstallCoordinator _clientDelegate_didUpdateProgress:forPhase:overallProgress:]: <IXInitiatingAppInstallCoordinator<0x1018919c0> identity:[com.DefaultCompany.NeonDrift.run.1782641020.54193/Invalid/[system-defined]] uuid:DC6A3C56-9CB2-48A1-A76C-09ED1812867C creator:InstallCoordination Simple SPI>: Got did update progress delegate with percentComplete 100.000000 phase IXCoordinatorProgressPhaseInstalling overallProgress 100.000000
2026-06-28 18:04:32.184 Df CoreSimulatorBridge[41052:da8ce7] [com.apple.installcoordination:framework] -[IXAppInstallCoordinator _clientDelegate_didUpdateProgress:forPhase:overallProgress:]_block_invoke: <IXInitiatingAppInstallCoordinator<0x1018919c0> identity:[com.DefaultCompany.NeonDrift.run.1782641020.54193/Invalid/[system-defined]] uuid:DC6A3C56-9CB2-48A1-A76C-09ED1812867C creator:InstallCoordination Simple SPI>: Calling selector coordinator:didUpdateProgress:forPhase:overallProgress: on observer <_IXSimpleInstallerDelegate 0x0x10185a8b0>
2026-06-28 18:04:32.184 Df gamed[41329:da8d36] [com.apple.launchservices:appinstallation] Received applicationsDidInstall:(
    "<LSApplicationProxy: 0x1027840c0> com.DefaultCompany.NeonDrift.run.1782641020.54193 file:///Users/dragonkao/Library/Developer/CoreSimulator/Devices/CC47DE7A-8196-4465-A5A5-BB852C9C6C82/data/Containers/Bundle/Application/56231D96-6A96-44CD-AEF0-53DF8A759120/NeonDrift.run.1782641020.54193.app/ <com.DefaultCompany.NeonDrift.run.1782641020.54193 <installed >:0>"
)
2026-06-28 18:04:32.184 Df activityawardsd[41495:da8d30] [com.apple.launchservices:appinstallation] Received applicationsDidInstall:(
    "<LSApplicationProxy: 0x103544fc0> com.DefaultCompany.NeonDrift.run.1782641020.54193 file:///Users/dragonkao/Library/Developer/CoreSimulator/Devices/CC47DE7A-8196-4465-A5A5-BB852C9C6C82/data/Containers/Bundle/Application/56231D96-6A96-44CD-AEF0-53DF8A759120/NeonDrift.run.1782641020.54193.app/ <com.DefaultCompany.NeonDrift.run.1782641020.54193 <installed >:0>"
)
2026-06-28 18:04:32.185 Df lsd[41076:d95ca2] [com.apple.launchservices:progress] unsubscribing from com.DefaultCompany.NeonDrift.run.1782641020.54193.Installing as it was unpublished
2026-06-28 18:04:32.185 Df lsd[41076:d95ca2] [com.apple.launchservices:progress] #LSInstallProgressList remove subscriber: <_NSProgressSubscriber: 0x1037176c0> publishingString: com.DefaultCompany.NeonDrift.run.1782641020.54193.Installing
2026-06-28 18:04:32.185 Df appstored[41350:da8d20] [com.apple.appinstallation:TransactionLog] com.DefaultCompany.NeonDrift.run.1782641020.54193/Unknown Persona:5:8:3:1:applicationsDidInstall <LSApplicationProxy: 0x101f2c0c0> com.DefaultCompany.NeonDrift.run.1782641020.54193 file:///Users/dragonkao/Library/Developer/CoreSimulator/Devices/CC47DE7A-8196-4465-A5A5-BB852C9C6C82/data/Containers/Bundle/Application/56231D96-6A96-44CD-AEF0-53DF8A759120/NeonDrift.run.1782641020.54193.app/ <com.DefaultCompany.NeonDrift.run.1782641020.54193 <installed >:0>
2026-06-28 18:04:32.185 Df mobiletimerd[41037:da869a] [com.apple.appinstallation:TransactionLog] com.DefaultCompany.NeonDrift.run.1782641020.54193/Unknown Persona:5:8:3:1:applicationsDidInstall <LSApplicationProxy: 0x103658780> com.DefaultCompany.NeonDrift.run.1782641020.54193 file:///Users/dragonkao/Library/Developer/CoreSimulator/Devices/CC47DE7A-8196-4465-A5A5-BB852C9C6C82/data/Containers/Bundle/Application/56231D96-6A96-44CD-AEF0-53DF8A759120/NeonDrift.run.1782641020.54193.app/ <com.DefaultCompany.NeonDrift.run.1782641020.54193 <installed >:0>
2026-06-28 18:04:32.185 Df installcoordinationd[41355:d96418] [com.apple.installcoordination:daemon] -[IXSCoordinatedAppInstall setComplete:]: <IXSCoordinatedAppInstall<0x103e08000> [P=CoreSimulatorBridge (pid 41052)] identifier:[com.DefaultCompany.NeonDrift.run.1782641020.54193/Invalid/[system-defined]] uuid:DC6A3C56-9CB2-48A1-A76C-09ED1812867C intent:IXCoordinatorIntentInitiating creator/appDRI:InstallCoordination Simple SPI importance:UserWaiting state:IXAppCoordinationStateComplete promise-state:PA2I4> complete!
2026-06-28 18:04:32.185 Df homed[41175:da8d48] [com.apple.appinstallation:TransactionLog] com.DefaultCompany.NeonDrift.run.1782641020.54193/Unknown Persona:5:8:3:1:applicationsDidInstall <LSApplicationProxy: 0x1072c8240> com.DefaultCompany.NeonDrift.run.1782641020.54193 file:///Users/dragonkao/Library/Developer/CoreSimulator/Devices/CC47DE7A-8196-4465-A5A5-BB852C9C6C82/data/Containers/Bundle/Application/56231D96-6A96-44CD-AEF0-53DF8A759120/NeonDrift.run.1782641020.54193.app/ <com.DefaultCompany.NeonDrift.run.1782641020.54193 <installed >:0>
2026-06-28 18:04:32.185 Df installcoordinationd[41355:d96418] [com.apple.installcoordination:daemon] -[IXSPowerAssertion invalidate]: Released power assertion IXPowerAssertion-12-[com.DefaultCompany.NeonDrift.run.1782641020.54193/Invalid/[system-defined]]
2026-06-28 18:04:32.185 Df sleepd[41049:d96ffb] [com.apple.launchservices:appinstallation] Received applicationsDidInstall:(
    "<LSApplicationProxy: 0x102270180> com.DefaultCompany.NeonDrift.run.1782641020.54193 file:///Users/dragonkao/Library/Developer/CoreSimulator/Devices/CC47DE7A-8196-4465-A5A5-BB852C9C6C82/data/Containers/Bundle/Application/56231D96-6A96-44CD-AEF0-53DF8A759120/NeonDrift.run.1782641020.54193.app/ <com.DefaultCompany.NeonDrift.run.1782641020.54193 <installed >:0>"
)
2026-06-28 18:04:32.185 Df routined[41030:da4479] [com.apple.launchservices:appinstallation] Received applicationsDidInstall:(
    "<LSApplicationProxy: 0x109488b40> com.DefaultCompany.NeonDrift.run.1782641020.54193 file:///Users/dragonkao/Library/Developer/CoreSimulator/Devices/CC47DE7A-8196-4465-A5A5-BB852C9C6C82/data/Containers/Bundle/Application/56231D96-6A96-44CD-AEF0-53DF8A759120/NeonDrift.run.1782641020.54193.app/ <com.DefaultCompany.NeonDrift.run.1782641020.54193 <installed >:0>"
)
2026-06-28 18:04:32.185 Df activitysharingd[42148:d97461] [com.apple.launchservices:appinstallation] Received applicationsDidInstall:(
    "<LSApplicationProxy: 0x1059c4e40> com.DefaultCompany.NeonDrift.run.1782641020.54193 file:///Users/dragonkao/Library/Developer/CoreSimulator/Devices/CC47DE7A-8196-4465-A5A5-BB852C9C6C82/data/Containers/Bundle/Application/56231D96-6A96-44CD-AEF0-53DF8A759120/NeonDrift.run.1782641020.54193.app/ <com.DefaultCompany.NeonDrift.run.1782641020.54193 <installed >:0>"
)
2026-06-28 18:04:32.185 Df installcoordinationd[41355:d96418] [com.apple.installcoordination:daemon] -[IXSDataPromise decommission]: Decommissioning <IXSPromisedTransferToPath(0x103cf8d80) Name:Icon resources for com.DefaultCompany.NeonDrift.run.1782641020.54193 Creator:InstallCoordination Simple SPI UUID:63E2ABFA-5C0E-4456-B67F-6EC5C745330D Location:[system-defined]>
2026-06-28 18:04:32.185 Df financed[41167:da8d34] [com.apple.launchservices:appinstallation] Received applicationsDidInstall:(
    "<LSApplicationProxy: 0x103ff2b80> com.DefaultCompany.NeonDrift.run.1782641020.54193 file:///Users/dragonkao/Library/Developer/CoreSimulator/Devices/CC47DE7A-8196-4465-A5A5-BB852C9C6C82/data/Containers/Bundle/Application/56231D96-6A96-44CD-AEF0-53DF8A759120/NeonDrift.run.1782641020.54193.app/ <com.DefaultCompany.NeonDrift.run.1782641020.54193 <installed >:0>"
)
2026-06-28 18:04:32.185 Df installcoordinationd[41355:d96418] [com.apple.installcoordination:daemon] -[IXSDataPromise decommission]: Decommissioning <IXSPromisedInMemoryDictionary(0x103cf9180) Name:Info.plist icon content for com.DefaultCompany.NeonDrift.run.1782641020.54193 Creator:InstallCoordination Simple SPI UUID:363AEE17-3C14-474A-AF39-4AA38A753F76 Location:[system-defined]>
2026-06-28 18:04:32.186 Df nsurlsessiond[41075:da8bae] [com.apple.launchservices:appinstallation] Received applicationsDidInstall:(
    "<LSApplicationProxy: 0x106230300> com.DefaultCompany.NeonDrift.run.1782641020.54193 file:///Users/dragonkao/Library/Developer/CoreSimulator/Devices/CC47DE7A-8196-4465-A5A5-BB852C9C6C82/data/Containers/Bundle/Application/56231D96-6A96-44CD-AEF0-53DF8A759120/NeonDrift.run.1782641020.54193.app/ <com.DefaultCompany.NeonDrift.run.1782641020.54193 <installed >:0>"
)
2026-06-28 18:04:32.186 Df profiled[41128:da4c80] [com.apple.launchservices:appinstallation] Received applicationsDidInstall:(
    "<LSApplicationProxy: 0x103bfc000> com.DefaultCompany.NeonDrift.run.1782641020.54193 file:///Users/dragonkao/Library/Developer/CoreSimulator/Devices/CC47DE7A-8196-4465-A5A5-BB852C9C6C82/data/Containers/Bundle/Application/56231D96-6A96-44CD-AEF0-53DF8A759120/NeonDrift.run.1782641020.54193.app/ <com.DefaultCompany.NeonDrift.run.1782641020.54193 <installed >:0>"
)
2026-06-28 18:04:32.186 Df installcoordinationd[41355:d96418] [com.apple.installcoordination:daemon] -[IXSDataPromise decommission]: Decommissioning <IXSPromisedInMemoryDictionary(0x103cf9300) Name:Localizations for com.DefaultCompany.NeonDrift.run.1782641020.54193 Creator:InstallCoordination Simple SPI UUID:D5B09C0A-0861-47E2-9DB0-B1C7D4CED96D Location:[system-defined]>
2026-06-28 18:04:32.186 Df donotdisturbd[41074:da8d2f] [com.apple.appinstallation:TransactionLog] com.DefaultCompany.NeonDrift.run.1782641020.54193/Unknown Persona:5:8:3:1:applicationsDidInstall <LSApplicationProxy: 0x1059d58c0> com.DefaultCompany.NeonDrift.run.1782641020.54193 file:///Users/dragonkao/Library/Developer/CoreSimulator/Devices/CC47DE7A-8196-4465-A5A5-BB852C9C6C82/data/Containers/Bundle/Application/56231D96-6A96-44CD-AEF0-53DF8A759120/NeonDrift.run.1782641020.54193.app/ <com.DefaultCompany.NeonDrift.run.1782641020.54193 <installed >:0>
2026-06-28 18:04:32.186 Df nanotimekitcompaniond[41516:da8d19] [com.apple.appinstallation:TransactionLog] com.DefaultCompany.NeonDrift.run.1782641020.54193/Unknown Persona:5:8:3:1:applicationsDidInstall <LSApplicationProxy: 0x105a580c0> com.DefaultCompany.NeonDrift.run.1782641020.54193 file:///Users/dragonkao/Library/Developer/CoreSimulator/Devices/CC47DE7A-8196-4465-A5A5-BB852C9C6C82/data/Containers/Bundle/Application/56231D96-6A96-44CD-AEF0-53DF8A759120/NeonDrift.run.1782641020.54193.app/ <com.DefaultCompany.NeonDrift.run.1782641020.54193 <installed >:0>
2026-06-28 18:04:32.186 Df runningboardd[41025:da8986] [com.apple.launchservices:appinstallation] Received applicationsDidInstall:(
    "<LSApplicationProxy: 0x1019a4000> com.DefaultCompany.NeonDrift.run.1782641020.54193 file:///Users/dragonkao/Library/Developer/CoreSimulator/Devices/CC47DE7A-8196-4465-A5A5-BB852C9C6C82/data/Containers/Bundle/Application/56231D96-6A96-44CD-AEF0-53DF8A759120/NeonDrift.run.1782641020.54193.app/ <com.DefaultCompany.NeonDrift.run.1782641020.54193 <installed >:0>"
)
2026-06-28 18:04:32.186 Df PosterBoard[41334:d9d5eb] [com.apple.launchservices:appinstallation] Received applicationsDidInstall:(
    "<LSApplicationProxy: 0x107d83e40> com.DefaultCompany.NeonDrift.run.1782641020.54193 file:///Users/dragonkao/Library/Developer/CoreSimulator/Devices/CC47DE7A-8196-4465-A5A5-BB852C9C6C82/data/Containers/Bundle/Application/56231D96-6A96-44CD-AEF0-53DF8A759120/NeonDrift.run.1782641020.54193.app/ <com.DefaultCompany.NeonDrift.run.1782641020.54193 <installed >:0>"
)
2026-06-28 18:04:32.186 Df gamed[41329:da8d36] [com.apple.appinstallation:TransactionLog] com.DefaultCompany.NeonDrift.run.1782641020.54193/Unknown Persona:5:8:3:1:applicationsDidInstall <LSApplicationProxy: 0x1027843c0> com.DefaultCompany.NeonDrift.run.1782641020.54193 file:///Users/dragonkao/Library/Developer/CoreSimulator/Devices/CC47DE7A-8196-4465-A5A5-BB852C9C6C82/data/Containers/Bundle/Application/56231D96-6A96-44CD-AEF0-53DF8A759120/NeonDrift.run.1782641020.54193.app/ <com.DefaultCompany.NeonDrift.run.1782641020.54193 <installed >:0>
2026-06-28 18:04:32.186 Df installcoordinationd[41355:d96418] [com.apple.installcoordination:daemon] -[IXSDataPromise decommission]: Decommissioning <IXSPlaceholder(0x103d243c0) Name:App Placeholder: NeonDrift.run.1782641020.54193 (com.DefaultCompany.NeonDrift.run.1782641020.54193) Creator:InstallCoordination Simple SPI UUID:004F4E70-E1E0-4418-BE4D-68537086EDEB Location:[system-defined]>
