Timestamp               Ty Process[PID:TID]
2026-06-24 00:30:08.754 Df CoreSimulatorBridge[16923:941061] Request received for installation of file:///Users/dragonkao/.openclaw/workspace/382b9e3384298039b171c9b2a60ae644/NeonDrift_MVP/project/xcode_derived_data/Build/Products/Release-iphonesimulator/NeonDrift.app/ with options: {
    PackageType = Developer;
    SimulatorRootPath = "/Library/Developer/CoreSimulator/Volumes/iOS_23F77/Library/Developer/CoreSimulator/Profiles/Runtimes/iOS 26.5.simruntime/Contents/Resources/RuntimeRoot";
    SimulatorUserPath = "/Users/dragonkao/Library/Developer/CoreSimulator/Devices/CCB1E793-CED4-4FCD-BF73-321AAEA77AB9/data";
}
2026-06-24 00:30:08.755 Df CoreSimulatorBridge[16923:941061] [com.apple.installcoordination:framework] +[IXAppInstallCoordinator(IXSimpleInstaller) _beginInstallForURL:forPersonaUniqueString:consumeSource:options:progressBlock:completionWithIdentity:]: Beginning install for /Users/dragonkao/.openclaw/workspace/382b9e3384298039b171c9b2a60ae644/NeonDrift_MVP/project/xcode_derived_data/Build/Products/Release-iphonesimulator/NeonDrift.app consuming source:N options:{
    IsUserInitiated = 1;
    PackageType = Developer;
} installationRequestorAuditToken: NULL
2026-06-24 00:30:08.756 Df installcoordinationd[55453:953fb2] [com.apple.installcoordination:daemon] -[IXSDataPromiseManager registerPromise:]: Registered promise <IXSPlaceholder(0x105d0c500) Name:App Placeholder: NeonDrift (com.DefaultCompany.NeonDrift) Creator:InstallCoordination Simple SPI UUID:FFC57DFC-24FD-4257-99FE-BC18217692BE Location:[system-defined]> for UUID FFC57DFC-24FD-4257-99FE-BC18217692BE
2026-06-24 00:30:08.757 Df installcoordinationd[55453:953fb2] [com.apple.installcoordination:daemon] -[IXSPlaceholder setAttributes:]: <IXSPlaceholder(0x105d0c500) Name:App Placeholder: NeonDrift (com.DefaultCompany.NeonDrift) Creator:InstallCoordination Simple SPI UUID:FFC57DFC-24FD-4257-99FE-BC18217692BE Location:[system-defined]>: setting placeholder attributes to <IXPlaceholderAttributes<0x105ca4e60> : {
    CFBundleShortVersionString = "1.0";
    CFBundleSupportedPlatforms =     (
        iPhoneSimulator
    );
    CFBundleVersion = 0;
    DTPlatformName = iphonesimulator;
    LSRequiresIPhoneOS = 1;
    MinimumOSVersion = "13.0";
    UIDeviceFamily =     (
        1,
        2
    );
    UIRequiredDeviceCapabilities =     {
        arm64 = 1;
        metal = 1;
    };
}>
2026-06-24 00:30:08.758 Df CoreSimulatorBridge[16923:94d14b] [com.apple.installcoordination:framework] +[IXPlaceholder _setEntitlementsFromBundleExecutableURL:withBundleID:client:onPlaceholder:location:error:]: Executable for com.DefaultCompany.NeonDrift at NeonDrift -- file:///Users/dragonkao/.openclaw/workspace/382b9e3384298039b171c9b2a60ae644/NeonDrift_MVP/project/xcode_derived_data/Build/Products/Release-iphonesimulator/NeonDrift.app/ had no entitlements
2026-06-24 00:30:08.758 Df CoreSimulatorBridge[16923:94d14b] [com.apple.installcoordination:framework] +[IXPlaceholder _placeholderForBundle:client:withParent:installType:metadata:placeholderType:mayBeDeltaPackage:isFromSerializedPlaceholder:location:error:]: Using full fidelity icons for com.DefaultCompany.NeonDrift at /Users/dragonkao/.openclaw/workspace/382b9e3384298039b171c9b2a60ae644/NeonDrift_MVP/project/xcode_derived_data/Build/Products/Release-iphonesimulator/NeonDrift.app
2026-06-24 00:30:08.758 Df installcoordinationd[55453:953fb2] [com.apple.installcoordination:daemon] -[IXSDataPromiseManager registerPromise:]: Registered promise <IXSPromisedTransferToPath(0x105ce5180) Name:Icon resources for com.DefaultCompany.NeonDrift Creator:InstallCoordination Simple SPI UUID:D64E54D8-8794-4713-86C1-95F74F5561D7 Location:[system-defined]> for UUID D64E54D8-8794-4713-86C1-95F74F5561D7
2026-06-24 00:30:08.761 Df CoreSimulatorBridge[16923:94d14b] [com.apple.installcoordination:framework] -[IXPromisedTransferToPath setComplete:]: <IXPromisedTransferToPath<0x1055ce500> name:"Icon resources for com.DefaultCompany.NeonDrift" uuid:D64E54D8-8794-4713-86C1-95F74F5561D7 creator:"InstallCoordination Simple SPI" location:[system-defined]> Move operation from /Users/dragonkao/Library/Developer/CoreSimulator/Devices/CCB1E793-CED4-4FCD-BF73-321AAEA77AB9/data/Containers/Shared/SystemGroup/systemgroup.com.apple.installcoordinationd/Library/InstallCoordination/PromiseStaging/D64E54D8-8794-4713-86C1-95F74F5561D7/temp.fxQjOx to /Users/dragonkao/Library/Developer/CoreSimulator/Devices/CCB1E793-CED4-4FCD-BF73-321AAEA77AB9/data/Containers/Shared/SystemGroup/systemgroup.com.apple.installcoordinationd/Library/InstallCoordination/PromiseStaging/D64E54D8-8794-4713-86C1-95F74F5561D7/temp.fxQjOx took 0.000049 seconds
2026-06-24 00:30:08.762 Df installcoordinationd[55453:953fb2] [com.apple.installcoordination:daemon] -[IXSDataPromise _setPercentComplete:saveStateIfNeeded:]: Progress: <IXSPromisedTransferToPath(0x105ce5180) Name:Icon resources for com.DefaultCompany.NeonDrift Creator:InstallCoordination Simple SPI UUID:D64E54D8-8794-4713-86C1-95F74F5561D7 Location:[system-defined]>
2026-06-24 00:30:08.762 Df installcoordinationd[55453:953fd9] [com.apple.installcoordination:daemon] -[IXSDataPromiseManager promiseDidBegin:]: Unowned promise began: <IXSPromisedTransferToPath(0x105ce5180) Name:Icon resources for com.DefaultCompany.NeonDrift Creator:InstallCoordination Simple SPI UUID:D64E54D8-8794-4713-86C1-95F74F5561D7 Location:[system-defined]>
2026-06-24 00:30:08.762 Df installcoordinationd[55453:953fd9] [com.apple.installcoordination:daemon] -[IXSDataPromiseManager promise:didUpdateProgress:]: Unowned promise update progress to 1.000000 : <IXSPromisedTransferToPath(0x105ce5180) Name:Icon resources for com.DefaultCompany.NeonDrift Creator:InstallCoordination Simple SPI UUID:D64E54D8-8794-4713-86C1-95F74F5561D7 Location:[system-defined]>
2026-06-24 00:30:08.762 Df installcoordinationd[55453:953fd9] [com.apple.installcoordination:daemon] -[IXSDataPromiseManager promiseDidComplete:]: Unowned promise completed: <IXSPromisedTransferToPath(0x105ce5180) Name:Icon resources for com.DefaultCompany.NeonDrift Creator:InstallCoordination Simple SPI UUID:D64E54D8-8794-4713-86C1-95F74F5561D7 Location:[system-defined]>
2026-06-24 00:30:08.763 Df installcoordinationd[55453:953fd9] [com.apple.installcoordination:daemon] -[IXSDataPromise _setPercentComplete:saveStateIfNeeded:]: Progress: <IXSPromisedInMemoryDictionary(0x105ce5500) Name:Info.plist icon content for com.DefaultCompany.NeonDrift Creator:InstallCoordination Simple SPI UUID:233EADEF-C72A-49D0-9564-74CF44F639D9 Location:[system-defined]>
2026-06-24 00:30:08.763 Df installcoordinationd[55453:953fd9] [com.apple.installcoordination:daemon] -[IXSDataPromiseManager registerPromise:]: Registered promise <IXSPromisedInMemoryDictionary(0x105ce5500) Name:Info.plist icon content for com.DefaultCompany.NeonDrift Creator:InstallCoordination Simple SPI UUID:233EADEF-C72A-49D0-9564-74CF44F639D9 Location:[system-defined]> for UUID 233EADEF-C72A-49D0-9564-74CF44F639D9
2026-06-24 00:30:08.763 Df installcoordinationd[55453:953fb2] [com.apple.installcoordination:daemon] -[IXSDataPromiseManager promiseDidBegin:]: Unowned promise began: <IXSPromisedInMemoryDictionary(0x105ce5500) Name:Info.plist icon content for com.DefaultCompany.NeonDrift Creator:InstallCoordination Simple SPI UUID:233EADEF-C72A-49D0-9564-74CF44F639D9 Location:[system-defined]>
2026-06-24 00:30:08.763 Df installcoordinationd[55453:953fb2] [com.apple.installcoordination:daemon] -[IXSDataPromiseManager promise:didUpdateProgress:]: Unowned promise update progress to 1.000000 : <IXSPromisedInMemoryDictionary(0x105ce5500) Name:Info.plist icon content for com.DefaultCompany.NeonDrift Creator:InstallCoordination Simple SPI UUID:233EADEF-C72A-49D0-9564-74CF44F639D9 Location:[system-defined]>
2026-06-24 00:30:08.763 Df installcoordinationd[55453:953fb2] [com.apple.installcoordination:daemon] -[IXSDataPromiseManager promiseDidComplete:]: Unowned promise completed: <IXSPromisedInMemoryDictionary(0x105ce5500) Name:Info.plist icon content for com.DefaultCompany.NeonDrift Creator:InstallCoordination Simple SPI UUID:233EADEF-C72A-49D0-9564-74CF44F639D9 Location:[system-defined]>
2026-06-24 00:30:08.764 Df installcoordinationd[55453:953fd9] [com.apple.installcoordination:daemon] -[IXSPlaceholder setIconResourcesPromise:]: <IXSPlaceholder(0x105d0c500) Name:App Placeholder: NeonDrift (com.DefaultCompany.NeonDrift) Creator:InstallCoordination Simple SPI UUID:FFC57DFC-24FD-4257-99FE-BC18217692BE Location:[system-defined]>: setting icon resources promise to <IXSPromisedTransferToPath(0x105ce5180) Name:Icon resources for com.DefaultCompany.NeonDrift Creator:InstallCoordination Simple SPI UUID:D64E54D8-8794-4713-86C1-95F74F5561D7 Location:[system-defined]>
2026-06-24 00:30:08.764 Df installcoordinationd[55453:953fd9] [com.apple.installcoordination:daemon] -[IXSPlaceholder setInfoPlistIconContentPromise:]: <IXSPlaceholder(0x105d0c500) Name:App Placeholder: NeonDrift (com.DefaultCompany.NeonDrift) Creator:InstallCoordination Simple SPI UUID:FFC57DFC-24FD-4257-99FE-BC18217692BE Location:[system-defined]>: setting Info.plist icon content promise to <IXSPromisedInMemoryDictionary(0x105ce5500) Name:Info.plist icon content for com.DefaultCompany.NeonDrift Creator:InstallCoordination Simple SPI UUID:233EADEF-C72A-49D0-9564-74CF44F639D9 Location:[system-defined]>
2026-06-24 00:30:08.765 Df installcoordinationd[55453:953fb2] [com.apple.installcoordination:daemon] -[IXSDataPromiseManager promiseDidBegin:]: Unowned promise began: <IXSPlaceholder(0x105d0c500) Name:App Placeholder: NeonDrift (com.DefaultCompany.NeonDrift) Creator:InstallCoordination Simple SPI UUID:FFC57DFC-24FD-4257-99FE-BC18217692BE Location:[system-defined]>
2026-06-24 00:30:08.765 Df installcoordinationd[55453:953fb2] [com.apple.installcoordination:daemon] -[IXSDataPromiseManager promise:didUpdateProgress:]: Unowned promise update progress to 0.000000 : <IXSPlaceholder(0x105d0c500) Name:App Placeholder: NeonDrift (com.DefaultCompany.NeonDrift) Creator:InstallCoordination Simple SPI UUID:FFC57DFC-24FD-4257-99FE-BC18217692BE Location:[system-defined]>
2026-06-24 00:30:08.765 Df installcoordinationd[55453:953fb2] [com.apple.installcoordination:daemon] -[IXSDataPromiseManager promise:didUpdateProgress:]: Unowned promise update progress to 0.000000 : <IXSPlaceholder(0x105d0c500) Name:App Placeholder: NeonDrift (com.DefaultCompany.NeonDrift) Creator:InstallCoordination Simple SPI UUID:FFC57DFC-24FD-4257-99FE-BC18217692BE Location:[system-defined]>
2026-06-24 00:30:08.766 Df installcoordinationd[55453:953fb2] [com.apple.installcoordination:daemon] -[IXSDataPromise _setPercentComplete:saveStateIfNeeded:]: Progress: <IXSPromisedInMemoryDictionary(0x105ce6680) Name:Localizations for com.DefaultCompany.NeonDrift Creator:InstallCoordination Simple SPI UUID:E9EDB46E-E6D9-43CF-92CA-8D8AD6B69EF0 Location:[system-defined]>
2026-06-24 00:30:08.766 Df installcoordinationd[55453:953fb2] [com.apple.installcoordination:daemon] -[IXSDataPromiseManager registerPromise:]: Registered promise <IXSPromisedInMemoryDictionary(0x105ce6680) Name:Localizations for com.DefaultCompany.NeonDrift Creator:InstallCoordination Simple SPI UUID:E9EDB46E-E6D9-43CF-92CA-8D8AD6B69EF0 Location:[system-defined]> for UUID E9EDB46E-E6D9-43CF-92CA-8D8AD6B69EF0
2026-06-24 00:30:08.783 Df installcoordinationd[55453:953fd9] [com.apple.installcoordination:daemon] -[IXSDataPromiseManager promiseDidBegin:]: Unowned promise began: <IXSPromisedInMemoryDictionary(0x105ce6680) Name:Localizations for com.DefaultCompany.NeonDrift Creator:InstallCoordination Simple SPI UUID:E9EDB46E-E6D9-43CF-92CA-8D8AD6B69EF0 Location:[system-defined]>
2026-06-24 00:30:08.783 Df installcoordinationd[55453:953fd9] [com.apple.installcoordination:daemon] -[IXSDataPromiseManager promise:didUpdateProgress:]: Unowned promise update progress to 1.000000 : <IXSPromisedInMemoryDictionary(0x105ce6680) Name:Localizations for com.DefaultCompany.NeonDrift Creator:InstallCoordination Simple SPI UUID:E9EDB46E-E6D9-43CF-92CA-8D8AD6B69EF0 Location:[system-defined]>
2026-06-24 00:30:08.783 Df installcoordinationd[55453:953fd9] [com.apple.installcoordination:daemon] -[IXSDataPromiseManager promiseDidComplete:]: Unowned promise completed: <IXSPromisedInMemoryDictionary(0x105ce6680) Name:Localizations for com.DefaultCompany.NeonDrift Creator:InstallCoordination Simple SPI UUID:E9EDB46E-E6D9-43CF-92CA-8D8AD6B69EF0 Location:[system-defined]>
2026-06-24 00:30:08.783 Df installcoordinationd[55453:955b50] [com.apple.installcoordination:daemon] -[IXSPlaceholder setLocalizationDictionaryPromise:]: <IXSPlaceholder(0x105d0c500) Name:App Placeholder: NeonDrift (com.DefaultCompany.NeonDrift) Creator:InstallCoordination Simple SPI UUID:FFC57DFC-24FD-4257-99FE-BC18217692BE Location:[system-defined]>: setting localization dict promise to <IXSPromisedInMemoryDictionary(0x105ce6680) Name:Localizations for com.DefaultCompany.NeonDrift Creator:InstallCoordination Simple SPI UUID:E9EDB46E-E6D9-43CF-92CA-8D8AD6B69EF0 Location:[system-defined]>
2026-06-24 00:30:08.784 Df installcoordinationd[55453:953fb2] [com.apple.installcoordination:daemon] -[IXSDataPromiseManager promise:didUpdateProgress:]: Unowned promise update progress to 0.000000 : <IXSPlaceholder(0x105d0c500) Name:App Placeholder: NeonDrift (com.DefaultCompany.NeonDrift) Creator:InstallCoordination Simple SPI UUID:FFC57DFC-24FD-4257-99FE-BC18217692BE Location:[system-defined]>
2026-06-24 00:30:08.784 Df installcoordinationd[55453:953fb2] [com.apple.installcoordination:daemon] -[IXSPlaceholder setConfigurationComplete:]: <IXSPlaceholder(0x105d0c500) Name:App Placeholder: NeonDrift (com.DefaultCompany.NeonDrift) Creator:InstallCoordination Simple SPI UUID:FFC57DFC-24FD-4257-99FE-BC18217692BE Location:[system-defined]>: setting configuration complete to Y
2026-06-24 00:30:08.784 Df installcoordinationd[55453:953fb2] [com.apple.installcoordination:daemon] -[IXSPlaceholder _materialize]: <IXSPlaceholder(0x105d0c500) Name:App Placeholder: NeonDrift (com.DefaultCompany.NeonDrift) Creator:InstallCoordination Simple SPI UUID:FFC57DFC-24FD-4257-99FE-BC18217692BE Location:[system-defined]>: Materializing placeholder at /Users/dragonkao/Library/Developer/CoreSimulator/Devices/CCB1E793-CED4-4FCD-BF73-321AAEA77AB9/data/Containers/Shared/SystemGroup/systemgroup.com.apple.installcoordinationd/Library/InstallCoordination/PromiseStaging/FFC57DFC-24FD-4257-99FE-BC18217692BE/NeonDrift.app
2026-06-24 00:30:08.784 Df installcoordinationd[55453:953fb2] [com.apple.installcoordination:daemon] -[IXSPlaceholder _materialize]: <IXSPlaceholder(0x105d0c500) Name:App Placeholder: NeonDrift (com.DefaultCompany.NeonDrift) Creator:InstallCoordination Simple SPI UUID:FFC57DFC-24FD-4257-99FE-BC18217692BE Location:[system-defined]>: Using Info.plist icon content: {
    CFBundleIcons =     {
        CFBundlePrimaryIcon =         {
            CFBundleIconName = AppIcon;
        };
    };
    "CFBundleIcons~ipad" =     {
        CFBundlePrimaryIcon =         {
            CFBundleIconName = AppIcon;
        };
    };
    ISIconPlatform = iPhoneOS;
}
2026-06-24 00:30:08.785 Df installcoordinationd[55453:953fb2] [com.apple.installcoordination:daemon] -[IXSPlaceholder _materialize]_block_invoke: <IXSPlaceholder(0x105d0c500) Name:App Placeholder: NeonDrift (com.DefaultCompany.NeonDrift) Creator:InstallCoordination Simple SPI UUID:FFC57DFC-24FD-4257-99FE-BC18217692BE Location:[system-defined]>: Using icon resource Assets.car
2026-06-24 00:30:08.785 Df installcoordinationd[55453:953fb2] [com.apple.installcoordination:daemon] -[IXSPlaceholder _materialize]: <IXSPlaceholder(0x105d0c500) Name:App Placeholder: NeonDrift (com.DefaultCompany.NeonDrift) Creator:InstallCoordination Simple SPI UUID:FFC57DFC-24FD-4257-99FE-BC18217692BE Location:[system-defined]>: Including lproj localizations for (
)
2026-06-24 00:30:08.785 Df installcoordinationd[55453:955b50] [com.apple.installcoordination:daemon] -[IXSDataPromiseManager promiseDidComplete:]: Unowned promise completed: <IXSPlaceholder(0x105d0c500) Name:App Placeholder: NeonDrift (com.DefaultCompany.NeonDrift) Creator:InstallCoordination Simple SPI UUID:FFC57DFC-24FD-4257-99FE-BC18217692BE Location:[system-defined]>
2026-06-24 00:30:08.786 Df installcoordinationd[55453:955b50] [com.apple.installcoordination:daemon] -[IXSDataPromiseManager registerPromise:]: Registered promise <IXSPromisedTransferToPath(0x105ce5000) Name:App Asset: com.DefaultCompany.NeonDrift Creator:InstallCoordination Simple SPI UUID:954B0920-ED31-4E71-AE55-5F0DA49DE7DB Location:[system-defined]> for UUID 954B0920-ED31-4E71-AE55-5F0DA49DE7DB
2026-06-24 00:30:08.787 Df installcoordinationd[55453:955b50] [com.apple.installcoordination:daemon] -[IXSCoordinatorManager coordinatorForIdentity:connection:error:creatingIfNotExisting:]_block_invoke: Registered coordinator: <IXSCoordinatedAppInstall<0x105df4000> [P=CoreSimulatorBridge (pid 16923)] identifier:[com.DefaultCompany.NeonDrift/Invalid/[system-defined]] uuid:D6B4640C-F93E-4808-A9E1-37FF236D0406 intent:IXCoordinatorIntentUpdating creator/appDRI:InstallCoordination Simple SPI importance:Background state:IXAppCoordinationStatePlaceholderPromiseNotSet promise-state:01234>
2026-06-24 00:30:08.787 Df installcoordinationd[55453:955b50] [com.apple.appinstallation:TransactionLog] com.DefaultCompany.NeonDrift/Unknown Persona:4:2:1:1:Created coordinator with intent IXCoordinatorIntentUpdating for client InstallCoordination Simple SPI
2026-06-24 00:30:08.787 Df installcoordinationd[55453:955b50] [com.apple.installcoordination:daemon] -[IXSCoordinatedAppInstall setPriorityBoostCompletion:withSourceInfo:]: <IXSCoordinatedAppInstall<0x105df4000> [P=CoreSimulatorBridge (pid 16923)] identifier:[com.DefaultCompany.NeonDrift/Invalid/[system-defined]] uuid:D6B4640C-F93E-4808-A9E1-37FF236D0406 intent:IXCoordinatorIntentUpdating creator/appDRI:InstallCoordination Simple SPI importance:Background state:IXAppCoordinationStatePlaceholderPromiseNotSet promise-state:01234>: Retaining completion from CoreSimulatorBridge (16923), QOS_CLASS_DEFAULT (0x15)
2026-06-24 00:30:08.787 Df installcoordinationd[55453:955b50] [com.apple.installcoordination:daemon] -[IXSCoordinatedAppInstall setImportance:]: <IXSCoordinatedAppInstall<0x105df4000> [P=CoreSimulatorBridge (pid 16923)] identifier:[com.DefaultCompany.NeonDrift/Invalid/[system-defined]] uuid:D6B4640C-F93E-4808-A9E1-37FF236D0406 intent:IXCoordinatorIntentUpdating creator/appDRI:InstallCoordination Simple SPI importance:UserWaiting state:IXAppCoordinationStatePlaceholderPromiseNotSet promise-state:01234>: set importance to UserWaiting
2026-06-24 00:30:08.788 Df installcoordinationd[55453:955b50] [com.apple.installcoordination:daemon] -[IXSCoordinatedAppInstall _onQueue_fireObserversForClient:]: <IXSCoordinatedAppInstall<0x105df4000> [P=CoreSimulatorBridge (pid 16923)] identifier:[com.DefaultCompany.NeonDrift/Invalid/[system-defined]] uuid:D6B4640C-F93E-4808-A9E1-37FF236D0406 intent:IXCoordinatorIntentUpdating creator/appDRI:InstallCoordination Simple SPI importance:UserWaiting state:IXAppCoordinationStatePlaceholderPromiseNotSet promise-state:01234>: Firing applicable observers for client <IXSClientConnection<0x105c44480> client:CoreSimulatorBridge (pid 16923) uuid:807850CD-602B-4881-A92F-9CDF1896469D>
2026-06-24 00:30:08.788 Df installcoordinationd[55453:955b50] [com.apple.installcoordination:daemon] -[IXSCoordinatedAppInstall setPriorityBoostCompletion:withSourceInfo:]: <IXSCoordinatedAppInstall<0x105df4000> [P=CoreSimulatorBridge (pid 16923)] identifier:[com.DefaultCompany.NeonDrift/Invalid/[system-defined]] uuid:D6B4640C-F93E-4808-A9E1-37FF236D0406 intent:IXCoordinatorIntentUpdating creator/appDRI:InstallCoordination Simple SPI importance:UserWaiting state:IXAppCoordinationStatePlaceholderPromiseNotSet promise-state:01234>: Disposing of completion from CoreSimulatorBridge (16923), QOS_CLASS_DEFAULT (0x15)
2026-06-24 00:30:08.788 Df installcoordinationd[55453:955b50] [com.apple.installcoordination:daemon] -[IXSCoordinatedAppInstall setPriorityBoostCompletion:withSourceInfo:]: <IXSCoordinatedAppInstall<0x105df4000> [P=CoreSimulatorBridge (pid 16923)] identifier:[com.DefaultCompany.NeonDrift/Invalid/[system-defined]] uuid:D6B4640C-F93E-4808-A9E1-37FF236D0406 intent:IXCoordinatorIntentUpdating creator/appDRI:InstallCoordination Simple SPI importance:UserWaiting state:IXAppCoordinationStatePlaceholderPromiseNotSet promise-state:01234>: Retaining completion from CoreSimulatorBridge (16923), QOS_CLASS_DEFAULT (0x15)
2026-06-24 00:30:08.788 Df CoreSimulatorBridge[16923:941cc5] [com.apple.installcoordination:framework] -[IXAppInstallCoordinator _clientDelegate_didRegisterForObservation]: <IXUpdatingAppInstallCoordinator<0x1055ce380> identity:[com.DefaultCompany.NeonDrift/Invalid/[system-defined]] uuid:D6B4640C-F93E-4808-A9E1-37FF236D0406 creator:InstallCoordination Simple SPI>: Got observer registration delegate
2026-06-24 00:30:08.788 Df CoreSimulatorBridge[16923:941cc5] [com.apple.installcoordination:framework] -[IXAppInstallCoordinator _clientDelegate_shouldResume]: <IXUpdatingAppInstallCoordinator<0x1055ce380> identity:[com.DefaultCompany.NeonDrift/Invalid/[system-defined]] uuid:D6B4640C-F93E-4808-A9E1-37FF236D0406 creator:InstallCoordination Simple SPI>: Got should resume delegate
2026-06-24 00:30:08.788 Df CoreSimulatorBridge[16923:953fb3] [com.apple.installcoordination:framework] -[IXAppInstallCoordinator _clientDelegate_didRegisterForObservation]_block_invoke: <IXUpdatingAppInstallCoordinator<0x1055ce380> identity:[com.DefaultCompany.NeonDrift/Invalid/[system-defined]] uuid:D6B4640C-F93E-4808-A9E1-37FF236D0406 creator:InstallCoordination Simple SPI>: Observer <_IXSimpleInstallerDelegate 0x0x1055d6580> does not respond to coordinatorDidRegisterForObservation:
2026-06-24 00:30:08.788 Df CoreSimulatorBridge[16923:953fb3] [com.apple.installcoordination:framework] -[IXAppInstallCoordinator _clientDelegate_shouldResume]_block_invoke: <IXUpdatingAppInstallCoordinator<0x1055ce380> identity:[com.DefaultCompany.NeonDrift/Invalid/[system-defined]] uuid:D6B4640C-F93E-4808-A9E1-37FF236D0406 creator:InstallCoordination Simple SPI>: Observer <_IXSimpleInstallerDelegate 0x0x1055d6580> does not respond to coordinatorShouldResume:
2026-06-24 00:30:08.789 Df installcoordinationd[55453:955b50] [com.apple.installcoordination:daemon] -[IXSCoordinatedAppInstall _internal_setInstallOptionsPromise:performExternalActions:]: <IXSCoordinatedAppInstall<0x105df4000> [P=CoreSimulatorBridge (pid 16923)] identifier:[com.DefaultCompany.NeonDrift/Invalid/[system-defined]] uuid:D6B4640C-F93E-4808-A9E1-37FF236D0406 intent:IXCoordinatorIntentUpdating creator/appDRI:InstallCoordination Simple SPI importance:UserWaiting state:IXAppCoordinationStatePlaceholderPromiseNotSet promise-state:012I4> : install options set: <IXSPromisedInMemoryData(0x105ce5600) Name:MIInstallOptions data Creator:Install Coordination Internal UUID:7DEBAA34-78A8-49D8-A971-C819C1ACA2EA Location:[system-defined]>
2026-06-24 00:30:08.789 Df installcoordinationd[55453:953fd9] [com.apple.installcoordination:daemon] -[IXSCoordinatedAppInstall promiseDidComplete:]: <IXSCoordinatedAppInstall<0x105df4000> [P=CoreSimulatorBridge (pid 16923)] identifier:[com.DefaultCompany.NeonDrift/Invalid/[system-defined]] uuid:D6B4640C-F93E-4808-A9E1-37FF236D0406 intent:IXCoordinatorIntentUpdating creator/appDRI:InstallCoordination Simple SPI importance:UserWaiting state:IXAppCoordinationStatePlaceholderPromiseNotSet promise-state:012I4> : Promise completed: <IXSPromisedInMemoryData(0x105ce5600) Name:MIInstallOptions data Creator:Install Coordination Internal UUID:7DEBAA34-78A8-49D8-A971-C819C1ACA2EA Location:[system-defined]>
2026-06-24 00:30:08.790 Df installcoordinationd[55453:953fd9] [com.apple.appinstallation:TransactionLog] com.DefaultCompany.NeonDrift/Unknown Persona:4:13:1:1:Install Options Promise began. Coordinator State: IXAppCoordinationStatePlaceholderPromiseNotSet
2026-06-24 00:30:08.790 Df installcoordinationd[55453:953fd9] [com.apple.appinstallation:TransactionLog] com.DefaultCompany.NeonDrift/Unknown Persona:4:13:2:1:Install Options Promise completed. Coordinator State: IXAppCoordinationStatePlaceholderPromiseNotSet
2026-06-24 00:30:08.790 Df installcoordinationd[55453:953fd9] [com.apple.installcoordination:daemon] -[IXSCoordinatedAppInstall _internal_setAppAssetPromise:performExternalActions:]: <IXSCoordinatedAppInstall<0x105df4000> [P=CoreSimulatorBridge (pid 16923)] identifier:[com.DefaultCompany.NeonDrift/Invalid/[system-defined]] uuid:D6B4640C-F93E-4808-A9E1-37FF236D0406 intent:IXCoordinatorIntentUpdating creator/appDRI:InstallCoordination Simple SPI importance:UserWaiting state:IXAppCoordinationStatePlaceholderPromiseNotSet promise-state:0a2I4> : App Asset Promise set: <IXSPromisedTransferToPath(0x105ce5000) Name:App Asset: com.DefaultCompany.NeonDrift Creator:InstallCoordination Simple SPI UUID:954B0920-ED31-4E71-AE55-5F0DA49DE7DB Location:[system-defined]>
2026-06-24 00:30:08.790 Df installcoordinationd[55453:953fd9] [com.apple.installcoordination:daemon] -[IXSCoordinatedAppInstall setInitialODRAssetPromises:]: <IXSCoordinatedAppInstall<0x105df4000> [P=CoreSimulatorBridge (pid 16923)] identifier:[com.DefaultCompany.NeonDrift/Invalid/[system-defined]] uuid:D6B4640C-F93E-4808-A9E1-37FF236D0406 intent:IXCoordinatorIntentUpdating creator/appDRI:InstallCoordination Simple SPI importance:UserWaiting state:IXAppCoordinationStatePlaceholderPromiseNotSet promise-state:0a2I4> : Initial ODR Asset Promises set: (
)
2026-06-24 00:30:08.791 Df CoreSimulatorBridge[16923:94d14b] [com.apple.installcoordination:framework] -[IXPromisedTransferToPath _performDeltaCopyFrom:toDestination:]: Performing delta copy from /Users/dragonkao/.openclaw/workspace/382b9e3384298039b171c9b2a60ae644/NeonDrift_MVP/project/xcode_derived_data/Build/Products/Release-iphonesimulator/NeonDrift.app to /Users/dragonkao/Library/Developer/CoreSimulator/Devices/CCB1E793-CED4-4FCD-BF73-321AAEA77AB9/data/Containers/Shared/SystemGroup/systemgroup.com.apple.installcoordinationd/Library/InstallCoordination/PromiseStaging/954B0920-ED31-4E71-AE55-5F0DA49DE7DB/NeonDrift.app with installed bundle at /Users/dragonkao/Library/Developer/CoreSimulator/Devices/CCB1E793-CED4-4FCD-BF73-321AAEA77AB9/data/Containers/Bundle/Application/81DFA0A3-B5C7-41C7-B7B1-ACA4C2A15320/NeonDrift.app
2026-06-24 00:30:08.791 Df CoreSimulatorBridge[16923:94d14b] (MobileSystemServices) 0x16db5f000 MDMCreateDeltaDirectory: calling MDMDirectoryDiff with:
state->old_bundle: /Users/dragonkao/Library/Developer/CoreSimulator/Devices/CCB1E793-CED4-4FCD-BF73-321AAEA77AB9/data/Containers/Bundle/Application/81DFA0A3-B5C7-41C7-B7B1-ACA4C2A15320/NeonDrift.app
state->new_bundle: /Users/dragonkao/.openclaw/workspace/382b9e3384298039b171c9b2a60ae644/NeonDrift_MVP/project/xcode_derived_data/Build/Products/Release-iphonesimulator/NeonDrift.app
state->dst_bundle: /Users/dragonkao/Library/Developer/CoreSimulator/Devices/CCB1E793-CED4-4FCD-BF73-321AAEA77AB9/data/Containers/Shared/SystemGroup/systemgroup.com.apple.installcoordinationd/Library/InstallCoordination/PromiseStaging/954B0920-ED31-4E71-AE55-5F0DA49DE7DB/NeonDrift.app/Payload//NeonDrift.app, binaryDiff flag: FALSE
	dst_ipa: /Users/dragonkao/Library/Developer/CoreSimulator/Devices/CCB1E793-CED4-4FCD-BF73-321AAEA77AB9/data/Containers/Shared/SystemGroup/systemgroup.com.apple.installcoordinationd/Library/InstallCoordination/PromiseStaging/954B0<…>
2026-06-24 00:30:08.793 Df CoreSimulatorBridge[16923:94d14b] [com.apple.installcoordination:framework] -[IXPromisedTransferToPath setComplete:]: <IXPromisedTransferToPath<0x1055ce680> name:"App Asset: com.DefaultCompany.NeonDrift" uuid:954B0920-ED31-4E71-AE55-5F0DA49DE7DB creator:"InstallCoordination Simple SPI" location:[system-defined]> Delta Copy operation from /Users/dragonkao/.openclaw/workspace/382b9e3384298039b171c9b2a60ae644/NeonDrift_MVP/project/xcode_derived_data/Build/Products/Release-iphonesimulator/NeonDrift.app to /Users/dragonkao/Library/Developer/CoreSimulator/Devices/CCB1E793-CED4-4FCD-BF73-321AAEA77AB9/data/Containers/Shared/SystemGroup/systemgroup.com.apple.installcoordinationd/Library/InstallCoordination/PromiseStaging/954B0920-ED31-4E71-AE55-5F0DA49DE7DB/NeonDrift.app took 0.002110 seconds
2026-06-24 00:30:08.793 Df installcoordinationd[55453:953fd9] [com.apple.installcoordination:daemon] -[IXSDataPromise _setPercentComplete:saveStateIfNeeded:]: Progress: <IXSPromisedTransferToPath(0x105ce5000) Name:App Asset: com.DefaultCompany.NeonDrift Creator:InstallCoordination Simple SPI UUID:954B0920-ED31-4E71-AE55-5F0DA49DE7DB Location:[system-defined]>
2026-06-24 00:30:08.793 Df installcoordinationd[55453:953fb2] [com.apple.appinstallation:TransactionLog] com.DefaultCompany.NeonDrift/Unknown Persona:4:10:1:1:App Asset Promise began. Coordinator State: IXAppCoordinationStatePlaceholderPromiseNotSet
2026-06-24 00:30:08.793 Df CoreSimulatorBridge[16923:941cc5] [com.apple.installcoordination:framework] -[IXAppInstallCoordinator _clientDelegate_promiseDidBeginFulfillmentWithIdentifier:]: <IXUpdatingAppInstallCoordinator<0x1055ce380> identity:[com.DefaultCompany.NeonDrift/Invalid/[system-defined]] uuid:D6B4640C-F93E-4808-A9E1-37FF236D0406 creator:InstallCoordination Simple SPI>: Got promise did begin fulfillment for identifier 2
2026-06-24 00:30:08.794 Df CoreSimulatorBridge[16923:941cc5] [com.apple.installcoordination:framework] -[IXAppInstallCoordinator _clientDelegate_promiseDidBeginFulfillmentWithIdentifier:]_block_invoke: <IXUpdatingAppInstallCoordinator<0x1055ce380> identity:[com.DefaultCompany.NeonDrift/Invalid/[system-defined]] uuid:D6B4640C-F93E-4808-A9E1-37FF236D0406 creator:InstallCoordination Simple SPI>: Observer <_IXSimpleInstallerDelegate 0x0x1055d6580> does not respond to coordinator:configuredPromiseDidBeginFulfillment: (or any deprecated equivalent)
2026-06-24 00:30:08.794 Df installcoordinationd[55453:955b50] [com.apple.installcoordination:daemon] -[IXSCoordinatedAppInstall promiseDidComplete:]: <IXSCoordinatedAppInstall<0x105df4000> [P=CoreSimulatorBridge (pid 16923)] identifier:[com.DefaultCompany.NeonDrift/Invalid/[system-defined]] uuid:D6B4640C-F93E-4808-A9E1-37FF236D0406 intent:IXCoordinatorIntentUpdating creator/appDRI:InstallCoordination Simple SPI importance:UserWaiting state:IXAppCoordinationStatePlaceholderPromiseNotSet promise-state:0A2I4> : Promise completed: <IXSPromisedTransferToPath(0x105ce5000) Name:App Asset: com.DefaultCompany.NeonDrift Creator:InstallCoordination Simple SPI UUID:954B0920-ED31-4E71-AE55-5F0DA49DE7DB Location:[system-defined]>
2026-06-24 00:30:08.794 Df installcoordinationd[55453:953fb2] [com.apple.appinstallation:TransactionLog] com.DefaultCompany.NeonDrift/Unknown Persona:4:10:2:1:App Asset Promise completed. Coordinator State: IXAppCoordinationStatePlaceholderPromiseNotSet
2026-06-24 00:30:08.794 Df CoreSimulatorBridge[16923:953fb3] [com.apple.installcoordination:framework] -[IXAppInstallCoordinator _clientDelegate_didUpdateProgress:forPhase:overallProgress:]: <IXUpdatingAppInstallCoordinator<0x1055ce380> identity:[com.DefaultCompany.NeonDrift/Invalid/[system-defined]] uuid:D6B4640C-F93E-4808-A9E1-37FF236D0406 creator:InstallCoordination Simple SPI>: Got did update progress delegate with percentComplete 100.000000 phase IXCoordinatorProgressPhaseLoading overallProgress 60.000000
2026-06-24 00:30:08.794 Df CoreSimulatorBridge[16923:953fb3] [com.apple.installcoordination:framework] -[IXAppInstallCoordinator _clientDelegate_didUpdateProgress:forPhase:overallProgress:]_block_invoke: <IXUpdatingAppInstallCoordinator<0x1055ce380> identity:[com.DefaultCompany.NeonDrift/Invalid/[system-defined]] uuid:D6B4640C-F93E-4808-A9E1-37FF236D0406 creator:InstallCoordination Simple SPI>: Calling selector coordinator:didUpdateProgress:forPhase:overallProgress: on observer <_IXSimpleInstallerDelegate 0x0x1055d6580>
2026-06-24 00:30:08.794 Df installcoordinationd[55453:955b56] [com.apple.installcoordination:daemon] -[IXSCoordinatedAppInstall setPlaceholderPromise:]: <IXSCoordinatedAppInstall<0x105df4000> [P=CoreSimulatorBridge (pid 16923)] identifier:[com.DefaultCompany.NeonDrift/Invalid/[system-defined]] uuid:D6B4640C-F93E-4808-A9E1-37FF236D0406 intent:IXCoordinatorIntentUpdating creator/appDRI:InstallCoordination Simple SPI importance:UserWaiting state:IXAppCoordinationStateReadyForPlaceholderInstall promise-state:PA2I4> : Placeholder Promise set: <IXSPlaceholder(0x105d0c500) Name:App Placeholder: NeonDrift (com.DefaultCompany.NeonDrift) Creator:InstallCoordination Simple SPI UUID:FFC57DFC-24FD-4257-99FE-BC18217692BE Location:[system-defined]>
2026-06-24 00:30:08.794 Df installcoordinationd[55453:953fb2] [com.apple.installcoordination:daemon] -[IXSCoordinatedAppInstall promiseDidComplete:]: <IXSCoordinatedAppInstall<0x105df4000> [P=CoreSimulatorBridge (pid 16923)] identifier:[com.DefaultCompany.NeonDrift/Invalid/[system-defined]] uuid:D6B4640C-F93E-4808-A9E1-37FF236D0406 intent:IXCoordinatorIntentUpdating creator/appDRI:InstallCoordination Simple SPI importance:UserWaiting state:IXAppCoordinationStateReadyForPlaceholderInstall promise-state:PA2I4> : Promise completed: <IXSPlaceholder(0x105d0c500) Name:App Placeholder: NeonDrift (com.DefaultCompany.NeonDrift) Creator:InstallCoordination Simple SPI UUID:FFC57DFC-24FD-4257-99FE-BC18217692BE Location:[system-defined]>
2026-06-24 00:30:08.794 Df installcoordinationd[55453:955b56] [com.apple.installcoordination:daemon] -[IXSCoordinatedAppInstall _onQueue_acquireAssertionAndInstallPlaceholder]: Acquiring termination assertion to install placeholder for [com.DefaultCompany.NeonDrift/Invalid/[system-defined]]
2026-06-24 00:30:08.794 Df installcoordinationd[55453:955b56] [com.apple.installcoordination:daemon] -[IXSPendingOperationsTracker beginPendingOperationForIdentity:]_block_invoke: Beginning pending operation for [com.DefaultCompany.NeonDrift/Invalid/[system-defined]]
2026-06-24 00:30:08.795 Df installcoordinationd[55453:955b50] [com.apple.runningboard:process] Hit the server for a process handle 127eb78a0000ae62 that resolved to: [app<com.DefaultCompany.NeonDrift((null))>:44642]
2026-06-24 00:30:08.795 Df runningboardd[16896:9544a0] [com.apple.runningboard:connection] Received termination request from [osservice<com.apple.installcoordinationd>:55453] on <RBSProcessPredicate <RBSProcessBundleIdentifierPredicate "com.DefaultCompany.NeonDrift">> with context <RBSTerminateContext| explanation:installcoordinationd app:[com.DefaultCompany.NeonDrift/Invalid/[system-defined]] uuid:D6B4640C-F93E-4808-A9E1-37FF236D0406 isPlaceholder:Y reportType:None maxTerminationResistance:Absolute attrs:[
	<RBSPreventLaunchLimitation| <RBSProcessPredicate <RBSProcessBundleIdentifierPredicate "com.DefaultCompany.NeonDrift">> allow:(null)>
	]>
2026-06-24 00:30:08.795 Df installcoordinationd[55453:955b50] [com.apple.runningboard:monitor] Received state update for 44642 (app<com.DefaultCompany.NeonDrift((null))>, running-active-NotVisible
2026-06-24 00:30:08.795 Df runningboardd[16896:95449a] [com.apple.runningboard:general] Found 0 extensions contained in com.DefaultCompany.NeonDrift
2026-06-24 00:30:08.795 Df runningboardd[16896:95449a] [com.apple.PlugInKit:holds] <PKManager:0x107069940> hold request for [/Users/dragonkao/Library/Developer/CoreSimulator/Devices/CCB1E793-CED4-4FCD-BF73-321AAEA77AB9/data/Containers/Bundle/Application/81DFA0A3-B5C7-41C7-B7B1-ACA4C2A15320/NeonDrift.app] with flags: 0x4
2026-06-24 00:30:08.796 Df NeonDrift[44642:9541fd] [com.apple.PlugInKit:discovery] Annotations changed, re-performing query for continuous discovery, report block = <0x118947ba0>.
2026-06-24 00:30:08.796 Df NeonDrift[44642:954207] [com.apple.PlugInKit:discovery] Annotations changed, re-performing query for continuous discovery, report block = <0x1188981e0>.
2026-06-24 00:30:08.796 Df NeonDrift[44642:954202] [com.apple.PlugInKit:discovery] Annotations changed, re-performing query for continuous discovery, report block = <0x118947de0>.
2026-06-24 00:30:08.796 Df runningboardd[16896:95449a] [com.apple.PlugInKit:holds] <PKManager:0x107069940> hold request for [/Users/dragonkao/Library/Developer/CoreSimulator/Devices/CCB1E793-CED4-4FCD-BF73-321AAEA77AB9/data/Containers/Bundle/Application/81DFA0A3-B5C7-41C7-B7B1-ACA4C2A15320/NeonDrift.app] with flags: 0x4 completed with hold token: [C2280EFF-6DD9-443C-9E48-A7841DBF3DD8]
2026-06-24 00:30:08.796 Df NeonDrift[44642:9541fd] [com.apple.PlugInKit:discovery] [d CA8F5E0B-17B7-49B9-B89C-6F320BB26EEE] <PKHost:0x11894c4c0> Beginning discovery for flags: 0, point: com.apple.AudioUnit
2026-06-24 00:30:08.796 Df NeonDrift[44642:954207] [com.apple.PlugInKit:discovery] [d 3594293B-13D1-4ACF-9EFE-550706B69191] <PKHost:0x11894c4c0> Beginning discovery for flags: 0, point: com.apple.AudioUnit-Speech
2026-06-24 00:30:08.796 Df runningboardd[16896:95449a] [com.apple.runningboard:ttl] Acquiring assertion targeting system from originator [osservice<com.apple.installcoordinationd>:55453] with description <RBSAssertionDescriptor| "installcoordinationd app:[com.DefaultCompany.NeonDrift/Invalid/[system-defined]] uuid:D6B4640C-F93E-4808-A9E1-37FF236D0406 isPlaceholder:Y" ID:16896-55453-10048 target:system attributes:[
	<RBSPreventLaunchLimitation| <RBSProcessPredicate <RBSProcessBundleIdentifierPredicate "com.DefaultCompany.NeonDrift">> allow:(null)>
	]>
2026-06-24 00:30:08.796 Df NeonDrift[44642:954202] [com.apple.PlugInKit:discovery] [d 5DB6E0D5-ACC0-4A62-9CBB-6AFC0337CDC4] <PKHost:0x11894c4c0> Beginning discovery for flags: 0, point: com.apple.AudioUnit-UI
2026-06-24 00:30:08.796 Df runningboardd[16896:95449a] [com.apple.runningboard:process] Executing termination request for: <RBSProcessPredicate <RBSProcessBundleIdentifierPredicate "com.DefaultCompany.NeonDrift">>
2026-06-24 00:30:08.796 Df runningboardd[16896:95449a] [com.apple.runningboard:process] [app<com.DefaultCompany.NeonDrift((null))>:44642] Terminating with context: <RBSTerminateContext| explanation:installcoordinationd app:[com.DefaultCompany.NeonDrift/Invalid/[system-defined]] uuid:D6B4640C-F93E-4808-A9E1-37FF236D0406 isPlaceholder:Y reportType:None maxTerminationResistance:Absolute attrs:[
	<RBSPreventLaunchLimitation| <RBSProcessPredicate <RBSProcessBundleIdentifierPredicate "com.DefaultCompany.NeonDrift">> allow:(null)>
	]>
2026-06-24 00:30:08.796 Df SpringBoard[16891:643be3] [com.apple.SpringBoard:Common] termination assertion acquired for com.DefaultCompany.NeonDrift
2026-06-24 00:30:08.796 Df runningboardd[16896:95449a] [com.apple.runningboard:process] [app<com.DefaultCompany.NeonDrift((null))>:44642] terminate_with_reason() success
2026-06-24 00:30:08.796 Df SpringBoard[16891:643be3] [com.apple.SpringBoard:Icon] 0x10a554000-SBApplicationIcon Data source did change: <SBApplication: 0x128fe1100; com.DefaultCompany.NeonDrift> {
    processState = <SBApplicationProcessState: 0x12212ed40; pid: 44642; taskState: Running; visibility: Foreground>;
} (SBApplication)
2026-06-24 00:30:08.797 Df SpringBoard[16891:955b58] [com.apple.FrontBoard:ProcessWorkspace] [app<com.DefaultCompany.NeonDrift>:44642] Workspace connection invalidated.
2026-06-24 00:30:08.797 Df SpringBoard[16891:955b58] [com.apple.FrontBoard:Process] [app<com.DefaultCompany.NeonDrift>:44642] Now flagged as pending exit for reason: workspace client connection invalidated
2026-06-24 00:30:08.797 Df backboardd[16914:955b5d] [com.apple.iohid:default] Connection removed: IOHIDEventSystemConnection uuid:3D7D3FE1-15C7-4C7E-A7A8-1CC5748B2911 pid:44642 process:NeonDrift type:Passive entitlements:0x0 caller:BackBoardServices: ___getHIDEventSystemClient_block_invoke + 296 attributes:{
    HighFrequency = 0;
    bundleID = "com.DefaultCompany.NeonDrift";
    pid = 44642;
} state:0x1 events:0 mask:0x0 dropped:0 dropStatus:0 droppedMask:0x0 lastDroppedTime:NONE
2026-06-24 00:30:08.797 Df backboardd[16914:955b5f] [com.apple.iohid:default] Connection removed: IOHIDEventSystemConnection uuid:30971377-5CE0-47EC-A5C6-82A9C7F77D80 pid:44642 process:NeonDrift type:Monitor entitlements:0x0 caller:GameControllerFoundation: -[GCHIDEventSystemClient initWithQueue:type:attributes:functions:] + 116 attributes:(null) state:0x1 events:0 mask:0x0 dropped:0 dropStatus:0 droppedMask:0x0 lastDroppedTime:NONE
2026-06-24 00:30:08.797 Df backboardd[16914:955b5d] [com.apple.BackBoard:HID] Removing client connection <BKHIDClientConnection: 0x10dd3e700; IOHIDEventSystemConnectionRef: 0x105ebce00; vpid: 44642(v192CFF); taskPort: 0x214E3; bundleID: com.DefaultCompany.NeonDrift> for client: IOHIDEventSystemConnection uuid:3D7D3FE1-15C7-4C7E-A7A8-1CC5748B2911 pid:44642 process:NeonDrift type:Passive entitlements:0x0 caller:BackBoardServices: ___getHIDEventSystemClient_block_invoke + 296 attributes:{
    HighFrequency = 0;
    bundleID = "com.DefaultCompany.NeonDrift";
    pid = 44642;
} state:0x1 events:0 mask:0x0 dropped:0 dropStatus:0 droppedMask:0x0 lastDroppedTime:NONE source:HID
2026-06-24 00:30:08.797 Df SpringBoard[16891:955b58] [com.apple.KeyboardArbiter:Handle] com.DefaultCompany.NeonDrift(44642) lostConnection (invalidation)
2026-06-24 00:30:08.797 Df installcoordinationd[55453:955b56] [com.apple.runningboard:assertion] Setting up death monitor for [app<com.DefaultCompany.NeonDrift((null))>:44642]
2026-06-24 00:30:08.797 Df installcoordinationd[55453:955b56] [com.apple.runningboard:process] Starting death monitoring for handle [app<com.DefaultCompany.NeonDrift((null))>:44642]
2026-06-24 00:30:08.797 Df runningboardd[16896:95449a] [com.apple.runningboard:process] XPC connection invalidated: [app<com.DefaultCompany.NeonDrift((null))>:44642]
2026-06-24 00:30:08.797 Df installcoordinationd[55453:953fb2] [com.apple.appinstallation:TransactionLog] com.DefaultCompany.NeonDrift/Unknown Persona:4:9:1:1:Placeholder Promise began. Coordinator State: IXAppCoordinationStateWaitingForPlaceholderAssertion
2026-06-24 00:30:08.797 Df installcoordinationd[55453:953fb2] [com.apple.installcoordination:daemon] -[IXSCoordinatorProgress setTotalUnitsCompleted:]: Progress for coordinator: [com.DefaultCompany.NeonDrift/Invalid/[system-defined]], Phase: IXCoordinatorProgressPhaseLoading, Percentage: 100.000000: Attempt to set units completed on finished progress: 100
2026-06-24 00:30:08.797 Df installcoordinationd[55453:953fb2] [com.apple.appinstallation:TransactionLog] com.DefaultCompany.NeonDrift/Unknown Persona:4:9:2:1:Placeholder Promise completed. Coordinator State: IXAppCoordinationStateWaitingForPlaceholderAssertion
2026-06-24 00:30:08.797 Df CoreSimulatorBridge[16923:953fb3] [com.apple.installcoordination:framework] -[IXAppInstallCoordinator _clientDelegate_promiseDidBeginFulfillmentWithIdentifier:]: <IXUpdatingAppInstallCoordinator<0x1055ce380> identity:[com.DefaultCompany.NeonDrift/Invalid/[system-defined]] uuid:D6B4640C-F93E-4808-A9E1-37FF236D0406 creator:InstallCoordination Simple SPI>: Got promise did begin fulfillment for identifier 1
2026-06-24 00:30:08.797 Df CoreSimulatorBridge[16923:953fb3] [com.apple.installcoordination:framework] -[IXAppInstallCoordinator _clientDelegate_promiseDidBeginFulfillmentWithIdentifier:]_block_invoke: <IXUpdatingAppInstallCoordinator<0x1055ce380> identity:[com.DefaultCompany.NeonDrift/Invalid/[system-defined]] uuid:D6B4640C-F93E-4808-A9E1-37FF236D0406 creator:InstallCoordination Simple SPI>: Observer <_IXSimpleInstallerDelegate 0x0x1055d6580> does not respond to coordinator:configuredPromiseDidBeginFulfillment: (or any deprecated equivalent)
2026-06-24 00:30:08.798 Df SpringBoard[16891:955b58] [com.apple.KeyboardArbiter:Handle] RX com.DefaultCompany.NeonDrift(44642) setWindowContextID:0 windowState:Disabled level:0.0
    focusContext:(null)
2026-06-24 00:30:08.798 Df backboardd[16914:94dab1] [com.apple.BackBoard:EventDelivery] chain did update (setDeferringRules) <keyboardFocus; display: null> containsEndOfChain: YES; [
    <token: com.apple.frontboard.systemappservices/FBSceneManager:com.apple.springboard; pid: 16891>,
    <token: com.apple.frontboard.systemappservices/FBSceneManager:sceneID%3Acom.DefaultCompany.NeonDrift-default; pid: 44642>
]
2026-06-24 00:30:08.798 Df backboardd[16914:94dab1] [com.apple.BackBoard:EventDelivery] chain did update (setDeferringRules) <keyboardFocus; display: builtin> containsEndOfChain: YES; [
    <token: com.apple.frontboard.systemappservices/FBSceneManager:com.apple.springboard; pid: 16891>,
    <token: com.apple.frontboard.systemappservices/FBSceneManager:sceneID%3Acom.DefaultCompany.NeonDrift-default; pid: 44642>
]
2026-06-24 00:30:08.798 Df SpringBoard[16891:643be3] [com.apple.SpringBoard:KeyboardFocus] [coordinator] using MRU target <com.apple.frontboard.systemappservices/FBSceneManager:sceneID%3Acom.DefaultCompany.NeonDrift-default pid:44642>
2026-06-24 00:30:08.798 Df SpringBoard[16891:643be3] [com.apple.SpringBoard:KeyboardFocus] [coordinator] informing scene controller 'com.apple.springboard' of focusTarget: <com.apple.frontboard.systemappservices/FBSceneManager:sceneID%3Acom.DefaultCompany.NeonDrift-default pid:44642>
2026-06-24 00:30:08.798 Df SpringBoard[16891:643be3] [com.apple.SpringBoard:KeyboardFocus] [coordinator] keyboard arbiter suggested <nothing> and we replied <com.apple.frontboard.systemappservices/FBSceneManager:sceneID%3Acom.DefaultCompany.NeonDrift-default pid:44642>
2026-06-24 00:30:08.798 E  SpringBoard[16891:955b60] [com.apple.UIKit:KeyboardArbiter] Advisor: No handle found for currently focused PID: 44642; sceneIdentity: com.apple.frontboard.systemappservices/FBSceneManager:sceneID%3Acom.DefaultCompany.NeonDrift-default
2026-06-24 00:30:08.807 Df launchd_sim[16886:9559de] [user/501/UIKitApplication:com.DefaultCompany.NeonDrift[9880][rb-legacy] [44642]:] exited with exit reason (namespace: 15 code: 0x0) - OS_REASON_RUNNINGBOARD | <RBSTerminateContext| explanation:installcoordinationd app:[com.DefaultCompany.NeonDrift/Invalid/[system-defined]] uuid:D6B4640C-F93E-4808-A9E1-37FF236D0406 isPlaceholder:Y reportType:None maxTerminationResistance:Absolute attrs:[
	<RBSPreventLaunchLimitation| <RBSProcessPredicate <RBSProcessBundleIdentifierPredicate "com.DefaultCompany.NeonDrift">> allow:(null)>
	]>, ran for 106622ms
2026-06-24 00:30:08.807 Df launchd_sim[16886:9559de] [user/501:] service inactive: UIKitApplication:com.DefaultCompany.NeonDrift[9880][rb-legacy]
2026-06-24 00:30:08.807 Df runningboardd[16896:95449a] [com.apple.runningboard:ttl] [app<com.DefaultCompany.NeonDrift((null))>:44642] termination reported by launchd (15, 0, 9)
2026-06-24 00:30:08.807 Df runningboardd[16896:95449a] [com.apple.runningboard:process] Removing process: [app<com.DefaultCompany.NeonDrift((null))>:44642]
2026-06-24 00:30:08.807 Df runningboardd[16896:95449a] [com.apple.runningboard:job] Removing launch job for: [app<com.DefaultCompany.NeonDrift((null))>:44642]
2026-06-24 00:30:08.807 Df launchd_sim[16886:9557ac] [user/501:] removing service: UIKitApplication:com.DefaultCompany.NeonDrift[9880][rb-legacy]
2026-06-24 00:30:08.807 Df runningboardd[16896:95449a] [com.apple.runningboard:job] Removed job for [app<com.DefaultCompany.NeonDrift((null))>:44642]
2026-06-24 00:30:08.807 Df runningboardd[16896:95449a] [com.apple.runningboard:process] Removing assertions for terminated process: [app<com.DefaultCompany.NeonDrift((null))>:44642]
2026-06-24 00:30:08.807 Df runningboardd[16896:95449a] [com.apple.runningboard:assertion] Removed last relative-start-date-defining assertion for process app<com.DefaultCompany.NeonDrift((null))>
2026-06-24 00:30:08.808 Df runningboardd[16896:9544a0] [com.apple.runningboard:process] Notifying connection [osservice<com.apple.SpringBoard>:16891] that process [app<com.DefaultCompany.NeonDrift((null))>:44642] exited with context <RBSProcessExitContext| specific, status:<RBSProcessExitStatus| domain:runningboard(15) code:0>>
2026-06-24 00:30:08.808 Df runningboardd[16896:95449a] [com.apple.runningboard:monitor] Calculated state for app<com.DefaultCompany.NeonDrift((null))>: none (role: None) (endowments: (null))
2026-06-24 00:30:08.808 Df SpringBoard[16891:955b58] [com.apple.FrontBoard:ProcessWorkspace] [app<com.DefaultCompany.NeonDrift>:44642] Workspace assertion invalidated: <NSError: 0x12202a820; domain: RBSAssertionErrorDomain; code: 1; "Assertions were invalidated, count = 3.
16896-16891-10039: invalidation reason: 1
16896-16891-10044: invalidation reason: 1
16896-16891-10040: invalidation reason: 1">
2026-06-24 00:30:08.808 Df runningboardd[16896:9544a0] [com.apple.runningboard:process] Notifying connection [osservice<com.apple.installcoordinationd>:55453] that process [app<com.DefaultCompany.NeonDrift((null))>:44642] exited with context <RBSProcessExitContext| specific, status:<RBSProcessExitStatus| domain:runningboard(15) code:0>>
2026-06-24 00:30:08.808 Df SpringBoard[16891:955b58] [com.apple.runningboard:process] Calling process death completion block for handle [app<com.DefaultCompany.NeonDrift((null))>:44642]
2026-06-24 00:30:08.808 Df runningboardd[16896:95449a] [com.apple.runningboard:monitor] Calculated state for app<com.DefaultCompany.NeonDrift((null))>: none (role: None) (endowments: (null))
2026-06-24 00:30:08.808 Df SpringBoard[16891:955b58] [com.apple.FrontBoard:Process] [app<com.DefaultCompany.NeonDrift>:44642] Process exited: <RBSProcessExitContext| specific, status:<RBSProcessExitStatus| domain:runningboard(15) code:0>>.
2026-06-24 00:30:08.808 Df SpringBoard[16891:955b58] [com.apple.FrontBoard:Process] [app<com.DefaultCompany.NeonDrift>:44642] Setting process task state to: Not Running
2026-06-24 00:30:08.808 Df SpringBoard[16891:955b58] [com.apple.FrontBoard:Process] [app<com.DefaultCompany.NeonDrift>:44642] Setting process visibility to: Unknown
2026-06-24 00:30:08.808 Df SpringBoard[16891:954b42] [com.apple.FrontBoard:ProcessWorkspace] [app<com.DefaultCompany.NeonDrift>:44642] Invalidating workspace.
