Timestamp               Ty Process[PID:TID]
2026-06-28 20:42:10.685 Df CoreSimulatorBridge[59534:deb2e0] Request received for installation of file:///Users/dragonkao/.openclaw/workspace/382b9e3384298039b171c9b2a60ae644/NeonDrift_MVP/project/xcode_derived_data/Build/Products/Release-iphonesimulator/NeonDrift.run.1782650479.26426.app/ with options: {
    PackageType = Developer;
    SimulatorRootPath = "/Library/Developer/CoreSimulator/Volumes/iOS_23E254a/Library/Developer/CoreSimulator/Profiles/Runtimes/iOS 26.4.simruntime/Contents/Resources/RuntimeRoot";
    SimulatorUserPath = "/Users/dragonkao/Library/Developer/CoreSimulator/Devices/CC47DE7A-8196-4465-A5A5-BB852C9C6C82/data";
}
2026-06-28 20:42:10.686 Df CoreSimulatorBridge[59534:deb2e0] [com.apple.installcoordination:framework] +[IXAppInstallCoordinator(IXSimpleInstaller) _beginInstallForURL:forPersonaUniqueString:consumeSource:options:progressBlock:completionWithIdentity:]: Beginning install for /Users/dragonkao/.openclaw/workspace/382b9e3384298039b171c9b2a60ae644/NeonDrift_MVP/project/xcode_derived_data/Build/Products/Release-iphonesimulator/NeonDrift.run.1782650479.26426.app consuming source:N options:{
    IsUserInitiated = 1;
    PackageType = Developer;
} installationRequestorAuditToken: NULL
2026-06-28 20:42:10.691 Df installcoordinationd[59719:daaaec] [com.apple.installcoordination:daemon] -[IXSDataPromiseManager registerPromise:]: Registered promise <IXSPlaceholder(0x103d24500) Name:App Placeholder: NeonDrift.run.1782650479.26426 (com.DefaultCompany.NeonDrift.run.1782650479.26426) Creator:InstallCoordination Simple SPI UUID:810AA5D0-E4A5-4D5C-BD9D-2DEC261440F7 Location:[system-defined]> for UUID 810AA5D0-E4A5-4D5C-BD9D-2DEC261440F7
2026-06-28 20:42:10.692 Df installcoordinationd[59719:daaaec] [com.apple.installcoordination:daemon] -[IXSPlaceholder setAttributes:]: <IXSPlaceholder(0x103d24500) Name:App Placeholder: NeonDrift.run.1782650479.26426 (com.DefaultCompany.NeonDrift.run.1782650479.26426) Creator:InstallCoordination Simple SPI UUID:810AA5D0-E4A5-4D5C-BD9D-2DEC261440F7 Location:[system-defined]>: setting placeholder attributes to <IXPlaceholderAttributes<0x103cc86e0> : {
    CFBundleShortVersionString = "1.0";
    CFBundleSupportedPlatforms =     (
        iPhoneSimulator
    );
    CFBundleVersion = 0;
    DTPlatformName = iphonesimulator;
    LSRequiresIPhoneOS = 1;
    MinimumOSVersion = "13.0";
    UIDeviceFamily =     (
        1,
        2
    );
    UIRequiredDeviceCapabilities =     {
        arm64 = 1;
        metal = 1;
    };
}>
2026-06-28 20:42:10.693 Df CoreSimulatorBridge[59534:df865d] [com.apple.installcoordination:framework] +[IXPlaceholder _setEntitlementsFromBundleExecutableURL:withBundleID:client:onPlaceholder:location:error:]: Executable for com.DefaultCompany.NeonDrift.run.1782650479.26426 at NeonDrift.run.1782650479.26426 -- file:///Users/dragonkao/.openclaw/workspace/382b9e3384298039b171c9b2a60ae644/NeonDrift_MVP/project/xcode_derived_data/Build/Products/Release-iphonesimulator/NeonDrift.run.1782650479.26426.app/ had no entitlements
2026-06-28 20:42:10.693 Df CoreSimulatorBridge[59534:df865d] [com.apple.installcoordination:framework] +[IXPlaceholder _placeholderForBundle:client:withParent:installType:metadata:placeholderType:mayBeDeltaPackage:isFromSerializedPlaceholder:location:error:]: Using full fidelity icons for com.DefaultCompany.NeonDrift.run.1782650479.26426 at /Users/dragonkao/.openclaw/workspace/382b9e3384298039b171c9b2a60ae644/NeonDrift_MVP/project/xcode_derived_data/Build/Products/Release-iphonesimulator/NeonDrift.run.1782650479.26426.app
2026-06-28 20:42:10.693 Df installcoordinationd[59719:daaaec] [com.apple.installcoordination:daemon] -[IXSDataPromiseManager registerPromise:]: Registered promise <IXSPromisedTransferToPath(0x103cf8f00) Name:Icon resources for com.DefaultCompany.NeonDrift.run.1782650479.26426 Creator:InstallCoordination Simple SPI UUID:4777463E-EBED-4CB6-9A50-E46C698073E7 Location:[system-defined]> for UUID 4777463E-EBED-4CB6-9A50-E46C698073E7
2026-06-28 20:42:10.696 Df CoreSimulatorBridge[59534:df865d] [com.apple.installcoordination:framework] -[IXPromisedTransferToPath setComplete:]: <IXPromisedTransferToPath<0x103c91a80> name:"Icon resources for com.DefaultCompany.NeonDrift.run.1782650479.26426" uuid:4777463E-EBED-4CB6-9A50-E46C698073E7 creator:"InstallCoordination Simple SPI" location:[system-defined]> Move operation from /Users/dragonkao/Library/Developer/CoreSimulator/Devices/CC47DE7A-8196-4465-A5A5-BB852C9C6C82/data/Containers/Shared/SystemGroup/systemgroup.com.apple.installcoordinationd/Library/InstallCoordination/PromiseStaging/4777463E-EBED-4CB6-9A50-E46C698073E7/temp.duuSxj to /Users/dragonkao/Library/Developer/CoreSimulator/Devices/CC47DE7A-8196-4465-A5A5-BB852C9C6C82/data/Containers/Shared/SystemGroup/systemgroup.com.apple.installcoordinationd/Library/InstallCoordination/PromiseStaging/4777463E-EBED-4CB6-9A50-E46C698073E7/temp.duuSxj took 0.000044 seconds
2026-06-28 20:42:10.697 Df installcoordinationd[59719:daaaec] [com.apple.installcoordination:daemon] -[IXSDataPromise _setPercentComplete:saveStateIfNeeded:]: Progress: <IXSPromisedTransferToPath(0x103cf8f00) Name:Icon resources for com.DefaultCompany.NeonDrift.run.1782650479.26426 Creator:InstallCoordination Simple SPI UUID:4777463E-EBED-4CB6-9A50-E46C698073E7 Location:[system-defined]>
2026-06-28 20:42:10.697 Df installcoordinationd[59719:df865e] [com.apple.installcoordination:daemon] -[IXSDataPromiseManager promiseDidBegin:]: Unowned promise began: <IXSPromisedTransferToPath(0x103cf8f00) Name:Icon resources for com.DefaultCompany.NeonDrift.run.1782650479.26426 Creator:InstallCoordination Simple SPI UUID:4777463E-EBED-4CB6-9A50-E46C698073E7 Location:[system-defined]>
2026-06-28 20:42:10.697 Df installcoordinationd[59719:df865e] [com.apple.installcoordination:daemon] -[IXSDataPromiseManager promise:didUpdateProgress:]: Unowned promise update progress to 1.000000 : <IXSPromisedTransferToPath(0x103cf8f00) Name:Icon resources for com.DefaultCompany.NeonDrift.run.1782650479.26426 Creator:InstallCoordination Simple SPI UUID:4777463E-EBED-4CB6-9A50-E46C698073E7 Location:[system-defined]>
2026-06-28 20:42:10.697 Df installcoordinationd[59719:df865e] [com.apple.installcoordination:daemon] -[IXSDataPromiseManager promiseDidComplete:]: Unowned promise completed: <IXSPromisedTransferToPath(0x103cf8f00) Name:Icon resources for com.DefaultCompany.NeonDrift.run.1782650479.26426 Creator:InstallCoordination Simple SPI UUID:4777463E-EBED-4CB6-9A50-E46C698073E7 Location:[system-defined]>
2026-06-28 20:42:10.698 Df installcoordinationd[59719:df865e] [com.apple.installcoordination:daemon] -[IXSDataPromise _setPercentComplete:saveStateIfNeeded:]: Progress: <IXSPromisedInMemoryDictionary(0x103cf9080) Name:Info.plist icon content for com.DefaultCompany.NeonDrift.run.1782650479.26426 Creator:InstallCoordination Simple SPI UUID:C19EDE6A-BBC4-46A5-AA73-95DAA7B3676E Location:[system-defined]>
2026-06-28 20:42:10.698 Df installcoordinationd[59719:df865e] [com.apple.installcoordination:daemon] -[IXSDataPromiseManager registerPromise:]: Registered promise <IXSPromisedInMemoryDictionary(0x103cf9080) Name:Info.plist icon content for com.DefaultCompany.NeonDrift.run.1782650479.26426 Creator:InstallCoordination Simple SPI UUID:C19EDE6A-BBC4-46A5-AA73-95DAA7B3676E Location:[system-defined]> for UUID C19EDE6A-BBC4-46A5-AA73-95DAA7B3676E
2026-06-28 20:42:10.698 Df installcoordinationd[59719:daaaec] [com.apple.installcoordination:daemon] -[IXSDataPromiseManager promiseDidBegin:]: Unowned promise began: <IXSPromisedInMemoryDictionary(0x103cf9080) Name:Info.plist icon content for com.DefaultCompany.NeonDrift.run.1782650479.26426 Creator:InstallCoordination Simple SPI UUID:C19EDE6A-BBC4-46A5-AA73-95DAA7B3676E Location:[system-defined]>
2026-06-28 20:42:10.698 Df installcoordinationd[59719:daaaec] [com.apple.installcoordination:daemon] -[IXSDataPromiseManager promise:didUpdateProgress:]: Unowned promise update progress to 1.000000 : <IXSPromisedInMemoryDictionary(0x103cf9080) Name:Info.plist icon content for com.DefaultCompany.NeonDrift.run.1782650479.26426 Creator:InstallCoordination Simple SPI UUID:C19EDE6A-BBC4-46A5-AA73-95DAA7B3676E Location:[system-defined]>
2026-06-28 20:42:10.699 Df installcoordinationd[59719:daaaec] [com.apple.installcoordination:daemon] -[IXSDataPromiseManager promiseDidComplete:]: Unowned promise completed: <IXSPromisedInMemoryDictionary(0x103cf9080) Name:Info.plist icon content for com.DefaultCompany.NeonDrift.run.1782650479.26426 Creator:InstallCoordination Simple SPI UUID:C19EDE6A-BBC4-46A5-AA73-95DAA7B3676E Location:[system-defined]>
2026-06-28 20:42:10.699 Df installcoordinationd[59719:df865e] [com.apple.installcoordination:daemon] -[IXSPlaceholder setIconResourcesPromise:]: <IXSPlaceholder(0x103d24500) Name:App Placeholder: NeonDrift.run.1782650479.26426 (com.DefaultCompany.NeonDrift.run.1782650479.26426) Creator:InstallCoordination Simple SPI UUID:810AA5D0-E4A5-4D5C-BD9D-2DEC261440F7 Location:[system-defined]>: setting icon resources promise to <IXSPromisedTransferToPath(0x103cf8f00) Name:Icon resources for com.DefaultCompany.NeonDrift.run.1782650479.26426 Creator:InstallCoordination Simple SPI UUID:4777463E-EBED-4CB6-9A50-E46C698073E7 Location:[system-defined]>
2026-06-28 20:42:10.699 Df installcoordinationd[59719:df865e] [com.apple.installcoordination:daemon] -[IXSPlaceholder setInfoPlistIconContentPromise:]: <IXSPlaceholder(0x103d24500) Name:App Placeholder: NeonDrift.run.1782650479.26426 (com.DefaultCompany.NeonDrift.run.1782650479.26426) Creator:InstallCoordination Simple SPI UUID:810AA5D0-E4A5-4D5C-BD9D-2DEC261440F7 Location:[system-defined]>: setting Info.plist icon content promise to <IXSPromisedInMemoryDictionary(0x103cf9080) Name:Info.plist icon content for com.DefaultCompany.NeonDrift.run.1782650479.26426 Creator:InstallCoordination Simple SPI UUID:C19EDE6A-BBC4-46A5-AA73-95DAA7B3676E Location:[system-defined]>
2026-06-28 20:42:10.700 Df installcoordinationd[59719:df8661] [com.apple.installcoordination:daemon] -[IXSDataPromiseManager promiseDidBegin:]: Unowned promise began: <IXSPlaceholder(0x103d24500) Name:App Placeholder: NeonDrift.run.1782650479.26426 (com.DefaultCompany.NeonDrift.run.1782650479.26426) Creator:InstallCoordination Simple SPI UUID:810AA5D0-E4A5-4D5C-BD9D-2DEC261440F7 Location:[system-defined]>
2026-06-28 20:42:10.700 Df installcoordinationd[59719:df8661] [com.apple.installcoordination:daemon] -[IXSDataPromiseManager promise:didUpdateProgress:]: Unowned promise update progress to 0.000000 : <IXSPlaceholder(0x103d24500) Name:App Placeholder: NeonDrift.run.1782650479.26426 (com.DefaultCompany.NeonDrift.run.1782650479.26426) Creator:InstallCoordination Simple SPI UUID:810AA5D0-E4A5-4D5C-BD9D-2DEC261440F7 Location:[system-defined]>
2026-06-28 20:42:10.700 Df installcoordinationd[59719:df8661] [com.apple.installcoordination:daemon] -[IXSDataPromiseManager promise:didUpdateProgress:]: Unowned promise update progress to 0.000000 : <IXSPlaceholder(0x103d24500) Name:App Placeholder: NeonDrift.run.1782650479.26426 (com.DefaultCompany.NeonDrift.run.1782650479.26426) Creator:InstallCoordination Simple SPI UUID:810AA5D0-E4A5-4D5C-BD9D-2DEC261440F7 Location:[system-defined]>
2026-06-28 20:42:10.701 Df installcoordinationd[59719:daaaec] [com.apple.installcoordination:daemon] -[IXSDataPromise _setPercentComplete:saveStateIfNeeded:]: Progress: <IXSPromisedInMemoryDictionary(0x103cf9200) Name:Localizations for com.DefaultCompany.NeonDrift.run.1782650479.26426 Creator:InstallCoordination Simple SPI UUID:C8947421-B283-4E8A-B96D-97BDE56264AE Location:[system-defined]>
2026-06-28 20:42:10.701 Df installcoordinationd[59719:daaaec] [com.apple.installcoordination:daemon] -[IXSDataPromiseManager registerPromise:]: Registered promise <IXSPromisedInMemoryDictionary(0x103cf9200) Name:Localizations for com.DefaultCompany.NeonDrift.run.1782650479.26426 Creator:InstallCoordination Simple SPI UUID:C8947421-B283-4E8A-B96D-97BDE56264AE Location:[system-defined]> for UUID C8947421-B283-4E8A-B96D-97BDE56264AE
2026-06-28 20:42:10.701 Df installcoordinationd[59719:df8661] [com.apple.installcoordination:daemon] -[IXSDataPromiseManager promiseDidBegin:]: Unowned promise began: <IXSPromisedInMemoryDictionary(0x103cf9200) Name:Localizations for com.DefaultCompany.NeonDrift.run.1782650479.26426 Creator:InstallCoordination Simple SPI UUID:C8947421-B283-4E8A-B96D-97BDE56264AE Location:[system-defined]>
2026-06-28 20:42:10.701 Df installcoordinationd[59719:df8661] [com.apple.installcoordination:daemon] -[IXSDataPromiseManager promise:didUpdateProgress:]: Unowned promise update progress to 1.000000 : <IXSPromisedInMemoryDictionary(0x103cf9200) Name:Localizations for com.DefaultCompany.NeonDrift.run.1782650479.26426 Creator:InstallCoordination Simple SPI UUID:C8947421-B283-4E8A-B96D-97BDE56264AE Location:[system-defined]>
2026-06-28 20:42:10.701 Df installcoordinationd[59719:df8661] [com.apple.installcoordination:daemon] -[IXSDataPromiseManager promiseDidComplete:]: Unowned promise completed: <IXSPromisedInMemoryDictionary(0x103cf9200) Name:Localizations for com.DefaultCompany.NeonDrift.run.1782650479.26426 Creator:InstallCoordination Simple SPI UUID:C8947421-B283-4E8A-B96D-97BDE56264AE Location:[system-defined]>
2026-06-28 20:42:10.702 Df installcoordinationd[59719:daaaec] [com.apple.installcoordination:daemon] -[IXSPlaceholder setLocalizationDictionaryPromise:]: <IXSPlaceholder(0x103d24500) Name:App Placeholder: NeonDrift.run.1782650479.26426 (com.DefaultCompany.NeonDrift.run.1782650479.26426) Creator:InstallCoordination Simple SPI UUID:810AA5D0-E4A5-4D5C-BD9D-2DEC261440F7 Location:[system-defined]>: setting localization dict promise to <IXSPromisedInMemoryDictionary(0x103cf9200) Name:Localizations for com.DefaultCompany.NeonDrift.run.1782650479.26426 Creator:InstallCoordination Simple SPI UUID:C8947421-B283-4E8A-B96D-97BDE56264AE Location:[system-defined]>
2026-06-28 20:42:10.703 Df installcoordinationd[59719:df865e] [com.apple.installcoordination:daemon] -[IXSDataPromiseManager promise:didUpdateProgress:]: Unowned promise update progress to 0.000000 : <IXSPlaceholder(0x103d24500) Name:App Placeholder: NeonDrift.run.1782650479.26426 (com.DefaultCompany.NeonDrift.run.1782650479.26426) Creator:InstallCoordination Simple SPI UUID:810AA5D0-E4A5-4D5C-BD9D-2DEC261440F7 Location:[system-defined]>
2026-06-28 20:42:10.703 Df installcoordinationd[59719:df865e] [com.apple.installcoordination:daemon] -[IXSPlaceholder setConfigurationComplete:]: <IXSPlaceholder(0x103d24500) Name:App Placeholder: NeonDrift.run.1782650479.26426 (com.DefaultCompany.NeonDrift.run.1782650479.26426) Creator:InstallCoordination Simple SPI UUID:810AA5D0-E4A5-4D5C-BD9D-2DEC261440F7 Location:[system-defined]>: setting configuration complete to Y
2026-06-28 20:42:10.703 Df installcoordinationd[59719:df865e] [com.apple.installcoordination:daemon] -[IXSPlaceholder _materialize]: <IXSPlaceholder(0x103d24500) Name:App Placeholder: NeonDrift.run.1782650479.26426 (com.DefaultCompany.NeonDrift.run.1782650479.26426) Creator:InstallCoordination Simple SPI UUID:810AA5D0-E4A5-4D5C-BD9D-2DEC261440F7 Location:[system-defined]>: Materializing placeholder at /Users/dragonkao/Library/Developer/CoreSimulator/Devices/CC47DE7A-8196-4465-A5A5-BB852C9C6C82/data/Containers/Shared/SystemGroup/systemgroup.com.apple.installcoordinationd/Library/InstallCoordination/PromiseStaging/810AA5D0-E4A5-4D5C-BD9D-2DEC261440F7/NeonDrift.run.1782650479.26426.app
2026-06-28 20:42:10.704 Df installcoordinationd[59719:df865e] [com.apple.installcoordination:daemon] -[IXSPlaceholder _materialize]: <IXSPlaceholder(0x103d24500) Name:App Placeholder: NeonDrift.run.1782650479.26426 (com.DefaultCompany.NeonDrift.run.1782650479.26426) Creator:InstallCoordination Simple SPI UUID:810AA5D0-E4A5-4D5C-BD9D-2DEC261440F7 Location:[system-defined]>: Using Info.plist icon content: {
    CFBundleIcons =     {
        CFBundlePrimaryIcon =         {
            CFBundleIconName = AppIcon;
        };
    };
    "CFBundleIcons~ipad" =     {
        CFBundlePrimaryIcon =         {
            CFBundleIconName = AppIcon;
        };
    };
    ISIconPlatform = iPhoneOS;
}
2026-06-28 20:42:10.704 Df installcoordinationd[59719:df865e] [com.apple.installcoordination:daemon] -[IXSPlaceholder _materialize]_block_invoke: <IXSPlaceholder(0x103d24500) Name:App Placeholder: NeonDrift.run.1782650479.26426 (com.DefaultCompany.NeonDrift.run.1782650479.26426) Creator:InstallCoordination Simple SPI UUID:810AA5D0-E4A5-4D5C-BD9D-2DEC261440F7 Location:[system-defined]>: Using icon resource Assets.car
2026-06-28 20:42:10.704 Df installcoordinationd[59719:df865e] [com.apple.installcoordination:daemon] -[IXSPlaceholder _materialize]: <IXSPlaceholder(0x103d24500) Name:App Placeholder: NeonDrift.run.1782650479.26426 (com.DefaultCompany.NeonDrift.run.1782650479.26426) Creator:InstallCoordination Simple SPI UUID:810AA5D0-E4A5-4D5C-BD9D-2DEC261440F7 Location:[system-defined]>: Including lproj localizations for (
)
2026-06-28 20:42:10.705 Df installcoordinationd[59719:daaaec] [com.apple.installcoordination:daemon] -[IXSDataPromiseManager promiseDidComplete:]: Unowned promise completed: <IXSPlaceholder(0x103d24500) Name:App Placeholder: NeonDrift.run.1782650479.26426 (com.DefaultCompany.NeonDrift.run.1782650479.26426) Creator:InstallCoordination Simple SPI UUID:810AA5D0-E4A5-4D5C-BD9D-2DEC261440F7 Location:[system-defined]>
2026-06-28 20:42:10.706 Df installcoordinationd[59719:df865e] [com.apple.installcoordination:daemon] -[IXSDataPromiseManager registerPromise:]: Registered promise <IXSPromisedTransferToPath(0x103cf9380) Name:App Asset: com.DefaultCompany.NeonDrift.run.1782650479.26426 Creator:InstallCoordination Simple SPI UUID:C02B5D59-0221-4B0F-A141-004A33738AFD Location:[system-defined]> for UUID C02B5D59-0221-4B0F-A141-004A33738AFD
2026-06-28 20:42:10.708 Df installcoordinationd[59719:daaaec] [com.apple.installcoordination:daemon] -[IXSCoordinatorManager coordinatorForIdentity:connection:error:creatingIfNotExisting:]_block_invoke: Registered coordinator: <IXSCoordinatedAppInstall<0x103e00000> [P=CoreSimulatorBridge (pid 59534)] identifier:[com.DefaultCompany.NeonDrift.run.1782650479.26426/Invalid/[system-defined]] uuid:80031ED3-1DC0-4095-AA3B-250366A201F4 intent:IXCoordinatorIntentInitiating creator/appDRI:InstallCoordination Simple SPI importance:Background state:IXAppCoordinationStatePlaceholderPromiseNotSet promise-state:01234>
2026-06-28 20:42:10.708 Df installcoordinationd[59719:daaaec] [com.apple.appinstallation:TransactionLog] com.DefaultCompany.NeonDrift.run.1782650479.26426/Unknown Persona:4:1:1:1:Created coordinator with intent IXCoordinatorIntentInitiating for client InstallCoordination Simple SPI
2026-06-28 20:42:10.708 Df installcoordinationd[59719:daaaec] [com.apple.installcoordination:daemon] -[IXSCoordinatedAppInstall setPriorityBoostCompletion:withSourceInfo:]: <IXSCoordinatedAppInstall<0x103e00000> [P=CoreSimulatorBridge (pid 59534)] identifier:[com.DefaultCompany.NeonDrift.run.1782650479.26426/Invalid/[system-defined]] uuid:80031ED3-1DC0-4095-AA3B-250366A201F4 intent:IXCoordinatorIntentInitiating creator/appDRI:InstallCoordination Simple SPI importance:Background state:IXAppCoordinationStatePlaceholderPromiseNotSet promise-state:01234>: Retaining completion from CoreSimulatorBridge (59534), QOS_CLASS_DEFAULT (0x15)
2026-06-28 20:42:10.708 Df installcoordinationd[59719:daaaec] [com.apple.installcoordination:daemon] -[IXSCoordinatedAppInstall setImportance:]: <IXSCoordinatedAppInstall<0x103e00000> [P=CoreSimulatorBridge (pid 59534)] identifier:[com.DefaultCompany.NeonDrift.run.1782650479.26426/Invalid/[system-defined]] uuid:80031ED3-1DC0-4095-AA3B-250366A201F4 intent:IXCoordinatorIntentInitiating creator/appDRI:InstallCoordination Simple SPI importance:UserWaiting state:IXAppCoordinationStatePlaceholderPromiseNotSet promise-state:01234>: set importance to UserWaiting
2026-06-28 20:42:10.709 Df installcoordinationd[59719:daaaec] [com.apple.installcoordination:daemon] -[IXSCoordinatedAppInstall _onQueue_fireObserversForClient:]: <IXSCoordinatedAppInstall<0x103e00000> [P=CoreSimulatorBridge (pid 59534)] identifier:[com.DefaultCompany.NeonDrift.run.1782650479.26426/Invalid/[system-defined]] uuid:80031ED3-1DC0-4095-AA3B-250366A201F4 intent:IXCoordinatorIntentInitiating creator/appDRI:InstallCoordination Simple SPI importance:UserWaiting state:IXAppCoordinationStatePlaceholderPromiseNotSet promise-state:01234>: Firing applicable observers for client <IXSClientConnection<0x103c58960> client:CoreSimulatorBridge (pid 59534) uuid:06354130-8D8D-452E-B174-47CC906E924E>
2026-06-28 20:42:10.709 Df installcoordinationd[59719:daaaec] [com.apple.installcoordination:daemon] -[IXSCoordinatedAppInstall setPriorityBoostCompletion:withSourceInfo:]: <IXSCoordinatedAppInstall<0x103e00000> [P=CoreSimulatorBridge (pid 59534)] identifier:[com.DefaultCompany.NeonDrift.run.1782650479.26426/Invalid/[system-defined]] uuid:80031ED3-1DC0-4095-AA3B-250366A201F4 intent:IXCoordinatorIntentInitiating creator/appDRI:InstallCoordination Simple SPI importance:UserWaiting state:IXAppCoordinationStatePlaceholderPromiseNotSet promise-state:01234>: Disposing of completion from CoreSimulatorBridge (59534), QOS_CLASS_DEFAULT (0x15)
2026-06-28 20:42:10.709 Df installcoordinationd[59719:daaaec] [com.apple.installcoordination:daemon] -[IXSCoordinatedAppInstall setPriorityBoostCompletion:withSourceInfo:]: <IXSCoordinatedAppInstall<0x103e00000> [P=CoreSimulatorBridge (pid 59534)] identifier:[com.DefaultCompany.NeonDrift.run.1782650479.26426/Invalid/[system-defined]] uuid:80031ED3-1DC0-4095-AA3B-250366A201F4 intent:IXCoordinatorIntentInitiating creator/appDRI:InstallCoordination Simple SPI importance:UserWaiting state:IXAppCoordinationStatePlaceholderPromiseNotSet promise-state:01234>: Retaining completion from CoreSimulatorBridge (59534), QOS_CLASS_DEFAULT (0x15)
2026-06-28 20:42:10.709 Df CoreSimulatorBridge[59534:df865f] [com.apple.installcoordination:framework] -[IXAppInstallCoordinator _clientDelegate_didRegisterForObservation]: <IXInitiatingAppInstallCoordinator<0x103c91880> identity:[com.DefaultCompany.NeonDrift.run.1782650479.26426/Invalid/[system-defined]] uuid:80031ED3-1DC0-4095-AA3B-250366A201F4 creator:InstallCoordination Simple SPI>: Got observer registration delegate
2026-06-28 20:42:10.709 Df CoreSimulatorBridge[59534:df865f] [com.apple.installcoordination:framework] -[IXAppInstallCoordinator _clientDelegate_didRegisterForObservation]_block_invoke: <IXInitiatingAppInstallCoordinator<0x103c91880> identity:[com.DefaultCompany.NeonDrift.run.1782650479.26426/Invalid/[system-defined]] uuid:80031ED3-1DC0-4095-AA3B-250366A201F4 creator:InstallCoordination Simple SPI>: Observer <_IXSimpleInstallerDelegate 0x0x103c5bcc0> does not respond to coordinatorDidRegisterForObservation:
2026-06-28 20:42:10.709 Df CoreSimulatorBridge[59534:df8662] [com.apple.installcoordination:framework] -[IXAppInstallCoordinator _clientDelegate_shouldResume]: <IXInitiatingAppInstallCoordinator<0x103c91880> identity:[com.DefaultCompany.NeonDrift.run.1782650479.26426/Invalid/[system-defined]] uuid:80031ED3-1DC0-4095-AA3B-250366A201F4 creator:InstallCoordination Simple SPI>: Got should resume delegate
2026-06-28 20:42:10.709 Df CoreSimulatorBridge[59534:df865f] [com.apple.installcoordination:framework] -[IXAppInstallCoordinator _clientDelegate_shouldResume]_block_invoke: <IXInitiatingAppInstallCoordinator<0x103c91880> identity:[com.DefaultCompany.NeonDrift.run.1782650479.26426/Invalid/[system-defined]] uuid:80031ED3-1DC0-4095-AA3B-250366A201F4 creator:InstallCoordination Simple SPI>: Observer <_IXSimpleInstallerDelegate 0x0x103c5bcc0> does not respond to coordinatorShouldResume:
2026-06-28 20:42:10.710 Df installcoordinationd[59719:daaaec] [com.apple.installcoordination:daemon] -[IXSCoordinatedAppInstall _internal_setInstallOptionsPromise:performExternalActions:]: <IXSCoordinatedAppInstall<0x103e00000> [P=CoreSimulatorBridge (pid 59534)] identifier:[com.DefaultCompany.NeonDrift.run.1782650479.26426/Invalid/[system-defined]] uuid:80031ED3-1DC0-4095-AA3B-250366A201F4 intent:IXCoordinatorIntentInitiating creator/appDRI:InstallCoordination Simple SPI importance:UserWaiting state:IXAppCoordinationStatePlaceholderPromiseNotSet promise-state:012I4> : install options set: <IXSPromisedInMemoryData(0x103cfa400) Name:MIInstallOptions data Creator:Install Coordination Internal UUID:EE6D3FD2-5FE5-42F9-A6EC-1F5A5BA906EB Location:[system-defined]>
2026-06-28 20:42:10.710 Df installcoordinationd[59719:df8661] [com.apple.installcoordination:daemon] -[IXSCoordinatedAppInstall promiseDidComplete:]: <IXSCoordinatedAppInstall<0x103e00000> [P=CoreSimulatorBridge (pid 59534)] identifier:[com.DefaultCompany.NeonDrift.run.1782650479.26426/Invalid/[system-defined]] uuid:80031ED3-1DC0-4095-AA3B-250366A201F4 intent:IXCoordinatorIntentInitiating creator/appDRI:InstallCoordination Simple SPI importance:UserWaiting state:IXAppCoordinationStatePlaceholderPromiseNotSet promise-state:012I4> : Promise completed: <IXSPromisedInMemoryData(0x103cfa400) Name:MIInstallOptions data Creator:Install Coordination Internal UUID:EE6D3FD2-5FE5-42F9-A6EC-1F5A5BA906EB Location:[system-defined]>
2026-06-28 20:42:10.711 Df installcoordinationd[59719:df8661] [com.apple.appinstallation:TransactionLog] com.DefaultCompany.NeonDrift.run.1782650479.26426/Unknown Persona:4:13:1:1:Install Options Promise began. Coordinator State: IXAppCoordinationStatePlaceholderPromiseNotSet
2026-06-28 20:42:10.711 Df installcoordinationd[59719:df8661] [com.apple.appinstallation:TransactionLog] com.DefaultCompany.NeonDrift.run.1782650479.26426/Unknown Persona:4:13:2:1:Install Options Promise completed. Coordinator State: IXAppCoordinationStatePlaceholderPromiseNotSet
2026-06-28 20:42:10.711 Df installcoordinationd[59719:df865e] [com.apple.installcoordination:daemon] -[IXSCoordinatedAppInstall _internal_setAppAssetPromise:performExternalActions:]: <IXSCoordinatedAppInstall<0x103e00000> [P=CoreSimulatorBridge (pid 59534)] identifier:[com.DefaultCompany.NeonDrift.run.1782650479.26426/Invalid/[system-defined]] uuid:80031ED3-1DC0-4095-AA3B-250366A201F4 intent:IXCoordinatorIntentInitiating creator/appDRI:InstallCoordination Simple SPI importance:UserWaiting state:IXAppCoordinationStatePlaceholderPromiseNotSet promise-state:0a2I4> : App Asset Promise set: <IXSPromisedTransferToPath(0x103cf9380) Name:App Asset: com.DefaultCompany.NeonDrift.run.1782650479.26426 Creator:InstallCoordination Simple SPI UUID:C02B5D59-0221-4B0F-A141-004A33738AFD Location:[system-defined]>
2026-06-28 20:42:10.712 Df installcoordinationd[59719:df865e] [com.apple.installcoordination:daemon] -[IXSCoordinatedAppInstall setInitialODRAssetPromises:]: <IXSCoordinatedAppInstall<0x103e00000> [P=CoreSimulatorBridge (pid 59534)] identifier:[com.DefaultCompany.NeonDrift.run.1782650479.26426/Invalid/[system-defined]] uuid:80031ED3-1DC0-4095-AA3B-250366A201F4 intent:IXCoordinatorIntentInitiating creator/appDRI:InstallCoordination Simple SPI importance:UserWaiting state:IXAppCoordinationStatePlaceholderPromiseNotSet promise-state:0a2I4> : Initial ODR Asset Promises set: (
)
2026-06-28 20:42:10.724 Df CoreSimulatorBridge[59534:df865d] [com.apple.installcoordination:framework] -[IXPromisedTransferToPath setComplete:]: <IXPromisedTransferToPath<0x103c91840> name:"App Asset: com.DefaultCompany.NeonDrift.run.1782650479.26426" uuid:C02B5D59-0221-4B0F-A141-004A33738AFD creator:"InstallCoordination Simple SPI" location:[system-defined]> Copy operation from /Users/dragonkao/.openclaw/workspace/382b9e3384298039b171c9b2a60ae644/NeonDrift_MVP/project/xcode_derived_data/Build/Products/Release-iphonesimulator/NeonDrift.run.1782650479.26426.app to /Users/dragonkao/Library/Developer/CoreSimulator/Devices/CC47DE7A-8196-4465-A5A5-BB852C9C6C82/data/Containers/Shared/SystemGroup/systemgroup.com.apple.installcoordinationd/Library/InstallCoordination/PromiseStaging/C02B5D59-0221-4B0F-A141-004A33738AFD/NeonDrift.run.1782650479.26426.app took 0.012218 seconds
2026-06-28 20:42:10.725 Df installcoordinationd[59719:daaaec] [com.apple.installcoordination:daemon] -[IXSDataPromise _setPercentComplete:saveStateIfNeeded:]: Progress: <IXSPromisedTransferToPath(0x103cf9380) Name:App Asset: com.DefaultCompany.NeonDrift.run.1782650479.26426 Creator:InstallCoordination Simple SPI UUID:C02B5D59-0221-4B0F-A141-004A33738AFD Location:[system-defined]>
2026-06-28 20:42:10.725 Df installcoordinationd[59719:df8661] [com.apple.appinstallation:TransactionLog] com.DefaultCompany.NeonDrift.run.1782650479.26426/Unknown Persona:4:10:1:1:App Asset Promise began. Coordinator State: IXAppCoordinationStatePlaceholderPromiseNotSet
2026-06-28 20:42:10.725 Df CoreSimulatorBridge[59534:df8662] [com.apple.installcoordination:framework] -[IXAppInstallCoordinator _clientDelegate_promiseDidBeginFulfillmentWithIdentifier:]: <IXInitiatingAppInstallCoordinator<0x103c91880> identity:[com.DefaultCompany.NeonDrift.run.1782650479.26426/Invalid/[system-defined]] uuid:80031ED3-1DC0-4095-AA3B-250366A201F4 creator:InstallCoordination Simple SPI>: Got promise did begin fulfillment for identifier 2
2026-06-28 20:42:10.725 Df CoreSimulatorBridge[59534:df8662] [com.apple.installcoordination:framework] -[IXAppInstallCoordinator _clientDelegate_promiseDidBeginFulfillmentWithIdentifier:]_block_invoke: <IXInitiatingAppInstallCoordinator<0x103c91880> identity:[com.DefaultCompany.NeonDrift.run.1782650479.26426/Invalid/[system-defined]] uuid:80031ED3-1DC0-4095-AA3B-250366A201F4 creator:InstallCoordination Simple SPI>: Observer <_IXSimpleInstallerDelegate 0x0x103c5bcc0> does not respond to coordinator:configuredPromiseDidBeginFulfillment: (or any deprecated equivalent)
2026-06-28 20:42:10.726 Df installcoordinationd[59719:df865e] [com.apple.installcoordination:daemon] -[IXSCoordinatedAppInstall promiseDidComplete:]: <IXSCoordinatedAppInstall<0x103e00000> [P=CoreSimulatorBridge (pid 59534)] identifier:[com.DefaultCompany.NeonDrift.run.1782650479.26426/Invalid/[system-defined]] uuid:80031ED3-1DC0-4095-AA3B-250366A201F4 intent:IXCoordinatorIntentInitiating creator/appDRI:InstallCoordination Simple SPI importance:UserWaiting state:IXAppCoordinationStatePlaceholderPromiseNotSet promise-state:0A2I4> : Promise completed: <IXSPromisedTransferToPath(0x103cf9380) Name:App Asset: com.DefaultCompany.NeonDrift.run.1782650479.26426 Creator:InstallCoordination Simple SPI UUID:C02B5D59-0221-4B0F-A141-004A33738AFD Location:[system-defined]>
2026-06-28 20:42:10.726 Df installcoordinationd[59719:df8665] [com.apple.appinstallation:TransactionLog] com.DefaultCompany.NeonDrift.run.1782650479.26426/Unknown Persona:4:10:2:1:App Asset Promise completed. Coordinator State: IXAppCoordinationStatePlaceholderPromiseNotSet
2026-06-28 20:42:10.726 Df CoreSimulatorBridge[59534:df865f] [com.apple.installcoordination:framework] -[IXAppInstallCoordinator _clientDelegate_didUpdateProgress:forPhase:overallProgress:]: <IXInitiatingAppInstallCoordinator<0x103c91880> identity:[com.DefaultCompany.NeonDrift.run.1782650479.26426/Invalid/[system-defined]] uuid:80031ED3-1DC0-4095-AA3B-250366A201F4 creator:InstallCoordination Simple SPI>: Got did update progress delegate with percentComplete 100.000000 phase IXCoordinatorProgressPhaseLoading overallProgress 60.000000
2026-06-28 20:42:10.726 Df CoreSimulatorBridge[59534:df8662] [com.apple.installcoordination:framework] -[IXAppInstallCoordinator _clientDelegate_didUpdateProgress:forPhase:overallProgress:]_block_invoke: <IXInitiatingAppInstallCoordinator<0x103c91880> identity:[com.DefaultCompany.NeonDrift.run.1782650479.26426/Invalid/[system-defined]] uuid:80031ED3-1DC0-4095-AA3B-250366A201F4 creator:InstallCoordination Simple SPI>: Calling selector coordinator:didUpdateProgress:forPhase:overallProgress: on observer <_IXSimpleInstallerDelegate 0x0x103c5bcc0>
2026-06-28 20:42:10.726 Df installcoordinationd[59719:daaaec] [com.apple.installcoordination:daemon] -[IXSCoordinatedAppInstall setPlaceholderPromise:]: <IXSCoordinatedAppInstall<0x103e00000> [P=CoreSimulatorBridge (pid 59534)] identifier:[com.DefaultCompany.NeonDrift.run.1782650479.26426/Invalid/[system-defined]] uuid:80031ED3-1DC0-4095-AA3B-250366A201F4 intent:IXCoordinatorIntentInitiating creator/appDRI:InstallCoordination Simple SPI importance:UserWaiting state:IXAppCoordinationStateReadyForPlaceholderInstall promise-state:PA2I4> : Placeholder Promise set: <IXSPlaceholder(0x103d24500) Name:App Placeholder: NeonDrift.run.1782650479.26426 (com.DefaultCompany.NeonDrift.run.1782650479.26426) Creator:InstallCoordination Simple SPI UUID:810AA5D0-E4A5-4D5C-BD9D-2DEC261440F7 Location:[system-defined]>
2026-06-28 20:42:10.726 Df installcoordinationd[59719:df865e] [com.apple.installcoordination:daemon] -[IXSCoordinatedAppInstall promiseDidComplete:]: <IXSCoordinatedAppInstall<0x103e00000> [P=CoreSimulatorBridge (pid 59534)] identifier:[com.DefaultCompany.NeonDrift.run.1782650479.26426/Invalid/[system-defined]] uuid:80031ED3-1DC0-4095-AA3B-250366A201F4 intent:IXCoordinatorIntentInitiating creator/appDRI:InstallCoordination Simple SPI importance:UserWaiting state:IXAppCoordinationStateReadyForPlaceholderInstall promise-state:PA2I4> : Promise completed: <IXSPlaceholder(0x103d24500) Name:App Placeholder: NeonDrift.run.1782650479.26426 (com.DefaultCompany.NeonDrift.run.1782650479.26426) Creator:InstallCoordination Simple SPI UUID:810AA5D0-E4A5-4D5C-BD9D-2DEC261440F7 Location:[system-defined]>
2026-06-28 20:42:10.726 Df installcoordinationd[59719:daaaec] [com.apple.installcoordination:daemon] -[IXSCoordinatedAppInstall _onQueue_acquireAssertionAndInstallPlaceholder]: Acquiring termination assertion to install placeholder for [com.DefaultCompany.NeonDrift.run.1782650479.26426/Invalid/[system-defined]]
2026-06-28 20:42:10.726 Df installcoordinationd[59719:daaaec] [com.apple.installcoordination:daemon] -[IXSPendingOperationsTracker beginPendingOperationForIdentity:]_block_invoke: Beginning pending operation for [com.DefaultCompany.NeonDrift.run.1782650479.26426/Invalid/[system-defined]]
2026-06-28 20:42:10.727 Df runningboardd[59507:df552c] [com.apple.runningboard:connection] Received termination request from [osservice<com.apple.installcoordinationd>:59719] on <RBSProcessPredicate <RBSProcessBundleIdentifierPredicate "com.DefaultCompany.NeonDrift.run.1782650479.26426">> with context <RBSTerminateContext| explanation:installcoordinationd app:[com.DefaultCompany.NeonDrift.run.1782650479.26426/Invalid/[system-defined]] uuid:80031ED3-1DC0-4095-AA3B-250366A201F4 isPlaceholder:Y reportType:None maxTerminationResistance:Absolute attrs:[
	<RBSPreventLaunchLimitation| <RBSProcessPredicate <RBSProcessBundleIdentifierPredicate "com.DefaultCompany.NeonDrift.run.1782650479.26426">> allow:(null)>
	]>
2026-06-28 20:42:10.727 Df runningboardd[59507:df31e1] [com.apple.runningboard:general] failed to get LSApplicationRecord for com.DefaultCompany.NeonDrift.run.1782650479.26426 - probably OK
2026-06-28 20:42:10.727 Df runningboardd[59507:df31e1] [com.apple.runningboard:connection] skipping plugin hold for uninstalled proxy com.DefaultCompany.NeonDrift.run.1782650479.26426
2026-06-28 20:42:10.727 Df runningboardd[59507:df31e1] [com.apple.runningboard:ttl] Acquiring assertion targeting system from originator [osservice<com.apple.installcoordinationd>:59719] with description <RBSAssertionDescriptor| "installcoordinationd app:[com.DefaultCompany.NeonDrift.run.1782650479.26426/Invalid/[system-defined]] uuid:80031ED3-1DC0-4095-AA3B-250366A201F4 isPlaceholder:Y" ID:59507-59719-1228 target:system attributes:[
	<RBSPreventLaunchLimitation| <RBSProcessPredicate <RBSProcessBundleIdentifierPredicate "com.DefaultCompany.NeonDrift.run.1782650479.26426">> allow:(null)>
	]>
2026-06-28 20:42:10.727 Df runningboardd[59507:df552c] [com.apple.runningboard:process] Executing termination request for: <RBSProcessPredicate <RBSProcessBundleIdentifierPredicate "com.DefaultCompany.NeonDrift.run.1782650479.26426">>
2026-06-28 20:42:10.728 Df SpringBoard[59501:daa4ef] [com.apple.SpringBoard:Common] termination assertion acquired for com.DefaultCompany.NeonDrift.run.1782650479.26426 (app not found)
2026-06-28 20:42:10.728 Df installcoordinationd[59719:df8661] [com.apple.appinstallation:TransactionLog] com.DefaultCompany.NeonDrift.run.1782650479.26426/Unknown Persona:4:9:1:1:Placeholder Promise began. Coordinator State: IXAppCoordinationStateWaitingForPlaceholderAssertion
2026-06-28 20:42:10.728 Df installcoordinationd[59719:df8661] [com.apple.installcoordination:daemon] -[IXSCoordinatorProgress setTotalUnitsCompleted:]: Progress for coordinator: [com.DefaultCompany.NeonDrift.run.1782650479.26426/Invalid/[system-defined]], Phase: IXCoordinatorProgressPhaseLoading, Percentage: 100.000000: Attempt to set units completed on finished progress: 100
2026-06-28 20:42:10.728 Df installcoordinationd[59719:df8661] [com.apple.appinstallation:TransactionLog] com.DefaultCompany.NeonDrift.run.1782650479.26426/Unknown Persona:4:9:2:1:Placeholder Promise completed. Coordinator State: IXAppCoordinationStateWaitingForPlaceholderAssertion
2026-06-28 20:42:10.728 Df installcoordinationd[59719:df865e] [com.apple.installcoordination:daemon] -[IXSCoordinatedAppInstall assertionAcquiredCallback]: RBS termination assertion observer called for <IXSCoordinatedAppInstall<0x103e00000> [P=CoreSimulatorBridge (pid 59534)] identifier:[com.DefaultCompany.NeonDrift.run.1782650479.26426/Invalid/[system-defined]] uuid:80031ED3-1DC0-4095-AA3B-250366A201F4 intent:IXCoordinatorIntentInitiating creator/appDRI:InstallCoordination Simple SPI importance:UserWaiting state:IXAppCoordinationStateWaitingForPlaceholderAssertion promise-state:PA2I4>
2026-06-28 20:42:10.728 Df CoreSimulatorBridge[59534:df8662] [com.apple.installcoordination:framework] -[IXAppInstallCoordinator _clientDelegate_promiseDidBeginFulfillmentWithIdentifier:]: <IXInitiatingAppInstallCoordinator<0x103c91880> identity:[com.DefaultCompany.NeonDrift.run.1782650479.26426/Invalid/[system-defined]] uuid:80031ED3-1DC0-4095-AA3B-250366A201F4 creator:InstallCoordination Simple SPI>: Got promise did begin fulfillment for identifier 1
2026-06-28 20:42:10.728 Df CoreSimulatorBridge[59534:df865d] [com.apple.installcoordination:framework] -[IXAppInstallCoordinator _clientDelegate_promiseDidBeginFulfillmentWithIdentifier:]_block_invoke: <IXInitiatingAppInstallCoordinator<0x103c91880> identity:[com.DefaultCompany.NeonDrift.run.1782650479.26426/Invalid/[system-defined]] uuid:80031ED3-1DC0-4095-AA3B-250366A201F4 creator:InstallCoordination Simple SPI>: Observer <_IXSimpleInstallerDelegate 0x0x103c5bcc0> does not respond to coordinator:configuredPromiseDidBeginFulfillment: (or any deprecated equivalent)
2026-06-28 20:42:10.728 Df installcoordinationd[59719:daaaec] [com.apple.installcoordination:daemon] -[IXSCoordinatedAppInstall _onQueue_installPlaceholder]: Acquired termination assertion for placeholder [com.DefaultCompany.NeonDrift.run.1782650479.26426/Invalid/[system-defined]]; proceeding with install.
2026-06-28 20:42:10.729 Df installcoordinationd[59719:daaaec] [com.apple.installcoordination:daemon] -[IXSPowerAssertion initWithAssertionName:details:]: Acquired power assertion IXPowerAssertion-12-[com.DefaultCompany.NeonDrift.run.1782650479.26426/Invalid/[system-defined]]
2026-06-28 20:42:10.731 Df installd[59770:df866d] (MobileSystemServices) 0x16b6a3000 -[MIClientConnection _doInstallationForURL:identity:domain:options:operationType:completion:]: Install of "/Users/dragonkao/Library/Developer/CoreSimulator/Devices/CC47DE7A-8196-4465-A5A5-BB852C9C6C82/data/Containers/Shared/SystemGroup/systemgroup.com.apple.installcoordinationd/Library/InstallCoordination/PromiseStaging/810AA5D0-E4A5-4D5C-BD9D-2DEC261440F7/NeonDrift.run.1782650479.26426.app" type Placeholder (LSInstallType = 1, Domain: MIInstallationDomainDefault) requested by installcoordinationd (pid 59719 (501/20))
2026-06-28 20:42:10.736 Df installd[59770:df866d] [com.apple.containermanager:xpc] Query; euid = 501, uid = 501, class = 1, identifier = [com.DefaultCompany.NeonDrift.run.1782650479.26426](1), flags = 300000002
2026-06-28 20:42:10.738 Df installd[59770:df866d] [com.apple.containermanager:xpc] Query; euid = 501, uid = 501, class = 1, identifier = [com.DefaultCompany.NeonDrift.run.1782650479.26426](1), flags = 300000002
2026-06-28 20:42:10.739 Df installd[59770:df866d] (MobileSystemServices) 0x16b6a3000 -[MIInstaller _installInstallable:containingSymlink:error:]: Installing <MIInstallableBundle ID=com.DefaultCompany.NeonDrift.run.1782650479.26426; Persona=com.apple.containermanager.primary-persona, Version=0, ShortVersion=1.0>
2026-06-28 20:42:10.739 Df installd[59770:df866d] [com.apple.appinstallation:TransactionLog] com.DefaultCompany.NeonDrift.run.1782650479.26426/com.apple.containermanager.primary-persona:7:4:1:1:Start : Install (Placeholder)
2026-06-28 20:42:10.741 Df installd[59770:df866d] [com.apple.containermanager:query] Query; euid = 501, uid = 501, class = 4, identifier = [com.DefaultCompany.NeonDrift.run.1782650479.26426](1), flags = 300000002
2026-06-28 20:42:10.741 Df installd[59770:df866d] [com.apple.containermanager:query] Query; euid = 501, uid = 501, class = 4, identifier = [com.DefaultCompany.NeonDrift.run.1782650479.26426](1), flags = 300000002
2026-06-28 20:42:10.741 Df installd[59770:df866d] [com.apple.containermanager:xpc] Query; euid = 501, uid = 501, class = 1, identifier = [com.DefaultCompany.NeonDrift.run.1782650479.26426](1), flags = 300000003
2026-06-28 20:42:10.742 E  containermanagerd_system[59587:daa5c3] [com.apple.containermanager:schema] [com.DefaultCompany.NeonDrift.run.1782650479.26426(1)] Current schema version (1) is newer than the latest (0), ignoring.
2026-06-28 20:42:10.743 Df containermanagerd_system[59587:daa5c3] [com.apple.containermanager:schema] [u 0EED4B14-4344-43D7-BCAB-CCE83222A468:p 665E6ECD-E1EC-41FB-A925-EF3E5097DF3F:c com.DefaultCompany.NeonDrift.run.1782650479.26426(1):i32532532] Successfully updated schema from (0) → (0), actions count = 0
2026-06-28 20:42:10.744 Df installd[59770:df866d] [com.apple.containermanager:xpc] Query; euid = 501, uid = 501, class = 1, identifier = [com.DefaultCompany.NeonDrift.run.1782650479.26426](1), flags = 300000002
2026-06-28 20:42:10.745 Df installd[59770:df866d] [com.apple.containermanager:query] Query; euid = 501, uid = 501, class = 2, identifier = [com.DefaultCompany.NeonDrift.run.1782650479.26426](1), flags = 300000003
2026-06-28 20:42:10.751 Df containermanagerd[59596:daaadb] [com.apple.containermanager:schema] [u 8D038B14-F68D-42F7-B5B3-CE2C91FE81DC:p B7296C18-B79A-4776-ABCC-BDAAAF651C1B:c com.DefaultCompany.NeonDrift.run.1782650479.26426(2):i32532535] Successfully updated schema from (0) → (1), actions count = 6
2026-06-28 20:42:10.754 Df installd[59770:df866d] [com.apple.containermanager:query] Query; euid = 501, uid = 501, class = 2, identifier = [com.DefaultCompany.NeonDrift.run.1782650479.26426](1), flags = 300000002
2026-06-28 20:42:10.755 Df installd[59770:df866d] (MobileSystemServices) 0x16b6a3000 -[MIInstallationJournalEntry _refreshUUIDForContainer:withError:]: Data container for com.DefaultCompany.NeonDrift.run.1782650479.26426 is now at /Users/dragonkao/Library/Developer/CoreSimulator/Devices/CC47DE7A-8196-4465-A5A5-BB852C9C6C82/data/Containers/Data/Application/E27CF94D-97E8-436F-988B-547E9944BE36
2026-06-28 20:42:10.756 Df containermanagerd[59596:daaadb] [com.apple.containermanager:schema] [u 8D038B14-F68D-42F7-B5B3-CE2C91FE81DC:p E27CF94D-97E8-436F-988B-547E9944BE36:c com.DefaultCompany.NeonDrift.run.1782650479.26426(2):i0] Successfully updated schema from (0) → (1), actions count = 6
2026-06-28 20:42:10.756 Df installd[59770:df866d] [com.apple.containermanager:unspecified] Replace; old = <NULL>, new = [temp-app:com.DefaultCompany.NeonDrift.run.1782650479.26426:501::(0EED4B14-4344-43D7-BCAB-CCE83222A468)]
2026-06-28 20:42:10.757 Df installd[59770:df866d] [com.apple.containermanager:xpc] Query; euid = 501, uid = 501, class = 1, identifier = [com.DefaultCompany.NeonDrift.run.1782650479.26426](1), flags = 300000002
2026-06-28 20:42:10.758 Df installd[59770:df866d] (MobileSystemServices) 0x16b6a3000 -[MIContainer makeContainerLiveReplacingContainer:reason:waitForDeletion:withError:]: Made container live for com.DefaultCompany.NeonDrift.run.1782650479.26426 at /Users/dragonkao/Library/Developer/CoreSimulator/Devices/CC47DE7A-8196-4465-A5A5-BB852C9C6C82/data/Containers/Bundle/Application/99CE7489-3574-46F7-B7A6-40E3B1434482
2026-06-28 20:42:10.759 Df containermanagerd[59596:daaadb] [com.apple.containermanager:codesignmapping] Reconciled [com.DefaultCompany.NeonDrift.run.1782650479.26426]; old app groups: (null), new app groups: (null), old system groups: (null), new system groups: (null)
2026-06-28 20:42:10.760 Df installd[59770:df866d] [com.apple.containermanager:unspecified] Requesting disk usage; class = 1, identifier = com.DefaultCompany.NeonDrift.run.1782650479.26426
2026-06-28 20:42:10.761 Df installd[59770:df866d] [com.apple.containermanager:query] Query; euid = 501, uid = 501, class = 7, identifier = [com.DefaultCompany.NeonDrift.run.1782650479.26426](1), flags = 300000001
2026-06-28 20:42:10.762 Df SpringBoard[59501:daa4ef] [com.apple.SpringBoard:Common] termination assertion released for com.DefaultCompany.NeonDrift.run.1782650479.26426 (app not found)
2026-06-28 20:42:10.767 Df installd[59770:df866d] (MobileSystemServices) 0x16b6a3000 -[MILaunchServicesOperationManager _onQueue_addPendingLaunchServicesOperation:error:]: Added pending LS operation <MILaunchServicesRegisterOperation: A5AE0F84-DA15-44CB-AC99-675A9AAFDE1A:3 com.DefaultCompany.NeonDrift.run.1782650479.26426/MIInstallationDomainSystemShared personas:[com.apple.containermanager.primary-persona]>
2026-06-28 20:42:10.768 Df lsd[59591:df2134] [com.apple.launchservices:appinstallation] Post installation registration: request to register com.DefaultCompany.NeonDrift.run.1782650479.26426, operation A5AE0F84-DA15-44CB-AC99-675A9AAFDE1A, from pid 59770
2026-06-28 20:42:10.768 Df lsd[59591:df2134] [com.apple.appinstallation:TransactionLog] com.DefaultCompany.NeonDrift.run.1782650479.26426/Unknown Persona:5:4:1:1:Registering bundles via registrant - start
2026-06-28 20:42:10.772 E  lsd[59591:df2134] [com.apple.launchservices:default] LSStringLocalizer development region en not found in localizations available for bundle file:///Users/dragonkao/Library/Developer/CoreSimulator/Devices/CC47DE7A-8196-4465-A5A5-BB852C9C6C82/data/Containers/Bundle/Application/99CE7489-3574-46F7-B7A6-40E3B1434482/NeonDrift.run.1782650479.26426.app/
2026-06-28 20:42:10.774 Df lsd[59591:df2134] [com.apple.appinstallation:TransactionLog] com.DefaultCompany.NeonDrift.run.1782650479.26426/Unknown Persona:5:5:1:1:Building bundle record for app
2026-06-28 20:42:10.774 Df lsd[59591:df2134] [com.apple.launchservices:appinstallation] No bundles to remove for com.DefaultCompany.NeonDrift.run.1782650479.26426
2026-06-28 20:42:10.774 Df lsd[59591:df2134] [com.apple.launchservices:appinstallation] Placeholder detected - Flagging bundle com.DefaultCompany.NeonDrift.run.1782650479.26426 incomplete
2026-06-28 20:42:10.774 Df lsd[59591:df2134] [com.apple.appinstallation:TransactionLog] com.DefaultCompany.NeonDrift.run.1782650479.26426/Unknown Persona:5:5:2:1:Built bundle record for app
2026-06-28 20:42:10.777 Df lsd[59591:df2134] [com.apple.appinstallation:TransactionLog] com.DefaultCompany.NeonDrift.run.1782650479.26426/Unknown Persona:5:4:2:1:Registered bundle status = success
2026-06-28 20:42:10.778 Df lsd[59591:df2134] [com.apple.appinstallation:TransactionLog] com.DefaultCompany.NeonDrift.run.1782650479.26426/Unknown Persona:5:4:2:1:Finished registering com.DefaultCompany.NeonDrift.run.1782650479.26426, bundle unit 558
2026-06-28 20:42:10.778 Df installd[59770:df866d] (MobileSystemServices) 0x16b6a3000 -[MIJournal purgeJournalEntry:withError:]: Removing journal entry <MIInstallationJournalEntry<0x1058e83c0> [com.DefaultCompany.NeonDrift.run.1782650479.26426/com.apple.containermanager.primary-persona/[system-defined]]/MIInstallationDomainSystemShared op:2 phase:JournalPhaseDidRegisterWithLS version:0>
2026-06-28 20:42:10.778 Df installd[59770:df866d] [com.apple.appinstallation:TransactionLog] com.DefaultCompany.NeonDrift.run.1782650479.26426/com.apple.containermanager.primary-persona:7:4:2:1:Success (End) : Install (Placeholder)
2026-06-28 20:42:10.778 Df lsd[59591:df2134] [com.apple.launchservices:progress] Sending applicationInstallsDidStart: for (
    "<LSApplicationProxy: 0x10133c000> com.DefaultCompany.NeonDrift.run.1782650479.26426 file:///Users/dragonkao/Library/Developer/CoreSimulator/Devices/CC47DE7A-8196-4465-A5A5-BB852C9C6C82/data/Containers/Bundle/Application/99CE7489-3574-46F7-B7A6-40E3B1434482/NeonDrift.run.1782650479.26426.app/ <com.DefaultCompany.NeonDrift.run.1782650479.26426 <placeholder >:1>"
)
2026-06-28 20:42:10.779 Df installd[59770:df866d] (MobileSystemServices) 0x16b6a3000 -[MIInstaller _logOperationCompletionWithStartTime:distributorID:]: Install successful for (Placeholder:com.DefaultCompany.NeonDrift.run.1782650479.26426) [Distributor: (null)]; Staging: 0.00s; Waiting: 0.00s; Preflight/Patch: 0.00s, Verifying: 0.00s; Overall: 0.05s
2026-06-28 20:42:10.779 Df lsd[59591:df2134] [com.apple.launchservices:progress] Created parent progress <NSProgress: com.DefaultCompany.NeonDrift.run.1782650479.26426 phase=InstallingPlaceholder; state=Waiting; finalPhase=Installing; fractionCompleted=0.000000>
2026-06-28 20:42:10.779 Df installcoordinationd[59719:df8661] [com.apple.installcoordination:daemon] -[IXSPowerAssertion invalidate]: Released power assertion IXPowerAssertion-12-[com.DefaultCompany.NeonDrift.run.1782650479.26426/Invalid/[system-defined]]
