Timestamp               Ty Process[PID:TID]
2026-06-24 20:32:21.993 Df CoreSimulatorBridge[82688:86280] Request received for installation of file:///Users/dragonkao/.openclaw/workspace/382b9e3384298039b171c9b2a60ae644/NeonDrift_MVP/project/xcode_derived_data/Build/Products/Release-iphonesimulator/NeonDrift.app/ with options: {
    PackageType = Developer;
    SimulatorRootPath = "/Library/Developer/CoreSimulator/Volumes/iOS_23E254a/Library/Developer/CoreSimulator/Profiles/Runtimes/iOS 26.4.simruntime/Contents/Resources/RuntimeRoot";
    SimulatorUserPath = "/Users/dragonkao/Library/Developer/CoreSimulator/Devices/CC47DE7A-8196-4465-A5A5-BB852C9C6C82/data";
}
2026-06-24 20:32:21.994 Df CoreSimulatorBridge[82688:86280] [com.apple.installcoordination:framework] +[IXAppInstallCoordinator(IXSimpleInstaller) _beginInstallForURL:forPersonaUniqueString:consumeSource:options:progressBlock:completionWithIdentity:]: Beginning install for /Users/dragonkao/.openclaw/workspace/382b9e3384298039b171c9b2a60ae644/NeonDrift_MVP/project/xcode_derived_data/Build/Products/Release-iphonesimulator/NeonDrift.app consuming source:N options:{
    IsUserInitiated = 1;
    PackageType = Developer;
} installationRequestorAuditToken: NULL
2026-06-24 20:32:22.004 Df installcoordinationd[83165:87769] [com.apple.installcoordination:daemon] -[IXSDataPromiseManager registerPromise:]: Registered promise <IXSPlaceholder(0x1059703c0) Name:App Placeholder: NeonDrift (com.DefaultCompany.NeonDrift) Creator:InstallCoordination Simple SPI UUID:AF0C086E-8626-460D-A4FF-75AA9632241F Location:[system-defined]> for UUID AF0C086E-8626-460D-A4FF-75AA9632241F
2026-06-24 20:32:22.005 Df installcoordinationd[83165:87769] [com.apple.installcoordination:daemon] -[IXSPlaceholder setAttributes:]: <IXSPlaceholder(0x1059703c0) Name:App Placeholder: NeonDrift (com.DefaultCompany.NeonDrift) Creator:InstallCoordination Simple SPI UUID:AF0C086E-8626-460D-A4FF-75AA9632241F Location:[system-defined]>: setting placeholder attributes to <IXPlaceholderAttributes<0x1058c8a00> : {
    CFBundleShortVersionString = "1.0";
    CFBundleSupportedPlatforms =     (
        iPhoneSimulator
    );
    CFBundleVersion = 0;
    DTPlatformName = iphonesimulator;
    LSRequiresIPhoneOS = 1;
    MinimumOSVersion = "13.0";
    UIDeviceFamily =     (
        1,
        2
    );
    UIRequiredDeviceCapabilities =     {
        arm64 = 1;
        metal = 1;
    };
}>
2026-06-24 20:32:22.006 Df CoreSimulatorBridge[82688:862be] [com.apple.installcoordination:framework] +[IXPlaceholder _setEntitlementsFromBundleExecutableURL:withBundleID:client:onPlaceholder:location:error:]: Executable for com.DefaultCompany.NeonDrift at NeonDrift -- file:///Users/dragonkao/.openclaw/workspace/382b9e3384298039b171c9b2a60ae644/NeonDrift_MVP/project/xcode_derived_data/Build/Products/Release-iphonesimulator/NeonDrift.app/ had no entitlements
2026-06-24 20:32:22.007 Df CoreSimulatorBridge[82688:862be] [com.apple.installcoordination:framework] +[IXPlaceholder _placeholderForBundle:client:withParent:installType:metadata:placeholderType:mayBeDeltaPackage:isFromSerializedPlaceholder:location:error:]: Using full fidelity icons for com.DefaultCompany.NeonDrift at /Users/dragonkao/.openclaw/workspace/382b9e3384298039b171c9b2a60ae644/NeonDrift_MVP/project/xcode_derived_data/Build/Products/Release-iphonesimulator/NeonDrift.app
2026-06-24 20:32:22.008 Df installcoordinationd[83165:87769] [com.apple.installcoordination:daemon] -[IXSDataPromiseManager registerPromise:]: Registered promise <IXSPromisedTransferToPath(0x105901080) Name:Icon resources for com.DefaultCompany.NeonDrift Creator:InstallCoordination Simple SPI UUID:5A70B41C-4360-4E6C-A8E6-B7634F1041F8 Location:[system-defined]> for UUID 5A70B41C-4360-4E6C-A8E6-B7634F1041F8
2026-06-24 20:32:22.013 Df CoreSimulatorBridge[82688:862be] [com.apple.installcoordination:framework] -[IXPromisedTransferToPath setComplete:]: <IXPromisedTransferToPath<0x103c90ec0> name:"Icon resources for com.DefaultCompany.NeonDrift" uuid:5A70B41C-4360-4E6C-A8E6-B7634F1041F8 creator:"InstallCoordination Simple SPI" location:[system-defined]> Move operation from /Users/dragonkao/Library/Developer/CoreSimulator/Devices/CC47DE7A-8196-4465-A5A5-BB852C9C6C82/data/Containers/Shared/SystemGroup/systemgroup.com.apple.installcoordinationd/Library/InstallCoordination/PromiseStaging/5A70B41C-4360-4E6C-A8E6-B7634F1041F8/temp.HYhBLp to /Users/dragonkao/Library/Developer/CoreSimulator/Devices/CC47DE7A-8196-4465-A5A5-BB852C9C6C82/data/Containers/Shared/SystemGroup/systemgroup.com.apple.installcoordinationd/Library/InstallCoordination/PromiseStaging/5A70B41C-4360-4E6C-A8E6-B7634F1041F8/temp.HYhBLp took 0.000061 seconds
2026-06-24 20:32:22.015 Df installcoordinationd[83165:87769] [com.apple.installcoordination:daemon] -[IXSDataPromise _setPercentComplete:saveStateIfNeeded:]: Progress: <IXSPromisedTransferToPath(0x105901080) Name:Icon resources for com.DefaultCompany.NeonDrift Creator:InstallCoordination Simple SPI UUID:5A70B41C-4360-4E6C-A8E6-B7634F1041F8 Location:[system-defined]>
2026-06-24 20:32:22.015 Df installcoordinationd[83165:8777d] [com.apple.installcoordination:daemon] -[IXSDataPromiseManager promiseDidBegin:]: Unowned promise began: <IXSPromisedTransferToPath(0x105901080) Name:Icon resources for com.DefaultCompany.NeonDrift Creator:InstallCoordination Simple SPI UUID:5A70B41C-4360-4E6C-A8E6-B7634F1041F8 Location:[system-defined]>
2026-06-24 20:32:22.015 Df installcoordinationd[83165:8777d] [com.apple.installcoordination:daemon] -[IXSDataPromiseManager promise:didUpdateProgress:]: Unowned promise update progress to 1.000000 : <IXSPromisedTransferToPath(0x105901080) Name:Icon resources for com.DefaultCompany.NeonDrift Creator:InstallCoordination Simple SPI UUID:5A70B41C-4360-4E6C-A8E6-B7634F1041F8 Location:[system-defined]>
2026-06-24 20:32:22.015 Df installcoordinationd[83165:8777d] [com.apple.installcoordination:daemon] -[IXSDataPromiseManager promiseDidComplete:]: Unowned promise completed: <IXSPromisedTransferToPath(0x105901080) Name:Icon resources for com.DefaultCompany.NeonDrift Creator:InstallCoordination Simple SPI UUID:5A70B41C-4360-4E6C-A8E6-B7634F1041F8 Location:[system-defined]>
2026-06-24 20:32:22.017 Df installcoordinationd[83165:8777d] [com.apple.installcoordination:daemon] -[IXSDataPromise _setPercentComplete:saveStateIfNeeded:]: Progress: <IXSPromisedInMemoryDictionary(0x105901200) Name:Info.plist icon content for com.DefaultCompany.NeonDrift Creator:InstallCoordination Simple SPI UUID:0310B244-BE7D-43B7-B9EE-7132CA68F846 Location:[system-defined]>
2026-06-24 20:32:22.018 Df installcoordinationd[83165:8777d] [com.apple.installcoordination:daemon] -[IXSDataPromiseManager registerPromise:]: Registered promise <IXSPromisedInMemoryDictionary(0x105901200) Name:Info.plist icon content for com.DefaultCompany.NeonDrift Creator:InstallCoordination Simple SPI UUID:0310B244-BE7D-43B7-B9EE-7132CA68F846 Location:[system-defined]> for UUID 0310B244-BE7D-43B7-B9EE-7132CA68F846
2026-06-24 20:32:22.018 Df installcoordinationd[83165:87769] [com.apple.installcoordination:daemon] -[IXSDataPromiseManager promiseDidBegin:]: Unowned promise began: <IXSPromisedInMemoryDictionary(0x105901200) Name:Info.plist icon content for com.DefaultCompany.NeonDrift Creator:InstallCoordination Simple SPI UUID:0310B244-BE7D-43B7-B9EE-7132CA68F846 Location:[system-defined]>
2026-06-24 20:32:22.018 Df installcoordinationd[83165:87769] [com.apple.installcoordination:daemon] -[IXSDataPromiseManager promise:didUpdateProgress:]: Unowned promise update progress to 1.000000 : <IXSPromisedInMemoryDictionary(0x105901200) Name:Info.plist icon content for com.DefaultCompany.NeonDrift Creator:InstallCoordination Simple SPI UUID:0310B244-BE7D-43B7-B9EE-7132CA68F846 Location:[system-defined]>
2026-06-24 20:32:22.018 Df installcoordinationd[83165:87769] [com.apple.installcoordination:daemon] -[IXSDataPromiseManager promiseDidComplete:]: Unowned promise completed: <IXSPromisedInMemoryDictionary(0x105901200) Name:Info.plist icon content for com.DefaultCompany.NeonDrift Creator:InstallCoordination Simple SPI UUID:0310B244-BE7D-43B7-B9EE-7132CA68F846 Location:[system-defined]>
2026-06-24 20:32:22.019 Df installcoordinationd[83165:8777d] [com.apple.installcoordination:daemon] -[IXSPlaceholder setIconResourcesPromise:]: <IXSPlaceholder(0x1059703c0) Name:App Placeholder: NeonDrift (com.DefaultCompany.NeonDrift) Creator:InstallCoordination Simple SPI UUID:AF0C086E-8626-460D-A4FF-75AA9632241F Location:[system-defined]>: setting icon resources promise to <IXSPromisedTransferToPath(0x105901080) Name:Icon resources for com.DefaultCompany.NeonDrift Creator:InstallCoordination Simple SPI UUID:5A70B41C-4360-4E6C-A8E6-B7634F1041F8 Location:[system-defined]>
2026-06-24 20:32:22.020 Df installcoordinationd[83165:8777d] [com.apple.installcoordination:daemon] -[IXSPlaceholder setInfoPlistIconContentPromise:]: <IXSPlaceholder(0x1059703c0) Name:App Placeholder: NeonDrift (com.DefaultCompany.NeonDrift) Creator:InstallCoordination Simple SPI UUID:AF0C086E-8626-460D-A4FF-75AA9632241F Location:[system-defined]>: setting Info.plist icon content promise to <IXSPromisedInMemoryDictionary(0x105901200) Name:Info.plist icon content for com.DefaultCompany.NeonDrift Creator:InstallCoordination Simple SPI UUID:0310B244-BE7D-43B7-B9EE-7132CA68F846 Location:[system-defined]>
2026-06-24 20:32:22.021 Df installcoordinationd[83165:8777d] [com.apple.installcoordination:daemon] -[IXSDataPromiseManager promiseDidBegin:]: Unowned promise began: <IXSPlaceholder(0x1059703c0) Name:App Placeholder: NeonDrift (com.DefaultCompany.NeonDrift) Creator:InstallCoordination Simple SPI UUID:AF0C086E-8626-460D-A4FF-75AA9632241F Location:[system-defined]>
2026-06-24 20:32:22.021 Df installcoordinationd[83165:8777d] [com.apple.installcoordination:daemon] -[IXSDataPromiseManager promise:didUpdateProgress:]: Unowned promise update progress to 0.000000 : <IXSPlaceholder(0x1059703c0) Name:App Placeholder: NeonDrift (com.DefaultCompany.NeonDrift) Creator:InstallCoordination Simple SPI UUID:AF0C086E-8626-460D-A4FF-75AA9632241F Location:[system-defined]>
2026-06-24 20:32:22.021 Df installcoordinationd[83165:8777d] [com.apple.installcoordination:daemon] -[IXSDataPromiseManager promise:didUpdateProgress:]: Unowned promise update progress to 0.000000 : <IXSPlaceholder(0x1059703c0) Name:App Placeholder: NeonDrift (com.DefaultCompany.NeonDrift) Creator:InstallCoordination Simple SPI UUID:AF0C086E-8626-460D-A4FF-75AA9632241F Location:[system-defined]>
2026-06-24 20:32:22.022 Df installcoordinationd[83165:8777d] [com.apple.installcoordination:daemon] -[IXSDataPromise _setPercentComplete:saveStateIfNeeded:]: Progress: <IXSPromisedInMemoryDictionary(0x105901380) Name:Localizations for com.DefaultCompany.NeonDrift Creator:InstallCoordination Simple SPI UUID:921F652C-B686-4E7B-97D7-26650009D8FD Location:[system-defined]>
2026-06-24 20:32:22.022 Df installcoordinationd[83165:8777d] [com.apple.installcoordination:daemon] -[IXSDataPromiseManager registerPromise:]: Registered promise <IXSPromisedInMemoryDictionary(0x105901380) Name:Localizations for com.DefaultCompany.NeonDrift Creator:InstallCoordination Simple SPI UUID:921F652C-B686-4E7B-97D7-26650009D8FD Location:[system-defined]> for UUID 921F652C-B686-4E7B-97D7-26650009D8FD
2026-06-24 20:32:22.022 Df installcoordinationd[83165:87769] [com.apple.installcoordination:daemon] -[IXSDataPromiseManager promiseDidBegin:]: Unowned promise began: <IXSPromisedInMemoryDictionary(0x105901380) Name:Localizations for com.DefaultCompany.NeonDrift Creator:InstallCoordination Simple SPI UUID:921F652C-B686-4E7B-97D7-26650009D8FD Location:[system-defined]>
2026-06-24 20:32:22.022 Df installcoordinationd[83165:87769] [com.apple.installcoordination:daemon] -[IXSDataPromiseManager promise:didUpdateProgress:]: Unowned promise update progress to 1.000000 : <IXSPromisedInMemoryDictionary(0x105901380) Name:Localizations for com.DefaultCompany.NeonDrift Creator:InstallCoordination Simple SPI UUID:921F652C-B686-4E7B-97D7-26650009D8FD Location:[system-defined]>
2026-06-24 20:32:22.022 Df installcoordinationd[83165:87769] [com.apple.installcoordination:daemon] -[IXSDataPromiseManager promiseDidComplete:]: Unowned promise completed: <IXSPromisedInMemoryDictionary(0x105901380) Name:Localizations for com.DefaultCompany.NeonDrift Creator:InstallCoordination Simple SPI UUID:921F652C-B686-4E7B-97D7-26650009D8FD Location:[system-defined]>
2026-06-24 20:32:22.023 Df installcoordinationd[83165:8777d] [com.apple.installcoordination:daemon] -[IXSPlaceholder setLocalizationDictionaryPromise:]: <IXSPlaceholder(0x1059703c0) Name:App Placeholder: NeonDrift (com.DefaultCompany.NeonDrift) Creator:InstallCoordination Simple SPI UUID:AF0C086E-8626-460D-A4FF-75AA9632241F Location:[system-defined]>: setting localization dict promise to <IXSPromisedInMemoryDictionary(0x105901380) Name:Localizations for com.DefaultCompany.NeonDrift Creator:InstallCoordination Simple SPI UUID:921F652C-B686-4E7B-97D7-26650009D8FD Location:[system-defined]>
2026-06-24 20:32:22.024 Df installcoordinationd[83165:8777d] [com.apple.installcoordination:daemon] -[IXSDataPromiseManager promise:didUpdateProgress:]: Unowned promise update progress to 0.000000 : <IXSPlaceholder(0x1059703c0) Name:App Placeholder: NeonDrift (com.DefaultCompany.NeonDrift) Creator:InstallCoordination Simple SPI UUID:AF0C086E-8626-460D-A4FF-75AA9632241F Location:[system-defined]>
2026-06-24 20:32:22.024 Df installcoordinationd[83165:87ba9] [com.apple.installcoordination:daemon] -[IXSPlaceholder setConfigurationComplete:]: <IXSPlaceholder(0x1059703c0) Name:App Placeholder: NeonDrift (com.DefaultCompany.NeonDrift) Creator:InstallCoordination Simple SPI UUID:AF0C086E-8626-460D-A4FF-75AA9632241F Location:[system-defined]>: setting configuration complete to Y
2026-06-24 20:32:22.026 Df installcoordinationd[83165:87ba9] [com.apple.installcoordination:daemon] -[IXSPlaceholder _materialize]: <IXSPlaceholder(0x1059703c0) Name:App Placeholder: NeonDrift (com.DefaultCompany.NeonDrift) Creator:InstallCoordination Simple SPI UUID:AF0C086E-8626-460D-A4FF-75AA9632241F Location:[system-defined]>: Materializing placeholder at /Users/dragonkao/Library/Developer/CoreSimulator/Devices/CC47DE7A-8196-4465-A5A5-BB852C9C6C82/data/Containers/Shared/SystemGroup/systemgroup.com.apple.installcoordinationd/Library/InstallCoordination/PromiseStaging/AF0C086E-8626-460D-A4FF-75AA9632241F/NeonDrift.app
2026-06-24 20:32:22.026 Df installcoordinationd[83165:87ba9] [com.apple.installcoordination:daemon] -[IXSPlaceholder _materialize]: <IXSPlaceholder(0x1059703c0) Name:App Placeholder: NeonDrift (com.DefaultCompany.NeonDrift) Creator:InstallCoordination Simple SPI UUID:AF0C086E-8626-460D-A4FF-75AA9632241F Location:[system-defined]>: Using Info.plist icon content: {
    CFBundleIcons =     {
        CFBundlePrimaryIcon =         {
            CFBundleIconName = AppIcon;
        };
    };
    "CFBundleIcons~ipad" =     {
        CFBundlePrimaryIcon =         {
            CFBundleIconName = AppIcon;
        };
    };
    ISIconPlatform = iPhoneOS;
}
2026-06-24 20:32:22.027 Df installcoordinationd[83165:87ba9] [com.apple.installcoordination:daemon] -[IXSPlaceholder _materialize]_block_invoke: <IXSPlaceholder(0x1059703c0) Name:App Placeholder: NeonDrift (com.DefaultCompany.NeonDrift) Creator:InstallCoordination Simple SPI UUID:AF0C086E-8626-460D-A4FF-75AA9632241F Location:[system-defined]>: Using icon resource Assets.car
2026-06-24 20:32:22.027 Df installcoordinationd[83165:87ba9] [com.apple.installcoordination:daemon] -[IXSPlaceholder _materialize]: <IXSPlaceholder(0x1059703c0) Name:App Placeholder: NeonDrift (com.DefaultCompany.NeonDrift) Creator:InstallCoordination Simple SPI UUID:AF0C086E-8626-460D-A4FF-75AA9632241F Location:[system-defined]>: Including lproj localizations for (
)
2026-06-24 20:32:22.027 Df installcoordinationd[83165:8777d] [com.apple.installcoordination:daemon] -[IXSDataPromiseManager promiseDidComplete:]: Unowned promise completed: <IXSPlaceholder(0x1059703c0) Name:App Placeholder: NeonDrift (com.DefaultCompany.NeonDrift) Creator:InstallCoordination Simple SPI UUID:AF0C086E-8626-460D-A4FF-75AA9632241F Location:[system-defined]>
2026-06-24 20:32:22.030 Df installcoordinationd[83165:87ba9] [com.apple.installcoordination:daemon] -[IXSDataPromiseManager registerPromise:]: Registered promise <IXSPromisedTransferToPath(0x105901500) Name:App Asset: com.DefaultCompany.NeonDrift Creator:InstallCoordination Simple SPI UUID:1B375332-428B-48BA-B9C3-598759473BE9 Location:[system-defined]> for UUID 1B375332-428B-48BA-B9C3-598759473BE9
2026-06-24 20:32:22.035 Df installcoordinationd[83165:87ba9] [com.apple.installcoordination:daemon] -[IXSCoordinatorManager coordinatorForIdentity:connection:error:creatingIfNotExisting:]_block_invoke: Registered coordinator: <IXSCoordinatedAppInstall<0x105a08000> [P=CoreSimulatorBridge (pid 82688)] identifier:[com.DefaultCompany.NeonDrift/Invalid/[system-defined]] uuid:7AF5511B-690B-4305-8840-B27A86B0805B intent:IXCoordinatorIntentInitiating creator/appDRI:InstallCoordination Simple SPI importance:Background state:IXAppCoordinationStatePlaceholderPromiseNotSet promise-state:01234>
2026-06-24 20:32:22.035 Df installcoordinationd[83165:87ba9] [com.apple.appinstallation:TransactionLog] com.DefaultCompany.NeonDrift/Unknown Persona:4:1:1:1:Created coordinator with intent IXCoordinatorIntentInitiating for client InstallCoordination Simple SPI
2026-06-24 20:32:22.036 Df installcoordinationd[83165:87ba9] [com.apple.installcoordination:daemon] -[IXSCoordinatedAppInstall setPriorityBoostCompletion:withSourceInfo:]: <IXSCoordinatedAppInstall<0x105a08000> [P=CoreSimulatorBridge (pid 82688)] identifier:[com.DefaultCompany.NeonDrift/Invalid/[system-defined]] uuid:7AF5511B-690B-4305-8840-B27A86B0805B intent:IXCoordinatorIntentInitiating creator/appDRI:InstallCoordination Simple SPI importance:Background state:IXAppCoordinationStatePlaceholderPromiseNotSet promise-state:01234>: Retaining completion from CoreSimulatorBridge (82688), QOS_CLASS_DEFAULT (0x15)
2026-06-24 20:32:22.036 Df installcoordinationd[83165:87ba9] [com.apple.installcoordination:daemon] -[IXSCoordinatedAppInstall _onQueue_fireObserversForClient:]: <IXSCoordinatedAppInstall<0x105a08000> [P=CoreSimulatorBridge (pid 82688)] identifier:[com.DefaultCompany.NeonDrift/Invalid/[system-defined]] uuid:7AF5511B-690B-4305-8840-B27A86B0805B intent:IXCoordinatorIntentInitiating creator/appDRI:InstallCoordination Simple SPI importance:Background state:IXAppCoordinationStatePlaceholderPromiseNotSet promise-state:01234>: Firing applicable observers for client <IXSClientConnection<0x105858300> client:CoreSimulatorBridge (pid 82688) uuid:865C7134-E0CB-4A71-9F88-76EEF4077346>
2026-06-24 20:32:22.036 Df installcoordinationd[83165:87ba9] [com.apple.installcoordination:daemon] -[IXSCoordinatedAppInstall setImportance:]: <IXSCoordinatedAppInstall<0x105a08000> [P=CoreSimulatorBridge (pid 82688)] identifier:[com.DefaultCompany.NeonDrift/Invalid/[system-defined]] uuid:7AF5511B-690B-4305-8840-B27A86B0805B intent:IXCoordinatorIntentInitiating creator/appDRI:InstallCoordination Simple SPI importance:UserWaiting state:IXAppCoordinationStatePlaceholderPromiseNotSet promise-state:01234>: set importance to UserWaiting
2026-06-24 20:32:22.036 Df CoreSimulatorBridge[82688:8610c] [com.apple.installcoordination:framework] -[IXAppInstallCoordinator _clientDelegate_didRegisterForObservation]: <IXInitiatingAppInstallCoordinator<0x103c91140> identity:[com.DefaultCompany.NeonDrift/Invalid/[system-defined]] uuid:7AF5511B-690B-4305-8840-B27A86B0805B creator:InstallCoordination Simple SPI>: Got observer registration delegate
2026-06-24 20:32:22.036 Df CoreSimulatorBridge[82688:8610c] [com.apple.installcoordination:framework] -[IXAppInstallCoordinator _clientDelegate_shouldResume]: <IXInitiatingAppInstallCoordinator<0x103c91140> identity:[com.DefaultCompany.NeonDrift/Invalid/[system-defined]] uuid:7AF5511B-690B-4305-8840-B27A86B0805B creator:InstallCoordination Simple SPI>: Got should resume delegate
2026-06-24 20:32:22.036 Df CoreSimulatorBridge[82688:86107] [com.apple.installcoordination:framework] -[IXAppInstallCoordinator _clientDelegate_didRegisterForObservation]_block_invoke: <IXInitiatingAppInstallCoordinator<0x103c91140> identity:[com.DefaultCompany.NeonDrift/Invalid/[system-defined]] uuid:7AF5511B-690B-4305-8840-B27A86B0805B creator:InstallCoordination Simple SPI>: Observer <_IXSimpleInstallerDelegate 0x0x103c597a0> does not respond to coordinatorDidRegisterForObservation:
2026-06-24 20:32:22.036 Df CoreSimulatorBridge[82688:86107] [com.apple.installcoordination:framework] -[IXAppInstallCoordinator _clientDelegate_shouldResume]_block_invoke: <IXInitiatingAppInstallCoordinator<0x103c91140> identity:[com.DefaultCompany.NeonDrift/Invalid/[system-defined]] uuid:7AF5511B-690B-4305-8840-B27A86B0805B creator:InstallCoordination Simple SPI>: Observer <_IXSimpleInstallerDelegate 0x0x103c597a0> does not respond to coordinatorShouldResume:
2026-06-24 20:32:22.037 Df installcoordinationd[83165:87ba9] [com.apple.installcoordination:daemon] -[IXSCoordinatedAppInstall setPriorityBoostCompletion:withSourceInfo:]: <IXSCoordinatedAppInstall<0x105a08000> [P=CoreSimulatorBridge (pid 82688)] identifier:[com.DefaultCompany.NeonDrift/Invalid/[system-defined]] uuid:7AF5511B-690B-4305-8840-B27A86B0805B intent:IXCoordinatorIntentInitiating creator/appDRI:InstallCoordination Simple SPI importance:UserWaiting state:IXAppCoordinationStatePlaceholderPromiseNotSet promise-state:01234>: Disposing of completion from CoreSimulatorBridge (82688), QOS_CLASS_DEFAULT (0x15)
2026-06-24 20:32:22.037 Df installcoordinationd[83165:87ba9] [com.apple.installcoordination:daemon] -[IXSCoordinatedAppInstall setPriorityBoostCompletion:withSourceInfo:]: <IXSCoordinatedAppInstall<0x105a08000> [P=CoreSimulatorBridge (pid 82688)] identifier:[com.DefaultCompany.NeonDrift/Invalid/[system-defined]] uuid:7AF5511B-690B-4305-8840-B27A86B0805B intent:IXCoordinatorIntentInitiating creator/appDRI:InstallCoordination Simple SPI importance:UserWaiting state:IXAppCoordinationStatePlaceholderPromiseNotSet promise-state:01234>: Retaining completion from CoreSimulatorBridge (82688), QOS_CLASS_DEFAULT (0x15)
2026-06-24 20:32:22.039 Df installcoordinationd[83165:87ba9] [com.apple.installcoordination:daemon] -[IXSCoordinatedAppInstall _internal_setInstallOptionsPromise:performExternalActions:]: <IXSCoordinatedAppInstall<0x105a08000> [P=CoreSimulatorBridge (pid 82688)] identifier:[com.DefaultCompany.NeonDrift/Invalid/[system-defined]] uuid:7AF5511B-690B-4305-8840-B27A86B0805B intent:IXCoordinatorIntentInitiating creator/appDRI:InstallCoordination Simple SPI importance:UserWaiting state:IXAppCoordinationStatePlaceholderPromiseNotSet promise-state:012I4> : install options set: <IXSPromisedInMemoryData(0x105901900) Name:MIInstallOptions data Creator:Install Coordination Internal UUID:37CB724E-E3A4-4D7E-BEEE-65B8FF2EA8DC Location:[system-defined]>
2026-06-24 20:32:22.039 Df installcoordinationd[83165:87769] [com.apple.installcoordination:daemon] -[IXSCoordinatedAppInstall promiseDidComplete:]: <IXSCoordinatedAppInstall<0x105a08000> [P=CoreSimulatorBridge (pid 82688)] identifier:[com.DefaultCompany.NeonDrift/Invalid/[system-defined]] uuid:7AF5511B-690B-4305-8840-B27A86B0805B intent:IXCoordinatorIntentInitiating creator/appDRI:InstallCoordination Simple SPI importance:UserWaiting state:IXAppCoordinationStatePlaceholderPromiseNotSet promise-state:012I4> : Promise completed: <IXSPromisedInMemoryData(0x105901900) Name:MIInstallOptions data Creator:Install Coordination Internal UUID:37CB724E-E3A4-4D7E-BEEE-65B8FF2EA8DC Location:[system-defined]>
2026-06-24 20:32:22.040 Df installcoordinationd[83165:87769] [com.apple.appinstallation:TransactionLog] com.DefaultCompany.NeonDrift/Unknown Persona:4:13:1:1:Install Options Promise began. Coordinator State: IXAppCoordinationStatePlaceholderPromiseNotSet
2026-06-24 20:32:22.040 Df installcoordinationd[83165:87769] [com.apple.appinstallation:TransactionLog] com.DefaultCompany.NeonDrift/Unknown Persona:4:13:2:1:Install Options Promise completed. Coordinator State: IXAppCoordinationStatePlaceholderPromiseNotSet
2026-06-24 20:32:22.040 Df installcoordinationd[83165:87ba9] [com.apple.installcoordination:daemon] -[IXSCoordinatedAppInstall _internal_setAppAssetPromise:performExternalActions:]: <IXSCoordinatedAppInstall<0x105a08000> [P=CoreSimulatorBridge (pid 82688)] identifier:[com.DefaultCompany.NeonDrift/Invalid/[system-defined]] uuid:7AF5511B-690B-4305-8840-B27A86B0805B intent:IXCoordinatorIntentInitiating creator/appDRI:InstallCoordination Simple SPI importance:UserWaiting state:IXAppCoordinationStatePlaceholderPromiseNotSet promise-state:0a2I4> : App Asset Promise set: <IXSPromisedTransferToPath(0x105901500) Name:App Asset: com.DefaultCompany.NeonDrift Creator:InstallCoordination Simple SPI UUID:1B375332-428B-48BA-B9C3-598759473BE9 Location:[system-defined]>
2026-06-24 20:32:22.041 Df installcoordinationd[83165:87769] [com.apple.installcoordination:daemon] -[IXSCoordinatedAppInstall setInitialODRAssetPromises:]: <IXSCoordinatedAppInstall<0x105a08000> [P=CoreSimulatorBridge (pid 82688)] identifier:[com.DefaultCompany.NeonDrift/Invalid/[system-defined]] uuid:7AF5511B-690B-4305-8840-B27A86B0805B intent:IXCoordinatorIntentInitiating creator/appDRI:InstallCoordination Simple SPI importance:UserWaiting state:IXAppCoordinationStatePlaceholderPromiseNotSet promise-state:0a2I4> : Initial ODR Asset Promises set: (
)
2026-06-24 20:32:22.056 Df CoreSimulatorBridge[82688:862be] [com.apple.installcoordination:framework] -[IXPromisedTransferToPath setComplete:]: <IXPromisedTransferToPath<0x103c90b40> name:"App Asset: com.DefaultCompany.NeonDrift" uuid:1B375332-428B-48BA-B9C3-598759473BE9 creator:"InstallCoordination Simple SPI" location:[system-defined]> Copy operation from /Users/dragonkao/.openclaw/workspace/382b9e3384298039b171c9b2a60ae644/NeonDrift_MVP/project/xcode_derived_data/Build/Products/Release-iphonesimulator/NeonDrift.app to /Users/dragonkao/Library/Developer/CoreSimulator/Devices/CC47DE7A-8196-4465-A5A5-BB852C9C6C82/data/Containers/Shared/SystemGroup/systemgroup.com.apple.installcoordinationd/Library/InstallCoordination/PromiseStaging/1B375332-428B-48BA-B9C3-598759473BE9/NeonDrift.app took 0.014007 seconds
2026-06-24 20:32:22.057 Df installcoordinationd[83165:87769] [com.apple.installcoordination:daemon] -[IXSDataPromise _setPercentComplete:saveStateIfNeeded:]: Progress: <IXSPromisedTransferToPath(0x105901500) Name:App Asset: com.DefaultCompany.NeonDrift Creator:InstallCoordination Simple SPI UUID:1B375332-428B-48BA-B9C3-598759473BE9 Location:[system-defined]>
2026-06-24 20:32:22.057 Df installcoordinationd[83165:87ba9] [com.apple.appinstallation:TransactionLog] com.DefaultCompany.NeonDrift/Unknown Persona:4:10:1:1:App Asset Promise began. Coordinator State: IXAppCoordinationStatePlaceholderPromiseNotSet
2026-06-24 20:32:22.057 Df CoreSimulatorBridge[82688:86107] [com.apple.installcoordination:framework] -[IXAppInstallCoordinator _clientDelegate_promiseDidBeginFulfillmentWithIdentifier:]: <IXInitiatingAppInstallCoordinator<0x103c91140> identity:[com.DefaultCompany.NeonDrift/Invalid/[system-defined]] uuid:7AF5511B-690B-4305-8840-B27A86B0805B creator:InstallCoordination Simple SPI>: Got promise did begin fulfillment for identifier 2
2026-06-24 20:32:22.057 Df CoreSimulatorBridge[82688:86107] [com.apple.installcoordination:framework] -[IXAppInstallCoordinator _clientDelegate_promiseDidBeginFulfillmentWithIdentifier:]_block_invoke: <IXInitiatingAppInstallCoordinator<0x103c91140> identity:[com.DefaultCompany.NeonDrift/Invalid/[system-defined]] uuid:7AF5511B-690B-4305-8840-B27A86B0805B creator:InstallCoordination Simple SPI>: Observer <_IXSimpleInstallerDelegate 0x0x103c597a0> does not respond to coordinator:configuredPromiseDidBeginFulfillment: (or any deprecated equivalent)
2026-06-24 20:32:22.058 Df installcoordinationd[83165:8777d] [com.apple.installcoordination:daemon] -[IXSCoordinatedAppInstall promiseDidComplete:]: <IXSCoordinatedAppInstall<0x105a08000> [P=CoreSimulatorBridge (pid 82688)] identifier:[com.DefaultCompany.NeonDrift/Invalid/[system-defined]] uuid:7AF5511B-690B-4305-8840-B27A86B0805B intent:IXCoordinatorIntentInitiating creator/appDRI:InstallCoordination Simple SPI importance:UserWaiting state:IXAppCoordinationStatePlaceholderPromiseNotSet promise-state:0A2I4> : Promise completed: <IXSPromisedTransferToPath(0x105901500) Name:App Asset: com.DefaultCompany.NeonDrift Creator:InstallCoordination Simple SPI UUID:1B375332-428B-48BA-B9C3-598759473BE9 Location:[system-defined]>
2026-06-24 20:32:22.058 Df installcoordinationd[83165:87ba9] [com.apple.appinstallation:TransactionLog] com.DefaultCompany.NeonDrift/Unknown Persona:4:10:2:1:App Asset Promise completed. Coordinator State: IXAppCoordinationStatePlaceholderPromiseNotSet
2026-06-24 20:32:22.058 Df CoreSimulatorBridge[82688:8610c] [com.apple.installcoordination:framework] -[IXAppInstallCoordinator _clientDelegate_didUpdateProgress:forPhase:overallProgress:]: <IXInitiatingAppInstallCoordinator<0x103c91140> identity:[com.DefaultCompany.NeonDrift/Invalid/[system-defined]] uuid:7AF5511B-690B-4305-8840-B27A86B0805B creator:InstallCoordination Simple SPI>: Got did update progress delegate with percentComplete 100.000000 phase IXCoordinatorProgressPhaseLoading overallProgress 60.000000
2026-06-24 20:32:22.058 Df installcoordinationd[83165:87baf] [com.apple.installcoordination:daemon] -[IXSCoordinatedAppInstall setPlaceholderPromise:]: <IXSCoordinatedAppInstall<0x105a08000> [P=CoreSimulatorBridge (pid 82688)] identifier:[com.DefaultCompany.NeonDrift/Invalid/[system-defined]] uuid:7AF5511B-690B-4305-8840-B27A86B0805B intent:IXCoordinatorIntentInitiating creator/appDRI:InstallCoordination Simple SPI importance:UserWaiting state:IXAppCoordinationStateReadyForPlaceholderInstall promise-state:PA2I4> : Placeholder Promise set: <IXSPlaceholder(0x1059703c0) Name:App Placeholder: NeonDrift (com.DefaultCompany.NeonDrift) Creator:InstallCoordination Simple SPI UUID:AF0C086E-8626-460D-A4FF-75AA9632241F Location:[system-defined]>
2026-06-24 20:32:22.058 Df CoreSimulatorBridge[82688:8610c] [com.apple.installcoordination:framework] -[IXAppInstallCoordinator _clientDelegate_didUpdateProgress:forPhase:overallProgress:]_block_invoke: <IXInitiatingAppInstallCoordinator<0x103c91140> identity:[com.DefaultCompany.NeonDrift/Invalid/[system-defined]] uuid:7AF5511B-690B-4305-8840-B27A86B0805B creator:InstallCoordination Simple SPI>: Calling selector coordinator:didUpdateProgress:forPhase:overallProgress: on observer <_IXSimpleInstallerDelegate 0x0x103c597a0>
2026-06-24 20:32:22.058 Df installcoordinationd[83165:87ba9] [com.apple.installcoordination:daemon] -[IXSCoordinatedAppInstall promiseDidComplete:]: <IXSCoordinatedAppInstall<0x105a08000> [P=CoreSimulatorBridge (pid 82688)] identifier:[com.DefaultCompany.NeonDrift/Invalid/[system-defined]] uuid:7AF5511B-690B-4305-8840-B27A86B0805B intent:IXCoordinatorIntentInitiating creator/appDRI:InstallCoordination Simple SPI importance:UserWaiting state:IXAppCoordinationStateReadyForPlaceholderInstall promise-state:PA2I4> : Promise completed: <IXSPlaceholder(0x1059703c0) Name:App Placeholder: NeonDrift (com.DefaultCompany.NeonDrift) Creator:InstallCoordination Simple SPI UUID:AF0C086E-8626-460D-A4FF-75AA9632241F Location:[system-defined]>
2026-06-24 20:32:22.059 Df installcoordinationd[83165:87baf] [com.apple.installcoordination:daemon] -[IXSCoordinatedAppInstall _onQueue_acquireAssertionAndInstallPlaceholder]: Acquiring termination assertion to install placeholder for [com.DefaultCompany.NeonDrift/Invalid/[system-defined]]
2026-06-24 20:32:22.059 Df installcoordinationd[83165:87baf] [com.apple.installcoordination:daemon] -[IXSPendingOperationsTracker beginPendingOperationForIdentity:]_block_invoke: Beginning pending operation for [com.DefaultCompany.NeonDrift/Invalid/[system-defined]]
2026-06-24 20:32:22.063 Df runningboardd[82661:8615f] [com.apple.runningboard:connection] Received termination request from [osservice<com.apple.installcoordinationd>:83165] on <RBSProcessPredicate <RBSProcessBundleIdentifierPredicate "com.DefaultCompany.NeonDrift">> with context <RBSTerminateContext| explanation:installcoordinationd app:[com.DefaultCompany.NeonDrift/Invalid/[system-defined]] uuid:7AF5511B-690B-4305-8840-B27A86B0805B isPlaceholder:Y reportType:None maxTerminationResistance:Absolute attrs:[
	<RBSPreventLaunchLimitation| <RBSProcessPredicate <RBSProcessBundleIdentifierPredicate "com.DefaultCompany.NeonDrift">> allow:(null)>
	]>
2026-06-24 20:32:22.063 Df runningboardd[82661:86173] [com.apple.runningboard:general] failed to get LSApplicationRecord for com.DefaultCompany.NeonDrift - probably OK
2026-06-24 20:32:22.063 Df runningboardd[82661:86173] [com.apple.runningboard:connection] skipping plugin hold for uninstalled proxy com.DefaultCompany.NeonDrift
2026-06-24 20:32:22.063 Df runningboardd[82661:86173] [com.apple.runningboard:ttl] Acquiring assertion targeting system from originator [osservice<com.apple.installcoordinationd>:83165] with description <RBSAssertionDescriptor| "installcoordinationd app:[com.DefaultCompany.NeonDrift/Invalid/[system-defined]] uuid:7AF5511B-690B-4305-8840-B27A86B0805B isPlaceholder:Y" ID:82661-83165-236 target:system attributes:[
	<RBSPreventLaunchLimitation| <RBSProcessPredicate <RBSProcessBundleIdentifierPredicate "com.DefaultCompany.NeonDrift">> allow:(null)>
	]>
2026-06-24 20:32:22.063 Df runningboardd[82661:86173] [com.apple.runningboard:process] Executing termination request for: <RBSProcessPredicate <RBSProcessBundleIdentifierPredicate "com.DefaultCompany.NeonDrift">>
2026-06-24 20:32:22.064 Df SpringBoard[82658:8608a] [com.apple.SpringBoard:Common] termination assertion acquired for com.DefaultCompany.NeonDrift (app not found)
2026-06-24 20:32:22.064 Df installcoordinationd[83165:87ba9] [com.apple.appinstallation:TransactionLog] com.DefaultCompany.NeonDrift/Unknown Persona:4:9:1:1:Placeholder Promise began. Coordinator State: IXAppCoordinationStateWaitingForPlaceholderAssertion
2026-06-24 20:32:22.064 Df installcoordinationd[83165:8777d] [com.apple.installcoordination:daemon] -[IXSCoordinatedAppInstall assertionAcquiredCallback]: RBS termination assertion observer called for <IXSCoordinatedAppInstall<0x105a08000> [P=CoreSimulatorBridge (pid 82688)] identifier:[com.DefaultCompany.NeonDrift/Invalid/[system-defined]] uuid:7AF5511B-690B-4305-8840-B27A86B0805B intent:IXCoordinatorIntentInitiating creator/appDRI:InstallCoordination Simple SPI importance:UserWaiting state:IXAppCoordinationStateWaitingForPlaceholderAssertion promise-state:PA2I4>
2026-06-24 20:32:22.064 Df installcoordinationd[83165:87ba9] [com.apple.installcoordination:daemon] -[IXSCoordinatorProgress setTotalUnitsCompleted:]: Progress for coordinator: [com.DefaultCompany.NeonDrift/Invalid/[system-defined]], Phase: IXCoordinatorProgressPhaseLoading, Percentage: 100.000000: Attempt to set units completed on finished progress: 100
2026-06-24 20:32:22.064 Df installcoordinationd[83165:87ba9] [com.apple.appinstallation:TransactionLog] com.DefaultCompany.NeonDrift/Unknown Persona:4:9:2:1:Placeholder Promise completed. Coordinator State: IXAppCoordinationStateWaitingForPlaceholderAssertion
2026-06-24 20:32:22.064 Df CoreSimulatorBridge[82688:8610c] [com.apple.installcoordination:framework] -[IXAppInstallCoordinator _clientDelegate_promiseDidBeginFulfillmentWithIdentifier:]: <IXInitiatingAppInstallCoordinator<0x103c91140> identity:[com.DefaultCompany.NeonDrift/Invalid/[system-defined]] uuid:7AF5511B-690B-4305-8840-B27A86B0805B creator:InstallCoordination Simple SPI>: Got promise did begin fulfillment for identifier 1
2026-06-24 20:32:22.064 Df CoreSimulatorBridge[82688:8610c] [com.apple.installcoordination:framework] -[IXAppInstallCoordinator _clientDelegate_promiseDidBeginFulfillmentWithIdentifier:]_block_invoke: <IXInitiatingAppInstallCoordinator<0x103c91140> identity:[com.DefaultCompany.NeonDrift/Invalid/[system-defined]] uuid:7AF5511B-690B-4305-8840-B27A86B0805B creator:InstallCoordination Simple SPI>: Observer <_IXSimpleInstallerDelegate 0x0x103c597a0> does not respond to coordinator:configuredPromiseDidBeginFulfillment: (or any deprecated equivalent)
2026-06-24 20:32:22.065 Df installcoordinationd[83165:87ba9] [com.apple.installcoordination:daemon] -[IXSCoordinatedAppInstall _onQueue_installPlaceholder]: Acquired termination assertion for placeholder [com.DefaultCompany.NeonDrift/Invalid/[system-defined]]; proceeding with install.
2026-06-24 20:32:22.066 Df installcoordinationd[83165:87ba9] [com.apple.installcoordination:daemon] -[IXSPowerAssertion initWithAssertionName:details:]: Acquired power assertion IXPowerAssertion-12-[com.DefaultCompany.NeonDrift/Invalid/[system-defined]]
2026-06-24 20:32:22.067 Df installd[83021:8790b] (MobileSystemServices) 0x16f00b000 -[MIClientConnection _doInstallationForURL:identity:domain:options:operationType:completion:]: Install of "/Users/dragonkao/Library/Developer/CoreSimulator/Devices/CC47DE7A-8196-4465-A5A5-BB852C9C6C82/data/Containers/Shared/SystemGroup/systemgroup.com.apple.installcoordinationd/Library/InstallCoordination/PromiseStaging/AF0C086E-8626-460D-A4FF-75AA9632241F/NeonDrift.app" type Placeholder (LSInstallType = 1, Domain: MIInstallationDomainDefault) requested by installcoordinationd (pid 83165 (501/20))
2026-06-24 20:32:22.074 Df installd[83021:8790b] [com.apple.containermanager:xpc] Query; euid = 501, uid = 501, class = 1, identifier = [com.DefaultCompany.NeonDrift](1), flags = 300000002
2026-06-24 20:32:22.180 Df installd[83021:8790b] [com.apple.containermanager:xpc] Query; euid = 501, uid = 501, class = 1, identifier = [com.DefaultCompany.NeonDrift](1), flags = 300000002
2026-06-24 20:32:22.182 Df installd[83021:8790b] (MobileSystemServices) 0x16f00b000 -[MIInstaller _installInstallable:containingSymlink:error:]: Installing <MIInstallableBundle ID=com.DefaultCompany.NeonDrift; Persona=com.apple.containermanager.primary-persona, Version=0, ShortVersion=1.0>
2026-06-24 20:32:22.182 Df installd[83021:8790b] [com.apple.appinstallation:TransactionLog] com.DefaultCompany.NeonDrift/com.apple.containermanager.primary-persona:7:4:1:1:Start : Install (Placeholder)
2026-06-24 20:32:22.205 Df runningboardd[82661:86161] [com.apple.runningboard:process] Checking PreventLaunch: global:0 exPath:(null) predicates:{(
    <RBSProcessPredicate <RBSProcessBundleIdentifierPredicate "com.DefaultCompany.NeonDrift">>
)} allow:(null)
2026-06-24 20:32:22.314 Df runningboardd[82661:86161] [com.apple.runningboard:process] Checking PreventLaunch: global:0 exPath:(null) predicates:{(
    <RBSProcessPredicate <RBSProcessBundleIdentifierPredicate "com.DefaultCompany.NeonDrift">>
)} allow:(null)
2026-06-24 20:32:22.473 Df runningboardd[82661:86161] [com.apple.runningboard:process] Checking PreventLaunch: global:0 exPath:(null) predicates:{(
    <RBSProcessPredicate <RBSProcessBundleIdentifierPredicate "com.DefaultCompany.NeonDrift">>
)} allow:(null)
2026-06-24 20:32:22.609 Df runningboardd[82661:86161] [com.apple.runningboard:process] Checking PreventLaunch: global:0 exPath:(null) predicates:{(
    <RBSProcessPredicate <RBSProcessBundleIdentifierPredicate "com.DefaultCompany.NeonDrift">>
)} allow:(null)
2026-06-24 20:32:22.722 Df runningboardd[82661:86161] [com.apple.runningboard:process] Checking PreventLaunch: global:0 exPath:(null) predicates:{(
    <RBSProcessPredicate <RBSProcessBundleIdentifierPredicate "com.DefaultCompany.NeonDrift">>
)} allow:(null)
2026-06-24 20:32:22.722 Df runningboardd[82661:86161] [com.apple.runningboard:process] Checking PreventLaunch: global:0 exPath:(null) predicates:{(
    <RBSProcessPredicate <RBSProcessBundleIdentifierPredicate "com.DefaultCompany.NeonDrift">>
)} allow:(null)
2026-06-24 20:32:23.246 Df runningboardd[82661:86161] [com.apple.runningboard:process] Checking PreventLaunch: global:0 exPath:(null) predicates:{(
    <RBSProcessPredicate <RBSProcessBundleIdentifierPredicate "com.DefaultCompany.NeonDrift">>
)} allow:(null)
2026-06-24 20:32:23.356 Df runningboardd[82661:86161] [com.apple.runningboard:process] Checking PreventLaunch: global:0 exPath:(null) predicates:{(
    <RBSProcessPredicate <RBSProcessBundleIdentifierPredicate "com.DefaultCompany.NeonDrift">>
)} allow:(null)
2026-06-24 20:32:23.508 Df runningboardd[82661:877aa] [com.apple.runningboard:process] Checking PreventLaunch: global:0 exPath:(null) predicates:{(
    <RBSProcessPredicate <RBSProcessBundleIdentifierPredicate "com.DefaultCompany.NeonDrift">>
)} allow:(null)
2026-06-24 20:32:23.717 Df runningboardd[82661:86173] [com.apple.runningboard:process] Checking PreventLaunch: global:0 exPath:(null) predicates:{(
    <RBSProcessPredicate <RBSProcessBundleIdentifierPredicate "com.DefaultCompany.NeonDrift">>
)} allow:(null)
2026-06-24 20:32:23.874 Df runningboardd[82661:86173] [com.apple.runningboard:process] Checking PreventLaunch: global:0 exPath:(null) predicates:{(
    <RBSProcessPredicate <RBSProcessBundleIdentifierPredicate "com.DefaultCompany.NeonDrift">>
)} allow:(null)
2026-06-24 20:32:23.881 Df runningboardd[82661:86161] [com.apple.runningboard:process] Checking PreventLaunch: global:0 exPath:(null) predicates:{(
    <RBSProcessPredicate <RBSProcessBundleIdentifierPredicate "com.DefaultCompany.NeonDrift">>
)} allow:(null)
2026-06-24 20:32:24.030 Df runningboardd[82661:86161] [com.apple.runningboard:process] Checking PreventLaunch: global:0 exPath:(null) predicates:{(
    <RBSProcessPredicate <RBSProcessBundleIdentifierPredicate "com.DefaultCompany.NeonDrift">>
)} allow:(null)
2026-06-24 20:32:24.185 Df runningboardd[82661:86161] [com.apple.runningboard:process] Checking PreventLaunch: global:0 exPath:(null) predicates:{(
    <RBSProcessPredicate <RBSProcessBundleIdentifierPredicate "com.DefaultCompany.NeonDrift">>
)} allow:(null)
2026-06-24 20:32:24.363 Df runningboardd[82661:86161] [com.apple.runningboard:process] Checking PreventLaunch: global:0 exPath:(null) predicates:{(
    <RBSProcessPredicate <RBSProcessBundleIdentifierPredicate "com.DefaultCompany.NeonDrift">>
)} allow:(null)
2026-06-24 20:32:24.397 Df runningboardd[82661:86173] [com.apple.runningboard:process] Checking PreventLaunch: global:0 exPath:(null) predicates:{(
    <RBSProcessPredicate <RBSProcessBundleIdentifierPredicate "com.DefaultCompany.NeonDrift">>
)} allow:(null)
2026-06-24 20:32:24.852 Df runningboardd[82661:8615f] [com.apple.runningboard:process] Checking PreventLaunch: global:0 exPath:(null) predicates:{(
    <RBSProcessPredicate <RBSProcessBundleIdentifierPredicate "com.DefaultCompany.NeonDrift">>
)} allow:(null)
2026-06-24 20:32:24.883 Df runningboardd[82661:86176] [com.apple.runningboard:process] Checking PreventLaunch: global:0 exPath:(null) predicates:{(
    <RBSProcessPredicate <RBSProcessBundleIdentifierPredicate "com.DefaultCompany.NeonDrift">>
)} allow:(null)
2026-06-24 20:32:25.200 Df runningboardd[82661:86176] [com.apple.runningboard:process] Checking PreventLaunch: global:0 exPath:(null) predicates:{(
    <RBSProcessPredicate <RBSProcessBundleIdentifierPredicate "com.DefaultCompany.NeonDrift">>
)} allow:(null)
2026-06-24 20:32:25.354 Df runningboardd[82661:86176] [com.apple.runningboard:process] Checking PreventLaunch: global:0 exPath:(null) predicates:{(
    <RBSProcessPredicate <RBSProcessBundleIdentifierPredicate "com.DefaultCompany.NeonDrift">>
)} allow:(null)
2026-06-24 20:32:25.361 Df runningboardd[82661:86161] [com.apple.runningboard:process] Checking PreventLaunch: global:0 exPath:(null) predicates:{(
    <RBSProcessPredicate <RBSProcessBundleIdentifierPredicate "com.DefaultCompany.NeonDrift">>
)} allow:(null)
2026-06-24 20:32:25.832 Df runningboardd[82661:86161] [com.apple.runningboard:process] Checking PreventLaunch: global:0 exPath:(null) predicates:{(
    <RBSProcessPredicate <RBSProcessBundleIdentifierPredicate "com.DefaultCompany.NeonDrift">>
)} allow:(null)
2026-06-24 20:32:25.979 Df runningboardd[82661:86161] [com.apple.runningboard:process] Checking PreventLaunch: global:0 exPath:(null) predicates:{(
    <RBSProcessPredicate <RBSProcessBundleIdentifierPredicate "com.DefaultCompany.NeonDrift">>
)} allow:(null)
2026-06-24 20:32:26.078 Df installd[83021:8790b] [com.apple.containermanager:query] Query; euid = 501, uid = 501, class = 4, identifier = [com.DefaultCompany.NeonDrift](1), flags = 300000002
2026-06-24 20:32:26.080 Df installd[83021:8790b] [com.apple.containermanager:query] Query; euid = 501, uid = 501, class = 4, identifier = [com.DefaultCompany.NeonDrift](1), flags = 300000002
2026-06-24 20:32:26.080 Df installd[83021:8790b] [com.apple.containermanager:xpc] Query; euid = 501, uid = 501, class = 1, identifier = [com.DefaultCompany.NeonDrift](1), flags = 300000003
2026-06-24 20:32:26.081 E  containermanagerd_system[82708:872fa] [com.apple.containermanager:schema] [com.DefaultCompany.NeonDrift(1)] Current schema version (1) is newer than the latest (0), ignoring.
2026-06-24 20:32:26.081 Df containermanagerd_system[82708:872fa] [com.apple.containermanager:schema] [u B20D51B1-953B-4C06-A134-62287CE7A826:p C6C07383-3D8A-4374-BAA8-2690A692EE34:c com.DefaultCompany.NeonDrift(1):i27602158] Successfully updated schema from (0) → (0), actions count = 0
2026-06-24 20:32:26.085 Df installd[83021:8790b] [com.apple.containermanager:xpc] Query; euid = 501, uid = 501, class = 1, identifier = [com.DefaultCompany.NeonDrift](1), flags = 300000002
2026-06-24 20:32:26.089 Df installd[83021:8790b] [com.apple.containermanager:query] Query; euid = 501, uid = 501, class = 2, identifier = [com.DefaultCompany.NeonDrift](1), flags = 300000003
2026-06-24 20:32:26.091 Df containermanagerd[82717:872fb] [com.apple.containermanager:schema] [u 815BD00E-79CD-4463-AD29-B14C41CCA58C:p DCBA4B63-5781-4F1F-9AAB-E77332D20674:c com.DefaultCompany.NeonDrift(2):i27602164] Successfully updated schema from (0) → (1), actions count = 6
2026-06-24 20:32:26.093 Df installd[83021:8790b] [com.apple.containermanager:query] Query; euid = 501, uid = 501, class = 2, identifier = [com.DefaultCompany.NeonDrift](1), flags = 300000002
2026-06-24 20:32:26.094 Df installd[83021:8790b] (MobileSystemServices) 0x16f00b000 -[MIInstallationJournalEntry _refreshUUIDForContainer:withError:]: Data container for com.DefaultCompany.NeonDrift is now at /Users/dragonkao/Library/Developer/CoreSimulator/Devices/CC47DE7A-8196-4465-A5A5-BB852C9C6C82/data/Containers/Data/Application/84B71975-CD06-4671-BD9D-B1CA76B2DDAE
2026-06-24 20:32:26.095 Df containermanagerd[82717:872fb] [com.apple.containermanager:schema] [u 815BD00E-79CD-4463-AD29-B14C41CCA58C:p 84B71975-CD06-4671-BD9D-B1CA76B2DDAE:c com.DefaultCompany.NeonDrift(2):i0] Successfully updated schema from (0) → (1), actions count = 6
2026-06-24 20:32:26.096 Df installd[83021:8790b] [com.apple.containermanager:unspecified] Replace; old = <NULL>, new = [temp-app:com.DefaultCompany.NeonDrift:501::(B20D51B1-953B-4C06-A134-62287CE7A826)]
2026-06-24 20:32:26.099 Df installd[83021:8790b] [com.apple.containermanager:xpc] Query; euid = 501, uid = 501, class = 1, identifier = [com.DefaultCompany.NeonDrift](1), flags = 300000002
2026-06-24 20:32:26.101 Df installd[83021:8790b] (MobileSystemServices) 0x16f00b000 -[MIContainer makeContainerLiveReplacingContainer:reason:waitForDeletion:withError:]: Made container live for com.DefaultCompany.NeonDrift at /Users/dragonkao/Library/Developer/CoreSimulator/Devices/CC47DE7A-8196-4465-A5A5-BB852C9C6C82/data/Containers/Bundle/Application/54C5E305-3722-49F5-BAD5-591B3FEFCE0D
2026-06-24 20:32:26.104 Df containermanagerd[82717:872fb] [com.apple.containermanager:codesignmapping] Reconciled [com.DefaultCompany.NeonDrift]; old app groups: (null), new app groups: (null), old system groups: (null), new system groups: (null)
2026-06-24 20:32:26.105 Df installd[83021:8790b] [com.apple.containermanager:unspecified] Requesting disk usage; class = 1, identifier = com.DefaultCompany.NeonDrift
2026-06-24 20:32:26.109 Df installd[83021:8790b] [com.apple.containermanager:query] Query; euid = 501, uid = 501, class = 7, identifier = [com.DefaultCompany.NeonDrift](1), flags = 300000001
2026-06-24 20:32:26.113 Df SpringBoard[82658:8608a] [com.apple.SpringBoard:Common] termination assertion released for com.DefaultCompany.NeonDrift (app not found)
2026-06-24 20:32:26.117 Df installd[83021:8790b] (MobileSystemServices) 0x16f00b000 -[MILaunchServicesOperationManager _onQueue_addPendingLaunchServicesOperation:error:]: Added pending LS operation <MILaunchServicesRegisterOperation: 8FF53D7B-E71C-4238-A3A2-EF7EBF33F995:1 com.DefaultCompany.NeonDrift/MIInstallationDomainSystemShared personas:[com.apple.containermanager.primary-persona]>
2026-06-24 20:32:26.121 Df lsd[82713:8626e] [com.apple.launchservices:appinstallation] Post installation registration: request to register com.DefaultCompany.NeonDrift, operation 8FF53D7B-E71C-4238-A3A2-EF7EBF33F995, from pid 83021
2026-06-24 20:32:26.123 Df lsd[82713:8626e] [com.apple.appinstallation:TransactionLog] com.DefaultCompany.NeonDrift/Unknown Persona:5:4:1:1:Registering bundles via registrant - start
2026-06-24 20:32:26.128 E  lsd[82713:8626e] [com.apple.launchservices:default] LSStringLocalizer development region en not found in localizations available for bundle file:///Users/dragonkao/Library/Developer/CoreSimulator/Devices/CC47DE7A-8196-4465-A5A5-BB852C9C6C82/data/Containers/Bundle/Application/54C5E305-3722-49F5-BAD5-591B3FEFCE0D/NeonDrift.app/
2026-06-24 20:32:26.133 Df lsd[82713:8626e] [com.apple.appinstallation:TransactionLog] com.DefaultCompany.NeonDrift/Unknown Persona:5:5:1:1:Building bundle record for app
2026-06-24 20:32:26.133 Df lsd[82713:8626e] [com.apple.launchservices:appinstallation] No bundles to remove for com.DefaultCompany.NeonDrift
