    "<LSApplicationProxy: 0x103a443c0> com.DefaultCompany.NeonDrift file:///Users/dragonkao/Library/Developer/CoreSimulator/Devices/CC47DE7A-8196-4465-A5A5-BB852C9C6C82/data/Containers/Bundle/Application/BE5BD7F9-D34E-49AC-878C-F15592DE2F4F/NeonDrift.app/ <com.DefaultCompany.NeonDrift <installed >:0>"
)
2026-06-24 23:23:01.949 Df webbookmarksd[58211:156009] [com.apple.launchservices:appinstallation] LaunchServices observer: Will install (
    "<LSApplicationProxy: 0x1059d0000> com.DefaultCompany.NeonDrift file:///Users/dragonkao/Library/Developer/CoreSimulator/Devices/CC47DE7A-8196-4465-A5A5-BB852C9C6C82/data/Containers/Bundle/Application/BE5BD7F9-D34E-49AC-878C-F15592DE2F4F/NeonDrift.app/ <com.DefaultCompany.NeonDrift <installed >:0>"
)
2026-06-24 23:23:01.949 Df activitysharingd[58582:15600a] [com.apple.launchservices:appinstallation] LaunchServices observer: Will install (
    "<LSApplicationProxy: 0x1039b4e40> com.DefaultCompany.NeonDrift file:///Users/dragonkao/Library/Developer/CoreSimulator/Devices/CC47DE7A-8196-4465-A5A5-BB852C9C6C82/data/Containers/Bundle/Application/BE5BD7F9-D34E-49AC-878C-F15592DE2F4F/NeonDrift.app/ <com.DefaultCompany.NeonDrift <installed >:0>"
)
2026-06-24 23:23:01.949 Df dasd[58177:15600b] [com.apple.launchservices:appinstallation] LaunchServices observer: Will install (
    "<LSApplicationProxy: 0x1023683c0> com.DefaultCompany.NeonDrift file:///Users/dragonkao/Library/Developer/CoreSimulator/Devices/CC47DE7A-8196-4465-A5A5-BB852C9C6C82/data/Containers/Bundle/Application/BE5BD7F9-D34E-49AC-878C-F15592DE2F4F/NeonDrift.app/ <com.DefaultCompany.NeonDrift <installed >:0>"
)
2026-06-24 23:23:01.949 Df SpringBoard[58151:1557b8] [com.apple.launchservices:appinstallation] LaunchServices observer: Will install (
    "<LSApplicationProxy: 0x129960240> com.DefaultCompany.NeonDrift file:///Users/dragonkao/Library/Developer/CoreSimulator/Devices/CC47DE7A-8196-4465-A5A5-BB852C9C6C82/data/Containers/Bundle/Application/BE5BD7F9-D34E-49AC-878C-F15592DE2F4F/NeonDrift.app/ <com.DefaultCompany.NeonDrift <installed >:0>"
)
2026-06-24 23:23:01.949 Df nsurlsessiond[58196:155f82] [com.apple.launchservices:appinstallation] LaunchServices observer: Will install (
    "<LSApplicationProxy: 0x10122cb40> com.DefaultCompany.NeonDrift file:///Users/dragonkao/Library/Developer/CoreSimulator/Devices/CC47DE7A-8196-4465-A5A5-BB852C9C6C82/data/Containers/Bundle/Application/BE5BD7F9-D34E-49AC-878C-F15592DE2F4F/NeonDrift.app/ <com.DefaultCompany.NeonDrift <installed >:0>"
)
2026-06-24 23:23:01.949 Df installd[58314:155fb2] (MobileSystemServices) 0x16d46b000 -[MIClientConnection _doInstallationForURL:identity:domain:options:operationType:completion:]: Install of "/Users/dragonkao/Library/Developer/CoreSimulator/Devices/CC47DE7A-8196-4465-A5A5-BB852C9C6C82/data/Containers/Shared/SystemGroup/systemgroup.com.apple.installcoordinationd/Library/InstallCoordination/PromiseStaging/457CE5B4-5050-4C77-8204-2E553C53EE86/NeonDrift.app" type Developer (LSInstallType = 0, Domain: MIInstallationDomainDefault) requested by installcoordinationd (pid 58312 (501/20))
2026-06-24 23:23:01.950 Df SpringBoard[58151:1557b8] [com.apple.frontboard.ApplicationLibrary:observer] -[FBSApplicationLibrary applicationsWillInstall:] com.DefaultCompany.NeonDrift
2026-06-24 23:23:01.950 Df SpringBoard[58151:fa3c1] [com.apple.launchservices:progress] Got progress <NSProgress: com.DefaultCompany.NeonDrift phase=InstallingPlaceholder; state=Waiting; finalPhase=Installing; fractionCompleted=0.000000> for app com.DefaultCompany.NeonDrift,
2026-06-24 23:23:01.951 Df CoreSimulatorBridge[58181:14e413] [com.apple.installcoordination:framework] -[IXAppInstallCoordinator _clientDelegate_didUpdateProgress:forPhase:overallProgress:]: <IXUpdatingAppInstallCoordinator<0x1043e8380> identity:[com.DefaultCompany.NeonDrift/Invalid/[system-defined]] uuid:30AC4813-B30B-4ACA-BBBC-FB6DF49EBBD4 creator:InstallCoordination Simple SPI>: Got did update progress delegate with percentComplete 5.000000 phase IXCoordinatorProgressPhaseInstalling overallProgress 62.000000
2026-06-24 23:23:01.951 Df CoreSimulatorBridge[58181:14e413] [com.apple.installcoordination:framework] -[IXAppInstallCoordinator _clientDelegate_didUpdateProgress:forPhase:overallProgress:]: <IXUpdatingAppInstallCoordinator<0x1043e8380> identity:[com.DefaultCompany.NeonDrift/Invalid/[system-defined]] uuid:30AC4813-B30B-4ACA-BBBC-FB6DF49EBBD4 creator:InstallCoordination Simple SPI>: Got did update progress delegate with percentComplete 15.000000 phase IXCoordinatorProgressPhaseInstalling overallProgress 66.000000
2026-06-24 23:23:01.951 Df CoreSimulatorBridge[58181:155f6c] [com.apple.installcoordination:framework] -[IXAppInstallCoordinator _clientDelegate_didUpdateProgress:forPhase:overallProgress:]_block_invoke: <IXUpdatingAppInstallCoordinator<0x1043e8380> identity:[com.DefaultCompany.NeonDrift/Invalid/[system-defined]] uuid:30AC4813-B30B-4ACA-BBBC-FB6DF49EBBD4 creator:InstallCoordination Simple SPI>: Calling selector coordinator:didUpdateProgress:forPhase:overallProgress: on observer <_IXSimpleInstallerDelegate 0x0x1043a4750>
2026-06-24 23:23:01.951 Df CoreSimulatorBridge[58181:14e413] [com.apple.installcoordination:framework] -[IXAppInstallCoordinator _clientDelegate_didUpdateProgress:forPhase:overallProgress:]: <IXUpdatingAppInstallCoordinator<0x1043e8380> identity:[com.DefaultCompany.NeonDrift/Invalid/[system-defined]] uuid:30AC4813-B30B-4ACA-BBBC-FB6DF49EBBD4 creator:InstallCoordination Simple SPI>: Got did update progress delegate with percentComplete 20.000000 phase IXCoordinatorProgressPhaseInstalling overallProgress 68.000000
2026-06-24 23:23:01.951 Df CoreSimulatorBridge[58181:155f6c] [com.apple.installcoordination:framework] -[IXAppInstallCoordinator _clientDelegate_didUpdateProgress:forPhase:overallProgress:]_block_invoke: <IXUpdatingAppInstallCoordinator<0x1043e8380> identity:[com.DefaultCompany.NeonDrift/Invalid/[system-defined]] uuid:30AC4813-B30B-4ACA-BBBC-FB6DF49EBBD4 creator:InstallCoordination Simple SPI>: Calling selector coordinator:didUpdateProgress:forPhase:overallProgress: on observer <_IXSimpleInstallerDelegate 0x0x1043a4750>
2026-06-24 23:23:01.951 Df CoreSimulatorBridge[58181:155f6c] [com.apple.installcoordination:framework] -[IXAppInstallCoordinator _clientDelegate_didUpdateProgress:forPhase:overallProgress:]_block_invoke: <IXUpdatingAppInstallCoordinator<0x1043e8380> identity:[com.DefaultCompany.NeonDrift/Invalid/[system-defined]] uuid:30AC4813-B30B-4ACA-BBBC-FB6DF49EBBD4 creator:InstallCoordination Simple SPI>: Calling selector coordinator:didUpdateProgress:forPhase:overallProgress: on observer <_IXSimpleInstallerDelegate 0x0x1043a4750>
2026-06-24 23:23:01.953 Df installd[58314:155fb2] [com.apple.containermanager:xpc] Query; euid = 501, uid = 501, class = 1, identifier = [com.DefaultCompany.NeonDrift](1), flags = 300000002
2026-06-24 23:23:01.953 Df installd[58314:155fb2] [com.apple.containermanager:xpc] Query; euid = 501, uid = 501, class = 1, identifier = [com.DefaultCompany.NeonDrift](1), flags = 300000002
2026-06-24 23:23:01.955 Df installd[58314:155fb2] [com.apple.containermanager:xpc] Query; euid = 501, uid = 501, class = 1, identifier = [com.DefaultCompany.NeonDrift](1), flags = 300000002
2026-06-24 23:23:01.955 Df installcoordinationd[58312:155f6f] [com.apple.installcoordination:daemon] -[IXSCoordinatorProgress setTotalUnitsCompleted:]: Progress for coordinator: [com.DefaultCompany.NeonDrift/Invalid/[system-defined]], Phase: IXCoordinatorProgressPhaseInstalling, Percentage: 20.000000: Attempt to set units completed on finished progress: 20
2026-06-24 23:23:01.956 Df installd[58314:155fb2] [com.apple.containermanager:xpc] Query; euid = 501, uid = 501, class = 1, identifier = [com.DefaultCompany.NeonDrift](1), flags = 300000002
2026-06-24 23:23:01.958 Df installd[58314:155fb2] (MobileSystemServices) 0x16d46b000 -[MIInstaller _installInstallable:containingSymlink:error:]: Installing <MIInstallableBundle ID=com.DefaultCompany.NeonDrift; Persona=com.apple.containermanager.primary-persona, Version=0, ShortVersion=1.0>
2026-06-24 23:23:01.958 Df installd[58314:155fb2] [com.apple.appinstallation:TransactionLog] com.DefaultCompany.NeonDrift/com.apple.containermanager.primary-persona:7:1:1:1:Start : Install (Patch Update)
2026-06-24 23:23:01.958 Df installd[58314:155fb2] (MobileSystemServices) 0x16d46b000 -[MIInstallable applyPatchWithError:]: Attempting Delta patch update of com.DefaultCompany.NeonDrift from 0 (1.0) to 0 (1.0)
2026-06-24 23:23:01.958 Df SpringBoard[58151:fa3c1] [com.apple.SpringBoard:Common] termination assertion acquired for com.DefaultCompany.NeonDrift
2026-06-24 23:23:01.958 Df SpringBoard[58151:fa3c1] [com.apple.SpringBoard:Icon] 0x10bd20240-SBApplicationIcon Data source did change: <SBApplication: 0x126f6b500; com.DefaultCompany.NeonDrift> {
} (SBApplication)
2026-06-24 23:23:01.958 Df CoreSimulatorBridge[58181:14e413] [com.apple.installcoordination:framework] -[IXAppInstallCoordinator _clientDelegate_didUpdateProgress:forPhase:overallProgress:]: <IXUpdatingAppInstallCoordinator<0x1043e8380> identity:[com.DefaultCompany.NeonDrift/Invalid/[system-defined]] uuid:30AC4813-B30B-4ACA-BBBC-FB6DF49EBBD4 creator:InstallCoordination Simple SPI>: Got did update progress delegate with percentComplete 30.000000 phase IXCoordinatorProgressPhaseInstalling overallProgress 72.000000
2026-06-24 23:23:01.958 Df CoreSimulatorBridge[58181:14e413] [com.apple.installcoordination:framework] -[IXAppInstallCoordinator _clientDelegate_didUpdateProgress:forPhase:overallProgress:]: <IXUpdatingAppInstallCoordinator<0x1043e8380> identity:[com.DefaultCompany.NeonDrift/Invalid/[system-defined]] uuid:30AC4813-B30B-4ACA-BBBC-FB6DF49EBBD4 creator:InstallCoordination Simple SPI>: Got did update progress delegate with percentComplete 35.000000 phase IXCoordinatorProgressPhaseInstalling overallProgress 74.000000
2026-06-24 23:23:01.958 Df CoreSimulatorBridge[58181:155f6c] [com.apple.installcoordination:framework] -[IXAppInstallCoordinator _clientDelegate_didUpdateProgress:forPhase:overallProgress:]_block_invoke: <IXUpdatingAppInstallCoordinator<0x1043e8380> identity:[com.DefaultCompany.NeonDrift/Invalid/[system-defined]] uuid:30AC4813-B30B-4ACA-BBBC-FB6DF49EBBD4 creator:InstallCoordination Simple SPI>: Calling selector coordinator:didUpdateProgress:forPhase:overallProgress: on observer <_IXSimpleInstallerDelegate 0x0x1043a4750>
2026-06-24 23:23:01.958 Df CoreSimulatorBridge[58181:155f6c] [com.apple.installcoordination:framework] -[IXAppInstallCoordinator _clientDelegate_didUpdateProgress:forPhase:overallProgress:]_block_invoke: <IXUpdatingAppInstallCoordinator<0x1043e8380> identity:[com.DefaultCompany.NeonDrift/Invalid/[system-defined]] uuid:30AC4813-B30B-4ACA-BBBC-FB6DF49EBBD4 creator:InstallCoordination Simple SPI>: Calling selector coordinator:didUpdateProgress:forPhase:overallProgress: on observer <_IXSimpleInstallerDelegate 0x0x1043a4750>
2026-06-24 23:23:01.959 Df SpringBoard[58151:fa3c1] [com.apple.frontboard.ApplicationLibrary:sb.placeholder] App placeholder proxies added: (
    "<SBApplicationPlaceholderProxy: 0x10bb51d00; com.DefaultCompany.NeonDrift (NeonDrift); LSInstallType: StoreDownload>"
), currentlyKnownExistingPlaceholders: {
}
2026-06-24 23:23:01.959 Df SpringBoard[58151:fa3c1] [com.apple.appinstallation:TransactionLog] com.DefaultCompany.NeonDrift/Unknown Persona:10:0:1:1:Placeholder add BEGIN
2026-06-24 23:23:01.959 Df SpringBoard[58151:fa3c1] [com.apple.SpringBoard:Icon] <<SBLeafIcon:0x10bd20240 [com.DefaultCompany.NeonDrift]>> Changing active data source: <SBApplicationIcon: 0x10bd20240; nodeID: com.DefaultCompany.NeonDrift; bundleID: com.DefaultCompany.NeonDrift>
2026-06-24 23:23:01.959 Df SpringBoard[58151:fa3c1] [com.apple.SpringBoard:Icon] <<SBLeafIcon:0x10bd20240 [com.DefaultCompany.NeonDrift]>> Changing from data souce: com.DefaultCompany.NeonDrift to data source:com.DefaultCompany.NeonDrift.
2026-06-24 23:23:01.960 Df SpringBoard[58151:fa3c1] [com.apple.appinstallation:TransactionLog] com.DefaultCompany.NeonDrift/Unknown Persona:10:1:3:1:Created icon for placeholder.
2026-06-24 23:23:01.960 Df SpringBoard[58151:fa3c1] [com.apple.frontboard.ApplicationLibrary:sb.placeholder] Placeholders added: (
    "<SBApplicationPlaceholder: 0x10c552940; bundleIdentifier: com.DefaultCompany.NeonDrift; displayName: NeonDrift; progress: 60%; state: Installing; canPromote?: YES>"
), modified: (
), removed: (null)
2026-06-24 23:23:01.961 Df PosterBoard[58255:14e4bb] [com.apple.launchservices:appinstallation] LaunchServices observer: InstallsStarted (
    "<LSApplicationProxy: 0x109ba61c0> com.DefaultCompany.NeonDrift file:///Users/dragonkao/Library/Developer/CoreSimulator/Devices/CC47DE7A-8196-4465-A5A5-BB852C9C6C82/data/Containers/Bundle/Application/BE5BD7F9-D34E-49AC-878C-F15592DE2F4F/com.apple.mobileinstallation.placeholder/ <com.DefaultCompany.NeonDrift <placeholder >:1>"
)
2026-06-24 23:23:01.961 Df PosterBoard[58255:14e4bb] [com.apple.launchservices:appinstallation] LaunchServices observer: MetadataUpdate (
    "com.DefaultCompany.NeonDrift"
)
2026-06-24 23:23:01.962 Df PosterBoard[58255:14e4bb] [com.apple.launchservices:appinstallation] LaunchServices observer: InstallsStarted (
    "<LSApplicationProxy: 0x109ba6c40> com.DefaultCompany.NeonDrift file:///Users/dragonkao/Library/Developer/CoreSimulator/Devices/CC47DE7A-8196-4465-A5A5-BB852C9C6C82/data/Containers/Bundle/Application/BE5BD7F9-D34E-49AC-878C-F15592DE2F4F/com.apple.mobileinstallation.placeholder/ <com.DefaultCompany.NeonDrift <placeholder >:1>"
)
2026-06-24 23:23:01.962 Df PosterBoard[58255:14e4bb] [com.apple.launchservices:appinstallation] LaunchServices observer: Will install (
    "<LSApplicationProxy: 0x109ba61c0> com.DefaultCompany.NeonDrift file:///Users/dragonkao/Library/Developer/CoreSimulator/Devices/CC47DE7A-8196-4465-A5A5-BB852C9C6C82/data/Containers/Bundle/Application/BE5BD7F9-D34E-49AC-878C-F15592DE2F4F/NeonDrift.app/ <com.DefaultCompany.NeonDrift <installed >:0>"
)
2026-06-24 23:23:01.963 Df appprotectiond[58169:14e4c3] [com.apple.appprotection:server] Received distnoted event <dictionary: 0x105500000> { count = 3, transaction: 0, voucher = 0x10553d2c0, contents =
	"UserInfo" => <dictionary: 0x105430a80> { count = 2, transaction: 0, voucher = 0x0, contents =
		"isPlaceholder" => <bool: 0x1e704c530>: true
		"bundleIDs" => <array: 0x105437060> { count = 1, capacity = 1, contents =
			0: <string: 0x105437900> { string cache = 0x0, length = 28, contents = "com.DefaultCompany.NeonDrift" }
		}
	}
	"Name" => <string: 0x1054342d0> { string cache = 0x0, length = 46, contents = "com.apple.LaunchServices.applicationRegistered" }
	"XPCEventName" => <string: 0x105437930> { string cache = 0x0, length = 21, contents = "ApplicationRegistered" }
}
2026-06-24 23:23:01.963 Df appprotectiond[58169:14e4c3] [com.apple.appprotection:server] received note: name = com.apple.LaunchServices.applicationRegistered, object = Optional(AppProtection.DistnotedXPCEventStreamTranslator), userInfo = Optional([AnyHashable("isPlaceholder"): 1, AnyHashable("bundleIDs"): <__NSSingleObjectArrayI 0x1056301d0>(
com.DefaultCompany.NeonDrift
)
])
2026-06-24 23:23:01.963 Df appprotectiond[58169:14e4c3] [com.apple.appprotection:server] Received distnoted event <dictionary: 0x105500000> { count = 3, transaction: 0, voucher = 0x10553d270, contents =
	"UserInfo" => <dictionary: 0x105430a80> { count = 2, transaction: 0, voucher = 0x0, contents =
		"isPlaceholder" => <bool: 0x1e704c530>: true
		"bundleIDs" => <array: 0x105437060> { count = 1, capacity = 1, contents =
			0: <string: 0x105437900> { string cache = 0x0, length = 28, contents = "com.DefaultCompany.NeonDrift" }
		}
	}
	"Name" => <string: 0x1054342d0> { string cache = 0x0, length = 46, contents = "com.apple.LaunchServices.applicationRegistered" }
	"XPCEventName" => <string: 0x105437930> { string cache = 0x0, length = 21, contents = "ApplicationRegistered" }
}
2026-06-24 23:23:01.963 Df appprotectiond[58169:14e4c3] [com.apple.appprotection:server] received note: name = com.apple.LaunchServices.applicationRegistered, object = Optional(AppProtection.DistnotedXPCEventStreamTranslator), userInfo = Optional([AnyHashable("isPlaceholder"): 1, AnyHashable("bundleIDs"): <__NSSingleObjectArrayI 0x1056301d0>(
com.DefaultCompany.NeonDrift
)
])
2026-06-24 23:23:01.963 Df appprotectiond[58169:14e4c3] [com.apple.appprotection:server] processing settings authority event: SettingsAuthorityEvent.promotePreferenceFromProvisionalForApplication(com.DefaultCompany.NeonDrift)
2026-06-24 23:23:01.964 Df appprotectiond[58169:14e4c3] [com.apple.appprotection:server] processing settings authority event: SettingsAuthorityEvent.promotePreferenceFromProvisionalForApplication(com.DefaultCompany.NeonDrift)
2026-06-24 23:23:01.970 Df SpringBoard[58151:fa3c1] [com.apple.appinstallation:TransactionLog] com.DefaultCompany.NeonDrift/Unknown Persona:10:2:3:1:Reloading icon image.
2026-06-24 23:23:01.971 Df siriactionsd[58217:14e8cd] [com.apple.shortcuts:Daemon] Dispatching XPC event: <distributed notification: com.apple.LaunchServices.applicationRegistered, userInfo: [AnyHashable("bundleIDs"): <__NSSingleObjectArrayI 0x102212610>(
com.DefaultCompany.NeonDrift
)
, AnyHashable("isPlaceholder"): 1]>
2026-06-24 23:23:01.971 Df siriactionsd[58217:14e8cd] [com.apple.shortcuts:XPCEvent] Dispatching XPC event: <distributed notification: com.apple.LaunchServices.applicationRegistered, userInfo: [AnyHashable("bundleIDs"): <__NSSingleObjectArrayI 0x102212610>(
com.DefaultCompany.NeonDrift
)
, AnyHashable("isPlaceholder"): 1]>
2026-06-24 23:23:01.971 Df siriactionsd[58217:14e8cd] [com.apple.shortcuts:Daemon] Firing event: <distributed notification: com.apple.LaunchServices.applicationRegistered, userInfo: [AnyHashable("bundleIDs"): <__NSSingleObjectArrayI 0x102212610>(
com.DefaultCompany.NeonDrift
)
, AnyHashable("isPlaceholder"): 1]>
2026-06-24 23:23:01.971 E  siriactionsd[58217:14e8cd] [com.apple.shortcuts:Daemon] Received an event that we do not have a DaemonTask for: <distributed notification: com.apple.LaunchServices.applicationRegistered, userInfo: [AnyHashable("bundleIDs"): <__NSSingleObjectArrayI 0x102212610>(
com.DefaultCompany.NeonDrift
)
, AnyHashable("isPlaceholder"): 1]>. This is a serious programming error that might lead to missed messages and stuck streams.
2026-06-24 23:23:01.980 Df installd[58314:155fb2] [com.apple.containermanager:query] Query; euid = 501, uid = 501, class = 4, identifier = [com.DefaultCompany.NeonDrift](1), flags = 300000002
2026-06-24 23:23:01.980 Df CoreSimulatorBridge[58181:14e413] [com.apple.installcoordination:framework] -[IXAppInstallCoordinator _clientDelegate_didUpdateProgress:forPhase:overallProgress:]: <IXUpdatingAppInstallCoordinator<0x1043e8380> identity:[com.DefaultCompany.NeonDrift/Invalid/[system-defined]] uuid:30AC4813-B30B-4ACA-BBBC-FB6DF49EBBD4 creator:InstallCoordination Simple SPI>: Got did update progress delegate with percentComplete 40.000000 phase IXCoordinatorProgressPhaseInstalling overallProgress 76.000000
2026-06-24 23:23:01.980 Df CoreSimulatorBridge[58181:14e413] [com.apple.installcoordination:framework] -[IXAppInstallCoordinator _clientDelegate_didUpdateProgress:forPhase:overallProgress:]_block_invoke: <IXUpdatingAppInstallCoordinator<0x1043e8380> identity:[com.DefaultCompany.NeonDrift/Invalid/[system-defined]] uuid:30AC4813-B30B-4ACA-BBBC-FB6DF49EBBD4 creator:InstallCoordination Simple SPI>: Calling selector coordinator:didUpdateProgress:forPhase:overallProgress: on observer <_IXSimpleInstallerDelegate 0x0x1043a4750>
2026-06-24 23:23:01.980 Df installd[58314:155fb2] [com.apple.containermanager:query] Query; euid = 501, uid = 501, class = 4, identifier = [com.DefaultCompany.NeonDrift](1), flags = 300000002
2026-06-24 23:23:01.981 Df installd[58314:155fb2] [com.apple.containermanager:xpc] Query; euid = 501, uid = 501, class = 1, identifier = [com.DefaultCompany.NeonDrift](1), flags = 300000003
2026-06-24 23:23:01.981 Df CoreSimulatorBridge[58181:14e413] [com.apple.installcoordination:framework] -[IXAppInstallCoordinator _clientDelegate_didUpdateProgress:forPhase:overallProgress:]: <IXUpdatingAppInstallCoordinator<0x1043e8380> identity:[com.DefaultCompany.NeonDrift/Invalid/[system-defined]] uuid:30AC4813-B30B-4ACA-BBBC-FB6DF49EBBD4 creator:InstallCoordination Simple SPI>: Got did update progress delegate with percentComplete 50.000000 phase IXCoordinatorProgressPhaseInstalling overallProgress 80.000000
2026-06-24 23:23:01.981 Df CoreSimulatorBridge[58181:14e413] [com.apple.installcoordination:framework] -[IXAppInstallCoordinator _clientDelegate_didUpdateProgress:forPhase:overallProgress:]_block_invoke: <IXUpdatingAppInstallCoordinator<0x1043e8380> identity:[com.DefaultCompany.NeonDrift/Invalid/[system-defined]] uuid:30AC4813-B30B-4ACA-BBBC-FB6DF49EBBD4 creator:InstallCoordination Simple SPI>: Calling selector coordinator:didUpdateProgress:forPhase:overallProgress: on observer <_IXSimpleInstallerDelegate 0x0x1043a4750>
2026-06-24 23:23:01.981 E  containermanagerd_system[58198:1557d9] [com.apple.containermanager:schema] [com.DefaultCompany.NeonDrift(1)] Current schema version (1) is newer than the latest (0), ignoring.
2026-06-24 23:23:01.982 Df containermanagerd_system[58198:1557d9] [com.apple.containermanager:schema] [u 8EF3EA7F-874C-4929-8B79-10A9BF1663CE:p 77696E35-B171-4E21-8114-CE3AA1CB8873:c com.DefaultCompany.NeonDrift(1):i28352909] Successfully updated schema from (0) → (0), actions count = 0
2026-06-24 23:23:01.982 Df installd[58314:155fb2] [com.apple.containermanager:xpc] Query; euid = 501, uid = 501, class = 1, identifier = [com.DefaultCompany.NeonDrift](1), flags = 300000002
2026-06-24 23:23:01.983 Df CoreSimulatorBridge[58181:155f6c] [com.apple.installcoordination:framework] -[IXAppInstallCoordinator _clientDelegate_didUpdateProgress:forPhase:overallProgress:]: <IXUpdatingAppInstallCoordinator<0x1043e8380> identity:[com.DefaultCompany.NeonDrift/Invalid/[system-defined]] uuid:30AC4813-B30B-4ACA-BBBC-FB6DF49EBBD4 creator:InstallCoordination Simple SPI>: Got did update progress delegate with percentComplete 60.000000 phase IXCoordinatorProgressPhaseInstalling overallProgress 84.000000
2026-06-24 23:23:01.983 Df CoreSimulatorBridge[58181:155f6c] [com.apple.installcoordination:framework] -[IXAppInstallCoordinator _clientDelegate_didUpdateProgress:forPhase:overallProgress:]_block_invoke: <IXUpdatingAppInstallCoordinator<0x1043e8380> identity:[com.DefaultCompany.NeonDrift/Invalid/[system-defined]] uuid:30AC4813-B30B-4ACA-BBBC-FB6DF49EBBD4 creator:InstallCoordination Simple SPI>: Calling selector coordinator:didUpdateProgress:forPhase:overallProgress: on observer <_IXSimpleInstallerDelegate 0x0x1043a4750>
2026-06-24 23:23:01.984 Df installd[58314:155fb2] [com.apple.containermanager:query] Query; euid = 501, uid = 501, class = 2, identifier = [com.DefaultCompany.NeonDrift](1), flags = 300000003
2026-06-24 23:23:01.984 Df CoreSimulatorBridge[58181:155f6c] [com.apple.installcoordination:framework] -[IXAppInstallCoordinator _clientDelegate_didUpdateProgress:forPhase:overallProgress:]: <IXUpdatingAppInstallCoordinator<0x1043e8380> identity:[com.DefaultCompany.NeonDrift/Invalid/[system-defined]] uuid:30AC4813-B30B-4ACA-BBBC-FB6DF49EBBD4 creator:InstallCoordination Simple SPI>: Got did update progress delegate with percentComplete 70.000000 phase IXCoordinatorProgressPhaseInstalling overallProgress 88.000000
2026-06-24 23:23:01.984 Df CoreSimulatorBridge[58181:155f6c] [com.apple.installcoordination:framework] -[IXAppInstallCoordinator _clientDelegate_didUpdateProgress:forPhase:overallProgress:]_block_invoke: <IXUpdatingAppInstallCoordinator<0x1043e8380> identity:[com.DefaultCompany.NeonDrift/Invalid/[system-defined]] uuid:30AC4813-B30B-4ACA-BBBC-FB6DF49EBBD4 creator:InstallCoordination Simple SPI>: Calling selector coordinator:didUpdateProgress:forPhase:overallProgress: on observer <_IXSimpleInstallerDelegate 0x0x1043a4750>
2026-06-24 23:23:01.985 Df installd[58314:155fb2] [com.apple.containermanager:query] Query; euid = 501, uid = 501, class = 2, identifier = [com.DefaultCompany.NeonDrift](1), flags = 300000002
2026-06-24 23:23:01.987 Df dmd[58256:fa6c7] Received xpc stream event (distributed notification matching) with name: com.apple.LaunchServices.applicationRegistered user info: {
    bundleIDs =     (
        "com.DefaultCompany.NeonDrift"
    );
    isPlaceholder = 1;
}
2026-06-24 23:23:01.991 Df CoreSimulatorBridge[58181:14e413] [com.apple.installcoordination:framework] -[IXAppInstallCoordinator _clientDelegate_didUpdateProgress:forPhase:overallProgress:]: <IXUpdatingAppInstallCoordinator<0x1043e8380> identity:[com.DefaultCompany.NeonDrift/Invalid/[system-defined]] uuid:30AC4813-B30B-4ACA-BBBC-FB6DF49EBBD4 creator:InstallCoordination Simple SPI>: Got did update progress delegate with percentComplete 80.000000 phase IXCoordinatorProgressPhaseInstalling overallProgress 92.000000
2026-06-24 23:23:01.991 Df CoreSimulatorBridge[58181:14e413] [com.apple.installcoordination:framework] -[IXAppInstallCoordinator _clientDelegate_didUpdateProgress:forPhase:overallProgress:]_block_invoke: <IXUpdatingAppInstallCoordinator<0x1043e8380> identity:[com.DefaultCompany.NeonDrift/Invalid/[system-defined]] uuid:30AC4813-B30B-4ACA-BBBC-FB6DF49EBBD4 creator:InstallCoordination Simple SPI>: Calling selector coordinator:didUpdateProgress:forPhase:overallProgress: on observer <_IXSimpleInstallerDelegate 0x0x1043a4750>
2026-06-24 23:23:01.991 Df installd[58314:155fb2] (MobileSystemServices) 0x16d46b000 -[MIInstallationJournalEntry _refreshUUIDForContainer:withError:]: Data container for com.DefaultCompany.NeonDrift is now at /Users/dragonkao/Library/Developer/CoreSimulator/Devices/CC47DE7A-8196-4465-A5A5-BB852C9C6C82/data/Containers/Data/Application/F12119FD-F5F6-4102-9993-0BAF7895E4FE
2026-06-24 23:23:01.992 Df containermanagerd[58230:faa8a] [com.apple.containermanager:schema] [u 815BD00E-79CD-4463-AD29-B14C41CCA58C:p F12119FD-F5F6-4102-9993-0BAF7895E4FE:c com.DefaultCompany.NeonDrift(2):i0] Successfully updated schema from (0) → (1), actions count = 6
2026-06-24 23:23:01.992 Df installd[58314:155fb2] [com.apple.containermanager:unspecified] Replace; old = [app:com.DefaultCompany.NeonDrift:501::(17AF85E4-CA42-4B1B-95D2-8CE059831C1F)], new = [temp-app:com.DefaultCompany.NeonDrift:501::(8EF3EA7F-874C-4929-8B79-10A9BF1663CE)]
2026-06-24 23:23:01.994 Df installd[58314:155fb2] [com.apple.containermanager:xpc] Query; euid = 501, uid = 501, class = 1, identifier = [com.DefaultCompany.NeonDrift](1), flags = 300000002
2026-06-24 23:23:01.995 Df installd[58314:155fb2] (MobileSystemServices) 0x16d46b000 -[MIContainer makeContainerLiveReplacingContainer:reason:waitForDeletion:withError:]: Made container live for com.DefaultCompany.NeonDrift at /Users/dragonkao/Library/Developer/CoreSimulator/Devices/CC47DE7A-8196-4465-A5A5-BB852C9C6C82/data/Containers/Bundle/Application/42E2F0D0-DB9C-4D3E-82DD-D63C82E793CC
2026-06-24 23:23:01.995 Df installd[58314:155fb2] [com.apple.containermanager:xpc] Query; euid = 501, uid = 501, class = 1, identifier = [com.DefaultCompany.NeonDrift](1), flags = 300000002
2026-06-24 23:23:01.997 Df CoreSimulatorBridge[58181:155f6c] [com.apple.installcoordination:framework] -[IXAppInstallCoordinator _clientDelegate_didUpdateProgress:forPhase:overallProgress:]: <IXUpdatingAppInstallCoordinator<0x1043e8380> identity:[com.DefaultCompany.NeonDrift/Invalid/[system-defined]] uuid:30AC4813-B30B-4ACA-BBBC-FB6DF49EBBD4 creator:InstallCoordination Simple SPI>: Got did update progress delegate with percentComplete 90.000000 phase IXCoordinatorProgressPhaseInstalling overallProgress 96.000000
2026-06-24 23:23:01.997 Df CoreSimulatorBridge[58181:155f6c] [com.apple.installcoordination:framework] -[IXAppInstallCoordinator _clientDelegate_didUpdateProgress:forPhase:overallProgress:]_block_invoke: <IXUpdatingAppInstallCoordinator<0x1043e8380> identity:[com.DefaultCompany.NeonDrift/Invalid/[system-defined]] uuid:30AC4813-B30B-4ACA-BBBC-FB6DF49EBBD4 creator:InstallCoordination Simple SPI>: Calling selector coordinator:didUpdateProgress:forPhase:overallProgress: on observer <_IXSimpleInstallerDelegate 0x0x1043a4750>
2026-06-24 23:23:01.997 Df installd[58314:155fb2] [com.apple.containermanager:unspecified] Requesting disk usage; class = 1, identifier = com.DefaultCompany.NeonDrift
2026-06-24 23:23:01.999 Df installd[58314:155fb2] [com.apple.containermanager:query] Query; euid = 501, uid = 501, class = 7, identifier = [com.DefaultCompany.NeonDrift](1), flags = 300000001
2026-06-24 23:23:01.999 Df SpringBoard[58151:fa3c1] [com.apple.SpringBoard:Common] termination assertion released for com.DefaultCompany.NeonDrift
2026-06-24 23:23:02.001 Df installd[58314:155fb2] (MobileSystemServices) 0x16d46b000 -[MILaunchServicesOperationManager _onQueue_addPendingLaunchServicesOperation:error:]: Added pending LS operation <MILaunchServicesRegisterOperation: 35BA1B15-8A06-483B-8D6B-B3DAE54920AC:28 com.DefaultCompany.NeonDrift/MIInstallationDomainSystemShared personas:[com.apple.containermanager.primary-persona]>
2026-06-24 23:23:02.001 Df lsd[58201:156021] [com.apple.launchservices:appinstallation] Post installation registration: request to register com.DefaultCompany.NeonDrift, operation 35BA1B15-8A06-483B-8D6B-B3DAE54920AC, from pid 58314
2026-06-24 23:23:02.002 Df lsd[58201:156021] [com.apple.appinstallation:TransactionLog] com.DefaultCompany.NeonDrift/Unknown Persona:5:4:1:1:Registering bundles via registrant - start
2026-06-24 23:23:02.003 Df lsd[58201:156021] [com.apple.appinstallation:TransactionLog] com.DefaultCompany.NeonDrift/Unknown Persona:5:5:1:1:Building bundle record for app
2026-06-24 23:23:02.003 Df lsd[58201:156021] [com.apple.launchservices:appinstallation] Removed existing registered placeholder for com.DefaultCompany.NeonDrift
2026-06-24 23:23:02.003 Df lsd[58201:156021] [com.apple.launchservices:appinstallation] Removed existing registered bundle for com.DefaultCompany.NeonDrift
2026-06-24 23:23:02.003 Df lsd[58201:156021] [com.apple.appinstallation:TransactionLog] com.DefaultCompany.NeonDrift/Unknown Persona:5:5:2:1:Built bundle record for app
2026-06-24 23:23:02.004 Df lsd[58201:156021] [com.apple.launchservices:icons] clearAlternateNameForBundleIdentifier: won't clear for com.DefaultCompany.NeonDrift
2026-06-24 23:23:02.004 Df lsd[58201:156021] [com.apple.appinstallation:TransactionLog] com.DefaultCompany.NeonDrift/Unknown Persona:5:4:2:1:Registered bundle status = success
2026-06-24 23:23:02.004 Df lsd[58201:156021] [com.apple.appinstallation:TransactionLog] com.DefaultCompany.NeonDrift/Unknown Persona:5:4:2:1:Finished registering com.DefaultCompany.NeonDrift, bundle unit 374
2026-06-24 23:23:02.004 Df lsd[58201:155800] [com.apple.launchservices:progress] Installation ended for com.DefaultCompany.NeonDrift with state 5
2026-06-24 23:23:02.004 Df lsd[58201:155800] [com.apple.launchservices:progress] Discarding proportions for com.DefaultCompany.NeonDrift
2026-06-24 23:23:02.004 Df liveactivitiesd[58235:fa689] [com.apple.launchservices:progress] Unpublishing progress block called for app com.DefaultCompany.NeonDrift
2026-06-24 23:23:02.004 Df SpringBoard[58151:fa3c1] [com.apple.launchservices:progress] Unpublishing progress block called for app com.DefaultCompany.NeonDrift
2026-06-24 23:23:02.004 Df liveactivitiesd[58235:15601d] [com.apple.launchservices:progress] #LSInstallProgressList remove subscriber: <_NSProgressSubscriber: 0x1043f4660> publishingString: com.DefaultCompany.NeonDrift
2026-06-24 23:23:02.004 Df installd[58314:155fb2] (MobileSystemServices) 0x16d46b000 -[MIJournal purgeJournalEntry:withError:]: Removing journal entry <MIInstallationJournalEntry<0x103ce8a00> [com.DefaultCompany.NeonDrift/com.apple.containermanager.primary-persona/[system-defined]]/MIInstallationDomainSystemShared op:1 phase:JournalPhaseDidRegisterWithLS version:0>
2026-06-24 23:23:02.005 Df lsd[58201:156021] [com.apple.launchservices:progress] Sending applicationsDidInstall: for (
    "<LSApplicationProxy: 0x1057a4000> com.DefaultCompany.NeonDrift file:///Users/dragonkao/Library/Developer/CoreSimulator/Devices/CC47DE7A-8196-4465-A5A5-BB852C9C6C82/data/Containers/Bundle/Application/42E2F0D0-DB9C-4D3E-82DD-D63C82E793CC/NeonDrift.app/ <com.DefaultCompany.NeonDrift <installed >:0>"
)
2026-06-24 23:23:02.005 Df SpringBoard[58151:155fc8] [com.apple.launchservices:progress] #LSInstallProgressList remove subscriber: <_NSProgressSubscriber: 0x12378ce70> publishingString: com.DefaultCompany.NeonDrift
2026-06-24 23:23:02.005 Df installd[58314:155fb2] [com.apple.appinstallation:TransactionLog] com.DefaultCompany.NeonDrift/com.apple.containermanager.primary-persona:7:1:2:1:Success (End) : Install (Patch Update)
2026-06-24 23:23:02.005 Df installd[58314:155fb2] (MobileSystemServices) 0x16d46b000 -[MIInstaller _logOperationCompletionWithStartTime:distributorID:]: Install successful for (Developer:com.DefaultCompany.NeonDrift) [Distributor: (null)]; Staging: 0.00s; Waiting: 0.00s; Preflight/Patch: 0.02s, Verifying: 0.00s; Overall: 0.06s
2026-06-24 23:23:02.005 Df gamed[58254:15581f] [com.apple.launchservices:appinstallation] Received applicationsDidInstall:(
    "<LSApplicationProxy: 0x105f21140> com.DefaultCompany.NeonDrift file:///Users/dragonkao/Library/Developer/CoreSimulator/Devices/CC47DE7A-8196-4465-A5A5-BB852C9C6C82/data/Containers/Bundle/Application/42E2F0D0-DB9C-4D3E-82DD-D63C82E793CC/NeonDrift.app/ <com.DefaultCompany.NeonDrift <installed >:0>"
)
2026-06-24 23:23:02.005 Df routined[58159:155ff3] [com.apple.launchservices:appinstallation] Received applicationsDidInstall:(
    "<LSApplicationProxy: 0x103fb0a80> com.DefaultCompany.NeonDrift file:///Users/dragonkao/Library/Developer/CoreSimulator/Devices/CC47DE7A-8196-4465-A5A5-BB852C9C6C82/data/Containers/Bundle/Application/42E2F0D0-DB9C-4D3E-82DD-D63C82E793CC/NeonDrift.app/ <com.DefaultCompany.NeonDrift <installed >:0>"
)
2026-06-24 23:23:02.005 Df deviceaccessd[58283:155820] [com.apple.launchservices:appinstallation] Received applicationsDidInstall:(
    "<LSApplicationProxy: 0x101d74000> com.DefaultCompany.NeonDrift file:///Users/dragonkao/Library/Developer/CoreSimulator/Devices/CC47DE7A-8196-4465-A5A5-BB852C9C6C82/data/Containers/Bundle/Application/42E2F0D0-DB9C-4D3E-82DD-D63C82E793CC/NeonDrift.app/ <com.DefaultCompany.NeonDrift <installed >:0>"
)
2026-06-24 23:23:02.005 Df activityawardsd[58376:155ff4] [com.apple.launchservices:appinstallation] Received applicationsDidInstall:(
    "<LSApplicationProxy: 0x1039446c0> com.DefaultCompany.NeonDrift file:///Users/dragonkao/Library/Developer/CoreSimulator/Devices/CC47DE7A-8196-4465-A5A5-BB852C9C6C82/data/Containers/Bundle/Application/42E2F0D0-DB9C-4D3E-82DD-D63C82E793CC/NeonDrift.app/ <com.DefaultCompany.NeonDrift <installed >:0>"
)
2026-06-24 23:23:02.006 Df mobiletimerd[58166:156001] [com.apple.launchservices:appinstallation] Received applicationsDidInstall:(
    "<LSApplicationProxy: 0x101670780> com.DefaultCompany.NeonDrift file:///Users/dragonkao/Library/Developer/CoreSimulator/Devices/CC47DE7A-8196-4465-A5A5-BB852C9C6C82/data/Containers/Bundle/Application/42E2F0D0-DB9C-4D3E-82DD-D63C82E793CC/NeonDrift.app/ <com.DefaultCompany.NeonDrift <installed >:0>"
)
2026-06-24 23:23:02.006 Df passd[58180:14e4e7] [com.apple.launchservices:appinstallation] Received applicationsDidInstall:(
    "<LSApplicationProxy: 0x106cb5800> com.DefaultCompany.NeonDrift file:///Users/dragonkao/Library/Developer/CoreSimulator/Devices/CC47DE7A-8196-4465-A5A5-BB852C9C6C82/data/Containers/Bundle/Application/42E2F0D0-DB9C-4D3E-82DD-D63C82E793CC/NeonDrift.app/ <com.DefaultCompany.NeonDrift <installed >:0>"
)
2026-06-24 23:23:02.006 Df gamed[58254:15581f] [com.apple.appinstallation:TransactionLog] com.DefaultCompany.NeonDrift/Unknown Persona:5:8:3:1:applicationsDidInstall <LSApplicationProxy: 0x105f20600> com.DefaultCompany.NeonDrift file:///Users/dragonkao/Library/Developer/CoreSimulator/Devices/CC47DE7A-8196-4465-A5A5-BB852C9C6C82/data/Containers/Bundle/Application/42E2F0D0-DB9C-4D3E-82DD-D63C82E793CC/NeonDrift.app/ <com.DefaultCompany.NeonDrift <installed >:0>
2026-06-24 23:23:02.006 Df installcoordinationd[58312:155809] [com.apple.installcoordination:daemon] -[IXSPendingOperationsTracker endPendingOperationForIdentity:]_block_invoke: Ending pending operation for [com.DefaultCompany.NeonDrift/Invalid/[system-defined]]
2026-06-24 23:23:02.006 Df financed[58214:156004] [com.apple.launchservices:appinstallation] Received applicationsDidInstall:(
    "<LSApplicationProxy: 0x1062e7480> com.DefaultCompany.NeonDrift file:///Users/dragonkao/Library/Developer/CoreSimulator/Devices/CC47DE7A-8196-4465-A5A5-BB852C9C6C82/data/Containers/Bundle/Application/42E2F0D0-DB9C-4D3E-82DD-D63C82E793CC/NeonDrift.app/ <com.DefaultCompany.NeonDrift <installed >:0>"
)
2026-06-24 23:23:02.006 Df donotdisturbd[58200:155fc9] [com.apple.launchservices:appinstallation] Received applicationsDidInstall:(
    "<LSApplicationProxy: 0x1021fd500> com.DefaultCompany.NeonDrift file:///Users/dragonkao/Library/Developer/CoreSimulator/Devices/CC47DE7A-8196-4465-A5A5-BB852C9C6C82/data/Containers/Bundle/Application/42E2F0D0-DB9C-4D3E-82DD-D63C82E793CC/NeonDrift.app/ <com.DefaultCompany.NeonDrift <installed >:0>"
)
2026-06-24 23:23:02.006 Df routined[58159:155ff3] [com.apple.appinstallation:TransactionLog] com.DefaultCompany.NeonDrift/Unknown Persona:5:8:3:1:applicationsDidInstall <LSApplicationProxy: 0x103fb09c0> com.DefaultCompany.NeonDrift file:///Users/dragonkao/Library/Developer/CoreSimulator/Devices/CC47DE7A-8196-4465-A5A5-BB852C9C6C82/data/Containers/Bundle/Application/42E2F0D0-DB9C-4D3E-82DD-D63C82E793CC/NeonDrift.app/ <com.DefaultCompany.NeonDrift <installed >:0>
2026-06-24 23:23:02.006 Df homed[58238:14b03a] [com.apple.launchservices:appinstallation] Received applicationsDidInstall:(
    "<LSApplicationProxy: 0x1099c0d80> com.DefaultCompany.NeonDrift file:///Users/dragonkao/Library/Developer/CoreSimulator/Devices/CC47DE7A-8196-4465-A5A5-BB852C9C6C82/data/Containers/Bundle/Application/42E2F0D0-DB9C-4D3E-82DD-D63C82E793CC/NeonDrift.app/ <com.DefaultCompany.NeonDrift <installed >:0>"
)
2026-06-24 23:23:02.006 Df profiled[58259:156005] [com.apple.launchservices:appinstallation] Received applicationsDidInstall:(
    "<LSApplicationProxy: 0x103bf0000> com.DefaultCompany.NeonDrift file:///Users/dragonkao/Library/Developer/CoreSimulator/Devices/CC47DE7A-8196-4465-A5A5-BB852C9C6C82/data/Containers/Bundle/Application/42E2F0D0-DB9C-4D3E-82DD-D63C82E793CC/NeonDrift.app/ <com.DefaultCompany.NeonDrift <installed >:0>"
)
2026-06-24 23:23:02.006 Df locationd[58175:14cf5c] [com.apple.launchservices:appinstallation] Received applicationsDidInstall:(
    "<LSApplicationProxy: 0x105b88600> com.DefaultCompany.NeonDrift file:///Users/dragonkao/Library/Developer/CoreSimulator/Devices/CC47DE7A-8196-4465-A5A5-BB852C9C6C82/data/Containers/Bundle/Application/42E2F0D0-DB9C-4D3E-82DD-D63C82E793CC/NeonDrift.app/ <com.DefaultCompany.NeonDrift <installed >:0>"
)
2026-06-24 23:23:02.006 Df CoreSimulatorBridge[58181:155f6c] [com.apple.installcoordination:framework] -[IXAppInstallCoordinator _clientDelegate_didUpdateProgress:forPhase:overallProgress:]: <IXUpdatingAppInstallCoordinator<0x1043e8380> identity:[com.DefaultCompany.NeonDrift/Invalid/[system-defined]] uuid:30AC4813-B30B-4ACA-BBBC-FB6DF49EBBD4 creator:InstallCoordination Simple SPI>: Got did update progress delegate with percentComplete 100.000000 phase IXCoordinatorProgressPhaseInstalling overallProgress 100.000000
2026-06-24 23:23:02.006 Df CoreSimulatorBridge[58181:155f6c] [com.apple.installcoordination:framework] -[IXAppInstallCoordinator _clientDelegate_didUpdateProgress:forPhase:overallProgress:]_block_invoke: <IXUpdatingAppInstallCoordinator<0x1043e8380> identity:[com.DefaultCompany.NeonDrift/Invalid/[system-defined]] uuid:30AC4813-B30B-4ACA-BBBC-FB6DF49EBBD4 creator:InstallCoordination Simple SPI>: Calling selector coordinator:didUpdateProgress:forPhase:overallProgress: on observer <_IXSimpleInstallerDelegate 0x0x1043a4750>
2026-06-24 23:23:02.006 Df deviceaccessd[58283:155820] [com.apple.appinstallation:TransactionLog] com.DefaultCompany.NeonDrift/Unknown Persona:5:8:3:1:applicationsDidInstall <LSApplicationProxy: 0x101d740c0> com.DefaultCompany.NeonDrift file:///Users/dragonkao/Library/Developer/CoreSimulator/Devices/CC47DE7A-8196-4465-A5A5-BB852C9C6C82/data/Containers/Bundle/Application/42E2F0D0-DB9C-4D3E-82DD-D63C82E793CC/NeonDrift.app/ <com.DefaultCompany.NeonDrift <installed >:0>
2026-06-24 23:23:02.006 Df liveactivitiesd[58235:15601d] [com.apple.launchservices:appinstallation] Received applicationsDidInstall:(
    "<LSApplicationProxy: 0x104281bc0> com.DefaultCompany.NeonDrift file:///Users/dragonkao/Library/Developer/CoreSimulator/Devices/CC47DE7A-8196-4465-A5A5-BB852C9C6C82/data/Containers/Bundle/Application/42E2F0D0-DB9C-4D3E-82DD-D63C82E793CC/NeonDrift.app/ <com.DefaultCompany.NeonDrift <installed >:0>"
)
2026-06-24 23:23:02.006 Df deviceaccessd[58283:155ff7] [com.apple.DeviceAccess:DADaemonServer] ### applicationsDidInstall [
    <LSApplicationProxy: 0x101d740c0> com.DefaultCompany.NeonDrift file:///Users/dragonkao/Library/Developer/CoreSimulator/Devices/CC47DE7A-8196-4465-A5A5-BB852C9C6C82/data/Containers/Bundle/Application/42E2F0D0-DB9C-4D3E-82DD-D63C82E793CC/NeonDrift.app/ <com.DefaultCompany.NeonDrift <installed >:0>
]
2026-06-24 23:23:02.006 Df deviceaccessd[58283:155ff7] [com.apple.DeviceAccess:DADaemonServer] ### applicationsDidInstall com.DefaultCompany.NeonDrift
2026-06-24 23:23:02.006 Df activityawardsd[58376:155ff4] [com.apple.appinstallation:TransactionLog] com.DefaultCompany.NeonDrift/Unknown Persona:5:8:3:1:applicationsDidInstall <LSApplicationProxy: 0x103944d80> com.DefaultCompany.NeonDrift file:///Users/dragonkao/Library/Developer/CoreSimulator/Devices/CC47DE7A-8196-4465-A5A5-BB852C9C6C82/data/Containers/Bundle/Application/42E2F0D0-DB9C-4D3E-82DD-D63C82E793CC/NeonDrift.app/ <com.DefaultCompany.NeonDrift <installed >:0>
2026-06-24 23:23:02.006 Df runningboardd[58154:155faf] [com.apple.launchservices:appinstallation] Received applicationsDidInstall:(
    "<LSApplicationProxy: 0x1015a4000> com.DefaultCompany.NeonDrift file:///Users/dragonkao/Library/Developer/CoreSimulator/Devices/CC47DE7A-8196-4465-A5A5-BB852C9C6C82/data/Containers/Bundle/Application/42E2F0D0-DB9C-4D3E-82DD-D63C82E793CC/NeonDrift.app/ <com.DefaultCompany.NeonDrift <installed >:0>"
)
2026-06-24 23:23:02.007 Df sleepd[58178:156007] [com.apple.launchservices:appinstallation] Received applicationsDidInstall:(
    "<LSApplicationProxy: 0x1036703c0> com.DefaultCompany.NeonDrift file:///Users/dragonkao/Library/Developer/CoreSimulator/Devices/CC47DE7A-8196-4465-A5A5-BB852C9C6C82/data/Containers/Bundle/Application/42E2F0D0-DB9C-4D3E-82DD-D63C82E793CC/NeonDrift.app/ <com.DefaultCompany.NeonDrift <installed >:0>"
)
2026-06-24 23:23:02.007 Df lsd[58201:fa4b3] [com.apple.launchservices:progress] unsubscribing from com.DefaultCompany.NeonDrift.Installing as it was unpublished
2026-06-24 23:23:02.007 Df lsd[58201:fa4b3] [com.apple.launchservices:progress] #LSInstallProgressList remove subscriber: <_NSProgressSubscriber: 0x10572f360> publishingString: com.DefaultCompany.NeonDrift.Installing
2026-06-24 23:23:02.007 Df usernotificationsd[58240:156006] [com.apple.launchservices:appinstallation] Received applicationsDidInstall:(
    "<LSApplicationProxy: 0x103db4600> com.DefaultCompany.NeonDrift file:///Users/dragonkao/Library/Developer/CoreSimulator/Devices/CC47DE7A-8196-4465-A5A5-BB852C9C6C82/data/Containers/Bundle/Application/42E2F0D0-DB9C-4D3E-82DD-D63C82E793CC/NeonDrift.app/ <com.DefaultCompany.NeonDrift <installed >:0>"
)
2026-06-24 23:23:02.007 Df installcoordinationd[58312:155809] [com.apple.installcoordination:daemon] -[IXSCoordinatedAppInstall setComplete:]: <IXSCoordinatedAppInstall<0x101a00000> [P=CoreSimulatorBridge (pid 58181)] identifier:[com.DefaultCompany.NeonDrift/Invalid/[system-defined]] uuid:30AC4813-B30B-4ACA-BBBC-FB6DF49EBBD4 intent:IXCoordinatorIntentUpdating creator/appDRI:InstallCoordination Simple SPI importance:UserWaiting state:IXAppCoordinationStateComplete promise-state:PA2I4> complete!
2026-06-24 23:23:02.007 Df installcoordinationd[58312:155809] [com.apple.installcoordination:daemon] -[IXSPowerAssertion invalidate]: Released power assertion IXPowerAssertion-12-[com.DefaultCompany.NeonDrift/Invalid/[system-defined]]
2026-06-24 23:23:02.007 Df deviceaccessd[58283:155ff7] [com.apple.DeviceAccess:DADaemonServer] ### appBundleHasASKEnabled com.DefaultCompany.NeonDrift supports None
2026-06-24 23:23:02.007 Df callservicesd[58234:15601a] [com.apple.launchservices:appinstallation] Received applicationsDidInstall:(
    "<LSApplicationProxy: 0x10698ce40> com.DefaultCompany.NeonDrift file:///Users/dragonkao/Library/Developer/CoreSimulator/Devices/CC47DE7A-8196-4465-A5A5-BB852C9C6C82/data/Containers/Bundle/Application/42E2F0D0-DB9C-4D3E-82DD-D63C82E793CC/NeonDrift.app/ <com.DefaultCompany.NeonDrift <installed >:0>"
)
2026-06-24 23:23:02.007 Df deviceaccessd[58283:155ff7] [com.apple.DeviceAccess:DADaemonServer] ### UpdateAppsAccess: com.DefaultCompany.NeonDrift with existing info plist options: None
2026-06-24 23:23:02.007 Df clipserviced[58353:fb4a4] [com.apple.launchservices:appinstallation] Received applicationsDidInstall:(
    "<LSApplicationProxy: 0x101dbc000> com.DefaultCompany.NeonDrift file:///Users/dragonkao/Library/Developer/CoreSimulator/Devices/CC47DE7A-8196-4465-A5A5-BB852C9C6C82/data/Containers/Bundle/Application/42E2F0D0-DB9C-4D3E-82DD-D63C82E793CC/NeonDrift.app/ <com.DefaultCompany.NeonDrift <installed >:0>"
)
2026-06-24 23:23:02.007 Df healthd[58161:156023] [com.apple.launchservices:appinstallation] Received applicationsDidInstall:(
    "<LSApplicationProxy: 0x103a443c0> com.DefaultCompany.NeonDrift file:///Users/dragonkao/Library/Developer/CoreSimulator/Devices/CC47DE7A-8196-4465-A5A5-BB852C9C6C82/data/Containers/Bundle/Application/42E2F0D0-DB9C-4D3E-82DD-D63C82E793CC/NeonDrift.app/ <com.DefaultCompany.NeonDrift <installed >:0>"
)
2026-06-24 23:23:02.007 Df passd[58180:14e4e7] [com.apple.appinstallation:TransactionLog] com.DefaultCompany.NeonDrift/Unknown Persona:5:8:3:1:applicationsDidInstall <LSApplicationProxy: 0x106cb6280> com.DefaultCompany.NeonDrift file:///Users/dragonkao/Library/Developer/CoreSimulator/Devices/CC47DE7A-8196-4465-A5A5-BB852C9C6C82/data/Containers/Bundle/Application/42E2F0D0-DB9C-4D3E-82DD-D63C82E793CC/NeonDrift.app/ <com.DefaultCompany.NeonDrift <installed >:0>
2026-06-24 23:23:02.007 Df financed[58214:156004] [com.apple.appinstallation:TransactionLog] com.DefaultCompany.NeonDrift/Unknown Persona:5:8:3:1:applicationsDidInstall <LSApplicationProxy: 0x1062e7540> com.DefaultCompany.NeonDrift file:///Users/dragonkao/Library/Developer/CoreSimulator/Devices/CC47DE7A-8196-4465-A5A5-BB852C9C6C82/data/Containers/Bundle/Application/42E2F0D0-DB9C-4D3E-82DD-D63C82E793CC/NeonDrift.app/ <com.DefaultCompany.NeonDrift <installed >:0>
2026-06-24 23:23:02.007 Df mobiletimerd[58166:156001] [com.apple.appinstallation:TransactionLog] com.DefaultCompany.NeonDrift/Unknown Persona:5:8:3:1:applicationsDidInstall <LSApplicationProxy: 0x101670840> com.DefaultCompany.NeonDrift file:///Users/dragonkao/Library/Developer/CoreSimulator/Devices/CC47DE7A-8196-4465-A5A5-BB852C9C6C82/data/Containers/Bundle/Application/42E2F0D0-DB9C-4D3E-82DD-D63C82E793CC/NeonDrift.app/ <com.DefaultCompany.NeonDrift <installed >:0>
2026-06-24 23:23:02.007 Df activitysharingd[58582:15600a] [com.apple.launchservices:appinstallation] Received applicationsDidInstall:(
    "<LSApplicationProxy: 0x1039b4e40> com.DefaultCompany.NeonDrift file:///Users/dragonkao/Library/Developer/CoreSimulator/Devices/CC47DE7A-8196-4465-A5A5-BB852C9C6C82/data/Containers/Bundle/Application/42E2F0D0-DB9C-4D3E-82DD-D63C82E793CC/NeonDrift.app/ <com.DefaultCompany.NeonDrift <installed >:0>"
)
2026-06-24 23:23:02.007 Df installcoordinationd[58312:155809] [com.apple.installcoordination:daemon] -[IXSDataPromise decommission]: Decommissioning <IXSPromisedTransferToPath(0x1018f9180) Name:Icon resources for com.DefaultCompany.NeonDrift Creator:InstallCoordination Simple SPI UUID:8D1E8D2E-4D4B-477B-8BEB-0E3983EAE438 Location:[system-defined]>
2026-06-24 23:23:02.007 Df lsd[58201:156021] [com.apple.launchservices:progress] Sent distributed notification com.apple.LaunchServices.applicationRegistered with payload {
    bundleIDs =     (
        "com.DefaultCompany.NeonDrift"
    );
    isPlaceholder = 0;
}
2026-06-24 23:23:02.007 Df donotdisturbd[58200:155fc9] [com.apple.appinstallation:TransactionLog] com.DefaultCompany.NeonDrift/Unknown Persona:5:8:3:1:applicationsDidInstall <LSApplicationProxy: 0x1021fd440> com.DefaultCompany.NeonDrift file:///Users/dragonkao/Library/Developer/CoreSimulator/Devices/CC47DE7A-8196-4465-A5A5-BB852C9C6C82/data/Containers/Bundle/Application/42E2F0D0-DB9C-4D3E-82DD-D63C82E793CC/NeonDrift.app/ <com.DefaultCompany.NeonDrift <installed >:0>
2026-06-24 23:23:02.007 Df webbookmarksd[58211:14d36a] [com.apple.launchservices:appinstallation] Received applicationsDidInstall:(
    "<LSApplicationProxy: 0x1059d0000> com.DefaultCompany.NeonDrift file:///Users/dragonkao/Library/Developer/CoreSimulator/Devices/CC47DE7A-8196-4465-A5A5-BB852C9C6C82/data/Containers/Bundle/Application/42E2F0D0-DB9C-4D3E-82DD-D63C82E793CC/NeonDrift.app/ <com.DefaultCompany.NeonDrift <installed >:0>"
)
2026-06-24 23:23:02.008 Df dasd[58177:15505b] [com.apple.launchservices:appinstallation] Received applicationsDidInstall:(
    "<LSApplicationProxy: 0x1023683c0> com.DefaultCompany.NeonDrift file:///Users/dragonkao/Library/Developer/CoreSimulator/Devices/CC47DE7A-8196-4465-A5A5-BB852C9C6C82/data/Containers/Bundle/Application/42E2F0D0-DB9C-4D3E-82DD-D63C82E793CC/NeonDrift.app/ <com.DefaultCompany.NeonDrift <installed >:0>"
)
