2026-06-25 18:04:04.236 Df siriactionsd[90866:41bf16] [com.apple.shortcuts:Daemon] Dispatching XPC event: <distributed notification: com.apple.LaunchServices.applicationRegistered, userInfo: [AnyHashable("bundleIDs"): <__NSSingleObjectArrayI 0x1041f4e20>(
com.DefaultCompany.NeonDrift.run.1782381773.88841
)
, AnyHashable("isPlaceholder"): 1]>
2026-06-25 18:04:04.236 Df siriactionsd[90866:41bf16] [com.apple.shortcuts:XPCEvent] Dispatching XPC event: <distributed notification: com.apple.LaunchServices.applicationRegistered, userInfo: [AnyHashable("bundleIDs"): <__NSSingleObjectArrayI 0x1041f4e20>(
com.DefaultCompany.NeonDrift.run.1782381773.88841
)
, AnyHashable("isPlaceholder"): 1]>
2026-06-25 18:04:04.236 Df siriactionsd[90866:41bf16] [com.apple.shortcuts:Daemon] Firing event: <distributed notification: com.apple.LaunchServices.applicationRegistered, userInfo: [AnyHashable("bundleIDs"): <__NSSingleObjectArrayI 0x1041f4e20>(
com.DefaultCompany.NeonDrift.run.1782381773.88841
)
, AnyHashable("isPlaceholder"): 1]>
2026-06-25 18:04:04.236 E  siriactionsd[90866:41bf16] [com.apple.shortcuts:Daemon] Received an event that we do not have a DaemonTask for: <distributed notification: com.apple.LaunchServices.applicationRegistered, userInfo: [AnyHashable("bundleIDs"): <__NSSingleObjectArrayI 0x1041f4e20>(
com.DefaultCompany.NeonDrift.run.1782381773.88841
)
, AnyHashable("isPlaceholder"): 1]>. This is a serious programming error that might lead to missed messages and stuck streams.
2026-06-25 18:04:04.236 Df SpringBoard[90784:41bbc7] [com.apple.installcoordination:framework] +[IXAppInstallCoordinator removabilityForAppWithIdentity:error:]: Returning locally read removability, PossibleAndAllowed, for identity:[com.DefaultCompany.NeonDrift.run.1782381773.88841/Invalid/[system-defined]]
2026-06-25 18:04:04.236 Df SpringBoard[90784:41bbc7] [com.apple.frontboard.ApplicationLibrary:sb.placeholder] Placeholders added: (
    "<SBApplicationPlaceholder: 0x10c12e490; bundleIdentifier: com.DefaultCompany.NeonDrift.run.1782381773.88841; displayName: NeonDrift.run.1782381773.88841; progress: 0%; state: Waiting; canPromote?: YES; canCancel?: YES>"
), modified: (
), removed: (null)
2026-06-25 18:04:04.237 Df lsd[90836:41bd66] [com.apple.launchservices:progress] #LSInstallProgressList add subscriber: <_NSProgressSubscriber: 0x1012ee550> publishingString: com.DefaultCompany.NeonDrift.run.1782381773.88841.Installing
2026-06-25 18:04:04.237 Df lsd[90836:41bd66] [com.apple.launchservices:progress] Subscribing to com.DefaultCompany.NeonDrift.run.1782381773.88841.Installing
2026-06-25 18:04:04.237 Df installcoordinationd[91072:41c74d] [com.apple.launchservices:progress] Published install progress <NSProgress: com.DefaultCompany.NeonDrift.run.1782381773.88841.Installing phase=Installing; state=Waiting; finalPhase=Installing; fractionCompleted=0.000000>
2026-06-25 18:04:04.237 Df SpringBoard[90784:41bbc7] [com.apple.appinstallation:TransactionLog] com.DefaultCompany.NeonDrift.run.1782381773.88841/Unknown Persona:10:2:3:1:Reloading icon image.
2026-06-25 18:04:04.237 Df installd[91079:41c340] (MobileSystemServices) 0x16ddb7000 -[MIClientConnection _doInstallationForURL:identity:domain:options:operationType:completion:]: Install of "/Users/dragonkao/Library/Developer/CoreSimulator/Devices/115FDF0C-5A2F-4686-909B-7F43F1450A28/data/Containers/Shared/SystemGroup/systemgroup.com.apple.installcoordinationd/Library/InstallCoordination/PromiseStaging/7E1DDC6C-D016-4D18-A353-635B5FC77A71/NeonDrift.run.1782381773.88841.app" type Developer (LSInstallType = 0, Domain: MIInstallationDomainDefault) requested by installcoordinationd (pid 91072 (501/20))
2026-06-25 18:04:04.237 Df SpringBoard[90784:41bbc7] [com.apple.SpringBoard:Common] termination assertion acquired for com.DefaultCompany.NeonDrift.run.1782381773.88841 (app not found)
2026-06-25 18:04:04.238 Df SpringBoard[90784:41bbc7] [com.apple.appinstallation:TransactionLog] com.DefaultCompany.NeonDrift.run.1782381773.88841/Unknown Persona:10:2:3:1:Reloading icon image.
2026-06-25 18:04:04.239 Df SpringBoard[90784:41bbc7] [com.apple.appinstallation:TransactionLog] com.DefaultCompany.NeonDrift.run.1782381773.88841/Unknown Persona:10:2:3:1:Reloading icon image.
2026-06-25 18:04:04.239 Df lsd[90836:41bc8b] [com.apple.launchservices:progress] unsubscribing from com.DefaultCompany.NeonDrift.run.1782381773.88841.Loading as it was unpublished
2026-06-25 18:04:04.239 Df lsd[90836:41bc8b] [com.apple.launchservices:progress] #LSInstallProgressList remove subscriber: <_NSProgressSubscriber: 0x1012ed800> publishingString: com.DefaultCompany.NeonDrift.run.1782381773.88841.Loading
2026-06-25 18:04:04.242 Df CoreSimulatorBridge[90817:41c74b] [com.apple.installcoordination:framework] -[IXAppInstallCoordinator _clientDelegate_didUpdateProgress:forPhase:overallProgress:]: <IXInitiatingAppInstallCoordinator<0x105873400> identity:[com.DefaultCompany.NeonDrift.run.1782381773.88841/Invalid/[system-defined]] uuid:8FB738EC-4D17-4F9D-AB31-F42A682A063E creator:InstallCoordination Simple SPI>: Got did update progress delegate with percentComplete 5.000000 phase IXCoordinatorProgressPhaseInstalling overallProgress 62.000000
2026-06-25 18:04:04.242 Df CoreSimulatorBridge[90817:41c74b] [com.apple.installcoordination:framework] -[IXAppInstallCoordinator _clientDelegate_didUpdateProgress:forPhase:overallProgress:]: <IXInitiatingAppInstallCoordinator<0x105873400> identity:[com.DefaultCompany.NeonDrift.run.1782381773.88841/Invalid/[system-defined]] uuid:8FB738EC-4D17-4F9D-AB31-F42A682A063E creator:InstallCoordination Simple SPI>: Got did update progress delegate with percentComplete 15.000000 phase IXCoordinatorProgressPhaseInstalling overallProgress 66.000000
2026-06-25 18:04:04.242 Df CoreSimulatorBridge[90817:41c74b] [com.apple.installcoordination:framework] -[IXAppInstallCoordinator _clientDelegate_didUpdateProgress:forPhase:overallProgress:]_block_invoke: <IXInitiatingAppInstallCoordinator<0x105873400> identity:[com.DefaultCompany.NeonDrift.run.1782381773.88841/Invalid/[system-defined]] uuid:8FB738EC-4D17-4F9D-AB31-F42A682A063E creator:InstallCoordination Simple SPI>: Calling selector coordinator:didUpdateProgress:forPhase:overallProgress: on observer <_IXSimpleInstallerDelegate 0x0x105be4120>
2026-06-25 18:04:04.242 Df CoreSimulatorBridge[90817:41c74b] [com.apple.installcoordination:framework] -[IXAppInstallCoordinator _clientDelegate_didUpdateProgress:forPhase:overallProgress:]_block_invoke: <IXInitiatingAppInstallCoordinator<0x105873400> identity:[com.DefaultCompany.NeonDrift.run.1782381773.88841/Invalid/[system-defined]] uuid:8FB738EC-4D17-4F9D-AB31-F42A682A063E creator:InstallCoordination Simple SPI>: Calling selector coordinator:didUpdateProgress:forPhase:overallProgress: on observer <_IXSimpleInstallerDelegate 0x0x105be4120>
2026-06-25 18:04:04.242 Df CoreSimulatorBridge[90817:41bdb5] [com.apple.installcoordination:framework] -[IXAppInstallCoordinator _clientDelegate_didUpdateProgress:forPhase:overallProgress:]: <IXInitiatingAppInstallCoordinator<0x105873400> identity:[com.DefaultCompany.NeonDrift.run.1782381773.88841/Invalid/[system-defined]] uuid:8FB738EC-4D17-4F9D-AB31-F42A682A063E creator:InstallCoordination Simple SPI>: Got did update progress delegate with percentComplete 20.000000 phase IXCoordinatorProgressPhaseInstalling overallProgress 68.000000
2026-06-25 18:04:04.242 Df CoreSimulatorBridge[90817:41bdb5] [com.apple.installcoordination:framework] -[IXAppInstallCoordinator _clientDelegate_didUpdateProgress:forPhase:overallProgress:]_block_invoke: <IXInitiatingAppInstallCoordinator<0x105873400> identity:[com.DefaultCompany.NeonDrift.run.1782381773.88841/Invalid/[system-defined]] uuid:8FB738EC-4D17-4F9D-AB31-F42A682A063E creator:InstallCoordination Simple SPI>: Calling selector coordinator:didUpdateProgress:forPhase:overallProgress: on observer <_IXSimpleInstallerDelegate 0x0x105be4120>
2026-06-25 18:04:04.245 Df installd[91079:41c340] [com.apple.containermanager:xpc] Query; euid = 501, uid = 501, class = 1, identifier = [com.DefaultCompany.NeonDrift.run.1782381773.88841](1), flags = 300000002
2026-06-25 18:04:04.247 Df installd[91079:41c340] [com.apple.containermanager:xpc] Query; euid = 501, uid = 501, class = 1, identifier = [com.DefaultCompany.NeonDrift.run.1782381773.88841](1), flags = 300000002
2026-06-25 18:04:04.249 Df installd[91079:41c340] [com.apple.containermanager:xpc] Query; euid = 501, uid = 501, class = 1, identifier = [com.DefaultCompany.NeonDrift.run.1782381773.88841](1), flags = 300000002
2026-06-25 18:04:04.249 Df installcoordinationd[91072:41c2bd] [com.apple.installcoordination:daemon] -[IXSCoordinatorProgress setTotalUnitsCompleted:]: Progress for coordinator: [com.DefaultCompany.NeonDrift.run.1782381773.88841/Invalid/[system-defined]], Phase: IXCoordinatorProgressPhaseInstalling, Percentage: 20.000000: Attempt to set units completed on finished progress: 20
2026-06-25 18:04:04.250 Df installd[91079:41c340] [com.apple.containermanager:xpc] Query; euid = 501, uid = 501, class = 1, identifier = [com.DefaultCompany.NeonDrift.run.1782381773.88841](1), flags = 300000002
2026-06-25 18:04:04.253 Df installd[91079:41c340] (MobileSystemServices) 0x16ddb7000 -[MIInstaller _installInstallable:containingSymlink:error:]: Installing <MIInstallableBundle ID=com.DefaultCompany.NeonDrift.run.1782381773.88841; Persona=com.apple.containermanager.primary-persona, Version=0, ShortVersion=1.0>
2026-06-25 18:04:04.253 Df installd[91079:41c340] [com.apple.appinstallation:TransactionLog] com.DefaultCompany.NeonDrift.run.1782381773.88841/com.apple.containermanager.primary-persona:7:5:1:1:Start : Install (New)
2026-06-25 18:04:04.254 Df CoreSimulatorBridge[90817:41c74b] [com.apple.installcoordination:framework] -[IXAppInstallCoordinator _clientDelegate_didUpdateProgress:forPhase:overallProgress:]: <IXInitiatingAppInstallCoordinator<0x105873400> identity:[com.DefaultCompany.NeonDrift.run.1782381773.88841/Invalid/[system-defined]] uuid:8FB738EC-4D17-4F9D-AB31-F42A682A063E creator:InstallCoordination Simple SPI>: Got did update progress delegate with percentComplete 30.000000 phase IXCoordinatorProgressPhaseInstalling overallProgress 72.000000
2026-06-25 18:04:04.254 Df CoreSimulatorBridge[90817:41c74b] [com.apple.installcoordination:framework] -[IXAppInstallCoordinator _clientDelegate_didUpdateProgress:forPhase:overallProgress:]_block_invoke: <IXInitiatingAppInstallCoordinator<0x105873400> identity:[com.DefaultCompany.NeonDrift.run.1782381773.88841/Invalid/[system-defined]] uuid:8FB738EC-4D17-4F9D-AB31-F42A682A063E creator:InstallCoordination Simple SPI>: Calling selector coordinator:didUpdateProgress:forPhase:overallProgress: on observer <_IXSimpleInstallerDelegate 0x0x105be4120>
2026-06-25 18:04:04.258 Df installd[91079:41c340] [com.apple.containermanager:query] Query; euid = 501, uid = 501, class = 4, identifier = [com.DefaultCompany.NeonDrift.run.1782381773.88841](1), flags = 300000002
2026-06-25 18:04:04.259 Df CoreSimulatorBridge[90817:41bdb5] [com.apple.installcoordination:framework] -[IXAppInstallCoordinator _clientDelegate_didUpdateProgress:forPhase:overallProgress:]: <IXInitiatingAppInstallCoordinator<0x105873400> identity:[com.DefaultCompany.NeonDrift.run.1782381773.88841/Invalid/[system-defined]] uuid:8FB738EC-4D17-4F9D-AB31-F42A682A063E creator:InstallCoordination Simple SPI>: Got did update progress delegate with percentComplete 40.000000 phase IXCoordinatorProgressPhaseInstalling overallProgress 76.000000
2026-06-25 18:04:04.259 Df installd[91079:41c340] [com.apple.containermanager:query] Query; euid = 501, uid = 501, class = 4, identifier = [com.DefaultCompany.NeonDrift.run.1782381773.88841](1), flags = 300000002
2026-06-25 18:04:04.259 Df CoreSimulatorBridge[90817:41bdb5] [com.apple.installcoordination:framework] -[IXAppInstallCoordinator _clientDelegate_didUpdateProgress:forPhase:overallProgress:]_block_invoke: <IXInitiatingAppInstallCoordinator<0x105873400> identity:[com.DefaultCompany.NeonDrift.run.1782381773.88841/Invalid/[system-defined]] uuid:8FB738EC-4D17-4F9D-AB31-F42A682A063E creator:InstallCoordination Simple SPI>: Calling selector coordinator:didUpdateProgress:forPhase:overallProgress: on observer <_IXSimpleInstallerDelegate 0x0x105be4120>
2026-06-25 18:04:04.259 Df installd[91079:41c340] [com.apple.containermanager:xpc] Query; euid = 501, uid = 501, class = 1, identifier = [com.DefaultCompany.NeonDrift.run.1782381773.88841](1), flags = 300000003
2026-06-25 18:04:04.260 Df CoreSimulatorBridge[90817:41bdb5] [com.apple.installcoordination:framework] -[IXAppInstallCoordinator _clientDelegate_didUpdateProgress:forPhase:overallProgress:]: <IXInitiatingAppInstallCoordinator<0x105873400> identity:[com.DefaultCompany.NeonDrift.run.1782381773.88841/Invalid/[system-defined]] uuid:8FB738EC-4D17-4F9D-AB31-F42A682A063E creator:InstallCoordination Simple SPI>: Got did update progress delegate with percentComplete 50.000000 phase IXCoordinatorProgressPhaseInstalling overallProgress 80.000000
2026-06-25 18:04:04.260 Df CoreSimulatorBridge[90817:41bdb5] [com.apple.installcoordination:framework] -[IXAppInstallCoordinator _clientDelegate_didUpdateProgress:forPhase:overallProgress:]_block_invoke: <IXInitiatingAppInstallCoordinator<0x105873400> identity:[com.DefaultCompany.NeonDrift.run.1782381773.88841/Invalid/[system-defined]] uuid:8FB738EC-4D17-4F9D-AB31-F42A682A063E creator:InstallCoordination Simple SPI>: Calling selector coordinator:didUpdateProgress:forPhase:overallProgress: on observer <_IXSimpleInstallerDelegate 0x0x105be4120>
2026-06-25 18:04:04.260 E  containermanagerd_system[90831:41c812] [com.apple.containermanager:schema] [com.DefaultCompany.NeonDrift.run.1782381773.88841(1)] Current schema version (1) is newer than the latest (0), ignoring.
2026-06-25 18:04:04.261 Df containermanagerd_system[90831:41c812] [com.apple.containermanager:schema] [u 99BD7747-A67E-42C7-8AD2-A6802541D103:p 23F9116C-6ED2-4234-8338-1E5AA0F67FBC:c com.DefaultCompany.NeonDrift.run.1782381773.88841(1):i29869411] Successfully updated schema from (0) → (0), actions count = 0
2026-06-25 18:04:04.264 Df installd[91079:41c340] [com.apple.containermanager:xpc] Query; euid = 501, uid = 501, class = 1, identifier = [com.DefaultCompany.NeonDrift.run.1782381773.88841](1), flags = 300000002
2026-06-25 18:04:04.265 Df CoreSimulatorBridge[90817:41c74b] [com.apple.installcoordination:framework] -[IXAppInstallCoordinator _clientDelegate_didUpdateProgress:forPhase:overallProgress:]: <IXInitiatingAppInstallCoordinator<0x105873400> identity:[com.DefaultCompany.NeonDrift.run.1782381773.88841/Invalid/[system-defined]] uuid:8FB738EC-4D17-4F9D-AB31-F42A682A063E creator:InstallCoordination Simple SPI>: Got did update progress delegate with percentComplete 60.000000 phase IXCoordinatorProgressPhaseInstalling overallProgress 84.000000
2026-06-25 18:04:04.265 Df CoreSimulatorBridge[90817:41c74b] [com.apple.installcoordination:framework] -[IXAppInstallCoordinator _clientDelegate_didUpdateProgress:forPhase:overallProgress:]_block_invoke: <IXInitiatingAppInstallCoordinator<0x105873400> identity:[com.DefaultCompany.NeonDrift.run.1782381773.88841/Invalid/[system-defined]] uuid:8FB738EC-4D17-4F9D-AB31-F42A682A063E creator:InstallCoordination Simple SPI>: Calling selector coordinator:didUpdateProgress:forPhase:overallProgress: on observer <_IXSimpleInstallerDelegate 0x0x105be4120>
2026-06-25 18:04:04.266 Df installd[91079:41c340] [com.apple.containermanager:query] Query; euid = 501, uid = 501, class = 2, identifier = [com.DefaultCompany.NeonDrift.run.1782381773.88841](1), flags = 300000003
2026-06-25 18:04:04.267 Df CoreSimulatorBridge[90817:41bdb5] [com.apple.installcoordination:framework] -[IXAppInstallCoordinator _clientDelegate_didUpdateProgress:forPhase:overallProgress:]: <IXInitiatingAppInstallCoordinator<0x105873400> identity:[com.DefaultCompany.NeonDrift.run.1782381773.88841/Invalid/[system-defined]] uuid:8FB738EC-4D17-4F9D-AB31-F42A682A063E creator:InstallCoordination Simple SPI>: Got did update progress delegate with percentComplete 70.000000 phase IXCoordinatorProgressPhaseInstalling overallProgress 88.000000
2026-06-25 18:04:04.267 Df CoreSimulatorBridge[90817:41bdb5] [com.apple.installcoordination:framework] -[IXAppInstallCoordinator _clientDelegate_didUpdateProgress:forPhase:overallProgress:]_block_invoke: <IXInitiatingAppInstallCoordinator<0x105873400> identity:[com.DefaultCompany.NeonDrift.run.1782381773.88841/Invalid/[system-defined]] uuid:8FB738EC-4D17-4F9D-AB31-F42A682A063E creator:InstallCoordination Simple SPI>: Calling selector coordinator:didUpdateProgress:forPhase:overallProgress: on observer <_IXSimpleInstallerDelegate 0x0x105be4120>
2026-06-25 18:04:04.267 Df installd[91079:41c340] [com.apple.containermanager:query] Query; euid = 501, uid = 501, class = 2, identifier = [com.DefaultCompany.NeonDrift.run.1782381773.88841](1), flags = 300000002
2026-06-25 18:04:04.268 Df appprotectiond[90805:41be7a] [com.apple.appprotection:server] Received distnoted event <dictionary: 0x101108000> { count = 3, transaction: 0, voucher = 0x101148be0, contents =
	"UserInfo" => <dictionary: 0x101034120> { count = 2, transaction: 0, voucher = 0x0, contents =
		"isPlaceholder" => <bool: 0x1e6e64540>: true
		"bundleIDs" => <array: 0x10103de00> { count = 1, capacity = 1, contents =
			0: <string: 0x10103df80> { string cache = 0x0, length = 49, contents = "com.DefaultCompany.NeonDrift.run.1782381773.88841" }
		}
	}
	"Name" => <string: 0x10103cba0> { string cache = 0x0, length = 46, contents = "com.apple.LaunchServices.applicationRegistered" }
	"XPCEventName" => <string: 0x10103dec0> { string cache = 0x0, length = 21, contents = "ApplicationRegistered" }
}
2026-06-25 18:04:04.270 Df appprotectiond[90805:41be7a] [com.apple.appprotection:server] received note: name = com.apple.LaunchServices.applicationRegistered, object = Optional(AppProtection.DistnotedXPCEventStreamTranslator), userInfo = Optional([AnyHashable("bundleIDs"): <__NSSingleObjectArrayI 0x10124c000>(
com.DefaultCompany.NeonDrift.run.1782381773.88841
)
, AnyHashable("isPlaceholder"): 1])
2026-06-25 18:04:04.277 Df CoreSimulatorBridge[90817:41c74b] [com.apple.installcoordination:framework] -[IXAppInstallCoordinator _clientDelegate_didUpdateProgress:forPhase:overallProgress:]: <IXInitiatingAppInstallCoordinator<0x105873400> identity:[com.DefaultCompany.NeonDrift.run.1782381773.88841/Invalid/[system-defined]] uuid:8FB738EC-4D17-4F9D-AB31-F42A682A063E creator:InstallCoordination Simple SPI>: Got did update progress delegate with percentComplete 80.000000 phase IXCoordinatorProgressPhaseInstalling overallProgress 92.000000
2026-06-25 18:04:04.277 Df CoreSimulatorBridge[90817:41c74b] [com.apple.installcoordination:framework] -[IXAppInstallCoordinator _clientDelegate_didUpdateProgress:forPhase:overallProgress:]_block_invoke: <IXInitiatingAppInstallCoordinator<0x105873400> identity:[com.DefaultCompany.NeonDrift.run.1782381773.88841/Invalid/[system-defined]] uuid:8FB738EC-4D17-4F9D-AB31-F42A682A063E creator:InstallCoordination Simple SPI>: Calling selector coordinator:didUpdateProgress:forPhase:overallProgress: on observer <_IXSimpleInstallerDelegate 0x0x105be4120>
2026-06-25 18:04:04.278 Df installd[91079:41c340] (MobileSystemServices) 0x16ddb7000 -[MIInstallationJournalEntry _refreshUUIDForContainer:withError:]: Data container for com.DefaultCompany.NeonDrift.run.1782381773.88841 is now at /Users/dragonkao/Library/Developer/CoreSimulator/Devices/115FDF0C-5A2F-4686-909B-7F43F1450A28/data/Containers/Data/Application/8010E749-771C-453F-8E7E-0BAD51529F25
2026-06-25 18:04:04.279 Df containermanagerd[90847:41bd2c] [com.apple.containermanager:schema] [u F62F5766-0767-4866-9D24-0BE45F6F7FC6:p 8010E749-771C-453F-8E7E-0BAD51529F25:c com.DefaultCompany.NeonDrift.run.1782381773.88841(2):i0] Successfully updated schema from (0) → (1), actions count = 6
2026-06-25 18:04:04.279 Df installd[91079:41c340] [com.apple.containermanager:unspecified] Replace; old = [app:com.DefaultCompany.NeonDrift.run.1782381773.88841:501::(E0F2936B-FF76-46C0-B124-C6943B6EF519)], new = [temp-app:com.DefaultCompany.NeonDrift.run.1782381773.88841:501::(99BD7747-A67E-42C7-8AD2-A6802541D103)]
2026-06-25 18:04:04.282 Df installd[91079:41c340] [com.apple.containermanager:xpc] Query; euid = 501, uid = 501, class = 1, identifier = [com.DefaultCompany.NeonDrift.run.1782381773.88841](1), flags = 300000002
2026-06-25 18:04:04.283 Df installd[91079:41c340] (MobileSystemServices) 0x16ddb7000 -[MIContainer makeContainerLiveReplacingContainer:reason:waitForDeletion:withError:]: Made container live for com.DefaultCompany.NeonDrift.run.1782381773.88841 at /Users/dragonkao/Library/Developer/CoreSimulator/Devices/115FDF0C-5A2F-4686-909B-7F43F1450A28/data/Containers/Bundle/Application/4145B893-A82E-48AD-8570-B1A4631FA579
2026-06-25 18:04:04.283 Df installd[91079:41c340] [com.apple.containermanager:xpc] Query; euid = 501, uid = 501, class = 1, identifier = [com.DefaultCompany.NeonDrift.run.1782381773.88841](1), flags = 300000002
2026-06-25 18:04:04.285 Df CoreSimulatorBridge[90817:41bdb5] [com.apple.installcoordination:framework] -[IXAppInstallCoordinator _clientDelegate_didUpdateProgress:forPhase:overallProgress:]: <IXInitiatingAppInstallCoordinator<0x105873400> identity:[com.DefaultCompany.NeonDrift.run.1782381773.88841/Invalid/[system-defined]] uuid:8FB738EC-4D17-4F9D-AB31-F42A682A063E creator:InstallCoordination Simple SPI>: Got did update progress delegate with percentComplete 90.000000 phase IXCoordinatorProgressPhaseInstalling overallProgress 96.000000
2026-06-25 18:04:04.285 Df CoreSimulatorBridge[90817:41bdb5] [com.apple.installcoordination:framework] -[IXAppInstallCoordinator _clientDelegate_didUpdateProgress:forPhase:overallProgress:]_block_invoke: <IXInitiatingAppInstallCoordinator<0x105873400> identity:[com.DefaultCompany.NeonDrift.run.1782381773.88841/Invalid/[system-defined]] uuid:8FB738EC-4D17-4F9D-AB31-F42A682A063E creator:InstallCoordination Simple SPI>: Calling selector coordinator:didUpdateProgress:forPhase:overallProgress: on observer <_IXSimpleInstallerDelegate 0x0x105be4120>
2026-06-25 18:04:04.285 Df containermanagerd[90847:41bd2c] [com.apple.containermanager:codesignmapping] Reconciled [com.DefaultCompany.NeonDrift.run.1782381773.88841]; old app groups: (null), new app groups: (null), old system groups: (null), new system groups: (null)
2026-06-25 18:04:04.285 Df installd[91079:41c340] [com.apple.containermanager:unspecified] Requesting disk usage; class = 1, identifier = com.DefaultCompany.NeonDrift.run.1782381773.88841
2026-06-25 18:04:04.287 Df installd[91079:41c340] [com.apple.containermanager:query] Query; euid = 501, uid = 501, class = 7, identifier = [com.DefaultCompany.NeonDrift.run.1782381773.88841](1), flags = 300000001
2026-06-25 18:04:04.288 Df SpringBoard[90784:41bbc7] [com.apple.SpringBoard:Common] termination assertion released for com.DefaultCompany.NeonDrift.run.1782381773.88841 (app not found)
2026-06-25 18:04:04.291 Df installd[91079:41c340] (MobileSystemServices) 0x16ddb7000 -[MILaunchServicesOperationManager _onQueue_addPendingLaunchServicesOperation:error:]: Added pending LS operation <MILaunchServicesRegisterOperation: 92B94B1D-9CA2-4279-97E5-1BB71C986898:2 com.DefaultCompany.NeonDrift.run.1782381773.88841/MIInstallationDomainSystemShared personas:[com.apple.containermanager.primary-persona]>
2026-06-25 18:04:04.291 Df lsd[90836:41bd66] [com.apple.launchservices:appinstallation] Post installation registration: request to register com.DefaultCompany.NeonDrift.run.1782381773.88841, operation 92B94B1D-9CA2-4279-97E5-1BB71C986898, from pid 91079
2026-06-25 18:04:04.291 Df lsd[90836:41bd66] [com.apple.appinstallation:TransactionLog] com.DefaultCompany.NeonDrift.run.1782381773.88841/Unknown Persona:5:4:1:1:Registering bundles via registrant - start
2026-06-25 18:04:04.294 Df lsd[90836:41bd66] [com.apple.appinstallation:TransactionLog] com.DefaultCompany.NeonDrift.run.1782381773.88841/Unknown Persona:5:5:1:1:Building bundle record for app
2026-06-25 18:04:04.294 Df lsd[90836:41bd66] [com.apple.launchservices:appinstallation] Removed existing registered placeholder for com.DefaultCompany.NeonDrift.run.1782381773.88841
2026-06-25 18:04:04.294 Df lsd[90836:41bd66] [com.apple.appinstallation:TransactionLog] com.DefaultCompany.NeonDrift.run.1782381773.88841/Unknown Persona:5:5:2:1:Built bundle record for app
2026-06-25 18:04:04.295 Df lsd[90836:41bd66] [com.apple.launchservices:icons] clearAlternateNameForBundleIdentifier: won't clear for com.DefaultCompany.NeonDrift.run.1782381773.88841
2026-06-25 18:04:04.295 Df lsd[90836:41bd66] [com.apple.appinstallation:TransactionLog] com.DefaultCompany.NeonDrift.run.1782381773.88841/Unknown Persona:5:4:2:1:Registered bundle status = success
2026-06-25 18:04:04.295 Df lsd[90836:41bd66] [com.apple.appinstallation:TransactionLog] com.DefaultCompany.NeonDrift.run.1782381773.88841/Unknown Persona:5:4:2:1:Finished registering com.DefaultCompany.NeonDrift.run.1782381773.88841, bundle unit 4fc
2026-06-25 18:04:04.295 Df lsd[90836:41bd66] [com.apple.launchservices:progress] Installation ended for com.DefaultCompany.NeonDrift.run.1782381773.88841 with state 5
2026-06-25 18:04:04.295 Df lsd[90836:41bd66] [com.apple.launchservices:progress] Discarding proportions for com.DefaultCompany.NeonDrift.run.1782381773.88841
2026-06-25 18:04:04.295 Df installd[91079:41c340] (MobileSystemServices) 0x16ddb7000 -[MIJournal purgeJournalEntry:withError:]: Removing journal entry <MIInstallationJournalEntry<0x1030b0960> [com.DefaultCompany.NeonDrift.run.1782381773.88841/com.apple.containermanager.primary-persona/[system-defined]]/MIInstallationDomainSystemShared op:1 phase:JournalPhaseDidRegisterWithLS version:0>
2026-06-25 18:04:04.295 Df installd[91079:41c340] [com.apple.appinstallation:TransactionLog] com.DefaultCompany.NeonDrift.run.1782381773.88841/com.apple.containermanager.primary-persona:7:5:2:1:Success (End) : Install (New)
2026-06-25 18:04:04.295 Df installd[91079:41c340] (MobileSystemServices) 0x16ddb7000 -[MIInstaller _logOperationCompletionWithStartTime:distributorID:]: Install successful for (Developer:com.DefaultCompany.NeonDrift.run.1782381773.88841) [Distributor: (null)]; Staging: 0.00s; Waiting: 0.00s; Preflight/Patch: 0.00s, Verifying: 0.00s; Overall: 0.06s
2026-06-25 18:04:04.296 Df lsd[90836:41c813] [com.apple.launchservices:progress] Sending applicationsDidInstall: for (
    "<LSApplicationProxy: 0x1012f4000> com.DefaultCompany.NeonDrift.run.1782381773.88841 file:///Users/dragonkao/Library/Developer/CoreSimulator/Devices/115FDF0C-5A2F-4686-909B-7F43F1450A28/data/Containers/Bundle/Application/4145B893-A82E-48AD-8570-B1A4631FA579/NeonDrift.run.1782381773.88841.app/ <com.DefaultCompany.NeonDrift.run.1782381773.88841 <installed >:0>"
)
2026-06-25 18:04:04.296 Df SpringBoard[90784:41bbc7] [com.apple.launchservices:progress] Unpublishing progress block called for app com.DefaultCompany.NeonDrift.run.1782381773.88841
2026-06-25 18:04:04.296 Df SpringBoard[90784:41be2a] [com.apple.launchservices:progress] #LSInstallProgressList remove subscriber: <_NSProgressSubscriber: 0x10b7b5530> publishingString: com.DefaultCompany.NeonDrift.run.1782381773.88841
2026-06-25 18:04:04.296 Df installcoordinationd[91072:41c74d] [com.apple.installcoordination:daemon] -[IXSPendingOperationsTracker endPendingOperationForIdentity:]_block_invoke: Ending pending operation for [com.DefaultCompany.NeonDrift.run.1782381773.88841/Invalid/[system-defined]]
2026-06-25 18:04:04.297 Df profiled[90891:41bee5] [com.apple.launchservices:appinstallation] Received applicationsDidInstall:(
    "<LSApplicationProxy: 0x1017fc000> com.DefaultCompany.NeonDrift.run.1782381773.88841 file:///Users/dragonkao/Library/Developer/CoreSimulator/Devices/115FDF0C-5A2F-4686-909B-7F43F1450A28/data/Containers/Bundle/Application/4145B893-A82E-48AD-8570-B1A4631FA579/NeonDrift.run.1782381773.88841.app/ <com.DefaultCompany.NeonDrift.run.1782381773.88841 <installed >:0>"
)
2026-06-25 18:04:04.297 Df dasd[90813:41c3b2] [com.apple.launchservices:appinstallation] Received applicationsDidInstall:(
    "<LSApplicationProxy: 0x103b64240> com.DefaultCompany.NeonDrift.run.1782381773.88841 file:///Users/dragonkao/Library/Developer/CoreSimulator/Devices/115FDF0C-5A2F-4686-909B-7F43F1450A28/data/Containers/Bundle/Application/4145B893-A82E-48AD-8570-B1A4631FA579/NeonDrift.run.1782381773.88841.app/ <com.DefaultCompany.NeonDrift.run.1782381773.88841 <installed >:0>"
)
2026-06-25 18:04:04.297 Df callservicesd[90869:41be50] [com.apple.launchservices:appinstallation] Received applicationsDidInstall:(
    "<LSApplicationProxy: 0x106f20e40> com.DefaultCompany.NeonDrift.run.1782381773.88841 file:///Users/dragonkao/Library/Developer/CoreSimulator/Devices/115FDF0C-5A2F-4686-909B-7F43F1450A28/data/Containers/Bundle/Application/4145B893-A82E-48AD-8570-B1A4631FA579/NeonDrift.run.1782381773.88841.app/ <com.DefaultCompany.NeonDrift.run.1782381773.88841 <installed >:0>"
)
2026-06-25 18:04:04.297 Df installcoordinationd[91072:41c74d] [com.apple.installcoordination:daemon] -[IXSCoordinatedAppInstall setComplete:]: <IXSCoordinatedAppInstall<0x1035ec000> [P=CoreSimulatorBridge (pid 90817)] identifier:[com.DefaultCompany.NeonDrift.run.1782381773.88841/Invalid/[system-defined]] uuid:8FB738EC-4D17-4F9D-AB31-F42A682A063E intent:IXCoordinatorIntentInitiating creator/appDRI:InstallCoordination Simple SPI importance:UserWaiting state:IXAppCoordinationStateComplete promise-state:PA2I4> complete!
2026-06-25 18:04:04.297 Df installcoordinationd[91072:41c74d] [com.apple.installcoordination:daemon] -[IXSPowerAssertion invalidate]: Released power assertion IXPowerAssertion-12-[com.DefaultCompany.NeonDrift.run.1782381773.88841/Invalid/[system-defined]]
2026-06-25 18:04:04.297 Df sleepd[90814:41bc6a] [com.apple.launchservices:appinstallation] Received applicationsDidInstall:(
    "<LSApplicationProxy: 0x103660000> com.DefaultCompany.NeonDrift.run.1782381773.88841 file:///Users/dragonkao/Library/Developer/CoreSimulator/Devices/115FDF0C-5A2F-4686-909B-7F43F1450A28/data/Containers/Bundle/Application/4145B893-A82E-48AD-8570-B1A4631FA579/NeonDrift.run.1782381773.88841.app/ <com.DefaultCompany.NeonDrift.run.1782381773.88841 <installed >:0>"
)
2026-06-25 18:04:04.297 Df financed[90909:41c07f] [com.apple.launchservices:appinstallation] Received applicationsDidInstall:(
    "<LSApplicationProxy: 0x10999b900> com.DefaultCompany.NeonDrift.run.1782381773.88841 file:///Users/dragonkao/Library/Developer/CoreSimulator/Devices/115FDF0C-5A2F-4686-909B-7F43F1450A28/data/Containers/Bundle/Application/4145B893-A82E-48AD-8570-B1A4631FA579/NeonDrift.run.1782381773.88841.app/ <com.DefaultCompany.NeonDrift.run.1782381773.88841 <installed >:0>"
)
2026-06-25 18:04:04.297 Df installcoordinationd[91072:41c74d] [com.apple.installcoordination:daemon] -[IXSDataPromise decommission]: Decommissioning <IXSPromisedTransferToPath(0x1034dd100) Name:Icon resources for com.DefaultCompany.NeonDrift.run.1782381773.88841 Creator:InstallCoordination Simple SPI UUID:CA0A21EE-4B2A-4740-87AF-DF0043C06F5C Location:[system-defined]>
2026-06-25 18:04:04.297 Df homed[90874:41c0f2] [com.apple.launchservices:appinstallation] Received applicationsDidInstall:(
    "<LSApplicationProxy: 0x105610f00> com.DefaultCompany.NeonDrift.run.1782381773.88841 file:///Users/dragonkao/Library/Developer/CoreSimulator/Devices/115FDF0C-5A2F-4686-909B-7F43F1450A28/data/Containers/Bundle/Application/4145B893-A82E-48AD-8570-B1A4631FA579/NeonDrift.run.1782381773.88841.app/ <com.DefaultCompany.NeonDrift.run.1782381773.88841 <installed >:0>"
)
2026-06-25 18:04:04.297 Df routined[90795:41bdb9] [com.apple.launchservices:appinstallation] Received applicationsDidInstall:(
    "<LSApplicationProxy: 0x105d60fc0> com.DefaultCompany.NeonDrift.run.1782381773.88841 file:///Users/dragonkao/Library/Developer/CoreSimulator/Devices/115FDF0C-5A2F-4686-909B-7F43F1450A28/data/Containers/Bundle/Application/4145B893-A82E-48AD-8570-B1A4631FA579/NeonDrift.run.1782381773.88841.app/ <com.DefaultCompany.NeonDrift.run.1782381773.88841 <installed >:0>"
)
2026-06-25 18:04:04.297 Df profiled[90891:41bee5] [com.apple.appinstallation:TransactionLog] com.DefaultCompany.NeonDrift.run.1782381773.88841/Unknown Persona:5:8:3:1:applicationsDidInstall <LSApplicationProxy: 0x1017fc0c0> com.DefaultCompany.NeonDrift.run.1782381773.88841 file:///Users/dragonkao/Library/Developer/CoreSimulator/Devices/115FDF0C-5A2F-4686-909B-7F43F1450A28/data/Containers/Bundle/Application/4145B893-A82E-48AD-8570-B1A4631FA579/NeonDrift.run.1782381773.88841.app/ <com.DefaultCompany.NeonDrift.run.1782381773.88841 <installed >:0>
2026-06-25 18:04:04.297 Df installcoordinationd[91072:41c74d] [com.apple.installcoordination:daemon] -[IXSDataPromise decommission]: Decommissioning <IXSPromisedInMemoryDictionary(0x1034dd280) Name:Info.plist icon content for com.DefaultCompany.NeonDrift.run.1782381773.88841 Creator:InstallCoordination Simple SPI UUID:7701B7DC-E198-4FF1-9A0B-AECFEED4022C Location:[system-defined]>
2026-06-25 18:04:04.298 Df liveactivitiesd[90852:41be83] [com.apple.launchservices:appinstallation] Received applicationsDidInstall:(
    "<LSApplicationProxy: 0x105e9d740> com.DefaultCompany.NeonDrift.run.1782381773.88841 file:///Users/dragonkao/Library/Developer/CoreSimulator/Devices/115FDF0C-5A2F-4686-909B-7F43F1450A28/data/Containers/Bundle/Application/4145B893-A82E-48AD-8570-B1A4631FA579/NeonDrift.run.1782381773.88841.app/ <com.DefaultCompany.NeonDrift.run.1782381773.88841 <installed >:0>"
)
2026-06-25 18:04:04.298 Df nsurlsessiond[90835:41bd85] [com.apple.launchservices:appinstallation] Received applicationsDidInstall:(
    "<LSApplicationProxy: 0x103e14000> com.DefaultCompany.NeonDrift.run.1782381773.88841 file:///Users/dragonkao/Library/Developer/CoreSimulator/Devices/115FDF0C-5A2F-4686-909B-7F43F1450A28/data/Containers/Bundle/Application/4145B893-A82E-48AD-8570-B1A4631FA579/NeonDrift.run.1782381773.88841.app/ <com.DefaultCompany.NeonDrift.run.1782381773.88841 <installed >:0>"
)
2026-06-25 18:04:04.298 Df webbookmarksd[90911:41c7f3] [com.apple.launchservices:appinstallation] Received applicationsDidInstall:(
    "<LSApplicationProxy: 0x1061b8000> com.DefaultCompany.NeonDrift.run.1782381773.88841 file:///Users/dragonkao/Library/Developer/CoreSimulator/Devices/115FDF0C-5A2F-4686-909B-7F43F1450A28/data/Containers/Bundle/Application/4145B893-A82E-48AD-8570-B1A4631FA579/NeonDrift.run.1782381773.88841.app/ <com.DefaultCompany.NeonDrift.run.1782381773.88841 <installed >:0>"
)
2026-06-25 18:04:04.298 Df dasd[90813:41c3b2] [com.apple.appinstallation:TransactionLog] com.DefaultCompany.NeonDrift.run.1782381773.88841/Unknown Persona:5:8:3:1:applicationsDidInstall <LSApplicationProxy: 0x103b643c0> com.DefaultCompany.NeonDrift.run.1782381773.88841 file:///Users/dragonkao/Library/Developer/CoreSimulator/Devices/115FDF0C-5A2F-4686-909B-7F43F1450A28/data/Containers/Bundle/Application/4145B893-A82E-48AD-8570-B1A4631FA579/NeonDrift.run.1782381773.88841.app/ <com.DefaultCompany.NeonDrift.run.1782381773.88841 <installed >:0>
2026-06-25 18:04:04.298 Df locationd[90811:41bcb7] [com.apple.launchservices:appinstallation] Received applicationsDidInstall:(
    "<LSApplicationProxy: 0x107b946c0> com.DefaultCompany.NeonDrift.run.1782381773.88841 file:///Users/dragonkao/Library/Developer/CoreSimulator/Devices/115FDF0C-5A2F-4686-909B-7F43F1450A28/data/Containers/Bundle/Application/4145B893-A82E-48AD-8570-B1A4631FA579/NeonDrift.run.1782381773.88841.app/ <com.DefaultCompany.NeonDrift.run.1782381773.88841 <installed >:0>"
)
2026-06-25 18:04:04.298 Df financed[90909:41c07f] [com.apple.appinstallation:TransactionLog] com.DefaultCompany.NeonDrift.run.1782381773.88841/Unknown Persona:5:8:3:1:applicationsDidInstall <LSApplicationProxy: 0x10999b6c0> com.DefaultCompany.NeonDrift.run.1782381773.88841 file:///Users/dragonkao/Library/Developer/CoreSimulator/Devices/115FDF0C-5A2F-4686-909B-7F43F1450A28/data/Containers/Bundle/Application/4145B893-A82E-48AD-8570-B1A4631FA579/NeonDrift.run.1782381773.88841.app/ <com.DefaultCompany.NeonDrift.run.1782381773.88841 <installed >:0>
2026-06-25 18:04:04.298 Df passd[90816:41bedd] [com.apple.launchservices:appinstallation] Received applicationsDidInstall:(
    "<LSApplicationProxy: 0x10a4a9e00> com.DefaultCompany.NeonDrift.run.1782381773.88841 file:///Users/dragonkao/Library/Developer/CoreSimulator/Devices/115FDF0C-5A2F-4686-909B-7F43F1450A28/data/Containers/Bundle/Application/4145B893-A82E-48AD-8570-B1A4631FA579/NeonDrift.run.1782381773.88841.app/ <com.DefaultCompany.NeonDrift.run.1782381773.88841 <installed >:0>"
)
2026-06-25 18:04:04.298 Df sleepd[90814:41bc6a] [com.apple.appinstallation:TransactionLog] com.DefaultCompany.NeonDrift.run.1782381773.88841/Unknown Persona:5:8:3:1:applicationsDidInstall <LSApplicationProxy: 0x1036603c0> com.DefaultCompany.NeonDrift.run.1782381773.88841 file:///Users/dragonkao/Library/Developer/CoreSimulator/Devices/115FDF0C-5A2F-4686-909B-7F43F1450A28/data/Containers/Bundle/Application/4145B893-A82E-48AD-8570-B1A4631FA579/NeonDrift.run.1782381773.88841.app/ <com.DefaultCompany.NeonDrift.run.1782381773.88841 <installed >:0>
2026-06-25 18:04:04.298 Df callservicesd[90869:41be50] [com.apple.appinstallation:TransactionLog] com.DefaultCompany.NeonDrift.run.1782381773.88841/Unknown Persona:5:8:3:1:applicationsDidInstall <LSApplicationProxy: 0x106f20d80> com.DefaultCompany.NeonDrift.run.1782381773.88841 file:///Users/dragonkao/Library/Developer/CoreSimulator/Devices/115FDF0C-5A2F-4686-909B-7F43F1450A28/data/Containers/Bundle/Application/4145B893-A82E-48AD-8570-B1A4631FA579/NeonDrift.run.1782381773.88841.app/ <com.DefaultCompany.NeonDrift.run.1782381773.88841 <installed >:0>
2026-06-25 18:04:04.298 Df runningboardd[90790:41bc9f] [com.apple.launchservices:appinstallation] Received applicationsDidInstall:(
    "<LSApplicationProxy: 0x10599c000> com.DefaultCompany.NeonDrift.run.1782381773.88841 file:///Users/dragonkao/Library/Developer/CoreSimulator/Devices/115FDF0C-5A2F-4686-909B-7F43F1450A28/data/Containers/Bundle/Application/4145B893-A82E-48AD-8570-B1A4631FA579/NeonDrift.run.1782381773.88841.app/ <com.DefaultCompany.NeonDrift.run.1782381773.88841 <installed >:0>"
)
2026-06-25 18:04:04.299 Df deviceaccessd[90898:41c815] [com.apple.launchservices:appinstallation] Received applicationsDidInstall:(
    "<LSApplicationProxy: 0x103970600> com.DefaultCompany.NeonDrift.run.1782381773.88841 file:///Users/dragonkao/Library/Developer/CoreSimulator/Devices/115FDF0C-5A2F-4686-909B-7F43F1450A28/data/Containers/Bundle/Application/4145B893-A82E-48AD-8570-B1A4631FA579/NeonDrift.run.1782381773.88841.app/ <com.DefaultCompany.NeonDrift.run.1782381773.88841 <installed >:0>"
)
2026-06-25 18:04:04.299 Df donotdisturbd[90834:41be01] [com.apple.launchservices:appinstallation] Received applicationsDidInstall:(
    "<LSApplicationProxy: 0x1015d9680> com.DefaultCompany.NeonDrift.run.1782381773.88841 file:///Users/dragonkao/Library/Developer/CoreSimulator/Devices/115FDF0C-5A2F-4686-909B-7F43F1450A28/data/Containers/Bundle/Application/4145B893-A82E-48AD-8570-B1A4631FA579/NeonDrift.run.1782381773.88841.app/ <com.DefaultCompany.NeonDrift.run.1782381773.88841 <installed >:0>"
)
2026-06-25 18:04:04.299 Df routined[90795:41bdb9] [com.apple.appinstallation:TransactionLog] com.DefaultCompany.NeonDrift.run.1782381773.88841/Unknown Persona:5:8:3:1:applicationsDidInstall <LSApplicationProxy: 0x105d61080> com.DefaultCompany.NeonDrift.run.1782381773.88841 file:///Users/dragonkao/Library/Developer/CoreSimulator/Devices/115FDF0C-5A2F-4686-909B-7F43F1450A28/data/Containers/Bundle/Application/4145B893-A82E-48AD-8570-B1A4631FA579/NeonDrift.run.1782381773.88841.app/ <com.DefaultCompany.NeonDrift.run.1782381773.88841 <installed >:0>
2026-06-25 18:04:04.299 Df liveactivitiesd[90852:41be83] [com.apple.appinstallation:TransactionLog] com.DefaultCompany.NeonDrift.run.1782381773.88841/Unknown Persona:5:8:3:1:applicationsDidInstall <LSApplicationProxy: 0x105e9d800> com.DefaultCompany.NeonDrift.run.1782381773.88841 file:///Users/dragonkao/Library/Developer/CoreSimulator/Devices/115FDF0C-5A2F-4686-909B-7F43F1450A28/data/Containers/Bundle/Application/4145B893-A82E-48AD-8570-B1A4631FA579/NeonDrift.run.1782381773.88841.app/ <com.DefaultCompany.NeonDrift.run.1782381773.88841 <installed >:0>
2026-06-25 18:04:04.299 Df webbookmarksd[90911:41c7f3] [com.apple.appinstallation:TransactionLog] com.DefaultCompany.NeonDrift.run.1782381773.88841/Unknown Persona:5:8:3:1:applicationsDidInstall <LSApplicationProxy: 0x1061b80c0> com.DefaultCompany.NeonDrift.run.1782381773.88841 file:///Users/dragonkao/Library/Developer/CoreSimulator/Devices/115FDF0C-5A2F-4686-909B-7F43F1450A28/data/Containers/Bundle/Application/4145B893-A82E-48AD-8570-B1A4631FA579/NeonDrift.run.1782381773.88841.app/ <com.DefaultCompany.NeonDrift.run.1782381773.88841 <installed >:0>
2026-06-25 18:04:04.299 Df nsurlsessiond[90835:41bd85] [com.apple.appinstallation:TransactionLog] com.DefaultCompany.NeonDrift.run.1782381773.88841/Unknown Persona:5:8:3:1:applicationsDidInstall <LSApplicationProxy: 0x103e146c0> com.DefaultCompany.NeonDrift.run.1782381773.88841 file:///Users/dragonkao/Library/Developer/CoreSimulator/Devices/115FDF0C-5A2F-4686-909B-7F43F1450A28/data/Containers/Bundle/Application/4145B893-A82E-48AD-8570-B1A4631FA579/NeonDrift.run.1782381773.88841.app/ <com.DefaultCompany.NeonDrift.run.1782381773.88841 <installed >:0>
2026-06-25 18:04:04.299 Df homed[90874:41c0f2] [com.apple.appinstallation:TransactionLog] com.DefaultCompany.NeonDrift.run.1782381773.88841/Unknown Persona:5:8:3:1:applicationsDidInstall <LSApplicationProxy: 0x105610c00> com.DefaultCompany.NeonDrift.run.1782381773.88841 file:///Users/dragonkao/Library/Developer/CoreSimulator/Devices/115FDF0C-5A2F-4686-909B-7F43F1450A28/data/Containers/Bundle/Application/4145B893-A82E-48AD-8570-B1A4631FA579/NeonDrift.run.1782381773.88841.app/ <com.DefaultCompany.NeonDrift.run.1782381773.88841 <installed >:0>
2026-06-25 18:04:04.299 Df locationd[90811:41bcb7] [com.apple.appinstallation:TransactionLog] com.DefaultCompany.NeonDrift.run.1782381773.88841/Unknown Persona:5:8:3:1:applicationsDidInstall <LSApplicationProxy: 0x107b94600> com.DefaultCompany.NeonDrift.run.1782381773.88841 file:///Users/dragonkao/Library/Developer/CoreSimulator/Devices/115FDF0C-5A2F-4686-909B-7F43F1450A28/data/Containers/Bundle/Application/4145B893-A82E-48AD-8570-B1A4631FA579/NeonDrift.run.1782381773.88841.app/ <com.DefaultCompany.NeonDrift.run.1782381773.88841 <installed >:0>
2026-06-25 18:04:04.299 Df locationd[90811:41bcb7] [com.apple.locationd.Core:Core] {"msg":"#Warning #ClientResolution the passed keyPath is not registered. Resolving to #nullCKP", "InputCKP":icom.DefaultCompany.NeonDrift.run.1782381773.88841:}
2026-06-25 18:04:04.299 Df lsd[90836:41c813] [com.apple.launchservices:progress] Sent distributed notification com.apple.LaunchServices.applicationRegistered with payload {
    bundleIDs =     (
        "com.DefaultCompany.NeonDrift.run.1782381773.88841"
    );
    isPlaceholder = 0;
}
2026-06-25 18:04:04.299 Df locationd[90811:41bcb7] [com.apple.locationd.Core:Core] {"msg":"AppMonitor - application (un)installation notification", "notification":Installation, "BundleId":com.DefaultCompany.NeonDrift.run.1782381773.88841, "BundlePath":/Users/dragonkao/Library/Developer/CoreSimulator/Devices/115FDF0C-5A2F-4686-909B-7F43F1450A28/data/Containers/Bundle/Application/4145B893-A82E-48AD-8570-B1A4631FA579/NeonDrift.run.1782381773.88841.app, "ExecutablePath":/Users/dragonkao/Library/Developer/CoreSimulator/Devices/115FDF0C-5A2F-4686-909B-7F43F1450A28/data/Containers/Bundle/Application/4145B893-A82E-48AD-8570-B1A4631FA579/NeonDrift.run.1782381773.88841.app/NeonDrift.run.1782381773.88841}
2026-06-25 18:04:04.299 Df callservicesd[90869:41be50] [com.apple.calls.copresencecore:Default] Invalidating cached value for bundle identifier: com.DefaultCompany.NeonDrift.run.1782381773.88841
2026-06-25 18:04:04.299 Df appstored[91064:41c301] [com.apple.launchservices:appinstallation] Received applicationsDidInstall:(
    "<LSApplicationProxy: 0x1042e8cc0> com.DefaultCompany.NeonDrift.run.1782381773.88841 file:///Users/dragonkao/Library/Developer/CoreSimulator/Devices/115FDF0C-5A2F-4686-909B-7F43F1450A28/data/Containers/Bundle/Application/4145B893-A82E-48AD-8570-B1A4631FA579/NeonDrift.run.1782381773.88841.app/ <com.DefaultCompany.NeonDrift.run.1782381773.88841 <installed >:0>"
)
2026-06-25 18:04:04.299 Df passd[90816:41bedd] [com.apple.appinstallation:TransactionLog] com.DefaultCompany.NeonDrift.run.1782381773.88841/Unknown Persona:5:8:3:1:applicationsDidInstall <LSApplicationProxy: 0x10a4aa280> com.DefaultCompany.NeonDrift.run.1782381773.88841 file:///Users/dragonkao/Library/Developer/CoreSimulator/Devices/115FDF0C-5A2F-4686-909B-7F43F1450A28/data/Containers/Bundle/Application/4145B893-A82E-48AD-8570-B1A4631FA579/NeonDrift.run.1782381773.88841.app/ <com.DefaultCompany.NeonDrift.run.1782381773.88841 <installed >:0>
2026-06-25 18:04:04.299 Df deviceaccessd[90898:41c815] [com.apple.appinstallation:TransactionLog] com.DefaultCompany.NeonDrift.run.1782381773.88841/Unknown Persona:5:8:3:1:applicationsDidInstall <LSApplicationProxy: 0x1039706c0> com.DefaultCompany.NeonDrift.run.1782381773.88841 file:///Users/dragonkao/Library/Developer/CoreSimulator/Devices/115FDF0C-5A2F-4686-909B-7F43F1450A28/data/Containers/Bundle/Application/4145B893-A82E-48AD-8570-B1A4631FA579/NeonDrift.run.1782381773.88841.app/ <com.DefaultCompany.NeonDrift.run.1782381773.88841 <installed >:0>
2026-06-25 18:04:04.300 Df mobiletimerd[90802:41bd74] [com.apple.launchservices:appinstallation] Received applicationsDidInstall:(
    "<LSApplicationProxy: 0x103e64000> com.DefaultCompany.NeonDrift.run.1782381773.88841 file:///Users/dragonkao/Library/Developer/CoreSimulator/Devices/115FDF0C-5A2F-4686-909B-7F43F1450A28/data/Containers/Bundle/Application/4145B893-A82E-48AD-8570-B1A4631FA579/NeonDrift.run.1782381773.88841.app/ <com.DefaultCompany.NeonDrift.run.1782381773.88841 <installed >:0>"
)
2026-06-25 18:04:04.300 Df deviceaccessd[90898:41c815] [com.apple.DeviceAccess:DADaemonServer] ### applicationsDidInstall [
    <LSApplicationProxy: 0x1039706c0> com.DefaultCompany.NeonDrift.run.1782381773.88841 file:///Users/dragonkao/Library/Developer/CoreSimulator/Devices/115FDF0C-5A2F-4686-909B-7F43F1450A28/data/Containers/Bundle/Application/4145B893-A82E-48AD-8570-B1A4631FA579/NeonDrift.run.1782381773.88841.app/ <com.DefaultCompany.NeonDrift.run.1782381773.88841 <installed >:0>
]
2026-06-25 18:04:04.300 Df deviceaccessd[90898:41c815] [com.apple.DeviceAccess:DADaemonServer] ### applicationsDidInstall com.DefaultCompany.NeonDrift.run.1782381773.88841
2026-06-25 18:04:04.300 Df CoreSimulatorBridge[90817:41c74b] [com.apple.installcoordination:framework] -[IXAppInstallCoordinator _clientDelegate_didUpdateProgress:forPhase:overallProgress:]: <IXInitiatingAppInstallCoordinator<0x105873400> identity:[com.DefaultCompany.NeonDrift.run.1782381773.88841/Invalid/[system-defined]] uuid:8FB738EC-4D17-4F9D-AB31-F42A682A063E creator:InstallCoordination Simple SPI>: Got did update progress delegate with percentComplete 100.000000 phase IXCoordinatorProgressPhaseInstalling overallProgress 100.000000
2026-06-25 18:04:04.300 Df SpringBoard[90784:41be2a] [com.apple.launchservices:appinstallation] Received applicationsDidInstall:(
    "<LSApplicationProxy: 0x128112d00> com.DefaultCompany.NeonDrift.run.1782381773.88841 file:///Users/dragonkao/Library/Developer/CoreSimulator/Devices/115FDF0C-5A2F-4686-909B-7F43F1450A28/data/Containers/Bundle/Application/4145B893-A82E-48AD-8570-B1A4631FA579/NeonDrift.run.1782381773.88841.app/ <com.DefaultCompany.NeonDrift.run.1782381773.88841 <installed >:0>"
)
2026-06-25 18:04:04.300 Df CoreSimulatorBridge[90817:41c74b] [com.apple.installcoordination:framework] -[IXAppInstallCoordinator _clientDelegate_didUpdateProgress:forPhase:overallProgress:]_block_invoke: <IXInitiatingAppInstallCoordinator<0x105873400> identity:[com.DefaultCompany.NeonDrift.run.1782381773.88841/Invalid/[system-defined]] uuid:8FB738EC-4D17-4F9D-AB31-F42A682A063E creator:InstallCoordination Simple SPI>: Calling selector coordinator:didUpdateProgress:forPhase:overallProgress: on observer <_IXSimpleInstallerDelegate 0x0x105be4120>
2026-06-25 18:04:04.300 Df appstored[91064:41c297] [com.apple.appstored:General] Failed to fetch record for placeholder app com.DefaultCompany.NeonDrift.run.1782381773.88841: Error Domain=NSOSStatusErrorDomain Code=-10814 "(null)" UserInfo={_LSFile=LSBindingEvaluator.mm, _LSLine=1973, _LSFunction=runEvaluator}
2026-06-25 18:04:04.300 Df donotdisturbd[90834:41be01] [com.apple.appinstallation:TransactionLog] com.DefaultCompany.NeonDrift.run.1782381773.88841/Unknown Persona:5:8:3:1:applicationsDidInstall <LSApplicationProxy: 0x1015d9740> com.DefaultCompany.NeonDrift.run.1782381773.88841 file:///Users/dragonkao/Library/Developer/CoreSimulator/Devices/115FDF0C-5A2F-4686-909B-7F43F1450A28/data/Containers/Bundle/Application/4145B893-A82E-48AD-8570-B1A4631FA579/NeonDrift.run.1782381773.88841.app/ <com.DefaultCompany.NeonDrift.run.1782381773.88841 <installed >:0>
2026-06-25 18:04:04.300 Df installcoordinationd[91072:41c74d] [com.apple.installcoordination:daemon] -[IXSDataPromise decommission]: Decommissioning <IXSPromisedInMemoryDictionary(0x1034dd400) Name:Localizations for com.DefaultCompany.NeonDrift.run.1782381773.88841 Creator:InstallCoordination Simple SPI UUID:79F33AE8-AEA2-41C0-9B8E-5FA9CD6DC40C Location:[system-defined]>
2026-06-25 18:04:04.300 Df gamed[90894:41c096] [com.apple.launchservices:appinstallation] Received applicationsDidInstall:(
