Timestamp               Ty Process[PID:TID]
2026-06-25 17:39:10.968 Df SpringBoard[37555:4068d3] [com.apple.SplashBoard:SnapshotReaper] <XBApplicationSnapshotManifestImpl: 0x128634200> [com.DefaultCompany.NeonDrift] Reaping invalid snapshot <XBApplicationSnapshot: 0x12c468c40; …263C0BA61665> [com.DefaultCompany.NeonDrift]
 invalidReason: expired. expirationDate: 0001-01-01 00:00:00 +0000; how long ago (seconds): 63918149950.969315
2026-06-25 17:39:10.969 Df SpringBoard[37555:4068d3] [com.apple.SplashBoard:FileManifest] <XBApplicationSnapshotManifestImpl: 0x128634200> [com.DefaultCompany.NeonDrift] Deleting snapshot <XBApplicationSnapshot: 0x12c468c40; …263C0BA61665> [com.DefaultCompany.NeonDrift] for reason: _contentType: GeneratedDefault(1)
2026-06-25 17:39:10.969 Df SpringBoard[37555:4068d3] [com.apple.SplashBoard:FileManifest] <XBApplicationSnapshotManifestImpl: 0x128634200> [com.DefaultCompany.NeonDrift] We don't have any snapshots, so we're clearing our manifest data.
2026-06-25 17:39:12.069 Df SpringBoard[37555:4062b2] [com.apple.SplashBoard:FileManifest] <XBApplicationSnapshotManifestImpl: 0x128634200> [com.DefaultCompany.NeonDrift] We don't have any snapshots, so we're clearing our manifest data.
2026-06-25 17:39:18.719 Df log[70241:0] [com.apple.log:] log run noninteractively, parent: 37552 (launchd_sim), args: 'log' 'show' '--last' '3m' '--predicate' 'process == "NeonDrift" OR process == "NeonDrift" OR eventMessage CONTAINS "com.DefaultCompany.NeonDrift" OR eventMessage CONTAINS "NeonDrift"' '--style'
2026-06-25 17:40:20.373 Df CoreSimulatorBridge[37585:3b7add] Request received for installation of file:///Users/dragonkao/.openclaw/workspace/382b9e3384298039b171c9b2a60ae644/NeonDrift_MVP/project/xcode_derived_data/Build/Products/Release-iphonesimulator/NeonDrift.app/ with options: {
    PackageType = Developer;
    SimulatorRootPath = "/Library/Developer/CoreSimulator/Volumes/iOS_23F77/Library/Developer/CoreSimulator/Profiles/Runtimes/iOS 26.5.simruntime/Contents/Resources/RuntimeRoot";
    SimulatorUserPath = "/Users/dragonkao/Library/Developer/CoreSimulator/Devices/115FDF0C-5A2F-4686-909B-7F43F1450A28/data";
}
2026-06-25 17:40:20.373 Df CoreSimulatorBridge[37585:3b7add] [com.apple.installcoordination:framework] +[IXAppInstallCoordinator(IXSimpleInstaller) _beginInstallForURL:forPersonaUniqueString:consumeSource:options:progressBlock:completionWithIdentity:]: Beginning install for /Users/dragonkao/.openclaw/workspace/382b9e3384298039b171c9b2a60ae644/NeonDrift_MVP/project/xcode_derived_data/Build/Products/Release-iphonesimulator/NeonDrift.app consuming source:N options:{
    IsUserInitiated = 1;
    PackageType = Developer;
} installationRequestorAuditToken: NULL
2026-06-25 17:40:20.374 Df installcoordinationd[37614:40630f] [com.apple.installcoordination:daemon] -[IXSDataPromiseManager registerPromise:]: Registered promise <IXSPlaceholder(0x105910140) Name:App Placeholder: NeonDrift (com.DefaultCompany.NeonDrift) Creator:InstallCoordination Simple SPI UUID:F16A481F-4A4E-455F-8E41-392804265EDD Location:[system-defined]> for UUID F16A481F-4A4E-455F-8E41-392804265EDD
2026-06-25 17:40:20.375 Df installcoordinationd[37614:40630f] [com.apple.installcoordination:daemon] -[IXSPlaceholder setAttributes:]: <IXSPlaceholder(0x105910140) Name:App Placeholder: NeonDrift (com.DefaultCompany.NeonDrift) Creator:InstallCoordination Simple SPI UUID:F16A481F-4A4E-455F-8E41-392804265EDD Location:[system-defined]>: setting placeholder attributes to <IXPlaceholderAttributes<0x1058a14a0> : {
    CFBundleShortVersionString = "1.0";
    CFBundleSupportedPlatforms =     (
        iPhoneSimulator
    );
    CFBundleVersion = 0;
    DTPlatformName = iphonesimulator;
    LSRequiresIPhoneOS = 1;
    MinimumOSVersion = "13.0";
    UIDeviceFamily =     (
        1,
        2
    );
    UIRequiredDeviceCapabilities =     {
        arm64 = 1;
        metal = 1;
    };
}>
2026-06-25 17:40:20.376 Df CoreSimulatorBridge[37585:40624a] [com.apple.installcoordination:framework] +[IXPlaceholder _setEntitlementsFromBundleExecutableURL:withBundleID:client:onPlaceholder:location:error:]: Executable for com.DefaultCompany.NeonDrift at NeonDrift -- file:///Users/dragonkao/.openclaw/workspace/382b9e3384298039b171c9b2a60ae644/NeonDrift_MVP/project/xcode_derived_data/Build/Products/Release-iphonesimulator/NeonDrift.app/ had no entitlements
2026-06-25 17:40:20.376 Df CoreSimulatorBridge[37585:40624a] [com.apple.installcoordination:framework] +[IXPlaceholder _placeholderForBundle:client:withParent:installType:metadata:placeholderType:mayBeDeltaPackage:isFromSerializedPlaceholder:location:error:]: Using full fidelity icons for com.DefaultCompany.NeonDrift at /Users/dragonkao/.openclaw/workspace/382b9e3384298039b171c9b2a60ae644/NeonDrift_MVP/project/xcode_derived_data/Build/Products/Release-iphonesimulator/NeonDrift.app
2026-06-25 17:40:20.376 Df installcoordinationd[37614:40630f] [com.apple.installcoordination:daemon] -[IXSDataPromiseManager registerPromise:]: Registered promise <IXSPromisedTransferToPath(0x1058de680) Name:Icon resources for com.DefaultCompany.NeonDrift Creator:InstallCoordination Simple SPI UUID:B0D8F779-874F-4484-9EE4-34BEC0F6DD9E Location:[system-defined]> for UUID B0D8F779-874F-4484-9EE4-34BEC0F6DD9E
2026-06-25 17:40:20.378 Df CoreSimulatorBridge[37585:40624a] [com.apple.installcoordination:framework] -[IXPromisedTransferToPath setComplete:]: <IXPromisedTransferToPath<0x101872cc0> name:"Icon resources for com.DefaultCompany.NeonDrift" uuid:B0D8F779-874F-4484-9EE4-34BEC0F6DD9E creator:"InstallCoordination Simple SPI" location:[system-defined]> Move operation from /Users/dragonkao/Library/Developer/CoreSimulator/Devices/115FDF0C-5A2F-4686-909B-7F43F1450A28/data/Containers/Shared/SystemGroup/systemgroup.com.apple.installcoordinationd/Library/InstallCoordination/PromiseStaging/B0D8F779-874F-4484-9EE4-34BEC0F6DD9E/temp.wK7Muh to /Users/dragonkao/Library/Developer/CoreSimulator/Devices/115FDF0C-5A2F-4686-909B-7F43F1450A28/data/Containers/Shared/SystemGroup/systemgroup.com.apple.installcoordinationd/Library/InstallCoordination/PromiseStaging/B0D8F779-874F-4484-9EE4-34BEC0F6DD9E/temp.wK7Muh took 0.000041 seconds
2026-06-25 17:40:20.379 Df installcoordinationd[37614:40692a] [com.apple.installcoordination:daemon] -[IXSDataPromise _setPercentComplete:saveStateIfNeeded:]: Progress: <IXSPromisedTransferToPath(0x1058de680) Name:Icon resources for com.DefaultCompany.NeonDrift Creator:InstallCoordination Simple SPI UUID:B0D8F779-874F-4484-9EE4-34BEC0F6DD9E Location:[system-defined]>
2026-06-25 17:40:20.379 Df installcoordinationd[37614:40630f] [com.apple.installcoordination:daemon] -[IXSDataPromiseManager promiseDidBegin:]: Unowned promise began: <IXSPromisedTransferToPath(0x1058de680) Name:Icon resources for com.DefaultCompany.NeonDrift Creator:InstallCoordination Simple SPI UUID:B0D8F779-874F-4484-9EE4-34BEC0F6DD9E Location:[system-defined]>
2026-06-25 17:40:20.379 Df installcoordinationd[37614:40630f] [com.apple.installcoordination:daemon] -[IXSDataPromiseManager promise:didUpdateProgress:]: Unowned promise update progress to 1.000000 : <IXSPromisedTransferToPath(0x1058de680) Name:Icon resources for com.DefaultCompany.NeonDrift Creator:InstallCoordination Simple SPI UUID:B0D8F779-874F-4484-9EE4-34BEC0F6DD9E Location:[system-defined]>
2026-06-25 17:40:20.379 Df installcoordinationd[37614:40630f] [com.apple.installcoordination:daemon] -[IXSDataPromiseManager promiseDidComplete:]: Unowned promise completed: <IXSPromisedTransferToPath(0x1058de680) Name:Icon resources for com.DefaultCompany.NeonDrift Creator:InstallCoordination Simple SPI UUID:B0D8F779-874F-4484-9EE4-34BEC0F6DD9E Location:[system-defined]>
2026-06-25 17:40:20.380 Df installcoordinationd[37614:40692a] [com.apple.installcoordination:daemon] -[IXSDataPromise _setPercentComplete:saveStateIfNeeded:]: Progress: <IXSPromisedInMemoryDictionary(0x1058dd080) Name:Info.plist icon content for com.DefaultCompany.NeonDrift Creator:InstallCoordination Simple SPI UUID:DE714D02-3E41-4F2C-9FBE-9DC5EF0E2760 Location:[system-defined]>
2026-06-25 17:40:20.380 Df installcoordinationd[37614:40692a] [com.apple.installcoordination:daemon] -[IXSDataPromiseManager registerPromise:]: Registered promise <IXSPromisedInMemoryDictionary(0x1058dd080) Name:Info.plist icon content for com.DefaultCompany.NeonDrift Creator:InstallCoordination Simple SPI UUID:DE714D02-3E41-4F2C-9FBE-9DC5EF0E2760 Location:[system-defined]> for UUID DE714D02-3E41-4F2C-9FBE-9DC5EF0E2760
2026-06-25 17:40:20.380 Df installcoordinationd[37614:40630f] [com.apple.installcoordination:daemon] -[IXSDataPromiseManager promiseDidBegin:]: Unowned promise began: <IXSPromisedInMemoryDictionary(0x1058dd080) Name:Info.plist icon content for com.DefaultCompany.NeonDrift Creator:InstallCoordination Simple SPI UUID:DE714D02-3E41-4F2C-9FBE-9DC5EF0E2760 Location:[system-defined]>
2026-06-25 17:40:20.380 Df installcoordinationd[37614:40630f] [com.apple.installcoordination:daemon] -[IXSDataPromiseManager promise:didUpdateProgress:]: Unowned promise update progress to 1.000000 : <IXSPromisedInMemoryDictionary(0x1058dd080) Name:Info.plist icon content for com.DefaultCompany.NeonDrift Creator:InstallCoordination Simple SPI UUID:DE714D02-3E41-4F2C-9FBE-9DC5EF0E2760 Location:[system-defined]>
2026-06-25 17:40:20.380 Df installcoordinationd[37614:40630f] [com.apple.installcoordination:daemon] -[IXSDataPromiseManager promiseDidComplete:]: Unowned promise completed: <IXSPromisedInMemoryDictionary(0x1058dd080) Name:Info.plist icon content for com.DefaultCompany.NeonDrift Creator:InstallCoordination Simple SPI UUID:DE714D02-3E41-4F2C-9FBE-9DC5EF0E2760 Location:[system-defined]>
2026-06-25 17:40:20.381 Df installcoordinationd[37614:40692a] [com.apple.installcoordination:daemon] -[IXSPlaceholder setIconResourcesPromise:]: <IXSPlaceholder(0x105910140) Name:App Placeholder: NeonDrift (com.DefaultCompany.NeonDrift) Creator:InstallCoordination Simple SPI UUID:F16A481F-4A4E-455F-8E41-392804265EDD Location:[system-defined]>: setting icon resources promise to <IXSPromisedTransferToPath(0x1058de680) Name:Icon resources for com.DefaultCompany.NeonDrift Creator:InstallCoordination Simple SPI UUID:B0D8F779-874F-4484-9EE4-34BEC0F6DD9E Location:[system-defined]>
2026-06-25 17:40:20.381 Df installcoordinationd[37614:40692a] [com.apple.installcoordination:daemon] -[IXSPlaceholder setInfoPlistIconContentPromise:]: <IXSPlaceholder(0x105910140) Name:App Placeholder: NeonDrift (com.DefaultCompany.NeonDrift) Creator:InstallCoordination Simple SPI UUID:F16A481F-4A4E-455F-8E41-392804265EDD Location:[system-defined]>: setting Info.plist icon content promise to <IXSPromisedInMemoryDictionary(0x1058dd080) Name:Info.plist icon content for com.DefaultCompany.NeonDrift Creator:InstallCoordination Simple SPI UUID:DE714D02-3E41-4F2C-9FBE-9DC5EF0E2760 Location:[system-defined]>
2026-06-25 17:40:20.382 Df installcoordinationd[37614:40692a] [com.apple.installcoordination:daemon] -[IXSDataPromiseManager promiseDidBegin:]: Unowned promise began: <IXSPlaceholder(0x105910140) Name:App Placeholder: NeonDrift (com.DefaultCompany.NeonDrift) Creator:InstallCoordination Simple SPI UUID:F16A481F-4A4E-455F-8E41-392804265EDD Location:[system-defined]>
2026-06-25 17:40:20.382 Df installcoordinationd[37614:40692a] [com.apple.installcoordination:daemon] -[IXSDataPromiseManager promise:didUpdateProgress:]: Unowned promise update progress to 0.000000 : <IXSPlaceholder(0x105910140) Name:App Placeholder: NeonDrift (com.DefaultCompany.NeonDrift) Creator:InstallCoordination Simple SPI UUID:F16A481F-4A4E-455F-8E41-392804265EDD Location:[system-defined]>
2026-06-25 17:40:20.382 Df installcoordinationd[37614:40692a] [com.apple.installcoordination:daemon] -[IXSDataPromiseManager promise:didUpdateProgress:]: Unowned promise update progress to 0.000000 : <IXSPlaceholder(0x105910140) Name:App Placeholder: NeonDrift (com.DefaultCompany.NeonDrift) Creator:InstallCoordination Simple SPI UUID:F16A481F-4A4E-455F-8E41-392804265EDD Location:[system-defined]>
2026-06-25 17:40:20.382 Df installcoordinationd[37614:40692a] [com.apple.installcoordination:daemon] -[IXSDataPromise _setPercentComplete:saveStateIfNeeded:]: Progress: <IXSPromisedInMemoryDictionary(0x1058dde00) Name:Localizations for com.DefaultCompany.NeonDrift Creator:InstallCoordination Simple SPI UUID:45FB70C9-D46A-401E-B49D-533F4813AD57 Location:[system-defined]>
2026-06-25 17:40:20.383 Df installcoordinationd[37614:40692a] [com.apple.installcoordination:daemon] -[IXSDataPromiseManager registerPromise:]: Registered promise <IXSPromisedInMemoryDictionary(0x1058dde00) Name:Localizations for com.DefaultCompany.NeonDrift Creator:InstallCoordination Simple SPI UUID:45FB70C9-D46A-401E-B49D-533F4813AD57 Location:[system-defined]> for UUID 45FB70C9-D46A-401E-B49D-533F4813AD57
2026-06-25 17:40:20.383 Df installcoordinationd[37614:407722] [com.apple.installcoordination:daemon] -[IXSDataPromiseManager promiseDidBegin:]: Unowned promise began: <IXSPromisedInMemoryDictionary(0x1058dde00) Name:Localizations for com.DefaultCompany.NeonDrift Creator:InstallCoordination Simple SPI UUID:45FB70C9-D46A-401E-B49D-533F4813AD57 Location:[system-defined]>
2026-06-25 17:40:20.383 Df installcoordinationd[37614:407722] [com.apple.installcoordination:daemon] -[IXSDataPromiseManager promise:didUpdateProgress:]: Unowned promise update progress to 1.000000 : <IXSPromisedInMemoryDictionary(0x1058dde00) Name:Localizations for com.DefaultCompany.NeonDrift Creator:InstallCoordination Simple SPI UUID:45FB70C9-D46A-401E-B49D-533F4813AD57 Location:[system-defined]>
2026-06-25 17:40:20.383 Df installcoordinationd[37614:407722] [com.apple.installcoordination:daemon] -[IXSDataPromiseManager promiseDidComplete:]: Unowned promise completed: <IXSPromisedInMemoryDictionary(0x1058dde00) Name:Localizations for com.DefaultCompany.NeonDrift Creator:InstallCoordination Simple SPI UUID:45FB70C9-D46A-401E-B49D-533F4813AD57 Location:[system-defined]>
2026-06-25 17:40:20.383 Df installcoordinationd[37614:40692a] [com.apple.installcoordination:daemon] -[IXSPlaceholder setLocalizationDictionaryPromise:]: <IXSPlaceholder(0x105910140) Name:App Placeholder: NeonDrift (com.DefaultCompany.NeonDrift) Creator:InstallCoordination Simple SPI UUID:F16A481F-4A4E-455F-8E41-392804265EDD Location:[system-defined]>: setting localization dict promise to <IXSPromisedInMemoryDictionary(0x1058dde00) Name:Localizations for com.DefaultCompany.NeonDrift Creator:InstallCoordination Simple SPI UUID:45FB70C9-D46A-401E-B49D-533F4813AD57 Location:[system-defined]>
2026-06-25 17:40:20.384 Df installcoordinationd[37614:40692a] [com.apple.installcoordination:daemon] -[IXSDataPromiseManager promise:didUpdateProgress:]: Unowned promise update progress to 0.000000 : <IXSPlaceholder(0x105910140) Name:App Placeholder: NeonDrift (com.DefaultCompany.NeonDrift) Creator:InstallCoordination Simple SPI UUID:F16A481F-4A4E-455F-8E41-392804265EDD Location:[system-defined]>
2026-06-25 17:40:20.384 Df installcoordinationd[37614:40630f] [com.apple.installcoordination:daemon] -[IXSPlaceholder setConfigurationComplete:]: <IXSPlaceholder(0x105910140) Name:App Placeholder: NeonDrift (com.DefaultCompany.NeonDrift) Creator:InstallCoordination Simple SPI UUID:F16A481F-4A4E-455F-8E41-392804265EDD Location:[system-defined]>: setting configuration complete to Y
2026-06-25 17:40:20.385 Df installcoordinationd[37614:40630f] [com.apple.installcoordination:daemon] -[IXSPlaceholder _materialize]: <IXSPlaceholder(0x105910140) Name:App Placeholder: NeonDrift (com.DefaultCompany.NeonDrift) Creator:InstallCoordination Simple SPI UUID:F16A481F-4A4E-455F-8E41-392804265EDD Location:[system-defined]>: Materializing placeholder at /Users/dragonkao/Library/Developer/CoreSimulator/Devices/115FDF0C-5A2F-4686-909B-7F43F1450A28/data/Containers/Shared/SystemGroup/systemgroup.com.apple.installcoordinationd/Library/InstallCoordination/PromiseStaging/F16A481F-4A4E-455F-8E41-392804265EDD/NeonDrift.app
2026-06-25 17:40:20.385 Df installcoordinationd[37614:40630f] [com.apple.installcoordination:daemon] -[IXSPlaceholder _materialize]: <IXSPlaceholder(0x105910140) Name:App Placeholder: NeonDrift (com.DefaultCompany.NeonDrift) Creator:InstallCoordination Simple SPI UUID:F16A481F-4A4E-455F-8E41-392804265EDD Location:[system-defined]>: Using Info.plist icon content: {
    CFBundleIcons =     {
        CFBundlePrimaryIcon =         {
            CFBundleIconName = AppIcon;
        };
    };
    "CFBundleIcons~ipad" =     {
        CFBundlePrimaryIcon =         {
            CFBundleIconName = AppIcon;
        };
    };
    ISIconPlatform = iPhoneOS;
}
2026-06-25 17:40:20.385 Df installcoordinationd[37614:40630f] [com.apple.installcoordination:daemon] -[IXSPlaceholder _materialize]_block_invoke: <IXSPlaceholder(0x105910140) Name:App Placeholder: NeonDrift (com.DefaultCompany.NeonDrift) Creator:InstallCoordination Simple SPI UUID:F16A481F-4A4E-455F-8E41-392804265EDD Location:[system-defined]>: Using icon resource Assets.car
2026-06-25 17:40:20.385 Df installcoordinationd[37614:40630f] [com.apple.installcoordination:daemon] -[IXSPlaceholder _materialize]: <IXSPlaceholder(0x105910140) Name:App Placeholder: NeonDrift (com.DefaultCompany.NeonDrift) Creator:InstallCoordination Simple SPI UUID:F16A481F-4A4E-455F-8E41-392804265EDD Location:[system-defined]>: Including lproj localizations for (
)
2026-06-25 17:40:20.385 Df installcoordinationd[37614:40630f] [com.apple.installcoordination:daemon] -[IXSDataPromiseManager promiseDidComplete:]: Unowned promise completed: <IXSPlaceholder(0x105910140) Name:App Placeholder: NeonDrift (com.DefaultCompany.NeonDrift) Creator:InstallCoordination Simple SPI UUID:F16A481F-4A4E-455F-8E41-392804265EDD Location:[system-defined]>
2026-06-25 17:40:20.386 Df installcoordinationd[37614:40692a] [com.apple.installcoordination:daemon] -[IXSDataPromiseManager registerPromise:]: Registered promise <IXSPromisedTransferToPath(0x1058dda00) Name:App Asset: com.DefaultCompany.NeonDrift Creator:InstallCoordination Simple SPI UUID:A4917A27-E1FD-4DD5-AC04-9C5D68AF2875 Location:[system-defined]> for UUID A4917A27-E1FD-4DD5-AC04-9C5D68AF2875
2026-06-25 17:40:20.387 Df installcoordinationd[37614:40692a] [com.apple.installcoordination:daemon] -[IXSCoordinatorManager coordinatorForIdentity:connection:error:creatingIfNotExisting:]_block_invoke: Registered coordinator: <IXSCoordinatedAppInstall<0x1059e4000> [P=CoreSimulatorBridge (pid 37585)] identifier:[com.DefaultCompany.NeonDrift/Invalid/[system-defined]] uuid:C782B807-E370-4B17-87B6-E99378F03D7D intent:IXCoordinatorIntentUpdating creator/appDRI:InstallCoordination Simple SPI importance:Background state:IXAppCoordinationStatePlaceholderPromiseNotSet promise-state:01234>
2026-06-25 17:40:20.387 Df installcoordinationd[37614:40692a] [com.apple.appinstallation:TransactionLog] com.DefaultCompany.NeonDrift/Unknown Persona:4:2:1:1:Created coordinator with intent IXCoordinatorIntentUpdating for client InstallCoordination Simple SPI
2026-06-25 17:40:20.388 Df installcoordinationd[37614:40692a] [com.apple.installcoordination:daemon] -[IXSCoordinatedAppInstall setPriorityBoostCompletion:withSourceInfo:]: <IXSCoordinatedAppInstall<0x1059e4000> [P=CoreSimulatorBridge (pid 37585)] identifier:[com.DefaultCompany.NeonDrift/Invalid/[system-defined]] uuid:C782B807-E370-4B17-87B6-E99378F03D7D intent:IXCoordinatorIntentUpdating creator/appDRI:InstallCoordination Simple SPI importance:Background state:IXAppCoordinationStatePlaceholderPromiseNotSet promise-state:01234>: Retaining completion from CoreSimulatorBridge (37585), QOS_CLASS_DEFAULT (0x15)
2026-06-25 17:40:20.388 Df installcoordinationd[37614:40692a] [com.apple.installcoordination:daemon] -[IXSCoordinatedAppInstall setImportance:]: <IXSCoordinatedAppInstall<0x1059e4000> [P=CoreSimulatorBridge (pid 37585)] identifier:[com.DefaultCompany.NeonDrift/Invalid/[system-defined]] uuid:C782B807-E370-4B17-87B6-E99378F03D7D intent:IXCoordinatorIntentUpdating creator/appDRI:InstallCoordination Simple SPI importance:UserWaiting state:IXAppCoordinationStatePlaceholderPromiseNotSet promise-state:01234>: set importance to UserWaiting
2026-06-25 17:40:20.388 Df installcoordinationd[37614:40692a] [com.apple.installcoordination:daemon] -[IXSCoordinatedAppInstall _onQueue_fireObserversForClient:]: <IXSCoordinatedAppInstall<0x1059e4000> [P=CoreSimulatorBridge (pid 37585)] identifier:[com.DefaultCompany.NeonDrift/Invalid/[system-defined]] uuid:C782B807-E370-4B17-87B6-E99378F03D7D intent:IXCoordinatorIntentUpdating creator/appDRI:InstallCoordination Simple SPI importance:UserWaiting state:IXAppCoordinationStatePlaceholderPromiseNotSet promise-state:01234>: Firing applicable observers for client <IXSClientConnection<0x105840960> client:CoreSimulatorBridge (pid 37585) uuid:5746C8BA-ED2E-4ED7-9D4B-905D839B4B9C>
2026-06-25 17:40:20.388 Df installcoordinationd[37614:40692a] [com.apple.installcoordination:daemon] -[IXSCoordinatedAppInstall setPriorityBoostCompletion:withSourceInfo:]: <IXSCoordinatedAppInstall<0x1059e4000> [P=CoreSimulatorBridge (pid 37585)] identifier:[com.DefaultCompany.NeonDrift/Invalid/[system-defined]] uuid:C782B807-E370-4B17-87B6-E99378F03D7D intent:IXCoordinatorIntentUpdating creator/appDRI:InstallCoordination Simple SPI importance:UserWaiting state:IXAppCoordinationStatePlaceholderPromiseNotSet promise-state:01234>: Disposing of completion from CoreSimulatorBridge (37585), QOS_CLASS_DEFAULT (0x15)
2026-06-25 17:40:20.388 Df installcoordinationd[37614:40692a] [com.apple.installcoordination:daemon] -[IXSCoordinatedAppInstall setPriorityBoostCompletion:withSourceInfo:]: <IXSCoordinatedAppInstall<0x1059e4000> [P=CoreSimulatorBridge (pid 37585)] identifier:[com.DefaultCompany.NeonDrift/Invalid/[system-defined]] uuid:C782B807-E370-4B17-87B6-E99378F03D7D intent:IXCoordinatorIntentUpdating creator/appDRI:InstallCoordination Simple SPI importance:UserWaiting state:IXAppCoordinationStatePlaceholderPromiseNotSet promise-state:01234>: Retaining completion from CoreSimulatorBridge (37585), QOS_CLASS_DEFAULT (0x15)
2026-06-25 17:40:20.388 Df CoreSimulatorBridge[37585:36ead9] [com.apple.installcoordination:framework] -[IXAppInstallCoordinator _clientDelegate_didRegisterForObservation]: <IXUpdatingAppInstallCoordinator<0x101872c00> identity:[com.DefaultCompany.NeonDrift/Invalid/[system-defined]] uuid:C782B807-E370-4B17-87B6-E99378F03D7D creator:InstallCoordination Simple SPI>: Got observer registration delegate
2026-06-25 17:40:20.388 Df CoreSimulatorBridge[37585:36ead9] [com.apple.installcoordination:framework] -[IXAppInstallCoordinator _clientDelegate_didRegisterForObservation]_block_invoke: <IXUpdatingAppInstallCoordinator<0x101872c00> identity:[com.DefaultCompany.NeonDrift/Invalid/[system-defined]] uuid:C782B807-E370-4B17-87B6-E99378F03D7D creator:InstallCoordination Simple SPI>: Observer <_IXSimpleInstallerDelegate 0x0x101af4150> does not respond to coordinatorDidRegisterForObservation:
2026-06-25 17:40:20.388 Df CoreSimulatorBridge[37585:407723] [com.apple.installcoordination:framework] -[IXAppInstallCoordinator _clientDelegate_shouldResume]: <IXUpdatingAppInstallCoordinator<0x101872c00> identity:[com.DefaultCompany.NeonDrift/Invalid/[system-defined]] uuid:C782B807-E370-4B17-87B6-E99378F03D7D creator:InstallCoordination Simple SPI>: Got should resume delegate
2026-06-25 17:40:20.388 Df CoreSimulatorBridge[37585:407723] [com.apple.installcoordination:framework] -[IXAppInstallCoordinator _clientDelegate_shouldResume]_block_invoke: <IXUpdatingAppInstallCoordinator<0x101872c00> identity:[com.DefaultCompany.NeonDrift/Invalid/[system-defined]] uuid:C782B807-E370-4B17-87B6-E99378F03D7D creator:InstallCoordination Simple SPI>: Observer <_IXSimpleInstallerDelegate 0x0x101af4150> does not respond to coordinatorShouldResume:
2026-06-25 17:40:20.389 Df installcoordinationd[37614:40692a] [com.apple.installcoordination:daemon] -[IXSCoordinatedAppInstall _internal_setInstallOptionsPromise:performExternalActions:]: <IXSCoordinatedAppInstall<0x1059e4000> [P=CoreSimulatorBridge (pid 37585)] identifier:[com.DefaultCompany.NeonDrift/Invalid/[system-defined]] uuid:C782B807-E370-4B17-87B6-E99378F03D7D intent:IXCoordinatorIntentUpdating creator/appDRI:InstallCoordination Simple SPI importance:UserWaiting state:IXAppCoordinationStatePlaceholderPromiseNotSet promise-state:012I4> : install options set: <IXSPromisedInMemoryData(0x1058de800) Name:MIInstallOptions data Creator:Install Coordination Internal UUID:8BB9BA85-46F1-42A6-BBAC-5488106CD2CA Location:[system-defined]>
2026-06-25 17:40:20.389 Df installcoordinationd[37614:407722] [com.apple.installcoordination:daemon] -[IXSCoordinatedAppInstall promiseDidComplete:]: <IXSCoordinatedAppInstall<0x1059e4000> [P=CoreSimulatorBridge (pid 37585)] identifier:[com.DefaultCompany.NeonDrift/Invalid/[system-defined]] uuid:C782B807-E370-4B17-87B6-E99378F03D7D intent:IXCoordinatorIntentUpdating creator/appDRI:InstallCoordination Simple SPI importance:UserWaiting state:IXAppCoordinationStatePlaceholderPromiseNotSet promise-state:012I4> : Promise completed: <IXSPromisedInMemoryData(0x1058de800) Name:MIInstallOptions data Creator:Install Coordination Internal UUID:8BB9BA85-46F1-42A6-BBAC-5488106CD2CA Location:[system-defined]>
2026-06-25 17:40:20.390 Df installcoordinationd[37614:407722] [com.apple.appinstallation:TransactionLog] com.DefaultCompany.NeonDrift/Unknown Persona:4:13:1:1:Install Options Promise began. Coordinator State: IXAppCoordinationStatePlaceholderPromiseNotSet
2026-06-25 17:40:20.390 Df installcoordinationd[37614:407722] [com.apple.appinstallation:TransactionLog] com.DefaultCompany.NeonDrift/Unknown Persona:4:13:2:1:Install Options Promise completed. Coordinator State: IXAppCoordinationStatePlaceholderPromiseNotSet
2026-06-25 17:40:20.390 Df installcoordinationd[37614:40630f] [com.apple.installcoordination:daemon] -[IXSCoordinatedAppInstall _internal_setAppAssetPromise:performExternalActions:]: <IXSCoordinatedAppInstall<0x1059e4000> [P=CoreSimulatorBridge (pid 37585)] identifier:[com.DefaultCompany.NeonDrift/Invalid/[system-defined]] uuid:C782B807-E370-4B17-87B6-E99378F03D7D intent:IXCoordinatorIntentUpdating creator/appDRI:InstallCoordination Simple SPI importance:UserWaiting state:IXAppCoordinationStatePlaceholderPromiseNotSet promise-state:0a2I4> : App Asset Promise set: <IXSPromisedTransferToPath(0x1058dda00) Name:App Asset: com.DefaultCompany.NeonDrift Creator:InstallCoordination Simple SPI UUID:A4917A27-E1FD-4DD5-AC04-9C5D68AF2875 Location:[system-defined]>
2026-06-25 17:40:20.390 Df installcoordinationd[37614:40630f] [com.apple.installcoordination:daemon] -[IXSCoordinatedAppInstall setInitialODRAssetPromises:]: <IXSCoordinatedAppInstall<0x1059e4000> [P=CoreSimulatorBridge (pid 37585)] identifier:[com.DefaultCompany.NeonDrift/Invalid/[system-defined]] uuid:C782B807-E370-4B17-87B6-E99378F03D7D intent:IXCoordinatorIntentUpdating creator/appDRI:InstallCoordination Simple SPI importance:UserWaiting state:IXAppCoordinationStatePlaceholderPromiseNotSet promise-state:0a2I4> : Initial ODR Asset Promises set: (
)
2026-06-25 17:40:20.391 Df CoreSimulatorBridge[37585:40624a] [com.apple.installcoordination:framework] -[IXPromisedTransferToPath _performDeltaCopyFrom:toDestination:]: Performing delta copy from /Users/dragonkao/.openclaw/workspace/382b9e3384298039b171c9b2a60ae644/NeonDrift_MVP/project/xcode_derived_data/Build/Products/Release-iphonesimulator/NeonDrift.app to /Users/dragonkao/Library/Developer/CoreSimulator/Devices/115FDF0C-5A2F-4686-909B-7F43F1450A28/data/Containers/Shared/SystemGroup/systemgroup.com.apple.installcoordinationd/Library/InstallCoordination/PromiseStaging/A4917A27-E1FD-4DD5-AC04-9C5D68AF2875/NeonDrift.app with installed bundle at /Users/dragonkao/Library/Developer/CoreSimulator/Devices/115FDF0C-5A2F-4686-909B-7F43F1450A28/data/Containers/Bundle/Application/BF3B5696-4CC3-452B-8497-1BD9FC5AB5E0/NeonDrift.app
2026-06-25 17:40:20.391 Df CoreSimulatorBridge[37585:40624a] (MobileSystemServices) 0x16fb03000 MDMCreateDeltaDirectory: calling MDMDirectoryDiff with:
state->old_bundle: /Users/dragonkao/Library/Developer/CoreSimulator/Devices/115FDF0C-5A2F-4686-909B-7F43F1450A28/data/Containers/Bundle/Application/BF3B5696-4CC3-452B-8497-1BD9FC5AB5E0/NeonDrift.app
state->new_bundle: /Users/dragonkao/.openclaw/workspace/382b9e3384298039b171c9b2a60ae644/NeonDrift_MVP/project/xcode_derived_data/Build/Products/Release-iphonesimulator/NeonDrift.app
state->dst_bundle: /Users/dragonkao/Library/Developer/CoreSimulator/Devices/115FDF0C-5A2F-4686-909B-7F43F1450A28/data/Containers/Shared/SystemGroup/systemgroup.com.apple.installcoordinationd/Library/InstallCoordination/PromiseStaging/A4917A27-E1FD-4DD5-AC04-9C5D68AF2875/NeonDrift.app/Payload//NeonDrift.app, binaryDiff flag: FALSE
	dst_ipa: /Users/dragonkao/Library/Developer/CoreSimulator/Devices/115FDF0C-5A2F-4686-909B-7F43F1450A28/data/Containers/Shared/SystemGroup/systemgroup.com.apple.installcoordinationd/Library/InstallCoordination/PromiseStaging/A4917<…>
2026-06-25 17:40:20.393 Df CoreSimulatorBridge[37585:40624a] [com.apple.installcoordination:framework] -[IXPromisedTransferToPath setComplete:]: <IXPromisedTransferToPath<0x101872800> name:"App Asset: com.DefaultCompany.NeonDrift" uuid:A4917A27-E1FD-4DD5-AC04-9C5D68AF2875 creator:"InstallCoordination Simple SPI" location:[system-defined]> Delta Copy operation from /Users/dragonkao/.openclaw/workspace/382b9e3384298039b171c9b2a60ae644/NeonDrift_MVP/project/xcode_derived_data/Build/Products/Release-iphonesimulator/NeonDrift.app to /Users/dragonkao/Library/Developer/CoreSimulator/Devices/115FDF0C-5A2F-4686-909B-7F43F1450A28/data/Containers/Shared/SystemGroup/systemgroup.com.apple.installcoordinationd/Library/InstallCoordination/PromiseStaging/A4917A27-E1FD-4DD5-AC04-9C5D68AF2875/NeonDrift.app took 0.001965 seconds
2026-06-25 17:40:20.393 Df installcoordinationd[37614:40630f] [com.apple.installcoordination:daemon] -[IXSDataPromise _setPercentComplete:saveStateIfNeeded:]: Progress: <IXSPromisedTransferToPath(0x1058dda00) Name:App Asset: com.DefaultCompany.NeonDrift Creator:InstallCoordination Simple SPI UUID:A4917A27-E1FD-4DD5-AC04-9C5D68AF2875 Location:[system-defined]>
2026-06-25 17:40:20.393 Df installcoordinationd[37614:407722] [com.apple.appinstallation:TransactionLog] com.DefaultCompany.NeonDrift/Unknown Persona:4:10:1:1:App Asset Promise began. Coordinator State: IXAppCoordinationStatePlaceholderPromiseNotSet
2026-06-25 17:40:20.393 Df CoreSimulatorBridge[37585:36ead9] [com.apple.installcoordination:framework] -[IXAppInstallCoordinator _clientDelegate_promiseDidBeginFulfillmentWithIdentifier:]: <IXUpdatingAppInstallCoordinator<0x101872c00> identity:[com.DefaultCompany.NeonDrift/Invalid/[system-defined]] uuid:C782B807-E370-4B17-87B6-E99378F03D7D creator:InstallCoordination Simple SPI>: Got promise did begin fulfillment for identifier 2
2026-06-25 17:40:20.393 Df CoreSimulatorBridge[37585:36ead9] [com.apple.installcoordination:framework] -[IXAppInstallCoordinator _clientDelegate_promiseDidBeginFulfillmentWithIdentifier:]_block_invoke: <IXUpdatingAppInstallCoordinator<0x101872c00> identity:[com.DefaultCompany.NeonDrift/Invalid/[system-defined]] uuid:C782B807-E370-4B17-87B6-E99378F03D7D creator:InstallCoordination Simple SPI>: Observer <_IXSimpleInstallerDelegate 0x0x101af4150> does not respond to coordinator:configuredPromiseDidBeginFulfillment: (or any deprecated equivalent)
2026-06-25 17:40:20.393 Df installcoordinationd[37614:40692a] [com.apple.installcoordination:daemon] -[IXSCoordinatedAppInstall promiseDidComplete:]: <IXSCoordinatedAppInstall<0x1059e4000> [P=CoreSimulatorBridge (pid 37585)] identifier:[com.DefaultCompany.NeonDrift/Invalid/[system-defined]] uuid:C782B807-E370-4B17-87B6-E99378F03D7D intent:IXCoordinatorIntentUpdating creator/appDRI:InstallCoordination Simple SPI importance:UserWaiting state:IXAppCoordinationStatePlaceholderPromiseNotSet promise-state:0A2I4> : Promise completed: <IXSPromisedTransferToPath(0x1058dda00) Name:App Asset: com.DefaultCompany.NeonDrift Creator:InstallCoordination Simple SPI UUID:A4917A27-E1FD-4DD5-AC04-9C5D68AF2875 Location:[system-defined]>
2026-06-25 17:40:20.393 Df installcoordinationd[37614:407725] [com.apple.appinstallation:TransactionLog] com.DefaultCompany.NeonDrift/Unknown Persona:4:10:2:1:App Asset Promise completed. Coordinator State: IXAppCoordinationStatePlaceholderPromiseNotSet
2026-06-25 17:40:20.393 Df CoreSimulatorBridge[37585:407723] [com.apple.installcoordination:framework] -[IXAppInstallCoordinator _clientDelegate_didUpdateProgress:forPhase:overallProgress:]: <IXUpdatingAppInstallCoordinator<0x101872c00> identity:[com.DefaultCompany.NeonDrift/Invalid/[system-defined]] uuid:C782B807-E370-4B17-87B6-E99378F03D7D creator:InstallCoordination Simple SPI>: Got did update progress delegate with percentComplete 100.000000 phase IXCoordinatorProgressPhaseLoading overallProgress 60.000000
2026-06-25 17:40:20.393 Df installcoordinationd[37614:407722] [com.apple.installcoordination:daemon] -[IXSCoordinatedAppInstall setPlaceholderPromise:]: <IXSCoordinatedAppInstall<0x1059e4000> [P=CoreSimulatorBridge (pid 37585)] identifier:[com.DefaultCompany.NeonDrift/Invalid/[system-defined]] uuid:C782B807-E370-4B17-87B6-E99378F03D7D intent:IXCoordinatorIntentUpdating creator/appDRI:InstallCoordination Simple SPI importance:UserWaiting state:IXAppCoordinationStateReadyForPlaceholderInstall promise-state:PA2I4> : Placeholder Promise set: <IXSPlaceholder(0x105910140) Name:App Placeholder: NeonDrift (com.DefaultCompany.NeonDrift) Creator:InstallCoordination Simple SPI UUID:F16A481F-4A4E-455F-8E41-392804265EDD Location:[system-defined]>
2026-06-25 17:40:20.393 Df CoreSimulatorBridge[37585:407723] [com.apple.installcoordination:framework] -[IXAppInstallCoordinator _clientDelegate_didUpdateProgress:forPhase:overallProgress:]_block_invoke: <IXUpdatingAppInstallCoordinator<0x101872c00> identity:[com.DefaultCompany.NeonDrift/Invalid/[system-defined]] uuid:C782B807-E370-4B17-87B6-E99378F03D7D creator:InstallCoordination Simple SPI>: Calling selector coordinator:didUpdateProgress:forPhase:overallProgress: on observer <_IXSimpleInstallerDelegate 0x0x101af4150>
2026-06-25 17:40:20.393 Df installcoordinationd[37614:407725] [com.apple.installcoordination:daemon] -[IXSCoordinatedAppInstall promiseDidComplete:]: <IXSCoordinatedAppInstall<0x1059e4000> [P=CoreSimulatorBridge (pid 37585)] identifier:[com.DefaultCompany.NeonDrift/Invalid/[system-defined]] uuid:C782B807-E370-4B17-87B6-E99378F03D7D intent:IXCoordinatorIntentUpdating creator/appDRI:InstallCoordination Simple SPI importance:UserWaiting state:IXAppCoordinationStateReadyForPlaceholderInstall promise-state:PA2I4> : Promise completed: <IXSPlaceholder(0x105910140) Name:App Placeholder: NeonDrift (com.DefaultCompany.NeonDrift) Creator:InstallCoordination Simple SPI UUID:F16A481F-4A4E-455F-8E41-392804265EDD Location:[system-defined]>
2026-06-25 17:40:20.394 Df installcoordinationd[37614:407722] [com.apple.installcoordination:daemon] -[IXSCoordinatedAppInstall _onQueue_acquireAssertionAndInstallPlaceholder]: Acquiring termination assertion to install placeholder for [com.DefaultCompany.NeonDrift/Invalid/[system-defined]]
2026-06-25 17:40:20.394 Df installcoordinationd[37614:407722] [com.apple.installcoordination:daemon] -[IXSPendingOperationsTracker beginPendingOperationForIdentity:]_block_invoke: Beginning pending operation for [com.DefaultCompany.NeonDrift/Invalid/[system-defined]]
2026-06-25 17:40:20.395 Df installcoordinationd[37614:40692a] [com.apple.runningboard:process] Hit the server for a process handle be399c1000111fd that resolved to: [app<com.DefaultCompany.NeonDrift((null))>:70141]
2026-06-25 17:40:20.395 Df runningboardd[37558:40741b] [com.apple.runningboard:connection] Received termination request from [osservice<com.apple.installcoordinationd>:37614] on <RBSProcessPredicate <RBSProcessBundleIdentifierPredicate "com.DefaultCompany.NeonDrift">> with context <RBSTerminateContext| explanation:installcoordinationd app:[com.DefaultCompany.NeonDrift/Invalid/[system-defined]] uuid:C782B807-E370-4B17-87B6-E99378F03D7D isPlaceholder:Y reportType:None maxTerminationResistance:Absolute attrs:[
	<RBSPreventLaunchLimitation| <RBSProcessPredicate <RBSProcessBundleIdentifierPredicate "com.DefaultCompany.NeonDrift">> allow:(null)>
	]>
2026-06-25 17:40:20.395 Df installcoordinationd[37614:40692a] [com.apple.runningboard:monitor] Received state update for 70141 (app<com.DefaultCompany.NeonDrift((null))>, running-active-NotVisible
2026-06-25 17:40:20.395 Df runningboardd[37558:40741b] [com.apple.runningboard:general] Found 0 extensions contained in com.DefaultCompany.NeonDrift
2026-06-25 17:40:20.395 Df runningboardd[37558:40741b] [com.apple.PlugInKit:holds] <PKManager:0x105d23800> hold request for [/Users/dragonkao/Library/Developer/CoreSimulator/Devices/115FDF0C-5A2F-4686-909B-7F43F1450A28/data/Containers/Bundle/Application/BF3B5696-4CC3-452B-8497-1BD9FC5AB5E0/NeonDrift.app] with flags: 0x4
2026-06-25 17:40:20.396 Df NeonDrift[70141:406c64] [com.apple.PlugInKit:discovery] Annotations changed, re-performing query for continuous discovery, report block = <0x10ee0f3f0>.
2026-06-25 17:40:20.396 Df NeonDrift[70141:406c65] [com.apple.PlugInKit:discovery] Annotations changed, re-performing query for continuous discovery, report block = <0x10ee0c1b0>.
2026-06-25 17:40:20.396 Df NeonDrift[70141:406c76] [com.apple.PlugInKit:discovery] Annotations changed, re-performing query for continuous discovery, report block = <0x10ee0f1e0>.
2026-06-25 17:40:20.396 Df runningboardd[37558:40741b] [com.apple.PlugInKit:holds] <PKManager:0x105d23800> hold request for [/Users/dragonkao/Library/Developer/CoreSimulator/Devices/115FDF0C-5A2F-4686-909B-7F43F1450A28/data/Containers/Bundle/Application/BF3B5696-4CC3-452B-8497-1BD9FC5AB5E0/NeonDrift.app] with flags: 0x4 completed with hold token: [6141A131-F20A-4A1D-BBC2-2D1283C9AFF6]
2026-06-25 17:40:20.396 Df runningboardd[37558:40741b] [com.apple.runningboard:ttl] Acquiring assertion targeting system from originator [osservice<com.apple.installcoordinationd>:37614] with description <RBSAssertionDescriptor| "installcoordinationd app:[com.DefaultCompany.NeonDrift/Invalid/[system-defined]] uuid:C782B807-E370-4B17-87B6-E99378F03D7D isPlaceholder:Y" ID:37558-37614-5630 target:system attributes:[
	<RBSPreventLaunchLimitation| <RBSProcessPredicate <RBSProcessBundleIdentifierPredicate "com.DefaultCompany.NeonDrift">> allow:(null)>
	]>
2026-06-25 17:40:20.396 Df NeonDrift[70141:406c64] [com.apple.PlugInKit:discovery] [d 5D89CD9F-AEEF-486F-9551-F65078B61913] <PKHost:0x11a908500> Beginning discovery for flags: 0, point: com.apple.AudioUnit-Speech
2026-06-25 17:40:20.396 Df NeonDrift[70141:406c76] [com.apple.PlugInKit:discovery] [d 7B76A02F-E137-48E7-AECC-C466E23199B6] <PKHost:0x11a908500> Beginning discovery for flags: 0, point: com.apple.AudioUnit-UI
2026-06-25 17:40:20.396 Df NeonDrift[70141:406c65] [com.apple.PlugInKit:discovery] [d F1700D6B-76F8-49CE-A7D0-C6E96F811E31] <PKHost:0x11a908500> Beginning discovery for flags: 0, point: com.apple.AudioUnit
2026-06-25 17:40:20.396 Df runningboardd[37558:40741b] [com.apple.runningboard:process] Executing termination request for: <RBSProcessPredicate <RBSProcessBundleIdentifierPredicate "com.DefaultCompany.NeonDrift">>
2026-06-25 17:40:20.396 Df SpringBoard[37555:1ef98e] [com.apple.SpringBoard:Common] termination assertion acquired for com.DefaultCompany.NeonDrift
2026-06-25 17:40:20.396 Df runningboardd[37558:40741b] [com.apple.runningboard:process] [app<com.DefaultCompany.NeonDrift((null))>:70141] Terminating with context: <RBSTerminateContext| explanation:installcoordinationd app:[com.DefaultCompany.NeonDrift/Invalid/[system-defined]] uuid:C782B807-E370-4B17-87B6-E99378F03D7D isPlaceholder:Y reportType:None maxTerminationResistance:Absolute attrs:[
	<RBSPreventLaunchLimitation| <RBSProcessPredicate <RBSProcessBundleIdentifierPredicate "com.DefaultCompany.NeonDrift">> allow:(null)>
	]>
2026-06-25 17:40:20.396 Df SpringBoard[37555:1ef98e] [com.apple.SpringBoard:Icon] 0x10a534000-SBApplicationIcon Data source did change: <SBApplication: 0x12c40a600; com.DefaultCompany.NeonDrift> {
    processState = <SBApplicationProcessState: 0x124a430c0; pid: 70141; taskState: Running; visibility: Foreground>;
} (SBApplication)
2026-06-25 17:40:20.396 Df runningboardd[37558:40741b] [com.apple.runningboard:process] [app<com.DefaultCompany.NeonDrift((null))>:70141] terminate_with_reason() success
2026-06-25 17:40:20.396 Df SpringBoard[37555:4074bb] [com.apple.FrontBoard:ProcessWorkspace] [app<com.DefaultCompany.NeonDrift>:70141] Workspace connection invalidated.
2026-06-25 17:40:20.396 Df backboardd[37576:407731] [com.apple.iohid:default] Connection removed: IOHIDEventSystemConnection uuid:E8B0E001-ABB8-4B09-95E3-A80A9A6BE2AB pid:70141 process:NeonDrift type:Passive entitlements:0x0 caller:BackBoardServices: ___getHIDEventSystemClient_block_invoke + 296 attributes:{
    HighFrequency = 0;
    bundleID = "com.DefaultCompany.NeonDrift";
    pid = 70141;
} state:0x1 events:0 mask:0x0 dropped:0 dropStatus:0 droppedMask:0x0 lastDroppedTime:NONE
2026-06-25 17:40:20.396 Df backboardd[37576:407734] [com.apple.iohid:default] Connection removed: IOHIDEventSystemConnection uuid:56C3A2DA-6EE8-4D5F-8A23-8DF17066B781 pid:70141 process:NeonDrift type:Monitor entitlements:0x0 caller:GameControllerFoundation: -[GCHIDEventSystemClient initWithQueue:type:attributes:functions:] + 116 attributes:(null) state:0x1 events:0 mask:0x0 dropped:0 dropStatus:0 droppedMask:0x0 lastDroppedTime:NONE
2026-06-25 17:40:20.396 Df backboardd[37576:407731] [com.apple.BackBoard:HID] Removing client connection <BKHIDClientConnection: 0x1094c9840; IOHIDEventSystemConnectionRef: 0x1080d7600; vpid: 70141(v132357); taskPort: 0x208D7; bundleID: com.DefaultCompany.NeonDrift> for client: IOHIDEventSystemConnection uuid:E8B0E001-ABB8-4B09-95E3-A80A9A6BE2AB pid:70141 process:NeonDrift type:Passive entitlements:0x0 caller:BackBoardServices: ___getHIDEventSystemClient_block_invoke + 296 attributes:{
    HighFrequency = 0;
    bundleID = "com.DefaultCompany.NeonDrift";
    pid = 70141;
} state:0x1 events:0 mask:0x0 dropped:0 dropStatus:0 droppedMask:0x0 lastDroppedTime:NONE source:HID
2026-06-25 17:40:20.396 Df SpringBoard[37555:4074bb] [com.apple.FrontBoard:Process] [app<com.DefaultCompany.NeonDrift>:70141] Now flagged as pending exit for reason: workspace client connection invalidated
2026-06-25 17:40:20.397 Df SpringBoard[37555:407736] [com.apple.KeyboardArbiter:Handle] com.DefaultCompany.NeonDrift(70141) lostConnection (invalidation)
2026-06-25 17:40:20.397 Df installcoordinationd[37614:407722] [com.apple.runningboard:assertion] Setting up death monitor for [app<com.DefaultCompany.NeonDrift((null))>:70141]
2026-06-25 17:40:20.397 Df installcoordinationd[37614:407722] [com.apple.runningboard:process] Starting death monitoring for handle [app<com.DefaultCompany.NeonDrift((null))>:70141]
2026-06-25 17:40:20.397 Df runningboardd[37558:406367] [com.apple.runningboard:process] XPC connection invalidated: [app<com.DefaultCompany.NeonDrift((null))>:70141]
2026-06-25 17:40:20.397 Df installcoordinationd[37614:40692a] [com.apple.appinstallation:TransactionLog] com.DefaultCompany.NeonDrift/Unknown Persona:4:9:1:1:Placeholder Promise began. Coordinator State: IXAppCoordinationStateWaitingForPlaceholderAssertion
2026-06-25 17:40:20.397 Df installcoordinationd[37614:40692a] [com.apple.installcoordination:daemon] -[IXSCoordinatorProgress setTotalUnitsCompleted:]: Progress for coordinator: [com.DefaultCompany.NeonDrift/Invalid/[system-defined]], Phase: IXCoordinatorProgressPhaseLoading, Percentage: 100.000000: Attempt to set units completed on finished progress: 100
2026-06-25 17:40:20.397 Df installcoordinationd[37614:40692a] [com.apple.appinstallation:TransactionLog] com.DefaultCompany.NeonDrift/Unknown Persona:4:9:2:1:Placeholder Promise completed. Coordinator State: IXAppCoordinationStateWaitingForPlaceholderAssertion
2026-06-25 17:40:20.397 Df CoreSimulatorBridge[37585:36ead9] [com.apple.installcoordination:framework] -[IXAppInstallCoordinator _clientDelegate_promiseDidBeginFulfillmentWithIdentifier:]: <IXUpdatingAppInstallCoordinator<0x101872c00> identity:[com.DefaultCompany.NeonDrift/Invalid/[system-defined]] uuid:C782B807-E370-4B17-87B6-E99378F03D7D creator:InstallCoordination Simple SPI>: Got promise did begin fulfillment for identifier 1
2026-06-25 17:40:20.397 Df CoreSimulatorBridge[37585:36ead9] [com.apple.installcoordination:framework] -[IXAppInstallCoordinator _clientDelegate_promiseDidBeginFulfillmentWithIdentifier:]_block_invoke: <IXUpdatingAppInstallCoordinator<0x101872c00> identity:[com.DefaultCompany.NeonDrift/Invalid/[system-defined]] uuid:C782B807-E370-4B17-87B6-E99378F03D7D creator:InstallCoordination Simple SPI>: Observer <_IXSimpleInstallerDelegate 0x0x101af4150> does not respond to coordinator:configuredPromiseDidBeginFulfillment: (or any deprecated equivalent)
2026-06-25 17:40:20.398 Df backboardd[37576:3ff650] [com.apple.BackBoard:EventDelivery] chain did update (setDeferringRules) <keyboardFocus; display: null> containsEndOfChain: YES; [
    <token: com.apple.frontboard.systemappservices/FBSceneManager:com.apple.springboard; pid: 37555>,
    <token: com.apple.frontboard.systemappservices/FBSceneManager:sceneID%3Acom.DefaultCompany.NeonDrift-default; pid: 70141>
]
2026-06-25 17:40:20.398 Df SpringBoard[37555:407736] [com.apple.KeyboardArbiter:Handle] RX com.DefaultCompany.NeonDrift(70141) setWindowContextID:0 windowState:Disabled level:0.0
    focusContext:(null)
2026-06-25 17:40:20.398 Df backboardd[37576:3ff650] [com.apple.BackBoard:EventDelivery] chain did update (setDeferringRules) <keyboardFocus; display: builtin> containsEndOfChain: YES; [
    <token: com.apple.frontboard.systemappservices/FBSceneManager:com.apple.springboard; pid: 37555>,
    <token: com.apple.frontboard.systemappservices/FBSceneManager:sceneID%3Acom.DefaultCompany.NeonDrift-default; pid: 70141>
]
2026-06-25 17:40:20.398 Df SpringBoard[37555:1ef98e] [com.apple.SpringBoard:KeyboardFocus] [coordinator] using MRU target <com.apple.frontboard.systemappservices/FBSceneManager:sceneID%3Acom.DefaultCompany.NeonDrift-default pid:70141>
2026-06-25 17:40:20.398 Df SpringBoard[37555:1ef98e] [com.apple.SpringBoard:KeyboardFocus] [coordinator] informing scene controller 'com.apple.springboard' of focusTarget: <com.apple.frontboard.systemappservices/FBSceneManager:sceneID%3Acom.DefaultCompany.NeonDrift-default pid:70141>
2026-06-25 17:40:20.398 Df SpringBoard[37555:1ef98e] [com.apple.SpringBoard:KeyboardFocus] [coordinator] keyboard arbiter suggested <nothing> and we replied <com.apple.frontboard.systemappservices/FBSceneManager:sceneID%3Acom.DefaultCompany.NeonDrift-default pid:70141>
2026-06-25 17:40:20.398 E  SpringBoard[37555:407727] [com.apple.UIKit:KeyboardArbiter] Advisor: No handle found for currently focused PID: 70141; sceneIdentity: com.apple.frontboard.systemappservices/FBSceneManager:sceneID%3Acom.DefaultCompany.NeonDrift-default
2026-06-25 17:40:20.405 Df launchd_sim[37552:40766e] [user/501/UIKitApplication:com.DefaultCompany.NeonDrift[ea3c][rb-legacy] [70141]:] exited with exit reason (namespace: 15 code: 0x0) - OS_REASON_RUNNINGBOARD | <RBSTerminateContext| explanation:installcoordinationd app:[com.DefaultCompany.NeonDrift/Invalid/[system-defined]] uuid:C782B807-E370-4B17-87B6-E99378F03D7D isPlaceholder:Y reportType:None maxTerminationResistance:Absolute attrs:[
	<RBSPreventLaunchLimitation| <RBSProcessPredicate <RBSProcessBundleIdentifierPredicate "com.DefaultCompany.NeonDrift">> allow:(null)>
	]>, ran for 77857ms
2026-06-25 17:40:20.405 Df launchd_sim[37552:40766e] [user/501:] service inactive: UIKitApplication:com.DefaultCompany.NeonDrift[ea3c][rb-legacy]
2026-06-25 17:40:20.405 Df runningboardd[37558:406367] [com.apple.runningboard:ttl] [app<com.DefaultCompany.NeonDrift((null))>:70141] termination reported by launchd (15, 0, 9)
2026-06-25 17:40:20.405 Df runningboardd[37558:406367] [com.apple.runningboard:process] Removing process: [app<com.DefaultCompany.NeonDrift((null))>:70141]
2026-06-25 17:40:20.405 Df runningboardd[37558:406367] [com.apple.runningboard:job] Removing launch job for: [app<com.DefaultCompany.NeonDrift((null))>:70141]
2026-06-25 17:40:20.405 Df launchd_sim[37552:407214] [user/501:] removing service: UIKitApplication:com.DefaultCompany.NeonDrift[ea3c][rb-legacy]
2026-06-25 17:40:20.405 Df runningboardd[37558:406367] [com.apple.runningboard:job] Removed job for [app<com.DefaultCompany.NeonDrift((null))>:70141]
2026-06-25 17:40:20.405 Df runningboardd[37558:406367] [com.apple.runningboard:process] Removing assertions for terminated process: [app<com.DefaultCompany.NeonDrift((null))>:70141]
2026-06-25 17:40:20.405 Df runningboardd[37558:406367] [com.apple.runningboard:assertion] Removed last relative-start-date-defining assertion for process app<com.DefaultCompany.NeonDrift((null))>
2026-06-25 17:40:20.406 Df runningboardd[37558:406367] [com.apple.runningboard:monitor] Calculated state for app<com.DefaultCompany.NeonDrift((null))>: none (role: None) (endowments: (null))
2026-06-25 17:40:20.406 Df runningboardd[37558:40741c] [com.apple.runningboard:process] Notifying connection [osservice<com.apple.SpringBoard>:37555] that process [app<com.DefaultCompany.NeonDrift((null))>:70141] exited with context <RBSProcessExitContext| specific, status:<RBSProcessExitStatus| domain:runningboard(15) code:0>>
2026-06-25 17:40:20.406 Df SpringBoard[37555:407736] [com.apple.FrontBoard:ProcessWorkspace] [app<com.DefaultCompany.NeonDrift>:70141] Workspace assertion invalidated: <NSError: 0x122632580; domain: RBSAssertionErrorDomain; code: 1; "Assertions were invalidated, count = 3.
37558-37555-5611: invalidation reason: 1
37558-37555-5612: invalidation reason: 1
